Start time: 1730852944749
[2024-11-05T18:29:05.828734-0600] nuttcp-t: v8.1.4: socket
[2024-11-05T18:29:05.829468-0600] nuttcp-t: buflen=65536, nstream=1, port=5101 tcp -> 155.146.180.31
[2024-11-05T18:29:05.829536-0600] nuttcp-t: time limit = 120.00 seconds
[2024-11-05T18:29:05.829585-0600] nuttcp-t: connect to 155.146.180.31 with mss=1376, RTT=86.785 ms af=inet
[2024-11-05T18:29:05.829630-0600] nuttcp-t: send window size = 2097152, receive window size = 6291456
[2024-11-05T18:29:05.829674-0600] nuttcp-t: available send window = 1572864, available receive window = 4718592
[2024-11-05T18:29:05.829717-0600] nuttcp-t: initial congestion window = 13 KB (10 packets)
[2024-11-05T18:29:05.829759-0600] nuttcp-r: v8.1.4: socket
[2024-11-05T18:29:05.829802-0600] nuttcp-r: buflen=65536, nstream=1, port=5101 tcp
[2024-11-05T18:29:05.829845-0600] nuttcp-r: interval reporting every 0.50 seconds
[2024-11-05T18:29:05.829888-0600] nuttcp-r: accept from 174.234.186.29 with af=inet
[2024-11-05T18:29:05.829940-0600] nuttcp-r: send window size = 450000000, receive window size = 450000000
[2024-11-05T18:29:05.829985-0600] nuttcp-r: available send window = 225000000, available receive window = 225000000
[2024-11-05T18:29:05.830028-0600]     0.5000 MB /   0.50 sec =    8.3879 Mbps     0 retrans    646 KB-cwnd
[2024-11-05T18:29:06.821223-0600]     1.6875 MB /   0.50 sec =   28.3123 Mbps     0 retrans   1796 KB-cwnd
[2024-11-05T18:29:06.821633-0600]     1.5625 MB /   0.50 sec =   26.2136 Mbps     0 retrans   1796 KB-cwnd
[2024-11-05T18:29:07.985217-0600]     1.1250 MB /   0.50 sec =   18.8717 Mbps     0 retrans   1796 KB-cwnd
[2024-11-05T18:29:07.985646-0600]     1.1875 MB /   0.50 sec =   19.9243 Mbps     0 retrans   1796 KB-cwnd
[2024-11-05T18:29:09.285950-0600]     0.9375 MB /   0.50 sec =   15.7288 Mbps    12 retrans   1472 KB-cwnd
[2024-11-05T18:29:09.286410-0600]     0.8750 MB /   0.50 sec =   14.6792 Mbps     0 retrans   1472 KB-cwnd
[2024-11-05T18:29:10.400232-0600]     1.3750 MB /   0.50 sec =   23.0738 Mbps     0 retrans   1472 KB-cwnd
[2024-11-05T18:29:10.400762-0600]     1.2500 MB /   0.50 sec =   20.9690 Mbps     0 retrans   1472 KB-cwnd
[2024-11-05T18:29:10.400896-0600]     1.0625 MB /   0.50 sec =   17.8273 Mbps     0 retrans   1472 KB-cwnd
[2024-11-05T18:29:11.434062-0600]     1.4375 MB /   0.50 sec =   24.1173 Mbps     0 retrans   1472 KB-cwnd
[2024-11-05T18:29:11.434519-0600]     1.2500 MB /   0.50 sec =   20.9711 Mbps     0 retrans   1472 KB-cwnd
[2024-11-05T18:29:12.409289-0600]     1.1250 MB /   0.50 sec =   18.8737 Mbps     0 retrans   1472 KB-cwnd
[2024-11-05T18:29:12.409724-0600]     1.4375 MB /   0.50 sec =   24.1169 Mbps     0 retrans   1472 KB-cwnd
[2024-11-05T18:29:13.182086-0600]     1.8750 MB /   0.50 sec =   31.4583 Mbps     0 retrans   1472 KB-cwnd
[2024-11-05T18:29:14.856387-0600]     1.5000 MB /   0.50 sec =   25.1651 Mbps    67 retrans   1216 KB-cwnd
[2024-11-05T18:29:14.856818-0600]     0.1875 MB /   0.50 sec =    3.1457 Mbps     0 retrans   1218 KB-cwnd
[2024-11-05T18:29:14.856956-0600]     0.0000 MB /   0.50 sec =    0.0000 Mbps     0 retrans   1218 KB-cwnd
[2024-11-05T18:29:14.857081-0600]     0.3125 MB /   0.50 sec =    5.2429 Mbps     0 retrans   1218 KB-cwnd
[2024-11-05T18:29:16.075477-0600]     2.9375 MB /   0.50 sec =   49.2834 Mbps    76 retrans   1103 KB-cwnd
[2024-11-05T18:29:16.075678-0600]     0.6250 MB /   0.50 sec =   10.4858 Mbps     0 retrans   1103 KB-cwnd
[2024-11-05T18:29:16.741859-0600]     1.9375 MB /   0.50 sec =   32.5086 Mbps     0 retrans   1112 KB-cwnd
[2024-11-05T18:29:17.247125-0600]     2.2500 MB /   0.50 sec =   37.7462 Mbps     0 retrans   1112 KB-cwnd
[2024-11-05T18:29:17.815515-0600]     2.5000 MB /   0.50 sec =   41.9444 Mbps    34 retrans    909 KB-cwnd
[2024-11-05T18:29:17.815930-0600]     1.3750 MB /   0.50 sec =   23.0675 Mbps     0 retrans    909 KB-cwnd
[2024-11-05T18:29:18.566243-0600]     4.5625 MB /   0.50 sec =   76.5485 Mbps     0 retrans   1005 KB-cwnd
[2024-11-05T18:29:18.921438-0600]     3.3750 MB /   0.50 sec =   56.6211 Mbps     0 retrans   1009 KB-cwnd
[2024-11-05T18:29:19.708543-0600]     3.8125 MB /   0.50 sec =   63.9636 Mbps     0 retrans   1021 KB-cwnd
[2024-11-05T18:29:20.074827-0600]     3.6250 MB /   0.50 sec =   60.8152 Mbps     0 retrans   1194 KB-cwnd
[2024-11-05T18:29:20.445670-0600]     3.3750 MB /   0.50 sec =   56.6260 Mbps     0 retrans   1347 KB-cwnd
[2024-11-05T18:29:20.833732-0600]     3.5000 MB /   0.50 sec =   58.7233 Mbps     0 retrans   1347 KB-cwnd
[2024-11-05T18:29:21.678076-0600]     3.1875 MB /   0.50 sec =   53.4755 Mbps     0 retrans   1347 KB-cwnd
[2024-11-05T18:29:22.089901-0600]     2.8750 MB /   0.50 sec =   48.2301 Mbps     0 retrans   1514 KB-cwnd
[2024-11-05T18:29:22.479860-0600]     3.3750 MB /   0.50 sec =   56.6296 Mbps     0 retrans   1514 KB-cwnd
[2024-11-05T18:29:22.853712-0600]     3.7500 MB /   0.50 sec =   62.9138 Mbps     0 retrans   1514 KB-cwnd
[2024-11-05T18:29:23.629598-0600]     3.3750 MB /   0.50 sec =   56.6210 Mbps     0 retrans   1514 KB-cwnd
[2024-11-05T18:29:24.073591-0600]     3.4375 MB /   0.50 sec =   57.6762 Mbps     0 retrans   1514 KB-cwnd
[2024-11-05T18:29:24.515873-0600]     2.8125 MB /   0.50 sec =   47.1814 Mbps     0 retrans   1514 KB-cwnd
[2024-11-05T18:29:24.943552-0600]     3.3750 MB /   0.50 sec =   56.6262 Mbps     0 retrans   1514 KB-cwnd
[2024-11-05T18:29:25.353640-0600]     3.1875 MB /   0.50 sec =   53.4769 Mbps     0 retrans   1514 KB-cwnd
[2024-11-05T18:29:26.103902-0600]     3.5625 MB /   0.50 sec =   59.7693 Mbps     0 retrans   1514 KB-cwnd
[2024-11-05T18:29:26.483829-0600]     3.5625 MB /   0.50 sec =   59.7694 Mbps     0 retrans   1682 KB-cwnd
[2024-11-05T18:29:26.798587-0600]     4.0625 MB /   0.50 sec =   68.1536 Mbps     0 retrans   1740 KB-cwnd
[2024-11-05T18:29:27.561907-0600]     3.3125 MB /   0.50 sec =   55.5758 Mbps     0 retrans   1740 KB-cwnd
[2024-11-05T18:29:27.997823-0600]     3.4375 MB /   0.50 sec =   57.6717 Mbps     0 retrans   1740 KB-cwnd
[2024-11-05T18:29:28.419553-0600]     2.9375 MB /   0.50 sec =   49.2824 Mbps     0 retrans   1740 KB-cwnd
[2024-11-05T18:29:28.809630-0600]     3.6875 MB /   0.50 sec =   61.8649 Mbps     0 retrans   1740 KB-cwnd
[2024-11-05T18:29:29.613802-0600]     3.4375 MB /   0.50 sec =   57.6749 Mbps     0 retrans   1740 KB-cwnd
[2024-11-05T18:29:30.321158-0600]     2.8125 MB /   0.50 sec =   47.1758 Mbps     0 retrans   1740 KB-cwnd
[2024-11-05T18:29:30.321731-0600]     1.7500 MB /   0.50 sec =   29.3665 Mbps     0 retrans   1740 KB-cwnd
[2024-11-05T18:29:30.959493-0600]     2.1875 MB /   0.50 sec =   36.6985 Mbps     0 retrans   1740 KB-cwnd
[2024-11-05T18:29:31.543616-0600]     2.0000 MB /   0.50 sec =   33.5552 Mbps     0 retrans   1740 KB-cwnd
[2024-11-05T18:29:32.123394-0600]     2.3750 MB /   0.50 sec =   39.8447 Mbps     0 retrans   1740 KB-cwnd
[2024-11-05T18:29:32.677823-0600]     2.3125 MB /   0.50 sec =   38.7982 Mbps     0 retrans   1740 KB-cwnd
[2024-11-05T18:29:33.267907-0600]     2.4375 MB /   0.50 sec =   40.8959 Mbps     0 retrans   1740 KB-cwnd
[2024-11-05T18:29:33.961718-0600]     2.1875 MB /   0.50 sec =   36.6983 Mbps     0 retrans   1740 KB-cwnd
[2024-11-05T18:29:33.962214-0600]     1.8125 MB /   0.50 sec =   30.4043 Mbps     0 retrans   1740 KB-cwnd
[2024-11-05T18:29:34.519513-0600]     2.3750 MB /   0.50 sec =   39.8533 Mbps     0 retrans   1740 KB-cwnd
[2024-11-05T18:29:35.034424-0600]     2.3750 MB /   0.50 sec =   39.8462 Mbps     0 retrans   1740 KB-cwnd
[2024-11-05T18:29:35.669735-0600]     2.5625 MB /   0.50 sec =   42.9902 Mbps     0 retrans   1748 KB-cwnd
[2024-11-05T18:29:36.173857-0600]     2.1250 MB /   0.50 sec =   35.6519 Mbps     0 retrans   1952 KB-cwnd
[2024-11-05T18:29:36.712076-0600]     2.5625 MB /   0.50 sec =   42.9924 Mbps     0 retrans   2141 KB-cwnd
[2024-11-05T18:29:37.353651-0600]     2.6875 MB /   0.50 sec =   45.0892 Mbps     0 retrans   2316 KB-cwnd
[2024-11-05T18:29:37.354140-0600]     2.0000 MB /   0.50 sec =   33.5540 Mbps     0 retrans   2316 KB-cwnd
[2024-11-05T18:29:37.917988-0600]     2.4375 MB /   0.50 sec =   40.8949 Mbps     0 retrans   2460 KB-cwnd
[2024-11-05T18:29:38.857998-0600]     1.7500 MB /   0.50 sec =   29.3585 Mbps     1 retrans   2597 KB-cwnd
[2024-11-05T18:29:38.858827-0600]     1.1875 MB /   0.50 sec =   19.9232 Mbps     0 retrans   2597 KB-cwnd
[2024-11-05T18:29:39.535876-0600]     2.7500 MB /   0.50 sec =   46.1300 Mbps     0 retrans   2597 KB-cwnd
[2024-11-05T18:29:40.188312-0600]     2.2500 MB /   0.50 sec =   37.7542 Mbps     0 retrans   2597 KB-cwnd
[2024-11-05T18:29:41.534981-0600]     2.2500 MB /   0.50 sec =   37.7510 Mbps     0 retrans   2597 KB-cwnd
[2024-11-05T18:29:41.535174-0600]     0.8125 MB /   0.50 sec =   13.6313 Mbps     0 retrans   2597 KB-cwnd
[2024-11-05T18:29:41.535211-0600]     0.6875 MB /   0.50 sec =   11.5342 Mbps     0 retrans   2597 KB-cwnd
[2024-11-05T18:29:42.618124-0600]     1.5000 MB /   0.50 sec =   25.1665 Mbps     0 retrans   2597 KB-cwnd
[2024-11-05T18:29:42.618548-0600]     1.0000 MB /   0.50 sec =   16.7746 Mbps     0 retrans   2597 KB-cwnd
[2024-11-05T18:29:43.459674-0600]     1.5000 MB /   0.50 sec =   25.1640 Mbps     0 retrans   2597 KB-cwnd
[2024-11-05T18:29:43.460088-0600]     1.6250 MB /   0.50 sec =   27.2687 Mbps     0 retrans   2597 KB-cwnd
[2024-11-05T18:29:44.472528-0600]     1.6250 MB /   0.50 sec =   27.2617 Mbps     0 retrans   2597 KB-cwnd
[2024-11-05T18:29:44.473099-0600]     1.2500 MB /   0.50 sec =   20.9727 Mbps     0 retrans   2597 KB-cwnd
[2024-11-05T18:29:45.347515-0600]     1.5625 MB /   0.50 sec =   26.2095 Mbps     0 retrans   2597 KB-cwnd
[2024-11-05T18:29:45.347722-0600]     1.2500 MB /   0.50 sec =   20.9741 Mbps     0 retrans   2597 KB-cwnd
[2024-11-05T18:29:46.230881-0600]     2.0000 MB /   0.50 sec =   33.5567 Mbps     0 retrans   2597 KB-cwnd
[2024-11-05T18:29:47.047752-0600]     1.3750 MB /   0.50 sec =   23.0677 Mbps     0 retrans   1143 KB-cwnd
[2024-11-05T18:29:47.048299-0600]     1.6250 MB /   0.50 sec =   27.2625 Mbps     0 retrans   1143 KB-cwnd
[2024-11-05T18:29:47.974394-0600]     1.6875 MB /   0.50 sec =   28.3118 Mbps     0 retrans   2077 KB-cwnd
[2024-11-05T18:29:47.974957-0600]     1.4375 MB /   0.50 sec =   24.1186 Mbps     0 retrans   2077 KB-cwnd
[2024-11-05T18:29:48.743947-0600]     1.5000 MB /   0.50 sec =   25.1639 Mbps     0 retrans   2077 KB-cwnd
[2024-11-05T18:29:49.602016-0600]     1.6875 MB /   0.50 sec =   28.3136 Mbps     0 retrans   2077 KB-cwnd
[2024-11-05T18:29:49.602731-0600]     1.7500 MB /   0.50 sec =   29.3600 Mbps     0 retrans   2077 KB-cwnd
[2024-11-05T18:29:50.387794-0600]     1.6875 MB /   0.50 sec =   28.3115 Mbps     0 retrans   2077 KB-cwnd
[2024-11-05T18:29:50.388171-0600]     1.5000 MB /   0.50 sec =   25.1645 Mbps     0 retrans   2077 KB-cwnd
[2024-11-05T18:29:51.073395-0600]     2.0625 MB /   0.50 sec =   34.5951 Mbps     0 retrans   2077 KB-cwnd
[2024-11-05T18:29:51.805568-0600]     1.7500 MB /   0.50 sec =   29.3662 Mbps     0 retrans   2077 KB-cwnd
[2024-11-05T18:29:51.805980-0600]     1.9375 MB /   0.50 sec =   32.5088 Mbps     0 retrans   2077 KB-cwnd
[2024-11-05T18:29:52.575245-0600]     1.8750 MB /   0.50 sec =   31.4505 Mbps     0 retrans   2077 KB-cwnd
[2024-11-05T18:29:53.283683-0600]     2.4375 MB /   0.50 sec =   40.8998 Mbps     0 retrans   2077 KB-cwnd
[2024-11-05T18:29:54.011821-0600]     2.0000 MB /   0.50 sec =   33.5581 Mbps     0 retrans   2077 KB-cwnd
[2024-11-05T18:29:54.012376-0600]     1.6250 MB /   0.50 sec =   27.2612 Mbps     0 retrans   2077 KB-cwnd
[2024-11-05T18:29:54.712117-0600]     2.0625 MB /   0.50 sec =   34.6017 Mbps     0 retrans   2077 KB-cwnd
[2024-11-05T18:29:55.217630-0600]     1.9375 MB /   0.50 sec =   32.5081 Mbps     0 retrans   2077 KB-cwnd
[2024-11-05T18:29:56.028282-0600]     2.5000 MB /   0.50 sec =   41.9430 Mbps     0 retrans   2077 KB-cwnd
[2024-11-05T18:29:56.028851-0600]     2.0000 MB /   0.50 sec =   33.5519 Mbps     0 retrans   2077 KB-cwnd
[2024-11-05T18:29:56.812605-0600]     1.5000 MB /   0.50 sec =   25.1683 Mbps     0 retrans   2077 KB-cwnd
[2024-11-05T18:29:56.813236-0600]     1.8750 MB /   0.50 sec =   31.4537 Mbps     0 retrans   2077 KB-cwnd
[2024-11-05T18:29:57.603695-0600]     1.8125 MB /   0.50 sec =   30.4038 Mbps     0 retrans   2077 KB-cwnd
[2024-11-05T18:29:58.323570-0600]     1.6875 MB /   0.50 sec =   28.3189 Mbps     0 retrans   2077 KB-cwnd
[2024-11-05T18:29:58.323714-0600]     1.7500 MB /   0.50 sec =   29.3514 Mbps     0 retrans   2077 KB-cwnd
[2024-11-05T18:29:59.149555-0600]     1.5000 MB /   0.50 sec =   25.1660 Mbps     0 retrans   2077 KB-cwnd
[2024-11-05T18:29:59.895916-0600]     1.8750 MB /   0.50 sec =   31.4648 Mbps     0 retrans   2077 KB-cwnd
[2024-11-05T18:29:59.896491-0600]     1.7500 MB /   0.50 sec =   29.3600 Mbps     0 retrans   2077 KB-cwnd
[2024-11-05T18:30:00.699724-0600]     1.7500 MB /   0.50 sec =   29.3617 Mbps     0 retrans   2077 KB-cwnd
[2024-11-05T18:30:01.568477-0600]     1.6250 MB /   0.50 sec =   27.2612 Mbps     0 retrans   2077 KB-cwnd
[2024-11-05T18:30:01.569181-0600]     1.3125 MB /   0.50 sec =   22.0172 Mbps     0 retrans   2077 KB-cwnd
[2024-11-05T18:30:02.445966-0600]     1.8125 MB /   0.50 sec =   30.4146 Mbps     0 retrans   2077 KB-cwnd
[2024-11-05T18:30:02.446461-0600]     1.5625 MB /   0.50 sec =   26.2130 Mbps     0 retrans   2077 KB-cwnd
[2024-11-05T18:30:03.229539-0600]     1.4375 MB /   0.50 sec =   24.1176 Mbps     0 retrans   2077 KB-cwnd
[2024-11-05T18:30:03.935722-0600]     1.8125 MB /   0.50 sec =   30.4074 Mbps     0 retrans   2077 KB-cwnd
[2024-11-05T18:30:03.936263-0600]     1.9375 MB /   0.50 sec =   32.5087 Mbps     0 retrans   2077 KB-cwnd
[2024-11-05T18:30:04.669245-0600]     2.0000 MB /   0.50 sec =   33.5497 Mbps     0 retrans   2077 KB-cwnd
[2024-11-05T18:30:05.300887-0600]     1.6875 MB /   0.50 sec =   28.3139 Mbps     0 retrans   2077 KB-cwnd
[2024-11-05T18:30:05.301036-0600]     1.6875 MB /   0.50 sec =   28.3114 Mbps     0 retrans   2077 KB-cwnd
[2024-11-05T18:30:06.057738-0600]     2.4375 MB /   0.50 sec =   40.8968 Mbps     0 retrans   2077 KB-cwnd
[2024-11-05T18:30:06.846197-0600]     1.5000 MB /   0.50 sec =   25.1661 Mbps     0 retrans   2077 KB-cwnd
[2024-11-05T18:30:06.846796-0600]     1.6875 MB /   0.50 sec =   28.3029 Mbps     0 retrans   2077 KB-cwnd
[2024-11-05T18:30:07.752832-0600]     1.6250 MB /   0.50 sec =   27.2660 Mbps     0 retrans   2077 KB-cwnd
[2024-11-05T18:30:08.635145-0600]     1.6875 MB /   0.50 sec =   28.3165 Mbps     0 retrans   2077 KB-cwnd
[2024-11-05T18:30:08.635643-0600]     1.4375 MB /   0.50 sec =   24.1157 Mbps     0 retrans   2077 KB-cwnd
[2024-11-05T18:30:09.382215-0600]     1.5000 MB /   0.50 sec =   25.1650 Mbps     0 retrans   2077 KB-cwnd
[2024-11-05T18:30:09.382766-0600]     2.0000 MB /   0.50 sec =   33.5507 Mbps     0 retrans   2077 KB-cwnd
[2024-11-05T18:30:10.133610-0600]     2.0000 MB /   0.50 sec =   33.5602 Mbps     0 retrans   2077 KB-cwnd
[2024-11-05T18:30:10.819768-0600]     2.0000 MB /   0.50 sec =   33.5544 Mbps     0 retrans   2077 KB-cwnd
[2024-11-05T18:30:10.819984-0600]     2.0625 MB /   0.50 sec =   34.6049 Mbps     0 retrans   2077 KB-cwnd
[2024-11-05T18:30:11.539695-0600]     2.1250 MB /   0.50 sec =   35.6431 Mbps     0 retrans   2077 KB-cwnd
[2024-11-05T18:30:12.265583-0600]     1.6250 MB /   0.50 sec =   27.2682 Mbps     0 retrans   2077 KB-cwnd
[2024-11-05T18:30:12.971536-0600]     2.0625 MB /   0.50 sec =   34.6023 Mbps     0 retrans   2077 KB-cwnd
[2024-11-05T18:30:12.971706-0600]     1.9375 MB /   0.50 sec =   32.5062 Mbps     0 retrans   2077 KB-cwnd
[2024-11-05T18:30:13.678025-0600]     2.0625 MB /   0.50 sec =   34.5981 Mbps     0 retrans   2077 KB-cwnd
[2024-11-05T18:30:14.336659-0600]     1.8750 MB /   0.50 sec =   31.4634 Mbps     0 retrans   2077 KB-cwnd
[2024-11-05T18:30:14.336801-0600]     2.0000 MB /   0.50 sec =   33.5546 Mbps     0 retrans   2077 KB-cwnd
[2024-11-05T18:30:14.972037-0600]     2.3125 MB /   0.50 sec =   38.7954 Mbps     0 retrans   2077 KB-cwnd
[2024-11-05T18:30:15.695550-0600]     2.0625 MB /   0.50 sec =   34.5959 Mbps     0 retrans   2077 KB-cwnd
[2024-11-05T18:30:16.387573-0600]     2.0000 MB /   0.50 sec =   33.5612 Mbps     0 retrans   2077 KB-cwnd
[2024-11-05T18:30:16.388120-0600]     1.8125 MB /   0.50 sec =   30.4082 Mbps     0 retrans   2077 KB-cwnd
[2024-11-05T18:30:17.068179-0600]     1.8750 MB /   0.50 sec =   31.4573 Mbps     0 retrans   2077 KB-cwnd
[2024-11-05T18:30:17.832214-0600]     2.1875 MB /   0.50 sec =   36.7016 Mbps     0 retrans   2077 KB-cwnd
[2024-11-05T18:30:17.832828-0600]     1.6250 MB /   0.50 sec =   27.2622 Mbps     0 retrans   2077 KB-cwnd
[2024-11-05T18:30:18.513842-0600]     2.5625 MB /   0.50 sec =   42.9941 Mbps     2 retrans   2077 KB-cwnd
[2024-11-05T18:30:19.300286-0600]     1.3125 MB /   0.50 sec =   22.0152 Mbps     7 retrans   1660 KB-cwnd
[2024-11-05T18:30:19.300980-0600]     2.3125 MB /   0.50 sec =   38.8029 Mbps     0 retrans   1660 KB-cwnd
[2024-11-05T18:30:20.180528-0600]     2.4375 MB /   0.50 sec =   40.8990 Mbps    14 retrans   1327 KB-cwnd
[2024-11-05T18:30:20.957957-0600]     2.1250 MB /   0.50 sec =   35.6477 Mbps     0 retrans   1327 KB-cwnd
[2024-11-05T18:30:20.958404-0600]     1.6875 MB /   0.50 sec =   28.3131 Mbps     0 retrans   1327 KB-cwnd
[2024-11-05T18:30:21.811753-0600]     1.6250 MB /   0.50 sec =   27.2627 Mbps     0 retrans   1327 KB-cwnd
[2024-11-05T18:30:21.812275-0600]     1.4375 MB /   0.50 sec =   24.1134 Mbps     0 retrans   1327 KB-cwnd
[2024-11-05T18:30:22.758125-0600]     1.1875 MB /   0.50 sec =   19.9229 Mbps     0 retrans   1327 KB-cwnd
[2024-11-05T18:30:23.492388-0600]     1.6875 MB /   0.50 sec =   28.3173 Mbps     0 retrans   1327 KB-cwnd
[2024-11-05T18:30:23.493096-0600]     1.6875 MB /   0.50 sec =   28.3114 Mbps     0 retrans   1327 KB-cwnd
[2024-11-05T18:30:24.336254-0600]     1.7500 MB /   0.50 sec =   29.3600 Mbps     0 retrans   1327 KB-cwnd
[2024-11-05T18:30:24.336996-0600]     1.5625 MB /   0.50 sec =   26.2146 Mbps     0 retrans   1327 KB-cwnd
[2024-11-05T18:30:25.344039-0600]     1.3125 MB /   0.50 sec =   22.0190 Mbps     0 retrans   1327 KB-cwnd
[2024-11-05T18:30:25.344598-0600]     1.3125 MB /   0.50 sec =   22.0210 Mbps     0 retrans   1327 KB-cwnd
[2024-11-05T18:30:26.209877-0600]     1.5625 MB /   0.50 sec =   26.2143 Mbps     6 retrans   1111 KB-cwnd
[2024-11-05T18:30:27.387558-0600]     1.5000 MB /   0.50 sec =   25.1657 Mbps    12 retrans    983 KB-cwnd
[2024-11-05T18:30:27.388069-0600]     0.5000 MB /   0.50 sec =    8.3880 Mbps     0 retrans    983 KB-cwnd
[2024-11-05T18:30:27.388305-0600]     1.7500 MB /   0.50 sec =   29.3516 Mbps     0 retrans    983 KB-cwnd
[2024-11-05T18:30:28.417800-0600]     1.0000 MB /   0.50 sec =   16.7803 Mbps     3 retrans    846 KB-cwnd
[2024-11-05T18:30:28.418380-0600]     1.3125 MB /   0.50 sec =   22.0242 Mbps     0 retrans    846 KB-cwnd
[2024-11-05T18:30:29.163678-0600]     1.9375 MB /   0.50 sec =   32.5059 Mbps     0 retrans    877 KB-cwnd
[2024-11-05T18:30:29.795201-0600]     1.6875 MB /   0.50 sec =   28.3106 Mbps     0 retrans    880 KB-cwnd
[2024-11-05T18:30:29.795850-0600]     2.2500 MB /   0.50 sec =   37.7498 Mbps     0 retrans    880 KB-cwnd
[2024-11-05T18:30:30.358939-0600]     2.3750 MB /   0.50 sec =   39.8458 Mbps     0 retrans    885 KB-cwnd
[2024-11-05T18:30:30.937870-0600]     2.1875 MB /   0.50 sec =   36.7010 Mbps     0 retrans    889 KB-cwnd
[2024-11-05T18:30:31.387618-0600]     3.0000 MB /   0.50 sec =   50.3312 Mbps     0 retrans   1115 KB-cwnd
[2024-11-05T18:30:31.943555-0600]     2.5000 MB /   0.50 sec =   41.9430 Mbps     0 retrans   1236 KB-cwnd
[2024-11-05T18:30:32.545508-0600]     2.2500 MB /   0.50 sec =   37.7484 Mbps     0 retrans   1236 KB-cwnd
[2024-11-05T18:30:33.185621-0600]     2.1875 MB /   0.50 sec =   36.6993 Mbps     0 retrans   1236 KB-cwnd
[2024-11-05T18:30:33.831927-0600]     2.0000 MB /   0.50 sec =   33.5559 Mbps     0 retrans   1236 KB-cwnd
[2024-11-05T18:30:33.832506-0600]     2.0000 MB /   0.50 sec =   33.5519 Mbps     0 retrans   1236 KB-cwnd
[2024-11-05T18:30:34.445853-0600]     2.3750 MB /   0.50 sec =   39.8480 Mbps     0 retrans   1236 KB-cwnd
[2024-11-05T18:30:34.967532-0600]     2.1875 MB /   0.50 sec =   36.7008 Mbps     0 retrans   1236 KB-cwnd
[2024-11-05T18:30:35.435597-0600]     2.6875 MB /   0.50 sec =   45.0884 Mbps     0 retrans   1380 KB-cwnd
[2024-11-05T18:30:35.939566-0600]     2.7500 MB /   0.50 sec =   46.1343 Mbps     0 retrans   1388 KB-cwnd
[2024-11-05T18:30:36.397748-0600]     2.9375 MB /   0.50 sec =   49.2820 Mbps     0 retrans   1388 KB-cwnd
[2024-11-05T18:30:36.843636-0600]     3.0625 MB /   0.50 sec =   51.3842 Mbps     0 retrans   1388 KB-cwnd
[2024-11-05T18:30:37.309591-0600]     2.5625 MB /   0.50 sec =   42.9902 Mbps     0 retrans   1565 KB-cwnd
[2024-11-05T18:30:38.130004-0600]     3.2500 MB /   0.50 sec =   54.5241 Mbps     0 retrans   1565 KB-cwnd
[2024-11-05T18:30:38.461833-0600]     3.5625 MB /   0.50 sec =   59.7731 Mbps     0 retrans   1718 KB-cwnd
[2024-11-05T18:30:38.867554-0600]     3.8125 MB /   0.50 sec =   63.9640 Mbps     0 retrans   1775 KB-cwnd
[2024-11-05T18:30:39.313651-0600]     3.0000 MB /   0.50 sec =   50.3312 Mbps     0 retrans   1775 KB-cwnd
[2024-11-05T18:30:40.299743-0600]     2.8750 MB /   0.50 sec =   48.2342 Mbps     0 retrans   1775 KB-cwnd
[2024-11-05T18:30:40.300258-0600]     2.4375 MB /   0.50 sec =   40.8949 Mbps     0 retrans   1775 KB-cwnd
[2024-11-05T18:30:40.872437-0600]     2.1250 MB /   0.50 sec =   35.6458 Mbps     0 retrans   1775 KB-cwnd
[2024-11-05T18:30:41.377629-0600]     2.9375 MB /   0.50 sec =   49.2871 Mbps     0 retrans   1775 KB-cwnd
[2024-11-05T18:30:41.887777-0600]     2.6250 MB /   0.50 sec =   44.0440 Mbps     0 retrans   1775 KB-cwnd
[2024-11-05T18:30:42.435698-0600]     2.5000 MB /   0.50 sec =   41.9425 Mbps     0 retrans   1775 KB-cwnd
[2024-11-05T18:30:43.037296-0600]     2.1250 MB /   0.50 sec =   35.6519 Mbps     0 retrans   1775 KB-cwnd
[2024-11-05T18:30:43.588013-0600]     2.4375 MB /   0.50 sec =   40.8940 Mbps     0 retrans   1775 KB-cwnd
[2024-11-05T18:30:44.227637-0600]     2.3125 MB /   0.50 sec =   38.7972 Mbps     0 retrans   1775 KB-cwnd
[2024-11-05T18:30:44.787833-0600]     2.0625 MB /   0.50 sec =   34.6036 Mbps     0 retrans   1775 KB-cwnd
[2024-11-05T18:30:44.788389-0600]     2.3750 MB /   0.50 sec =   39.8458 Mbps     0 retrans   1775 KB-cwnd
[2024-11-05T18:30:45.367692-0600]     2.3125 MB /   0.50 sec =   38.7956 Mbps     0 retrans   1775 KB-cwnd
[2024-11-05T18:30:46.126191-0600]     2.0000 MB /   0.50 sec =   33.5479 Mbps    10 retrans   1420 KB-cwnd
[2024-11-05T18:30:46.537724-0600]     2.7500 MB /   0.50 sec =   46.1451 Mbps     0 retrans   1538 KB-cwnd
[2024-11-05T18:30:46.973627-0600]     3.1875 MB /   0.50 sec =   53.4810 Mbps     0 retrans   1538 KB-cwnd
[2024-11-05T18:30:47.381770-0600]     3.1875 MB /   0.50 sec =   53.4767 Mbps     0 retrans   1538 KB-cwnd
[2024-11-05T18:30:48.105738-0600]     3.6250 MB /   0.50 sec =   60.8203 Mbps     0 retrans   1538 KB-cwnd
[2024-11-05T18:30:48.449589-0600]     3.8750 MB /   0.50 sec =   65.0098 Mbps     0 retrans   1538 KB-cwnd
[2024-11-05T18:30:48.829730-0600]     3.5625 MB /   0.50 sec =   59.7651 Mbps     0 retrans   1538 KB-cwnd
[2024-11-05T18:30:49.600007-0600]     3.5000 MB /   0.50 sec =   58.7233 Mbps     0 retrans   1538 KB-cwnd
[2024-11-05T18:30:50.017612-0600]     3.4375 MB /   0.50 sec =   57.6716 Mbps     0 retrans   1538 KB-cwnd
[2024-11-05T18:30:50.426453-0600]     3.3125 MB /   0.50 sec =   55.5733 Mbps     0 retrans   1538 KB-cwnd
[2024-11-05T18:30:50.791999-0600]     3.4375 MB /   0.50 sec =   57.6714 Mbps     0 retrans   1538 KB-cwnd
[2024-11-05T18:30:51.701338-0600]     3.3125 MB /   0.50 sec =   55.5758 Mbps     0 retrans   1554 KB-cwnd
[2024-11-05T18:30:52.025589-0600]     3.0000 MB /   0.50 sec =   50.3290 Mbps     0 retrans   1725 KB-cwnd
[2024-11-05T18:30:52.447895-0600]     3.3750 MB /   0.50 sec =   56.6272 Mbps     0 retrans   1725 KB-cwnd
[2024-11-05T18:30:52.859532-0600]     3.1250 MB /   0.50 sec =   52.4302 Mbps     0 retrans   1725 KB-cwnd
[2024-11-05T18:30:53.645945-0600]     3.2500 MB /   0.50 sec =   54.5237 Mbps     0 retrans   1725 KB-cwnd
[2024-11-05T18:30:53.961729-0600]     3.9375 MB /   0.50 sec =   66.0603 Mbps     0 retrans   1725 KB-cwnd
[2024-11-05T18:30:54.299615-0600]     3.9375 MB /   0.50 sec =   66.0450 Mbps     0 retrans   1725 KB-cwnd
[2024-11-05T18:30:54.999557-0600]     3.8750 MB /   0.50 sec =   65.0276 Mbps     0 retrans   1725 KB-cwnd
[2024-11-05T18:30:55.337677-0600]     3.7500 MB /   0.50 sec =   62.9143 Mbps     0 retrans   1725 KB-cwnd
[2024-11-05T18:30:56.088042-0600]     3.3750 MB /   0.50 sec =   56.6254 Mbps     0 retrans   1725 KB-cwnd
[2024-11-05T18:30:56.389782-0600]     4.1875 MB /   0.50 sec =   70.2511 Mbps     0 retrans   1725 KB-cwnd
[2024-11-05T18:30:57.139553-0600]     3.8750 MB /   0.50 sec =   65.0103 Mbps     0 retrans   1725 KB-cwnd
[2024-11-05T18:30:57.501839-0600]     3.5000 MB /   0.50 sec =   58.7214 Mbps     0 retrans   1725 KB-cwnd
[2024-11-05T18:30:57.880030-0600]     3.5625 MB /   0.50 sec =   59.7655 Mbps     0 retrans   1725 KB-cwnd
[2024-11-05T18:30:58.587896-0600]     3.8125 MB /   0.50 sec =   63.9675 Mbps     0 retrans   1725 KB-cwnd
[2024-11-05T18:30:58.909938-0600]     3.9375 MB /   0.50 sec =   66.0587 Mbps     0 retrans   1725 KB-cwnd
[2024-11-05T18:30:59.539472-0600]     4.3125 MB /   0.50 sec =   72.3516 Mbps     0 retrans   1725 KB-cwnd
[2024-11-05T18:30:59.887502-0600]     3.8125 MB /   0.50 sec =   63.9642 Mbps     0 retrans   1725 KB-cwnd
[2024-11-05T18:31:00.537610-0600]     4.1250 MB /   0.50 sec =   69.2017 Mbps     0 retrans   1725 KB-cwnd
[2024-11-05T18:31:00.841959-0600]     4.4375 MB /   0.50 sec =   74.4534 Mbps     0 retrans   1725 KB-cwnd
[2024-11-05T18:31:01.483534-0600]     4.0000 MB /   0.50 sec =   67.1093 Mbps     0 retrans   1725 KB-cwnd
[2024-11-05T18:31:02.053589-0600]     4.7500 MB /   0.50 sec =   79.6915 Mbps     0 retrans   1725 KB-cwnd
[2024-11-05T18:31:02.316010-0600]     4.7500 MB /   0.50 sec =   79.6868 Mbps     0 retrans   1725 KB-cwnd
[2024-11-05T18:31:03.003554-0600]     4.1250 MB /   0.50 sec =   69.2111 Mbps     0 retrans   1725 KB-cwnd
[2024-11-05T18:31:03.313772-0600]     4.0000 MB /   0.50 sec =   67.1114 Mbps     0 retrans   1725 KB-cwnd
[2024-11-05T18:31:03.967717-0600]     4.1250 MB /   0.50 sec =   69.2060 Mbps     0 retrans   1725 KB-cwnd
[2024-11-05T18:31:04.551414-0600]     4.1875 MB /   0.50 sec =   70.2514 Mbps     0 retrans   1725 KB-cwnd
[2024-11-05T18:31:04.889855-0600]     4.4375 MB /   0.50 sec =   74.4432 Mbps     0 retrans   1725 KB-cwnd
[2024-11-05T18:31:05.287623-0600]     4.4375 MB /   0.50 sec =   74.4550 Mbps     0 retrans   1725 KB-cwnd
[2024-11-05T18:31:05.790176-0600]     4.6250 MB /   0.50 sec =   77.5932 Mbps     0 retrans   1725 KB-cwnd
End time: 1730853065872
