Start time: 1731083999905
[2024-11-08T11:40:00.778090-0500] nuttcp-r: v8.1.4: socket
[2024-11-08T11:40:00.778765-0500] nuttcp-r: buflen=65536, nstream=1, port=5101 tcp
[2024-11-08T11:40:00.778862-0500] nuttcp-r: interval reporting every 0.50 seconds
[2024-11-08T11:40:00.778908-0500] nuttcp-r: connect to 54.197.223.49 with RTT=56.203 ms af=inet
[2024-11-08T11:40:00.778946-0500] nuttcp-r: send window size = 2097152, receive window size = 6291456
[2024-11-08T11:40:00.778982-0500] nuttcp-r: available send window = 1572864, available receive window = 4718592
[2024-11-08T11:40:00.779017-0500]     1.3750 MB /   0.50 sec =   23.0649 Mbps     0 retrans     13 KB-cwnd
[2024-11-08T11:40:01.277888-0500]     3.4375 MB /   0.50 sec =   57.6795 Mbps     0 retrans     13 KB-cwnd
[2024-11-08T11:40:01.778047-0500]     3.5625 MB /   0.50 sec =   59.7600 Mbps     0 retrans     13 KB-cwnd
[2024-11-08T11:40:02.277867-0500]     3.8750 MB /   0.50 sec =   65.0203 Mbps     0 retrans     13 KB-cwnd
[2024-11-08T11:40:02.778052-0500]     4.5625 MB /   0.50 sec =   76.5352 Mbps     0 retrans     13 KB-cwnd
[2024-11-08T11:40:03.278098-0500]     4.1875 MB /   0.50 sec =   70.2487 Mbps     0 retrans     13 KB-cwnd
[2024-11-08T11:40:03.777932-0500]     4.6875 MB /   0.50 sec =   78.6581 Mbps     0 retrans     13 KB-cwnd
[2024-11-08T11:40:04.277919-0500]     4.9375 MB /   0.50 sec =   82.8378 Mbps     0 retrans     13 KB-cwnd
[2024-11-08T11:40:04.777998-0500]     4.7500 MB /   0.50 sec =   79.6811 Mbps     0 retrans     13 KB-cwnd
[2024-11-08T11:40:05.278042-0500]     7.2500 MB /   0.50 sec =  121.6511 Mbps     0 retrans     13 KB-cwnd
[2024-11-08T11:40:05.777938-0500]     7.4375 MB /   0.50 sec =  124.7800 Mbps     0 retrans     13 KB-cwnd
[2024-11-08T11:40:06.277909-0500]     8.3125 MB /   0.50 sec =  139.4620 Mbps     0 retrans     13 KB-cwnd
[2024-11-08T11:40:06.777951-0500]     7.4375 MB /   0.50 sec =  124.7773 Mbps     0 retrans     16 KB-cwnd
[2024-11-08T11:40:07.277923-0500]     7.8125 MB /   0.50 sec =  131.0749 Mbps     0 retrans     18 KB-cwnd
[2024-11-08T11:40:07.777884-0500]     8.7500 MB /   0.50 sec =  146.7986 Mbps     0 retrans     18 KB-cwnd
[2024-11-08T11:40:08.278372-0500]    10.3125 MB /   0.50 sec =  172.8729 Mbps     0 retrans     18 KB-cwnd
[2024-11-08T11:40:08.777944-0500]    10.0625 MB /   0.50 sec =  168.9583 Mbps     0 retrans     18 KB-cwnd
[2024-11-08T11:40:09.277962-0500]     8.9375 MB /   0.50 sec =  149.9428 Mbps     0 retrans     26 KB-cwnd
[2024-11-08T11:40:09.778090-0500]     8.0000 MB /   0.50 sec =  134.2011 Mbps     0 retrans     26 KB-cwnd
[2024-11-08T11:40:10.277944-0500]     5.8125 MB /   0.50 sec =   97.5318 Mbps     0 retrans     26 KB-cwnd
[2024-11-08T11:40:10.779137-0500]     4.2500 MB /   0.50 sec =   71.1438 Mbps     0 retrans     26 KB-cwnd
[2024-11-08T11:40:11.278051-0500]     6.2500 MB /   0.50 sec =  105.0955 Mbps     0 retrans     28 KB-cwnd
[2024-11-08T11:40:11.777932-0500]     7.0000 MB /   0.50 sec =  117.4403 Mbps     0 retrans     28 KB-cwnd
[2024-11-08T11:40:12.277929-0500]     7.6250 MB /   0.50 sec =  127.9250 Mbps     0 retrans     30 KB-cwnd
[2024-11-08T11:40:12.777990-0500]     7.2500 MB /   0.50 sec =  121.6227 Mbps     0 retrans     37 KB-cwnd
[2024-11-08T11:40:13.277936-0500]     7.3750 MB /   0.50 sec =  123.7436 Mbps     0 retrans     37 KB-cwnd
[2024-11-08T11:40:13.777944-0500]     6.7500 MB /   0.50 sec =  113.2469 Mbps     0 retrans     37 KB-cwnd
[2024-11-08T11:40:14.278142-0500]     6.7500 MB /   0.50 sec =  113.2532 Mbps     0 retrans     40 KB-cwnd
[2024-11-08T11:40:14.777954-0500]     6.8750 MB /   0.50 sec =  115.3360 Mbps     0 retrans     40 KB-cwnd
[2024-11-08T11:40:15.277928-0500]     7.1250 MB /   0.50 sec =  119.5396 Mbps     0 retrans     40 KB-cwnd
[2024-11-08T11:40:15.777936-0500]     6.7500 MB /   0.50 sec =  113.2444 Mbps     0 retrans     40 KB-cwnd
[2024-11-08T11:40:16.278100-0500]     6.1875 MB /   0.50 sec =  103.8173 Mbps     0 retrans     43 KB-cwnd
[2024-11-08T11:40:16.777960-0500]     6.0625 MB /   0.50 sec =  101.7031 Mbps     0 retrans     43 KB-cwnd
[2024-11-08T11:40:17.277932-0500]     7.1250 MB /   0.50 sec =  119.5393 Mbps     0 retrans     43 KB-cwnd
[2024-11-08T11:40:17.777923-0500]     6.9375 MB /   0.50 sec =  116.3919 Mbps     0 retrans     43 KB-cwnd
[2024-11-08T11:40:18.277921-0500]     6.4375 MB /   0.50 sec =  108.0035 Mbps     0 retrans     43 KB-cwnd
[2024-11-08T11:40:18.777924-0500]     7.3750 MB /   0.50 sec =  123.7300 Mbps     0 retrans     45 KB-cwnd
[2024-11-08T11:40:19.277936-0500]     7.6875 MB /   0.50 sec =  128.9756 Mbps     0 retrans     45 KB-cwnd
[2024-11-08T11:40:19.778307-0500]     6.6250 MB /   0.50 sec =  111.1399 Mbps     0 retrans     48 KB-cwnd
[2024-11-08T11:40:20.277998-0500]     7.5625 MB /   0.50 sec =  126.8706 Mbps     0 retrans     48 KB-cwnd
[2024-11-08T11:40:20.777927-0500]     9.3750 MB /   0.50 sec =  157.3097 Mbps     0 retrans     52 KB-cwnd
[2024-11-08T11:40:21.277911-0500]     9.5625 MB /   0.50 sec =  160.4328 Mbps     0 retrans     52 KB-cwnd
[2024-11-08T11:40:21.777917-0500]     7.8750 MB /   0.50 sec =  132.1216 Mbps     0 retrans     59 KB-cwnd
[2024-11-08T11:40:22.277916-0500]     8.0625 MB /   0.50 sec =  135.2650 Mbps     0 retrans     59 KB-cwnd
[2024-11-08T11:40:22.777916-0500]     7.6250 MB /   0.50 sec =  127.9258 Mbps     0 retrans     65 KB-cwnd
[2024-11-08T11:40:23.278089-0500]     9.0625 MB /   0.50 sec =  152.0429 Mbps     0 retrans     65 KB-cwnd
[2024-11-08T11:40:23.777945-0500]     8.5000 MB /   0.50 sec =  142.6069 Mbps     0 retrans     67 KB-cwnd
[2024-11-08T11:40:24.277905-0500]     9.0000 MB /   0.50 sec =  150.9968 Mbps     0 retrans     67 KB-cwnd
[2024-11-08T11:40:24.777922-0500]     8.8125 MB /   0.50 sec =  147.8474 Mbps     0 retrans     67 KB-cwnd
[2024-11-08T11:40:25.277837-0500]     9.3125 MB /   0.50 sec =  156.2466 Mbps     0 retrans     67 KB-cwnd
[2024-11-08T11:40:25.778256-0500]     9.1875 MB /   0.50 sec =  154.0270 Mbps     0 retrans     67 KB-cwnd
[2024-11-08T11:40:26.277969-0500]     8.0625 MB /   0.50 sec =  135.3462 Mbps     0 retrans     67 KB-cwnd
[2024-11-08T11:40:26.777949-0500]     9.1250 MB /   0.50 sec =  153.1047 Mbps     0 retrans     75 KB-cwnd
[2024-11-08T11:40:27.277905-0500]     8.6875 MB /   0.50 sec =  145.7556 Mbps     0 retrans     77 KB-cwnd
[2024-11-08T11:40:27.778035-0500]     7.5000 MB /   0.50 sec =  125.8241 Mbps     0 retrans     77 KB-cwnd
[2024-11-08T11:40:28.277919-0500]     7.1875 MB /   0.50 sec =  120.5891 Mbps     0 retrans     88 KB-cwnd
[2024-11-08T11:40:28.777924-0500]     5.6875 MB /   0.50 sec =   95.4210 Mbps     0 retrans     88 KB-cwnd
[2024-11-08T11:40:29.277918-0500]     5.8125 MB /   0.50 sec =   97.5176 Mbps     0 retrans     88 KB-cwnd
[2024-11-08T11:40:29.777938-0500]     6.1875 MB /   0.50 sec =  103.8065 Mbps     0 retrans     88 KB-cwnd
[2024-11-08T11:40:30.278065-0500]     5.8125 MB /   0.50 sec =   97.4969 Mbps     0 retrans   2719 KB-cwnd
[2024-11-08T11:40:30.777935-0500]     5.7500 MB /   0.50 sec =   96.4864 Mbps     0 retrans   2719 KB-cwnd
[2024-11-08T11:40:31.277973-0500]     5.7500 MB /   0.50 sec =   96.4713 Mbps     0 retrans   2719 KB-cwnd
[2024-11-08T11:40:31.777903-0500]     5.9375 MB /   0.50 sec =   99.6189 Mbps     0 retrans   2719 KB-cwnd
[2024-11-08T11:40:32.278061-0500]     6.4375 MB /   0.50 sec =  107.9958 Mbps     0 retrans   2719 KB-cwnd
[2024-11-08T11:40:32.777955-0500]     6.1875 MB /   0.50 sec =  103.8146 Mbps     0 retrans   2719 KB-cwnd
[2024-11-08T11:40:33.277901-0500]     7.1875 MB /   0.50 sec =  120.5882 Mbps     0 retrans   2719 KB-cwnd
[2024-11-08T11:40:33.777959-0500]     6.4375 MB /   0.50 sec =  107.9975 Mbps     0 retrans   2719 KB-cwnd
[2024-11-08T11:40:34.277935-0500]     4.6250 MB /   0.50 sec =   77.5973 Mbps     0 retrans   2719 KB-cwnd
[2024-11-08T11:40:34.777922-0500]     6.6875 MB /   0.50 sec =  112.1979 Mbps     0 retrans   2719 KB-cwnd
[2024-11-08T11:40:35.277974-0500]     7.0625 MB /   0.50 sec =  118.4836 Mbps     0 retrans   2719 KB-cwnd
[2024-11-08T11:40:35.777949-0500]     5.9375 MB /   0.50 sec =   99.6113 Mbps     0 retrans   2311 KB-cwnd
[2024-11-08T11:40:36.277986-0500]     5.7500 MB /   0.50 sec =   96.4783 Mbps     0 retrans   2311 KB-cwnd
[2024-11-08T11:40:36.777906-0500]     6.5000 MB /   0.50 sec =  109.0526 Mbps     0 retrans   2311 KB-cwnd
[2024-11-08T11:40:37.277842-0500]     6.5625 MB /   0.50 sec =  110.1027 Mbps     0 retrans   2311 KB-cwnd
[2024-11-08T11:40:37.779431-0500]     6.5625 MB /   0.50 sec =  110.0309 Mbps     0 retrans   2311 KB-cwnd
[2024-11-08T11:40:38.277870-0500]     5.8125 MB /   0.50 sec =   97.5755 Mbps     0 retrans   2311 KB-cwnd
[2024-11-08T11:40:38.778063-0500]     5.3125 MB /   0.50 sec =   89.1259 Mbps     0 retrans   2311 KB-cwnd
[2024-11-08T11:40:39.278057-0500]     4.5625 MB /   0.50 sec =   76.5477 Mbps     0 retrans   2311 KB-cwnd
[2024-11-08T11:40:39.777838-0500]     3.3750 MB /   0.50 sec =   56.6260 Mbps     0 retrans   2311 KB-cwnd
[2024-11-08T11:40:40.277938-0500]     3.8125 MB /   0.50 sec =   63.9569 Mbps     0 retrans   2281 KB-cwnd
[2024-11-08T11:40:40.778583-0500]     4.1250 MB /   0.50 sec =   69.1970 Mbps     0 retrans   2281 KB-cwnd
[2024-11-08T11:40:41.278030-0500]     3.6875 MB /   0.50 sec =   61.8699 Mbps     0 retrans   2281 KB-cwnd
[2024-11-08T11:40:41.778242-0500]     4.3125 MB /   0.50 sec =   72.3581 Mbps     0 retrans   2281 KB-cwnd
[2024-11-08T11:40:42.277917-0500]     3.7500 MB /   0.50 sec =   62.9173 Mbps     0 retrans   2281 KB-cwnd
[2024-11-08T11:40:42.777985-0500]     3.3750 MB /   0.50 sec =   56.6148 Mbps     0 retrans   2281 KB-cwnd
[2024-11-08T11:40:43.277845-0500]     2.9375 MB /   0.50 sec =   49.2918 Mbps     0 retrans   2657 KB-cwnd
[2024-11-08T11:40:43.777965-0500]     3.2500 MB /   0.50 sec =   54.5204 Mbps     0 retrans   2657 KB-cwnd
[2024-11-08T11:40:44.278181-0500]     2.8750 MB /   0.50 sec =   48.2161 Mbps     0 retrans   2657 KB-cwnd
[2024-11-08T11:40:44.777941-0500]     2.1875 MB /   0.50 sec =   36.7170 Mbps     0 retrans   2657 KB-cwnd
[2024-11-08T11:40:45.277934-0500]     2.1875 MB /   0.50 sec =   36.6986 Mbps     0 retrans   2657 KB-cwnd
[2024-11-08T11:40:45.777995-0500]     2.1875 MB /   0.50 sec =   36.7002 Mbps     0 retrans   2657 KB-cwnd
[2024-11-08T11:40:46.278026-0500]     3.0000 MB /   0.50 sec =   50.3274 Mbps     0 retrans   2657 KB-cwnd
[2024-11-08T11:40:46.777896-0500]     4.1250 MB /   0.50 sec =   69.2132 Mbps     0 retrans   2657 KB-cwnd
[2024-11-08T11:40:47.278420-0500]     5.0000 MB /   0.50 sec =   83.8349 Mbps     0 retrans   2657 KB-cwnd
[2024-11-08T11:40:47.778011-0500]     5.5000 MB /   0.50 sec =   92.3164 Mbps     0 retrans   2657 KB-cwnd
[2024-11-08T11:40:48.278251-0500]     6.6875 MB /   0.50 sec =  112.1756 Mbps     0 retrans   2657 KB-cwnd
[2024-11-08T11:40:48.777939-0500]     6.8125 MB /   0.50 sec =  114.3339 Mbps     0 retrans   2657 KB-cwnd
[2024-11-08T11:40:49.278106-0500]     7.5000 MB /   0.50 sec =  125.7949 Mbps     0 retrans   2657 KB-cwnd
[2024-11-08T11:40:49.777858-0500]     7.6250 MB /   0.50 sec =  127.9662 Mbps     0 retrans   2657 KB-cwnd
[2024-11-08T11:40:50.277840-0500]     8.0625 MB /   0.50 sec =  135.2687 Mbps     0 retrans   2657 KB-cwnd
[2024-11-08T11:40:50.777986-0500]     7.8750 MB /   0.50 sec =  132.1042 Mbps     0 retrans   3211 KB-cwnd
[2024-11-08T11:40:51.278016-0500]     6.8750 MB /   0.50 sec =  115.3185 Mbps     0 retrans   3211 KB-cwnd
[2024-11-08T11:40:51.777997-0500]     5.3125 MB /   0.50 sec =   89.1498 Mbps     0 retrans   3211 KB-cwnd
[2024-11-08T11:40:52.278032-0500]     5.8750 MB /   0.50 sec =   98.5600 Mbps     0 retrans   3211 KB-cwnd
[2024-11-08T11:40:52.777928-0500]     6.8750 MB /   0.50 sec =  115.3618 Mbps     0 retrans   3211 KB-cwnd
[2024-11-08T11:40:53.278009-0500]     6.3125 MB /   0.50 sec =  105.8926 Mbps     0 retrans   3211 KB-cwnd
[2024-11-08T11:40:53.778070-0500]     4.1875 MB /   0.50 sec =   70.2535 Mbps     0 retrans   3211 KB-cwnd
[2024-11-08T11:40:54.278108-0500]     7.7500 MB /   0.50 sec =  129.9972 Mbps     0 retrans   3211 KB-cwnd
[2024-11-08T11:40:54.777936-0500]     8.1250 MB /   0.50 sec =  136.3563 Mbps     0 retrans   3211 KB-cwnd
[2024-11-08T11:40:55.278066-0500]     6.6250 MB /   0.50 sec =  111.1311 Mbps     0 retrans   3211 KB-cwnd
[2024-11-08T11:40:55.778011-0500]     9.3125 MB /   0.50 sec =  156.2519 Mbps     0 retrans   1152 KB-cwnd
[2024-11-08T11:40:56.277876-0500]     8.7500 MB /   0.50 sec =  146.8147 Mbps     0 retrans   1152 KB-cwnd
[2024-11-08T11:40:56.777956-0500]     9.0000 MB /   0.50 sec =  150.9919 Mbps     0 retrans   1152 KB-cwnd
[2024-11-08T11:40:57.278052-0500]     7.7500 MB /   0.50 sec =  130.0042 Mbps     0 retrans   1152 KB-cwnd
[2024-11-08T11:40:57.778080-0500]     2.9375 MB /   0.50 sec =   49.2777 Mbps     0 retrans   1152 KB-cwnd
[2024-11-08T11:40:58.278169-0500]     6.8750 MB /   0.50 sec =  115.3627 Mbps     0 retrans   1152 KB-cwnd
[2024-11-08T11:40:58.777958-0500]     8.0625 MB /   0.50 sec =  135.2771 Mbps     0 retrans   1152 KB-cwnd
[2024-11-08T11:40:59.277880-0500]     8.9375 MB /   0.50 sec =  149.9551 Mbps     0 retrans   1152 KB-cwnd
[2024-11-08T11:40:59.777933-0500]     8.1250 MB /   0.50 sec =  136.3021 Mbps     0 retrans   1152 KB-cwnd
[2024-11-08T11:41:00.278110-0500]     8.8125 MB /   0.50 sec =  147.8096 Mbps     0 retrans   1136 KB-cwnd
[2024-11-08T11:41:00.777970-0500]     8.1250 MB /   0.50 sec =  136.3544 Mbps     0 retrans   2512 KB-cwnd
[2024-11-08T11:41:01.277971-0500]     8.8125 MB /   0.50 sec =  147.8501 Mbps     0 retrans   2512 KB-cwnd
[2024-11-08T11:41:01.778028-0500]    10.3125 MB /   0.50 sec =  173.0036 Mbps     0 retrans   2512 KB-cwnd
[2024-11-08T11:41:02.278072-0500]    10.4375 MB /   0.50 sec =  175.0688 Mbps     0 retrans   2512 KB-cwnd
[2024-11-08T11:41:02.778033-0500]    10.1250 MB /   0.50 sec =  169.9047 Mbps     0 retrans   2512 KB-cwnd
[2024-11-08T11:41:03.278053-0500]     9.8750 MB /   0.50 sec =  165.6747 Mbps     0 retrans   2512 KB-cwnd
[2024-11-08T11:41:03.777888-0500]     8.3125 MB /   0.50 sec =  139.4799 Mbps     0 retrans   2512 KB-cwnd
[2024-11-08T11:41:04.277979-0500]    11.3125 MB /   0.50 sec =  189.7835 Mbps     1 retrans   2555 KB-cwnd
[2024-11-08T11:41:04.778037-0500]    11.5000 MB /   0.50 sec =  192.9461 Mbps     0 retrans   2555 KB-cwnd
[2024-11-08T11:41:05.278268-0500]    11.1250 MB /   0.50 sec =  186.5421 Mbps     0 retrans   2555 KB-cwnd
[2024-11-08T11:41:05.778181-0500]    11.0625 MB /   0.50 sec =  185.6990 Mbps     0 retrans   2555 KB-cwnd
[2024-11-08T11:41:06.277875-0500]    10.1250 MB /   0.50 sec =  169.8768 Mbps     0 retrans   2555 KB-cwnd
[2024-11-08T11:41:06.777852-0500]     9.6250 MB /   0.50 sec =  161.4839 Mbps     0 retrans   2574 KB-cwnd
[2024-11-08T11:41:07.278157-0500]     9.8750 MB /   0.50 sec =  165.6088 Mbps     0 retrans   2574 KB-cwnd
[2024-11-08T11:41:07.777944-0500]     9.7500 MB /   0.50 sec =  163.6328 Mbps     0 retrans   2483 KB-cwnd
[2024-11-08T11:41:08.277898-0500]     9.3125 MB /   0.50 sec =  156.2409 Mbps     0 retrans   2483 KB-cwnd
[2024-11-08T11:41:08.777980-0500]     8.6875 MB /   0.50 sec =  145.7422 Mbps     0 retrans   2483 KB-cwnd
[2024-11-08T11:41:09.278136-0500]     9.3125 MB /   0.50 sec =  156.2347 Mbps     0 retrans   2483 KB-cwnd
[2024-11-08T11:41:09.777969-0500]     9.2500 MB /   0.50 sec =  155.1818 Mbps     0 retrans   2483 KB-cwnd
[2024-11-08T11:41:10.278021-0500]     8.0625 MB /   0.50 sec =  135.2660 Mbps     0 retrans   2483 KB-cwnd
[2024-11-08T11:41:10.777889-0500]     9.6250 MB /   0.50 sec =  161.5017 Mbps     0 retrans   2483 KB-cwnd
[2024-11-08T11:41:11.278053-0500]     9.1875 MB /   0.50 sec =  154.1179 Mbps     0 retrans   2832 KB-cwnd
[2024-11-08T11:41:11.777983-0500]     8.4375 MB /   0.50 sec =  141.5716 Mbps     0 retrans   2832 KB-cwnd
[2024-11-08T11:41:12.277933-0500]     9.2500 MB /   0.50 sec =  155.2026 Mbps     0 retrans   2832 KB-cwnd
[2024-11-08T11:41:12.778076-0500]     8.4375 MB /   0.50 sec =  141.5190 Mbps     0 retrans   2832 KB-cwnd
[2024-11-08T11:41:13.277871-0500]     8.9375 MB /   0.50 sec =  149.9863 Mbps     0 retrans   2832 KB-cwnd
[2024-11-08T11:41:13.778217-0500]     9.0625 MB /   0.50 sec =  152.0183 Mbps     0 retrans   2832 KB-cwnd
[2024-11-08T11:41:14.278032-0500]     9.6250 MB /   0.50 sec =  161.4726 Mbps     0 retrans   2832 KB-cwnd
[2024-11-08T11:41:14.778085-0500]     8.1875 MB /   0.50 sec =  137.3813 Mbps     0 retrans   2832 KB-cwnd
[2024-11-08T11:41:15.278066-0500]     8.0000 MB /   0.50 sec =  134.2043 Mbps     0 retrans   2566 KB-cwnd
[2024-11-08T11:41:15.777962-0500]     4.1875 MB /   0.50 sec =   70.2623 Mbps     0 retrans   2566 KB-cwnd
[2024-11-08T11:41:16.277943-0500]     8.6875 MB /   0.50 sec =  145.7556 Mbps     0 retrans   2566 KB-cwnd
[2024-11-08T11:41:16.777968-0500]     8.5000 MB /   0.50 sec =  142.6092 Mbps     0 retrans   2604 KB-cwnd
[2024-11-08T11:41:17.278003-0500]     8.0625 MB /   0.50 sec =  135.2555 Mbps     0 retrans   2604 KB-cwnd
[2024-11-08T11:41:17.777886-0500]     8.7500 MB /   0.50 sec =  146.8115 Mbps     0 retrans   2604 KB-cwnd
[2024-11-08T11:41:18.277963-0500]    10.3750 MB /   0.50 sec =  174.0556 Mbps     0 retrans   2604 KB-cwnd
[2024-11-08T11:41:18.777977-0500]     9.5000 MB /   0.50 sec =  159.3887 Mbps     0 retrans   2623 KB-cwnd
[2024-11-08T11:41:19.277886-0500]     9.0000 MB /   0.50 sec =  150.9983 Mbps     0 retrans   2623 KB-cwnd
[2024-11-08T11:41:19.778074-0500]     8.8125 MB /   0.50 sec =  147.8442 Mbps     0 retrans   2674 KB-cwnd
[2024-11-08T11:41:20.278026-0500]     8.8125 MB /   0.50 sec =  147.8409 Mbps     0 retrans   2674 KB-cwnd
[2024-11-08T11:41:20.777968-0500]     9.0625 MB /   0.50 sec =  152.0551 Mbps     0 retrans   2674 KB-cwnd
[2024-11-08T11:41:21.277916-0500]     9.9375 MB /   0.50 sec =  166.7256 Mbps     0 retrans   2674 KB-cwnd
[2024-11-08T11:41:21.777927-0500]     8.3125 MB /   0.50 sec =  139.4542 Mbps     0 retrans   2674 KB-cwnd
[2024-11-08T11:41:22.277991-0500]     9.1875 MB /   0.50 sec =  154.1391 Mbps     0 retrans   2674 KB-cwnd
[2024-11-08T11:41:22.778038-0500]    10.3750 MB /   0.50 sec =  174.0650 Mbps     0 retrans   2639 KB-cwnd
[2024-11-08T11:41:23.278043-0500]    10.3750 MB /   0.50 sec =  174.0480 Mbps     0 retrans   2421 KB-cwnd
[2024-11-08T11:41:23.777989-0500]     7.5000 MB /   0.50 sec =  125.8450 Mbps     0 retrans   2421 KB-cwnd
[2024-11-08T11:41:24.277905-0500]     7.7500 MB /   0.50 sec =  130.0271 Mbps     0 retrans   2284 KB-cwnd
[2024-11-08T11:41:24.778114-0500]    10.1250 MB /   0.50 sec =  169.8146 Mbps     0 retrans   2284 KB-cwnd
[2024-11-08T11:41:25.277982-0500]    11.1250 MB /   0.50 sec =  186.6947 Mbps     0 retrans   2284 KB-cwnd
[2024-11-08T11:41:25.778066-0500]     8.3750 MB /   0.50 sec =  140.5120 Mbps     0 retrans   2284 KB-cwnd
[2024-11-08T11:41:26.278055-0500]     8.3125 MB /   0.50 sec =  139.4467 Mbps     0 retrans   2284 KB-cwnd
[2024-11-08T11:41:26.777900-0500]     9.2500 MB /   0.50 sec =  155.2113 Mbps     0 retrans   2284 KB-cwnd
[2024-11-08T11:41:27.277923-0500]     8.8125 MB /   0.50 sec =  147.8448 Mbps     0 retrans   2679 KB-cwnd
[2024-11-08T11:41:27.778066-0500]     8.6250 MB /   0.50 sec =  144.6844 Mbps     0 retrans   2679 KB-cwnd
[2024-11-08T11:41:28.278071-0500]     6.8125 MB /   0.50 sec =  114.2930 Mbps     0 retrans   2679 KB-cwnd
[2024-11-08T11:41:28.777873-0500]     4.3750 MB /   0.50 sec =   73.4153 Mbps     0 retrans   2679 KB-cwnd
[2024-11-08T11:41:29.278031-0500]     6.5625 MB /   0.50 sec =  110.0752 Mbps     0 retrans   2679 KB-cwnd
[2024-11-08T11:41:29.777907-0500]     6.5000 MB /   0.50 sec =  109.0739 Mbps     0 retrans   2679 KB-cwnd
[2024-11-08T11:41:30.277971-0500]     7.2500 MB /   0.50 sec =  121.6265 Mbps     0 retrans   2679 KB-cwnd
[2024-11-08T11:41:30.778092-0500]     6.0000 MB /   0.50 sec =  100.6422 Mbps     0 retrans   2679 KB-cwnd
[2024-11-08T11:41:31.278245-0500]     5.4375 MB /   0.50 sec =   91.2263 Mbps     0 retrans   2679 KB-cwnd
[2024-11-08T11:41:31.777900-0500]     5.1250 MB /   0.50 sec =   86.0063 Mbps     0 retrans   2679 KB-cwnd
[2024-11-08T11:41:32.277930-0500]     6.0625 MB /   0.50 sec =  101.7064 Mbps     0 retrans   2679 KB-cwnd
[2024-11-08T11:41:32.777982-0500]     5.7500 MB /   0.50 sec =   96.4729 Mbps     0 retrans   2679 KB-cwnd
[2024-11-08T11:41:33.278044-0500]     6.3125 MB /   0.50 sec =  105.8903 Mbps     0 retrans   2606 KB-cwnd
[2024-11-08T11:41:33.777924-0500]     6.6250 MB /   0.50 sec =  111.1677 Mbps     0 retrans   2606 KB-cwnd
[2024-11-08T11:41:34.277869-0500]     6.8750 MB /   0.50 sec =  115.3452 Mbps     0 retrans   2606 KB-cwnd
[2024-11-08T11:41:34.778010-0500]     5.7500 MB /   0.50 sec =   96.4607 Mbps     0 retrans   2606 KB-cwnd
[2024-11-08T11:41:35.278059-0500]     5.9375 MB /   0.50 sec =   99.6157 Mbps     0 retrans   2606 KB-cwnd
[2024-11-08T11:41:35.778108-0500]     5.6875 MB /   0.50 sec =   95.3994 Mbps     0 retrans   2606 KB-cwnd
[2024-11-08T11:41:36.278069-0500]     5.6875 MB /   0.50 sec =   95.4212 Mbps     0 retrans   2606 KB-cwnd
[2024-11-08T11:41:36.777904-0500]     5.8750 MB /   0.50 sec =   98.5874 Mbps     0 retrans   2606 KB-cwnd
[2024-11-08T11:41:37.278323-0500]     6.0625 MB /   0.50 sec =  101.7033 Mbps     0 retrans   2571 KB-cwnd
[2024-11-08T11:41:37.777969-0500]     6.8125 MB /   0.50 sec =  114.3048 Mbps     0 retrans   2571 KB-cwnd
[2024-11-08T11:41:38.278133-0500]     5.8750 MB /   0.50 sec =   98.5472 Mbps     0 retrans   2571 KB-cwnd
[2024-11-08T11:41:38.778014-0500]     5.2500 MB /   0.50 sec =   88.0931 Mbps     0 retrans   2252 KB-cwnd
[2024-11-08T11:41:39.277872-0500]     5.5000 MB /   0.50 sec =   92.2883 Mbps     0 retrans   2252 KB-cwnd
[2024-11-08T11:41:39.777965-0500]     2.6250 MB /   0.50 sec =   44.0376 Mbps     0 retrans   2252 KB-cwnd
[2024-11-08T11:41:40.277899-0500]     5.3750 MB /   0.50 sec =   90.1754 Mbps     0 retrans   2252 KB-cwnd
[2024-11-08T11:41:40.777952-0500]     5.5000 MB /   0.50 sec =   92.2776 Mbps     0 retrans   2252 KB-cwnd
[2024-11-08T11:41:41.278015-0500]     5.6875 MB /   0.50 sec =   95.4095 Mbps     0 retrans   2252 KB-cwnd
[2024-11-08T11:41:41.777895-0500]     5.3750 MB /   0.50 sec =   90.1878 Mbps     0 retrans   2252 KB-cwnd
[2024-11-08T11:41:42.278015-0500]     5.1875 MB /   0.50 sec =   87.0181 Mbps     0 retrans   2252 KB-cwnd
[2024-11-08T11:41:42.777890-0500]     3.6875 MB /   0.50 sec =   61.8764 Mbps     0 retrans   2252 KB-cwnd
[2024-11-08T11:41:43.278638-0500]     3.0625 MB /   0.50 sec =   51.3630 Mbps     0 retrans   2252 KB-cwnd
[2024-11-08T11:41:43.777938-0500]     3.8750 MB /   0.50 sec =   65.0333 Mbps     0 retrans   2252 KB-cwnd
[2024-11-08T11:41:44.277887-0500]     4.0000 MB /   0.50 sec =   67.1073 Mbps     0 retrans   2252 KB-cwnd
[2024-11-08T11:41:44.777970-0500]     4.8125 MB /   0.50 sec =   80.7378 Mbps     0 retrans   2252 KB-cwnd
[2024-11-08T11:41:45.277856-0500]     5.8125 MB /   0.50 sec =   97.5256 Mbps     0 retrans   2252 KB-cwnd
[2024-11-08T11:41:45.778114-0500]     5.7500 MB /   0.50 sec =   96.4414 Mbps     0 retrans   2252 KB-cwnd
[2024-11-08T11:41:46.277913-0500]     6.5000 MB /   0.50 sec =  109.0803 Mbps     0 retrans   1695 KB-cwnd
[2024-11-08T11:41:46.777894-0500]     5.2500 MB /   0.50 sec =   88.0816 Mbps     0 retrans   1695 KB-cwnd
[2024-11-08T11:41:47.278055-0500]     5.1250 MB /   0.50 sec =   85.9700 Mbps     0 retrans   1695 KB-cwnd
[2024-11-08T11:41:47.778228-0500]     4.4375 MB /   0.50 sec =   74.4490 Mbps     0 retrans   1695 KB-cwnd
[2024-11-08T11:41:48.277983-0500]     3.6875 MB /   0.50 sec =   61.8682 Mbps     0 retrans   1695 KB-cwnd
[2024-11-08T11:41:48.778058-0500]     3.3750 MB /   0.50 sec =   56.6214 Mbps     0 retrans   1695 KB-cwnd
[2024-11-08T11:41:49.277886-0500]     6.3125 MB /   0.50 sec =  105.9180 Mbps     0 retrans   1695 KB-cwnd
[2024-11-08T11:41:49.777899-0500]     5.1250 MB /   0.50 sec =   85.9874 Mbps     0 retrans   1695 KB-cwnd
[2024-11-08T11:41:50.277997-0500]     4.8750 MB /   0.50 sec =   81.7804 Mbps     0 retrans   1695 KB-cwnd
[2024-11-08T11:41:50.777892-0500]     4.8125 MB /   0.50 sec =   80.7447 Mbps     0 retrans   1695 KB-cwnd
[2024-11-08T11:41:51.278222-0500]     6.3750 MB /   0.50 sec =  106.9353 Mbps     0 retrans   1695 KB-cwnd
[2024-11-08T11:41:51.777926-0500]     5.1250 MB /   0.50 sec =   85.9956 Mbps     0 retrans   1695 KB-cwnd
[2024-11-08T11:41:52.278061-0500]     6.6875 MB /   0.50 sec =  112.1893 Mbps     0 retrans   1695 KB-cwnd
[2024-11-08T11:41:52.777989-0500]     7.1250 MB /   0.50 sec =  119.5463 Mbps     0 retrans   1722 KB-cwnd
[2024-11-08T11:41:53.278335-0500]     5.0000 MB /   0.50 sec =   83.8831 Mbps     0 retrans   1722 KB-cwnd
[2024-11-08T11:41:53.778172-0500]     4.1875 MB /   0.50 sec =   70.2389 Mbps     0 retrans   1722 KB-cwnd
[2024-11-08T11:41:54.277886-0500]     6.6875 MB /   0.50 sec =  112.2353 Mbps     0 retrans   1722 KB-cwnd
[2024-11-08T11:41:54.777942-0500]     6.7500 MB /   0.50 sec =  113.2446 Mbps     0 retrans   1722 KB-cwnd
[2024-11-08T11:41:55.277914-0500]     6.6875 MB /   0.50 sec =  112.1952 Mbps     0 retrans   1722 KB-cwnd
[2024-11-08T11:41:55.777995-0500]     3.2500 MB /   0.50 sec =   54.5236 Mbps     0 retrans   1722 KB-cwnd
[2024-11-08T11:41:56.278130-0500]     3.8750 MB /   0.50 sec =   65.0038 Mbps     0 retrans   1722 KB-cwnd
[2024-11-08T11:41:56.777951-0500]     3.0625 MB /   0.50 sec =   51.3858 Mbps     0 retrans   1722 KB-cwnd
[2024-11-08T11:41:57.278025-0500]     4.8750 MB /   0.50 sec =   81.7845 Mbps     0 retrans   1722 KB-cwnd
[2024-11-08T11:41:57.778125-0500]     4.8750 MB /   0.50 sec =   81.7997 Mbps     0 retrans   1722 KB-cwnd
[2024-11-08T11:41:58.278093-0500]     3.9375 MB /   0.50 sec =   66.0484 Mbps     0 retrans   1722 KB-cwnd
[2024-11-08T11:41:58.777993-0500]     3.7500 MB /   0.50 sec =   62.9207 Mbps     0 retrans   1722 KB-cwnd
[2024-11-08T11:41:59.277921-0500]     5.5625 MB /   0.50 sec =   93.3276 Mbps     0 retrans   1722 KB-cwnd
[2024-11-08T11:41:59.777945-0500]     4.5000 MB /   0.50 sec =   75.4979 Mbps     0 retrans   1722 KB-cwnd
[2024-11-08T11:42:00.278118-0500]     5.8125 MB /   0.50 sec =   97.5121 Mbps     0 retrans   1846 KB-cwnd
[2024-11-08T11:42:00.778028-0500]     5.5000 MB /   0.50 sec =   92.2752 Mbps     0 retrans   1846 KB-cwnd
End time: 1731084121011
