Start time: 1730507649866
[2024-11-01T17:34:12.195909-0700] nuttcp-t: v8.1.4: socket
[2024-11-01T17:34:12.196814-0700] nuttcp-t: buflen=65536, nstream=1, port=5103 tcp -> 54.176.53.206
[2024-11-01T17:34:12.196892-0700] nuttcp-t: time limit = 120.00 seconds
[2024-11-01T17:34:12.196946-0700] nuttcp-t: connect to 54.176.53.206 with mss=1448, RTT=50.312 ms af=inet
[2024-11-01T17:34:12.196995-0700] nuttcp-t: send window size = 1048576, receive window size = 1048576
[2024-11-01T17:34:12.197044-0700] nuttcp-t: available send window = 786432, available receive window = 786432
[2024-11-01T17:34:12.197091-0700] nuttcp-t: initial congestion window = 14 KB (10 packets)
[2024-11-01T17:34:12.197137-0700] nuttcp-r: v6.1.2: socket
[2024-11-01T17:34:12.197184-0700] nuttcp-r: buflen=65536, nstream=1, port=5103 tcp
[2024-11-01T17:34:12.197227-0700] nuttcp-r: interval reporting every 0.50 seconds
[2024-11-01T17:34:12.197272-0700] nuttcp-r: accept from 98.97.56.94
[2024-11-01T17:34:12.197318-0700] nuttcp-r: send window size = 450000000, receive window size = 450000000
[2024-11-01T17:34:12.197363-0700] nuttcp-r: available send window = 225000000, available receive window = 225000000
[2024-11-01T17:34:12.197410-0700]     0.0000 MB /   0.50 sec =    0.0000 Mbps    36 retrans     18 KB-cwnd
[2024-11-01T17:34:12.197453-0700]     0.0000 MB /   0.50 sec =    0.0000 Mbps     0 retrans     18 KB-cwnd
[2024-11-01T17:34:12.197499-0700]     0.2500 MB /   0.50 sec =    4.1944 Mbps     0 retrans     18 KB-cwnd
[2024-11-01T17:34:15.435498-0700]     0.0625 MB /   0.50 sec =    1.0486 Mbps    13 retrans     11 KB-cwnd
[2024-11-01T17:34:15.435975-0700]     0.0625 MB /   0.50 sec =    1.0486 Mbps     0 retrans     11 KB-cwnd
[2024-11-01T17:34:15.436095-0700]     0.0625 MB /   0.50 sec =    1.0486 Mbps     0 retrans     11 KB-cwnd
[2024-11-01T17:34:15.436184-0700]     0.0625 MB /   0.50 sec =    1.0485 Mbps     0 retrans     11 KB-cwnd
[2024-11-01T17:34:15.436264-0700]     0.0625 MB /   0.50 sec =    1.0487 Mbps     0 retrans     11 KB-cwnd
[2024-11-01T17:34:15.436345-0700]     0.0625 MB /   0.50 sec =    1.0485 Mbps     0 retrans     11 KB-cwnd
[2024-11-01T17:34:15.436424-0700]     0.0000 MB /   0.50 sec =    0.0000 Mbps     0 retrans     11 KB-cwnd
[2024-11-01T17:34:18.381596-0700]     0.0625 MB /   0.50 sec =    1.0486 Mbps    14 retrans     12 KB-cwnd
[2024-11-01T17:34:18.382053-0700]     0.0625 MB /   0.50 sec =    1.0485 Mbps     0 retrans     12 KB-cwnd
[2024-11-01T17:34:18.382197-0700]     0.0625 MB /   0.50 sec =    1.0486 Mbps     0 retrans     12 KB-cwnd
[2024-11-01T17:34:18.382313-0700]     0.0625 MB /   0.50 sec =    1.0485 Mbps     0 retrans     12 KB-cwnd
[2024-11-01T17:34:18.382418-0700]     0.0625 MB /   0.50 sec =    1.0486 Mbps     0 retrans     12 KB-cwnd
[2024-11-01T17:34:18.382522-0700]     0.0625 MB /   0.50 sec =    1.0486 Mbps     0 retrans     12 KB-cwnd
[2024-11-01T17:34:21.407709-0700]     0.0625 MB /   0.50 sec =    1.0485 Mbps    18 retrans      8 KB-cwnd
[2024-11-01T17:34:21.408278-0700]     0.0625 MB /   0.50 sec =    1.0486 Mbps     0 retrans      8 KB-cwnd
[2024-11-01T17:34:21.408430-0700]     0.0625 MB /   0.50 sec =    1.0485 Mbps     0 retrans      8 KB-cwnd
[2024-11-01T17:34:21.408555-0700]     0.0625 MB /   0.50 sec =    1.0486 Mbps     0 retrans      8 KB-cwnd
[2024-11-01T17:34:21.408671-0700]     0.0625 MB /   0.50 sec =    1.0486 Mbps     0 retrans      8 KB-cwnd
[2024-11-01T17:34:21.408786-0700]     0.0625 MB /   0.50 sec =    1.0486 Mbps     0 retrans      8 KB-cwnd
[2024-11-01T17:34:24.707749-0700]     0.0625 MB /   0.50 sec =    1.0486 Mbps    16 retrans      9 KB-cwnd
[2024-11-01T17:34:24.708332-0700]     0.0625 MB /   0.50 sec =    1.0486 Mbps     0 retrans      9 KB-cwnd
[2024-11-01T17:34:24.708441-0700]     0.0625 MB /   0.50 sec =    1.0486 Mbps     0 retrans      9 KB-cwnd
[2024-11-01T17:34:24.708531-0700]     0.0000 MB /   0.50 sec =    0.0000 Mbps     0 retrans      9 KB-cwnd
[2024-11-01T17:34:24.708629-0700]     0.0625 MB /   0.50 sec =    1.0486 Mbps     0 retrans      9 KB-cwnd
[2024-11-01T17:34:24.708723-0700]     0.1250 MB /   0.50 sec =    2.0972 Mbps     0 retrans      9 KB-cwnd
[2024-11-01T17:34:27.704561-0700]     0.0000 MB /   0.50 sec =    0.0000 Mbps    12 retrans     24 KB-cwnd
[2024-11-01T17:34:27.704948-0700]     0.0625 MB /   0.50 sec =    1.0486 Mbps     0 retrans     24 KB-cwnd
[2024-11-01T17:34:27.705070-0700]     0.0625 MB /   0.50 sec =    1.0486 Mbps     0 retrans     24 KB-cwnd
[2024-11-01T17:34:27.705168-0700]     0.0625 MB /   0.50 sec =    1.0486 Mbps     0 retrans     24 KB-cwnd
[2024-11-01T17:34:27.705255-0700]     0.0625 MB /   0.50 sec =    1.0486 Mbps     0 retrans     24 KB-cwnd
[2024-11-01T17:34:27.705339-0700]     0.0000 MB /   0.50 sec =    0.0000 Mbps     0 retrans     24 KB-cwnd
[2024-11-01T17:34:28.248767-0700]     0.1250 MB /   0.50 sec =    2.0973 Mbps     9 retrans     43 KB-cwnd
[2024-11-01T17:34:28.248938-0700]     0.3750 MB /   0.50 sec =    6.2914 Mbps     0 retrans     43 KB-cwnd
[2024-11-01T17:34:28.834262-0700]     0.3750 MB /   0.50 sec =    6.2911 Mbps     7 retrans     28 KB-cwnd
[2024-11-01T17:34:29.587705-0700]     0.3125 MB /   0.50 sec =    5.2433 Mbps     7 retrans     21 KB-cwnd
[2024-11-01T17:34:30.667188-0700]     0.1875 MB /   0.50 sec =    3.1457 Mbps     8 retrans     15 KB-cwnd
[2024-11-01T17:34:30.667958-0700]     0.1875 MB /   0.50 sec =    3.1456 Mbps     0 retrans     15 KB-cwnd
[2024-11-01T17:34:31.457694-0700]     0.1250 MB /   0.50 sec =    2.0973 Mbps     2 retrans     70 KB-cwnd
[2024-11-01T17:34:31.458176-0700]     0.2500 MB /   0.50 sec =    4.1942 Mbps     0 retrans     70 KB-cwnd
[2024-11-01T17:34:31.850189-0700]     0.4375 MB /   0.50 sec =    7.3401 Mbps     4 retrans     33 KB-cwnd
[2024-11-01T17:34:32.515999-0700]     0.3125 MB /   0.50 sec =    5.2430 Mbps     1 retrans     31 KB-cwnd
[2024-11-01T17:34:33.046130-0700]     0.2500 MB /   0.50 sec =    4.1942 Mbps     2 retrans     56 KB-cwnd
[2024-11-01T17:34:33.564369-0700]     0.4375 MB /   0.50 sec =    7.3401 Mbps    12 retrans     38 KB-cwnd
[2024-11-01T17:34:34.161878-0700]     0.3125 MB /   0.50 sec =    5.2429 Mbps     2 retrans     26 KB-cwnd
[2024-11-01T17:34:35.160001-0700]     0.2500 MB /   0.50 sec =    4.1943 Mbps     5 retrans     25 KB-cwnd
[2024-11-01T17:34:35.160335-0700]     0.1875 MB /   0.50 sec =    3.1457 Mbps     0 retrans     25 KB-cwnd
[2024-11-01T17:34:36.029873-0700]     0.1875 MB /   0.50 sec =    3.1458 Mbps     6 retrans     21 KB-cwnd
[2024-11-01T17:34:36.030340-0700]     0.2500 MB /   0.50 sec =    4.1944 Mbps     0 retrans     21 KB-cwnd
[2024-11-01T17:34:36.845798-0700]     0.1875 MB /   0.50 sec =    3.1456 Mbps     3 retrans     77 KB-cwnd
[2024-11-01T17:34:36.846237-0700]     0.2500 MB /   0.50 sec =    4.1942 Mbps     0 retrans     77 KB-cwnd
[2024-11-01T17:34:37.592778-0700]     0.6250 MB /   0.50 sec =   10.4859 Mbps    10 retrans     31 KB-cwnd
[2024-11-01T17:34:38.235539-0700]     0.2500 MB /   0.50 sec =    4.1944 Mbps     1 retrans     29 KB-cwnd
[2024-11-01T17:34:38.235968-0700]     0.3125 MB /   0.50 sec =    5.2428 Mbps     0 retrans     29 KB-cwnd
[2024-11-01T17:34:39.021499-0700]     0.2500 MB /   0.50 sec =    4.1943 Mbps     2 retrans     28 KB-cwnd
[2024-11-01T17:34:39.665772-0700]     0.2500 MB /   0.50 sec =    4.1945 Mbps     0 retrans     35 KB-cwnd
[2024-11-01T17:34:40.144419-0700]     0.3125 MB /   0.50 sec =    5.2427 Mbps     3 retrans     74 KB-cwnd
[2024-11-01T17:34:40.536093-0700]     0.5000 MB /   0.50 sec =    8.3888 Mbps     9 retrans     36 KB-cwnd
[2024-11-01T17:34:41.066909-0700]     0.3750 MB /   0.50 sec =    6.2915 Mbps     1 retrans     32 KB-cwnd
[2024-11-01T17:34:41.877003-0700]     0.3750 MB /   0.50 sec =    6.2914 Mbps     2 retrans     24 KB-cwnd
[2024-11-01T17:34:41.877481-0700]     0.2500 MB /   0.50 sec =    4.1944 Mbps     0 retrans     24 KB-cwnd
[2024-11-01T17:34:43.906251-0700]     0.1250 MB /   0.50 sec =    2.0969 Mbps     8 retrans     21 KB-cwnd
[2024-11-01T17:34:43.906758-0700]     0.0625 MB /   0.50 sec =    1.0487 Mbps     0 retrans     21 KB-cwnd
[2024-11-01T17:34:43.906901-0700]     0.1250 MB /   0.50 sec =    2.0958 Mbps     0 retrans     21 KB-cwnd
[2024-11-01T17:34:43.907071-0700]     0.0625 MB /   0.50 sec =    1.0492 Mbps     0 retrans     21 KB-cwnd
[2024-11-01T17:34:46.634703-0700]     0.0625 MB /   0.50 sec =    1.0486 Mbps    14 retrans     18 KB-cwnd
[2024-11-01T17:34:46.635159-0700]     0.0625 MB /   0.50 sec =    1.0485 Mbps     0 retrans     18 KB-cwnd
[2024-11-01T17:34:46.635366-0700]     0.1250 MB /   0.50 sec =    2.0974 Mbps     0 retrans     18 KB-cwnd
[2024-11-01T17:34:46.635475-0700]     0.0625 MB /   0.50 sec =    1.0486 Mbps     0 retrans     18 KB-cwnd
[2024-11-01T17:34:46.635564-0700]     0.0625 MB /   0.50 sec =    1.0486 Mbps     0 retrans     18 KB-cwnd
[2024-11-01T17:34:49.183397-0700]     0.0625 MB /   0.50 sec =    1.0486 Mbps     9 retrans     25 KB-cwnd
[2024-11-01T17:34:49.183776-0700]     0.0625 MB /   0.50 sec =    1.0486 Mbps     0 retrans     25 KB-cwnd
[2024-11-01T17:34:49.183879-0700]     0.0625 MB /   0.50 sec =    1.0486 Mbps     0 retrans     25 KB-cwnd
[2024-11-01T17:34:49.183978-0700]     0.0625 MB /   0.50 sec =    1.0485 Mbps     0 retrans     25 KB-cwnd
[2024-11-01T17:34:49.184063-0700]     0.1250 MB /   0.50 sec =    2.0971 Mbps     0 retrans     25 KB-cwnd
[2024-11-01T17:34:50.984732-0700]     0.0625 MB /   0.50 sec =    1.0486 Mbps     7 retrans     16 KB-cwnd
[2024-11-01T17:34:50.985020-0700]     0.1250 MB /   0.50 sec =    2.0972 Mbps     0 retrans     16 KB-cwnd
[2024-11-01T17:34:50.985107-0700]     0.0625 MB /   0.50 sec =    1.0485 Mbps     0 retrans     16 KB-cwnd
[2024-11-01T17:34:50.985180-0700]     0.0625 MB /   0.50 sec =    1.0486 Mbps     0 retrans     16 KB-cwnd
[2024-11-01T17:34:53.093502-0700]     0.1250 MB /   0.50 sec =    2.0972 Mbps     4 retrans     21 KB-cwnd
[2024-11-01T17:34:53.093996-0700]     0.1250 MB /   0.50 sec =    2.0972 Mbps     0 retrans     21 KB-cwnd
[2024-11-01T17:34:53.094143-0700]     0.0625 MB /   0.50 sec =    1.0486 Mbps     0 retrans     21 KB-cwnd
[2024-11-01T17:34:53.094259-0700]     0.0625 MB /   0.50 sec =    1.0486 Mbps     0 retrans     21 KB-cwnd
[2024-11-01T17:34:54.056062-0700]     0.1250 MB /   0.50 sec =    2.0971 Mbps     5 retrans     60 KB-cwnd
[2024-11-01T17:34:54.056276-0700]     0.1250 MB /   0.50 sec =    2.0971 Mbps     0 retrans     60 KB-cwnd
[2024-11-01T17:34:54.718283-0700]     0.3750 MB /   0.50 sec =    6.2914 Mbps     0 retrans     63 KB-cwnd
[2024-11-01T17:34:55.469887-0700]     0.2500 MB /   0.50 sec =    4.1943 Mbps     0 retrans     66 KB-cwnd
[2024-11-01T17:34:55.470378-0700]     0.2500 MB /   0.50 sec =    4.1943 Mbps     0 retrans     66 KB-cwnd
[2024-11-01T17:34:56.234264-0700]     0.1875 MB /   0.50 sec =    3.1455 Mbps     2 retrans     59 KB-cwnd
[2024-11-01T17:34:56.971243-0700]     0.3125 MB /   0.50 sec =    5.2433 Mbps     2 retrans     48 KB-cwnd
[2024-11-01T17:34:56.971536-0700]     0.2500 MB /   0.50 sec =    4.1945 Mbps     0 retrans     48 KB-cwnd
[2024-11-01T17:34:57.724889-0700]     0.1250 MB /   0.50 sec =    2.0971 Mbps     3 retrans     32 KB-cwnd
[2024-11-01T17:34:58.654246-0700]     0.3125 MB /   0.50 sec =    5.2429 Mbps     6 retrans     15 KB-cwnd
[2024-11-01T17:34:58.654730-0700]     0.2500 MB /   0.50 sec =    4.1934 Mbps     0 retrans     15 KB-cwnd
[2024-11-01T17:35:02.178971-0700]     0.1250 MB /   0.50 sec =    2.0976 Mbps    26 retrans     14 KB-cwnd
[2024-11-01T17:35:02.179603-0700]     0.1250 MB /   0.50 sec =    2.0972 Mbps     0 retrans     14 KB-cwnd
[2024-11-01T17:35:02.179751-0700]     0.0000 MB /   0.50 sec =    0.0000 Mbps     0 retrans     14 KB-cwnd
[2024-11-01T17:35:02.179872-0700]     0.0625 MB /   0.50 sec =    1.0486 Mbps     0 retrans     14 KB-cwnd
[2024-11-01T17:35:02.179987-0700]     0.0000 MB /   0.50 sec =    0.0000 Mbps     0 retrans     14 KB-cwnd
[2024-11-01T17:35:02.180094-0700]     0.0625 MB /   0.50 sec =    1.0486 Mbps     0 retrans     14 KB-cwnd
[2024-11-01T17:35:02.180200-0700]     0.0625 MB /   0.50 sec =    1.0486 Mbps     0 retrans     14 KB-cwnd
[2024-11-01T17:35:09.517028-0700]     0.0625 MB /   0.50 sec =    1.0486 Mbps    34 retrans      2 KB-cwnd
[2024-11-01T17:35:09.517594-0700]     0.1250 MB /   0.50 sec =    2.0972 Mbps     0 retrans      2 KB-cwnd
[2024-11-01T17:35:09.517749-0700]     0.1250 MB /   0.50 sec =    2.0971 Mbps     0 retrans      2 KB-cwnd
[2024-11-01T17:35:09.517864-0700]     0.0000 MB /   0.50 sec =    0.0000 Mbps     0 retrans      2 KB-cwnd
[2024-11-01T17:35:09.517971-0700]     0.0625 MB /   0.50 sec =    1.0486 Mbps     0 retrans      2 KB-cwnd
[2024-11-01T17:35:09.518071-0700]     0.0000 MB /   0.50 sec =    0.0000 Mbps     0 retrans      2 KB-cwnd
[2024-11-01T17:35:09.518173-0700]     0.0000 MB /   0.50 sec =    0.0000 Mbps     0 retrans      2 KB-cwnd
[2024-11-01T17:35:09.518276-0700]     0.0000 MB /   0.50 sec =    0.0000 Mbps     0 retrans      2 KB-cwnd
[2024-11-01T17:35:09.518377-0700]     0.0000 MB /   0.50 sec =    0.0000 Mbps     0 retrans      2 KB-cwnd
[2024-11-01T17:35:09.518479-0700]     0.0000 MB /   0.50 sec =    0.0000 Mbps     0 retrans      2 KB-cwnd
[2024-11-01T17:35:09.518578-0700]     0.0000 MB /   0.50 sec =    0.0000 Mbps     0 retrans      2 KB-cwnd
[2024-11-01T17:35:09.518680-0700]     0.0000 MB /   0.50 sec =    0.0000 Mbps     0 retrans      2 KB-cwnd
[2024-11-01T17:35:09.518784-0700]     0.0000 MB /   0.50 sec =    0.0000 Mbps     0 retrans      2 KB-cwnd
[2024-11-01T17:35:09.518885-0700]     0.0000 MB /   0.50 sec =    0.0000 Mbps     0 retrans      2 KB-cwnd
[2024-11-01T17:35:09.518990-0700]     0.0625 MB /   0.50 sec =    1.0486 Mbps     0 retrans      2 KB-cwnd
[2024-11-01T17:35:13.795698-0700]     0.0000 MB /   0.50 sec =    0.0000 Mbps    26 retrans     72 KB-cwnd
[2024-11-01T17:35:13.795981-0700]     0.0625 MB /   0.50 sec =    1.0485 Mbps     0 retrans     72 KB-cwnd
[2024-11-01T17:35:13.796018-0700]     0.0000 MB /   0.50 sec =    0.0000 Mbps     0 retrans     72 KB-cwnd
[2024-11-01T17:35:13.796053-0700]     0.0625 MB /   0.50 sec =    1.0486 Mbps     0 retrans     72 KB-cwnd
[2024-11-01T17:35:13.796081-0700]     0.0000 MB /   0.50 sec =    0.0000 Mbps     0 retrans     72 KB-cwnd
[2024-11-01T17:35:13.796110-0700]     0.0000 MB /   0.50 sec =    0.0000 Mbps     0 retrans     72 KB-cwnd
[2024-11-01T17:35:13.796138-0700]     0.0000 MB /   0.50 sec =    0.0000 Mbps     0 retrans     72 KB-cwnd
[2024-11-01T17:35:13.796167-0700]     0.0625 MB /   0.50 sec =    1.0485 Mbps     0 retrans     72 KB-cwnd
[2024-11-01T17:35:13.796194-0700]     0.1875 MB /   0.50 sec =    3.1457 Mbps     0 retrans     72 KB-cwnd
[2024-11-01T17:35:15.458541-0700]     0.4375 MB /   0.50 sec =    7.3400 Mbps    26 retrans     25 KB-cwnd
[2024-11-01T17:35:15.459022-0700]     0.1250 MB /   0.50 sec =    2.0972 Mbps     0 retrans     25 KB-cwnd
[2024-11-01T17:35:15.459163-0700]     0.1250 MB /   0.50 sec =    2.0971 Mbps     0 retrans     25 KB-cwnd
[2024-11-01T17:35:16.057024-0700]     0.3125 MB /   0.50 sec =    5.2428 Mbps    18 retrans     56 KB-cwnd
[2024-11-01T17:35:16.579790-0700]     0.3125 MB /   0.50 sec =    5.2430 Mbps     6 retrans     22 KB-cwnd
[2024-11-01T17:35:18.123730-0700]     0.2500 MB /   0.50 sec =    4.1944 Mbps     9 retrans     15 KB-cwnd
[2024-11-01T17:35:18.124182-0700]     0.1250 MB /   0.50 sec =    2.0970 Mbps     0 retrans     15 KB-cwnd
[2024-11-01T17:35:18.124298-0700]     0.1250 MB /   0.50 sec =    2.0972 Mbps     0 retrans     15 KB-cwnd
[2024-11-01T17:35:19.557462-0700]     0.0625 MB /   0.50 sec =    1.0486 Mbps    12 retrans     14 KB-cwnd
[2024-11-01T17:35:19.557946-0700]     0.1250 MB /   0.50 sec =    2.0973 Mbps     0 retrans     14 KB-cwnd
[2024-11-01T17:35:19.558088-0700]     0.1250 MB /   0.50 sec =    2.0971 Mbps     0 retrans     14 KB-cwnd
[2024-11-01T17:35:22.048988-0700]     0.1250 MB /   0.50 sec =    2.0971 Mbps    24 retrans     11 KB-cwnd
[2024-11-01T17:35:22.049502-0700]     0.1250 MB /   0.50 sec =    2.0969 Mbps     0 retrans     11 KB-cwnd
[2024-11-01T17:35:22.049647-0700]     0.0000 MB /   0.50 sec =    0.0000 Mbps     0 retrans     11 KB-cwnd
[2024-11-01T17:35:22.049763-0700]     0.1250 MB /   0.50 sec =    2.0968 Mbps     0 retrans     11 KB-cwnd
[2024-11-01T17:35:22.049875-0700]     0.0625 MB /   0.50 sec =    1.0487 Mbps     0 retrans     11 KB-cwnd
[2024-11-01T17:35:23.947883-0700]     0.0625 MB /   0.50 sec =    1.0486 Mbps    12 retrans     18 KB-cwnd
[2024-11-01T17:35:23.948574-0700]     0.1250 MB /   0.50 sec =    2.0971 Mbps     0 retrans     18 KB-cwnd
[2024-11-01T17:35:23.948932-0700]     0.0625 MB /   0.50 sec =    1.0485 Mbps     0 retrans     18 KB-cwnd
[2024-11-01T17:35:23.949023-0700]     0.1250 MB /   0.50 sec =    2.0975 Mbps     0 retrans     18 KB-cwnd
[2024-11-01T17:35:25.112049-0700]     0.1875 MB /   0.50 sec =    3.1457 Mbps     7 retrans     12 KB-cwnd
[2024-11-01T17:35:25.112293-0700]     0.1250 MB /   0.50 sec =    2.0968 Mbps     0 retrans     12 KB-cwnd
[2024-11-01T17:35:26.579456-0700]     0.1250 MB /   0.50 sec =    2.0975 Mbps    11 retrans     14 KB-cwnd
[2024-11-01T17:35:26.579579-0700]     0.1875 MB /   0.50 sec =    3.1457 Mbps     0 retrans     14 KB-cwnd
[2024-11-01T17:35:26.579612-0700]     0.1250 MB /   0.50 sec =    2.0972 Mbps     0 retrans     14 KB-cwnd
[2024-11-01T17:35:27.936675-0700]     0.0625 MB /   0.50 sec =    1.0486 Mbps     6 retrans     86 KB-cwnd
[2024-11-01T17:35:27.937177-0700]     0.1250 MB /   0.50 sec =    2.0971 Mbps     0 retrans     86 KB-cwnd
[2024-11-01T17:35:27.937313-0700]     0.1250 MB /   0.50 sec =    2.0972 Mbps     0 retrans     86 KB-cwnd
[2024-11-01T17:35:28.613840-0700]     0.5000 MB /   0.50 sec =    8.3885 Mbps     5 retrans     43 KB-cwnd
[2024-11-01T17:35:29.023868-0700]     0.5000 MB /   0.50 sec =    8.3884 Mbps     3 retrans     38 KB-cwnd
[2024-11-01T17:35:29.586825-0700]     0.3750 MB /   0.50 sec =    6.2918 Mbps     5 retrans     32 KB-cwnd
[2024-11-01T17:35:30.302878-0700]     0.3125 MB /   0.50 sec =    5.2429 Mbps     3 retrans     19 KB-cwnd
[2024-11-01T17:35:30.303647-0700]     0.2500 MB /   0.50 sec =    4.1940 Mbps     0 retrans     19 KB-cwnd
[2024-11-01T17:35:31.064756-0700]     0.1875 MB /   0.50 sec =    3.1458 Mbps     0 retrans     96 KB-cwnd
[2024-11-01T17:35:31.344797-0700]     0.5000 MB /   0.50 sec =    8.3887 Mbps    16 retrans     72 KB-cwnd
[2024-11-01T17:35:31.958024-0700]     0.6250 MB /   0.50 sec =   10.4858 Mbps     7 retrans     48 KB-cwnd
[2024-11-01T17:35:32.305830-0700]     0.5000 MB /   0.50 sec =    8.3883 Mbps     4 retrans     39 KB-cwnd
[2024-11-01T17:35:32.783636-0700]     0.4375 MB /   0.50 sec =    7.3404 Mbps     0 retrans     43 KB-cwnd
[2024-11-01T17:35:33.299927-0700]     0.3750 MB /   0.50 sec =    6.2913 Mbps     8 retrans     21 KB-cwnd
[2024-11-01T17:35:34.143108-0700]     0.1875 MB /   0.50 sec =    3.1458 Mbps     4 retrans     21 KB-cwnd
[2024-11-01T17:35:34.884063-0700]     0.2500 MB /   0.50 sec =    4.1942 Mbps     2 retrans     21 KB-cwnd
[2024-11-01T17:35:34.884624-0700]     0.2500 MB /   0.50 sec =    4.1945 Mbps     0 retrans     21 KB-cwnd
[2024-11-01T17:35:35.683412-0700]     0.1875 MB /   0.50 sec =    3.1456 Mbps     0 retrans     29 KB-cwnd
[2024-11-01T17:35:36.412362-0700]     0.3125 MB /   0.50 sec =    5.2431 Mbps     9 retrans     28 KB-cwnd
[2024-11-01T17:35:36.412733-0700]     0.2500 MB /   0.50 sec =    4.1942 Mbps     0 retrans     28 KB-cwnd
[2024-11-01T17:35:37.147708-0700]     0.2500 MB /   0.50 sec =    4.1943 Mbps     4 retrans     28 KB-cwnd
[2024-11-01T17:35:37.996765-0700]     0.2500 MB /   0.50 sec =    4.1943 Mbps     8 retrans     18 KB-cwnd
[2024-11-01T17:35:37.997255-0700]     0.1875 MB /   0.50 sec =    3.1458 Mbps     0 retrans     18 KB-cwnd
[2024-11-01T17:35:38.818481-0700]     0.2500 MB /   0.50 sec =    4.1944 Mbps     0 retrans     41 KB-cwnd
[2024-11-01T17:35:38.818837-0700]     0.2500 MB /   0.50 sec =    4.1942 Mbps     0 retrans     41 KB-cwnd
[2024-11-01T17:35:39.376131-0700]     0.3125 MB /   0.50 sec =    5.2429 Mbps     1 retrans     36 KB-cwnd
[2024-11-01T17:35:39.894755-0700]     0.3125 MB /   0.50 sec =    5.2426 Mbps     1 retrans     33 KB-cwnd
[2024-11-01T17:35:40.583770-0700]     0.3125 MB /   0.50 sec =    5.2431 Mbps     4 retrans     24 KB-cwnd
[2024-11-01T17:35:41.382243-0700]     0.3125 MB /   0.50 sec =    5.2427 Mbps     4 retrans     22 KB-cwnd
[2024-11-01T17:35:41.382454-0700]     0.1875 MB /   0.50 sec =    3.1458 Mbps     0 retrans     22 KB-cwnd
[2024-11-01T17:35:42.455915-0700]     0.1875 MB /   0.50 sec =    3.1454 Mbps     1 retrans     26 KB-cwnd
[2024-11-01T17:35:42.456305-0700]     0.1250 MB /   0.50 sec =    2.0972 Mbps     0 retrans     26 KB-cwnd
[2024-11-01T17:35:43.099186-0700]     0.2500 MB /   0.50 sec =    4.1944 Mbps     5 retrans     80 KB-cwnd
[2024-11-01T17:35:43.379584-0700]     0.5000 MB /   0.50 sec =    8.3893 Mbps     4 retrans     49 KB-cwnd
[2024-11-01T17:35:43.780021-0700]     0.5000 MB /   0.50 sec =    8.3889 Mbps     0 retrans     53 KB-cwnd
[2024-11-01T17:35:44.250591-0700]     0.3125 MB /   0.50 sec =    5.2428 Mbps     3 retrans     35 KB-cwnd
[2024-11-01T17:35:44.944858-0700]     0.3750 MB /   0.50 sec =    6.2914 Mbps     1 retrans     32 KB-cwnd
[2024-11-01T17:35:45.755470-0700]     0.2500 MB /   0.50 sec =    4.1942 Mbps     3 retrans     22 KB-cwnd
[2024-11-01T17:35:45.755940-0700]     0.1875 MB /   0.50 sec =    3.1457 Mbps     0 retrans     22 KB-cwnd
[2024-11-01T17:35:46.559080-0700]     0.2500 MB /   0.50 sec =    4.1944 Mbps     2 retrans     22 KB-cwnd
[2024-11-01T17:35:47.322582-0700]     0.2500 MB /   0.50 sec =    4.1943 Mbps     2 retrans     22 KB-cwnd
[2024-11-01T17:35:47.323034-0700]     0.2500 MB /   0.50 sec =    4.1943 Mbps     0 retrans     22 KB-cwnd
[2024-11-01T17:35:48.075982-0700]     0.2500 MB /   0.50 sec =    4.1943 Mbps     0 retrans     31 KB-cwnd
[2024-11-01T17:35:48.740694-0700]     0.2500 MB /   0.50 sec =    4.1944 Mbps     1 retrans     60 KB-cwnd
[2024-11-01T17:35:48.741266-0700]     0.3125 MB /   0.50 sec =    5.2425 Mbps     0 retrans     60 KB-cwnd
[2024-11-01T17:35:49.411696-0700]     0.6250 MB /   0.50 sec =   10.4864 Mbps     3 retrans     43 KB-cwnd
[2024-11-01T17:35:49.874148-0700]     0.4375 MB /   0.50 sec =    7.3401 Mbps     1 retrans     36 KB-cwnd
[2024-11-01T17:35:50.470808-0700]     0.3125 MB /   0.50 sec =    5.2423 Mbps     1 retrans     32 KB-cwnd
[2024-11-01T17:35:51.355302-0700]     0.2500 MB /   0.50 sec =    4.1947 Mbps    14 retrans     25 KB-cwnd
[2024-11-01T17:35:51.355484-0700]     0.2500 MB /   0.50 sec =    4.1942 Mbps     0 retrans     25 KB-cwnd
[2024-11-01T17:35:52.125236-0700]     0.1875 MB /   0.50 sec =    3.1457 Mbps    18 retrans     22 KB-cwnd
[2024-11-01T17:35:52.932533-0700]     0.2500 MB /   0.50 sec =    4.1943 Mbps     0 retrans     29 KB-cwnd
[2024-11-01T17:35:52.932963-0700]     0.2500 MB /   0.50 sec =    4.1944 Mbps     0 retrans     29 KB-cwnd
[2024-11-01T17:35:53.712260-0700]     0.2500 MB /   0.50 sec =    4.1942 Mbps     4 retrans     25 KB-cwnd
[2024-11-01T17:35:54.411824-0700]     0.1875 MB /   0.50 sec =    3.1457 Mbps     2 retrans     31 KB-cwnd
[2024-11-01T17:35:54.412256-0700]     0.2500 MB /   0.50 sec =    4.1943 Mbps     0 retrans     31 KB-cwnd
[2024-11-01T17:35:55.181844-0700]     0.3125 MB /   0.50 sec =    5.2430 Mbps    11 retrans     21 KB-cwnd
[2024-11-01T17:35:56.243534-0700]     0.1875 MB /   0.50 sec =    3.1456 Mbps     7 retrans     16 KB-cwnd
[2024-11-01T17:35:56.243929-0700]     0.2500 MB /   0.50 sec =    4.1943 Mbps     0 retrans     16 KB-cwnd
[2024-11-01T17:35:56.244043-0700]     0.1250 MB /   0.50 sec =    2.0969 Mbps     0 retrans     16 KB-cwnd
[2024-11-01T17:35:57.608949-0700]     0.1250 MB /   0.50 sec =    2.0975 Mbps     6 retrans     22 KB-cwnd
[2024-11-01T17:35:57.609479-0700]     0.1250 MB /   0.50 sec =    2.0971 Mbps     0 retrans     22 KB-cwnd
[2024-11-01T17:35:58.290781-0700]     0.1875 MB /   0.50 sec =    3.1458 Mbps     4 retrans     87 KB-cwnd
[2024-11-01T17:35:58.291056-0700]     0.2500 MB /   0.50 sec =    4.1943 Mbps     0 retrans     87 KB-cwnd
[2024-11-01T17:35:58.836605-0700]     0.7500 MB /   0.50 sec =   12.5828 Mbps     1 retrans     74 KB-cwnd
[2024-11-01T17:35:59.686949-0700]     0.4375 MB /   0.50 sec =    7.3401 Mbps     2 retrans     52 KB-cwnd
[2024-11-01T17:36:00.114654-0700]     0.4375 MB /   0.50 sec =    7.3399 Mbps     0 retrans     56 KB-cwnd
[2024-11-01T17:36:00.545858-0700]     0.4375 MB /   0.50 sec =    7.3403 Mbps     1 retrans     82 KB-cwnd
[2024-11-01T17:36:00.808131-0700]     0.5625 MB /   0.50 sec =    9.4370 Mbps     2 retrans     70 KB-cwnd
[2024-11-01T17:36:01.480459-0700]     0.6875 MB /   0.50 sec =   11.5345 Mbps     1 retrans     60 KB-cwnd
[2024-11-01T17:36:01.865101-0700]     0.5625 MB /   0.50 sec =    9.4369 Mbps     0 retrans     63 KB-cwnd
[2024-11-01T17:36:02.543741-0700]     0.5000 MB /   0.50 sec =    8.3885 Mbps     0 retrans     70 KB-cwnd
[2024-11-01T17:36:02.861783-0700]     0.6250 MB /   0.50 sec =   10.4863 Mbps     0 retrans     73 KB-cwnd
[2024-11-01T17:36:03.321080-0700]     0.6250 MB /   0.50 sec =   10.4855 Mbps     5 retrans    103 KB-cwnd
[2024-11-01T17:36:03.876871-0700]     0.9375 MB /   0.50 sec =   15.7288 Mbps     2 retrans     67 KB-cwnd
[2024-11-01T17:36:04.540581-0700]     0.5625 MB /   0.50 sec =    9.4372 Mbps     1 retrans     56 KB-cwnd
[2024-11-01T17:36:04.954721-0700]     0.4375 MB /   0.50 sec =    7.3345 Mbps     0 retrans     60 KB-cwnd
[2024-11-01T17:36:05.364366-0700]     0.5000 MB /   0.50 sec =    8.3950 Mbps     1 retrans     49 KB-cwnd
[2024-11-01T17:36:05.773412-0700]     0.4375 MB /   0.50 sec =    7.3399 Mbps     0 retrans     56 KB-cwnd
[2024-11-01T17:36:06.253008-0700]     0.3750 MB /   0.50 sec =    6.2907 Mbps     0 retrans     60 KB-cwnd
[2024-11-01T17:36:07.113756-0700]     0.4375 MB /   0.50 sec =    7.3408 Mbps     1 retrans     55 KB-cwnd
[2024-11-01T17:36:07.557186-0700]     0.4375 MB /   0.50 sec =    7.3403 Mbps     0 retrans     57 KB-cwnd
[2024-11-01T17:36:07.978379-0700]     0.4375 MB /   0.50 sec =    7.3399 Mbps     0 retrans    181 KB-cwnd
[2024-11-01T17:36:08.337364-0700]     0.5625 MB /   0.50 sec =    9.4332 Mbps     8 retrans    114 KB-cwnd
[2024-11-01T17:36:08.732651-0700]     0.6875 MB /   0.50 sec =   11.5387 Mbps     1 retrans     94 KB-cwnd
[2024-11-01T17:36:09.517976-0700]     0.5625 MB /   0.50 sec =    9.4376 Mbps     1 retrans     98 KB-cwnd
[2024-11-01T17:36:09.917313-0700]     0.5000 MB /   0.50 sec =    8.3883 Mbps     2 retrans     79 KB-cwnd
[2024-11-01T17:36:10.256465-0700]     0.3750 MB /   0.50 sec =    6.2915 Mbps     0 retrans     80 KB-cwnd
[2024-11-01T17:36:10.741253-0700]     0.4375 MB /   0.50 sec =    7.3403 Mbps     0 retrans     83 KB-cwnd
End time: 1730507770975
