Start time: 1730571572256
[2024-11-02T11:19:33.263015-0700] nuttcp-r: v8.1.4: socket
[2024-11-02T11:19:33.264129-0700] nuttcp-r: buflen=65536, nstream=1, port=5102 tcp
[2024-11-02T11:19:33.264230-0700] nuttcp-r: interval reporting every 0.50 seconds
[2024-11-02T11:19:33.264302-0700] nuttcp-r: connect to 54.176.53.206 with RTT=67.607 ms af=inet
[2024-11-02T11:19:33.264368-0700] nuttcp-r: send window size = 2097152, receive window size = 6291456
[2024-11-02T11:19:33.264433-0700] nuttcp-r: available send window = 1572864, available receive window = 4718592
[2024-11-02T11:19:33.264498-0700]     0.5000 MB /   0.50 sec =    8.3880 Mbps     0 retrans
[2024-11-02T11:19:33.762992-0700]     2.0625 MB /   0.50 sec =   34.6034 Mbps     0 retrans
[2024-11-02T11:19:34.262999-0700]    13.9375 MB /   0.50 sec =  233.8203 Mbps     0 retrans
[2024-11-02T11:19:34.762834-0700]    16.4375 MB /   0.50 sec =  275.7854 Mbps     0 retrans
[2024-11-02T11:19:35.263542-0700]    14.8750 MB /   0.50 sec =  249.3925 Mbps     0 retrans
[2024-11-02T11:19:35.763047-0700]    16.1875 MB /   0.50 sec =  271.7567 Mbps     0 retrans
[2024-11-02T11:19:36.262974-0700]    10.0000 MB /   0.50 sec =  167.7671 Mbps     0 retrans
[2024-11-02T11:19:36.762821-0700]     8.6875 MB /   0.50 sec =  145.7596 Mbps     0 retrans
[2024-11-02T11:19:37.263233-0700]    14.3125 MB /   0.50 sec =  239.9612 Mbps     0 retrans
[2024-11-02T11:19:37.762902-0700]    13.8750 MB /   0.50 sec =  232.9329 Mbps     0 retrans
[2024-11-02T11:19:38.262972-0700]    10.0625 MB /   0.50 sec =  168.8076 Mbps     0 retrans
[2024-11-02T11:19:38.763187-0700]     0.0000 MB /   0.50 sec =    0.0000 Mbps     0 retrans
[2024-11-02T11:19:39.262879-0700]    11.5625 MB /   0.50 sec =  194.0335 Mbps     0 retrans
[2024-11-02T11:19:39.762905-0700]    13.8125 MB /   0.50 sec =  231.7311 Mbps     0 retrans
[2024-11-02T11:19:40.262887-0700]     8.3125 MB /   0.50 sec =  139.4606 Mbps     0 retrans
[2024-11-02T11:19:40.762906-0700]     2.5625 MB /   0.50 sec =   42.9901 Mbps     0 retrans
[2024-11-02T11:19:41.263208-0700]     0.5000 MB /   0.50 sec =    8.3843 Mbps     0 retrans
[2024-11-02T11:19:41.762907-0700]     8.0000 MB /   0.50 sec =  134.2889 Mbps     0 retrans
[2024-11-02T11:19:42.263151-0700]     2.6250 MB /   0.50 sec =   44.0342 Mbps     0 retrans
[2024-11-02T11:19:42.763215-0700]     0.0000 MB /   0.50 sec =    0.0000 Mbps     0 retrans
[2024-11-02T11:19:43.263128-0700]     3.8750 MB /   0.50 sec =   65.0176 Mbps     0 retrans
[2024-11-02T11:19:43.762998-0700]     4.3750 MB /   0.50 sec =   73.4022 Mbps     0 retrans
[2024-11-02T11:19:44.262899-0700]     7.8750 MB /   0.50 sec =  132.1343 Mbps     0 retrans
[2024-11-02T11:19:44.763020-0700]     9.7500 MB /   0.50 sec =  163.5635 Mbps     0 retrans
[2024-11-02T11:19:45.262880-0700]     6.1875 MB /   0.50 sec =  103.8202 Mbps     0 retrans
[2024-11-02T11:19:45.762904-0700]     9.3750 MB /   0.50 sec =  157.2807 Mbps     0 retrans
[2024-11-02T11:19:46.262875-0700]    10.2500 MB /   0.50 sec =  171.9751 Mbps     0 retrans
[2024-11-02T11:19:46.763011-0700]    10.6875 MB /   0.50 sec =  179.2818 Mbps     0 retrans
[2024-11-02T11:19:47.263006-0700]    11.5000 MB /   0.50 sec =  192.9588 Mbps     0 retrans
[2024-11-02T11:19:47.762832-0700]    12.6875 MB /   0.50 sec =  212.8665 Mbps     0 retrans
[2024-11-02T11:19:48.263042-0700]    10.8125 MB /   0.50 sec =  181.3971 Mbps     0 retrans
[2024-11-02T11:19:48.762894-0700]     9.0000 MB /   0.50 sec =  150.9980 Mbps     0 retrans
[2024-11-02T11:19:49.262876-0700]     7.8750 MB /   0.50 sec =  132.1193 Mbps     0 retrans
[2024-11-02T11:19:49.763010-0700]     7.6875 MB /   0.50 sec =  128.9754 Mbps     0 retrans
[2024-11-02T11:19:50.263203-0700]     9.3125 MB /   0.50 sec =  156.2372 Mbps     0 retrans
[2024-11-02T11:19:50.762904-0700]    10.4375 MB /   0.50 sec =  175.1146 Mbps     0 retrans
[2024-11-02T11:19:51.263036-0700]     9.8125 MB /   0.50 sec =  164.5948 Mbps     0 retrans
[2024-11-02T11:19:51.763053-0700]     9.7500 MB /   0.50 sec =  163.5821 Mbps     0 retrans
[2024-11-02T11:19:52.263008-0700]     9.6875 MB /   0.50 sec =  162.5338 Mbps     0 retrans
[2024-11-02T11:19:52.762913-0700]    10.1875 MB /   0.50 sec =  170.9398 Mbps     0 retrans
[2024-11-02T11:19:53.262898-0700]     9.7500 MB /   0.50 sec =  163.5782 Mbps     0 retrans
[2024-11-02T11:19:53.762999-0700]     6.6875 MB /   0.50 sec =  112.1873 Mbps     0 retrans
[2024-11-02T11:19:54.263045-0700]     4.0000 MB /   0.50 sec =   67.1052 Mbps     0 retrans
[2024-11-02T11:19:54.763057-0700]     7.5000 MB /   0.50 sec =  125.8488 Mbps     0 retrans
[2024-11-02T11:19:55.262913-0700]     6.1250 MB /   0.50 sec =  102.7602 Mbps     0 retrans
[2024-11-02T11:19:55.762913-0700]     5.2500 MB /   0.50 sec =   88.0825 Mbps     0 retrans
[2024-11-02T11:19:56.262896-0700]     5.5000 MB /   0.50 sec =   92.2732 Mbps     0 retrans
[2024-11-02T11:19:56.762956-0700]     7.5625 MB /   0.50 sec =  126.8762 Mbps     0 retrans
[2024-11-02T11:19:57.262896-0700]     7.3125 MB /   0.50 sec =  122.6839 Mbps     0 retrans
[2024-11-02T11:19:57.762875-0700]     8.3750 MB /   0.50 sec =  140.5134 Mbps     0 retrans
[2024-11-02T11:19:58.262988-0700]     5.5000 MB /   0.50 sec =   92.2688 Mbps     0 retrans
[2024-11-02T11:19:58.763015-0700]     3.8750 MB /   0.50 sec =   65.0035 Mbps     0 retrans
[2024-11-02T11:19:59.263003-0700]     2.0000 MB /   0.50 sec =   33.5551 Mbps     0 retrans
[2024-11-02T11:19:59.762839-0700]     2.7500 MB /   0.50 sec =   46.1433 Mbps     0 retrans
[2024-11-02T11:20:00.263022-0700]     4.0000 MB /   0.50 sec =   67.1060 Mbps     0 retrans
[2024-11-02T11:20:00.762797-0700]     7.1250 MB /   0.50 sec =  119.5518 Mbps     0 retrans
[2024-11-02T11:20:01.262986-0700]     4.8125 MB /   0.50 sec =   80.7344 Mbps     0 retrans
[2024-11-02T11:20:01.762882-0700]     4.5000 MB /   0.50 sec =   75.4988 Mbps     0 retrans
[2024-11-02T11:20:02.263018-0700]     4.4375 MB /   0.50 sec =   74.4496 Mbps     0 retrans
[2024-11-02T11:20:02.762892-0700]     3.5000 MB /   0.50 sec =   58.7184 Mbps     0 retrans
[2024-11-02T11:20:03.263060-0700]     1.4375 MB /   0.50 sec =   24.1132 Mbps     0 retrans
[2024-11-02T11:20:03.763012-0700]     0.3125 MB /   0.50 sec =    5.2431 Mbps     0 retrans
[2024-11-02T11:20:04.263242-0700]     0.0000 MB /   0.50 sec =    0.0000 Mbps     0 retrans
[2024-11-02T11:20:04.762987-0700]     0.5625 MB /   0.50 sec =    9.4396 Mbps     0 retrans
[2024-11-02T11:20:05.263054-0700]     0.9375 MB /   0.50 sec =   15.7258 Mbps     0 retrans
[2024-11-02T11:20:05.763223-0700]     0.3750 MB /   0.50 sec =    6.2897 Mbps     0 retrans
[2024-11-02T11:20:06.263086-0700]     0.0000 MB /   0.50 sec =    0.0000 Mbps     0 retrans
[2024-11-02T11:20:06.763345-0700]     0.0000 MB /   0.50 sec =    0.0000 Mbps     0 retrans
[2024-11-02T11:20:07.263069-0700]     0.0000 MB /   0.50 sec =    0.0000 Mbps     0 retrans
[2024-11-02T11:20:07.763182-0700]     0.0000 MB /   0.50 sec =    0.0000 Mbps     0 retrans
[2024-11-02T11:20:08.262829-0700]     0.1875 MB /   0.50 sec =    3.1466 Mbps     0 retrans
[2024-11-02T11:20:08.762975-0700]     1.4375 MB /   0.50 sec =   24.1135 Mbps     0 retrans
[2024-11-02T11:20:09.263115-0700]     3.0625 MB /   0.50 sec =   51.3814 Mbps     0 retrans
[2024-11-02T11:20:09.763019-0700]     4.0000 MB /   0.50 sec =   67.1148 Mbps     0 retrans
[2024-11-02T11:20:10.263027-0700]     5.1250 MB /   0.50 sec =   85.9841 Mbps     0 retrans
[2024-11-02T11:20:10.762879-0700]     5.8125 MB /   0.50 sec =   97.5135 Mbps     0 retrans
[2024-11-02T11:20:11.262907-0700]     3.2500 MB /   0.50 sec =   54.5275 Mbps     0 retrans
[2024-11-02T11:20:11.762888-0700]     3.0625 MB /   0.50 sec =   51.3818 Mbps     0 retrans
[2024-11-02T11:20:12.263018-0700]     5.2500 MB /   0.50 sec =   88.0686 Mbps     0 retrans
[2024-11-02T11:20:12.763122-0700]     6.1875 MB /   0.50 sec =  103.7796 Mbps     0 retrans
[2024-11-02T11:20:13.262908-0700]     7.3125 MB /   0.50 sec =  122.7340 Mbps     0 retrans
[2024-11-02T11:20:13.763096-0700]     7.5625 MB /   0.50 sec =  126.8769 Mbps     0 retrans
[2024-11-02T11:20:14.262894-0700]     6.5625 MB /   0.50 sec =  110.1022 Mbps     0 retrans
[2024-11-02T11:20:14.762910-0700]     5.2500 MB /   0.50 sec =   88.0756 Mbps     0 retrans
[2024-11-02T11:20:15.262895-0700]     3.6875 MB /   0.50 sec =   61.8694 Mbps     0 retrans
[2024-11-02T11:20:15.762980-0700]     8.0000 MB /   0.50 sec =  134.2156 Mbps     0 retrans
[2024-11-02T11:20:16.263001-0700]     8.2500 MB /   0.50 sec =  138.3951 Mbps     0 retrans
[2024-11-02T11:20:16.763068-0700]     9.6875 MB /   0.50 sec =  162.5283 Mbps     0 retrans
[2024-11-02T11:20:17.262818-0700]     7.3125 MB /   0.50 sec =  122.7079 Mbps     0 retrans
[2024-11-02T11:20:17.762903-0700]    10.5625 MB /   0.50 sec =  177.1976 Mbps     0 retrans
[2024-11-02T11:20:18.263167-0700]    11.3750 MB /   0.50 sec =  190.8057 Mbps     0 retrans
[2024-11-02T11:20:18.762892-0700]     2.5000 MB /   0.50 sec =   41.9511 Mbps     0 retrans
[2024-11-02T11:20:19.263000-0700]     5.3750 MB /   0.50 sec =   90.1674 Mbps     0 retrans
[2024-11-02T11:20:19.762895-0700]     6.3125 MB /   0.50 sec =  105.9172 Mbps     0 retrans
[2024-11-02T11:20:20.262897-0700]     5.6875 MB /   0.50 sec =   95.4208 Mbps     0 retrans
[2024-11-02T11:20:20.763033-0700]     4.0000 MB /   0.50 sec =   67.0967 Mbps     0 retrans
[2024-11-02T11:20:21.262910-0700]     2.5625 MB /   0.50 sec =   42.9989 Mbps     0 retrans
[2024-11-02T11:20:21.762982-0700]     4.8125 MB /   0.50 sec =   80.7404 Mbps     0 retrans
[2024-11-02T11:20:22.262883-0700]     4.1250 MB /   0.50 sec =   69.2075 Mbps     0 retrans
[2024-11-02T11:20:22.762820-0700]     4.8125 MB /   0.50 sec =   80.7425 Mbps     0 retrans
[2024-11-02T11:20:23.262912-0700]     5.7500 MB /   0.50 sec =   96.4622 Mbps     0 retrans
[2024-11-02T11:20:23.763013-0700]     6.0000 MB /   0.50 sec =  100.6669 Mbps     0 retrans
[2024-11-02T11:20:24.263027-0700]     7.2500 MB /   0.50 sec =  121.6321 Mbps     0 retrans
[2024-11-02T11:20:24.762898-0700]     6.1875 MB /   0.50 sec =  103.8115 Mbps     0 retrans
[2024-11-02T11:20:25.262900-0700]     8.1250 MB /   0.50 sec =  136.3149 Mbps     0 retrans
[2024-11-02T11:20:25.763007-0700]     8.0000 MB /   0.50 sec =  134.2056 Mbps     0 retrans
[2024-11-02T11:20:26.262896-0700]     6.0000 MB /   0.50 sec =  100.6716 Mbps     0 retrans
[2024-11-02T11:20:26.762909-0700]     9.5000 MB /   0.50 sec =  159.3816 Mbps     0 retrans
[2024-11-02T11:20:27.262910-0700]     9.8750 MB /   0.50 sec =  165.6743 Mbps     0 retrans
[2024-11-02T11:20:27.763082-0700]    11.5625 MB /   0.50 sec =  193.9796 Mbps     0 retrans
[2024-11-02T11:20:28.262848-0700]     9.1875 MB /   0.50 sec =  154.1542 Mbps     0 retrans
[2024-11-02T11:20:28.762901-0700]    10.8125 MB /   0.50 sec =  181.3978 Mbps     0 retrans
[2024-11-02T11:20:29.262885-0700]    11.4375 MB /   0.50 sec =  191.8906 Mbps     0 retrans
[2024-11-02T11:20:29.763042-0700]    12.6250 MB /   0.50 sec =  211.7857 Mbps     0 retrans
[2024-11-02T11:20:30.263043-0700]    12.5625 MB /   0.50 sec =  210.7836 Mbps     0 retrans
[2024-11-02T11:20:30.763071-0700]    15.0000 MB /   0.50 sec =  251.6623 Mbps     0 retrans
[2024-11-02T11:20:31.263005-0700]    16.2500 MB /   0.50 sec =  272.6292 Mbps     0 retrans
[2024-11-02T11:20:31.763141-0700]    16.0625 MB /   0.50 sec =  269.3741 Mbps     0 retrans
[2024-11-02T11:20:32.262887-0700]    15.1875 MB /   0.50 sec =  254.9115 Mbps     0 retrans
[2024-11-02T11:20:32.762900-0700]    14.6250 MB /   0.50 sec =  245.3594 Mbps     0 retrans
[2024-11-02T11:20:33.263131-0700]     5.0000 MB /   0.50 sec =   83.8886 Mbps     0 retrans
[2024-11-02T11:20:33.763007-0700]     5.5000 MB /   0.50 sec =   92.2620 Mbps     0 retrans
[2024-11-02T11:20:34.262807-0700]     8.1875 MB /   0.50 sec =  137.3912 Mbps     0 retrans
[2024-11-02T11:20:34.763057-0700]     8.5000 MB /   0.50 sec =  142.5964 Mbps     0 retrans
[2024-11-02T11:20:35.263174-0700]     8.4375 MB /   0.50 sec =  141.5334 Mbps     0 retrans
[2024-11-02T11:20:35.762894-0700]     8.2500 MB /   0.50 sec =  138.4375 Mbps     0 retrans
[2024-11-02T11:20:36.262902-0700]     7.5625 MB /   0.50 sec =  126.8747 Mbps     0 retrans
[2024-11-02T11:20:36.763050-0700]    10.3750 MB /   0.50 sec =  174.0396 Mbps     0 retrans
[2024-11-02T11:20:37.263024-0700]     8.9375 MB /   0.50 sec =  149.9473 Mbps     0 retrans
[2024-11-02T11:20:37.763027-0700]     7.4375 MB /   0.50 sec =  124.7805 Mbps     0 retrans
[2024-11-02T11:20:38.262945-0700]    13.3125 MB /   0.50 sec =  223.3856 Mbps     0 retrans
[2024-11-02T11:20:38.762974-0700]     8.3750 MB /   0.50 sec =  140.5061 Mbps     0 retrans
[2024-11-02T11:20:39.262887-0700]     8.7500 MB /   0.50 sec =  146.7992 Mbps     0 retrans
[2024-11-02T11:20:39.762910-0700]    12.7500 MB /   0.50 sec =  213.9065 Mbps     0 retrans
[2024-11-02T11:20:40.262992-0700]    13.6250 MB /   0.50 sec =  228.5914 Mbps     0 retrans
[2024-11-02T11:20:40.762905-0700]    12.3125 MB /   0.50 sec =  206.5691 Mbps     0 retrans
[2024-11-02T11:20:41.262910-0700]    13.2500 MB /   0.50 sec =  222.2981 Mbps     0 retrans
[2024-11-02T11:20:41.762965-0700]    14.1250 MB /   0.50 sec =  236.9758 Mbps     0 retrans
[2024-11-02T11:20:42.262901-0700]    12.9375 MB /   0.50 sec =  217.0600 Mbps     0 retrans
[2024-11-02T11:20:42.763016-0700]    13.2500 MB /   0.50 sec =  222.3003 Mbps     0 retrans
[2024-11-02T11:20:43.262897-0700]    13.5000 MB /   0.50 sec =  226.4924 Mbps     0 retrans
[2024-11-02T11:20:43.762896-0700]    13.6250 MB /   0.50 sec =  228.5937 Mbps     0 retrans
[2024-11-02T11:20:44.263188-0700]    11.5625 MB /   0.50 sec =  193.9776 Mbps     0 retrans
[2024-11-02T11:20:44.763018-0700]    13.8125 MB /   0.50 sec =  231.7219 Mbps     0 retrans
[2024-11-02T11:20:45.262840-0700]    15.7500 MB /   0.50 sec =  264.2702 Mbps     0 retrans
[2024-11-02T11:20:45.763012-0700]    21.3750 MB /   0.50 sec =  358.5865 Mbps     0 retrans
[2024-11-02T11:20:46.262815-0700]    21.5000 MB /   0.50 sec =  360.7455 Mbps     0 retrans
[2024-11-02T11:20:46.763066-0700]    22.0625 MB /   0.50 sec =  370.0452 Mbps     0 retrans
[2024-11-02T11:20:47.262883-0700]    28.0000 MB /   0.50 sec =  469.8617 Mbps     0 retrans
[2024-11-02T11:20:47.763169-0700]    24.0000 MB /   0.50 sec =  402.6089 Mbps     0 retrans
[2024-11-02T11:20:48.262902-0700]    12.3125 MB /   0.50 sec =  206.5918 Mbps     0 retrans
[2024-11-02T11:20:48.762843-0700]    21.6250 MB /   0.50 sec =  362.8138 Mbps     0 retrans
[2024-11-02T11:20:49.263347-0700]    27.5000 MB /   0.50 sec =  461.3208 Mbps     0 retrans
[2024-11-02T11:20:49.762806-0700]    27.5000 MB /   0.50 sec =  461.4445 Mbps     0 retrans
[2024-11-02T11:20:50.262988-0700]    21.8125 MB /   0.50 sec =  365.9135 Mbps     0 retrans
[2024-11-02T11:20:50.763028-0700]    26.8125 MB /   0.50 sec =  449.8067 Mbps     0 retrans
[2024-11-02T11:20:51.263116-0700]    24.8750 MB /   0.50 sec =  417.3683 Mbps     0 retrans
[2024-11-02T11:20:51.762847-0700]    21.9375 MB /   0.50 sec =  368.0723 Mbps     0 retrans
[2024-11-02T11:20:52.263011-0700]    15.8750 MB /   0.50 sec =  266.3000 Mbps     0 retrans
[2024-11-02T11:20:52.763268-0700]    23.3750 MB /   0.50 sec =  391.9636 Mbps     0 retrans
[2024-11-02T11:20:53.262889-0700]    27.9375 MB /   0.50 sec =  469.0258 Mbps     0 retrans
[2024-11-02T11:20:53.763341-0700]    28.1875 MB /   0.50 sec =  472.6507 Mbps     0 retrans
[2024-11-02T11:20:54.262845-0700]    25.6875 MB /   0.50 sec =  431.1933 Mbps     0 retrans
[2024-11-02T11:20:54.762961-0700]    25.8125 MB /   0.50 sec =  433.0264 Mbps     0 retrans
[2024-11-02T11:20:55.262858-0700]    28.8750 MB /   0.50 sec =  484.4751 Mbps     0 retrans
[2024-11-02T11:20:55.763030-0700]    27.1250 MB /   0.50 sec =  455.0556 Mbps     0 retrans
[2024-11-02T11:20:56.262809-0700]    27.3750 MB /   0.50 sec =  459.3369 Mbps     0 retrans
[2024-11-02T11:20:56.763414-0700]    25.3750 MB /   0.50 sec =  425.2541 Mbps     0 retrans
[2024-11-02T11:20:57.263105-0700]    22.6875 MB /   0.50 sec =  381.0088 Mbps     0 retrans
[2024-11-02T11:20:57.762852-0700]    17.8750 MB /   0.50 sec =  299.9101 Mbps     0 retrans
[2024-11-02T11:20:58.263291-0700]    14.1875 MB /   0.50 sec =  237.8750 Mbps     0 retrans
[2024-11-02T11:20:58.763243-0700]     3.3125 MB /   0.50 sec =   55.5991 Mbps     0 retrans
[2024-11-02T11:20:59.262882-0700]     9.1875 MB /   0.50 sec =  154.1678 Mbps     0 retrans
[2024-11-02T11:20:59.763305-0700]    11.6875 MB /   0.50 sec =  195.9372 Mbps     0 retrans
[2024-11-02T11:21:00.263010-0700]    13.5000 MB /   0.50 sec =  226.6565 Mbps     0 retrans
[2024-11-02T11:21:00.763143-0700]    12.8750 MB /   0.50 sec =  215.9760 Mbps     0 retrans
[2024-11-02T11:21:01.262951-0700]    11.5000 MB /   0.50 sec =  192.9430 Mbps     0 retrans
[2024-11-02T11:21:01.763027-0700]    11.4375 MB /   0.50 sec =  191.9009 Mbps     0 retrans
[2024-11-02T11:21:02.263021-0700]    12.3750 MB /   0.50 sec =  207.6139 Mbps     0 retrans
[2024-11-02T11:21:02.762993-0700]     8.7500 MB /   0.50 sec =  146.8124 Mbps     0 retrans
[2024-11-02T11:21:03.263192-0700]     4.7500 MB /   0.50 sec =   79.6763 Mbps     0 retrans
[2024-11-02T11:21:03.762840-0700]    11.5625 MB /   0.50 sec =  194.0347 Mbps     0 retrans
[2024-11-02T11:21:04.263096-0700]    11.8750 MB /   0.50 sec =  199.2159 Mbps     0 retrans
[2024-11-02T11:21:04.762855-0700]    14.0000 MB /   0.50 sec =  234.8899 Mbps     0 retrans
[2024-11-02T11:21:05.262891-0700]    13.5625 MB /   0.50 sec =  227.5465 Mbps     0 retrans
[2024-11-02T11:21:05.763018-0700]    15.5625 MB /   0.50 sec =  261.0594 Mbps     0 retrans
[2024-11-02T11:21:06.262883-0700]    14.8125 MB /   0.50 sec =  248.5344 Mbps     0 retrans
[2024-11-02T11:21:06.762910-0700]    16.1875 MB /   0.50 sec =  271.5872 Mbps     0 retrans
[2024-11-02T11:21:07.262965-0700]    16.8125 MB /   0.50 sec =  282.0534 Mbps     0 retrans
[2024-11-02T11:21:07.763231-0700]    15.8125 MB /   0.50 sec =  265.2537 Mbps     0 retrans
[2024-11-02T11:21:08.262910-0700]    15.8750 MB /   0.50 sec =  266.3793 Mbps     0 retrans
[2024-11-02T11:21:08.762895-0700]    14.8750 MB /   0.50 sec =  249.5636 Mbps     0 retrans
[2024-11-02T11:21:09.263007-0700]     6.5625 MB /   0.50 sec =  110.1027 Mbps     0 retrans
[2024-11-02T11:21:09.762997-0700]    13.1875 MB /   0.50 sec =  221.2318 Mbps     0 retrans
[2024-11-02T11:21:10.263087-0700]    13.3750 MB /   0.50 sec =  224.3612 Mbps     0 retrans
[2024-11-02T11:21:10.763169-0700]    14.6250 MB /   0.50 sec =  245.3687 Mbps     0 retrans
[2024-11-02T11:21:11.262858-0700]    15.2500 MB /   0.50 sec =  255.9124 Mbps     0 retrans
[2024-11-02T11:21:11.763131-0700]    17.5625 MB /   0.50 sec =  294.6174 Mbps     0 retrans
[2024-11-02T11:21:12.262875-0700]     1.3125 MB /   0.50 sec =   22.0225 Mbps     0 retrans
[2024-11-02T11:21:12.762897-0700]    11.0000 MB /   0.50 sec =  184.5486 Mbps     0 retrans
[2024-11-02T11:21:13.263049-0700]    15.2500 MB /   0.50 sec =  255.8270 Mbps     0 retrans
[2024-11-02T11:21:13.762958-0700]    18.9375 MB /   0.50 sec =  317.7439 Mbps     0 retrans
[2024-11-02T11:21:14.262975-0700]    18.8125 MB /   0.50 sec =  315.6094 Mbps     0 retrans
[2024-11-02T11:21:14.762948-0700]    20.2500 MB /   0.50 sec =  339.7407 Mbps     0 retrans
[2024-11-02T11:21:15.262999-0700]    20.6875 MB /   0.50 sec =  347.0828 Mbps     0 retrans
[2024-11-02T11:21:15.763060-0700]    16.9375 MB /   0.50 sec =  284.1249 Mbps     0 retrans
[2024-11-02T11:21:16.263132-0700]    18.2500 MB /   0.50 sec =  306.2001 Mbps     0 retrans
[2024-11-02T11:21:16.763230-0700]    18.3125 MB /   0.50 sec =  307.2604 Mbps     0 retrans
[2024-11-02T11:21:17.263063-0700]    17.4375 MB /   0.50 sec =  292.4463 Mbps     0 retrans
[2024-11-02T11:21:17.762985-0700]    14.2500 MB /   0.50 sec =  239.1657 Mbps     0 retrans
[2024-11-02T11:21:18.262970-0700]    17.5000 MB /   0.50 sec =  293.5978 Mbps     0 retrans
[2024-11-02T11:21:18.762999-0700]    18.0625 MB /   0.50 sec =  303.0276 Mbps     0 retrans
[2024-11-02T11:21:19.262829-0700]    10.3125 MB /   0.50 sec =  173.0351 Mbps     0 retrans
[2024-11-02T11:21:19.762888-0700]     9.6250 MB /   0.50 sec =  161.4710 Mbps     0 retrans
[2024-11-02T11:21:20.263051-0700]     9.1875 MB /   0.50 sec =  154.1364 Mbps     0 retrans
[2024-11-02T11:21:20.763194-0700]    12.3125 MB /   0.50 sec =  206.4646 Mbps     0 retrans
[2024-11-02T11:21:21.262829-0700]    12.6875 MB /   0.50 sec =  212.9904 Mbps     0 retrans
[2024-11-02T11:21:21.763253-0700]    12.1250 MB /   0.50 sec =  203.2997 Mbps     0 retrans
[2024-11-02T11:21:22.262850-0700]    14.1875 MB /   0.50 sec =  238.1616 Mbps     0 retrans
[2024-11-02T11:21:22.763255-0700]    13.8750 MB /   0.50 sec =  232.7438 Mbps     0 retrans
[2024-11-02T11:21:23.263168-0700]    15.5625 MB /   0.50 sec =  260.9983 Mbps     0 retrans
[2024-11-02T11:21:23.763211-0700]    16.9375 MB /   0.50 sec =  284.2346 Mbps     0 retrans
[2024-11-02T11:21:24.262872-0700]    18.0000 MB /   0.50 sec =  302.0799 Mbps     0 retrans
[2024-11-02T11:21:24.762841-0700]    17.4375 MB /   0.50 sec =  292.5597 Mbps     0 retrans
[2024-11-02T11:21:25.262964-0700]    20.3750 MB /   0.50 sec =  341.8153 Mbps     0 retrans
[2024-11-02T11:21:25.763203-0700]    18.5625 MB /   0.50 sec =  311.4370 Mbps     0 retrans
[2024-11-02T11:21:26.262879-0700]    16.8750 MB /   0.50 sec =  283.1172 Mbps     0 retrans
[2024-11-02T11:21:26.762986-0700]    17.5625 MB /   0.50 sec =  294.6363 Mbps     0 retrans
[2024-11-02T11:21:27.262841-0700]    17.1250 MB /   0.50 sec =  287.3248 Mbps     0 retrans
[2024-11-02T11:21:27.763186-0700]    17.1250 MB /   0.50 sec =  287.2225 Mbps     0 retrans
[2024-11-02T11:21:28.263018-0700]    18.5625 MB /   0.50 sec =  311.5236 Mbps     0 retrans
[2024-11-02T11:21:28.762906-0700]    20.3125 MB /   0.50 sec =  340.7688 Mbps     0 retrans
[2024-11-02T11:21:29.262842-0700]    18.8125 MB /   0.50 sec =  315.6397 Mbps     0 retrans
[2024-11-02T11:21:29.762879-0700]     7.3750 MB /   0.50 sec =  123.7280 Mbps     0 retrans
[2024-11-02T11:21:30.263021-0700]    12.8125 MB /   0.50 sec =  214.9405 Mbps     0 retrans
[2024-11-02T11:21:30.763818-0700]    14.1250 MB /   0.50 sec =  236.5793 Mbps     0 retrans
[2024-11-02T11:21:31.262983-0700]    15.1875 MB /   0.50 sec =  255.2496 Mbps     0 retrans
[2024-11-02T11:21:31.762980-0700]    13.0625 MB /   0.50 sec =  219.1563 Mbps     0 retrans
[2024-11-02T11:21:32.262840-0700]    16.3750 MB /   0.50 sec =  274.7439 Mbps     0 retrans
[2024-11-02T11:21:32.763116-0700]    20.2500 MB /   0.50 sec =  339.6469 Mbps     0 retrans
[2024-11-02T11:21:33.262889-0700]    15.5000 MB /   0.50 sec =  260.1030 Mbps     0 retrans
End time: 1730571693375
