Start time: 1730995585902
[2024-11-07T11:06:26.748572-0500] nuttcp-r: v8.1.4: socket
[2024-11-07T11:06:26.749868-0500] nuttcp-r: buflen=65536, nstream=1, port=5101 tcp
[2024-11-07T11:06:26.750018-0500] nuttcp-r: interval reporting every 0.50 seconds
[2024-11-07T11:06:26.750132-0500] nuttcp-r: connect to 54.197.223.49 with RTT=56.874 ms af=inet
[2024-11-07T11:06:26.750447-0500] nuttcp-r: send window size = 2097152, receive window size = 6291456
[2024-11-07T11:06:26.750589-0500] nuttcp-r: available send window = 1572864, available receive window = 4718592
[2024-11-07T11:06:26.750705-0500]     2.5000 MB /   0.50 sec =   41.9290 Mbps     0 retrans     13 KB-cwnd
[2024-11-07T11:06:27.248364-0500]     7.0625 MB /   0.50 sec =  118.5050 Mbps     0 retrans     13 KB-cwnd
[2024-11-07T11:06:27.748327-0500]    17.8750 MB /   0.50 sec =  299.9281 Mbps     0 retrans     13 KB-cwnd
[2024-11-07T11:06:28.248420-0500]    25.0625 MB /   0.50 sec =  420.4302 Mbps     0 retrans     13 KB-cwnd
[2024-11-07T11:06:28.748404-0500]    18.1250 MB /   0.50 sec =  304.0682 Mbps     0 retrans     13 KB-cwnd
[2024-11-07T11:06:29.248536-0500]    28.1250 MB /   0.50 sec =  471.8045 Mbps     0 retrans     16 KB-cwnd
[2024-11-07T11:06:29.748409-0500]    28.8750 MB /   0.50 sec =  484.5225 Mbps     0 retrans     26 KB-cwnd
[2024-11-07T11:06:30.248307-0500]    40.4375 MB /   0.50 sec =  678.4789 Mbps     0 retrans     26 KB-cwnd
[2024-11-07T11:06:30.748401-0500]    44.5000 MB /   0.50 sec =  746.5503 Mbps     0 retrans     32 KB-cwnd
[2024-11-07T11:06:31.248557-0500]    39.8125 MB /   0.50 sec =  667.9456 Mbps     0 retrans     37 KB-cwnd
[2024-11-07T11:06:31.748349-0500]    51.6250 MB /   0.50 sec =  866.1498 Mbps     0 retrans     48 KB-cwnd
[2024-11-07T11:06:32.248473-0500]    50.7500 MB /   0.50 sec =  851.2786 Mbps     0 retrans     51 KB-cwnd
[2024-11-07T11:06:32.748198-0500]    47.6250 MB /   0.50 sec =  799.2643 Mbps     0 retrans     63 KB-cwnd
[2024-11-07T11:06:33.248317-0500]    48.8750 MB /   0.50 sec =  819.9471 Mbps     0 retrans  11854 KB-cwnd
[2024-11-07T11:06:33.748399-0500]    48.6875 MB /   0.50 sec =  816.7296 Mbps     0 retrans  12961 KB-cwnd
[2024-11-07T11:06:34.248356-0500]    46.3125 MB /   0.50 sec =  777.0741 Mbps     0 retrans  12961 KB-cwnd
[2024-11-07T11:06:34.748379-0500]    46.1875 MB /   0.50 sec =  774.8186 Mbps     0 retrans  12381 KB-cwnd
[2024-11-07T11:06:35.248474-0500]    46.7500 MB /   0.50 sec =  784.2313 Mbps     0 retrans  12359 KB-cwnd
[2024-11-07T11:06:35.748438-0500]    49.3125 MB /   0.50 sec =  827.4572 Mbps     0 retrans  12359 KB-cwnd
[2024-11-07T11:06:36.248364-0500]    48.0625 MB /   0.50 sec =  806.3533 Mbps     0 retrans  11636 KB-cwnd
[2024-11-07T11:06:36.748483-0500]    21.2500 MB /   0.50 sec =  356.4567 Mbps     0 retrans  11636 KB-cwnd
[2024-11-07T11:06:37.248417-0500]    30.0625 MB /   0.50 sec =  504.5003 Mbps     0 retrans  11435 KB-cwnd
[2024-11-07T11:06:37.748323-0500]    42.0625 MB /   0.50 sec =  705.6761 Mbps     0 retrans  11438 KB-cwnd
[2024-11-07T11:06:38.248384-0500]    40.1250 MB /   0.50 sec =  673.1441 Mbps     0 retrans  11456 KB-cwnd
[2024-11-07T11:06:38.748336-0500]    43.1250 MB /   0.50 sec =  723.5406 Mbps     0 retrans  11454 KB-cwnd
[2024-11-07T11:06:39.248396-0500]    44.2500 MB /   0.50 sec =  742.3695 Mbps     0 retrans  10575 KB-cwnd
[2024-11-07T11:06:39.748390-0500]    43.7500 MB /   0.50 sec =  734.0047 Mbps     0 retrans  10575 KB-cwnd
[2024-11-07T11:06:40.248319-0500]    45.9375 MB /   0.50 sec =  770.7265 Mbps     0 retrans  13851 KB-cwnd
[2024-11-07T11:06:40.748457-0500]    44.5000 MB /   0.50 sec =  746.4398 Mbps     0 retrans  13628 KB-cwnd
[2024-11-07T11:06:41.248458-0500]    43.6875 MB /   0.50 sec =  732.9634 Mbps     0 retrans  13628 KB-cwnd
[2024-11-07T11:06:41.748345-0500]    48.3125 MB /   0.50 sec =  810.6968 Mbps     0 retrans  11163 KB-cwnd
[2024-11-07T11:06:42.248380-0500]    47.7500 MB /   0.50 sec =  801.1249 Mbps     0 retrans  11236 KB-cwnd
[2024-11-07T11:06:42.748509-0500]    46.0625 MB /   0.50 sec =  772.7557 Mbps     0 retrans  11236 KB-cwnd
[2024-11-07T11:06:43.248322-0500]    35.6875 MB /   0.50 sec =  598.7632 Mbps     0 retrans  12072 KB-cwnd
[2024-11-07T11:06:43.748333-0500]    42.1875 MB /   0.50 sec =  707.7888 Mbps     0 retrans  12072 KB-cwnd
[2024-11-07T11:06:44.248354-0500]    46.4375 MB /   0.50 sec =  779.0873 Mbps     0 retrans  12330 KB-cwnd
[2024-11-07T11:06:44.748302-0500]    47.5625 MB /   0.50 sec =  797.9743 Mbps     0 retrans  12327 KB-cwnd
[2024-11-07T11:06:45.248422-0500]    47.6250 MB /   0.50 sec =  798.9478 Mbps     0 retrans  12459 KB-cwnd
[2024-11-07T11:06:45.748401-0500]    52.7500 MB /   0.50 sec =  885.0194 Mbps     0 retrans  14052 KB-cwnd
[2024-11-07T11:06:46.248368-0500]    51.3750 MB /   0.50 sec =  862.0502 Mbps     0 retrans  12666 KB-cwnd
[2024-11-07T11:06:46.748341-0500]    48.5625 MB /   0.50 sec =  814.7175 Mbps     0 retrans  12666 KB-cwnd
[2024-11-07T11:06:47.248388-0500]    40.5625 MB /   0.50 sec =  680.4564 Mbps     0 retrans  12273 KB-cwnd
[2024-11-07T11:06:47.748325-0500]    37.6875 MB /   0.50 sec =  632.3255 Mbps     0 retrans  12367 KB-cwnd
[2024-11-07T11:06:48.248380-0500]    51.5625 MB /   0.50 sec =  865.0492 Mbps     0 retrans  12843 KB-cwnd
[2024-11-07T11:06:48.748308-0500]    40.0625 MB /   0.50 sec =  672.1439 Mbps     0 retrans  12843 KB-cwnd
[2024-11-07T11:06:49.248416-0500]    40.3125 MB /   0.50 sec =  676.3883 Mbps     0 retrans  12854 KB-cwnd
[2024-11-07T11:06:49.748333-0500]    33.0000 MB /   0.50 sec =  553.6249 Mbps     0 retrans  12854 KB-cwnd
[2024-11-07T11:06:50.248297-0500]    47.8125 MB /   0.50 sec =  802.1462 Mbps     0 retrans  14421 KB-cwnd
[2024-11-07T11:06:50.748307-0500]    51.1250 MB /   0.50 sec =  857.8038 Mbps     0 retrans  14829 KB-cwnd
[2024-11-07T11:06:51.248360-0500]    53.3125 MB /   0.50 sec =  894.4031 Mbps     0 retrans  14829 KB-cwnd
[2024-11-07T11:06:51.748283-0500]    53.3750 MB /   0.50 sec =  895.4857 Mbps     0 retrans  11604 KB-cwnd
[2024-11-07T11:06:52.248403-0500]    22.4375 MB /   0.50 sec =  376.3740 Mbps     0 retrans  11604 KB-cwnd
[2024-11-07T11:06:52.748346-0500]    29.9375 MB /   0.50 sec =  502.3242 Mbps     0 retrans  12566 KB-cwnd
[2024-11-07T11:06:53.248294-0500]    40.1875 MB /   0.50 sec =  674.2802 Mbps     0 retrans  12566 KB-cwnd
[2024-11-07T11:06:53.748303-0500]    44.5625 MB /   0.50 sec =  747.6257 Mbps     0 retrans  12881 KB-cwnd
[2024-11-07T11:06:54.248406-0500]    47.8750 MB /   0.50 sec =  803.2092 Mbps     0 retrans  11994 KB-cwnd
[2024-11-07T11:06:54.748227-0500]    51.3125 MB /   0.50 sec =  860.8964 Mbps     0 retrans  11997 KB-cwnd
[2024-11-07T11:06:55.248367-0500]    48.8125 MB /   0.50 sec =  818.8707 Mbps     0 retrans  13413 KB-cwnd
[2024-11-07T11:06:55.748386-0500]    50.8125 MB /   0.50 sec =  852.4360 Mbps     0 retrans  12757 KB-cwnd
[2024-11-07T11:06:56.248428-0500]    51.3750 MB /   0.50 sec =  861.8778 Mbps     0 retrans  12757 KB-cwnd
[2024-11-07T11:06:56.748320-0500]    50.3125 MB /   0.50 sec =  844.2860 Mbps     0 retrans  13023 KB-cwnd
[2024-11-07T11:06:57.248334-0500]    51.1250 MB /   0.50 sec =  857.6889 Mbps     0 retrans  12394 KB-cwnd
[2024-11-07T11:06:57.748269-0500]    50.8125 MB /   0.50 sec =  852.5349 Mbps     0 retrans  12394 KB-cwnd
[2024-11-07T11:06:58.248189-0500]    49.6875 MB /   0.50 sec =  833.6479 Mbps     0 retrans  12381 KB-cwnd
[2024-11-07T11:06:58.748389-0500]    44.5625 MB /   0.50 sec =  747.5824 Mbps     0 retrans  11999 KB-cwnd
[2024-11-07T11:06:59.248270-0500]    46.1250 MB /   0.50 sec =  773.8630 Mbps     0 retrans  11999 KB-cwnd
[2024-11-07T11:06:59.748481-0500]    47.7500 MB /   0.50 sec =  801.0880 Mbps     0 retrans  12639 KB-cwnd
[2024-11-07T11:07:00.248246-0500]    50.1875 MB /   0.50 sec =  842.0773 Mbps     0 retrans  15017 KB-cwnd
[2024-11-07T11:07:00.748285-0500]    51.7500 MB /   0.50 sec =  868.1775 Mbps     0 retrans  15017 KB-cwnd
[2024-11-07T11:07:01.248372-0500]    53.2500 MB /   0.50 sec =  893.3600 Mbps     0 retrans  12112 KB-cwnd
[2024-11-07T11:07:01.748333-0500]    53.0000 MB /   0.50 sec =  889.1764 Mbps     0 retrans  12429 KB-cwnd
[2024-11-07T11:07:02.248313-0500]    53.3125 MB /   0.50 sec =  894.4228 Mbps     0 retrans  12429 KB-cwnd
[2024-11-07T11:07:02.748345-0500]    52.0625 MB /   0.50 sec =  873.4708 Mbps     0 retrans  14536 KB-cwnd
[2024-11-07T11:07:03.248410-0500]    49.8750 MB /   0.50 sec =  836.8005 Mbps     0 retrans  14077 KB-cwnd
[2024-11-07T11:07:03.748205-0500]    38.8750 MB /   0.50 sec =  652.2338 Mbps     0 retrans  14077 KB-cwnd
[2024-11-07T11:07:04.248400-0500]    23.1875 MB /   0.50 sec =  388.9727 Mbps     0 retrans  12964 KB-cwnd
[2024-11-07T11:07:04.748295-0500]    49.5000 MB /   0.50 sec =  830.5552 Mbps     0 retrans  12964 KB-cwnd
[2024-11-07T11:07:05.248423-0500]    49.5000 MB /   0.50 sec =  830.4855 Mbps     0 retrans  12996 KB-cwnd
[2024-11-07T11:07:05.748243-0500]    46.1250 MB /   0.50 sec =  773.8692 Mbps     0 retrans  11865 KB-cwnd
[2024-11-07T11:07:06.248333-0500]    43.3750 MB /   0.50 sec =  727.6666 Mbps     0 retrans  11865 KB-cwnd
[2024-11-07T11:07:06.748288-0500]    52.2500 MB /   0.50 sec =  876.6271 Mbps     0 retrans  12435 KB-cwnd
[2024-11-07T11:07:07.248312-0500]    37.0625 MB /   0.50 sec =  621.7994 Mbps     0 retrans  12435 KB-cwnd
[2024-11-07T11:07:07.748422-0500]    37.5000 MB /   0.50 sec =  629.0336 Mbps     0 retrans  12287 KB-cwnd
[2024-11-07T11:07:08.248490-0500]    42.1250 MB /   0.50 sec =  706.8618 Mbps     0 retrans  12287 KB-cwnd
[2024-11-07T11:07:08.748366-0500]    47.2500 MB /   0.50 sec =  792.7235 Mbps     0 retrans  12023 KB-cwnd
[2024-11-07T11:07:09.248282-0500]    37.5000 MB /   0.50 sec =  629.1531 Mbps     0 retrans  14418 KB-cwnd
[2024-11-07T11:07:09.748335-0500]    49.3125 MB /   0.50 sec =  827.3116 Mbps     0 retrans  14418 KB-cwnd
[2024-11-07T11:07:10.248333-0500]    46.4375 MB /   0.50 sec =  779.0873 Mbps     0 retrans  11126 KB-cwnd
[2024-11-07T11:07:10.748269-0500]    44.5000 MB /   0.50 sec =  746.6190 Mbps     0 retrans  11983 KB-cwnd
[2024-11-07T11:07:11.248305-0500]    41.0000 MB /   0.50 sec =  687.8452 Mbps     0 retrans  11983 KB-cwnd
[2024-11-07T11:07:11.748538-0500]    33.3750 MB /   0.50 sec =  559.9049 Mbps     0 retrans  13668 KB-cwnd
[2024-11-07T11:07:12.248283-0500]    51.9375 MB /   0.50 sec =  871.4399 Mbps     0 retrans  13668 KB-cwnd
[2024-11-07T11:07:12.748325-0500]    50.4375 MB /   0.50 sec =  846.1991 Mbps     0 retrans  12255 KB-cwnd
[2024-11-07T11:07:13.248354-0500]    47.6250 MB /   0.50 sec =  799.0085 Mbps     0 retrans  11397 KB-cwnd
[2024-11-07T11:07:13.748292-0500]    40.6250 MB /   0.50 sec =  681.5635 Mbps     0 retrans  10994 KB-cwnd
[2024-11-07T11:07:14.248318-0500]    44.4375 MB /   0.50 sec =  745.5375 Mbps     0 retrans  12674 KB-cwnd
[2024-11-07T11:07:14.748318-0500]    48.9375 MB /   0.50 sec =  821.0334 Mbps     0 retrans  12674 KB-cwnd
[2024-11-07T11:07:15.248390-0500]    50.0625 MB /   0.50 sec =  839.8674 Mbps     0 retrans  14998 KB-cwnd
[2024-11-07T11:07:15.748542-0500]    11.3125 MB /   0.50 sec =  189.8116 Mbps     0 retrans  14998 KB-cwnd
[2024-11-07T11:07:16.248333-0500]    30.0625 MB /   0.50 sec =  504.3459 Mbps     0 retrans  11395 KB-cwnd
[2024-11-07T11:07:16.748212-0500]    31.5625 MB /   0.50 sec =  529.5669 Mbps     0 retrans  11395 KB-cwnd
[2024-11-07T11:07:17.248295-0500]    38.3125 MB /   0.50 sec =  642.7295 Mbps     0 retrans  13469 KB-cwnd
[2024-11-07T11:07:17.748309-0500]    43.5625 MB /   0.50 sec =  730.8677 Mbps     0 retrans  13469 KB-cwnd
[2024-11-07T11:07:18.248289-0500]    45.0625 MB /   0.50 sec =  756.0082 Mbps     0 retrans  11059 KB-cwnd
[2024-11-07T11:07:18.748315-0500]    46.1875 MB /   0.50 sec =  774.8930 Mbps     0 retrans  11059 KB-cwnd
[2024-11-07T11:07:19.248383-0500]    42.9375 MB /   0.50 sec =  720.2709 Mbps     0 retrans  11655 KB-cwnd
[2024-11-07T11:07:19.748280-0500]    49.0000 MB /   0.50 sec =  822.2267 Mbps     0 retrans  12091 KB-cwnd
[2024-11-07T11:07:20.248354-0500]    46.9375 MB /   0.50 sec =  787.4381 Mbps     0 retrans  12091 KB-cwnd
[2024-11-07T11:07:20.748315-0500]    50.4375 MB /   0.50 sec =  846.2127 Mbps     0 retrans  11661 KB-cwnd
[2024-11-07T11:07:21.248494-0500]    49.5625 MB /   0.50 sec =  831.5324 Mbps     0 retrans  16014 KB-cwnd
[2024-11-07T11:07:21.748327-0500]    44.9375 MB /   0.50 sec =  753.9277 Mbps     0 retrans  16014 KB-cwnd
[2024-11-07T11:07:22.248192-0500]    27.9375 MB /   0.50 sec =  468.7519 Mbps     0 retrans  12343 KB-cwnd
[2024-11-07T11:07:22.748291-0500]    33.6875 MB /   0.50 sec =  565.1384 Mbps     0 retrans  12521 KB-cwnd
[2024-11-07T11:07:23.248290-0500]    25.1250 MB /   0.50 sec =  421.5368 Mbps     0 retrans  12529 KB-cwnd
[2024-11-07T11:07:23.748274-0500]    18.4375 MB /   0.50 sec =  309.3274 Mbps     0 retrans  12722 KB-cwnd
[2024-11-07T11:07:24.248301-0500]    29.4375 MB /   0.50 sec =  493.8744 Mbps     0 retrans  12722 KB-cwnd
[2024-11-07T11:07:24.748297-0500]    25.0000 MB /   0.50 sec =  419.4187 Mbps     0 retrans  12722 KB-cwnd
[2024-11-07T11:07:25.248280-0500]    37.5000 MB /   0.50 sec =  629.1708 Mbps     0 retrans  11631 KB-cwnd
[2024-11-07T11:07:25.748391-0500]    29.3125 MB /   0.50 sec =  491.7094 Mbps     0 retrans  11631 KB-cwnd
[2024-11-07T11:07:26.248364-0500]    29.3750 MB /   0.50 sec =  492.8278 Mbps     0 retrans  11408 KB-cwnd
[2024-11-07T11:07:26.748267-0500]    38.8750 MB /   0.50 sec =  652.3565 Mbps     0 retrans  11408 KB-cwnd
[2024-11-07T11:07:27.248304-0500]    43.3125 MB /   0.50 sec =  726.6661 Mbps     0 retrans  11365 KB-cwnd
[2024-11-07T11:07:27.748219-0500]    42.7500 MB /   0.50 sec =  717.2073 Mbps     0 retrans  11405 KB-cwnd
[2024-11-07T11:07:28.248300-0500]    46.1250 MB /   0.50 sec =  773.8073 Mbps     0 retrans  12440 KB-cwnd
[2024-11-07T11:07:28.748311-0500]    45.3125 MB /   0.50 sec =  760.2374 Mbps     0 retrans  10868 KB-cwnd
[2024-11-07T11:07:29.248483-0500]    33.7500 MB /   0.50 sec =  566.2095 Mbps     0 retrans  10868 KB-cwnd
[2024-11-07T11:07:29.748316-0500]    44.5000 MB /   0.50 sec =  746.6055 Mbps     0 retrans  11927 KB-cwnd
[2024-11-07T11:07:30.248346-0500]    46.1875 MB /   0.50 sec =  774.8496 Mbps     0 retrans  11927 KB-cwnd
[2024-11-07T11:07:30.748272-0500]    47.6875 MB /   0.50 sec =  800.1147 Mbps     0 retrans  12760 KB-cwnd
[2024-11-07T11:07:31.248357-0500]    46.0000 MB /   0.50 sec =  771.6717 Mbps     0 retrans  11548 KB-cwnd
[2024-11-07T11:07:31.748366-0500]    48.7500 MB /   0.50 sec =  817.8795 Mbps     0 retrans  11548 KB-cwnd
[2024-11-07T11:07:32.248258-0500]    50.8125 MB /   0.50 sec =  852.6219 Mbps     0 retrans  11438 KB-cwnd
[2024-11-07T11:07:32.748376-0500]    47.9375 MB /   0.50 sec =  804.2514 Mbps     0 retrans  10774 KB-cwnd
[2024-11-07T11:07:33.248326-0500]    35.8125 MB /   0.50 sec =  600.7692 Mbps     0 retrans  10774 KB-cwnd
[2024-11-07T11:07:33.748360-0500]    39.6250 MB /   0.50 sec =  664.7746 Mbps     0 retrans  11284 KB-cwnd
[2024-11-07T11:07:34.248559-0500]    31.6250 MB /   0.50 sec =  530.6431 Mbps     0 retrans  11284 KB-cwnd
[2024-11-07T11:07:34.748372-0500]    29.1875 MB /   0.50 sec =  489.6292 Mbps     0 retrans  11596 KB-cwnd
[2024-11-07T11:07:35.248272-0500]    19.7500 MB /   0.50 sec =  331.3885 Mbps     0 retrans  11596 KB-cwnd
[2024-11-07T11:07:35.748374-0500]    22.8750 MB /   0.50 sec =  383.7834 Mbps     0 retrans  11596 KB-cwnd
[2024-11-07T11:07:36.248318-0500]    25.4375 MB /   0.50 sec =  426.7517 Mbps     0 retrans  11596 KB-cwnd
[2024-11-07T11:07:36.748318-0500]    25.7500 MB /   0.50 sec =  431.9883 Mbps     0 retrans  14090 KB-cwnd
[2024-11-07T11:07:37.248377-0500]    25.4375 MB /   0.50 sec =  426.7576 Mbps     0 retrans  14090 KB-cwnd
[2024-11-07T11:07:37.748201-0500]    10.6875 MB /   0.50 sec =  179.3363 Mbps     0 retrans  14090 KB-cwnd
[2024-11-07T11:07:38.248324-0500]    23.4375 MB /   0.50 sec =  393.1869 Mbps     0 retrans  11612 KB-cwnd
[2024-11-07T11:07:38.748326-0500]    31.8125 MB /   0.50 sec =  533.7487 Mbps     0 retrans  11612 KB-cwnd
[2024-11-07T11:07:39.248421-0500]    40.6875 MB /   0.50 sec =  682.5984 Mbps     0 retrans   8038 KB-cwnd
[2024-11-07T11:07:39.748339-0500]    40.8750 MB /   0.50 sec =  685.7577 Mbps     0 retrans   8038 KB-cwnd
[2024-11-07T11:07:40.248363-0500]    42.8750 MB /   0.50 sec =  719.2670 Mbps     0 retrans   7373 KB-cwnd
[2024-11-07T11:07:40.748370-0500]    32.5625 MB /   0.50 sec =  546.2633 Mbps     0 retrans   7737 KB-cwnd
[2024-11-07T11:07:41.248276-0500]    29.3125 MB /   0.50 sec =  491.8746 Mbps     0 retrans  10137 KB-cwnd
[2024-11-07T11:07:41.748319-0500]    29.1875 MB /   0.50 sec =  489.6527 Mbps     0 retrans  10263 KB-cwnd
[2024-11-07T11:07:42.248253-0500]    20.2500 MB /   0.50 sec =  339.7828 Mbps     0 retrans  10303 KB-cwnd
[2024-11-07T11:07:42.748320-0500]    21.3750 MB /   0.50 sec =  358.5836 Mbps     0 retrans  12365 KB-cwnd
[2024-11-07T11:07:43.248312-0500]    20.6250 MB /   0.50 sec =  346.0232 Mbps     0 retrans  12365 KB-cwnd
[2024-11-07T11:07:43.748298-0500]    20.6875 MB /   0.50 sec =  347.0842 Mbps     0 retrans  12365 KB-cwnd
[2024-11-07T11:07:44.248200-0500]    15.0000 MB /   0.50 sec =  251.6759 Mbps     0 retrans  12402 KB-cwnd
[2024-11-07T11:07:44.748328-0500]     7.1875 MB /   0.50 sec =  120.5713 Mbps     0 retrans  12402 KB-cwnd
[2024-11-07T11:07:45.248308-0500]     2.8750 MB /   0.50 sec =   48.2363 Mbps     0 retrans  12518 KB-cwnd
[2024-11-07T11:07:45.748334-0500]    17.6250 MB /   0.50 sec =  295.6961 Mbps     0 retrans   9927 KB-cwnd
[2024-11-07T11:07:46.248425-0500]    23.3125 MB /   0.50 sec =  391.1275 Mbps     0 retrans   9927 KB-cwnd
[2024-11-07T11:07:46.748474-0500]    16.6875 MB /   0.50 sec =  279.9026 Mbps     0 retrans   9927 KB-cwnd
[2024-11-07T11:07:47.248344-0500]     4.8750 MB /   0.50 sec =   81.8043 Mbps     0 retrans   9927 KB-cwnd
[2024-11-07T11:07:47.748282-0500]    20.0625 MB /   0.50 sec =  336.6158 Mbps     0 retrans   8250 KB-cwnd
[2024-11-07T11:07:48.248483-0500]    27.2500 MB /   0.50 sec =  457.1124 Mbps     0 retrans   8250 KB-cwnd
[2024-11-07T11:07:48.748428-0500]    12.9375 MB /   0.50 sec =  217.0383 Mbps     0 retrans   8293 KB-cwnd
[2024-11-07T11:07:49.248321-0500]    17.8750 MB /   0.50 sec =  299.9527 Mbps     0 retrans   8293 KB-cwnd
[2024-11-07T11:07:49.748267-0500]    28.1250 MB /   0.50 sec =  471.8667 Mbps     0 retrans   8763 KB-cwnd
[2024-11-07T11:07:50.248326-0500]    31.1250 MB /   0.50 sec =  522.1835 Mbps     0 retrans   8763 KB-cwnd
[2024-11-07T11:07:50.748431-0500]    27.0625 MB /   0.50 sec =  454.0243 Mbps     0 retrans   6898 KB-cwnd
[2024-11-07T11:07:51.248282-0500]    17.1875 MB /   0.50 sec =  288.3717 Mbps     0 retrans   6898 KB-cwnd
[2024-11-07T11:07:51.748531-0500]    13.1250 MB /   0.50 sec =  220.1618 Mbps     0 retrans   6898 KB-cwnd
[2024-11-07T11:07:52.248226-0500]    20.3750 MB /   0.50 sec =  341.9103 Mbps     0 retrans   6898 KB-cwnd
[2024-11-07T11:07:52.748521-0500]    15.3750 MB /   0.50 sec =  257.8847 Mbps     0 retrans   6256 KB-cwnd
[2024-11-07T11:07:53.248315-0500]    17.5625 MB /   0.50 sec =  294.7011 Mbps     0 retrans   6350 KB-cwnd
[2024-11-07T11:07:53.748290-0500]    15.8750 MB /   0.50 sec =  266.3442 Mbps     0 retrans   6441 KB-cwnd
[2024-11-07T11:07:54.248391-0500]    18.1875 MB /   0.50 sec =  305.0856 Mbps     0 retrans   6441 KB-cwnd
[2024-11-07T11:07:54.748333-0500]    18.6875 MB /   0.50 sec =  313.5681 Mbps     0 retrans   8530 KB-cwnd
[2024-11-07T11:07:55.248335-0500]    19.9375 MB /   0.50 sec =  334.5158 Mbps     0 retrans   8530 KB-cwnd
[2024-11-07T11:07:55.748324-0500]    22.0000 MB /   0.50 sec =  369.0803 Mbps     0 retrans   8557 KB-cwnd
[2024-11-07T11:07:56.248321-0500]    23.4375 MB /   0.50 sec =  393.2191 Mbps     0 retrans   8557 KB-cwnd
[2024-11-07T11:07:56.748308-0500]    26.5625 MB /   0.50 sec =  445.6510 Mbps     0 retrans   7737 KB-cwnd
[2024-11-07T11:07:57.248358-0500]    28.1875 MB /   0.50 sec =  472.8283 Mbps     0 retrans   7737 KB-cwnd
[2024-11-07T11:07:57.748274-0500]    29.5000 MB /   0.50 sec =  495.0071 Mbps     0 retrans   6772 KB-cwnd
[2024-11-07T11:07:58.248356-0500]    33.6250 MB /   0.50 sec =  564.1068 Mbps     0 retrans   6779 KB-cwnd
[2024-11-07T11:07:58.748306-0500]    22.4375 MB /   0.50 sec =  376.4599 Mbps     0 retrans   6804 KB-cwnd
[2024-11-07T11:07:59.248408-0500]    20.5000 MB /   0.50 sec =  343.9350 Mbps     0 retrans   7675 KB-cwnd
[2024-11-07T11:07:59.748303-0500]    22.8750 MB /   0.50 sec =  383.7796 Mbps     0 retrans   8161 KB-cwnd
[2024-11-07T11:08:00.248304-0500]    34.5000 MB /   0.50 sec =  578.8093 Mbps     0 retrans   8161 KB-cwnd
[2024-11-07T11:08:00.748265-0500]    36.1250 MB /   0.50 sec =  606.0890 Mbps     0 retrans  11271 KB-cwnd
[2024-11-07T11:08:01.248301-0500]    30.0625 MB /   0.50 sec =  504.3610 Mbps     0 retrans  11456 KB-cwnd
[2024-11-07T11:08:01.748244-0500]    22.1875 MB /   0.50 sec =  372.2556 Mbps     0 retrans   8696 KB-cwnd
[2024-11-07T11:08:02.248353-0500]    30.9375 MB /   0.50 sec =  518.9694 Mbps     0 retrans   8696 KB-cwnd
[2024-11-07T11:08:02.748324-0500]    28.5625 MB /   0.50 sec =  479.2472 Mbps     0 retrans   8696 KB-cwnd
[2024-11-07T11:08:03.248284-0500]    27.4375 MB /   0.50 sec =  460.3350 Mbps     0 retrans   9137 KB-cwnd
[2024-11-07T11:08:03.748404-0500]    28.1875 MB /   0.50 sec =  472.8274 Mbps     0 retrans   9110 KB-cwnd
[2024-11-07T11:08:04.248329-0500]    31.7500 MB /   0.50 sec =  532.7405 Mbps     0 retrans   8500 KB-cwnd
[2024-11-07T11:08:04.748345-0500]    35.1250 MB /   0.50 sec =  589.2549 Mbps     0 retrans   8516 KB-cwnd
[2024-11-07T11:08:05.248324-0500]    34.1875 MB /   0.50 sec =  573.6261 Mbps     0 retrans   7258 KB-cwnd
[2024-11-07T11:08:05.748319-0500]    21.9375 MB /   0.50 sec =  368.0428 Mbps     0 retrans   7258 KB-cwnd
[2024-11-07T11:08:06.248196-0500]    19.3125 MB /   0.50 sec =  324.0430 Mbps     0 retrans   7258 KB-cwnd
[2024-11-07T11:08:06.748326-0500]    28.5625 MB /   0.50 sec =  479.1935 Mbps     0 retrans   7820 KB-cwnd
[2024-11-07T11:08:07.248343-0500]    23.5000 MB /   0.50 sec =  394.2252 Mbps     0 retrans   7823 KB-cwnd
[2024-11-07T11:08:07.748277-0500]    20.5625 MB /   0.50 sec =  345.0001 Mbps     0 retrans   7823 KB-cwnd
[2024-11-07T11:08:08.248187-0500]    26.1875 MB /   0.50 sec =  439.3806 Mbps     0 retrans   8978 KB-cwnd
[2024-11-07T11:08:08.748479-0500]    28.6875 MB /   0.50 sec =  481.2598 Mbps     0 retrans   8978 KB-cwnd
[2024-11-07T11:08:09.248280-0500]    28.8750 MB /   0.50 sec =  484.4450 Mbps     0 retrans   8978 KB-cwnd
[2024-11-07T11:08:09.748343-0500]    34.3125 MB /   0.50 sec =  575.6510 Mbps     0 retrans   6863 KB-cwnd
[2024-11-07T11:08:10.248375-0500]    32.8125 MB /   0.50 sec =  550.4617 Mbps     0 retrans   6909 KB-cwnd
[2024-11-07T11:08:10.748270-0500]    34.6250 MB /   0.50 sec =  580.9797 Mbps     0 retrans   7167 KB-cwnd
[2024-11-07T11:08:11.248328-0500]    34.2500 MB /   0.50 sec =  574.6059 Mbps     0 retrans   7315 KB-cwnd
[2024-11-07T11:08:11.748275-0500]    33.0000 MB /   0.50 sec =  553.6481 Mbps     0 retrans   8911 KB-cwnd
[2024-11-07T11:08:12.248472-0500]    33.9375 MB /   0.50 sec =  569.3802 Mbps     0 retrans   8887 KB-cwnd
[2024-11-07T11:08:12.748287-0500]    33.6250 MB /   0.50 sec =  564.1350 Mbps     0 retrans   8989 KB-cwnd
[2024-11-07T11:08:13.248312-0500]    25.9375 MB /   0.50 sec =  435.1556 Mbps     0 retrans   8989 KB-cwnd
[2024-11-07T11:08:13.748329-0500]    27.8125 MB /   0.50 sec =  466.6275 Mbps     0 retrans   8989 KB-cwnd
[2024-11-07T11:08:14.248318-0500]    28.0000 MB /   0.50 sec =  469.7489 Mbps     0 retrans   8922 KB-cwnd
[2024-11-07T11:08:14.748346-0500]    27.6875 MB /   0.50 sec =  464.5182 Mbps     0 retrans   8922 KB-cwnd
[2024-11-07T11:08:15.248314-0500]    32.0625 MB /   0.50 sec =  537.9141 Mbps     0 retrans   9258 KB-cwnd
[2024-11-07T11:08:15.748555-0500]    38.6250 MB /   0.50 sec =  648.0135 Mbps     0 retrans   9258 KB-cwnd
[2024-11-07T11:08:16.248326-0500]    36.1875 MB /   0.50 sec =  607.1376 Mbps     0 retrans   7869 KB-cwnd
[2024-11-07T11:08:16.748266-0500]    31.9375 MB /   0.50 sec =  535.8309 Mbps     0 retrans   7869 KB-cwnd
[2024-11-07T11:08:17.248412-0500]    30.3125 MB /   0.50 sec =  508.4302 Mbps     0 retrans   7869 KB-cwnd
[2024-11-07T11:08:17.748312-0500]    30.6875 MB /   0.50 sec =  514.9775 Mbps     0 retrans   9226 KB-cwnd
[2024-11-07T11:08:18.248274-0500]    39.1875 MB /   0.50 sec =  657.4650 Mbps     0 retrans   9226 KB-cwnd
[2024-11-07T11:08:18.748231-0500]    47.5000 MB /   0.50 sec =  796.9576 Mbps     0 retrans  11440 KB-cwnd
[2024-11-07T11:08:19.248280-0500]    46.6875 MB /   0.50 sec =  783.2534 Mbps     0 retrans  11782 KB-cwnd
[2024-11-07T11:08:19.748536-0500]    43.0000 MB /   0.50 sec =  721.4059 Mbps     0 retrans  11784 KB-cwnd
[2024-11-07T11:08:20.248397-0500]    41.8125 MB /   0.50 sec =  701.4679 Mbps     0 retrans  12851 KB-cwnd
[2024-11-07T11:08:20.748342-0500]    40.0625 MB /   0.50 sec =  672.1224 Mbps     0 retrans  12851 KB-cwnd
[2024-11-07T11:08:21.248436-0500]    39.0625 MB /   0.50 sec =  655.3744 Mbps     0 retrans  11894 KB-cwnd
[2024-11-07T11:08:21.748341-0500]    36.5625 MB /   0.50 sec =  613.4231 Mbps     0 retrans  11894 KB-cwnd
[2024-11-07T11:08:22.248341-0500]    37.0625 MB /   0.50 sec =  621.8018 Mbps     0 retrans  14034 KB-cwnd
[2024-11-07T11:08:22.748209-0500]    39.1250 MB /   0.50 sec =  656.4466 Mbps     0 retrans  14034 KB-cwnd
[2024-11-07T11:08:23.248321-0500]    40.0625 MB /   0.50 sec =  672.1345 Mbps     0 retrans  11701 KB-cwnd
[2024-11-07T11:08:23.748281-0500]    40.1875 MB /   0.50 sec =  674.2290 Mbps     0 retrans  10913 KB-cwnd
[2024-11-07T11:08:24.248301-0500]    38.1250 MB /   0.50 sec =  639.6288 Mbps     0 retrans  10911 KB-cwnd
[2024-11-07T11:08:24.748299-0500]    37.5625 MB /   0.50 sec =  630.1929 Mbps     0 retrans  13010 KB-cwnd
[2024-11-07T11:08:25.248484-0500]    31.5000 MB /   0.50 sec =  528.4622 Mbps     0 retrans  13010 KB-cwnd
[2024-11-07T11:08:25.748321-0500]    25.0000 MB /   0.50 sec =  419.4321 Mbps     0 retrans  13010 KB-cwnd
[2024-11-07T11:08:26.248345-0500]     8.5625 MB /   0.50 sec =  143.6451 Mbps     0 retrans  13010 KB-cwnd
[2024-11-07T11:08:26.748324-0500]    19.7500 MB /   0.50 sec =  331.3706 Mbps     0 retrans  12639 KB-cwnd
End time: 1730995707008
