Start time: 1730999148945
[2024-11-07T12:05:50.046725-0500] nuttcp-r: v8.1.4: socket
[2024-11-07T12:05:50.047001-0500] nuttcp-r: buflen=65536, nstream=1, port=5103 tcp
[2024-11-07T12:05:50.047036-0500] nuttcp-r: interval reporting every 0.50 seconds
[2024-11-07T12:05:50.047061-0500] nuttcp-r: connect to 54.197.223.49 with RTT=120.904 ms af=inet
[2024-11-07T12:05:50.047089-0500] nuttcp-r: send window size = 1048576, receive window size = 1048576
[2024-11-07T12:05:50.047113-0500] nuttcp-r: available send window = 786432, available receive window = 786432
[2024-11-07T12:05:50.047136-0500]     0.1250 MB /   0.50 sec =    2.0970 Mbps     0 retrans     14 KB-cwnd
[2024-11-07T12:05:50.546885-0500]     0.1875 MB /   0.50 sec =    3.1453 Mbps     0 retrans     14 KB-cwnd
[2024-11-07T12:05:51.049663-0500]     0.2500 MB /   0.50 sec =    4.1760 Mbps     0 retrans     14 KB-cwnd
[2024-11-07T12:05:51.548735-0500]     0.4375 MB /   0.50 sec =    7.3536 Mbps     0 retrans     14 KB-cwnd
[2024-11-07T12:05:52.048795-0500]     0.4375 MB /   0.50 sec =    7.3391 Mbps     0 retrans     14 KB-cwnd
[2024-11-07T12:05:52.546887-0500]     0.5625 MB /   0.50 sec =    9.4630 Mbps     0 retrans     14 KB-cwnd
[2024-11-07T12:05:53.046892-0500]     0.6250 MB /   0.50 sec =   10.4862 Mbps     0 retrans     14 KB-cwnd
[2024-11-07T12:05:53.547119-0500]     0.8125 MB /   0.50 sec =   13.6309 Mbps     0 retrans     14 KB-cwnd
[2024-11-07T12:05:54.048716-0500]     0.6875 MB /   0.50 sec =   11.4937 Mbps     0 retrans     14 KB-cwnd
[2024-11-07T12:05:54.546915-0500]     1.0000 MB /   0.50 sec =   16.8365 Mbps     0 retrans     14 KB-cwnd
[2024-11-07T12:05:55.046818-0500]     1.4375 MB /   0.50 sec =   24.1190 Mbps     0 retrans     14 KB-cwnd
[2024-11-07T12:05:55.547450-0500]     1.2500 MB /   0.50 sec =   20.9682 Mbps     0 retrans     14 KB-cwnd
[2024-11-07T12:05:56.047900-0500]     1.5625 MB /   0.50 sec =   26.1890 Mbps     0 retrans     14 KB-cwnd
[2024-11-07T12:05:56.549011-0500]     1.8125 MB /   0.50 sec =   30.3431 Mbps     0 retrans     14 KB-cwnd
[2024-11-07T12:05:57.049622-0500]     1.3125 MB /   0.50 sec =   22.0173 Mbps     0 retrans     14 KB-cwnd
[2024-11-07T12:05:57.546845-0500]     1.0000 MB /   0.50 sec =   16.8340 Mbps     0 retrans     14 KB-cwnd
[2024-11-07T12:05:58.046815-0500]     2.3750 MB /   0.50 sec =   39.8469 Mbps     0 retrans     14 KB-cwnd
[2024-11-07T12:05:58.546999-0500]     2.5625 MB /   0.50 sec =   42.9791 Mbps     0 retrans     14 KB-cwnd
[2024-11-07T12:05:59.047134-0500]     3.2500 MB /   0.50 sec =   54.5068 Mbps     0 retrans     14 KB-cwnd
[2024-11-07T12:05:59.546921-0500]     4.2500 MB /   0.50 sec =   71.3386 Mbps     0 retrans     14 KB-cwnd
[2024-11-07T12:06:00.046812-0500]     4.9375 MB /   0.50 sec =   82.8493 Mbps     0 retrans     14 KB-cwnd
[2024-11-07T12:06:00.546889-0500]     5.8750 MB /   0.50 sec =   98.5583 Mbps     0 retrans     14 KB-cwnd
[2024-11-07T12:06:01.046841-0500]     5.3125 MB /   0.50 sec =   89.1327 Mbps     0 retrans     14 KB-cwnd
[2024-11-07T12:06:01.546827-0500]     2.2500 MB /   0.50 sec =   37.7490 Mbps     0 retrans     14 KB-cwnd
[2024-11-07T12:06:02.046737-0500]     8.2500 MB /   0.50 sec =  138.4214 Mbps     0 retrans     14 KB-cwnd
[2024-11-07T12:06:02.548449-0500]     7.0625 MB /   0.50 sec =  118.1997 Mbps     0 retrans     14 KB-cwnd
[2024-11-07T12:06:03.047196-0500]     9.2500 MB /   0.50 sec =  155.4517 Mbps     0 retrans     14 KB-cwnd
[2024-11-07T12:06:03.547623-0500]    10.3125 MB /   0.50 sec =  173.0161 Mbps     0 retrans     14 KB-cwnd
[2024-11-07T12:06:04.047089-0500]    10.5000 MB /   0.50 sec =  176.2856 Mbps     0 retrans     14 KB-cwnd
[2024-11-07T12:06:04.547202-0500]     8.9375 MB /   0.50 sec =  149.8457 Mbps     0 retrans     14 KB-cwnd
[2024-11-07T12:06:05.047054-0500]     6.3125 MB /   0.50 sec =  105.9479 Mbps     0 retrans     14 KB-cwnd
[2024-11-07T12:06:05.547929-0500]     6.3750 MB /   0.50 sec =  106.8210 Mbps     0 retrans     14 KB-cwnd
[2024-11-07T12:06:06.047933-0500]     6.2500 MB /   0.50 sec =  104.9227 Mbps     0 retrans     14 KB-cwnd
[2024-11-07T12:06:06.546923-0500]     8.8750 MB /   0.50 sec =  149.0179 Mbps     0 retrans     14 KB-cwnd
[2024-11-07T12:06:07.047320-0500]     9.6250 MB /   0.50 sec =  161.4946 Mbps     0 retrans     14 KB-cwnd
[2024-11-07T12:06:07.547423-0500]    10.5625 MB /   0.50 sec =  177.1998 Mbps     0 retrans     14 KB-cwnd
[2024-11-07T12:06:08.047096-0500]     8.2500 MB /   0.50 sec =  138.3542 Mbps     0 retrans     14 KB-cwnd
[2024-11-07T12:06:08.546896-0500]    10.8125 MB /   0.50 sec =  181.4882 Mbps     0 retrans     14 KB-cwnd
[2024-11-07T12:06:09.046858-0500]     4.3125 MB /   0.50 sec =   72.3490 Mbps     0 retrans     14 KB-cwnd
[2024-11-07T12:06:09.546821-0500]     9.8125 MB /   0.50 sec =  164.6422 Mbps     0 retrans     28 KB-cwnd
[2024-11-07T12:06:10.049183-0500]     9.0625 MB /   0.50 sec =  151.5054 Mbps     0 retrans     28 KB-cwnd
[2024-11-07T12:06:10.546796-0500]     8.0000 MB /   0.50 sec =  134.6962 Mbps     0 retrans     28 KB-cwnd
[2024-11-07T12:06:11.046852-0500]     6.6250 MB /   0.50 sec =  111.1431 Mbps     0 retrans     28 KB-cwnd
[2024-11-07T12:06:11.546840-0500]     5.8750 MB /   0.50 sec =   98.5699 Mbps     0 retrans     28 KB-cwnd
[2024-11-07T12:06:12.047183-0500]     6.0000 MB /   0.50 sec =  100.6118 Mbps     0 retrans     28 KB-cwnd
[2024-11-07T12:06:12.548238-0500]     0.0000 MB /   0.50 sec =    0.0000 Mbps     0 retrans     28 KB-cwnd
[2024-11-07T12:06:13.048383-0500]     0.0000 MB /   0.50 sec =    0.0000 Mbps     0 retrans     28 KB-cwnd
[2024-11-07T12:06:13.548776-0500]     0.0000 MB /   0.50 sec =    0.0000 Mbps     0 retrans     28 KB-cwnd
[2024-11-07T12:06:14.049130-0500]     1.6875 MB /   0.50 sec =   28.3166 Mbps     0 retrans     28 KB-cwnd
[2024-11-07T12:06:14.546824-0500]     8.0625 MB /   0.50 sec =  135.7319 Mbps     0 retrans     28 KB-cwnd
[2024-11-07T12:06:15.047424-0500]     7.4375 MB /   0.50 sec =  124.7778 Mbps     0 retrans     28 KB-cwnd
[2024-11-07T12:06:15.548082-0500]     9.2500 MB /   0.50 sec =  154.8177 Mbps     0 retrans     28 KB-cwnd
[2024-11-07T12:06:16.046852-0500]     5.2500 MB /   0.50 sec =   88.2965 Mbps     0 retrans     28 KB-cwnd
[2024-11-07T12:06:16.548076-0500]     4.6250 MB /   0.50 sec =   77.4105 Mbps     0 retrans     28 KB-cwnd
[2024-11-07T12:06:17.046968-0500]     9.1875 MB /   0.50 sec =  154.4911 Mbps     0 retrans     28 KB-cwnd
[2024-11-07T12:06:17.547217-0500]     9.3125 MB /   0.50 sec =  156.2528 Mbps     0 retrans     28 KB-cwnd
[2024-11-07T12:06:18.048023-0500]     8.7500 MB /   0.50 sec =  146.5000 Mbps     0 retrans     28 KB-cwnd
[2024-11-07T12:06:18.547335-0500]     3.5625 MB /   0.50 sec =   59.8925 Mbps     0 retrans     28 KB-cwnd
[2024-11-07T12:06:19.047243-0500]     9.1250 MB /   0.50 sec =  152.9856 Mbps     0 retrans     28 KB-cwnd
[2024-11-07T12:06:19.548109-0500]     8.5000 MB /   0.50 sec =  142.5616 Mbps     0 retrans     28 KB-cwnd
[2024-11-07T12:06:20.048360-0500]    10.0625 MB /   0.50 sec =  168.5120 Mbps     0 retrans     28 KB-cwnd
[2024-11-07T12:06:20.546899-0500]     9.3125 MB /   0.50 sec =  156.6765 Mbps     0 retrans     28 KB-cwnd
[2024-11-07T12:06:21.046833-0500]     8.6875 MB /   0.50 sec =  145.7553 Mbps     0 retrans     28 KB-cwnd
[2024-11-07T12:06:21.546772-0500]    11.3750 MB /   0.50 sec =  190.8523 Mbps     0 retrans     28 KB-cwnd
[2024-11-07T12:06:22.047340-0500]    11.8125 MB /   0.50 sec =  198.1626 Mbps     0 retrans     28 KB-cwnd
[2024-11-07T12:06:22.546868-0500]    10.3125 MB /   0.50 sec =  173.0140 Mbps     0 retrans     28 KB-cwnd
[2024-11-07T12:06:23.047897-0500]     7.2500 MB /   0.50 sec =  121.3981 Mbps     0 retrans     28 KB-cwnd
[2024-11-07T12:06:23.546869-0500]     8.0000 MB /   0.50 sec =  134.4802 Mbps     0 retrans     28 KB-cwnd
[2024-11-07T12:06:24.046732-0500]     8.9375 MB /   0.50 sec =  149.9611 Mbps     0 retrans     28 KB-cwnd
[2024-11-07T12:06:24.547816-0500]    10.0000 MB /   0.50 sec =  167.6066 Mbps     0 retrans     28 KB-cwnd
[2024-11-07T12:06:25.047325-0500]     9.1250 MB /   0.50 sec =  153.2297 Mbps     0 retrans     28 KB-cwnd
[2024-11-07T12:06:25.546772-0500]     8.8750 MB /   0.50 sec =  148.9085 Mbps     0 retrans     28 KB-cwnd
[2024-11-07T12:06:26.046862-0500]     8.3750 MB /   0.50 sec =  140.5027 Mbps   595 retrans   3150 KB-cwnd
[2024-11-07T12:06:26.546805-0500]     7.7500 MB /   0.50 sec =  130.0258 Mbps     0 retrans   3150 KB-cwnd
[2024-11-07T12:06:27.048715-0500]     3.1875 MB /   0.50 sec =   53.3394 Mbps     0 retrans   3150 KB-cwnd
[2024-11-07T12:06:27.546826-0500]     2.9375 MB /   0.50 sec =   49.4104 Mbps     0 retrans   3150 KB-cwnd
[2024-11-07T12:06:28.046858-0500]     8.8750 MB /   0.50 sec =  148.8832 Mbps     0 retrans   3150 KB-cwnd
[2024-11-07T12:06:28.546945-0500]     5.8125 MB /   0.50 sec =   97.5168 Mbps     0 retrans   3150 KB-cwnd
[2024-11-07T12:06:29.048110-0500]     4.1250 MB /   0.50 sec =   69.0450 Mbps     0 retrans   3150 KB-cwnd
[2024-11-07T12:06:29.546854-0500]     8.6875 MB /   0.50 sec =  146.1036 Mbps     0 retrans   3164 KB-cwnd
[2024-11-07T12:06:30.046906-0500]     9.8750 MB /   0.50 sec =  165.6770 Mbps     0 retrans   3164 KB-cwnd
[2024-11-07T12:06:30.546934-0500]     8.2500 MB /   0.50 sec =  138.4026 Mbps     0 retrans   3164 KB-cwnd
[2024-11-07T12:06:31.047286-0500]    11.3125 MB /   0.50 sec =  189.8078 Mbps     0 retrans   3164 KB-cwnd
[2024-11-07T12:06:31.548139-0500]     6.8750 MB /   0.50 sec =  115.0700 Mbps     0 retrans   3164 KB-cwnd
[2024-11-07T12:06:32.048843-0500]     4.9375 MB /   0.50 sec =   82.7931 Mbps     0 retrans   3225 KB-cwnd
[2024-11-07T12:06:32.547670-0500]     7.4375 MB /   0.50 sec =  125.1462 Mbps     0 retrans   3328 KB-cwnd
[2024-11-07T12:06:33.048003-0500]     6.2500 MB /   0.50 sec =  104.6445 Mbps     0 retrans   3405 KB-cwnd
[2024-11-07T12:06:33.546967-0500]     8.8125 MB /   0.50 sec =  148.1292 Mbps     0 retrans   3405 KB-cwnd
[2024-11-07T12:06:34.046894-0500]     8.2500 MB /   0.50 sec =  138.4237 Mbps     0 retrans   3413 KB-cwnd
[2024-11-07T12:06:34.547525-0500]     9.0625 MB /   0.50 sec =  152.0235 Mbps     0 retrans   3413 KB-cwnd
[2024-11-07T12:06:35.048619-0500]     8.0625 MB /   0.50 sec =  134.9688 Mbps     0 retrans   3419 KB-cwnd
[2024-11-07T12:06:35.546742-0500]     5.5000 MB /   0.50 sec =   92.5026 Mbps  1830 retrans   3468 KB-cwnd
[2024-11-07T12:06:36.048006-0500]     6.8750 MB /   0.50 sec =  115.2205 Mbps     0 retrans   3468 KB-cwnd
[2024-11-07T12:06:36.546909-0500]     9.0625 MB /   0.50 sec =  152.1869 Mbps     0 retrans   3468 KB-cwnd
[2024-11-07T12:06:37.047207-0500]     8.2500 MB /   0.50 sec =  138.3163 Mbps     0 retrans   3468 KB-cwnd
[2024-11-07T12:06:37.546778-0500]     9.0000 MB /   0.50 sec =  151.1143 Mbps     0 retrans   3468 KB-cwnd
[2024-11-07T12:06:38.048647-0500]     2.8125 MB /   0.50 sec =   47.0257 Mbps     0 retrans   3468 KB-cwnd
[2024-11-07T12:06:38.547900-0500]     9.5000 MB /   0.50 sec =  159.7667 Mbps     0 retrans   3468 KB-cwnd
[2024-11-07T12:06:39.047300-0500]     7.3750 MB /   0.50 sec =  123.7406 Mbps     0 retrans   3468 KB-cwnd
[2024-11-07T12:06:39.546867-0500]     7.2500 MB /   0.50 sec =  121.7446 Mbps     0 retrans   3468 KB-cwnd
[2024-11-07T12:06:40.048273-0500]     3.3750 MB /   0.50 sec =   56.4705 Mbps     0 retrans   3468 KB-cwnd
[2024-11-07T12:06:40.547007-0500]     7.8750 MB /   0.50 sec =  132.4538 Mbps     0 retrans   3468 KB-cwnd
[2024-11-07T12:06:41.048049-0500]     8.3125 MB /   0.50 sec =  139.1664 Mbps     0 retrans   3468 KB-cwnd
[2024-11-07T12:06:41.546844-0500]     4.3125 MB /   0.50 sec =   72.5168 Mbps     0 retrans   3468 KB-cwnd
[2024-11-07T12:06:42.048317-0500]     8.0000 MB /   0.50 sec =  133.8499 Mbps     0 retrans   3468 KB-cwnd
[2024-11-07T12:06:42.547340-0500]    11.7500 MB /   0.50 sec =  197.5040 Mbps     0 retrans   3468 KB-cwnd
[2024-11-07T12:06:43.047646-0500]    12.5000 MB /   0.50 sec =  209.7399 Mbps     0 retrans   3468 KB-cwnd
[2024-11-07T12:06:43.546966-0500]    14.0000 MB /   0.50 sec =  235.0291 Mbps     0 retrans   3468 KB-cwnd
[2024-11-07T12:06:44.046795-0500]    12.9375 MB /   0.50 sec =  217.0926 Mbps  1263 retrans   1952 KB-cwnd
[2024-11-07T12:06:44.547334-0500]    15.7500 MB /   0.50 sec =  264.2269 Mbps     0 retrans   1952 KB-cwnd
[2024-11-07T12:06:45.049215-0500]    16.2500 MB /   0.50 sec =  271.6718 Mbps     0 retrans   1954 KB-cwnd
[2024-11-07T12:06:45.546783-0500]    15.0625 MB /   0.50 sec =  253.6122 Mbps     0 retrans   1976 KB-cwnd
[2024-11-07T12:06:46.047415-0500]    15.0625 MB /   0.50 sec =  252.6795 Mbps     0 retrans   1993 KB-cwnd
[2024-11-07T12:06:46.546746-0500]    14.3125 MB /   0.50 sec =  240.1542 Mbps   618 retrans   1790 KB-cwnd
[2024-11-07T12:06:47.048651-0500]    10.9375 MB /   0.50 sec =  182.8768 Mbps     0 retrans   1793 KB-cwnd
[2024-11-07T12:06:47.546822-0500]    14.2500 MB /   0.50 sec =  239.8679 Mbps     0 retrans   1873 KB-cwnd
[2024-11-07T12:06:48.047358-0500]    14.2500 MB /   0.50 sec =  239.0873 Mbps     0 retrans   1876 KB-cwnd
[2024-11-07T12:06:48.547326-0500]    14.5000 MB /   0.50 sec =  243.2653 Mbps     0 retrans   2668 KB-cwnd
[2024-11-07T12:06:49.049291-0500]    13.3125 MB /   0.50 sec =  222.5424 Mbps   194 retrans   4100 KB-cwnd
[2024-11-07T12:06:49.546769-0500]    12.1250 MB /   0.50 sec =  204.1694 Mbps     0 retrans   4100 KB-cwnd
[2024-11-07T12:06:50.048759-0500]    12.7500 MB /   0.50 sec =  213.3454 Mbps     0 retrans   4100 KB-cwnd
[2024-11-07T12:06:50.547309-0500]    14.5000 MB /   0.50 sec =  243.9141 Mbps     0 retrans   4100 KB-cwnd
[2024-11-07T12:06:51.047009-0500]    15.1250 MB /   0.50 sec =  253.6930 Mbps     0 retrans   4100 KB-cwnd
[2024-11-07T12:06:51.546895-0500]    15.3125 MB /   0.50 sec =  256.9402 Mbps     4 retrans   4609 KB-cwnd
[2024-11-07T12:06:52.047988-0500]    14.6250 MB /   0.50 sec =  245.1285 Mbps     0 retrans   4609 KB-cwnd
[2024-11-07T12:06:52.548856-0500]     8.0000 MB /   0.50 sec =  133.9552 Mbps     0 retrans   4609 KB-cwnd
[2024-11-07T12:06:53.047918-0500]    11.5625 MB /   0.50 sec =  194.4002 Mbps     0 retrans   4609 KB-cwnd
[2024-11-07T12:06:53.547325-0500]     7.4375 MB /   0.50 sec =  124.7780 Mbps     0 retrans   4609 KB-cwnd
[2024-11-07T12:06:54.047208-0500]    10.2500 MB /   0.50 sec =  172.0036 Mbps     0 retrans   4609 KB-cwnd
[2024-11-07T12:06:54.546855-0500]    13.0000 MB /   0.50 sec =  218.2566 Mbps     0 retrans   4609 KB-cwnd
[2024-11-07T12:06:55.046729-0500]    15.5000 MB /   0.50 sec =  260.0599 Mbps    10 retrans   4623 KB-cwnd
[2024-11-07T12:06:55.547832-0500]     9.9375 MB /   0.50 sec =  166.4157 Mbps     0 retrans   4623 KB-cwnd
[2024-11-07T12:06:56.046986-0500]     6.9375 MB /   0.50 sec =  116.5810 Mbps     0 retrans   4623 KB-cwnd
[2024-11-07T12:06:56.546840-0500]     8.6250 MB /   0.50 sec =  144.7327 Mbps     0 retrans   4623 KB-cwnd
[2024-11-07T12:06:57.048309-0500]     6.2500 MB /   0.50 sec =  104.5661 Mbps     0 retrans   4623 KB-cwnd
[2024-11-07T12:06:57.548303-0500]     0.0000 MB /   0.50 sec =    0.0000 Mbps     0 retrans   4623 KB-cwnd
[2024-11-07T12:06:58.046752-0500]     0.0000 MB /   0.50 sec =    0.0000 Mbps     0 retrans   4623 KB-cwnd
[2024-11-07T12:06:58.548444-0500]     0.0000 MB /   0.50 sec =    0.0000 Mbps     0 retrans   4623 KB-cwnd
[2024-11-07T12:06:59.048098-0500]     0.3750 MB /   0.50 sec =    6.2949 Mbps     0 retrans   4623 KB-cwnd
[2024-11-07T12:06:59.547316-0500]     0.8750 MB /   0.50 sec =   14.7020 Mbps     0 retrans   4623 KB-cwnd
[2024-11-07T12:07:00.046858-0500]     3.0625 MB /   0.50 sec =   51.4243 Mbps     0 retrans   4623 KB-cwnd
[2024-11-07T12:07:00.546946-0500]     5.7500 MB /   0.50 sec =   96.4512 Mbps     0 retrans   4623 KB-cwnd
[2024-11-07T12:07:01.047378-0500]     6.7500 MB /   0.50 sec =  113.1588 Mbps     0 retrans   4623 KB-cwnd
[2024-11-07T12:07:01.547075-0500]     5.4375 MB /   0.50 sec =   91.2734 Mbps     0 retrans   4623 KB-cwnd
[2024-11-07T12:07:02.048177-0500]     5.5625 MB /   0.50 sec =   93.1260 Mbps     0 retrans   4623 KB-cwnd
[2024-11-07T12:07:02.546805-0500]     2.4375 MB /   0.50 sec =   41.0002 Mbps     4 retrans   4092 KB-cwnd
[2024-11-07T12:07:03.047495-0500]     5.3125 MB /   0.50 sec =   89.0161 Mbps     0 retrans   4092 KB-cwnd
[2024-11-07T12:07:03.548629-0500]     4.7500 MB /   0.50 sec =   79.5111 Mbps     0 retrans   4092 KB-cwnd
[2024-11-07T12:07:04.046846-0500]     6.0000 MB /   0.50 sec =  101.0195 Mbps     0 retrans   4092 KB-cwnd
[2024-11-07T12:07:04.546779-0500]     6.6250 MB /   0.50 sec =  111.1553 Mbps     0 retrans   4092 KB-cwnd
[2024-11-07T12:07:05.046860-0500]     6.2500 MB /   0.50 sec =  104.8515 Mbps     0 retrans   4092 KB-cwnd
[2024-11-07T12:07:05.547865-0500]     7.4375 MB /   0.50 sec =  124.6741 Mbps     0 retrans   4092 KB-cwnd
[2024-11-07T12:07:06.046750-0500]     7.3750 MB /   0.50 sec =  123.8474 Mbps     0 retrans   4092 KB-cwnd
[2024-11-07T12:07:06.546778-0500]     6.1875 MB /   0.50 sec =  103.8067 Mbps     0 retrans   4092 KB-cwnd
[2024-11-07T12:07:07.046900-0500]     6.7500 MB /   0.50 sec =  113.2342 Mbps     0 retrans   4092 KB-cwnd
[2024-11-07T12:07:07.546854-0500]     6.4375 MB /   0.50 sec =  108.0046 Mbps     0 retrans   4092 KB-cwnd
[2024-11-07T12:07:08.046843-0500]     5.3125 MB /   0.50 sec =   89.1302 Mbps     0 retrans   4092 KB-cwnd
[2024-11-07T12:07:08.546763-0500]     4.3750 MB /   0.50 sec =   73.4066 Mbps    10 retrans   4259 KB-cwnd
[2024-11-07T12:07:09.046862-0500]     7.5000 MB /   0.50 sec =  125.8158 Mbps     0 retrans   4298 KB-cwnd
[2024-11-07T12:07:09.546712-0500]     6.6875 MB /   0.50 sec =  112.2140 Mbps     0 retrans   4298 KB-cwnd
[2024-11-07T12:07:10.046963-0500]     5.5625 MB /   0.50 sec =   93.3065 Mbps     0 retrans   4298 KB-cwnd
[2024-11-07T12:07:10.546879-0500]     7.6250 MB /   0.50 sec =  127.9345 Mbps     0 retrans   4298 KB-cwnd
[2024-11-07T12:07:11.046922-0500]     0.3750 MB /   0.50 sec =    6.2914 Mbps     0 retrans   4298 KB-cwnd
[2024-11-07T12:07:11.546841-0500]     2.2500 MB /   0.50 sec =   37.7490 Mbps     0 retrans   4298 KB-cwnd
[2024-11-07T12:07:12.048343-0500]     0.4375 MB /   0.50 sec =    7.3192 Mbps     0 retrans   4298 KB-cwnd
[2024-11-07T12:07:12.546945-0500]     0.8750 MB /   0.50 sec =   14.7203 Mbps     0 retrans   4298 KB-cwnd
[2024-11-07T12:07:13.048342-0500]     5.6250 MB /   0.50 sec =   94.1217 Mbps     0 retrans   4298 KB-cwnd
[2024-11-07T12:07:13.546826-0500]     8.5000 MB /   0.50 sec =  143.0065 Mbps     0 retrans   4298 KB-cwnd
[2024-11-07T12:07:14.047518-0500]     9.0625 MB /   0.50 sec =  151.9359 Mbps     0 retrans   4298 KB-cwnd
[2024-11-07T12:07:14.547390-0500]     8.7500 MB /   0.50 sec =  146.7396 Mbps     0 retrans   4298 KB-cwnd
[2024-11-07T12:07:15.046863-0500]     9.5000 MB /   0.50 sec =  159.5587 Mbps  4733 retrans   1698 KB-cwnd
[2024-11-07T12:07:15.546871-0500]    10.6250 MB /   0.50 sec =  178.2597 Mbps     0 retrans   1812 KB-cwnd
[2024-11-07T12:07:16.046818-0500]     7.3125 MB /   0.50 sec =  122.6888 Mbps     0 retrans   1812 KB-cwnd
[2024-11-07T12:07:16.547315-0500]     9.8125 MB /   0.50 sec =  164.6248 Mbps     0 retrans   1812 KB-cwnd
[2024-11-07T12:07:17.046835-0500]    12.1875 MB /   0.50 sec =  204.4797 Mbps     0 retrans   1812 KB-cwnd
[2024-11-07T12:07:17.547411-0500]    11.1875 MB /   0.50 sec =  187.6895 Mbps     0 retrans   1677 KB-cwnd
[2024-11-07T12:07:18.048667-0500]    10.0625 MB /   0.50 sec =  168.2336 Mbps     0 retrans   1677 KB-cwnd
[2024-11-07T12:07:18.546832-0500]    11.9375 MB /   0.50 sec =  200.9891 Mbps    24 retrans   1713 KB-cwnd
[2024-11-07T12:07:19.046909-0500]    11.5625 MB /   0.50 sec =  193.9505 Mbps     0 retrans   1713 KB-cwnd
[2024-11-07T12:07:19.546844-0500]    11.9375 MB /   0.50 sec =  200.3004 Mbps     0 retrans   1713 KB-cwnd
[2024-11-07T12:07:20.048508-0500]     9.2500 MB /   0.50 sec =  154.8300 Mbps     0 retrans   1713 KB-cwnd
[2024-11-07T12:07:20.546857-0500]     7.1250 MB /   0.50 sec =  119.8173 Mbps     0 retrans   1713 KB-cwnd
[2024-11-07T12:07:21.047938-0500]     9.5625 MB /   0.50 sec =  160.2418 Mbps     0 retrans   1713 KB-cwnd
[2024-11-07T12:07:21.546782-0500]    10.8125 MB /   0.50 sec =  181.6201 Mbps     0 retrans   1713 KB-cwnd
[2024-11-07T12:07:22.049110-0500]    11.8125 MB /   0.50 sec =  197.5172 Mbps  2103 retrans   2607 KB-cwnd
[2024-11-07T12:07:22.548905-0500]     9.6875 MB /   0.50 sec =  162.5618 Mbps     0 retrans   2570 KB-cwnd
[2024-11-07T12:07:23.049973-0500]    10.1250 MB /   0.50 sec =  169.5262 Mbps     0 retrans   2570 KB-cwnd
[2024-11-07T12:07:23.547046-0500]    11.5000 MB /   0.50 sec =  193.9329 Mbps     0 retrans   2570 KB-cwnd
[2024-11-07T12:07:24.046834-0500]    11.6250 MB /   0.50 sec =  195.0570 Mbps     0 retrans   2570 KB-cwnd
[2024-11-07T12:07:24.547344-0500]     4.2500 MB /   0.50 sec =   71.2950 Mbps     0 retrans   2570 KB-cwnd
[2024-11-07T12:07:25.046914-0500]     8.8125 MB /   0.50 sec =  147.8477 Mbps     0 retrans   2570 KB-cwnd
[2024-11-07T12:07:25.547513-0500]     9.2500 MB /   0.50 sec =  155.0249 Mbps   107 retrans   3846 KB-cwnd
[2024-11-07T12:07:26.046839-0500]    14.0625 MB /   0.50 sec =  236.1889 Mbps     0 retrans   3846 KB-cwnd
[2024-11-07T12:07:26.546844-0500]    15.0625 MB /   0.50 sec =  252.7134 Mbps     0 retrans   3846 KB-cwnd
[2024-11-07T12:07:27.046874-0500]    10.2500 MB /   0.50 sec =  171.9627 Mbps     1 retrans   1443 KB-cwnd
[2024-11-07T12:07:27.546764-0500]     7.4375 MB /   0.50 sec =  124.7915 Mbps     0 retrans   1443 KB-cwnd
[2024-11-07T12:07:28.046927-0500]     6.8750 MB /   0.50 sec =  115.3286 Mbps     0 retrans   1443 KB-cwnd
[2024-11-07T12:07:28.546872-0500]    11.2500 MB /   0.50 sec =  188.7497 Mbps     0 retrans   1443 KB-cwnd
[2024-11-07T12:07:29.047181-0500]     8.7500 MB /   0.50 sec =  146.7050 Mbps   394 retrans   3506 KB-cwnd
[2024-11-07T12:07:29.548205-0500]    10.1875 MB /   0.50 sec =  170.6960 Mbps     0 retrans   3506 KB-cwnd
[2024-11-07T12:07:30.046912-0500]    10.5000 MB /   0.50 sec =  176.4922 Mbps     0 retrans   3506 KB-cwnd
[2024-11-07T12:07:30.546793-0500]     9.7500 MB /   0.50 sec =  163.5985 Mbps     0 retrans   3506 KB-cwnd
[2024-11-07T12:07:31.046881-0500]    10.5625 MB /   0.50 sec =  177.1994 Mbps     0 retrans   3506 KB-cwnd
[2024-11-07T12:07:31.546733-0500]     7.2500 MB /   0.50 sec =  121.6463 Mbps     0 retrans   3526 KB-cwnd
[2024-11-07T12:07:32.046779-0500]    10.9375 MB /   0.50 sec =  183.5001 Mbps     0 retrans   3526 KB-cwnd
[2024-11-07T12:07:32.546804-0500]     9.8125 MB /   0.50 sec =  164.6179 Mbps   454 retrans   4499 KB-cwnd
[2024-11-07T12:07:33.046812-0500]    10.8750 MB /   0.50 sec =  182.4537 Mbps     0 retrans   4499 KB-cwnd
[2024-11-07T12:07:33.547309-0500]    12.6250 MB /   0.50 sec =  211.6134 Mbps     0 retrans   4527 KB-cwnd
[2024-11-07T12:07:34.046921-0500]    11.4375 MB /   0.50 sec =  192.0523 Mbps     0 retrans   4527 KB-cwnd
[2024-11-07T12:07:34.546842-0500]     9.8125 MB /   0.50 sec =  164.6370 Mbps     0 retrans   4522 KB-cwnd
[2024-11-07T12:07:35.046745-0500]    12.5000 MB /   0.50 sec =  209.7332 Mbps     0 retrans   4522 KB-cwnd
[2024-11-07T12:07:35.546897-0500]    10.8125 MB /   0.50 sec =  181.3743 Mbps     0 retrans   4522 KB-cwnd
[2024-11-07T12:07:36.046844-0500]    11.1875 MB /   0.50 sec =  187.7188 Mbps    19 retrans   1357 KB-cwnd
[2024-11-07T12:07:36.546873-0500]    11.6250 MB /   0.50 sec =  195.0199 Mbps     0 retrans   1391 KB-cwnd
[2024-11-07T12:07:37.046808-0500]    11.1250 MB /   0.50 sec =  186.6607 Mbps     0 retrans   1391 KB-cwnd
[2024-11-07T12:07:37.547991-0500]    13.6250 MB /   0.50 sec =  228.3795 Mbps     0 retrans   1391 KB-cwnd
[2024-11-07T12:07:38.049757-0500]     9.8125 MB /   0.50 sec =  164.0124 Mbps     1 retrans   1391 KB-cwnd
[2024-11-07T12:07:38.546873-0500]    11.5000 MB /   0.50 sec =  193.8319 Mbps     0 retrans   1391 KB-cwnd
[2024-11-07T12:07:39.047264-0500]    11.4375 MB /   0.50 sec =  191.8936 Mbps   854 retrans   3144 KB-cwnd
[2024-11-07T12:07:39.548080-0500]     9.0625 MB /   0.50 sec =  151.7258 Mbps     0 retrans   3299 KB-cwnd
[2024-11-07T12:07:40.046848-0500]     9.8125 MB /   0.50 sec =  164.9663 Mbps     0 retrans   3299 KB-cwnd
[2024-11-07T12:07:40.546900-0500]    11.0000 MB /   0.50 sec =  184.5405 Mbps     0 retrans   3300 KB-cwnd
[2024-11-07T12:07:41.046904-0500]     9.5000 MB /   0.50 sec =  159.3829 Mbps     0 retrans   3300 KB-cwnd
[2024-11-07T12:07:41.546868-0500]     9.9375 MB /   0.50 sec =  166.7333 Mbps     0 retrans   3300 KB-cwnd
[2024-11-07T12:07:42.046911-0500]     9.0625 MB /   0.50 sec =  152.0359 Mbps     0 retrans   3300 KB-cwnd
[2024-11-07T12:07:42.547022-0500]     0.0000 MB /   0.50 sec =    0.0000 Mbps     0 retrans   3300 KB-cwnd
[2024-11-07T12:07:43.046853-0500]     1.5625 MB /   0.50 sec =   26.2223 Mbps     0 retrans   3300 KB-cwnd
[2024-11-07T12:07:43.546867-0500]     6.6250 MB /   0.50 sec =  111.1488 Mbps    21 retrans   4027 KB-cwnd
[2024-11-07T12:07:44.046710-0500]     7.7500 MB /   0.50 sec =  130.0349 Mbps     0 retrans   4027 KB-cwnd
[2024-11-07T12:07:44.546839-0500]     5.3125 MB /   0.50 sec =   89.1233 Mbps     0 retrans   4027 KB-cwnd
[2024-11-07T12:07:45.047582-0500]     1.0625 MB /   0.50 sec =   17.8033 Mbps     0 retrans   4027 KB-cwnd
[2024-11-07T12:07:45.548701-0500]     2.1875 MB /   0.50 sec =   36.6387 Mbps     0 retrans   4027 KB-cwnd
[2024-11-07T12:07:46.046814-0500]     0.0000 MB /   0.50 sec =    0.0000 Mbps     0 retrans   4027 KB-cwnd
[2024-11-07T12:07:46.546735-0500]     0.0625 MB /   0.50 sec =    1.0486 Mbps     0 retrans   4027 KB-cwnd
[2024-11-07T12:07:47.046862-0500]     2.7500 MB /   0.50 sec =   46.1364 Mbps     0 retrans   4027 KB-cwnd
[2024-11-07T12:07:47.546923-0500]     3.8750 MB /   0.50 sec =   65.0040 Mbps     0 retrans   4027 KB-cwnd
[2024-11-07T12:07:48.047260-0500]     3.8750 MB /   0.50 sec =   64.9635 Mbps     0 retrans   4027 KB-cwnd
[2024-11-07T12:07:48.546872-0500]     3.8750 MB /   0.50 sec =   65.0635 Mbps     0 retrans   4027 KB-cwnd
[2024-11-07T12:07:49.046833-0500]     1.5625 MB /   0.50 sec =   26.2157 Mbps     0 retrans   4027 KB-cwnd
[2024-11-07T12:07:49.546859-0500]     4.9375 MB /   0.50 sec =   82.8370 Mbps     0 retrans   4027 KB-cwnd
End time: 1730999270026
