Start time: 1730654577905
[2024-11-03T10:22:58.806767-0700] nuttcp-r: v8.1.4: socket
[2024-11-03T10:22:58.807932-0700] nuttcp-r: buflen=65536, nstream=1, port=5101 tcp
[2024-11-03T10:22:58.808071-0700] nuttcp-r: interval reporting every 0.50 seconds
[2024-11-03T10:22:58.808183-0700] nuttcp-r: connect to 54.176.53.206 with RTT=66.097 ms af=inet
[2024-11-03T10:22:58.808289-0700] nuttcp-r: send window size = 2097152, receive window size = 6291456
[2024-11-03T10:22:58.808390-0700] nuttcp-r: available send window = 1572864, available receive window = 4718592
[2024-11-03T10:22:58.808493-0700]     1.6250 MB /   0.50 sec =   27.2569 Mbps     0 retrans
[2024-11-03T10:22:59.306703-0700]    25.8125 MB /   0.50 sec =  433.1009 Mbps     0 retrans
[2024-11-03T10:22:59.806685-0700]    38.5625 MB /   0.50 sec =  646.9973 Mbps     0 retrans
[2024-11-03T10:23:00.306663-0700]    38.1250 MB /   0.50 sec =  639.6518 Mbps     0 retrans
[2024-11-03T10:23:00.807052-0700]    37.8125 MB /   0.50 sec =  634.3289 Mbps     0 retrans
[2024-11-03T10:23:01.306761-0700]    34.8125 MB /   0.50 sec =  584.0288 Mbps     0 retrans
[2024-11-03T10:23:01.807728-0700]    10.8125 MB /   0.50 sec =  181.0506 Mbps     0 retrans
[2024-11-03T10:23:02.306984-0700]     0.0000 MB /   0.50 sec =    0.0000 Mbps     0 retrans
[2024-11-03T10:23:02.806774-0700]     0.0000 MB /   0.50 sec =    0.0000 Mbps     0 retrans
[2024-11-03T10:23:03.306726-0700]     0.1875 MB /   0.50 sec =    3.1462 Mbps     0 retrans
[2024-11-03T10:23:03.806756-0700]     6.1250 MB /   0.50 sec =  102.7485 Mbps     0 retrans
[2024-11-03T10:23:04.307032-0700]     0.0000 MB /   0.50 sec =    0.0000 Mbps     0 retrans
[2024-11-03T10:23:04.807756-0700]     0.0000 MB /   0.50 sec =    0.0000 Mbps     0 retrans
[2024-11-03T10:23:05.307011-0700]     0.0000 MB /   0.50 sec =    0.0000 Mbps     0 retrans
[2024-11-03T10:23:05.806710-0700]     2.5000 MB /   0.50 sec =   41.9571 Mbps     0 retrans
[2024-11-03T10:23:06.306877-0700]     2.5000 MB /   0.50 sec =   41.9484 Mbps     0 retrans
[2024-11-03T10:23:06.807949-0700]     0.0625 MB /   0.50 sec =    1.0460 Mbps     0 retrans
[2024-11-03T10:23:07.306774-0700]     0.0000 MB /   0.50 sec =    0.0000 Mbps     0 retrans
[2024-11-03T10:23:07.808099-0700]     0.0000 MB /   0.50 sec =    0.0000 Mbps     0 retrans
[2024-11-03T10:23:08.307728-0700]     0.0000 MB /   0.50 sec =    0.0000 Mbps     0 retrans
[2024-11-03T10:23:08.806848-0700]     0.0000 MB /   0.50 sec =    0.0000 Mbps     0 retrans
[2024-11-03T10:23:09.307747-0700]     0.0000 MB /   0.50 sec =    0.0000 Mbps     0 retrans
[2024-11-03T10:23:09.807660-0700]     0.0000 MB /   0.50 sec =    0.0000 Mbps     0 retrans
[2024-11-03T10:23:10.307531-0700]     0.0000 MB /   0.50 sec =    0.0000 Mbps     0 retrans
[2024-11-03T10:23:10.806795-0700]     0.0000 MB /   0.50 sec =    0.0000 Mbps     0 retrans
[2024-11-03T10:23:11.306785-0700]     0.0000 MB /   0.50 sec =    0.0000 Mbps     0 retrans
[2024-11-03T10:23:11.806787-0700]     0.0000 MB /   0.50 sec =    0.0000 Mbps     0 retrans
[2024-11-03T10:23:12.306746-0700]     0.0000 MB /   0.50 sec =    0.0000 Mbps     0 retrans
[2024-11-03T10:23:12.806785-0700]     0.0000 MB /   0.50 sec =    0.0000 Mbps     0 retrans
[2024-11-03T10:23:13.306746-0700]     0.0000 MB /   0.50 sec =    0.0000 Mbps     0 retrans
[2024-11-03T10:23:13.806732-0700]     0.0000 MB /   0.50 sec =    0.0000 Mbps     0 retrans
[2024-11-03T10:23:14.306738-0700]     0.0000 MB /   0.50 sec =    0.0000 Mbps     0 retrans
[2024-11-03T10:23:14.806744-0700]     0.0000 MB /   0.50 sec =    0.0000 Mbps     0 retrans
[2024-11-03T10:23:15.306749-0700]     0.0000 MB /   0.50 sec =    0.0000 Mbps     0 retrans
[2024-11-03T10:23:15.806750-0700]     0.0000 MB /   0.50 sec =    0.0000 Mbps     0 retrans
[2024-11-03T10:23:16.307896-0700]     0.0000 MB /   0.50 sec =    0.0000 Mbps     0 retrans
[2024-11-03T10:23:16.806592-0700]     0.0000 MB /   0.50 sec =    0.0000 Mbps     0 retrans
[2024-11-03T10:23:17.307015-0700]     0.6250 MB /   0.50 sec =   10.4781 Mbps     0 retrans
[2024-11-03T10:23:17.806663-0700]    17.0625 MB /   0.50 sec =  286.4629 Mbps     0 retrans
[2024-11-03T10:23:18.306649-0700]    17.2500 MB /   0.50 sec =  289.4122 Mbps     0 retrans
[2024-11-03T10:23:18.806758-0700]    20.6250 MB /   0.50 sec =  346.0328 Mbps     0 retrans
[2024-11-03T10:23:19.306648-0700]    27.0625 MB /   0.50 sec =  454.0280 Mbps     0 retrans
[2024-11-03T10:23:19.806766-0700]    33.8750 MB /   0.50 sec =  568.3589 Mbps     0 retrans
[2024-11-03T10:23:20.306685-0700]    42.4375 MB /   0.50 sec =  711.8891 Mbps     0 retrans
[2024-11-03T10:23:20.806821-0700]    43.2500 MB /   0.50 sec =  725.6770 Mbps     0 retrans
[2024-11-03T10:23:21.306619-0700]    48.8125 MB /   0.50 sec =  818.9559 Mbps     0 retrans
[2024-11-03T10:23:21.806640-0700]    47.0000 MB /   0.50 sec =  788.5150 Mbps     0 retrans
[2024-11-03T10:23:22.306641-0700]    45.3125 MB /   0.50 sec =  760.2191 Mbps     0 retrans
[2024-11-03T10:23:22.806751-0700]    48.5625 MB /   0.50 sec =  814.7240 Mbps     0 retrans
[2024-11-03T10:23:23.306656-0700]    50.5625 MB /   0.50 sec =  848.3031 Mbps     0 retrans
[2024-11-03T10:23:23.806559-0700]    46.6250 MB /   0.50 sec =  782.2972 Mbps     0 retrans
[2024-11-03T10:23:24.306744-0700]    42.4375 MB /   0.50 sec =  711.8052 Mbps     0 retrans
[2024-11-03T10:23:24.806621-0700]    53.9375 MB /   0.50 sec =  905.1039 Mbps     0 retrans
[2024-11-03T10:23:25.306671-0700]    51.7500 MB /   0.50 sec =  868.2366 Mbps     0 retrans
[2024-11-03T10:23:25.806635-0700]    47.5000 MB /   0.50 sec =  796.9018 Mbps     0 retrans
[2024-11-03T10:23:26.306671-0700]    49.6875 MB /   0.50 sec =  833.5646 Mbps     0 retrans
[2024-11-03T10:23:26.806601-0700]    43.6875 MB /   0.50 sec =  733.0074 Mbps     0 retrans
[2024-11-03T10:23:27.306639-0700]    47.6875 MB /   0.50 sec =  800.0555 Mbps     0 retrans
[2024-11-03T10:23:27.806622-0700]    53.8750 MB /   0.50 sec =  903.8725 Mbps     0 retrans
[2024-11-03T10:23:28.306757-0700]    35.3125 MB /   0.50 sec =  592.3305 Mbps     0 retrans
[2024-11-03T10:23:28.806680-0700]    33.9375 MB /   0.50 sec =  569.4405 Mbps     0 retrans
[2024-11-03T10:23:29.306660-0700]    47.1250 MB /   0.50 sec =  790.6832 Mbps     0 retrans
[2024-11-03T10:23:29.806614-0700]    52.1250 MB /   0.50 sec =  874.5299 Mbps     0 retrans
[2024-11-03T10:23:30.306845-0700]    51.4375 MB /   0.50 sec =  862.6261 Mbps     0 retrans
[2024-11-03T10:23:30.806662-0700]    53.9375 MB /   0.50 sec =  905.2651 Mbps     0 retrans
[2024-11-03T10:23:31.306738-0700]    49.5000 MB /   0.50 sec =  830.3576 Mbps     0 retrans
[2024-11-03T10:23:31.806589-0700]    53.6250 MB /   0.50 sec =  899.8528 Mbps     0 retrans
[2024-11-03T10:23:32.306573-0700]    53.1250 MB /   0.50 sec =  891.2985 Mbps     0 retrans
[2024-11-03T10:23:32.806651-0700]    56.1250 MB /   0.50 sec =  941.5591 Mbps     0 retrans
[2024-11-03T10:23:33.306692-0700]    54.4375 MB /   0.50 sec =  913.3006 Mbps     0 retrans
[2024-11-03T10:23:33.806771-0700]    50.0625 MB /   0.50 sec =  839.9447 Mbps     0 retrans
[2024-11-03T10:23:34.306658-0700]    58.3750 MB /   0.50 sec =  979.3582 Mbps     0 retrans
[2024-11-03T10:23:34.806634-0700]    55.3750 MB /   0.50 sec =  929.0383 Mbps     0 retrans
[2024-11-03T10:23:35.306651-0700]    56.5625 MB /   0.50 sec =  948.9366 Mbps     0 retrans
[2024-11-03T10:23:35.806670-0700]    51.6250 MB /   0.50 sec =  866.0995 Mbps     0 retrans
[2024-11-03T10:23:36.306664-0700]    52.0625 MB /   0.50 sec =  873.4778 Mbps     0 retrans
[2024-11-03T10:23:36.806579-0700]    49.5000 MB /   0.50 sec =  830.5353 Mbps     0 retrans
[2024-11-03T10:23:37.306598-0700]    57.6875 MB /   0.50 sec =  967.7873 Mbps     0 retrans
[2024-11-03T10:23:37.806834-0700]    54.7500 MB /   0.50 sec =  918.2183 Mbps     0 retrans
[2024-11-03T10:23:38.306748-0700]    45.1875 MB /   0.50 sec =  758.2296 Mbps     0 retrans
[2024-11-03T10:23:38.806645-0700]    50.3125 MB /   0.50 sec =  844.2844 Mbps     0 retrans
[2024-11-03T10:23:39.306760-0700]    45.4375 MB /   0.50 sec =  762.2340 Mbps     0 retrans
[2024-11-03T10:23:39.806643-0700]    46.7500 MB /   0.50 sec =  784.4353 Mbps     0 retrans
[2024-11-03T10:23:40.306629-0700]    41.4375 MB /   0.50 sec =  695.1975 Mbps     0 retrans
[2024-11-03T10:23:40.806563-0700]    31.1250 MB /   0.50 sec =  522.2243 Mbps     0 retrans
[2024-11-03T10:23:41.306581-0700]    35.1250 MB /   0.50 sec =  589.2820 Mbps     0 retrans
[2024-11-03T10:23:41.806817-0700]    43.3125 MB /   0.50 sec =  726.5527 Mbps     0 retrans
[2024-11-03T10:23:42.306659-0700]    36.3750 MB /   0.50 sec =  610.3347 Mbps     0 retrans
[2024-11-03T10:23:42.806658-0700]    33.6875 MB /   0.50 sec =  565.1508 Mbps     0 retrans
[2024-11-03T10:23:43.306656-0700]    42.6875 MB /   0.50 sec =  716.2261 Mbps     0 retrans
[2024-11-03T10:23:43.806657-0700]    37.0625 MB /   0.50 sec =  621.7832 Mbps     0 retrans
[2024-11-03T10:23:44.306710-0700]    34.8125 MB /   0.50 sec =  584.0089 Mbps     0 retrans
[2024-11-03T10:23:44.806685-0700]    43.6875 MB /   0.50 sec =  732.9957 Mbps     0 retrans
[2024-11-03T10:23:45.306663-0700]    29.0625 MB /   0.50 sec =  487.6073 Mbps     0 retrans
[2024-11-03T10:23:45.806650-0700]    38.8750 MB /   0.50 sec =  652.2364 Mbps     0 retrans
[2024-11-03T10:23:46.306789-0700]    28.8125 MB /   0.50 sec =  483.3839 Mbps     0 retrans
[2024-11-03T10:23:46.806613-0700]    26.6875 MB /   0.50 sec =  447.7446 Mbps     0 retrans
[2024-11-03T10:23:47.306620-0700]    18.2500 MB /   0.50 sec =  306.1848 Mbps     0 retrans
[2024-11-03T10:23:47.806657-0700]    12.9375 MB /   0.50 sec =  217.0492 Mbps     0 retrans
[2024-11-03T10:23:48.306773-0700]     0.6250 MB /   0.50 sec =   10.4839 Mbps     0 retrans
[2024-11-03T10:23:48.806724-0700]     7.3750 MB /   0.50 sec =  123.7411 Mbps     0 retrans
[2024-11-03T10:23:49.306615-0700]     1.6875 MB /   0.50 sec =   28.3147 Mbps     0 retrans
[2024-11-03T10:23:49.806770-0700]     0.0000 MB /   0.50 sec =    0.0000 Mbps     0 retrans
[2024-11-03T10:23:50.306644-0700]    12.0000 MB /   0.50 sec =  201.3685 Mbps     0 retrans
[2024-11-03T10:23:50.806629-0700]     3.5625 MB /   0.50 sec =   59.7692 Mbps     0 retrans
[2024-11-03T10:23:51.307021-0700]     0.0000 MB /   0.50 sec =    0.0000 Mbps     0 retrans
[2024-11-03T10:23:51.806753-0700]     6.0000 MB /   0.50 sec =  100.6631 Mbps     0 retrans
[2024-11-03T10:23:52.306830-0700]     0.0000 MB /   0.50 sec =    0.0000 Mbps     0 retrans
[2024-11-03T10:23:52.806900-0700]     0.0000 MB /   0.50 sec =    0.0000 Mbps     0 retrans
[2024-11-03T10:23:53.306704-0700]     3.1250 MB /   0.50 sec =   52.4353 Mbps     0 retrans
[2024-11-03T10:23:53.806723-0700]     2.4375 MB /   0.50 sec =   40.8901 Mbps     0 retrans
[2024-11-03T10:23:54.306636-0700]     7.0000 MB /   0.50 sec =  117.4563 Mbps     0 retrans
[2024-11-03T10:23:54.806700-0700]     6.8125 MB /   0.50 sec =  114.2868 Mbps     0 retrans
[2024-11-03T10:23:55.306664-0700]     6.3125 MB /   0.50 sec =  105.9130 Mbps     0 retrans
[2024-11-03T10:23:55.806678-0700]     6.8750 MB /   0.50 sec =  115.3392 Mbps     0 retrans
[2024-11-03T10:23:56.306647-0700]     7.4375 MB /   0.50 sec =  124.7820 Mbps     0 retrans
[2024-11-03T10:23:56.806767-0700]     5.6250 MB /   0.50 sec =   94.3566 Mbps     0 retrans
[2024-11-03T10:23:57.306764-0700]     0.3750 MB /   0.50 sec =    6.2913 Mbps     0 retrans
[2024-11-03T10:23:57.806669-0700]    12.3750 MB /   0.50 sec =  207.6583 Mbps     0 retrans
[2024-11-03T10:23:58.306696-0700]     9.1250 MB /   0.50 sec =  153.0829 Mbps     0 retrans
[2024-11-03T10:23:58.806599-0700]     8.9375 MB /   0.50 sec =  149.9599 Mbps     0 retrans
[2024-11-03T10:23:59.306671-0700]     3.6250 MB /   0.50 sec =   60.8152 Mbps     0 retrans
[2024-11-03T10:23:59.806715-0700]     7.2500 MB /   0.50 sec =  121.6290 Mbps     0 retrans
[2024-11-03T10:24:00.306693-0700]     8.9375 MB /   0.50 sec =  149.9503 Mbps     0 retrans
[2024-11-03T10:24:00.806639-0700]     6.6875 MB /   0.50 sec =  112.1965 Mbps     0 retrans
[2024-11-03T10:24:01.306759-0700]     3.7500 MB /   0.50 sec =   62.9056 Mbps     0 retrans
[2024-11-03T10:24:01.806753-0700]     0.0000 MB /   0.50 sec =    0.0000 Mbps     0 retrans
[2024-11-03T10:24:02.306812-0700]     0.0000 MB /   0.50 sec =    0.0000 Mbps     0 retrans
[2024-11-03T10:24:02.806740-0700]     0.0000 MB /   0.50 sec =    0.0000 Mbps     0 retrans
[2024-11-03T10:24:03.306848-0700]     0.0000 MB /   0.50 sec =    0.0000 Mbps     0 retrans
[2024-11-03T10:24:03.806886-0700]    14.8125 MB /   0.50 sec =  248.5418 Mbps     0 retrans
[2024-11-03T10:24:04.306635-0700]    11.8750 MB /   0.50 sec =  199.2322 Mbps     0 retrans
[2024-11-03T10:24:04.806590-0700]    13.6250 MB /   0.50 sec =  228.6051 Mbps     0 retrans
[2024-11-03T10:24:05.306658-0700]    18.5000 MB /   0.50 sec =  310.3512 Mbps     0 retrans
[2024-11-03T10:24:05.806623-0700]    21.8125 MB /   0.50 sec =  365.9640 Mbps     0 retrans
[2024-11-03T10:24:06.306751-0700]    22.1250 MB /   0.50 sec =  371.1447 Mbps     0 retrans
[2024-11-03T10:24:06.806795-0700]    28.5000 MB /   0.50 sec =  478.2205 Mbps     0 retrans
[2024-11-03T10:24:07.306670-0700]    30.4375 MB /   0.50 sec =  510.6524 Mbps     0 retrans
[2024-11-03T10:24:07.806640-0700]    28.4375 MB /   0.50 sec =  477.1040 Mbps     0 retrans
[2024-11-03T10:24:08.306690-0700]    38.6250 MB /   0.50 sec =  648.0096 Mbps     0 retrans
[2024-11-03T10:24:08.806630-0700]    37.4375 MB /   0.50 sec =  628.1134 Mbps     0 retrans
[2024-11-03T10:24:09.306689-0700]    34.2500 MB /   0.50 sec =  574.5875 Mbps     0 retrans
[2024-11-03T10:24:09.806565-0700]    12.2500 MB /   0.50 sec =  205.5394 Mbps     0 retrans
[2024-11-03T10:24:10.306694-0700]    41.8750 MB /   0.50 sec =  702.4644 Mbps     0 retrans
[2024-11-03T10:24:10.806644-0700]    45.1250 MB /   0.50 sec =  757.1097 Mbps     0 retrans
[2024-11-03T10:24:11.306674-0700]    46.1250 MB /   0.50 sec =  773.8212 Mbps     0 retrans
[2024-11-03T10:24:11.806617-0700]    41.3750 MB /   0.50 sec =  694.1809 Mbps     0 retrans
[2024-11-03T10:24:12.306561-0700]    51.0000 MB /   0.50 sec =  855.6996 Mbps     0 retrans
[2024-11-03T10:24:12.806806-0700]    24.7500 MB /   0.50 sec =  415.1307 Mbps     0 retrans
[2024-11-03T10:24:13.306643-0700]    32.8125 MB /   0.50 sec =  550.6158 Mbps     0 retrans
[2024-11-03T10:24:13.806667-0700]    44.5000 MB /   0.50 sec =  746.5846 Mbps     0 retrans
[2024-11-03T10:24:14.306569-0700]    55.3125 MB /   0.50 sec =  928.0380 Mbps     0 retrans
[2024-11-03T10:24:14.806794-0700]    52.8750 MB /   0.50 sec =  887.0580 Mbps     0 retrans
[2024-11-03T10:24:15.306665-0700]    50.1875 MB /   0.50 sec =  841.9627 Mbps     0 retrans
[2024-11-03T10:24:15.806655-0700]    49.0000 MB /   0.50 sec =  822.1099 Mbps     0 retrans
[2024-11-03T10:24:16.306609-0700]    48.0000 MB /   0.50 sec =  805.3386 Mbps     0 retrans
[2024-11-03T10:24:16.806656-0700]    52.4375 MB /   0.50 sec =  879.7412 Mbps     0 retrans
[2024-11-03T10:24:17.306605-0700]    45.7500 MB /   0.50 sec =  767.5561 Mbps     0 retrans
[2024-11-03T10:24:17.806847-0700]    49.1250 MB /   0.50 sec =  824.0654 Mbps     0 retrans
[2024-11-03T10:24:18.306628-0700]    57.3125 MB /   0.50 sec =  961.6577 Mbps     0 retrans
[2024-11-03T10:24:18.806705-0700]    52.1250 MB /   0.50 sec =  874.4844 Mbps     0 retrans
[2024-11-03T10:24:19.306684-0700]    55.8750 MB /   0.50 sec =  937.4101 Mbps     0 retrans
[2024-11-03T10:24:19.806645-0700]    42.4375 MB /   0.50 sec =  711.9603 Mbps     0 retrans
[2024-11-03T10:24:20.306690-0700]    28.2500 MB /   0.50 sec =  473.9801 Mbps     0 retrans
[2024-11-03T10:24:20.806678-0700]    47.6250 MB /   0.50 sec =  799.0661 Mbps     0 retrans
[2024-11-03T10:24:21.306657-0700]    52.0000 MB /   0.50 sec =  872.4048 Mbps     0 retrans
[2024-11-03T10:24:21.806641-0700]    52.6250 MB /   0.50 sec =  882.9028 Mbps     0 retrans
[2024-11-03T10:24:22.306684-0700]    57.4375 MB /   0.50 sec =  963.6124 Mbps     0 retrans
[2024-11-03T10:24:22.806654-0700]    50.5000 MB /   0.50 sec =  847.2731 Mbps     0 retrans
[2024-11-03T10:24:23.306652-0700]    47.9375 MB /   0.50 sec =  804.2594 Mbps     0 retrans
[2024-11-03T10:24:23.806635-0700]    53.5000 MB /   0.50 sec =  897.5811 Mbps     0 retrans
[2024-11-03T10:24:24.306646-0700]    46.4375 MB /   0.50 sec =  779.1278 Mbps     0 retrans
[2024-11-03T10:24:24.806582-0700]    51.8750 MB /   0.50 sec =  870.3181 Mbps     0 retrans
[2024-11-03T10:24:25.306647-0700]    46.5625 MB /   0.50 sec =  781.1563 Mbps     0 retrans
[2024-11-03T10:24:25.806620-0700]    53.3125 MB /   0.50 sec =  894.4121 Mbps     0 retrans
[2024-11-03T10:24:26.306587-0700]    54.0000 MB /   0.50 sec =  906.0150 Mbps     0 retrans
[2024-11-03T10:24:26.806740-0700]    51.7500 MB /   0.50 sec =  868.0855 Mbps     0 retrans
[2024-11-03T10:24:27.306713-0700]    54.9375 MB /   0.50 sec =  921.8034 Mbps     0 retrans
[2024-11-03T10:24:27.806573-0700]    51.8125 MB /   0.50 sec =  869.3234 Mbps     0 retrans
[2024-11-03T10:24:28.306656-0700]    51.9375 MB /   0.50 sec =  871.3283 Mbps     0 retrans
[2024-11-03T10:24:28.806658-0700]    51.5000 MB /   0.50 sec =  864.0145 Mbps     0 retrans
[2024-11-03T10:24:29.306607-0700]    48.9375 MB /   0.50 sec =  821.0679 Mbps     0 retrans
[2024-11-03T10:24:29.806659-0700]    47.5000 MB /   0.50 sec =  796.8843 Mbps     0 retrans
[2024-11-03T10:24:30.306648-0700]    21.8750 MB /   0.50 sec =  366.9950 Mbps     0 retrans
[2024-11-03T10:24:30.806673-0700]    36.5625 MB /   0.50 sec =  613.4084 Mbps     0 retrans
[2024-11-03T10:24:31.306590-0700]    47.8125 MB /   0.50 sec =  802.2072 Mbps     0 retrans
[2024-11-03T10:24:31.806665-0700]    50.1250 MB /   0.50 sec =  840.9395 Mbps     0 retrans
[2024-11-03T10:24:32.306616-0700]    45.6875 MB /   0.50 sec =  766.5183 Mbps     0 retrans
[2024-11-03T10:24:32.806660-0700]    47.8750 MB /   0.50 sec =  803.1915 Mbps     0 retrans
[2024-11-03T10:24:33.306930-0700]    46.3750 MB /   0.50 sec =  777.6546 Mbps     0 retrans
[2024-11-03T10:24:33.806630-0700]    46.0625 MB /   0.50 sec =  773.2072 Mbps     0 retrans
[2024-11-03T10:24:34.306672-0700]    41.8125 MB /   0.50 sec =  701.4805 Mbps     0 retrans
[2024-11-03T10:24:34.806646-0700]    40.4375 MB /   0.50 sec =  678.4436 Mbps     0 retrans
[2024-11-03T10:24:35.306673-0700]    41.0000 MB /   0.50 sec =  687.8411 Mbps     0 retrans
[2024-11-03T10:24:35.806592-0700]    38.1250 MB /   0.50 sec =  639.6595 Mbps     0 retrans
[2024-11-03T10:24:36.306784-0700]    34.5625 MB /   0.50 sec =  579.8556 Mbps     0 retrans
[2024-11-03T10:24:36.806630-0700]    27.8125 MB /   0.50 sec =  466.6191 Mbps     0 retrans
[2024-11-03T10:24:37.306712-0700]    28.9375 MB /   0.50 sec =  485.4363 Mbps     0 retrans
[2024-11-03T10:24:37.806628-0700]    14.4375 MB /   0.50 sec =  242.2264 Mbps     0 retrans
[2024-11-03T10:24:38.306573-0700]     1.6875 MB /   0.50 sec =   28.3149 Mbps     0 retrans
[2024-11-03T10:24:38.806675-0700]    33.8125 MB /   0.50 sec =  567.2399 Mbps     0 retrans
[2024-11-03T10:24:39.306764-0700]    24.1875 MB /   0.50 sec =  405.7178 Mbps     0 retrans
[2024-11-03T10:24:39.806694-0700]    20.2500 MB /   0.50 sec =  339.8032 Mbps     0 retrans
[2024-11-03T10:24:40.306677-0700]    19.1250 MB /   0.50 sec =  320.8572 Mbps     0 retrans
[2024-11-03T10:24:40.806673-0700]     8.4375 MB /   0.50 sec =  141.5657 Mbps     0 retrans
[2024-11-03T10:24:41.306598-0700]    16.3125 MB /   0.50 sec =  273.6844 Mbps     0 retrans
[2024-11-03T10:24:41.806709-0700]    13.8750 MB /   0.50 sec =  232.7583 Mbps     0 retrans
[2024-11-03T10:24:42.306592-0700]    12.6875 MB /   0.50 sec =  212.8801 Mbps     0 retrans
[2024-11-03T10:24:42.806757-0700]    15.6875 MB /   0.50 sec =  263.1536 Mbps     0 retrans
[2024-11-03T10:24:43.306651-0700]    13.7500 MB /   0.50 sec =  230.7130 Mbps     0 retrans
[2024-11-03T10:24:43.806660-0700]    14.4375 MB /   0.50 sec =  242.2051 Mbps     0 retrans
[2024-11-03T10:24:44.306710-0700]    21.1875 MB /   0.50 sec =  355.4786 Mbps     0 retrans
[2024-11-03T10:24:44.806607-0700]    25.4375 MB /   0.50 sec =  426.8114 Mbps     0 retrans
[2024-11-03T10:24:45.306654-0700]    18.8125 MB /   0.50 sec =  315.6144 Mbps     0 retrans
[2024-11-03T10:24:45.806695-0700]    31.5000 MB /   0.50 sec =  528.4696 Mbps     0 retrans
[2024-11-03T10:24:46.306730-0700]    28.6250 MB /   0.50 sec =  480.2142 Mbps     0 retrans
[2024-11-03T10:24:46.806693-0700]    31.1250 MB /   0.50 sec =  522.2076 Mbps     0 retrans
[2024-11-03T10:24:47.306702-0700]    27.1875 MB /   0.50 sec =  456.1342 Mbps     0 retrans
[2024-11-03T10:24:47.806653-0700]    24.3750 MB /   0.50 sec =  408.9348 Mbps     0 retrans
[2024-11-03T10:24:48.306689-0700]    22.1875 MB /   0.50 sec =  372.2653 Mbps     0 retrans
[2024-11-03T10:24:48.806646-0700]    27.3750 MB /   0.50 sec =  459.2836 Mbps     0 retrans
[2024-11-03T10:24:49.306653-0700]    14.8750 MB /   0.50 sec =  249.5376 Mbps     0 retrans
[2024-11-03T10:24:49.806900-0700]    12.0000 MB /   0.50 sec =  201.2916 Mbps     0 retrans
[2024-11-03T10:24:50.306630-0700]    23.3750 MB /   0.50 sec =  392.2961 Mbps     0 retrans
[2024-11-03T10:24:50.806736-0700]    32.5625 MB /   0.50 sec =  546.2371 Mbps     0 retrans
[2024-11-03T10:24:51.306563-0700]    36.1875 MB /   0.50 sec =  607.2081 Mbps     0 retrans
[2024-11-03T10:24:51.806806-0700]    38.1250 MB /   0.50 sec =  639.5866 Mbps     0 retrans
[2024-11-03T10:24:52.306666-0700]    28.3125 MB /   0.50 sec =  474.9945 Mbps     0 retrans
[2024-11-03T10:24:52.806664-0700]    27.5625 MB /   0.50 sec =  462.4128 Mbps     0 retrans
[2024-11-03T10:24:53.306753-0700]    25.0000 MB /   0.50 sec =  419.3843 Mbps     0 retrans
[2024-11-03T10:24:53.806648-0700]    28.0625 MB /   0.50 sec =  470.8860 Mbps     0 retrans
[2024-11-03T10:24:54.306671-0700]    28.0625 MB /   0.50 sec =  470.8059 Mbps     0 retrans
[2024-11-03T10:24:54.806653-0700]    26.3750 MB /   0.50 sec =  442.4929 Mbps     0 retrans
[2024-11-03T10:24:55.306631-0700]    22.3750 MB /   0.50 sec =  375.3639 Mbps     0 retrans
[2024-11-03T10:24:55.806768-0700]    20.8750 MB /   0.50 sec =  350.1936 Mbps     0 retrans
[2024-11-03T10:24:56.306591-0700]    21.1250 MB /   0.50 sec =  354.5059 Mbps     0 retrans
[2024-11-03T10:24:56.806587-0700]    15.3750 MB /   0.50 sec =  257.9420 Mbps     0 retrans
[2024-11-03T10:24:57.306647-0700]    16.5000 MB /   0.50 sec =  276.8174 Mbps     0 retrans
[2024-11-03T10:24:57.806888-0700]     4.8750 MB /   0.50 sec =   81.7773 Mbps     0 retrans
[2024-11-03T10:24:58.306767-0700]    11.6875 MB /   0.50 sec =  196.0774 Mbps     0 retrans
[2024-11-03T10:24:58.806805-0700]     1.3125 MB /   0.50 sec =   22.0187 Mbps     0 retrans
End time: 1730654699080
