Start time: 1730583585581
[2024-11-02T15:39:46.725865-0600] nuttcp-r: v8.1.4: socket
[2024-11-02T15:39:46.726403-0600] nuttcp-r: buflen=65536, nstream=1, port=5102 tcp
[2024-11-02T15:39:46.726442-0600] nuttcp-r: interval reporting every 0.50 seconds
[2024-11-02T15:39:46.726470-0600] nuttcp-r: connect to 54.176.53.206 with RTT=94.729 ms af=inet
[2024-11-02T15:39:46.726498-0600] nuttcp-r: send window size = 2097152, receive window size = 6291456
[2024-11-02T15:39:46.726525-0600] nuttcp-r: available send window = 1572864, available receive window = 4718592
[2024-11-02T15:39:46.726550-0600]     0.0625 MB /   0.50 sec =    1.0485 Mbps     0 retrans
[2024-11-02T15:39:47.225912-0600]     1.1250 MB /   0.50 sec =   18.8704 Mbps     0 retrans
[2024-11-02T15:39:47.726522-0600]     0.6875 MB /   0.50 sec =   11.5329 Mbps     0 retrans
[2024-11-02T15:39:48.225903-0600]     0.0625 MB /   0.50 sec =    1.0487 Mbps     0 retrans
[2024-11-02T15:39:48.726158-0600]     1.8750 MB /   0.50 sec =   31.4617 Mbps     0 retrans
[2024-11-02T15:39:49.225880-0600]     1.1250 MB /   0.50 sec =   18.8727 Mbps     0 retrans
[2024-11-02T15:39:49.725989-0600]     0.1875 MB /   0.50 sec =    3.1452 Mbps     0 retrans
[2024-11-02T15:39:50.226200-0600]     0.0000 MB /   0.50 sec =    0.0000 Mbps     0 retrans
[2024-11-02T15:39:50.726010-0600]     0.1250 MB /   0.50 sec =    2.0978 Mbps     0 retrans
[2024-11-02T15:39:51.225882-0600]     2.3750 MB /   0.50 sec =   39.8472 Mbps     0 retrans
[2024-11-02T15:39:51.725820-0600]     0.9375 MB /   0.50 sec =   15.7290 Mbps     0 retrans
[2024-11-02T15:39:52.226036-0600]     1.1875 MB /   0.50 sec =   19.9159 Mbps     0 retrans
[2024-11-02T15:39:52.726115-0600]     0.9375 MB /   0.50 sec =   15.7270 Mbps     0 retrans
[2024-11-02T15:39:53.225867-0600]     0.0000 MB /   0.50 sec =    0.0000 Mbps     0 retrans
[2024-11-02T15:39:53.725842-0600]     0.0625 MB /   0.50 sec =    1.0486 Mbps     0 retrans
[2024-11-02T15:39:54.225810-0600]     2.0000 MB /   0.50 sec =   33.5555 Mbps     0 retrans
[2024-11-02T15:39:54.725816-0600]     0.6250 MB /   0.50 sec =   10.4856 Mbps     0 retrans
[2024-11-02T15:39:55.225839-0600]     0.8750 MB /   0.50 sec =   14.6801 Mbps     0 retrans
[2024-11-02T15:39:55.726026-0600]     1.0000 MB /   0.50 sec =   16.7749 Mbps     0 retrans
[2024-11-02T15:39:56.225854-0600]     0.5000 MB /   0.50 sec =    8.3896 Mbps     0 retrans
[2024-11-02T15:39:56.725846-0600]     1.1250 MB /   0.50 sec =   18.8746 Mbps     0 retrans
[2024-11-02T15:39:57.226107-0600]     0.8750 MB /   0.50 sec =   14.6744 Mbps     0 retrans
[2024-11-02T15:39:57.726197-0600]     0.3125 MB /   0.50 sec =    5.2412 Mbps     0 retrans
[2024-11-02T15:39:58.226075-0600]     0.5625 MB /   0.50 sec =    9.4435 Mbps     0 retrans
[2024-11-02T15:39:58.726199-0600]     1.3750 MB /   0.50 sec =   23.0529 Mbps     0 retrans
[2024-11-02T15:39:59.225994-0600]     0.6875 MB /   0.50 sec =   11.5397 Mbps     0 retrans
[2024-11-02T15:39:59.725840-0600]     0.6875 MB /   0.50 sec =   11.5372 Mbps     0 retrans
[2024-11-02T15:40:00.225964-0600]     0.1875 MB /   0.50 sec =    3.1450 Mbps     0 retrans
[2024-11-02T15:40:00.726127-0600]     1.0625 MB /   0.50 sec =   17.8255 Mbps     0 retrans
[2024-11-02T15:40:01.225986-0600]     0.8125 MB /   0.50 sec =   13.6313 Mbps     0 retrans
[2024-11-02T15:40:01.726920-0600]     0.5000 MB /   0.50 sec =    8.3732 Mbps     0 retrans
[2024-11-02T15:40:02.226497-0600]     0.0625 MB /   0.50 sec =    1.0493 Mbps     0 retrans
[2024-11-02T15:40:02.725846-0600]     2.0625 MB /   0.50 sec =   34.6518 Mbps     0 retrans
[2024-11-02T15:40:03.225808-0600]     0.6250 MB /   0.50 sec =   10.4852 Mbps     0 retrans
[2024-11-02T15:40:03.725790-0600]     1.5625 MB /   0.50 sec =   26.2157 Mbps     0 retrans
[2024-11-02T15:40:04.225860-0600]     0.6875 MB /   0.50 sec =   11.5336 Mbps     0 retrans
[2024-11-02T15:40:04.725861-0600]     1.0000 MB /   0.50 sec =   16.7784 Mbps     0 retrans
[2024-11-02T15:40:05.225840-0600]     0.8750 MB /   0.50 sec =   14.6807 Mbps     0 retrans
[2024-11-02T15:40:05.725885-0600]     1.2500 MB /   0.50 sec =   20.9692 Mbps     0 retrans
[2024-11-02T15:40:06.225942-0600]     1.5000 MB /   0.50 sec =   25.1645 Mbps     0 retrans
[2024-11-02T15:40:06.725854-0600]     1.2500 MB /   0.50 sec =   20.9738 Mbps     0 retrans
[2024-11-02T15:40:07.225852-0600]     1.2500 MB /   0.50 sec =   20.9703 Mbps     0 retrans
[2024-11-02T15:40:07.725864-0600]     1.1250 MB /   0.50 sec =   18.8749 Mbps     0 retrans
[2024-11-02T15:40:08.225846-0600]     1.3125 MB /   0.50 sec =   22.0225 Mbps     0 retrans
[2024-11-02T15:40:08.725765-0600]     1.1250 MB /   0.50 sec =   18.8735 Mbps     0 retrans
[2024-11-02T15:40:09.225898-0600]     0.1875 MB /   0.50 sec =    3.1455 Mbps     0 retrans
[2024-11-02T15:40:09.725912-0600]     0.0000 MB /   0.50 sec =    0.0000 Mbps     0 retrans
[2024-11-02T15:40:10.226039-0600]     1.7500 MB /   0.50 sec =   29.3540 Mbps     0 retrans
[2024-11-02T15:40:10.725823-0600]     1.2500 MB /   0.50 sec =   20.9781 Mbps     0 retrans
[2024-11-02T15:40:11.225917-0600]     0.9375 MB /   0.50 sec =   15.7269 Mbps     0 retrans
[2024-11-02T15:40:11.726011-0600]     1.2500 MB /   0.50 sec =   20.9734 Mbps     0 retrans
[2024-11-02T15:40:12.225758-0600]     1.4375 MB /   0.50 sec =   24.1177 Mbps     0 retrans
[2024-11-02T15:40:12.725796-0600]     1.4375 MB /   0.50 sec =   24.1157 Mbps     0 retrans
[2024-11-02T15:40:13.225950-0600]     0.2500 MB /   0.50 sec =    4.1942 Mbps     0 retrans
[2024-11-02T15:40:13.725806-0600]     0.3750 MB /   0.50 sec =    6.2920 Mbps     0 retrans
[2024-11-02T15:40:14.226119-0600]     1.6250 MB /   0.50 sec =   27.2595 Mbps     0 retrans
[2024-11-02T15:40:14.725761-0600]     1.6250 MB /   0.50 sec =   27.2672 Mbps     0 retrans
[2024-11-02T15:40:15.225907-0600]     1.5625 MB /   0.50 sec =   26.2098 Mbps     0 retrans
[2024-11-02T15:40:15.725973-0600]     1.5625 MB /   0.50 sec =   26.2109 Mbps     0 retrans
[2024-11-02T15:40:16.225929-0600]     1.3125 MB /   0.50 sec =   22.0230 Mbps     0 retrans
[2024-11-02T15:40:16.725941-0600]     0.3125 MB /   0.50 sec =    5.2426 Mbps     0 retrans
[2024-11-02T15:40:17.225779-0600]     0.0000 MB /   0.50 sec =    0.0000 Mbps     0 retrans
[2024-11-02T15:40:17.726083-0600]     1.5000 MB /   0.50 sec =   25.1646 Mbps     0 retrans
[2024-11-02T15:40:18.225865-0600]     0.8750 MB /   0.50 sec =   14.6778 Mbps     0 retrans
[2024-11-02T15:40:18.725816-0600]     1.1875 MB /   0.50 sec =   19.9261 Mbps     0 retrans
[2024-11-02T15:40:19.226062-0600]     1.0625 MB /   0.50 sec =   17.8204 Mbps     0 retrans
[2024-11-02T15:40:19.726123-0600]     1.3125 MB /   0.50 sec =   22.0219 Mbps     0 retrans
[2024-11-02T15:40:20.225890-0600]     1.8125 MB /   0.50 sec =   30.4136 Mbps     0 retrans
[2024-11-02T15:40:20.725841-0600]     1.0000 MB /   0.50 sec =   16.7789 Mbps     0 retrans
[2024-11-02T15:40:21.225822-0600]     1.3125 MB /   0.50 sec =   22.0202 Mbps     0 retrans
[2024-11-02T15:40:21.725837-0600]     1.0625 MB /   0.50 sec =   17.8258 Mbps     0 retrans
[2024-11-02T15:40:22.225871-0600]     0.7500 MB /   0.50 sec =   12.5814 Mbps     0 retrans
[2024-11-02T15:40:22.725805-0600]     1.3125 MB /   0.50 sec =   22.0238 Mbps     0 retrans
[2024-11-02T15:40:23.227364-0600]     1.1250 MB /   0.50 sec =   18.8219 Mbps     0 retrans
[2024-11-02T15:40:23.725866-0600]     1.2500 MB /   0.50 sec =   21.0269 Mbps     0 retrans
[2024-11-02T15:40:24.226024-0600]     0.9375 MB /   0.50 sec =   15.7256 Mbps     0 retrans
[2024-11-02T15:40:24.725911-0600]     0.3750 MB /   0.50 sec =    6.2924 Mbps     0 retrans
[2024-11-02T15:40:25.226003-0600]     0.5000 MB /   0.50 sec =    8.3873 Mbps     0 retrans
[2024-11-02T15:40:25.725886-0600]     0.8750 MB /   0.50 sec =   14.6829 Mbps     0 retrans
[2024-11-02T15:40:26.225847-0600]     1.0625 MB /   0.50 sec =   17.8276 Mbps     0 retrans
[2024-11-02T15:40:26.725815-0600]     1.0625 MB /   0.50 sec =   17.8258 Mbps     0 retrans
[2024-11-02T15:40:27.225864-0600]     0.8750 MB /   0.50 sec =   14.6788 Mbps     0 retrans
[2024-11-02T15:40:27.725853-0600]     0.8125 MB /   0.50 sec =   13.6316 Mbps     0 retrans
[2024-11-02T15:40:28.225877-0600]     0.2500 MB /   0.50 sec =    4.1944 Mbps     0 retrans
[2024-11-02T15:40:28.727467-0600]     0.0000 MB /   0.50 sec =    0.0000 Mbps     0 retrans
[2024-11-02T15:40:29.225931-0600]     0.0000 MB /   0.50 sec =    0.0000 Mbps     0 retrans
[2024-11-02T15:40:29.725974-0600]     0.0000 MB /   0.50 sec =    0.0000 Mbps     0 retrans
[2024-11-02T15:40:30.227000-0600]     0.0000 MB /   0.50 sec =    0.0000 Mbps     0 retrans
[2024-11-02T15:40:30.725827-0600]     1.1250 MB /   0.50 sec =   18.9155 Mbps     0 retrans
[2024-11-02T15:40:31.225999-0600]     0.0000 MB /   0.50 sec =    0.0000 Mbps     0 retrans
[2024-11-02T15:40:31.726812-0600]     0.1250 MB /   0.50 sec =    2.0937 Mbps     0 retrans
[2024-11-02T15:40:32.226200-0600]     0.1250 MB /   0.50 sec =    2.1005 Mbps     0 retrans
[2024-11-02T15:40:32.726932-0600]     0.0625 MB /   0.50 sec =    1.0469 Mbps     0 retrans
[2024-11-02T15:40:33.226218-0600]     0.1250 MB /   0.50 sec =    2.1000 Mbps     0 retrans
[2024-11-02T15:40:33.726071-0600]     0.6875 MB /   0.50 sec =   11.5400 Mbps     0 retrans
[2024-11-02T15:40:34.227385-0600]     0.1250 MB /   0.50 sec =    2.0913 Mbps     0 retrans
[2024-11-02T15:40:34.725860-0600]     0.1250 MB /   0.50 sec =    2.1029 Mbps     0 retrans
[2024-11-02T15:40:35.226891-0600]     0.0625 MB /   0.50 sec =    1.0466 Mbps     0 retrans
[2024-11-02T15:40:35.725810-0600]     0.1875 MB /   0.50 sec =    3.1519 Mbps     0 retrans
[2024-11-02T15:40:36.225887-0600]     0.3125 MB /   0.50 sec =    5.2422 Mbps     0 retrans
[2024-11-02T15:40:36.725877-0600]     0.3125 MB /   0.50 sec =    5.2430 Mbps     0 retrans
[2024-11-02T15:40:37.225946-0600]     0.2500 MB /   0.50 sec =    4.1940 Mbps     0 retrans
[2024-11-02T15:40:37.725846-0600]     0.2500 MB /   0.50 sec =    4.1948 Mbps     0 retrans
[2024-11-02T15:40:38.225916-0600]     0.1250 MB /   0.50 sec =    2.0970 Mbps     0 retrans
[2024-11-02T15:40:38.725911-0600]     0.1875 MB /   0.50 sec =    3.1459 Mbps     0 retrans
[2024-11-02T15:40:39.225995-0600]     0.2500 MB /   0.50 sec =    4.1943 Mbps     0 retrans
[2024-11-02T15:40:39.725843-0600]     0.2500 MB /   0.50 sec =    4.1945 Mbps     0 retrans
[2024-11-02T15:40:40.225884-0600]     0.2500 MB /   0.50 sec =    4.1942 Mbps     0 retrans
[2024-11-02T15:40:40.725810-0600]     0.3125 MB /   0.50 sec =    5.2432 Mbps     0 retrans
[2024-11-02T15:40:41.226004-0600]     0.2500 MB /   0.50 sec =    4.1935 Mbps     0 retrans
[2024-11-02T15:40:41.725852-0600]     0.2500 MB /   0.50 sec =    4.1952 Mbps     0 retrans
[2024-11-02T15:40:42.225828-0600]     0.3125 MB /   0.50 sec =    5.2428 Mbps     0 retrans
[2024-11-02T15:40:42.726175-0600]     0.2500 MB /   0.50 sec =    4.1929 Mbps     0 retrans
[2024-11-02T15:40:43.225914-0600]     0.3125 MB /   0.50 sec =    5.2438 Mbps     0 retrans
[2024-11-02T15:40:43.725819-0600]     0.1875 MB /   0.50 sec =    3.1462 Mbps     0 retrans
[2024-11-02T15:40:44.225815-0600]     0.3125 MB /   0.50 sec =    5.2429 Mbps     0 retrans
[2024-11-02T15:40:44.725823-0600]     0.2500 MB /   0.50 sec =    4.1943 Mbps     0 retrans
[2024-11-02T15:40:45.226799-0600]     0.2500 MB /   0.50 sec =    4.1863 Mbps     0 retrans
[2024-11-02T15:40:45.726391-0600]     0.3125 MB /   0.50 sec =    5.2496 Mbps     0 retrans
[2024-11-02T15:40:46.226916-0600]     0.3125 MB /   0.50 sec =    5.2354 Mbps     0 retrans
[2024-11-02T15:40:46.726156-0600]     0.2500 MB /   0.50 sec =    4.2016 Mbps     0 retrans
[2024-11-02T15:40:47.226795-0600]     0.2500 MB /   0.50 sec =    4.1876 Mbps     0 retrans
[2024-11-02T15:40:47.726871-0600]     0.2500 MB /   0.50 sec =    4.1940 Mbps     0 retrans
[2024-11-02T15:40:48.225837-0600]     0.2500 MB /   0.50 sec =    4.2026 Mbps     0 retrans
[2024-11-02T15:40:48.726179-0600]     0.2500 MB /   0.50 sec =    4.1931 Mbps     0 retrans
[2024-11-02T15:40:49.225812-0600]     0.2500 MB /   0.50 sec =    4.1956 Mbps     0 retrans
[2024-11-02T15:40:49.727015-0600]     0.1250 MB /   0.50 sec =    2.0924 Mbps     0 retrans
[2024-11-02T15:40:50.226347-0600]     0.0000 MB /   0.50 sec =    0.0000 Mbps     0 retrans
[2024-11-02T15:40:50.727358-0600]     0.0000 MB /   0.50 sec =    0.0000 Mbps     0 retrans
[2024-11-02T15:40:51.226156-0600]     0.2500 MB /   0.50 sec =    4.2039 Mbps     0 retrans
[2024-11-02T15:40:51.725855-0600]     0.1250 MB /   0.50 sec =    2.0980 Mbps     0 retrans
[2024-11-02T15:40:52.226796-0600]     0.2500 MB /   0.50 sec =    4.1865 Mbps     0 retrans
[2024-11-02T15:40:52.726006-0600]     0.1250 MB /   0.50 sec =    2.1006 Mbps     0 retrans
[2024-11-02T15:40:53.225822-0600]     0.3750 MB /   0.50 sec =    6.2933 Mbps     0 retrans
[2024-11-02T15:40:53.726953-0600]     0.1250 MB /   0.50 sec =    2.0926 Mbps     0 retrans
[2024-11-02T15:40:54.226042-0600]     0.0000 MB /   0.50 sec =    0.0000 Mbps     0 retrans
[2024-11-02T15:40:54.726912-0600]     0.0625 MB /   0.50 sec =    1.0468 Mbps     0 retrans
[2024-11-02T15:40:55.226943-0600]     0.0000 MB /   0.50 sec =    0.0000 Mbps     0 retrans
[2024-11-02T15:40:55.725835-0600]     0.3125 MB /   0.50 sec =    5.2538 Mbps     0 retrans
[2024-11-02T15:40:56.226021-0600]     0.1875 MB /   0.50 sec =    3.1459 Mbps     0 retrans
[2024-11-02T15:40:56.725887-0600]     0.2500 MB /   0.50 sec =    4.1939 Mbps     0 retrans
[2024-11-02T15:40:57.226980-0600]     0.1250 MB /   0.50 sec =    2.0928 Mbps     0 retrans
[2024-11-02T15:40:57.727099-0600]     0.0000 MB /   0.50 sec =    0.0000 Mbps     0 retrans
[2024-11-02T15:40:58.225825-0600]     0.0625 MB /   0.50 sec =    1.0511 Mbps     0 retrans
[2024-11-02T15:40:58.725830-0600]     0.3125 MB /   0.50 sec =    5.2430 Mbps     0 retrans
[2024-11-02T15:40:59.225900-0600]     0.3750 MB /   0.50 sec =    6.2906 Mbps     0 retrans
[2024-11-02T15:40:59.725818-0600]     0.2500 MB /   0.50 sec =    4.1948 Mbps     0 retrans
[2024-11-02T15:41:00.225846-0600]     0.2500 MB /   0.50 sec =    4.1942 Mbps     0 retrans
[2024-11-02T15:41:00.725898-0600]     0.2500 MB /   0.50 sec =    4.1944 Mbps     0 retrans
[2024-11-02T15:41:01.226020-0600]     0.2500 MB /   0.50 sec =    4.1944 Mbps     0 retrans
[2024-11-02T15:41:01.727148-0600]     0.0000 MB /   0.50 sec =    0.0000 Mbps     0 retrans
[2024-11-02T15:41:02.225898-0600]     0.2500 MB /   0.50 sec =    4.2044 Mbps     0 retrans
[2024-11-02T15:41:02.725809-0600]     0.3125 MB /   0.50 sec =    5.2436 Mbps     0 retrans
[2024-11-02T15:41:03.225819-0600]     0.1875 MB /   0.50 sec =    3.1457 Mbps     0 retrans
[2024-11-02T15:41:03.725858-0600]     0.2500 MB /   0.50 sec =    4.1941 Mbps     0 retrans
[2024-11-02T15:41:04.225960-0600]     0.1875 MB /   0.50 sec =    3.1458 Mbps     0 retrans
[2024-11-02T15:41:04.725842-0600]     0.3125 MB /   0.50 sec =    5.2430 Mbps     0 retrans
[2024-11-02T15:41:05.226799-0600]     0.1250 MB /   0.50 sec =    2.0932 Mbps     0 retrans
[2024-11-02T15:41:05.726001-0600]     0.0000 MB /   0.50 sec =    0.0000 Mbps     0 retrans
[2024-11-02T15:41:06.226939-0600]     0.0000 MB /   0.50 sec =    0.0000 Mbps     0 retrans
[2024-11-02T15:41:06.726495-0600]     0.0000 MB /   0.50 sec =    0.0000 Mbps     0 retrans
[2024-11-02T15:41:07.225944-0600]     0.3125 MB /   0.50 sec =    5.2458 Mbps     0 retrans
[2024-11-02T15:41:07.725833-0600]     0.2500 MB /   0.50 sec =    4.1951 Mbps     0 retrans
[2024-11-02T15:41:08.225825-0600]     0.1250 MB /   0.50 sec =    2.0972 Mbps     0 retrans
[2024-11-02T15:41:08.725821-0600]     0.2500 MB /   0.50 sec =    4.1942 Mbps     0 retrans
[2024-11-02T15:41:09.226069-0600]     0.1875 MB /   0.50 sec =    3.1446 Mbps     0 retrans
[2024-11-02T15:41:09.726917-0600]     0.0625 MB /   0.50 sec =    1.0468 Mbps     0 retrans
[2024-11-02T15:41:10.226068-0600]     0.0000 MB /   0.50 sec =    0.0000 Mbps     0 retrans
[2024-11-02T15:41:10.725995-0600]     0.3125 MB /   0.50 sec =    5.2435 Mbps     0 retrans
[2024-11-02T15:41:11.225844-0600]     0.1875 MB /   0.50 sec =    3.1466 Mbps     0 retrans
[2024-11-02T15:41:11.725810-0600]     0.1250 MB /   0.50 sec =    2.0972 Mbps     0 retrans
[2024-11-02T15:41:12.226056-0600]     0.1875 MB /   0.50 sec =    3.1458 Mbps     0 retrans
[2024-11-02T15:41:12.726920-0600]     0.0625 MB /   0.50 sec =    1.0464 Mbps     0 retrans
[2024-11-02T15:41:13.227123-0600]     0.0000 MB /   0.50 sec =    0.0000 Mbps     0 retrans
[2024-11-02T15:41:13.726851-0600]     0.0000 MB /   0.50 sec =    0.0000 Mbps     0 retrans
[2024-11-02T15:41:14.226956-0600]     0.0000 MB /   0.50 sec =    0.0000 Mbps     0 retrans
[2024-11-02T15:41:14.726879-0600]     0.0000 MB /   0.50 sec =    0.0000 Mbps     0 retrans
[2024-11-02T15:41:15.226859-0600]     0.1875 MB /   0.50 sec =    3.1459 Mbps     0 retrans
[2024-11-02T15:41:15.726835-0600]     0.0000 MB /   0.50 sec =    0.0000 Mbps     0 retrans
[2024-11-02T15:41:16.226039-0600]     0.0000 MB /   0.50 sec =    0.0000 Mbps     0 retrans
[2024-11-02T15:41:16.726158-0600]     0.2500 MB /   0.50 sec =    4.1940 Mbps     0 retrans
[2024-11-02T15:41:17.226256-0600]     0.2500 MB /   0.50 sec =    4.1925 Mbps     0 retrans
[2024-11-02T15:41:17.726138-0600]     0.1250 MB /   0.50 sec =    2.0981 Mbps     0 retrans
[2024-11-02T15:41:18.227050-0600]     0.0000 MB /   0.50 sec =    0.0000 Mbps     0 retrans
[2024-11-02T15:41:18.726906-0600]     0.1250 MB /   0.50 sec =    2.0976 Mbps     0 retrans
[2024-11-02T15:41:19.226042-0600]     0.0625 MB /   0.50 sec =    1.0504 Mbps     0 retrans
[2024-11-02T15:41:19.726059-0600]     0.1250 MB /   0.50 sec =    2.0971 Mbps     0 retrans
[2024-11-02T15:41:20.225829-0600]     0.2500 MB /   0.50 sec =    4.1958 Mbps     0 retrans
[2024-11-02T15:41:20.726769-0600]     0.1250 MB /   0.50 sec =    2.0932 Mbps     0 retrans
[2024-11-02T15:41:21.226174-0600]     0.0000 MB /   0.50 sec =    0.0000 Mbps     0 retrans
[2024-11-02T15:41:21.726890-0600]     0.0625 MB /   0.50 sec =    1.0470 Mbps     0 retrans
[2024-11-02T15:41:22.225993-0600]     0.1250 MB /   0.50 sec =    2.1008 Mbps     0 retrans
[2024-11-02T15:41:22.726898-0600]     0.1875 MB /   0.50 sec =    3.1402 Mbps     0 retrans
[2024-11-02T15:41:23.226176-0600]     0.0000 MB /   0.50 sec =    0.0000 Mbps     0 retrans
[2024-11-02T15:41:23.727036-0600]     0.1250 MB /   0.50 sec =    2.0933 Mbps     0 retrans
[2024-11-02T15:41:24.226636-0600]     0.0000 MB /   0.50 sec =    0.0000 Mbps     0 retrans
[2024-11-02T15:41:24.727532-0600]     0.0000 MB /   0.50 sec =    0.0000 Mbps     0 retrans
[2024-11-02T15:41:25.225991-0600]     0.0625 MB /   0.50 sec =    1.0513 Mbps     0 retrans
[2024-11-02T15:41:25.726891-0600]     0.1875 MB /   0.50 sec =    3.1403 Mbps     0 retrans
[2024-11-02T15:41:26.225910-0600]     0.0625 MB /   0.50 sec =    1.0506 Mbps     0 retrans
[2024-11-02T15:41:26.726015-0600]     0.0000 MB /   0.50 sec =    0.0000 Mbps     0 retrans
[2024-11-02T15:41:27.226050-0600]     0.0000 MB /   0.50 sec =    0.0000 Mbps     0 retrans
[2024-11-02T15:41:27.727050-0600]     0.0000 MB /   0.50 sec =    0.0000 Mbps     0 retrans
[2024-11-02T15:41:28.226045-0600]     0.0000 MB /   0.50 sec =    0.0000 Mbps     0 retrans
[2024-11-02T15:41:28.726950-0600]     0.0000 MB /   0.50 sec =    0.0000 Mbps     0 retrans
[2024-11-02T15:41:29.225900-0600]     0.0625 MB /   0.50 sec =    1.0507 Mbps     0 retrans
[2024-11-02T15:41:29.725947-0600]     0.1250 MB /   0.50 sec =    2.0973 Mbps     0 retrans
[2024-11-02T15:41:30.227147-0600]     0.0000 MB /   0.50 sec =    0.0000 Mbps     0 retrans
[2024-11-02T15:41:30.727056-0600]     0.0000 MB /   0.50 sec =    0.0000 Mbps     0 retrans
[2024-11-02T15:41:31.226044-0600]     0.0000 MB /   0.50 sec =    0.0000 Mbps     0 retrans
[2024-11-02T15:41:31.726795-0600]     0.0000 MB /   0.50 sec =    0.0000 Mbps     0 retrans
[2024-11-02T15:41:32.226820-0600]     0.0625 MB /   0.50 sec =    1.0486 Mbps     0 retrans
[2024-11-02T15:41:32.725986-0600]     0.0625 MB /   0.50 sec =    1.0503 Mbps     0 retrans
[2024-11-02T15:41:33.226031-0600]     0.2500 MB /   0.50 sec =    4.1953 Mbps     0 retrans
[2024-11-02T15:41:33.725871-0600]     0.0625 MB /   0.50 sec =    1.0485 Mbps     0 retrans
[2024-11-02T15:41:34.225848-0600]     0.1875 MB /   0.50 sec =    3.1460 Mbps     0 retrans
[2024-11-02T15:41:34.725829-0600]     0.1250 MB /   0.50 sec =    2.0972 Mbps     0 retrans
[2024-11-02T15:41:35.225968-0600]     0.1875 MB /   0.50 sec =    3.1459 Mbps     0 retrans
[2024-11-02T15:41:35.725993-0600]     0.1875 MB /   0.50 sec =    3.1449 Mbps     0 retrans
[2024-11-02T15:41:36.225800-0600]     0.2500 MB /   0.50 sec =    4.1953 Mbps     0 retrans
[2024-11-02T15:41:36.725855-0600]     0.2500 MB /   0.50 sec =    4.1942 Mbps     0 retrans
[2024-11-02T15:41:37.225834-0600]     0.3125 MB /   0.50 sec =    5.2430 Mbps     0 retrans
[2024-11-02T15:41:37.725842-0600]     0.3125 MB /   0.50 sec =    5.2429 Mbps     0 retrans
[2024-11-02T15:41:38.225854-0600]     0.4375 MB /   0.50 sec =    7.3400 Mbps     0 retrans
[2024-11-02T15:41:38.725843-0600]     0.4375 MB /   0.50 sec =    7.3400 Mbps     0 retrans
[2024-11-02T15:41:39.225833-0600]     0.5000 MB /   0.50 sec =    8.3887 Mbps     0 retrans
[2024-11-02T15:41:39.725832-0600]     0.5625 MB /   0.50 sec =    9.4372 Mbps     0 retrans
[2024-11-02T15:41:40.225860-0600]     0.3125 MB /   0.50 sec =    5.2423 Mbps     0 retrans
[2024-11-02T15:41:40.725996-0600]     0.6250 MB /   0.50 sec =   10.4872 Mbps     0 retrans
[2024-11-02T15:41:41.226039-0600]     0.5625 MB /   0.50 sec =    9.4338 Mbps     0 retrans
[2024-11-02T15:41:41.725813-0600]     0.7500 MB /   0.50 sec =   12.5871 Mbps     0 retrans
[2024-11-02T15:41:42.225853-0600]     0.7500 MB /   0.50 sec =   12.5826 Mbps     0 retrans
[2024-11-02T15:41:42.725896-0600]     0.7500 MB /   0.50 sec =   12.5816 Mbps     0 retrans
[2024-11-02T15:41:43.225865-0600]     0.7500 MB /   0.50 sec =   12.5841 Mbps     0 retrans
[2024-11-02T15:41:43.725833-0600]     1.0625 MB /   0.50 sec =   17.8261 Mbps     0 retrans
[2024-11-02T15:41:44.225925-0600]     0.9375 MB /   0.50 sec =   15.7268 Mbps     0 retrans
[2024-11-02T15:41:44.725873-0600]     1.1250 MB /   0.50 sec =   18.8748 Mbps     0 retrans
[2024-11-02T15:41:45.225853-0600]     1.1250 MB /   0.50 sec =   18.8757 Mbps     0 retrans
[2024-11-02T15:41:45.725836-0600]     1.3125 MB /   0.50 sec =   22.0205 Mbps     0 retrans
[2024-11-02T15:41:46.226120-0600]     1.3750 MB /   0.50 sec =   23.0701 Mbps     0 retrans
End time: 1730583706732
