Start time: 1730508002618
[2024-11-01T17:40:03.387949-0700] nuttcp-r: v8.1.4: socket
[2024-11-01T17:40:03.388816-0700] nuttcp-r: buflen=65536, nstream=1, port=5101 tcp
[2024-11-01T17:40:03.388904-0700] nuttcp-r: interval reporting every 0.50 seconds
[2024-11-01T17:40:03.389056-0700] nuttcp-r: connect to 161.188.33.234 with RTT=21.714 ms af=inet
[2024-11-01T17:40:03.389130-0700] nuttcp-r: send window size = 2097152, receive window size = 6291456
[2024-11-01T17:40:03.389198-0700] nuttcp-r: available send window = 1572864, available receive window = 4718592
[2024-11-01T17:40:03.389265-0700]     2.0000 MB /   0.50 sec =   33.5503 Mbps     0 retrans
[2024-11-01T17:40:03.887914-0700]     2.1875 MB /   0.50 sec =   36.6980 Mbps     0 retrans
[2024-11-01T17:40:04.387991-0700]     5.9375 MB /   0.50 sec =   99.6187 Mbps     0 retrans
[2024-11-01T17:40:04.888270-0700]     7.1250 MB /   0.50 sec =  119.5252 Mbps     0 retrans
[2024-11-01T17:40:05.388156-0700]     7.2500 MB /   0.50 sec =  121.6540 Mbps     0 retrans
[2024-11-01T17:40:05.888068-0700]     7.5625 MB /   0.50 sec =  126.8566 Mbps     0 retrans
[2024-11-01T17:40:06.387958-0700]     8.3750 MB /   0.50 sec =  140.5297 Mbps     0 retrans
[2024-11-01T17:40:06.887883-0700]     9.0000 MB /   0.50 sec =  150.9892 Mbps     0 retrans
[2024-11-01T17:40:07.387826-0700]    11.9375 MB /   0.50 sec =  200.2884 Mbps     0 retrans
[2024-11-01T17:40:07.887828-0700]    11.9375 MB /   0.50 sec =  200.2776 Mbps     0 retrans
[2024-11-01T17:40:08.387796-0700]     9.8750 MB /   0.50 sec =  165.6806 Mbps     0 retrans
[2024-11-01T17:40:08.887873-0700]    11.4375 MB /   0.50 sec =  191.8721 Mbps     0 retrans
[2024-11-01T17:40:09.387844-0700]    13.7500 MB /   0.50 sec =  230.6950 Mbps     0 retrans
[2024-11-01T17:40:09.887858-0700]     9.7500 MB /   0.50 sec =  163.5759 Mbps     0 retrans
[2024-11-01T17:40:10.387894-0700]    11.7500 MB /   0.50 sec =  197.1122 Mbps     0 retrans
[2024-11-01T17:40:10.887858-0700]    13.7500 MB /   0.50 sec =  230.7084 Mbps     0 retrans
[2024-11-01T17:40:11.387881-0700]    15.5625 MB /   0.50 sec =  261.0959 Mbps     0 retrans
[2024-11-01T17:40:11.888123-0700]    14.4375 MB /   0.50 sec =  242.0995 Mbps     0 retrans
[2024-11-01T17:40:12.387984-0700]    16.3750 MB /   0.50 sec =  274.8671 Mbps     0 retrans
[2024-11-01T17:40:12.887897-0700]    16.1250 MB /   0.50 sec =  270.5315 Mbps     0 retrans
[2024-11-01T17:40:13.387838-0700]    19.5625 MB /   0.50 sec =  328.2154 Mbps     0 retrans
[2024-11-01T17:40:13.887848-0700]    16.0625 MB /   0.50 sec =  269.4803 Mbps     0 retrans
[2024-11-01T17:40:14.387941-0700]    15.3125 MB /   0.50 sec =  256.9088 Mbps     0 retrans
[2024-11-01T17:40:14.888215-0700]     9.6875 MB /   0.50 sec =  162.4182 Mbps     0 retrans
[2024-11-01T17:40:15.387792-0700]    16.8125 MB /   0.50 sec =  282.2640 Mbps     0 retrans
[2024-11-01T17:40:15.887939-0700]    13.9375 MB /   0.50 sec =  233.7866 Mbps     0 retrans
[2024-11-01T17:40:16.387826-0700]    17.6250 MB /   0.50 sec =  295.7481 Mbps     0 retrans
[2024-11-01T17:40:16.887860-0700]    15.5000 MB /   0.50 sec =  260.0385 Mbps     0 retrans
[2024-11-01T17:40:17.387842-0700]    14.9375 MB /   0.50 sec =  250.6147 Mbps     0 retrans
[2024-11-01T17:40:17.887860-0700]    13.5000 MB /   0.50 sec =  226.4852 Mbps     0 retrans
[2024-11-01T17:40:18.387871-0700]    14.5000 MB /   0.50 sec =  243.2691 Mbps     0 retrans
[2024-11-01T17:40:18.887758-0700]    12.4375 MB /   0.50 sec =  208.6858 Mbps     0 retrans
[2024-11-01T17:40:19.388161-0700]    18.0625 MB /   0.50 sec =  302.8259 Mbps     0 retrans
[2024-11-01T17:40:19.887941-0700]    16.6250 MB /   0.50 sec =  279.0574 Mbps     0 retrans
[2024-11-01T17:40:20.387814-0700]    15.8750 MB /   0.50 sec =  266.3676 Mbps     0 retrans
[2024-11-01T17:40:20.888205-0700]    20.0000 MB /   0.50 sec =  335.3304 Mbps     0 retrans
[2024-11-01T17:40:21.387886-0700]    20.0000 MB /   0.50 sec =  335.7847 Mbps     0 retrans
[2024-11-01T17:40:21.887851-0700]    21.3750 MB /   0.50 sec =  358.5700 Mbps     0 retrans
[2024-11-01T17:40:22.387826-0700]    21.8750 MB /   0.50 sec =  367.0383 Mbps     0 retrans
[2024-11-01T17:40:22.887883-0700]    11.1875 MB /   0.50 sec =  187.6850 Mbps     0 retrans
[2024-11-01T17:40:23.387831-0700]     8.5000 MB /   0.50 sec =  142.6132 Mbps     0 retrans
[2024-11-01T17:40:23.887885-0700]    11.0000 MB /   0.50 sec =  184.5390 Mbps     0 retrans
[2024-11-01T17:40:24.387924-0700]    12.8750 MB /   0.50 sec =  216.0028 Mbps     0 retrans
[2024-11-01T17:40:24.888042-0700]    16.3125 MB /   0.50 sec =  273.6855 Mbps     0 retrans
[2024-11-01T17:40:25.388127-0700]    17.9375 MB /   0.50 sec =  300.7801 Mbps     0 retrans
[2024-11-01T17:40:25.887893-0700]    18.1250 MB /   0.50 sec =  304.2465 Mbps     0 retrans
[2024-11-01T17:40:26.387868-0700]    18.0000 MB /   0.50 sec =  301.9911 Mbps     0 retrans
[2024-11-01T17:40:26.887868-0700]    19.5000 MB /   0.50 sec =  327.1649 Mbps     0 retrans
[2024-11-01T17:40:27.387764-0700]    16.9375 MB /   0.50 sec =  284.1891 Mbps     0 retrans
[2024-11-01T17:40:27.887975-0700]    14.1250 MB /   0.50 sec =  236.9152 Mbps     0 retrans
[2024-11-01T17:40:28.387849-0700]    15.8750 MB /   0.50 sec =  266.3926 Mbps     0 retrans
[2024-11-01T17:40:28.887954-0700]     4.5625 MB /   0.50 sec =   76.5300 Mbps     0 retrans
[2024-11-01T17:40:29.387839-0700]    23.0000 MB /   0.50 sec =  385.9632 Mbps     0 retrans
[2024-11-01T17:40:29.888010-0700]    14.6250 MB /   0.50 sec =  245.3437 Mbps     0 retrans
[2024-11-01T17:40:30.387825-0700]    16.6875 MB /   0.50 sec =  279.9905 Mbps     0 retrans
[2024-11-01T17:40:30.887858-0700]    15.3125 MB /   0.50 sec =  256.8955 Mbps     0 retrans
[2024-11-01T17:40:31.387744-0700]    12.0625 MB /   0.50 sec =  202.3942 Mbps     0 retrans
[2024-11-01T17:40:31.887878-0700]    17.3750 MB /   0.50 sec =  291.4726 Mbps     0 retrans
[2024-11-01T17:40:32.387972-0700]    15.5000 MB /   0.50 sec =  260.0505 Mbps     0 retrans
[2024-11-01T17:40:32.887867-0700]    18.1250 MB /   0.50 sec =  304.0858 Mbps     0 retrans
[2024-11-01T17:40:33.387867-0700]    20.3750 MB /   0.50 sec =  341.8344 Mbps     0 retrans
[2024-11-01T17:40:33.887766-0700]    12.6875 MB /   0.50 sec =  212.8767 Mbps     0 retrans
[2024-11-01T17:40:34.388355-0700]     6.7500 MB /   0.50 sec =  113.1622 Mbps     0 retrans
[2024-11-01T17:40:34.887847-0700]     5.0625 MB /   0.50 sec =   84.9925 Mbps     0 retrans
[2024-11-01T17:40:35.387913-0700]    10.0625 MB /   0.50 sec =  168.8349 Mbps     0 retrans
[2024-11-01T17:40:35.887950-0700]    10.5000 MB /   0.50 sec =  176.1160 Mbps     0 retrans
[2024-11-01T17:40:36.387819-0700]     9.0625 MB /   0.50 sec =  152.0727 Mbps     0 retrans
[2024-11-01T17:40:36.887878-0700]    12.5000 MB /   0.50 sec =  209.7068 Mbps     0 retrans
[2024-11-01T17:40:37.387849-0700]    11.9375 MB /   0.50 sec =  200.2852 Mbps     0 retrans
[2024-11-01T17:40:37.888008-0700]    10.9375 MB /   0.50 sec =  183.5092 Mbps     0 retrans
[2024-11-01T17:40:38.387829-0700]     8.5000 MB /   0.50 sec =  142.6006 Mbps     0 retrans
[2024-11-01T17:40:38.887876-0700]    12.1875 MB /   0.50 sec =  204.4641 Mbps     0 retrans
[2024-11-01T17:40:39.387826-0700]    14.5000 MB /   0.50 sec =  243.2789 Mbps     0 retrans
[2024-11-01T17:40:39.887864-0700]    10.1250 MB /   0.50 sec =  169.8629 Mbps     0 retrans
[2024-11-01T17:40:40.387853-0700]    11.4375 MB /   0.50 sec =  191.8909 Mbps     0 retrans
[2024-11-01T17:40:40.887901-0700]    15.5000 MB /   0.50 sec =  260.0401 Mbps     0 retrans
[2024-11-01T17:40:41.387814-0700]    11.6250 MB /   0.50 sec =  195.0406 Mbps     0 retrans
[2024-11-01T17:40:41.888127-0700]    10.8750 MB /   0.50 sec =  182.3618 Mbps     0 retrans
[2024-11-01T17:40:42.387947-0700]    15.8125 MB /   0.50 sec =  265.4336 Mbps     0 retrans
[2024-11-01T17:40:42.887887-0700]    12.6875 MB /   0.50 sec =  212.8469 Mbps     0 retrans
[2024-11-01T17:40:43.387832-0700]    18.6875 MB /   0.50 sec =  313.5418 Mbps     0 retrans
[2024-11-01T17:40:43.888033-0700]    17.7500 MB /   0.50 sec =  297.6878 Mbps     0 retrans
[2024-11-01T17:40:44.387821-0700]    16.7500 MB /   0.50 sec =  281.1246 Mbps     0 retrans
[2024-11-01T17:40:44.887829-0700]    16.4375 MB /   0.50 sec =  275.7722 Mbps     0 retrans
[2024-11-01T17:40:45.387839-0700]    22.8125 MB /   0.50 sec =  382.7264 Mbps     0 retrans
[2024-11-01T17:40:45.887770-0700]    14.9375 MB /   0.50 sec =  250.6202 Mbps     0 retrans
[2024-11-01T17:40:46.387844-0700]    16.1875 MB /   0.50 sec =  271.5709 Mbps     0 retrans
[2024-11-01T17:40:46.887846-0700]    13.0625 MB /   0.50 sec =  219.1519 Mbps     0 retrans
[2024-11-01T17:40:47.388006-0700]     9.6875 MB /   0.50 sec =  162.5286 Mbps     0 retrans
[2024-11-01T17:40:47.887849-0700]    14.3750 MB /   0.50 sec =  241.1672 Mbps     0 retrans
[2024-11-01T17:40:48.387873-0700]    12.7500 MB /   0.50 sec =  213.9086 Mbps     0 retrans
[2024-11-01T17:40:48.887861-0700]    16.9375 MB /   0.50 sec =  284.1641 Mbps     0 retrans
[2024-11-01T17:40:49.387826-0700]    14.2500 MB /   0.50 sec =  239.0830 Mbps     0 retrans
[2024-11-01T17:40:49.887893-0700]     8.6250 MB /   0.50 sec =  144.6939 Mbps     0 retrans
[2024-11-01T17:40:50.387985-0700]     3.6250 MB /   0.50 sec =   60.8061 Mbps     0 retrans
[2024-11-01T17:40:50.887860-0700]     8.9375 MB /   0.50 sec =  149.9788 Mbps     0 retrans
[2024-11-01T17:40:51.388075-0700]     4.8750 MB /   0.50 sec =   81.7878 Mbps     0 retrans
[2024-11-01T17:40:51.888369-0700]     8.1875 MB /   0.50 sec =  137.2388 Mbps     0 retrans
[2024-11-01T17:40:52.387930-0700]     4.9375 MB /   0.50 sec =   82.9040 Mbps     0 retrans
[2024-11-01T17:40:52.887851-0700]     2.3750 MB /   0.50 sec =   39.8519 Mbps     0 retrans
[2024-11-01T17:40:53.388040-0700]     3.2500 MB /   0.50 sec =   54.5253 Mbps     0 retrans
[2024-11-01T17:40:53.887865-0700]     2.9375 MB /   0.50 sec =   49.2821 Mbps     0 retrans
[2024-11-01T17:40:54.387878-0700]     3.8750 MB /   0.50 sec =   65.0130 Mbps     0 retrans
[2024-11-01T17:40:54.887922-0700]     3.6250 MB /   0.50 sec =   60.8090 Mbps     0 retrans
[2024-11-01T17:40:55.387869-0700]     4.1250 MB /   0.50 sec =   69.2163 Mbps     0 retrans
[2024-11-01T17:40:55.887915-0700]     2.5000 MB /   0.50 sec =   41.9361 Mbps     0 retrans
[2024-11-01T17:40:56.388063-0700]     0.5000 MB /   0.50 sec =    8.3895 Mbps     0 retrans
[2024-11-01T17:40:56.888070-0700]     4.1875 MB /   0.50 sec =   70.2236 Mbps     0 retrans
[2024-11-01T17:40:57.387877-0700]     4.3125 MB /   0.50 sec =   72.3887 Mbps     0 retrans
[2024-11-01T17:40:57.887849-0700]     4.4375 MB /   0.50 sec =   74.4480 Mbps     0 retrans
[2024-11-01T17:40:58.388121-0700]     4.0000 MB /   0.50 sec =   67.0989 Mbps     0 retrans
[2024-11-01T17:40:58.887871-0700]     3.1875 MB /   0.50 sec =   53.4848 Mbps     0 retrans
[2024-11-01T17:40:59.388408-0700]     1.5625 MB /   0.50 sec =   26.1931 Mbps     0 retrans
[2024-11-01T17:40:59.888026-0700]     0.0000 MB /   0.50 sec =    0.0000 Mbps     0 retrans
[2024-11-01T17:41:00.388069-0700]     0.0000 MB /   0.50 sec =    0.0000 Mbps     0 retrans
[2024-11-01T17:41:00.887963-0700]     3.5000 MB /   0.50 sec =   58.7284 Mbps     0 retrans
[2024-11-01T17:41:01.387885-0700]     0.0000 MB /   0.50 sec =    0.0000 Mbps     0 retrans
[2024-11-01T17:41:01.887867-0700]     3.7500 MB /   0.50 sec =   62.9227 Mbps     0 retrans
[2024-11-01T17:41:02.387890-0700]     2.0625 MB /   0.50 sec =   34.6013 Mbps     0 retrans
[2024-11-01T17:41:02.888029-0700]     1.8750 MB /   0.50 sec =   31.4583 Mbps     0 retrans
[2024-11-01T17:41:03.388162-0700]     2.5000 MB /   0.50 sec =   41.9259 Mbps     0 retrans
[2024-11-01T17:41:03.887863-0700]     0.4375 MB /   0.50 sec =    7.3430 Mbps     0 retrans
[2024-11-01T17:41:04.388120-0700]     0.0625 MB /   0.50 sec =    1.0482 Mbps     0 retrans
[2024-11-01T17:41:04.887841-0700]     1.4375 MB /   0.50 sec =   24.1266 Mbps     0 retrans
[2024-11-01T17:41:05.388009-0700]     0.3750 MB /   0.50 sec =    6.2898 Mbps     0 retrans
[2024-11-01T17:41:05.887790-0700]     0.6875 MB /   0.50 sec =   11.5378 Mbps     0 retrans
[2024-11-01T17:41:06.389438-0700]     0.1250 MB /   0.50 sec =    2.0909 Mbps     0 retrans
[2024-11-01T17:41:06.888060-0700]     2.5625 MB /   0.50 sec =   43.1183 Mbps     0 retrans
[2024-11-01T17:41:07.387871-0700]     4.1250 MB /   0.50 sec =   69.2103 Mbps     0 retrans
[2024-11-01T17:41:07.888019-0700]     6.0625 MB /   0.50 sec =  101.6795 Mbps     0 retrans
[2024-11-01T17:41:08.387866-0700]     7.4375 MB /   0.50 sec =  124.8175 Mbps     0 retrans
[2024-11-01T17:41:08.887866-0700]     6.1250 MB /   0.50 sec =  102.7615 Mbps     0 retrans
[2024-11-01T17:41:09.387866-0700]     5.4375 MB /   0.50 sec =   91.2230 Mbps     0 retrans
[2024-11-01T17:41:09.887902-0700]     3.2500 MB /   0.50 sec =   54.5246 Mbps     0 retrans
[2024-11-01T17:41:10.387829-0700]     5.5625 MB /   0.50 sec =   93.3270 Mbps     0 retrans
[2024-11-01T17:41:10.888174-0700]     7.0000 MB /   0.50 sec =  117.3670 Mbps     0 retrans
[2024-11-01T17:41:11.387894-0700]     7.1250 MB /   0.50 sec =  119.6133 Mbps     0 retrans
[2024-11-01T17:41:11.887857-0700]     6.5000 MB /   0.50 sec =  109.0517 Mbps     0 retrans
[2024-11-01T17:41:12.387833-0700]     7.0625 MB /   0.50 sec =  118.4929 Mbps     0 retrans
[2024-11-01T17:41:12.887943-0700]     7.0625 MB /   0.50 sec =  118.4765 Mbps     0 retrans
[2024-11-01T17:41:13.387938-0700]     6.2500 MB /   0.50 sec =  104.8687 Mbps     0 retrans
[2024-11-01T17:41:13.887932-0700]     5.0625 MB /   0.50 sec =   84.9214 Mbps     0 retrans
[2024-11-01T17:41:14.387949-0700]     5.2500 MB /   0.50 sec =   88.0839 Mbps     0 retrans
[2024-11-01T17:41:14.887834-0700]     7.6875 MB /   0.50 sec =  128.9939 Mbps     0 retrans
[2024-11-01T17:41:15.387904-0700]     7.7500 MB /   0.50 sec =  130.0151 Mbps     0 retrans
[2024-11-01T17:41:15.887881-0700]     7.5000 MB /   0.50 sec =  125.8228 Mbps     0 retrans
[2024-11-01T17:41:16.387857-0700]     6.3750 MB /   0.50 sec =  106.9618 Mbps     0 retrans
[2024-11-01T17:41:16.887849-0700]     6.0625 MB /   0.50 sec =  101.7115 Mbps     0 retrans
[2024-11-01T17:41:17.387887-0700]     4.7500 MB /   0.50 sec =   79.6908 Mbps     0 retrans
[2024-11-01T17:41:17.887944-0700]     0.8125 MB /   0.50 sec =   13.6296 Mbps     0 retrans
[2024-11-01T17:41:18.387939-0700]     0.1250 MB /   0.50 sec =    2.0974 Mbps     0 retrans
[2024-11-01T17:41:18.887951-0700]     0.0625 MB /   0.50 sec =    1.0485 Mbps     0 retrans
[2024-11-01T17:41:19.387802-0700]     0.0000 MB /   0.50 sec =    0.0000 Mbps     0 retrans
[2024-11-01T17:41:19.887905-0700]     0.5625 MB /   0.50 sec =    9.4363 Mbps     0 retrans
[2024-11-01T17:41:20.388040-0700]     2.7500 MB /   0.50 sec =   46.1274 Mbps     0 retrans
[2024-11-01T17:41:20.887990-0700]     0.0000 MB /   0.50 sec =    0.0000 Mbps     0 retrans
[2024-11-01T17:41:21.387885-0700]     0.7500 MB /   0.50 sec =   12.5819 Mbps     0 retrans
[2024-11-01T17:41:21.887831-0700]     0.0000 MB /   0.50 sec =    0.0000 Mbps     0 retrans
[2024-11-01T17:41:22.388422-0700]     0.0625 MB /   0.50 sec =    1.0478 Mbps     0 retrans
[2024-11-01T17:41:22.887927-0700]     3.5000 MB /   0.50 sec =   58.7590 Mbps     0 retrans
[2024-11-01T17:41:23.387909-0700]     1.3750 MB /   0.50 sec =   23.0691 Mbps     0 retrans
[2024-11-01T17:41:23.887850-0700]     6.2500 MB /   0.50 sec =  104.8633 Mbps     0 retrans
[2024-11-01T17:41:24.387770-0700]     0.3750 MB /   0.50 sec =    6.2917 Mbps     0 retrans
[2024-11-01T17:41:24.888081-0700]     0.0000 MB /   0.50 sec =    0.0000 Mbps     0 retrans
[2024-11-01T17:41:25.387822-0700]     0.0000 MB /   0.50 sec =    0.0000 Mbps     0 retrans
[2024-11-01T17:41:25.887839-0700]     2.1875 MB /   0.50 sec =   36.7021 Mbps     0 retrans
[2024-11-01T17:41:26.387954-0700]     2.0625 MB /   0.50 sec =   34.5966 Mbps     0 retrans
[2024-11-01T17:41:26.887899-0700]     2.6250 MB /   0.50 sec =   44.0429 Mbps     0 retrans
[2024-11-01T17:41:27.387925-0700]     1.6250 MB /   0.50 sec =   27.2627 Mbps     0 retrans
[2024-11-01T17:41:27.887784-0700]     0.0000 MB /   0.50 sec =    0.0000 Mbps     0 retrans
[2024-11-01T17:41:28.389035-0700]     0.0000 MB /   0.50 sec =    0.0000 Mbps     0 retrans
[2024-11-01T17:41:28.887876-0700]     2.0625 MB /   0.50 sec =   34.6348 Mbps     0 retrans
[2024-11-01T17:41:29.387909-0700]     4.0000 MB /   0.50 sec =   67.1070 Mbps     0 retrans
[2024-11-01T17:41:29.888040-0700]     4.1875 MB /   0.50 sec =   70.2546 Mbps     0 retrans
[2024-11-01T17:41:30.387869-0700]     4.1875 MB /   0.50 sec =   70.2588 Mbps     0 retrans
[2024-11-01T17:41:30.887961-0700]     5.0625 MB /   0.50 sec =   84.9245 Mbps     0 retrans
[2024-11-01T17:41:31.387802-0700]     6.0000 MB /   0.50 sec =  100.6774 Mbps     0 retrans
[2024-11-01T17:41:31.887928-0700]     6.5625 MB /   0.50 sec =  110.0837 Mbps     0 retrans
[2024-11-01T17:41:32.387917-0700]     6.3750 MB /   0.50 sec =  106.9659 Mbps     0 retrans
[2024-11-01T17:41:32.887858-0700]     5.8125 MB /   0.50 sec =   97.5172 Mbps     0 retrans
[2024-11-01T17:41:33.387932-0700]     3.2500 MB /   0.50 sec =   54.5242 Mbps     0 retrans
[2024-11-01T17:41:33.887890-0700]     1.5625 MB /   0.50 sec =   26.2149 Mbps     0 retrans
[2024-11-01T17:41:34.387840-0700]     0.0000 MB /   0.50 sec =    0.0000 Mbps     0 retrans
[2024-11-01T17:41:34.887805-0700]     4.8125 MB /   0.50 sec =   80.7374 Mbps     0 retrans
[2024-11-01T17:41:35.387920-0700]     3.5625 MB /   0.50 sec =   59.7649 Mbps     0 retrans
[2024-11-01T17:41:35.887914-0700]     0.3750 MB /   0.50 sec =    6.2915 Mbps     0 retrans
[2024-11-01T17:41:36.388350-0700]     0.5625 MB /   0.50 sec =    9.4294 Mbps     0 retrans
[2024-11-01T17:41:36.887961-0700]     1.3750 MB /   0.50 sec =   23.0861 Mbps     0 retrans
[2024-11-01T17:41:37.387974-0700]     5.2500 MB /   0.50 sec =   88.0735 Mbps     0 retrans
[2024-11-01T17:41:37.887845-0700]     4.8125 MB /   0.50 sec =   80.7573 Mbps     0 retrans
[2024-11-01T17:41:38.387825-0700]     3.1875 MB /   0.50 sec =   53.4751 Mbps     0 retrans
[2024-11-01T17:41:38.887948-0700]     3.1875 MB /   0.50 sec =   53.4738 Mbps     0 retrans
[2024-11-01T17:41:39.387928-0700]     3.7500 MB /   0.50 sec =   62.9148 Mbps     0 retrans
[2024-11-01T17:41:39.888327-0700]     3.2500 MB /   0.50 sec =   54.5060 Mbps     0 retrans
[2024-11-01T17:41:40.388215-0700]     1.4375 MB /   0.50 sec =   24.1122 Mbps     0 retrans
[2024-11-01T17:41:40.887792-0700]     4.8750 MB /   0.50 sec =   81.8446 Mbps     0 retrans
[2024-11-01T17:41:41.388298-0700]     3.7500 MB /   0.50 sec =   62.8649 Mbps     0 retrans
[2024-11-01T17:41:41.887827-0700]     3.8750 MB /   0.50 sec =   65.0593 Mbps     0 retrans
[2024-11-01T17:41:42.387915-0700]     3.3750 MB /   0.50 sec =   56.6217 Mbps     0 retrans
[2024-11-01T17:41:42.887979-0700]     3.5000 MB /   0.50 sec =   58.7166 Mbps     0 retrans
[2024-11-01T17:41:43.388074-0700]     0.1875 MB /   0.50 sec =    3.1459 Mbps     0 retrans
[2024-11-01T17:41:43.888016-0700]     1.6875 MB /   0.50 sec =   28.3128 Mbps     0 retrans
[2024-11-01T17:41:44.387824-0700]     4.7500 MB /   0.50 sec =   79.6983 Mbps     0 retrans
[2024-11-01T17:41:44.887861-0700]     1.5000 MB /   0.50 sec =   25.1650 Mbps     0 retrans
[2024-11-01T17:41:45.387814-0700]     5.1875 MB /   0.50 sec =   87.0356 Mbps     0 retrans
[2024-11-01T17:41:45.887929-0700]     5.0000 MB /   0.50 sec =   83.8752 Mbps     0 retrans
[2024-11-01T17:41:46.388171-0700]     3.1250 MB /   0.50 sec =   52.4010 Mbps     0 retrans
[2024-11-01T17:41:46.887902-0700]     2.6250 MB /   0.50 sec =   44.0625 Mbps     0 retrans
[2024-11-01T17:41:47.387782-0700]     3.6875 MB /   0.50 sec =   61.8739 Mbps     0 retrans
[2024-11-01T17:41:47.887904-0700]     0.2500 MB /   0.50 sec =    4.1939 Mbps     0 retrans
[2024-11-01T17:41:48.387971-0700]     1.1250 MB /   0.50 sec =   18.8720 Mbps     0 retrans
[2024-11-01T17:41:48.887897-0700]     0.8125 MB /   0.50 sec =   13.6339 Mbps     0 retrans
[2024-11-01T17:41:49.388235-0700]     1.4375 MB /   0.50 sec =   24.0996 Mbps     0 retrans
[2024-11-01T17:41:49.888034-0700]     2.0625 MB /   0.50 sec =   34.6274 Mbps     0 retrans
[2024-11-01T17:41:50.387961-0700]     2.6875 MB /   0.50 sec =   45.0814 Mbps     0 retrans
[2024-11-01T17:41:50.887868-0700]     3.4375 MB /   0.50 sec =   57.6819 Mbps     0 retrans
[2024-11-01T17:41:51.387794-0700]     4.8125 MB /   0.50 sec =   80.7449 Mbps     0 retrans
[2024-11-01T17:41:51.887902-0700]     5.2500 MB /   0.50 sec =   88.0709 Mbps     0 retrans
[2024-11-01T17:41:52.387853-0700]     4.1875 MB /   0.50 sec =   70.2606 Mbps     0 retrans
[2024-11-01T17:41:52.887906-0700]     1.6250 MB /   0.50 sec =   27.2615 Mbps     0 retrans
[2024-11-01T17:41:53.388011-0700]     2.4375 MB /   0.50 sec =   40.8878 Mbps     0 retrans
[2024-11-01T17:41:53.887796-0700]     2.4375 MB /   0.50 sec =   40.9035 Mbps     0 retrans
[2024-11-01T17:41:54.388307-0700]     3.0625 MB /   0.50 sec =   51.3377 Mbps     0 retrans
[2024-11-01T17:41:54.887792-0700]     0.0625 MB /   0.50 sec =    1.0495 Mbps     0 retrans
[2024-11-01T17:41:55.388356-0700]     0.6250 MB /   0.50 sec =   10.4844 Mbps     0 retrans
[2024-11-01T17:41:55.887905-0700]     3.3125 MB /   0.50 sec =   55.5786 Mbps     0 retrans
[2024-11-01T17:41:56.387953-0700]     3.6250 MB /   0.50 sec =   60.8077 Mbps     0 retrans
[2024-11-01T17:41:56.887916-0700]     4.1250 MB /   0.50 sec =   69.2154 Mbps     0 retrans
[2024-11-01T17:41:57.387931-0700]     5.1250 MB /   0.50 sec =   85.9803 Mbps     0 retrans
[2024-11-01T17:41:57.887904-0700]     5.3125 MB /   0.50 sec =   89.1316 Mbps     0 retrans
[2024-11-01T17:41:58.387864-0700]     5.9375 MB /   0.50 sec =   99.6255 Mbps     0 retrans
[2024-11-01T17:41:58.888330-0700]     2.6875 MB /   0.50 sec =   45.0491 Mbps     0 retrans
[2024-11-01T17:41:59.388358-0700]     7.0625 MB /   0.50 sec =  118.4723 Mbps     0 retrans
[2024-11-01T17:41:59.887963-0700]     8.3125 MB /   0.50 sec =  139.5745 Mbps     0 retrans
[2024-11-01T17:42:00.387789-0700]    10.3125 MB /   0.50 sec =  173.0531 Mbps     0 retrans
[2024-11-01T17:42:00.887948-0700]     5.6875 MB /   0.50 sec =   95.4067 Mbps     0 retrans
[2024-11-01T17:42:01.387923-0700]     7.5625 MB /   0.50 sec =  126.8749 Mbps     0 retrans
[2024-11-01T17:42:01.887911-0700]     9.7500 MB /   0.50 sec =  163.6017 Mbps     0 retrans
[2024-11-01T17:42:02.388170-0700]     9.3750 MB /   0.50 sec =  157.1823 Mbps     0 retrans
[2024-11-01T17:42:02.887979-0700]    11.1875 MB /   0.50 sec =  187.7774 Mbps     0 retrans
[2024-11-01T17:42:03.388322-0700]    12.0625 MB /   0.50 sec =  202.2441 Mbps     0 retrans
End time: 1730508123757
