Start time: 1730503397269
[2024-11-01T16:23:19.160173-0700] nuttcp-t: v8.1.4: socket
[2024-11-01T16:23:19.160926-0700] nuttcp-t: buflen=65536, nstream=1, port=5101 tcp -> 161.188.33.234
[2024-11-01T16:23:19.161121-0700] nuttcp-t: time limit = 120.00 seconds
[2024-11-01T16:23:19.161168-0700] nuttcp-t: connect to 161.188.33.234 with mss=1376, RTT=35.908 ms af=inet
[2024-11-01T16:23:19.161201-0700] nuttcp-t: send window size = 2097152, receive window size = 6291456
[2024-11-01T16:23:19.161233-0700] nuttcp-t: available send window = 1572864, available receive window = 4718592
[2024-11-01T16:23:19.161266-0700] nuttcp-t: initial congestion window = 13 KB (10 packets)
[2024-11-01T16:23:19.161296-0700] nuttcp-r: v6.1.2: socket
[2024-11-01T16:23:19.161326-0700] nuttcp-r: buflen=65536, nstream=1, port=5101 tcp
[2024-11-01T16:23:19.161356-0700] nuttcp-r: interval reporting every 0.50 seconds
[2024-11-01T16:23:19.161393-0700] nuttcp-r: accept from 174.227.64.98
[2024-11-01T16:23:19.161426-0700] nuttcp-r: send window size = 450000000, receive window size = 450000000
[2024-11-01T16:23:19.161455-0700] nuttcp-r: available send window = 225000000, available receive window = 225000000
[2024-11-01T16:23:19.161496-0700]     0.0625 MB /   0.50 sec =    1.0483 Mbps     0 retrans    428 KB-cwnd
[2024-11-01T16:23:19.161530-0700]     0.1875 MB /   0.50 sec =    3.1458 Mbps     0 retrans    428 KB-cwnd
[2024-11-01T16:23:19.161562-0700]     0.1250 MB /   0.50 sec =    2.0971 Mbps     0 retrans    428 KB-cwnd
[2024-11-01T16:23:20.027358-0700]     0.0625 MB /   0.50 sec =    1.0486 Mbps     0 retrans    616 KB-cwnd
[2024-11-01T16:23:22.366483-0700]     0.1250 MB /   0.50 sec =    2.0976 Mbps    23 retrans    640 KB-cwnd
[2024-11-01T16:23:22.366686-0700]     0.1875 MB /   0.50 sec =    3.1457 Mbps     0 retrans    640 KB-cwnd
[2024-11-01T16:23:22.366719-0700]     0.0000 MB /   0.50 sec =    0.0000 Mbps     0 retrans    640 KB-cwnd
[2024-11-01T16:23:22.366743-0700]     0.0000 MB /   0.50 sec =    0.0000 Mbps     0 retrans    640 KB-cwnd
[2024-11-01T16:23:22.366765-0700]     0.1250 MB /   0.50 sec =    2.0971 Mbps     0 retrans    640 KB-cwnd
[2024-11-01T16:23:30.756588-0700]     0.5000 MB /   0.50 sec =    8.3890 Mbps   237 retrans    298 KB-cwnd
[2024-11-01T16:23:30.757035-0700]     0.0000 MB /   0.50 sec =    0.0000 Mbps     0 retrans    298 KB-cwnd
[2024-11-01T16:23:30.757167-0700]     0.0000 MB /   0.50 sec =    0.0000 Mbps     0 retrans    298 KB-cwnd
[2024-11-01T16:23:30.757303-0700]     0.0625 MB /   0.50 sec =    1.0486 Mbps     0 retrans    298 KB-cwnd
[2024-11-01T16:23:30.757411-0700]     0.1250 MB /   0.50 sec =    2.0976 Mbps     0 retrans    298 KB-cwnd
[2024-11-01T16:23:30.757513-0700]     0.0000 MB /   0.50 sec =    0.0000 Mbps     0 retrans    298 KB-cwnd
[2024-11-01T16:23:30.757612-0700]     0.0000 MB /   0.50 sec =    0.0000 Mbps     0 retrans    298 KB-cwnd
[2024-11-01T16:23:30.757711-0700]     0.0000 MB /   0.50 sec =    0.0000 Mbps     0 retrans    298 KB-cwnd
[2024-11-01T16:23:30.757812-0700]     0.3750 MB /   0.50 sec =    6.2915 Mbps     0 retrans    298 KB-cwnd
[2024-11-01T16:23:30.757909-0700]     0.3125 MB /   0.50 sec =    5.2428 Mbps     0 retrans    298 KB-cwnd
[2024-11-01T16:23:30.758007-0700]     0.0625 MB /   0.50 sec =    1.0486 Mbps     0 retrans    298 KB-cwnd
[2024-11-01T16:23:30.758106-0700]     0.0000 MB /   0.50 sec =    0.0000 Mbps     0 retrans    298 KB-cwnd
[2024-11-01T16:23:30.758198-0700]     0.3750 MB /   0.50 sec =    6.2914 Mbps     0 retrans    298 KB-cwnd
[2024-11-01T16:23:30.758282-0700]     0.0625 MB /   0.50 sec =    1.0486 Mbps     0 retrans    298 KB-cwnd
[2024-11-01T16:23:30.758378-0700]     0.0000 MB /   0.50 sec =    0.0000 Mbps     0 retrans    298 KB-cwnd
[2024-11-01T16:23:30.758479-0700]     0.0000 MB /   0.50 sec =    0.0000 Mbps     0 retrans    298 KB-cwnd
[2024-11-01T16:23:30.758578-0700]     0.1250 MB /   0.50 sec =    2.0972 Mbps     0 retrans    298 KB-cwnd
[2024-11-01T16:23:37.675078-0700]     0.3125 MB /   0.50 sec =    5.2428 Mbps    73 retrans    216 KB-cwnd
[2024-11-01T16:23:37.675520-0700]     0.0625 MB /   0.50 sec =    1.0485 Mbps     0 retrans    216 KB-cwnd
[2024-11-01T16:23:37.675709-0700]     0.0000 MB /   0.50 sec =    0.0000 Mbps     0 retrans    216 KB-cwnd
[2024-11-01T16:23:37.675823-0700]     0.0000 MB /   0.50 sec =    0.0000 Mbps     0 retrans    216 KB-cwnd
[2024-11-01T16:23:37.675926-0700]     0.0000 MB /   0.50 sec =    0.0000 Mbps     0 retrans    216 KB-cwnd
[2024-11-01T16:23:37.676027-0700]     0.0000 MB /   0.50 sec =    0.0000 Mbps     0 retrans    216 KB-cwnd
[2024-11-01T16:23:37.676130-0700]     0.5000 MB /   0.50 sec =    8.3884 Mbps     0 retrans    216 KB-cwnd
[2024-11-01T16:23:37.676231-0700]     0.0000 MB /   0.50 sec =    0.0000 Mbps     0 retrans    216 KB-cwnd
[2024-11-01T16:23:37.676330-0700]     0.1250 MB /   0.50 sec =    2.0975 Mbps     0 retrans    216 KB-cwnd
[2024-11-01T16:23:37.676431-0700]     0.0625 MB /   0.50 sec =    1.0486 Mbps     0 retrans    216 KB-cwnd
[2024-11-01T16:23:37.676533-0700]     0.1250 MB /   0.50 sec =    2.0967 Mbps     0 retrans    216 KB-cwnd
[2024-11-01T16:23:37.676638-0700]     0.0625 MB /   0.50 sec =    1.0486 Mbps     0 retrans    216 KB-cwnd
[2024-11-01T16:23:37.676738-0700]     0.1875 MB /   0.50 sec =    3.1461 Mbps     0 retrans    216 KB-cwnd
[2024-11-01T16:23:37.676838-0700]     0.1250 MB /   0.50 sec =    2.0968 Mbps     0 retrans    216 KB-cwnd
[2024-11-01T16:23:45.635519-0700]     0.1250 MB /   0.50 sec =    2.0972 Mbps    87 retrans    174 KB-cwnd
[2024-11-01T16:23:45.635922-0700]     0.1250 MB /   0.50 sec =    2.0971 Mbps     0 retrans    174 KB-cwnd
[2024-11-01T16:23:45.636050-0700]     0.1250 MB /   0.50 sec =    2.0971 Mbps     0 retrans    174 KB-cwnd
[2024-11-01T16:23:45.636166-0700]     0.1250 MB /   0.50 sec =    2.0972 Mbps     0 retrans    174 KB-cwnd
[2024-11-01T16:23:45.636498-0700]     0.1250 MB /   0.50 sec =    2.0972 Mbps     0 retrans    174 KB-cwnd
[2024-11-01T16:23:45.636639-0700]     0.0625 MB /   0.50 sec =    1.0485 Mbps     0 retrans    174 KB-cwnd
[2024-11-01T16:23:45.636779-0700]     0.0625 MB /   0.50 sec =    1.0486 Mbps     0 retrans    174 KB-cwnd
[2024-11-01T16:23:45.636880-0700]     0.1250 MB /   0.50 sec =    2.0972 Mbps     0 retrans    174 KB-cwnd
[2024-11-01T16:23:45.637050-0700]     0.1250 MB /   0.50 sec =    2.0971 Mbps     0 retrans    174 KB-cwnd
[2024-11-01T16:23:45.637159-0700]     0.0625 MB /   0.50 sec =    1.0488 Mbps     0 retrans    174 KB-cwnd
[2024-11-01T16:23:45.637259-0700]     0.1875 MB /   0.50 sec =    3.1447 Mbps     0 retrans    174 KB-cwnd
[2024-11-01T16:23:45.637367-0700]     0.1250 MB /   0.50 sec =    2.0973 Mbps     0 retrans    174 KB-cwnd
[2024-11-01T16:23:45.637466-0700]     0.0625 MB /   0.50 sec =    1.0486 Mbps     0 retrans    174 KB-cwnd
[2024-11-01T16:23:45.637636-0700]     0.0000 MB /   0.50 sec =    0.0000 Mbps     0 retrans    174 KB-cwnd
[2024-11-01T16:23:45.637734-0700]     0.0000 MB /   0.50 sec =    0.0000 Mbps     0 retrans    174 KB-cwnd
[2024-11-01T16:23:45.637893-0700]     0.1250 MB /   0.50 sec =    2.0972 Mbps     0 retrans    174 KB-cwnd
[2024-11-01T16:23:50.452685-0700]     0.2500 MB /   0.50 sec =    4.1942 Mbps     1 retrans    158 KB-cwnd
[2024-11-01T16:23:50.453291-0700]     0.1250 MB /   0.50 sec =    2.0973 Mbps     0 retrans    158 KB-cwnd
[2024-11-01T16:23:50.453431-0700]     0.2500 MB /   0.50 sec =    4.1943 Mbps     0 retrans    158 KB-cwnd
[2024-11-01T16:23:50.453539-0700]     0.1250 MB /   0.50 sec =    2.0972 Mbps     0 retrans    158 KB-cwnd
[2024-11-01T16:23:50.453642-0700]     0.1250 MB /   0.50 sec =    2.0970 Mbps     0 retrans    158 KB-cwnd
[2024-11-01T16:23:50.453740-0700]     0.1250 MB /   0.50 sec =    2.0972 Mbps     0 retrans    158 KB-cwnd
[2024-11-01T16:23:50.453838-0700]     0.0625 MB /   0.50 sec =    1.0486 Mbps     0 retrans    158 KB-cwnd
[2024-11-01T16:23:50.453935-0700]     0.0000 MB /   0.50 sec =    0.0000 Mbps     0 retrans    158 KB-cwnd
[2024-11-01T16:23:50.454030-0700]     0.3750 MB /   0.50 sec =    6.2931 Mbps     0 retrans    158 KB-cwnd
[2024-11-01T16:23:53.759313-0700]     0.3750 MB /   0.50 sec =    6.2909 Mbps     0 retrans    163 KB-cwnd
[2024-11-01T16:23:53.759777-0700]     0.2500 MB /   0.50 sec =    4.1940 Mbps     0 retrans    163 KB-cwnd
[2024-11-01T16:23:53.759910-0700]     0.1875 MB /   0.50 sec =    3.1457 Mbps     0 retrans    163 KB-cwnd
[2024-11-01T16:23:53.760019-0700]     0.2500 MB /   0.50 sec =    4.1942 Mbps     0 retrans    163 KB-cwnd
[2024-11-01T16:23:53.760187-0700]     0.2500 MB /   0.50 sec =    4.1953 Mbps     0 retrans    163 KB-cwnd
[2024-11-01T16:23:53.760297-0700]     0.3125 MB /   0.50 sec =    5.2427 Mbps     0 retrans    163 KB-cwnd
[2024-11-01T16:23:53.760400-0700]     0.1875 MB /   0.50 sec =    3.1452 Mbps     0 retrans    163 KB-cwnd
[2024-11-01T16:23:57.476080-0700]     0.1875 MB /   0.50 sec =    3.1462 Mbps     0 retrans    169 KB-cwnd
[2024-11-01T16:23:57.476533-0700]     0.1875 MB /   0.50 sec =    3.1452 Mbps     0 retrans    169 KB-cwnd
[2024-11-01T16:23:57.476666-0700]     0.3125 MB /   0.50 sec =    5.2429 Mbps     0 retrans    169 KB-cwnd
[2024-11-01T16:23:57.476775-0700]     0.1875 MB /   0.50 sec =    3.1457 Mbps     0 retrans    169 KB-cwnd
[2024-11-01T16:23:57.476879-0700]     0.1875 MB /   0.50 sec =    3.1459 Mbps     0 retrans    169 KB-cwnd
[2024-11-01T16:23:57.477059-0700]     0.2500 MB /   0.50 sec =    4.1948 Mbps     0 retrans    169 KB-cwnd
[2024-11-01T16:23:57.477170-0700]     0.1875 MB /   0.50 sec =    3.1451 Mbps     0 retrans    169 KB-cwnd
[2024-11-01T16:24:00.822368-0700]     0.3125 MB /   0.50 sec =    5.2440 Mbps     0 retrans    228 KB-cwnd
[2024-11-01T16:24:00.822542-0700]     0.2500 MB /   0.50 sec =    4.1936 Mbps     0 retrans    228 KB-cwnd
[2024-11-01T16:24:00.822573-0700]     0.2500 MB /   0.50 sec =    4.1950 Mbps     0 retrans    228 KB-cwnd
[2024-11-01T16:24:00.822599-0700]     0.2500 MB /   0.50 sec =    4.1936 Mbps     0 retrans    228 KB-cwnd
[2024-11-01T16:24:00.822621-0700]     0.3125 MB /   0.50 sec =    5.2438 Mbps     0 retrans    228 KB-cwnd
[2024-11-01T16:24:00.822642-0700]     0.2500 MB /   0.50 sec =    4.1936 Mbps     0 retrans    228 KB-cwnd
[2024-11-01T16:24:00.822663-0700]     0.1875 MB /   0.50 sec =    3.1457 Mbps     0 retrans    228 KB-cwnd
[2024-11-01T16:24:04.087520-0700]     0.2500 MB /   0.50 sec =    4.1945 Mbps     0 retrans    474 KB-cwnd
[2024-11-01T16:24:04.087943-0700]     0.2500 MB /   0.50 sec =    4.1941 Mbps     0 retrans    474 KB-cwnd
[2024-11-01T16:24:04.088078-0700]     0.2500 MB /   0.50 sec =    4.1944 Mbps     0 retrans    474 KB-cwnd
[2024-11-01T16:24:04.088201-0700]     0.2500 MB /   0.50 sec =    4.1942 Mbps     0 retrans    474 KB-cwnd
[2024-11-01T16:24:04.088309-0700]     0.3125 MB /   0.50 sec =    5.2438 Mbps     0 retrans    474 KB-cwnd
[2024-11-01T16:24:04.088410-0700]     0.3125 MB /   0.50 sec =    5.2432 Mbps     0 retrans    474 KB-cwnd
[2024-11-01T16:24:04.088509-0700]     0.3125 MB /   0.50 sec =    5.2416 Mbps     0 retrans    474 KB-cwnd
[2024-11-01T16:24:06.571936-0700]     0.3125 MB /   0.50 sec =    5.2439 Mbps     0 retrans    603 KB-cwnd
[2024-11-01T16:24:06.572390-0700]     0.3125 MB /   0.50 sec =    5.2418 Mbps     0 retrans    603 KB-cwnd
[2024-11-01T16:24:06.572529-0700]     0.3125 MB /   0.50 sec =    5.2430 Mbps     0 retrans    603 KB-cwnd
[2024-11-01T16:24:06.572640-0700]     0.3750 MB /   0.50 sec =    6.2914 Mbps     0 retrans    603 KB-cwnd
[2024-11-01T16:24:06.572745-0700]     0.3125 MB /   0.50 sec =    5.2429 Mbps     0 retrans    603 KB-cwnd
[2024-11-01T16:24:09.072599-0700]     0.3125 MB /   0.50 sec =    5.2430 Mbps     0 retrans    603 KB-cwnd
[2024-11-01T16:24:09.073047-0700]     0.3750 MB /   0.50 sec =    6.2916 Mbps     0 retrans    603 KB-cwnd
[2024-11-01T16:24:09.073188-0700]     0.3125 MB /   0.50 sec =    5.2422 Mbps     0 retrans    603 KB-cwnd
[2024-11-01T16:24:09.073301-0700]     0.2500 MB /   0.50 sec =    4.1943 Mbps     0 retrans    603 KB-cwnd
[2024-11-01T16:24:09.073404-0700]     0.3750 MB /   0.50 sec =    6.2922 Mbps     0 retrans    603 KB-cwnd
[2024-11-01T16:24:11.740070-0700]     0.3125 MB /   0.50 sec =    5.2425 Mbps     0 retrans    603 KB-cwnd
[2024-11-01T16:24:11.740531-0700]     0.3125 MB /   0.50 sec =    5.2441 Mbps     0 retrans    603 KB-cwnd
[2024-11-01T16:24:11.740666-0700]     0.3125 MB /   0.50 sec =    5.2419 Mbps     0 retrans    603 KB-cwnd
[2024-11-01T16:24:11.740772-0700]     0.2500 MB /   0.50 sec =    4.1943 Mbps     0 retrans    603 KB-cwnd
[2024-11-01T16:24:11.740879-0700]     0.3125 MB /   0.50 sec =    5.2429 Mbps     0 retrans    603 KB-cwnd
[2024-11-01T16:24:13.944920-0700]     0.3750 MB /   0.50 sec =    6.2911 Mbps     0 retrans    603 KB-cwnd
[2024-11-01T16:24:13.945404-0700]     0.3125 MB /   0.50 sec =    5.2442 Mbps     0 retrans    603 KB-cwnd
[2024-11-01T16:24:13.945605-0700]     0.3750 MB /   0.50 sec =    6.2899 Mbps     0 retrans    603 KB-cwnd
[2024-11-01T16:24:13.945770-0700]     0.3750 MB /   0.50 sec =    6.2930 Mbps     0 retrans    603 KB-cwnd
[2024-11-01T16:24:16.405193-0700]     0.4375 MB /   0.50 sec =    7.3385 Mbps     0 retrans    603 KB-cwnd
[2024-11-01T16:24:16.405722-0700]     0.3125 MB /   0.50 sec =    5.2430 Mbps     0 retrans    603 KB-cwnd
[2024-11-01T16:24:16.405867-0700]     0.3125 MB /   0.50 sec =    5.2427 Mbps     0 retrans    603 KB-cwnd
[2024-11-01T16:24:16.405977-0700]     0.3125 MB /   0.50 sec =    5.2442 Mbps     0 retrans    603 KB-cwnd
[2024-11-01T16:24:16.406082-0700]     0.2500 MB /   0.50 sec =    4.1935 Mbps     0 retrans    603 KB-cwnd
[2024-11-01T16:24:19.523644-0700]     0.4375 MB /   0.50 sec =    7.3398 Mbps     0 retrans    671 KB-cwnd
[2024-11-01T16:24:19.523858-0700]     0.5625 MB /   0.50 sec =    9.4386 Mbps     0 retrans    671 KB-cwnd
[2024-11-01T16:24:19.523888-0700]     0.2500 MB /   0.50 sec =    4.1943 Mbps     0 retrans    671 KB-cwnd
[2024-11-01T16:24:19.523914-0700]     0.1875 MB /   0.50 sec =    3.1452 Mbps     0 retrans    671 KB-cwnd
[2024-11-01T16:24:19.523936-0700]     0.2500 MB /   0.50 sec =    4.1943 Mbps     0 retrans    671 KB-cwnd
[2024-11-01T16:24:19.523957-0700]     0.2500 MB /   0.50 sec =    4.1943 Mbps     0 retrans    671 KB-cwnd
[2024-11-01T16:24:23.513416-0700]     0.1875 MB /   0.50 sec =    3.1459 Mbps     2 retrans    671 KB-cwnd
[2024-11-01T16:24:23.513853-0700]     0.1250 MB /   0.50 sec =    2.0971 Mbps     0 retrans    671 KB-cwnd
[2024-11-01T16:24:23.513987-0700]     0.1875 MB /   0.50 sec =    3.1456 Mbps     0 retrans    671 KB-cwnd
[2024-11-01T16:24:23.514112-0700]     0.2500 MB /   0.50 sec =    4.1944 Mbps     0 retrans    671 KB-cwnd
[2024-11-01T16:24:23.514217-0700]     0.2500 MB /   0.50 sec =    4.1943 Mbps     0 retrans    671 KB-cwnd
[2024-11-01T16:24:23.514322-0700]     0.2500 MB /   0.50 sec =    4.1943 Mbps     0 retrans    671 KB-cwnd
[2024-11-01T16:24:23.514424-0700]     0.1875 MB /   0.50 sec =    3.1459 Mbps     0 retrans    671 KB-cwnd
[2024-11-01T16:24:23.514524-0700]     0.2500 MB /   0.50 sec =    4.1941 Mbps     0 retrans    671 KB-cwnd
[2024-11-01T16:24:26.289334-0700]     0.1250 MB /   0.50 sec =    2.0972 Mbps     0 retrans    671 KB-cwnd
[2024-11-01T16:24:26.289724-0700]     0.2500 MB /   0.50 sec =    4.1943 Mbps     0 retrans    671 KB-cwnd
[2024-11-01T16:24:26.289851-0700]     0.3125 MB /   0.50 sec =    5.2428 Mbps     0 retrans    671 KB-cwnd
[2024-11-01T16:24:26.289967-0700]     0.4375 MB /   0.50 sec =    7.3417 Mbps     0 retrans    671 KB-cwnd
[2024-11-01T16:24:26.290070-0700]     0.1875 MB /   0.50 sec =    3.1448 Mbps     0 retrans    671 KB-cwnd
[2024-11-01T16:24:26.290172-0700]     0.2500 MB /   0.50 sec =    4.1947 Mbps     0 retrans    671 KB-cwnd
[2024-11-01T16:24:28.332286-0700]     0.3125 MB /   0.50 sec =    5.2429 Mbps     0 retrans    671 KB-cwnd
[2024-11-01T16:24:28.332726-0700]     0.3750 MB /   0.50 sec =    6.2913 Mbps     0 retrans    671 KB-cwnd
[2024-11-01T16:24:28.332858-0700]     0.3750 MB /   0.50 sec =    6.2917 Mbps     0 retrans    671 KB-cwnd
[2024-11-01T16:24:28.333109-0700]     0.4375 MB /   0.50 sec =    7.3398 Mbps     0 retrans    671 KB-cwnd
[2024-11-01T16:24:31.075472-0700]     0.4375 MB /   0.50 sec =    7.3398 Mbps     0 retrans    671 KB-cwnd
[2024-11-01T16:24:31.076019-0700]     0.3750 MB /   0.50 sec =    6.2918 Mbps     0 retrans    671 KB-cwnd
[2024-11-01T16:24:31.076216-0700]     0.3125 MB /   0.50 sec =    5.2429 Mbps     0 retrans    671 KB-cwnd
[2024-11-01T16:24:31.076327-0700]     0.2500 MB /   0.50 sec =    4.1943 Mbps     0 retrans    671 KB-cwnd
[2024-11-01T16:24:31.076430-0700]     0.3750 MB /   0.50 sec =    6.2927 Mbps     0 retrans    671 KB-cwnd
[2024-11-01T16:24:31.076534-0700]     0.2500 MB /   0.50 sec =    4.1935 Mbps     0 retrans    671 KB-cwnd
[2024-11-01T16:24:33.216777-0700]     0.2500 MB /   0.50 sec =    4.1945 Mbps     0 retrans    671 KB-cwnd
[2024-11-01T16:24:33.217277-0700]     0.4375 MB /   0.50 sec =    7.3396 Mbps     0 retrans    671 KB-cwnd
[2024-11-01T16:24:33.217408-0700]     0.4375 MB /   0.50 sec =    7.3415 Mbps     0 retrans    671 KB-cwnd
[2024-11-01T16:24:33.217518-0700]     0.3750 MB /   0.50 sec =    6.2897 Mbps     0 retrans    671 KB-cwnd
[2024-11-01T16:24:35.110403-0700]     0.4375 MB /   0.50 sec =    7.3420 Mbps     0 retrans    671 KB-cwnd
[2024-11-01T16:24:35.110848-0700]     0.3125 MB /   0.50 sec =    5.2419 Mbps     0 retrans    671 KB-cwnd
[2024-11-01T16:24:35.110986-0700]     0.5000 MB /   0.50 sec =    8.3886 Mbps     0 retrans    671 KB-cwnd
[2024-11-01T16:24:35.111099-0700]     0.4375 MB /   0.50 sec =    7.3414 Mbps     0 retrans    671 KB-cwnd
[2024-11-01T16:24:37.292095-0700]     0.4375 MB /   0.50 sec =    7.3400 Mbps     0 retrans    671 KB-cwnd
[2024-11-01T16:24:37.292469-0700]     0.3125 MB /   0.50 sec =    5.2419 Mbps     0 retrans    671 KB-cwnd
[2024-11-01T16:24:37.292595-0700]     0.3125 MB /   0.50 sec =    5.2429 Mbps     0 retrans    671 KB-cwnd
[2024-11-01T16:24:37.292702-0700]     0.4375 MB /   0.50 sec =    7.3388 Mbps     0 retrans    671 KB-cwnd
[2024-11-01T16:24:39.266920-0700]     0.5000 MB /   0.50 sec =    8.3900 Mbps     0 retrans    671 KB-cwnd
[2024-11-01T16:24:39.267292-0700]     0.5000 MB /   0.50 sec =    8.3886 Mbps     0 retrans    671 KB-cwnd
[2024-11-01T16:24:39.267421-0700]     0.4375 MB /   0.50 sec =    7.3400 Mbps     0 retrans    671 KB-cwnd
[2024-11-01T16:24:39.267527-0700]     0.3750 MB /   0.50 sec =    6.2915 Mbps     0 retrans    671 KB-cwnd
[2024-11-01T16:24:41.725351-0700]     0.1250 MB /   0.50 sec =    2.0971 Mbps     2 retrans    671 KB-cwnd
[2024-11-01T16:24:41.725751-0700]     0.1875 MB /   0.50 sec =    3.1456 Mbps     0 retrans    671 KB-cwnd
[2024-11-01T16:24:41.725887-0700]     0.2500 MB /   0.50 sec =    4.1946 Mbps     0 retrans    671 KB-cwnd
[2024-11-01T16:24:41.725998-0700]     0.4375 MB /   0.50 sec =    7.3400 Mbps     0 retrans    671 KB-cwnd
[2024-11-01T16:24:41.726104-0700]     0.5625 MB /   0.50 sec =    9.4377 Mbps     0 retrans    671 KB-cwnd
[2024-11-01T16:24:43.162504-0700]     0.6875 MB /   0.50 sec =   11.5337 Mbps     5 retrans    673 KB-cwnd
[2024-11-01T16:24:43.162903-0700]     0.5625 MB /   0.50 sec =    9.4388 Mbps     0 retrans    673 KB-cwnd
[2024-11-01T16:24:43.163031-0700]     0.6250 MB /   0.50 sec =   10.4861 Mbps     0 retrans    673 KB-cwnd
[2024-11-01T16:24:44.772007-0700]     0.5625 MB /   0.50 sec =    9.4344 Mbps     0 retrans    673 KB-cwnd
[2024-11-01T16:24:44.772157-0700]     0.7500 MB /   0.50 sec =   12.5840 Mbps     0 retrans    673 KB-cwnd
[2024-11-01T16:24:44.772186-0700]     0.4375 MB /   0.50 sec =    7.3418 Mbps     0 retrans    673 KB-cwnd
[2024-11-01T16:24:47.532328-0700]     0.3750 MB /   0.50 sec =    6.2896 Mbps     1 retrans    673 KB-cwnd
[2024-11-01T16:24:47.532540-0700]     0.2500 MB /   0.50 sec =    4.1945 Mbps     0 retrans    673 KB-cwnd
[2024-11-01T16:24:47.532596-0700]     0.3125 MB /   0.50 sec =    5.2429 Mbps     0 retrans    673 KB-cwnd
[2024-11-01T16:24:47.532651-0700]     0.2500 MB /   0.50 sec =    4.1943 Mbps     0 retrans    673 KB-cwnd
[2024-11-01T16:24:47.532693-0700]     0.3125 MB /   0.50 sec =    5.2425 Mbps     0 retrans    673 KB-cwnd
[2024-11-01T16:24:49.384912-0700]     0.3750 MB /   0.50 sec =    6.2923 Mbps     0 retrans    674 KB-cwnd
[2024-11-01T16:24:49.385466-0700]     0.5625 MB /   0.50 sec =    9.4363 Mbps     0 retrans    674 KB-cwnd
[2024-11-01T16:24:49.385640-0700]     0.4375 MB /   0.50 sec =    7.3401 Mbps     0 retrans    674 KB-cwnd
[2024-11-01T16:24:49.385755-0700]     0.4375 MB /   0.50 sec =    7.3405 Mbps     0 retrans    674 KB-cwnd
[2024-11-01T16:24:51.233141-0700]     0.3125 MB /   0.50 sec =    5.2423 Mbps     0 retrans    675 KB-cwnd
[2024-11-01T16:24:51.233353-0700]     0.4375 MB /   0.50 sec =    7.3405 Mbps     0 retrans    675 KB-cwnd
[2024-11-01T16:24:51.233397-0700]     0.4375 MB /   0.50 sec =    7.3400 Mbps     0 retrans    675 KB-cwnd
[2024-11-01T16:24:51.233437-0700]     0.4375 MB /   0.50 sec =    7.3408 Mbps     0 retrans    675 KB-cwnd
[2024-11-01T16:24:54.566421-0700]     0.5625 MB /   0.50 sec =    9.4372 Mbps     0 retrans    675 KB-cwnd
[2024-11-01T16:24:54.566567-0700]     0.2500 MB /   0.50 sec =    4.1944 Mbps     0 retrans    675 KB-cwnd
[2024-11-01T16:24:54.566597-0700]     0.2500 MB /   0.50 sec =    4.1943 Mbps     0 retrans    675 KB-cwnd
[2024-11-01T16:24:54.566620-0700]     0.1250 MB /   0.50 sec =    2.0974 Mbps     0 retrans    675 KB-cwnd
[2024-11-01T16:24:54.566646-0700]     0.3125 MB /   0.50 sec =    5.2427 Mbps     0 retrans    675 KB-cwnd
[2024-11-01T16:24:54.566668-0700]     0.1875 MB /   0.50 sec =    3.1450 Mbps     0 retrans    675 KB-cwnd
[2024-11-01T16:24:54.566691-0700]     0.3125 MB /   0.50 sec =    5.2432 Mbps     0 retrans    675 KB-cwnd
[2024-11-01T16:24:57.143031-0700]     0.3125 MB /   0.50 sec =    5.2429 Mbps     0 retrans    675 KB-cwnd
[2024-11-01T16:24:57.143466-0700]     0.3125 MB /   0.50 sec =    5.2428 Mbps     0 retrans    675 KB-cwnd
[2024-11-01T16:24:57.143607-0700]     0.3125 MB /   0.50 sec =    5.2432 Mbps     0 retrans    675 KB-cwnd
[2024-11-01T16:24:57.143718-0700]     0.3125 MB /   0.50 sec =    5.2426 Mbps     0 retrans    675 KB-cwnd
[2024-11-01T16:24:57.143821-0700]     0.3125 MB /   0.50 sec =    5.2428 Mbps     0 retrans    675 KB-cwnd
[2024-11-01T16:25:00.434717-0700]     0.3125 MB /   0.50 sec =    5.2429 Mbps     0 retrans    675 KB-cwnd
[2024-11-01T16:25:00.435175-0700]     0.2500 MB /   0.50 sec =    4.1943 Mbps     0 retrans    675 KB-cwnd
[2024-11-01T16:25:00.435313-0700]     0.3125 MB /   0.50 sec =    5.2429 Mbps     0 retrans    675 KB-cwnd
[2024-11-01T16:25:00.435425-0700]     0.2500 MB /   0.50 sec =    4.1943 Mbps     0 retrans    675 KB-cwnd
[2024-11-01T16:25:00.435528-0700]     0.2500 MB /   0.50 sec =    4.1951 Mbps     0 retrans    675 KB-cwnd
[2024-11-01T16:25:00.435630-0700]     0.1875 MB /   0.50 sec =    3.1457 Mbps     0 retrans    675 KB-cwnd
[2024-11-01T16:25:03.552229-0700]     0.1875 MB /   0.50 sec =    3.1452 Mbps     0 retrans    675 KB-cwnd
[2024-11-01T16:25:03.552390-0700]     0.3125 MB /   0.50 sec =    5.2438 Mbps     0 retrans    675 KB-cwnd
[2024-11-01T16:25:03.552419-0700]     0.2500 MB /   0.50 sec =    4.1945 Mbps     0 retrans    675 KB-cwnd
[2024-11-01T16:25:03.552443-0700]     0.2500 MB /   0.50 sec =    4.1934 Mbps     0 retrans    675 KB-cwnd
[2024-11-01T16:25:03.552465-0700]     0.2500 MB /   0.50 sec =    4.1943 Mbps     0 retrans    675 KB-cwnd
[2024-11-01T16:25:03.552486-0700]     0.3125 MB /   0.50 sec =    5.2429 Mbps     0 retrans    675 KB-cwnd
[2024-11-01T16:25:08.792262-0700]     0.1875 MB /   0.50 sec =    3.1457 Mbps   316 retrans    607 KB-cwnd
[2024-11-01T16:25:08.792871-0700]     0.2500 MB /   0.50 sec =    4.1951 Mbps     0 retrans    607 KB-cwnd
[2024-11-01T16:25:08.793192-0700]     0.1250 MB /   0.50 sec =    2.0967 Mbps     0 retrans    607 KB-cwnd
[2024-11-01T16:25:08.793451-0700]     0.0625 MB /   0.50 sec =    1.0484 Mbps     0 retrans    607 KB-cwnd
[2024-11-01T16:25:08.793654-0700]     0.0000 MB /   0.50 sec =    0.0000 Mbps     0 retrans    607 KB-cwnd
[2024-11-01T16:25:08.793924-0700]     0.0000 MB /   0.50 sec =    0.0000 Mbps     0 retrans    607 KB-cwnd
[2024-11-01T16:25:08.794110-0700]     0.0625 MB /   0.50 sec =    1.0485 Mbps     0 retrans    607 KB-cwnd
[2024-11-01T16:25:08.794291-0700]     0.1875 MB /   0.50 sec =    3.1460 Mbps     0 retrans    607 KB-cwnd
[2024-11-01T16:25:08.794524-0700]     0.0000 MB /   0.50 sec =    0.0000 Mbps     0 retrans    607 KB-cwnd
[2024-11-01T16:25:08.794724-0700]     0.5625 MB /   0.50 sec =    9.4360 Mbps     0 retrans    607 KB-cwnd
[2024-11-01T16:25:08.794913-0700]     0.1875 MB /   0.50 sec =    3.1461 Mbps     0 retrans    607 KB-cwnd
[2024-11-01T16:25:11.897031-0700]     0.2500 MB /   0.50 sec =    4.1951 Mbps     0 retrans    630 KB-cwnd
[2024-11-01T16:25:11.897499-0700]     0.2500 MB /   0.50 sec =    4.1934 Mbps     0 retrans    630 KB-cwnd
[2024-11-01T16:25:11.897644-0700]     0.2500 MB /   0.50 sec =    4.1945 Mbps     0 retrans    630 KB-cwnd
[2024-11-01T16:25:11.897769-0700]     0.3125 MB /   0.50 sec =    5.2428 Mbps     0 retrans    630 KB-cwnd
[2024-11-01T16:25:11.897877-0700]     0.2500 MB /   0.50 sec =    4.1942 Mbps     0 retrans    630 KB-cwnd
[2024-11-01T16:25:11.897981-0700]     0.3125 MB /   0.50 sec =    5.2439 Mbps     0 retrans    630 KB-cwnd
[2024-11-01T16:25:14.927241-0700]     0.3125 MB /   0.50 sec =    5.2415 Mbps     0 retrans    630 KB-cwnd
[2024-11-01T16:25:14.927938-0700]     0.3125 MB /   0.50 sec =    5.2443 Mbps     0 retrans    630 KB-cwnd
[2024-11-01T16:25:14.928183-0700]     0.2500 MB /   0.50 sec =    4.1938 Mbps     0 retrans    630 KB-cwnd
[2024-11-01T16:25:14.928390-0700]     0.1875 MB /   0.50 sec =    3.1457 Mbps     0 retrans    630 KB-cwnd
[2024-11-01T16:25:14.928656-0700]     0.3125 MB /   0.50 sec =    5.2436 Mbps     0 retrans    630 KB-cwnd
[2024-11-01T16:25:14.928883-0700]     0.2500 MB /   0.50 sec =    4.1935 Mbps     0 retrans    630 KB-cwnd
[2024-11-01T16:25:17.532199-0700]     0.3125 MB /   0.50 sec =    5.2429 Mbps     0 retrans    630 KB-cwnd
[2024-11-01T16:25:17.532646-0700]     0.3125 MB /   0.50 sec =    5.2441 Mbps     0 retrans    630 KB-cwnd
[2024-11-01T16:25:17.532794-0700]     0.2500 MB /   0.50 sec =    4.1933 Mbps     0 retrans    630 KB-cwnd
[2024-11-01T16:25:17.532906-0700]     0.2500 MB /   0.50 sec =    4.1945 Mbps     0 retrans    630 KB-cwnd
[2024-11-01T16:25:17.533128-0700]     0.2500 MB /   0.50 sec =    4.1949 Mbps     0 retrans    630 KB-cwnd
[2024-11-01T16:25:17.561559-0700]     0.1875 MB /   0.50 sec =    3.1459 Mbps     0 retrans    630 KB-cwnd
[2024-11-01T16:25:18.057729-0700]     0.3125 MB /   0.50 sec =    5.2417 Mbps     0 retrans    630 KB-cwnd
End time: 1730503518378
