Start time: 1731097615685
[2024-11-08T15:26:56.828426-0500] nuttcp-t: v8.1.4: socket
[2024-11-08T15:26:56.828957-0500] nuttcp-t: buflen=65536, nstream=1, port=5102 tcp -> 54.197.223.49
[2024-11-08T15:26:56.829012-0500] nuttcp-t: time limit = 120.00 seconds
[2024-11-08T15:26:56.829055-0500] nuttcp-t: connect to 54.197.223.49 with mss=1378, RTT=59.769 ms af=inet
[2024-11-08T15:26:56.829094-0500] nuttcp-t: send window size = 2097152, receive window size = 6291456
[2024-11-08T15:26:56.829132-0500] nuttcp-t: available send window = 1572864, available receive window = 4718592
[2024-11-08T15:26:56.829169-0500] nuttcp-t: initial congestion window = 13 KB (10 packets)
[2024-11-08T15:26:56.829206-0500] nuttcp-r: v8.1.4: socket
[2024-11-08T15:26:56.829243-0500] nuttcp-r: buflen=65536, nstream=1, port=5102 tcp
[2024-11-08T15:26:56.829280-0500] nuttcp-r: interval reporting every 0.50 seconds
[2024-11-08T15:26:56.829319-0500] nuttcp-r: accept from 166.194.191.34 with af=inet
[2024-11-08T15:26:56.829355-0500] nuttcp-r: send window size = 450000000, receive window size = 450000000
[2024-11-08T15:26:56.829391-0500] nuttcp-r: available send window = 225000000, available receive window = 225000000
[2024-11-08T15:26:56.829435-0500]     1.1875 MB /   0.50 sec =   19.9227 Mbps     0 retrans   1826 KB-cwnd
[2024-11-08T15:26:57.328078-0500]     2.5625 MB /   0.50 sec =   42.9911 Mbps     0 retrans   1925 KB-cwnd
[2024-11-08T15:26:57.838874-0500]     2.6875 MB /   0.50 sec =   45.0894 Mbps     0 retrans   1960 KB-cwnd
[2024-11-08T15:26:58.298428-0500]     2.8125 MB /   0.50 sec =   47.1833 Mbps     0 retrans   1994 KB-cwnd
[2024-11-08T15:26:58.700661-0500]     3.0000 MB /   0.50 sec =   50.3334 Mbps     0 retrans   1994 KB-cwnd
[2024-11-08T15:26:59.094145-0500]     3.3125 MB /   0.50 sec =   55.5735 Mbps     0 retrans   2053 KB-cwnd
[2024-11-08T15:26:59.870556-0500]     3.4375 MB /   0.50 sec =   57.6729 Mbps     0 retrans   2229 KB-cwnd
[2024-11-08T15:27:00.291732-0500]     3.3750 MB /   0.50 sec =   56.6231 Mbps     0 retrans   2229 KB-cwnd
[2024-11-08T15:27:00.702286-0500]     3.1250 MB /   0.50 sec =   52.4282 Mbps     0 retrans   2229 KB-cwnd
[2024-11-08T15:27:01.140027-0500]     3.1250 MB /   0.50 sec =   52.4288 Mbps     0 retrans   2229 KB-cwnd
[2024-11-08T15:27:01.593480-0500]     3.0625 MB /   0.50 sec =   51.3806 Mbps     0 retrans   2229 KB-cwnd
[2024-11-08T15:27:02.432507-0500]     3.0625 MB /   0.50 sec =   51.3790 Mbps     0 retrans   2229 KB-cwnd
[2024-11-08T15:27:02.894667-0500]     3.2500 MB /   0.50 sec =   54.5267 Mbps     0 retrans   2229 KB-cwnd
[2024-11-08T15:27:03.360932-0500]     2.6250 MB /   0.50 sec =   44.0400 Mbps     0 retrans   2229 KB-cwnd
[2024-11-08T15:27:03.846494-0500]     3.0000 MB /   0.50 sec =   50.3327 Mbps     0 retrans   2229 KB-cwnd
[2024-11-08T15:27:04.249213-0500]     2.9375 MB /   0.50 sec =   49.2825 Mbps     0 retrans   2229 KB-cwnd
[2024-11-08T15:27:04.634621-0500]     3.3750 MB /   0.50 sec =   56.6237 Mbps     0 retrans   2229 KB-cwnd
[2024-11-08T15:27:05.488795-0500]     3.4375 MB /   0.50 sec =   57.6077 Mbps     0 retrans   2229 KB-cwnd
[2024-11-08T15:27:05.900727-0500]     2.8750 MB /   0.50 sec =   48.2856 Mbps     0 retrans   2229 KB-cwnd
[2024-11-08T15:27:06.257996-0500]     3.4375 MB /   0.50 sec =   57.6736 Mbps     0 retrans   2229 KB-cwnd
[2024-11-08T15:27:06.645466-0500]     3.6250 MB /   0.50 sec =   60.8177 Mbps     0 retrans   2345 KB-cwnd
[2024-11-08T15:27:07.399461-0500]     3.6875 MB /   0.50 sec =   61.8654 Mbps     0 retrans   2345 KB-cwnd
[2024-11-08T15:27:07.754294-0500]     3.3750 MB /   0.50 sec =   56.6232 Mbps     0 retrans   2345 KB-cwnd
[2024-11-08T15:27:08.125102-0500]     3.7500 MB /   0.50 sec =   62.9149 Mbps     0 retrans   2345 KB-cwnd
[2024-11-08T15:27:08.646729-0500]     3.3750 MB /   0.50 sec =   56.6238 Mbps     1 retrans   1875 KB-cwnd
[2024-11-08T15:27:09.450476-0500]     3.5000 MB /   0.50 sec =   58.7206 Mbps     0 retrans   1927 KB-cwnd
[2024-11-08T15:27:09.888752-0500]     3.0000 MB /   0.50 sec =   50.3319 Mbps     0 retrans   1927 KB-cwnd
[2024-11-08T15:27:10.288818-0500]     3.1250 MB /   0.50 sec =   52.4286 Mbps     0 retrans   1927 KB-cwnd
[2024-11-08T15:27:10.682417-0500]     3.3750 MB /   0.50 sec =   56.6230 Mbps     0 retrans   1927 KB-cwnd
[2024-11-08T15:27:11.096271-0500]     3.3125 MB /   0.50 sec =   55.5731 Mbps     0 retrans   1927 KB-cwnd
[2024-11-08T15:27:11.926565-0500]     3.1250 MB /   0.50 sec =   52.4295 Mbps     0 retrans   1927 KB-cwnd
[2024-11-08T15:27:12.312642-0500]     3.3125 MB /   0.50 sec =   55.5741 Mbps     0 retrans   1927 KB-cwnd
[2024-11-08T15:27:12.674580-0500]     3.6250 MB /   0.50 sec =   60.8178 Mbps     0 retrans   1927 KB-cwnd
[2024-11-08T15:27:13.096517-0500]     3.2500 MB /   0.50 sec =   54.5258 Mbps     0 retrans   1927 KB-cwnd
[2024-11-08T15:27:13.872502-0500]     3.1250 MB /   0.50 sec =   52.4291 Mbps     0 retrans   1927 KB-cwnd
[2024-11-08T15:27:14.251387-0500]     3.6875 MB /   0.50 sec =   61.8662 Mbps     0 retrans   1927 KB-cwnd
[2024-11-08T15:27:14.584489-0500]     3.8125 MB /   0.50 sec =   63.9630 Mbps     0 retrans   1927 KB-cwnd
[2024-11-08T15:27:15.282599-0500]     3.7500 MB /   0.50 sec =   62.8785 Mbps     0 retrans   1927 KB-cwnd
[2024-11-08T15:27:15.642500-0500]     3.6875 MB /   0.50 sec =   61.8649 Mbps     0 retrans   1927 KB-cwnd
[2024-11-08T15:27:16.350765-0500]     3.8750 MB /   0.50 sec =   65.0386 Mbps     0 retrans   1927 KB-cwnd
[2024-11-08T15:27:16.730366-0500]     3.5625 MB /   0.50 sec =   59.7794 Mbps     0 retrans   1927 KB-cwnd
[2024-11-08T15:27:17.140012-0500]     3.5625 MB /   0.50 sec =   59.7691 Mbps     0 retrans   1927 KB-cwnd
[2024-11-08T15:27:17.852826-0500]     3.5625 MB /   0.50 sec =   59.7691 Mbps     0 retrans   1927 KB-cwnd
[2024-11-08T15:27:18.235059-0500]     4.0000 MB /   0.50 sec =   67.1071 Mbps     0 retrans   1927 KB-cwnd
[2024-11-08T15:27:18.612451-0500]     3.3125 MB /   0.50 sec =   55.5699 Mbps     0 retrans   1927 KB-cwnd
[2024-11-08T15:27:19.318346-0500]     3.8125 MB /   0.50 sec =   63.9691 Mbps     0 retrans   1927 KB-cwnd
[2024-11-08T15:27:19.708385-0500]     3.7500 MB /   0.50 sec =   62.9139 Mbps     0 retrans   1927 KB-cwnd
[2024-11-08T15:27:20.110723-0500]     3.3750 MB /   0.50 sec =   56.6249 Mbps     0 retrans   1927 KB-cwnd
[2024-11-08T15:27:20.694628-0500]     2.4375 MB /   0.50 sec =   40.8940 Mbps    44 retrans   1591 KB-cwnd
[2024-11-08T15:27:21.636631-0500]     2.5625 MB /   0.50 sec =   42.9903 Mbps    26 retrans    678 KB-cwnd
[2024-11-08T15:27:21.637348-0500]     0.5625 MB /   0.50 sec =    9.4366 Mbps     0 retrans    678 KB-cwnd
[2024-11-08T15:27:22.394635-0500]     3.6875 MB /   0.50 sec =   61.8712 Mbps     0 retrans   1127 KB-cwnd
[2024-11-08T15:27:22.793014-0500]     3.3125 MB /   0.50 sec =   55.5744 Mbps     0 retrans   1127 KB-cwnd
[2024-11-08T15:27:23.268590-0500]     2.8750 MB /   0.50 sec =   48.2342 Mbps     0 retrans   1127 KB-cwnd
[2024-11-08T15:27:23.660486-0500]     3.1250 MB /   0.50 sec =   52.4302 Mbps     0 retrans   1127 KB-cwnd
[2024-11-08T15:27:24.088956-0500]     3.3750 MB /   0.50 sec =   56.6228 Mbps     0 retrans   1127 KB-cwnd
[2024-11-08T15:27:24.930782-0500]     3.1250 MB /   0.50 sec =   52.4279 Mbps     0 retrans   1127 KB-cwnd
[2024-11-08T15:27:25.362613-0500]     3.1250 MB /   0.50 sec =   52.4305 Mbps     0 retrans   1127 KB-cwnd
[2024-11-08T15:27:25.790915-0500]     3.1250 MB /   0.50 sec =   52.4284 Mbps     0 retrans   1127 KB-cwnd
[2024-11-08T15:27:26.208444-0500]     3.0625 MB /   0.50 sec =   51.3804 Mbps     0 retrans   1127 KB-cwnd
[2024-11-08T15:27:26.608547-0500]     3.2500 MB /   0.50 sec =   54.5264 Mbps     0 retrans   1127 KB-cwnd
[2024-11-08T15:27:27.064627-0500]     3.0625 MB /   0.50 sec =   51.3799 Mbps     0 retrans   1127 KB-cwnd
[2024-11-08T15:27:27.956721-0500]     3.0000 MB /   0.50 sec =   50.3321 Mbps     0 retrans   1127 KB-cwnd
[2024-11-08T15:27:28.414921-0500]     2.9375 MB /   0.50 sec =   49.2815 Mbps     0 retrans   1127 KB-cwnd
[2024-11-08T15:27:28.946646-0500]     2.8750 MB /   0.50 sec =   48.2339 Mbps     0 retrans   1127 KB-cwnd
[2024-11-08T15:27:29.540994-0500]     2.4375 MB /   0.50 sec =   40.8948 Mbps     0 retrans   1127 KB-cwnd
[2024-11-08T15:27:29.541630-0500]     2.3125 MB /   0.50 sec =   38.7980 Mbps     0 retrans   1127 KB-cwnd
[2024-11-08T15:27:30.060642-0500]     2.5625 MB /   0.50 sec =   42.9916 Mbps     0 retrans   1127 KB-cwnd
[2024-11-08T15:27:30.540571-0500]     2.6875 MB /   0.50 sec =   45.0889 Mbps     0 retrans   1127 KB-cwnd
[2024-11-08T15:27:31.506207-0500]     2.8125 MB /   0.50 sec =   47.1860 Mbps     0 retrans   1127 KB-cwnd
[2024-11-08T15:27:31.966393-0500]     2.8125 MB /   0.50 sec =   47.1844 Mbps     0 retrans   1127 KB-cwnd
[2024-11-08T15:27:32.434646-0500]     2.8750 MB /   0.50 sec =   48.2357 Mbps     0 retrans   1127 KB-cwnd
[2024-11-08T15:27:32.871046-0500]     2.8750 MB /   0.50 sec =   48.2345 Mbps     0 retrans   1127 KB-cwnd
[2024-11-08T15:27:33.318700-0500]     3.0625 MB /   0.50 sec =   51.3520 Mbps     0 retrans   1127 KB-cwnd
[2024-11-08T15:27:33.813128-0500]     2.8750 MB /   0.50 sec =   48.2618 Mbps     0 retrans   1127 KB-cwnd
[2024-11-08T15:27:34.295311-0500]     2.5625 MB /   0.50 sec =   42.9908 Mbps     0 retrans   1127 KB-cwnd
[2024-11-08T15:27:34.778263-0500]     2.8125 MB /   0.50 sec =   47.1860 Mbps     0 retrans   1127 KB-cwnd
[2024-11-08T15:27:35.288790-0500]     2.6875 MB /   0.50 sec =   45.0891 Mbps     0 retrans   1127 KB-cwnd
[2024-11-08T15:27:35.825015-0500]     2.5625 MB /   0.50 sec =   42.9912 Mbps     0 retrans   1127 KB-cwnd
[2024-11-08T15:27:36.533080-0500]     2.6875 MB /   0.50 sec =   45.0892 Mbps     1 retrans    908 KB-cwnd
[2024-11-08T15:27:36.533520-0500]     1.5000 MB /   0.50 sec =   25.1653 Mbps     0 retrans    908 KB-cwnd
[2024-11-08T15:27:37.124714-0500]     3.0625 MB /   0.50 sec =   51.3795 Mbps     0 retrans    952 KB-cwnd
[2024-11-08T15:27:37.727216-0500]     2.1875 MB /   0.50 sec =   36.7016 Mbps     0 retrans    952 KB-cwnd
[2024-11-08T15:27:38.376967-0500]     2.1250 MB /   0.50 sec =   35.6517 Mbps     0 retrans    952 KB-cwnd
[2024-11-08T15:27:39.030696-0500]     2.0625 MB /   0.50 sec =   34.6029 Mbps     0 retrans    952 KB-cwnd
[2024-11-08T15:27:39.031410-0500]     2.0000 MB /   0.50 sec =   33.5537 Mbps     0 retrans    952 KB-cwnd
[2024-11-08T15:27:39.704276-0500]     2.0000 MB /   0.50 sec =   33.5529 Mbps     0 retrans    952 KB-cwnd
[2024-11-08T15:27:40.308406-0500]     2.1250 MB /   0.50 sec =   35.6490 Mbps     0 retrans    952 KB-cwnd
[2024-11-08T15:27:40.928710-0500]     2.1875 MB /   0.50 sec =   36.7048 Mbps     0 retrans    952 KB-cwnd
[2024-11-08T15:27:41.534473-0500]     2.1875 MB /   0.50 sec =   36.6884 Mbps     0 retrans    952 KB-cwnd
[2024-11-08T15:27:41.534644-0500]     2.1250 MB /   0.50 sec =   35.6631 Mbps     0 retrans    952 KB-cwnd
[2024-11-08T15:27:42.128647-0500]     2.2500 MB /   0.50 sec =   37.7484 Mbps     0 retrans    952 KB-cwnd
[2024-11-08T15:27:42.668954-0500]     2.5000 MB /   0.50 sec =   41.9290 Mbps     0 retrans   1001 KB-cwnd
[2024-11-08T15:27:43.213259-0500]     2.4375 MB /   0.50 sec =   40.9021 Mbps     0 retrans   1001 KB-cwnd
[2024-11-08T15:27:43.716349-0500]     2.6250 MB /   0.50 sec =   44.0455 Mbps     0 retrans   1001 KB-cwnd
[2024-11-08T15:27:44.222821-0500]     2.5625 MB /   0.50 sec =   42.9924 Mbps     0 retrans   1001 KB-cwnd
[2024-11-08T15:27:44.740596-0500]     2.6875 MB /   0.50 sec =   44.9958 Mbps     0 retrans   1001 KB-cwnd
[2024-11-08T15:27:45.240400-0500]     2.6250 MB /   0.50 sec =   44.1328 Mbps     0 retrans   1001 KB-cwnd
[2024-11-08T15:27:45.734524-0500]     3.0000 MB /   0.50 sec =   50.3302 Mbps     0 retrans   1001 KB-cwnd
[2024-11-08T15:27:46.222314-0500]     2.5000 MB /   0.50 sec =   41.9435 Mbps     0 retrans   1005 KB-cwnd
[2024-11-08T15:27:46.710359-0500]     2.7500 MB /   0.50 sec =   46.1372 Mbps     0 retrans   1005 KB-cwnd
[2024-11-08T15:27:47.206392-0500]     2.6875 MB /   0.50 sec =   45.0892 Mbps     0 retrans   1005 KB-cwnd
[2024-11-08T15:27:47.715202-0500]     2.6875 MB /   0.50 sec =   45.0876 Mbps     0 retrans   1005 KB-cwnd
[2024-11-08T15:27:48.184570-0500]     2.7500 MB /   0.50 sec =   46.1394 Mbps     0 retrans   1007 KB-cwnd
[2024-11-08T15:27:48.656978-0500]     2.8750 MB /   0.50 sec =   48.2309 Mbps     0 retrans   1007 KB-cwnd
[2024-11-08T15:27:49.108512-0500]     2.8750 MB /   0.50 sec =   48.2378 Mbps     0 retrans   1010 KB-cwnd
[2024-11-08T15:27:49.667048-0500]     2.5625 MB /   0.50 sec =   42.9908 Mbps     0 retrans   1010 KB-cwnd
[2024-11-08T15:27:50.248599-0500]     2.2500 MB /   0.50 sec =   37.7487 Mbps     0 retrans   1010 KB-cwnd
[2024-11-08T15:27:50.802466-0500]     2.3750 MB /   0.50 sec =   39.8451 Mbps     0 retrans   1010 KB-cwnd
[2024-11-08T15:27:51.378468-0500]     2.3750 MB /   0.50 sec =   39.8475 Mbps     0 retrans   1010 KB-cwnd
[2024-11-08T15:27:51.992103-0500]     2.2500 MB /   0.50 sec =   37.7478 Mbps     0 retrans   1010 KB-cwnd
[2024-11-08T15:27:52.596695-0500]     2.2500 MB /   0.50 sec =   37.7491 Mbps     0 retrans   1010 KB-cwnd
[2024-11-08T15:27:52.597258-0500]     2.1875 MB /   0.50 sec =   36.6999 Mbps     0 retrans   1010 KB-cwnd
[2024-11-08T15:27:53.312531-0500]     1.8125 MB /   0.50 sec =   30.4089 Mbps     0 retrans   1010 KB-cwnd
[2024-11-08T15:27:53.851349-0500]     2.2500 MB /   0.50 sec =   37.7480 Mbps     0 retrans   1011 KB-cwnd
[2024-11-08T15:27:54.519918-0500]     2.3750 MB /   0.50 sec =   39.8462 Mbps     1 retrans    812 KB-cwnd
[2024-11-08T15:27:55.104527-0500]     2.3125 MB /   0.50 sec =   38.7965 Mbps     0 retrans    866 KB-cwnd
[2024-11-08T15:27:55.104890-0500]     2.3125 MB /   0.50 sec =   38.7988 Mbps     0 retrans    866 KB-cwnd
[2024-11-08T15:27:55.728681-0500]     2.1250 MB /   0.50 sec =   35.6512 Mbps     0 retrans    866 KB-cwnd
[2024-11-08T15:27:56.376738-0500]     2.1250 MB /   0.50 sec =   35.6522 Mbps     0 retrans    866 KB-cwnd
[2024-11-08T15:27:57.078873-0500]     1.9375 MB /   0.50 sec =   32.5054 Mbps     0 retrans    866 KB-cwnd
[2024-11-08T15:27:57.079382-0500]     1.8750 MB /   0.50 sec =   31.4573 Mbps     0 retrans    866 KB-cwnd
[2024-11-08T15:27:57.816362-0500]     1.8750 MB /   0.50 sec =   31.4568 Mbps     0 retrans    866 KB-cwnd
[2024-11-08T15:27:58.582405-0500]     1.8125 MB /   0.50 sec =   30.4095 Mbps     0 retrans    866 KB-cwnd
[2024-11-08T15:27:58.582901-0500]     1.6250 MB /   0.50 sec =   27.2633 Mbps     0 retrans    866 KB-cwnd
[2024-11-08T15:27:59.476583-0500]     1.6250 MB /   0.50 sec =   27.2623 Mbps     0 retrans    866 KB-cwnd
[2024-11-08T15:28:00.436555-0500]     1.4375 MB /   0.50 sec =   24.1174 Mbps     0 retrans    866 KB-cwnd
[2024-11-08T15:28:00.437099-0500]     1.3750 MB /   0.50 sec =   23.0687 Mbps     0 retrans    866 KB-cwnd
[2024-11-08T15:28:01.372718-0500]     1.3750 MB /   0.50 sec =   23.0690 Mbps     0 retrans    866 KB-cwnd
[2024-11-08T15:28:01.373284-0500]     1.3750 MB /   0.50 sec =   23.0684 Mbps     0 retrans    866 KB-cwnd
[2024-11-08T15:28:02.052789-0500]     1.5625 MB /   0.50 sec =   26.2139 Mbps     0 retrans    866 KB-cwnd
[2024-11-08T15:28:02.053339-0500]     2.0000 MB /   0.50 sec =   33.4681 Mbps     0 retrans    866 KB-cwnd
[2024-11-08T15:28:02.712321-0500]     2.0625 MB /   0.50 sec =   34.6936 Mbps     0 retrans    866 KB-cwnd
[2024-11-08T15:28:03.498591-0500]     1.7500 MB /   0.50 sec =   29.3596 Mbps     0 retrans    866 KB-cwnd
[2024-11-08T15:28:04.204542-0500]     1.7500 MB /   0.50 sec =   29.3603 Mbps     0 retrans    866 KB-cwnd
[2024-11-08T15:28:04.205034-0500]     1.8125 MB /   0.50 sec =   30.4091 Mbps     0 retrans    866 KB-cwnd
[2024-11-08T15:28:04.958245-0500]     1.9375 MB /   0.50 sec =   32.5051 Mbps     0 retrans    866 KB-cwnd
[2024-11-08T15:28:05.749333-0500]     1.7500 MB /   0.50 sec =   29.3605 Mbps     0 retrans    866 KB-cwnd
[2024-11-08T15:28:05.749637-0500]     1.6875 MB /   0.50 sec =   28.3116 Mbps     0 retrans    866 KB-cwnd
[2024-11-08T15:28:06.432415-0500]     1.7500 MB /   0.50 sec =   29.3607 Mbps     0 retrans    866 KB-cwnd
[2024-11-08T15:28:07.337905-0500]     1.8750 MB /   0.50 sec =   31.4568 Mbps     0 retrans    866 KB-cwnd
[2024-11-08T15:28:07.338571-0500]     1.4375 MB /   0.50 sec =   24.1169 Mbps     0 retrans    866 KB-cwnd
[2024-11-08T15:28:07.978819-0500]     1.6875 MB /   0.50 sec =   28.3107 Mbps     0 retrans    866 KB-cwnd
[2024-11-08T15:28:08.658781-0500]     2.0625 MB /   0.50 sec =   34.6043 Mbps     0 retrans    866 KB-cwnd
[2024-11-08T15:28:08.659498-0500]     2.0000 MB /   0.50 sec =   33.5544 Mbps     0 retrans    866 KB-cwnd
[2024-11-08T15:28:09.235438-0500]     2.1875 MB /   0.50 sec =   36.7010 Mbps     0 retrans    866 KB-cwnd
[2024-11-08T15:28:09.766831-0500]     2.5000 MB /   0.51 sec =   41.4519 Mbps     0 retrans    866 KB-cwnd
[2024-11-08T15:28:10.380409-0500]     2.3125 MB /   0.49 sec =   39.2615 Mbps     0 retrans    866 KB-cwnd
[2024-11-08T15:28:11.143477-0500]     2.0625 MB /   0.50 sec =   34.6026 Mbps     0 retrans    866 KB-cwnd
[2024-11-08T15:28:11.144104-0500]     1.7500 MB /   0.50 sec =   29.3609 Mbps     0 retrans    866 KB-cwnd
[2024-11-08T15:28:11.894649-0500]     1.7500 MB /   0.50 sec =   29.3596 Mbps     0 retrans    866 KB-cwnd
[2024-11-08T15:28:12.660473-0500]     1.8125 MB /   0.50 sec =   30.4088 Mbps     0 retrans    866 KB-cwnd
[2024-11-08T15:28:12.661031-0500]     1.6875 MB /   0.50 sec =   28.2203 Mbps     0 retrans    866 KB-cwnd
[2024-11-08T15:28:13.644771-0500]     1.5000 MB /   0.50 sec =   25.2473 Mbps     0 retrans    866 KB-cwnd
[2024-11-08T15:28:13.645319-0500]     1.3125 MB /   0.50 sec =   22.0206 Mbps     0 retrans    866 KB-cwnd
[2024-11-08T15:28:14.810382-0500]     1.1875 MB /   0.50 sec =   19.9229 Mbps     0 retrans    866 KB-cwnd
[2024-11-08T15:28:14.810935-0500]     1.1250 MB /   0.50 sec =   18.8698 Mbps     0 retrans    866 KB-cwnd
[2024-11-08T15:28:16.238394-0500]     1.0625 MB /   0.50 sec =   17.8294 Mbps     0 retrans    866 KB-cwnd
[2024-11-08T15:28:16.238836-0500]     0.9375 MB /   0.50 sec =   15.7289 Mbps     0 retrans    866 KB-cwnd
[2024-11-08T15:28:16.239047-0500]     0.9375 MB /   0.50 sec =   15.7281 Mbps     0 retrans    866 KB-cwnd
[2024-11-08T15:28:18.078664-0500]     0.8125 MB /   0.50 sec =   13.6324 Mbps     0 retrans    866 KB-cwnd
[2024-11-08T15:28:18.079265-0500]     0.7500 MB /   0.50 sec =   12.5825 Mbps     0 retrans    866 KB-cwnd
[2024-11-08T15:28:18.079544-0500]     0.6250 MB /   0.50 sec =   10.4858 Mbps     0 retrans    866 KB-cwnd
[2024-11-08T15:28:18.079765-0500]     0.7500 MB /   0.50 sec =   12.5829 Mbps     0 retrans    866 KB-cwnd
[2024-11-08T15:28:19.664831-0500]     0.7500 MB /   0.50 sec =   12.5826 Mbps     0 retrans    866 KB-cwnd
[2024-11-08T15:28:19.665297-0500]     0.8750 MB /   0.50 sec =   14.6804 Mbps     0 retrans    866 KB-cwnd
[2024-11-08T15:28:19.665436-0500]     0.8750 MB /   0.50 sec =   14.6798 Mbps     0 retrans    866 KB-cwnd
[2024-11-08T15:28:21.363544-0500]     0.8750 MB /   0.50 sec =   14.6804 Mbps     0 retrans    866 KB-cwnd
[2024-11-08T15:28:21.364333-0500]     0.6875 MB /   0.50 sec =   11.5345 Mbps     0 retrans    866 KB-cwnd
[2024-11-08T15:28:21.364765-0500]     0.8125 MB /   0.50 sec =   13.6311 Mbps     0 retrans    866 KB-cwnd
[2024-11-08T15:28:23.212274-0500]     0.7500 MB /   0.50 sec =   12.5832 Mbps     0 retrans    866 KB-cwnd
[2024-11-08T15:28:23.212429-0500]     0.6875 MB /   0.50 sec =   11.5333 Mbps     0 retrans    866 KB-cwnd
[2024-11-08T15:28:23.212463-0500]     0.7500 MB /   0.50 sec =   12.5839 Mbps     0 retrans    866 KB-cwnd
[2024-11-08T15:28:23.212489-0500]     0.7500 MB /   0.50 sec =   12.5829 Mbps     0 retrans    866 KB-cwnd
[2024-11-08T15:28:25.058427-0500]     0.5000 MB /   0.50 sec =    8.3886 Mbps     1 retrans    728 KB-cwnd
[2024-11-08T15:28:25.058805-0500]     0.9375 MB /   0.50 sec =   15.7288 Mbps     0 retrans    728 KB-cwnd
[2024-11-08T15:28:25.058934-0500]     0.7500 MB /   0.50 sec =   12.5829 Mbps     0 retrans    728 KB-cwnd
[2024-11-08T15:28:25.059055-0500]     0.6875 MB /   0.50 sec =   11.5344 Mbps     0 retrans    728 KB-cwnd
[2024-11-08T15:28:26.824669-0500]     0.8125 MB /   0.50 sec =   13.6316 Mbps     0 retrans    728 KB-cwnd
[2024-11-08T15:28:26.825220-0500]     0.7500 MB /   0.50 sec =   12.5829 Mbps     0 retrans    728 KB-cwnd
[2024-11-08T15:28:26.825515-0500]     0.6875 MB /   0.50 sec =   11.5344 Mbps     0 retrans    728 KB-cwnd
[2024-11-08T15:28:29.038529-0500]     0.7500 MB /   0.50 sec =   12.5826 Mbps     0 retrans    728 KB-cwnd
[2024-11-08T15:28:29.038982-0500]     0.5625 MB /   0.50 sec =    9.4371 Mbps     0 retrans    728 KB-cwnd
[2024-11-08T15:28:29.039117-0500]     0.6250 MB /   0.50 sec =   10.4859 Mbps     0 retrans    728 KB-cwnd
[2024-11-08T15:28:29.039239-0500]     0.5625 MB /   0.50 sec =    9.4370 Mbps     0 retrans    728 KB-cwnd
[2024-11-08T15:28:29.039346-0500]     0.5625 MB /   0.50 sec =    9.4375 Mbps     0 retrans    728 KB-cwnd
[2024-11-08T15:28:31.052315-0500]     0.6250 MB /   0.50 sec =   10.4856 Mbps     0 retrans    757 KB-cwnd
[2024-11-08T15:28:31.052535-0500]     0.6875 MB /   0.50 sec =   11.5345 Mbps     0 retrans    758 KB-cwnd
[2024-11-08T15:28:31.052580-0500]     0.5625 MB /   0.50 sec =    9.4368 Mbps     0 retrans    758 KB-cwnd
[2024-11-08T15:28:31.052624-0500]     0.7500 MB /   0.50 sec =   12.5830 Mbps     0 retrans    758 KB-cwnd
[2024-11-08T15:28:32.696210-0500]     0.8125 MB /   0.50 sec =   13.6317 Mbps     0 retrans    769 KB-cwnd
[2024-11-08T15:28:32.696421-0500]     0.8750 MB /   0.50 sec =   14.6801 Mbps     0 retrans    769 KB-cwnd
[2024-11-08T15:28:32.696457-0500]     0.8125 MB /   0.50 sec =   13.6315 Mbps     0 retrans    769 KB-cwnd
[2024-11-08T15:28:34.174407-0500]     0.8125 MB /   0.50 sec =   13.6317 Mbps     0 retrans    771 KB-cwnd
[2024-11-08T15:28:34.174586-0500]     0.8750 MB /   0.50 sec =   14.6797 Mbps     0 retrans    771 KB-cwnd
[2024-11-08T15:28:34.174622-0500]     0.9375 MB /   0.50 sec =   15.7289 Mbps     0 retrans    771 KB-cwnd
[2024-11-08T15:28:35.394715-0500]     1.1250 MB /   0.50 sec =   18.8744 Mbps     0 retrans    771 KB-cwnd
[2024-11-08T15:28:35.395533-0500]     1.1250 MB /   0.50 sec =   18.8739 Mbps     0 retrans    771 KB-cwnd
[2024-11-08T15:28:36.874878-0500]     1.0000 MB /   0.50 sec =   16.7775 Mbps     3 retrans    806 KB-cwnd
[2024-11-08T15:28:36.875633-0500]     1.0000 MB /   0.50 sec =   16.7731 Mbps     0 retrans    806 KB-cwnd
[2024-11-08T15:28:36.876013-0500]     0.5000 MB /   0.50 sec =    8.3905 Mbps     0 retrans    806 KB-cwnd
[2024-11-08T15:28:37.857762-0500]     1.8125 MB /   0.50 sec =   30.4094 Mbps     1 retrans    807 KB-cwnd
[2024-11-08T15:28:37.858226-0500]     1.1250 MB /   0.50 sec =   18.8745 Mbps     0 retrans    807 KB-cwnd
[2024-11-08T15:28:38.868228-0500]     1.5625 MB /   0.50 sec =   26.2147 Mbps     0 retrans    846 KB-cwnd
[2024-11-08T15:28:38.868828-0500]     1.1875 MB /   0.50 sec =   19.9231 Mbps     0 retrans    846 KB-cwnd
[2024-11-08T15:28:40.058129-0500]     1.4375 MB /   0.50 sec =   24.1159 Mbps     0 retrans    950 KB-cwnd
[2024-11-08T15:28:40.058616-0500]     1.1875 MB /   0.50 sec =   19.9235 Mbps     0 retrans    950 KB-cwnd
[2024-11-08T15:28:40.058864-0500]     1.0625 MB /   0.50 sec =   17.8256 Mbps     0 retrans    950 KB-cwnd
[2024-11-08T15:28:41.338541-0500]     1.3750 MB /   0.50 sec =   23.0691 Mbps     0 retrans    950 KB-cwnd
[2024-11-08T15:28:41.339171-0500]     0.7500 MB /   0.50 sec =   12.5827 Mbps     0 retrans    950 KB-cwnd
[2024-11-08T15:28:43.066679-0500]     0.8125 MB /   0.50 sec =   13.6314 Mbps     0 retrans    950 KB-cwnd
[2024-11-08T15:28:43.066901-0500]     0.7500 MB /   0.50 sec =   12.5819 Mbps     0 retrans    950 KB-cwnd
[2024-11-08T15:28:43.066949-0500]     0.7500 MB /   0.50 sec =   12.5842 Mbps     0 retrans    950 KB-cwnd
[2024-11-08T15:28:43.066985-0500]     0.8750 MB /   0.50 sec =   14.6800 Mbps     0 retrans    950 KB-cwnd
[2024-11-08T15:28:45.428518-0500]     0.8125 MB /   0.50 sec =   13.6309 Mbps     0 retrans    950 KB-cwnd
[2024-11-08T15:28:45.428700-0500]     0.6250 MB /   0.50 sec =   10.4860 Mbps     0 retrans    950 KB-cwnd
[2024-11-08T15:28:45.428742-0500]     0.3750 MB /   0.50 sec =    6.2915 Mbps     0 retrans    950 KB-cwnd
[2024-11-08T15:28:45.428776-0500]     0.3750 MB /   0.50 sec =    6.2916 Mbps     0 retrans    950 KB-cwnd
[2024-11-08T15:28:46.848753-0500]     0.8750 MB /   0.50 sec =   14.6800 Mbps     0 retrans    950 KB-cwnd
[2024-11-08T15:28:46.849476-0500]     0.8125 MB /   0.50 sec =   13.5208 Mbps     0 retrans    950 KB-cwnd
[2024-11-08T15:28:46.849757-0500]     0.9375 MB /   0.50 sec =   15.8583 Mbps     0 retrans    950 KB-cwnd
[2024-11-08T15:28:47.860462-0500]     1.0625 MB /   0.50 sec =   17.8265 Mbps     0 retrans    950 KB-cwnd
[2024-11-08T15:28:47.860758-0500]     1.3750 MB /   0.50 sec =   23.0684 Mbps     0 retrans    950 KB-cwnd
[2024-11-08T15:28:48.916711-0500]     1.2500 MB /   0.50 sec =   20.9712 Mbps     0 retrans    950 KB-cwnd
[2024-11-08T15:28:48.917121-0500]     1.3125 MB /   0.50 sec =   22.0197 Mbps     0 retrans    950 KB-cwnd
[2024-11-08T15:28:50.180094-0500]     1.2500 MB /   0.50 sec =   20.9716 Mbps     0 retrans    950 KB-cwnd
[2024-11-08T15:28:50.180331-0500]     1.1250 MB /   0.50 sec =   18.8748 Mbps     0 retrans    950 KB-cwnd
[2024-11-08T15:28:50.180383-0500]     1.0625 MB /   0.50 sec =   17.8248 Mbps     0 retrans    950 KB-cwnd
[2024-11-08T15:28:51.672625-0500]     0.8750 MB /   0.50 sec =   14.6808 Mbps     6 retrans    950 KB-cwnd
[2024-11-08T15:28:51.673128-0500]     0.9375 MB /   0.50 sec =   15.7280 Mbps     0 retrans    950 KB-cwnd
[2024-11-08T15:28:51.673281-0500]     0.6875 MB /   0.50 sec =   11.5346 Mbps     0 retrans    950 KB-cwnd
[2024-11-08T15:28:53.179891-0500]     0.7500 MB /   0.50 sec =   12.5827 Mbps     0 retrans    950 KB-cwnd
[2024-11-08T15:28:53.180319-0500]     1.1250 MB /   0.50 sec =   18.8748 Mbps     0 retrans    950 KB-cwnd
[2024-11-08T15:28:53.180457-0500]     0.9375 MB /   0.50 sec =   15.7285 Mbps     0 retrans    950 KB-cwnd
[2024-11-08T15:28:54.300347-0500]     1.1250 MB /   0.50 sec =   18.8746 Mbps     0 retrans    950 KB-cwnd
[2024-11-08T15:28:54.300779-0500]     1.1250 MB /   0.50 sec =   18.8741 Mbps     0 retrans    950 KB-cwnd
[2024-11-08T15:28:55.357227-0500]     1.2500 MB /   0.50 sec =   20.9723 Mbps     0 retrans    950 KB-cwnd
[2024-11-08T15:28:55.359577-0500]     1.2500 MB /   0.50 sec =   20.9711 Mbps     0 retrans    950 KB-cwnd
[2024-11-08T15:28:55.986536-0500]     1.3125 MB /   0.50 sec =   22.0194 Mbps     0 retrans    950 KB-cwnd
[2024-11-08T15:28:56.028944-0500]     1.5000 MB /   0.50 sec =   25.1659 Mbps     0 retrans    950 KB-cwnd
[2024-11-08T15:28:56.534934-0500]     1.6250 MB /   0.50 sec =   27.2636 Mbps     0 retrans    950 KB-cwnd
End time: 1731097736806
