Start time: 1730930331465
[2024-11-06T16:58:52.509191-0500] nuttcp-r: v8.1.4: socket
[2024-11-06T16:58:52.510358-0500] nuttcp-r: buflen=65536, nstream=1, port=5101 tcp
[2024-11-06T16:58:52.510503-0500] nuttcp-r: interval reporting every 0.50 seconds
[2024-11-06T16:58:52.510618-0500] nuttcp-r: connect to 54.197.223.49 with RTT=49.583 ms af=inet
[2024-11-06T16:58:52.510724-0500] nuttcp-r: send window size = 2097152, receive window size = 6291456
[2024-11-06T16:58:52.510828-0500] nuttcp-r: available send window = 1572864, available receive window = 4718592
[2024-11-06T16:58:52.510930-0500]     1.0625 MB /   0.50 sec =   17.8237 Mbps     0 retrans     13 KB-cwnd
[2024-11-06T16:58:53.009180-0500]     5.0000 MB /   0.50 sec =   83.8881 Mbps     0 retrans     13 KB-cwnd
[2024-11-06T16:58:53.509087-0500]     7.9375 MB /   0.50 sec =  133.1516 Mbps     0 retrans     13 KB-cwnd
[2024-11-06T16:58:54.009735-0500]    17.0625 MB /   0.50 sec =  286.1056 Mbps     0 retrans     13 KB-cwnd
[2024-11-06T16:58:54.509242-0500]    23.8750 MB /   0.50 sec =  400.7620 Mbps     0 retrans     13 KB-cwnd
[2024-11-06T16:58:55.009082-0500]    23.6875 MB /   0.50 sec =  397.4580 Mbps     0 retrans     13 KB-cwnd
[2024-11-06T16:58:55.509100-0500]    22.8750 MB /   0.50 sec =  383.7589 Mbps     0 retrans     13 KB-cwnd
[2024-11-06T16:58:56.009056-0500]    30.3125 MB /   0.50 sec =  508.6031 Mbps     0 retrans     13 KB-cwnd
[2024-11-06T16:58:56.509097-0500]    30.7500 MB /   0.50 sec =  515.8726 Mbps     0 retrans     17 KB-cwnd
[2024-11-06T16:58:57.009061-0500]    30.8750 MB /   0.50 sec =  518.0204 Mbps     0 retrans     26 KB-cwnd
[2024-11-06T16:58:57.509051-0500]    25.6875 MB /   0.50 sec =  430.9656 Mbps     0 retrans     26 KB-cwnd
[2024-11-06T16:58:58.008966-0500]    28.6250 MB /   0.50 sec =  480.2766 Mbps     0 retrans     32 KB-cwnd
[2024-11-06T16:58:58.509070-0500]    33.3125 MB /   0.50 sec =  558.8575 Mbps     0 retrans     43 KB-cwnd
[2024-11-06T16:58:59.009153-0500]    24.0000 MB /   0.50 sec =  402.6161 Mbps     0 retrans     44 KB-cwnd
[2024-11-06T16:58:59.509071-0500]    29.0000 MB /   0.50 sec =  486.5753 Mbps     0 retrans     56 KB-cwnd
[2024-11-06T16:59:00.009105-0500]    25.6875 MB /   0.50 sec =  430.9191 Mbps     0 retrans     60 KB-cwnd
[2024-11-06T16:59:00.509052-0500]    27.6250 MB /   0.50 sec =  463.5346 Mbps     0 retrans     71 KB-cwnd
[2024-11-06T16:59:01.008974-0500]    11.9375 MB /   0.50 sec =  200.2888 Mbps     0 retrans     73 KB-cwnd
[2024-11-06T16:59:01.509214-0500]    18.5625 MB /   0.50 sec =  311.4034 Mbps     0 retrans   7315 KB-cwnd
[2024-11-06T16:59:02.009057-0500]    21.3125 MB /   0.50 sec =  357.5594 Mbps     0 retrans   7280 KB-cwnd
[2024-11-06T16:59:02.509137-0500]    28.1250 MB /   0.50 sec =  471.8649 Mbps     0 retrans   7280 KB-cwnd
[2024-11-06T16:59:03.009072-0500]    28.1875 MB /   0.50 sec =  472.9021 Mbps     0 retrans   7280 KB-cwnd
[2024-11-06T16:59:03.509292-0500]    24.5625 MB /   0.50 sec =  412.0335 Mbps     0 retrans   7312 KB-cwnd
[2024-11-06T16:59:04.009003-0500]    10.5625 MB /   0.50 sec =  177.2451 Mbps     0 retrans   7312 KB-cwnd
[2024-11-06T16:59:04.509044-0500]    19.5625 MB /   0.50 sec =  328.1958 Mbps     1 retrans   8919 KB-cwnd
[2024-11-06T16:59:05.009077-0500]    18.2500 MB /   0.50 sec =  306.1811 Mbps     0 retrans   8919 KB-cwnd
[2024-11-06T16:59:05.509129-0500]    23.7500 MB /   0.50 sec =  398.4063 Mbps     0 retrans   8919 KB-cwnd
[2024-11-06T16:59:06.009072-0500]    26.1250 MB /   0.50 sec =  438.3556 Mbps     1 retrans   7737 KB-cwnd
[2024-11-06T16:59:06.509100-0500]    34.7500 MB /   0.50 sec =  583.0071 Mbps     0 retrans   7737 KB-cwnd
[2024-11-06T16:59:07.009057-0500]    32.6250 MB /   0.50 sec =  547.3238 Mbps   704 retrans   7164 KB-cwnd
[2024-11-06T16:59:07.509109-0500]    28.0000 MB /   0.50 sec =  469.7367 Mbps     0 retrans   7191 KB-cwnd
[2024-11-06T16:59:08.009066-0500]    26.1250 MB /   0.50 sec =  438.3600 Mbps     3 retrans   2645 KB-cwnd
[2024-11-06T16:59:08.509034-0500]    35.6875 MB /   0.50 sec =  598.7489 Mbps  2644 retrans   5735 KB-cwnd
[2024-11-06T16:59:09.009195-0500]    28.7500 MB /   0.50 sec =  482.3237 Mbps     0 retrans   5845 KB-cwnd
[2024-11-06T16:59:09.509075-0500]    34.1875 MB /   0.50 sec =  573.5871 Mbps  1844 retrans   7070 KB-cwnd
[2024-11-06T16:59:10.009027-0500]    30.9375 MB /   0.50 sec =  519.0545 Mbps     0 retrans   6721 KB-cwnd
[2024-11-06T16:59:10.509053-0500]    33.4375 MB /   0.50 sec =  560.9781 Mbps  1946 retrans   7734 KB-cwnd
[2024-11-06T16:59:11.009027-0500]    29.0000 MB /   0.50 sec =  486.5344 Mbps     0 retrans   7734 KB-cwnd
[2024-11-06T16:59:11.509145-0500]    37.5625 MB /   0.50 sec =  630.0997 Mbps  4567 retrans   7166 KB-cwnd
[2024-11-06T16:59:12.009046-0500]    34.6250 MB /   0.50 sec =  581.0087 Mbps     0 retrans   7167 KB-cwnd
[2024-11-06T16:59:12.509023-0500]    30.4375 MB /   0.50 sec =  510.6596 Mbps     0 retrans   6912 KB-cwnd
[2024-11-06T16:59:13.009004-0500]    36.9375 MB /   0.50 sec =  619.7010 Mbps   794 retrans   7602 KB-cwnd
[2024-11-06T16:59:13.509186-0500]    24.6250 MB /   0.50 sec =  413.0729 Mbps     0 retrans   7602 KB-cwnd
[2024-11-06T16:59:14.009056-0500]    33.8125 MB /   0.50 sec =  567.3715 Mbps  2046 retrans   8191 KB-cwnd
[2024-11-06T16:59:14.509062-0500]    24.8750 MB /   0.50 sec =  417.3316 Mbps     0 retrans   8191 KB-cwnd
[2024-11-06T16:59:15.009105-0500]    20.4375 MB /   0.50 sec =  342.8796 Mbps     0 retrans   8191 KB-cwnd
[2024-11-06T16:59:15.508980-0500]    17.9375 MB /   0.50 sec =  300.9606 Mbps  1347 retrans   6698 KB-cwnd
[2024-11-06T16:59:16.009087-0500]    25.1250 MB /   0.50 sec =  421.4964 Mbps     0 retrans   7734 KB-cwnd
[2024-11-06T16:59:16.509101-0500]    26.5000 MB /   0.50 sec =  444.5891 Mbps     0 retrans   7734 KB-cwnd
[2024-11-06T16:59:17.009050-0500]    28.5625 MB /   0.50 sec =  479.2126 Mbps  4697 retrans   6165 KB-cwnd
[2024-11-06T16:59:17.509079-0500]    31.2500 MB /   0.50 sec =  524.2796 Mbps     0 retrans   6162 KB-cwnd
[2024-11-06T16:59:18.009044-0500]    25.1250 MB /   0.50 sec =  421.5453 Mbps     0 retrans   6162 KB-cwnd
[2024-11-06T16:59:18.509057-0500]    25.7500 MB /   0.50 sec =  432.0116 Mbps   213 retrans   7283 KB-cwnd
[2024-11-06T16:59:19.009065-0500]    31.8750 MB /   0.50 sec =  534.7449 Mbps     0 retrans   7167 KB-cwnd
[2024-11-06T16:59:19.509055-0500]    30.5000 MB /   0.50 sec =  511.7225 Mbps     0 retrans   5463 KB-cwnd
[2024-11-06T16:59:20.009058-0500]    14.3750 MB /   0.50 sec =  241.1749 Mbps     0 retrans   5463 KB-cwnd
[2024-11-06T16:59:20.509103-0500]    32.5625 MB /   0.50 sec =  546.2983 Mbps     0 retrans   5412 KB-cwnd
[2024-11-06T16:59:21.009038-0500]    35.8125 MB /   0.50 sec =  600.8869 Mbps     0 retrans   9648 KB-cwnd
[2024-11-06T16:59:21.509059-0500]    28.5625 MB /   0.50 sec =  479.1666 Mbps     0 retrans   9680 KB-cwnd
[2024-11-06T16:59:22.009043-0500]    27.5625 MB /   0.50 sec =  462.4248 Mbps     0 retrans   7903 KB-cwnd
[2024-11-06T16:59:22.509076-0500]    32.7500 MB /   0.50 sec =  549.4318 Mbps     0 retrans   7877 KB-cwnd
[2024-11-06T16:59:23.009052-0500]    40.0625 MB /   0.50 sec =  672.1681 Mbps     0 retrans   8731 KB-cwnd
[2024-11-06T16:59:23.509047-0500]    27.6250 MB /   0.50 sec =  463.4669 Mbps     0 retrans   8731 KB-cwnd
[2024-11-06T16:59:24.009130-0500]     9.8750 MB /   0.50 sec =  165.6538 Mbps     0 retrans   8731 KB-cwnd
[2024-11-06T16:59:24.509059-0500]    28.5000 MB /   0.50 sec =  478.2100 Mbps   140 retrans  10494 KB-cwnd
[2024-11-06T16:59:25.009118-0500]    19.8125 MB /   0.50 sec =  332.3973 Mbps     0 retrans  10537 KB-cwnd
[2024-11-06T16:59:25.509231-0500]    28.8750 MB /   0.50 sec =  484.4247 Mbps     0 retrans  10521 KB-cwnd
[2024-11-06T16:59:26.009080-0500]    33.3125 MB /   0.50 sec =  558.8776 Mbps   550 retrans  11550 KB-cwnd
[2024-11-06T16:59:26.509020-0500]    28.4375 MB /   0.50 sec =  477.1183 Mbps     0 retrans  11550 KB-cwnd
[2024-11-06T16:59:27.009163-0500]     9.0000 MB /   0.50 sec =  150.9729 Mbps     0 retrans  11550 KB-cwnd
[2024-11-06T16:59:27.509150-0500]     9.5625 MB /   0.50 sec =  160.4357 Mbps     0 retrans  11550 KB-cwnd
[2024-11-06T16:59:28.009174-0500]     9.1250 MB /   0.50 sec =  153.0860 Mbps   782 retrans   6345 KB-cwnd
[2024-11-06T16:59:28.509062-0500]    23.9375 MB /   0.50 sec =  401.6793 Mbps     0 retrans   6345 KB-cwnd
[2024-11-06T16:59:29.009118-0500]     4.4375 MB /   0.50 sec =   74.4420 Mbps     0 retrans   6345 KB-cwnd
[2024-11-06T16:59:29.509081-0500]    22.4375 MB /   0.50 sec =  376.4651 Mbps     0 retrans   6345 KB-cwnd
[2024-11-06T16:59:30.009181-0500]    13.5625 MB /   0.50 sec =  227.5028 Mbps     0 retrans   6345 KB-cwnd
[2024-11-06T16:59:30.509123-0500]     6.1875 MB /   0.50 sec =  103.8142 Mbps     0 retrans   8390 KB-cwnd
[2024-11-06T16:59:31.009095-0500]     9.8125 MB /   0.50 sec =  164.6357 Mbps     0 retrans   8390 KB-cwnd
[2024-11-06T16:59:31.509049-0500]    10.2500 MB /   0.50 sec =  171.9871 Mbps     0 retrans   8390 KB-cwnd
[2024-11-06T16:59:32.008960-0500]    13.0625 MB /   0.50 sec =  219.1603 Mbps     0 retrans   8390 KB-cwnd
[2024-11-06T16:59:32.509136-0500]     9.8750 MB /   0.50 sec =  165.6482 Mbps     0 retrans   8390 KB-cwnd
[2024-11-06T16:59:33.009005-0500]     9.8125 MB /   0.50 sec =  164.6403 Mbps     0 retrans   8390 KB-cwnd
[2024-11-06T16:59:33.509110-0500]    10.6875 MB /   0.50 sec =  179.3036 Mbps     0 retrans   8390 KB-cwnd
[2024-11-06T16:59:34.009056-0500]    12.1250 MB /   0.50 sec =  203.4278 Mbps     4 retrans   8403 KB-cwnd
[2024-11-06T16:59:34.509061-0500]    16.5625 MB /   0.50 sec =  277.8682 Mbps     0 retrans   8403 KB-cwnd
[2024-11-06T16:59:35.009132-0500]    15.3750 MB /   0.50 sec =  257.9554 Mbps     0 retrans   8403 KB-cwnd
[2024-11-06T16:59:35.509159-0500]    17.3750 MB /   0.50 sec =  291.4464 Mbps     0 retrans   8403 KB-cwnd
[2024-11-06T16:59:36.009066-0500]    18.5000 MB /   0.50 sec =  310.4381 Mbps     0 retrans   8403 KB-cwnd
[2024-11-06T16:59:36.509061-0500]    20.9375 MB /   0.50 sec =  351.2751 Mbps     2 retrans   3921 KB-cwnd
[2024-11-06T16:59:37.009045-0500]    21.0000 MB /   0.50 sec =  352.3251 Mbps     0 retrans   3921 KB-cwnd
[2024-11-06T16:59:37.508978-0500]    24.1875 MB /   0.50 sec =  405.8111 Mbps     0 retrans   3921 KB-cwnd
[2024-11-06T16:59:38.009046-0500]    26.0000 MB /   0.50 sec =  436.1998 Mbps     6 retrans   4380 KB-cwnd
[2024-11-06T16:59:38.508990-0500]    22.1875 MB /   0.50 sec =  372.2519 Mbps     0 retrans   4380 KB-cwnd
[2024-11-06T16:59:39.009281-0500]    21.5625 MB /   0.50 sec =  361.6842 Mbps     0 retrans   4402 KB-cwnd
[2024-11-06T16:59:39.509106-0500]    25.8125 MB /   0.50 sec =  433.0991 Mbps     0 retrans   5380 KB-cwnd
[2024-11-06T16:59:40.009183-0500]    29.0625 MB /   0.50 sec =  487.6249 Mbps     0 retrans   5380 KB-cwnd
[2024-11-06T16:59:40.509166-0500]    27.6250 MB /   0.50 sec =  463.3900 Mbps     0 retrans   8430 KB-cwnd
[2024-11-06T16:59:41.009056-0500]    36.5000 MB /   0.50 sec =  612.4639 Mbps     0 retrans   9000 KB-cwnd
[2024-11-06T16:59:41.509046-0500]    38.5625 MB /   0.50 sec =  646.9908 Mbps     0 retrans   6573 KB-cwnd
[2024-11-06T16:59:42.009034-0500]    38.1875 MB /   0.50 sec =  640.6979 Mbps     0 retrans   6573 KB-cwnd
[2024-11-06T16:59:42.509144-0500]    35.0625 MB /   0.50 sec =  588.1911 Mbps     0 retrans   8368 KB-cwnd
[2024-11-06T16:59:43.009176-0500]    46.1875 MB /   0.50 sec =  774.9550 Mbps     0 retrans   8368 KB-cwnd
[2024-11-06T16:59:43.509057-0500]    28.9375 MB /   0.50 sec =  485.4917 Mbps   107 retrans   9718 KB-cwnd
[2024-11-06T16:59:44.009086-0500]    38.2500 MB /   0.50 sec =  641.7118 Mbps     0 retrans   9718 KB-cwnd
[2024-11-06T16:59:44.509112-0500]    33.1250 MB /   0.50 sec =  555.7553 Mbps  1981 retrans   7946 KB-cwnd
[2024-11-06T16:59:45.008993-0500]    29.6250 MB /   0.50 sec =  497.0499 Mbps     0 retrans   7998 KB-cwnd
[2024-11-06T16:59:45.509123-0500]    37.0625 MB /   0.50 sec =  621.7732 Mbps  1276 retrans   8202 KB-cwnd
[2024-11-06T16:59:46.009143-0500]    32.6250 MB /   0.50 sec =  547.3260 Mbps     0 retrans   6741 KB-cwnd
[2024-11-06T16:59:46.509064-0500]    23.1875 MB /   0.50 sec =  389.0435 Mbps  1075 retrans   7820 KB-cwnd
[2024-11-06T16:59:47.009185-0500]     6.6875 MB /   0.50 sec =  112.1761 Mbps     0 retrans   7820 KB-cwnd
[2024-11-06T16:59:47.509193-0500]    39.6250 MB /   0.50 sec =  664.9288 Mbps     0 retrans   7820 KB-cwnd
[2024-11-06T16:59:48.009070-0500]    34.0000 MB /   0.50 sec =  570.4413 Mbps   786 retrans   9629 KB-cwnd
[2024-11-06T16:59:48.509272-0500]    35.6250 MB /   0.50 sec =  597.6214 Mbps     8 retrans   5614 KB-cwnd
[2024-11-06T16:59:49.009042-0500]    30.6250 MB /   0.50 sec =  513.8464 Mbps  1203 retrans   9279 KB-cwnd
[2024-11-06T16:59:49.509050-0500]    30.5625 MB /   0.50 sec =  512.7516 Mbps     0 retrans   9279 KB-cwnd
[2024-11-06T16:59:50.009157-0500]    24.9375 MB /   0.50 sec =  418.3124 Mbps   404 retrans   8460 KB-cwnd
[2024-11-06T16:59:50.508982-0500]    20.1875 MB /   0.50 sec =  338.7646 Mbps     0 retrans   8460 KB-cwnd
[2024-11-06T16:59:51.009052-0500]    33.1250 MB /   0.50 sec =  555.7153 Mbps     0 retrans   8460 KB-cwnd
[2024-11-06T16:59:51.509150-0500]    30.9375 MB /   0.50 sec =  518.9818 Mbps   208 retrans   7237 KB-cwnd
[2024-11-06T16:59:52.009068-0500]    34.3750 MB /   0.50 sec =  576.7641 Mbps     0 retrans   7473 KB-cwnd
[2024-11-06T16:59:52.509059-0500]    35.3125 MB /   0.50 sec =  592.4597 Mbps     0 retrans   7570 KB-cwnd
[2024-11-06T16:59:53.009189-0500]    37.8750 MB /   0.50 sec =  635.3303 Mbps     0 retrans   7570 KB-cwnd
[2024-11-06T16:59:53.509188-0500]    34.2500 MB /   0.50 sec =  574.6024 Mbps   829 retrans   9341 KB-cwnd
[2024-11-06T16:59:54.009198-0500]    33.5000 MB /   0.50 sec =  562.1390 Mbps     0 retrans   9341 KB-cwnd
[2024-11-06T16:59:54.509054-0500]    33.6250 MB /   0.50 sec =  564.1519 Mbps     0 retrans   8535 KB-cwnd
[2024-11-06T16:59:55.009083-0500]     9.6250 MB /   0.50 sec =  161.4649 Mbps     0 retrans   8860 KB-cwnd
[2024-11-06T16:59:55.509081-0500]    34.0000 MB /   0.50 sec =  570.4676 Mbps     0 retrans   8995 KB-cwnd
[2024-11-06T16:59:56.008972-0500]    32.5625 MB /   0.50 sec =  546.3540 Mbps  1576 retrans   7148 KB-cwnd
[2024-11-06T16:59:56.509060-0500]    33.5625 MB /   0.50 sec =  563.0493 Mbps    17 retrans   6561 KB-cwnd
[2024-11-06T16:59:57.009066-0500]    38.3125 MB /   0.50 sec =  642.7874 Mbps  2089 retrans   8860 KB-cwnd
[2024-11-06T16:59:57.509059-0500]    39.9375 MB /   0.50 sec =  670.0454 Mbps   615 retrans   7199 KB-cwnd
[2024-11-06T16:59:58.009029-0500]    23.6875 MB /   0.50 sec =  397.4087 Mbps     0 retrans   7199 KB-cwnd
[2024-11-06T16:59:58.509048-0500]    35.1250 MB /   0.50 sec =  589.2950 Mbps     0 retrans   7199 KB-cwnd
[2024-11-06T16:59:59.009017-0500]    31.1250 MB /   0.50 sec =  522.1898 Mbps   885 retrans   7108 KB-cwnd
[2024-11-06T16:59:59.509215-0500]    23.5000 MB /   0.50 sec =  394.2457 Mbps     0 retrans   7108 KB-cwnd
[2024-11-06T17:00:00.009054-0500]    32.2500 MB /   0.50 sec =  541.0901 Mbps  1057 retrans   7140 KB-cwnd
[2024-11-06T17:00:00.509045-0500]    36.5625 MB /   0.50 sec =  613.4182 Mbps     0 retrans   7140 KB-cwnd
[2024-11-06T17:00:01.009045-0500]    32.3125 MB /   0.50 sec =  542.1138 Mbps  1066 retrans   8957 KB-cwnd
[2024-11-06T17:00:01.508988-0500]    36.6875 MB /   0.50 sec =  615.5449 Mbps     0 retrans   8957 KB-cwnd
[2024-11-06T17:00:02.009046-0500]    26.1250 MB /   0.50 sec =  438.2855 Mbps     0 retrans   8960 KB-cwnd
[2024-11-06T17:00:02.509080-0500]    23.0000 MB /   0.50 sec =  385.8675 Mbps     0 retrans   9279 KB-cwnd
[2024-11-06T17:00:03.009037-0500]    29.1875 MB /   0.50 sec =  489.6967 Mbps     0 retrans   9279 KB-cwnd
[2024-11-06T17:00:03.509042-0500]    28.6250 MB /   0.50 sec =  480.2411 Mbps     2 retrans   8132 KB-cwnd
[2024-11-06T17:00:04.009041-0500]    34.5000 MB /   0.50 sec =  578.8197 Mbps     0 retrans   8132 KB-cwnd
[2024-11-06T17:00:04.509090-0500]    26.2500 MB /   0.50 sec =  440.3685 Mbps     0 retrans   8132 KB-cwnd
[2024-11-06T17:00:05.009175-0500]    28.0625 MB /   0.50 sec =  470.8342 Mbps     1 retrans   7186 KB-cwnd
[2024-11-06T17:00:05.509045-0500]     7.2500 MB /   0.50 sec =  121.6368 Mbps     0 retrans   7186 KB-cwnd
[2024-11-06T17:00:06.009049-0500]    29.9375 MB /   0.50 sec =  502.2599 Mbps     0 retrans   7186 KB-cwnd
[2024-11-06T17:00:06.509085-0500]    28.3750 MB /   0.50 sec =  476.0497 Mbps     0 retrans   7224 KB-cwnd
[2024-11-06T17:00:07.009016-0500]    24.1250 MB /   0.50 sec =  404.7601 Mbps     0 retrans   7224 KB-cwnd
[2024-11-06T17:00:07.509088-0500]    27.1250 MB /   0.50 sec =  455.0629 Mbps     0 retrans   7224 KB-cwnd
[2024-11-06T17:00:08.009003-0500]    28.1875 MB /   0.50 sec =  472.9437 Mbps     0 retrans   8170 KB-cwnd
[2024-11-06T17:00:08.509411-0500]    32.5625 MB /   0.50 sec =  546.0613 Mbps     0 retrans   8170 KB-cwnd
[2024-11-06T17:00:09.009178-0500]    30.2500 MB /   0.50 sec =  507.7261 Mbps   515 retrans   7218 KB-cwnd
[2024-11-06T17:00:09.509209-0500]    34.8750 MB /   0.50 sec =  585.0925 Mbps     0 retrans   7218 KB-cwnd
[2024-11-06T17:00:10.009035-0500]    31.1250 MB /   0.50 sec =  522.2044 Mbps  1465 retrans   7205 KB-cwnd
[2024-11-06T17:00:10.509100-0500]    22.6250 MB /   0.50 sec =  379.5663 Mbps     0 retrans   7205 KB-cwnd
[2024-11-06T17:00:11.009568-0500]    30.8125 MB /   0.50 sec =  516.4501 Mbps     0 retrans   9269 KB-cwnd
[2024-11-06T17:00:11.509056-0500]    30.6875 MB /   0.50 sec =  515.3610 Mbps     0 retrans   9269 KB-cwnd
[2024-11-06T17:00:12.009150-0500]    30.1875 MB /   0.50 sec =  506.3832 Mbps     0 retrans   9285 KB-cwnd
[2024-11-06T17:00:12.509087-0500]    29.2500 MB /   0.50 sec =  490.7679 Mbps   133 retrans  11489 KB-cwnd
[2024-11-06T17:00:13.009010-0500]    31.3750 MB /   0.50 sec =  526.4346 Mbps     0 retrans  10744 KB-cwnd
[2024-11-06T17:00:13.509249-0500]    28.0625 MB /   0.50 sec =  470.7315 Mbps  1583 retrans   8778 KB-cwnd
[2024-11-06T17:00:14.009038-0500]    30.0625 MB /   0.50 sec =  504.4599 Mbps     0 retrans   8769 KB-cwnd
[2024-11-06T17:00:14.509045-0500]    28.6250 MB /   0.50 sec =  480.2334 Mbps     0 retrans   8769 KB-cwnd
[2024-11-06T17:00:15.009144-0500]     4.6875 MB /   0.50 sec =   78.6322 Mbps   185 retrans   9798 KB-cwnd
[2024-11-06T17:00:15.509041-0500]    27.6875 MB /   0.50 sec =  464.5916 Mbps     0 retrans   9798 KB-cwnd
[2024-11-06T17:00:16.009169-0500]    20.7500 MB /   0.50 sec =  348.0611 Mbps     0 retrans   9798 KB-cwnd
[2024-11-06T17:00:16.509072-0500]    26.3125 MB /   0.50 sec =  441.5211 Mbps     0 retrans   8288 KB-cwnd
[2024-11-06T17:00:17.009096-0500]    37.8750 MB /   0.50 sec =  635.4066 Mbps     0 retrans   8288 KB-cwnd
[2024-11-06T17:00:17.509182-0500]    41.6250 MB /   0.50 sec =  698.3293 Mbps     2 retrans   9005 KB-cwnd
[2024-11-06T17:00:18.009019-0500]    41.0625 MB /   0.50 sec =  688.9930 Mbps     0 retrans   9005 KB-cwnd
[2024-11-06T17:00:18.509174-0500]    33.9375 MB /   0.50 sec =  569.2595 Mbps    70 retrans  11505 KB-cwnd
[2024-11-06T17:00:19.009139-0500]    37.6250 MB /   0.50 sec =  631.3160 Mbps     0 retrans   7903 KB-cwnd
[2024-11-06T17:00:19.509232-0500]     1.7500 MB /   0.50 sec =   29.3547 Mbps     0 retrans   7928 KB-cwnd
[2024-11-06T17:00:20.009098-0500]    16.2500 MB /   0.50 sec =  272.6783 Mbps   123 retrans   9027 KB-cwnd
[2024-11-06T17:00:20.509163-0500]    31.0000 MB /   0.50 sec =  520.1457 Mbps     0 retrans   7487 KB-cwnd
[2024-11-06T17:00:21.009081-0500]    26.6250 MB /   0.50 sec =  446.6853 Mbps     0 retrans   7487 KB-cwnd
[2024-11-06T17:00:21.509110-0500]    33.9375 MB /   0.50 sec =  569.3221 Mbps  3442 retrans   7343 KB-cwnd
[2024-11-06T17:00:22.009271-0500]    19.1250 MB /   0.50 sec =  320.8450 Mbps    20 retrans   7964 KB-cwnd
[2024-11-06T17:00:22.509161-0500]    17.5000 MB /   0.50 sec =  293.5983 Mbps     6 retrans   8170 KB-cwnd
[2024-11-06T17:00:23.009021-0500]    34.6875 MB /   0.50 sec =  582.0959 Mbps  6267 retrans   9828 KB-cwnd
[2024-11-06T17:00:23.509083-0500]    17.4375 MB /   0.50 sec =  292.5036 Mbps     6 retrans   9828 KB-cwnd
[2024-11-06T17:00:24.009195-0500]    36.8750 MB /   0.50 sec =  618.7118 Mbps  1044 retrans   8325 KB-cwnd
[2024-11-06T17:00:24.509152-0500]    12.7500 MB /   0.50 sec =  213.8911 Mbps     0 retrans   8325 KB-cwnd
[2024-11-06T17:00:25.009025-0500]    30.4375 MB /   0.50 sec =  510.7178 Mbps     6 retrans   3410 KB-cwnd
[2024-11-06T17:00:25.509056-0500]    16.4375 MB /   0.50 sec =  275.7722 Mbps     8 retrans   3410 KB-cwnd
[2024-11-06T17:00:26.009197-0500]     4.6250 MB /   0.50 sec =   77.5774 Mbps     0 retrans   3410 KB-cwnd
[2024-11-06T17:00:26.509197-0500]    15.1875 MB /   0.50 sec =  254.7984 Mbps   458 retrans  10561 KB-cwnd
[2024-11-06T17:00:27.009056-0500]    15.0625 MB /   0.50 sec =  252.7680 Mbps     0 retrans  10561 KB-cwnd
[2024-11-06T17:00:27.509107-0500]    14.8125 MB /   0.50 sec =  248.5090 Mbps     0 retrans  10561 KB-cwnd
[2024-11-06T17:00:28.008978-0500]    26.7500 MB /   0.50 sec =  448.8246 Mbps    93 retrans  12859 KB-cwnd
[2024-11-06T17:00:28.509141-0500]    31.3750 MB /   0.50 sec =  526.2957 Mbps     0 retrans  12859 KB-cwnd
[2024-11-06T17:00:29.009057-0500]    46.4375 MB /   0.50 sec =  779.1683 Mbps  1829 retrans   3633 KB-cwnd
[2024-11-06T17:00:29.509182-0500]    43.1250 MB /   0.50 sec =  723.5276 Mbps     0 retrans   3633 KB-cwnd
[2024-11-06T17:00:30.009102-0500]    46.2500 MB /   0.50 sec =  775.8562 Mbps     0 retrans   6014 KB-cwnd
[2024-11-06T17:00:30.509217-0500]    35.1250 MB /   0.50 sec =  589.2514 Mbps     0 retrans   6014 KB-cwnd
[2024-11-06T17:00:31.009071-0500]    39.1250 MB /   0.50 sec =  656.5412 Mbps   205 retrans   8075 KB-cwnd
[2024-11-06T17:00:31.509384-0500]    35.0625 MB /   0.50 sec =  588.2076 Mbps  1595 retrans   8608 KB-cwnd
[2024-11-06T17:00:32.009167-0500]    38.7500 MB /   0.50 sec =  650.0417 Mbps     0 retrans   8608 KB-cwnd
[2024-11-06T17:00:32.508993-0500]    34.3125 MB /   0.50 sec =  575.8018 Mbps  3491 retrans   6112 KB-cwnd
[2024-11-06T17:00:33.008977-0500]    43.8750 MB /   0.50 sec =  736.1077 Mbps    11 retrans   8320 KB-cwnd
[2024-11-06T17:00:33.509043-0500]    38.0000 MB /   0.50 sec =  637.4692 Mbps  2627 retrans   8360 KB-cwnd
[2024-11-06T17:00:34.009116-0500]    42.9375 MB /   0.50 sec =  720.3544 Mbps     0 retrans   8360 KB-cwnd
[2024-11-06T17:00:34.509472-0500]    37.6250 MB /   0.50 sec =  630.7861 Mbps  4178 retrans   7444 KB-cwnd
[2024-11-06T17:00:35.009226-0500]    40.2500 MB /   0.50 sec =  675.6235 Mbps     0 retrans   7611 KB-cwnd
[2024-11-06T17:00:35.509173-0500]    34.7500 MB /   0.50 sec =  583.0852 Mbps  1761 retrans   8462 KB-cwnd
[2024-11-06T17:00:36.009091-0500]    37.5625 MB /   0.50 sec =  630.2534 Mbps     0 retrans   8462 KB-cwnd
[2024-11-06T17:00:36.509067-0500]    36.0000 MB /   0.50 sec =  604.0027 Mbps  2960 retrans   9739 KB-cwnd
[2024-11-06T17:00:37.009059-0500]    36.6250 MB /   0.50 sec =  614.4827 Mbps     0 retrans   9739 KB-cwnd
[2024-11-06T17:00:37.509060-0500]    34.5625 MB /   0.50 sec =  579.8625 Mbps  2468 retrans  12053 KB-cwnd
[2024-11-06T17:00:38.009181-0500]    28.4375 MB /   0.50 sec =  476.9495 Mbps     0 retrans  12053 KB-cwnd
[2024-11-06T17:00:38.509124-0500]    37.1250 MB /   0.50 sec =  623.0186 Mbps  1679 retrans   7506 KB-cwnd
[2024-11-06T17:00:39.009186-0500]    32.8750 MB /   0.50 sec =  551.5918 Mbps     0 retrans   7199 KB-cwnd
[2024-11-06T17:00:39.509060-0500]    33.8750 MB /   0.50 sec =  568.3168 Mbps   698 retrans   9091 KB-cwnd
[2024-11-06T17:00:40.009121-0500]    37.6875 MB /   0.50 sec =  632.2344 Mbps     0 retrans   9091 KB-cwnd
[2024-11-06T17:00:40.509096-0500]    36.6875 MB /   0.50 sec =  615.5597 Mbps  2770 retrans   7043 KB-cwnd
[2024-11-06T17:00:41.009079-0500]    32.3750 MB /   0.50 sec =  543.1700 Mbps     0 retrans   7043 KB-cwnd
[2024-11-06T17:00:41.509227-0500]    18.3750 MB /   0.50 sec =  308.2789 Mbps     0 retrans   7043 KB-cwnd
[2024-11-06T17:00:42.009094-0500]    28.1250 MB /   0.50 sec =  471.8092 Mbps  2905 retrans   6788 KB-cwnd
[2024-11-06T17:00:42.509134-0500]    27.5000 MB /   0.50 sec =  461.3744 Mbps     0 retrans   6788 KB-cwnd
[2024-11-06T17:00:43.009041-0500]    33.2500 MB /   0.50 sec =  557.9138 Mbps   861 retrans   7089 KB-cwnd
[2024-11-06T17:00:43.509071-0500]    25.6250 MB /   0.50 sec =  429.9076 Mbps     0 retrans   7089 KB-cwnd
[2024-11-06T17:00:44.009212-0500]    36.3750 MB /   0.50 sec =  610.0992 Mbps  2085 retrans   7186 KB-cwnd
[2024-11-06T17:00:44.509067-0500]    32.1250 MB /   0.50 sec =  539.1233 Mbps     0 retrans   8067 KB-cwnd
[2024-11-06T17:00:45.009061-0500]    39.4375 MB /   0.50 sec =  661.6448 Mbps  1744 retrans  10411 KB-cwnd
[2024-11-06T17:00:45.509700-0500]    39.6250 MB /   0.50 sec =  664.7493 Mbps     0 retrans  10411 KB-cwnd
[2024-11-06T17:00:46.009074-0500]    36.0000 MB /   0.50 sec =  603.9701 Mbps  2432 retrans   7065 KB-cwnd
[2024-11-06T17:00:46.509069-0500]    37.8750 MB /   0.50 sec =  635.4841 Mbps     0 retrans   7065 KB-cwnd
[2024-11-06T17:00:47.009043-0500]    38.0625 MB /   0.50 sec =  638.6045 Mbps  1612 retrans   8538 KB-cwnd
[2024-11-06T17:00:47.509067-0500]    34.2500 MB /   0.50 sec =  574.6105 Mbps    50 retrans   5114 KB-cwnd
[2024-11-06T17:00:48.008979-0500]    36.7500 MB /   0.50 sec =  616.6046 Mbps  2502 retrans   8879 KB-cwnd
[2024-11-06T17:00:48.509127-0500]    39.0625 MB /   0.50 sec =  655.2774 Mbps     0 retrans   8879 KB-cwnd
[2024-11-06T17:00:49.009036-0500]    39.0000 MB /   0.50 sec =  654.3625 Mbps  1708 retrans   9685 KB-cwnd
[2024-11-06T17:00:49.509070-0500]    38.9375 MB /   0.50 sec =  653.2498 Mbps  1612 retrans  10083 KB-cwnd
[2024-11-06T17:00:50.009052-0500]    39.6875 MB /   0.50 sec =  665.8471 Mbps     0 retrans  10083 KB-cwnd
[2024-11-06T17:00:50.509168-0500]    41.1250 MB /   0.50 sec =  689.9727 Mbps  2209 retrans   8562 KB-cwnd
[2024-11-06T17:00:51.009056-0500]    32.8750 MB /   0.50 sec =  551.5488 Mbps     0 retrans   7430 KB-cwnd
[2024-11-06T17:00:51.509055-0500]    38.2500 MB /   0.50 sec =  641.7195 Mbps  1600 retrans   8006 KB-cwnd
[2024-11-06T17:00:52.009088-0500]    35.5625 MB /   0.50 sec =  596.5992 Mbps     0 retrans   8006 KB-cwnd
[2024-11-06T17:00:52.509127-0500]    33.5625 MB /   0.50 sec =  563.0594 Mbps   315 retrans   7584 KB-cwnd
End time: 1730930452610
