Start time: 1730669316671
[2024-11-03T14:28:37.850832-0700] nuttcp-r: v8.1.4: socket
[2024-11-03T14:28:37.851288-0700] nuttcp-r: buflen=65536, nstream=1, port=5102 tcp
[2024-11-03T14:28:37.851321-0700] nuttcp-r: interval reporting every 0.50 seconds
[2024-11-03T14:28:37.851347-0700] nuttcp-r: connect to 54.176.53.206 with RTT=96.333 ms af=inet
[2024-11-03T14:28:37.851371-0700] nuttcp-r: send window size = 524288, receive window size = 4194304
[2024-11-03T14:28:37.851396-0700] nuttcp-r: available send window = 393216, available receive window = 3145728
[2024-11-03T14:28:37.851420-0700]     0.0625 MB /   0.50 sec =    1.0485 Mbps     0 retrans
[2024-11-03T14:28:38.351103-0700]     0.5000 MB /   0.50 sec =    8.3879 Mbps     0 retrans
[2024-11-03T14:28:38.851266-0700]     1.0000 MB /   0.50 sec =   16.7779 Mbps     0 retrans
[2024-11-03T14:28:39.350827-0700]     0.9375 MB /   0.50 sec =   15.7297 Mbps     0 retrans
[2024-11-03T14:28:39.851127-0700]     1.1875 MB /   0.50 sec =   19.9184 Mbps     0 retrans
[2024-11-03T14:28:40.350889-0700]     1.0625 MB /   0.50 sec =   17.8289 Mbps     0 retrans
[2024-11-03T14:28:40.850874-0700]     1.2500 MB /   0.50 sec =   20.9718 Mbps     0 retrans
[2024-11-03T14:28:41.350901-0700]     1.1250 MB /   0.50 sec =   18.8737 Mbps     0 retrans
[2024-11-03T14:28:41.850934-0700]     0.6875 MB /   0.50 sec =   11.5334 Mbps     0 retrans
[2024-11-03T14:28:42.350937-0700]     1.0000 MB /   0.50 sec =   16.7771 Mbps     0 retrans
[2024-11-03T14:28:42.850865-0700]     0.7500 MB /   0.50 sec =   12.5845 Mbps     0 retrans
[2024-11-03T14:28:43.350928-0700]     1.5625 MB /   0.50 sec =   26.2140 Mbps     0 retrans
[2024-11-03T14:28:43.851193-0700]     1.3750 MB /   0.50 sec =   23.0697 Mbps     0 retrans
[2024-11-03T14:28:44.350898-0700]     1.6250 MB /   0.50 sec =   27.2618 Mbps     0 retrans
[2024-11-03T14:28:44.850877-0700]     1.2500 MB /   0.50 sec =   20.9716 Mbps     0 retrans
[2024-11-03T14:28:45.350958-0700]     1.5000 MB /   0.50 sec =   25.1629 Mbps     0 retrans
[2024-11-03T14:28:45.851004-0700]     1.7500 MB /   0.50 sec =   29.3652 Mbps     0 retrans
[2024-11-03T14:28:46.350905-0700]     1.4375 MB /   0.50 sec =   24.1163 Mbps     0 retrans
[2024-11-03T14:28:46.850891-0700]     1.5000 MB /   0.50 sec =   25.1671 Mbps     0 retrans
[2024-11-03T14:28:47.350909-0700]     1.6250 MB /   0.50 sec =   27.2609 Mbps     0 retrans
[2024-11-03T14:28:47.850873-0700]     1.1875 MB /   0.50 sec =   19.9233 Mbps     0 retrans
[2024-11-03T14:28:48.350898-0700]     2.1250 MB /   0.50 sec =   35.6512 Mbps     0 retrans
[2024-11-03T14:28:48.850868-0700]     1.8125 MB /   0.50 sec =   30.4089 Mbps     0 retrans
[2024-11-03T14:28:49.350897-0700]     1.8125 MB /   0.50 sec =   30.4084 Mbps     0 retrans
[2024-11-03T14:28:49.850882-0700]     2.1250 MB /   0.50 sec =   35.6520 Mbps     0 retrans
[2024-11-03T14:28:50.350919-0700]     2.3750 MB /   0.50 sec =   39.8442 Mbps     0 retrans
[2024-11-03T14:28:50.850852-0700]     2.6250 MB /   0.50 sec =   44.0426 Mbps     0 retrans
[2024-11-03T14:28:51.350818-0700]     2.6875 MB /   0.50 sec =   45.0897 Mbps     0 retrans
[2024-11-03T14:28:51.851220-0700]     2.5625 MB /   0.50 sec =   42.9610 Mbps     0 retrans
[2024-11-03T14:28:52.351162-0700]     1.9375 MB /   0.50 sec =   32.5294 Mbps     0 retrans
[2024-11-03T14:28:52.850957-0700]     2.2500 MB /   0.50 sec =   37.7419 Mbps     0 retrans
[2024-11-03T14:28:53.350986-0700]     2.9375 MB /   0.50 sec =   49.2819 Mbps     0 retrans
[2024-11-03T14:28:53.850875-0700]     2.4375 MB /   0.50 sec =   40.9009 Mbps     0 retrans
[2024-11-03T14:28:54.350980-0700]     2.3125 MB /   0.50 sec =   38.7916 Mbps     0 retrans
[2024-11-03T14:28:54.850881-0700]     3.2500 MB /   0.50 sec =   54.5332 Mbps     0 retrans
[2024-11-03T14:28:55.350918-0700]     2.0625 MB /   0.50 sec =   34.6031 Mbps     0 retrans
[2024-11-03T14:28:55.850874-0700]     2.4375 MB /   0.50 sec =   40.8953 Mbps     0 retrans
[2024-11-03T14:28:56.351340-0700]     3.5000 MB /   0.50 sec =   58.7170 Mbps     0 retrans
[2024-11-03T14:28:56.851154-0700]     3.5625 MB /   0.50 sec =   59.7396 Mbps     0 retrans
[2024-11-03T14:28:57.351045-0700]     2.5625 MB /   0.50 sec =   43.0145 Mbps     0 retrans
[2024-11-03T14:28:57.850863-0700]     1.1875 MB /   0.50 sec =   19.9231 Mbps     0 retrans
[2024-11-03T14:28:58.351141-0700]     0.1250 MB /   0.50 sec =    2.0963 Mbps     0 retrans
[2024-11-03T14:28:58.851910-0700]     0.1875 MB /   0.50 sec =    3.1407 Mbps     0 retrans
[2024-11-03T14:28:59.350878-0700]     3.1250 MB /   0.50 sec =   52.5289 Mbps     0 retrans
[2024-11-03T14:28:59.850878-0700]     5.6250 MB /   0.50 sec =   94.3800 Mbps     0 retrans
[2024-11-03T14:29:00.350890-0700]     3.3750 MB /   0.50 sec =   56.6222 Mbps     0 retrans
[2024-11-03T14:29:00.851057-0700]     0.8750 MB /   0.50 sec =   14.6759 Mbps     0 retrans
[2024-11-03T14:29:01.350888-0700]     1.5625 MB /   0.50 sec =   26.2220 Mbps     0 retrans
[2024-11-03T14:29:01.851018-0700]     2.0625 MB /   0.50 sec =   34.5948 Mbps     0 retrans
[2024-11-03T14:29:02.351072-0700]     0.0000 MB /   0.50 sec =    0.0000 Mbps     0 retrans
[2024-11-03T14:29:02.851919-0700]     0.3125 MB /   0.50 sec =    5.2340 Mbps     0 retrans
[2024-11-03T14:29:03.351053-0700]     0.5000 MB /   0.50 sec =    8.4030 Mbps     0 retrans
[2024-11-03T14:29:03.850882-0700]     7.0625 MB /   0.50 sec =  118.5220 Mbps     0 retrans
[2024-11-03T14:29:04.351023-0700]     3.5625 MB /   0.50 sec =   59.7711 Mbps     0 retrans
[2024-11-03T14:29:04.851039-0700]     3.8125 MB /   0.50 sec =   63.9562 Mbps     0 retrans
[2024-11-03T14:29:05.350892-0700]     3.8750 MB /   0.50 sec =   65.0167 Mbps     0 retrans
[2024-11-03T14:29:05.850866-0700]     2.0000 MB /   0.50 sec =   33.5550 Mbps     0 retrans
[2024-11-03T14:29:06.352013-0700]     1.0625 MB /   0.50 sec =   17.7867 Mbps     0 retrans
[2024-11-03T14:29:06.850903-0700]     3.0625 MB /   0.50 sec =   51.4907 Mbps     0 retrans
[2024-11-03T14:29:07.350892-0700]     3.5000 MB /   0.50 sec =   58.7221 Mbps     0 retrans
[2024-11-03T14:29:07.850875-0700]     2.4375 MB /   0.50 sec =   40.8947 Mbps     0 retrans
[2024-11-03T14:29:08.350903-0700]     3.8750 MB /   0.50 sec =   65.0105 Mbps     0 retrans
[2024-11-03T14:29:08.851018-0700]     4.5625 MB /   0.50 sec =   76.5467 Mbps     0 retrans
[2024-11-03T14:29:09.351305-0700]     4.2500 MB /   0.50 sec =   71.2512 Mbps     0 retrans
[2024-11-03T14:29:09.851039-0700]     4.1250 MB /   0.50 sec =   69.2616 Mbps     0 retrans
[2024-11-03T14:29:10.351351-0700]     2.2500 MB /   0.50 sec =   37.7114 Mbps     0 retrans
[2024-11-03T14:29:10.850939-0700]     2.0625 MB /   0.50 sec =   34.6308 Mbps     0 retrans
[2024-11-03T14:29:11.351095-0700]     3.1250 MB /   0.50 sec =   52.4371 Mbps     0 retrans
[2024-11-03T14:29:11.850899-0700]     3.3125 MB /   0.50 sec =   55.5717 Mbps     0 retrans
[2024-11-03T14:29:12.351071-0700]     2.3750 MB /   0.50 sec =   39.8459 Mbps     0 retrans
[2024-11-03T14:29:12.851080-0700]     1.1875 MB /   0.50 sec =   19.9178 Mbps     0 retrans
[2024-11-03T14:29:13.350961-0700]     4.0625 MB /   0.50 sec =   68.1673 Mbps     0 retrans
[2024-11-03T14:29:13.850877-0700]     1.6875 MB /   0.50 sec =   28.3153 Mbps     0 retrans
[2024-11-03T14:29:14.351108-0700]     0.7500 MB /   0.50 sec =   12.5781 Mbps     0 retrans
[2024-11-03T14:29:14.850875-0700]     1.6250 MB /   0.50 sec =   27.2732 Mbps     0 retrans
[2024-11-03T14:29:15.351031-0700]     3.1250 MB /   0.50 sec =   52.4092 Mbps     0 retrans
[2024-11-03T14:29:15.851197-0700]     3.1250 MB /   0.50 sec =   52.4162 Mbps     0 retrans
[2024-11-03T14:29:16.350894-0700]     3.3125 MB /   0.50 sec =   55.6088 Mbps     0 retrans
[2024-11-03T14:29:16.850981-0700]     3.5625 MB /   0.50 sec =   59.7730 Mbps     0 retrans
[2024-11-03T14:29:17.350970-0700]     4.3750 MB /   0.50 sec =   73.3864 Mbps     0 retrans
[2024-11-03T14:29:17.850875-0700]     3.5625 MB /   0.50 sec =   59.7765 Mbps     0 retrans
[2024-11-03T14:29:18.350956-0700]     3.2500 MB /   0.50 sec =   54.5186 Mbps     0 retrans
[2024-11-03T14:29:18.850872-0700]     4.9375 MB /   0.50 sec =   82.8478 Mbps     0 retrans
[2024-11-03T14:29:19.350912-0700]     4.6875 MB /   0.50 sec =   78.6418 Mbps     0 retrans
[2024-11-03T14:29:19.850884-0700]     5.2500 MB /   0.50 sec =   88.0825 Mbps     0 retrans
[2024-11-03T14:29:20.350879-0700]     5.3750 MB /   0.50 sec =   90.1777 Mbps     0 retrans
[2024-11-03T14:29:20.850871-0700]     5.6875 MB /   0.50 sec =   95.4202 Mbps     0 retrans
[2024-11-03T14:29:21.350831-0700]     5.0000 MB /   0.50 sec =   83.8906 Mbps     0 retrans
[2024-11-03T14:29:21.851254-0700]     1.1250 MB /   0.50 sec =   18.8631 Mbps     0 retrans
[2024-11-03T14:29:22.351053-0700]     5.6875 MB /   0.50 sec =   95.4655 Mbps     0 retrans
[2024-11-03T14:29:22.850865-0700]     3.4375 MB /   0.50 sec =   57.6754 Mbps     0 retrans
[2024-11-03T14:29:23.350894-0700]     4.6250 MB /   0.50 sec =   77.5945 Mbps     0 retrans
[2024-11-03T14:29:23.850865-0700]     4.5625 MB /   0.50 sec =   76.5473 Mbps     0 retrans
[2024-11-03T14:29:24.350898-0700]     3.0000 MB /   0.50 sec =   50.3310 Mbps     0 retrans
[2024-11-03T14:29:24.850838-0700]     3.3125 MB /   0.50 sec =   55.5759 Mbps     0 retrans
[2024-11-03T14:29:25.350893-0700]     2.6250 MB /   0.50 sec =   44.0393 Mbps     0 retrans
[2024-11-03T14:29:25.850937-0700]     4.8125 MB /   0.50 sec =   80.7303 Mbps     0 retrans
[2024-11-03T14:29:26.350897-0700]     5.3125 MB /   0.50 sec =   89.1388 Mbps     0 retrans
[2024-11-03T14:29:26.850883-0700]     5.2500 MB /   0.50 sec =   88.0807 Mbps     0 retrans
[2024-11-03T14:29:27.350891-0700]     3.3125 MB /   0.50 sec =   55.5744 Mbps     0 retrans
[2024-11-03T14:29:27.850888-0700]     2.5625 MB /   0.50 sec =   42.9914 Mbps     0 retrans
[2024-11-03T14:29:28.350911-0700]     2.8125 MB /   0.50 sec =   47.1854 Mbps     0 retrans
[2024-11-03T14:29:28.850891-0700]     3.1250 MB /   0.50 sec =   52.4294 Mbps     0 retrans
[2024-11-03T14:29:29.350890-0700]     2.4375 MB /   0.50 sec =   40.8950 Mbps     0 retrans
[2024-11-03T14:29:29.851347-0700]     0.1875 MB /   0.50 sec =    3.1430 Mbps     0 retrans
[2024-11-03T14:29:30.350920-0700]     0.7500 MB /   0.50 sec =   12.5932 Mbps     0 retrans
[2024-11-03T14:29:30.851144-0700]     0.5000 MB /   0.50 sec =    8.3870 Mbps     0 retrans
[2024-11-03T14:29:31.351549-0700]     1.7500 MB /   0.50 sec =   29.3328 Mbps     0 retrans
[2024-11-03T14:29:31.850878-0700]     2.8125 MB /   0.50 sec =   47.2411 Mbps     0 retrans
[2024-11-03T14:29:32.351466-0700]     0.1875 MB /   0.50 sec =    3.1424 Mbps     0 retrans
[2024-11-03T14:29:32.850914-0700]     1.6875 MB /   0.50 sec =   28.3401 Mbps     0 retrans
[2024-11-03T14:29:33.350964-0700]     4.2500 MB /   0.50 sec =   71.2975 Mbps     0 retrans
[2024-11-03T14:29:33.850876-0700]     1.4375 MB /   0.50 sec =   24.1207 Mbps     0 retrans
[2024-11-03T14:29:34.350854-0700]     2.0000 MB /   0.50 sec =   33.5550 Mbps     0 retrans
[2024-11-03T14:29:34.850877-0700]     1.8750 MB /   0.50 sec =   31.4570 Mbps     0 retrans
[2024-11-03T14:29:35.350915-0700]     1.8750 MB /   0.50 sec =   31.4560 Mbps     0 retrans
[2024-11-03T14:29:35.850878-0700]     3.2500 MB /   0.50 sec =   54.5280 Mbps     0 retrans
[2024-11-03T14:29:36.350914-0700]     1.5000 MB /   0.50 sec =   25.1651 Mbps     0 retrans
[2024-11-03T14:29:36.851206-0700]     0.3750 MB /   0.50 sec =    6.2894 Mbps     0 retrans
[2024-11-03T14:29:37.351107-0700]     0.8750 MB /   0.50 sec =   14.6843 Mbps     0 retrans
[2024-11-03T14:29:37.850940-0700]     2.0000 MB /   0.50 sec =   33.5558 Mbps     0 retrans
[2024-11-03T14:29:38.350970-0700]     1.2500 MB /   0.50 sec =   20.9706 Mbps     0 retrans
[2024-11-03T14:29:38.850894-0700]     5.1875 MB /   0.50 sec =   87.0369 Mbps     0 retrans
[2024-11-03T14:29:39.350887-0700]     3.1875 MB /   0.50 sec =   53.4777 Mbps     0 retrans
[2024-11-03T14:29:39.851269-0700]     3.5000 MB /   0.50 sec =   58.7191 Mbps     0 retrans
[2024-11-03T14:29:40.350935-0700]     3.9375 MB /   0.50 sec =   66.0578 Mbps     0 retrans
[2024-11-03T14:29:40.851040-0700]     4.0625 MB /   0.50 sec =   68.1573 Mbps     0 retrans
[2024-11-03T14:29:41.350895-0700]     4.5625 MB /   0.50 sec =   76.5503 Mbps     0 retrans
[2024-11-03T14:29:41.850872-0700]     2.5000 MB /   0.50 sec =   41.9434 Mbps     0 retrans
[2024-11-03T14:29:42.350963-0700]     1.1250 MB /   0.50 sec =   18.8729 Mbps     0 retrans
[2024-11-03T14:29:42.850926-0700]     0.0000 MB /   0.50 sec =    0.0000 Mbps     0 retrans
[2024-11-03T14:29:43.350970-0700]     0.0000 MB /   0.50 sec =    0.0000 Mbps     0 retrans
[2024-11-03T14:29:43.850909-0700]     1.3125 MB /   0.50 sec =   22.0208 Mbps     0 retrans
[2024-11-03T14:29:44.350956-0700]     4.0000 MB /   0.50 sec =   67.1060 Mbps     0 retrans
[2024-11-03T14:29:44.850912-0700]     4.6875 MB /   0.50 sec =   78.6468 Mbps     0 retrans
[2024-11-03T14:29:45.350905-0700]     3.2500 MB /   0.50 sec =   54.5272 Mbps     0 retrans
[2024-11-03T14:29:45.850971-0700]     1.1250 MB /   0.50 sec =   18.8711 Mbps     0 retrans
[2024-11-03T14:29:46.350983-0700]     3.3125 MB /   0.50 sec =   55.5771 Mbps     0 retrans
[2024-11-03T14:29:46.850873-0700]     3.8125 MB /   0.50 sec =   63.9723 Mbps     0 retrans
[2024-11-03T14:29:47.351039-0700]     2.4375 MB /   0.50 sec =   40.8941 Mbps     0 retrans
[2024-11-03T14:29:47.850872-0700]     2.7500 MB /   0.50 sec =   46.1373 Mbps     0 retrans
[2024-11-03T14:29:48.350974-0700]     4.8750 MB /   0.50 sec =   81.7778 Mbps     0 retrans
[2024-11-03T14:29:48.850888-0700]     4.1875 MB /   0.50 sec =   70.2627 Mbps     0 retrans
[2024-11-03T14:29:49.350870-0700]     3.3125 MB /   0.50 sec =   55.5748 Mbps     0 retrans
[2024-11-03T14:29:49.850828-0700]     1.8125 MB /   0.50 sec =   30.4094 Mbps     0 retrans
[2024-11-03T14:29:50.351016-0700]     0.0000 MB /   0.50 sec =    0.0000 Mbps     0 retrans
[2024-11-03T14:29:50.851026-0700]     0.9375 MB /   0.50 sec =   15.7283 Mbps     0 retrans
[2024-11-03T14:29:51.350908-0700]     4.5625 MB /   0.50 sec =   76.5597 Mbps     0 retrans
[2024-11-03T14:29:51.850877-0700]     3.4375 MB /   0.50 sec =   57.6723 Mbps     0 retrans
[2024-11-03T14:29:52.350899-0700]     2.3125 MB /   0.50 sec =   38.7972 Mbps     0 retrans
[2024-11-03T14:29:52.850946-0700]     0.1875 MB /   0.50 sec =    3.1454 Mbps     0 retrans
[2024-11-03T14:29:53.350900-0700]     4.7500 MB /   0.50 sec =   79.6985 Mbps     0 retrans
[2024-11-03T14:29:53.851015-0700]     3.0625 MB /   0.50 sec =   51.3804 Mbps     0 retrans
[2024-11-03T14:29:54.351082-0700]     0.8750 MB /   0.50 sec =   14.6757 Mbps     0 retrans
[2024-11-03T14:29:54.850850-0700]     2.0625 MB /   0.50 sec =   34.6124 Mbps     0 retrans
[2024-11-03T14:29:55.350936-0700]     4.1875 MB /   0.50 sec =   70.2526 Mbps     0 retrans
[2024-11-03T14:29:55.850879-0700]     3.5000 MB /   0.50 sec =   58.7239 Mbps     0 retrans
[2024-11-03T14:29:56.350902-0700]     2.1875 MB /   0.50 sec =   36.7000 Mbps     0 retrans
[2024-11-03T14:29:56.851003-0700]     0.6250 MB /   0.50 sec =   10.4836 Mbps     0 retrans
[2024-11-03T14:29:57.351014-0700]     3.1250 MB /   0.50 sec =   52.4274 Mbps     0 retrans
[2024-11-03T14:29:57.850960-0700]     2.0000 MB /   0.50 sec =   33.5571 Mbps     0 retrans
[2024-11-03T14:29:58.351098-0700]     0.0000 MB /   0.50 sec =    0.0000 Mbps     0 retrans
[2024-11-03T14:29:58.850928-0700]     0.1875 MB /   0.50 sec =    3.1466 Mbps     0 retrans
[2024-11-03T14:29:59.351109-0700]     0.1250 MB /   0.50 sec =    2.0966 Mbps     0 retrans
[2024-11-03T14:29:59.850899-0700]     0.6875 MB /   0.50 sec =   11.5372 Mbps     0 retrans
[2024-11-03T14:30:00.350832-0700]     1.6875 MB /   0.50 sec =   28.3147 Mbps     0 retrans
[2024-11-03T14:30:00.850908-0700]     4.1250 MB /   0.50 sec =   69.2032 Mbps     0 retrans
[2024-11-03T14:30:01.351021-0700]     1.1250 MB /   0.50 sec =   18.8707 Mbps     0 retrans
[2024-11-03T14:30:01.850879-0700]     0.3125 MB /   0.50 sec =    5.2440 Mbps     0 retrans
[2024-11-03T14:30:02.350997-0700]     0.5625 MB /   0.50 sec =    9.4357 Mbps     0 retrans
[2024-11-03T14:30:02.850955-0700]     0.0000 MB /   0.50 sec =    0.0000 Mbps     0 retrans
[2024-11-03T14:30:03.350977-0700]     0.1250 MB /   0.50 sec =    2.0974 Mbps     0 retrans
[2024-11-03T14:30:03.850906-0700]     0.4375 MB /   0.50 sec =    7.3399 Mbps     0 retrans
[2024-11-03T14:30:04.351214-0700]     2.7500 MB /   0.50 sec =   46.1267 Mbps     0 retrans
[2024-11-03T14:30:04.850881-0700]     1.3125 MB /   0.50 sec =   22.0259 Mbps     0 retrans
[2024-11-03T14:30:05.350908-0700]     1.5625 MB /   0.50 sec =   26.2140 Mbps     0 retrans
[2024-11-03T14:30:05.850801-0700]     1.3125 MB /   0.50 sec =   22.0215 Mbps     0 retrans
[2024-11-03T14:30:06.350939-0700]     1.4375 MB /   0.50 sec =   24.1144 Mbps     0 retrans
[2024-11-03T14:30:06.850881-0700]     1.3750 MB /   0.50 sec =   23.0701 Mbps     0 retrans
[2024-11-03T14:30:07.350962-0700]     1.5625 MB /   0.50 sec =   26.2111 Mbps     0 retrans
[2024-11-03T14:30:07.851002-0700]     0.4375 MB /   0.50 sec =    7.3394 Mbps     0 retrans
[2024-11-03T14:30:08.351076-0700]     0.0000 MB /   0.50 sec =    0.0000 Mbps     0 retrans
[2024-11-03T14:30:08.850906-0700]     2.9375 MB /   0.50 sec =   49.2941 Mbps     0 retrans
[2024-11-03T14:30:09.350908-0700]     1.8125 MB /   0.50 sec =   30.4096 Mbps     0 retrans
[2024-11-03T14:30:09.850889-0700]     1.5000 MB /   0.50 sec =   25.1657 Mbps     0 retrans
[2024-11-03T14:30:10.350904-0700]     1.8125 MB /   0.50 sec =   30.4091 Mbps     0 retrans
[2024-11-03T14:30:10.850873-0700]     2.3750 MB /   0.50 sec =   39.8468 Mbps     0 retrans
[2024-11-03T14:30:11.350896-0700]     1.9375 MB /   0.50 sec =   32.5051 Mbps     0 retrans
[2024-11-03T14:30:11.850883-0700]     2.1875 MB /   0.50 sec =   36.7005 Mbps     0 retrans
[2024-11-03T14:30:12.350910-0700]     2.1875 MB /   0.50 sec =   36.6991 Mbps     0 retrans
[2024-11-03T14:30:12.850965-0700]     2.1875 MB /   0.50 sec =   36.6988 Mbps     0 retrans
[2024-11-03T14:30:13.350907-0700]     2.8125 MB /   0.50 sec =   47.1890 Mbps     0 retrans
[2024-11-03T14:30:13.850882-0700]     2.1250 MB /   0.50 sec =   35.6519 Mbps     0 retrans
[2024-11-03T14:30:14.350889-0700]     1.6875 MB /   0.50 sec =   28.3113 Mbps     0 retrans
[2024-11-03T14:30:14.851065-0700]     3.0625 MB /   0.50 sec =   51.3742 Mbps     0 retrans
[2024-11-03T14:30:15.350972-0700]     2.9375 MB /   0.50 sec =   49.2823 Mbps     0 retrans
[2024-11-03T14:30:15.850946-0700]     3.1875 MB /   0.50 sec =   53.4772 Mbps     0 retrans
[2024-11-03T14:30:16.350958-0700]     2.8750 MB /   0.50 sec =   48.2390 Mbps     0 retrans
[2024-11-03T14:30:16.850872-0700]     2.7500 MB /   0.50 sec =   46.1395 Mbps     0 retrans
[2024-11-03T14:30:17.350922-0700]     2.1250 MB /   0.50 sec =   35.6500 Mbps     0 retrans
[2024-11-03T14:30:17.850861-0700]     2.0000 MB /   0.50 sec =   33.5566 Mbps     0 retrans
[2024-11-03T14:30:18.350900-0700]     1.4375 MB /   0.50 sec =   24.1166 Mbps     0 retrans
[2024-11-03T14:30:18.850883-0700]     2.1875 MB /   0.50 sec =   36.7006 Mbps     0 retrans
[2024-11-03T14:30:19.350917-0700]     2.6250 MB /   0.50 sec =   44.0391 Mbps     0 retrans
[2024-11-03T14:30:19.850876-0700]     2.3750 MB /   0.50 sec =   39.8467 Mbps     0 retrans
[2024-11-03T14:30:20.350906-0700]     2.8125 MB /   0.50 sec =   47.1856 Mbps     0 retrans
[2024-11-03T14:30:20.850935-0700]     2.8125 MB /   0.50 sec =   47.1842 Mbps     0 retrans
[2024-11-03T14:30:21.350892-0700]     2.7500 MB /   0.50 sec =   46.1393 Mbps     0 retrans
[2024-11-03T14:30:21.850880-0700]     2.5625 MB /   0.50 sec =   42.9917 Mbps     0 retrans
[2024-11-03T14:30:22.351005-0700]     0.9375 MB /   0.50 sec =   15.7258 Mbps     0 retrans
[2024-11-03T14:30:22.851166-0700]     0.0000 MB /   0.50 sec =    0.0000 Mbps     0 retrans
[2024-11-03T14:30:23.350822-0700]     1.5000 MB /   0.50 sec =   25.1743 Mbps     0 retrans
[2024-11-03T14:30:23.850827-0700]     1.7500 MB /   0.50 sec =   29.3589 Mbps     0 retrans
[2024-11-03T14:30:24.350921-0700]     1.5625 MB /   0.50 sec =   26.2136 Mbps     0 retrans
[2024-11-03T14:30:24.851065-0700]     0.0000 MB /   0.50 sec =    0.0000 Mbps     0 retrans
[2024-11-03T14:30:25.350875-0700]     3.8125 MB /   0.50 sec =   63.9787 Mbps     0 retrans
[2024-11-03T14:30:25.850889-0700]     2.4375 MB /   0.50 sec =   40.8941 Mbps     0 retrans
[2024-11-03T14:30:26.350934-0700]     2.2500 MB /   0.50 sec =   37.7490 Mbps     0 retrans
[2024-11-03T14:30:26.850887-0700]     2.3750 MB /   0.50 sec =   39.8454 Mbps     0 retrans
[2024-11-03T14:30:27.350917-0700]     2.3125 MB /   0.50 sec =   38.7969 Mbps     0 retrans
[2024-11-03T14:30:27.851017-0700]     0.8750 MB /   0.50 sec =   14.6770 Mbps     0 retrans
[2024-11-03T14:30:28.351026-0700]     0.0000 MB /   0.50 sec =    0.0000 Mbps     0 retrans
[2024-11-03T14:30:28.850815-0700]     1.0000 MB /   0.50 sec =   16.7809 Mbps     0 retrans
[2024-11-03T14:30:29.351077-0700]     0.6250 MB /   0.50 sec =   10.4827 Mbps     0 retrans
[2024-11-03T14:30:29.850961-0700]     2.2500 MB /   0.50 sec =   37.7526 Mbps     0 retrans
[2024-11-03T14:30:30.350904-0700]     2.9375 MB /   0.50 sec =   49.2901 Mbps     0 retrans
[2024-11-03T14:30:30.851010-0700]     1.5000 MB /   0.50 sec =   25.1609 Mbps     0 retrans
[2024-11-03T14:30:31.351079-0700]     2.1875 MB /   0.50 sec =   36.7077 Mbps     0 retrans
[2024-11-03T14:30:31.850891-0700]     3.0625 MB /   0.50 sec =   51.3800 Mbps     0 retrans
[2024-11-03T14:30:32.350909-0700]     1.5625 MB /   0.50 sec =   26.2140 Mbps     0 retrans
[2024-11-03T14:30:32.850971-0700]     0.7500 MB /   0.50 sec =   12.5807 Mbps     0 retrans
[2024-11-03T14:30:33.351068-0700]     0.0000 MB /   0.50 sec =    0.0000 Mbps     0 retrans
[2024-11-03T14:30:33.851024-0700]     0.1250 MB /   0.50 sec =    2.0973 Mbps     0 retrans
[2024-11-03T14:30:34.350956-0700]     0.0000 MB /   0.50 sec =    0.0000 Mbps     0 retrans
[2024-11-03T14:30:34.851070-0700]     0.0000 MB /   0.50 sec =    0.0000 Mbps     0 retrans
[2024-11-03T14:30:35.351014-0700]     0.0000 MB /   0.50 sec =    0.0000 Mbps     0 retrans
[2024-11-03T14:30:35.850898-0700]     2.0000 MB /   0.50 sec =   33.5575 Mbps     0 retrans
[2024-11-03T14:30:36.350972-0700]     4.3125 MB /   0.50 sec =   72.3471 Mbps     0 retrans
[2024-11-03T14:30:36.850999-0700]     0.9375 MB /   0.50 sec =   15.7276 Mbps     0 retrans
[2024-11-03T14:30:37.350913-0700]     0.5625 MB /   0.50 sec =    9.4386 Mbps     0 retrans
End time: 1730669437784
