Start time: 1730658620124
[2024-11-03T11:30:22.479194-0700] nuttcp-t: v8.1.4: socket
[2024-11-03T11:30:22.480311-0700] nuttcp-t: buflen=65536, nstream=1, port=5101 tcp -> 54.176.53.206
[2024-11-03T11:30:22.480710-0700] nuttcp-t: time limit = 120.00 seconds
[2024-11-03T11:30:22.480796-0700] nuttcp-t: connect to 54.176.53.206 with mss=1376, RTT=174.551 ms af=inet
[2024-11-03T11:30:22.480875-0700] nuttcp-t: send window size = 524288, receive window size = 4194304
[2024-11-03T11:30:22.480952-0700] nuttcp-t: available send window = 393216, available receive window = 3145728
[2024-11-03T11:30:22.481028-0700] nuttcp-t: initial congestion window = 13 KB (10 packets)
[2024-11-03T11:30:22.481101-0700] nuttcp-r: v6.1.2: socket
[2024-11-03T11:30:22.481179-0700] nuttcp-r: buflen=65536, nstream=1, port=5101 tcp
[2024-11-03T11:30:22.481739-0700] nuttcp-r: interval reporting every 0.50 seconds
[2024-11-03T11:30:22.481916-0700] nuttcp-r: accept from 174.201.54.66
[2024-11-03T11:30:22.481987-0700] nuttcp-r: send window size = 450000000, receive window size = 450000000
[2024-11-03T11:30:22.482062-0700] nuttcp-r: available send window = 225000000, available receive window = 225000000
[2024-11-03T11:30:22.482137-0700]     0.0000 MB /   0.50 sec =    0.0000 Mbps     0 retrans    120 KB-cwnd
[2024-11-03T11:30:22.482210-0700]     0.0625 MB /   0.50 sec =    1.0486 Mbps     0 retrans    120 KB-cwnd
[2024-11-03T11:30:27.478180-0700]     0.0000 MB /   0.50 sec =    0.0000 Mbps   113 retrans    123 KB-cwnd
[2024-11-03T11:30:27.478666-0700]     0.0625 MB /   0.50 sec =    1.0486 Mbps     0 retrans    123 KB-cwnd
[2024-11-03T11:30:27.478809-0700]     0.0000 MB /   0.50 sec =    0.0000 Mbps     0 retrans    123 KB-cwnd
[2024-11-03T11:30:27.478929-0700]     0.0625 MB /   0.50 sec =    1.0485 Mbps     0 retrans    123 KB-cwnd
[2024-11-03T11:30:27.479040-0700]     0.0625 MB /   0.50 sec =    1.0486 Mbps     0 retrans    123 KB-cwnd
[2024-11-03T11:30:27.479148-0700]     0.0000 MB /   0.50 sec =    0.0000 Mbps     0 retrans    123 KB-cwnd
[2024-11-03T11:30:27.479252-0700]     0.0000 MB /   0.50 sec =    0.0000 Mbps     0 retrans    123 KB-cwnd
[2024-11-03T11:30:27.479515-0700]     0.0000 MB /   0.50 sec =    0.0000 Mbps     0 retrans    123 KB-cwnd
[2024-11-03T11:30:27.479640-0700]     0.0000 MB /   0.50 sec =    0.0000 Mbps     0 retrans    123 KB-cwnd
[2024-11-03T11:30:27.479748-0700]     0.0000 MB /   0.50 sec =    0.0000 Mbps     0 retrans    123 KB-cwnd
[2024-11-03T11:30:28.969952-0700]     0.0000 MB /   0.50 sec =    0.0000 Mbps     0 retrans    172 KB-cwnd
[2024-11-03T11:30:28.970400-0700]     0.2500 MB /   0.50 sec =    4.1946 Mbps     0 retrans    172 KB-cwnd
[2024-11-03T11:30:28.970535-0700]     0.0625 MB /   0.50 sec =    1.0486 Mbps     0 retrans    172 KB-cwnd
[2024-11-03T11:30:32.132572-0700]     0.0625 MB /   0.50 sec =    1.0486 Mbps     0 retrans    184 KB-cwnd
[2024-11-03T11:30:32.133248-0700]     0.0625 MB /   0.50 sec =    1.0486 Mbps     0 retrans    184 KB-cwnd
[2024-11-03T11:30:32.133396-0700]     0.0000 MB /   0.50 sec =    0.0000 Mbps     0 retrans    184 KB-cwnd
[2024-11-03T11:30:32.133512-0700]     0.1250 MB /   0.50 sec =    2.0975 Mbps     0 retrans    184 KB-cwnd
[2024-11-03T11:30:32.133621-0700]     0.0000 MB /   0.50 sec =    0.0000 Mbps     0 retrans    184 KB-cwnd
[2024-11-03T11:30:32.133725-0700]     0.0625 MB /   0.50 sec =    1.0486 Mbps     0 retrans    184 KB-cwnd
[2024-11-03T11:30:32.133828-0700]     0.0625 MB /   0.50 sec =    1.0486 Mbps     0 retrans    184 KB-cwnd
[2024-11-03T11:30:34.757702-0700]     0.0000 MB /   0.50 sec =    0.0000 Mbps     4 retrans    150 KB-cwnd
[2024-11-03T11:30:34.758168-0700]     0.0000 MB /   0.50 sec =    0.0000 Mbps     0 retrans    150 KB-cwnd
[2024-11-03T11:30:34.758310-0700]     0.0000 MB /   0.50 sec =    0.0000 Mbps     0 retrans    150 KB-cwnd
[2024-11-03T11:30:34.758507-0700]     0.1250 MB /   0.50 sec =    2.0971 Mbps     0 retrans    150 KB-cwnd
[2024-11-03T11:30:34.758630-0700]     0.1875 MB /   0.50 sec =    3.1458 Mbps     0 retrans    150 KB-cwnd
[2024-11-03T11:30:37.334173-0700]     0.1250 MB /   0.50 sec =    2.0971 Mbps     0 retrans    155 KB-cwnd
[2024-11-03T11:30:37.334610-0700]     0.0625 MB /   0.50 sec =    1.0486 Mbps     0 retrans    155 KB-cwnd
[2024-11-03T11:30:37.334748-0700]     0.0625 MB /   0.50 sec =    1.0486 Mbps     0 retrans    155 KB-cwnd
[2024-11-03T11:30:37.334862-0700]     0.0625 MB /   0.50 sec =    1.0486 Mbps     0 retrans    155 KB-cwnd
[2024-11-03T11:30:37.334969-0700]     0.0625 MB /   0.50 sec =    1.0486 Mbps     0 retrans    155 KB-cwnd
[2024-11-03T11:30:40.523709-0700]     0.0625 MB /   0.50 sec =    1.0486 Mbps     0 retrans    157 KB-cwnd
[2024-11-03T11:30:40.524378-0700]     0.0625 MB /   0.50 sec =    1.0486 Mbps     0 retrans    157 KB-cwnd
[2024-11-03T11:30:40.524538-0700]     0.0625 MB /   0.50 sec =    1.0486 Mbps     0 retrans    157 KB-cwnd
[2024-11-03T11:30:40.524654-0700]     0.0625 MB /   0.50 sec =    1.0486 Mbps     0 retrans    157 KB-cwnd
[2024-11-03T11:30:40.524762-0700]     0.0625 MB /   0.50 sec =    1.0486 Mbps     0 retrans    157 KB-cwnd
[2024-11-03T11:30:40.524867-0700]     0.0000 MB /   0.50 sec =    0.0000 Mbps     0 retrans    157 KB-cwnd
[2024-11-03T11:30:40.524968-0700]     0.1250 MB /   0.50 sec =    2.0970 Mbps     0 retrans    157 KB-cwnd
[2024-11-03T11:30:43.212147-0700]     0.0625 MB /   0.50 sec =    1.0486 Mbps     0 retrans    158 KB-cwnd
[2024-11-03T11:30:43.212592-0700]     0.0625 MB /   0.50 sec =    1.0485 Mbps     0 retrans    158 KB-cwnd
[2024-11-03T11:30:43.212722-0700]     0.0625 MB /   0.50 sec =    1.0486 Mbps     0 retrans    158 KB-cwnd
[2024-11-03T11:30:43.212834-0700]     0.0625 MB /   0.50 sec =    1.0486 Mbps     0 retrans    158 KB-cwnd
[2024-11-03T11:30:43.212938-0700]     0.0625 MB /   0.50 sec =    1.0484 Mbps     0 retrans    158 KB-cwnd
[2024-11-03T11:30:47.320985-0700]     0.0625 MB /   0.50 sec =    1.0488 Mbps    11 retrans    126 KB-cwnd
[2024-11-03T11:30:47.321537-0700]     0.0625 MB /   0.50 sec =    1.0485 Mbps     0 retrans    126 KB-cwnd
[2024-11-03T11:30:47.321690-0700]     0.0625 MB /   0.50 sec =    1.0486 Mbps     0 retrans    126 KB-cwnd
[2024-11-03T11:30:47.321810-0700]     0.0000 MB /   0.50 sec =    0.0000 Mbps     0 retrans    126 KB-cwnd
[2024-11-03T11:30:47.321920-0700]     0.0625 MB /   0.50 sec =    1.0486 Mbps     0 retrans    126 KB-cwnd
[2024-11-03T11:30:47.322027-0700]     0.0000 MB /   0.50 sec =    0.0000 Mbps     0 retrans    126 KB-cwnd
[2024-11-03T11:30:47.322131-0700]     0.0000 MB /   0.50 sec =    0.0000 Mbps     0 retrans    126 KB-cwnd
[2024-11-03T11:30:47.322238-0700]     0.0000 MB /   0.50 sec =    0.0000 Mbps     0 retrans    126 KB-cwnd
[2024-11-03T11:30:50.608994-0700]     0.1875 MB /   0.50 sec =    3.1459 Mbps     0 retrans    133 KB-cwnd
[2024-11-03T11:30:50.609464-0700]     0.0625 MB /   0.50 sec =    1.0485 Mbps     0 retrans    133 KB-cwnd
[2024-11-03T11:30:50.609602-0700]     0.0000 MB /   0.50 sec =    0.0000 Mbps     0 retrans    133 KB-cwnd
[2024-11-03T11:30:50.609721-0700]     0.0625 MB /   0.50 sec =    1.0486 Mbps     0 retrans    133 KB-cwnd
[2024-11-03T11:30:50.609829-0700]     0.0625 MB /   0.50 sec =    1.0486 Mbps     0 retrans    133 KB-cwnd
[2024-11-03T11:30:50.609931-0700]     0.0625 MB /   0.50 sec =    1.0486 Mbps     0 retrans    133 KB-cwnd
[2024-11-03T11:30:50.610035-0700]     0.0625 MB /   0.50 sec =    1.0486 Mbps     0 retrans    133 KB-cwnd
[2024-11-03T11:30:55.113152-0700]     0.0000 MB /   0.50 sec =    0.0000 Mbps    11 retrans    110 KB-cwnd
[2024-11-03T11:30:55.113634-0700]     0.0625 MB /   0.50 sec =    1.0486 Mbps     0 retrans    110 KB-cwnd
[2024-11-03T11:30:55.113766-0700]     0.0000 MB /   0.50 sec =    0.0000 Mbps     0 retrans    110 KB-cwnd
[2024-11-03T11:30:55.113880-0700]     0.0000 MB /   0.50 sec =    0.0000 Mbps     0 retrans    110 KB-cwnd
[2024-11-03T11:30:55.113978-0700]     0.0000 MB /   0.50 sec =    0.0000 Mbps     0 retrans    110 KB-cwnd
[2024-11-03T11:30:55.114512-0700]     0.0625 MB /   0.50 sec =    1.0486 Mbps     0 retrans    110 KB-cwnd
[2024-11-03T11:30:55.114597-0700]     0.1250 MB /   0.50 sec =    2.0971 Mbps     0 retrans    110 KB-cwnd
[2024-11-03T11:30:55.114713-0700]     0.0625 MB /   0.50 sec =    1.0486 Mbps     0 retrans    110 KB-cwnd
[2024-11-03T11:30:55.114801-0700]     0.0000 MB /   0.50 sec =    0.0000 Mbps     0 retrans    110 KB-cwnd
[2024-11-03T11:30:58.518376-0700]     0.0625 MB /   0.50 sec =    1.0486 Mbps     0 retrans    111 KB-cwnd
[2024-11-03T11:30:58.518994-0700]     0.0625 MB /   0.50 sec =    1.0483 Mbps     0 retrans    111 KB-cwnd
[2024-11-03T11:30:58.519153-0700]     0.0625 MB /   0.50 sec =    1.0488 Mbps     0 retrans    111 KB-cwnd
[2024-11-03T11:30:58.519273-0700]     0.0000 MB /   0.50 sec =    0.0000 Mbps     0 retrans    111 KB-cwnd
[2024-11-03T11:30:58.519554-0700]     0.0625 MB /   0.50 sec =    1.0486 Mbps     0 retrans    111 KB-cwnd
[2024-11-03T11:30:58.519672-0700]     0.0625 MB /   0.50 sec =    1.0486 Mbps     0 retrans    111 KB-cwnd
[2024-11-03T11:30:58.519778-0700]     0.0625 MB /   0.50 sec =    1.0486 Mbps     0 retrans    111 KB-cwnd
[2024-11-03T11:31:01.315839-0700]     0.0625 MB /   0.50 sec =    1.0485 Mbps     0 retrans    112 KB-cwnd
[2024-11-03T11:31:01.315963-0700]     0.0625 MB /   0.50 sec =    1.0487 Mbps     0 retrans    112 KB-cwnd
[2024-11-03T11:31:01.315991-0700]     0.0625 MB /   0.50 sec =    1.0486 Mbps     0 retrans    112 KB-cwnd
[2024-11-03T11:31:01.316015-0700]     0.0625 MB /   0.50 sec =    1.0486 Mbps     0 retrans    112 KB-cwnd
[2024-11-03T11:31:01.316037-0700]     0.0625 MB /   0.50 sec =    1.0486 Mbps     0 retrans    112 KB-cwnd
[2024-11-03T11:31:03.360880-0700]     0.1250 MB /   0.50 sec =    2.0972 Mbps     0 retrans    114 KB-cwnd
[2024-11-03T11:31:03.361417-0700]     0.0625 MB /   0.50 sec =    1.0485 Mbps     0 retrans    114 KB-cwnd
[2024-11-03T11:31:03.361565-0700]     0.0625 MB /   0.50 sec =    1.0486 Mbps     0 retrans    114 KB-cwnd
[2024-11-03T11:31:03.361683-0700]     0.1250 MB /   0.50 sec =    2.0971 Mbps     0 retrans    114 KB-cwnd
[2024-11-03T11:31:05.097808-0700]     0.0625 MB /   0.50 sec =    1.0486 Mbps     0 retrans    116 KB-cwnd
[2024-11-03T11:31:05.098297-0700]     0.1250 MB /   0.50 sec =    2.0973 Mbps     0 retrans    116 KB-cwnd
[2024-11-03T11:31:05.098443-0700]     0.0625 MB /   0.50 sec =    1.0486 Mbps     0 retrans    116 KB-cwnd
[2024-11-03T11:31:05.098559-0700]     0.1250 MB /   0.50 sec =    2.0969 Mbps     0 retrans    116 KB-cwnd
[2024-11-03T11:31:06.443971-0700]     0.1250 MB /   0.50 sec =    2.0974 Mbps     0 retrans    118 KB-cwnd
[2024-11-03T11:31:06.444467-0700]     0.1250 MB /   0.50 sec =    2.0972 Mbps     0 retrans    118 KB-cwnd
[2024-11-03T11:31:07.657276-0700]     0.1875 MB /   0.50 sec =    3.1457 Mbps     0 retrans    119 KB-cwnd
[2024-11-03T11:31:07.657826-0700]     0.1250 MB /   0.50 sec =    2.0972 Mbps     0 retrans    119 KB-cwnd
[2024-11-03T11:31:07.657970-0700]     0.1250 MB /   0.50 sec =    2.0971 Mbps     0 retrans    119 KB-cwnd
[2024-11-03T11:31:09.422782-0700]     0.1875 MB /   0.50 sec =    3.1458 Mbps     0 retrans    120 KB-cwnd
[2024-11-03T11:31:09.423924-0700]     0.0625 MB /   0.50 sec =    1.0485 Mbps     0 retrans    120 KB-cwnd
[2024-11-03T11:31:09.424155-0700]     0.1250 MB /   0.50 sec =    2.0970 Mbps     0 retrans    120 KB-cwnd
[2024-11-03T11:31:11.671742-0700]     0.0625 MB /   0.50 sec =    1.0487 Mbps     0 retrans    123 KB-cwnd
[2024-11-03T11:31:11.672268-0700]     0.1250 MB /   0.50 sec =    2.0972 Mbps     0 retrans    123 KB-cwnd
[2024-11-03T11:31:11.672502-0700]     0.0625 MB /   0.50 sec =    1.0486 Mbps     0 retrans    123 KB-cwnd
[2024-11-03T11:31:11.672695-0700]     0.0625 MB /   0.50 sec =    1.0485 Mbps     0 retrans    123 KB-cwnd
[2024-11-03T11:31:11.673113-0700]     0.1250 MB /   0.50 sec =    2.0972 Mbps     0 retrans    123 KB-cwnd
[2024-11-03T11:31:13.747028-0700]     0.0625 MB /   0.50 sec =    1.0486 Mbps     0 retrans    126 KB-cwnd
[2024-11-03T11:31:13.747769-0700]     0.0625 MB /   0.50 sec =    1.0486 Mbps     0 retrans    126 KB-cwnd
[2024-11-03T11:31:13.748035-0700]     0.0625 MB /   0.50 sec =    1.0485 Mbps     0 retrans    126 KB-cwnd
[2024-11-03T11:31:13.748308-0700]     0.1250 MB /   0.50 sec =    2.0972 Mbps     0 retrans    126 KB-cwnd
[2024-11-03T11:31:16.128711-0700]     0.0625 MB /   0.50 sec =    1.0486 Mbps     0 retrans    167 KB-cwnd
[2024-11-03T11:31:16.129244-0700]     0.1250 MB /   0.50 sec =    2.0971 Mbps     0 retrans    167 KB-cwnd
[2024-11-03T11:31:16.129477-0700]     0.0625 MB /   0.50 sec =    1.0486 Mbps     0 retrans    169 KB-cwnd
[2024-11-03T11:31:16.129741-0700]     0.0625 MB /   0.50 sec =    1.0486 Mbps     0 retrans    169 KB-cwnd
[2024-11-03T11:31:16.129936-0700]     0.0625 MB /   0.50 sec =    1.0486 Mbps     0 retrans    169 KB-cwnd
[2024-11-03T11:31:17.976665-0700]     0.1250 MB /   0.50 sec =    2.0971 Mbps     0 retrans    259 KB-cwnd
[2024-11-03T11:31:17.977254-0700]     0.1250 MB /   0.50 sec =    2.0972 Mbps     0 retrans    259 KB-cwnd
[2024-11-03T11:31:17.977507-0700]     0.0625 MB /   0.50 sec =    1.0486 Mbps     0 retrans    259 KB-cwnd
[2024-11-03T11:31:24.018447-0700]     0.1250 MB /   0.50 sec =    2.0971 Mbps   170 retrans    245 KB-cwnd
[2024-11-03T11:31:24.018868-0700]     0.1250 MB /   0.50 sec =    2.0972 Mbps     0 retrans    245 KB-cwnd
[2024-11-03T11:31:24.018984-0700]     0.1250 MB /   0.50 sec =    2.0971 Mbps     0 retrans    245 KB-cwnd
[2024-11-03T11:31:24.019080-0700]     0.0625 MB /   0.50 sec =    1.0486 Mbps     0 retrans    245 KB-cwnd
[2024-11-03T11:31:24.019168-0700]     0.0000 MB /   0.50 sec =    0.0000 Mbps     0 retrans    245 KB-cwnd
[2024-11-03T11:31:24.019254-0700]     0.0000 MB /   0.50 sec =    0.0000 Mbps     0 retrans    245 KB-cwnd
[2024-11-03T11:31:24.019419-0700]     0.0000 MB /   0.50 sec =    0.0000 Mbps     0 retrans    245 KB-cwnd
[2024-11-03T11:31:24.019516-0700]     0.0000 MB /   0.50 sec =    0.0000 Mbps     0 retrans    245 KB-cwnd
[2024-11-03T11:31:24.019616-0700]     0.0000 MB /   0.50 sec =    0.0000 Mbps     0 retrans    245 KB-cwnd
[2024-11-03T11:31:24.019719-0700]     0.0000 MB /   0.50 sec =    0.0000 Mbps     0 retrans    245 KB-cwnd
[2024-11-03T11:31:24.019819-0700]     0.0000 MB /   0.50 sec =    0.0000 Mbps     0 retrans    245 KB-cwnd
[2024-11-03T11:31:24.019920-0700]     0.0000 MB /   0.50 sec =    0.0000 Mbps     0 retrans    245 KB-cwnd
[2024-11-03T11:31:24.020022-0700]     0.3750 MB /   0.50 sec =    6.2915 Mbps     0 retrans    245 KB-cwnd
[2024-11-03T11:31:33.220411-0700]     0.0625 MB /   0.50 sec =    1.0485 Mbps   216 retrans    204 KB-cwnd
[2024-11-03T11:31:33.221481-0700]     0.0000 MB /   0.50 sec =    0.0000 Mbps     0 retrans    204 KB-cwnd
[2024-11-03T11:31:33.221930-0700]     0.0000 MB /   0.50 sec =    0.0000 Mbps     0 retrans    204 KB-cwnd
[2024-11-03T11:31:33.222085-0700]     0.0000 MB /   0.50 sec =    0.0000 Mbps     0 retrans    204 KB-cwnd
[2024-11-03T11:31:33.222206-0700]     0.0000 MB /   0.50 sec =    0.0000 Mbps     0 retrans    204 KB-cwnd
[2024-11-03T11:31:33.222320-0700]     0.0000 MB /   0.50 sec =    0.0000 Mbps     0 retrans    204 KB-cwnd
[2024-11-03T11:31:33.222425-0700]     0.0000 MB /   0.50 sec =    0.0000 Mbps     0 retrans    204 KB-cwnd
[2024-11-03T11:31:33.222525-0700]     0.0000 MB /   0.50 sec =    0.0000 Mbps     0 retrans    204 KB-cwnd
[2024-11-03T11:31:33.222630-0700]     0.0625 MB /   0.50 sec =    1.0486 Mbps     0 retrans    204 KB-cwnd
[2024-11-03T11:31:33.222731-0700]     0.0000 MB /   0.50 sec =    0.0000 Mbps     0 retrans    204 KB-cwnd
[2024-11-03T11:31:33.222835-0700]     0.0625 MB /   0.50 sec =    1.0486 Mbps     0 retrans    204 KB-cwnd
[2024-11-03T11:31:33.222937-0700]     0.0000 MB /   0.50 sec =    0.0000 Mbps     0 retrans    204 KB-cwnd
[2024-11-03T11:31:33.223037-0700]     0.0000 MB /   0.50 sec =    0.0000 Mbps     0 retrans    204 KB-cwnd
[2024-11-03T11:31:33.223136-0700]     0.0000 MB /   0.50 sec =    0.0000 Mbps     0 retrans    204 KB-cwnd
[2024-11-03T11:31:33.223243-0700]     0.0000 MB /   0.50 sec =    0.0000 Mbps     0 retrans    204 KB-cwnd
[2024-11-03T11:31:33.223522-0700]     0.0000 MB /   0.50 sec =    0.0000 Mbps     0 retrans    204 KB-cwnd
[2024-11-03T11:31:33.223643-0700]     0.0625 MB /   0.50 sec =    1.0486 Mbps     0 retrans    204 KB-cwnd
[2024-11-03T11:31:33.223802-0700]     0.1250 MB /   0.50 sec =    2.0968 Mbps     0 retrans    204 KB-cwnd
[2024-11-03T11:31:36.434113-0700]     0.0625 MB /   0.50 sec =    1.0487 Mbps    22 retrans    169 KB-cwnd
[2024-11-03T11:31:36.434803-0700]     0.0000 MB /   0.50 sec =    0.0000 Mbps     0 retrans    169 KB-cwnd
[2024-11-03T11:31:36.435075-0700]     0.0625 MB /   0.50 sec =    1.0486 Mbps     0 retrans    169 KB-cwnd
[2024-11-03T11:31:36.435298-0700]     0.0000 MB /   0.50 sec =    0.0000 Mbps     0 retrans    169 KB-cwnd
[2024-11-03T11:31:36.435664-0700]     0.0000 MB /   0.50 sec =    0.0000 Mbps     0 retrans    169 KB-cwnd
[2024-11-03T11:31:36.435893-0700]     0.1875 MB /   0.50 sec =    3.1458 Mbps     0 retrans    169 KB-cwnd
[2024-11-03T11:31:38.915535-0700]     0.0625 MB /   0.50 sec =    1.0485 Mbps     0 retrans    178 KB-cwnd
[2024-11-03T11:31:38.916129-0700]     0.0625 MB /   0.50 sec =    1.0486 Mbps     0 retrans    178 KB-cwnd
[2024-11-03T11:31:38.916283-0700]     0.1250 MB /   0.50 sec =    2.0973 Mbps     0 retrans    178 KB-cwnd
[2024-11-03T11:31:38.916400-0700]     0.0000 MB /   0.50 sec =    0.0000 Mbps     0 retrans    178 KB-cwnd
[2024-11-03T11:31:38.916508-0700]     0.1250 MB /   0.50 sec =    2.0971 Mbps     0 retrans    178 KB-cwnd
[2024-11-03T11:31:41.334610-0700]     0.0625 MB /   0.50 sec =    1.0486 Mbps     0 retrans    178 KB-cwnd
[2024-11-03T11:31:41.335043-0700]     0.0625 MB /   0.50 sec =    1.0486 Mbps     0 retrans    178 KB-cwnd
[2024-11-03T11:31:41.335190-0700]     0.1250 MB /   0.50 sec =    2.0971 Mbps     0 retrans    178 KB-cwnd
[2024-11-03T11:31:41.335306-0700]     0.0625 MB /   0.50 sec =    1.0485 Mbps     0 retrans    178 KB-cwnd
[2024-11-03T11:31:41.335560-0700]     0.0625 MB /   0.50 sec =    1.0486 Mbps     0 retrans    178 KB-cwnd
[2024-11-03T11:31:43.609406-0700]     0.0625 MB /   0.50 sec =    1.0486 Mbps     0 retrans    180 KB-cwnd
[2024-11-03T11:31:43.609889-0700]     0.0625 MB /   0.50 sec =    1.0486 Mbps     0 retrans    180 KB-cwnd
[2024-11-03T11:31:43.610027-0700]     0.0625 MB /   0.50 sec =    1.0484 Mbps     0 retrans    180 KB-cwnd
[2024-11-03T11:31:43.610143-0700]     0.0625 MB /   0.50 sec =    1.0488 Mbps     0 retrans    180 KB-cwnd
[2024-11-03T11:31:43.610252-0700]     0.1250 MB /   0.50 sec =    2.0971 Mbps     0 retrans    180 KB-cwnd
[2024-11-03T11:31:45.527034-0700]     0.0625 MB /   0.50 sec =    1.0486 Mbps     0 retrans    181 KB-cwnd
[2024-11-03T11:31:45.527497-0700]     0.1250 MB /   0.50 sec =    2.0972 Mbps     0 retrans    181 KB-cwnd
[2024-11-03T11:31:45.527634-0700]     0.1250 MB /   0.50 sec =    2.0969 Mbps     0 retrans    181 KB-cwnd
[2024-11-03T11:31:47.572421-0700]     0.0625 MB /   0.50 sec =    1.0487 Mbps     0 retrans    182 KB-cwnd
[2024-11-03T11:31:47.572910-0700]     0.1250 MB /   0.50 sec =    2.0971 Mbps     0 retrans    182 KB-cwnd
[2024-11-03T11:31:47.573056-0700]     0.0625 MB /   0.50 sec =    1.0486 Mbps     0 retrans    182 KB-cwnd
[2024-11-03T11:31:47.573171-0700]     0.1250 MB /   0.50 sec =    2.0971 Mbps     0 retrans    182 KB-cwnd
[2024-11-03T11:31:47.573278-0700]     0.0625 MB /   0.50 sec =    1.0486 Mbps     0 retrans    182 KB-cwnd
[2024-11-03T11:31:50.319195-0700]     0.0625 MB /   0.50 sec =    1.0486 Mbps     0 retrans    184 KB-cwnd
[2024-11-03T11:31:50.319662-0700]     0.0625 MB /   0.50 sec =    1.0486 Mbps     0 retrans    184 KB-cwnd
[2024-11-03T11:31:50.319797-0700]     0.0625 MB /   0.50 sec =    1.0486 Mbps     0 retrans    184 KB-cwnd
[2024-11-03T11:31:50.319910-0700]     0.0625 MB /   0.50 sec =    1.0486 Mbps     0 retrans    184 KB-cwnd
[2024-11-03T11:31:50.320070-0700]     0.0625 MB /   0.50 sec =    1.0486 Mbps     0 retrans    184 KB-cwnd
[2024-11-03T11:31:52.471130-0700]     0.0625 MB /   0.50 sec =    1.0486 Mbps     0 retrans    184 KB-cwnd
[2024-11-03T11:31:52.471707-0700]     0.0625 MB /   0.50 sec =    1.0486 Mbps     0 retrans    184 KB-cwnd
[2024-11-03T11:31:52.471861-0700]     0.0625 MB /   0.50 sec =    1.0486 Mbps     0 retrans    184 KB-cwnd
[2024-11-03T11:31:52.472019-0700]     0.1250 MB /   0.50 sec =    2.0971 Mbps     0 retrans    184 KB-cwnd
[2024-11-03T11:31:54.600794-0700]     0.1250 MB /   0.50 sec =    2.0972 Mbps     0 retrans    185 KB-cwnd
[2024-11-03T11:31:54.601355-0700]     0.0625 MB /   0.50 sec =    1.0485 Mbps     0 retrans    185 KB-cwnd
[2024-11-03T11:31:54.601508-0700]     0.1250 MB /   0.50 sec =    2.0974 Mbps     0 retrans    185 KB-cwnd
[2024-11-03T11:31:54.601627-0700]     0.0625 MB /   0.50 sec =    1.0486 Mbps     0 retrans    185 KB-cwnd
[2024-11-03T11:31:54.601737-0700]     0.0625 MB /   0.50 sec =    1.0486 Mbps     0 retrans    185 KB-cwnd
[2024-11-03T11:31:57.380183-0700]     0.0625 MB /   0.50 sec =    1.0486 Mbps     0 retrans    186 KB-cwnd
[2024-11-03T11:31:57.380571-0700]     0.0625 MB /   0.50 sec =    1.0486 Mbps     0 retrans    186 KB-cwnd
[2024-11-03T11:31:57.380703-0700]     0.0625 MB /   0.50 sec =    1.0486 Mbps     0 retrans    186 KB-cwnd
[2024-11-03T11:31:57.380817-0700]     0.0625 MB /   0.50 sec =    1.0486 Mbps     0 retrans    186 KB-cwnd
[2024-11-03T11:31:57.380920-0700]     0.1250 MB /   0.50 sec =    2.0972 Mbps     0 retrans    186 KB-cwnd
[2024-11-03T11:31:59.961680-0700]     0.0000 MB /   0.50 sec =    0.0000 Mbps     2 retrans    150 KB-cwnd
[2024-11-03T11:31:59.962124-0700]     0.0625 MB /   0.50 sec =    1.0486 Mbps     0 retrans    150 KB-cwnd
[2024-11-03T11:31:59.962264-0700]     0.0625 MB /   0.50 sec =    1.0486 Mbps     0 retrans    150 KB-cwnd
[2024-11-03T11:31:59.962375-0700]     0.0000 MB /   0.50 sec =    0.0000 Mbps     0 retrans    150 KB-cwnd
[2024-11-03T11:31:59.962482-0700]     0.0000 MB /   0.50 sec =    0.0000 Mbps     0 retrans    150 KB-cwnd
[2024-11-03T11:32:02.804138-0700]     0.2500 MB /   0.50 sec =    4.1943 Mbps     0 retrans    158 KB-cwnd
[2024-11-03T11:32:02.804334-0700]     0.0625 MB /   0.50 sec =    1.0486 Mbps     0 retrans    158 KB-cwnd
[2024-11-03T11:32:02.804366-0700]     0.0625 MB /   0.50 sec =    1.0486 Mbps     0 retrans    158 KB-cwnd
[2024-11-03T11:32:02.804391-0700]     0.0625 MB /   0.50 sec =    1.0485 Mbps     0 retrans    158 KB-cwnd
[2024-11-03T11:32:02.804413-0700]     0.0625 MB /   0.50 sec =    1.0486 Mbps     0 retrans    158 KB-cwnd
[2024-11-03T11:32:02.804435-0700]     0.0625 MB /   0.50 sec =    1.0486 Mbps     0 retrans    158 KB-cwnd
[2024-11-03T11:32:04.886444-0700]     0.0625 MB /   0.50 sec =    1.0486 Mbps     0 retrans    159 KB-cwnd
[2024-11-03T11:32:04.886779-0700]     0.0625 MB /   0.50 sec =    1.0486 Mbps     0 retrans    159 KB-cwnd
[2024-11-03T11:32:04.886910-0700]     0.1250 MB /   0.50 sec =    2.0971 Mbps     0 retrans    159 KB-cwnd
[2024-11-03T11:32:04.887021-0700]     0.0625 MB /   0.50 sec =    1.0483 Mbps     0 retrans    159 KB-cwnd
[2024-11-03T11:32:06.852684-0700]     0.0625 MB /   0.50 sec =    1.0488 Mbps     0 retrans    161 KB-cwnd
[2024-11-03T11:32:06.853193-0700]     0.0625 MB /   0.50 sec =    1.0486 Mbps     0 retrans    161 KB-cwnd
[2024-11-03T11:32:06.853343-0700]     0.1250 MB /   0.50 sec =    2.0971 Mbps     0 retrans    161 KB-cwnd
[2024-11-03T11:32:06.853459-0700]     0.0625 MB /   0.50 sec =    1.0486 Mbps     0 retrans    161 KB-cwnd
[2024-11-03T11:32:08.740251-0700]     0.1875 MB /   0.50 sec =    3.1456 Mbps     0 retrans    162 KB-cwnd
[2024-11-03T11:32:08.740817-0700]     0.0625 MB /   0.50 sec =    1.0486 Mbps     0 retrans    162 KB-cwnd
[2024-11-03T11:32:08.740966-0700]     0.1250 MB /   0.50 sec =    2.0972 Mbps     0 retrans    162 KB-cwnd
[2024-11-03T11:32:08.741087-0700]     0.0625 MB /   0.50 sec =    1.0486 Mbps     0 retrans    162 KB-cwnd
[2024-11-03T11:32:10.744427-0700]     0.1250 MB /   0.50 sec =    2.0969 Mbps     0 retrans    163 KB-cwnd
[2024-11-03T11:32:10.744970-0700]     0.0625 MB /   0.50 sec =    1.0487 Mbps     0 retrans    163 KB-cwnd
[2024-11-03T11:32:10.745110-0700]     0.1250 MB /   0.50 sec =    2.0972 Mbps     0 retrans    163 KB-cwnd
[2024-11-03T11:32:10.745229-0700]     0.0625 MB /   0.50 sec =    1.0486 Mbps     0 retrans    163 KB-cwnd
[2024-11-03T11:32:13.438603-0700]     0.0625 MB /   0.50 sec =    1.0485 Mbps     0 retrans    163 KB-cwnd
[2024-11-03T11:32:13.439103-0700]     0.1250 MB /   0.50 sec =    2.0972 Mbps     0 retrans    163 KB-cwnd
[2024-11-03T11:32:13.439242-0700]     0.0000 MB /   0.50 sec =    0.0000 Mbps     0 retrans    163 KB-cwnd
[2024-11-03T11:32:13.439436-0700]     0.0625 MB /   0.50 sec =    1.0488 Mbps     0 retrans    163 KB-cwnd
[2024-11-03T11:32:13.439550-0700]     0.1250 MB /   0.50 sec =    2.0971 Mbps     0 retrans    163 KB-cwnd
[2024-11-03T11:32:16.262394-0700]     0.0625 MB /   0.50 sec =    1.0486 Mbps     0 retrans    165 KB-cwnd
[2024-11-03T11:32:16.262784-0700]     0.0625 MB /   0.50 sec =    1.0486 Mbps     0 retrans    165 KB-cwnd
[2024-11-03T11:32:16.262912-0700]     0.0000 MB /   0.50 sec =    0.0000 Mbps     0 retrans    165 KB-cwnd
[2024-11-03T11:32:16.263079-0700]     0.1250 MB /   0.50 sec =    2.0971 Mbps     0 retrans    165 KB-cwnd
[2024-11-03T11:32:16.263186-0700]     0.0625 MB /   0.50 sec =    1.0486 Mbps     0 retrans    165 KB-cwnd
[2024-11-03T11:32:16.263288-0700]     0.0625 MB /   0.50 sec =    1.0486 Mbps     0 retrans    165 KB-cwnd
[2024-11-03T11:32:19.043723-0700]     0.0625 MB /   0.50 sec =    1.0484 Mbps     0 retrans    166 KB-cwnd
[2024-11-03T11:32:19.044064-0700]     0.0625 MB /   0.50 sec =    1.0487 Mbps     0 retrans    166 KB-cwnd
[2024-11-03T11:32:19.044182-0700]     0.0625 MB /   0.50 sec =    1.0486 Mbps     0 retrans    166 KB-cwnd
[2024-11-03T11:32:19.044278-0700]     0.0625 MB /   0.50 sec =    1.0486 Mbps     0 retrans    166 KB-cwnd
[2024-11-03T11:32:19.044367-0700]     0.0625 MB /   0.50 sec =    1.0485 Mbps     0 retrans    166 KB-cwnd
[2024-11-03T11:32:20.929866-0700]     0.0625 MB /   0.50 sec =    1.0486 Mbps     0 retrans    167 KB-cwnd
[2024-11-03T11:32:20.930170-0700]     0.0625 MB /   0.50 sec =    1.0485 Mbps     0 retrans    167 KB-cwnd
[2024-11-03T11:32:20.930485-0700]     0.0625 MB /   0.50 sec =    1.0485 Mbps     0 retrans    167 KB-cwnd
[2024-11-03T11:32:20.930596-0700]     0.0625 MB /   0.50 sec =    1.0487 Mbps     0 retrans    167 KB-cwnd
[2024-11-03T11:32:21.022101-0700]     0.0000 MB /   0.50 sec =    0.0000 Mbps     1 retrans    165 KB-cwnd
End time: 1730658741286
