Start time: 1730592812733
[2024-11-02T18:13:33.709742-0600] nuttcp-t: v8.1.4: socket
[2024-11-02T18:13:33.710480-0600] nuttcp-t: buflen=65536, nstream=1, port=5101 tcp -> 54.176.53.206
[2024-11-02T18:13:33.710565-0600] nuttcp-t: time limit = 120.00 seconds
[2024-11-02T18:13:33.710629-0600] nuttcp-t: connect to 54.176.53.206 with mss=1376, RTT=42.370 ms af=inet
[2024-11-02T18:13:33.710690-0600] nuttcp-t: send window size = 2097152, receive window size = 6291456
[2024-11-02T18:13:33.710754-0600] nuttcp-t: available send window = 1572864, available receive window = 4718592
[2024-11-02T18:13:33.710813-0600] nuttcp-t: initial congestion window = 13 KB (10 packets)
[2024-11-02T18:13:33.710871-0600] nuttcp-r: v6.1.2: socket
[2024-11-02T18:13:33.710940-0600] nuttcp-r: buflen=65536, nstream=1, port=5101 tcp
[2024-11-02T18:13:33.711001-0600] nuttcp-r: interval reporting every 0.50 seconds
[2024-11-02T18:13:33.711060-0600] nuttcp-r: accept from 174.201.35.130
[2024-11-02T18:13:33.711117-0600] nuttcp-r: send window size = 450000000, receive window size = 450000000
[2024-11-02T18:13:33.711173-0600] nuttcp-r: available send window = 225000000, available receive window = 225000000
[2024-11-02T18:13:33.711249-0600]     0.3125 MB /   0.50 sec =    5.2425 Mbps     0 retrans    467 KB-cwnd
[2024-11-02T18:13:34.192916-0600]     0.5000 MB /   0.50 sec =    8.3887 Mbps     0 retrans    960 KB-cwnd
[2024-11-02T18:13:34.635778-0600]     0.5625 MB /   0.50 sec =    9.4373 Mbps     0 retrans   1366 KB-cwnd
[2024-11-02T18:13:36.987562-0600]     0.6250 MB /   0.50 sec =   10.4857 Mbps     0 retrans   1410 KB-cwnd
[2024-11-02T18:13:36.987887-0600]     0.5625 MB /   0.50 sec =    9.4373 Mbps     0 retrans   1410 KB-cwnd
[2024-11-02T18:13:36.987970-0600]     0.5000 MB /   0.50 sec =    8.3886 Mbps     0 retrans   1410 KB-cwnd
[2024-11-02T18:13:36.988042-0600]     0.4375 MB /   0.50 sec =    7.3397 Mbps     0 retrans   1410 KB-cwnd
[2024-11-02T18:13:39.538253-0600]     0.7500 MB /   0.50 sec =   12.5834 Mbps     0 retrans   1410 KB-cwnd
[2024-11-02T18:13:39.538776-0600]     0.8125 MB /   0.50 sec =   13.6318 Mbps     0 retrans   1410 KB-cwnd
[2024-11-02T18:13:39.538914-0600]     0.5000 MB /   0.50 sec =    8.3884 Mbps     0 retrans   1410 KB-cwnd
[2024-11-02T18:13:39.539044-0600]     0.3750 MB /   0.50 sec =    6.2912 Mbps     0 retrans   1410 KB-cwnd
[2024-11-02T18:13:39.539152-0600]     0.4375 MB /   0.50 sec =    7.3404 Mbps     0 retrans   1410 KB-cwnd
[2024-11-02T18:13:41.462815-0600]     0.4375 MB /   0.50 sec =    7.3399 Mbps     0 retrans   1495 KB-cwnd
[2024-11-02T18:13:41.463225-0600]     0.5625 MB /   0.50 sec =    9.4369 Mbps     0 retrans   1495 KB-cwnd
[2024-11-02T18:13:41.463369-0600]     0.7500 MB /   0.50 sec =   12.5831 Mbps     0 retrans   1495 KB-cwnd
[2024-11-02T18:13:41.463489-0600]     0.7500 MB /   0.50 sec =   12.5832 Mbps     0 retrans   1495 KB-cwnd
[2024-11-02T18:13:42.960410-0600]     0.6875 MB /   0.50 sec =   11.5342 Mbps     0 retrans   1605 KB-cwnd
[2024-11-02T18:13:42.960800-0600]     0.9375 MB /   0.50 sec =   15.7284 Mbps     0 retrans   1605 KB-cwnd
[2024-11-02T18:13:42.960938-0600]     0.8750 MB /   0.50 sec =   14.6801 Mbps     0 retrans   1605 KB-cwnd
[2024-11-02T18:13:44.141621-0600]     0.9375 MB /   0.50 sec =   15.7293 Mbps     0 retrans   1631 KB-cwnd
[2024-11-02T18:13:44.142042-0600]     1.1250 MB /   0.50 sec =   18.8739 Mbps     0 retrans   1631 KB-cwnd
[2024-11-02T18:13:44.142184-0600]     1.1875 MB /   0.50 sec =   19.9178 Mbps     0 retrans   1631 KB-cwnd
[2024-11-02T18:13:45.037421-0600]     1.2500 MB /   0.50 sec =   20.9769 Mbps     0 retrans   1730 KB-cwnd
[2024-11-02T18:13:45.823821-0600]     1.7500 MB /   0.50 sec =   29.3604 Mbps     0 retrans   1873 KB-cwnd
[2024-11-02T18:13:45.824294-0600]     1.6875 MB /   0.50 sec =   28.3106 Mbps     0 retrans   1873 KB-cwnd
[2024-11-02T18:13:46.897958-0600]     1.4375 MB /   0.50 sec =   24.1177 Mbps     0 retrans   1873 KB-cwnd
[2024-11-02T18:13:46.898559-0600]     1.1875 MB /   0.50 sec =   19.9222 Mbps     0 retrans   1873 KB-cwnd
[2024-11-02T18:13:48.047474-0600]     1.1875 MB /   0.50 sec =   19.9241 Mbps     0 retrans   1873 KB-cwnd
[2024-11-02T18:13:48.047643-0600]     1.1250 MB /   0.50 sec =   18.8744 Mbps     0 retrans   1873 KB-cwnd
[2024-11-02T18:13:49.091960-0600]     1.2500 MB /   0.50 sec =   20.9712 Mbps     0 retrans   1873 KB-cwnd
[2024-11-02T18:13:49.092467-0600]     1.2500 MB /   0.50 sec =   20.9716 Mbps     0 retrans   1873 KB-cwnd
[2024-11-02T18:13:50.154070-0600]     1.2500 MB /   0.50 sec =   20.9688 Mbps     0 retrans   1873 KB-cwnd
[2024-11-02T18:13:50.154542-0600]     1.1875 MB /   0.50 sec =   19.9251 Mbps     0 retrans   1873 KB-cwnd
[2024-11-02T18:13:50.154679-0600]     1.3125 MB /   0.50 sec =   22.0183 Mbps     0 retrans   1873 KB-cwnd
[2024-11-02T18:13:50.971976-0600]     1.5625 MB /   0.50 sec =   26.2168 Mbps     0 retrans   1873 KB-cwnd
[2024-11-02T18:13:51.768070-0600]     1.6875 MB /   0.50 sec =   28.3125 Mbps     0 retrans   1873 KB-cwnd
[2024-11-02T18:13:51.768353-0600]     1.6875 MB /   0.50 sec =   28.3106 Mbps     0 retrans   1873 KB-cwnd
[2024-11-02T18:13:52.523672-0600]     1.7500 MB /   0.50 sec =   29.3605 Mbps     0 retrans   1873 KB-cwnd
[2024-11-02T18:13:53.349674-0600]     1.6875 MB /   0.50 sec =   28.3113 Mbps     0 retrans   1873 KB-cwnd
[2024-11-02T18:13:53.350100-0600]     1.6875 MB /   0.50 sec =   28.3102 Mbps     0 retrans   1873 KB-cwnd
[2024-11-02T18:13:54.205816-0600]     1.5000 MB /   0.50 sec =   25.1677 Mbps     0 retrans   1873 KB-cwnd
[2024-11-02T18:13:54.205981-0600]     1.5625 MB /   0.50 sec =   26.2129 Mbps     0 retrans   1873 KB-cwnd
[2024-11-02T18:13:55.106028-0600]     1.4375 MB /   0.50 sec =   24.1180 Mbps     0 retrans   1873 KB-cwnd
[2024-11-02T18:13:55.106663-0600]     1.5625 MB /   0.50 sec =   26.2149 Mbps     0 retrans   1873 KB-cwnd
[2024-11-02T18:13:55.841486-0600]     1.6250 MB /   0.50 sec =   27.2633 Mbps     0 retrans   1873 KB-cwnd
[2024-11-02T18:13:56.623527-0600]     1.8750 MB /   0.50 sec =   31.4573 Mbps     0 retrans   1873 KB-cwnd
[2024-11-02T18:13:56.623744-0600]     1.7500 MB /   0.50 sec =   29.3598 Mbps     0 retrans   1873 KB-cwnd
[2024-11-02T18:13:57.364753-0600]     1.7500 MB /   0.50 sec =   29.3597 Mbps     0 retrans   1873 KB-cwnd
[2024-11-02T18:13:58.109747-0600]     1.9375 MB /   0.50 sec =   32.5059 Mbps     0 retrans   1983 KB-cwnd
[2024-11-02T18:13:58.110178-0600]     1.8125 MB /   0.50 sec =   30.4094 Mbps     0 retrans   1983 KB-cwnd
[2024-11-02T18:13:58.709367-0600]     2.1250 MB /   0.50 sec =   35.6516 Mbps     0 retrans   1983 KB-cwnd
[2024-11-02T18:13:59.284171-0600]     2.1875 MB /   0.50 sec =   36.6990 Mbps     0 retrans   1983 KB-cwnd
[2024-11-02T18:13:59.820150-0600]     2.6250 MB /   0.50 sec =   44.0416 Mbps     0 retrans   1983 KB-cwnd
[2024-11-02T18:14:00.451038-0600]     2.2500 MB /   0.50 sec =   37.7468 Mbps     0 retrans   1983 KB-cwnd
[2024-11-02T18:14:01.087204-0600]     2.0625 MB /   0.50 sec =   34.6046 Mbps     0 retrans   1983 KB-cwnd
[2024-11-02T18:14:01.655526-0600]     2.0625 MB /   0.50 sec =   34.6027 Mbps     0 retrans   2159 KB-cwnd
[2024-11-02T18:14:01.655702-0600]     2.3125 MB /   0.50 sec =   38.7979 Mbps     0 retrans   2159 KB-cwnd
[2024-11-02T18:14:02.251912-0600]     2.2500 MB /   0.50 sec =   37.7482 Mbps     0 retrans   2159 KB-cwnd
[2024-11-02T18:14:02.849421-0600]     2.2500 MB /   0.50 sec =   37.7490 Mbps     0 retrans   2159 KB-cwnd
[2024-11-02T18:14:03.501343-0600]     2.1250 MB /   0.50 sec =   35.6516 Mbps     0 retrans   2159 KB-cwnd
[2024-11-02T18:14:04.148932-0600]     2.0000 MB /   0.50 sec =   33.5269 Mbps     0 retrans   2159 KB-cwnd
[2024-11-02T18:14:04.149419-0600]     2.1250 MB /   0.50 sec =   35.6806 Mbps     0 retrans   2159 KB-cwnd
[2024-11-02T18:14:04.785927-0600]     2.0000 MB /   0.50 sec =   33.5535 Mbps     0 retrans   2159 KB-cwnd
[2024-11-02T18:14:05.401590-0600]     2.1250 MB /   0.50 sec =   35.6514 Mbps     0 retrans   2159 KB-cwnd
[2024-11-02T18:14:06.037663-0600]     2.1875 MB /   0.50 sec =   36.7013 Mbps     0 retrans   2159 KB-cwnd
[2024-11-02T18:14:06.619599-0600]     2.0625 MB /   0.50 sec =   34.6033 Mbps     0 retrans   2159 KB-cwnd
[2024-11-02T18:14:06.619841-0600]     2.3125 MB /   0.50 sec =   38.7979 Mbps     0 retrans   2159 KB-cwnd
[2024-11-02T18:14:07.103929-0600]     2.7500 MB /   0.50 sec =   46.1361 Mbps     0 retrans   2159 KB-cwnd
[2024-11-02T18:14:07.609643-0600]     2.6250 MB /   0.50 sec =   44.0360 Mbps     0 retrans   2159 KB-cwnd
[2024-11-02T18:14:08.175531-0600]     2.3750 MB /   0.50 sec =   39.8503 Mbps     0 retrans   2159 KB-cwnd
[2024-11-02T18:14:08.693590-0600]     2.5625 MB /   0.50 sec =   42.9920 Mbps     0 retrans   2159 KB-cwnd
[2024-11-02T18:14:09.181919-0600]     2.6875 MB /   0.50 sec =   45.0880 Mbps     0 retrans   2159 KB-cwnd
[2024-11-02T18:14:09.651437-0600]     2.8125 MB /   0.50 sec =   47.1839 Mbps     0 retrans   2159 KB-cwnd
[2024-11-02T18:14:10.211725-0600]     2.4375 MB /   0.50 sec =   40.8971 Mbps     0 retrans   2159 KB-cwnd
[2024-11-02T18:14:10.757627-0600]     2.3125 MB /   0.50 sec =   38.7966 Mbps     0 retrans   2159 KB-cwnd
[2024-11-02T18:14:11.209859-0600]     2.8750 MB /   0.50 sec =   48.2352 Mbps     0 retrans   2159 KB-cwnd
[2024-11-02T18:14:11.701565-0600]     2.8125 MB /   0.50 sec =   47.1842 Mbps     0 retrans   2159 KB-cwnd
[2024-11-02T18:14:12.227953-0600]     2.5625 MB /   0.50 sec =   42.9917 Mbps     0 retrans   2206 KB-cwnd
[2024-11-02T18:14:12.793643-0600]     2.4375 MB /   0.50 sec =   40.8952 Mbps     0 retrans   2365 KB-cwnd
[2024-11-02T18:14:13.297695-0600]     2.3750 MB /   0.50 sec =   39.8460 Mbps     0 retrans   2365 KB-cwnd
[2024-11-02T18:14:13.797652-0600]     3.0000 MB /   0.50 sec =   50.3285 Mbps     0 retrans   2365 KB-cwnd
[2024-11-02T18:14:14.434015-0600]     1.9375 MB /   0.50 sec =   32.5068 Mbps     0 retrans   2365 KB-cwnd
[2024-11-02T18:14:15.001830-0600]     2.3750 MB /   0.50 sec =   39.8470 Mbps     0 retrans   2365 KB-cwnd
[2024-11-02T18:14:15.566087-0600]     2.3750 MB /   0.50 sec =   39.8451 Mbps     0 retrans   2365 KB-cwnd
[2024-11-02T18:14:16.091789-0600]     2.2500 MB /   0.50 sec =   37.7478 Mbps     0 retrans   2365 KB-cwnd
[2024-11-02T18:14:16.675750-0600]     2.5625 MB /   0.50 sec =   42.9898 Mbps     0 retrans   2365 KB-cwnd
[2024-11-02T18:14:16.676297-0600]     2.2500 MB /   0.50 sec =   37.7520 Mbps     0 retrans   2365 KB-cwnd
[2024-11-02T18:14:17.263688-0600]     2.2500 MB /   0.50 sec =   37.7478 Mbps     0 retrans   2365 KB-cwnd
[2024-11-02T18:14:17.837586-0600]     2.3125 MB /   0.50 sec =   38.7989 Mbps     0 retrans   2365 KB-cwnd
[2024-11-02T18:14:18.477767-0600]     2.3125 MB /   0.50 sec =   38.7974 Mbps     0 retrans   2365 KB-cwnd
[2024-11-02T18:14:19.279511-0600]     2.0000 MB /   0.50 sec =   33.5536 Mbps     0 retrans   2365 KB-cwnd
[2024-11-02T18:14:19.279756-0600]     1.6875 MB /   0.50 sec =   28.3058 Mbps     0 retrans   2365 KB-cwnd
[2024-11-02T18:14:20.051886-0600]     1.5000 MB /   0.50 sec =   25.1711 Mbps     0 retrans   2365 KB-cwnd
[2024-11-02T18:14:20.874289-0600]     1.8125 MB /   0.50 sec =   30.4089 Mbps     0 retrans   2365 KB-cwnd
[2024-11-02T18:14:20.875048-0600]     1.5625 MB /   0.50 sec =   26.2146 Mbps     0 retrans   2365 KB-cwnd
[2024-11-02T18:14:21.813535-0600]     1.6875 MB /   0.50 sec =   28.3104 Mbps     0 retrans   2365 KB-cwnd
[2024-11-02T18:14:21.814004-0600]     1.4375 MB /   0.50 sec =   24.1177 Mbps     0 retrans   2365 KB-cwnd
[2024-11-02T18:14:22.603192-0600]     1.3750 MB /   0.50 sec =   23.0640 Mbps     0 retrans   2365 KB-cwnd
[2024-11-02T18:14:22.603545-0600]     1.6875 MB /   0.50 sec =   28.3145 Mbps     0 retrans   2365 KB-cwnd
[2024-11-02T18:14:23.347973-0600]     1.8125 MB /   0.50 sec =   30.4118 Mbps     0 retrans   2365 KB-cwnd
[2024-11-02T18:14:24.116552-0600]     1.8125 MB /   0.50 sec =   30.4088 Mbps     0 retrans   2365 KB-cwnd
[2024-11-02T18:14:24.117152-0600]     1.6875 MB /   0.50 sec =   28.3116 Mbps     0 retrans   2365 KB-cwnd
[2024-11-02T18:14:24.869508-0600]     1.7500 MB /   0.50 sec =   29.3605 Mbps     0 retrans   2365 KB-cwnd
[2024-11-02T18:14:25.651624-0600]     1.7500 MB /   0.50 sec =   29.3595 Mbps     0 retrans   2365 KB-cwnd
[2024-11-02T18:14:25.651889-0600]     1.7500 MB /   0.50 sec =   29.3603 Mbps     0 retrans   2365 KB-cwnd
[2024-11-02T18:14:26.451746-0600]     1.6875 MB /   0.50 sec =   28.3113 Mbps     0 retrans   2365 KB-cwnd
[2024-11-02T18:14:27.435998-0600]     1.5625 MB /   0.50 sec =   26.2145 Mbps     0 retrans   2365 KB-cwnd
[2024-11-02T18:14:27.436524-0600]     1.3750 MB /   0.50 sec =   23.0683 Mbps     0 retrans   2365 KB-cwnd
[2024-11-02T18:14:28.293527-0600]     1.3750 MB /   0.50 sec =   23.0696 Mbps     0 retrans   2365 KB-cwnd
[2024-11-02T18:14:28.293991-0600]     1.5625 MB /   0.50 sec =   26.2142 Mbps     0 retrans   2365 KB-cwnd
[2024-11-02T18:14:29.127624-0600]     1.6250 MB /   0.50 sec =   27.2622 Mbps     0 retrans   2365 KB-cwnd
[2024-11-02T18:14:29.127853-0600]     1.5625 MB /   0.50 sec =   26.2147 Mbps     0 retrans   2365 KB-cwnd
[2024-11-02T18:14:29.790591-0600]     1.8125 MB /   0.50 sec =   30.4088 Mbps     0 retrans   2365 KB-cwnd
[2024-11-02T18:14:30.402005-0600]     2.1875 MB /   0.50 sec =   36.7009 Mbps     0 retrans   2365 KB-cwnd
[2024-11-02T18:14:31.021664-0600]     2.1875 MB /   0.50 sec =   36.6993 Mbps     0 retrans   2365 KB-cwnd
[2024-11-02T18:14:31.617919-0600]     2.2500 MB /   0.50 sec =   37.7487 Mbps     0 retrans   2365 KB-cwnd
[2024-11-02T18:14:31.618279-0600]     2.2500 MB /   0.50 sec =   37.7492 Mbps     0 retrans   2365 KB-cwnd
[2024-11-02T18:14:32.258142-0600]     1.9375 MB /   0.50 sec =   32.5052 Mbps     0 retrans   2365 KB-cwnd
[2024-11-02T18:14:32.927860-0600]     2.1250 MB /   0.50 sec =   35.6516 Mbps     0 retrans   2365 KB-cwnd
[2024-11-02T18:14:33.611883-0600]     1.9375 MB /   0.50 sec =   32.5053 Mbps     0 retrans   2365 KB-cwnd
[2024-11-02T18:14:33.612319-0600]     1.9375 MB /   0.50 sec =   32.5070 Mbps     0 retrans   2365 KB-cwnd
[2024-11-02T18:14:34.223660-0600]     2.1875 MB /   0.50 sec =   36.7007 Mbps     0 retrans   2365 KB-cwnd
[2024-11-02T18:14:34.853860-0600]     2.1875 MB /   0.50 sec =   36.6994 Mbps     0 retrans   2365 KB-cwnd
[2024-11-02T18:14:35.471802-0600]     2.0625 MB /   0.50 sec =   34.5965 Mbps     0 retrans   2365 KB-cwnd
[2024-11-02T18:14:36.065467-0600]     2.1250 MB /   0.50 sec =   35.6580 Mbps     0 retrans   2365 KB-cwnd
[2024-11-02T18:14:36.583785-0600]     2.3750 MB /   0.50 sec =   39.8472 Mbps     0 retrans   2365 KB-cwnd
[2024-11-02T18:14:37.065837-0600]     2.5625 MB /   0.50 sec =   42.9906 Mbps     0 retrans   2365 KB-cwnd
[2024-11-02T18:14:37.683847-0600]     2.7500 MB /   0.50 sec =   46.1364 Mbps     0 retrans   2365 KB-cwnd
[2024-11-02T18:14:37.684336-0600]     2.1250 MB /   0.50 sec =   35.6532 Mbps     0 retrans   2365 KB-cwnd
[2024-11-02T18:14:38.588013-0600]     1.7500 MB /   0.50 sec =   29.3600 Mbps     0 retrans   2365 KB-cwnd
[2024-11-02T18:14:40.054135-0600]     1.3125 MB /   0.50 sec =   22.0189 Mbps     0 retrans   2365 KB-cwnd
[2024-11-02T18:14:40.054742-0600]     0.8125 MB /   0.50 sec =   13.6315 Mbps     0 retrans   2365 KB-cwnd
[2024-11-02T18:14:40.055013-0600]     0.7500 MB /   0.50 sec =   12.5834 Mbps     0 retrans   2365 KB-cwnd
[2024-11-02T18:14:41.819610-0600]     1.1250 MB /   0.50 sec =   18.8742 Mbps     0 retrans   2365 KB-cwnd
[2024-11-02T18:14:41.819996-0600]     0.4375 MB /   0.50 sec =    7.3402 Mbps     0 retrans   2365 KB-cwnd
[2024-11-02T18:14:41.820147-0600]     0.8125 MB /   0.50 sec =   13.6316 Mbps     0 retrans   2365 KB-cwnd
[2024-11-02T18:14:41.820262-0600]     0.9375 MB /   0.50 sec =   15.7215 Mbps     0 retrans   2365 KB-cwnd
[2024-11-02T18:14:43.031531-0600]     1.1250 MB /   0.50 sec =   18.8824 Mbps     0 retrans   2365 KB-cwnd
[2024-11-02T18:14:43.031758-0600]     1.0625 MB /   0.50 sec =   17.8254 Mbps     0 retrans   2365 KB-cwnd
[2024-11-02T18:14:44.117598-0600]     1.0000 MB /   0.50 sec =   16.7773 Mbps     0 retrans   2365 KB-cwnd
[2024-11-02T18:14:44.117788-0600]     1.0000 MB /   0.50 sec =   16.7776 Mbps     0 retrans   2365 KB-cwnd
[2024-11-02T18:14:44.117832-0600]     1.5000 MB /   0.50 sec =   25.1657 Mbps     0 retrans   2365 KB-cwnd
[2024-11-02T18:14:44.941893-0600]     1.4375 MB /   0.50 sec =   24.1173 Mbps     0 retrans   2365 KB-cwnd
[2024-11-02T18:14:45.659477-0600]     1.9375 MB /   0.50 sec =   32.5057 Mbps     0 retrans   2365 KB-cwnd
[2024-11-02T18:14:45.659669-0600]     1.7500 MB /   0.50 sec =   29.3595 Mbps     0 retrans   2365 KB-cwnd
[2024-11-02T18:14:46.702227-0600]     1.6250 MB /   0.50 sec =   27.2638 Mbps     0 retrans   1890 KB-cwnd
[2024-11-02T18:14:46.702880-0600]     1.1875 MB /   0.50 sec =   19.9214 Mbps     0 retrans   1890 KB-cwnd
[2024-11-02T18:14:47.845901-0600]     1.3125 MB /   0.50 sec =   22.0214 Mbps     0 retrans   1890 KB-cwnd
[2024-11-02T18:14:47.846479-0600]     1.1875 MB /   0.50 sec =   19.9226 Mbps     0 retrans   1890 KB-cwnd
[2024-11-02T18:14:48.909808-0600]     1.0625 MB /   0.50 sec =   17.8258 Mbps     8 retrans   1554 KB-cwnd
[2024-11-02T18:14:48.910420-0600]     0.8125 MB /   0.50 sec =   13.6310 Mbps     0 retrans   1554 KB-cwnd
[2024-11-02T18:14:50.007678-0600]     1.8750 MB /   0.50 sec =   31.4590 Mbps     0 retrans   1557 KB-cwnd
[2024-11-02T18:14:50.008131-0600]     1.3750 MB /   0.50 sec =   23.0298 Mbps     0 retrans   1557 KB-cwnd
[2024-11-02T18:14:53.091864-0600]     0.8750 MB /   0.50 sec =   14.7051 Mbps     0 retrans   1557 KB-cwnd
[2024-11-02T18:14:53.092357-0600]     0.8125 MB /   0.50 sec =   13.6313 Mbps     0 retrans   1557 KB-cwnd
[2024-11-02T18:14:53.092594-0600]     0.4375 MB /   0.50 sec =    7.3400 Mbps     0 retrans   1557 KB-cwnd
[2024-11-02T18:14:53.092790-0600]     0.3750 MB /   0.50 sec =    6.2914 Mbps     0 retrans   1557 KB-cwnd
[2024-11-02T18:14:53.092971-0600]     0.3125 MB /   0.50 sec =    5.2430 Mbps     0 retrans   1557 KB-cwnd
[2024-11-02T18:14:53.093151-0600]     0.3125 MB /   0.50 sec =    5.2428 Mbps     0 retrans   1557 KB-cwnd
[2024-11-02T18:14:56.142707-0600]     0.3125 MB /   0.50 sec =    5.2430 Mbps    17 retrans   1249 KB-cwnd
[2024-11-02T18:14:56.143115-0600]     0.3750 MB /   0.50 sec =    6.2909 Mbps     0 retrans   1249 KB-cwnd
[2024-11-02T18:14:56.143247-0600]     0.2500 MB /   0.50 sec =    4.1947 Mbps     0 retrans   1249 KB-cwnd
[2024-11-02T18:14:56.143372-0600]     0.3125 MB /   0.50 sec =    5.2429 Mbps     0 retrans   1249 KB-cwnd
[2024-11-02T18:14:56.143478-0600]     0.5000 MB /   0.50 sec =    8.3884 Mbps     0 retrans   1249 KB-cwnd
[2024-11-02T18:14:56.143579-0600]     0.5625 MB /   0.50 sec =    9.4374 Mbps     0 retrans   1249 KB-cwnd
[2024-11-02T18:14:56.143679-0600]     0.0625 MB /   0.50 sec =    1.0485 Mbps     0 retrans   1249 KB-cwnd
[2024-11-02T18:14:57.018258-0600]     1.5000 MB /   0.50 sec =   25.1668 Mbps    60 retrans   1045 KB-cwnd
[2024-11-02T18:14:57.640385-0600]     2.0000 MB /   0.50 sec =   33.5546 Mbps     0 retrans   1045 KB-cwnd
[2024-11-02T18:14:57.640961-0600]     2.1250 MB /   0.50 sec =   35.6514 Mbps     0 retrans   1045 KB-cwnd
[2024-11-02T18:14:58.240035-0600]     2.3125 MB /   0.50 sec =   38.7964 Mbps     0 retrans   1045 KB-cwnd
[2024-11-02T18:14:58.971865-0600]     1.9375 MB /   0.50 sec =   32.5062 Mbps     0 retrans   1045 KB-cwnd
[2024-11-02T18:14:59.613638-0600]     1.7500 MB /   0.50 sec =   29.3598 Mbps     0 retrans   1045 KB-cwnd
[2024-11-02T18:14:59.614175-0600]     2.0625 MB /   0.50 sec =   34.6039 Mbps     0 retrans   1045 KB-cwnd
[2024-11-02T18:15:00.183658-0600]     2.3750 MB /   0.50 sec =   39.8438 Mbps     0 retrans   1045 KB-cwnd
[2024-11-02T18:15:00.769634-0600]     2.3125 MB /   0.50 sec =   38.7981 Mbps     0 retrans   1045 KB-cwnd
[2024-11-02T18:15:01.326016-0600]     2.3125 MB /   0.50 sec =   38.7979 Mbps     0 retrans   1045 KB-cwnd
[2024-11-02T18:15:01.976194-0600]     2.2500 MB /   0.50 sec =   37.7484 Mbps     0 retrans   1045 KB-cwnd
[2024-11-02T18:15:02.620287-0600]     2.0625 MB /   0.50 sec =   34.6043 Mbps     0 retrans   1045 KB-cwnd
[2024-11-02T18:15:02.620834-0600]     2.0625 MB /   0.50 sec =   34.6027 Mbps     0 retrans   1045 KB-cwnd
[2024-11-02T18:15:03.324056-0600]     2.0000 MB /   0.50 sec =   33.5546 Mbps     0 retrans   1045 KB-cwnd
[2024-11-02T18:15:04.085910-0600]     1.6875 MB /   0.50 sec =   28.3113 Mbps     0 retrans   1045 KB-cwnd
[2024-11-02T18:15:04.824177-0600]     1.8125 MB /   0.50 sec =   30.4091 Mbps     0 retrans   1045 KB-cwnd
[2024-11-02T18:15:04.824729-0600]     1.8750 MB /   0.50 sec =   31.4573 Mbps     0 retrans   1045 KB-cwnd
[2024-11-02T18:15:05.880589-0600]     1.8125 MB /   0.50 sec =   30.4072 Mbps    65 retrans    873 KB-cwnd
[2024-11-02T18:15:05.881147-0600]     1.6250 MB /   0.50 sec =   27.2637 Mbps     0 retrans    873 KB-cwnd
[2024-11-02T18:15:06.735709-0600]     1.5625 MB /   0.50 sec =   26.1094 Mbps     0 retrans    935 KB-cwnd
[2024-11-02T18:15:06.735993-0600]     1.3750 MB /   0.50 sec =   23.1619 Mbps     0 retrans    935 KB-cwnd
[2024-11-02T18:15:08.057649-0600]     1.0000 MB /   0.50 sec =   16.7769 Mbps     0 retrans    935 KB-cwnd
[2024-11-02T18:15:08.058085-0600]     1.0625 MB /   0.50 sec =   17.8261 Mbps     0 retrans    935 KB-cwnd
[2024-11-02T18:15:09.632048-0600]     0.9375 MB /   0.50 sec =   15.7274 Mbps     6 retrans    748 KB-cwnd
[2024-11-02T18:15:09.632581-0600]     0.7500 MB /   0.50 sec =   12.5840 Mbps     0 retrans    748 KB-cwnd
[2024-11-02T18:15:09.632843-0600]     0.6250 MB /   0.50 sec =   10.4853 Mbps     0 retrans    748 KB-cwnd
[2024-11-02T18:15:09.633057-0600]     1.2500 MB /   0.50 sec =   20.9723 Mbps     0 retrans    748 KB-cwnd
[2024-11-02T18:15:11.287613-0600]     0.2500 MB /   0.50 sec =    4.1943 Mbps     3 retrans    663 KB-cwnd
[2024-11-02T18:15:11.287825-0600]     1.0000 MB /   0.50 sec =   16.7769 Mbps     0 retrans    663 KB-cwnd
[2024-11-02T18:15:11.287870-0600]     1.0000 MB /   0.50 sec =   16.7776 Mbps     0 retrans    663 KB-cwnd
[2024-11-02T18:15:13.044546-0600]     1.2500 MB /   0.50 sec =   20.9716 Mbps     1 retrans    532 KB-cwnd
[2024-11-02T18:15:13.045119-0600]     1.1250 MB /   0.50 sec =   18.8742 Mbps     0 retrans    532 KB-cwnd
[2024-11-02T18:15:13.045364-0600]     0.3125 MB /   0.50 sec =    5.2425 Mbps     0 retrans    532 KB-cwnd
[2024-11-02T18:15:14.007040-0600]     0.6875 MB /   0.50 sec =   11.5350 Mbps     0 retrans    591 KB-cwnd
[2024-11-02T18:15:14.007319-0600]     1.3750 MB /   0.50 sec =   23.0685 Mbps     0 retrans    591 KB-cwnd
[2024-11-02T18:15:15.388971-0600]     1.2500 MB /   0.50 sec =   20.9716 Mbps     2 retrans    597 KB-cwnd
[2024-11-02T18:15:15.389588-0600]     0.9375 MB /   0.50 sec =   15.7288 Mbps     0 retrans    597 KB-cwnd
[2024-11-02T18:15:15.390031-0600]     1.0000 MB /   0.50 sec =   16.7766 Mbps     0 retrans    597 KB-cwnd
[2024-11-02T18:15:16.555189-0600]     1.1250 MB /   0.50 sec =   18.8746 Mbps    10 retrans    532 KB-cwnd
[2024-11-02T18:15:16.555614-0600]     1.1250 MB /   0.50 sec =   18.8740 Mbps     0 retrans    532 KB-cwnd
[2024-11-02T18:15:17.775032-0600]     1.2500 MB /   0.50 sec =   20.9724 Mbps     9 retrans    513 KB-cwnd
[2024-11-02T18:15:17.775471-0600]     0.9375 MB /   0.50 sec =   15.7285 Mbps     0 retrans    513 KB-cwnd
[2024-11-02T18:15:17.775609-0600]     1.0625 MB /   0.50 sec =   17.8251 Mbps     0 retrans    513 KB-cwnd
[2024-11-02T18:15:18.906818-0600]     0.7500 MB /   0.50 sec =   12.5834 Mbps     6 retrans    576 KB-cwnd
[2024-11-02T18:15:18.907329-0600]     1.6875 MB /   0.50 sec =   28.3119 Mbps     0 retrans    576 KB-cwnd
[2024-11-02T18:15:19.984649-0600]     1.1875 MB /   0.50 sec =   19.9231 Mbps     0 retrans    580 KB-cwnd
[2024-11-02T18:15:19.985012-0600]     1.2500 MB /   0.50 sec =   20.9715 Mbps     0 retrans    580 KB-cwnd
[2024-11-02T18:15:21.048969-0600]     1.3750 MB /   0.50 sec =   23.0684 Mbps     0 retrans    584 KB-cwnd
[2024-11-02T18:15:21.049379-0600]     1.2500 MB /   0.50 sec =   20.9685 Mbps     0 retrans    584 KB-cwnd
[2024-11-02T18:15:22.589297-0600]     1.1875 MB /   0.50 sec =   19.9213 Mbps     6 retrans    471 KB-cwnd
[2024-11-02T18:15:22.589847-0600]     1.3750 MB /   0.50 sec =   23.0734 Mbps     0 retrans    471 KB-cwnd
[2024-11-02T18:15:22.590105-0600]     1.0625 MB /   0.50 sec =   17.8214 Mbps     0 retrans    471 KB-cwnd
[2024-11-02T18:15:24.107902-0600]     0.8125 MB /   0.50 sec =   13.6350 Mbps     0 retrans    580 KB-cwnd
[2024-11-02T18:15:24.108416-0600]     0.8750 MB /   0.50 sec =   14.6802 Mbps     0 retrans    580 KB-cwnd
[2024-11-02T18:15:24.108565-0600]     0.9375 MB /   0.50 sec =   15.7280 Mbps     0 retrans    580 KB-cwnd
[2024-11-02T18:15:24.108696-0600]     0.9375 MB /   0.50 sec =   15.7286 Mbps     0 retrans    580 KB-cwnd
[2024-11-02T18:15:25.432830-0600]     0.9375 MB /   0.50 sec =   15.7290 Mbps     0 retrans    584 KB-cwnd
[2024-11-02T18:15:25.433325-0600]     0.8750 MB /   0.50 sec =   14.6800 Mbps     0 retrans    584 KB-cwnd
[2024-11-02T18:15:26.416410-0600]     1.2500 MB /   0.50 sec =   20.9723 Mbps     0 retrans    588 KB-cwnd
[2024-11-02T18:15:26.416677-0600]     1.3125 MB /   0.50 sec =   22.0190 Mbps     0 retrans    588 KB-cwnd
[2024-11-02T18:15:27.421204-0600]     1.3750 MB /   0.50 sec =   23.0698 Mbps     0 retrans    592 KB-cwnd
[2024-11-02T18:15:27.421627-0600]     1.3125 MB /   0.50 sec =   22.0201 Mbps     0 retrans    592 KB-cwnd
[2024-11-02T18:15:28.302812-0600]     1.3750 MB /   0.50 sec =   23.0670 Mbps     0 retrans    780 KB-cwnd
[2024-11-02T18:15:28.303340-0600]     1.5000 MB /   0.50 sec =   25.1670 Mbps     0 retrans    780 KB-cwnd
[2024-11-02T18:15:29.193709-0600]     1.5625 MB /   0.50 sec =   26.2139 Mbps     0 retrans    817 KB-cwnd
[2024-11-02T18:15:29.194504-0600]     1.4375 MB /   0.50 sec =   24.1175 Mbps     0 retrans    817 KB-cwnd
[2024-11-02T18:15:30.164543-0600]     1.3750 MB /   0.50 sec =   23.0689 Mbps     0 retrans    817 KB-cwnd
[2024-11-02T18:15:30.165106-0600]     1.3750 MB /   0.50 sec =   23.0688 Mbps     0 retrans    817 KB-cwnd
[2024-11-02T18:15:31.066639-0600]     1.4375 MB /   0.50 sec =   24.1172 Mbps     0 retrans    817 KB-cwnd
[2024-11-02T18:15:31.906784-0600]     1.5000 MB /   0.50 sec =   25.1658 Mbps     0 retrans    817 KB-cwnd
[2024-11-02T18:15:31.907341-0600]     1.5625 MB /   0.50 sec =   26.2142 Mbps     0 retrans    817 KB-cwnd
[2024-11-02T18:15:32.684308-0600]     1.6250 MB /   0.50 sec =   27.2618 Mbps     0 retrans    817 KB-cwnd
[2024-11-02T18:15:32.684773-0600]     1.6875 MB /   0.50 sec =   28.3135 Mbps     0 retrans    817 KB-cwnd
[2024-11-02T18:15:33.104379-0600]     1.7500 MB /   0.50 sec =   29.3590 Mbps     0 retrans    817 KB-cwnd
[2024-11-02T18:15:33.604270-0600]     1.6875 MB /   0.50 sec =   28.3112 Mbps     0 retrans    817 KB-cwnd
End time: 1730592933871
