Start time: 1730663191417
[2024-11-03T12:46:32.465423-0700] nuttcp-r: v8.1.4: socket
[2024-11-03T12:46:32.465980-0700] nuttcp-r: buflen=65536, nstream=1, port=5101 tcp
[2024-11-03T12:46:32.466030-0700] nuttcp-r: interval reporting every 0.50 seconds
[2024-11-03T12:46:32.466065-0700] nuttcp-r: connect to 54.176.53.206 with RTT=103.765 ms af=inet
[2024-11-03T12:46:32.466097-0700] nuttcp-r: send window size = 1048576, receive window size = 4194304
[2024-11-03T12:46:32.466127-0700] nuttcp-r: available send window = 786432, available receive window = 3145728
[2024-11-03T12:46:32.466158-0700]     0.1250 MB /   0.50 sec =    2.0970 Mbps     0 retrans
[2024-11-03T12:46:32.965514-0700]     1.5000 MB /   0.50 sec =   25.1612 Mbps     0 retrans
[2024-11-03T12:46:33.465466-0700]     3.1250 MB /   0.50 sec =   52.4331 Mbps     0 retrans
[2024-11-03T12:46:33.966835-0700]     2.4375 MB /   0.50 sec =   40.8176 Mbps     0 retrans
[2024-11-03T12:46:34.466953-0700]     2.7500 MB /   0.50 sec =   46.1388 Mbps     0 retrans
[2024-11-03T12:46:34.965581-0700]     2.6875 MB /   0.50 sec =   45.1638 Mbps     0 retrans
[2024-11-03T12:46:35.465621-0700]     1.6875 MB /   0.50 sec =   28.3102 Mbps     0 retrans
[2024-11-03T12:46:35.965664-0700]     1.9375 MB /   0.50 sec =   32.4981 Mbps     0 retrans
[2024-11-03T12:46:36.465342-0700]     3.6250 MB /   0.50 sec =   60.8536 Mbps     0 retrans
[2024-11-03T12:46:36.965820-0700]     2.1250 MB /   0.50 sec =   35.6229 Mbps     0 retrans
[2024-11-03T12:46:37.465393-0700]     1.3750 MB /   0.50 sec =   23.0872 Mbps     0 retrans
[2024-11-03T12:46:37.965625-0700]     0.1875 MB /   0.50 sec =    3.1445 Mbps     0 retrans
[2024-11-03T12:46:38.465412-0700]     2.8750 MB /   0.50 sec =   48.2525 Mbps     0 retrans
[2024-11-03T12:46:38.966588-0700]     0.9375 MB /   0.50 sec =   15.6938 Mbps     0 retrans
[2024-11-03T12:46:39.466495-0700]     1.8125 MB /   0.50 sec =   30.4116 Mbps     0 retrans
[2024-11-03T12:46:39.965411-0700]     3.6250 MB /   0.50 sec =   60.9467 Mbps     0 retrans
[2024-11-03T12:46:40.465433-0700]     2.3125 MB /   0.50 sec =   38.7953 Mbps     0 retrans
[2024-11-03T12:46:40.966481-0700]     2.8125 MB /   0.50 sec =   47.0898 Mbps     0 retrans
[2024-11-03T12:46:41.465531-0700]     2.1875 MB /   0.50 sec =   36.7769 Mbps     0 retrans
[2024-11-03T12:46:41.965424-0700]     1.9375 MB /   0.50 sec =   32.5058 Mbps     0 retrans
[2024-11-03T12:46:42.465449-0700]     2.5000 MB /   0.50 sec =   41.9396 Mbps     0 retrans
[2024-11-03T12:46:42.965416-0700]     1.0625 MB /   0.50 sec =   17.8275 Mbps     0 retrans
[2024-11-03T12:46:43.465590-0700]     1.8125 MB /   0.50 sec =   30.3992 Mbps     0 retrans
[2024-11-03T12:46:43.965619-0700]     1.4375 MB /   0.50 sec =   24.1160 Mbps     0 retrans
[2024-11-03T12:46:44.465572-0700]     0.8750 MB /   0.50 sec =   14.6811 Mbps     0 retrans
[2024-11-03T12:46:44.965373-0700]     3.7500 MB /   0.50 sec =   62.9332 Mbps     0 retrans
[2024-11-03T12:46:45.465523-0700]     1.9375 MB /   0.50 sec =   32.5069 Mbps     0 retrans
[2024-11-03T12:46:45.966875-0700]     1.1250 MB /   0.50 sec =   18.8207 Mbps     0 retrans
[2024-11-03T12:46:46.465524-0700]     1.8750 MB /   0.50 sec =   31.5383 Mbps     0 retrans
[2024-11-03T12:46:46.965469-0700]     3.1250 MB /   0.50 sec =   52.4354 Mbps     0 retrans
[2024-11-03T12:46:47.465427-0700]     2.0000 MB /   0.50 sec =   33.5587 Mbps     0 retrans
[2024-11-03T12:46:47.965531-0700]     2.1875 MB /   0.50 sec =   36.6998 Mbps     0 retrans
[2024-11-03T12:46:48.465431-0700]     1.9375 MB /   0.50 sec =   32.5048 Mbps     0 retrans
[2024-11-03T12:46:48.966355-0700]     1.0000 MB /   0.50 sec =   16.7464 Mbps     0 retrans
[2024-11-03T12:46:49.465369-0700]     3.4375 MB /   0.50 sec =   57.7812 Mbps     0 retrans
[2024-11-03T12:46:49.965382-0700]     2.3750 MB /   0.50 sec =   39.8453 Mbps     0 retrans
[2024-11-03T12:46:50.465370-0700]     2.5625 MB /   0.50 sec =   42.9922 Mbps     0 retrans
[2024-11-03T12:46:50.965465-0700]     1.7500 MB /   0.50 sec =   29.3576 Mbps     0 retrans
[2024-11-03T12:46:51.465422-0700]     2.3125 MB /   0.50 sec =   38.7993 Mbps     0 retrans
[2024-11-03T12:46:51.965431-0700]     1.3750 MB /   0.50 sec =   23.0690 Mbps     0 retrans
[2024-11-03T12:46:52.465636-0700]     1.1250 MB /   0.50 sec =   18.8689 Mbps     0 retrans
[2024-11-03T12:46:52.965820-0700]     1.2500 MB /   0.50 sec =   20.9614 Mbps     0 retrans
[2024-11-03T12:46:53.465395-0700]     1.1875 MB /   0.50 sec =   19.9385 Mbps     0 retrans
[2024-11-03T12:46:53.965554-0700]     0.3750 MB /   0.50 sec =    6.2901 Mbps     0 retrans
[2024-11-03T12:46:54.465563-0700]     0.1875 MB /   0.50 sec =    3.1457 Mbps     0 retrans
[2024-11-03T12:46:54.965403-0700]     3.8125 MB /   0.50 sec =   63.9775 Mbps     0 retrans
[2024-11-03T12:46:55.465452-0700]     1.9375 MB /   0.50 sec =   32.5021 Mbps     0 retrans
[2024-11-03T12:46:55.965432-0700]     1.7500 MB /   0.50 sec =   29.3631 Mbps     0 retrans
[2024-11-03T12:46:56.465402-0700]     2.3750 MB /   0.50 sec =   39.8460 Mbps     0 retrans
[2024-11-03T12:46:56.965464-0700]     2.5625 MB /   0.50 sec =   42.9907 Mbps     0 retrans
[2024-11-03T12:46:57.465409-0700]     2.8125 MB /   0.50 sec =   47.1871 Mbps     0 retrans
[2024-11-03T12:46:57.965526-0700]     3.1875 MB /   0.50 sec =   53.4775 Mbps     0 retrans
[2024-11-03T12:46:58.465419-0700]     3.0000 MB /   0.50 sec =   50.3313 Mbps     0 retrans
[2024-11-03T12:46:58.965644-0700]     2.7500 MB /   0.50 sec =   46.1345 Mbps     0 retrans
[2024-11-03T12:46:59.465806-0700]     2.8750 MB /   0.50 sec =   48.2000 Mbps     0 retrans
[2024-11-03T12:46:59.965452-0700]     2.1875 MB /   0.50 sec =   36.7280 Mbps     0 retrans
[2024-11-03T12:47:00.465522-0700]     3.1875 MB /   0.50 sec =   53.4788 Mbps     0 retrans
[2024-11-03T12:47:00.966535-0700]     1.3750 MB /   0.50 sec =   23.0182 Mbps     0 retrans
[2024-11-03T12:47:01.465379-0700]     3.7500 MB /   0.50 sec =   63.0539 Mbps     0 retrans
[2024-11-03T12:47:01.966477-0700]     3.3125 MB /   0.50 sec =   55.4609 Mbps     0 retrans
[2024-11-03T12:47:02.465388-0700]     3.5625 MB /   0.50 sec =   59.8905 Mbps     0 retrans
[2024-11-03T12:47:02.965427-0700]     2.8125 MB /   0.50 sec =   47.1851 Mbps     0 retrans
[2024-11-03T12:47:03.465309-0700]     2.6875 MB /   0.50 sec =   45.0927 Mbps     0 retrans
[2024-11-03T12:47:03.965415-0700]     3.5000 MB /   0.50 sec =   58.7161 Mbps     0 retrans
[2024-11-03T12:47:04.465409-0700]     3.6875 MB /   0.50 sec =   61.8654 Mbps     0 retrans
[2024-11-03T12:47:04.965393-0700]     2.8750 MB /   0.50 sec =   48.2354 Mbps     0 retrans
[2024-11-03T12:47:05.465426-0700]     3.0000 MB /   0.50 sec =   50.3303 Mbps     0 retrans
[2024-11-03T12:47:05.965447-0700]     2.6250 MB /   0.50 sec =   44.0395 Mbps     0 retrans
[2024-11-03T12:47:06.465431-0700]     4.0000 MB /   0.50 sec =   67.1052 Mbps     0 retrans
[2024-11-03T12:47:06.965401-0700]     3.8125 MB /   0.50 sec =   63.9686 Mbps     0 retrans
[2024-11-03T12:47:07.466396-0700]     3.5625 MB /   0.50 sec =   59.6544 Mbps     0 retrans
[2024-11-03T12:47:07.965473-0700]     4.0625 MB /   0.50 sec =   68.2787 Mbps     0 retrans
[2024-11-03T12:47:08.465632-0700]     2.8750 MB /   0.50 sec =   48.2352 Mbps     0 retrans
[2024-11-03T12:47:08.965377-0700]     1.6875 MB /   0.50 sec =   28.3156 Mbps     0 retrans
[2024-11-03T12:47:09.465511-0700]     3.0000 MB /   0.50 sec =   50.3321 Mbps     0 retrans
[2024-11-03T12:47:09.965713-0700]     3.1875 MB /   0.50 sec =   53.4429 Mbps     0 retrans
[2024-11-03T12:47:10.465447-0700]     3.4375 MB /   0.50 sec =   57.7015 Mbps     0 retrans
[2024-11-03T12:47:10.965413-0700]     2.2500 MB /   0.50 sec =   37.7515 Mbps     0 retrans
[2024-11-03T12:47:11.465500-0700]     2.6250 MB /   0.50 sec =   44.0446 Mbps     0 retrans
[2024-11-03T12:47:11.965399-0700]     2.4375 MB /   0.50 sec =   40.8919 Mbps     0 retrans
[2024-11-03T12:47:12.465529-0700]     3.2500 MB /   0.50 sec =   54.5264 Mbps     0 retrans
[2024-11-03T12:47:12.965387-0700]     2.6875 MB /   0.50 sec =   45.0888 Mbps     0 retrans
[2024-11-03T12:47:13.465437-0700]     3.1875 MB /   0.50 sec =   53.4721 Mbps     0 retrans
[2024-11-03T12:47:13.965403-0700]     2.2500 MB /   0.50 sec =   37.7518 Mbps     0 retrans
[2024-11-03T12:47:14.465401-0700]     3.0000 MB /   0.50 sec =   50.3313 Mbps     0 retrans
[2024-11-03T12:47:14.965377-0700]     2.1250 MB /   0.50 sec =   35.6500 Mbps     0 retrans
[2024-11-03T12:47:15.465723-0700]     2.3125 MB /   0.50 sec =   38.7738 Mbps     0 retrans
[2024-11-03T12:47:15.965304-0700]     1.8125 MB /   0.50 sec =   30.4309 Mbps     0 retrans
[2024-11-03T12:47:16.465390-0700]     1.5625 MB /   0.50 sec =   26.2128 Mbps     0 retrans
[2024-11-03T12:47:16.965563-0700]     1.3750 MB /   0.50 sec =   23.0621 Mbps     0 retrans
[2024-11-03T12:47:17.465385-0700]     2.6250 MB /   0.50 sec =   44.0531 Mbps     0 retrans
[2024-11-03T12:47:17.966337-0700]     1.6250 MB /   0.50 sec =   27.2125 Mbps     0 retrans
[2024-11-03T12:47:18.465463-0700]     2.3125 MB /   0.50 sec =   38.8645 Mbps     0 retrans
[2024-11-03T12:47:18.965878-0700]     1.1875 MB /   0.50 sec =   19.9217 Mbps     0 retrans
[2024-11-03T12:47:19.465639-0700]     0.5000 MB /   0.50 sec =    8.3892 Mbps     0 retrans
[2024-11-03T12:47:19.965587-0700]     1.0625 MB /   0.50 sec =   17.8285 Mbps     0 retrans
[2024-11-03T12:47:20.465311-0700]     1.0625 MB /   0.50 sec =   17.8255 Mbps     0 retrans
[2024-11-03T12:47:20.965719-0700]     0.8750 MB /   0.50 sec =   14.6701 Mbps     0 retrans
[2024-11-03T12:47:21.465374-0700]     0.6875 MB /   0.50 sec =   11.5420 Mbps     0 retrans
[2024-11-03T12:47:21.966379-0700]     0.1875 MB /   0.50 sec =    3.1397 Mbps     0 retrans
[2024-11-03T12:47:22.465394-0700]     2.0000 MB /   0.50 sec =   33.6182 Mbps     0 retrans
[2024-11-03T12:47:22.965407-0700]     1.5000 MB /   0.50 sec =   25.1662 Mbps     0 retrans
[2024-11-03T12:47:23.465371-0700]     1.3750 MB /   0.50 sec =   23.0689 Mbps     0 retrans
[2024-11-03T12:47:23.966341-0700]     1.5000 MB /   0.50 sec =   25.1193 Mbps     0 retrans
[2024-11-03T12:47:24.465451-0700]     1.8750 MB /   0.50 sec =   31.5109 Mbps     0 retrans
[2024-11-03T12:47:24.965385-0700]     1.5000 MB /   0.50 sec =   25.1693 Mbps     0 retrans
[2024-11-03T12:47:25.465671-0700]     1.0625 MB /   0.50 sec =   17.8215 Mbps     0 retrans
[2024-11-03T12:47:25.965376-0700]     1.1250 MB /   0.50 sec =   18.8790 Mbps     0 retrans
[2024-11-03T12:47:26.465371-0700]     1.0625 MB /   0.50 sec =   17.8258 Mbps     0 retrans
[2024-11-03T12:47:26.965414-0700]     0.8750 MB /   0.50 sec =   14.6799 Mbps     0 retrans
[2024-11-03T12:47:27.465535-0700]     1.0625 MB /   0.50 sec =   17.8257 Mbps     0 retrans
[2024-11-03T12:47:27.965398-0700]     1.8125 MB /   0.50 sec =   30.4086 Mbps     0 retrans
[2024-11-03T12:47:28.465549-0700]     1.1875 MB /   0.50 sec =   19.9178 Mbps     0 retrans
[2024-11-03T12:47:28.965552-0700]     1.2500 MB /   0.50 sec =   20.9770 Mbps     0 retrans
[2024-11-03T12:47:29.465382-0700]     0.9375 MB /   0.50 sec =   15.7287 Mbps     0 retrans
[2024-11-03T12:47:29.965414-0700]     1.1250 MB /   0.50 sec =   18.8744 Mbps     0 retrans
[2024-11-03T12:47:30.465389-0700]     1.2500 MB /   0.50 sec =   20.9716 Mbps     0 retrans
[2024-11-03T12:47:30.965396-0700]     1.1250 MB /   0.50 sec =   18.8741 Mbps     0 retrans
[2024-11-03T12:47:31.465312-0700]     0.3750 MB /   0.50 sec =    6.2918 Mbps     0 retrans
[2024-11-03T12:47:31.966798-0700]     0.0625 MB /   0.50 sec =    1.0457 Mbps     0 retrans
[2024-11-03T12:47:32.465482-0700]     0.1875 MB /   0.50 sec =    3.1538 Mbps     0 retrans
[2024-11-03T12:47:32.965566-0700]     0.9375 MB /   0.50 sec =   15.7267 Mbps     0 retrans
[2024-11-03T12:47:33.465590-0700]     0.3750 MB /   0.50 sec =    6.2916 Mbps     0 retrans
[2024-11-03T12:47:33.966667-0700]     1.1875 MB /   0.50 sec =   19.8866 Mbps     0 retrans
[2024-11-03T12:47:34.465399-0700]     0.5000 MB /   0.50 sec =    8.4061 Mbps     0 retrans
[2024-11-03T12:47:34.965583-0700]     1.3125 MB /   0.50 sec =   22.0134 Mbps     0 retrans
[2024-11-03T12:47:35.465481-0700]     1.2500 MB /   0.50 sec =   20.9749 Mbps     0 retrans
[2024-11-03T12:47:35.965427-0700]     1.2500 MB /   0.50 sec =   20.9745 Mbps     0 retrans
[2024-11-03T12:47:36.465418-0700]     0.8125 MB /   0.50 sec =   13.6314 Mbps     0 retrans
[2024-11-03T12:47:36.966568-0700]     0.7500 MB /   0.50 sec =   12.5550 Mbps     0 retrans
[2024-11-03T12:47:37.465464-0700]     1.2500 MB /   0.50 sec =   21.0164 Mbps     0 retrans
[2024-11-03T12:47:37.965725-0700]     0.9375 MB /   0.50 sec =   15.7293 Mbps     0 retrans
[2024-11-03T12:47:38.467012-0700]     0.2500 MB /   0.50 sec =    4.1820 Mbps     0 retrans
[2024-11-03T12:47:38.965433-0700]     1.3750 MB /   0.50 sec =   23.1377 Mbps     0 retrans
[2024-11-03T12:47:39.465386-0700]     1.2500 MB /   0.50 sec =   20.9724 Mbps     0 retrans
[2024-11-03T12:47:39.965449-0700]     0.6875 MB /   0.50 sec =   11.5337 Mbps     0 retrans
[2024-11-03T12:47:40.465445-0700]     1.0000 MB /   0.50 sec =   16.7775 Mbps     0 retrans
[2024-11-03T12:47:40.965415-0700]     0.8125 MB /   0.50 sec =   13.6317 Mbps     0 retrans
[2024-11-03T12:47:41.465629-0700]     0.2500 MB /   0.50 sec =    4.1929 Mbps     0 retrans
[2024-11-03T12:47:41.965428-0700]     1.7500 MB /   0.50 sec =   29.3706 Mbps     0 retrans
[2024-11-03T12:47:42.465336-0700]     1.1250 MB /   0.50 sec =   18.8750 Mbps     0 retrans
[2024-11-03T12:47:42.965960-0700]     0.9375 MB /   0.50 sec =   15.7160 Mbps     0 retrans
[2024-11-03T12:47:43.465411-0700]     1.2500 MB /   0.50 sec =   20.9875 Mbps     0 retrans
[2024-11-03T12:47:43.965421-0700]     1.3750 MB /   0.50 sec =   23.0683 Mbps     0 retrans
[2024-11-03T12:47:44.465425-0700]     1.2500 MB /   0.50 sec =   20.9719 Mbps     0 retrans
[2024-11-03T12:47:44.965390-0700]     1.3125 MB /   0.50 sec =   22.0199 Mbps     0 retrans
[2024-11-03T12:47:45.465395-0700]     1.3125 MB /   0.50 sec =   22.0202 Mbps     0 retrans
[2024-11-03T12:47:45.965626-0700]     1.0000 MB /   0.50 sec =   16.7720 Mbps     0 retrans
[2024-11-03T12:47:46.465400-0700]     0.5625 MB /   0.50 sec =    9.4401 Mbps     0 retrans
[2024-11-03T12:47:46.965378-0700]     0.1250 MB /   0.50 sec =    2.0970 Mbps     0 retrans
[2024-11-03T12:47:47.465383-0700]     1.5000 MB /   0.50 sec =   25.1678 Mbps     0 retrans
[2024-11-03T12:47:47.965377-0700]     1.1875 MB /   0.50 sec =   19.9229 Mbps     0 retrans
[2024-11-03T12:47:48.465407-0700]     1.1875 MB /   0.50 sec =   19.9227 Mbps     0 retrans
[2024-11-03T12:47:48.965386-0700]     1.3750 MB /   0.50 sec =   23.0688 Mbps     0 retrans
[2024-11-03T12:47:49.465429-0700]     1.4375 MB /   0.50 sec =   24.1149 Mbps     0 retrans
[2024-11-03T12:47:49.965527-0700]     1.6250 MB /   0.50 sec =   27.2589 Mbps     0 retrans
[2024-11-03T12:47:50.465716-0700]     1.2500 MB /   0.50 sec =   20.9680 Mbps     0 retrans
[2024-11-03T12:47:50.965513-0700]     1.5000 MB /   0.50 sec =   25.1762 Mbps     0 retrans
[2024-11-03T12:47:51.465411-0700]     0.8750 MB /   0.50 sec =   14.6800 Mbps     0 retrans
[2024-11-03T12:47:51.965584-0700]     0.5000 MB /   0.50 sec =    8.3861 Mbps     0 retrans
[2024-11-03T12:47:52.465386-0700]     2.0625 MB /   0.50 sec =   34.6140 Mbps     0 retrans
[2024-11-03T12:47:52.966484-0700]     1.1875 MB /   0.50 sec =   19.8817 Mbps     0 retrans
[2024-11-03T12:47:53.465556-0700]     1.6250 MB /   0.50 sec =   27.3115 Mbps     0 retrans
[2024-11-03T12:47:53.965400-0700]     1.2500 MB /   0.50 sec =   20.9775 Mbps     0 retrans
[2024-11-03T12:47:54.465630-0700]     1.0000 MB /   0.50 sec =   16.7714 Mbps     0 retrans
[2024-11-03T12:47:54.965418-0700]     0.7500 MB /   0.50 sec =   12.5870 Mbps     0 retrans
[2024-11-03T12:47:55.465423-0700]     1.3750 MB /   0.50 sec =   23.0688 Mbps     0 retrans
[2024-11-03T12:47:55.965607-0700]     0.8750 MB /   0.50 sec =   14.6789 Mbps     0 retrans
[2024-11-03T12:47:56.466828-0700]     1.8125 MB /   0.50 sec =   30.3282 Mbps     0 retrans
[2024-11-03T12:47:56.965396-0700]     1.3750 MB /   0.50 sec =   23.1323 Mbps     0 retrans
[2024-11-03T12:47:57.465392-0700]     1.3750 MB /   0.50 sec =   23.0685 Mbps     0 retrans
[2024-11-03T12:47:57.965480-0700]     1.7500 MB /   0.50 sec =   29.3622 Mbps     0 retrans
[2024-11-03T12:47:58.465532-0700]     1.1875 MB /   0.50 sec =   19.9217 Mbps     0 retrans
[2024-11-03T12:47:58.965614-0700]     1.1250 MB /   0.50 sec =   18.8685 Mbps     0 retrans
[2024-11-03T12:47:59.465397-0700]     0.8750 MB /   0.50 sec =   14.6847 Mbps     0 retrans
[2024-11-03T12:47:59.965413-0700]     0.3750 MB /   0.50 sec =    6.2914 Mbps     0 retrans
[2024-11-03T12:48:00.465696-0700]     0.1875 MB /   0.50 sec =    3.1443 Mbps     0 retrans
[2024-11-03T12:48:00.966478-0700]     0.0000 MB /   0.50 sec =    0.0000 Mbps     0 retrans
[2024-11-03T12:48:01.465425-0700]     0.5625 MB /   0.50 sec =    9.4556 Mbps     0 retrans
[2024-11-03T12:48:01.966475-0700]     0.3750 MB /   0.50 sec =    6.2794 Mbps     0 retrans
[2024-11-03T12:48:02.465551-0700]     0.3750 MB /   0.50 sec =    6.3029 Mbps     0 retrans
[2024-11-03T12:48:02.965577-0700]     1.2500 MB /   0.50 sec =   20.9695 Mbps     0 retrans
[2024-11-03T12:48:03.465390-0700]     2.0000 MB /   0.50 sec =   33.5658 Mbps     0 retrans
[2024-11-03T12:48:03.965461-0700]     1.4375 MB /   0.50 sec =   24.1145 Mbps     0 retrans
[2024-11-03T12:48:04.465580-0700]     1.6875 MB /   0.50 sec =   28.3063 Mbps     0 retrans
[2024-11-03T12:48:04.965573-0700]     1.5625 MB /   0.50 sec =   26.2144 Mbps     0 retrans
[2024-11-03T12:48:05.465415-0700]     1.2500 MB /   0.50 sec =   20.9776 Mbps     0 retrans
[2024-11-03T12:48:05.965605-0700]     2.0625 MB /   0.50 sec =   34.6004 Mbps     0 retrans
[2024-11-03T12:48:06.465394-0700]     1.6250 MB /   0.50 sec =   27.2650 Mbps     0 retrans
[2024-11-03T12:48:06.965519-0700]     1.9375 MB /   0.50 sec =   32.5074 Mbps     0 retrans
[2024-11-03T12:48:07.465431-0700]     2.1250 MB /   0.50 sec =   35.6497 Mbps     0 retrans
[2024-11-03T12:48:07.965386-0700]     2.3750 MB /   0.50 sec =   39.8464 Mbps     0 retrans
[2024-11-03T12:48:08.465492-0700]     2.1250 MB /   0.50 sec =   35.6526 Mbps     0 retrans
[2024-11-03T12:48:08.965800-0700]     2.5000 MB /   0.50 sec =   41.9074 Mbps     0 retrans
[2024-11-03T12:48:09.465438-0700]     3.0000 MB /   0.50 sec =   50.3681 Mbps     0 retrans
[2024-11-03T12:48:09.965395-0700]     3.0000 MB /   0.50 sec =   50.3361 Mbps     0 retrans
[2024-11-03T12:48:10.465382-0700]     3.0625 MB /   0.50 sec =   51.3805 Mbps     0 retrans
[2024-11-03T12:48:10.965392-0700]     2.5625 MB /   0.50 sec =   42.9914 Mbps     0 retrans
[2024-11-03T12:48:11.465374-0700]     2.8125 MB /   0.50 sec =   47.1863 Mbps     0 retrans
[2024-11-03T12:48:11.965375-0700]     2.8750 MB /   0.50 sec =   48.2342 Mbps     0 retrans
[2024-11-03T12:48:12.465438-0700]     2.9375 MB /   0.50 sec =   49.2811 Mbps     0 retrans
[2024-11-03T12:48:12.965434-0700]     2.6875 MB /   0.50 sec =   45.0892 Mbps     0 retrans
[2024-11-03T12:48:13.465371-0700]     2.7500 MB /   0.50 sec =   46.1392 Mbps     0 retrans
[2024-11-03T12:48:13.965525-0700]     2.8125 MB /   0.50 sec =   47.1849 Mbps     0 retrans
[2024-11-03T12:48:14.465705-0700]     2.0625 MB /   0.50 sec =   34.5818 Mbps     0 retrans
[2024-11-03T12:48:14.965408-0700]     2.6875 MB /   0.50 sec =   45.1163 Mbps     0 retrans
[2024-11-03T12:48:15.465398-0700]     2.3750 MB /   0.50 sec =   39.8466 Mbps     0 retrans
[2024-11-03T12:48:15.965670-0700]     2.9375 MB /   0.50 sec =   49.2838 Mbps     0 retrans
[2024-11-03T12:48:16.465893-0700]     2.6875 MB /   0.50 sec =   45.0439 Mbps     0 retrans
[2024-11-03T12:48:16.965478-0700]     2.7500 MB /   0.50 sec =   46.1765 Mbps     0 retrans
[2024-11-03T12:48:17.465637-0700]     1.0000 MB /   0.50 sec =   16.7732 Mbps     0 retrans
[2024-11-03T12:48:17.965396-0700]     2.9375 MB /   0.50 sec =   49.3012 Mbps     0 retrans
[2024-11-03T12:48:18.465411-0700]     2.7500 MB /   0.50 sec =   46.1370 Mbps     0 retrans
[2024-11-03T12:48:18.965420-0700]     2.8125 MB /   0.50 sec =   47.1854 Mbps     0 retrans
[2024-11-03T12:48:19.465383-0700]     3.0000 MB /   0.50 sec =   50.3293 Mbps     0 retrans
[2024-11-03T12:48:19.965410-0700]     2.4375 MB /   0.50 sec =   40.8972 Mbps     0 retrans
[2024-11-03T12:48:20.465374-0700]     2.1875 MB /   0.50 sec =   36.7003 Mbps     0 retrans
[2024-11-03T12:48:20.965387-0700]     2.1875 MB /   0.50 sec =   36.7002 Mbps     0 retrans
[2024-11-03T12:48:21.465485-0700]     2.5625 MB /   0.50 sec =   42.9931 Mbps     0 retrans
[2024-11-03T12:48:21.965677-0700]     2.1250 MB /   0.50 sec =   35.6291 Mbps     0 retrans
[2024-11-03T12:48:22.465381-0700]     2.3750 MB /   0.50 sec =   39.8697 Mbps     0 retrans
[2024-11-03T12:48:22.965402-0700]     2.7500 MB /   0.50 sec =   46.1370 Mbps     0 retrans
[2024-11-03T12:48:23.465560-0700]     2.2500 MB /   0.50 sec =   37.7489 Mbps     0 retrans
[2024-11-03T12:48:23.965718-0700]     3.0625 MB /   0.50 sec =   51.3474 Mbps     0 retrans
[2024-11-03T12:48:24.465497-0700]     0.6250 MB /   0.50 sec =   10.4904 Mbps     0 retrans
[2024-11-03T12:48:24.965397-0700]     4.1250 MB /   0.50 sec =   69.2204 Mbps     0 retrans
[2024-11-03T12:48:25.465420-0700]     2.7500 MB /   0.50 sec =   46.1368 Mbps     0 retrans
[2024-11-03T12:48:25.965492-0700]     2.6250 MB /   0.50 sec =   44.0345 Mbps     0 retrans
[2024-11-03T12:48:26.465399-0700]     1.6875 MB /   0.50 sec =   28.3155 Mbps     0 retrans
[2024-11-03T12:48:26.965494-0700]     1.1250 MB /   0.50 sec =   18.8744 Mbps     0 retrans
[2024-11-03T12:48:27.465786-0700]     0.9375 MB /   0.50 sec =   15.7167 Mbps     0 retrans
[2024-11-03T12:48:27.965478-0700]     1.8750 MB /   0.50 sec =   31.4777 Mbps     0 retrans
[2024-11-03T12:48:28.465410-0700]     0.9375 MB /   0.50 sec =   15.7302 Mbps     0 retrans
[2024-11-03T12:48:28.965396-0700]     2.5000 MB /   0.50 sec =   41.9433 Mbps     0 retrans
[2024-11-03T12:48:29.465414-0700]     1.5000 MB /   0.50 sec =   25.1659 Mbps     0 retrans
[2024-11-03T12:48:29.965420-0700]     1.8125 MB /   0.50 sec =   30.4083 Mbps     0 retrans
[2024-11-03T12:48:30.465481-0700]     1.8125 MB /   0.50 sec =   30.4051 Mbps     0 retrans
[2024-11-03T12:48:30.965405-0700]     1.3125 MB /   0.50 sec =   22.0230 Mbps     0 retrans
[2024-11-03T12:48:31.465445-0700]     2.5625 MB /   0.50 sec =   42.9896 Mbps     0 retrans
[2024-11-03T12:48:31.965404-0700]     1.6875 MB /   0.50 sec =   28.3126 Mbps     0 retrans
[2024-11-03T12:48:32.465617-0700]     1.5625 MB /   0.50 sec =   26.2145 Mbps     0 retrans
End time: 1730663312523
