Start time: 1730825483297
[2024-11-05T10:51:24.272655-0600] nuttcp-r: v8.1.4: socket
[2024-11-05T10:51:24.273009-0600] nuttcp-r: buflen=65536, nstream=1, port=5103 tcp
[2024-11-05T10:51:24.273043-0600] nuttcp-r: interval reporting every 0.50 seconds
[2024-11-05T10:51:24.273091-0600] nuttcp-r: connect to 54.197.223.49 with RTT=80.503 ms af=inet
[2024-11-05T10:51:24.273127-0600] nuttcp-r: send window size = 1048576, receive window size = 1048576
[2024-11-05T10:51:24.273171-0600] nuttcp-r: available send window = 786432, available receive window = 786432
[2024-11-05T10:51:24.273204-0600]     0.4375 MB /   0.50 sec =    7.3394 Mbps     0 retrans     14 KB-cwnd
[2024-11-05T10:51:24.772656-0600]     6.4375 MB /   0.50 sec =  107.9953 Mbps     0 retrans     14 KB-cwnd
[2024-11-05T10:51:25.272624-0600]     7.1250 MB /   0.50 sec =  119.5494 Mbps     0 retrans     14 KB-cwnd
[2024-11-05T10:51:25.772712-0600]     8.5000 MB /   0.50 sec =  142.5992 Mbps     0 retrans     14 KB-cwnd
[2024-11-05T10:51:26.272681-0600]     8.3750 MB /   0.50 sec =  140.5126 Mbps     0 retrans     14 KB-cwnd
[2024-11-05T10:51:26.772772-0600]     8.2500 MB /   0.50 sec =  138.4115 Mbps     0 retrans     14 KB-cwnd
[2024-11-05T10:51:27.272666-0600]     2.9375 MB /   0.50 sec =   49.2844 Mbps     0 retrans     14 KB-cwnd
[2024-11-05T10:51:27.772799-0600]     4.1250 MB /   0.50 sec =   69.1869 Mbps     0 retrans     14 KB-cwnd
[2024-11-05T10:51:28.273404-0600]     2.3750 MB /   0.50 sec =   39.8084 Mbps     0 retrans     14 KB-cwnd
[2024-11-05T10:51:28.772768-0600]     4.7500 MB /   0.50 sec =   79.7797 Mbps     0 retrans     14 KB-cwnd
[2024-11-05T10:51:29.273274-0600]     5.9375 MB /   0.50 sec =   99.6089 Mbps     0 retrans     14 KB-cwnd
[2024-11-05T10:51:29.772752-0600]     6.0625 MB /   0.50 sec =  101.7196 Mbps     0 retrans     14 KB-cwnd
[2024-11-05T10:51:30.272680-0600]     5.6875 MB /   0.50 sec =   95.4275 Mbps     0 retrans     14 KB-cwnd
[2024-11-05T10:51:30.772849-0600]     6.2500 MB /   0.50 sec =  104.8341 Mbps     0 retrans     14 KB-cwnd
[2024-11-05T10:51:31.272776-0600]     6.0000 MB /   0.50 sec =  100.6754 Mbps     0 retrans     14 KB-cwnd
[2024-11-05T10:51:31.772753-0600]     5.0625 MB /   0.50 sec =   84.9265 Mbps     0 retrans     14 KB-cwnd
[2024-11-05T10:51:32.275369-0600]     2.4375 MB /   0.50 sec =   40.7712 Mbps     0 retrans     14 KB-cwnd
[2024-11-05T10:51:32.772726-0600]     2.0625 MB /   0.50 sec =   34.7140 Mbps     0 retrans     14 KB-cwnd
[2024-11-05T10:51:33.272788-0600]     3.2500 MB /   0.50 sec =   54.5225 Mbps     0 retrans     14 KB-cwnd
[2024-11-05T10:51:33.773070-0600]     5.0000 MB /   0.50 sec =   83.8960 Mbps     0 retrans     14 KB-cwnd
[2024-11-05T10:51:34.272686-0600]     5.0625 MB /   0.50 sec =   84.9306 Mbps     0 retrans     14 KB-cwnd
[2024-11-05T10:51:34.772795-0600]     5.1875 MB /   0.50 sec =   87.0207 Mbps     0 retrans     14 KB-cwnd
[2024-11-05T10:51:35.273167-0600]     5.3750 MB /   0.50 sec =   90.1091 Mbps     0 retrans     14 KB-cwnd
[2024-11-05T10:51:35.772728-0600]     5.6250 MB /   0.50 sec =   94.4529 Mbps     0 retrans     14 KB-cwnd
[2024-11-05T10:51:36.272722-0600]     6.1250 MB /   0.50 sec =  102.7629 Mbps     0 retrans     14 KB-cwnd
[2024-11-05T10:51:36.772681-0600]     6.4375 MB /   0.50 sec =  108.0053 Mbps     0 retrans     14 KB-cwnd
[2024-11-05T10:51:37.272947-0600]     5.8125 MB /   0.50 sec =   97.4977 Mbps     0 retrans     14 KB-cwnd
[2024-11-05T10:51:37.772953-0600]     6.3750 MB /   0.50 sec =  106.9811 Mbps     0 retrans     14 KB-cwnd
[2024-11-05T10:51:38.272831-0600]     7.1875 MB /   0.50 sec =  120.5568 Mbps     0 retrans     14 KB-cwnd
[2024-11-05T10:51:38.774286-0600]     3.8750 MB /   0.50 sec =   64.8848 Mbps     0 retrans     14 KB-cwnd
[2024-11-05T10:51:39.272712-0600]     4.4375 MB /   0.50 sec =   74.6048 Mbps     0 retrans     14 KB-cwnd
[2024-11-05T10:51:39.773037-0600]     6.0000 MB /   0.50 sec =  100.5987 Mbps     0 retrans     14 KB-cwnd
[2024-11-05T10:51:40.272759-0600]     5.9375 MB /   0.50 sec =   99.6775 Mbps     0 retrans     14 KB-cwnd
[2024-11-05T10:51:40.772686-0600]     5.0625 MB /   0.50 sec =   84.9445 Mbps     0 retrans     14 KB-cwnd
[2024-11-05T10:51:41.274946-0600]     6.6250 MB /   0.50 sec =  110.8692 Mbps     0 retrans     14 KB-cwnd
[2024-11-05T10:51:41.772643-0600]     6.2500 MB /   0.50 sec =  105.1206 Mbps     0 retrans     14 KB-cwnd
[2024-11-05T10:51:42.273195-0600]     3.6250 MB /   0.50 sec =   60.7647 Mbps     0 retrans     14 KB-cwnd
[2024-11-05T10:51:42.773648-0600]     6.6875 MB /   0.50 sec =  112.1940 Mbps     0 retrans     14 KB-cwnd
[2024-11-05T10:51:43.272694-0600]     9.3750 MB /   0.50 sec =  157.4281 Mbps     0 retrans     14 KB-cwnd
[2024-11-05T10:51:43.773271-0600]     4.6250 MB /   0.50 sec =   77.5821 Mbps     0 retrans     25 KB-cwnd
[2024-11-05T10:51:44.272738-0600]     0.0000 MB /   0.50 sec =    0.0000 Mbps     0 retrans     25 KB-cwnd
[2024-11-05T10:51:44.773002-0600]     3.1250 MB /   0.50 sec =   52.4322 Mbps     0 retrans     25 KB-cwnd
[2024-11-05T10:51:45.273390-0600]     6.1250 MB /   0.50 sec =  102.6377 Mbps     0 retrans     25 KB-cwnd
[2024-11-05T10:51:45.773173-0600]     9.2500 MB /   0.50 sec =  155.3751 Mbps     0 retrans     26 KB-cwnd
[2024-11-05T10:51:46.273347-0600]     9.9375 MB /   0.50 sec =  166.6836 Mbps     0 retrans     28 KB-cwnd
[2024-11-05T10:51:46.773647-0600]     9.5000 MB /   0.50 sec =  159.2501 Mbps     0 retrans     28 KB-cwnd
[2024-11-05T10:51:47.274648-0600]     8.3750 MB /   0.50 sec =  140.2929 Mbps     0 retrans     28 KB-cwnd
[2024-11-05T10:51:47.772608-0600]     9.3750 MB /   0.50 sec =  157.7097 Mbps     0 retrans     28 KB-cwnd
[2024-11-05T10:51:48.273215-0600]     8.0625 MB /   0.50 sec =  135.1223 Mbps     0 retrans     28 KB-cwnd
[2024-11-05T10:51:48.772964-0600]     8.4375 MB /   0.50 sec =  141.6331 Mbps     0 retrans     28 KB-cwnd
[2024-11-05T10:51:49.272688-0600]     5.0625 MB /   0.50 sec =   84.9748 Mbps     0 retrans     28 KB-cwnd
[2024-11-05T10:51:49.772820-0600]     6.0000 MB /   0.50 sec =  100.6528 Mbps     0 retrans     28 KB-cwnd
[2024-11-05T10:51:50.273075-0600]     9.3125 MB /   0.50 sec =  156.2397 Mbps     0 retrans     28 KB-cwnd
[2024-11-05T10:51:50.773243-0600]     7.8750 MB /   0.50 sec =  132.1264 Mbps     0 retrans     28 KB-cwnd
[2024-11-05T10:51:51.273901-0600]     9.2500 MB /   0.50 sec =  155.0184 Mbps     0 retrans     28 KB-cwnd
[2024-11-05T10:51:51.772640-0600]     7.8750 MB /   0.50 sec =  132.2759 Mbps     0 retrans     28 KB-cwnd
[2024-11-05T10:51:52.273257-0600]     7.5000 MB /   0.50 sec =  125.8080 Mbps     0 retrans     28 KB-cwnd
[2024-11-05T10:51:52.772681-0600]     5.8125 MB /   0.50 sec =   97.5326 Mbps     0 retrans     28 KB-cwnd
[2024-11-05T10:51:53.273199-0600]     7.1875 MB /   0.50 sec =  120.4737 Mbps     0 retrans     28 KB-cwnd
[2024-11-05T10:51:53.773327-0600]     4.3750 MB /   0.50 sec =   73.4504 Mbps     0 retrans     28 KB-cwnd
[2024-11-05T10:51:54.272968-0600]     9.1250 MB /   0.50 sec =  153.1221 Mbps     0 retrans     28 KB-cwnd
[2024-11-05T10:51:54.772773-0600]     9.4375 MB /   0.50 sec =  158.3058 Mbps     0 retrans     28 KB-cwnd
[2024-11-05T10:51:55.273040-0600]     5.0625 MB /   0.50 sec =   84.9510 Mbps     0 retrans     28 KB-cwnd
[2024-11-05T10:51:55.773041-0600]     4.1875 MB /   0.50 sec =   70.2574 Mbps     0 retrans     28 KB-cwnd
[2024-11-05T10:51:56.272759-0600]     9.6250 MB /   0.50 sec =  161.4558 Mbps     0 retrans     28 KB-cwnd
[2024-11-05T10:51:56.773236-0600]     9.6250 MB /   0.50 sec =  161.4956 Mbps     0 retrans     28 KB-cwnd
[2024-11-05T10:51:57.273261-0600]     4.5000 MB /   0.50 sec =   75.4302 Mbps     0 retrans     33 KB-cwnd
[2024-11-05T10:51:57.772844-0600]     9.7500 MB /   0.50 sec =  163.7046 Mbps  3177 retrans   4459 KB-cwnd
[2024-11-05T10:51:58.272644-0600]     7.6875 MB /   0.50 sec =  128.9970 Mbps     0 retrans   4459 KB-cwnd
[2024-11-05T10:51:58.772999-0600]     6.7500 MB /   0.50 sec =  113.2023 Mbps     0 retrans   4459 KB-cwnd
[2024-11-05T10:51:59.272825-0600]     7.3750 MB /   0.50 sec =  123.7523 Mbps     0 retrans   4459 KB-cwnd
[2024-11-05T10:51:59.773132-0600]     9.8125 MB /   0.50 sec =  164.5271 Mbps     0 retrans   4459 KB-cwnd
[2024-11-05T10:52:00.272606-0600]    12.0625 MB /   0.50 sec =  202.5526 Mbps     0 retrans   4459 KB-cwnd
[2024-11-05T10:52:00.772717-0600]     8.7500 MB /   0.50 sec =  146.7915 Mbps     0 retrans   4459 KB-cwnd
[2024-11-05T10:52:01.272739-0600]    10.1875 MB /   0.50 sec =  170.9175 Mbps     0 retrans   4459 KB-cwnd
[2024-11-05T10:52:01.774334-0600]     4.4375 MB /   0.50 sec =   74.2806 Mbps   295 retrans   4024 KB-cwnd
[2024-11-05T10:52:02.273752-0600]     8.3750 MB /   0.50 sec =  140.6904 Mbps     0 retrans   4024 KB-cwnd
[2024-11-05T10:52:02.772753-0600]    10.4375 MB /   0.50 sec =  175.2773 Mbps     0 retrans   4024 KB-cwnd
[2024-11-05T10:52:03.273256-0600]    11.1250 MB /   0.50 sec =  186.5574 Mbps     0 retrans   4024 KB-cwnd
[2024-11-05T10:52:03.772762-0600]    12.5625 MB /   0.50 sec =  210.8553 Mbps     0 retrans   4024 KB-cwnd
[2024-11-05T10:52:04.273285-0600]    12.1250 MB /   0.50 sec =  203.4046 Mbps     0 retrans   4024 KB-cwnd
[2024-11-05T10:52:04.772717-0600]     9.8750 MB /   0.50 sec =  165.7038 Mbps     0 retrans   4024 KB-cwnd
[2024-11-05T10:52:05.272655-0600]    10.0625 MB /   0.50 sec =  168.8241 Mbps  2006 retrans   4208 KB-cwnd
[2024-11-05T10:52:05.773646-0600]    10.1250 MB /   0.50 sec =  169.7044 Mbps     0 retrans   4208 KB-cwnd
[2024-11-05T10:52:06.273234-0600]     8.0625 MB /   0.50 sec =  135.2698 Mbps     0 retrans   4208 KB-cwnd
[2024-11-05T10:52:06.772666-0600]    10.1875 MB /   0.50 sec =  171.0876 Mbps     0 retrans   4171 KB-cwnd
[2024-11-05T10:52:07.272743-0600]    11.5625 MB /   0.50 sec =  193.9707 Mbps     0 retrans   4086 KB-cwnd
[2024-11-05T10:52:07.772648-0600]    11.7500 MB /   0.50 sec =  197.1421 Mbps     0 retrans   4086 KB-cwnd
[2024-11-05T10:52:08.273187-0600]    11.0000 MB /   0.50 sec =  184.3845 Mbps     0 retrans   4086 KB-cwnd
[2024-11-05T10:52:08.772747-0600]    10.9375 MB /   0.50 sec =  183.6587 Mbps  1314 retrans   4256 KB-cwnd
[2024-11-05T10:52:09.273244-0600]    10.1875 MB /   0.50 sec =  170.9155 Mbps     0 retrans   4256 KB-cwnd
[2024-11-05T10:52:09.772752-0600]     9.3750 MB /   0.50 sec =  157.2685 Mbps     0 retrans   4256 KB-cwnd
[2024-11-05T10:52:10.273517-0600]     8.5625 MB /   0.50 sec =  143.6632 Mbps     0 retrans   4256 KB-cwnd
[2024-11-05T10:52:10.774109-0600]     8.8750 MB /   0.50 sec =  148.5294 Mbps     0 retrans   4256 KB-cwnd
[2024-11-05T10:52:11.275766-0600]     4.9375 MB /   0.50 sec =   82.7148 Mbps     0 retrans   4256 KB-cwnd
[2024-11-05T10:52:11.773659-0600]     7.5000 MB /   0.50 sec =  126.2277 Mbps     0 retrans   4256 KB-cwnd
[2024-11-05T10:52:12.273337-0600]     7.1250 MB /   0.50 sec =  119.6269 Mbps     0 retrans   4256 KB-cwnd
[2024-11-05T10:52:12.773284-0600]    11.0000 MB /   0.50 sec =  184.5737 Mbps   125 retrans   4790 KB-cwnd
[2024-11-05T10:52:13.272803-0600]    11.8750 MB /   0.50 sec =  199.2043 Mbps     0 retrans   4790 KB-cwnd
[2024-11-05T10:52:13.773720-0600]     5.0000 MB /   0.50 sec =   83.8217 Mbps     0 retrans   4790 KB-cwnd
[2024-11-05T10:52:14.272734-0600]     5.9375 MB /   0.50 sec =   99.7027 Mbps     0 retrans   4790 KB-cwnd
[2024-11-05T10:52:14.772733-0600]    13.6250 MB /   0.50 sec =  228.5992 Mbps     0 retrans   4790 KB-cwnd
[2024-11-05T10:52:15.272623-0600]    13.8750 MB /   0.50 sec =  232.7871 Mbps     0 retrans   4790 KB-cwnd
[2024-11-05T10:52:15.772942-0600]    13.1250 MB /   0.50 sec =  220.0817 Mbps     0 retrans   4790 KB-cwnd
[2024-11-05T10:52:16.275213-0600]     8.1250 MB /   0.50 sec =  135.8822 Mbps     2 retrans   5042 KB-cwnd
[2024-11-05T10:52:16.773401-0600]    13.0625 MB /   0.50 sec =  219.8912 Mbps     0 retrans   5042 KB-cwnd
[2024-11-05T10:52:17.272776-0600]    14.0625 MB /   0.50 sec =  235.9947 Mbps     0 retrans   5042 KB-cwnd
[2024-11-05T10:52:17.772741-0600]    13.6875 MB /   0.50 sec =  229.6230 Mbps     0 retrans   5042 KB-cwnd
[2024-11-05T10:52:18.272803-0600]    13.8125 MB /   0.50 sec =  231.7367 Mbps     0 retrans   5042 KB-cwnd
[2024-11-05T10:52:18.772747-0600]    13.8750 MB /   0.50 sec =  232.8048 Mbps   809 retrans   4032 KB-cwnd
[2024-11-05T10:52:19.272861-0600]     9.6250 MB /   0.50 sec =  161.4591 Mbps     0 retrans   4032 KB-cwnd
[2024-11-05T10:52:19.772713-0600]    12.0625 MB /   0.50 sec =  202.4157 Mbps     0 retrans   4032 KB-cwnd
[2024-11-05T10:52:20.273192-0600]    11.6250 MB /   0.50 sec =  195.0203 Mbps     0 retrans   4032 KB-cwnd
[2024-11-05T10:52:20.772730-0600]    13.6875 MB /   0.50 sec =  229.6528 Mbps     0 retrans   4032 KB-cwnd
[2024-11-05T10:52:21.273826-0600]    13.7500 MB /   0.50 sec =  230.4328 Mbps     0 retrans   3620 KB-cwnd
[2024-11-05T10:52:21.772736-0600]    11.4375 MB /   0.50 sec =  192.0946 Mbps   408 retrans   5681 KB-cwnd
[2024-11-05T10:52:22.273107-0600]     9.6250 MB /   0.50 sec =  161.4836 Mbps     0 retrans   5681 KB-cwnd
[2024-11-05T10:52:22.773263-0600]    11.6875 MB /   0.50 sec =  196.0496 Mbps     0 retrans   5681 KB-cwnd
[2024-11-05T10:52:23.273102-0600]    13.0000 MB /   0.50 sec =  217.9652 Mbps     0 retrans   5681 KB-cwnd
[2024-11-05T10:52:23.773571-0600]    13.1250 MB /   0.50 sec =  220.2102 Mbps     0 retrans   5681 KB-cwnd
[2024-11-05T10:52:24.273323-0600]    13.3125 MB /   0.50 sec =  223.2685 Mbps     0 retrans   5418 KB-cwnd
[2024-11-05T10:52:24.772698-0600]    13.5625 MB /   0.50 sec =  227.7870 Mbps     0 retrans   5659 KB-cwnd
[2024-11-05T10:52:25.273391-0600]    11.0625 MB /   0.50 sec =  185.5820 Mbps     0 retrans   5718 KB-cwnd
[2024-11-05T10:52:25.773177-0600]    13.5625 MB /   0.50 sec =  227.5647 Mbps     0 retrans   5718 KB-cwnd
[2024-11-05T10:52:26.273332-0600]    13.4375 MB /   0.50 sec =  225.2506 Mbps     0 retrans   5718 KB-cwnd
[2024-11-05T10:52:26.773769-0600]    13.3750 MB /   0.50 sec =  224.3737 Mbps     0 retrans   5718 KB-cwnd
[2024-11-05T10:52:27.274090-0600]     3.6875 MB /   0.50 sec =   61.7714 Mbps     0 retrans   5718 KB-cwnd
[2024-11-05T10:52:27.772722-0600]     9.3750 MB /   0.50 sec =  157.6755 Mbps     0 retrans   5718 KB-cwnd
[2024-11-05T10:52:28.273098-0600]    10.3750 MB /   0.50 sec =  173.9123 Mbps   475 retrans   5240 KB-cwnd
[2024-11-05T10:52:28.773322-0600]    11.7500 MB /   0.50 sec =  197.2033 Mbps     0 retrans   5240 KB-cwnd
[2024-11-05T10:52:29.272588-0600]     9.0625 MB /   0.50 sec =  152.1372 Mbps     0 retrans   5240 KB-cwnd
[2024-11-05T10:52:29.772686-0600]    12.2500 MB /   0.50 sec =  205.5106 Mbps     0 retrans   5240 KB-cwnd
[2024-11-05T10:52:30.272740-0600]    12.3125 MB /   0.50 sec =  206.5583 Mbps     0 retrans   5240 KB-cwnd
[2024-11-05T10:52:30.773778-0600]    11.0625 MB /   0.50 sec =  185.4114 Mbps     0 retrans   5240 KB-cwnd
[2024-11-05T10:52:31.272806-0600]    10.1250 MB /   0.50 sec =  170.0363 Mbps   404 retrans   5732 KB-cwnd
[2024-11-05T10:52:31.772686-0600]     6.8125 MB /   0.50 sec =  114.3019 Mbps     0 retrans   5732 KB-cwnd
[2024-11-05T10:52:32.272673-0600]     3.3750 MB /   0.50 sec =   56.6234 Mbps     0 retrans   5732 KB-cwnd
[2024-11-05T10:52:32.773645-0600]    10.9375 MB /   0.50 sec =  183.5001 Mbps     0 retrans   5732 KB-cwnd
[2024-11-05T10:52:33.274823-0600]     7.7500 MB /   0.50 sec =  129.6340 Mbps     0 retrans   5732 KB-cwnd
[2024-11-05T10:52:33.772779-0600]     5.3750 MB /   0.50 sec =   90.4478 Mbps     0 retrans   5681 KB-cwnd
[2024-11-05T10:52:34.273469-0600]    12.0625 MB /   0.50 sec =  202.3347 Mbps     0 retrans   5681 KB-cwnd
[2024-11-05T10:52:34.772609-0600]    10.0000 MB /   0.50 sec =  167.8118 Mbps     0 retrans   5681 KB-cwnd
[2024-11-05T10:52:35.272771-0600]     9.3125 MB /   0.50 sec =  156.2297 Mbps     0 retrans   5681 KB-cwnd
[2024-11-05T10:52:35.772801-0600]     9.6875 MB /   0.50 sec =  162.5371 Mbps   780 retrans   5939 KB-cwnd
[2024-11-05T10:52:36.273252-0600]    11.8125 MB /   0.50 sec =  198.1618 Mbps     0 retrans   5939 KB-cwnd
[2024-11-05T10:52:36.772733-0600]    11.5000 MB /   0.50 sec =  192.9472 Mbps     0 retrans   5939 KB-cwnd
[2024-11-05T10:52:37.272783-0600]    10.2500 MB /   0.50 sec =  171.9706 Mbps     0 retrans   5939 KB-cwnd
[2024-11-05T10:52:37.773261-0600]    10.5625 MB /   0.50 sec =  177.1856 Mbps     0 retrans   5939 KB-cwnd
[2024-11-05T10:52:38.275216-0600]     9.0625 MB /   0.50 sec =  151.4903 Mbps     0 retrans   5939 KB-cwnd
[2024-11-05T10:52:38.773576-0600]     9.0000 MB /   0.50 sec =  151.4189 Mbps     0 retrans   5939 KB-cwnd
[2024-11-05T10:52:39.273090-0600]     9.6250 MB /   0.50 sec =  161.5140 Mbps     3 retrans   4892 KB-cwnd
[2024-11-05T10:52:39.772798-0600]    11.8125 MB /   0.50 sec =  198.3213 Mbps     0 retrans   4892 KB-cwnd
[2024-11-05T10:52:40.273431-0600]    12.4375 MB /   0.50 sec =  208.5298 Mbps     0 retrans   4892 KB-cwnd
[2024-11-05T10:52:40.772780-0600]    11.2500 MB /   0.50 sec =  188.8646 Mbps     0 retrans   4892 KB-cwnd
[2024-11-05T10:52:41.272650-0600]    10.6875 MB /   0.50 sec =  179.3269 Mbps     0 retrans   4892 KB-cwnd
[2024-11-05T10:52:41.772800-0600]    11.6875 MB /   0.50 sec =  196.0555 Mbps     0 retrans   4892 KB-cwnd
[2024-11-05T10:52:42.274830-0600]     4.8125 MB /   0.50 sec =   80.4955 Mbps  1507 retrans   4838 KB-cwnd
[2024-11-05T10:52:42.773128-0600]     8.1250 MB /   0.50 sec =  136.6412 Mbps     0 retrans   4838 KB-cwnd
[2024-11-05T10:52:43.272740-0600]    10.8125 MB /   0.50 sec =  181.5547 Mbps     0 retrans   4838 KB-cwnd
[2024-11-05T10:52:43.773190-0600]    10.5000 MB /   0.50 sec =  176.1456 Mbps     0 retrans   4838 KB-cwnd
[2024-11-05T10:52:44.273726-0600]    11.1250 MB /   0.50 sec =  186.4645 Mbps     0 retrans   4377 KB-cwnd
[2024-11-05T10:52:44.773855-0600]     8.2500 MB /   0.50 sec =  138.3949 Mbps     0 retrans   4377 KB-cwnd
[2024-11-05T10:52:45.273772-0600]     8.5000 MB /   0.50 sec =  142.6340 Mbps     0 retrans   4377 KB-cwnd
[2024-11-05T10:52:45.772647-0600]    10.6875 MB /   0.50 sec =  179.4766 Mbps     0 retrans   4377 KB-cwnd
[2024-11-05T10:52:46.274462-0600]     7.5625 MB /   0.50 sec =  126.4531 Mbps   426 retrans   5430 KB-cwnd
[2024-11-05T10:52:46.773233-0600]     7.6875 MB /   0.50 sec =  129.2890 Mbps     0 retrans   5430 KB-cwnd
[2024-11-05T10:52:47.272649-0600]     9.8750 MB /   0.50 sec =  165.8312 Mbps     0 retrans   5430 KB-cwnd
[2024-11-05T10:52:47.773267-0600]    11.3750 MB /   0.50 sec =  190.8198 Mbps     0 retrans   5430 KB-cwnd
[2024-11-05T10:52:48.272858-0600]    11.0000 MB /   0.50 sec =  184.5147 Mbps     0 retrans   5430 KB-cwnd
[2024-11-05T10:52:48.773260-0600]    11.6250 MB /   0.50 sec =  195.0624 Mbps     0 retrans   5430 KB-cwnd
[2024-11-05T10:52:49.273150-0600]    11.9375 MB /   0.50 sec =  200.3037 Mbps     0 retrans   5430 KB-cwnd
[2024-11-05T10:52:49.773064-0600]    11.0000 MB /   0.50 sec =  184.5313 Mbps   538 retrans   4561 KB-cwnd
[2024-11-05T10:52:50.275161-0600]     7.9375 MB /   0.50 sec =  132.6600 Mbps     0 retrans   4561 KB-cwnd
[2024-11-05T10:52:50.772793-0600]     7.3125 MB /   0.50 sec =  123.1578 Mbps     0 retrans   4561 KB-cwnd
[2024-11-05T10:52:51.272801-0600]     7.8750 MB /   0.50 sec =  132.1222 Mbps     0 retrans   4561 KB-cwnd
[2024-11-05T10:52:51.772703-0600]    11.8750 MB /   0.50 sec =  199.2537 Mbps     0 retrans   4561 KB-cwnd
[2024-11-05T10:52:52.273579-0600]     9.5625 MB /   0.50 sec =  160.3917 Mbps     0 retrans   4561 KB-cwnd
[2024-11-05T10:52:52.772708-0600]    11.2500 MB /   0.50 sec =  188.7894 Mbps     0 retrans   4561 KB-cwnd
[2024-11-05T10:52:53.272711-0600]    10.0625 MB /   0.50 sec =  168.8116 Mbps   235 retrans   4404 KB-cwnd
[2024-11-05T10:52:53.773915-0600]     9.5625 MB /   0.50 sec =  160.1998 Mbps     0 retrans   4621 KB-cwnd
[2024-11-05T10:52:54.272927-0600]     9.1250 MB /   0.50 sec =  153.3000 Mbps     0 retrans   4708 KB-cwnd
[2024-11-05T10:52:54.773264-0600]     7.4375 MB /   0.50 sec =  124.6738 Mbps     0 retrans   4737 KB-cwnd
[2024-11-05T10:52:55.274593-0600]     6.3125 MB /   0.50 sec =  105.7127 Mbps     0 retrans   4737 KB-cwnd
[2024-11-05T10:52:55.772718-0600]     8.0000 MB /   0.50 sec =  134.5919 Mbps     0 retrans   4737 KB-cwnd
[2024-11-05T10:52:56.273109-0600]     5.1875 MB /   0.50 sec =   87.0177 Mbps     0 retrans   4737 KB-cwnd
[2024-11-05T10:52:56.772640-0600]     8.9375 MB /   0.50 sec =  149.9824 Mbps     0 retrans   4737 KB-cwnd
[2024-11-05T10:52:57.274889-0600]     7.8750 MB /   0.50 sec =  131.7945 Mbps     0 retrans   4737 KB-cwnd
[2024-11-05T10:52:57.772868-0600]     6.3750 MB /   0.50 sec =  107.1680 Mbps   368 retrans   4991 KB-cwnd
[2024-11-05T10:52:58.272709-0600]     9.3125 MB /   0.50 sec =  156.3010 Mbps     0 retrans   4991 KB-cwnd
[2024-11-05T10:52:58.772787-0600]     5.9375 MB /   0.50 sec =   99.6093 Mbps     0 retrans   4983 KB-cwnd
[2024-11-05T10:52:59.273817-0600]     9.1250 MB /   0.50 sec =  152.9245 Mbps     0 retrans   4983 KB-cwnd
[2024-11-05T10:52:59.772792-0600]     9.3125 MB /   0.50 sec =  156.4089 Mbps     0 retrans   4983 KB-cwnd
[2024-11-05T10:53:00.272779-0600]     9.1250 MB /   0.50 sec =  153.0823 Mbps     0 retrans   4983 KB-cwnd
[2024-11-05T10:53:00.772672-0600]     9.3125 MB /   0.50 sec =  156.2600 Mbps     0 retrans   4983 KB-cwnd
[2024-11-05T10:53:01.273691-0600]     9.2500 MB /   0.50 sec =  155.0432 Mbps     0 retrans   4983 KB-cwnd
[2024-11-05T10:53:01.773630-0600]     9.1250 MB /   0.50 sec =  153.0998 Mbps     0 retrans   4983 KB-cwnd
[2024-11-05T10:53:02.273287-0600]     9.5625 MB /   0.50 sec =  160.4013 Mbps   855 retrans   5019 KB-cwnd
[2024-11-05T10:53:02.772859-0600]    10.6875 MB /   0.50 sec =  179.4396 Mbps     0 retrans   5019 KB-cwnd
[2024-11-05T10:53:03.272725-0600]    11.6875 MB /   0.50 sec =  196.1473 Mbps     0 retrans   5019 KB-cwnd
[2024-11-05T10:53:03.772729-0600]    11.4375 MB /   0.50 sec =  191.9005 Mbps     0 retrans   5019 KB-cwnd
[2024-11-05T10:53:04.273698-0600]     7.6875 MB /   0.50 sec =  128.9470 Mbps     0 retrans   5019 KB-cwnd
[2024-11-05T10:53:04.773718-0600]    11.3750 MB /   0.50 sec =  190.7051 Mbps     0 retrans   5019 KB-cwnd
[2024-11-05T10:53:05.273275-0600]    11.4375 MB /   0.50 sec =  192.0192 Mbps   798 retrans   3419 KB-cwnd
[2024-11-05T10:53:05.774617-0600]     7.2500 MB /   0.50 sec =  121.3310 Mbps     0 retrans   3419 KB-cwnd
[2024-11-05T10:53:06.272795-0600]    10.8125 MB /   0.50 sec =  181.8780 Mbps     0 retrans   3419 KB-cwnd
[2024-11-05T10:53:06.772761-0600]    11.5625 MB /   0.50 sec =  193.9772 Mbps     0 retrans   3419 KB-cwnd
[2024-11-05T10:53:07.272744-0600]    11.5625 MB /   0.50 sec =  194.0199 Mbps     0 retrans   3419 KB-cwnd
[2024-11-05T10:53:07.773701-0600]    11.5000 MB /   0.50 sec =  192.7125 Mbps     0 retrans   3419 KB-cwnd
[2024-11-05T10:53:08.272740-0600]    11.5625 MB /   0.50 sec =  194.2002 Mbps     0 retrans   3419 KB-cwnd
[2024-11-05T10:53:08.773480-0600]    11.3750 MB /   0.50 sec =  190.7127 Mbps   102 retrans   3467 KB-cwnd
[2024-11-05T10:53:09.273256-0600]    11.6875 MB /   0.50 sec =  196.0175 Mbps     0 retrans   3467 KB-cwnd
[2024-11-05T10:53:09.772760-0600]    11.7500 MB /   0.50 sec =  197.3269 Mbps     0 retrans   3467 KB-cwnd
[2024-11-05T10:53:10.272808-0600]    11.4375 MB /   0.50 sec =  191.8683 Mbps     0 retrans   3467 KB-cwnd
[2024-11-05T10:53:10.775032-0600]     5.3750 MB /   0.50 sec =   89.7995 Mbps     0 retrans   3467 KB-cwnd
[2024-11-05T10:53:11.272788-0600]     7.1875 MB /   0.50 sec =  121.1026 Mbps     0 retrans   3467 KB-cwnd
[2024-11-05T10:53:11.773805-0600]    11.4375 MB /   0.50 sec =  191.6996 Mbps     0 retrans   3467 KB-cwnd
[2024-11-05T10:53:12.273262-0600]     5.6875 MB /   0.50 sec =   95.5068 Mbps   512 retrans   4344 KB-cwnd
[2024-11-05T10:53:12.772779-0600]     4.6875 MB /   0.50 sec =   78.6578 Mbps     0 retrans   4344 KB-cwnd
[2024-11-05T10:53:13.272858-0600]     4.5000 MB /   0.50 sec =   75.4875 Mbps     0 retrans   4344 KB-cwnd
[2024-11-05T10:53:13.772986-0600]     5.8750 MB /   0.50 sec =   98.5867 Mbps     0 retrans   4344 KB-cwnd
[2024-11-05T10:53:14.273192-0600]     5.5000 MB /   0.50 sec =   92.2666 Mbps     0 retrans   4344 KB-cwnd
[2024-11-05T10:53:14.774024-0600]     9.3750 MB /   0.50 sec =  157.0377 Mbps     0 retrans   4344 KB-cwnd
[2024-11-05T10:53:15.273272-0600]     7.1250 MB /   0.50 sec =  119.7168 Mbps     0 retrans   4344 KB-cwnd
[2024-11-05T10:53:15.772755-0600]     7.5000 MB /   0.50 sec =  125.8374 Mbps     0 retrans   4344 KB-cwnd
[2024-11-05T10:53:16.272795-0600]     7.8125 MB /   0.50 sec =  131.0730 Mbps     0 retrans   4344 KB-cwnd
[2024-11-05T10:53:16.773302-0600]     9.8125 MB /   0.50 sec =  164.6123 Mbps     0 retrans   4344 KB-cwnd
[2024-11-05T10:53:17.273605-0600]     7.4375 MB /   0.50 sec =  124.6928 Mbps     0 retrans   4344 KB-cwnd
[2024-11-05T10:53:17.772716-0600]     8.2500 MB /   0.50 sec =  138.5364 Mbps   430 retrans   4748 KB-cwnd
[2024-11-05T10:53:18.272982-0600]     7.3125 MB /   0.50 sec =  122.6576 Mbps     0 retrans   4748 KB-cwnd
[2024-11-05T10:53:18.773017-0600]    11.0625 MB /   0.50 sec =  185.6273 Mbps     0 retrans   4748 KB-cwnd
[2024-11-05T10:53:19.272818-0600]    10.4375 MB /   0.50 sec =  175.1185 Mbps     0 retrans   4748 KB-cwnd
[2024-11-05T10:53:19.773648-0600]    10.8125 MB /   0.50 sec =  181.2394 Mbps     0 retrans   4748 KB-cwnd
[2024-11-05T10:53:20.272691-0600]    11.2500 MB /   0.50 sec =  188.9129 Mbps     0 retrans   4748 KB-cwnd
[2024-11-05T10:53:20.773184-0600]    11.2500 MB /   0.50 sec =  188.5706 Mbps     0 retrans   4748 KB-cwnd
[2024-11-05T10:53:21.272928-0600]     9.1250 MB /   0.50 sec =  153.2346 Mbps   402 retrans   4669 KB-cwnd
[2024-11-05T10:53:21.773303-0600]    11.3125 MB /   0.50 sec =  189.7752 Mbps     0 retrans   4669 KB-cwnd
[2024-11-05T10:53:22.273028-0600]    11.1250 MB /   0.50 sec =  186.6547 Mbps     0 retrans   4669 KB-cwnd
[2024-11-05T10:53:22.773159-0600]    11.0000 MB /   0.50 sec =  184.5475 Mbps     0 retrans   4669 KB-cwnd
[2024-11-05T10:53:23.273632-0600]    10.2500 MB /   0.50 sec =  171.8187 Mbps     0 retrans   4669 KB-cwnd
[2024-11-05T10:53:23.772734-0600]     9.1250 MB /   0.50 sec =  153.2137 Mbps     0 retrans   4669 KB-cwnd
[2024-11-05T10:53:24.272728-0600]     6.4375 MB /   0.50 sec =  108.0115 Mbps     0 retrans   4669 KB-cwnd
End time: 1730825604415
