Start time: 1731102366133
[2024-11-08T16:46:07.250510-0500] nuttcp-r: v8.1.4: socket
[2024-11-08T16:46:07.251008-0500] nuttcp-r: buflen=65536, nstream=1, port=5102 tcp
[2024-11-08T16:46:07.251044-0500] nuttcp-r: interval reporting every 0.50 seconds
[2024-11-08T16:46:07.251071-0500] nuttcp-r: connect to 54.197.223.49 with RTT=71.532 ms af=inet
[2024-11-08T16:46:07.251095-0500] nuttcp-r: send window size = 2097152, receive window size = 6291456
[2024-11-08T16:46:07.251118-0500] nuttcp-r: available send window = 1572864, available receive window = 4718592
[2024-11-08T16:46:07.251141-0500]     0.5000 MB /   0.50 sec =    8.3876 Mbps     0 retrans     13 KB-cwnd
[2024-11-08T16:46:07.750524-0500]     3.4375 MB /   0.50 sec =   57.6729 Mbps     0 retrans     13 KB-cwnd
[2024-11-08T16:46:08.250207-0500]     3.2500 MB /   0.50 sec =   54.5296 Mbps     0 retrans     13 KB-cwnd
[2024-11-08T16:46:08.750737-0500]     4.6250 MB /   0.50 sec =   77.5253 Mbps     0 retrans     13 KB-cwnd
[2024-11-08T16:46:09.250362-0500]     6.4375 MB /   0.50 sec =  108.0982 Mbps     0 retrans     13 KB-cwnd
[2024-11-08T16:46:09.750666-0500]     8.2500 MB /   0.50 sec =  138.2890 Mbps     0 retrans     13 KB-cwnd
[2024-11-08T16:46:10.250288-0500]    10.5000 MB /   0.50 sec =  176.2976 Mbps     0 retrans     13 KB-cwnd
[2024-11-08T16:46:10.750260-0500]    12.9375 MB /   0.50 sec =  217.0678 Mbps     0 retrans     13 KB-cwnd
[2024-11-08T16:46:11.250219-0500]    14.6875 MB /   0.50 sec =  246.4139 Mbps     0 retrans     13 KB-cwnd
[2024-11-08T16:46:11.750244-0500]    15.4375 MB /   0.50 sec =  259.0019 Mbps     0 retrans     13 KB-cwnd
[2024-11-08T16:46:12.250257-0500]    13.8750 MB /   0.50 sec =  232.7736 Mbps     0 retrans     21 KB-cwnd
[2024-11-08T16:46:12.750415-0500]     7.4375 MB /   0.50 sec =  124.7686 Mbps     0 retrans     21 KB-cwnd
[2024-11-08T16:46:13.250284-0500]    21.2500 MB /   0.50 sec =  356.5472 Mbps     0 retrans     26 KB-cwnd
[2024-11-08T16:46:13.750314-0500]    18.0000 MB /   0.50 sec =  301.9543 Mbps     0 retrans     26 KB-cwnd
[2024-11-08T16:46:14.250237-0500]    17.5000 MB /   0.50 sec =  293.6477 Mbps     0 retrans     26 KB-cwnd
[2024-11-08T16:46:14.750299-0500]    18.5625 MB /   0.50 sec =  311.3910 Mbps     0 retrans     29 KB-cwnd
[2024-11-08T16:46:15.250403-0500]     9.8750 MB /   0.50 sec =  165.6459 Mbps     0 retrans     29 KB-cwnd
[2024-11-08T16:46:15.750355-0500]    14.5625 MB /   0.50 sec =  244.4013 Mbps     0 retrans     29 KB-cwnd
[2024-11-08T16:46:16.250349-0500]    18.5000 MB /   0.50 sec =  310.3071 Mbps     0 retrans     37 KB-cwnd
[2024-11-08T16:46:16.751206-0500]    16.1875 MB /   0.50 sec =  271.1214 Mbps     0 retrans     37 KB-cwnd
[2024-11-08T16:46:17.250475-0500]    19.5000 MB /   0.50 sec =  327.6511 Mbps     0 retrans     44 KB-cwnd
[2024-11-08T16:46:17.750485-0500]     9.6875 MB /   0.50 sec =  162.5507 Mbps     0 retrans     44 KB-cwnd
[2024-11-08T16:46:18.250417-0500]    24.6875 MB /   0.50 sec =  414.1850 Mbps     0 retrans     48 KB-cwnd
[2024-11-08T16:46:18.750442-0500]     9.6250 MB /   0.50 sec =  161.4636 Mbps     0 retrans     48 KB-cwnd
[2024-11-08T16:46:19.250689-0500]     7.8125 MB /   0.50 sec =  131.0083 Mbps     0 retrans     49 KB-cwnd
[2024-11-08T16:46:19.751994-0500]    13.2500 MB /   0.50 sec =  221.8991 Mbps     0 retrans     49 KB-cwnd
[2024-11-08T16:46:20.250576-0500]    14.1875 MB /   0.50 sec =  238.4904 Mbps     0 retrans     53 KB-cwnd
[2024-11-08T16:46:20.750254-0500]    15.0000 MB /   0.50 sec =  251.8214 Mbps     7 retrans   7354 KB-cwnd
[2024-11-08T16:46:21.250294-0500]    16.5625 MB /   0.50 sec =  277.9054 Mbps     0 retrans   7354 KB-cwnd
[2024-11-08T16:46:21.750233-0500]    16.4375 MB /   0.50 sec =  275.7512 Mbps     0 retrans   7354 KB-cwnd
[2024-11-08T16:46:22.250310-0500]    15.8125 MB /   0.50 sec =  265.2558 Mbps     1 retrans   8913 KB-cwnd
[2024-11-08T16:46:22.750415-0500]     8.5625 MB /   0.50 sec =  143.6314 Mbps     0 retrans   8913 KB-cwnd
[2024-11-08T16:46:23.250306-0500]    19.1875 MB /   0.50 sec =  321.9837 Mbps     0 retrans   8913 KB-cwnd
[2024-11-08T16:46:23.750683-0500]    20.3750 MB /   0.50 sec =  341.5891 Mbps     0 retrans   8997 KB-cwnd
[2024-11-08T16:46:24.250390-0500]     8.0625 MB /   0.50 sec =  135.3386 Mbps     6 retrans   7237 KB-cwnd
[2024-11-08T16:46:24.750436-0500]    13.5625 MB /   0.50 sec =  227.5424 Mbps     0 retrans   7237 KB-cwnd
[2024-11-08T16:46:25.250697-0500]    12.5000 MB /   0.50 sec =  209.5953 Mbps     0 retrans   7237 KB-cwnd
[2024-11-08T16:46:25.750218-0500]     9.9375 MB /   0.50 sec =  166.8501 Mbps     0 retrans   7237 KB-cwnd
[2024-11-08T16:46:26.250651-0500]    12.7500 MB /   0.50 sec =  213.7603 Mbps     0 retrans   7237 KB-cwnd
[2024-11-08T16:46:26.750246-0500]    12.8750 MB /   0.50 sec =  216.1701 Mbps     1 retrans   7850 KB-cwnd
[2024-11-08T16:46:27.250404-0500]     8.3750 MB /   0.50 sec =  140.4954 Mbps     0 retrans   7850 KB-cwnd
[2024-11-08T16:46:27.750528-0500]    11.3750 MB /   0.50 sec =  190.8126 Mbps     0 retrans   7850 KB-cwnd
[2024-11-08T16:46:28.250246-0500]    12.2500 MB /   0.50 sec =  205.5669 Mbps     0 retrans   6553 KB-cwnd
[2024-11-08T16:46:28.750237-0500]    15.1875 MB /   0.50 sec =  254.8121 Mbps     1 retrans   6553 KB-cwnd
[2024-11-08T16:46:29.250302-0500]     9.1875 MB /   0.50 sec =  154.1262 Mbps   244 retrans   8121 KB-cwnd
[2024-11-08T16:46:29.750234-0500]     5.9375 MB /   0.50 sec =   99.6229 Mbps     0 retrans   8121 KB-cwnd
[2024-11-08T16:46:30.250246-0500]     5.5000 MB /   0.50 sec =   92.2760 Mbps     0 retrans   8121 KB-cwnd
[2024-11-08T16:46:30.750237-0500]    18.8750 MB /   0.50 sec =  316.6700 Mbps     0 retrans   8121 KB-cwnd
[2024-11-08T16:46:31.250323-0500]    14.5625 MB /   0.50 sec =  244.3358 Mbps     0 retrans   8121 KB-cwnd
[2024-11-08T16:46:31.750244-0500]    13.6250 MB /   0.50 sec =  228.5740 Mbps    66 retrans   8243 KB-cwnd
[2024-11-08T16:46:32.250359-0500]     7.6250 MB /   0.50 sec =  127.8999 Mbps     0 retrans   8243 KB-cwnd
[2024-11-08T16:46:32.750241-0500]    17.4375 MB /   0.50 sec =  292.6142 Mbps     0 retrans   8243 KB-cwnd
[2024-11-08T16:46:33.250214-0500]    13.5000 MB /   0.50 sec =  226.4942 Mbps     0 retrans   8243 KB-cwnd
[2024-11-08T16:46:33.750469-0500]     2.3750 MB /   0.50 sec =   39.8379 Mbps     0 retrans   8243 KB-cwnd
[2024-11-08T16:46:34.250266-0500]    21.8125 MB /   0.50 sec =  365.9977 Mbps    12 retrans      5 KB-cwnd
[2024-11-08T16:46:34.750397-0500]     8.7500 MB /   0.50 sec =  146.7889 Mbps     0 retrans      5 KB-cwnd
[2024-11-08T16:46:35.250437-0500]     6.4375 MB /   0.50 sec =  107.9884 Mbps     0 retrans      5 KB-cwnd
[2024-11-08T16:46:35.750343-0500]     5.0000 MB /   0.50 sec =   83.8955 Mbps     0 retrans      5 KB-cwnd
[2024-11-08T16:46:36.250390-0500]    13.0625 MB /   0.50 sec =  219.1305 Mbps     0 retrans      5 KB-cwnd
[2024-11-08T16:46:36.750400-0500]     8.3750 MB /   0.50 sec =  140.5409 Mbps     0 retrans      5 KB-cwnd
[2024-11-08T16:46:37.250408-0500]    13.7500 MB /   0.50 sec =  230.6364 Mbps     6 retrans   7393 KB-cwnd
[2024-11-08T16:46:37.750271-0500]    16.1875 MB /   0.50 sec =  271.6295 Mbps     0 retrans   7393 KB-cwnd
[2024-11-08T16:46:38.250618-0500]    14.3125 MB /   0.50 sec =  239.9694 Mbps     0 retrans   7393 KB-cwnd
[2024-11-08T16:46:38.750181-0500]    17.6250 MB /   0.50 sec =  295.9257 Mbps     0 retrans   7393 KB-cwnd
[2024-11-08T16:46:39.250245-0500]    15.4375 MB /   0.50 sec =  258.9858 Mbps     6 retrans   7124 KB-cwnd
[2024-11-08T16:46:39.750441-0500]     5.8750 MB /   0.50 sec =   98.5364 Mbps     0 retrans   7124 KB-cwnd
[2024-11-08T16:46:40.250301-0500]    14.9375 MB /   0.50 sec =  250.6633 Mbps     0 retrans   7124 KB-cwnd
[2024-11-08T16:46:40.750251-0500]    20.5000 MB /   0.50 sec =  343.9666 Mbps     0 retrans   7124 KB-cwnd
[2024-11-08T16:46:41.250412-0500]    14.3125 MB /   0.50 sec =  240.1033 Mbps    13 retrans   5493 KB-cwnd
[2024-11-08T16:46:41.750261-0500]    18.2500 MB /   0.50 sec =  306.2087 Mbps     0 retrans   5493 KB-cwnd
[2024-11-08T16:46:42.250245-0500]    22.1875 MB /   0.50 sec =  372.2527 Mbps     0 retrans   5493 KB-cwnd
[2024-11-08T16:46:42.750243-0500]    22.3750 MB /   0.50 sec =  375.3737 Mbps     0 retrans   7899 KB-cwnd
[2024-11-08T16:46:43.250128-0500]    24.6875 MB /   0.50 sec =  414.2356 Mbps     0 retrans   7931 KB-cwnd
[2024-11-08T16:46:43.750354-0500]    29.3125 MB /   0.50 sec =  491.7035 Mbps     7 retrans   8978 KB-cwnd
[2024-11-08T16:46:44.250288-0500]    26.8750 MB /   0.50 sec =  450.9201 Mbps     0 retrans   8978 KB-cwnd
[2024-11-08T16:46:44.750222-0500]    24.4375 MB /   0.50 sec =  409.9973 Mbps     0 retrans  11855 KB-cwnd
[2024-11-08T16:46:45.250255-0500]    18.2500 MB /   0.50 sec =  306.1756 Mbps     0 retrans  11855 KB-cwnd
[2024-11-08T16:46:45.750229-0500]    17.6875 MB /   0.50 sec =  296.7547 Mbps     0 retrans  11855 KB-cwnd
[2024-11-08T16:46:46.250259-0500]    18.5625 MB /   0.50 sec =  311.4040 Mbps     0 retrans  11885 KB-cwnd
[2024-11-08T16:46:46.750245-0500]    19.5000 MB /   0.50 sec =  327.1708 Mbps     0 retrans  11828 KB-cwnd
[2024-11-08T16:46:47.250302-0500]     0.0000 MB /   0.50 sec =    0.0000 Mbps     0 retrans  11828 KB-cwnd
[2024-11-08T16:46:47.750195-0500]     9.9375 MB /   0.50 sec =  166.7409 Mbps     0 retrans  11828 KB-cwnd
[2024-11-08T16:46:48.250351-0500]     4.5000 MB /   0.50 sec =   75.4816 Mbps     0 retrans  11890 KB-cwnd
[2024-11-08T16:46:48.750296-0500]    15.1875 MB /   0.50 sec =  254.8244 Mbps     0 retrans  11890 KB-cwnd
[2024-11-08T16:46:49.250251-0500]     7.4375 MB /   0.50 sec =  124.7905 Mbps     0 retrans  11890 KB-cwnd
[2024-11-08T16:46:49.750260-0500]    10.6250 MB /   0.50 sec =  178.2572 Mbps   127 retrans  14221 KB-cwnd
[2024-11-08T16:46:50.250247-0500]    11.9375 MB /   0.50 sec =  200.2828 Mbps     0 retrans  14221 KB-cwnd
[2024-11-08T16:46:50.750234-0500]    21.7500 MB /   0.50 sec =  364.9044 Mbps     0 retrans  14221 KB-cwnd
[2024-11-08T16:46:51.250445-0500]    13.3750 MB /   0.50 sec =  224.3769 Mbps     0 retrans  14221 KB-cwnd
[2024-11-08T16:46:51.750556-0500]     0.0625 MB /   0.50 sec =    1.0482 Mbps     0 retrans  14221 KB-cwnd
[2024-11-08T16:46:52.250361-0500]     0.0000 MB /   0.50 sec =    0.0000 Mbps     0 retrans  14221 KB-cwnd
[2024-11-08T16:46:52.750435-0500]     0.0000 MB /   0.50 sec =    0.0000 Mbps     0 retrans  14221 KB-cwnd
[2024-11-08T16:46:53.250224-0500]     0.0000 MB /   0.50 sec =    0.0000 Mbps     0 retrans  14221 KB-cwnd
[2024-11-08T16:46:53.750427-0500]     0.0000 MB /   0.50 sec =    0.0000 Mbps     0 retrans  14221 KB-cwnd
[2024-11-08T16:46:54.250135-0500]     6.8125 MB /   0.50 sec =  114.3382 Mbps     0 retrans  14221 KB-cwnd
[2024-11-08T16:46:54.750449-0500]    14.5000 MB /   0.50 sec =  243.2166 Mbps   651 retrans  12975 KB-cwnd
[2024-11-08T16:46:55.250246-0500]    18.3750 MB /   0.50 sec =  308.3239 Mbps     0 retrans  12794 KB-cwnd
[2024-11-08T16:46:55.750355-0500]     0.6250 MB /   0.50 sec =   10.4838 Mbps     0 retrans  12794 KB-cwnd
[2024-11-08T16:46:56.250287-0500]    12.3750 MB /   0.50 sec =  207.6467 Mbps     0 retrans  12794 KB-cwnd
[2024-11-08T16:46:56.750269-0500]     9.3125 MB /   0.50 sec =  156.2225 Mbps     0 retrans  12794 KB-cwnd
[2024-11-08T16:46:57.250261-0500]    20.3750 MB /   0.50 sec =  341.8782 Mbps  1821 retrans   7721 KB-cwnd
[2024-11-08T16:46:57.750144-0500]    20.1250 MB /   0.50 sec =  337.6739 Mbps     0 retrans   7721 KB-cwnd
[2024-11-08T16:46:58.250305-0500]     9.0625 MB /   0.50 sec =  152.0131 Mbps     0 retrans   7721 KB-cwnd
[2024-11-08T16:46:58.750298-0500]    25.6875 MB /   0.50 sec =  430.9734 Mbps  2799 retrans   6973 KB-cwnd
[2024-11-08T16:46:59.250341-0500]    10.3750 MB /   0.50 sec =  174.0567 Mbps     0 retrans   6973 KB-cwnd
[2024-11-08T16:46:59.750304-0500]    18.5625 MB /   0.50 sec =  311.4314 Mbps     0 retrans   6973 KB-cwnd
[2024-11-08T16:47:00.250212-0500]     6.0000 MB /   0.50 sec =  100.6732 Mbps     0 retrans   6973 KB-cwnd
[2024-11-08T16:47:00.750309-0500]    15.5000 MB /   0.50 sec =  260.0219 Mbps    53 retrans   8144 KB-cwnd
[2024-11-08T16:47:01.250368-0500]    18.7500 MB /   0.50 sec =  314.6200 Mbps     0 retrans   8144 KB-cwnd
[2024-11-08T16:47:01.750269-0500]    20.3125 MB /   0.50 sec =  340.7695 Mbps     0 retrans   8144 KB-cwnd
[2024-11-08T16:47:02.250230-0500]    19.8125 MB /   0.50 sec =  332.4132 Mbps     2 retrans   8547 KB-cwnd
[2024-11-08T16:47:02.750234-0500]    24.5000 MB /   0.50 sec =  411.0360 Mbps     0 retrans   8547 KB-cwnd
[2024-11-08T16:47:03.250228-0500]    24.5000 MB /   0.50 sec =  411.0434 Mbps     0 retrans   8547 KB-cwnd
[2024-11-08T16:47:03.750248-0500]    30.0000 MB /   0.50 sec =  503.3215 Mbps     6 retrans   6758 KB-cwnd
[2024-11-08T16:47:04.250293-0500]    31.6250 MB /   0.50 sec =  530.5349 Mbps     0 retrans   6758 KB-cwnd
[2024-11-08T16:47:04.750315-0500]    35.6250 MB /   0.50 sec =  597.6883 Mbps     0 retrans   8432 KB-cwnd
[2024-11-08T16:47:05.250234-0500]    30.5625 MB /   0.50 sec =  512.7947 Mbps     0 retrans   8432 KB-cwnd
[2024-11-08T16:47:05.750264-0500]    29.6250 MB /   0.50 sec =  497.0310 Mbps     0 retrans  10329 KB-cwnd
[2024-11-08T16:47:06.250372-0500]    19.5000 MB /   0.50 sec =  327.1400 Mbps     0 retrans  10329 KB-cwnd
[2024-11-08T16:47:06.750234-0500]    14.6250 MB /   0.50 sec =  245.3751 Mbps     0 retrans  12991 KB-cwnd
[2024-11-08T16:47:07.250242-0500]    16.3750 MB /   0.50 sec =  274.7297 Mbps     0 retrans  12991 KB-cwnd
[2024-11-08T16:47:07.750149-0500]    20.1875 MB /   0.50 sec =  338.7083 Mbps     0 retrans  12991 KB-cwnd
[2024-11-08T16:47:08.250276-0500]    14.3125 MB /   0.50 sec =  240.0975 Mbps     0 retrans  12991 KB-cwnd
[2024-11-08T16:47:08.750226-0500]    25.6875 MB /   0.50 sec =  430.9889 Mbps   728 retrans  13015 KB-cwnd
[2024-11-08T16:47:09.250215-0500]    24.7500 MB /   0.50 sec =  415.2394 Mbps     0 retrans  13015 KB-cwnd
[2024-11-08T16:47:09.750458-0500]    24.7500 MB /   0.50 sec =  415.0618 Mbps    17 retrans   8320 KB-cwnd
[2024-11-08T16:47:10.250352-0500]    26.6875 MB /   0.50 sec =  447.8226 Mbps     0 retrans   8320 KB-cwnd
[2024-11-08T16:47:10.750335-0500]    28.3125 MB /   0.50 sec =  475.1209 Mbps     3 retrans   8728 KB-cwnd
[2024-11-08T16:47:11.250140-0500]    28.3750 MB /   0.50 sec =  476.0783 Mbps     0 retrans   8773 KB-cwnd
[2024-11-08T16:47:11.750240-0500]    25.0000 MB /   0.50 sec =  419.4027 Mbps     0 retrans   9123 KB-cwnd
[2024-11-08T16:47:12.250352-0500]    24.6875 MB /   0.50 sec =  414.1171 Mbps     0 retrans  11091 KB-cwnd
[2024-11-08T16:47:12.750249-0500]    25.5625 MB /   0.50 sec =  428.9388 Mbps     0 retrans  11024 KB-cwnd
[2024-11-08T16:47:13.250236-0500]    36.6250 MB /   0.50 sec =  614.4631 Mbps     0 retrans  10157 KB-cwnd
[2024-11-08T16:47:13.750232-0500]    24.0625 MB /   0.50 sec =  403.7066 Mbps     0 retrans  10157 KB-cwnd
[2024-11-08T16:47:14.250255-0500]    23.1875 MB /   0.50 sec =  389.0046 Mbps    77 retrans  12127 KB-cwnd
[2024-11-08T16:47:14.750184-0500]    17.8125 MB /   0.50 sec =  298.8466 Mbps     0 retrans  12127 KB-cwnd
[2024-11-08T16:47:15.250229-0500]    25.0625 MB /   0.50 sec =  420.4697 Mbps     0 retrans  12127 KB-cwnd
[2024-11-08T16:47:15.750238-0500]    22.1875 MB /   0.50 sec =  372.2653 Mbps    65 retrans  12092 KB-cwnd
[2024-11-08T16:47:16.250212-0500]    14.2500 MB /   0.50 sec =  239.0705 Mbps     0 retrans  12092 KB-cwnd
[2024-11-08T16:47:16.750266-0500]    16.7500 MB /   0.50 sec =  281.0116 Mbps     0 retrans  12092 KB-cwnd
[2024-11-08T16:47:17.250364-0500]    21.1875 MB /   0.50 sec =  355.3948 Mbps   203 retrans  13755 KB-cwnd
[2024-11-08T16:47:17.750264-0500]    22.5625 MB /   0.50 sec =  378.6450 Mbps     0 retrans  13755 KB-cwnd
[2024-11-08T16:47:18.250217-0500]    25.8750 MB /   0.50 sec =  434.0957 Mbps  1498 retrans  11812 KB-cwnd
[2024-11-08T16:47:18.750237-0500]    24.0000 MB /   0.50 sec =  402.6403 Mbps     2 retrans  11812 KB-cwnd
[2024-11-08T16:47:19.250292-0500]    25.3125 MB /   0.50 sec =  424.6419 Mbps     2 retrans  11812 KB-cwnd
[2024-11-08T16:47:19.750230-0500]    15.8125 MB /   0.50 sec =  265.3184 Mbps   177 retrans   8674 KB-cwnd
[2024-11-08T16:47:20.250152-0500]    22.1875 MB /   0.50 sec =  372.2542 Mbps     0 retrans   8674 KB-cwnd
[2024-11-08T16:47:20.750302-0500]    20.9375 MB /   0.50 sec =  351.2308 Mbps     0 retrans   8674 KB-cwnd
[2024-11-08T16:47:21.250234-0500]    25.4375 MB /   0.50 sec =  426.8063 Mbps     0 retrans  10666 KB-cwnd
[2024-11-08T16:47:21.750272-0500]    22.0000 MB /   0.50 sec =  369.0663 Mbps     0 retrans  10666 KB-cwnd
[2024-11-08T16:47:22.250284-0500]    17.4375 MB /   0.50 sec =  292.5469 Mbps     2 retrans  11322 KB-cwnd
[2024-11-08T16:47:22.750243-0500]    22.4375 MB /   0.50 sec =  376.4689 Mbps     0 retrans  12412 KB-cwnd
[2024-11-08T16:47:23.250295-0500]    28.9375 MB /   0.50 sec =  485.4489 Mbps     0 retrans  12412 KB-cwnd
[2024-11-08T16:47:23.750425-0500]    20.6250 MB /   0.50 sec =  345.9830 Mbps     1 retrans  12555 KB-cwnd
[2024-11-08T16:47:24.250252-0500]    27.9375 MB /   0.50 sec =  468.8138 Mbps     0 retrans  12555 KB-cwnd
[2024-11-08T16:47:24.750145-0500]    30.8125 MB /   0.50 sec =  517.0017 Mbps     4 retrans  10441 KB-cwnd
[2024-11-08T16:47:25.250417-0500]    29.2500 MB /   0.50 sec =  490.5383 Mbps     0 retrans  10496 KB-cwnd
[2024-11-08T16:47:25.750220-0500]    28.1875 MB /   0.50 sec =  473.0875 Mbps   110 retrans      5 KB-cwnd
[2024-11-08T16:47:26.250375-0500]    22.1250 MB /   0.50 sec =  371.1083 Mbps     0 retrans      5 KB-cwnd
[2024-11-08T16:47:26.750366-0500]    16.6250 MB /   0.50 sec =  278.9128 Mbps     0 retrans      5 KB-cwnd
[2024-11-08T16:47:27.250226-0500]    29.4375 MB /   0.50 sec =  493.9988 Mbps    97 retrans  13370 KB-cwnd
[2024-11-08T16:47:27.750239-0500]    17.7500 MB /   0.50 sec =  297.7884 Mbps     0 retrans  13370 KB-cwnd
[2024-11-08T16:47:28.250269-0500]    18.7500 MB /   0.50 sec =  314.5527 Mbps     0 retrans  12455 KB-cwnd
[2024-11-08T16:47:28.750360-0500]    26.6250 MB /   0.50 sec =  446.6237 Mbps   138 retrans  11839 KB-cwnd
[2024-11-08T16:47:29.250260-0500]    26.6250 MB /   0.50 sec =  446.7836 Mbps     0 retrans  11839 KB-cwnd
[2024-11-08T16:47:29.750265-0500]    22.6250 MB /   0.50 sec =  379.5838 Mbps  2996 retrans  10814 KB-cwnd
[2024-11-08T16:47:30.250225-0500]    29.3125 MB /   0.50 sec =  491.7930 Mbps     0 retrans  10814 KB-cwnd
[2024-11-08T16:47:30.750231-0500]    30.5625 MB /   0.50 sec =  512.7444 Mbps  2774 retrans  10496 KB-cwnd
[2024-11-08T16:47:31.250133-0500]    28.3125 MB /   0.50 sec =  475.0496 Mbps     0 retrans  10496 KB-cwnd
[2024-11-08T16:47:31.750372-0500]    25.0625 MB /   0.50 sec =  420.4437 Mbps   857 retrans  12251 KB-cwnd
[2024-11-08T16:47:32.250257-0500]    20.5000 MB /   0.50 sec =  343.9075 Mbps     0 retrans  12251 KB-cwnd
[2024-11-08T16:47:32.750274-0500]    23.6250 MB /   0.50 sec =  396.3665 Mbps     0 retrans  12251 KB-cwnd
[2024-11-08T16:47:33.250289-0500]    19.1875 MB /   0.50 sec =  321.9296 Mbps  1066 retrans  13042 KB-cwnd
[2024-11-08T16:47:33.750201-0500]    17.6250 MB /   0.50 sec =  295.6896 Mbps     0 retrans  13042 KB-cwnd
[2024-11-08T16:47:34.250855-0500]    12.0000 MB /   0.50 sec =  201.1078 Mbps     0 retrans  13042 KB-cwnd
[2024-11-08T16:47:34.750364-0500]    14.0625 MB /   0.50 sec =  236.1610 Mbps     0 retrans  13042 KB-cwnd
[2024-11-08T16:47:35.250274-0500]    19.0625 MB /   0.50 sec =  319.8445 Mbps    42 retrans  13209 KB-cwnd
[2024-11-08T16:47:35.750232-0500]    22.3125 MB /   0.50 sec =  374.3641 Mbps     0 retrans  13209 KB-cwnd
[2024-11-08T16:47:36.250239-0500]    22.0625 MB /   0.50 sec =  370.1370 Mbps     0 retrans  13209 KB-cwnd
[2024-11-08T16:47:36.750150-0500]    21.7500 MB /   0.50 sec =  364.9344 Mbps  1490 retrans  10641 KB-cwnd
[2024-11-08T16:47:37.250255-0500]    17.6250 MB /   0.50 sec =  295.6742 Mbps     1 retrans  10641 KB-cwnd
[2024-11-08T16:47:37.750206-0500]    25.1875 MB /   0.50 sec =  422.5989 Mbps   242 retrans  11535 KB-cwnd
[2024-11-08T16:47:38.250262-0500]    28.0000 MB /   0.50 sec =  469.7489 Mbps     0 retrans  11535 KB-cwnd
[2024-11-08T16:47:38.750272-0500]    30.0000 MB /   0.50 sec =  503.2752 Mbps  1680 retrans  10590 KB-cwnd
[2024-11-08T16:47:39.250330-0500]    24.8125 MB /   0.50 sec =  416.2605 Mbps     0 retrans  10590 KB-cwnd
[2024-11-08T16:47:39.750251-0500]    33.0000 MB /   0.50 sec =  553.7090 Mbps   149 retrans  11279 KB-cwnd
[2024-11-08T16:47:40.250239-0500]    36.0000 MB /   0.50 sec =  604.0003 Mbps     0 retrans  11279 KB-cwnd
[2024-11-08T16:47:40.750227-0500]    24.7500 MB /   0.50 sec =  415.2378 Mbps    52 retrans  13370 KB-cwnd
[2024-11-08T16:47:41.250343-0500]    28.3750 MB /   0.50 sec =  475.9621 Mbps     0 retrans  13370 KB-cwnd
[2024-11-08T16:47:41.750328-0500]    20.5000 MB /   0.50 sec =  343.9831 Mbps     0 retrans  13370 KB-cwnd
[2024-11-08T16:47:42.250193-0500]    26.3125 MB /   0.50 sec =  441.4602 Mbps   260 retrans  14129 KB-cwnd
[2024-11-08T16:47:42.750353-0500]    34.0625 MB /   0.50 sec =  571.3768 Mbps     0 retrans  14129 KB-cwnd
[2024-11-08T16:47:43.250266-0500]    23.8750 MB /   0.50 sec =  400.6065 Mbps   395 retrans  13265 KB-cwnd
[2024-11-08T16:47:43.750139-0500]    34.8750 MB /   0.50 sec =  585.1827 Mbps     0 retrans  13265 KB-cwnd
[2024-11-08T16:47:44.250243-0500]    27.8750 MB /   0.50 sec =  467.6387 Mbps   792 retrans  12951 KB-cwnd
[2024-11-08T16:47:44.750516-0500]    29.8125 MB /   0.50 sec =  500.1577 Mbps     0 retrans  12951 KB-cwnd
[2024-11-08T16:47:45.250471-0500]    28.3750 MB /   0.50 sec =  475.8470 Mbps  1104 retrans  11036 KB-cwnd
[2024-11-08T16:47:45.750287-0500]    27.0625 MB /   0.50 sec =  454.1951 Mbps     0 retrans  13728 KB-cwnd
[2024-11-08T16:47:46.250220-0500]    22.6250 MB /   0.50 sec =  379.6248 Mbps  1098 retrans  12754 KB-cwnd
[2024-11-08T16:47:46.750354-0500]    27.0000 MB /   0.50 sec =  452.9051 Mbps     0 retrans  12754 KB-cwnd
[2024-11-08T16:47:47.250229-0500]    30.8125 MB /   0.50 sec =  517.0162 Mbps     0 retrans  12754 KB-cwnd
[2024-11-08T16:47:47.750366-0500]    24.8125 MB /   0.50 sec =  416.2389 Mbps  1163 retrans  12811 KB-cwnd
[2024-11-08T16:47:48.250330-0500]    21.5000 MB /   0.50 sec =  360.6993 Mbps     0 retrans  12813 KB-cwnd
[2024-11-08T16:47:48.750235-0500]    24.3125 MB /   0.50 sec =  407.9401 Mbps   443 retrans   9554 KB-cwnd
[2024-11-08T16:47:49.250225-0500]    28.5625 MB /   0.50 sec =  479.2347 Mbps     0 retrans  11375 KB-cwnd
[2024-11-08T16:47:49.750272-0500]    30.7500 MB /   0.50 sec =  515.8633 Mbps    23 retrans  12054 KB-cwnd
[2024-11-08T16:47:50.250269-0500]    27.3750 MB /   0.50 sec =  459.2836 Mbps     0 retrans  12054 KB-cwnd
[2024-11-08T16:47:50.750332-0500]    17.4375 MB /   0.50 sec =  292.5656 Mbps     0 retrans  12054 KB-cwnd
[2024-11-08T16:47:51.250274-0500]    24.1250 MB /   0.50 sec =  404.7293 Mbps   486 retrans  11115 KB-cwnd
[2024-11-08T16:47:51.750308-0500]    32.1250 MB /   0.50 sec =  538.9303 Mbps     0 retrans  11115 KB-cwnd
[2024-11-08T16:47:52.250225-0500]    23.2500 MB /   0.50 sec =  390.1218 Mbps     0 retrans  10574 KB-cwnd
[2024-11-08T16:47:52.750203-0500]    11.2500 MB /   0.50 sec =  188.7331 Mbps     0 retrans  10574 KB-cwnd
[2024-11-08T16:47:53.250205-0500]    14.7500 MB /   0.50 sec =  247.4605 Mbps     0 retrans  10574 KB-cwnd
[2024-11-08T16:47:53.750243-0500]    29.3750 MB /   0.50 sec =  492.8544 Mbps     0 retrans  10577 KB-cwnd
[2024-11-08T16:47:54.250417-0500]    28.1250 MB /   0.50 sec =  471.8564 Mbps     4 retrans   8870 KB-cwnd
[2024-11-08T16:47:54.750315-0500]    15.6875 MB /   0.50 sec =  263.1563 Mbps     0 retrans   8862 KB-cwnd
[2024-11-08T16:47:55.250237-0500]    21.0625 MB /   0.50 sec =  353.4217 Mbps   130 retrans  12835 KB-cwnd
[2024-11-08T16:47:55.750334-0500]    19.1250 MB /   0.50 sec =  320.8110 Mbps     0 retrans      5 KB-cwnd
[2024-11-08T16:47:56.250308-0500]    20.9375 MB /   0.50 sec =  351.2898 Mbps     0 retrans      5 KB-cwnd
[2024-11-08T16:47:56.750342-0500]    15.3125 MB /   0.50 sec =  256.8975 Mbps     0 retrans      5 KB-cwnd
[2024-11-08T16:47:57.250439-0500]     3.8125 MB /   0.50 sec =   63.9598 Mbps    25 retrans  13919 KB-cwnd
[2024-11-08T16:47:57.750140-0500]    20.2500 MB /   0.50 sec =  339.8290 Mbps     0 retrans  13919 KB-cwnd
[2024-11-08T16:47:58.250353-0500]     6.6250 MB /   0.50 sec =  111.1204 Mbps     0 retrans  13919 KB-cwnd
[2024-11-08T16:47:58.750267-0500]    28.3125 MB /   0.50 sec =  475.0771 Mbps     0 retrans  13919 KB-cwnd
[2024-11-08T16:47:59.250356-0500]     8.0000 MB /   0.50 sec =  134.1955 Mbps   204 retrans  12474 KB-cwnd
[2024-11-08T16:47:59.750295-0500]    30.0625 MB /   0.50 sec =  504.4074 Mbps     0 retrans  12474 KB-cwnd
[2024-11-08T16:48:00.250316-0500]    18.7500 MB /   0.50 sec =  314.5627 Mbps     0 retrans  12474 KB-cwnd
[2024-11-08T16:48:00.750301-0500]    28.5625 MB /   0.50 sec =  479.2126 Mbps    64 retrans   9078 KB-cwnd
[2024-11-08T16:48:01.250273-0500]    31.0000 MB /   0.50 sec =  520.1696 Mbps     0 retrans   9078 KB-cwnd
[2024-11-08T16:48:01.750334-0500]    20.6250 MB /   0.50 sec =  345.9699 Mbps    13 retrans   9123 KB-cwnd
[2024-11-08T16:48:02.250384-0500]    19.8750 MB /   0.50 sec =  333.3572 Mbps     0 retrans   9123 KB-cwnd
[2024-11-08T16:48:02.750283-0500]    35.0625 MB /   0.50 sec =  588.4748 Mbps   835 retrans  12738 KB-cwnd
[2024-11-08T16:48:03.250245-0500]    21.0625 MB /   0.50 sec =  353.3828 Mbps     0 retrans  12738 KB-cwnd
[2024-11-08T16:48:03.750287-0500]    31.8750 MB /   0.50 sec =  534.7128 Mbps   612 retrans   9157 KB-cwnd
[2024-11-08T16:48:04.250215-0500]    25.6875 MB /   0.50 sec =  431.0234 Mbps     0 retrans   9168 KB-cwnd
[2024-11-08T16:48:04.750232-0500]    25.6250 MB /   0.50 sec =  429.9101 Mbps     0 retrans   9706 KB-cwnd
[2024-11-08T16:48:05.250250-0500]    28.6875 MB /   0.50 sec =  481.2733 Mbps  2571 retrans  12521 KB-cwnd
[2024-11-08T16:48:05.751109-0500]    30.2500 MB /   0.50 sec =  506.6353 Mbps     0 retrans  14559 KB-cwnd
[2024-11-08T16:48:06.250149-0500]    31.6250 MB /   0.50 sec =  531.5511 Mbps   991 retrans  13928 KB-cwnd
[2024-11-08T16:48:06.750432-0500]    30.7500 MB /   0.50 sec =  515.8065 Mbps     0 retrans  13928 KB-cwnd
End time: 1731102487279
