Start time: 1731096282702
[2024-11-08T15:04:46.925223-0500] nuttcp-t: v8.1.4: socket
[2024-11-08T15:04:46.926326-0500] nuttcp-t: buflen=65536, nstream=1, port=5101 tcp -> 54.197.223.49
[2024-11-08T15:04:46.926414-0500] nuttcp-t: time limit = 120.00 seconds
[2024-11-08T15:04:46.926493-0500] nuttcp-t: connect to 54.197.223.49 with mss=1376, RTT=37.043 ms af=inet
[2024-11-08T15:04:46.926544-0500] nuttcp-t: send window size = 2097152, receive window size = 6291456
[2024-11-08T15:04:46.926593-0500] nuttcp-t: available send window = 1572864, available receive window = 4718592
[2024-11-08T15:04:46.926640-0500] nuttcp-t: initial congestion window = 13 KB (10 packets)
[2024-11-08T15:04:46.926691-0500] nuttcp-r: v8.1.4: socket
[2024-11-08T15:04:46.926739-0500] nuttcp-r: buflen=65536, nstream=1, port=5101 tcp
[2024-11-08T15:04:46.926786-0500] nuttcp-r: interval reporting every 0.50 seconds
[2024-11-08T15:04:46.926832-0500] nuttcp-r: accept from 174.234.100.103 with af=inet
[2024-11-08T15:04:46.926880-0500] nuttcp-r: send window size = 450000000, receive window size = 450000000
[2024-11-08T15:04:46.926926-0500] nuttcp-r: available send window = 225000000, available receive window = 225000000
[2024-11-08T15:04:46.926976-0500]     0.0625 MB /   0.50 sec =    1.0485 Mbps    24 retrans    284 KB-cwnd
[2024-11-08T15:04:46.927023-0500]     0.0625 MB /   0.50 sec =    1.0486 Mbps     0 retrans    284 KB-cwnd
[2024-11-08T15:04:46.927069-0500]     0.0625 MB /   0.50 sec =    1.0486 Mbps     0 retrans    284 KB-cwnd
[2024-11-08T15:04:46.927115-0500]     0.0000 MB /   0.50 sec =    0.0000 Mbps     0 retrans    284 KB-cwnd
[2024-11-08T15:04:46.927161-0500]     0.1250 MB /   0.50 sec =    2.0972 Mbps     0 retrans    284 KB-cwnd
[2024-11-08T15:04:46.927207-0500]     0.0000 MB /   0.50 sec =    0.0000 Mbps     0 retrans    284 KB-cwnd
[2024-11-08T15:04:46.927255-0500]     0.0000 MB /   0.50 sec =    0.0000 Mbps     0 retrans    284 KB-cwnd
[2024-11-08T15:04:48.353100-0500]     0.4375 MB /   0.50 sec =    7.3401 Mbps     0 retrans    326 KB-cwnd
[2024-11-08T15:04:48.353351-0500]     0.2500 MB /   0.50 sec =    4.1940 Mbps     0 retrans    326 KB-cwnd
[2024-11-08T15:04:48.353416-0500]     0.2500 MB /   0.50 sec =    4.1946 Mbps     0 retrans    326 KB-cwnd
[2024-11-08T15:04:54.788819-0500]     0.2500 MB /   0.50 sec =    4.1943 Mbps   151 retrans     53 KB-cwnd
[2024-11-08T15:04:54.789106-0500]     0.2500 MB /   0.50 sec =    4.1944 Mbps     0 retrans     53 KB-cwnd
[2024-11-08T15:04:54.789202-0500]     0.1875 MB /   0.50 sec =    3.1456 Mbps     0 retrans     53 KB-cwnd
[2024-11-08T15:04:54.789295-0500]     0.0625 MB /   0.50 sec =    1.0486 Mbps     0 retrans     53 KB-cwnd
[2024-11-08T15:04:54.789378-0500]     0.0625 MB /   0.50 sec =    1.0486 Mbps     0 retrans     53 KB-cwnd
[2024-11-08T15:04:54.789456-0500]     0.0000 MB /   0.50 sec =    0.0000 Mbps     0 retrans     53 KB-cwnd
[2024-11-08T15:04:54.789535-0500]     0.0000 MB /   0.50 sec =    0.0000 Mbps     0 retrans     53 KB-cwnd
[2024-11-08T15:04:54.789611-0500]     0.0000 MB /   0.50 sec =    0.0000 Mbps     0 retrans     53 KB-cwnd
[2024-11-08T15:04:54.789684-0500]     0.0000 MB /   0.50 sec =    0.0000 Mbps     0 retrans     53 KB-cwnd
[2024-11-08T15:04:54.789758-0500]     0.0000 MB /   0.50 sec =    0.0000 Mbps     0 retrans     53 KB-cwnd
[2024-11-08T15:04:54.789831-0500]     0.0000 MB /   0.50 sec =    0.0000 Mbps     0 retrans     53 KB-cwnd
[2024-11-08T15:04:54.789904-0500]     0.0000 MB /   0.50 sec =    0.0000 Mbps     0 retrans     53 KB-cwnd
[2024-11-08T15:04:54.789978-0500]     0.0625 MB /   0.50 sec =    1.0485 Mbps     0 retrans     53 KB-cwnd
[2024-11-08T15:05:08.148912-0500]     0.0625 MB /   0.50 sec =    1.0486 Mbps   321 retrans    104 KB-cwnd
[2024-11-08T15:05:08.149285-0500]     0.0000 MB /   0.50 sec =    0.0000 Mbps     0 retrans    104 KB-cwnd
[2024-11-08T15:05:08.149399-0500]     0.0625 MB /   0.50 sec =    1.0486 Mbps     0 retrans    104 KB-cwnd
[2024-11-08T15:05:08.149487-0500]     0.0000 MB /   0.50 sec =    0.0000 Mbps     0 retrans    104 KB-cwnd
[2024-11-08T15:05:08.149568-0500]     0.0000 MB /   0.50 sec =    0.0000 Mbps     0 retrans    104 KB-cwnd
[2024-11-08T15:05:08.149693-0500]     0.0000 MB /   0.50 sec =    0.0000 Mbps     0 retrans    104 KB-cwnd
[2024-11-08T15:05:08.149772-0500]     0.0000 MB /   0.50 sec =    0.0000 Mbps     0 retrans    104 KB-cwnd
[2024-11-08T15:05:08.149850-0500]     0.0000 MB /   0.50 sec =    0.0000 Mbps     0 retrans    104 KB-cwnd
[2024-11-08T15:05:08.149925-0500]     0.0000 MB /   0.50 sec =    0.0000 Mbps     0 retrans    104 KB-cwnd
[2024-11-08T15:05:08.150002-0500]     0.0000 MB /   0.50 sec =    0.0000 Mbps     0 retrans    104 KB-cwnd
[2024-11-08T15:05:08.150078-0500]     0.0000 MB /   0.50 sec =    0.0000 Mbps     0 retrans    104 KB-cwnd
[2024-11-08T15:05:08.150154-0500]     0.0000 MB /   0.50 sec =    0.0000 Mbps     0 retrans    104 KB-cwnd
[2024-11-08T15:05:08.150235-0500]     0.0625 MB /   0.50 sec =    1.0485 Mbps     0 retrans    104 KB-cwnd
[2024-11-08T15:05:08.150312-0500]     0.1250 MB /   0.50 sec =    2.0971 Mbps     0 retrans    104 KB-cwnd
[2024-11-08T15:05:08.150388-0500]     0.0625 MB /   0.50 sec =    1.0486 Mbps     0 retrans    104 KB-cwnd
[2024-11-08T15:05:08.150464-0500]     0.0625 MB /   0.50 sec =    1.0486 Mbps     0 retrans    104 KB-cwnd
[2024-11-08T15:05:08.150540-0500]     0.0000 MB /   0.50 sec =    0.0000 Mbps     0 retrans    104 KB-cwnd
[2024-11-08T15:05:08.150616-0500]     0.0000 MB /   0.50 sec =    0.0000 Mbps     0 retrans    104 KB-cwnd
[2024-11-08T15:05:08.150690-0500]     0.0000 MB /   0.50 sec =    0.0000 Mbps     0 retrans    104 KB-cwnd
[2024-11-08T15:05:08.150763-0500]     0.0000 MB /   0.50 sec =    0.0000 Mbps     0 retrans    104 KB-cwnd
[2024-11-08T15:05:08.150839-0500]     0.0000 MB /   0.50 sec =    0.0000 Mbps     0 retrans    104 KB-cwnd
[2024-11-08T15:05:08.150914-0500]     0.0000 MB /   0.50 sec =    0.0000 Mbps     0 retrans    104 KB-cwnd
[2024-11-08T15:05:08.150989-0500]     0.0000 MB /   0.50 sec =    0.0000 Mbps     0 retrans    104 KB-cwnd
[2024-11-08T15:05:08.151064-0500]     0.0000 MB /   0.50 sec =    0.0000 Mbps     0 retrans    104 KB-cwnd
[2024-11-08T15:05:08.151138-0500]     0.0625 MB /   0.50 sec =    1.0482 Mbps     0 retrans    104 KB-cwnd
[2024-11-08T15:05:08.151213-0500]     0.0625 MB /   0.50 sec =    1.0489 Mbps     0 retrans    104 KB-cwnd
[2024-11-08T15:05:08.151288-0500]     0.0625 MB /   0.50 sec =    1.0486 Mbps     0 retrans    104 KB-cwnd
[2024-11-08T15:05:21.944499-0500]     0.0625 MB /   0.50 sec =    1.0486 Mbps   217 retrans     95 KB-cwnd
[2024-11-08T15:05:21.944987-0500]     0.0625 MB /   0.50 sec =    1.0485 Mbps     0 retrans     95 KB-cwnd
[2024-11-08T15:05:21.945104-0500]     0.0000 MB /   0.50 sec =    0.0000 Mbps     0 retrans     95 KB-cwnd
[2024-11-08T15:05:21.945193-0500]     0.0625 MB /   0.50 sec =    1.0486 Mbps     0 retrans     95 KB-cwnd
[2024-11-08T15:05:21.945280-0500]     0.0000 MB /   0.50 sec =    0.0000 Mbps     0 retrans     95 KB-cwnd
[2024-11-08T15:05:21.945375-0500]     0.0000 MB /   0.50 sec =    0.0000 Mbps     0 retrans     95 KB-cwnd
[2024-11-08T15:05:21.945462-0500]     0.0000 MB /   0.50 sec =    0.0000 Mbps     0 retrans     95 KB-cwnd
[2024-11-08T15:05:21.945546-0500]     0.0625 MB /   0.50 sec =    1.0480 Mbps     0 retrans     95 KB-cwnd
[2024-11-08T15:05:21.945626-0500]     0.0625 MB /   0.50 sec =    1.0491 Mbps     0 retrans     95 KB-cwnd
[2024-11-08T15:05:21.945711-0500]     0.0000 MB /   0.50 sec =    0.0000 Mbps     0 retrans     95 KB-cwnd
[2024-11-08T15:05:21.945793-0500]     0.0000 MB /   0.50 sec =    0.0000 Mbps     0 retrans     95 KB-cwnd
[2024-11-08T15:05:21.945878-0500]     0.0000 MB /   0.50 sec =    0.0000 Mbps     0 retrans     95 KB-cwnd
[2024-11-08T15:05:21.945959-0500]     0.0000 MB /   0.50 sec =    0.0000 Mbps     0 retrans     95 KB-cwnd
[2024-11-08T15:05:21.946040-0500]     0.0000 MB /   0.50 sec =    0.0000 Mbps     0 retrans     95 KB-cwnd
[2024-11-08T15:05:21.946125-0500]     0.0000 MB /   0.50 sec =    0.0000 Mbps     0 retrans     95 KB-cwnd
[2024-11-08T15:05:21.946207-0500]     0.0000 MB /   0.50 sec =    0.0000 Mbps     0 retrans     95 KB-cwnd
[2024-11-08T15:05:21.946340-0500]     0.0625 MB /   0.50 sec =    1.0486 Mbps     0 retrans     95 KB-cwnd
[2024-11-08T15:05:21.946426-0500]     0.0000 MB /   0.50 sec =    0.0000 Mbps     0 retrans     95 KB-cwnd
[2024-11-08T15:05:21.946507-0500]     0.0000 MB /   0.50 sec =    0.0000 Mbps     0 retrans     95 KB-cwnd
[2024-11-08T15:05:21.946588-0500]     0.1250 MB /   0.50 sec =    2.0971 Mbps     0 retrans     95 KB-cwnd
[2024-11-08T15:05:21.946670-0500]     0.0000 MB /   0.50 sec =    0.0000 Mbps     0 retrans     95 KB-cwnd
[2024-11-08T15:05:21.946753-0500]     0.0000 MB /   0.50 sec =    0.0000 Mbps     0 retrans     95 KB-cwnd
[2024-11-08T15:05:21.946834-0500]     0.0625 MB /   0.50 sec =    1.0486 Mbps     0 retrans     95 KB-cwnd
[2024-11-08T15:05:21.946912-0500]     0.0000 MB /   0.50 sec =    0.0000 Mbps     0 retrans     95 KB-cwnd
[2024-11-08T15:05:21.946992-0500]     0.0000 MB /   0.50 sec =    0.0000 Mbps     0 retrans     95 KB-cwnd
[2024-11-08T15:05:21.947073-0500]     0.0625 MB /   0.50 sec =    1.0488 Mbps     0 retrans     95 KB-cwnd
[2024-11-08T15:05:21.947154-0500]     0.0625 MB /   0.50 sec =    1.0487 Mbps     0 retrans     95 KB-cwnd
[2024-11-08T15:05:25.702010-0500]     0.0625 MB /   0.50 sec =    1.0483 Mbps     0 retrans     99 KB-cwnd
[2024-11-08T15:05:25.702291-0500]     0.0625 MB /   0.50 sec =    1.0489 Mbps     0 retrans     99 KB-cwnd
[2024-11-08T15:05:25.702344-0500]     0.0625 MB /   0.50 sec =    1.0486 Mbps     0 retrans     99 KB-cwnd
[2024-11-08T15:05:25.702385-0500]     0.0625 MB /   0.50 sec =    1.0486 Mbps     0 retrans     99 KB-cwnd
[2024-11-08T15:05:25.702423-0500]     0.0625 MB /   0.50 sec =    1.0486 Mbps     0 retrans     99 KB-cwnd
[2024-11-08T15:05:25.702461-0500]     0.1250 MB /   0.50 sec =    2.0969 Mbps     0 retrans     99 KB-cwnd
[2024-11-08T15:05:25.702499-0500]     0.1875 MB /   0.50 sec =    3.1460 Mbps     0 retrans     99 KB-cwnd
[2024-11-08T15:05:25.702536-0500]     0.1250 MB /   0.50 sec =    2.0961 Mbps     0 retrans     99 KB-cwnd
[2024-11-08T15:05:28.852440-0500]     0.1875 MB /   0.50 sec =    3.1472 Mbps     0 retrans    103 KB-cwnd
[2024-11-08T15:05:28.852642-0500]     0.1250 MB /   0.50 sec =    2.0972 Mbps     0 retrans    103 KB-cwnd
[2024-11-08T15:05:28.852679-0500]     0.1250 MB /   0.50 sec =    2.0972 Mbps     0 retrans    103 KB-cwnd
[2024-11-08T15:05:28.852707-0500]     0.0625 MB /   0.50 sec =    1.0484 Mbps     0 retrans    103 KB-cwnd
[2024-11-08T15:05:28.852733-0500]     0.0625 MB /   0.50 sec =    1.0487 Mbps     0 retrans    103 KB-cwnd
[2024-11-08T15:05:28.852758-0500]     0.1250 MB /   0.50 sec =    2.0972 Mbps     0 retrans    103 KB-cwnd
[2024-11-08T15:05:37.375367-0500]     0.1250 MB /   0.50 sec =    2.0967 Mbps    34 retrans     61 KB-cwnd
[2024-11-08T15:05:37.375925-0500]     0.0625 MB /   0.50 sec =    1.0486 Mbps     0 retrans     61 KB-cwnd
[2024-11-08T15:05:37.376038-0500]     0.1250 MB /   0.50 sec =    2.0975 Mbps     0 retrans     61 KB-cwnd
[2024-11-08T15:05:37.376141-0500]     0.0625 MB /   0.50 sec =    1.0486 Mbps     0 retrans     61 KB-cwnd
[2024-11-08T15:05:37.376228-0500]     0.0625 MB /   0.50 sec =    1.0485 Mbps     0 retrans     61 KB-cwnd
[2024-11-08T15:05:37.376307-0500]     0.0625 MB /   0.50 sec =    1.0485 Mbps     0 retrans     61 KB-cwnd
[2024-11-08T15:05:37.376383-0500]     0.0625 MB /   0.50 sec =    1.0486 Mbps     0 retrans     61 KB-cwnd
[2024-11-08T15:05:37.376461-0500]     0.0625 MB /   0.50 sec =    1.0486 Mbps     0 retrans     61 KB-cwnd
[2024-11-08T15:05:37.376540-0500]     0.0000 MB /   0.50 sec =    0.0000 Mbps     0 retrans     61 KB-cwnd
[2024-11-08T15:05:37.376617-0500]     0.0000 MB /   0.50 sec =    0.0000 Mbps     0 retrans     61 KB-cwnd
[2024-11-08T15:05:37.376695-0500]     0.0000 MB /   0.50 sec =    0.0000 Mbps     0 retrans     61 KB-cwnd
[2024-11-08T15:05:37.376776-0500]     0.0000 MB /   0.50 sec =    0.0000 Mbps     0 retrans     61 KB-cwnd
[2024-11-08T15:05:37.376853-0500]     0.0625 MB /   0.50 sec =    1.0486 Mbps     0 retrans     61 KB-cwnd
[2024-11-08T15:05:37.376967-0500]     0.0625 MB /   0.50 sec =    1.0486 Mbps     0 retrans     61 KB-cwnd
[2024-11-08T15:05:37.377050-0500]     0.0000 MB /   0.50 sec =    0.0000 Mbps     0 retrans     61 KB-cwnd
[2024-11-08T15:05:37.377138-0500]     0.0625 MB /   0.50 sec =    1.0486 Mbps     0 retrans     61 KB-cwnd
[2024-11-08T15:05:37.377216-0500]     0.0000 MB /   0.50 sec =    0.0000 Mbps     0 retrans     61 KB-cwnd
[2024-11-08T15:05:44.385841-0500]     0.0000 MB /   0.50 sec =    0.0000 Mbps     3 retrans     47 KB-cwnd
[2024-11-08T15:05:44.386293-0500]     0.0625 MB /   0.50 sec =    1.0486 Mbps     0 retrans     47 KB-cwnd
[2024-11-08T15:05:44.386406-0500]     0.0000 MB /   0.50 sec =    0.0000 Mbps     0 retrans     47 KB-cwnd
[2024-11-08T15:05:44.386492-0500]     0.0625 MB /   0.50 sec =    1.0486 Mbps     0 retrans     47 KB-cwnd
[2024-11-08T15:05:44.386572-0500]     0.0000 MB /   0.50 sec =    0.0000 Mbps     0 retrans     47 KB-cwnd
[2024-11-08T15:05:44.386650-0500]     0.1250 MB /   0.50 sec =    2.0972 Mbps     0 retrans     47 KB-cwnd
[2024-11-08T15:05:44.386726-0500]     0.0000 MB /   0.50 sec =    0.0000 Mbps     0 retrans     47 KB-cwnd
[2024-11-08T15:05:44.386805-0500]     0.0625 MB /   0.50 sec =    1.0486 Mbps     0 retrans     47 KB-cwnd
[2024-11-08T15:05:44.386881-0500]     0.0000 MB /   0.50 sec =    0.0000 Mbps     0 retrans     47 KB-cwnd
[2024-11-08T15:05:44.386957-0500]     0.0625 MB /   0.50 sec =    1.0486 Mbps     0 retrans     47 KB-cwnd
[2024-11-08T15:05:44.387034-0500]     0.0625 MB /   0.50 sec =    1.0486 Mbps     0 retrans     47 KB-cwnd
[2024-11-08T15:05:44.387111-0500]     0.0625 MB /   0.50 sec =    1.0486 Mbps     0 retrans     47 KB-cwnd
[2024-11-08T15:05:44.387191-0500]     0.0625 MB /   0.50 sec =    1.0486 Mbps     0 retrans     47 KB-cwnd
[2024-11-08T15:05:44.387267-0500]     0.0625 MB /   0.50 sec =    1.0486 Mbps     0 retrans     47 KB-cwnd
[2024-11-08T15:05:47.398060-0500]     0.1250 MB /   0.50 sec =    2.0972 Mbps     0 retrans    170 KB-cwnd
[2024-11-08T15:05:47.398489-0500]     0.1250 MB /   0.50 sec =    2.0972 Mbps     0 retrans    170 KB-cwnd
[2024-11-08T15:05:47.398601-0500]     0.1250 MB /   0.50 sec =    2.0967 Mbps     0 retrans    170 KB-cwnd
[2024-11-08T15:05:47.398691-0500]     0.1250 MB /   0.50 sec =    2.0973 Mbps     0 retrans    170 KB-cwnd
[2024-11-08T15:05:47.398774-0500]     0.1250 MB /   0.50 sec =    2.0975 Mbps     0 retrans    170 KB-cwnd
[2024-11-08T15:05:47.398854-0500]     0.1250 MB /   0.50 sec =    2.0972 Mbps     0 retrans    170 KB-cwnd
[2024-11-08T15:05:49.853339-0500]     0.1875 MB /   0.50 sec =    3.1457 Mbps     0 retrans    325 KB-cwnd
[2024-11-08T15:05:49.853654-0500]     0.1250 MB /   0.50 sec =    2.0971 Mbps     0 retrans    325 KB-cwnd
[2024-11-08T15:05:49.853717-0500]     0.1250 MB /   0.50 sec =    2.0972 Mbps     0 retrans    325 KB-cwnd
[2024-11-08T15:05:49.853763-0500]     0.1875 MB /   0.50 sec =    3.1457 Mbps     0 retrans    325 KB-cwnd
[2024-11-08T15:05:49.853808-0500]     0.1875 MB /   0.50 sec =    3.1457 Mbps     0 retrans    325 KB-cwnd
[2024-11-08T15:05:50.750607-0500]     0.1875 MB /   0.50 sec =    3.1458 Mbps     0 retrans    397 KB-cwnd
[2024-11-08T15:05:50.750908-0500]     0.3125 MB /   0.50 sec =    5.2428 Mbps     0 retrans    397 KB-cwnd
[2024-11-08T15:05:51.305972-0500]     0.3750 MB /   0.50 sec =    6.2915 Mbps     0 retrans    459 KB-cwnd
[2024-11-08T15:05:51.747811-0500]     0.6250 MB /   0.50 sec =   10.4859 Mbps     0 retrans    533 KB-cwnd
[2024-11-08T15:05:52.179488-0500]     0.8125 MB /   0.50 sec =   13.6307 Mbps     0 retrans    619 KB-cwnd
[2024-11-08T15:05:52.877029-0500]     0.8125 MB /   0.50 sec =   13.6321 Mbps     0 retrans    659 KB-cwnd
[2024-11-08T15:05:53.564200-0500]     0.8125 MB /   0.50 sec =   13.6310 Mbps     0 retrans    659 KB-cwnd
[2024-11-08T15:05:53.564704-0500]     1.0625 MB /   0.50 sec =   17.8264 Mbps     0 retrans    659 KB-cwnd
[2024-11-08T15:05:54.032159-0500]     1.1250 MB /   0.50 sec =   18.8738 Mbps     0 retrans    741 KB-cwnd
[2024-11-08T15:05:54.521060-0500]     1.0625 MB /   0.50 sec =   17.8265 Mbps     0 retrans    872 KB-cwnd
[2024-11-08T15:05:55.358287-0500]     1.1250 MB /   0.50 sec =   18.8720 Mbps     0 retrans    888 KB-cwnd
[2024-11-08T15:05:56.183299-0500]     1.0000 MB /   0.50 sec =   16.7791 Mbps     0 retrans    888 KB-cwnd
[2024-11-08T15:05:56.183428-0500]     1.0625 MB /   0.50 sec =   17.8236 Mbps     0 retrans    888 KB-cwnd
[2024-11-08T15:05:57.161137-0500]     1.0000 MB /   0.50 sec =   16.7785 Mbps     0 retrans    888 KB-cwnd
[2024-11-08T15:05:57.161338-0500]     0.9375 MB /   0.50 sec =   15.7295 Mbps     0 retrans    888 KB-cwnd
[2024-11-08T15:05:58.119844-0500]     0.8750 MB /   0.50 sec =   14.6803 Mbps     0 retrans    888 KB-cwnd
[2024-11-08T15:05:58.120220-0500]     1.0000 MB /   0.50 sec =   16.7768 Mbps     0 retrans    888 KB-cwnd
[2024-11-08T15:05:58.986243-0500]     1.0000 MB /   0.50 sec =   16.7773 Mbps     0 retrans    888 KB-cwnd
[2024-11-08T15:05:59.811281-0500]     1.1250 MB /   0.50 sec =   18.8744 Mbps     0 retrans    888 KB-cwnd
[2024-11-08T15:05:59.811469-0500]     1.0625 MB /   0.50 sec =   17.8258 Mbps     0 retrans    888 KB-cwnd
[2024-11-08T15:06:00.315132-0500]     1.3125 MB /   0.50 sec =   22.0198 Mbps     0 retrans    959 KB-cwnd
[2024-11-08T15:06:00.745358-0500]     1.6875 MB /   0.50 sec =   28.3114 Mbps     0 retrans   1044 KB-cwnd
[2024-11-08T15:06:01.289630-0500]     2.0000 MB /   0.50 sec =   33.5542 Mbps     0 retrans   1044 KB-cwnd
[2024-11-08T15:06:01.697248-0500]     2.1875 MB /   0.50 sec =   36.7001 Mbps     0 retrans   1044 KB-cwnd
[2024-11-08T15:06:02.397475-0500]     3.5000 MB /   0.50 sec =   58.7152 Mbps     0 retrans   1167 KB-cwnd
[2024-11-08T15:06:02.837482-0500]     2.1250 MB /   0.50 sec =   35.6557 Mbps     0 retrans   1255 KB-cwnd
[2024-11-08T15:06:03.397673-0500]     2.2500 MB /   0.50 sec =   37.7478 Mbps     0 retrans   1255 KB-cwnd
[2024-11-08T15:06:03.939559-0500]     2.3125 MB /   0.50 sec =   38.7979 Mbps     0 retrans   1255 KB-cwnd
[2024-11-08T15:06:04.457238-0500]     2.2500 MB /   0.50 sec =   37.7484 Mbps     0 retrans   1255 KB-cwnd
[2024-11-08T15:06:04.984499-0500]     2.5625 MB /   0.50 sec =   42.9917 Mbps     0 retrans   1255 KB-cwnd
[2024-11-08T15:06:05.436840-0500]     2.4375 MB /   0.50 sec =   40.8942 Mbps     0 retrans   1255 KB-cwnd
[2024-11-08T15:06:05.824551-0500]     3.0000 MB /   0.50 sec =   50.3316 Mbps     0 retrans   1255 KB-cwnd
[2024-11-08T15:06:06.209236-0500]     3.3125 MB /   0.50 sec =   55.5756 Mbps     0 retrans   1255 KB-cwnd
[2024-11-08T15:06:06.635016-0500]     3.4375 MB /   0.50 sec =   57.6709 Mbps     0 retrans   1255 KB-cwnd
[2024-11-08T15:06:07.171353-0500]     2.5000 MB /   0.50 sec =   41.9437 Mbps     0 retrans   1255 KB-cwnd
[2024-11-08T15:06:07.637126-0500]     2.7500 MB /   0.50 sec =   46.1364 Mbps     0 retrans   1255 KB-cwnd
[2024-11-08T15:06:08.341517-0500]     2.1250 MB /   0.50 sec =   35.6509 Mbps     0 retrans   1255 KB-cwnd
[2024-11-08T15:06:09.059494-0500]     1.6875 MB /   0.50 sec =   28.3122 Mbps     0 retrans   1255 KB-cwnd
[2024-11-08T15:06:09.060064-0500]     1.8750 MB /   0.50 sec =   31.4572 Mbps     0 retrans   1255 KB-cwnd
[2024-11-08T15:06:09.609408-0500]     2.2500 MB /   0.50 sec =   37.7477 Mbps     0 retrans   1255 KB-cwnd
[2024-11-08T15:06:10.329432-0500]     1.9375 MB /   0.50 sec =   32.5071 Mbps     0 retrans   1255 KB-cwnd
[2024-11-08T15:06:10.812981-0500]     2.2500 MB /   0.50 sec =   37.7485 Mbps     0 retrans   1526 KB-cwnd
[2024-11-08T15:06:11.566818-0500]     2.1250 MB /   0.50 sec =   35.6033 Mbps     0 retrans   1526 KB-cwnd
[2024-11-08T15:06:11.567244-0500]     1.8125 MB /   0.50 sec =   30.4498 Mbps     0 retrans   1526 KB-cwnd
[2024-11-08T15:06:13.157071-0500]     0.9375 MB /   0.50 sec =   15.7285 Mbps     0 retrans   1526 KB-cwnd
[2024-11-08T15:06:13.157273-0500]     0.8125 MB /   0.50 sec =   13.6321 Mbps     0 retrans   1526 KB-cwnd
[2024-11-08T15:06:13.157309-0500]     0.8125 MB /   0.50 sec =   13.6115 Mbps     0 retrans   1526 KB-cwnd
[2024-11-08T15:06:14.927794-0500]     0.6250 MB /   0.50 sec =   10.5009 Mbps     0 retrans   1526 KB-cwnd
[2024-11-08T15:06:14.928232-0500]     0.8125 MB /   0.50 sec =   13.6248 Mbps     0 retrans   1526 KB-cwnd
[2024-11-08T15:06:14.928341-0500]     0.9375 MB /   0.50 sec =   15.7363 Mbps     0 retrans   1526 KB-cwnd
[2024-11-08T15:06:16.307468-0500]     0.7500 MB /   0.50 sec =   12.5830 Mbps     0 retrans   1526 KB-cwnd
[2024-11-08T15:06:16.307860-0500]     0.8750 MB /   0.50 sec =   14.6802 Mbps     0 retrans   1526 KB-cwnd
[2024-11-08T15:06:16.307925-0500]     1.0625 MB /   0.50 sec =   17.8261 Mbps     0 retrans   1526 KB-cwnd
[2024-11-08T15:06:17.555457-0500]     0.9375 MB /   0.50 sec =   15.7278 Mbps     0 retrans   1526 KB-cwnd
[2024-11-08T15:06:17.555989-0500]     1.1250 MB /   0.50 sec =   18.8751 Mbps     0 retrans   1526 KB-cwnd
[2024-11-08T15:06:17.556120-0500]     1.0000 MB /   0.50 sec =   16.7771 Mbps     0 retrans   1526 KB-cwnd
[2024-11-08T15:06:18.705099-0500]     1.1250 MB /   0.50 sec =   18.8747 Mbps     0 retrans   1526 KB-cwnd
[2024-11-08T15:06:18.705288-0500]     1.1875 MB /   0.50 sec =   19.9223 Mbps     0 retrans   1526 KB-cwnd
[2024-11-08T15:06:19.515102-0500]     1.3125 MB /   0.50 sec =   22.0197 Mbps     0 retrans   1526 KB-cwnd
[2024-11-08T15:06:19.515342-0500]     1.8750 MB /   0.50 sec =   31.4577 Mbps     0 retrans   1526 KB-cwnd
[2024-11-08T15:06:20.187247-0500]     2.0000 MB /   0.50 sec =   33.5545 Mbps     0 retrans   1526 KB-cwnd
[2024-11-08T15:06:21.166567-0500]     1.6250 MB /   0.50 sec =   27.2626 Mbps     0 retrans   1526 KB-cwnd
[2024-11-08T15:06:21.166942-0500]     1.3750 MB /   0.50 sec =   23.0688 Mbps     0 retrans   1526 KB-cwnd
[2024-11-08T15:06:22.535551-0500]     1.0625 MB /   0.50 sec =   17.8252 Mbps     0 retrans   1526 KB-cwnd
[2024-11-08T15:06:22.536195-0500]     0.9375 MB /   0.50 sec =   15.7281 Mbps     0 retrans   1526 KB-cwnd
[2024-11-08T15:06:22.536341-0500]     1.0625 MB /   0.50 sec =   17.8270 Mbps     0 retrans   1526 KB-cwnd
[2024-11-08T15:06:23.827334-0500]     1.0000 MB /   0.50 sec =   16.7780 Mbps     0 retrans   1526 KB-cwnd
[2024-11-08T15:06:23.827483-0500]     0.9375 MB /   0.50 sec =   15.7283 Mbps     0 retrans   1526 KB-cwnd
[2024-11-08T15:06:25.455789-0500]     1.1875 MB /   0.50 sec =   19.9227 Mbps     0 retrans   1526 KB-cwnd
[2024-11-08T15:06:25.456256-0500]     1.3125 MB /   0.50 sec =   22.0200 Mbps     0 retrans   1526 KB-cwnd
[2024-11-08T15:06:25.456397-0500]     0.3750 MB /   0.50 sec =    6.2914 Mbps     0 retrans   1526 KB-cwnd
[2024-11-08T15:06:26.898880-0500]     0.6875 MB /   0.50 sec =   11.5346 Mbps     0 retrans   1526 KB-cwnd
[2024-11-08T15:06:26.899012-0500]     0.9375 MB /   0.50 sec =   15.7194 Mbps     0 retrans   1526 KB-cwnd
[2024-11-08T15:06:26.899045-0500]     1.2500 MB /   0.50 sec =   20.9653 Mbps     0 retrans   1526 KB-cwnd
[2024-11-08T15:06:27.883156-0500]     0.5625 MB /   0.50 sec =    9.4455 Mbps     0 retrans   1526 KB-cwnd
[2024-11-08T15:06:27.883371-0500]     1.0000 MB /   0.50 sec =   16.7769 Mbps     0 retrans   1526 KB-cwnd
[2024-11-08T15:06:28.618108-0500]     2.0000 MB /   0.50 sec =   33.5545 Mbps     0 retrans   1526 KB-cwnd
[2024-11-08T15:06:28.618573-0500]     1.7500 MB /   0.50 sec =   29.3572 Mbps     0 retrans   1526 KB-cwnd
[2024-11-08T15:06:29.338919-0500]     1.8750 MB /   0.50 sec =   31.4615 Mbps     0 retrans   1526 KB-cwnd
[2024-11-08T15:06:30.063479-0500]     1.8750 MB /   0.50 sec =   31.4572 Mbps     0 retrans   1526 KB-cwnd
[2024-11-08T15:06:30.064050-0500]     1.7500 MB /   0.50 sec =   29.3591 Mbps     0 retrans   1526 KB-cwnd
[2024-11-08T15:06:30.577087-0500]     2.4375 MB /   0.50 sec =   40.8953 Mbps     0 retrans   1526 KB-cwnd
[2024-11-08T15:06:31.167540-0500]     2.5625 MB /   0.50 sec =   42.9920 Mbps     0 retrans   1526 KB-cwnd
[2024-11-08T15:06:31.942079-0500]     1.8125 MB /   0.50 sec =   30.4086 Mbps     0 retrans   1526 KB-cwnd
[2024-11-08T15:06:32.601442-0500]     2.0000 MB /   0.50 sec =   33.5542 Mbps     0 retrans   1526 KB-cwnd
[2024-11-08T15:06:32.601881-0500]     1.7500 MB /   0.50 sec =   29.3605 Mbps     0 retrans   1526 KB-cwnd
[2024-11-08T15:06:33.610173-0500]     1.5625 MB /   0.50 sec =   26.2143 Mbps     0 retrans   1526 KB-cwnd
[2024-11-08T15:06:33.610567-0500]     1.2500 MB /   0.50 sec =   20.9708 Mbps     0 retrans   1526 KB-cwnd
[2024-11-08T15:06:34.903050-0500]     1.0625 MB /   0.50 sec =   17.8256 Mbps     0 retrans   1526 KB-cwnd
[2024-11-08T15:06:34.903319-0500]     1.0625 MB /   0.50 sec =   17.8266 Mbps     0 retrans   1526 KB-cwnd
[2024-11-08T15:06:37.451435-0500]     0.9375 MB /   0.50 sec =   15.7290 Mbps     0 retrans   1526 KB-cwnd
[2024-11-08T15:06:37.451834-0500]     0.8125 MB /   0.50 sec =   13.6306 Mbps     0 retrans   1526 KB-cwnd
[2024-11-08T15:06:37.451978-0500]     0.5625 MB /   0.50 sec =    9.4376 Mbps     0 retrans   1526 KB-cwnd
[2024-11-08T15:06:37.452092-0500]     0.5000 MB /   0.50 sec =    8.3883 Mbps     0 retrans   1526 KB-cwnd
[2024-11-08T15:06:37.452198-0500]     0.3125 MB /   0.50 sec =    5.2429 Mbps     0 retrans   1526 KB-cwnd
[2024-11-08T15:06:42.967189-0500]     0.3125 MB /   0.50 sec =    5.2428 Mbps   164 retrans   1229 KB-cwnd
[2024-11-08T15:06:42.967359-0500]     0.3125 MB /   0.50 sec =    5.2431 Mbps     0 retrans   1229 KB-cwnd
[2024-11-08T15:06:42.967420-0500]     0.3125 MB /   0.50 sec =    5.2425 Mbps     0 retrans   1229 KB-cwnd
[2024-11-08T15:06:42.967461-0500]     0.1875 MB /   0.50 sec =    3.1459 Mbps     0 retrans   1229 KB-cwnd
[2024-11-08T15:06:42.967502-0500]     0.1875 MB /   0.50 sec =    3.1456 Mbps     0 retrans   1229 KB-cwnd
[2024-11-08T15:06:42.967591-0500]     0.1250 MB /   0.50 sec =    2.0972 Mbps     0 retrans   1229 KB-cwnd
[2024-11-08T15:06:42.967632-0500]     0.0625 MB /   0.50 sec =    1.0486 Mbps     0 retrans   1229 KB-cwnd
[2024-11-08T15:06:42.967670-0500]     0.0000 MB /   0.50 sec =    0.0000 Mbps     0 retrans   1229 KB-cwnd
[2024-11-08T15:06:42.967775-0500]     0.0000 MB /   0.50 sec =    0.0000 Mbps     0 retrans   1229 KB-cwnd
[2024-11-08T15:06:42.967818-0500]     0.0625 MB /   0.50 sec =    1.0486 Mbps     0 retrans   1229 KB-cwnd
[2024-11-08T15:06:42.967856-0500]     0.3750 MB /   0.50 sec =    6.2876 Mbps     0 retrans   1229 KB-cwnd
[2024-11-08T15:06:42.997470-0500]     0.3125 MB /   0.50 sec =    5.2462 Mbps     0 retrans   1229 KB-cwnd
[2024-11-08T15:06:43.499016-0500]     0.2500 MB /   0.50 sec =    4.1943 Mbps     0 retrans   1241 KB-cwnd
End time: 1731096403810
