Start time: 1730682459460
[2024-11-03T18:07:40.296364-0700] nuttcp-r: v8.1.4: socket
[2024-11-03T18:07:40.297199-0700] nuttcp-r: buflen=65536, nstream=1, port=5103 tcp
[2024-11-03T18:07:40.297287-0700] nuttcp-r: interval reporting every 0.50 seconds
[2024-11-03T18:07:40.297352-0700] nuttcp-r: connect to 54.176.53.206 with RTT=55.473 ms af=inet
[2024-11-03T18:07:40.297416-0700] nuttcp-r: send window size = 1048576, receive window size = 1048576
[2024-11-03T18:07:40.297471-0700] nuttcp-r: available send window = 786432, available receive window = 786432
[2024-11-03T18:07:40.297538-0700]     0.7500 MB /   0.50 sec =   12.5692 Mbps     0 retrans
[2024-11-03T18:07:40.795354-0700]     4.8125 MB /   0.50 sec =   80.8183 Mbps     0 retrans
[2024-11-03T18:07:41.297665-0700]     7.6875 MB /   0.50 sec =  128.5493 Mbps     0 retrans
[2024-11-03T18:07:41.795407-0700]     8.0000 MB /   0.50 sec =  134.6613 Mbps     0 retrans
[2024-11-03T18:07:42.295306-0700]     5.2500 MB /   0.50 sec =   88.0807 Mbps     0 retrans
[2024-11-03T18:07:42.795274-0700]     5.6250 MB /   0.50 sec =   94.3743 Mbps     0 retrans
[2024-11-03T18:07:43.295906-0700]     0.8750 MB /   0.50 sec =   14.6643 Mbps     0 retrans
[2024-11-03T18:07:43.795331-0700]     6.3750 MB /   0.50 sec =  107.0695 Mbps     0 retrans
[2024-11-03T18:07:44.295346-0700]     6.5000 MB /   0.50 sec =  109.0480 Mbps     0 retrans
[2024-11-03T18:07:44.795400-0700]     3.6875 MB /   0.50 sec =   61.8696 Mbps     0 retrans
[2024-11-03T18:07:45.295344-0700]     2.2500 MB /   0.50 sec =   37.7471 Mbps     0 retrans
[2024-11-03T18:07:45.795927-0700]     2.6250 MB /   0.50 sec =   44.0331 Mbps     0 retrans
[2024-11-03T18:07:46.295400-0700]     6.6250 MB /   0.50 sec =  111.1608 Mbps     0 retrans
[2024-11-03T18:07:46.795656-0700]     5.5000 MB /   0.50 sec =   92.2245 Mbps     0 retrans
[2024-11-03T18:07:47.295339-0700]     3.8125 MB /   0.50 sec =   64.0013 Mbps     0 retrans
[2024-11-03T18:07:47.796140-0700]     4.6250 MB /   0.50 sec =   77.5300 Mbps     0 retrans
[2024-11-03T18:07:48.295341-0700]     7.6250 MB /   0.50 sec =  128.0343 Mbps     0 retrans
[2024-11-03T18:07:48.795390-0700]     4.5000 MB /   0.50 sec =   75.4945 Mbps     0 retrans
[2024-11-03T18:07:49.295463-0700]     5.6875 MB /   0.50 sec =   95.4023 Mbps     0 retrans
[2024-11-03T18:07:49.795426-0700]     4.3750 MB /   0.50 sec =   73.4069 Mbps     0 retrans
[2024-11-03T18:07:50.295351-0700]     5.1250 MB /   0.50 sec =   85.9972 Mbps     0 retrans
[2024-11-03T18:07:50.795412-0700]     5.3125 MB /   0.50 sec =   89.1149 Mbps     0 retrans
[2024-11-03T18:07:51.295420-0700]     7.8750 MB /   0.50 sec =  132.1216 Mbps     0 retrans
[2024-11-03T18:07:51.795239-0700]     5.6250 MB /   0.50 sec =   94.3909 Mbps     0 retrans
[2024-11-03T18:07:52.295395-0700]     1.5625 MB /   0.50 sec =   26.2112 Mbps     0 retrans
[2024-11-03T18:07:52.796421-0700]     0.2500 MB /   0.50 sec =    4.1901 Mbps     0 retrans
[2024-11-03T18:07:53.295394-0700]     5.6250 MB /   0.50 sec =   94.4648 Mbps     0 retrans
[2024-11-03T18:07:53.795334-0700]     7.0625 MB /   0.50 sec =  118.4934 Mbps     0 retrans
[2024-11-03T18:07:54.295388-0700]     5.8125 MB /   0.50 sec =   97.5150 Mbps     0 retrans
[2024-11-03T18:07:54.796131-0700]     8.1875 MB /   0.50 sec =  137.2847 Mbps     0 retrans
[2024-11-03T18:07:55.295770-0700]     5.8750 MB /   0.50 sec =   98.5439 Mbps     0 retrans
[2024-11-03T18:07:55.795339-0700]     2.4375 MB /   0.50 sec =   40.9303 Mbps     0 retrans
[2024-11-03T18:07:56.295986-0700]     6.5000 MB /   0.50 sec =  109.0508 Mbps     0 retrans
[2024-11-03T18:07:56.795702-0700]     8.8750 MB /   0.50 sec =  148.8883 Mbps     0 retrans
[2024-11-03T18:07:57.295885-0700]     5.8125 MB /   0.50 sec =   97.5183 Mbps     0 retrans
[2024-11-03T18:07:57.795336-0700]     8.0625 MB /   0.50 sec =  135.2674 Mbps     0 retrans
[2024-11-03T18:07:58.295343-0700]     3.3750 MB /   0.50 sec =   56.6254 Mbps     0 retrans
[2024-11-03T18:07:58.796500-0700]     4.4375 MB /   0.50 sec =   74.2872 Mbps     0 retrans
[2024-11-03T18:07:59.296315-0700]     4.5625 MB /   0.50 sec =   76.5638 Mbps     0 retrans
[2024-11-03T18:07:59.795260-0700]     3.4375 MB /   0.50 sec =   57.7849 Mbps     0 retrans
[2024-11-03T18:08:00.295349-0700]     4.3125 MB /   0.50 sec =   72.3526 Mbps     0 retrans
[2024-11-03T18:08:00.795377-0700]     4.3125 MB /   0.50 sec =   72.3494 Mbps     0 retrans
[2024-11-03T18:08:01.298614-0700]     3.8750 MB /   0.50 sec =   64.6354 Mbps     0 retrans
[2024-11-03T18:08:01.795340-0700]     0.1875 MB /   0.50 sec =    3.1641 Mbps     0 retrans
[2024-11-03T18:08:02.295796-0700]     3.6250 MB /   0.50 sec =   60.8185 Mbps     0 retrans
[2024-11-03T18:08:02.795402-0700]     3.1875 MB /   0.50 sec =   53.4752 Mbps     0 retrans
[2024-11-03T18:08:03.296416-0700]     5.7500 MB /   0.50 sec =   96.3668 Mbps     0 retrans
[2024-11-03T18:08:03.795329-0700]     4.8750 MB /   0.50 sec =   81.8792 Mbps     0 retrans
[2024-11-03T18:08:04.295847-0700]     4.8125 MB /   0.50 sec =   80.6600 Mbps     0 retrans
[2024-11-03T18:08:04.795340-0700]     5.5000 MB /   0.50 sec =   92.3671 Mbps     0 retrans
[2024-11-03T18:08:05.295833-0700]     6.2500 MB /   0.50 sec =  104.7539 Mbps     0 retrans
[2024-11-03T18:08:05.795550-0700]     4.6875 MB /   0.50 sec =   78.7024 Mbps     0 retrans
[2024-11-03T18:08:06.295393-0700]     4.8125 MB /   0.50 sec =   80.7586 Mbps     0 retrans
[2024-11-03T18:08:06.795344-0700]     7.5625 MB /   0.50 sec =  126.8696 Mbps     0 retrans
[2024-11-03T18:08:07.295607-0700]     3.5625 MB /   0.50 sec =   59.7478 Mbps     0 retrans
[2024-11-03T18:08:07.795378-0700]     6.8125 MB /   0.50 sec =  114.3373 Mbps     0 retrans
[2024-11-03T18:08:08.295348-0700]     8.1875 MB /   0.50 sec =  137.3698 Mbps     0 retrans
[2024-11-03T18:08:08.795379-0700]     2.6250 MB /   0.50 sec =   44.0390 Mbps     0 retrans
[2024-11-03T18:08:09.296703-0700]     6.8750 MB /   0.50 sec =  115.0470 Mbps     0 retrans
[2024-11-03T18:08:09.795360-0700]     6.8750 MB /   0.50 sec =  115.6406 Mbps     0 retrans
[2024-11-03T18:08:10.295554-0700]     8.0000 MB /   0.50 sec =  134.1761 Mbps     0 retrans
[2024-11-03T18:08:10.796680-0700]     6.9375 MB /   0.50 sec =  116.1411 Mbps     0 retrans
[2024-11-03T18:08:11.295364-0700]     4.6875 MB /   0.50 sec =   78.8401 Mbps     0 retrans
[2024-11-03T18:08:11.795229-0700]     8.3125 MB /   0.50 sec =  139.4701 Mbps     0 retrans
[2024-11-03T18:08:12.295307-0700]     3.8750 MB /   0.50 sec =   65.0065 Mbps     0 retrans
[2024-11-03T18:08:12.795610-0700]     5.9375 MB /   0.50 sec =   99.6157 Mbps     0 retrans
[2024-11-03T18:08:13.295749-0700]     3.2500 MB /   0.50 sec =   54.4823 Mbps     0 retrans
[2024-11-03T18:08:13.795310-0700]     3.3125 MB /   0.50 sec =   55.6211 Mbps     0 retrans
[2024-11-03T18:08:14.295354-0700]     2.6875 MB /   0.50 sec =   45.0868 Mbps     0 retrans
[2024-11-03T18:08:14.797213-0700]     4.0000 MB /   0.50 sec =   66.8789 Mbps     0 retrans
[2024-11-03T18:08:15.297225-0700]     2.6875 MB /   0.50 sec =   45.1278 Mbps     0 retrans
[2024-11-03T18:08:15.795380-0700]     5.2500 MB /   0.50 sec =   88.3043 Mbps     0 retrans
[2024-11-03T18:08:16.296529-0700]     4.8750 MB /   0.50 sec =   81.6073 Mbps     0 retrans
[2024-11-03T18:08:16.795376-0700]     8.3125 MB /   0.50 sec =  139.7709 Mbps     0 retrans
[2024-11-03T18:08:17.295321-0700]     3.8750 MB /   0.50 sec =   65.0161 Mbps     0 retrans
[2024-11-03T18:08:17.795329-0700]     3.0625 MB /   0.50 sec =   51.3805 Mbps     0 retrans
[2024-11-03T18:08:18.295340-0700]     5.0000 MB /   0.50 sec =   83.8842 Mbps     0 retrans
[2024-11-03T18:08:18.795428-0700]     4.8750 MB /   0.50 sec =   81.7843 Mbps     0 retrans
[2024-11-03T18:08:19.296362-0700]     4.3125 MB /   0.50 sec =   72.2800 Mbps     0 retrans
[2024-11-03T18:08:19.795235-0700]     5.0625 MB /   0.50 sec =   85.0294 Mbps     0 retrans
[2024-11-03T18:08:20.295344-0700]     4.1875 MB /   0.50 sec =   70.2498 Mbps     0 retrans
[2024-11-03T18:08:20.795772-0700]     3.7500 MB /   0.50 sec =   62.8682 Mbps     0 retrans
[2024-11-03T18:08:21.295435-0700]     0.2500 MB /   0.50 sec =    4.1970 Mbps     0 retrans
[2024-11-03T18:08:21.795400-0700]     1.1875 MB /   0.50 sec =   19.9241 Mbps     0 retrans
[2024-11-03T18:08:22.295342-0700]     4.9375 MB /   0.50 sec =   82.8402 Mbps     0 retrans
[2024-11-03T18:08:22.795452-0700]     3.5000 MB /   0.50 sec =   58.7099 Mbps     0 retrans
[2024-11-03T18:08:23.295338-0700]     4.5000 MB /   0.50 sec =   75.5144 Mbps     0 retrans
[2024-11-03T18:08:23.795438-0700]     4.4375 MB /   0.50 sec =   74.4330 Mbps     0 retrans
[2024-11-03T18:08:24.295875-0700]     5.0000 MB /   0.50 sec =   83.8995 Mbps     0 retrans
[2024-11-03T18:08:24.795426-0700]     4.7500 MB /   0.50 sec =   79.6872 Mbps     0 retrans
[2024-11-03T18:08:25.295668-0700]     5.1875 MB /   0.50 sec =   86.9779 Mbps     0 retrans
[2024-11-03T18:08:25.795377-0700]     6.1875 MB /   0.50 sec =  103.8774 Mbps     0 retrans
[2024-11-03T18:08:26.295363-0700]     6.1875 MB /   0.50 sec =  103.8094 Mbps     0 retrans
[2024-11-03T18:08:26.795358-0700]     4.7500 MB /   0.50 sec =   79.6940 Mbps     0 retrans
[2024-11-03T18:08:27.295386-0700]     0.0000 MB /   0.50 sec =    0.0000 Mbps     0 retrans
[2024-11-03T18:08:27.795555-0700]     0.1250 MB /   0.50 sec =    2.0963 Mbps     0 retrans
[2024-11-03T18:08:28.295358-0700]     3.2500 MB /   0.50 sec =   54.5501 Mbps     0 retrans
[2024-11-03T18:08:28.795796-0700]     4.3750 MB /   0.50 sec =   73.3396 Mbps     0 retrans
[2024-11-03T18:08:29.295368-0700]     5.1875 MB /   0.50 sec =   87.1006 Mbps     0 retrans
[2024-11-03T18:08:29.795992-0700]     5.4375 MB /   0.50 sec =   91.1792 Mbps     0 retrans
[2024-11-03T18:08:30.295332-0700]     1.5625 MB /   0.50 sec =   26.2296 Mbps     0 retrans
[2024-11-03T18:08:30.795367-0700]     4.5625 MB /   0.50 sec =   76.5445 Mbps     0 retrans
[2024-11-03T18:08:31.295355-0700]     4.5625 MB /   0.50 sec =   76.5439 Mbps     0 retrans
[2024-11-03T18:08:31.795700-0700]     5.4375 MB /   0.50 sec =   91.2299 Mbps     0 retrans
[2024-11-03T18:08:32.295351-0700]     4.1875 MB /   0.50 sec =   70.2525 Mbps     0 retrans
[2024-11-03T18:08:32.795777-0700]     1.6250 MB /   0.50 sec =   27.2636 Mbps     0 retrans
[2024-11-03T18:08:33.297664-0700]     5.8125 MB /   0.50 sec =   97.1800 Mbps     0 retrans
[2024-11-03T18:08:33.795367-0700]     4.9375 MB /   0.50 sec =   83.1250 Mbps     0 retrans
[2024-11-03T18:08:34.295907-0700]     4.9375 MB /   0.50 sec =   82.7921 Mbps     0 retrans
[2024-11-03T18:08:34.795258-0700]     6.0625 MB /   0.50 sec =  101.7727 Mbps     0 retrans
[2024-11-03T18:08:35.295783-0700]     4.1875 MB /   0.50 sec =   70.1893 Mbps     0 retrans
[2024-11-03T18:08:35.795498-0700]     4.9375 MB /   0.50 sec =   82.8934 Mbps     0 retrans
[2024-11-03T18:08:36.295369-0700]     5.8750 MB /   0.50 sec =   98.5833 Mbps     0 retrans
[2024-11-03T18:08:36.795293-0700]     7.0000 MB /   0.50 sec =  117.4433 Mbps     0 retrans
[2024-11-03T18:08:37.295381-0700]     4.3750 MB /   0.50 sec =   73.3965 Mbps     0 retrans
[2024-11-03T18:08:37.795671-0700]     1.4375 MB /   0.50 sec =   24.1055 Mbps     0 retrans
[2024-11-03T18:08:38.296613-0700]     5.5625 MB /   0.50 sec =   93.1481 Mbps     0 retrans
[2024-11-03T18:08:38.796594-0700]     3.1250 MB /   0.50 sec =   52.4346 Mbps     0 retrans
[2024-11-03T18:08:39.295349-0700]     4.5000 MB /   0.50 sec =   75.6723 Mbps     0 retrans
[2024-11-03T18:08:39.795461-0700]     2.9375 MB /   0.50 sec =   49.2786 Mbps     0 retrans
[2024-11-03T18:08:40.296232-0700]     3.8750 MB /   0.50 sec =   64.9620 Mbps     0 retrans
[2024-11-03T18:08:40.795294-0700]     3.3125 MB /   0.50 sec =   55.6244 Mbps     0 retrans
[2024-11-03T18:08:41.295377-0700]     5.3125 MB /   0.50 sec =   89.1215 Mbps     0 retrans
[2024-11-03T18:08:41.795363-0700]     4.9375 MB /   0.50 sec =   82.8390 Mbps     0 retrans
[2024-11-03T18:08:42.295380-0700]     1.1875 MB /   0.50 sec =   19.9234 Mbps     0 retrans
[2024-11-03T18:08:42.795402-0700]     4.0625 MB /   0.50 sec =   68.1598 Mbps     0 retrans
[2024-11-03T18:08:43.295310-0700]     4.2500 MB /   0.50 sec =   71.3007 Mbps     0 retrans
[2024-11-03T18:08:43.795958-0700]     5.2500 MB /   0.50 sec =   88.0103 Mbps     0 retrans
[2024-11-03T18:08:44.296311-0700]     4.2500 MB /   0.50 sec =   71.2969 Mbps     0 retrans
[2024-11-03T18:08:44.795831-0700]     5.9375 MB /   0.50 sec =   99.6165 Mbps     0 retrans
[2024-11-03T18:08:45.297133-0700]     2.8750 MB /   0.50 sec =   48.1142 Mbps     0 retrans
[2024-11-03T18:08:45.795631-0700]     4.9375 MB /   0.50 sec =   83.0853 Mbps     0 retrans
[2024-11-03T18:08:46.296664-0700]     4.2500 MB /   0.50 sec =   71.2674 Mbps     0 retrans
[2024-11-03T18:08:46.795801-0700]     5.9375 MB /   0.50 sec =   99.6237 Mbps     0 retrans
[2024-11-03T18:08:47.295862-0700]     6.8750 MB /   0.50 sec =  115.4320 Mbps     0 retrans
[2024-11-03T18:08:47.795630-0700]     1.9375 MB /   0.50 sec =   32.4893 Mbps     0 retrans
[2024-11-03T18:08:48.295427-0700]     3.2500 MB /   0.50 sec =   54.5508 Mbps     0 retrans
[2024-11-03T18:08:48.795365-0700]     6.5000 MB /   0.50 sec =  109.0598 Mbps     0 retrans
[2024-11-03T18:08:49.295335-0700]     4.1250 MB /   0.50 sec =   69.2066 Mbps     0 retrans
[2024-11-03T18:08:49.795391-0700]     3.5625 MB /   0.50 sec =   59.7673 Mbps     0 retrans
[2024-11-03T18:08:50.295385-0700]     2.3125 MB /   0.50 sec =   38.7979 Mbps     0 retrans
[2024-11-03T18:08:50.795363-0700]     2.7500 MB /   0.50 sec =   46.1373 Mbps     0 retrans
[2024-11-03T18:08:51.295349-0700]     2.5000 MB /   0.50 sec =   41.9430 Mbps     0 retrans
[2024-11-03T18:08:51.795945-0700]     3.4375 MB /   0.50 sec =   57.6678 Mbps     0 retrans
[2024-11-03T18:08:52.295844-0700]     3.1875 MB /   0.50 sec =   53.4824 Mbps     0 retrans
[2024-11-03T18:08:52.795291-0700]     3.4375 MB /   0.50 sec =   57.6733 Mbps     0 retrans
[2024-11-03T18:08:53.295570-0700]     0.9375 MB /   0.50 sec =   15.7224 Mbps     0 retrans
[2024-11-03T18:08:53.796380-0700]     2.5625 MB /   0.50 sec =   42.9467 Mbps     0 retrans
[2024-11-03T18:08:54.295809-0700]     3.4375 MB /   0.50 sec =   57.7006 Mbps     0 retrans
[2024-11-03T18:08:54.795424-0700]     2.1250 MB /   0.50 sec =   35.6821 Mbps     0 retrans
[2024-11-03T18:08:55.295380-0700]     3.6875 MB /   0.50 sec =   61.8672 Mbps     0 retrans
[2024-11-03T18:08:55.795366-0700]     2.9375 MB /   0.50 sec =   49.2840 Mbps     0 retrans
[2024-11-03T18:08:56.295349-0700]     2.8750 MB /   0.50 sec =   48.2342 Mbps     0 retrans
[2024-11-03T18:08:56.795697-0700]     3.6875 MB /   0.50 sec =   61.8683 Mbps     0 retrans
[2024-11-03T18:08:57.295392-0700]     4.0625 MB /   0.50 sec =   68.1546 Mbps     0 retrans
[2024-11-03T18:08:57.795887-0700]     4.1875 MB /   0.50 sec =   70.2525 Mbps     0 retrans
[2024-11-03T18:08:58.295592-0700]     5.1250 MB /   0.50 sec =   85.9695 Mbps     0 retrans
[2024-11-03T18:08:58.795467-0700]     6.6250 MB /   0.50 sec =  111.1353 Mbps     0 retrans
[2024-11-03T18:08:59.298230-0700]     7.6250 MB /   0.50 sec =  127.5068 Mbps     0 retrans
[2024-11-03T18:08:59.795784-0700]     7.8750 MB /   0.50 sec =  132.6083 Mbps     0 retrans
[2024-11-03T18:09:00.295370-0700]     8.9375 MB /   0.50 sec =  149.9395 Mbps     0 retrans
[2024-11-03T18:09:00.795754-0700]    10.4375 MB /   0.50 sec =  174.9803 Mbps     0 retrans
[2024-11-03T18:09:01.295361-0700]     7.3125 MB /   0.50 sec =  122.7720 Mbps     0 retrans
[2024-11-03T18:09:01.795450-0700]     8.3125 MB /   0.50 sec =  139.4514 Mbps     0 retrans
[2024-11-03T18:09:02.297328-0700]     6.6875 MB /   0.50 sec =  111.7820 Mbps     0 retrans
[2024-11-03T18:09:02.797118-0700]     9.4375 MB /   0.50 sec =  158.4104 Mbps     0 retrans
[2024-11-03T18:09:03.295533-0700]    12.5000 MB /   0.50 sec =  210.3657 Mbps     0 retrans
[2024-11-03T18:09:03.795838-0700]    10.8125 MB /   0.50 sec =  181.4479 Mbps     0 retrans
[2024-11-03T18:09:04.295232-0700]    10.2500 MB /   0.50 sec =  171.9699 Mbps     0 retrans
[2024-11-03T18:09:04.795357-0700]    10.8125 MB /   0.50 sec =  181.3997 Mbps     0 retrans
[2024-11-03T18:09:05.295809-0700]     4.6875 MB /   0.50 sec =   78.6397 Mbps     0 retrans
[2024-11-03T18:09:05.795285-0700]    11.0625 MB /   0.50 sec =  185.6109 Mbps     0 retrans
[2024-11-03T18:09:06.295898-0700]    10.8750 MB /   0.50 sec =  182.2568 Mbps     0 retrans
[2024-11-03T18:09:06.795694-0700]    11.4375 MB /   0.50 sec =  192.0926 Mbps     0 retrans
[2024-11-03T18:09:07.297029-0700]     9.5625 MB /   0.50 sec =  159.9089 Mbps     0 retrans
[2024-11-03T18:09:07.795390-0700]     9.4375 MB /   0.50 sec =  158.8442 Mbps     0 retrans
[2024-11-03T18:09:08.295813-0700]     8.5000 MB /   0.50 sec =  142.4915 Mbps     0 retrans
[2024-11-03T18:09:08.795408-0700]     4.9375 MB /   0.50 sec =   82.9028 Mbps     0 retrans
[2024-11-03T18:09:09.298903-0700]     0.0000 MB /   0.50 sec =    0.0000 Mbps     0 retrans
[2024-11-03T18:09:09.795453-0700]     0.0000 MB /   0.50 sec =    0.0000 Mbps     0 retrans
[2024-11-03T18:09:10.297595-0700]     0.0000 MB /   0.50 sec =    0.0000 Mbps     0 retrans
[2024-11-03T18:09:10.795473-0700]     0.6250 MB /   0.50 sec =   10.5244 Mbps     0 retrans
[2024-11-03T18:09:11.295355-0700]     2.9375 MB /   0.50 sec =   49.2922 Mbps     0 retrans
[2024-11-03T18:09:11.795421-0700]     3.5000 MB /   0.50 sec =   58.7159 Mbps     0 retrans
[2024-11-03T18:09:12.295436-0700]     1.5000 MB /   0.50 sec =   25.1655 Mbps     0 retrans
[2024-11-03T18:09:12.795396-0700]     3.0000 MB /   0.50 sec =   50.3369 Mbps     0 retrans
[2024-11-03T18:09:13.295289-0700]     2.3125 MB /   0.50 sec =   38.7982 Mbps     0 retrans
[2024-11-03T18:09:13.795423-0700]     3.6875 MB /   0.50 sec =   61.8634 Mbps     0 retrans
[2024-11-03T18:09:14.295415-0700]     0.6875 MB /   0.50 sec =   11.5340 Mbps     0 retrans
[2024-11-03T18:09:14.795382-0700]     3.5000 MB /   0.50 sec =   58.7203 Mbps     0 retrans
[2024-11-03T18:09:15.295897-0700]     3.9375 MB /   0.50 sec =   66.0600 Mbps     0 retrans
[2024-11-03T18:09:15.797130-0700]     2.3125 MB /   0.50 sec =   38.6656 Mbps     0 retrans
[2024-11-03T18:09:16.295336-0700]     3.7500 MB /   0.50 sec =   63.1319 Mbps     0 retrans
[2024-11-03T18:09:16.795361-0700]     1.0625 MB /   0.50 sec =   17.8258 Mbps     0 retrans
[2024-11-03T18:09:17.295363-0700]     2.9375 MB /   0.50 sec =   49.2832 Mbps     0 retrans
[2024-11-03T18:09:17.795299-0700]     0.5625 MB /   0.50 sec =    9.4371 Mbps     0 retrans
[2024-11-03T18:09:18.295923-0700]     1.0625 MB /   0.50 sec =   17.8255 Mbps     0 retrans
[2024-11-03T18:09:18.795513-0700]     2.1250 MB /   0.50 sec =   35.6447 Mbps     0 retrans
[2024-11-03T18:09:19.295400-0700]     1.4375 MB /   0.50 sec =   24.1214 Mbps     0 retrans
[2024-11-03T18:09:19.795325-0700]     2.6875 MB /   0.50 sec =   45.0935 Mbps     0 retrans
[2024-11-03T18:09:20.295826-0700]     2.1250 MB /   0.50 sec =   35.6173 Mbps     0 retrans
[2024-11-03T18:09:20.795304-0700]     2.8750 MB /   0.50 sec =   48.2784 Mbps     0 retrans
[2024-11-03T18:09:21.295346-0700]     2.0625 MB /   0.50 sec =   34.6027 Mbps     0 retrans
[2024-11-03T18:09:21.795571-0700]     2.8125 MB /   0.50 sec =   47.1881 Mbps     0 retrans
[2024-11-03T18:09:22.295289-0700]     2.6875 MB /   0.50 sec =   45.0882 Mbps     0 retrans
[2024-11-03T18:09:22.796467-0700]     2.3125 MB /   0.50 sec =   38.7575 Mbps     0 retrans
[2024-11-03T18:09:23.295600-0700]     3.1875 MB /   0.50 sec =   53.5107 Mbps     0 retrans
[2024-11-03T18:09:23.795387-0700]     2.8125 MB /   0.50 sec =   47.2008 Mbps     0 retrans
[2024-11-03T18:09:24.295464-0700]     4.3750 MB /   0.50 sec =   73.3893 Mbps     0 retrans
[2024-11-03T18:09:24.795686-0700]     4.2500 MB /   0.50 sec =   71.3089 Mbps     0 retrans
[2024-11-03T18:09:25.295891-0700]     5.1875 MB /   0.50 sec =   86.9520 Mbps     0 retrans
[2024-11-03T18:09:25.795401-0700]     4.8750 MB /   0.50 sec =   81.8685 Mbps     0 retrans
[2024-11-03T18:09:26.295375-0700]     6.0000 MB /   0.50 sec =  100.6671 Mbps     0 retrans
[2024-11-03T18:09:26.795367-0700]     7.6250 MB /   0.50 sec =  127.9273 Mbps     0 retrans
[2024-11-03T18:09:27.295741-0700]     5.8750 MB /   0.50 sec =   98.4929 Mbps     0 retrans
[2024-11-03T18:09:27.795342-0700]     8.8750 MB /   0.50 sec =  149.0095 Mbps     0 retrans
[2024-11-03T18:09:28.295787-0700]     5.1875 MB /   0.50 sec =   86.9589 Mbps     0 retrans
[2024-11-03T18:09:28.795377-0700]    11.3750 MB /   0.50 sec =  190.9974 Mbps     0 retrans
[2024-11-03T18:09:29.296196-0700]    12.1875 MB /   0.50 sec =  204.3179 Mbps     0 retrans
[2024-11-03T18:09:29.795688-0700]    13.9375 MB /   0.50 sec =  233.8858 Mbps     0 retrans
[2024-11-03T18:09:30.295306-0700]    14.0625 MB /   0.50 sec =  236.0694 Mbps     0 retrans
[2024-11-03T18:09:30.796248-0700]    13.9375 MB /   0.50 sec =  233.8147 Mbps     0 retrans
[2024-11-03T18:09:31.295372-0700]    11.9375 MB /   0.50 sec =  200.2892 Mbps     0 retrans
[2024-11-03T18:09:31.795660-0700]    14.4375 MB /   0.50 sec =  242.2259 Mbps     0 retrans
[2024-11-03T18:09:32.295399-0700]    14.7500 MB /   0.50 sec =  247.4461 Mbps     0 retrans
[2024-11-03T18:09:32.795803-0700]    14.6250 MB /   0.50 sec =  245.3369 Mbps     0 retrans
[2024-11-03T18:09:33.295213-0700]    15.8750 MB /   0.50 sec =  266.4001 Mbps     0 retrans
[2024-11-03T18:09:33.796029-0700]    11.6875 MB /   0.50 sec =  196.0653 Mbps     0 retrans
[2024-11-03T18:09:34.295420-0700]    13.3750 MB /   0.50 sec =  224.3867 Mbps     0 retrans
[2024-11-03T18:09:34.795643-0700]    10.2500 MB /   0.50 sec =  171.9888 Mbps     0 retrans
[2024-11-03T18:09:35.295382-0700]    12.1250 MB /   0.50 sec =  203.4071 Mbps     0 retrans
[2024-11-03T18:09:35.795327-0700]    12.6250 MB /   0.50 sec =  211.8174 Mbps     0 retrans
[2024-11-03T18:09:36.296524-0700]     8.8125 MB /   0.50 sec =  147.5176 Mbps     0 retrans
[2024-11-03T18:09:36.795353-0700]    12.5000 MB /   0.50 sec =  210.1877 Mbps     0 retrans
[2024-11-03T18:09:37.295249-0700]    10.7500 MB /   0.50 sec =  180.3605 Mbps     0 retrans
[2024-11-03T18:09:37.797574-0700]    14.5000 MB /   0.50 sec =  242.4419 Mbps     0 retrans
[2024-11-03T18:09:38.295828-0700]    13.5000 MB /   0.50 sec =  227.2555 Mbps     0 retrans
[2024-11-03T18:09:38.795397-0700]    15.0625 MB /   0.50 sec =  252.6997 Mbps     0 retrans
[2024-11-03T18:09:39.295634-0700]    13.6250 MB /   0.50 sec =  228.5964 Mbps     0 retrans
[2024-11-03T18:09:39.795328-0700]    10.1875 MB /   0.50 sec =  170.9223 Mbps     0 retrans
[2024-11-03T18:09:40.295376-0700]    15.6875 MB /   0.50 sec =  263.1826 Mbps     0 retrans
End time: 1730682580567
