Start time: 1730500793457
[2024-11-01T15:39:55.172875-0700] nuttcp-t: v8.1.4: socket
[2024-11-01T15:39:55.174048-0700] nuttcp-t: buflen=65536, nstream=1, port=5101 tcp -> 161.188.33.234
[2024-11-01T15:39:55.174188-0700] nuttcp-t: time limit = 120.00 seconds
[2024-11-01T15:39:55.174302-0700] nuttcp-t: connect to 161.188.33.234 with mss=1376, RTT=25.007 ms af=inet
[2024-11-01T15:39:55.174411-0700] nuttcp-t: send window size = 2097152, receive window size = 6291456
[2024-11-01T15:39:55.174517-0700] nuttcp-t: available send window = 1572864, available receive window = 4718592
[2024-11-01T15:39:55.174620-0700] nuttcp-t: initial congestion window = 13 KB (10 packets)
[2024-11-01T15:39:55.174721-0700] nuttcp-r: v6.1.2: socket
[2024-11-01T15:39:55.174853-0700] nuttcp-r: buflen=65536, nstream=1, port=5101 tcp
[2024-11-01T15:39:55.174951-0700] nuttcp-r: interval reporting every 0.50 seconds
[2024-11-01T15:39:55.175050-0700] nuttcp-r: accept from 174.227.64.98
[2024-11-01T15:39:55.175148-0700] nuttcp-r: send window size = 450000000, receive window size = 450000000
[2024-11-01T15:39:55.175247-0700] nuttcp-r: available send window = 225000000, available receive window = 225000000
[2024-11-01T15:39:55.175363-0700]     0.1250 MB /   0.50 sec =    2.0965 Mbps     0 retrans    421 KB-cwnd
[2024-11-01T15:39:55.175467-0700]     0.1250 MB /   0.50 sec =    2.0971 Mbps     0 retrans    421 KB-cwnd
[2024-11-01T15:39:55.847861-0700]     0.1250 MB /   0.50 sec =    2.0972 Mbps     0 retrans    608 KB-cwnd
[2024-11-01T15:39:55.848366-0700]     0.1250 MB /   0.50 sec =    2.0977 Mbps     0 retrans    608 KB-cwnd
[2024-11-01T15:39:56.588894-0700]     0.1250 MB /   0.50 sec =    2.0968 Mbps     0 retrans    855 KB-cwnd
[2024-11-01T15:40:04.249861-0700]     0.1875 MB /   0.50 sec =    3.1456 Mbps   297 retrans    305 KB-cwnd
[2024-11-01T15:40:04.250429-0700]     0.0625 MB /   0.50 sec =    1.0487 Mbps     0 retrans    305 KB-cwnd
[2024-11-01T15:40:04.250576-0700]     0.0000 MB /   0.50 sec =    0.0000 Mbps     0 retrans    305 KB-cwnd
[2024-11-01T15:40:04.250692-0700]     0.0000 MB /   0.50 sec =    0.0000 Mbps     0 retrans    305 KB-cwnd
[2024-11-01T15:40:04.250796-0700]     0.0625 MB /   0.50 sec =    1.0485 Mbps     0 retrans    305 KB-cwnd
[2024-11-01T15:40:04.250899-0700]     0.1875 MB /   0.50 sec =    3.1465 Mbps     0 retrans    305 KB-cwnd
[2024-11-01T15:40:04.251002-0700]     0.0000 MB /   0.50 sec =    0.0000 Mbps     0 retrans    305 KB-cwnd
[2024-11-01T15:40:04.251103-0700]     0.0000 MB /   0.50 sec =    0.0000 Mbps     0 retrans    305 KB-cwnd
[2024-11-01T15:40:04.251202-0700]     0.0625 MB /   0.50 sec =    1.0487 Mbps     0 retrans    305 KB-cwnd
[2024-11-01T15:40:04.251301-0700]     0.3750 MB /   0.50 sec =    6.2911 Mbps     0 retrans    305 KB-cwnd
[2024-11-01T15:40:04.251403-0700]     0.0000 MB /   0.50 sec =    0.0000 Mbps     0 retrans    305 KB-cwnd
[2024-11-01T15:40:04.251503-0700]     0.0000 MB /   0.50 sec =    0.0000 Mbps     0 retrans    305 KB-cwnd
[2024-11-01T15:40:04.251602-0700]     0.0000 MB /   0.50 sec =    0.0000 Mbps     0 retrans    305 KB-cwnd
[2024-11-01T15:40:04.251708-0700]     0.1250 MB /   0.50 sec =    2.0972 Mbps     0 retrans    305 KB-cwnd
[2024-11-01T15:40:04.251806-0700]     0.3125 MB /   0.50 sec =    5.2431 Mbps     0 retrans    305 KB-cwnd
[2024-11-01T15:40:04.251904-0700]     0.1875 MB /   0.50 sec =    3.1454 Mbps     0 retrans    305 KB-cwnd
[2024-11-01T15:40:14.142806-0700]     0.1250 MB /   0.50 sec =    2.0974 Mbps   219 retrans    224 KB-cwnd
[2024-11-01T15:40:14.143184-0700]     0.0625 MB /   0.50 sec =    1.0485 Mbps     0 retrans    224 KB-cwnd
[2024-11-01T15:40:14.143310-0700]     0.0000 MB /   0.50 sec =    0.0000 Mbps     0 retrans    224 KB-cwnd
[2024-11-01T15:40:14.143430-0700]     0.0000 MB /   0.50 sec =    0.0000 Mbps     0 retrans    224 KB-cwnd
[2024-11-01T15:40:14.143534-0700]     0.0625 MB /   0.50 sec =    1.0485 Mbps     0 retrans    224 KB-cwnd
[2024-11-01T15:40:14.143635-0700]     0.4375 MB /   0.50 sec =    7.3400 Mbps     0 retrans    224 KB-cwnd
[2024-11-01T15:40:14.143734-0700]     0.1250 MB /   0.50 sec =    2.0972 Mbps     0 retrans    224 KB-cwnd
[2024-11-01T15:40:14.143868-0700]     0.1250 MB /   0.50 sec =    2.0972 Mbps     0 retrans    224 KB-cwnd
[2024-11-01T15:40:14.143968-0700]     0.1875 MB /   0.50 sec =    3.1466 Mbps     0 retrans    224 KB-cwnd
[2024-11-01T15:40:14.144067-0700]     0.1250 MB /   0.50 sec =    2.0967 Mbps     0 retrans    224 KB-cwnd
[2024-11-01T15:40:14.144164-0700]     0.1250 MB /   0.50 sec =    2.0971 Mbps     0 retrans    224 KB-cwnd
[2024-11-01T15:40:14.144264-0700]     0.0625 MB /   0.50 sec =    1.0486 Mbps     0 retrans    224 KB-cwnd
[2024-11-01T15:40:14.144362-0700]     0.0000 MB /   0.50 sec =    0.0000 Mbps     0 retrans    224 KB-cwnd
[2024-11-01T15:40:14.144459-0700]     0.0000 MB /   0.50 sec =    0.0000 Mbps     0 retrans    224 KB-cwnd
[2024-11-01T15:40:14.144554-0700]     0.0625 MB /   0.50 sec =    1.0486 Mbps     0 retrans    224 KB-cwnd
[2024-11-01T15:40:14.144650-0700]     0.1250 MB /   0.50 sec =    2.0974 Mbps     0 retrans    224 KB-cwnd
[2024-11-01T15:40:14.144747-0700]     0.1250 MB /   0.50 sec =    2.0969 Mbps     0 retrans    224 KB-cwnd
[2024-11-01T15:40:14.144844-0700]     0.1250 MB /   0.50 sec =    2.0971 Mbps     0 retrans    224 KB-cwnd
[2024-11-01T15:40:14.144944-0700]     0.0000 MB /   0.50 sec =    0.0000 Mbps     0 retrans    224 KB-cwnd
[2024-11-01T15:40:18.536672-0700]     0.1250 MB /   0.50 sec =    2.0973 Mbps    96 retrans    233 KB-cwnd
[2024-11-01T15:40:18.537185-0700]     0.5625 MB /   0.50 sec =    9.4365 Mbps     0 retrans    233 KB-cwnd
[2024-11-01T15:40:18.537330-0700]     0.0625 MB /   0.50 sec =    1.0486 Mbps     0 retrans    233 KB-cwnd
[2024-11-01T15:40:18.537443-0700]     0.0000 MB /   0.50 sec =    0.0000 Mbps     0 retrans    233 KB-cwnd
[2024-11-01T15:40:18.537551-0700]     0.0000 MB /   0.50 sec =    0.0000 Mbps     0 retrans    233 KB-cwnd
[2024-11-01T15:40:18.537657-0700]     0.0625 MB /   0.50 sec =    1.0486 Mbps     0 retrans    233 KB-cwnd
[2024-11-01T15:40:18.537759-0700]     0.0000 MB /   0.50 sec =    0.0000 Mbps     0 retrans    233 KB-cwnd
[2024-11-01T15:40:18.537864-0700]     0.0625 MB /   0.50 sec =    1.0487 Mbps     0 retrans    233 KB-cwnd
[2024-11-01T15:40:18.537964-0700]     0.7500 MB /   0.50 sec =   12.5845 Mbps     0 retrans    233 KB-cwnd
[2024-11-01T15:40:19.982938-0700]     0.5625 MB /   0.50 sec =    9.4337 Mbps     0 retrans    239 KB-cwnd
[2024-11-01T15:40:19.983312-0700]     0.6250 MB /   0.50 sec =   10.4837 Mbps     0 retrans    239 KB-cwnd
[2024-11-01T15:40:19.983459-0700]     0.6875 MB /   0.50 sec =   11.5363 Mbps     0 retrans    239 KB-cwnd
[2024-11-01T15:40:24.187646-0700]     0.6250 MB /   0.50 sec =   10.4900 Mbps     0 retrans    249 KB-cwnd
[2024-11-01T15:40:24.188026-0700]     0.2500 MB /   0.50 sec =    4.1931 Mbps     0 retrans    249 KB-cwnd
[2024-11-01T15:40:24.188153-0700]     0.4375 MB /   0.50 sec =    7.3401 Mbps     0 retrans    249 KB-cwnd
[2024-11-01T15:40:24.188262-0700]     0.1875 MB /   0.50 sec =    3.1457 Mbps     0 retrans    249 KB-cwnd
[2024-11-01T15:40:24.188365-0700]     0.2500 MB /   0.50 sec =    4.1942 Mbps     0 retrans    249 KB-cwnd
[2024-11-01T15:40:24.188464-0700]     0.1875 MB /   0.50 sec =    3.1458 Mbps     0 retrans    249 KB-cwnd
[2024-11-01T15:40:24.188563-0700]     0.1875 MB /   0.50 sec =    3.1457 Mbps     0 retrans    249 KB-cwnd
[2024-11-01T15:40:24.188662-0700]     0.1250 MB /   0.50 sec =    2.0972 Mbps     0 retrans    249 KB-cwnd
[2024-11-01T15:40:31.152141-0700]     0.1250 MB /   0.50 sec =    2.0971 Mbps    97 retrans    326 KB-cwnd
[2024-11-01T15:40:31.152476-0700]     0.1250 MB /   0.50 sec =    2.0975 Mbps     0 retrans    326 KB-cwnd
[2024-11-01T15:40:31.152604-0700]     0.1250 MB /   0.50 sec =    2.0968 Mbps     0 retrans    326 KB-cwnd
[2024-11-01T15:40:31.152714-0700]     0.1250 MB /   0.50 sec =    2.0971 Mbps     0 retrans    326 KB-cwnd
[2024-11-01T15:40:31.152817-0700]     0.1250 MB /   0.50 sec =    2.0971 Mbps     0 retrans    326 KB-cwnd
[2024-11-01T15:40:31.152921-0700]     0.1875 MB /   0.50 sec =    3.1458 Mbps     0 retrans    326 KB-cwnd
[2024-11-01T15:40:31.153197-0700]     0.0625 MB /   0.50 sec =    1.0488 Mbps     0 retrans    326 KB-cwnd
[2024-11-01T15:40:31.153312-0700]     0.0625 MB /   0.50 sec =    1.0483 Mbps     0 retrans    326 KB-cwnd
[2024-11-01T15:40:31.153412-0700]     0.0625 MB /   0.50 sec =    1.0486 Mbps     0 retrans    326 KB-cwnd
[2024-11-01T15:40:31.153515-0700]     0.0000 MB /   0.50 sec =    0.0000 Mbps     0 retrans    326 KB-cwnd
[2024-11-01T15:40:31.153614-0700]     0.0000 MB /   0.50 sec =    0.0000 Mbps     0 retrans    326 KB-cwnd
[2024-11-01T15:40:31.153714-0700]     0.4375 MB /   0.50 sec =    7.3416 Mbps     0 retrans    326 KB-cwnd
[2024-11-01T15:40:31.153814-0700]     0.3125 MB /   0.50 sec =    5.2420 Mbps     0 retrans    326 KB-cwnd
[2024-11-01T15:40:31.153911-0700]     0.1875 MB /   0.50 sec =    3.1462 Mbps     0 retrans    326 KB-cwnd
[2024-11-01T15:40:36.805633-0700]     0.1875 MB /   0.50 sec =    3.1453 Mbps   184 retrans    231 KB-cwnd
[2024-11-01T15:40:36.806074-0700]     0.0625 MB /   0.50 sec =    1.0485 Mbps     0 retrans    231 KB-cwnd
[2024-11-01T15:40:36.806222-0700]     0.0000 MB /   0.50 sec =    0.0000 Mbps     0 retrans    231 KB-cwnd
[2024-11-01T15:40:36.806336-0700]     0.0000 MB /   0.50 sec =    0.0000 Mbps     0 retrans    231 KB-cwnd
[2024-11-01T15:40:36.806443-0700]     0.0000 MB /   0.50 sec =    0.0000 Mbps     0 retrans    231 KB-cwnd
[2024-11-01T15:40:36.806545-0700]     0.1250 MB /   0.50 sec =    2.0977 Mbps     0 retrans    231 KB-cwnd
[2024-11-01T15:40:36.806643-0700]     0.1250 MB /   0.50 sec =    2.0970 Mbps     0 retrans    231 KB-cwnd
[2024-11-01T15:40:36.806743-0700]     0.1250 MB /   0.50 sec =    2.0971 Mbps     0 retrans    231 KB-cwnd
[2024-11-01T15:40:36.806842-0700]     0.0625 MB /   0.50 sec =    1.0487 Mbps     0 retrans    231 KB-cwnd
[2024-11-01T15:40:36.806939-0700]     0.3125 MB /   0.50 sec =    5.2417 Mbps     0 retrans    231 KB-cwnd
[2024-11-01T15:40:36.807038-0700]     0.5000 MB /   0.50 sec =    8.3884 Mbps     0 retrans    231 KB-cwnd
[2024-11-01T15:40:36.807137-0700]     0.4375 MB /   0.50 sec =    7.3403 Mbps     0 retrans    231 KB-cwnd
[2024-11-01T15:40:38.830036-0700]     0.4375 MB /   0.50 sec =    7.3398 Mbps     0 retrans    236 KB-cwnd
[2024-11-01T15:40:38.830581-0700]     0.5000 MB /   0.50 sec =    8.3888 Mbps     0 retrans    236 KB-cwnd
[2024-11-01T15:40:38.830717-0700]     0.4375 MB /   0.50 sec =    7.3418 Mbps     0 retrans    236 KB-cwnd
[2024-11-01T15:40:38.830829-0700]     0.4375 MB /   0.50 sec =    7.3383 Mbps     0 retrans    236 KB-cwnd
[2024-11-01T15:40:41.095998-0700]     0.5000 MB /   0.50 sec =    8.3885 Mbps     0 retrans    240 KB-cwnd
[2024-11-01T15:40:41.096435-0700]     0.5000 MB /   0.50 sec =    8.3886 Mbps     0 retrans    240 KB-cwnd
[2024-11-01T15:40:41.096574-0700]     0.4375 MB /   0.50 sec =    7.3421 Mbps     0 retrans    240 KB-cwnd
[2024-11-01T15:40:41.096688-0700]     0.3750 MB /   0.50 sec =    6.2853 Mbps     0 retrans    240 KB-cwnd
[2024-11-01T15:40:43.732463-0700]     0.3750 MB /   0.50 sec =    6.2958 Mbps     0 retrans    244 KB-cwnd
[2024-11-01T15:40:43.732839-0700]     0.3125 MB /   0.50 sec =    5.2428 Mbps     0 retrans    244 KB-cwnd
[2024-11-01T15:40:43.733214-0700]     0.3750 MB /   0.50 sec =    6.2917 Mbps     0 retrans    244 KB-cwnd
[2024-11-01T15:40:43.733354-0700]     0.4375 MB /   0.50 sec =    7.3397 Mbps     0 retrans    244 KB-cwnd
[2024-11-01T15:40:43.733466-0700]     0.3750 MB /   0.50 sec =    6.2917 Mbps     0 retrans    244 KB-cwnd
[2024-11-01T15:40:43.733570-0700]     0.3750 MB /   0.50 sec =    6.2913 Mbps     0 retrans    244 KB-cwnd
[2024-11-01T15:40:46.815908-0700]     0.3750 MB /   0.50 sec =    6.2931 Mbps     0 retrans    415 KB-cwnd
[2024-11-01T15:40:46.816426-0700]     0.3750 MB /   0.50 sec =    6.2900 Mbps     0 retrans    415 KB-cwnd
[2024-11-01T15:40:46.816565-0700]     0.3125 MB /   0.50 sec =    5.2432 Mbps     0 retrans    415 KB-cwnd
[2024-11-01T15:40:46.816676-0700]     0.3125 MB /   0.50 sec =    5.2427 Mbps     0 retrans    415 KB-cwnd
[2024-11-01T15:40:46.816819-0700]     0.3125 MB /   0.50 sec =    5.2424 Mbps     0 retrans    415 KB-cwnd
[2024-11-01T15:40:46.816927-0700]     0.2500 MB /   0.50 sec =    4.1945 Mbps     0 retrans    415 KB-cwnd
[2024-11-01T15:40:49.315530-0700]     0.3125 MB /   0.50 sec =    5.2441 Mbps     0 retrans    549 KB-cwnd
[2024-11-01T15:40:49.316020-0700]     0.3750 MB /   0.50 sec =    6.2912 Mbps     0 retrans    549 KB-cwnd
[2024-11-01T15:40:49.316161-0700]     0.3750 MB /   0.50 sec =    6.2904 Mbps     0 retrans    549 KB-cwnd
[2024-11-01T15:40:49.316270-0700]     0.3750 MB /   0.50 sec =    6.2909 Mbps     0 retrans    549 KB-cwnd
[2024-11-01T15:40:49.316373-0700]     0.4375 MB /   0.50 sec =    7.3401 Mbps     0 retrans    549 KB-cwnd
[2024-11-01T15:40:52.266083-0700]     0.1875 MB /   0.50 sec =    3.1458 Mbps     1 retrans    521 KB-cwnd
[2024-11-01T15:40:52.266469-0700]     0.0000 MB /   0.50 sec =    0.0000 Mbps     0 retrans    521 KB-cwnd
[2024-11-01T15:40:52.266602-0700]     0.7500 MB /   0.50 sec =   12.5830 Mbps     0 retrans    521 KB-cwnd
[2024-11-01T15:40:52.266710-0700]     0.3125 MB /   0.50 sec =    5.2443 Mbps     0 retrans    521 KB-cwnd
[2024-11-01T15:40:52.266814-0700]     0.3750 MB /   0.50 sec =    6.2896 Mbps     0 retrans    521 KB-cwnd
[2024-11-01T15:40:52.266916-0700]     0.3750 MB /   0.50 sec =    6.2916 Mbps     0 retrans    521 KB-cwnd
[2024-11-01T15:40:54.611490-0700]     0.3750 MB /   0.50 sec =    6.2916 Mbps     0 retrans    536 KB-cwnd
[2024-11-01T15:40:54.612008-0700]     0.4375 MB /   0.50 sec =    7.3404 Mbps     0 retrans    536 KB-cwnd
[2024-11-01T15:40:54.612156-0700]     0.3750 MB /   0.50 sec =    6.2915 Mbps     0 retrans    536 KB-cwnd
[2024-11-01T15:40:54.612269-0700]     0.4375 MB /   0.50 sec =    7.3406 Mbps     0 retrans    536 KB-cwnd
[2024-11-01T15:40:56.855251-0700]     0.4375 MB /   0.50 sec =    7.3407 Mbps     0 retrans    536 KB-cwnd
[2024-11-01T15:40:56.855703-0700]     0.3750 MB /   0.50 sec =    6.2898 Mbps     0 retrans    536 KB-cwnd
[2024-11-01T15:40:56.855837-0700]     0.4375 MB /   0.50 sec =    7.3420 Mbps     0 retrans    536 KB-cwnd
[2024-11-01T15:40:56.855943-0700]     0.4375 MB /   0.50 sec =    7.3401 Mbps     0 retrans    536 KB-cwnd
[2024-11-01T15:40:56.856044-0700]     0.4375 MB /   0.50 sec =    7.3398 Mbps     0 retrans    536 KB-cwnd
[2024-11-01T15:40:59.247502-0700]     0.4375 MB /   0.50 sec =    7.3347 Mbps     0 retrans    536 KB-cwnd
[2024-11-01T15:40:59.247961-0700]     0.3750 MB /   0.50 sec =    6.2946 Mbps     0 retrans    536 KB-cwnd
[2024-11-01T15:40:59.248097-0700]     0.4375 MB /   0.50 sec =    7.3419 Mbps     0 retrans    536 KB-cwnd
[2024-11-01T15:40:59.248204-0700]     0.4375 MB /   0.50 sec =    7.3380 Mbps     0 retrans    536 KB-cwnd
[2024-11-01T15:40:59.248307-0700]     0.3125 MB /   0.50 sec =    5.2430 Mbps     0 retrans    536 KB-cwnd
[2024-11-01T15:41:01.268569-0700]     0.4375 MB /   0.50 sec =    7.3399 Mbps     0 retrans    540 KB-cwnd
[2024-11-01T15:41:01.268936-0700]     0.4375 MB /   0.50 sec =    7.3394 Mbps     0 retrans    540 KB-cwnd
[2024-11-01T15:41:01.269129-0700]     0.4375 MB /   0.50 sec =    7.3411 Mbps     0 retrans    540 KB-cwnd
[2024-11-01T15:41:01.269239-0700]     0.5625 MB /   0.50 sec =    9.4367 Mbps     0 retrans    540 KB-cwnd
[2024-11-01T15:41:02.913184-0700]     0.5625 MB /   0.50 sec =    9.4396 Mbps     0 retrans    541 KB-cwnd
[2024-11-01T15:41:02.913609-0700]     0.5625 MB /   0.50 sec =    9.4373 Mbps     0 retrans    541 KB-cwnd
[2024-11-01T15:41:02.913740-0700]     0.6250 MB /   0.50 sec =   10.4855 Mbps     0 retrans    541 KB-cwnd
[2024-11-01T15:41:04.609791-0700]     0.6250 MB /   0.50 sec =   10.4857 Mbps     0 retrans    544 KB-cwnd
[2024-11-01T15:41:04.610316-0700]     0.6250 MB /   0.50 sec =   10.4834 Mbps     0 retrans    544 KB-cwnd
[2024-11-01T15:41:04.610458-0700]     0.5000 MB /   0.50 sec =    8.3885 Mbps     0 retrans    544 KB-cwnd
[2024-11-01T15:41:05.718557-0700]     0.6250 MB /   0.50 sec =   10.4859 Mbps     0 retrans    546 KB-cwnd
[2024-11-01T15:41:05.720284-0700]     0.6875 MB /   0.50 sec =   11.5349 Mbps     0 retrans    546 KB-cwnd
[2024-11-01T15:41:05.720571-0700]     1.0000 MB /   0.50 sec =   16.7763 Mbps     0 retrans    546 KB-cwnd
[2024-11-01T15:41:06.885062-0700]     0.8125 MB /   0.50 sec =   13.6348 Mbps     0 retrans    550 KB-cwnd
[2024-11-01T15:41:06.885799-0700]     0.8125 MB /   0.50 sec =   13.6314 Mbps     0 retrans    550 KB-cwnd
[2024-11-01T15:41:07.833071-0700]     0.9375 MB /   0.50 sec =   15.7246 Mbps     0 retrans    553 KB-cwnd
[2024-11-01T15:41:07.833433-0700]     1.0625 MB /   0.50 sec =   17.8308 Mbps     0 retrans    553 KB-cwnd
[2024-11-01T15:41:08.768437-0700]     1.0625 MB /   0.50 sec =   17.8253 Mbps     0 retrans    663 KB-cwnd
[2024-11-01T15:41:08.769911-0700]     1.0000 MB /   0.50 sec =   16.7777 Mbps     0 retrans    663 KB-cwnd
[2024-11-01T15:41:09.646195-0700]     1.0625 MB /   0.50 sec =   17.8258 Mbps     0 retrans    663 KB-cwnd
[2024-11-01T15:41:10.524484-0700]     1.1250 MB /   0.50 sec =   18.8691 Mbps     0 retrans    722 KB-cwnd
[2024-11-01T15:41:10.525152-0700]     1.1250 MB /   0.50 sec =   18.8745 Mbps     0 retrans    722 KB-cwnd
[2024-11-01T15:41:11.378537-0700]     1.1250 MB /   0.50 sec =   18.8747 Mbps     0 retrans    790 KB-cwnd
[2024-11-01T15:41:11.379186-0700]     1.0625 MB /   0.50 sec =   17.8303 Mbps     0 retrans    790 KB-cwnd
[2024-11-01T15:41:12.134148-0700]     1.2500 MB /   0.50 sec =   20.9717 Mbps     0 retrans    790 KB-cwnd
[2024-11-01T15:41:12.887271-0700]     1.2500 MB /   0.50 sec =   20.9709 Mbps     0 retrans    790 KB-cwnd
[2024-11-01T15:41:12.887743-0700]     1.3125 MB /   0.50 sec =   22.0206 Mbps     0 retrans    790 KB-cwnd
[2024-11-01T15:41:13.564209-0700]     1.4375 MB /   0.50 sec =   24.1107 Mbps     0 retrans    790 KB-cwnd
[2024-11-01T15:41:14.278027-0700]     1.3125 MB /   0.50 sec =   22.0213 Mbps     0 retrans    790 KB-cwnd
[2024-11-01T15:41:14.278549-0700]     1.3750 MB /   0.50 sec =   23.0733 Mbps     0 retrans    790 KB-cwnd
[2024-11-01T15:41:14.902566-0700]     1.5000 MB /   0.50 sec =   25.1665 Mbps     0 retrans    790 KB-cwnd
[2024-11-01T15:41:15.606197-0700]     1.3750 MB /   0.50 sec =   23.0604 Mbps     0 retrans    790 KB-cwnd
[2024-11-01T15:41:16.232566-0700]     1.5000 MB /   0.50 sec =   25.1694 Mbps     0 retrans    790 KB-cwnd
[2024-11-01T15:41:16.233144-0700]     1.5000 MB /   0.50 sec =   25.1640 Mbps     0 retrans    790 KB-cwnd
[2024-11-01T15:41:16.865217-0700]     1.5625 MB /   0.50 sec =   26.2217 Mbps     0 retrans    790 KB-cwnd
[2024-11-01T15:41:17.548511-0700]     1.3750 MB /   0.50 sec =   23.0631 Mbps     0 retrans    790 KB-cwnd
[2024-11-01T15:41:18.116302-0700]     1.5625 MB /   0.50 sec =   26.2217 Mbps     0 retrans    790 KB-cwnd
[2024-11-01T15:41:18.704699-0700]     1.6250 MB /   0.50 sec =   27.2544 Mbps     0 retrans    790 KB-cwnd
[2024-11-01T15:41:19.311006-0700]     1.8125 MB /   0.50 sec =   30.4172 Mbps     0 retrans    790 KB-cwnd
[2024-11-01T15:41:19.311610-0700]     1.5000 MB /   0.50 sec =   25.1587 Mbps     0 retrans    790 KB-cwnd
[2024-11-01T15:41:19.884118-0700]     1.6875 MB /   0.50 sec =   28.3185 Mbps     0 retrans    790 KB-cwnd
[2024-11-01T15:41:20.532241-0700]     1.5625 MB /   0.50 sec =   26.2146 Mbps     0 retrans    790 KB-cwnd
[2024-11-01T15:41:21.046229-0700]     1.6250 MB /   0.50 sec =   27.2631 Mbps     0 retrans    790 KB-cwnd
[2024-11-01T15:41:21.607249-0700]     1.8125 MB /   0.50 sec =   30.4049 Mbps     0 retrans    790 KB-cwnd
[2024-11-01T15:41:22.156233-0700]     1.7500 MB /   0.50 sec =   29.3584 Mbps     0 retrans    790 KB-cwnd
[2024-11-01T15:41:22.642436-0700]     1.8125 MB /   0.50 sec =   30.4142 Mbps     0 retrans    790 KB-cwnd
[2024-11-01T15:41:23.214311-0700]     1.9375 MB /   0.50 sec =   32.5068 Mbps     0 retrans    790 KB-cwnd
[2024-11-01T15:41:23.708480-0700]     1.6875 MB /   0.50 sec =   28.3037 Mbps     0 retrans    790 KB-cwnd
[2024-11-01T15:41:24.182616-0700]     1.9375 MB /   0.50 sec =   32.5148 Mbps     0 retrans    790 KB-cwnd
[2024-11-01T15:41:24.644153-0700]     2.0000 MB /   0.50 sec =   33.5407 Mbps     0 retrans    790 KB-cwnd
[2024-11-01T15:41:25.167444-0700]     2.0625 MB /   0.50 sec =   34.6099 Mbps     0 retrans    790 KB-cwnd
[2024-11-01T15:41:25.628209-0700]     1.8750 MB /   0.50 sec =   31.4549 Mbps     0 retrans    790 KB-cwnd
[2024-11-01T15:41:26.094304-0700]     2.0625 MB /   0.50 sec =   34.6034 Mbps     0 retrans    790 KB-cwnd
[2024-11-01T15:41:26.558503-0700]     2.1250 MB /   0.50 sec =   35.6601 Mbps     0 retrans    790 KB-cwnd
[2024-11-01T15:41:27.004430-0700]     2.1875 MB /   0.50 sec =   36.7013 Mbps     0 retrans    790 KB-cwnd
[2024-11-01T15:41:27.510560-0700]     1.9375 MB /   0.50 sec =   32.5059 Mbps     0 retrans    790 KB-cwnd
[2024-11-01T15:41:27.874191-0700]     2.0000 MB /   0.50 sec =   33.5536 Mbps     0 retrans   1026 KB-cwnd
[2024-11-01T15:41:28.288186-0700]     2.1875 MB /   0.50 sec =   36.6947 Mbps     0 retrans   1115 KB-cwnd
[2024-11-01T15:41:28.886158-0700]     1.9375 MB /   0.50 sec =   32.5109 Mbps     0 retrans   1115 KB-cwnd
[2024-11-01T15:41:29.436623-0700]     1.9375 MB /   0.50 sec =   32.4977 Mbps     0 retrans   1115 KB-cwnd
[2024-11-01T15:41:29.980360-0700]     2.0625 MB /   0.50 sec =   34.6112 Mbps     0 retrans   1115 KB-cwnd
[2024-11-01T15:41:30.506831-0700]     2.2500 MB /   0.50 sec =   37.7501 Mbps     0 retrans   1115 KB-cwnd
[2024-11-01T15:41:31.030797-0700]     2.1875 MB /   0.50 sec =   36.6988 Mbps     0 retrans   1115 KB-cwnd
[2024-11-01T15:41:31.608430-0700]     2.0625 MB /   0.50 sec =   34.6033 Mbps     0 retrans   1115 KB-cwnd
[2024-11-01T15:41:32.152159-0700]     2.1250 MB /   0.50 sec =   35.6499 Mbps     0 retrans   1115 KB-cwnd
[2024-11-01T15:41:32.690733-0700]     2.1875 MB /   0.50 sec =   36.6927 Mbps     0 retrans   1115 KB-cwnd
[2024-11-01T15:41:33.266656-0700]     2.0625 MB /   0.50 sec =   34.6039 Mbps     0 retrans   1115 KB-cwnd
[2024-11-01T15:41:33.267115-0700]     2.0000 MB /   0.50 sec =   33.5640 Mbps     0 retrans   1115 KB-cwnd
[2024-11-01T15:41:33.838785-0700]     1.9375 MB /   0.50 sec =   32.4963 Mbps     0 retrans   1115 KB-cwnd
[2024-11-01T15:41:34.395631-0700]     2.0625 MB /   0.50 sec =   34.6032 Mbps     0 retrans   1115 KB-cwnd
[2024-11-01T15:41:34.948361-0700]     2.1250 MB /   0.50 sec =   35.6607 Mbps     0 retrans   1115 KB-cwnd
[2024-11-01T15:41:35.576514-0700]     1.9375 MB /   0.50 sec =   32.5055 Mbps     0 retrans   1115 KB-cwnd
[2024-11-01T15:41:36.158393-0700]     1.9375 MB /   0.50 sec =   32.4972 Mbps     0 retrans   1115 KB-cwnd
[2024-11-01T15:41:36.738056-0700]     1.9375 MB /   0.50 sec =   32.5140 Mbps     0 retrans   1115 KB-cwnd
[2024-11-01T15:41:36.738229-0700]     2.0000 MB /   0.50 sec =   33.5550 Mbps     0 retrans   1115 KB-cwnd
[2024-11-01T15:41:37.386814-0700]     1.8125 MB /   0.50 sec =   30.4089 Mbps     0 retrans   1115 KB-cwnd
[2024-11-01T15:41:37.944323-0700]     1.9375 MB /   0.50 sec =   32.4992 Mbps     0 retrans   1115 KB-cwnd
[2024-11-01T15:41:38.505499-0700]     1.9375 MB /   0.50 sec =   32.4887 Mbps     0 retrans   1115 KB-cwnd
[2024-11-01T15:41:39.074281-0700]     2.1875 MB /   0.50 sec =   36.7270 Mbps     0 retrans   1115 KB-cwnd
[2024-11-01T15:41:39.648517-0700]     1.9375 MB /   0.50 sec =   32.4974 Mbps     0 retrans   1115 KB-cwnd
[2024-11-01T15:41:40.132331-0700]     2.1875 MB /   0.50 sec =   36.7065 Mbps     0 retrans   1115 KB-cwnd
[2024-11-01T15:41:40.606523-0700]     2.3750 MB /   0.50 sec =   39.8391 Mbps     0 retrans   1115 KB-cwnd
[2024-11-01T15:41:41.136215-0700]     2.4375 MB /   0.50 sec =   40.9048 Mbps     0 retrans   1115 KB-cwnd
[2024-11-01T15:41:41.678602-0700]     2.0625 MB /   0.50 sec =   34.5930 Mbps     0 retrans   1115 KB-cwnd
[2024-11-01T15:41:42.154747-0700]     2.1250 MB /   0.50 sec =   35.6622 Mbps     0 retrans   1115 KB-cwnd
[2024-11-01T15:41:42.694185-0700]     2.3750 MB /   0.50 sec =   39.8352 Mbps     0 retrans   1115 KB-cwnd
[2024-11-01T15:41:43.230298-0700]     2.2500 MB /   0.50 sec =   37.7586 Mbps     0 retrans   1115 KB-cwnd
[2024-11-01T15:41:43.230954-0700]     2.0625 MB /   0.50 sec =   34.6029 Mbps     0 retrans   1115 KB-cwnd
[2024-11-01T15:41:44.221373-0700]     2.3125 MB /   0.50 sec =   38.7955 Mbps     0 retrans   1115 KB-cwnd
[2024-11-01T15:41:44.221853-0700]     2.3125 MB /   0.50 sec =   38.7887 Mbps     0 retrans   1115 KB-cwnd
[2024-11-01T15:41:45.138590-0700]     2.3750 MB /   0.50 sec =   39.8569 Mbps     0 retrans   1115 KB-cwnd
[2024-11-01T15:41:45.546457-0700]     2.6250 MB /   0.50 sec =   44.0144 Mbps     0 retrans   1115 KB-cwnd
[2024-11-01T15:41:45.980594-0700]     2.8125 MB /   0.50 sec =   47.2120 Mbps     0 retrans   1115 KB-cwnd
[2024-11-01T15:41:46.434654-0700]     2.5625 MB /   0.50 sec =   42.9932 Mbps     0 retrans   1115 KB-cwnd
[2024-11-01T15:41:46.872172-0700]     2.6250 MB /   0.50 sec =   44.0400 Mbps     0 retrans   1115 KB-cwnd
[2024-11-01T15:41:47.430921-0700]     2.2500 MB /   0.50 sec =   37.7352 Mbps     0 retrans   1115 KB-cwnd
[2024-11-01T15:41:47.928180-0700]     2.1875 MB /   0.50 sec =   36.7038 Mbps     0 retrans   1115 KB-cwnd
[2024-11-01T15:41:48.440520-0700]     2.1250 MB /   0.50 sec =   35.6514 Mbps     0 retrans   1115 KB-cwnd
[2024-11-01T15:41:48.900333-0700]     2.5000 MB /   0.50 sec =   41.9494 Mbps     0 retrans   1115 KB-cwnd
[2024-11-01T15:41:49.306160-0700]     2.8125 MB /   0.50 sec =   47.1863 Mbps     0 retrans   1115 KB-cwnd
[2024-11-01T15:41:49.744205-0700]     2.6250 MB /   0.50 sec =   44.0442 Mbps     0 retrans   1115 KB-cwnd
[2024-11-01T15:41:50.592586-0700]     2.6875 MB /   0.50 sec =   45.0890 Mbps     0 retrans   1115 KB-cwnd
[2024-11-01T15:41:51.010375-0700]     2.7500 MB /   0.50 sec =   46.1053 Mbps     0 retrans   1115 KB-cwnd
[2024-11-01T15:41:51.533140-0700]     2.5000 MB /   0.50 sec =   41.9612 Mbps     0 retrans   1115 KB-cwnd
[2024-11-01T15:41:51.950808-0700]     2.5000 MB /   0.50 sec =   41.9541 Mbps     0 retrans   1115 KB-cwnd
[2024-11-01T15:41:52.350506-0700]     2.8750 MB /   0.50 sec =   48.2349 Mbps     0 retrans   1115 KB-cwnd
[2024-11-01T15:41:52.749235-0700]     2.5000 MB /   0.50 sec =   41.9311 Mbps     0 retrans   1115 KB-cwnd
[2024-11-01T15:41:53.539181-0700]     3.2500 MB /   0.50 sec =   54.5410 Mbps     0 retrans   1115 KB-cwnd
[2024-11-01T15:41:53.719094-0700]     3.0625 MB /   0.50 sec =   51.3762 Mbps     0 retrans   1115 KB-cwnd
[2024-11-01T15:41:54.220255-0700]     2.8750 MB /   0.50 sec =   48.2268 Mbps     0 retrans   1115 KB-cwnd
End time: 1730500914541
