Start time: 1730571572421
[2024-11-02T11:19:33.171055-0700] nuttcp-r: v8.1.4: socket
[2024-11-02T11:19:33.171571-0700] nuttcp-r: buflen=65536, nstream=1, port=5101 tcp
[2024-11-02T11:19:33.171631-0700] nuttcp-r: interval reporting every 0.50 seconds
[2024-11-02T11:19:33.171679-0700] nuttcp-r: connect to 155.146.118.158 with RTT=23.072 ms af=inet
[2024-11-02T11:19:33.171726-0700] nuttcp-r: send window size = 2097152, receive window size = 6291456
[2024-11-02T11:19:33.171770-0700] nuttcp-r: available send window = 1572864, available receive window = 4718592
[2024-11-02T11:19:33.171813-0700]     1.6250 MB /   0.50 sec =   27.2579 Mbps     0 retrans
[2024-11-02T11:19:33.670961-0700]     2.8750 MB /   0.50 sec =   48.2399 Mbps     0 retrans
[2024-11-02T11:19:34.171440-0700]    13.0000 MB /   0.50 sec =  218.0672 Mbps     0 retrans
[2024-11-02T11:19:34.671315-0700]    28.1875 MB /   0.50 sec =  472.9674 Mbps     0 retrans
[2024-11-02T11:19:35.171827-0700]    63.7500 MB /   0.50 sec = 1068.7823 Mbps     0 retrans
[2024-11-02T11:19:35.671638-0700]    78.2500 MB /   0.50 sec = 1312.1794 Mbps     0 retrans
[2024-11-02T11:19:36.171172-0700]    81.7500 MB /   0.50 sec = 1373.1935 Mbps     0 retrans
[2024-11-02T11:19:36.671231-0700]    26.1250 MB /   0.50 sec =  438.0656 Mbps     0 retrans
[2024-11-02T11:19:37.170881-0700]    13.5625 MB /   0.50 sec =  227.6708 Mbps     0 retrans
[2024-11-02T11:19:37.671010-0700]    31.0000 MB /   0.50 sec =  520.0885 Mbps     0 retrans
[2024-11-02T11:19:38.170914-0700]    30.4375 MB /   0.50 sec =  510.6300 Mbps     0 retrans
[2024-11-02T11:19:38.671528-0700]    13.3125 MB /   0.50 sec =  223.1089 Mbps     0 retrans
[2024-11-02T11:19:39.171012-0700]     6.8125 MB /   0.50 sec =  114.4023 Mbps     0 retrans
[2024-11-02T11:19:39.671037-0700]     3.0625 MB /   0.50 sec =   51.3839 Mbps     0 retrans
[2024-11-02T11:19:40.171114-0700]     7.8125 MB /   0.50 sec =  131.0534 Mbps     0 retrans
[2024-11-02T11:19:40.671089-0700]     6.4375 MB /   0.50 sec =  108.0079 Mbps     0 retrans
[2024-11-02T11:19:41.171105-0700]     4.5000 MB /   0.50 sec =   75.4949 Mbps     0 retrans
[2024-11-02T11:19:41.670960-0700]    14.5625 MB /   0.50 sec =  244.3710 Mbps     0 retrans
[2024-11-02T11:19:42.170995-0700]    13.6250 MB /   0.50 sec =  228.5845 Mbps     0 retrans
[2024-11-02T11:19:42.671135-0700]    20.0000 MB /   0.50 sec =  335.5416 Mbps     0 retrans
[2024-11-02T11:19:43.170932-0700]    30.8750 MB /   0.50 sec =  518.0235 Mbps     0 retrans
[2024-11-02T11:19:43.670981-0700]    28.0000 MB /   0.50 sec =  469.7414 Mbps     0 retrans
[2024-11-02T11:19:44.170857-0700]    23.3750 MB /   0.50 sec =  392.2066 Mbps     0 retrans
[2024-11-02T11:19:44.670984-0700]    23.4375 MB /   0.50 sec =  393.1783 Mbps     0 retrans
[2024-11-02T11:19:45.171011-0700]     6.3125 MB /   0.50 sec =  105.8950 Mbps     0 retrans
[2024-11-02T11:19:45.671035-0700]     6.9375 MB /   0.50 sec =  116.3999 Mbps     0 retrans
[2024-11-02T11:19:46.170970-0700]     3.8125 MB /   0.50 sec =   63.9690 Mbps     0 retrans
[2024-11-02T11:19:46.671149-0700]     5.8750 MB /   0.50 sec =   98.5423 Mbps     0 retrans
[2024-11-02T11:19:47.170951-0700]     2.4375 MB /   0.50 sec =   40.9003 Mbps     0 retrans
[2024-11-02T11:19:47.670976-0700]    10.4375 MB /   0.50 sec =  175.1245 Mbps     0 retrans
[2024-11-02T11:19:48.171005-0700]    15.6250 MB /   0.50 sec =  262.1162 Mbps     0 retrans
[2024-11-02T11:19:48.670878-0700]    24.7500 MB /   0.50 sec =  415.3042 Mbps     0 retrans
[2024-11-02T11:19:49.171058-0700]    31.8750 MB /   0.50 sec =  534.6561 Mbps     0 retrans
[2024-11-02T11:19:49.670886-0700]    23.8125 MB /   0.50 sec =  399.5906 Mbps     0 retrans
[2024-11-02T11:19:50.171006-0700]    20.0000 MB /   0.50 sec =  335.5041 Mbps     0 retrans
[2024-11-02T11:19:50.670996-0700]    22.7500 MB /   0.50 sec =  381.7076 Mbps     0 retrans
[2024-11-02T11:19:51.171073-0700]    25.5625 MB /   0.50 sec =  428.8607 Mbps     0 retrans
[2024-11-02T11:19:51.671007-0700]    40.4375 MB /   0.50 sec =  678.4056 Mbps     0 retrans
[2024-11-02T11:19:52.171087-0700]    20.5000 MB /   0.50 sec =  343.8930 Mbps     0 retrans
[2024-11-02T11:19:52.671053-0700]    11.6875 MB /   0.50 sec =  196.0849 Mbps     0 retrans
[2024-11-02T11:19:53.171112-0700]     0.0000 MB /   0.50 sec =    0.0000 Mbps     0 retrans
[2024-11-02T11:19:53.671099-0700]     4.3125 MB /   0.50 sec =   72.3578 Mbps     0 retrans
[2024-11-02T11:19:54.170927-0700]    37.3750 MB /   0.50 sec =  627.1224 Mbps     0 retrans
[2024-11-02T11:19:54.670986-0700]    37.5000 MB /   0.50 sec =  629.1695 Mbps     0 retrans
[2024-11-02T11:19:55.170963-0700]    74.0000 MB /   0.50 sec = 1241.5438 Mbps     0 retrans
[2024-11-02T11:19:55.670881-0700]    67.4375 MB /   0.50 sec = 1131.4814 Mbps     0 retrans
[2024-11-02T11:19:56.171152-0700]    78.0625 MB /   0.50 sec = 1309.3965 Mbps     0 retrans
[2024-11-02T11:19:56.670956-0700]    51.6875 MB /   0.50 sec =  867.3042 Mbps     0 retrans
[2024-11-02T11:19:57.171065-0700]    17.5625 MB /   0.50 sec =  294.5974 Mbps     0 retrans
[2024-11-02T11:19:57.670972-0700]    30.5000 MB /   0.50 sec =  511.7972 Mbps     0 retrans
[2024-11-02T11:19:58.170988-0700]    53.2500 MB /   0.50 sec =  893.2938 Mbps     0 retrans
[2024-11-02T11:19:58.671229-0700]    14.7500 MB /   0.50 sec =  247.4308 Mbps     0 retrans
[2024-11-02T11:19:59.170995-0700]    51.3125 MB /   0.50 sec =  861.0669 Mbps     0 retrans
[2024-11-02T11:19:59.670887-0700]   113.5625 MB /   0.50 sec = 1905.3502 Mbps     0 retrans
[2024-11-02T11:20:00.171017-0700]   131.8125 MB /   0.50 sec = 2211.2257 Mbps     0 retrans
[2024-11-02T11:20:00.671006-0700]   130.8750 MB /   0.50 sec = 2195.7533 Mbps     0 retrans
[2024-11-02T11:20:01.171010-0700]   172.0625 MB /   0.50 sec = 2886.7240 Mbps     0 retrans
[2024-11-02T11:20:01.671122-0700]   168.2500 MB /   0.50 sec = 2822.8400 Mbps     0 retrans
[2024-11-02T11:20:02.171324-0700]   175.4375 MB /   0.50 sec = 2942.8349 Mbps     0 retrans
[2024-11-02T11:20:02.671002-0700]   178.9375 MB /   0.50 sec = 3002.6436 Mbps     0 retrans
[2024-11-02T11:20:03.170980-0700]   177.8125 MB /   0.50 sec = 2983.2465 Mbps     0 retrans
[2024-11-02T11:20:03.671044-0700]   172.8750 MB /   0.50 sec = 2900.3148 Mbps     0 retrans
[2024-11-02T11:20:04.170967-0700]   175.3125 MB /   0.50 sec = 2941.3322 Mbps     0 retrans
[2024-11-02T11:20:04.671152-0700]   167.6250 MB /   0.50 sec = 2812.1234 Mbps     0 retrans
[2024-11-02T11:20:05.171076-0700]   169.5000 MB /   0.50 sec = 2843.6016 Mbps     0 retrans
[2024-11-02T11:20:05.671101-0700]   161.3750 MB /   0.50 sec = 2707.1742 Mbps     0 retrans
[2024-11-02T11:20:06.171112-0700]   117.1875 MB /   0.50 sec = 1966.4458 Mbps     0 retrans
[2024-11-02T11:20:06.671105-0700]   116.8750 MB /   0.50 sec = 1960.8332 Mbps     0 retrans
[2024-11-02T11:20:07.170925-0700]   101.5000 MB /   0.50 sec = 1702.9624 Mbps     0 retrans
[2024-11-02T11:20:07.671008-0700]    86.4375 MB /   0.50 sec = 1450.1110 Mbps     0 retrans
[2024-11-02T11:20:08.170942-0700]    61.3125 MB /   0.50 sec = 1028.6551 Mbps     0 retrans
[2024-11-02T11:20:08.671356-0700]    45.3750 MB /   0.50 sec =  761.2570 Mbps     0 retrans
[2024-11-02T11:20:09.171002-0700]   130.9375 MB /   0.50 sec = 2196.7755 Mbps     0 retrans
[2024-11-02T11:20:09.671002-0700]   138.0625 MB /   0.50 sec = 2316.2905 Mbps     0 retrans
[2024-11-02T11:20:10.171044-0700]   168.3125 MB /   0.50 sec = 2823.4030 Mbps     0 retrans
[2024-11-02T11:20:10.670969-0700]   131.7500 MB /   0.50 sec = 2210.7917 Mbps     0 retrans
[2024-11-02T11:20:11.170992-0700]   169.8750 MB /   0.50 sec = 2849.9156 Mbps     0 retrans
[2024-11-02T11:20:11.671168-0700]   171.0625 MB /   0.50 sec = 2869.0287 Mbps     0 retrans
[2024-11-02T11:20:12.170985-0700]   127.0625 MB /   0.50 sec = 2132.5184 Mbps     0 retrans
[2024-11-02T11:20:12.671201-0700]   129.1250 MB /   0.50 sec = 2165.3923 Mbps     0 retrans
[2024-11-02T11:20:13.170900-0700]   159.8125 MB /   0.50 sec = 2682.4159 Mbps     0 retrans
[2024-11-02T11:20:13.671023-0700]   176.3125 MB /   0.50 sec = 2957.8673 Mbps     0 retrans
[2024-11-02T11:20:14.171073-0700]   177.1875 MB /   0.50 sec = 2972.7427 Mbps     0 retrans
[2024-11-02T11:20:14.670984-0700]   175.6250 MB /   0.50 sec = 2946.5516 Mbps     0 retrans
[2024-11-02T11:20:15.171024-0700]   165.6250 MB /   0.50 sec = 2778.5097 Mbps     0 retrans
[2024-11-02T11:20:15.671001-0700]   170.6875 MB /   0.50 sec = 2863.8787 Mbps     0 retrans
[2024-11-02T11:20:16.170898-0700]   176.3750 MB /   0.50 sec = 2959.1643 Mbps     0 retrans
[2024-11-02T11:20:16.671336-0700]   176.3125 MB /   0.50 sec = 2956.5783 Mbps     0 retrans
[2024-11-02T11:20:17.170960-0700]   178.4375 MB /   0.50 sec = 2995.1341 Mbps     0 retrans
[2024-11-02T11:20:17.671000-0700]   174.7500 MB /   0.50 sec = 2931.7775 Mbps     0 retrans
[2024-11-02T11:20:18.170862-0700]   176.3125 MB /   0.50 sec = 2958.2755 Mbps     0 retrans
[2024-11-02T11:20:18.670975-0700]   176.3750 MB /   0.50 sec = 2958.9276 Mbps     0 retrans
[2024-11-02T11:20:19.171031-0700]   102.7500 MB /   0.50 sec = 1723.5211 Mbps     0 retrans
[2024-11-02T11:20:19.671066-0700]   179.8750 MB /   0.50 sec = 3018.3148 Mbps     0 retrans
[2024-11-02T11:20:20.170916-0700]   176.3750 MB /   0.50 sec = 2959.1939 Mbps     0 retrans
[2024-11-02T11:20:20.671034-0700]   174.9375 MB /   0.50 sec = 2934.6003 Mbps     0 retrans
[2024-11-02T11:20:21.171055-0700]   172.0625 MB /   0.50 sec = 2887.0184 Mbps     0 retrans
[2024-11-02T11:20:21.670996-0700]   173.8750 MB /   0.50 sec = 2917.0684 Mbps     0 retrans
[2024-11-02T11:20:22.171265-0700]   179.1875 MB /   0.50 sec = 3006.1832 Mbps     0 retrans
[2024-11-02T11:20:22.671066-0700]   180.4375 MB /   0.50 sec = 3027.2147 Mbps     0 retrans
[2024-11-02T11:20:23.170940-0700]   179.2500 MB /   0.50 sec = 3007.5265 Mbps     0 retrans
[2024-11-02T11:20:23.671156-0700]   177.5000 MB /   0.50 sec = 2977.7534 Mbps     0 retrans
[2024-11-02T11:20:24.171121-0700]   168.7500 MB /   0.50 sec = 2831.2685 Mbps     0 retrans
[2024-11-02T11:20:24.670995-0700]   176.5000 MB /   0.50 sec = 2961.1845 Mbps     0 retrans
[2024-11-02T11:20:25.171211-0700]   160.0625 MB /   0.50 sec = 2684.2113 Mbps     0 retrans
[2024-11-02T11:20:25.671036-0700]   172.5000 MB /   0.50 sec = 2895.2626 Mbps     0 retrans
[2024-11-02T11:20:26.170878-0700]   178.5625 MB /   0.50 sec = 2996.0752 Mbps     0 retrans
[2024-11-02T11:20:26.671055-0700]   160.2500 MB /   0.50 sec = 2688.3177 Mbps     0 retrans
[2024-11-02T11:20:27.170957-0700]   128.3750 MB /   0.50 sec = 2153.9259 Mbps     0 retrans
[2024-11-02T11:20:27.670989-0700]   137.6250 MB /   0.50 sec = 2308.8720 Mbps     0 retrans
[2024-11-02T11:20:28.170966-0700]   138.6875 MB /   0.50 sec = 2326.7901 Mbps     0 retrans
[2024-11-02T11:20:28.671021-0700]   130.3125 MB /   0.50 sec = 2186.0886 Mbps     0 retrans
[2024-11-02T11:20:29.171004-0700]   135.9375 MB /   0.50 sec = 2280.6574 Mbps     0 retrans
[2024-11-02T11:20:29.670870-0700]   100.0000 MB /   0.50 sec = 1677.9699 Mbps     0 retrans
[2024-11-02T11:20:30.170996-0700]   102.5625 MB /   0.50 sec = 1720.7201 Mbps     0 retrans
[2024-11-02T11:20:30.670971-0700]   143.2500 MB /   0.50 sec = 2403.0719 Mbps     0 retrans
[2024-11-02T11:20:31.171195-0700]   153.6250 MB /   0.50 sec = 2577.5442 Mbps     0 retrans
[2024-11-02T11:20:31.670892-0700]   173.4375 MB /   0.50 sec = 2909.8391 Mbps     0 retrans
[2024-11-02T11:20:32.171062-0700]   172.3750 MB /   0.50 sec = 2891.3885 Mbps     0 retrans
[2024-11-02T11:20:32.671019-0700]   135.5000 MB /   0.50 sec = 2273.5583 Mbps     0 retrans
[2024-11-02T11:20:33.170867-0700]   120.8750 MB /   0.50 sec = 2028.1772 Mbps     0 retrans
[2024-11-02T11:20:33.671039-0700]    81.4375 MB /   0.50 sec = 1366.1279 Mbps     0 retrans
[2024-11-02T11:20:34.170978-0700]    59.6250 MB /   0.50 sec = 1000.4155 Mbps     0 retrans
[2024-11-02T11:20:34.670945-0700]    60.1250 MB /   0.50 sec = 1008.7463 Mbps     0 retrans
[2024-11-02T11:20:35.170869-0700]    54.4375 MB /   0.50 sec =  913.3572 Mbps     0 retrans
[2024-11-02T11:20:35.671021-0700]    61.5000 MB /   0.50 sec = 1031.7183 Mbps     0 retrans
[2024-11-02T11:20:36.170998-0700]    27.8125 MB /   0.50 sec =  466.5958 Mbps     0 retrans
[2024-11-02T11:20:36.671172-0700]   112.6875 MB /   0.50 sec = 1890.5447 Mbps     0 retrans
[2024-11-02T11:20:37.170966-0700]   115.5000 MB /   0.50 sec = 1937.9119 Mbps     0 retrans
[2024-11-02T11:20:37.671166-0700]   132.0625 MB /   0.50 sec = 2215.0917 Mbps     0 retrans
[2024-11-02T11:20:38.170979-0700]   183.6250 MB /   0.50 sec = 3081.5421 Mbps     0 retrans
[2024-11-02T11:20:38.671021-0700]   180.2500 MB /   0.50 sec = 3023.9420 Mbps     0 retrans
[2024-11-02T11:20:39.170956-0700]    94.8125 MB /   0.50 sec = 1590.7407 Mbps     0 retrans
[2024-11-02T11:20:39.671004-0700]   150.1875 MB /   0.50 sec = 2519.6525 Mbps     0 retrans
[2024-11-02T11:20:40.170918-0700]   170.4375 MB /   0.50 sec = 2859.6212 Mbps     0 retrans
[2024-11-02T11:20:40.670874-0700]   140.9375 MB /   0.50 sec = 2364.6335 Mbps     0 retrans
[2024-11-02T11:20:41.170971-0700]   151.8125 MB /   0.50 sec = 2546.8281 Mbps     0 retrans
[2024-11-02T11:20:41.670936-0700]   154.5625 MB /   0.50 sec = 2593.2789 Mbps     0 retrans
[2024-11-02T11:20:42.170978-0700]   113.2500 MB /   0.50 sec = 1899.8487 Mbps     0 retrans
[2024-11-02T11:20:42.671134-0700]    49.8125 MB /   0.50 sec =  835.6566 Mbps     0 retrans
[2024-11-02T11:20:43.171202-0700]    56.0000 MB /   0.50 sec =  939.4339 Mbps     0 retrans
[2024-11-02T11:20:43.670995-0700]     9.8125 MB /   0.50 sec =  164.6511 Mbps     0 retrans
[2024-11-02T11:20:44.170976-0700]    11.5000 MB /   0.50 sec =  192.9253 Mbps     0 retrans
[2024-11-02T11:20:44.670998-0700]    14.0000 MB /   0.50 sec =  234.8979 Mbps     0 retrans
[2024-11-02T11:20:45.170971-0700]     5.3125 MB /   0.50 sec =   89.1307 Mbps     0 retrans
[2024-11-02T11:20:45.670935-0700]    17.4375 MB /   0.50 sec =  292.5580 Mbps     0 retrans
[2024-11-02T11:20:46.170896-0700]    16.8750 MB /   0.50 sec =  283.1184 Mbps     0 retrans
[2024-11-02T11:20:46.670995-0700]    57.5000 MB /   0.50 sec =  964.6301 Mbps     0 retrans
[2024-11-02T11:20:47.170885-0700]   127.4375 MB /   0.50 sec = 2138.2175 Mbps     0 retrans
[2024-11-02T11:20:47.671061-0700]   147.4375 MB /   0.50 sec = 2473.1901 Mbps     0 retrans
[2024-11-02T11:20:48.171208-0700]    98.4375 MB /   0.50 sec = 1651.4973 Mbps     0 retrans
[2024-11-02T11:20:48.671003-0700]   100.1875 MB /   0.50 sec = 1680.9884 Mbps     0 retrans
[2024-11-02T11:20:49.170936-0700]   109.8125 MB /   0.50 sec = 1842.4328 Mbps     0 retrans
[2024-11-02T11:20:49.670995-0700]    95.1875 MB /   0.50 sec = 1596.9589 Mbps     0 retrans
[2024-11-02T11:20:50.170887-0700]    96.6250 MB /   0.50 sec = 1621.2379 Mbps     0 retrans
[2024-11-02T11:20:50.671008-0700]    85.3750 MB /   0.50 sec = 1432.1915 Mbps     0 retrans
[2024-11-02T11:20:51.170895-0700]    86.8750 MB /   0.50 sec = 1457.6577 Mbps     0 retrans
[2024-11-02T11:20:51.670954-0700]    97.3750 MB /   0.50 sec = 1633.6422 Mbps     0 retrans
[2024-11-02T11:20:52.171056-0700]    96.9375 MB /   0.50 sec = 1626.0552 Mbps     0 retrans
[2024-11-02T11:20:52.671270-0700]   103.6250 MB /   0.50 sec = 1737.8543 Mbps     0 retrans
[2024-11-02T11:20:53.170991-0700]   112.6250 MB /   0.50 sec = 1890.4451 Mbps     0 retrans
[2024-11-02T11:20:53.671040-0700]    71.6875 MB /   0.50 sec = 1202.8129 Mbps     0 retrans
[2024-11-02T11:20:54.171115-0700]    77.5625 MB /   0.50 sec = 1301.2334 Mbps     0 retrans
[2024-11-02T11:20:54.671009-0700]     3.8125 MB /   0.50 sec =   63.9604 Mbps     0 retrans
[2024-11-02T11:20:55.171206-0700]    14.4375 MB /   0.50 sec =  242.1155 Mbps     0 retrans
[2024-11-02T11:20:55.671061-0700]    19.6875 MB /   0.50 sec =  330.4396 Mbps     0 retrans
[2024-11-02T11:20:56.170930-0700]    58.7500 MB /   0.50 sec =  985.7797 Mbps     0 retrans
[2024-11-02T11:20:56.670991-0700]    85.6250 MB /   0.50 sec = 1436.4888 Mbps     0 retrans
[2024-11-02T11:20:57.171161-0700]    78.5625 MB /   0.50 sec = 1318.0732 Mbps     0 retrans
[2024-11-02T11:20:57.670881-0700]    97.1250 MB /   0.50 sec = 1629.5881 Mbps     0 retrans
[2024-11-02T11:20:58.170909-0700]    89.6250 MB /   0.50 sec = 1503.6610 Mbps     0 retrans
[2024-11-02T11:20:58.671049-0700]     0.8750 MB /   0.50 sec =   14.6783 Mbps     0 retrans
[2024-11-02T11:20:59.171014-0700]    13.4375 MB /   0.50 sec =  225.4456 Mbps     0 retrans
[2024-11-02T11:20:59.671041-0700]    31.1250 MB /   0.50 sec =  522.1731 Mbps     0 retrans
[2024-11-02T11:21:00.170998-0700]     0.6250 MB /   0.50 sec =   10.4867 Mbps     0 retrans
[2024-11-02T11:21:00.670995-0700]     1.1875 MB /   0.50 sec =   19.9220 Mbps     0 retrans
[2024-11-02T11:21:01.170974-0700]     0.0625 MB /   0.50 sec =    1.0486 Mbps     0 retrans
[2024-11-02T11:21:01.671002-0700]     0.0625 MB /   0.50 sec =    1.0486 Mbps     0 retrans
[2024-11-02T11:21:02.171027-0700]     0.0625 MB /   0.50 sec =    1.0485 Mbps     0 retrans
[2024-11-02T11:21:02.670990-0700]     2.1875 MB /   0.50 sec =   36.7008 Mbps     0 retrans
[2024-11-02T11:21:03.171025-0700]     0.8750 MB /   0.50 sec =   14.6788 Mbps     0 retrans
[2024-11-02T11:21:03.670909-0700]     0.0000 MB /   0.50 sec =    0.0000 Mbps     0 retrans
[2024-11-02T11:21:04.170915-0700]     2.0625 MB /   0.50 sec =   34.6031 Mbps     0 retrans
[2024-11-02T11:21:04.671145-0700]     0.0625 MB /   0.50 sec =    1.0485 Mbps     0 retrans
[2024-11-02T11:21:05.170917-0700]     5.6250 MB /   0.50 sec =   94.3796 Mbps     0 retrans
[2024-11-02T11:21:05.670954-0700]     2.3750 MB /   0.50 sec =   39.8437 Mbps     0 retrans
[2024-11-02T11:21:06.170916-0700]     2.4375 MB /   0.50 sec =   40.8966 Mbps     0 retrans
[2024-11-02T11:21:06.670980-0700]     3.3125 MB /   0.50 sec =   55.5725 Mbps     0 retrans
[2024-11-02T11:21:07.171008-0700]     3.4375 MB /   0.50 sec =   57.6731 Mbps     0 retrans
[2024-11-02T11:21:07.670897-0700]     4.9375 MB /   0.50 sec =   82.8405 Mbps     0 retrans
[2024-11-02T11:21:08.170950-0700]     3.1250 MB /   0.50 sec =   52.4258 Mbps     0 retrans
[2024-11-02T11:21:08.670973-0700]     8.3125 MB /   0.50 sec =  139.4598 Mbps     0 retrans
[2024-11-02T11:21:09.170999-0700]    12.1875 MB /   0.50 sec =  204.4715 Mbps     0 retrans
[2024-11-02T11:21:09.670986-0700]    15.5000 MB /   0.50 sec =  260.0520 Mbps     0 retrans
[2024-11-02T11:21:10.170923-0700]    24.1875 MB /   0.50 sec =  405.8030 Mbps     0 retrans
[2024-11-02T11:21:10.671269-0700]    30.3125 MB /   0.50 sec =  508.3753 Mbps     0 retrans
[2024-11-02T11:21:11.170998-0700]    29.9375 MB /   0.50 sec =  502.4106 Mbps     0 retrans
[2024-11-02T11:21:11.671004-0700]    36.4375 MB /   0.50 sec =  611.3235 Mbps     0 retrans
[2024-11-02T11:21:12.170927-0700]    43.4375 MB /   0.50 sec =  728.8245 Mbps     0 retrans
[2024-11-02T11:21:12.671085-0700]    59.7500 MB /   0.50 sec = 1002.0919 Mbps     0 retrans
[2024-11-02T11:21:13.171029-0700]    57.2500 MB /   0.50 sec =  960.6858 Mbps     0 retrans
[2024-11-02T11:21:13.670927-0700]    67.6875 MB /   0.50 sec = 1135.7464 Mbps     0 retrans
[2024-11-02T11:21:14.170906-0700]    55.0625 MB /   0.50 sec =  923.8453 Mbps     0 retrans
[2024-11-02T11:21:14.671165-0700]    56.7500 MB /   0.50 sec =  951.7149 Mbps     0 retrans
[2024-11-02T11:21:15.171231-0700]    41.1250 MB /   0.50 sec =  689.8926 Mbps     0 retrans
[2024-11-02T11:21:15.670989-0700]    35.3750 MB /   0.50 sec =  593.7458 Mbps     0 retrans
[2024-11-02T11:21:16.170999-0700]    38.8750 MB /   0.50 sec =  652.2651 Mbps     0 retrans
[2024-11-02T11:21:16.670989-0700]    44.1250 MB /   0.50 sec =  740.2399 Mbps     0 retrans
[2024-11-02T11:21:17.170894-0700]    49.0000 MB /   0.50 sec =  822.1313 Mbps     0 retrans
[2024-11-02T11:21:17.670965-0700]    49.6250 MB /   0.50 sec =  832.5044 Mbps     0 retrans
[2024-11-02T11:21:18.170962-0700]    46.0625 MB /   0.50 sec =  772.7974 Mbps     0 retrans
[2024-11-02T11:21:18.671031-0700]    26.4375 MB /   0.50 sec =  443.5414 Mbps     0 retrans
[2024-11-02T11:21:19.170927-0700]    49.4375 MB /   0.50 sec =  829.5066 Mbps     0 retrans
[2024-11-02T11:21:19.671046-0700]    47.3125 MB /   0.50 sec =  793.6704 Mbps     0 retrans
[2024-11-02T11:21:20.170924-0700]    51.3125 MB /   0.50 sec =  860.9653 Mbps     0 retrans
[2024-11-02T11:21:20.671028-0700]    55.3125 MB /   0.50 sec =  927.9749 Mbps     0 retrans
[2024-11-02T11:21:21.171098-0700]    55.8750 MB /   0.50 sec =  937.3932 Mbps     0 retrans
[2024-11-02T11:21:21.671010-0700]    39.8750 MB /   0.50 sec =  668.9647 Mbps     0 retrans
[2024-11-02T11:21:22.170909-0700]    44.5625 MB /   0.50 sec =  747.7349 Mbps     0 retrans
[2024-11-02T11:21:22.670924-0700]    50.6875 MB /   0.50 sec =  850.4070 Mbps     0 retrans
[2024-11-02T11:21:23.170937-0700]    53.4375 MB /   0.50 sec =  896.4643 Mbps     0 retrans
[2024-11-02T11:21:23.670948-0700]    56.5625 MB /   0.50 sec =  948.9879 Mbps     0 retrans
[2024-11-02T11:21:24.170897-0700]    57.2500 MB /   0.50 sec =  960.5225 Mbps     0 retrans
[2024-11-02T11:21:24.671096-0700]    46.8750 MB /   0.50 sec =  786.2575 Mbps     0 retrans
[2024-11-02T11:21:25.171144-0700]    48.7500 MB /   0.50 sec =  817.9809 Mbps     0 retrans
[2024-11-02T11:21:25.670961-0700]    55.2500 MB /   0.50 sec =  927.0135 Mbps     0 retrans
[2024-11-02T11:21:26.171019-0700]    47.7500 MB /   0.50 sec =  801.0768 Mbps     0 retrans
[2024-11-02T11:21:26.670920-0700]    52.8125 MB /   0.50 sec =  886.0857 Mbps     0 retrans
[2024-11-02T11:21:27.170986-0700]    54.6875 MB /   0.50 sec =  917.5058 Mbps     0 retrans
[2024-11-02T11:21:27.671050-0700]    60.1250 MB /   0.50 sec = 1008.7120 Mbps     0 retrans
[2024-11-02T11:21:28.171057-0700]    57.7500 MB /   0.50 sec =  968.6614 Mbps     0 retrans
[2024-11-02T11:21:28.671087-0700]    30.5625 MB /   0.50 sec =  512.7834 Mbps     0 retrans
[2024-11-02T11:21:29.170907-0700]    53.3125 MB /   0.50 sec =  894.6178 Mbps     0 retrans
[2024-11-02T11:21:29.671059-0700]    53.0000 MB /   0.50 sec =  889.0946 Mbps     0 retrans
[2024-11-02T11:21:30.170962-0700]    54.8125 MB /   0.50 sec =  919.6950 Mbps     0 retrans
[2024-11-02T11:21:30.671061-0700]    66.8750 MB /   0.50 sec = 1121.7475 Mbps     0 retrans
[2024-11-02T11:21:31.170935-0700]    64.1250 MB /   0.50 sec = 1076.0370 Mbps     0 retrans
[2024-11-02T11:21:31.670918-0700]    64.8750 MB /   0.50 sec = 1088.4763 Mbps     0 retrans
[2024-11-02T11:21:32.171033-0700]    54.0000 MB /   0.50 sec =  905.8483 Mbps     0 retrans
[2024-11-02T11:21:32.671473-0700]    46.0000 MB /   0.50 sec =  771.3894 Mbps     0 retrans
[2024-11-02T11:21:33.170959-0700]    48.6250 MB /   0.50 sec =  816.2411 Mbps     0 retrans
End time: 1730571693543
