Start time: 1730677164432
[2024-11-03T16:39:25.279969-0700] nuttcp-r: v8.1.4: socket
[2024-11-03T16:39:25.280734-0700] nuttcp-r: buflen=65536, nstream=1, port=5103 tcp
[2024-11-03T16:39:25.280796-0700] nuttcp-r: interval reporting every 0.50 seconds
[2024-11-03T16:39:25.280834-0700] nuttcp-r: connect to 54.176.53.206 with RTT=61.279 ms af=inet
[2024-11-03T16:39:25.280880-0700] nuttcp-r: send window size = 1048576, receive window size = 1048576
[2024-11-03T16:39:25.280916-0700] nuttcp-r: available send window = 786432, available receive window = 786432
[2024-11-03T16:39:25.280953-0700]     1.3125 MB /   0.50 sec =   22.0181 Mbps     0 retrans
[2024-11-03T16:39:25.779331-0700]     6.9375 MB /   0.50 sec =  116.3936 Mbps     0 retrans
[2024-11-03T16:39:26.280050-0700]     9.2500 MB /   0.50 sec =  155.1272 Mbps     0 retrans
[2024-11-03T16:39:26.779456-0700]     3.3750 MB /   0.50 sec =   56.6322 Mbps     0 retrans
[2024-11-03T16:39:27.279392-0700]     5.1250 MB /   0.50 sec =   86.0018 Mbps     0 retrans
[2024-11-03T16:39:27.779425-0700]     8.2500 MB /   0.50 sec =  138.4115 Mbps     0 retrans
[2024-11-03T16:39:28.279977-0700]     8.3125 MB /   0.50 sec =  139.3263 Mbps     0 retrans
[2024-11-03T16:39:28.779517-0700]     3.6250 MB /   0.50 sec =   60.8688 Mbps     0 retrans
[2024-11-03T16:39:29.279564-0700]     6.7500 MB /   0.50 sec =  113.2390 Mbps     0 retrans
[2024-11-03T16:39:29.779452-0700]     8.5000 MB /   0.50 sec =  142.6226 Mbps     0 retrans
[2024-11-03T16:39:30.279387-0700]     7.7500 MB /   0.50 sec =  130.0328 Mbps     0 retrans
[2024-11-03T16:39:30.779863-0700]     6.5625 MB /   0.50 sec =  110.0083 Mbps     0 retrans
[2024-11-03T16:39:31.280127-0700]     6.7500 MB /   0.50 sec =  113.2686 Mbps     0 retrans
[2024-11-03T16:39:31.779356-0700]     8.3125 MB /   0.50 sec =  139.5496 Mbps     0 retrans
[2024-11-03T16:39:32.279398-0700]     9.6875 MB /   0.50 sec =  162.5260 Mbps     0 retrans
[2024-11-03T16:39:32.779413-0700]    10.7500 MB /   0.50 sec =  180.3641 Mbps     0 retrans
[2024-11-03T16:39:33.279330-0700]     9.0000 MB /   0.50 sec =  150.9925 Mbps     0 retrans
[2024-11-03T16:39:33.779399-0700]     5.6250 MB /   0.50 sec =   94.3581 Mbps     0 retrans
[2024-11-03T16:39:34.280793-0700]     5.7500 MB /   0.50 sec =   96.2895 Mbps     0 retrans
[2024-11-03T16:39:34.779406-0700]     6.5000 MB /   0.50 sec =  109.2654 Mbps     0 retrans
[2024-11-03T16:39:35.280954-0700]     7.0625 MB /   0.50 sec =  118.2396 Mbps     0 retrans
[2024-11-03T16:39:35.779475-0700]     7.6250 MB /   0.50 sec =  128.1929 Mbps     0 retrans
[2024-11-03T16:39:36.280074-0700]     9.6875 MB /   0.50 sec =  162.3218 Mbps     0 retrans
[2024-11-03T16:39:36.780054-0700]     8.3125 MB /   0.50 sec =  139.6402 Mbps     0 retrans
[2024-11-03T16:39:37.279535-0700]     8.3750 MB /   0.50 sec =  140.5002 Mbps     0 retrans
[2024-11-03T16:39:37.779435-0700]     4.1875 MB /   0.50 sec =   70.2602 Mbps     0 retrans
[2024-11-03T16:39:38.280410-0700]     7.0625 MB /   0.50 sec =  118.3790 Mbps     0 retrans
[2024-11-03T16:39:38.780318-0700]    11.2500 MB /   0.50 sec =  188.9262 Mbps     0 retrans
[2024-11-03T16:39:39.279899-0700]     8.0000 MB /   0.50 sec =  134.2209 Mbps     0 retrans
[2024-11-03T16:39:39.779481-0700]     9.0000 MB /   0.50 sec =  150.9868 Mbps     0 retrans
[2024-11-03T16:39:40.281778-0700]     9.6250 MB /   0.50 sec =  161.0372 Mbps     0 retrans
[2024-11-03T16:39:40.781284-0700]     6.5625 MB /   0.50 sec =  110.1258 Mbps     0 retrans
[2024-11-03T16:39:41.279486-0700]     6.9375 MB /   0.50 sec =  116.6813 Mbps     0 retrans
[2024-11-03T16:39:41.779502-0700]     5.2500 MB /   0.50 sec =   88.0848 Mbps     0 retrans
[2024-11-03T16:39:42.279938-0700]     5.9375 MB /   0.50 sec =   99.6153 Mbps     0 retrans
[2024-11-03T16:39:42.779463-0700]     8.0625 MB /   0.50 sec =  135.2636 Mbps     0 retrans
[2024-11-03T16:39:43.280640-0700]     7.3125 MB /   0.50 sec =  122.4114 Mbps     0 retrans
[2024-11-03T16:39:43.779440-0700]     8.3750 MB /   0.50 sec =  140.8249 Mbps     0 retrans
[2024-11-03T16:39:44.279848-0700]     3.5000 MB /   0.50 sec =   58.6816 Mbps     0 retrans
[2024-11-03T16:39:44.779706-0700]     8.3125 MB /   0.50 sec =  139.5586 Mbps     0 retrans
[2024-11-03T16:39:45.281299-0700]     6.2500 MB /   0.50 sec =  104.5805 Mbps     0 retrans
[2024-11-03T16:39:45.779429-0700]     7.6250 MB /   0.50 sec =  128.2613 Mbps     0 retrans
[2024-11-03T16:39:46.279971-0700]     6.3125 MB /   0.50 sec =  105.7983 Mbps     0 retrans
[2024-11-03T16:39:46.779407-0700]     6.4375 MB /   0.50 sec =  108.1175 Mbps     0 retrans
[2024-11-03T16:39:47.280091-0700]     7.0625 MB /   0.50 sec =  118.4566 Mbps     0 retrans
[2024-11-03T16:39:47.779817-0700]     8.6875 MB /   0.50 sec =  145.7824 Mbps     0 retrans
[2024-11-03T16:39:48.281834-0700]     3.5000 MB /   0.50 sec =   58.4715 Mbps     0 retrans
[2024-11-03T16:39:48.780448-0700]     5.9375 MB /   0.50 sec =   99.9463 Mbps     0 retrans
[2024-11-03T16:39:49.279458-0700]     3.0000 MB /   0.50 sec =   50.3794 Mbps     0 retrans
[2024-11-03T16:39:49.779425-0700]     7.9375 MB /   0.50 sec =  133.1729 Mbps     0 retrans
[2024-11-03T16:39:50.279774-0700]     7.1875 MB /   0.50 sec =  120.5867 Mbps     0 retrans
[2024-11-03T16:39:50.780036-0700]     7.0000 MB /   0.50 sec =  117.4292 Mbps     0 retrans
[2024-11-03T16:39:51.279836-0700]     8.6875 MB /   0.50 sec =  145.7661 Mbps     0 retrans
[2024-11-03T16:39:51.779360-0700]     9.7500 MB /   0.50 sec =  163.5841 Mbps     0 retrans
[2024-11-03T16:39:52.279452-0700]     7.0000 MB /   0.50 sec =  117.4267 Mbps     0 retrans
[2024-11-03T16:39:52.779460-0700]     8.5625 MB /   0.50 sec =  143.6414 Mbps     0 retrans
[2024-11-03T16:39:53.279437-0700]     8.9375 MB /   0.50 sec =  149.9713 Mbps     0 retrans
[2024-11-03T16:39:53.779318-0700]     6.6875 MB /   0.50 sec =  112.2032 Mbps     0 retrans
[2024-11-03T16:39:54.280041-0700]     7.6250 MB /   0.50 sec =  127.7849 Mbps     0 retrans
[2024-11-03T16:39:54.779346-0700]     6.8750 MB /   0.50 sec =  115.4678 Mbps     0 retrans
[2024-11-03T16:39:55.280467-0700]     6.5625 MB /   0.50 sec =  109.8906 Mbps     0 retrans
[2024-11-03T16:39:55.779777-0700]     9.8750 MB /   0.50 sec =  165.9964 Mbps     0 retrans
[2024-11-03T16:39:56.279935-0700]     7.8125 MB /   0.50 sec =  131.0489 Mbps     0 retrans
[2024-11-03T16:39:56.780009-0700]     4.3125 MB /   0.50 sec =   72.3578 Mbps     0 retrans
[2024-11-03T16:39:57.280309-0700]     2.4375 MB /   0.50 sec =   40.8570 Mbps     0 retrans
[2024-11-03T16:39:57.782094-0700]     5.1250 MB /   0.50 sec =   85.7288 Mbps     0 retrans
[2024-11-03T16:39:58.279931-0700]     5.8125 MB /   0.50 sec =   97.9006 Mbps     0 retrans
[2024-11-03T16:39:58.779911-0700]     7.2500 MB /   0.50 sec =  121.6319 Mbps     0 retrans
[2024-11-03T16:39:59.279871-0700]     8.5625 MB /   0.50 sec =  143.5381 Mbps     0 retrans
[2024-11-03T16:39:59.780223-0700]     6.8125 MB /   0.50 sec =  114.3920 Mbps     0 retrans
[2024-11-03T16:40:00.279447-0700]     6.8750 MB /   0.50 sec =  115.3411 Mbps     0 retrans
[2024-11-03T16:40:00.779510-0700]     6.8125 MB /   0.50 sec =  114.2882 Mbps     0 retrans
[2024-11-03T16:40:01.281290-0700]     5.3750 MB /   0.50 sec =   89.8679 Mbps     0 retrans
[2024-11-03T16:40:01.779370-0700]     7.3750 MB /   0.50 sec =  124.1735 Mbps     0 retrans
[2024-11-03T16:40:02.282719-0700]     6.3125 MB /   0.50 sec =  105.3594 Mbps     0 retrans
[2024-11-03T16:40:02.782131-0700]     4.3125 MB /   0.50 sec =   72.4179 Mbps     0 retrans
[2024-11-03T16:40:03.280974-0700]     0.2500 MB /   0.50 sec =    4.2002 Mbps     0 retrans
[2024-11-03T16:40:03.779465-0700]     2.3750 MB /   0.50 sec =   39.9591 Mbps     0 retrans
[2024-11-03T16:40:04.279534-0700]     6.6250 MB /   0.50 sec =  111.1353 Mbps     0 retrans
[2024-11-03T16:40:04.779462-0700]     7.3750 MB /   0.50 sec =  123.7488 Mbps     0 retrans
[2024-11-03T16:40:05.279900-0700]     7.3125 MB /   0.50 sec =  122.5674 Mbps     0 retrans
[2024-11-03T16:40:05.779441-0700]     7.1250 MB /   0.50 sec =  119.6506 Mbps     0 retrans
[2024-11-03T16:40:06.279918-0700]     7.0625 MB /   0.50 sec =  118.4884 Mbps     0 retrans
[2024-11-03T16:40:06.779381-0700]     6.8125 MB /   0.50 sec =  114.3026 Mbps     0 retrans
[2024-11-03T16:40:07.279352-0700]     8.1875 MB /   0.50 sec =  137.3626 Mbps     0 retrans
[2024-11-03T16:40:07.779635-0700]     7.8125 MB /   0.50 sec =  131.0563 Mbps     0 retrans
[2024-11-03T16:40:08.280752-0700]     2.3750 MB /   0.50 sec =   39.7526 Mbps     0 retrans
[2024-11-03T16:40:08.780277-0700]     8.6875 MB /   0.50 sec =  146.1015 Mbps     0 retrans
[2024-11-03T16:40:09.279308-0700]     2.2500 MB /   0.50 sec =   37.7518 Mbps     0 retrans
[2024-11-03T16:40:09.779320-0700]     2.6250 MB /   0.50 sec =   44.0400 Mbps     0 retrans
[2024-11-03T16:40:10.281104-0700]     4.3750 MB /   0.50 sec =   73.2221 Mbps     0 retrans
[2024-11-03T16:40:10.779498-0700]     3.8125 MB /   0.50 sec =   64.1156 Mbps     0 retrans
[2024-11-03T16:40:11.281543-0700]     4.9375 MB /   0.50 sec =   82.5200 Mbps     0 retrans
[2024-11-03T16:40:11.779536-0700]     6.7500 MB /   0.50 sec =  113.6736 Mbps     0 retrans
[2024-11-03T16:40:12.280747-0700]     4.5625 MB /   0.50 sec =   76.3616 Mbps     0 retrans
[2024-11-03T16:40:12.779505-0700]     7.1250 MB /   0.50 sec =  119.8219 Mbps     0 retrans
[2024-11-03T16:40:13.280019-0700]     6.6875 MB /   0.50 sec =  112.1945 Mbps     0 retrans
[2024-11-03T16:40:13.779635-0700]    10.4375 MB /   0.50 sec =  175.0870 Mbps     0 retrans
[2024-11-03T16:40:14.279797-0700]     6.8750 MB /   0.50 sec =  115.3731 Mbps     0 retrans
[2024-11-03T16:40:14.779432-0700]    12.2500 MB /   0.50 sec =  205.5197 Mbps     0 retrans
[2024-11-03T16:40:15.280295-0700]    10.1875 MB /   0.50 sec =  170.7864 Mbps     0 retrans
[2024-11-03T16:40:15.779594-0700]     7.9375 MB /   0.50 sec =  133.2883 Mbps     0 retrans
[2024-11-03T16:40:16.279984-0700]     9.6250 MB /   0.50 sec =  161.4626 Mbps     0 retrans
[2024-11-03T16:40:16.779487-0700]     8.5000 MB /   0.50 sec =  142.6015 Mbps     0 retrans
[2024-11-03T16:40:17.279838-0700]    10.3125 MB /   0.50 sec =  172.8836 Mbps     0 retrans
[2024-11-03T16:40:17.779365-0700]    11.6875 MB /   0.50 sec =  196.2576 Mbps     0 retrans
[2024-11-03T16:40:18.279977-0700]     8.4375 MB /   0.50 sec =  141.5555 Mbps     0 retrans
[2024-11-03T16:40:18.780333-0700]    12.1875 MB /   0.50 sec =  204.4592 Mbps     0 retrans
[2024-11-03T16:40:19.279500-0700]    11.4375 MB /   0.50 sec =  191.9055 Mbps     0 retrans
[2024-11-03T16:40:19.779360-0700]    11.2500 MB /   0.50 sec =  188.7425 Mbps     0 retrans
[2024-11-03T16:40:20.279365-0700]     9.7500 MB /   0.50 sec =  163.5759 Mbps     0 retrans
[2024-11-03T16:40:20.779533-0700]    12.3750 MB /   0.50 sec =  207.5828 Mbps     0 retrans
[2024-11-03T16:40:21.280411-0700]    12.0625 MB /   0.50 sec =  202.1997 Mbps     0 retrans
[2024-11-03T16:40:21.779310-0700]    10.5000 MB /   0.50 sec =  176.3445 Mbps     0 retrans
[2024-11-03T16:40:22.280002-0700]    10.8750 MB /   0.50 sec =  182.4457 Mbps     0 retrans
[2024-11-03T16:40:22.779456-0700]     9.5000 MB /   0.50 sec =  159.3781 Mbps     0 retrans
[2024-11-03T16:40:23.279445-0700]     9.0625 MB /   0.50 sec =  152.0405 Mbps     0 retrans
[2024-11-03T16:40:23.780323-0700]    12.1875 MB /   0.50 sec =  204.3023 Mbps     0 retrans
[2024-11-03T16:40:24.279465-0700]    10.7500 MB /   0.50 sec =  180.5092 Mbps     0 retrans
[2024-11-03T16:40:24.779303-0700]     9.3750 MB /   0.50 sec =  157.3018 Mbps     0 retrans
[2024-11-03T16:40:25.280402-0700]    13.6250 MB /   0.50 sec =  228.3302 Mbps     0 retrans
[2024-11-03T16:40:25.780276-0700]     9.6250 MB /   0.50 sec =  161.4862 Mbps     0 retrans
[2024-11-03T16:40:26.279451-0700]     2.1250 MB /   0.50 sec =   35.6881 Mbps     0 retrans
[2024-11-03T16:40:26.779987-0700]     8.0000 MB /   0.50 sec =  134.2180 Mbps     0 retrans
[2024-11-03T16:40:27.280226-0700]     8.2500 MB /   0.50 sec =  138.3108 Mbps     0 retrans
[2024-11-03T16:40:27.779508-0700]    10.8750 MB /   0.50 sec =  182.5322 Mbps     0 retrans
[2024-11-03T16:40:28.280345-0700]    11.8750 MB /   0.50 sec =  199.0849 Mbps     0 retrans
[2024-11-03T16:40:28.779485-0700]     9.2500 MB /   0.50 sec =  155.3480 Mbps     0 retrans
[2024-11-03T16:40:29.281773-0700]     7.9375 MB /   0.50 sec =  132.6973 Mbps     0 retrans
[2024-11-03T16:40:29.780325-0700]    10.6250 MB /   0.50 sec =  178.8786 Mbps     0 retrans
[2024-11-03T16:40:30.280009-0700]     5.6250 MB /   0.50 sec =   94.2811 Mbps     0 retrans
[2024-11-03T16:40:30.779644-0700]    11.3750 MB /   0.50 sec =  190.9692 Mbps     0 retrans
[2024-11-03T16:40:31.280709-0700]    11.0625 MB /   0.50 sec =  185.2146 Mbps     0 retrans
[2024-11-03T16:40:31.780022-0700]     9.6250 MB /   0.50 sec =  161.8757 Mbps     0 retrans
[2024-11-03T16:40:32.281797-0700]     8.4375 MB /   0.50 sec =  141.0891 Mbps     0 retrans
[2024-11-03T16:40:32.779293-0700]    12.1875 MB /   0.50 sec =  205.1703 Mbps     0 retrans
[2024-11-03T16:40:33.280321-0700]    13.2500 MB /   0.50 sec =  222.0796 Mbps     0 retrans
[2024-11-03T16:40:33.779606-0700]    11.0000 MB /   0.50 sec =  184.7275 Mbps     0 retrans
[2024-11-03T16:40:34.280916-0700]     9.3750 MB /   0.50 sec =  157.1151 Mbps     0 retrans
[2024-11-03T16:40:34.779907-0700]     9.1875 MB /   0.50 sec =  154.2968 Mbps     0 retrans
[2024-11-03T16:40:35.279511-0700]     6.8125 MB /   0.50 sec =  114.2840 Mbps     0 retrans
[2024-11-03T16:40:35.779900-0700]     1.8125 MB /   0.50 sec =   30.4126 Mbps     0 retrans
[2024-11-03T16:40:36.279876-0700]     9.4375 MB /   0.50 sec =  158.3261 Mbps     0 retrans
[2024-11-03T16:40:36.780503-0700]    12.0000 MB /   0.50 sec =  201.0977 Mbps     0 retrans
[2024-11-03T16:40:37.281332-0700]     2.6875 MB /   0.50 sec =   44.9811 Mbps     0 retrans
[2024-11-03T16:40:37.779464-0700]     6.5000 MB /   0.50 sec =  109.4413 Mbps     0 retrans
[2024-11-03T16:40:38.281696-0700]     9.3750 MB /   0.50 sec =  156.7538 Mbps     0 retrans
[2024-11-03T16:40:38.779354-0700]    11.1875 MB /   0.50 sec =  188.3513 Mbps     0 retrans
[2024-11-03T16:40:39.279945-0700]    10.2500 MB /   0.50 sec =  171.7964 Mbps     0 retrans
[2024-11-03T16:40:39.779358-0700]    10.5000 MB /   0.50 sec =  176.3350 Mbps     0 retrans
[2024-11-03T16:40:40.279561-0700]    11.2500 MB /   0.50 sec =  188.7407 Mbps     0 retrans
[2024-11-03T16:40:40.781407-0700]    11.2500 MB /   0.50 sec =  188.3989 Mbps     0 retrans
[2024-11-03T16:40:41.279530-0700]    11.6250 MB /   0.50 sec =  195.3477 Mbps     0 retrans
[2024-11-03T16:40:41.779926-0700]    11.3125 MB /   0.50 sec =  189.8203 Mbps     0 retrans
[2024-11-03T16:40:42.281102-0700]     9.3750 MB /   0.50 sec =  156.9145 Mbps     0 retrans
[2024-11-03T16:40:42.779352-0700]     7.5625 MB /   0.50 sec =  127.1906 Mbps     0 retrans
[2024-11-03T16:40:43.281159-0700]     7.6875 MB /   0.50 sec =  128.6791 Mbps     0 retrans
[2024-11-03T16:40:43.779524-0700]    13.6250 MB /   0.50 sec =  229.0366 Mbps     0 retrans
[2024-11-03T16:40:44.281587-0700]    11.3125 MB /   0.50 sec =  189.3737 Mbps     0 retrans
[2024-11-03T16:40:44.779425-0700]     6.3750 MB /   0.50 sec =  107.2219 Mbps     0 retrans
[2024-11-03T16:40:45.279480-0700]    10.8750 MB /   0.50 sec =  182.4519 Mbps     0 retrans
[2024-11-03T16:40:45.780361-0700]     9.3750 MB /   0.50 sec =  157.1337 Mbps     0 retrans
[2024-11-03T16:40:46.279431-0700]     9.0625 MB /   0.50 sec =  152.1896 Mbps     0 retrans
[2024-11-03T16:40:46.779842-0700]     7.8125 MB /   0.50 sec =  130.9811 Mbps     0 retrans
[2024-11-03T16:40:47.281262-0700]     8.5000 MB /   0.50 sec =  142.3598 Mbps     0 retrans
[2024-11-03T16:40:47.779481-0700]    10.3750 MB /   0.50 sec =  174.4831 Mbps     0 retrans
[2024-11-03T16:40:48.282196-0700]     9.4375 MB /   0.50 sec =  157.6483 Mbps     0 retrans
[2024-11-03T16:40:48.779472-0700]    10.5625 MB /   0.50 sec =  177.9886 Mbps     0 retrans
[2024-11-03T16:40:49.279295-0700]    11.4375 MB /   0.50 sec =  191.9082 Mbps     0 retrans
[2024-11-03T16:40:49.780788-0700]    12.1250 MB /   0.50 sec =  203.1954 Mbps     0 retrans
[2024-11-03T16:40:50.279312-0700]    12.1250 MB /   0.50 sec =  203.6539 Mbps     0 retrans
[2024-11-03T16:40:50.779416-0700]    10.4375 MB /   0.50 sec =  175.1027 Mbps     0 retrans
[2024-11-03T16:40:51.279451-0700]    10.1875 MB /   0.50 sec =  170.9069 Mbps     0 retrans
[2024-11-03T16:40:51.779636-0700]    11.1875 MB /   0.50 sec =  187.7052 Mbps     0 retrans
[2024-11-03T16:40:52.282175-0700]     9.2500 MB /   0.50 sec =  154.6782 Mbps     0 retrans
[2024-11-03T16:40:52.780020-0700]    10.3125 MB /   0.50 sec =  173.5583 Mbps     0 retrans
[2024-11-03T16:40:53.279928-0700]    10.8750 MB /   0.50 sec =  182.4814 Mbps     0 retrans
[2024-11-03T16:40:53.779473-0700]    10.5625 MB /   0.50 sec =  177.2019 Mbps     0 retrans
[2024-11-03T16:40:54.279428-0700]    10.6250 MB /   0.50 sec =  178.2675 Mbps     0 retrans
[2024-11-03T16:40:54.780016-0700]    14.0625 MB /   0.50 sec =  235.6798 Mbps     0 retrans
[2024-11-03T16:40:55.280028-0700]    11.5625 MB /   0.50 sec =  194.1671 Mbps     0 retrans
[2024-11-03T16:40:55.780250-0700]     4.6875 MB /   0.50 sec =   78.5419 Mbps     0 retrans
[2024-11-03T16:40:56.280049-0700]     8.2500 MB /   0.50 sec =  138.5886 Mbps     0 retrans
[2024-11-03T16:40:56.779678-0700]    11.8125 MB /   0.50 sec =  198.2070 Mbps     0 retrans
[2024-11-03T16:40:57.279449-0700]     4.1875 MB /   0.50 sec =   70.2526 Mbps     0 retrans
[2024-11-03T16:40:57.779536-0700]     6.6875 MB /   0.50 sec =  112.1822 Mbps     0 retrans
[2024-11-03T16:40:58.280893-0700]     1.0625 MB /   0.50 sec =   17.7785 Mbps     0 retrans
[2024-11-03T16:40:58.779396-0700]     9.8125 MB /   0.50 sec =  165.0956 Mbps     0 retrans
[2024-11-03T16:40:59.279445-0700]     7.3125 MB /   0.50 sec =  122.6807 Mbps     0 retrans
[2024-11-03T16:40:59.780781-0700]     3.7500 MB /   0.50 sec =   62.7580 Mbps     0 retrans
[2024-11-03T16:41:00.279467-0700]     3.0000 MB /   0.50 sec =   50.4545 Mbps     0 retrans
[2024-11-03T16:41:00.779374-0700]     6.9375 MB /   0.50 sec =  116.4019 Mbps     0 retrans
[2024-11-03T16:41:01.279463-0700]     8.3125 MB /   0.50 sec =  139.4464 Mbps     0 retrans
[2024-11-03T16:41:01.780751-0700]     8.6875 MB /   0.50 sec =  145.6428 Mbps     0 retrans
[2024-11-03T16:41:02.281215-0700]     6.5625 MB /   0.50 sec =  109.8224 Mbps     0 retrans
[2024-11-03T16:41:02.779437-0700]     8.5000 MB /   0.50 sec =  143.0880 Mbps     0 retrans
[2024-11-03T16:41:03.279800-0700]     6.3125 MB /   0.50 sec =  105.8251 Mbps     0 retrans
[2024-11-03T16:41:03.779853-0700]     8.6250 MB /   0.50 sec =  144.8188 Mbps     0 retrans
[2024-11-03T16:41:04.279435-0700]     8.0000 MB /   0.50 sec =  134.2153 Mbps     0 retrans
[2024-11-03T16:41:04.779494-0700]     2.6250 MB /   0.50 sec =   44.0362 Mbps     0 retrans
[2024-11-03T16:41:05.280264-0700]     3.3750 MB /   0.50 sec =   56.5766 Mbps     0 retrans
[2024-11-03T16:41:05.779924-0700]     3.6250 MB /   0.50 sec =   60.8162 Mbps     0 retrans
[2024-11-03T16:41:06.279910-0700]     3.8750 MB /   0.50 sec =   65.0728 Mbps     0 retrans
[2024-11-03T16:41:06.779493-0700]     6.1875 MB /   0.50 sec =  103.8030 Mbps     0 retrans
[2024-11-03T16:41:07.279457-0700]     5.1250 MB /   0.50 sec =   85.9831 Mbps     0 retrans
[2024-11-03T16:41:07.779362-0700]     9.0000 MB /   0.50 sec =  151.0088 Mbps     0 retrans
[2024-11-03T16:41:08.280417-0700]     9.0625 MB /   0.50 sec =  151.8862 Mbps     0 retrans
[2024-11-03T16:41:08.779429-0700]     3.1875 MB /   0.50 sec =   53.5227 Mbps     0 retrans
[2024-11-03T16:41:09.279835-0700]     5.8750 MB /   0.50 sec =   98.5782 Mbps     0 retrans
[2024-11-03T16:41:09.788969-0700]     0.0625 MB /   0.51 sec =    1.0300 Mbps     0 retrans
[2024-11-03T16:41:10.280471-0700]     5.8125 MB /   0.49 sec =   99.2285 Mbps     0 retrans
[2024-11-03T16:41:10.779431-0700]     5.8750 MB /   0.50 sec =   98.6543 Mbps     0 retrans
[2024-11-03T16:41:11.280363-0700]     6.6875 MB /   0.50 sec =  112.0961 Mbps     0 retrans
[2024-11-03T16:41:11.779448-0700]     7.4375 MB /   0.50 sec =  124.8877 Mbps     0 retrans
[2024-11-03T16:41:12.279481-0700]     5.3125 MB /   0.50 sec =   89.1184 Mbps     0 retrans
[2024-11-03T16:41:12.779614-0700]     5.8750 MB /   0.50 sec =   98.5813 Mbps     0 retrans
[2024-11-03T16:41:13.282095-0700]     6.3125 MB /   0.50 sec =  105.5503 Mbps     0 retrans
[2024-11-03T16:41:13.780092-0700]     1.6875 MB /   0.50 sec =   28.4055 Mbps     0 retrans
[2024-11-03T16:41:14.280748-0700]     5.0000 MB /   0.50 sec =   83.6797 Mbps     0 retrans
[2024-11-03T16:41:14.779432-0700]     3.9375 MB /   0.50 sec =   66.2264 Mbps     0 retrans
[2024-11-03T16:41:15.279536-0700]     5.3125 MB /   0.50 sec =   89.1088 Mbps     0 retrans
[2024-11-03T16:41:15.779836-0700]     6.8750 MB /   0.50 sec =  115.3699 Mbps     0 retrans
[2024-11-03T16:41:16.281704-0700]     4.4375 MB /   0.50 sec =   74.2603 Mbps     0 retrans
[2024-11-03T16:41:16.779946-0700]     3.6250 MB /   0.50 sec =   60.9680 Mbps     0 retrans
[2024-11-03T16:41:17.281980-0700]     4.3125 MB /   0.50 sec =   72.0710 Mbps     0 retrans
[2024-11-03T16:41:17.779339-0700]     2.6250 MB /   0.50 sec =   44.2142 Mbps     0 retrans
[2024-11-03T16:41:18.280439-0700]     2.1875 MB /   0.50 sec =   36.6649 Mbps     0 retrans
[2024-11-03T16:41:18.779957-0700]     4.0625 MB /   0.50 sec =   68.1561 Mbps     0 retrans
[2024-11-03T16:41:19.280486-0700]     3.4375 MB /   0.50 sec =   57.6753 Mbps     0 retrans
[2024-11-03T16:41:19.779451-0700]     3.3750 MB /   0.50 sec =   56.6737 Mbps     0 retrans
[2024-11-03T16:41:20.279467-0700]     4.0000 MB /   0.50 sec =   67.1126 Mbps     0 retrans
[2024-11-03T16:41:20.781327-0700]     2.5625 MB /   0.50 sec =   42.8399 Mbps     0 retrans
[2024-11-03T16:41:21.279438-0700]     3.3750 MB /   0.50 sec =   56.8238 Mbps     0 retrans
[2024-11-03T16:41:21.779473-0700]     4.1875 MB /   0.50 sec =   70.2518 Mbps     0 retrans
[2024-11-03T16:41:22.279816-0700]     1.0000 MB /   0.50 sec =   16.7669 Mbps     0 retrans
[2024-11-03T16:41:22.779677-0700]     4.6875 MB /   0.50 sec =   78.6958 Mbps     0 retrans
[2024-11-03T16:41:23.280509-0700]     4.1250 MB /   0.50 sec =   69.1319 Mbps     0 retrans
[2024-11-03T16:41:23.779669-0700]     4.8125 MB /   0.50 sec =   80.8270 Mbps     0 retrans
[2024-11-03T16:41:24.279904-0700]     5.1875 MB /   0.50 sec =   86.9502 Mbps     0 retrans
[2024-11-03T16:41:24.779723-0700]     6.0000 MB /   0.50 sec =  100.7411 Mbps     0 retrans
[2024-11-03T16:41:25.281669-0700]     4.5000 MB /   0.50 sec =   75.2580 Mbps     0 retrans
End time: 1730677285527
