Start time: 1730922594854
[2024-11-06T14:49:55.802379-0500] nuttcp-t: v8.1.4: socket
[2024-11-06T14:49:55.802968-0500] nuttcp-t: buflen=65536, nstream=1, port=5101 tcp -> 54.197.223.49
[2024-11-06T14:49:55.803026-0500] nuttcp-t: time limit = 120.00 seconds
[2024-11-06T14:49:55.803067-0500] nuttcp-t: connect to 54.197.223.49 with mss=1376, RTT=44.706 ms af=inet
[2024-11-06T14:49:55.803106-0500] nuttcp-t: send window size = 2097152, receive window size = 6291456
[2024-11-06T14:49:55.803147-0500] nuttcp-t: available send window = 1572864, available receive window = 4718592
[2024-11-06T14:49:55.803184-0500] nuttcp-t: initial congestion window = 13 KB (10 packets)
[2024-11-06T14:49:55.803220-0500] nuttcp-r: v8.1.4: socket
[2024-11-06T14:49:55.803255-0500] nuttcp-r: buflen=65536, nstream=1, port=5101 tcp
[2024-11-06T14:49:55.803290-0500] nuttcp-r: interval reporting every 0.50 seconds
[2024-11-06T14:49:55.803326-0500] nuttcp-r: accept from 174.219.213.129 with af=inet
[2024-11-06T14:49:55.803368-0500] nuttcp-r: send window size = 450000000, receive window size = 450000000
[2024-11-06T14:49:55.803405-0500] nuttcp-r: available send window = 225000000, available receive window = 225000000
[2024-11-06T14:49:55.803441-0500]     1.0625 MB /   0.50 sec =   17.8250 Mbps     0 retrans   1431 KB-cwnd
[2024-11-06T14:49:56.526452-0500]     1.6875 MB /   0.50 sec =   28.3116 Mbps     0 retrans   1703 KB-cwnd
[2024-11-06T14:49:57.124537-0500]     2.0000 MB /   0.50 sec =   33.5539 Mbps     0 retrans   1703 KB-cwnd
[2024-11-06T14:49:57.841848-0500]     2.1250 MB /   0.50 sec =   35.6515 Mbps     0 retrans   1703 KB-cwnd
[2024-11-06T14:49:57.841971-0500]     1.8750 MB /   0.50 sec =   31.4567 Mbps     0 retrans   1703 KB-cwnd
[2024-11-06T14:49:58.756570-0500]     1.7500 MB /   0.50 sec =   29.3604 Mbps     0 retrans   1969 KB-cwnd
[2024-11-06T14:49:58.757188-0500]     1.2500 MB /   0.50 sec =   20.9723 Mbps     0 retrans   1969 KB-cwnd
[2024-11-06T14:49:59.574511-0500]     1.6250 MB /   0.50 sec =   27.2624 Mbps     0 retrans   1969 KB-cwnd
[2024-11-06T14:50:00.344175-0500]     1.6250 MB /   0.50 sec =   27.2637 Mbps     0 retrans   1969 KB-cwnd
[2024-11-06T14:50:00.344610-0500]     1.6875 MB /   0.50 sec =   28.3113 Mbps     0 retrans   1969 KB-cwnd
[2024-11-06T14:50:01.030333-0500]     2.1250 MB /   0.50 sec =   35.6525 Mbps     0 retrans   1969 KB-cwnd
[2024-11-06T14:50:01.887357-0500]     1.6250 MB /   0.50 sec =   27.2618 Mbps     0 retrans   1969 KB-cwnd
[2024-11-06T14:50:01.887859-0500]     1.6250 MB /   0.50 sec =   27.2637 Mbps     0 retrans   1969 KB-cwnd
[2024-11-06T14:50:02.648899-0500]     1.6250 MB /   0.50 sec =   27.2631 Mbps     0 retrans   1969 KB-cwnd
[2024-11-06T14:50:03.487534-0500]     1.7500 MB /   0.50 sec =   29.3592 Mbps     0 retrans   1969 KB-cwnd
[2024-11-06T14:50:03.487706-0500]     1.6250 MB /   0.50 sec =   27.2640 Mbps     0 retrans   1969 KB-cwnd
[2024-11-06T14:50:04.314346-0500]     1.5625 MB /   0.50 sec =   26.2054 Mbps     0 retrans   1969 KB-cwnd
[2024-11-06T14:50:04.314725-0500]     1.5625 MB /   0.50 sec =   26.2223 Mbps     0 retrans   1969 KB-cwnd
[2024-11-06T14:50:05.076223-0500]     1.6875 MB /   0.50 sec =   28.3118 Mbps     0 retrans   1969 KB-cwnd
[2024-11-06T14:50:05.708118-0500]     1.8750 MB /   0.50 sec =   31.4576 Mbps     0 retrans   1969 KB-cwnd
[2024-11-06T14:50:05.708576-0500]     2.1250 MB /   0.50 sec =   35.6514 Mbps     0 retrans   1969 KB-cwnd
[2024-11-06T14:50:06.286243-0500]     2.3750 MB /   0.50 sec =   39.8442 Mbps     0 retrans   1969 KB-cwnd
[2024-11-06T14:50:06.898400-0500]     2.1250 MB /   0.50 sec =   35.6497 Mbps     0 retrans   1969 KB-cwnd
[2024-11-06T14:50:07.576562-0500]     2.1250 MB /   0.50 sec =   35.6549 Mbps     0 retrans   1969 KB-cwnd
[2024-11-06T14:50:08.278565-0500]     1.8125 MB /   0.50 sec =   30.4090 Mbps     0 retrans   1969 KB-cwnd
[2024-11-06T14:50:08.279013-0500]     2.0000 MB /   0.50 sec =   33.5545 Mbps     0 retrans   1969 KB-cwnd
[2024-11-06T14:50:08.980209-0500]     1.8125 MB /   0.50 sec =   30.4086 Mbps     0 retrans   1969 KB-cwnd
[2024-11-06T14:50:09.708597-0500]     1.8750 MB /   0.50 sec =   31.4568 Mbps     0 retrans   1969 KB-cwnd
[2024-11-06T14:50:09.709427-0500]     1.8750 MB /   0.50 sec =   31.4565 Mbps     0 retrans   1969 KB-cwnd
[2024-11-06T14:50:10.416524-0500]     1.9375 MB /   0.50 sec =   32.5070 Mbps     0 retrans   1969 KB-cwnd
[2024-11-06T14:50:11.274247-0500]     1.6875 MB /   0.50 sec =   28.3100 Mbps     0 retrans   1969 KB-cwnd
[2024-11-06T14:50:11.274425-0500]     1.4375 MB /   0.50 sec =   24.1189 Mbps     0 retrans   1969 KB-cwnd
[2024-11-06T14:50:12.038317-0500]     1.8750 MB /   0.50 sec =   31.4563 Mbps     0 retrans   1969 KB-cwnd
[2024-11-06T14:50:12.772600-0500]     1.6250 MB /   0.50 sec =   27.2547 Mbps     0 retrans   1969 KB-cwnd
[2024-11-06T14:50:12.773275-0500]     1.8125 MB /   0.50 sec =   30.4187 Mbps     0 retrans   1969 KB-cwnd
[2024-11-06T14:50:13.616310-0500]     1.6250 MB /   0.50 sec =   27.2604 Mbps     0 retrans   1969 KB-cwnd
[2024-11-06T14:50:14.410617-0500]     1.5625 MB /   0.50 sec =   26.2167 Mbps     0 retrans   1969 KB-cwnd
[2024-11-06T14:50:14.411316-0500]     1.7500 MB /   0.50 sec =   29.3605 Mbps     0 retrans   1969 KB-cwnd
[2024-11-06T14:50:15.312274-0500]     1.5625 MB /   0.50 sec =   26.2138 Mbps     0 retrans   1969 KB-cwnd
[2024-11-06T14:50:15.312721-0500]     1.4375 MB /   0.50 sec =   24.1174 Mbps     0 retrans   1969 KB-cwnd
[2024-11-06T14:50:16.152304-0500]     1.3125 MB /   0.50 sec =   22.0206 Mbps     0 retrans   1969 KB-cwnd
[2024-11-06T14:50:16.964381-0500]     1.8125 MB /   0.50 sec =   30.4086 Mbps     0 retrans   1969 KB-cwnd
[2024-11-06T14:50:16.964850-0500]     1.6250 MB /   0.50 sec =   27.2628 Mbps     0 retrans   1969 KB-cwnd
[2024-11-06T14:50:17.750142-0500]     1.6875 MB /   0.50 sec =   28.2017 Mbps     0 retrans   1969 KB-cwnd
[2024-11-06T14:50:17.750451-0500]     1.7500 MB /   0.50 sec =   29.4724 Mbps     0 retrans   1969 KB-cwnd
[2024-11-06T14:50:18.694689-0500]     1.6250 MB /   0.50 sec =   27.2651 Mbps     0 retrans   1969 KB-cwnd
[2024-11-06T14:50:18.695233-0500]     1.2500 MB /   0.50 sec =   20.9712 Mbps     0 retrans   1969 KB-cwnd
[2024-11-06T14:50:19.842639-0500]     1.2500 MB /   0.50 sec =   20.9719 Mbps     0 retrans   1969 KB-cwnd
[2024-11-06T14:50:19.842995-0500]     1.0000 MB /   0.50 sec =   16.7751 Mbps     0 retrans   1969 KB-cwnd
[2024-11-06T14:50:20.800101-0500]     1.3125 MB /   0.50 sec =   22.0230 Mbps     0 retrans   1969 KB-cwnd
[2024-11-06T14:50:20.800594-0500]     1.4375 MB /   0.50 sec =   24.1168 Mbps     0 retrans   1969 KB-cwnd
[2024-11-06T14:50:21.524491-0500]     1.6875 MB /   0.50 sec =   28.3113 Mbps     0 retrans   1969 KB-cwnd
[2024-11-06T14:50:22.418326-0500]     1.7500 MB /   0.50 sec =   29.3604 Mbps     0 retrans   1969 KB-cwnd
[2024-11-06T14:50:22.418516-0500]     1.5625 MB /   0.50 sec =   26.2146 Mbps     0 retrans   1969 KB-cwnd
[2024-11-06T14:50:23.240914-0500]     1.5625 MB /   0.50 sec =   26.2070 Mbps     0 retrans   1969 KB-cwnd
[2024-11-06T14:50:23.241364-0500]     1.6250 MB /   0.50 sec =   27.2674 Mbps     0 retrans   1969 KB-cwnd
[2024-11-06T14:50:24.090203-0500]     1.6250 MB /   0.50 sec =   27.2664 Mbps     0 retrans   1969 KB-cwnd
[2024-11-06T14:50:24.992424-0500]     1.5625 MB /   0.50 sec =   26.2143 Mbps     0 retrans   1969 KB-cwnd
[2024-11-06T14:50:24.992721-0500]     1.3750 MB /   0.50 sec =   23.0686 Mbps     0 retrans   1969 KB-cwnd
[2024-11-06T14:50:26.048246-0500]     1.3750 MB /   0.50 sec =   23.0636 Mbps     0 retrans   1969 KB-cwnd
[2024-11-06T14:50:26.048449-0500]     1.1875 MB /   0.50 sec =   19.9267 Mbps     0 retrans   1969 KB-cwnd
[2024-11-06T14:50:27.086354-0500]     1.3750 MB /   0.50 sec =   23.0694 Mbps     0 retrans   1969 KB-cwnd
[2024-11-06T14:50:27.086877-0500]     1.3125 MB /   0.50 sec =   22.0197 Mbps     0 retrans   1969 KB-cwnd
[2024-11-06T14:50:28.314356-0500]     1.1875 MB /   0.50 sec =   19.9231 Mbps     0 retrans   1969 KB-cwnd
[2024-11-06T14:50:28.314897-0500]     1.1250 MB /   0.50 sec =   18.8746 Mbps     0 retrans   1969 KB-cwnd
[2024-11-06T14:50:28.315118-0500]     1.0625 MB /   0.50 sec =   17.8259 Mbps     0 retrans   1969 KB-cwnd
[2024-11-06T14:50:29.596576-0500]     0.9375 MB /   0.50 sec =   15.7288 Mbps     0 retrans   1969 KB-cwnd
[2024-11-06T14:50:29.597003-0500]     1.1250 MB /   0.50 sec =   18.8742 Mbps     0 retrans   1969 KB-cwnd
[2024-11-06T14:50:31.038393-0500]     1.0625 MB /   0.50 sec =   17.8259 Mbps     0 retrans   1969 KB-cwnd
[2024-11-06T14:50:31.038811-0500]     0.8125 MB /   0.50 sec =   13.6313 Mbps     0 retrans   1969 KB-cwnd
[2024-11-06T14:50:31.039033-0500]     0.8750 MB /   0.50 sec =   14.6802 Mbps     0 retrans   1969 KB-cwnd
[2024-11-06T14:50:34.860775-0500]     1.0000 MB /   0.50 sec =   16.7770 Mbps   722 retrans    149 KB-cwnd
[2024-11-06T14:50:34.861327-0500]     0.0000 MB /   0.50 sec =    0.0000 Mbps     0 retrans    149 KB-cwnd
[2024-11-06T14:50:34.861471-0500]     0.5625 MB /   0.50 sec =    9.4368 Mbps     0 retrans    149 KB-cwnd
[2024-11-06T14:50:34.861583-0500]     0.5000 MB /   0.50 sec =    8.3884 Mbps     0 retrans    149 KB-cwnd
[2024-11-06T14:50:34.861686-0500]     0.0000 MB /   0.50 sec =    0.0000 Mbps     0 retrans    149 KB-cwnd
[2024-11-06T14:50:34.861792-0500]     0.8125 MB /   0.50 sec =   13.6319 Mbps     0 retrans    149 KB-cwnd
[2024-11-06T14:50:34.861890-0500]     0.2500 MB /   0.50 sec =    4.1943 Mbps     0 retrans    149 KB-cwnd
[2024-11-06T14:50:34.861990-0500]     0.0000 MB /   0.50 sec =    0.0000 Mbps     0 retrans    149 KB-cwnd
[2024-11-06T14:50:36.022401-0500]     0.5625 MB /   0.50 sec =    9.4436 Mbps    11 retrans   1237 KB-cwnd
[2024-11-06T14:50:36.022623-0500]     1.7500 MB /   0.50 sec =   29.3601 Mbps     0 retrans   1237 KB-cwnd
[2024-11-06T14:50:36.660463-0500]     1.4375 MB /   0.50 sec =   24.1169 Mbps     0 retrans   1484 KB-cwnd
[2024-11-06T14:50:37.382638-0500]     2.2500 MB /   0.50 sec =   37.7490 Mbps     0 retrans   1706 KB-cwnd
[2024-11-06T14:50:37.383212-0500]     1.8750 MB /   0.50 sec =   31.4568 Mbps     0 retrans   1706 KB-cwnd
[2024-11-06T14:50:38.483302-0500]     1.8125 MB /   0.50 sec =   30.4091 Mbps     0 retrans   1988 KB-cwnd
[2024-11-06T14:50:38.483739-0500]     1.1250 MB /   0.50 sec =   18.8733 Mbps     0 retrans   1991 KB-cwnd
[2024-11-06T14:50:39.284959-0500]     2.1875 MB /   0.50 sec =   36.7032 Mbps     0 retrans   2199 KB-cwnd
[2024-11-06T14:50:39.285532-0500]     1.6250 MB /   0.50 sec =   27.2619 Mbps     0 retrans   2199 KB-cwnd
[2024-11-06T14:50:40.508432-0500]     1.1875 MB /   0.50 sec =   19.9233 Mbps     0 retrans   2336 KB-cwnd
[2024-11-06T14:50:40.508924-0500]     1.0625 MB /   0.50 sec =   17.8256 Mbps     0 retrans   2336 KB-cwnd
[2024-11-06T14:50:41.779086-0500]     1.3750 MB /   0.50 sec =   23.0689 Mbps    20 retrans   1944 KB-cwnd
[2024-11-06T14:50:41.779666-0500]     1.4375 MB /   0.50 sec =   24.1165 Mbps     0 retrans   1944 KB-cwnd
[2024-11-06T14:50:41.779931-0500]     0.2500 MB /   0.50 sec =    4.1943 Mbps     0 retrans   1944 KB-cwnd
[2024-11-06T14:50:42.339351-0500]     4.2500 MB /   0.50 sec =   71.3072 Mbps     0 retrans   2090 KB-cwnd
[2024-11-06T14:50:43.036296-0500]     1.9375 MB /   0.50 sec =   32.5049 Mbps     0 retrans   2242 KB-cwnd
[2024-11-06T14:50:43.700610-0500]     2.0625 MB /   0.50 sec =   34.6027 Mbps     0 retrans   2377 KB-cwnd
[2024-11-06T14:50:43.701316-0500]     2.0000 MB /   0.50 sec =   33.5495 Mbps     0 retrans   2377 KB-cwnd
[2024-11-06T14:50:44.368619-0500]     2.0625 MB /   0.50 sec =   34.6056 Mbps     0 retrans   2417 KB-cwnd
[2024-11-06T14:50:44.930585-0500]     2.3125 MB /   0.50 sec =   38.8003 Mbps     0 retrans   2422 KB-cwnd
[2024-11-06T14:50:45.518345-0500]     2.3125 MB /   0.50 sec =   38.7977 Mbps     0 retrans   2424 KB-cwnd
[2024-11-06T14:50:45.962804-0500]     1.6250 MB /   0.50 sec =   27.2623 Mbps     1 retrans   1951 KB-cwnd
[2024-11-06T14:50:46.324690-0500]     3.1250 MB /   0.50 sec =   52.4289 Mbps     1 retrans   1616 KB-cwnd
[2024-11-06T14:50:46.746104-0500]     4.5625 MB /   0.50 sec =   76.5488 Mbps     0 retrans   1784 KB-cwnd
[2024-11-06T14:50:47.236419-0500]     2.6875 MB /   0.50 sec =   45.0881 Mbps     0 retrans   1796 KB-cwnd
[2024-11-06T14:50:47.760560-0500]     2.6250 MB /   0.50 sec =   44.0411 Mbps     0 retrans   1797 KB-cwnd
[2024-11-06T14:50:48.316553-0500]     2.4375 MB /   0.50 sec =   40.8945 Mbps     0 retrans   1800 KB-cwnd
[2024-11-06T14:50:48.794531-0500]     2.3750 MB /   0.50 sec =   39.8453 Mbps     0 retrans   1803 KB-cwnd
[2024-11-06T14:50:49.421854-0500]     2.5625 MB /   0.50 sec =   42.9863 Mbps     0 retrans   1806 KB-cwnd
[2024-11-06T14:50:50.094168-0500]     2.0000 MB /   0.50 sec =   33.5585 Mbps     0 retrans   1807 KB-cwnd
[2024-11-06T14:50:50.735558-0500]     1.8750 MB /   0.50 sec =   31.4563 Mbps     0 retrans   1814 KB-cwnd
[2024-11-06T14:50:50.735968-0500]     2.1875 MB /   0.50 sec =   36.7005 Mbps     0 retrans   1814 KB-cwnd
[2024-11-06T14:50:51.407069-0500]     2.0625 MB /   0.50 sec =   34.5404 Mbps     0 retrans   1892 KB-cwnd
[2024-11-06T14:50:52.216392-0500]     1.6875 MB /   0.50 sec =   28.3629 Mbps     0 retrans   2034 KB-cwnd
[2024-11-06T14:50:52.216598-0500]     1.6875 MB /   0.50 sec =   28.2762 Mbps     0 retrans   2034 KB-cwnd
[2024-11-06T14:50:53.358397-0500]     1.1250 MB /   0.50 sec =   18.8983 Mbps     0 retrans   2178 KB-cwnd
[2024-11-06T14:50:53.358566-0500]     1.2500 MB /   0.50 sec =   20.9696 Mbps     0 retrans   2178 KB-cwnd
[2024-11-06T14:50:54.422037-0500]     1.0625 MB /   0.50 sec =   17.8276 Mbps     0 retrans   2305 KB-cwnd
[2024-11-06T14:50:54.422337-0500]     1.2500 MB /   0.50 sec =   20.9715 Mbps     0 retrans   2305 KB-cwnd
[2024-11-06T14:50:55.690050-0500]     1.6875 MB /   0.50 sec =   28.3117 Mbps     2 retrans   1861 KB-cwnd
[2024-11-06T14:50:55.690410-0500]     0.6250 MB /   0.50 sec =   10.4476 Mbps     0 retrans   1861 KB-cwnd
[2024-11-06T14:50:56.229149-0500]     1.7500 MB /   0.50 sec =   29.4677 Mbps     0 retrans   1913 KB-cwnd
[2024-11-06T14:50:56.229620-0500]     2.5625 MB /   0.50 sec =   42.9906 Mbps     0 retrans   1913 KB-cwnd
[2024-11-06T14:50:56.846732-0500]     2.3125 MB /   0.50 sec =   38.7963 Mbps     0 retrans   2051 KB-cwnd
[2024-11-06T14:50:58.201260-0500]     1.3750 MB /   0.50 sec =   23.0700 Mbps     1 retrans   2221 KB-cwnd
[2024-11-06T14:50:58.201599-0500]     0.6875 MB /   0.50 sec =   11.5343 Mbps     0 retrans   2221 KB-cwnd
[2024-11-06T14:50:58.201726-0500]     1.0625 MB /   0.50 sec =   17.8256 Mbps     0 retrans   2221 KB-cwnd
[2024-11-06T14:50:59.601391-0500]     1.3750 MB /   0.50 sec =   23.0686 Mbps     0 retrans   2356 KB-cwnd
[2024-11-06T14:50:59.601802-0500]     0.8750 MB /   0.50 sec =   14.6795 Mbps     0 retrans   2356 KB-cwnd
[2024-11-06T14:51:01.874591-0500]     0.9375 MB /   0.50 sec =   15.7290 Mbps     9 retrans   1980 KB-cwnd
[2024-11-06T14:51:01.875145-0500]     0.9375 MB /   0.50 sec =   15.7226 Mbps     0 retrans   1980 KB-cwnd
[2024-11-06T14:51:01.875399-0500]     1.1250 MB /   0.50 sec =   18.8815 Mbps     0 retrans   1980 KB-cwnd
[2024-11-06T14:51:01.875617-0500]     0.0000 MB /   0.50 sec =    0.0000 Mbps     0 retrans   1980 KB-cwnd
[2024-11-06T14:51:01.875813-0500]     0.0000 MB /   0.50 sec =    0.0000 Mbps     0 retrans   1980 KB-cwnd
[2024-11-06T14:51:02.924981-0500]     2.9375 MB /   0.50 sec =   49.2818 Mbps     4 retrans   2116 KB-cwnd
[2024-11-06T14:51:02.925721-0500]     1.2500 MB /   0.50 sec =   20.9719 Mbps     0 retrans   2116 KB-cwnd
[2024-11-06T14:51:04.227520-0500]     1.3750 MB /   0.50 sec =   23.0685 Mbps     0 retrans   1707 KB-cwnd
[2024-11-06T14:51:04.228036-0500]     0.8750 MB /   0.50 sec =   14.6804 Mbps     0 retrans   1707 KB-cwnd
[2024-11-06T14:51:04.228202-0500]     1.1875 MB /   0.50 sec =   19.9228 Mbps     0 retrans   1707 KB-cwnd
[2024-11-06T14:51:05.553599-0500]     1.0000 MB /   0.50 sec =   16.7772 Mbps     9 retrans   1371 KB-cwnd
[2024-11-06T14:51:05.554097-0500]     0.1875 MB /   0.50 sec =    3.1457 Mbps     0 retrans   1371 KB-cwnd
[2024-11-06T14:51:06.921473-0500]     1.5625 MB /   0.50 sec =   26.2146 Mbps    13 retrans   1100 KB-cwnd
[2024-11-06T14:51:06.921995-0500]     0.7500 MB /   0.50 sec =   12.5809 Mbps     0 retrans   1100 KB-cwnd
[2024-11-06T14:51:06.922304-0500]     1.4375 MB /   0.50 sec =   24.1206 Mbps     0 retrans   1100 KB-cwnd
[2024-11-06T14:51:08.104875-0500]     1.0625 MB /   0.50 sec =   17.8263 Mbps     0 retrans   1100 KB-cwnd
[2024-11-06T14:51:08.105284-0500]     1.0625 MB /   0.50 sec =   17.8119 Mbps     0 retrans   1100 KB-cwnd
[2024-11-06T14:51:09.179116-0500]     1.2500 MB /   0.50 sec =   20.9876 Mbps     0 retrans   1373 KB-cwnd
[2024-11-06T14:51:09.179630-0500]     1.1250 MB /   0.50 sec =   18.8744 Mbps     0 retrans   1373 KB-cwnd
[2024-11-06T14:51:10.346770-0500]     1.5000 MB /   0.50 sec =   25.1661 Mbps     6 retrans   1100 KB-cwnd
[2024-11-06T14:51:10.347008-0500]     1.3125 MB /   0.50 sec =   22.0190 Mbps     0 retrans   1100 KB-cwnd
[2024-11-06T14:51:10.347060-0500]     0.3750 MB /   0.50 sec =    6.2913 Mbps     0 retrans   1100 KB-cwnd
[2024-11-06T14:51:11.451349-0500]     2.1250 MB /   0.50 sec =   35.6541 Mbps     0 retrans   1103 KB-cwnd
[2024-11-06T14:51:11.451713-0500]     1.2500 MB /   0.50 sec =   20.9710 Mbps     0 retrans   1103 KB-cwnd
[2024-11-06T14:51:12.546847-0500]     1.1875 MB /   0.50 sec =   19.9232 Mbps     0 retrans   1103 KB-cwnd
[2024-11-06T14:51:12.547206-0500]     1.2500 MB /   0.50 sec =   20.9718 Mbps     0 retrans   1103 KB-cwnd
[2024-11-06T14:51:13.733092-0500]     1.2500 MB /   0.50 sec =   20.9709 Mbps     0 retrans   1103 KB-cwnd
[2024-11-06T14:51:13.733756-0500]     1.1250 MB /   0.50 sec =   18.8744 Mbps     0 retrans   1103 KB-cwnd
[2024-11-06T14:51:13.734036-0500]     1.0625 MB /   0.50 sec =   17.8265 Mbps     0 retrans   1103 KB-cwnd
[2024-11-06T14:51:15.066455-0500]     1.1875 MB /   0.50 sec =   19.9217 Mbps     0 retrans   1103 KB-cwnd
[2024-11-06T14:51:15.066831-0500]     0.8750 MB /   0.50 sec =   14.6803 Mbps     0 retrans   1103 KB-cwnd
[2024-11-06T14:51:16.233146-0500]     0.9375 MB /   0.50 sec =   15.7290 Mbps     0 retrans   1103 KB-cwnd
[2024-11-06T14:51:16.233691-0500]     1.2500 MB /   0.50 sec =   20.9698 Mbps     0 retrans   1103 KB-cwnd
[2024-11-06T14:51:16.233949-0500]     1.1250 MB /   0.50 sec =   18.8751 Mbps     0 retrans   1103 KB-cwnd
[2024-11-06T14:51:17.377038-0500]     0.8750 MB /   0.50 sec =   14.6804 Mbps     0 retrans   1103 KB-cwnd
[2024-11-06T14:51:17.377403-0500]     1.3750 MB /   0.50 sec =   23.0695 Mbps     0 retrans   1103 KB-cwnd
[2024-11-06T14:51:18.673810-0500]     1.1875 MB /   0.50 sec =   19.9225 Mbps     0 retrans   1103 KB-cwnd
[2024-11-06T14:51:18.674020-0500]     0.9375 MB /   0.50 sec =   15.7250 Mbps     0 retrans   1103 KB-cwnd
[2024-11-06T14:51:19.746987-0500]     1.0625 MB /   0.50 sec =   17.8301 Mbps     1 retrans    881 KB-cwnd
[2024-11-06T14:51:19.747420-0500]     0.6875 MB /   0.50 sec =   11.5343 Mbps     0 retrans    881 KB-cwnd
[2024-11-06T14:51:19.747583-0500]     1.7500 MB /   0.50 sec =   29.3595 Mbps     0 retrans    881 KB-cwnd
[2024-11-06T14:51:20.582974-0500]     1.1875 MB /   0.50 sec =   19.9231 Mbps     0 retrans    976 KB-cwnd
[2024-11-06T14:51:21.018757-0500]     2.3125 MB /   0.50 sec =   38.7972 Mbps     0 retrans    984 KB-cwnd
[2024-11-06T14:51:21.833021-0500]     2.6875 MB /   0.50 sec =   45.0896 Mbps     0 retrans    989 KB-cwnd
[2024-11-06T14:51:21.833458-0500]     1.6250 MB /   0.50 sec =   27.2631 Mbps     0 retrans    989 KB-cwnd
[2024-11-06T14:51:23.161000-0500]     1.4375 MB /   0.50 sec =   24.1167 Mbps     9 retrans    795 KB-cwnd
[2024-11-06T14:51:23.161143-0500]     1.3750 MB /   0.50 sec =   23.0691 Mbps     0 retrans    795 KB-cwnd
[2024-11-06T14:51:24.153638-0500]     1.3750 MB /   0.50 sec =   23.0691 Mbps     0 retrans    865 KB-cwnd
[2024-11-06T14:51:24.154034-0500]     1.2500 MB /   0.50 sec =   20.9429 Mbps     0 retrans    865 KB-cwnd
[2024-11-06T14:51:25.428811-0500]     1.1875 MB /   0.50 sec =   19.9502 Mbps     1 retrans    710 KB-cwnd
[2024-11-06T14:51:25.429313-0500]     0.9375 MB /   0.50 sec =   15.7275 Mbps     0 retrans    710 KB-cwnd
[2024-11-06T14:51:25.429544-0500]     1.1875 MB /   0.50 sec =   19.9242 Mbps     0 retrans    710 KB-cwnd
[2024-11-06T14:51:26.265617-0500]     1.1250 MB /   0.50 sec =   18.8714 Mbps     0 retrans    771 KB-cwnd
[2024-11-06T14:51:26.266099-0500]     1.7500 MB /   0.50 sec =   29.3635 Mbps     0 retrans    771 KB-cwnd
[2024-11-06T14:51:26.789964-0500]     2.5000 MB /   0.50 sec =   41.8623 Mbps     0 retrans    776 KB-cwnd
[2024-11-06T14:51:27.369559-0500]     2.5625 MB /   0.50 sec =   43.0756 Mbps     0 retrans    780 KB-cwnd
[2024-11-06T14:51:27.993087-0500]     2.0000 MB /   0.50 sec =   33.5545 Mbps     1 retrans    761 KB-cwnd
[2024-11-06T14:51:28.578684-0500]     2.3750 MB /   0.50 sec =   39.8456 Mbps     0 retrans    772 KB-cwnd
[2024-11-06T14:51:29.184072-0500]     2.1875 MB /   0.50 sec =   36.7014 Mbps     0 retrans    772 KB-cwnd
[2024-11-06T14:51:29.779895-0500]     2.2500 MB /   0.50 sec =   37.7481 Mbps     0 retrans    776 KB-cwnd
[2024-11-06T14:51:29.780452-0500]     2.2500 MB /   0.50 sec =   37.7483 Mbps     0 retrans    776 KB-cwnd
[2024-11-06T14:51:30.419159-0500]     2.3125 MB /   0.50 sec =   38.7977 Mbps     0 retrans    776 KB-cwnd
[2024-11-06T14:51:31.039031-0500]     2.1875 MB /   0.50 sec =   36.7006 Mbps     0 retrans    782 KB-cwnd
[2024-11-06T14:51:31.889202-0500]     1.9375 MB /   0.50 sec =   32.5050 Mbps     0 retrans    782 KB-cwnd
[2024-11-06T14:51:31.889776-0500]     1.5625 MB /   0.50 sec =   26.2140 Mbps     0 retrans    782 KB-cwnd
[2024-11-06T14:51:32.613219-0500]     1.6250 MB /   0.50 sec =   27.2638 Mbps     0 retrans    786 KB-cwnd
[2024-11-06T14:51:33.247292-0500]     2.0000 MB /   0.50 sec =   33.5542 Mbps     0 retrans    976 KB-cwnd
[2024-11-06T14:51:33.247801-0500]     2.1250 MB /   0.50 sec =   35.6512 Mbps     0 retrans    976 KB-cwnd
[2024-11-06T14:51:33.804187-0500]     2.3750 MB /   0.50 sec =   39.8280 Mbps     0 retrans    976 KB-cwnd
[2024-11-06T14:51:34.337437-0500]     2.4375 MB /   0.50 sec =   40.9143 Mbps     0 retrans   1119 KB-cwnd
[2024-11-06T14:51:34.858991-0500]     2.5625 MB /   0.50 sec =   42.9911 Mbps     0 retrans   1119 KB-cwnd
[2024-11-06T14:51:35.821350-0500]     2.4375 MB /   0.50 sec =   40.8941 Mbps    31 retrans    900 KB-cwnd
[2024-11-06T14:51:35.821682-0500]     0.8125 MB /   0.50 sec =   13.6317 Mbps     0 retrans    900 KB-cwnd
[2024-11-06T14:51:36.704174-0500]     2.3125 MB /   0.50 sec =   38.7955 Mbps     0 retrans    995 KB-cwnd
[2024-11-06T14:51:37.286965-0500]     1.4375 MB /   0.50 sec =   24.1184 Mbps     0 retrans   1081 KB-cwnd
[2024-11-06T14:51:37.287325-0500]     2.0625 MB /   0.50 sec =   34.6034 Mbps     0 retrans   1081 KB-cwnd
[2024-11-06T14:51:37.760824-0500]     2.6875 MB /   0.50 sec =   45.0843 Mbps     0 retrans   1081 KB-cwnd
[2024-11-06T14:51:38.298754-0500]     2.6875 MB /   0.50 sec =   45.0922 Mbps     0 retrans   1081 KB-cwnd
[2024-11-06T14:51:38.889784-0500]     1.3750 MB /   0.50 sec =   23.0674 Mbps     1 retrans    924 KB-cwnd
[2024-11-06T14:51:39.359140-0500]     3.5625 MB /   0.50 sec =   59.7727 Mbps     0 retrans    966 KB-cwnd
[2024-11-06T14:51:39.763028-0500]     3.1250 MB /   0.50 sec =   52.4288 Mbps     0 retrans    970 KB-cwnd
[2024-11-06T14:51:40.650879-0500]     3.3125 MB /   0.50 sec =   55.5737 Mbps     0 retrans    975 KB-cwnd
[2024-11-06T14:51:41.219386-0500]     2.7500 MB /   0.50 sec =   46.1381 Mbps     0 retrans    978 KB-cwnd
[2024-11-06T14:51:41.219858-0500]     2.2500 MB /   0.50 sec =   37.7482 Mbps     0 retrans    978 KB-cwnd
[2024-11-06T14:51:42.278801-0500]     1.8125 MB /   0.50 sec =   30.4089 Mbps    12 retrans    787 KB-cwnd
[2024-11-06T14:51:42.278993-0500]     0.3750 MB /   0.50 sec =    6.2913 Mbps     0 retrans    787 KB-cwnd
[2024-11-06T14:51:42.820713-0500]     2.6875 MB /   0.50 sec =   45.0892 Mbps     0 retrans    952 KB-cwnd
[2024-11-06T14:51:43.215069-0500]     3.3125 MB /   0.50 sec =   55.5752 Mbps     0 retrans    952 KB-cwnd
[2024-11-06T14:51:44.133029-0500]     3.8750 MB /   0.50 sec =   65.0117 Mbps    17 retrans    794 KB-cwnd
[2024-11-06T14:51:44.524956-0500]     2.5625 MB /   0.50 sec =   42.9918 Mbps     0 retrans    868 KB-cwnd
[2024-11-06T14:51:44.887923-0500]     3.5000 MB /   0.50 sec =   58.7187 Mbps     0 retrans    873 KB-cwnd
[2024-11-06T14:51:45.354221-0500]     3.3750 MB /   0.50 sec =   56.6237 Mbps     0 retrans    881 KB-cwnd
[2024-11-06T14:51:45.748993-0500]     3.2500 MB /   0.50 sec =   54.5261 Mbps     0 retrans   1092 KB-cwnd
[2024-11-06T14:51:46.462861-0500]     3.8750 MB /   0.50 sec =   65.0133 Mbps     0 retrans   1105 KB-cwnd
[2024-11-06T14:51:46.869234-0500]     3.5000 MB /   0.50 sec =   58.7174 Mbps     0 retrans   1105 KB-cwnd
[2024-11-06T14:51:47.229863-0500]     3.4375 MB /   0.50 sec =   57.6740 Mbps     0 retrans   1105 KB-cwnd
[2024-11-06T14:51:48.048813-0500]     3.5000 MB /   0.50 sec =   58.7201 Mbps     0 retrans   1105 KB-cwnd
[2024-11-06T14:51:48.407482-0500]     3.3750 MB /   0.50 sec =   56.6208 Mbps     0 retrans   1105 KB-cwnd
[2024-11-06T14:51:49.233154-0500]     3.4375 MB /   0.50 sec =   57.6640 Mbps     1 retrans   1973 KB-cwnd
[2024-11-06T14:51:49.233870-0500]     1.0625 MB /   0.50 sec =   17.8287 Mbps     0 retrans   2008 KB-cwnd
[2024-11-06T14:51:49.742685-0500]     2.3750 MB /   0.50 sec =   39.8455 Mbps     0 retrans   2055 KB-cwnd
[2024-11-06T14:51:50.204386-0500]     2.8125 MB /   0.50 sec =   47.1867 Mbps     0 retrans   2055 KB-cwnd
[2024-11-06T14:51:51.186336-0500]     2.8125 MB /   0.50 sec =   47.1840 Mbps     0 retrans   2055 KB-cwnd
[2024-11-06T14:51:51.684437-0500]     2.6875 MB /   0.50 sec =   45.0893 Mbps     0 retrans   2055 KB-cwnd
[2024-11-06T14:51:52.088995-0500]     2.6250 MB /   0.50 sec =   44.0411 Mbps     0 retrans   2055 KB-cwnd
[2024-11-06T14:51:52.812572-0500]     2.8125 MB /   0.50 sec =   47.1856 Mbps    83 retrans   1463 KB-cwnd
[2024-11-06T14:51:52.813070-0500]     2.2500 MB /   0.50 sec =   37.7485 Mbps     0 retrans   1463 KB-cwnd
[2024-11-06T14:51:53.248538-0500]     3.5000 MB /   0.50 sec =   58.7217 Mbps     0 retrans   1523 KB-cwnd
[2024-11-06T14:51:53.698540-0500]     3.0000 MB /   0.50 sec =   50.3309 Mbps     0 retrans   1523 KB-cwnd
[2024-11-06T14:51:54.457360-0500]     3.3750 MB /   0.50 sec =   56.6145 Mbps     0 retrans   1617 KB-cwnd
[2024-11-06T14:51:54.853791-0500]     3.6875 MB /   0.50 sec =   61.8749 Mbps     0 retrans   1627 KB-cwnd
[2024-11-06T14:51:55.192883-0500]     3.3125 MB /   0.50 sec =   55.5743 Mbps     0 retrans   1627 KB-cwnd
[2024-11-06T14:51:55.696474-0500]     2.6875 MB /   0.50 sec =   45.0900 Mbps     0 retrans   1627 KB-cwnd
End time: 1730922715959
