Start time: 1730569749150
[2024-11-02T10:49:09.914683-0700] nuttcp-r: v8.1.4: socket
[2024-11-02T10:49:09.915139-0700] nuttcp-r: buflen=65536, nstream=1, port=5103 tcp
[2024-11-02T10:49:09.915183-0700] nuttcp-r: interval reporting every 0.50 seconds
[2024-11-02T10:49:09.915215-0700] nuttcp-r: connect to 54.176.53.206 with RTT=37.383 ms af=inet
[2024-11-02T10:49:09.915244-0700] nuttcp-r: send window size = 1048576, receive window size = 1048576
[2024-11-02T10:49:09.915269-0700] nuttcp-r: available send window = 786432, available receive window = 786432
[2024-11-02T10:49:09.915295-0700]     1.6250 MB /   0.50 sec =   27.2604 Mbps     0 retrans
[2024-11-02T10:49:10.416578-0700]     3.8750 MB /   0.50 sec =   64.8467 Mbps     0 retrans
[2024-11-02T10:49:10.914715-0700]     2.0625 MB /   0.50 sec =   34.6858 Mbps     0 retrans
[2024-11-02T10:49:11.414715-0700]     3.1875 MB /   0.50 sec =   53.4879 Mbps     0 retrans
[2024-11-02T10:49:11.914992-0700]     7.1250 MB /   0.50 sec =  119.5298 Mbps     0 retrans
[2024-11-02T10:49:12.414638-0700]     5.0000 MB /   0.50 sec =   83.8906 Mbps     0 retrans
[2024-11-02T10:49:12.914959-0700]     5.9375 MB /   0.50 sec =   99.5805 Mbps     0 retrans
[2024-11-02T10:49:13.416906-0700]     7.6875 MB /   0.50 sec =  128.5993 Mbps     0 retrans
[2024-11-02T10:49:13.915261-0700]     7.1250 MB /   0.50 sec =  119.8113 Mbps     0 retrans
[2024-11-02T10:49:14.414738-0700]     9.4375 MB /   0.50 sec =  158.4792 Mbps     0 retrans
[2024-11-02T10:49:14.914823-0700]    10.5000 MB /   0.50 sec =  176.1386 Mbps     0 retrans
[2024-11-02T10:49:15.414774-0700]     8.5625 MB /   0.50 sec =  143.6693 Mbps     0 retrans
[2024-11-02T10:49:15.916108-0700]     4.3125 MB /   0.50 sec =   72.2225 Mbps     0 retrans
[2024-11-02T10:49:16.415271-0700]     6.2500 MB /   0.50 sec =  105.0433 Mbps     0 retrans
[2024-11-02T10:49:16.914916-0700]     7.6250 MB /   0.50 sec =  127.9022 Mbps     0 retrans
[2024-11-02T10:49:17.414803-0700]     9.2500 MB /   0.50 sec =  155.2135 Mbps     0 retrans
[2024-11-02T10:49:17.916864-0700]     7.8125 MB /   0.50 sec =  130.6708 Mbps     0 retrans
[2024-11-02T10:49:18.414726-0700]     7.3750 MB /   0.50 sec =  124.1289 Mbps     0 retrans
[2024-11-02T10:49:18.917830-0700]    11.3750 MB /   0.50 sec =  190.0828 Mbps     0 retrans
[2024-11-02T10:49:19.415040-0700]     9.1875 MB /   0.50 sec =  154.6439 Mbps     0 retrans
[2024-11-02T10:49:19.915349-0700]     9.8125 MB /   0.50 sec =  164.7299 Mbps     0 retrans
[2024-11-02T10:49:20.414812-0700]    10.3750 MB /   0.50 sec =  174.0671 Mbps     0 retrans
[2024-11-02T10:49:20.914753-0700]    10.5625 MB /   0.50 sec =  177.2118 Mbps     0 retrans
[2024-11-02T10:49:21.416106-0700]     6.4375 MB /   0.50 sec =  107.7306 Mbps     0 retrans
[2024-11-02T10:49:21.914795-0700]     6.5000 MB /   0.50 sec =  109.3268 Mbps     0 retrans
[2024-11-02T10:49:22.414767-0700]     7.3750 MB /   0.50 sec =  123.7305 Mbps     0 retrans
[2024-11-02T10:49:22.915210-0700]    10.5625 MB /   0.50 sec =  177.1463 Mbps     0 retrans
[2024-11-02T10:49:23.415122-0700]     6.0625 MB /   0.50 sec =  101.6722 Mbps     0 retrans
[2024-11-02T10:49:23.914972-0700]     7.1875 MB /   0.50 sec =  120.6579 Mbps     0 retrans
[2024-11-02T10:49:24.414672-0700]     7.4375 MB /   0.50 sec =  124.8142 Mbps     0 retrans
[2024-11-02T10:49:24.915102-0700]    11.5625 MB /   0.50 sec =  193.9753 Mbps     0 retrans
[2024-11-02T10:49:25.415238-0700]     7.3750 MB /   0.50 sec =  123.7312 Mbps     0 retrans
[2024-11-02T10:49:25.916599-0700]    10.3750 MB /   0.50 sec =  173.4527 Mbps     0 retrans
[2024-11-02T10:49:26.416119-0700]     9.1250 MB /   0.50 sec =  153.2499 Mbps     0 retrans
[2024-11-02T10:49:26.914917-0700]     4.5625 MB /   0.50 sec =   76.7416 Mbps     0 retrans
[2024-11-02T10:49:27.414745-0700]     1.6250 MB /   0.50 sec =   27.2613 Mbps     0 retrans
[2024-11-02T10:49:27.916885-0700]     5.2500 MB /   0.50 sec =   87.7949 Mbps     0 retrans
[2024-11-02T10:49:28.415106-0700]     6.7500 MB /   0.50 sec =  113.6164 Mbps     0 retrans
[2024-11-02T10:49:28.915136-0700]     6.3750 MB /   0.50 sec =  106.8693 Mbps     0 retrans
[2024-11-02T10:49:29.414708-0700]     7.5625 MB /   0.50 sec =  126.9806 Mbps     0 retrans
[2024-11-02T10:49:29.914744-0700]     4.8750 MB /   0.50 sec =   81.7767 Mbps     0 retrans
[2024-11-02T10:49:30.415188-0700]     8.3750 MB /   0.50 sec =  140.5154 Mbps     0 retrans
[2024-11-02T10:49:30.915149-0700]     8.1875 MB /   0.50 sec =  137.3654 Mbps     0 retrans
[2024-11-02T10:49:31.414883-0700]     7.5625 MB /   0.50 sec =  126.8820 Mbps     0 retrans
[2024-11-02T10:49:31.915590-0700]     8.0000 MB /   0.50 sec =  134.1005 Mbps     0 retrans
[2024-11-02T10:49:32.420233-0700]     5.8750 MB /   0.50 sec =   98.4126 Mbps     0 retrans
[2024-11-02T10:49:32.914998-0700]     9.5625 MB /   0.50 sec =  160.8445 Mbps     0 retrans
[2024-11-02T10:49:33.415535-0700]     8.6250 MB /   0.50 sec =  144.6896 Mbps     0 retrans
[2024-11-02T10:49:33.915204-0700]     8.3125 MB /   0.50 sec =  139.3377 Mbps     0 retrans
[2024-11-02T10:49:34.417244-0700]     5.8125 MB /   0.50 sec =   97.3363 Mbps     0 retrans
[2024-11-02T10:49:34.914746-0700]     6.9375 MB /   0.50 sec =  116.7124 Mbps     0 retrans
[2024-11-02T10:49:35.415157-0700]     5.8750 MB /   0.50 sec =   98.4838 Mbps     0 retrans
[2024-11-02T10:49:35.915899-0700]     6.1250 MB /   0.50 sec =  102.8219 Mbps     0 retrans
[2024-11-02T10:49:36.415447-0700]     6.6875 MB /   0.50 sec =  112.1250 Mbps     0 retrans
[2024-11-02T10:49:36.915260-0700]     7.6875 MB /   0.50 sec =  128.9607 Mbps     0 retrans
[2024-11-02T10:49:37.415196-0700]     4.0000 MB /   0.50 sec =   67.1799 Mbps     0 retrans
[2024-11-02T10:49:37.915713-0700]     7.8125 MB /   0.50 sec =  130.9670 Mbps     0 retrans
[2024-11-02T10:49:38.414761-0700]     9.5000 MB /   0.50 sec =  159.5121 Mbps     0 retrans
[2024-11-02T10:49:38.915569-0700]    10.2500 MB /   0.50 sec =  171.8135 Mbps     0 retrans
[2024-11-02T10:49:39.414631-0700]    12.1250 MB /   0.50 sec =  203.5964 Mbps     0 retrans
[2024-11-02T10:49:39.915402-0700]    11.3750 MB /   0.50 sec =  190.6692 Mbps     0 retrans
[2024-11-02T10:49:40.415115-0700]     8.0000 MB /   0.50 sec =  134.2336 Mbps     0 retrans
[2024-11-02T10:49:40.914803-0700]    11.2500 MB /   0.50 sec =  188.8959 Mbps     0 retrans
[2024-11-02T10:49:41.415145-0700]     4.6875 MB /   0.50 sec =   78.6390 Mbps     0 retrans
[2024-11-02T10:49:41.914701-0700]    14.5000 MB /   0.50 sec =  243.2988 Mbps     0 retrans
[2024-11-02T10:49:42.416054-0700]     2.0000 MB /   0.50 sec =   33.4702 Mbps     0 retrans
[2024-11-02T10:49:42.916001-0700]     2.6875 MB /   0.50 sec =   45.1903 Mbps     0 retrans
[2024-11-02T10:49:43.416135-0700]     8.9375 MB /   0.50 sec =  149.8220 Mbps     0 retrans
[2024-11-02T10:49:43.915916-0700]    10.4375 MB /   0.50 sec =  175.0859 Mbps     0 retrans
[2024-11-02T10:49:44.414650-0700]    10.4375 MB /   0.50 sec =  175.3257 Mbps     0 retrans
[2024-11-02T10:49:44.915249-0700]     5.0625 MB /   0.50 sec =   84.8442 Mbps     0 retrans
[2024-11-02T10:49:45.415138-0700]     9.8750 MB /   0.50 sec =  165.8412 Mbps     0 retrans
[2024-11-02T10:49:45.914750-0700]    10.0000 MB /   0.50 sec =  167.7722 Mbps     0 retrans
[2024-11-02T10:49:46.415205-0700]     6.8750 MB /   0.50 sec =  115.2436 Mbps     0 retrans
[2024-11-02T10:49:46.914786-0700]     5.2500 MB /   0.50 sec =   88.1513 Mbps     0 retrans
[2024-11-02T10:49:47.414929-0700]     8.2500 MB /   0.50 sec =  138.3910 Mbps     0 retrans
[2024-11-02T10:49:47.915646-0700]     8.3125 MB /   0.50 sec =  139.3789 Mbps     0 retrans
[2024-11-02T10:49:48.414786-0700]     5.8750 MB /   0.50 sec =   98.6364 Mbps     0 retrans
[2024-11-02T10:49:48.915715-0700]     3.1250 MB /   0.50 sec =   52.3857 Mbps     0 retrans
[2024-11-02T10:49:49.414633-0700]     7.3750 MB /   0.50 sec =  123.8528 Mbps     0 retrans
[2024-11-02T10:49:49.915389-0700]     6.6875 MB /   0.50 sec =  112.0665 Mbps     0 retrans
[2024-11-02T10:49:50.415218-0700]     8.3125 MB /   0.50 sec =  139.6223 Mbps     0 retrans
[2024-11-02T10:49:50.915173-0700]     7.3750 MB /   0.50 sec =  123.7181 Mbps     0 retrans
[2024-11-02T10:49:51.415755-0700]    11.5000 MB /   0.50 sec =  192.7868 Mbps     0 retrans
[2024-11-02T10:49:51.916597-0700]     7.6250 MB /   0.50 sec =  127.5770 Mbps     0 retrans
[2024-11-02T10:49:52.415124-0700]     3.1250 MB /   0.50 sec =   52.5770 Mbps     0 retrans
[2024-11-02T10:49:52.915380-0700]     3.4375 MB /   0.50 sec =   57.6502 Mbps     0 retrans
[2024-11-02T10:49:53.414742-0700]     3.0625 MB /   0.50 sec =   51.4392 Mbps     0 retrans
[2024-11-02T10:49:53.914660-0700]     5.2500 MB /   0.50 sec =   88.0858 Mbps     0 retrans
[2024-11-02T10:49:54.416440-0700]     5.0625 MB /   0.50 sec =   84.6595 Mbps     0 retrans
[2024-11-02T10:49:54.915469-0700]     5.2500 MB /   0.50 sec =   88.3183 Mbps     0 retrans
[2024-11-02T10:49:55.416512-0700]     5.7500 MB /   0.50 sec =   96.1902 Mbps     0 retrans
[2024-11-02T10:49:55.914648-0700]     7.6250 MB /   0.50 sec =  128.3676 Mbps     0 retrans
[2024-11-02T10:49:56.415220-0700]    11.5625 MB /   0.50 sec =  193.9831 Mbps     0 retrans
[2024-11-02T10:49:56.915409-0700]     7.5000 MB /   0.50 sec =  125.7416 Mbps     0 retrans
[2024-11-02T10:49:57.414757-0700]     3.3125 MB /   0.50 sec =   55.6097 Mbps     0 retrans
[2024-11-02T10:49:57.915031-0700]     4.6250 MB /   0.50 sec =   77.5870 Mbps     0 retrans
[2024-11-02T10:49:58.415099-0700]     8.6875 MB /   0.50 sec =  145.6600 Mbps     0 retrans
[2024-11-02T10:49:58.914761-0700]     9.3125 MB /   0.50 sec =  156.3592 Mbps     0 retrans
[2024-11-02T10:49:59.416179-0700]     4.0000 MB /   0.50 sec =   66.9302 Mbps     0 retrans
[2024-11-02T10:49:59.915315-0700]     8.4375 MB /   0.50 sec =  141.9251 Mbps     0 retrans
[2024-11-02T10:50:00.416304-0700]    10.4375 MB /   0.50 sec =  174.7417 Mbps     0 retrans
[2024-11-02T10:50:00.915627-0700]     9.8750 MB /   0.50 sec =  166.0080 Mbps     0 retrans
[2024-11-02T10:50:01.414756-0700]    10.1250 MB /   0.50 sec =  169.8982 Mbps     0 retrans
[2024-11-02T10:50:01.915394-0700]    11.0000 MB /   0.50 sec =  184.3308 Mbps     0 retrans
[2024-11-02T10:50:02.415084-0700]     8.5000 MB /   0.50 sec =  142.7820 Mbps     0 retrans
[2024-11-02T10:50:02.915024-0700]     4.5000 MB /   0.50 sec =   75.4899 Mbps     0 retrans
[2024-11-02T10:50:03.415177-0700]     5.9375 MB /   0.50 sec =   99.6199 Mbps     0 retrans
[2024-11-02T10:50:03.914753-0700]     8.3125 MB /   0.50 sec =  139.4662 Mbps     0 retrans
[2024-11-02T10:50:04.415014-0700]     5.1875 MB /   0.50 sec =   87.0332 Mbps     0 retrans
[2024-11-02T10:50:04.915893-0700]     9.1875 MB /   0.50 sec =  154.0005 Mbps     0 retrans
[2024-11-02T10:50:05.415052-0700]    10.2500 MB /   0.50 sec =  172.1238 Mbps     0 retrans
[2024-11-02T10:50:05.915180-0700]     6.5625 MB /   0.50 sec =  110.0882 Mbps     0 retrans
[2024-11-02T10:50:06.415233-0700]    11.3125 MB /   0.50 sec =  189.8139 Mbps     0 retrans
[2024-11-02T10:50:06.915050-0700]    12.0000 MB /   0.50 sec =  201.3165 Mbps     0 retrans
[2024-11-02T10:50:07.415744-0700]    12.1250 MB /   0.50 sec =  203.2071 Mbps     0 retrans
[2024-11-02T10:50:07.914724-0700]     7.2500 MB /   0.50 sec =  121.7634 Mbps     0 retrans
[2024-11-02T10:50:08.415097-0700]     7.8750 MB /   0.50 sec =  132.1230 Mbps     0 retrans
[2024-11-02T10:50:08.915371-0700]     9.7500 MB /   0.50 sec =  163.4948 Mbps     0 retrans
[2024-11-02T10:50:09.414804-0700]    10.5625 MB /   0.50 sec =  177.2423 Mbps     0 retrans
[2024-11-02T10:50:09.915268-0700]     6.9375 MB /   0.50 sec =  116.3675 Mbps     0 retrans
[2024-11-02T10:50:10.416491-0700]     8.0000 MB /   0.50 sec =  133.8820 Mbps     0 retrans
[2024-11-02T10:50:10.916541-0700]     8.8750 MB /   0.50 sec =  149.2467 Mbps     0 retrans
[2024-11-02T10:50:11.414754-0700]    11.6250 MB /   0.50 sec =  195.1663 Mbps     0 retrans
[2024-11-02T10:50:11.914752-0700]     8.9375 MB /   0.50 sec =  149.9428 Mbps     0 retrans
[2024-11-02T10:50:12.415408-0700]     4.1875 MB /   0.50 sec =   70.1759 Mbps     0 retrans
[2024-11-02T10:50:12.914765-0700]     3.1875 MB /   0.50 sec =   53.5387 Mbps     0 retrans
[2024-11-02T10:50:13.414742-0700]     6.1250 MB /   0.50 sec =  102.7633 Mbps     0 retrans
[2024-11-02T10:50:13.914760-0700]     5.2500 MB /   0.50 sec =   88.0776 Mbps     0 retrans
[2024-11-02T10:50:14.414677-0700]     7.2500 MB /   0.50 sec =  121.6431 Mbps     0 retrans
[2024-11-02T10:50:14.915333-0700]     8.8750 MB /   0.50 sec =  148.7202 Mbps     0 retrans
[2024-11-02T10:50:15.414885-0700]     8.0625 MB /   0.50 sec =  135.4115 Mbps     0 retrans
[2024-11-02T10:50:15.915708-0700]    10.8750 MB /   0.50 sec =  182.3031 Mbps     0 retrans
[2024-11-02T10:50:16.415835-0700]     8.1875 MB /   0.50 sec =  137.3547 Mbps     0 retrans
[2024-11-02T10:50:16.914714-0700]     4.6250 MB /   0.50 sec =   77.6723 Mbps     0 retrans
[2024-11-02T10:50:17.414773-0700]     4.9375 MB /   0.50 sec =   82.8272 Mbps     0 retrans
[2024-11-02T10:50:17.914789-0700]     4.5000 MB /   0.50 sec =   75.5025 Mbps     0 retrans
[2024-11-02T10:50:18.414815-0700]     7.5625 MB /   0.50 sec =  126.8739 Mbps     0 retrans
[2024-11-02T10:50:18.916466-0700]     1.3125 MB /   0.50 sec =   21.9494 Mbps     0 retrans
[2024-11-02T10:50:19.414667-0700]     7.3750 MB /   0.50 sec =  124.1411 Mbps     0 retrans
[2024-11-02T10:50:19.915194-0700]     8.7500 MB /   0.50 sec =  146.7977 Mbps     0 retrans
[2024-11-02T10:50:20.414777-0700]     8.6250 MB /   0.50 sec =  144.7029 Mbps     0 retrans
[2024-11-02T10:50:20.915686-0700]    11.0000 MB /   0.50 sec =  184.3820 Mbps     0 retrans
[2024-11-02T10:50:21.416936-0700]     8.0625 MB /   0.50 sec =  134.9599 Mbps     0 retrans
[2024-11-02T10:50:21.915404-0700]     8.6250 MB /   0.50 sec =  144.9999 Mbps     0 retrans
[2024-11-02T10:50:22.415207-0700]     9.7500 MB /   0.50 sec =  163.7501 Mbps     0 retrans
[2024-11-02T10:50:22.915176-0700]     7.1875 MB /   0.50 sec =  120.4802 Mbps     0 retrans
[2024-11-02T10:50:23.415260-0700]     9.0000 MB /   0.50 sec =  151.0360 Mbps     0 retrans
[2024-11-02T10:50:23.914734-0700]     3.2500 MB /   0.50 sec =   54.5667 Mbps     0 retrans
[2024-11-02T10:50:24.414823-0700]     7.3125 MB /   0.50 sec =  122.6552 Mbps     0 retrans
[2024-11-02T10:50:24.915026-0700]     6.3750 MB /   0.50 sec =  106.9783 Mbps     0 retrans
[2024-11-02T10:50:25.414777-0700]     5.6250 MB /   0.50 sec =   94.3628 Mbps     0 retrans
[2024-11-02T10:50:25.915044-0700]     4.3750 MB /   0.50 sec =   73.4038 Mbps     0 retrans
[2024-11-02T10:50:26.415264-0700]     8.9375 MB /   0.50 sec =  149.9524 Mbps     0 retrans
[2024-11-02T10:50:26.914911-0700]     8.5000 MB /   0.50 sec =  142.6083 Mbps     0 retrans
[2024-11-02T10:50:27.414914-0700]     7.2500 MB /   0.50 sec =  121.6207 Mbps     0 retrans
[2024-11-02T10:50:27.914767-0700]     8.9375 MB /   0.50 sec =  149.9521 Mbps     0 retrans
[2024-11-02T10:50:28.414716-0700]     7.3750 MB /   0.50 sec =  123.7364 Mbps     0 retrans
[2024-11-02T10:50:28.915176-0700]     9.0000 MB /   0.50 sec =  150.9962 Mbps     0 retrans
[2024-11-02T10:50:29.415166-0700]    10.3750 MB /   0.50 sec =  174.0580 Mbps     0 retrans
[2024-11-02T10:50:29.915187-0700]    11.1250 MB /   0.50 sec =  186.6521 Mbps     0 retrans
[2024-11-02T10:50:30.414633-0700]    13.2500 MB /   0.50 sec =  222.3092 Mbps     0 retrans
[2024-11-02T10:50:30.914792-0700]    15.8125 MB /   0.50 sec =  265.2627 Mbps     0 retrans
[2024-11-02T10:50:31.416256-0700]    13.5000 MB /   0.50 sec =  226.2978 Mbps     0 retrans
[2024-11-02T10:50:31.914737-0700]    12.7500 MB /   0.50 sec =  214.0876 Mbps     0 retrans
[2024-11-02T10:50:32.417543-0700]    10.8125 MB /   0.50 sec =  180.7749 Mbps     0 retrans
[2024-11-02T10:50:32.914758-0700]    12.6875 MB /   0.50 sec =  213.6184 Mbps     0 retrans
[2024-11-02T10:50:33.415405-0700]    10.8750 MB /   0.50 sec =  182.3253 Mbps     0 retrans
[2024-11-02T10:50:33.915396-0700]    12.3125 MB /   0.50 sec =  206.5492 Mbps     0 retrans
[2024-11-02T10:50:34.414780-0700]    13.0625 MB /   0.50 sec =  219.3138 Mbps     0 retrans
[2024-11-02T10:50:34.915262-0700]    14.3125 MB /   0.50 sec =  239.8936 Mbps     0 retrans
[2024-11-02T10:50:35.414927-0700]    16.5625 MB /   0.50 sec =  278.1580 Mbps     0 retrans
[2024-11-02T10:50:35.914738-0700]    14.6875 MB /   0.50 sec =  246.4144 Mbps     0 retrans
[2024-11-02T10:50:36.415276-0700]    13.7500 MB /   0.50 sec =  230.6351 Mbps     0 retrans
[2024-11-02T10:50:36.916098-0700]    18.3125 MB /   0.50 sec =  307.0332 Mbps     0 retrans
[2024-11-02T10:50:37.416431-0700]    15.6875 MB /   0.50 sec =  262.7249 Mbps     0 retrans
[2024-11-02T10:50:37.914712-0700]     2.5000 MB /   0.50 sec =   42.0541 Mbps     0 retrans
[2024-11-02T10:50:38.415713-0700]     6.1250 MB /   0.50 sec =  102.6777 Mbps     0 retrans
[2024-11-02T10:50:38.914699-0700]     8.6875 MB /   0.50 sec =  145.8755 Mbps     0 retrans
[2024-11-02T10:50:39.414983-0700]    10.0625 MB /   0.50 sec =  168.7566 Mbps     0 retrans
[2024-11-02T10:50:39.916000-0700]    11.3125 MB /   0.50 sec =  189.6932 Mbps     0 retrans
[2024-11-02T10:50:40.414660-0700]    12.3125 MB /   0.50 sec =  206.7584 Mbps     0 retrans
[2024-11-02T10:50:40.916406-0700]     8.6250 MB /   0.50 sec =  144.3314 Mbps     0 retrans
[2024-11-02T10:50:41.415243-0700]    15.5625 MB /   0.50 sec =  261.7330 Mbps     0 retrans
[2024-11-02T10:50:41.915280-0700]    15.6250 MB /   0.50 sec =  262.1765 Mbps     0 retrans
[2024-11-02T10:50:42.414986-0700]     6.1250 MB /   0.50 sec =  102.6945 Mbps     0 retrans
[2024-11-02T10:50:42.915508-0700]    12.6875 MB /   0.50 sec =  212.7886 Mbps     0 retrans
[2024-11-02T10:50:43.414677-0700]     9.7500 MB /   0.50 sec =  163.7409 Mbps     0 retrans
[2024-11-02T10:50:43.915794-0700]    13.0000 MB /   0.50 sec =  217.8716 Mbps     0 retrans
[2024-11-02T10:50:44.416803-0700]    15.5000 MB /   0.50 sec =  259.5009 Mbps     0 retrans
[2024-11-02T10:50:44.915243-0700]    11.8750 MB /   0.50 sec =  199.8530 Mbps     0 retrans
[2024-11-02T10:50:45.415139-0700]    14.4375 MB /   0.50 sec =  242.2264 Mbps     0 retrans
[2024-11-02T10:50:45.915736-0700]    13.5625 MB /   0.50 sec =  227.3132 Mbps     0 retrans
[2024-11-02T10:50:46.415777-0700]    15.2500 MB /   0.50 sec =  255.8357 Mbps     0 retrans
[2024-11-02T10:50:46.915077-0700]    14.0625 MB /   0.50 sec =  236.1790 Mbps     0 retrans
[2024-11-02T10:50:47.414763-0700]     6.7500 MB /   0.50 sec =  113.2510 Mbps     0 retrans
[2024-11-02T10:50:47.916439-0700]     8.0625 MB /   0.50 sec =  134.9416 Mbps     0 retrans
[2024-11-02T10:50:48.414936-0700]    13.4375 MB /   0.50 sec =  225.9885 Mbps     0 retrans
[2024-11-02T10:50:48.915416-0700]    14.2500 MB /   0.50 sec =  238.7611 Mbps     0 retrans
[2024-11-02T10:50:49.415051-0700]     9.8750 MB /   0.50 sec =  165.7957 Mbps     0 retrans
[2024-11-02T10:50:49.915750-0700]    13.3125 MB /   0.50 sec =  223.2538 Mbps     0 retrans
[2024-11-02T10:50:50.414645-0700]    15.1250 MB /   0.50 sec =  254.0109 Mbps     0 retrans
[2024-11-02T10:50:50.915326-0700]    16.7500 MB /   0.50 sec =  280.9886 Mbps     0 retrans
[2024-11-02T10:50:51.415212-0700]    12.2500 MB /   0.50 sec =  205.5267 Mbps     0 retrans
[2024-11-02T10:50:51.914753-0700]    11.8125 MB /   0.50 sec =  198.1809 Mbps     0 retrans
[2024-11-02T10:50:52.415915-0700]    17.0000 MB /   0.50 sec =  284.9055 Mbps     0 retrans
[2024-11-02T10:50:52.914774-0700]    13.3750 MB /   0.50 sec =  224.6397 Mbps     0 retrans
[2024-11-02T10:50:53.415055-0700]    10.7500 MB /   0.50 sec =  180.2894 Mbps     0 retrans
[2024-11-02T10:50:53.914759-0700]     8.2500 MB /   0.50 sec =  138.4624 Mbps     0 retrans
[2024-11-02T10:50:54.414767-0700]    13.0625 MB /   0.50 sec =  219.1458 Mbps     0 retrans
[2024-11-02T10:50:54.914750-0700]    18.3125 MB /   0.50 sec =  307.2414 Mbps     0 retrans
[2024-11-02T10:50:55.414635-0700]    12.9375 MB /   0.50 sec =  217.0748 Mbps     0 retrans
[2024-11-02T10:50:55.915499-0700]    10.8125 MB /   0.50 sec =  181.1236 Mbps     0 retrans
[2024-11-02T10:50:56.414651-0700]    12.5625 MB /   0.50 sec =  211.0842 Mbps     0 retrans
[2024-11-02T10:50:56.915215-0700]    13.8125 MB /   0.50 sec =  231.7219 Mbps     0 retrans
[2024-11-02T10:50:57.414786-0700]     8.6875 MB /   0.50 sec =  145.7634 Mbps     0 retrans
[2024-11-02T10:50:57.915623-0700]    13.2500 MB /   0.50 sec =  222.2474 Mbps     0 retrans
[2024-11-02T10:50:58.414754-0700]    12.9375 MB /   0.50 sec =  217.0943 Mbps     0 retrans
[2024-11-02T10:50:58.914700-0700]    12.0000 MB /   0.50 sec =  201.3073 Mbps     0 retrans
[2024-11-02T10:50:59.414779-0700]     9.1875 MB /   0.50 sec =  154.1475 Mbps     0 retrans
[2024-11-02T10:50:59.914659-0700]    12.9375 MB /   0.50 sec =  217.0700 Mbps     0 retrans
[2024-11-02T10:51:00.414662-0700]    10.6875 MB /   0.50 sec =  179.3119 Mbps     0 retrans
[2024-11-02T10:51:00.914814-0700]    15.0000 MB /   0.50 sec =  251.6220 Mbps     0 retrans
[2024-11-02T10:51:01.415150-0700]    11.2500 MB /   0.50 sec =  188.7626 Mbps     0 retrans
[2024-11-02T10:51:01.916932-0700]    10.6250 MB /   0.50 sec =  177.5177 Mbps     0 retrans
[2024-11-02T10:51:02.414929-0700]     0.0000 MB /   0.50 sec =    0.0000 Mbps     0 retrans
[2024-11-02T10:51:02.914646-0700]     3.6250 MB /   0.50 sec =   60.8297 Mbps     0 retrans
[2024-11-02T10:51:03.415017-0700]     6.1250 MB /   0.50 sec =  102.7518 Mbps     0 retrans
[2024-11-02T10:51:03.915059-0700]    11.1875 MB /   0.50 sec =  187.5724 Mbps     0 retrans
[2024-11-02T10:51:04.415013-0700]    12.5000 MB /   0.50 sec =  209.7290 Mbps     0 retrans
[2024-11-02T10:51:04.915849-0700]     0.1250 MB /   0.50 sec =    2.0943 Mbps     0 retrans
[2024-11-02T10:51:05.415321-0700]    10.5625 MB /   0.50 sec =  177.5435 Mbps     0 retrans
[2024-11-02T10:51:05.914642-0700]    13.5000 MB /   0.50 sec =  226.5373 Mbps     0 retrans
[2024-11-02T10:51:06.414704-0700]     3.1250 MB /   0.50 sec =   52.4244 Mbps     0 retrans
[2024-11-02T10:51:06.914800-0700]     8.5000 MB /   0.50 sec =  142.5975 Mbps     0 retrans
[2024-11-02T10:51:07.414913-0700]     5.7500 MB /   0.50 sec =   96.4482 Mbps     0 retrans
[2024-11-02T10:51:07.914823-0700]    11.6875 MB /   0.50 sec =  196.1449 Mbps     0 retrans
[2024-11-02T10:51:08.416406-0700]     5.5625 MB /   0.50 sec =   93.0328 Mbps     0 retrans
[2024-11-02T10:51:08.914687-0700]     4.6250 MB /   0.50 sec =   77.8373 Mbps     0 retrans
[2024-11-02T10:51:09.414770-0700]     9.8125 MB /   0.50 sec =  164.6245 Mbps     0 retrans
[2024-11-02T10:51:09.917091-0700]     5.6875 MB /   0.50 sec =   95.0848 Mbps     0 retrans
End time: 1730569870251
