Start time: 1731087214736
[2024-11-08T12:33:35.685509-0500] nuttcp-t: v8.1.4: socket
[2024-11-08T12:33:35.685882-0500] nuttcp-t: buflen=65536, nstream=1, port=5102 tcp -> 54.197.223.49
[2024-11-08T12:33:35.685916-0500] nuttcp-t: time limit = 120.00 seconds
[2024-11-08T12:33:35.685940-0500] nuttcp-t: connect to 54.197.223.49 with mss=1378, RTT=56.911 ms af=inet
[2024-11-08T12:33:35.685964-0500] nuttcp-t: send window size = 2097152, receive window size = 6291456
[2024-11-08T12:33:35.685986-0500] nuttcp-t: available send window = 1572864, available receive window = 4718592
[2024-11-08T12:33:35.686009-0500] nuttcp-t: initial congestion window = 13 KB (10 packets)
[2024-11-08T12:33:35.686031-0500] nuttcp-r: v8.1.4: socket
[2024-11-08T12:33:35.686053-0500] nuttcp-r: buflen=65536, nstream=1, port=5102 tcp
[2024-11-08T12:33:35.686075-0500] nuttcp-r: interval reporting every 0.50 seconds
[2024-11-08T12:33:35.686098-0500] nuttcp-r: accept from 166.194.191.33 with af=inet
[2024-11-08T12:33:35.686121-0500] nuttcp-r: send window size = 450000000, receive window size = 450000000
[2024-11-08T12:33:35.686144-0500] nuttcp-r: available send window = 225000000, available receive window = 225000000
[2024-11-08T12:33:35.686166-0500]     1.1250 MB /   0.50 sec =   18.8727 Mbps     0 retrans   1473 KB-cwnd
[2024-11-08T12:33:36.482051-0500]     1.7500 MB /   0.50 sec =   29.2898 Mbps     0 retrans   1769 KB-cwnd
[2024-11-08T12:33:38.004583-0500]     1.5000 MB /   0.50 sec =   25.2281 Mbps     0 retrans   1769 KB-cwnd
[2024-11-08T12:33:38.004952-0500]     0.9375 MB /   0.50 sec =   15.7282 Mbps     0 retrans   1769 KB-cwnd
[2024-11-08T12:33:38.005072-0500]     0.7500 MB /   0.50 sec =   12.5831 Mbps     0 retrans   1769 KB-cwnd
[2024-11-08T12:33:39.021086-0500]     1.0000 MB /   0.50 sec =   16.7714 Mbps     0 retrans   1769 KB-cwnd
[2024-11-08T12:33:39.021376-0500]     1.3750 MB /   0.50 sec =   23.0761 Mbps     0 retrans   1769 KB-cwnd
[2024-11-08T12:33:40.468551-0500]     1.2500 MB /   0.50 sec =   20.9720 Mbps     0 retrans   1769 KB-cwnd
[2024-11-08T12:33:40.468894-0500]     1.0000 MB /   0.50 sec =   16.7766 Mbps     0 retrans   1769 KB-cwnd
[2024-11-08T12:33:40.469009-0500]     0.8125 MB /   0.50 sec =   13.6245 Mbps     0 retrans   1769 KB-cwnd
[2024-11-08T12:33:42.490466-0500]     0.9375 MB /   0.50 sec =   15.7366 Mbps     1 retrans   1414 KB-cwnd
[2024-11-08T12:33:42.490868-0500]     0.5000 MB /   0.50 sec =    8.3888 Mbps     0 retrans   1414 KB-cwnd
[2024-11-08T12:33:42.490980-0500]     0.8750 MB /   0.50 sec =   14.6797 Mbps     0 retrans   1414 KB-cwnd
[2024-11-08T12:33:42.491079-0500]     0.4375 MB /   0.50 sec =    7.3403 Mbps     0 retrans   1414 KB-cwnd
[2024-11-08T12:33:44.249090-0500]     0.6875 MB /   0.50 sec =   11.5343 Mbps     0 retrans   1414 KB-cwnd
[2024-11-08T12:33:44.249469-0500]     0.5625 MB /   0.50 sec =    9.4372 Mbps     0 retrans   1414 KB-cwnd
[2024-11-08T12:33:44.249572-0500]     0.8750 MB /   0.50 sec =   14.6787 Mbps     0 retrans   1414 KB-cwnd
[2024-11-08T12:33:44.249648-0500]     0.7500 MB /   0.50 sec =   12.5840 Mbps     0 retrans   1414 KB-cwnd
[2024-11-08T12:33:45.386186-0500]     1.2500 MB /   0.50 sec =   20.9720 Mbps     0 retrans   1414 KB-cwnd
[2024-11-08T12:33:45.386418-0500]     1.1875 MB /   0.50 sec =   19.9230 Mbps     0 retrans   1414 KB-cwnd
[2024-11-08T12:33:47.206631-0500]     1.0625 MB /   0.50 sec =   17.8257 Mbps     0 retrans   1414 KB-cwnd
[2024-11-08T12:33:47.206938-0500]     0.9375 MB /   0.50 sec =   15.7285 Mbps     0 retrans   1414 KB-cwnd
[2024-11-08T12:33:47.207035-0500]     0.6250 MB /   0.50 sec =   10.4798 Mbps     0 retrans   1414 KB-cwnd
[2024-11-08T12:33:47.207117-0500]     0.5625 MB /   0.50 sec =    9.4425 Mbps     0 retrans   1414 KB-cwnd
[2024-11-08T12:33:49.230779-0500]     0.5625 MB /   0.50 sec =    9.4349 Mbps     0 retrans   1414 KB-cwnd
[2024-11-08T12:33:49.231164-0500]     0.5000 MB /   0.50 sec =    8.3905 Mbps     0 retrans   1414 KB-cwnd
[2024-11-08T12:33:49.231271-0500]     0.9375 MB /   0.50 sec =   15.7282 Mbps     0 retrans   1414 KB-cwnd
[2024-11-08T12:33:49.231355-0500]     0.6875 MB /   0.50 sec =   11.5345 Mbps     0 retrans   1414 KB-cwnd
[2024-11-08T12:33:50.813018-0500]     0.3750 MB /   0.50 sec =    6.2901 Mbps     0 retrans   1414 KB-cwnd
[2024-11-08T12:33:50.813352-0500]     0.5000 MB /   0.50 sec =    8.3906 Mbps     0 retrans   1414 KB-cwnd
[2024-11-08T12:33:50.813457-0500]     1.1875 MB /   0.50 sec =   19.9229 Mbps     0 retrans   1414 KB-cwnd
[2024-11-08T12:33:51.590259-0500]     2.0000 MB /   0.50 sec =   33.5548 Mbps     0 retrans   1414 KB-cwnd
[2024-11-08T12:33:52.498305-0500]     1.3125 MB /   0.50 sec =   22.0197 Mbps    34 retrans   1164 KB-cwnd
[2024-11-08T12:33:52.498639-0500]     1.1250 MB /   0.50 sec =   18.8642 Mbps     0 retrans   1164 KB-cwnd
[2024-11-08T12:33:52.901403-0500]     2.4375 MB /   0.50 sec =   40.9173 Mbps     0 retrans   1164 KB-cwnd
[2024-11-08T12:33:53.263876-0500]     3.3750 MB /   0.50 sec =   56.6236 Mbps     0 retrans   1164 KB-cwnd
[2024-11-08T12:33:53.638482-0500]     3.6250 MB /   0.50 sec =   60.7907 Mbps     0 retrans   1164 KB-cwnd
[2024-11-08T12:33:54.491855-0500]     3.3750 MB /   0.50 sec =   56.6483 Mbps     0 retrans   1164 KB-cwnd
[2024-11-08T12:33:54.955925-0500]     2.8125 MB /   0.50 sec =   47.1738 Mbps     0 retrans   1164 KB-cwnd
[2024-11-08T12:33:55.480380-0500]     2.8125 MB /   0.50 sec =   47.1955 Mbps     0 retrans   1164 KB-cwnd
[2024-11-08T12:33:56.003605-0500]     2.4375 MB /   0.50 sec =   40.8945 Mbps     0 retrans   1164 KB-cwnd
[2024-11-08T12:33:56.572224-0500]     2.4375 MB /   0.50 sec =   40.8969 Mbps     0 retrans   1164 KB-cwnd
[2024-11-08T12:33:57.087972-0500]     2.4375 MB /   0.50 sec =   40.8926 Mbps     0 retrans   1164 KB-cwnd
[2024-11-08T12:33:57.586880-0500]     2.5625 MB /   0.50 sec =   42.9930 Mbps     0 retrans   1164 KB-cwnd
[2024-11-08T12:33:58.139988-0500]     2.6875 MB /   0.50 sec =   45.0882 Mbps     0 retrans   1164 KB-cwnd
[2024-11-08T12:33:58.140315-0500]     2.3750 MB /   0.50 sec =   39.8464 Mbps     0 retrans   1164 KB-cwnd
[2024-11-08T12:33:59.005662-0500]     2.9375 MB /   0.50 sec =   49.2829 Mbps     0 retrans   1164 KB-cwnd
[2024-11-08T12:33:59.411987-0500]     3.2500 MB /   0.50 sec =   54.5267 Mbps     0 retrans   1164 KB-cwnd
[2024-11-08T12:33:59.791332-0500]     3.3750 MB /   0.50 sec =   56.6177 Mbps     0 retrans   1164 KB-cwnd
[2024-11-08T12:34:00.281684-0500]     2.7500 MB /   0.50 sec =   46.1402 Mbps     0 retrans   1164 KB-cwnd
[2024-11-08T12:34:00.697820-0500]     3.3125 MB /   0.50 sec =   55.4772 Mbps     0 retrans   1164 KB-cwnd
[2024-11-08T12:34:01.477445-0500]     3.5000 MB /   0.50 sec =   58.8253 Mbps     0 retrans   1164 KB-cwnd
[2024-11-08T12:34:01.877866-0500]     3.2500 MB /   0.50 sec =   54.5257 Mbps     0 retrans   1164 KB-cwnd
[2024-11-08T12:34:02.413991-0500]     2.9375 MB /   0.50 sec =   49.2841 Mbps     0 retrans   1164 KB-cwnd
[2024-11-08T12:34:02.889883-0500]     2.6250 MB /   0.50 sec =   44.0395 Mbps     0 retrans   1164 KB-cwnd
[2024-11-08T12:34:03.380136-0500]     2.6875 MB /   0.50 sec =   45.0879 Mbps     0 retrans   1164 KB-cwnd
[2024-11-08T12:34:03.873686-0500]     2.8125 MB /   0.50 sec =   47.1846 Mbps     1 retrans    966 KB-cwnd
[2024-11-08T12:34:04.346746-0500]     2.6250 MB /   0.50 sec =   44.0415 Mbps     0 retrans    997 KB-cwnd
[2024-11-08T12:34:04.809772-0500]     3.0000 MB /   0.50 sec =   50.3325 Mbps     0 retrans    997 KB-cwnd
[2024-11-08T12:34:05.311053-0500]     2.6875 MB /   0.50 sec =   45.0884 Mbps     0 retrans    997 KB-cwnd
[2024-11-08T12:34:05.814075-0500]     2.6250 MB /   0.50 sec =   44.0396 Mbps     0 retrans    997 KB-cwnd
[2024-11-08T12:34:06.371162-0500]     2.5000 MB /   0.50 sec =   41.9430 Mbps     0 retrans    997 KB-cwnd
[2024-11-08T12:34:06.895823-0500]     2.3750 MB /   0.50 sec =   39.8462 Mbps     0 retrans    997 KB-cwnd
[2024-11-08T12:34:07.432136-0500]     2.5000 MB /   0.50 sec =   41.9432 Mbps     0 retrans    997 KB-cwnd
[2024-11-08T12:34:07.920130-0500]     2.5625 MB /   0.50 sec =   42.9411 Mbps     0 retrans    997 KB-cwnd
[2024-11-08T12:34:08.392281-0500]     2.7500 MB /   0.50 sec =   46.1820 Mbps     0 retrans    997 KB-cwnd
[2024-11-08T12:34:08.820136-0500]     3.0000 MB /   0.50 sec =   50.3306 Mbps     0 retrans    997 KB-cwnd
[2024-11-08T12:34:09.254262-0500]     2.8750 MB /   0.50 sec =   48.2315 Mbps     0 retrans   1034 KB-cwnd
[2024-11-08T12:34:09.747872-0500]     3.1250 MB /   0.50 sec =   52.4432 Mbps     0 retrans   1036 KB-cwnd
[2024-11-08T12:34:10.255930-0500]     2.3750 MB /   0.50 sec =   39.8468 Mbps     0 retrans   1036 KB-cwnd
[2024-11-08T12:34:10.693644-0500]     3.1250 MB /   0.50 sec =   52.4284 Mbps     0 retrans   1036 KB-cwnd
[2024-11-08T12:34:11.461309-0500]     3.2500 MB /   0.50 sec =   54.5222 Mbps     0 retrans   1038 KB-cwnd
[2024-11-08T12:34:11.802511-0500]     3.8125 MB /   0.50 sec =   63.9561 Mbps     0 retrans   1038 KB-cwnd
[2024-11-08T12:34:12.178358-0500]     3.6250 MB /   0.50 sec =   60.8282 Mbps     0 retrans   1040 KB-cwnd
[2024-11-08T12:34:13.047837-0500]     3.0625 MB /   0.50 sec =   51.3184 Mbps     0 retrans   1040 KB-cwnd
[2024-11-08T12:34:13.422313-0500]     3.3125 MB /   0.50 sec =   55.6417 Mbps     0 retrans   1041 KB-cwnd
[2024-11-08T12:34:13.820453-0500]     3.4375 MB /   0.50 sec =   57.6706 Mbps     0 retrans   1041 KB-cwnd
[2024-11-08T12:34:14.290490-0500]     3.0625 MB /   0.50 sec =   51.3764 Mbps     0 retrans   1041 KB-cwnd
[2024-11-08T12:34:14.774058-0500]     2.7500 MB /   0.50 sec =   46.1071 Mbps     0 retrans   1041 KB-cwnd
[2024-11-08T12:34:15.184688-0500]     3.1250 MB /   0.50 sec =   52.4661 Mbps     0 retrans   1041 KB-cwnd
[2024-11-08T12:34:15.962454-0500]     3.5625 MB /   0.50 sec =   59.7712 Mbps     0 retrans   1042 KB-cwnd
[2024-11-08T12:34:16.410402-0500]     3.1250 MB /   0.50 sec =   52.4286 Mbps     0 retrans   1042 KB-cwnd
[2024-11-08T12:34:16.839604-0500]     3.0625 MB /   0.50 sec =   51.3816 Mbps     0 retrans   1042 KB-cwnd
[2024-11-08T12:34:17.224400-0500]     3.3125 MB /   0.50 sec =   55.5717 Mbps     0 retrans   1044 KB-cwnd
[2024-11-08T12:34:18.015705-0500]     3.6250 MB /   0.50 sec =   60.8168 Mbps     1 retrans    835 KB-cwnd
[2024-11-08T12:34:18.362611-0500]     3.7500 MB /   0.50 sec =   62.9146 Mbps     0 retrans    929 KB-cwnd
[2024-11-08T12:34:18.716083-0500]     3.7500 MB /   0.50 sec =   62.9146 Mbps     0 retrans    933 KB-cwnd
[2024-11-08T12:34:19.438386-0500]     3.8750 MB /   0.50 sec =   65.0111 Mbps     0 retrans    940 KB-cwnd
[2024-11-08T12:34:19.825997-0500]     3.6250 MB /   0.50 sec =   60.8130 Mbps     0 retrans    951 KB-cwnd
[2024-11-08T12:34:20.238136-0500]     3.2500 MB /   0.50 sec =   54.5281 Mbps     0 retrans   1075 KB-cwnd
[2024-11-08T12:34:20.966483-0500]     3.6250 MB /   0.50 sec =   60.8232 Mbps     0 retrans   1075 KB-cwnd
[2024-11-08T12:34:21.320262-0500]     3.6875 MB /   0.50 sec =   61.8631 Mbps     0 retrans   1075 KB-cwnd
[2024-11-08T12:34:21.670982-0500]     3.8750 MB /   0.50 sec =   65.0120 Mbps     0 retrans   1177 KB-cwnd
[2024-11-08T12:34:22.379110-0500]     3.9375 MB /   0.50 sec =   66.0635 Mbps     0 retrans   1177 KB-cwnd
[2024-11-08T12:34:22.793052-0500]     3.3750 MB /   0.50 sec =   56.6207 Mbps     0 retrans   1177 KB-cwnd
[2024-11-08T12:34:23.319393-0500]     2.5000 MB /   0.50 sec =   41.9425 Mbps     0 retrans   1177 KB-cwnd
[2024-11-08T12:34:23.742494-0500]     3.0625 MB /   0.50 sec =   51.3821 Mbps     0 retrans   1177 KB-cwnd
[2024-11-08T12:34:24.134884-0500]     3.3125 MB /   0.50 sec =   55.5443 Mbps     0 retrans   1177 KB-cwnd
[2024-11-08T12:34:24.890130-0500]     3.6250 MB /   0.50 sec =   60.8444 Mbps     0 retrans   1177 KB-cwnd
[2024-11-08T12:34:25.295530-0500]     3.3750 MB /   0.50 sec =   56.6285 Mbps     0 retrans   1177 KB-cwnd
[2024-11-08T12:34:25.708788-0500]     3.2500 MB /   0.50 sec =   54.5050 Mbps     0 retrans   1177 KB-cwnd
[2024-11-08T12:34:26.142327-0500]     3.1250 MB /   0.50 sec =   52.4483 Mbps     0 retrans   1177 KB-cwnd
[2024-11-08T12:34:26.888253-0500]     3.5625 MB /   0.50 sec =   59.7676 Mbps     0 retrans   1177 KB-cwnd
[2024-11-08T12:34:27.403956-0500]     3.1250 MB /   0.50 sec =   52.4271 Mbps     0 retrans   1177 KB-cwnd
[2024-11-08T12:34:27.816025-0500]     2.8125 MB /   0.50 sec =   47.1884 Mbps     0 retrans   1177 KB-cwnd
[2024-11-08T12:34:28.211880-0500]     3.4375 MB /   0.50 sec =   57.6729 Mbps     0 retrans   1177 KB-cwnd
[2024-11-08T12:34:28.995812-0500]     3.1875 MB /   0.50 sec =   53.4773 Mbps     0 retrans   1177 KB-cwnd
[2024-11-08T12:34:29.359692-0500]     3.6250 MB /   0.50 sec =   60.8159 Mbps     0 retrans   1177 KB-cwnd
[2024-11-08T12:34:29.772070-0500]     3.3750 MB /   0.50 sec =   56.6219 Mbps     0 retrans   1177 KB-cwnd
[2024-11-08T12:34:30.227800-0500]     3.0000 MB /   0.50 sec =   50.3331 Mbps     0 retrans   1177 KB-cwnd
[2024-11-08T12:34:30.668853-0500]     3.1250 MB /   0.50 sec =   52.4246 Mbps     1 retrans    940 KB-cwnd
[2024-11-08T12:34:31.399750-0500]     4.1875 MB /   0.50 sec =   70.2571 Mbps     0 retrans   1085 KB-cwnd
[2024-11-08T12:34:31.821798-0500]     3.3125 MB /   0.50 sec =   55.5720 Mbps     0 retrans   1085 KB-cwnd
[2024-11-08T12:34:32.305380-0500]     2.8125 MB /   0.50 sec =   47.1872 Mbps     0 retrans   1085 KB-cwnd
[2024-11-08T12:34:32.742910-0500]     3.0625 MB /   0.50 sec =   51.3834 Mbps     0 retrans   1085 KB-cwnd
[2024-11-08T12:34:33.176040-0500]     2.8125 MB /   0.50 sec =   47.1743 Mbps     0 retrans   1139 KB-cwnd
[2024-11-08T12:34:34.076315-0500]     3.2500 MB /   0.50 sec =   54.5375 Mbps     0 retrans   1154 KB-cwnd
[2024-11-08T12:34:34.577866-0500]     2.9375 MB /   0.50 sec =   49.2858 Mbps     0 retrans   1154 KB-cwnd
[2024-11-08T12:34:35.015730-0500]     2.6250 MB /   0.50 sec =   44.0312 Mbps     0 retrans   1154 KB-cwnd
[2024-11-08T12:34:35.518488-0500]     3.0000 MB /   0.50 sec =   50.3410 Mbps     0 retrans   1154 KB-cwnd
[2024-11-08T12:34:36.018911-0500]     2.6875 MB /   0.50 sec =   45.0886 Mbps     0 retrans   1154 KB-cwnd
[2024-11-08T12:34:36.420585-0500]     2.8125 MB /   0.50 sec =   47.1867 Mbps     0 retrans   1154 KB-cwnd
[2024-11-08T12:34:36.853586-0500]     3.0625 MB /   0.50 sec =   51.3749 Mbps     0 retrans   1154 KB-cwnd
[2024-11-08T12:34:37.249790-0500]     3.1875 MB /   0.50 sec =   53.4821 Mbps     0 retrans   1154 KB-cwnd
[2024-11-08T12:34:37.649234-0500]     3.5000 MB /   0.50 sec =   58.7200 Mbps     0 retrans   1154 KB-cwnd
[2024-11-08T12:34:38.444311-0500]     3.3125 MB /   0.50 sec =   55.5730 Mbps     0 retrans   1154 KB-cwnd
[2024-11-08T12:34:38.839918-0500]     3.3750 MB /   0.50 sec =   56.6248 Mbps     0 retrans   1154 KB-cwnd
[2024-11-08T12:34:39.229987-0500]     3.3125 MB /   0.50 sec =   55.5746 Mbps     0 retrans   1154 KB-cwnd
[2024-11-08T12:34:40.026211-0500]     3.5000 MB /   0.50 sec =   58.7207 Mbps     0 retrans   1154 KB-cwnd
[2024-11-08T12:34:40.459883-0500]     3.1875 MB /   0.50 sec =   53.4765 Mbps     0 retrans   1154 KB-cwnd
[2024-11-08T12:34:40.842444-0500]     3.3125 MB /   0.50 sec =   55.5761 Mbps     0 retrans   1154 KB-cwnd
[2024-11-08T12:34:41.350107-0500]     2.7500 MB /   0.50 sec =   45.8154 Mbps     0 retrans   1154 KB-cwnd
[2024-11-08T12:34:41.803703-0500]     3.0000 MB /   0.50 sec =   50.6856 Mbps     0 retrans   1154 KB-cwnd
[2024-11-08T12:34:42.213266-0500]     3.0625 MB /   0.50 sec =   51.3821 Mbps     0 retrans   1154 KB-cwnd
[2024-11-08T12:34:42.635716-0500]     3.2500 MB /   0.50 sec =   54.5258 Mbps     0 retrans   1154 KB-cwnd
[2024-11-08T12:34:43.562427-0500]     3.0625 MB /   0.50 sec =   51.3802 Mbps     0 retrans   1154 KB-cwnd
[2024-11-08T12:34:44.115868-0500]     2.5625 MB /   0.50 sec =   42.9920 Mbps     0 retrans   1154 KB-cwnd
[2024-11-08T12:34:44.614110-0500]     2.4375 MB /   0.50 sec =   40.8929 Mbps     0 retrans   1154 KB-cwnd
[2024-11-08T12:34:45.083968-0500]     2.6875 MB /   0.50 sec =   45.0875 Mbps     1 retrans   1009 KB-cwnd
[2024-11-08T12:34:45.594275-0500]     2.8750 MB /   0.50 sec =   48.2354 Mbps     0 retrans   1009 KB-cwnd
[2024-11-08T12:34:46.013870-0500]     2.6250 MB /   0.50 sec =   44.0424 Mbps     0 retrans   1009 KB-cwnd
[2024-11-08T12:34:46.444209-0500]     3.1875 MB /   0.50 sec =   53.4768 Mbps     0 retrans   1009 KB-cwnd
[2024-11-08T12:34:46.871644-0500]     3.1250 MB /   0.50 sec =   52.4297 Mbps     0 retrans   1009 KB-cwnd
[2024-11-08T12:34:47.299723-0500]     3.0000 MB /   0.50 sec =   50.3295 Mbps     0 retrans   1009 KB-cwnd
[2024-11-08T12:34:47.761771-0500]     3.0000 MB /   0.50 sec =   50.3319 Mbps     0 retrans   1009 KB-cwnd
[2024-11-08T12:34:48.203896-0500]     3.0000 MB /   0.50 sec =   50.3307 Mbps     0 retrans   1009 KB-cwnd
[2024-11-08T12:34:49.111758-0500]     3.1250 MB /   0.50 sec =   52.4271 Mbps     0 retrans   1029 KB-cwnd
[2024-11-08T12:34:49.584567-0500]     2.6875 MB /   0.50 sec =   45.0242 Mbps     0 retrans   1029 KB-cwnd
[2024-11-08T12:34:49.988472-0500]     2.9375 MB /   0.50 sec =   49.3561 Mbps     0 retrans   1029 KB-cwnd
[2024-11-08T12:34:50.456075-0500]     3.1250 MB /   0.50 sec =   52.4293 Mbps     0 retrans   1029 KB-cwnd
[2024-11-08T12:34:50.914411-0500]     2.9375 MB /   0.50 sec =   49.2825 Mbps     0 retrans   1029 KB-cwnd
[2024-11-08T12:34:51.381177-0500]     2.8750 MB /   0.50 sec =   48.2222 Mbps     0 retrans   1029 KB-cwnd
[2024-11-08T12:34:51.863248-0500]     2.7500 MB /   0.50 sec =   46.1517 Mbps     0 retrans   1029 KB-cwnd
[2024-11-08T12:34:52.312368-0500]     2.9375 MB /   0.50 sec =   49.2781 Mbps     0 retrans   1029 KB-cwnd
[2024-11-08T12:34:52.767182-0500]     2.9375 MB /   0.50 sec =   49.2835 Mbps     0 retrans   1029 KB-cwnd
[2024-11-08T12:34:53.269275-0500]     2.6875 MB /   0.50 sec =   45.0912 Mbps     0 retrans   1029 KB-cwnd
[2024-11-08T12:34:53.777871-0500]     2.6250 MB /   0.50 sec =   44.0396 Mbps     0 retrans   1029 KB-cwnd
[2024-11-08T12:34:54.267849-0500]     2.6875 MB /   0.50 sec =   45.0839 Mbps     0 retrans   1029 KB-cwnd
[2024-11-08T12:34:54.767738-0500]     2.6250 MB /   0.50 sec =   44.0242 Mbps     0 retrans   1029 KB-cwnd
[2024-11-08T12:34:55.294294-0500]     2.6250 MB /   0.50 sec =   44.0628 Mbps     0 retrans   1029 KB-cwnd
[2024-11-08T12:34:55.921792-0500]     2.1875 MB /   0.50 sec =   36.6999 Mbps     0 retrans   1029 KB-cwnd
[2024-11-08T12:34:56.528423-0500]     2.1875 MB /   0.50 sec =   36.6996 Mbps     0 retrans   1029 KB-cwnd
[2024-11-08T12:34:57.100548-0500]     2.1875 MB /   0.50 sec =   36.7000 Mbps     0 retrans   1029 KB-cwnd
[2024-11-08T12:34:57.562506-0500]     2.4375 MB /   0.50 sec =   40.8948 Mbps     0 retrans   1029 KB-cwnd
[2024-11-08T12:34:58.071822-0500]     2.8750 MB /   0.50 sec =   48.2341 Mbps     0 retrans   1032 KB-cwnd
[2024-11-08T12:34:58.576228-0500]     2.6875 MB /   0.50 sec =   45.0884 Mbps     0 retrans   1032 KB-cwnd
[2024-11-08T12:34:59.045430-0500]     2.5625 MB /   0.50 sec =   42.9920 Mbps     0 retrans   1032 KB-cwnd
[2024-11-08T12:34:59.502911-0500]     2.9375 MB /   0.50 sec =   49.2815 Mbps     0 retrans   1032 KB-cwnd
[2024-11-08T12:34:59.996964-0500]     2.7500 MB /   0.50 sec =   46.1325 Mbps     0 retrans   1032 KB-cwnd
[2024-11-08T12:35:00.500862-0500]     2.8125 MB /   0.50 sec =   47.1921 Mbps     1 retrans    886 KB-cwnd
[2024-11-08T12:35:01.050202-0500]     2.6250 MB /   0.50 sec =   44.0369 Mbps     0 retrans    919 KB-cwnd
[2024-11-08T12:35:01.591594-0500]     2.2500 MB /   0.50 sec =   37.7518 Mbps     0 retrans    919 KB-cwnd
[2024-11-08T12:35:02.099322-0500]     2.5000 MB /   0.50 sec =   41.9427 Mbps     0 retrans    920 KB-cwnd
[2024-11-08T12:35:02.607626-0500]     2.6875 MB /   0.50 sec =   45.0867 Mbps     0 retrans    920 KB-cwnd
[2024-11-08T12:35:03.118592-0500]     2.6250 MB /   0.50 sec =   44.0426 Mbps     0 retrans    923 KB-cwnd
[2024-11-08T12:35:03.579771-0500]     2.6250 MB /   0.50 sec =   44.0405 Mbps     0 retrans    925 KB-cwnd
[2024-11-08T12:35:04.042242-0500]     2.9375 MB /   0.50 sec =   49.2757 Mbps     0 retrans    928 KB-cwnd
[2024-11-08T12:35:04.493271-0500]     2.8750 MB /   0.50 sec =   48.2224 Mbps     0 retrans    929 KB-cwnd
[2024-11-08T12:35:04.982950-0500]     2.8750 MB /   0.50 sec =   48.2533 Mbps     0 retrans    929 KB-cwnd
[2024-11-08T12:35:05.458939-0500]     2.8125 MB /   0.50 sec =   47.1828 Mbps     0 retrans    932 KB-cwnd
[2024-11-08T12:35:05.962264-0500]     2.7500 MB /   0.50 sec =   46.1415 Mbps     0 retrans    935 KB-cwnd
[2024-11-08T12:35:06.550881-0500]     2.6875 MB /   0.50 sec =   45.0880 Mbps     0 retrans    956 KB-cwnd
[2024-11-08T12:35:07.022409-0500]     2.1875 MB /   0.50 sec =   36.6905 Mbps     0 retrans    956 KB-cwnd
[2024-11-08T12:35:07.545612-0500]     2.8125 MB /   0.50 sec =   47.1976 Mbps     0 retrans    956 KB-cwnd
[2024-11-08T12:35:08.117748-0500]     2.5625 MB /   0.50 sec =   42.9920 Mbps     0 retrans    956 KB-cwnd
[2024-11-08T12:35:08.675054-0500]     2.2500 MB /   0.50 sec =   37.7380 Mbps     0 retrans    956 KB-cwnd
[2024-11-08T12:35:08.675500-0500]     2.4375 MB /   0.50 sec =   40.9061 Mbps     0 retrans    956 KB-cwnd
[2024-11-08T12:35:09.209678-0500]     2.4375 MB /   0.50 sec =   40.8947 Mbps     0 retrans    956 KB-cwnd
[2024-11-08T12:35:09.753365-0500]     2.4375 MB /   0.50 sec =   40.8928 Mbps     0 retrans    956 KB-cwnd
[2024-11-08T12:35:10.409616-0500]     2.0625 MB /   0.50 sec =   34.6040 Mbps     0 retrans    956 KB-cwnd
[2024-11-08T12:35:10.957661-0500]     2.2500 MB /   0.50 sec =   37.7468 Mbps     0 retrans    956 KB-cwnd
[2024-11-08T12:35:11.575167-0500]     2.4375 MB /   0.50 sec =   40.8955 Mbps     0 retrans    956 KB-cwnd
[2024-11-08T12:35:12.201989-0500]     2.1250 MB /   0.50 sec =   35.6536 Mbps     0 retrans    956 KB-cwnd
[2024-11-08T12:35:12.202259-0500]     2.1875 MB /   0.50 sec =   36.7002 Mbps     0 retrans    956 KB-cwnd
[2024-11-08T12:35:12.880743-0500]     2.0000 MB /   0.50 sec =   33.5546 Mbps     0 retrans    956 KB-cwnd
[2024-11-08T12:35:13.759692-0500]     1.6875 MB /   0.50 sec =   28.3052 Mbps     0 retrans    956 KB-cwnd
[2024-11-08T12:35:13.760291-0500]     1.4375 MB /   0.50 sec =   24.1182 Mbps     0 retrans    956 KB-cwnd
[2024-11-08T12:35:14.490682-0500]     1.7500 MB /   0.50 sec =   29.3617 Mbps     0 retrans    956 KB-cwnd
[2024-11-08T12:35:15.260841-0500]     1.8125 MB /   0.50 sec =   30.4092 Mbps     0 retrans    956 KB-cwnd
[2024-11-08T12:35:15.261293-0500]     1.6875 MB /   0.50 sec =   28.2977 Mbps     0 retrans    956 KB-cwnd
[2024-11-08T12:35:15.901142-0500]     2.0000 MB /   0.50 sec =   33.5720 Mbps     0 retrans    956 KB-cwnd
[2024-11-08T12:35:16.491193-0500]     2.1250 MB /   0.50 sec =   35.6524 Mbps     0 retrans    956 KB-cwnd
[2024-11-08T12:35:17.038314-0500]     2.3125 MB /   0.50 sec =   38.7982 Mbps     0 retrans    956 KB-cwnd
[2024-11-08T12:35:17.544800-0500]     2.5000 MB /   0.50 sec =   41.9421 Mbps     0 retrans    956 KB-cwnd
[2024-11-08T12:35:18.030395-0500]     2.6875 MB /   0.50 sec =   45.0902 Mbps     0 retrans   1046 KB-cwnd
[2024-11-08T12:35:18.499101-0500]     2.5625 MB /   0.50 sec =   42.9909 Mbps     1 retrans    862 KB-cwnd
[2024-11-08T12:35:18.960439-0500]     2.9375 MB /   0.50 sec =   49.2841 Mbps     0 retrans    966 KB-cwnd
[2024-11-08T12:35:19.485505-0500]     2.9375 MB /   0.50 sec =   49.2821 Mbps     0 retrans    966 KB-cwnd
[2024-11-08T12:35:20.060151-0500]     2.3125 MB /   0.50 sec =   38.7910 Mbps     0 retrans    966 KB-cwnd
[2024-11-08T12:35:20.593969-0500]     2.3750 MB /   0.50 sec =   39.8504 Mbps     0 retrans    966 KB-cwnd
[2024-11-08T12:35:21.161061-0500]     2.4375 MB /   0.50 sec =   40.8951 Mbps     0 retrans    966 KB-cwnd
[2024-11-08T12:35:21.161539-0500]     2.5000 MB /   0.50 sec =   41.9450 Mbps     0 retrans    966 KB-cwnd
[2024-11-08T12:35:21.692186-0500]     2.6250 MB /   0.50 sec =   44.0397 Mbps     0 retrans    981 KB-cwnd
[2024-11-08T12:35:22.152041-0500]     2.8125 MB /   0.50 sec =   47.1834 Mbps     0 retrans   1034 KB-cwnd
[2024-11-08T12:35:23.026247-0500]     3.0625 MB /   0.50 sec =   51.3832 Mbps     0 retrans   1034 KB-cwnd
[2024-11-08T12:35:23.475953-0500]     3.0000 MB /   0.50 sec =   50.2411 Mbps     0 retrans   1034 KB-cwnd
[2024-11-08T12:35:23.914823-0500]     3.0000 MB /   0.50 sec =   50.4226 Mbps     0 retrans   1034 KB-cwnd
[2024-11-08T12:35:24.369960-0500]     3.0000 MB /   0.50 sec =   50.3319 Mbps     0 retrans   1034 KB-cwnd
[2024-11-08T12:35:24.940043-0500]     2.6875 MB /   0.50 sec =   45.0868 Mbps     0 retrans   1034 KB-cwnd
[2024-11-08T12:35:25.632715-0500]     2.1875 MB /   0.50 sec =   36.7005 Mbps     0 retrans   1034 KB-cwnd
[2024-11-08T12:35:26.582071-0500]     1.8750 MB /   0.50 sec =   31.4578 Mbps     0 retrans   1034 KB-cwnd
[2024-11-08T12:35:26.582669-0500]     1.6875 MB /   0.50 sec =   28.3120 Mbps     0 retrans   1034 KB-cwnd
[2024-11-08T12:35:28.661768-0500]     1.0000 MB /   0.50 sec =   16.7769 Mbps    17 retrans    869 KB-cwnd
[2024-11-08T12:35:28.662239-0500]     0.5625 MB /   0.50 sec =    9.4372 Mbps     0 retrans    869 KB-cwnd
[2024-11-08T12:35:28.662469-0500]     0.0000 MB /   0.50 sec =    0.0000 Mbps     0 retrans    869 KB-cwnd
[2024-11-08T12:35:28.662671-0500]     1.1875 MB /   0.50 sec =   19.9230 Mbps     0 retrans    869 KB-cwnd
[2024-11-08T12:35:28.662865-0500]     0.8125 MB /   0.50 sec =   13.6312 Mbps     0 retrans    869 KB-cwnd
[2024-11-08T12:35:29.731607-0500]     1.2500 MB /   0.50 sec =   20.9722 Mbps     0 retrans    911 KB-cwnd
[2024-11-08T12:35:29.732131-0500]     0.8750 MB /   0.50 sec =   14.6795 Mbps     0 retrans    911 KB-cwnd
[2024-11-08T12:35:30.920783-0500]     1.3750 MB /   0.50 sec =   23.0696 Mbps     0 retrans    916 KB-cwnd
[2024-11-08T12:35:30.921447-0500]     1.3125 MB /   0.50 sec =   22.0198 Mbps     0 retrans    916 KB-cwnd
[2024-11-08T12:35:32.210697-0500]     1.0625 MB /   0.50 sec =   17.8260 Mbps     0 retrans    923 KB-cwnd
[2024-11-08T12:35:32.210985-0500]     1.0000 MB /   0.50 sec =   16.7763 Mbps     0 retrans    923 KB-cwnd
[2024-11-08T12:35:32.211037-0500]     0.8750 MB /   0.50 sec =   14.6812 Mbps     0 retrans    923 KB-cwnd
[2024-11-08T12:35:33.713785-0500]     1.2500 MB /   0.50 sec =   20.9708 Mbps     8 retrans    779 KB-cwnd
[2024-11-08T12:35:33.714008-0500]     0.8750 MB /   0.50 sec =   14.6799 Mbps     0 retrans    779 KB-cwnd
[2024-11-08T12:35:33.714057-0500]     0.0625 MB /   0.50 sec =    1.0486 Mbps     0 retrans    779 KB-cwnd
[2024-11-08T12:35:35.084837-0500]     2.0625 MB /   0.50 sec =   34.6038 Mbps     0 retrans    822 KB-cwnd
[2024-11-08T12:35:35.085314-0500]     0.9375 MB /   0.50 sec =   15.7286 Mbps     0 retrans    822 KB-cwnd
[2024-11-08T12:35:35.141779-0500]     0.2500 MB /   0.50 sec =    4.1944 Mbps     0 retrans    822 KB-cwnd
End time: 1731087335887
