Start time: 1730912833232
[2024-11-06T11:07:14.073041-0600] nuttcp-r: v8.1.4: socket
[2024-11-06T11:07:14.073893-0600] nuttcp-r: buflen=65536, nstream=1, port=5102 tcp
[2024-11-06T11:07:14.073985-0600] nuttcp-r: interval reporting every 0.50 seconds
[2024-11-06T11:07:14.074058-0600] nuttcp-r: connect to 54.197.223.49 with RTT=73.948 ms af=inet
[2024-11-06T11:07:14.074126-0600] nuttcp-r: send window size = 2097152, receive window size = 6291456
[2024-11-06T11:07:14.074192-0600] nuttcp-r: available send window = 1572864, available receive window = 4718592
[2024-11-06T11:07:14.074257-0600]     0.7500 MB /   0.50 sec =   12.5807 Mbps     0 retrans     13 KB-cwnd
[2024-11-06T11:07:14.572964-0600]     0.9375 MB /   0.50 sec =   15.7296 Mbps     0 retrans     13 KB-cwnd
[2024-11-06T11:07:15.073030-0600]     1.0625 MB /   0.50 sec =   17.8265 Mbps     0 retrans     13 KB-cwnd
[2024-11-06T11:07:15.572909-0600]     1.8125 MB /   0.50 sec =   30.4061 Mbps     0 retrans     13 KB-cwnd
[2024-11-06T11:07:16.073082-0600]     2.2500 MB /   0.50 sec =   37.7427 Mbps     0 retrans     13 KB-cwnd
[2024-11-06T11:07:16.572961-0600]     3.8750 MB /   0.50 sec =   65.0252 Mbps     0 retrans     13 KB-cwnd
[2024-11-06T11:07:17.072978-0600]     4.0625 MB /   0.50 sec =   68.1525 Mbps     0 retrans     13 KB-cwnd
[2024-11-06T11:07:17.572962-0600]     6.0000 MB /   0.50 sec =  100.6709 Mbps     0 retrans     13 KB-cwnd
[2024-11-06T11:07:18.073168-0600]     8.1250 MB /   0.50 sec =  136.3007 Mbps     0 retrans     13 KB-cwnd
[2024-11-06T11:07:18.572984-0600]     5.9375 MB /   0.50 sec =   99.6211 Mbps     0 retrans     13 KB-cwnd
[2024-11-06T11:07:19.073157-0600]     0.0000 MB /   0.50 sec =    0.0000 Mbps     0 retrans     13 KB-cwnd
[2024-11-06T11:07:19.573461-0600]     0.0000 MB /   0.50 sec =    0.0000 Mbps     0 retrans     13 KB-cwnd
[2024-11-06T11:07:20.072983-0600]     9.4375 MB /   0.50 sec =  158.4665 Mbps     0 retrans     13 KB-cwnd
[2024-11-06T11:07:20.573110-0600]     1.4375 MB /   0.50 sec =   24.1118 Mbps     0 retrans     13 KB-cwnd
[2024-11-06T11:07:21.073142-0600]     0.0000 MB /   0.50 sec =    0.0000 Mbps     0 retrans     13 KB-cwnd
[2024-11-06T11:07:21.573259-0600]     1.4375 MB /   0.50 sec =   24.1121 Mbps     0 retrans     13 KB-cwnd
[2024-11-06T11:07:22.072963-0600]     7.3125 MB /   0.50 sec =  122.7155 Mbps     0 retrans     13 KB-cwnd
[2024-11-06T11:07:22.572931-0600]     8.4375 MB /   0.50 sec =  141.5626 Mbps     0 retrans     13 KB-cwnd
[2024-11-06T11:07:23.072937-0600]     7.8125 MB /   0.50 sec =  131.0710 Mbps     0 retrans     13 KB-cwnd
[2024-11-06T11:07:23.572939-0600]     7.8750 MB /   0.50 sec =  132.1193 Mbps     0 retrans     13 KB-cwnd
[2024-11-06T11:07:24.072926-0600]     9.6875 MB /   0.50 sec =  162.5325 Mbps     0 retrans     13 KB-cwnd
[2024-11-06T11:07:24.573014-0600]     9.3125 MB /   0.50 sec =  156.2250 Mbps     0 retrans     13 KB-cwnd
[2024-11-06T11:07:25.073297-0600]     8.7500 MB /   0.50 sec =  146.7117 Mbps     0 retrans     13 KB-cwnd
[2024-11-06T11:07:25.572988-0600]    10.7500 MB /   0.50 sec =  180.4605 Mbps     0 retrans     13 KB-cwnd
[2024-11-06T11:07:26.073071-0600]     2.1250 MB /   0.50 sec =   35.6469 Mbps     0 retrans     13 KB-cwnd
[2024-11-06T11:07:26.573018-0600]     5.4375 MB /   0.50 sec =   91.2376 Mbps     0 retrans     13 KB-cwnd
[2024-11-06T11:07:27.073076-0600]     6.5625 MB /   0.50 sec =  110.0897 Mbps     0 retrans     13 KB-cwnd
[2024-11-06T11:07:27.572951-0600]     7.8750 MB /   0.50 sec =  132.1425 Mbps     0 retrans     13 KB-cwnd
[2024-11-06T11:07:28.073048-0600]     3.8750 MB /   0.50 sec =   65.0016 Mbps     0 retrans     13 KB-cwnd
[2024-11-06T11:07:28.573075-0600]     4.6250 MB /   0.50 sec =   77.5934 Mbps     0 retrans     13 KB-cwnd
[2024-11-06T11:07:29.072962-0600]     9.0625 MB /   0.50 sec =  152.0712 Mbps     0 retrans     13 KB-cwnd
[2024-11-06T11:07:29.573026-0600]     7.5000 MB /   0.50 sec =  125.8150 Mbps     0 retrans     26 KB-cwnd
[2024-11-06T11:07:30.073059-0600]     6.3125 MB /   0.50 sec =  105.9070 Mbps     0 retrans     26 KB-cwnd
[2024-11-06T11:07:30.573038-0600]     7.0000 MB /   0.50 sec =  117.4384 Mbps     0 retrans     26 KB-cwnd
[2024-11-06T11:07:31.073035-0600]     6.4375 MB /   0.50 sec =  108.0012 Mbps     0 retrans     26 KB-cwnd
[2024-11-06T11:07:31.572970-0600]     7.8750 MB /   0.50 sec =  132.1388 Mbps     0 retrans     26 KB-cwnd
[2024-11-06T11:07:32.072956-0600]     7.8125 MB /   0.50 sec =  131.0725 Mbps     0 retrans     26 KB-cwnd
[2024-11-06T11:07:32.573072-0600]     5.6875 MB /   0.50 sec =   95.4025 Mbps     0 retrans     26 KB-cwnd
[2024-11-06T11:07:33.072915-0600]     8.1875 MB /   0.50 sec =  137.3865 Mbps     0 retrans     26 KB-cwnd
[2024-11-06T11:07:33.573035-0600]     6.0625 MB /   0.50 sec =  101.7033 Mbps     0 retrans     26 KB-cwnd
[2024-11-06T11:07:34.072911-0600]    11.1875 MB /   0.50 sec =  187.7229 Mbps     0 retrans     26 KB-cwnd
[2024-11-06T11:07:34.572963-0600]    10.2500 MB /   0.50 sec =  171.9623 Mbps     0 retrans     26 KB-cwnd
[2024-11-06T11:07:35.073144-0600]     4.3750 MB /   0.50 sec =   73.3883 Mbps     0 retrans     26 KB-cwnd
[2024-11-06T11:07:35.573031-0600]     0.9375 MB /   0.50 sec =   15.7286 Mbps     0 retrans     26 KB-cwnd
[2024-11-06T11:07:36.072942-0600]     9.6875 MB /   0.50 sec =  162.5553 Mbps     0 retrans     26 KB-cwnd
[2024-11-06T11:07:36.573034-0600]     5.6875 MB /   0.50 sec =   95.4074 Mbps     0 retrans     26 KB-cwnd
[2024-11-06T11:07:37.072991-0600]    12.2500 MB /   0.50 sec =  205.5250 Mbps     0 retrans     28 KB-cwnd
[2024-11-06T11:07:37.572977-0600]    10.6875 MB /   0.50 sec =  179.3255 Mbps     0 retrans     34 KB-cwnd
[2024-11-06T11:07:38.072945-0600]    11.4375 MB /   0.50 sec =  191.8890 Mbps     0 retrans     40 KB-cwnd
[2024-11-06T11:07:38.573068-0600]     9.7500 MB /   0.50 sec =  163.5461 Mbps     0 retrans     40 KB-cwnd
[2024-11-06T11:07:39.072959-0600]     8.2500 MB /   0.50 sec =  138.4381 Mbps     0 retrans     40 KB-cwnd
[2024-11-06T11:07:39.572951-0600]    10.6875 MB /   0.50 sec =  179.3086 Mbps     0 retrans     40 KB-cwnd
[2024-11-06T11:07:40.072997-0600]    13.0625 MB /   0.50 sec =  219.1313 Mbps     0 retrans     43 KB-cwnd
[2024-11-06T11:07:40.573002-0600]    12.6250 MB /   0.50 sec =  211.8357 Mbps  3862 retrans   2532 KB-cwnd
[2024-11-06T11:07:41.073125-0600]    10.1875 MB /   0.50 sec =  170.8984 Mbps     0 retrans   2532 KB-cwnd
[2024-11-06T11:07:41.573069-0600]     6.5000 MB /   0.50 sec =  109.0478 Mbps     0 retrans   2532 KB-cwnd
[2024-11-06T11:07:42.073254-0600]    10.5625 MB /   0.50 sec =  177.1824 Mbps     0 retrans   2532 KB-cwnd
[2024-11-06T11:07:42.573085-0600]    10.2500 MB /   0.50 sec =  171.9823 Mbps     0 retrans   2497 KB-cwnd
[2024-11-06T11:07:43.073026-0600]     5.5625 MB /   0.50 sec =   93.3289 Mbps     0 retrans   2497 KB-cwnd
[2024-11-06T11:07:43.573002-0600]    13.6250 MB /   0.50 sec =  228.6005 Mbps   976 retrans   2476 KB-cwnd
[2024-11-06T11:07:44.073090-0600]     6.4375 MB /   0.50 sec =  107.9884 Mbps     0 retrans   2476 KB-cwnd
[2024-11-06T11:07:44.572976-0600]    12.6875 MB /   0.50 sec =  212.9086 Mbps     0 retrans   2476 KB-cwnd
[2024-11-06T11:07:45.072945-0600]    11.8125 MB /   0.50 sec =  198.1824 Mbps     0 retrans   2543 KB-cwnd
[2024-11-06T11:07:45.572959-0600]    11.2500 MB /   0.50 sec =  188.7441 Mbps     0 retrans   2543 KB-cwnd
[2024-11-06T11:07:46.072913-0600]     9.0625 MB /   0.50 sec =  152.0417 Mbps     0 retrans   2564 KB-cwnd
[2024-11-06T11:07:46.573041-0600]     9.3750 MB /   0.50 sec =  157.2694 Mbps     5 retrans   3732 KB-cwnd
[2024-11-06T11:07:47.072934-0600]     8.3750 MB /   0.50 sec =  140.5359 Mbps     0 retrans   3732 KB-cwnd
[2024-11-06T11:07:47.572949-0600]    11.3750 MB /   0.50 sec =  190.8271 Mbps     0 retrans   3732 KB-cwnd
[2024-11-06T11:07:48.072950-0600]     5.0625 MB /   0.50 sec =   84.9341 Mbps     0 retrans   3732 KB-cwnd
[2024-11-06T11:07:48.572961-0600]    10.2500 MB /   0.50 sec =  171.9658 Mbps     0 retrans   3732 KB-cwnd
[2024-11-06T11:07:49.072967-0600]     9.6875 MB /   0.50 sec =  162.5296 Mbps     0 retrans   3732 KB-cwnd
[2024-11-06T11:07:49.573051-0600]     6.8750 MB /   0.50 sec =  115.3272 Mbps     0 retrans   3732 KB-cwnd
[2024-11-06T11:07:50.073065-0600]     0.0000 MB /   0.50 sec =    0.0000 Mbps     0 retrans   3732 KB-cwnd
[2024-11-06T11:07:50.573064-0600]     0.0000 MB /   0.50 sec =    0.0000 Mbps     0 retrans   3732 KB-cwnd
[2024-11-06T11:07:51.073196-0600]     1.1250 MB /   0.50 sec =   18.8700 Mbps     0 retrans   3732 KB-cwnd
[2024-11-06T11:07:51.573048-0600]     0.0000 MB /   0.50 sec =    0.0000 Mbps     0 retrans   3732 KB-cwnd
[2024-11-06T11:07:52.073029-0600]     0.0000 MB /   0.50 sec =    0.0000 Mbps     0 retrans   3732 KB-cwnd
[2024-11-06T11:07:52.573295-0600]     0.0000 MB /   0.50 sec =    0.0000 Mbps     0 retrans   3732 KB-cwnd
[2024-11-06T11:07:53.073036-0600]     0.0000 MB /   0.50 sec =    0.0000 Mbps     0 retrans   3732 KB-cwnd
[2024-11-06T11:07:53.572931-0600]     6.8750 MB /   0.50 sec =  115.3577 Mbps     9 retrans   3146 KB-cwnd
[2024-11-06T11:07:54.073980-0600]     4.6875 MB /   0.50 sec =   78.4848 Mbps     0 retrans   3146 KB-cwnd
[2024-11-06T11:07:54.572986-0600]     7.8125 MB /   0.50 sec =  131.3252 Mbps     0 retrans   3146 KB-cwnd
[2024-11-06T11:07:55.073092-0600]     0.5625 MB /   0.50 sec =    9.4357 Mbps     0 retrans   3146 KB-cwnd
[2024-11-06T11:07:55.572970-0600]     3.8750 MB /   0.50 sec =   65.0268 Mbps     0 retrans   3146 KB-cwnd
[2024-11-06T11:07:56.073169-0600]     2.8750 MB /   0.50 sec =   48.2240 Mbps     0 retrans   3146 KB-cwnd
[2024-11-06T11:07:56.572968-0600]     6.5625 MB /   0.50 sec =  110.1218 Mbps     0 retrans   3146 KB-cwnd
[2024-11-06T11:07:57.072944-0600]     7.6875 MB /   0.50 sec =  128.9797 Mbps     0 retrans   3146 KB-cwnd
[2024-11-06T11:07:57.572975-0600]     7.2500 MB /   0.50 sec =  121.6280 Mbps     0 retrans   3146 KB-cwnd
[2024-11-06T11:07:58.073009-0600]     8.0625 MB /   0.50 sec =  135.2590 Mbps     0 retrans   3146 KB-cwnd
[2024-11-06T11:07:58.572951-0600]     4.3125 MB /   0.50 sec =   72.3594 Mbps     0 retrans   3146 KB-cwnd
[2024-11-06T11:07:59.072961-0600]     7.1250 MB /   0.50 sec =  119.5336 Mbps     3 retrans   3356 KB-cwnd
[2024-11-06T11:07:59.572964-0600]     3.8125 MB /   0.50 sec =   63.9648 Mbps     0 retrans   3356 KB-cwnd
[2024-11-06T11:08:00.072971-0600]     7.8750 MB /   0.50 sec =  132.1156 Mbps     0 retrans   3356 KB-cwnd
[2024-11-06T11:08:00.572955-0600]     6.6250 MB /   0.50 sec =  111.1544 Mbps     0 retrans   3356 KB-cwnd
[2024-11-06T11:08:01.072942-0600]     8.5625 MB /   0.50 sec =  143.6555 Mbps     0 retrans   3356 KB-cwnd
[2024-11-06T11:08:01.572865-0600]     8.6875 MB /   0.50 sec =  145.7594 Mbps     0 retrans   3356 KB-cwnd
[2024-11-06T11:08:02.072954-0600]     8.3125 MB /   0.50 sec =  139.4517 Mbps     0 retrans   3356 KB-cwnd
[2024-11-06T11:08:02.573009-0600]    10.0000 MB /   0.50 sec =  167.7557 Mbps     0 retrans   3356 KB-cwnd
[2024-11-06T11:08:03.072949-0600]    11.0000 MB /   0.50 sec =  184.5693 Mbps  5907 retrans   2443 KB-cwnd
[2024-11-06T11:08:03.572859-0600]     9.8125 MB /   0.50 sec =  164.6376 Mbps     0 retrans   2443 KB-cwnd
[2024-11-06T11:08:04.072981-0600]     8.1875 MB /   0.50 sec =  137.3516 Mbps     0 retrans   2443 KB-cwnd
[2024-11-06T11:08:04.573182-0600]     3.6250 MB /   0.50 sec =   60.8093 Mbps     0 retrans   2400 KB-cwnd
[2024-11-06T11:08:05.073191-0600]     1.5625 MB /   0.50 sec =   26.2135 Mbps     0 retrans   2400 KB-cwnd
[2024-11-06T11:08:05.573050-0600]     1.8750 MB /   0.50 sec =   31.4583 Mbps     0 retrans   2400 KB-cwnd
[2024-11-06T11:08:06.073000-0600]     7.0000 MB /   0.50 sec =  117.4560 Mbps     0 retrans   2400 KB-cwnd
[2024-11-06T11:08:06.572954-0600]     7.7500 MB /   0.50 sec =  130.0265 Mbps     0 retrans   2400 KB-cwnd
[2024-11-06T11:08:07.072910-0600]     3.4375 MB /   0.50 sec =   57.6696 Mbps     0 retrans   2400 KB-cwnd
[2024-11-06T11:08:07.573009-0600]     8.5000 MB /   0.50 sec =  142.6035 Mbps   525 retrans   3065 KB-cwnd
[2024-11-06T11:08:08.072951-0600]     6.8750 MB /   0.50 sec =  115.3494 Mbps     0 retrans   3065 KB-cwnd
[2024-11-06T11:08:08.572953-0600]     3.8750 MB /   0.50 sec =   65.0122 Mbps     0 retrans   3065 KB-cwnd
[2024-11-06T11:08:09.072955-0600]     5.1875 MB /   0.50 sec =   87.0302 Mbps     0 retrans   3065 KB-cwnd
[2024-11-06T11:08:09.573132-0600]     6.8750 MB /   0.50 sec =  115.3304 Mbps     0 retrans   3065 KB-cwnd
[2024-11-06T11:08:10.072952-0600]     4.5625 MB /   0.50 sec =   76.5531 Mbps     0 retrans   3065 KB-cwnd
[2024-11-06T11:08:10.572955-0600]     6.5625 MB /   0.50 sec =  110.1033 Mbps     0 retrans   3065 KB-cwnd
[2024-11-06T11:08:11.072980-0600]     8.5000 MB /   0.50 sec =  142.6095 Mbps     0 retrans   3065 KB-cwnd
[2024-11-06T11:08:11.572948-0600]     9.4375 MB /   0.50 sec =  158.3331 Mbps     0 retrans   3065 KB-cwnd
[2024-11-06T11:08:12.072996-0600]    10.3750 MB /   0.50 sec =  174.0462 Mbps     8 retrans   3111 KB-cwnd
[2024-11-06T11:08:12.573016-0600]    13.9375 MB /   0.50 sec =  233.8371 Mbps     0 retrans   3132 KB-cwnd
[2024-11-06T11:08:13.072949-0600]    11.1250 MB /   0.50 sec =  186.6603 Mbps     0 retrans   3132 KB-cwnd
[2024-11-06T11:08:13.573084-0600]     9.0000 MB /   0.50 sec =  150.9654 Mbps     0 retrans   3132 KB-cwnd
[2024-11-06T11:08:14.072911-0600]    17.8750 MB /   0.50 sec =  299.9569 Mbps     0 retrans   3132 KB-cwnd
[2024-11-06T11:08:14.573107-0600]    16.0000 MB /   0.50 sec =  268.4118 Mbps   828 retrans   2661 KB-cwnd
[2024-11-06T11:08:15.072944-0600]    15.9375 MB /   0.50 sec =  267.4056 Mbps     0 retrans   2661 KB-cwnd
[2024-11-06T11:08:15.572974-0600]    14.6250 MB /   0.50 sec =  245.3658 Mbps     0 retrans   2661 KB-cwnd
[2024-11-06T11:08:16.072942-0600]    18.0000 MB /   0.50 sec =  301.9929 Mbps     5 retrans   3078 KB-cwnd
[2024-11-06T11:08:16.572953-0600]    16.7500 MB /   0.50 sec =  281.0172 Mbps     0 retrans   3078 KB-cwnd
[2024-11-06T11:08:17.072936-0600]    15.3750 MB /   0.50 sec =  257.9533 Mbps     0 retrans   3014 KB-cwnd
[2024-11-06T11:08:17.573150-0600]    19.5625 MB /   0.50 sec =  328.1931 Mbps     0 retrans   3014 KB-cwnd
[2024-11-06T11:08:18.072936-0600]    19.1875 MB /   0.50 sec =  321.9231 Mbps     1 retrans   5202 KB-cwnd
[2024-11-06T11:08:18.573042-0600]     6.5625 MB /   0.50 sec =  110.0829 Mbps     0 retrans   5202 KB-cwnd
[2024-11-06T11:08:19.076007-0600]    14.0000 MB /   0.50 sec =  233.5089 Mbps     0 retrans   5202 KB-cwnd
[2024-11-06T11:08:19.573089-0600]    10.6250 MB /   0.50 sec =  179.3058 Mbps     0 retrans   5202 KB-cwnd
[2024-11-06T11:08:20.073138-0600]    20.7500 MB /   0.50 sec =  348.1426 Mbps     1 retrans   4839 KB-cwnd
[2024-11-06T11:08:20.572982-0600]    15.1875 MB /   0.50 sec =  254.8289 Mbps     0 retrans   4839 KB-cwnd
[2024-11-06T11:08:21.072909-0600]     9.8125 MB /   0.50 sec =  164.6261 Mbps     0 retrans   4839 KB-cwnd
[2024-11-06T11:08:21.572995-0600]    16.0000 MB /   0.50 sec =  268.4360 Mbps     0 retrans   4839 KB-cwnd
[2024-11-06T11:08:22.072899-0600]    15.3750 MB /   0.50 sec =  257.9605 Mbps     0 retrans   6435 KB-cwnd
[2024-11-06T11:08:22.572947-0600]    14.7500 MB /   0.50 sec =  247.4615 Mbps     0 retrans   6435 KB-cwnd
[2024-11-06T11:08:23.073056-0600]     9.2500 MB /   0.50 sec =  155.1638 Mbps     0 retrans   6435 KB-cwnd
[2024-11-06T11:08:23.573045-0600]    10.2500 MB /   0.50 sec =  171.9730 Mbps     0 retrans   6435 KB-cwnd
[2024-11-06T11:08:24.072898-0600]    18.1250 MB /   0.50 sec =  304.1369 Mbps     0 retrans   6435 KB-cwnd
[2024-11-06T11:08:24.573019-0600]    20.6250 MB /   0.50 sec =  345.9927 Mbps   250 retrans   5530 KB-cwnd
[2024-11-06T11:08:25.072970-0600]    23.0625 MB /   0.50 sec =  386.9091 Mbps     0 retrans   5530 KB-cwnd
[2024-11-06T11:08:25.573040-0600]    25.8125 MB /   0.50 sec =  433.0376 Mbps     3 retrans   5372 KB-cwnd
[2024-11-06T11:08:26.072944-0600]    27.6250 MB /   0.50 sec =  463.5485 Mbps     0 retrans   5372 KB-cwnd
[2024-11-06T11:08:26.573005-0600]    20.8125 MB /   0.50 sec =  349.1346 Mbps     0 retrans   5372 KB-cwnd
[2024-11-06T11:08:27.073028-0600]     9.3125 MB /   0.50 sec =  156.2338 Mbps     4 retrans   5705 KB-cwnd
[2024-11-06T11:08:27.572882-0600]    19.9375 MB /   0.50 sec =  334.5506 Mbps     0 retrans   5705 KB-cwnd
[2024-11-06T11:08:28.073007-0600]    15.2500 MB /   0.50 sec =  255.8357 Mbps     0 retrans   5708 KB-cwnd
[2024-11-06T11:08:28.573047-0600]    17.3750 MB /   0.50 sec =  291.4744 Mbps     0 retrans   5921 KB-cwnd
[2024-11-06T11:08:29.072975-0600]    18.0000 MB /   0.50 sec =  302.0249 Mbps     0 retrans   6674 KB-cwnd
[2024-11-06T11:08:29.572947-0600]    17.6875 MB /   0.50 sec =  296.7583 Mbps     0 retrans   6674 KB-cwnd
[2024-11-06T11:08:30.072977-0600]    19.9375 MB /   0.50 sec =  334.4777 Mbps     0 retrans   6674 KB-cwnd
[2024-11-06T11:08:30.572947-0600]    22.1250 MB /   0.50 sec =  371.2108 Mbps     0 retrans   5730 KB-cwnd
[2024-11-06T11:08:31.073061-0600]    15.0625 MB /   0.50 sec =  252.6608 Mbps     0 retrans   5730 KB-cwnd
[2024-11-06T11:08:31.573055-0600]     6.2500 MB /   0.50 sec =  104.8614 Mbps     0 retrans   5730 KB-cwnd
[2024-11-06T11:08:32.072961-0600]    17.0000 MB /   0.50 sec =  285.2555 Mbps     1 retrans   5727 KB-cwnd
[2024-11-06T11:08:32.573032-0600]     7.7500 MB /   0.50 sec =  130.0063 Mbps     4 retrans   5552 KB-cwnd
[2024-11-06T11:08:33.072923-0600]    11.8750 MB /   0.50 sec =  199.2502 Mbps     1 retrans   5552 KB-cwnd
[2024-11-06T11:08:33.572942-0600]    14.0000 MB /   0.50 sec =  234.8923 Mbps     0 retrans   5552 KB-cwnd
[2024-11-06T11:08:34.072896-0600]    15.8125 MB /   0.50 sec =  265.2993 Mbps     0 retrans   5552 KB-cwnd
[2024-11-06T11:08:34.572994-0600]     7.0625 MB /   0.50 sec =  118.4756 Mbps     0 retrans   5552 KB-cwnd
[2024-11-06T11:08:35.073063-0600]    10.6875 MB /   0.50 sec =  179.2853 Mbps     2 retrans   6254 KB-cwnd
[2024-11-06T11:08:35.573076-0600]     9.1875 MB /   0.50 sec =  154.1376 Mbps     0 retrans   6254 KB-cwnd
[2024-11-06T11:08:36.072902-0600]    12.0000 MB /   0.50 sec =  201.3632 Mbps     0 retrans   6354 KB-cwnd
[2024-11-06T11:08:36.572973-0600]    11.2500 MB /   0.50 sec =  188.7425 Mbps     0 retrans   6354 KB-cwnd
[2024-11-06T11:08:37.073009-0600]     6.3125 MB /   0.50 sec =  105.8971 Mbps     0 retrans   6354 KB-cwnd
[2024-11-06T11:08:37.573021-0600]     4.5000 MB /   0.50 sec =   75.4945 Mbps     0 retrans   6354 KB-cwnd
[2024-11-06T11:08:38.073005-0600]     7.4375 MB /   0.50 sec =  124.7855 Mbps     0 retrans   6354 KB-cwnd
[2024-11-06T11:08:38.573087-0600]     0.1250 MB /   0.50 sec =    2.0970 Mbps     0 retrans   6354 KB-cwnd
[2024-11-06T11:08:39.073057-0600]     0.0000 MB /   0.50 sec =    0.0000 Mbps     0 retrans   6354 KB-cwnd
[2024-11-06T11:08:39.572898-0600]     0.0000 MB /   0.50 sec =    0.0000 Mbps     0 retrans   6354 KB-cwnd
[2024-11-06T11:08:40.073021-0600]     0.9375 MB /   0.50 sec =   15.7277 Mbps     0 retrans   6354 KB-cwnd
[2024-11-06T11:08:40.572946-0600]     2.3125 MB /   0.50 sec =   38.7996 Mbps     0 retrans   6354 KB-cwnd
[2024-11-06T11:08:41.072953-0600]     3.1875 MB /   0.50 sec =   53.4774 Mbps     0 retrans   6354 KB-cwnd
[2024-11-06T11:08:41.573003-0600]     3.0000 MB /   0.50 sec =   50.3266 Mbps     9 retrans   5199 KB-cwnd
[2024-11-06T11:08:42.072929-0600]     2.0000 MB /   0.50 sec =   33.5569 Mbps     0 retrans   5199 KB-cwnd
[2024-11-06T11:08:42.572979-0600]     2.0625 MB /   0.50 sec =   34.6036 Mbps     0 retrans   5199 KB-cwnd
[2024-11-06T11:08:43.072940-0600]     4.5625 MB /   0.50 sec =   76.5516 Mbps     0 retrans   5199 KB-cwnd
[2024-11-06T11:08:43.572987-0600]     6.3750 MB /   0.50 sec =  106.9449 Mbps     0 retrans   4430 KB-cwnd
[2024-11-06T11:08:44.072958-0600]     9.1875 MB /   0.50 sec =  154.1428 Mbps     0 retrans   4430 KB-cwnd
[2024-11-06T11:08:44.572937-0600]    12.0625 MB /   0.50 sec =  202.3792 Mbps     0 retrans   4430 KB-cwnd
[2024-11-06T11:08:45.072897-0600]    16.2500 MB /   0.50 sec =  272.6303 Mbps     0 retrans   4430 KB-cwnd
[2024-11-06T11:08:45.572906-0600]    20.0625 MB /   0.50 sec =  336.6010 Mbps     9 retrans   4322 KB-cwnd
[2024-11-06T11:08:46.073042-0600]    24.1875 MB /   0.50 sec =  405.7178 Mbps     0 retrans   4322 KB-cwnd
[2024-11-06T11:08:46.573035-0600]    20.1250 MB /   0.50 sec =  337.6563 Mbps     0 retrans   4322 KB-cwnd
[2024-11-06T11:08:47.072893-0600]    20.8125 MB /   0.50 sec =  349.2331 Mbps  2249 retrans   1391 KB-cwnd
[2024-11-06T11:08:47.573223-0600]    23.3125 MB /   0.50 sec =  391.0453 Mbps     0 retrans   1431 KB-cwnd
[2024-11-06T11:08:48.072946-0600]     5.1875 MB /   0.50 sec =   87.0454 Mbps     0 retrans   1431 KB-cwnd
[2024-11-06T11:08:48.572990-0600]     2.8125 MB /   0.50 sec =   47.1824 Mbps     0 retrans   1446 KB-cwnd
[2024-11-06T11:08:49.072930-0600]    14.5000 MB /   0.50 sec =  243.2740 Mbps     0 retrans   4790 KB-cwnd
[2024-11-06T11:08:49.573006-0600]    12.2500 MB /   0.50 sec =  205.5032 Mbps     0 retrans   4790 KB-cwnd
[2024-11-06T11:08:50.073090-0600]     1.3750 MB /   0.50 sec =   23.0663 Mbps     0 retrans   4790 KB-cwnd
[2024-11-06T11:08:50.573045-0600]     9.5000 MB /   0.50 sec =  159.3995 Mbps     0 retrans   4790 KB-cwnd
[2024-11-06T11:08:51.072969-0600]    12.2500 MB /   0.50 sec =  205.5419 Mbps     0 retrans   4790 KB-cwnd
[2024-11-06T11:08:51.572916-0600]     6.8125 MB /   0.50 sec =  114.2943 Mbps     0 retrans   4887 KB-cwnd
[2024-11-06T11:08:52.073088-0600]     5.3750 MB /   0.50 sec =   90.1622 Mbps     0 retrans   4887 KB-cwnd
[2024-11-06T11:08:52.573072-0600]     0.2500 MB /   0.50 sec =    4.1952 Mbps     0 retrans   4887 KB-cwnd
[2024-11-06T11:08:53.073072-0600]     2.1875 MB /   0.50 sec =   36.6934 Mbps     0 retrans   4887 KB-cwnd
[2024-11-06T11:08:53.572869-0600]    10.3750 MB /   0.50 sec =  174.1068 Mbps     1 retrans   5358 KB-cwnd
[2024-11-06T11:08:54.072966-0600]     3.9375 MB /   0.50 sec =   66.0562 Mbps     0 retrans   5358 KB-cwnd
[2024-11-06T11:08:54.573125-0600]     2.0625 MB /   0.50 sec =   34.5991 Mbps     0 retrans   5358 KB-cwnd
[2024-11-06T11:08:55.073026-0600]    13.5000 MB /   0.50 sec =  226.4956 Mbps     1 retrans   5358 KB-cwnd
[2024-11-06T11:08:55.572938-0600]    12.5000 MB /   0.50 sec =  209.7383 Mbps     0 retrans   5358 KB-cwnd
[2024-11-06T11:08:56.072960-0600]    14.0625 MB /   0.50 sec =  235.9022 Mbps     0 retrans   5358 KB-cwnd
[2024-11-06T11:08:56.573067-0600]    12.9375 MB /   0.50 sec =  217.0405 Mbps  1337 retrans   5982 KB-cwnd
[2024-11-06T11:08:57.072957-0600]    12.0625 MB /   0.50 sec =  202.4250 Mbps     1 retrans   5006 KB-cwnd
[2024-11-06T11:08:57.572966-0600]    11.9375 MB /   0.50 sec =  200.2568 Mbps     0 retrans   5006 KB-cwnd
[2024-11-06T11:08:58.072968-0600]    16.7500 MB /   0.50 sec =  281.0240 Mbps     0 retrans   5006 KB-cwnd
[2024-11-06T11:08:58.573126-0600]     5.3125 MB /   0.50 sec =   89.1097 Mbps     0 retrans   5006 KB-cwnd
[2024-11-06T11:08:59.072941-0600]     0.0000 MB /   0.50 sec =    0.0000 Mbps     0 retrans   5006 KB-cwnd
[2024-11-06T11:08:59.572949-0600]    18.2500 MB /   0.50 sec =  306.2050 Mbps  4942 retrans   4074 KB-cwnd
[2024-11-06T11:09:00.073003-0600]    12.8750 MB /   0.50 sec =  215.9954 Mbps     0 retrans   4074 KB-cwnd
[2024-11-06T11:09:00.573066-0600]     3.1875 MB /   0.50 sec =   53.4757 Mbps     0 retrans   4074 KB-cwnd
[2024-11-06T11:09:01.072991-0600]     7.5000 MB /   0.50 sec =  125.8324 Mbps     0 retrans   4074 KB-cwnd
[2024-11-06T11:09:01.573050-0600]     3.9375 MB /   0.50 sec =   66.0558 Mbps     0 retrans   4074 KB-cwnd
[2024-11-06T11:09:02.073065-0600]     0.2500 MB /   0.50 sec =    4.1941 Mbps     0 retrans   4074 KB-cwnd
[2024-11-06T11:09:02.572896-0600]     1.5000 MB /   0.50 sec =   25.1701 Mbps     0 retrans   4074 KB-cwnd
[2024-11-06T11:09:03.073143-0600]     0.0625 MB /   0.50 sec =    1.0485 Mbps     0 retrans   4074 KB-cwnd
[2024-11-06T11:09:03.573053-0600]     0.0000 MB /   0.50 sec =    0.0000 Mbps     0 retrans   4074 KB-cwnd
[2024-11-06T11:09:04.073273-0600]     0.0000 MB /   0.50 sec =    0.0000 Mbps     0 retrans   4074 KB-cwnd
[2024-11-06T11:09:04.573054-0600]     0.7500 MB /   0.50 sec =   12.5849 Mbps     0 retrans   4074 KB-cwnd
[2024-11-06T11:09:05.072960-0600]     0.4375 MB /   0.50 sec =    7.3406 Mbps     0 retrans   4074 KB-cwnd
[2024-11-06T11:09:05.572984-0600]     3.5625 MB /   0.50 sec =   59.7655 Mbps     0 retrans   4074 KB-cwnd
[2024-11-06T11:09:06.072960-0600]     4.6250 MB /   0.50 sec =   77.5991 Mbps     0 retrans   4074 KB-cwnd
[2024-11-06T11:09:06.573178-0600]     4.3125 MB /   0.50 sec =   72.3502 Mbps     0 retrans   4074 KB-cwnd
[2024-11-06T11:09:07.073107-0600]     0.8125 MB /   0.50 sec =   13.6281 Mbps     0 retrans   4074 KB-cwnd
[2024-11-06T11:09:07.572970-0600]     0.3125 MB /   0.50 sec =    5.2441 Mbps     0 retrans   4074 KB-cwnd
[2024-11-06T11:09:08.072913-0600]     0.1875 MB /   0.50 sec =    3.1457 Mbps     0 retrans   4074 KB-cwnd
[2024-11-06T11:09:08.573028-0600]     0.6250 MB /   0.50 sec =   10.4849 Mbps     0 retrans   4074 KB-cwnd
[2024-11-06T11:09:09.073043-0600]     0.1250 MB /   0.50 sec =    2.0972 Mbps     0 retrans   4074 KB-cwnd
[2024-11-06T11:09:09.573188-0600]     0.0000 MB /   0.50 sec =    0.0000 Mbps     0 retrans   4074 KB-cwnd
[2024-11-06T11:09:10.072973-0600]     0.0000 MB /   0.50 sec =    0.0000 Mbps     0 retrans   4074 KB-cwnd
[2024-11-06T11:09:10.573013-0600]     0.0000 MB /   0.50 sec =    0.0000 Mbps     0 retrans   4074 KB-cwnd
[2024-11-06T11:09:11.073018-0600]     3.3750 MB /   0.50 sec =   56.6207 Mbps     0 retrans   4074 KB-cwnd
[2024-11-06T11:09:11.572966-0600]     1.6250 MB /   0.50 sec =   27.2662 Mbps     0 retrans   4074 KB-cwnd
[2024-11-06T11:09:12.072969-0600]     0.1875 MB /   0.50 sec =    3.1457 Mbps     0 retrans   4074 KB-cwnd
[2024-11-06T11:09:12.573101-0600]     2.2500 MB /   0.50 sec =   37.7486 Mbps     4 retrans   4158 KB-cwnd
[2024-11-06T11:09:13.073007-0600]     2.1875 MB /   0.50 sec =   36.6987 Mbps     0 retrans   4158 KB-cwnd
[2024-11-06T11:09:13.572942-0600]     2.5625 MB /   0.50 sec =   42.9952 Mbps     0 retrans   4158 KB-cwnd
[2024-11-06T11:09:14.072988-0600]     3.1250 MB /   0.50 sec =   52.4267 Mbps     0 retrans   4158 KB-cwnd
End time: 1730912954339
