Start time: 1730674254419
[2024-11-03T15:50:55.992330-0700] nuttcp-t: v8.1.4: socket
[2024-11-03T15:50:55.992934-0700] nuttcp-t: buflen=65536, nstream=1, port=5101 tcp -> 54.176.53.206
[2024-11-03T15:50:55.992972-0700] nuttcp-t: time limit = 120.00 seconds
[2024-11-03T15:50:55.992999-0700] nuttcp-t: connect to 54.176.53.206 with mss=1376, RTT=80.497 ms af=inet
[2024-11-03T15:50:55.993024-0700] nuttcp-t: send window size = 1048576, receive window size = 4194304
[2024-11-03T15:50:55.993049-0700] nuttcp-t: available send window = 786432, available receive window = 3145728
[2024-11-03T15:50:55.993073-0700] nuttcp-t: initial congestion window = 13 KB (10 packets)
[2024-11-03T15:50:55.993100-0700] nuttcp-r: v6.1.2: socket
[2024-11-03T15:50:55.993123-0700] nuttcp-r: buflen=65536, nstream=1, port=5101 tcp
[2024-11-03T15:50:55.993147-0700] nuttcp-r: interval reporting every 0.50 seconds
[2024-11-03T15:50:55.993171-0700] nuttcp-r: accept from 174.201.54.66
[2024-11-03T15:50:55.993195-0700] nuttcp-r: send window size = 450000000, receive window size = 450000000
[2024-11-03T15:50:55.993218-0700] nuttcp-r: available send window = 225000000, available receive window = 225000000
[2024-11-03T15:50:55.993247-0700]     0.2500 MB /   0.50 sec =    4.1940 Mbps     0 retrans    874 KB-cwnd
[2024-11-03T15:50:55.993274-0700]     0.5000 MB /   0.50 sec =    8.3887 Mbps     0 retrans    874 KB-cwnd
[2024-11-03T15:50:56.850903-0700]     0.7500 MB /   0.50 sec =   12.5831 Mbps     0 retrans   1413 KB-cwnd
[2024-11-03T15:50:57.255099-0700]     0.6875 MB /   0.50 sec =   11.5345 Mbps     0 retrans   1413 KB-cwnd
[2024-11-03T15:50:57.681213-0700]     0.8125 MB /   0.50 sec =   13.6315 Mbps     0 retrans   1413 KB-cwnd
[2024-11-03T15:50:58.261628-0700]     0.7500 MB /   0.50 sec =   12.5827 Mbps     0 retrans   1413 KB-cwnd
[2024-11-03T15:50:59.206000-0700]     0.5000 MB /   0.50 sec =    8.3885 Mbps     0 retrans   1413 KB-cwnd
[2024-11-03T15:50:59.206480-0700]     0.3750 MB /   0.50 sec =    6.2914 Mbps     0 retrans   1413 KB-cwnd
[2024-11-03T15:50:59.879866-0700]     0.3750 MB /   0.50 sec =    6.2916 Mbps     0 retrans   1413 KB-cwnd
[2024-11-03T15:51:00.433474-0700]     0.5000 MB /   0.50 sec =    8.3889 Mbps     0 retrans   1413 KB-cwnd
[2024-11-03T15:51:00.433865-0700]     0.6250 MB /   0.50 sec =   10.4857 Mbps     0 retrans   1413 KB-cwnd
[2024-11-03T15:51:00.904029-0700]     0.6875 MB /   0.50 sec =   11.5345 Mbps     0 retrans   1451 KB-cwnd
[2024-11-03T15:51:01.523410-0700]     1.1250 MB /   0.50 sec =   18.8695 Mbps     0 retrans   1738 KB-cwnd
[2024-11-03T15:51:02.137496-0700]     1.1875 MB /   0.50 sec =   19.9270 Mbps     0 retrans   1738 KB-cwnd
[2024-11-03T15:51:02.473216-0700]     0.9375 MB /   0.50 sec =   15.7288 Mbps     0 retrans   1738 KB-cwnd
[2024-11-03T15:51:03.149667-0700]     1.1250 MB /   0.50 sec =   18.8747 Mbps     0 retrans   1738 KB-cwnd
[2024-11-03T15:51:03.465475-0700]     0.9375 MB /   0.50 sec =   15.7288 Mbps     0 retrans   1738 KB-cwnd
[2024-11-03T15:51:03.948559-0700]     0.6875 MB /   0.50 sec =   11.5344 Mbps     0 retrans   1738 KB-cwnd
[2024-11-03T15:51:04.627590-0700]     0.8750 MB /   0.50 sec =   14.6779 Mbps     0 retrans   1738 KB-cwnd
[2024-11-03T15:51:04.928676-0700]     1.1250 MB /   0.50 sec =   18.8776 Mbps     0 retrans   1738 KB-cwnd
[2024-11-03T15:51:05.557804-0700]     0.9375 MB /   0.50 sec =   15.7282 Mbps     0 retrans   1738 KB-cwnd
[2024-11-03T15:51:06.029440-0700]     1.3750 MB /   0.50 sec =   23.0689 Mbps     0 retrans   1851 KB-cwnd
[2024-11-03T15:51:06.599227-0700]     1.3125 MB /   0.50 sec =   22.0194 Mbps     0 retrans   1851 KB-cwnd
[2024-11-03T15:51:07.111164-0700]     1.2500 MB /   0.50 sec =   20.9715 Mbps     0 retrans   1851 KB-cwnd
[2024-11-03T15:51:07.589160-0700]     1.4375 MB /   0.50 sec =   24.1181 Mbps     0 retrans   1851 KB-cwnd
[2024-11-03T15:51:08.103013-0700]     1.3750 MB /   0.50 sec =   23.0681 Mbps     0 retrans   1851 KB-cwnd
[2024-11-03T15:51:08.665299-0700]     1.2500 MB /   0.50 sec =   20.9721 Mbps     0 retrans   1851 KB-cwnd
[2024-11-03T15:51:08.906867-0700]     1.2500 MB /   0.50 sec =   20.9704 Mbps     0 retrans   1851 KB-cwnd
[2024-11-03T15:51:09.421308-0700]     1.3750 MB /   0.50 sec =   23.0696 Mbps     0 retrans   1851 KB-cwnd
[2024-11-03T15:51:09.944233-0700]     1.3125 MB /   0.50 sec =   22.0192 Mbps     0 retrans   1851 KB-cwnd
[2024-11-03T15:51:10.707463-0700]     1.4375 MB /   0.50 sec =   24.1182 Mbps     0 retrans   1851 KB-cwnd
[2024-11-03T15:51:11.025335-0700]     1.1250 MB /   0.50 sec =   18.8747 Mbps     0 retrans   1851 KB-cwnd
[2024-11-03T15:51:11.545040-0700]     1.3125 MB /   0.50 sec =   22.0188 Mbps     0 retrans   1851 KB-cwnd
[2024-11-03T15:51:12.099132-0700]     1.1875 MB /   0.50 sec =   19.9233 Mbps     0 retrans   1851 KB-cwnd
[2024-11-03T15:51:12.675590-0700]     1.2500 MB /   0.50 sec =   20.9717 Mbps     0 retrans   1851 KB-cwnd
[2024-11-03T15:51:12.943423-0700]     1.2500 MB /   0.50 sec =   20.9717 Mbps     0 retrans   1851 KB-cwnd
[2024-11-03T15:51:13.445013-0700]     1.3750 MB /   0.50 sec =   23.0692 Mbps     0 retrans   1851 KB-cwnd
[2024-11-03T15:51:14.151885-0700]     1.1875 MB /   0.50 sec =   19.9228 Mbps     0 retrans   1851 KB-cwnd
[2024-11-03T15:51:14.587076-0700]     0.6875 MB /   0.50 sec =   11.5344 Mbps     0 retrans   1851 KB-cwnd
[2024-11-03T15:51:14.953105-0700]     0.8750 MB /   0.50 sec =   14.6799 Mbps     0 retrans   1851 KB-cwnd
[2024-11-03T15:51:15.611118-0700]     0.8750 MB /   0.50 sec =   14.6800 Mbps     0 retrans   1851 KB-cwnd
[2024-11-03T15:51:16.099047-0700]     1.4375 MB /   0.50 sec =   24.1117 Mbps     0 retrans   1851 KB-cwnd
[2024-11-03T15:51:16.723589-0700]     1.3125 MB /   0.50 sec =   22.0250 Mbps     0 retrans   1851 KB-cwnd
[2024-11-03T15:51:16.971189-0700]     1.2500 MB /   0.50 sec =   20.9709 Mbps     0 retrans   1851 KB-cwnd
[2024-11-03T15:51:17.421161-0700]     1.4375 MB /   0.50 sec =   24.1181 Mbps     0 retrans   1851 KB-cwnd
[2024-11-03T15:51:18.081397-0700]     1.5000 MB /   0.50 sec =   25.1657 Mbps     0 retrans   1851 KB-cwnd
[2024-11-03T15:51:18.585258-0700]     1.4375 MB /   0.50 sec =   24.1173 Mbps     0 retrans   1851 KB-cwnd
[2024-11-03T15:51:18.931274-0700]     1.0625 MB /   0.50 sec =   17.8252 Mbps     0 retrans   1851 KB-cwnd
[2024-11-03T15:51:19.675110-0700]     1.0000 MB /   0.50 sec =   16.7774 Mbps     0 retrans   1851 KB-cwnd
[2024-11-03T15:51:20.135161-0700]     0.7500 MB /   0.50 sec =   12.5828 Mbps     0 retrans   1851 KB-cwnd
[2024-11-03T15:51:20.503169-0700]     0.8750 MB /   0.50 sec =   14.6807 Mbps     0 retrans   1851 KB-cwnd
[2024-11-03T15:51:21.038120-0700]     1.3125 MB /   0.50 sec =   22.0201 Mbps     0 retrans   1851 KB-cwnd
[2024-11-03T15:51:21.529492-0700]     0.8750 MB /   0.50 sec =   14.6802 Mbps     0 retrans   1851 KB-cwnd
[2024-11-03T15:51:22.182019-0700]     1.0000 MB /   0.50 sec =   16.7763 Mbps     0 retrans   1851 KB-cwnd
[2024-11-03T15:51:22.533258-0700]     0.8750 MB /   0.50 sec =   14.6805 Mbps     0 retrans   1851 KB-cwnd
[2024-11-03T15:51:22.959623-0700]     0.9375 MB /   0.50 sec =   15.7128 Mbps     0 retrans   1851 KB-cwnd
[2024-11-03T15:51:23.605098-0700]     1.0625 MB /   0.50 sec =   17.8439 Mbps     0 retrans   1851 KB-cwnd
[2024-11-03T15:51:23.911548-0700]     1.0000 MB /   0.50 sec =   16.7765 Mbps     0 retrans   1851 KB-cwnd
[2024-11-03T15:51:24.669416-0700]     1.0000 MB /   0.50 sec =   16.7776 Mbps     0 retrans   1851 KB-cwnd
[2024-11-03T15:51:25.050891-0700]     0.8125 MB /   0.50 sec =   13.6314 Mbps     0 retrans   1851 KB-cwnd
[2024-11-03T15:51:25.407094-0700]     1.0000 MB /   0.50 sec =   16.7776 Mbps     0 retrans   1851 KB-cwnd
[2024-11-03T15:51:25.987013-0700]     1.1875 MB /   0.50 sec =   19.9223 Mbps     0 retrans   1851 KB-cwnd
[2024-11-03T15:51:26.552078-0700]     1.0625 MB /   0.50 sec =   17.8260 Mbps     0 retrans   1851 KB-cwnd
[2024-11-03T15:51:27.147291-0700]     1.2500 MB /   0.50 sec =   20.9716 Mbps     0 retrans   1851 KB-cwnd
[2024-11-03T15:51:27.427123-0700]     1.1875 MB /   0.50 sec =   19.9231 Mbps     0 retrans   1851 KB-cwnd
[2024-11-03T15:51:28.087157-0700]     1.0625 MB /   0.50 sec =   17.8261 Mbps     0 retrans   1851 KB-cwnd
[2024-11-03T15:51:28.455249-0700]     0.9375 MB /   0.50 sec =   15.7285 Mbps     0 retrans   1851 KB-cwnd
[2024-11-03T15:51:29.133185-0700]     0.8750 MB /   0.50 sec =   14.6800 Mbps     0 retrans   1851 KB-cwnd
[2024-11-03T15:51:29.738775-0700]     1.1875 MB /   0.50 sec =   19.9226 Mbps     0 retrans   1851 KB-cwnd
[2024-11-03T15:51:30.277234-0700]     0.9375 MB /   0.50 sec =   15.7290 Mbps     0 retrans   1851 KB-cwnd
[2024-11-03T15:51:30.657089-0700]     0.6250 MB /   0.50 sec =   10.4854 Mbps     0 retrans   1851 KB-cwnd
[2024-11-03T15:51:31.106984-0700]     0.9375 MB /   0.50 sec =   15.7286 Mbps     0 retrans   1851 KB-cwnd
[2024-11-03T15:51:31.573400-0700]     0.6250 MB /   0.50 sec =   10.4860 Mbps     0 retrans   1851 KB-cwnd
[2024-11-03T15:51:32.059146-0700]     0.8125 MB /   0.50 sec =   13.6315 Mbps     0 retrans   1851 KB-cwnd
[2024-11-03T15:51:32.645883-0700]     1.0625 MB /   0.50 sec =   17.8261 Mbps     0 retrans   1851 KB-cwnd
[2024-11-03T15:51:32.967222-0700]     1.0625 MB /   0.50 sec =   17.8255 Mbps     0 retrans   1851 KB-cwnd
[2024-11-03T15:51:33.649376-0700]     0.8750 MB /   0.50 sec =   14.6800 Mbps     0 retrans   1851 KB-cwnd
[2024-11-03T15:51:33.953043-0700]     1.1250 MB /   0.50 sec =   18.8746 Mbps     0 retrans   1851 KB-cwnd
[2024-11-03T15:51:34.515141-0700]     1.2500 MB /   0.50 sec =   20.9713 Mbps     0 retrans   1851 KB-cwnd
[2024-11-03T15:51:35.069516-0700]     1.2500 MB /   0.50 sec =   20.9718 Mbps     0 retrans   1851 KB-cwnd
[2024-11-03T15:51:35.597169-0700]     1.3125 MB /   0.50 sec =   22.0120 Mbps     0 retrans   1851 KB-cwnd
[2024-11-03T15:51:35.957172-0700]     1.0625 MB /   0.50 sec =   17.8316 Mbps     0 retrans   1851 KB-cwnd
[2024-11-03T15:51:36.483463-0700]     1.1875 MB /   0.50 sec =   19.9228 Mbps     0 retrans   1851 KB-cwnd
[2024-11-03T15:51:37.012076-0700]     1.3750 MB /   0.50 sec =   23.0696 Mbps     0 retrans   1851 KB-cwnd
[2024-11-03T15:51:37.574174-0700]     1.2500 MB /   0.50 sec =   20.9715 Mbps     0 retrans   1851 KB-cwnd
[2024-11-03T15:51:38.059144-0700]     1.3750 MB /   0.50 sec =   23.0687 Mbps     0 retrans   1851 KB-cwnd
[2024-11-03T15:51:38.689382-0700]     1.1875 MB /   0.50 sec =   19.9205 Mbps     0 retrans   1851 KB-cwnd
[2024-11-03T15:51:39.095608-0700]     0.8750 MB /   0.50 sec =   14.6819 Mbps     0 retrans   1851 KB-cwnd
[2024-11-03T15:51:39.427093-0700]     0.9375 MB /   0.50 sec =   15.7284 Mbps     0 retrans   1851 KB-cwnd
[2024-11-03T15:51:40.029455-0700]     1.1250 MB /   0.50 sec =   18.8742 Mbps     0 retrans   1851 KB-cwnd
[2024-11-03T15:51:40.680273-0700]     1.0625 MB /   0.50 sec =   17.8260 Mbps     0 retrans   1851 KB-cwnd
[2024-11-03T15:51:41.047287-0700]     1.0000 MB /   0.50 sec =   16.7770 Mbps     0 retrans   1851 KB-cwnd
[2024-11-03T15:51:41.443453-0700]     0.8750 MB /   0.50 sec =   14.6803 Mbps     0 retrans   1851 KB-cwnd
[2024-11-03T15:51:42.172125-0700]     0.9375 MB /   0.50 sec =   15.7288 Mbps     0 retrans   1851 KB-cwnd
[2024-11-03T15:51:42.563772-0700]     0.9375 MB /   0.50 sec =   15.7286 Mbps     0 retrans   1851 KB-cwnd
[2024-11-03T15:51:43.205282-0700]     0.8750 MB /   0.50 sec =   14.6802 Mbps     0 retrans   1851 KB-cwnd
[2024-11-03T15:51:43.489065-0700]     1.2500 MB /   0.50 sec =   20.9712 Mbps     0 retrans   1851 KB-cwnd
[2024-11-03T15:51:44.051467-0700]     1.1250 MB /   0.50 sec =   18.8746 Mbps     0 retrans   1851 KB-cwnd
[2024-11-03T15:51:44.713242-0700]     1.0625 MB /   0.50 sec =   17.8255 Mbps     0 retrans   1851 KB-cwnd
[2024-11-03T15:51:45.117104-0700]     1.0000 MB /   0.50 sec =   16.7771 Mbps     0 retrans   1851 KB-cwnd
[2024-11-03T15:51:45.550984-0700]     0.6875 MB /   0.50 sec =   11.5343 Mbps     0 retrans   1851 KB-cwnd
[2024-11-03T15:51:46.324881-0700]     0.9375 MB /   0.50 sec =   15.7290 Mbps     0 retrans   1851 KB-cwnd
[2024-11-03T15:51:46.794990-0700]     0.8125 MB /   0.50 sec =   13.6312 Mbps     0 retrans   1851 KB-cwnd
[2024-11-03T15:51:47.295610-0700]     0.6875 MB /   0.50 sec =   11.5347 Mbps     0 retrans   1851 KB-cwnd
[2024-11-03T15:51:47.711106-0700]     0.6875 MB /   0.50 sec =   11.5332 Mbps     0 retrans   1851 KB-cwnd
[2024-11-03T15:51:48.055081-0700]     0.8750 MB /   0.50 sec =   14.6813 Mbps     0 retrans   1851 KB-cwnd
[2024-11-03T15:51:48.521060-0700]     0.8125 MB /   0.50 sec =   13.6315 Mbps     0 retrans   1851 KB-cwnd
[2024-11-03T15:51:48.972994-0700]     0.6250 MB /   0.50 sec =   10.4858 Mbps     0 retrans   1851 KB-cwnd
[2024-11-03T15:51:49.765332-0700]     0.8125 MB /   0.50 sec =   13.6312 Mbps     0 retrans   1851 KB-cwnd
[2024-11-03T15:51:50.143053-0700]     1.0625 MB /   0.50 sec =   17.8261 Mbps     0 retrans   1851 KB-cwnd
[2024-11-03T15:51:50.573395-0700]     0.7500 MB /   0.50 sec =   12.5829 Mbps     0 retrans   1851 KB-cwnd
[2024-11-03T15:51:50.993936-0700]     0.8125 MB /   0.50 sec =   13.6315 Mbps     0 retrans   1851 KB-cwnd
[2024-11-03T15:51:51.501135-0700]     0.6250 MB /   0.50 sec =   10.4858 Mbps     0 retrans   1851 KB-cwnd
[2024-11-03T15:51:51.989827-0700]     0.6875 MB /   0.50 sec =   11.5342 Mbps     0 retrans   1851 KB-cwnd
[2024-11-03T15:51:52.669309-0700]     0.9375 MB /   0.50 sec =   15.7290 Mbps     0 retrans   1851 KB-cwnd
[2024-11-03T15:51:52.961384-0700]     1.0625 MB /   0.50 sec =   17.8255 Mbps     0 retrans   1851 KB-cwnd
[2024-11-03T15:51:53.529195-0700]     1.1875 MB /   0.50 sec =   19.9231 Mbps     0 retrans   1851 KB-cwnd
[2024-11-03T15:51:54.039004-0700]     1.2500 MB /   0.50 sec =   20.9704 Mbps     0 retrans   1851 KB-cwnd
[2024-11-03T15:51:54.613425-0700]     1.3750 MB /   0.50 sec =   23.0698 Mbps     0 retrans   1851 KB-cwnd
[2024-11-03T15:51:55.136996-0700]     1.2500 MB /   0.50 sec =   20.9710 Mbps     0 retrans   1851 KB-cwnd
[2024-11-03T15:51:55.695232-0700]     1.3750 MB /   0.50 sec =   23.0682 Mbps     0 retrans   1851 KB-cwnd
[2024-11-03T15:51:55.993021-0700]     1.0625 MB /   0.50 sec =   17.8261 Mbps     0 retrans   1851 KB-cwnd
[2024-11-03T15:51:56.619615-0700]     1.1875 MB /   0.50 sec =   19.9037 Mbps     0 retrans   1851 KB-cwnd
[2024-11-03T15:51:56.955065-0700]     1.0625 MB /   0.50 sec =   17.8437 Mbps     0 retrans   1851 KB-cwnd
[2024-11-03T15:51:57.813195-0700]     0.8750 MB /   0.50 sec =   14.6802 Mbps     0 retrans   1851 KB-cwnd
[2024-11-03T15:51:58.225093-0700]     0.6875 MB /   0.50 sec =   11.5343 Mbps     0 retrans   1851 KB-cwnd
[2024-11-03T15:51:58.655296-0700]     0.8125 MB /   0.50 sec =   13.6315 Mbps     0 retrans   1851 KB-cwnd
[2024-11-03T15:51:59.193054-0700]     1.0625 MB /   0.50 sec =   17.8250 Mbps     0 retrans   1851 KB-cwnd
[2024-11-03T15:51:59.559051-0700]     1.0625 MB /   0.50 sec =   17.8264 Mbps     0 retrans   1851 KB-cwnd
[2024-11-03T15:52:00.021077-0700]     0.7500 MB /   0.50 sec =   12.5828 Mbps     0 retrans   1851 KB-cwnd
[2024-11-03T15:52:00.475234-0700]     0.7500 MB /   0.50 sec =   12.5831 Mbps     0 retrans   1851 KB-cwnd
[2024-11-03T15:52:01.269256-0700]     0.8125 MB /   0.50 sec =   13.6313 Mbps     0 retrans   1851 KB-cwnd
[2024-11-03T15:52:01.716966-0700]     0.8125 MB /   0.50 sec =   13.6312 Mbps     0 retrans   1851 KB-cwnd
[2024-11-03T15:52:02.073348-0700]     0.7500 MB /   0.50 sec =   12.5833 Mbps     0 retrans   1851 KB-cwnd
[2024-11-03T15:52:02.540962-0700]     0.8125 MB /   0.50 sec =   13.6315 Mbps     0 retrans   1851 KB-cwnd
[2024-11-03T15:52:02.906975-0700]     0.8750 MB /   0.50 sec =   14.6802 Mbps     0 retrans   1851 KB-cwnd
[2024-11-03T15:52:03.838886-0700]     0.6875 MB /   0.50 sec =   11.5342 Mbps     0 retrans   1851 KB-cwnd
[2024-11-03T15:52:04.281045-0700]     0.7500 MB /   0.50 sec =   12.5830 Mbps     0 retrans   1851 KB-cwnd
[2024-11-03T15:52:04.919019-0700]     0.7500 MB /   0.50 sec =   12.5801 Mbps     0 retrans   1851 KB-cwnd
[2024-11-03T15:52:04.919650-0700]     0.4375 MB /   0.50 sec =    7.3414 Mbps     0 retrans   1851 KB-cwnd
[2024-11-03T15:52:05.545165-0700]     0.5000 MB /   0.50 sec =    8.3888 Mbps     0 retrans   1851 KB-cwnd
[2024-11-03T15:52:06.052911-0700]     0.6250 MB /   0.50 sec =   10.4858 Mbps     0 retrans   1851 KB-cwnd
[2024-11-03T15:52:06.537232-0700]     0.6875 MB /   0.50 sec =   11.5337 Mbps     0 retrans   1851 KB-cwnd
[2024-11-03T15:52:07.120960-0700]     0.6250 MB /   0.50 sec =   10.4863 Mbps     0 retrans   1851 KB-cwnd
[2024-11-03T15:52:07.662101-0700]     0.6250 MB /   0.50 sec =   10.4857 Mbps     0 retrans   1851 KB-cwnd
[2024-11-03T15:52:08.236888-0700]     0.5625 MB /   0.50 sec =    9.4372 Mbps     0 retrans   1851 KB-cwnd
[2024-11-03T15:52:08.811035-0700]     0.5625 MB /   0.50 sec =    9.4372 Mbps     0 retrans   1851 KB-cwnd
[2024-11-03T15:52:09.533055-0700]     0.5625 MB /   0.50 sec =    9.4371 Mbps     0 retrans   1851 KB-cwnd
[2024-11-03T15:52:09.533563-0700]     0.4375 MB /   0.50 sec =    7.3399 Mbps     0 retrans   1851 KB-cwnd
[2024-11-03T15:52:10.068998-0700]     0.6250 MB /   0.50 sec =   10.4857 Mbps     0 retrans   1851 KB-cwnd
[2024-11-03T15:52:10.577069-0700]     0.6250 MB /   0.50 sec =   10.4860 Mbps     0 retrans   1851 KB-cwnd
[2024-11-03T15:52:11.020085-0700]     0.7500 MB /   0.50 sec =   12.5830 Mbps     0 retrans   1851 KB-cwnd
[2024-11-03T15:52:11.469092-0700]     0.6875 MB /   0.50 sec =   11.5336 Mbps     0 retrans   1851 KB-cwnd
[2024-11-03T15:52:11.926100-0700]     0.6875 MB /   0.50 sec =   11.5348 Mbps     0 retrans   1851 KB-cwnd
[2024-11-03T15:52:12.797671-0700]     0.8750 MB /   0.50 sec =   14.6806 Mbps     0 retrans   1851 KB-cwnd
[2024-11-03T15:52:13.251258-0700]     0.6875 MB /   0.50 sec =   11.5343 Mbps     0 retrans   1851 KB-cwnd
[2024-11-03T15:52:13.631065-0700]     0.7500 MB /   0.50 sec =   12.5826 Mbps     0 retrans   1851 KB-cwnd
[2024-11-03T15:52:14.005672-0700]     0.9375 MB /   0.50 sec =   15.7289 Mbps     0 retrans   1851 KB-cwnd
[2024-11-03T15:52:14.862999-0700]     0.8750 MB /   0.50 sec =   14.6801 Mbps     0 retrans   1851 KB-cwnd
[2024-11-03T15:52:15.259549-0700]     0.6875 MB /   0.50 sec =   11.5344 Mbps     0 retrans   1851 KB-cwnd
[2024-11-03T15:52:15.877869-0700]     0.8125 MB /   0.50 sec =   13.6313 Mbps     0 retrans   1851 KB-cwnd
[2024-11-03T15:52:16.341142-0700]     0.5000 MB /   0.50 sec =    8.3887 Mbps     0 retrans   1851 KB-cwnd
[2024-11-03T15:52:16.681269-0700]     0.8125 MB /   0.50 sec =   13.6310 Mbps     0 retrans   1851 KB-cwnd
[2024-11-03T15:52:17.228154-0700]     0.7500 MB /   0.50 sec =   12.5831 Mbps     0 retrans   1851 KB-cwnd
[2024-11-03T15:52:17.721977-0700]     0.5625 MB /   0.50 sec =    9.4370 Mbps     0 retrans   1851 KB-cwnd
[2024-11-03T15:52:18.091200-0700]     0.7500 MB /   0.50 sec =   12.5834 Mbps     0 retrans   1851 KB-cwnd
[2024-11-03T15:52:18.453168-0700]     1.0625 MB /   0.50 sec =   17.8256 Mbps     0 retrans   1851 KB-cwnd
[2024-11-03T15:52:18.955183-0700]     0.6250 MB /   0.50 sec =   10.4858 Mbps     0 retrans   1851 KB-cwnd
[2024-11-03T15:52:19.415090-0700]     0.7500 MB /   0.50 sec =   12.5830 Mbps     0 retrans   1851 KB-cwnd
[2024-11-03T15:52:19.911289-0700]     0.6250 MB /   0.50 sec =   10.4858 Mbps     0 retrans   1851 KB-cwnd
[2024-11-03T15:52:20.540971-0700]     0.6250 MB /   0.50 sec =   10.4831 Mbps     0 retrans   1851 KB-cwnd
[2024-11-03T15:52:21.009031-0700]     0.5625 MB /   0.50 sec =    9.4392 Mbps     0 retrans   1851 KB-cwnd
[2024-11-03T15:52:21.486274-0700]     0.7500 MB /   0.50 sec =   12.5832 Mbps     0 retrans   1851 KB-cwnd
[2024-11-03T15:52:22.189109-0700]     0.9375 MB /   0.50 sec =   15.7290 Mbps     0 retrans   1851 KB-cwnd
[2024-11-03T15:52:22.483486-0700]     1.0000 MB /   0.50 sec =   16.7765 Mbps     0 retrans   1851 KB-cwnd
[2024-11-03T15:52:23.121253-0700]     1.1250 MB /   0.50 sec =   18.8747 Mbps     0 retrans   1851 KB-cwnd
[2024-11-03T15:52:23.637267-0700]     0.6875 MB /   0.50 sec =   11.5347 Mbps     0 retrans   1851 KB-cwnd
[2024-11-03T15:52:24.065313-0700]     0.8125 MB /   0.50 sec =   13.6309 Mbps     0 retrans   1851 KB-cwnd
[2024-11-03T15:52:24.633518-0700]     0.6250 MB /   0.50 sec =   10.4861 Mbps     0 retrans   1851 KB-cwnd
[2024-11-03T15:52:25.169512-0700]     0.6875 MB /   0.50 sec =   11.5344 Mbps     0 retrans   1851 KB-cwnd
[2024-11-03T15:52:25.695101-0700]     0.6250 MB /   0.50 sec =   10.4855 Mbps     0 retrans   1851 KB-cwnd
[2024-11-03T15:52:26.299116-0700]     0.5000 MB /   0.50 sec =    8.3885 Mbps     0 retrans   1851 KB-cwnd
[2024-11-03T15:52:26.787600-0700]     0.5625 MB /   0.50 sec =    9.4374 Mbps     0 retrans   1851 KB-cwnd
[2024-11-03T15:52:27.202823-0700]     0.7500 MB /   0.50 sec =   12.5830 Mbps     0 retrans   1851 KB-cwnd
[2024-11-03T15:52:27.602130-0700]     0.7500 MB /   0.50 sec =   12.5824 Mbps     0 retrans   1851 KB-cwnd
[2024-11-03T15:52:28.030960-0700]     0.8750 MB /   0.50 sec =   14.6801 Mbps     0 retrans   1851 KB-cwnd
[2024-11-03T15:52:28.423122-0700]     0.8750 MB /   0.50 sec =   14.6805 Mbps     0 retrans   1851 KB-cwnd
[2024-11-03T15:52:29.167471-0700]     0.8750 MB /   0.50 sec =   14.6802 Mbps     0 retrans   1851 KB-cwnd
[2024-11-03T15:52:29.607495-0700]     0.8750 MB /   0.50 sec =   14.6800 Mbps     0 retrans   1851 KB-cwnd
[2024-11-03T15:52:30.074172-0700]     0.7500 MB /   0.50 sec =   12.5829 Mbps     0 retrans   1851 KB-cwnd
[2024-11-03T15:52:30.517254-0700]     0.7500 MB /   0.50 sec =   12.5829 Mbps     0 retrans   1851 KB-cwnd
[2024-11-03T15:52:31.371100-0700]     0.3750 MB /   0.50 sec =    6.2914 Mbps     0 retrans   1851 KB-cwnd
[2024-11-03T15:52:31.899595-0700]     0.5000 MB /   0.50 sec =    8.3884 Mbps     0 retrans   1851 KB-cwnd
[2024-11-03T15:52:32.474051-0700]     0.6250 MB /   0.50 sec =   10.4862 Mbps     0 retrans   1851 KB-cwnd
[2024-11-03T15:52:32.474599-0700]     0.5625 MB /   0.50 sec =    9.4370 Mbps     0 retrans   1851 KB-cwnd
[2024-11-03T15:52:33.129478-0700]     0.5000 MB /   0.50 sec =    8.3886 Mbps     0 retrans   1851 KB-cwnd
[2024-11-03T15:52:33.611808-0700]     0.5625 MB /   0.50 sec =    9.4373 Mbps     0 retrans   1851 KB-cwnd
[2024-11-03T15:52:33.947239-0700]     0.9375 MB /   0.50 sec =   15.7261 Mbps     0 retrans   1851 KB-cwnd
[2024-11-03T15:52:34.675487-0700]     1.0000 MB /   0.50 sec =   16.7798 Mbps     0 retrans   1851 KB-cwnd
[2024-11-03T15:52:35.161198-0700]     0.6875 MB /   0.50 sec =   11.5344 Mbps     0 retrans   1851 KB-cwnd
[2024-11-03T15:52:35.639028-0700]     0.8125 MB /   0.50 sec =   13.6314 Mbps     0 retrans   1851 KB-cwnd
[2024-11-03T15:52:35.997139-0700]     0.8125 MB /   0.50 sec =   13.6314 Mbps     0 retrans   1851 KB-cwnd
[2024-11-03T15:52:36.745091-0700]     0.9375 MB /   0.50 sec =   15.7286 Mbps     0 retrans   1851 KB-cwnd
[2024-11-03T15:52:37.105414-0700]     0.8125 MB /   0.50 sec =   13.6317 Mbps     0 retrans   1851 KB-cwnd
[2024-11-03T15:52:37.736422-0700]     1.1250 MB /   0.50 sec =   18.8744 Mbps     0 retrans   1851 KB-cwnd
[2024-11-03T15:52:38.075157-0700]     1.0625 MB /   0.50 sec =   17.8257 Mbps     0 retrans   1851 KB-cwnd
[2024-11-03T15:52:38.437012-0700]     0.9375 MB /   0.50 sec =   15.7286 Mbps     0 retrans   1851 KB-cwnd
[2024-11-03T15:52:39.179991-0700]     0.9375 MB /   0.50 sec =   15.7287 Mbps     0 retrans   1851 KB-cwnd
[2024-11-03T15:52:39.538932-0700]     0.8750 MB /   0.50 sec =   14.6797 Mbps     0 retrans   1851 KB-cwnd
[2024-11-03T15:52:39.971314-0700]     0.7500 MB /   0.50 sec =   12.5828 Mbps     0 retrans   1851 KB-cwnd
[2024-11-03T15:52:40.784987-0700]     0.8125 MB /   0.50 sec =   13.6314 Mbps     0 retrans   1851 KB-cwnd
[2024-11-03T15:52:41.180932-0700]     0.9375 MB /   0.50 sec =   15.7290 Mbps     0 retrans   1851 KB-cwnd
[2024-11-03T15:52:41.465046-0700]     0.9375 MB /   0.50 sec =   15.7288 Mbps     0 retrans   1851 KB-cwnd
[2024-11-03T15:52:42.246917-0700]     0.9375 MB /   0.50 sec =   15.7288 Mbps     0 retrans   1851 KB-cwnd
[2024-11-03T15:52:42.569110-0700]     0.8750 MB /   0.50 sec =   14.6792 Mbps     0 retrans   1851 KB-cwnd
[2024-11-03T15:52:43.192146-0700]     1.1875 MB /   0.50 sec =   19.9240 Mbps     0 retrans   1851 KB-cwnd
[2024-11-03T15:52:43.497077-0700]     1.1250 MB /   0.50 sec =   18.8740 Mbps     0 retrans   1851 KB-cwnd
[2024-11-03T15:52:44.034057-0700]     1.1875 MB /   0.50 sec =   19.9229 Mbps     0 retrans   1851 KB-cwnd
[2024-11-03T15:52:44.595468-0700]     1.1875 MB /   0.50 sec =   19.9235 Mbps     0 retrans   1851 KB-cwnd
[2024-11-03T15:52:45.123310-0700]     1.2500 MB /   0.50 sec =   20.9711 Mbps     0 retrans   1851 KB-cwnd
[2024-11-03T15:52:45.469005-0700]     1.1875 MB /   0.50 sec =   19.9221 Mbps     0 retrans   1851 KB-cwnd
[2024-11-03T15:52:46.097239-0700]     1.0000 MB /   0.50 sec =   16.7782 Mbps     0 retrans   1851 KB-cwnd
[2024-11-03T15:52:46.451202-0700]     1.0000 MB /   0.50 sec =   16.7761 Mbps     0 retrans   1851 KB-cwnd
[2024-11-03T15:52:47.015202-0700]     1.1875 MB /   0.50 sec =   19.9239 Mbps     0 retrans   1851 KB-cwnd
[2024-11-03T15:52:47.677216-0700]     1.1875 MB /   0.50 sec =   19.9186 Mbps     0 retrans   1851 KB-cwnd
[2024-11-03T15:52:47.963034-0700]     1.0000 MB /   0.50 sec =   16.7812 Mbps     0 retrans   1851 KB-cwnd
[2024-11-03T15:52:48.499045-0700]     1.1875 MB /   0.50 sec =   19.9232 Mbps     0 retrans   1851 KB-cwnd
[2024-11-03T15:52:49.187166-0700]     1.0625 MB /   0.50 sec =   17.8257 Mbps     0 retrans   1851 KB-cwnd
[2024-11-03T15:52:49.643309-0700]     0.8750 MB /   0.50 sec =   14.6799 Mbps     0 retrans   1851 KB-cwnd
[2024-11-03T15:52:50.033108-0700]     0.8750 MB /   0.50 sec =   14.6798 Mbps     0 retrans   1851 KB-cwnd
[2024-11-03T15:52:50.683312-0700]     0.8750 MB /   0.50 sec =   14.6803 Mbps     0 retrans   1851 KB-cwnd
[2024-11-03T15:52:50.975293-0700]     1.1250 MB /   0.50 sec =   18.8675 Mbps     0 retrans   1851 KB-cwnd
[2024-11-03T15:52:51.584999-0700]     1.1875 MB /   0.50 sec =   19.9302 Mbps     0 retrans   1851 KB-cwnd
[2024-11-03T15:52:51.953319-0700]     1.0000 MB /   0.50 sec =   16.7770 Mbps     0 retrans   1851 KB-cwnd
[2024-11-03T15:52:52.681429-0700]     1.0625 MB /   0.50 sec =   17.8254 Mbps     0 retrans   1851 KB-cwnd
[2024-11-03T15:52:53.031876-0700]     0.8125 MB /   0.50 sec =   13.6319 Mbps     0 retrans   1851 KB-cwnd
[2024-11-03T15:52:53.401145-0700]     0.8750 MB /   0.50 sec =   14.6801 Mbps     0 retrans   1851 KB-cwnd
[2024-11-03T15:52:54.043204-0700]     1.0625 MB /   0.50 sec =   17.8257 Mbps     0 retrans   1851 KB-cwnd
[2024-11-03T15:52:54.725213-0700]     1.0625 MB /   0.50 sec =   17.8261 Mbps     0 retrans   1851 KB-cwnd
[2024-11-03T15:52:54.946035-0700]     1.1875 MB /   0.50 sec =   19.9223 Mbps     0 retrans   1851 KB-cwnd
[2024-11-03T15:52:55.427350-0700]     1.0000 MB /   0.50 sec =   16.7776 Mbps     0 retrans   1944 KB-cwnd
End time: 1730674375528
