Start time: 1730767019477
[2024-11-04T18:37:00.671150-0600] nuttcp-r: v8.1.4: socket
[2024-11-04T18:37:00.671629-0600] nuttcp-r: buflen=65536, nstream=1, port=5101 tcp
[2024-11-04T18:37:00.671664-0600] nuttcp-r: interval reporting every 0.50 seconds
[2024-11-04T18:37:00.671690-0600] nuttcp-r: connect to 54.176.53.206 with RTT=129.801 ms af=inet
[2024-11-04T18:37:00.671714-0600] nuttcp-r: send window size = 2097152, receive window size = 6291456
[2024-11-04T18:37:00.671737-0600] nuttcp-r: available send window = 1572864, available receive window = 4718592
[2024-11-04T18:37:00.671760-0600]     0.0000 MB /   0.50 sec =    0.0000 Mbps    -1 retrans
[2024-11-04T18:37:01.171099-0600]     0.1250 MB /   0.50 sec =    2.0973 Mbps     1 retrans
[2024-11-04T18:37:01.671093-0600]     0.1250 MB /   0.50 sec =    2.0972 Mbps     0 retrans
[2024-11-04T18:37:02.171685-0600]     0.1875 MB /   0.50 sec =    3.1458 Mbps     0 retrans
[2024-11-04T18:37:02.671489-0600]     0.1875 MB /   0.50 sec =    3.1454 Mbps     0 retrans
[2024-11-04T18:37:03.171132-0600]     0.1250 MB /   0.50 sec =    2.0973 Mbps     0 retrans
[2024-11-04T18:37:03.670952-0600]     0.2500 MB /   0.50 sec =    4.1949 Mbps     0 retrans
[2024-11-04T18:37:04.171448-0600]     0.1250 MB /   0.50 sec =    2.0954 Mbps     0 retrans
[2024-11-04T18:37:04.671194-0600]     0.3125 MB /   0.50 sec =    5.2472 Mbps     0 retrans
[2024-11-04T18:37:05.171333-0600]     0.1875 MB /   0.50 sec =    3.1442 Mbps     0 retrans
[2024-11-04T18:37:05.671261-0600]     0.3125 MB /   0.50 sec =    5.2435 Mbps     0 retrans
[2024-11-04T18:37:06.171373-0600]     0.1875 MB /   0.50 sec =    3.1463 Mbps     0 retrans
[2024-11-04T18:37:06.671279-0600]     0.3750 MB /   0.50 sec =    6.2925 Mbps     0 retrans
[2024-11-04T18:37:07.171046-0600]     0.2500 MB /   0.50 sec =    4.1943 Mbps     0 retrans
[2024-11-04T18:37:07.671225-0600]     0.2500 MB /   0.50 sec =    4.1930 Mbps     0 retrans
[2024-11-04T18:37:08.171221-0600]     0.2500 MB /   0.50 sec =    4.1944 Mbps     0 retrans
[2024-11-04T18:37:08.671041-0600]     0.3125 MB /   0.50 sec =    5.2442 Mbps     0 retrans
[2024-11-04T18:37:09.170994-0600]     0.2500 MB /   0.50 sec =    4.1944 Mbps     0 retrans
[2024-11-04T18:37:09.671022-0600]     0.0000 MB /   0.50 sec =    0.0000 Mbps     0 retrans
[2024-11-04T18:37:10.171000-0600]     0.3125 MB /   0.50 sec =    5.2429 Mbps     0 retrans
[2024-11-04T18:37:10.671025-0600]     0.2500 MB /   0.50 sec =    4.1943 Mbps     0 retrans
[2024-11-04T18:37:11.171022-0600]     0.0000 MB /   0.50 sec =    0.0000 Mbps     0 retrans
[2024-11-04T18:37:11.671200-0600]     0.0000 MB /   0.50 sec =    0.0000 Mbps     0 retrans
[2024-11-04T18:37:12.171138-0600]     0.0000 MB /   0.50 sec =    0.0000 Mbps     0 retrans
[2024-11-04T18:37:12.671023-0600]     0.0625 MB /   0.50 sec =    1.0487 Mbps     0 retrans
[2024-11-04T18:37:13.171599-0600]     0.3750 MB /   0.50 sec =    6.2852 Mbps     0 retrans
[2024-11-04T18:37:13.671054-0600]     0.3125 MB /   0.50 sec =    5.2480 Mbps     0 retrans
[2024-11-04T18:37:14.171221-0600]     0.3125 MB /   0.50 sec =    5.2427 Mbps     0 retrans
[2024-11-04T18:37:14.671048-0600]     0.3750 MB /   0.50 sec =    6.2917 Mbps     0 retrans
[2024-11-04T18:37:15.170972-0600]     0.1875 MB /   0.50 sec =    3.1459 Mbps     0 retrans
[2024-11-04T18:37:15.671054-0600]     0.0000 MB /   0.50 sec =    0.0000 Mbps     0 retrans
[2024-11-04T18:37:16.171868-0600]     0.3750 MB /   0.50 sec =    6.2820 Mbps     0 retrans
[2024-11-04T18:37:16.671116-0600]     0.3750 MB /   0.50 sec =    6.3004 Mbps     0 retrans
[2024-11-04T18:37:17.171502-0600]     0.4375 MB /   0.50 sec =    7.3348 Mbps     0 retrans
[2024-11-04T18:37:17.671080-0600]     0.4375 MB /   0.50 sec =    7.3461 Mbps     0 retrans
[2024-11-04T18:37:18.171207-0600]     0.2500 MB /   0.50 sec =    4.1937 Mbps     0 retrans
[2024-11-04T18:37:18.671013-0600]     0.4375 MB /   0.50 sec =    7.3415 Mbps     0 retrans
[2024-11-04T18:37:19.171135-0600]     0.3125 MB /   0.50 sec =    5.2423 Mbps     0 retrans
[2024-11-04T18:37:19.671155-0600]     0.6875 MB /   0.50 sec =   11.5330 Mbps     0 retrans
[2024-11-04T18:37:20.171179-0600]     0.4375 MB /   0.50 sec =    7.3404 Mbps     0 retrans
[2024-11-04T18:37:20.671173-0600]     0.4375 MB /   0.50 sec =    7.3401 Mbps     0 retrans
[2024-11-04T18:37:21.171000-0600]     0.3125 MB /   0.50 sec =    5.2435 Mbps     0 retrans
[2024-11-04T18:37:21.671134-0600]     0.8750 MB /   0.50 sec =   14.6782 Mbps     0 retrans
[2024-11-04T18:37:22.171374-0600]     0.9375 MB /   0.50 sec =   15.7271 Mbps     0 retrans
[2024-11-04T18:37:22.671205-0600]     0.6875 MB /   0.50 sec =   11.5350 Mbps     0 retrans
[2024-11-04T18:37:23.171077-0600]     0.4375 MB /   0.50 sec =    7.3409 Mbps     0 retrans
[2024-11-04T18:37:23.671041-0600]     1.1250 MB /   0.50 sec =   18.8748 Mbps     0 retrans
[2024-11-04T18:37:24.171068-0600]     0.6250 MB /   0.50 sec =   10.4850 Mbps     0 retrans
[2024-11-04T18:37:24.671004-0600]     0.3750 MB /   0.50 sec =    6.2920 Mbps     0 retrans
[2024-11-04T18:37:25.171186-0600]     0.4375 MB /   0.50 sec =    7.3390 Mbps     0 retrans
[2024-11-04T18:37:25.671143-0600]     1.5625 MB /   0.50 sec =   26.2160 Mbps     0 retrans
[2024-11-04T18:37:26.171142-0600]     0.6250 MB /   0.50 sec =   10.4859 Mbps     0 retrans
[2024-11-04T18:37:26.671126-0600]     0.7500 MB /   0.50 sec =   12.5830 Mbps     0 retrans
[2024-11-04T18:37:27.171277-0600]     0.7500 MB /   0.50 sec =   12.5799 Mbps     0 retrans
[2024-11-04T18:37:27.671026-0600]     0.0000 MB /   0.50 sec =    0.0000 Mbps     0 retrans
[2024-11-04T18:37:28.170999-0600]     1.1250 MB /   0.50 sec =   18.8744 Mbps     0 retrans
[2024-11-04T18:37:28.671078-0600]     0.6875 MB /   0.50 sec =   11.5333 Mbps     0 retrans
[2024-11-04T18:37:29.171502-0600]     0.7500 MB /   0.50 sec =   12.5783 Mbps     0 retrans
[2024-11-04T18:37:29.671073-0600]     1.5000 MB /   0.50 sec =   25.1770 Mbps     0 retrans
[2024-11-04T18:37:30.171150-0600]     1.1875 MB /   0.50 sec =   19.9198 Mbps     0 retrans
[2024-11-04T18:37:30.671125-0600]     0.4375 MB /   0.50 sec =    7.3410 Mbps     0 retrans
[2024-11-04T18:37:31.171182-0600]     1.1250 MB /   0.50 sec =   18.8709 Mbps     0 retrans
[2024-11-04T18:37:31.671703-0600]     1.5000 MB /   0.50 sec =   25.1429 Mbps     0 retrans
[2024-11-04T18:37:32.171057-0600]     0.1250 MB /   0.50 sec =    2.0995 Mbps     0 retrans
[2024-11-04T18:37:32.671142-0600]     1.4375 MB /   0.50 sec =   24.1144 Mbps     0 retrans
[2024-11-04T18:37:33.171254-0600]     0.2500 MB /   0.50 sec =    4.1936 Mbps     0 retrans
[2024-11-04T18:37:33.671502-0600]     2.9375 MB /   0.50 sec =   49.2897 Mbps     0 retrans
[2024-11-04T18:37:34.170986-0600]     1.1875 MB /   0.50 sec =   19.9265 Mbps     0 retrans
[2024-11-04T18:37:34.671157-0600]     2.9375 MB /   0.50 sec =   49.2771 Mbps     0 retrans
[2024-11-04T18:37:35.170982-0600]     2.0625 MB /   0.50 sec =   34.6076 Mbps     0 retrans
[2024-11-04T18:37:35.671109-0600]     1.1875 MB /   0.50 sec =   19.9208 Mbps     0 retrans
[2024-11-04T18:37:36.171367-0600]     3.1875 MB /   0.50 sec =   53.4748 Mbps     0 retrans
[2024-11-04T18:37:36.671042-0600]     2.4375 MB /   0.50 sec =   40.8987 Mbps     0 retrans
[2024-11-04T18:37:37.171330-0600]     2.5625 MB /   0.50 sec =   42.9880 Mbps     0 retrans
[2024-11-04T18:37:37.671007-0600]     2.6875 MB /   0.50 sec =   45.0937 Mbps     0 retrans
[2024-11-04T18:37:38.171064-0600]     3.3125 MB /   0.50 sec =   55.5716 Mbps     0 retrans
[2024-11-04T18:37:38.671063-0600]     2.6875 MB /   0.50 sec =   45.0879 Mbps     0 retrans
[2024-11-04T18:37:39.171154-0600]     1.9375 MB /   0.50 sec =   32.5051 Mbps     0 retrans
[2024-11-04T18:37:39.671109-0600]     2.5000 MB /   0.50 sec =   41.9449 Mbps     0 retrans
[2024-11-04T18:37:40.171107-0600]     4.2500 MB /   0.50 sec =   71.3064 Mbps     0 retrans
[2024-11-04T18:37:40.671174-0600]     1.8125 MB /   0.50 sec =   30.4074 Mbps     0 retrans
[2024-11-04T18:37:41.171013-0600]     3.8125 MB /   0.50 sec =   63.9663 Mbps     0 retrans
[2024-11-04T18:37:41.671316-0600]     3.5000 MB /   0.50 sec =   58.7139 Mbps     0 retrans
[2024-11-04T18:37:42.171689-0600]     3.8125 MB /   0.50 sec =   63.9501 Mbps     0 retrans
[2024-11-04T18:37:42.671129-0600]     1.4375 MB /   0.50 sec =   24.1237 Mbps     0 retrans
[2024-11-04T18:37:43.171144-0600]     5.8750 MB /   0.50 sec =   98.5583 Mbps     0 retrans
[2024-11-04T18:37:43.670975-0600]     4.6250 MB /   0.50 sec =   77.6052 Mbps     0 retrans
[2024-11-04T18:37:44.171095-0600]     1.7500 MB /   0.50 sec =   29.3583 Mbps     0 retrans
[2024-11-04T18:37:44.671060-0600]     3.0000 MB /   0.50 sec =   50.3329 Mbps     0 retrans
[2024-11-04T18:37:45.171518-0600]     3.6875 MB /   0.50 sec =   61.8190 Mbps     0 retrans
[2024-11-04T18:37:45.671042-0600]     4.0000 MB /   0.50 sec =   67.1586 Mbps     0 retrans
[2024-11-04T18:37:46.171109-0600]     2.9375 MB /   0.50 sec =   49.2838 Mbps     0 retrans
[2024-11-04T18:37:46.671078-0600]     2.2500 MB /   0.50 sec =   37.7487 Mbps     0 retrans
[2024-11-04T18:37:47.171026-0600]     1.8750 MB /   0.50 sec =   31.4572 Mbps     0 retrans
[2024-11-04T18:37:47.671108-0600]     5.3750 MB /   0.50 sec =   90.1694 Mbps     0 retrans
[2024-11-04T18:37:48.171438-0600]     1.2500 MB /   0.50 sec =   20.9728 Mbps     0 retrans
[2024-11-04T18:37:48.671117-0600]     0.6250 MB /   0.50 sec =   10.4857 Mbps     0 retrans
[2024-11-04T18:37:49.171320-0600]     2.6875 MB /   0.50 sec =   45.0927 Mbps     0 retrans
[2024-11-04T18:37:49.671494-0600]     3.1875 MB /   0.50 sec =   53.4358 Mbps     0 retrans
[2024-11-04T18:37:50.171443-0600]     3.1875 MB /   0.50 sec =   53.5119 Mbps     0 retrans
[2024-11-04T18:37:50.670988-0600]     2.6875 MB /   0.50 sec =   45.0951 Mbps     0 retrans
[2024-11-04T18:37:51.171467-0600]     6.3125 MB /   0.50 sec =  105.8981 Mbps     0 retrans
[2024-11-04T18:37:51.671142-0600]     0.0000 MB /   0.50 sec =    0.0000 Mbps     0 retrans
[2024-11-04T18:37:52.171129-0600]     0.1875 MB /   0.50 sec =    3.1457 Mbps     0 retrans
[2024-11-04T18:37:52.671188-0600]     0.0000 MB /   0.50 sec =    0.0000 Mbps     0 retrans
[2024-11-04T18:37:53.171005-0600]     5.8125 MB /   0.50 sec =   97.5421 Mbps     0 retrans
[2024-11-04T18:37:53.671102-0600]     0.5625 MB /   0.50 sec =    9.4363 Mbps     0 retrans
[2024-11-04T18:37:54.170986-0600]     5.2500 MB /   0.50 sec =   88.0883 Mbps     0 retrans
[2024-11-04T18:37:54.671200-0600]     1.3750 MB /   0.50 sec =   23.0657 Mbps     0 retrans
[2024-11-04T18:37:55.171171-0600]     0.8125 MB /   0.50 sec =   13.6332 Mbps     0 retrans
[2024-11-04T18:37:55.671243-0600]     4.3750 MB /   0.50 sec =   73.3927 Mbps     0 retrans
[2024-11-04T18:37:56.171361-0600]     0.9375 MB /   0.50 sec =   15.7248 Mbps     0 retrans
[2024-11-04T18:37:56.671112-0600]     0.0000 MB /   0.50 sec =    0.0000 Mbps     0 retrans
[2024-11-04T18:37:57.171127-0600]     0.0000 MB /   0.50 sec =    0.0000 Mbps     0 retrans
[2024-11-04T18:37:57.671096-0600]     0.0000 MB /   0.50 sec =    0.0000 Mbps     0 retrans
[2024-11-04T18:37:58.171108-0600]     0.0000 MB /   0.50 sec =    0.0000 Mbps     0 retrans
[2024-11-04T18:37:58.671071-0600]     0.0000 MB /   0.50 sec =    0.0000 Mbps     0 retrans
[2024-11-04T18:37:59.171193-0600]     1.5625 MB /   0.50 sec =   26.2105 Mbps     0 retrans
[2024-11-04T18:37:59.670982-0600]     0.0000 MB /   0.50 sec =    0.0000 Mbps     0 retrans
[2024-11-04T18:38:00.171380-0600]     0.0000 MB /   0.50 sec =    0.0000 Mbps     0 retrans
[2024-11-04T18:38:00.670975-0600]     0.0000 MB /   0.50 sec =    0.0000 Mbps     0 retrans
[2024-11-04T18:38:01.171055-0600]     0.2500 MB /   0.50 sec =    4.1939 Mbps     0 retrans
[2024-11-04T18:38:01.671084-0600]     3.9375 MB /   0.50 sec =   66.0537 Mbps     0 retrans
[2024-11-04T18:38:02.171245-0600]     1.8125 MB /   0.50 sec =   30.4041 Mbps     0 retrans
[2024-11-04T18:38:02.671439-0600]     2.5000 MB /   0.50 sec =   41.9294 Mbps     0 retrans
[2024-11-04T18:38:03.171298-0600]     2.2500 MB /   0.50 sec =   37.7695 Mbps     0 retrans
[2024-11-04T18:38:03.671135-0600]     3.5625 MB /   0.50 sec =   59.7654 Mbps     0 retrans
[2024-11-04T18:38:04.171498-0600]     1.6250 MB /   0.50 sec =   27.2627 Mbps     0 retrans
[2024-11-04T18:38:04.670997-0600]     4.5625 MB /   0.50 sec =   76.5589 Mbps     0 retrans
[2024-11-04T18:38:05.171093-0600]     3.8125 MB /   0.50 sec =   63.9593 Mbps     0 retrans
[2024-11-04T18:38:05.671212-0600]     0.6250 MB /   0.50 sec =   10.4835 Mbps     0 retrans
[2024-11-04T18:38:06.171150-0600]     5.5625 MB /   0.50 sec =   93.3333 Mbps     0 retrans
[2024-11-04T18:38:06.671054-0600]     3.8750 MB /   0.50 sec =   65.0203 Mbps     0 retrans
[2024-11-04T18:38:07.170984-0600]     3.3125 MB /   0.50 sec =   55.5768 Mbps     0 retrans
[2024-11-04T18:38:07.671158-0600]     4.0625 MB /   0.50 sec =   68.1471 Mbps     0 retrans
[2024-11-04T18:38:08.171009-0600]     3.6875 MB /   0.50 sec =   61.8725 Mbps     0 retrans
[2024-11-04T18:38:08.671148-0600]     5.0000 MB /   0.50 sec =   83.8767 Mbps     0 retrans
[2024-11-04T18:38:09.171024-0600]     4.1250 MB /   0.50 sec =   69.2147 Mbps     0 retrans
[2024-11-04T18:38:09.671166-0600]     3.7500 MB /   0.50 sec =   62.9071 Mbps     0 retrans
[2024-11-04T18:38:10.171196-0600]     4.0625 MB /   0.50 sec =   68.1551 Mbps     0 retrans
[2024-11-04T18:38:10.671158-0600]     5.5625 MB /   0.50 sec =   93.3238 Mbps     0 retrans
[2024-11-04T18:38:11.171044-0600]     4.7500 MB /   0.50 sec =   79.7029 Mbps     0 retrans
[2024-11-04T18:38:11.671042-0600]     6.3125 MB /   0.50 sec =  105.9117 Mbps     0 retrans
[2024-11-04T18:38:12.171310-0600]     3.9375 MB /   0.50 sec =   66.0236 Mbps     0 retrans
[2024-11-04T18:38:12.671129-0600]     3.3750 MB /   0.50 sec =   56.6498 Mbps     0 retrans
[2024-11-04T18:38:13.171141-0600]     4.7500 MB /   0.50 sec =   79.6870 Mbps     0 retrans
[2024-11-04T18:38:13.671022-0600]     0.3125 MB /   0.50 sec =    5.2434 Mbps     0 retrans
[2024-11-04T18:38:14.171082-0600]     6.4375 MB /   0.50 sec =  107.9994 Mbps     0 retrans
[2024-11-04T18:38:14.671196-0600]     2.8125 MB /   0.50 sec =   47.1826 Mbps     0 retrans
[2024-11-04T18:38:15.170996-0600]     2.8750 MB /   0.50 sec =   48.2409 Mbps     0 retrans
[2024-11-04T18:38:15.671088-0600]     5.8750 MB /   0.50 sec =   98.5518 Mbps     0 retrans
[2024-11-04T18:38:16.171294-0600]     3.1875 MB /   0.50 sec =   53.4654 Mbps     0 retrans
[2024-11-04T18:38:16.671135-0600]     5.0000 MB /   0.50 sec =   83.9050 Mbps     0 retrans
[2024-11-04T18:38:17.171128-0600]     0.3125 MB /   0.50 sec =    5.2431 Mbps     0 retrans
[2024-11-04T18:38:17.671158-0600]     5.2500 MB /   0.50 sec =   88.0656 Mbps     0 retrans
[2024-11-04T18:38:18.171072-0600]     1.8750 MB /   0.50 sec =   31.4636 Mbps     0 retrans
[2024-11-04T18:38:18.670970-0600]     3.3125 MB /   0.50 sec =   55.5794 Mbps     0 retrans
[2024-11-04T18:38:19.171286-0600]     5.0000 MB /   0.50 sec =   83.8760 Mbps     0 retrans
[2024-11-04T18:38:19.671182-0600]     2.0625 MB /   0.50 sec =   34.5995 Mbps     0 retrans
[2024-11-04T18:38:20.171113-0600]     2.5000 MB /   0.50 sec =   41.9504 Mbps     0 retrans
[2024-11-04T18:38:20.671125-0600]     3.5625 MB /   0.50 sec =   59.7635 Mbps     0 retrans
[2024-11-04T18:38:21.170963-0600]     1.9375 MB /   0.50 sec =   32.5102 Mbps     0 retrans
[2024-11-04T18:38:21.671251-0600]     3.7500 MB /   0.50 sec =   62.8931 Mbps     0 retrans
[2024-11-04T18:38:22.171154-0600]     6.1875 MB /   0.50 sec =  103.8236 Mbps     0 retrans
[2024-11-04T18:38:22.671519-0600]     1.1250 MB /   0.50 sec =   18.8638 Mbps     0 retrans
[2024-11-04T18:38:23.171244-0600]     5.6250 MB /   0.50 sec =   94.4334 Mbps     0 retrans
[2024-11-04T18:38:23.671205-0600]     4.0625 MB /   0.50 sec =   68.1450 Mbps     0 retrans
[2024-11-04T18:38:24.171352-0600]     3.0625 MB /   0.50 sec =   51.3917 Mbps     0 retrans
[2024-11-04T18:38:24.670973-0600]     5.4375 MB /   0.50 sec =   91.2318 Mbps     0 retrans
[2024-11-04T18:38:25.171843-0600]     5.0000 MB /   0.50 sec =   83.7429 Mbps     0 retrans
[2024-11-04T18:38:25.671179-0600]     7.4375 MB /   0.50 sec =  124.9697 Mbps     0 retrans
[2024-11-04T18:38:26.171644-0600]     4.8125 MB /   0.50 sec =   80.6721 Mbps     0 retrans
[2024-11-04T18:38:26.671571-0600]     2.5000 MB /   0.50 sec =   41.9451 Mbps     0 retrans
[2024-11-04T18:38:27.171129-0600]     7.6250 MB /   0.50 sec =  128.0369 Mbps     0 retrans
[2024-11-04T18:38:27.670979-0600]     7.2500 MB /   0.50 sec =  121.6506 Mbps     0 retrans
[2024-11-04T18:38:28.171009-0600]     5.8750 MB /   0.50 sec =   98.5606 Mbps     0 retrans
[2024-11-04T18:38:28.671315-0600]     3.0000 MB /   0.50 sec =   50.3125 Mbps     0 retrans
[2024-11-04T18:38:29.171300-0600]     7.8750 MB /   0.50 sec =  132.1047 Mbps     0 retrans
[2024-11-04T18:38:29.671159-0600]     5.0000 MB /   0.50 sec =   83.9198 Mbps     0 retrans
[2024-11-04T18:38:30.171527-0600]     4.0625 MB /   0.50 sec =   68.1089 Mbps     0 retrans
[2024-11-04T18:38:30.671166-0600]     3.5000 MB /   0.50 sec =   58.7608 Mbps     0 retrans
[2024-11-04T18:38:31.171071-0600]     7.0625 MB /   0.50 sec =  118.4995 Mbps     0 retrans
[2024-11-04T18:38:31.671014-0600]     1.0000 MB /   0.50 sec =   16.7781 Mbps     0 retrans
[2024-11-04T18:38:32.171108-0600]     0.2500 MB /   0.50 sec =    4.1943 Mbps     0 retrans
[2024-11-04T18:38:32.671142-0600]     6.3750 MB /   0.50 sec =  106.9438 Mbps     0 retrans
[2024-11-04T18:38:33.171182-0600]     1.8750 MB /   0.50 sec =   31.4544 Mbps     0 retrans
[2024-11-04T18:38:33.671170-0600]     4.8125 MB /   0.50 sec =   80.7463 Mbps     0 retrans
[2024-11-04T18:38:34.171456-0600]     6.1250 MB /   0.50 sec =  102.7598 Mbps     0 retrans
[2024-11-04T18:38:34.671078-0600]     0.0000 MB /   0.50 sec =    0.0000 Mbps     0 retrans
[2024-11-04T18:38:35.171009-0600]     0.0000 MB /   0.50 sec =    0.0000 Mbps     0 retrans
[2024-11-04T18:38:35.671124-0600]     2.1875 MB /   0.50 sec =   36.6972 Mbps     0 retrans
[2024-11-04T18:38:36.171133-0600]     0.0000 MB /   0.50 sec =    0.0000 Mbps     0 retrans
[2024-11-04T18:38:36.672026-0600]     0.0000 MB /   0.50 sec =    0.0000 Mbps     0 retrans
[2024-11-04T18:38:37.171216-0600]     0.0000 MB /   0.50 sec =    0.0000 Mbps     0 retrans
[2024-11-04T18:38:37.671158-0600]     0.0000 MB /   0.50 sec =    0.0000 Mbps     0 retrans
[2024-11-04T18:38:38.171276-0600]     7.2500 MB /   0.50 sec =  121.6312 Mbps     0 retrans
[2024-11-04T18:38:38.670992-0600]     0.0625 MB /   0.50 sec =    1.0487 Mbps     0 retrans
[2024-11-04T18:38:39.171254-0600]     6.3125 MB /   0.50 sec =  105.8712 Mbps     0 retrans
[2024-11-04T18:38:39.671052-0600]     4.3750 MB /   0.50 sec =   73.4234 Mbps     0 retrans
[2024-11-04T18:38:40.170970-0600]     0.3750 MB /   0.50 sec =    6.2917 Mbps     0 retrans
[2024-11-04T18:38:40.671192-0600]     0.0000 MB /   0.50 sec =    0.0000 Mbps     0 retrans
[2024-11-04T18:38:41.171145-0600]     7.0625 MB /   0.50 sec =  118.4898 Mbps     0 retrans
[2024-11-04T18:38:41.671138-0600]     2.1250 MB /   0.50 sec =   35.6537 Mbps     0 retrans
[2024-11-04T18:38:42.171076-0600]     2.7500 MB /   0.50 sec =   46.1429 Mbps     0 retrans
[2024-11-04T18:38:42.671493-0600]     2.1250 MB /   0.50 sec =   35.6231 Mbps     0 retrans
[2024-11-04T18:38:43.171045-0600]     4.5625 MB /   0.50 sec =   76.6041 Mbps     0 retrans
[2024-11-04T18:38:43.671165-0600]     0.0000 MB /   0.50 sec =    0.0000 Mbps     0 retrans
[2024-11-04T18:38:44.170980-0600]     2.3125 MB /   0.50 sec =   38.8024 Mbps     0 retrans
[2024-11-04T18:38:44.671181-0600]     2.1875 MB /   0.50 sec =   36.6925 Mbps     0 retrans
[2024-11-04T18:38:45.171029-0600]     0.0000 MB /   0.50 sec =    0.0000 Mbps     0 retrans
[2024-11-04T18:38:45.670983-0600]     0.0000 MB /   0.50 sec =    0.0000 Mbps     0 retrans
[2024-11-04T18:38:46.171158-0600]     0.0000 MB /   0.50 sec =    0.0000 Mbps     0 retrans
[2024-11-04T18:38:46.671232-0600]     5.4375 MB /   0.50 sec =   91.2316 Mbps     0 retrans
[2024-11-04T18:38:47.171053-0600]     1.4375 MB /   0.50 sec =   24.1177 Mbps     0 retrans
[2024-11-04T18:38:47.671325-0600]     1.4375 MB /   0.50 sec =   24.1060 Mbps     0 retrans
[2024-11-04T18:38:48.171115-0600]     3.2500 MB /   0.50 sec =   54.5491 Mbps     0 retrans
[2024-11-04T18:38:48.671105-0600]     0.1250 MB /   0.50 sec =    2.0972 Mbps     0 retrans
[2024-11-04T18:38:49.170996-0600]     3.9375 MB /   0.50 sec =   66.0666 Mbps     0 retrans
[2024-11-04T18:38:49.671220-0600]     0.0000 MB /   0.50 sec =    0.0000 Mbps     0 retrans
[2024-11-04T18:38:50.171416-0600]     0.0000 MB /   0.50 sec =    0.0000 Mbps     0 retrans
[2024-11-04T18:38:50.671168-0600]     0.0000 MB /   0.50 sec =    0.0000 Mbps     0 retrans
[2024-11-04T18:38:51.171193-0600]     0.0000 MB /   0.50 sec =    0.0000 Mbps     0 retrans
[2024-11-04T18:38:51.671058-0600]     0.0000 MB /   0.50 sec =    0.0000 Mbps     0 retrans
[2024-11-04T18:38:52.171291-0600]     2.1875 MB /   0.50 sec =   36.6979 Mbps     0 retrans
[2024-11-04T18:38:52.671139-0600]     5.3125 MB /   0.50 sec =   89.1275 Mbps     0 retrans
[2024-11-04T18:38:53.171112-0600]     2.2500 MB /   0.50 sec =   37.7493 Mbps     0 retrans
[2024-11-04T18:38:53.671143-0600]     4.2500 MB /   0.50 sec =   71.3010 Mbps     0 retrans
[2024-11-04T18:38:54.171163-0600]     1.7500 MB /   0.50 sec =   29.3595 Mbps     0 retrans
[2024-11-04T18:38:54.671156-0600]     1.3125 MB /   0.50 sec =   22.0205 Mbps     0 retrans
[2024-11-04T18:38:55.171000-0600]     1.0000 MB /   0.50 sec =   16.7790 Mbps     0 retrans
[2024-11-04T18:38:55.671192-0600]     0.0000 MB /   0.50 sec =    0.0000 Mbps     0 retrans
[2024-11-04T18:38:56.170977-0600]     0.0000 MB /   0.50 sec =    0.0000 Mbps     0 retrans
[2024-11-04T18:38:56.671195-0600]     1.1875 MB /   0.50 sec =   19.9190 Mbps     0 retrans
[2024-11-04T18:38:57.171046-0600]     0.1250 MB /   0.50 sec =    2.0973 Mbps     0 retrans
[2024-11-04T18:38:57.671177-0600]     0.6875 MB /   0.50 sec =   11.5340 Mbps     0 retrans
[2024-11-04T18:38:58.171245-0600]     4.3750 MB /   0.50 sec =   73.4047 Mbps     0 retrans
[2024-11-04T18:38:58.671019-0600]     2.9375 MB /   0.50 sec =   49.2860 Mbps     0 retrans
[2024-11-04T18:38:59.170962-0600]     1.7500 MB /   0.50 sec =   29.3619 Mbps     0 retrans
[2024-11-04T18:38:59.671205-0600]     1.9375 MB /   0.50 sec =   32.4992 Mbps     0 retrans
[2024-11-04T18:39:00.171123-0600]     4.3125 MB /   0.50 sec =   72.3580 Mbps     0 retrans
End time: 1730767140586
