Start time: 1730926398556
[2024-11-06T15:53:19.415192-0500] nuttcp-r: v8.1.4: socket
[2024-11-06T15:53:19.416225-0500] nuttcp-r: buflen=65536, nstream=1, port=5101 tcp
[2024-11-06T15:53:19.416331-0500] nuttcp-r: interval reporting every 0.50 seconds
[2024-11-06T15:53:19.416414-0500] nuttcp-r: connect to 54.197.223.49 with RTT=42.553 ms af=inet
[2024-11-06T15:53:19.416496-0500] nuttcp-r: send window size = 2097152, receive window size = 6291456
[2024-11-06T15:53:19.416571-0500] nuttcp-r: available send window = 1572864, available receive window = 4718592
[2024-11-06T15:53:19.416726-0500]     0.1875 MB /   0.50 sec =    3.1454 Mbps     0 retrans     13 KB-cwnd
[2024-11-06T15:53:19.915114-0500]     0.5625 MB /   0.50 sec =    9.4372 Mbps     0 retrans     13 KB-cwnd
[2024-11-06T15:53:20.415043-0500]     0.7500 MB /   0.50 sec =   12.5829 Mbps     0 retrans     13 KB-cwnd
[2024-11-06T15:53:20.915710-0500]     1.1875 MB /   0.50 sec =   19.9118 Mbps     0 retrans     13 KB-cwnd
[2024-11-06T15:53:21.415514-0500]     1.0625 MB /   0.50 sec =   17.8329 Mbps     0 retrans     13 KB-cwnd
[2024-11-06T15:53:21.915105-0500]     1.6875 MB /   0.50 sec =   28.3163 Mbps     0 retrans     13 KB-cwnd
[2024-11-06T15:53:22.415093-0500]     2.0625 MB /   0.50 sec =   34.6027 Mbps     0 retrans     13 KB-cwnd
[2024-11-06T15:53:22.915055-0500]     2.3750 MB /   0.50 sec =   39.8442 Mbps     0 retrans     13 KB-cwnd
[2024-11-06T15:53:23.415132-0500]     3.9375 MB /   0.50 sec =   66.0629 Mbps     0 retrans     13 KB-cwnd
[2024-11-06T15:53:23.915078-0500]     6.5625 MB /   0.50 sec =  110.1051 Mbps     0 retrans     13 KB-cwnd
[2024-11-06T15:53:24.415353-0500]    10.5625 MB /   0.50 sec =  177.1945 Mbps     0 retrans     13 KB-cwnd
[2024-11-06T15:53:24.915500-0500]    12.1875 MB /   0.50 sec =  204.3391 Mbps     0 retrans     13 KB-cwnd
[2024-11-06T15:53:25.415081-0500]    17.5000 MB /   0.50 sec =  293.8111 Mbps     0 retrans     13 KB-cwnd
[2024-11-06T15:53:25.915313-0500]    21.4375 MB /   0.50 sec =  359.6522 Mbps     0 retrans     13 KB-cwnd
[2024-11-06T15:53:26.415101-0500]    25.5000 MB /   0.50 sec =  427.8216 Mbps     0 retrans     17 KB-cwnd
[2024-11-06T15:53:26.915069-0500]    26.1875 MB /   0.50 sec =  439.3665 Mbps     0 retrans     26 KB-cwnd
[2024-11-06T15:53:27.415556-0500]    23.3750 MB /   0.50 sec =  392.1580 Mbps     0 retrans     26 KB-cwnd
[2024-11-06T15:53:27.915619-0500]    30.0625 MB /   0.50 sec =  503.9236 Mbps     0 retrans     26 KB-cwnd
[2024-11-06T15:53:28.415137-0500]    26.7500 MB /   0.50 sec =  449.1714 Mbps     0 retrans     38 KB-cwnd
[2024-11-06T15:53:28.915009-0500]    28.9375 MB /   0.50 sec =  485.5373 Mbps     0 retrans     40 KB-cwnd
[2024-11-06T15:53:29.415267-0500]    24.6250 MB /   0.50 sec =  413.0952 Mbps     0 retrans     40 KB-cwnd
[2024-11-06T15:53:29.915298-0500]    25.0625 MB /   0.50 sec =  420.3764 Mbps     0 retrans     40 KB-cwnd
[2024-11-06T15:53:30.415314-0500]    22.8125 MB /   0.50 sec =  382.8596 Mbps     0 retrans     40 KB-cwnd
[2024-11-06T15:53:30.915438-0500]    26.1250 MB /   0.50 sec =  437.9850 Mbps     0 retrans     43 KB-cwnd
[2024-11-06T15:53:31.415228-0500]    26.0625 MB /   0.50 sec =  437.4653 Mbps     0 retrans     43 KB-cwnd
[2024-11-06T15:53:31.915149-0500]    27.6875 MB /   0.50 sec =  464.5879 Mbps     0 retrans     43 KB-cwnd
[2024-11-06T15:53:32.415163-0500]    28.2500 MB /   0.50 sec =  473.9507 Mbps     0 retrans   6326 KB-cwnd
[2024-11-06T15:53:32.914997-0500]    28.0000 MB /   0.50 sec =  469.8259 Mbps     0 retrans   6326 KB-cwnd
[2024-11-06T15:53:33.415237-0500]    31.1875 MB /   0.50 sec =  523.1662 Mbps     0 retrans   6261 KB-cwnd
[2024-11-06T15:53:33.915299-0500]    24.0000 MB /   0.50 sec =  402.6065 Mbps     0 retrans   6261 KB-cwnd
[2024-11-06T15:53:34.415348-0500]    12.1250 MB /   0.50 sec =  203.4384 Mbps     0 retrans   6261 KB-cwnd
[2024-11-06T15:53:34.915088-0500]    23.0000 MB /   0.50 sec =  385.9223 Mbps     0 retrans   6261 KB-cwnd
[2024-11-06T15:53:35.415043-0500]    26.3750 MB /   0.50 sec =  442.5017 Mbps     0 retrans   6151 KB-cwnd
[2024-11-06T15:53:35.915139-0500]    34.1250 MB /   0.50 sec =  572.4870 Mbps     0 retrans   6151 KB-cwnd
[2024-11-06T15:53:36.415120-0500]    33.8125 MB /   0.50 sec =  567.3023 Mbps     0 retrans   6151 KB-cwnd
[2024-11-06T15:53:36.915090-0500]    29.8750 MB /   0.50 sec =  501.2334 Mbps     0 retrans   6151 KB-cwnd
[2024-11-06T15:53:37.415084-0500]    34.6250 MB /   0.50 sec =  580.9076 Mbps     0 retrans   6154 KB-cwnd
[2024-11-06T15:53:37.915035-0500]    31.0000 MB /   0.50 sec =  520.1124 Mbps     0 retrans   6409 KB-cwnd
[2024-11-06T15:53:38.415116-0500]    20.1250 MB /   0.50 sec =  337.6212 Mbps     0 retrans   6409 KB-cwnd
[2024-11-06T15:53:38.915116-0500]    14.6875 MB /   0.50 sec =  246.4154 Mbps     0 retrans   6409 KB-cwnd
[2024-11-06T15:53:39.415003-0500]    14.5000 MB /   0.50 sec =  243.2920 Mbps     0 retrans   6409 KB-cwnd
[2024-11-06T15:53:39.915114-0500]    23.1875 MB /   0.50 sec =  388.9921 Mbps     0 retrans   6409 KB-cwnd
[2024-11-06T15:53:40.415088-0500]    15.0625 MB /   0.50 sec =  252.7083 Mbps     0 retrans   6546 KB-cwnd
[2024-11-06T15:53:40.915173-0500]    19.0625 MB /   0.50 sec =  319.7703 Mbps     0 retrans   6546 KB-cwnd
[2024-11-06T15:53:41.415141-0500]    15.8750 MB /   0.50 sec =  266.3591 Mbps     0 retrans   4547 KB-cwnd
[2024-11-06T15:53:41.915089-0500]    20.1250 MB /   0.50 sec =  337.6806 Mbps     0 retrans   4547 KB-cwnd
[2024-11-06T15:53:42.415178-0500]    16.2500 MB /   0.50 sec =  272.5905 Mbps     0 retrans   4547 KB-cwnd
[2024-11-06T15:53:42.915020-0500]    15.6875 MB /   0.50 sec =  263.2305 Mbps     0 retrans   4622 KB-cwnd
[2024-11-06T15:53:43.415140-0500]    19.0000 MB /   0.50 sec =  318.7333 Mbps     0 retrans   4622 KB-cwnd
[2024-11-06T15:53:43.915146-0500]    27.3750 MB /   0.50 sec =  459.2910 Mbps     0 retrans   4622 KB-cwnd
[2024-11-06T15:53:44.415015-0500]    13.8125 MB /   0.50 sec =  231.7538 Mbps     0 retrans   4622 KB-cwnd
[2024-11-06T15:53:44.915150-0500]    26.5625 MB /   0.50 sec =  445.6190 Mbps     0 retrans   4622 KB-cwnd
[2024-11-06T15:53:45.415024-0500]    29.1250 MB /   0.50 sec =  488.6589 Mbps     0 retrans   7484 KB-cwnd
[2024-11-06T15:53:45.915126-0500]    28.0625 MB /   0.50 sec =  470.7711 Mbps     0 retrans   7484 KB-cwnd
[2024-11-06T15:53:46.415153-0500]    30.2500 MB /   0.50 sec =  507.5219 Mbps     0 retrans   7484 KB-cwnd
[2024-11-06T15:53:46.915144-0500]    36.2500 MB /   0.50 sec =  608.1583 Mbps     0 retrans   7484 KB-cwnd
[2024-11-06T15:53:47.415248-0500]    31.4375 MB /   0.50 sec =  527.4474 Mbps     1 retrans   5568 KB-cwnd
[2024-11-06T15:53:47.915230-0500]    29.6875 MB /   0.50 sec =  497.9959 Mbps     0 retrans   5568 KB-cwnd
[2024-11-06T15:53:48.415142-0500]    17.8750 MB /   0.50 sec =  299.9395 Mbps     0 retrans   5568 KB-cwnd
[2024-11-06T15:53:48.915230-0500]    17.6875 MB /   0.50 sec =  296.6983 Mbps     0 retrans   4587 KB-cwnd
[2024-11-06T15:53:49.415116-0500]    13.6875 MB /   0.50 sec =  229.6726 Mbps     0 retrans   4587 KB-cwnd
[2024-11-06T15:53:49.915078-0500]    20.4375 MB /   0.50 sec =  342.8946 Mbps     0 retrans   4635 KB-cwnd
[2024-11-06T15:53:50.415100-0500]    24.5625 MB /   0.50 sec =  412.0904 Mbps     0 retrans   4635 KB-cwnd
[2024-11-06T15:53:50.915129-0500]    24.3750 MB /   0.50 sec =  408.9193 Mbps     0 retrans   5555 KB-cwnd
[2024-11-06T15:53:51.415107-0500]    25.3125 MB /   0.50 sec =  424.6920 Mbps     0 retrans   5555 KB-cwnd
[2024-11-06T15:53:51.915151-0500]    28.1250 MB /   0.50 sec =  471.8535 Mbps     0 retrans   5555 KB-cwnd
[2024-11-06T15:53:52.415092-0500]    22.5625 MB /   0.50 sec =  378.5480 Mbps     0 retrans   5573 KB-cwnd
[2024-11-06T15:53:52.915126-0500]    19.1875 MB /   0.50 sec =  321.9045 Mbps     0 retrans   5573 KB-cwnd
[2024-11-06T15:53:53.415095-0500]    21.0000 MB /   0.50 sec =  352.3314 Mbps     0 retrans   5573 KB-cwnd
[2024-11-06T15:53:53.915095-0500]    28.3125 MB /   0.50 sec =  475.0097 Mbps     0 retrans   5982 KB-cwnd
[2024-11-06T15:53:54.415126-0500]    23.8125 MB /   0.50 sec =  399.4995 Mbps     0 retrans   5982 KB-cwnd
[2024-11-06T15:53:54.915126-0500]    15.6250 MB /   0.50 sec =  262.1440 Mbps     0 retrans   5982 KB-cwnd
[2024-11-06T15:53:55.415104-0500]    27.8125 MB /   0.50 sec =  466.6163 Mbps     0 retrans   6095 KB-cwnd
[2024-11-06T15:53:55.915174-0500]    29.0625 MB /   0.50 sec =  487.5781 Mbps     0 retrans   6095 KB-cwnd
[2024-11-06T15:53:56.415121-0500]    26.6250 MB /   0.50 sec =  446.7041 Mbps     0 retrans   6095 KB-cwnd
[2024-11-06T15:53:56.915053-0500]    29.4375 MB /   0.50 sec =  493.9030 Mbps     0 retrans   6635 KB-cwnd
[2024-11-06T15:53:57.415246-0500]    32.2500 MB /   0.50 sec =  541.0457 Mbps     0 retrans   6635 KB-cwnd
[2024-11-06T15:53:57.914998-0500]    23.8125 MB /   0.50 sec =  399.5306 Mbps     0 retrans   5528 KB-cwnd
[2024-11-06T15:53:58.415112-0500]    25.5000 MB /   0.50 sec =  427.7874 Mbps     0 retrans   5528 KB-cwnd
[2024-11-06T15:53:58.915102-0500]    23.6875 MB /   0.50 sec =  397.4047 Mbps     0 retrans   5528 KB-cwnd
[2024-11-06T15:53:59.415095-0500]    24.2500 MB /   0.50 sec =  406.8491 Mbps     0 retrans   6382 KB-cwnd
[2024-11-06T15:53:59.915128-0500]    28.2500 MB /   0.50 sec =  473.9564 Mbps     0 retrans   6347 KB-cwnd
[2024-11-06T15:54:00.415096-0500]    30.5000 MB /   0.50 sec =  511.7102 Mbps     0 retrans   6347 KB-cwnd
[2024-11-06T15:54:00.915093-0500]    29.5000 MB /   0.50 sec =  494.9348 Mbps     0 retrans   6820 KB-cwnd
[2024-11-06T15:54:01.415036-0500]    31.5000 MB /   0.50 sec =  528.5087 Mbps     0 retrans   6820 KB-cwnd
[2024-11-06T15:54:01.915094-0500]    30.8750 MB /   0.50 sec =  517.9717 Mbps     0 retrans   6595 KB-cwnd
[2024-11-06T15:54:02.415066-0500]    32.2500 MB /   0.50 sec =  541.0706 Mbps     0 retrans   6076 KB-cwnd
[2024-11-06T15:54:02.915116-0500]    29.4375 MB /   0.50 sec =  493.8655 Mbps     0 retrans   7052 KB-cwnd
[2024-11-06T15:54:03.415089-0500]    32.1875 MB /   0.50 sec =  540.0166 Mbps     0 retrans   7052 KB-cwnd
[2024-11-06T15:54:03.915147-0500]    32.2500 MB /   0.50 sec =  541.0165 Mbps     0 retrans   7052 KB-cwnd
[2024-11-06T15:54:04.414995-0500]    26.9375 MB /   0.50 sec =  452.0158 Mbps     0 retrans   8070 KB-cwnd
[2024-11-06T15:54:04.915190-0500]    15.7500 MB /   0.50 sec =  264.1957 Mbps     0 retrans   8070 KB-cwnd
[2024-11-06T15:54:05.415159-0500]    23.0625 MB /   0.50 sec =  386.9416 Mbps     0 retrans   8070 KB-cwnd
[2024-11-06T15:54:05.915188-0500]    25.8125 MB /   0.50 sec =  433.0385 Mbps     0 retrans   6686 KB-cwnd
[2024-11-06T15:54:06.415201-0500]    24.2500 MB /   0.50 sec =  406.8198 Mbps     0 retrans   6651 KB-cwnd
[2024-11-06T15:54:06.915083-0500]    20.8750 MB /   0.50 sec =  350.2811 Mbps     0 retrans   6651 KB-cwnd
[2024-11-06T15:54:07.415111-0500]    23.2500 MB /   0.50 sec =  390.0570 Mbps     0 retrans   7726 KB-cwnd
[2024-11-06T15:54:07.915116-0500]    18.8750 MB /   0.50 sec =  316.6826 Mbps     0 retrans   7726 KB-cwnd
[2024-11-06T15:54:08.415366-0500]    21.6250 MB /   0.50 sec =  362.8073 Mbps     0 retrans   7726 KB-cwnd
[2024-11-06T15:54:08.915126-0500]    22.8750 MB /   0.50 sec =  383.7827 Mbps     0 retrans   5767 KB-cwnd
[2024-11-06T15:54:09.415101-0500]    21.4375 MB /   0.50 sec =  359.6616 Mbps     0 retrans   5767 KB-cwnd
[2024-11-06T15:54:09.915073-0500]    19.8125 MB /   0.50 sec =  332.4112 Mbps     0 retrans   6001 KB-cwnd
[2024-11-06T15:54:10.415095-0500]    19.6250 MB /   0.50 sec =  329.2311 Mbps     0 retrans   6001 KB-cwnd
[2024-11-06T15:54:10.915182-0500]    24.1875 MB /   0.50 sec =  405.7364 Mbps     0 retrans   6592 KB-cwnd
[2024-11-06T15:54:11.415017-0500]    20.6875 MB /   0.50 sec =  347.1516 Mbps     0 retrans   6592 KB-cwnd
[2024-11-06T15:54:11.915254-0500]    23.4375 MB /   0.50 sec =  393.1790 Mbps     0 retrans   6648 KB-cwnd
[2024-11-06T15:54:12.415125-0500]    22.6250 MB /   0.50 sec =  379.5898 Mbps     0 retrans   5375 KB-cwnd
[2024-11-06T15:54:12.915088-0500]    22.6875 MB /   0.50 sec =  380.6491 Mbps     0 retrans   5375 KB-cwnd
[2024-11-06T15:54:13.415103-0500]    20.1875 MB /   0.50 sec =  338.6880 Mbps     0 retrans   5375 KB-cwnd
[2024-11-06T15:54:13.915007-0500]    20.2500 MB /   0.50 sec =  339.7651 Mbps     0 retrans   6224 KB-cwnd
[2024-11-06T15:54:14.415108-0500]    26.6875 MB /   0.50 sec =  447.7151 Mbps     0 retrans   6224 KB-cwnd
[2024-11-06T15:54:14.915094-0500]    18.6250 MB /   0.50 sec =  312.4788 Mbps     0 retrans   6224 KB-cwnd
[2024-11-06T15:54:15.415056-0500]    23.4375 MB /   0.50 sec =  393.2231 Mbps     0 retrans   6149 KB-cwnd
[2024-11-06T15:54:15.915147-0500]    27.6875 MB /   0.50 sec =  464.4867 Mbps     0 retrans   7167 KB-cwnd
[2024-11-06T15:54:16.415020-0500]    27.6875 MB /   0.50 sec =  464.5600 Mbps     0 retrans   7167 KB-cwnd
[2024-11-06T15:54:16.915119-0500]    29.2500 MB /   0.50 sec =  490.7031 Mbps     0 retrans   7581 KB-cwnd
[2024-11-06T15:54:17.415119-0500]    30.2500 MB /   0.50 sec =  507.5098 Mbps     0 retrans   7820 KB-cwnd
[2024-11-06T15:54:17.915120-0500]    31.3125 MB /   0.50 sec =  525.3639 Mbps     0 retrans   7820 KB-cwnd
[2024-11-06T15:54:18.415284-0500]    26.5625 MB /   0.50 sec =  445.5156 Mbps     0 retrans   8989 KB-cwnd
[2024-11-06T15:54:18.915000-0500]    26.8125 MB /   0.50 sec =  449.9804 Mbps     0 retrans   8989 KB-cwnd
[2024-11-06T15:54:19.415132-0500]    15.4375 MB /   0.50 sec =  258.9812 Mbps     0 retrans   8989 KB-cwnd
[2024-11-06T15:54:19.915089-0500]    20.3125 MB /   0.50 sec =  340.7879 Mbps     0 retrans   9701 KB-cwnd
[2024-11-06T15:54:20.415087-0500]    23.5000 MB /   0.50 sec =  394.2638 Mbps     0 retrans   9701 KB-cwnd
[2024-11-06T15:54:20.915054-0500]    24.3750 MB /   0.50 sec =  408.9561 Mbps     0 retrans   9701 KB-cwnd
[2024-11-06T15:54:21.422246-0500]    26.5000 MB /   0.51 sec =  438.4163 Mbps     0 retrans   8409 KB-cwnd
[2024-11-06T15:54:21.915145-0500]    28.8750 MB /   0.49 sec =  491.3226 Mbps     0 retrans   8409 KB-cwnd
[2024-11-06T15:54:22.415118-0500]    30.1875 MB /   0.50 sec =  506.4926 Mbps     0 retrans   6869 KB-cwnd
[2024-11-06T15:54:22.915006-0500]    30.6250 MB /   0.50 sec =  513.8372 Mbps     0 retrans   6869 KB-cwnd
[2024-11-06T15:54:23.415116-0500]    25.3125 MB /   0.50 sec =  424.6470 Mbps     0 retrans   6869 KB-cwnd
[2024-11-06T15:54:23.915116-0500]    29.5000 MB /   0.50 sec =  494.9279 Mbps     0 retrans   6855 KB-cwnd
[2024-11-06T15:54:24.415103-0500]    13.4375 MB /   0.50 sec =  225.4420 Mbps     0 retrans   6855 KB-cwnd
[2024-11-06T15:54:24.915107-0500]    25.3125 MB /   0.50 sec =  424.6733 Mbps     0 retrans   6584 KB-cwnd
[2024-11-06T15:54:25.415105-0500]    20.8750 MB /   0.50 sec =  350.2181 Mbps     0 retrans   8804 KB-cwnd
[2024-11-06T15:54:25.915083-0500]    14.8750 MB /   0.50 sec =  249.5651 Mbps     0 retrans   8804 KB-cwnd
[2024-11-06T15:54:26.415116-0500]    19.8750 MB /   0.50 sec =  333.4498 Mbps     0 retrans   8804 KB-cwnd
[2024-11-06T15:54:26.915095-0500]    20.6875 MB /   0.50 sec =  347.0814 Mbps     0 retrans   8804 KB-cwnd
[2024-11-06T15:54:27.415163-0500]    17.5625 MB /   0.50 sec =  294.6063 Mbps     0 retrans   7229 KB-cwnd
[2024-11-06T15:54:27.915040-0500]    20.6875 MB /   0.50 sec =  347.1446 Mbps     0 retrans   7525 KB-cwnd
[2024-11-06T15:54:28.415108-0500]    17.6875 MB /   0.50 sec =  296.7310 Mbps     0 retrans   8164 KB-cwnd
[2024-11-06T15:54:28.915133-0500]    15.1875 MB /   0.50 sec =  254.8035 Mbps     0 retrans   8164 KB-cwnd
[2024-11-06T15:54:29.415270-0500]    15.3750 MB /   0.50 sec =  257.9471 Mbps     0 retrans   6186 KB-cwnd
[2024-11-06T15:54:29.915154-0500]    10.3125 MB /   0.50 sec =  173.0085 Mbps     0 retrans   6186 KB-cwnd
[2024-11-06T15:54:30.415012-0500]     9.8125 MB /   0.50 sec =  164.6449 Mbps     0 retrans   6186 KB-cwnd
[2024-11-06T15:54:30.915142-0500]     9.3750 MB /   0.50 sec =  157.2719 Mbps     0 retrans   6186 KB-cwnd
[2024-11-06T15:54:31.415123-0500]    13.4375 MB /   0.50 sec =  225.4470 Mbps     0 retrans   6235 KB-cwnd
[2024-11-06T15:54:31.915215-0500]    12.0625 MB /   0.50 sec =  202.3776 Mbps     0 retrans   6235 KB-cwnd
[2024-11-06T15:54:32.415119-0500]    14.7500 MB /   0.50 sec =  247.4644 Mbps     0 retrans   6245 KB-cwnd
[2024-11-06T15:54:32.915144-0500]    16.1250 MB /   0.50 sec =  270.5185 Mbps     0 retrans   6245 KB-cwnd
[2024-11-06T15:54:33.415124-0500]    15.8125 MB /   0.50 sec =  265.2987 Mbps     0 retrans   6245 KB-cwnd
[2024-11-06T15:54:33.915016-0500]    13.4375 MB /   0.50 sec =  225.4578 Mbps     0 retrans   6245 KB-cwnd
[2024-11-06T15:54:34.415130-0500]    16.5000 MB /   0.50 sec =  276.8041 Mbps     0 retrans   6245 KB-cwnd
[2024-11-06T15:54:34.915149-0500]    17.5625 MB /   0.50 sec =  294.6422 Mbps     0 retrans   4281 KB-cwnd
[2024-11-06T15:54:35.415130-0500]    16.4375 MB /   0.50 sec =  275.7843 Mbps     0 retrans   3937 KB-cwnd
[2024-11-06T15:54:35.915088-0500]    13.8125 MB /   0.50 sec =  231.7427 Mbps     0 retrans   3937 KB-cwnd
[2024-11-06T15:54:36.415185-0500]     4.0625 MB /   0.50 sec =   68.1475 Mbps     0 retrans   3937 KB-cwnd
[2024-11-06T15:54:36.915120-0500]    13.9375 MB /   0.50 sec =  233.8610 Mbps     0 retrans   3872 KB-cwnd
[2024-11-06T15:54:37.415145-0500]    15.5000 MB /   0.50 sec =  260.0380 Mbps     0 retrans   3560 KB-cwnd
[2024-11-06T15:54:37.915089-0500]    15.1875 MB /   0.50 sec =  254.8157 Mbps     0 retrans   3560 KB-cwnd
[2024-11-06T15:54:38.415034-0500]    14.8750 MB /   0.50 sec =  249.5756 Mbps     0 retrans   3560 KB-cwnd
[2024-11-06T15:54:38.915140-0500]    15.0625 MB /   0.50 sec =  252.6740 Mbps     0 retrans   3587 KB-cwnd
[2024-11-06T15:54:39.415002-0500]    15.9375 MB /   0.50 sec =  267.4254 Mbps     0 retrans   3587 KB-cwnd
[2024-11-06T15:54:39.915245-0500]    15.5625 MB /   0.50 sec =  261.0766 Mbps     0 retrans   4652 KB-cwnd
[2024-11-06T15:54:40.415157-0500]    15.2500 MB /   0.50 sec =  255.8377 Mbps     0 retrans   4652 KB-cwnd
[2024-11-06T15:54:40.915180-0500]    16.6250 MB /   0.50 sec =  278.9034 Mbps     0 retrans   4754 KB-cwnd
[2024-11-06T15:54:41.415180-0500]    17.1250 MB /   0.50 sec =  287.3092 Mbps     0 retrans   4754 KB-cwnd
[2024-11-06T15:54:41.915199-0500]    17.1250 MB /   0.50 sec =  287.2909 Mbps     2 retrans   4275 KB-cwnd
[2024-11-06T15:54:42.415102-0500]    15.8750 MB /   0.50 sec =  266.3889 Mbps     0 retrans   4275 KB-cwnd
[2024-11-06T15:54:42.915001-0500]     8.4375 MB /   0.50 sec =  141.5685 Mbps     0 retrans   4275 KB-cwnd
[2024-11-06T15:54:43.415272-0500]    20.1250 MB /   0.50 sec =  337.6219 Mbps     0 retrans   4275 KB-cwnd
[2024-11-06T15:54:43.915106-0500]    17.8125 MB /   0.50 sec =  298.8334 Mbps     0 retrans   4275 KB-cwnd
[2024-11-06T15:54:44.415079-0500]    17.6250 MB /   0.50 sec =  295.7109 Mbps     0 retrans   3337 KB-cwnd
[2024-11-06T15:54:44.915134-0500]    14.7500 MB /   0.50 sec =  247.4451 Mbps     0 retrans   3337 KB-cwnd
[2024-11-06T15:54:45.415003-0500]    13.2500 MB /   0.50 sec =  222.3252 Mbps     0 retrans   3337 KB-cwnd
[2024-11-06T15:54:45.915134-0500]    18.6875 MB /   0.50 sec =  313.4935 Mbps     0 retrans   3337 KB-cwnd
[2024-11-06T15:54:46.415227-0500]    21.0625 MB /   0.50 sec =  353.3871 Mbps     0 retrans   4477 KB-cwnd
[2024-11-06T15:54:46.915080-0500]    19.6250 MB /   0.50 sec =  329.2542 Mbps     0 retrans   4477 KB-cwnd
[2024-11-06T15:54:47.415088-0500]    18.9375 MB /   0.50 sec =  317.7134 Mbps     0 retrans   4477 KB-cwnd
[2024-11-06T15:54:47.915130-0500]    17.8750 MB /   0.50 sec =  299.8717 Mbps     0 retrans   4477 KB-cwnd
[2024-11-06T15:54:48.415123-0500]    16.5000 MB /   0.50 sec =  276.8385 Mbps     0 retrans   5598 KB-cwnd
[2024-11-06T15:54:48.915185-0500]    14.3750 MB /   0.50 sec =  241.1450 Mbps     0 retrans   5598 KB-cwnd
[2024-11-06T15:54:49.415143-0500]    18.8125 MB /   0.50 sec =  315.6498 Mbps     0 retrans   5598 KB-cwnd
[2024-11-06T15:54:49.915098-0500]    14.9375 MB /   0.50 sec =  250.6192 Mbps     0 retrans   5598 KB-cwnd
[2024-11-06T15:54:50.415011-0500]    16.8125 MB /   0.50 sec =  282.0856 Mbps     0 retrans   5641 KB-cwnd
[2024-11-06T15:54:50.915103-0500]    14.6875 MB /   0.50 sec =  246.3961 Mbps     0 retrans   5641 KB-cwnd
[2024-11-06T15:54:51.415112-0500]    15.5625 MB /   0.50 sec =  261.0949 Mbps     0 retrans   5697 KB-cwnd
[2024-11-06T15:54:51.915031-0500]    11.8125 MB /   0.50 sec =  198.1856 Mbps     0 retrans   5697 KB-cwnd
[2024-11-06T15:54:52.415120-0500]    13.5625 MB /   0.50 sec =  227.5355 Mbps     0 retrans   5697 KB-cwnd
[2024-11-06T15:54:52.915160-0500]    11.1250 MB /   0.50 sec =  186.6376 Mbps     0 retrans   5697 KB-cwnd
[2024-11-06T15:54:53.415124-0500]     3.9375 MB /   0.50 sec =   66.0646 Mbps     0 retrans   4076 KB-cwnd
[2024-11-06T15:54:53.915115-0500]    10.6875 MB /   0.50 sec =  179.3072 Mbps     0 retrans   4076 KB-cwnd
[2024-11-06T15:54:54.415128-0500]    13.3125 MB /   0.50 sec =  223.3431 Mbps     0 retrans   4076 KB-cwnd
[2024-11-06T15:54:54.915096-0500]    12.6250 MB /   0.50 sec =  211.8145 Mbps     0 retrans   4076 KB-cwnd
[2024-11-06T15:54:55.415097-0500]    18.4375 MB /   0.50 sec =  309.3318 Mbps     0 retrans   4076 KB-cwnd
[2024-11-06T15:54:55.915146-0500]    16.6875 MB /   0.50 sec =  279.9575 Mbps     0 retrans   4912 KB-cwnd
[2024-11-06T15:54:56.415122-0500]    17.8125 MB /   0.50 sec =  298.8561 Mbps     0 retrans   4912 KB-cwnd
[2024-11-06T15:54:56.915116-0500]    19.3750 MB /   0.50 sec =  325.0579 Mbps     0 retrans   4945 KB-cwnd
[2024-11-06T15:54:57.415089-0500]    14.7500 MB /   0.50 sec =  247.4659 Mbps     0 retrans   4945 KB-cwnd
[2024-11-06T15:54:57.915148-0500]    20.0625 MB /   0.50 sec =  336.5714 Mbps     0 retrans   2840 KB-cwnd
[2024-11-06T15:54:58.415115-0500]    15.7500 MB /   0.50 sec =  264.2496 Mbps     0 retrans   2840 KB-cwnd
[2024-11-06T15:54:58.915282-0500]    20.1250 MB /   0.50 sec =  337.6455 Mbps     0 retrans   2840 KB-cwnd
[2024-11-06T15:54:59.415096-0500]    19.0000 MB /   0.50 sec =  318.7658 Mbps     0 retrans   2840 KB-cwnd
[2024-11-06T15:54:59.915091-0500]    17.8125 MB /   0.50 sec =  298.8501 Mbps     0 retrans   3902 KB-cwnd
[2024-11-06T15:55:00.415099-0500]    10.8750 MB /   0.50 sec =  182.4522 Mbps     0 retrans   3902 KB-cwnd
[2024-11-06T15:55:00.915100-0500]    13.8750 MB /   0.50 sec =  232.7811 Mbps     0 retrans   3902 KB-cwnd
[2024-11-06T15:55:01.415099-0500]    13.3750 MB /   0.50 sec =  224.3984 Mbps     0 retrans   3902 KB-cwnd
[2024-11-06T15:55:01.915113-0500]    13.5625 MB /   0.50 sec =  227.5383 Mbps     0 retrans   3902 KB-cwnd
[2024-11-06T15:55:02.415102-0500]    13.5000 MB /   0.50 sec =  226.4951 Mbps     0 retrans   3902 KB-cwnd
[2024-11-06T15:55:02.915128-0500]    16.3750 MB /   0.50 sec =  274.7264 Mbps     0 retrans   5415 KB-cwnd
[2024-11-06T15:55:03.415103-0500]     9.8750 MB /   0.50 sec =  165.6753 Mbps     0 retrans   5415 KB-cwnd
[2024-11-06T15:55:03.915115-0500]    13.8750 MB /   0.50 sec =  232.7815 Mbps     0 retrans   5450 KB-cwnd
[2024-11-06T15:55:04.415090-0500]    16.2500 MB /   0.50 sec =  272.6319 Mbps     0 retrans   5450 KB-cwnd
[2024-11-06T15:55:04.915210-0500]    12.7500 MB /   0.50 sec =  213.9091 Mbps     0 retrans   5450 KB-cwnd
[2024-11-06T15:55:05.415102-0500]    14.8750 MB /   0.50 sec =  249.5621 Mbps     0 retrans   6321 KB-cwnd
[2024-11-06T15:55:05.915002-0500]    16.8750 MB /   0.50 sec =  283.1342 Mbps     0 retrans   6321 KB-cwnd
[2024-11-06T15:55:06.415145-0500]    15.8125 MB /   0.50 sec =  265.2627 Mbps     0 retrans   6355 KB-cwnd
[2024-11-06T15:55:06.915114-0500]    15.9375 MB /   0.50 sec =  267.3805 Mbps     0 retrans   6355 KB-cwnd
[2024-11-06T15:55:07.415030-0500]    20.3125 MB /   0.50 sec =  340.8254 Mbps     1 retrans   3797 KB-cwnd
[2024-11-06T15:55:07.915078-0500]    20.2500 MB /   0.50 sec =  339.7244 Mbps     0 retrans   3797 KB-cwnd
[2024-11-06T15:55:08.415053-0500]    13.2500 MB /   0.50 sec =  222.3043 Mbps     0 retrans   3824 KB-cwnd
[2024-11-06T15:55:08.915078-0500]    18.6875 MB /   0.50 sec =  313.5167 Mbps     0 retrans   3824 KB-cwnd
[2024-11-06T15:55:09.415106-0500]    12.5625 MB /   0.50 sec =  210.7541 Mbps     0 retrans   3896 KB-cwnd
[2024-11-06T15:55:09.915119-0500]    15.6875 MB /   0.50 sec =  263.1994 Mbps     0 retrans   3896 KB-cwnd
[2024-11-06T15:55:10.415132-0500]    15.3125 MB /   0.50 sec =  256.8986 Mbps     0 retrans   3896 KB-cwnd
[2024-11-06T15:55:10.915090-0500]    15.0000 MB /   0.50 sec =  251.6628 Mbps     0 retrans   3896 KB-cwnd
[2024-11-06T15:55:11.415094-0500]    14.1250 MB /   0.50 sec =  236.9706 Mbps     0 retrans   3896 KB-cwnd
[2024-11-06T15:55:11.915128-0500]    13.1875 MB /   0.50 sec =  221.2389 Mbps     0 retrans   5624 KB-cwnd
[2024-11-06T15:55:12.415125-0500]    18.6875 MB /   0.50 sec =  313.5399 Mbps     0 retrans   5624 KB-cwnd
[2024-11-06T15:55:12.915109-0500]    18.4375 MB /   0.50 sec =  309.3417 Mbps     0 retrans   5624 KB-cwnd
[2024-11-06T15:55:13.415110-0500]    16.2500 MB /   0.50 sec =  272.6232 Mbps     0 retrans   5624 KB-cwnd
[2024-11-06T15:55:13.915230-0500]     6.3125 MB /   0.50 sec =  105.9058 Mbps     0 retrans   5624 KB-cwnd
[2024-11-06T15:55:14.415012-0500]    14.7500 MB /   0.50 sec =  247.4818 Mbps     0 retrans   3308 KB-cwnd
[2024-11-06T15:55:14.915122-0500]    16.1875 MB /   0.50 sec =  271.5638 Mbps     0 retrans   3308 KB-cwnd
[2024-11-06T15:55:15.415089-0500]    13.1250 MB /   0.50 sec =  220.2018 Mbps     0 retrans   3308 KB-cwnd
[2024-11-06T15:55:15.915112-0500]    15.3125 MB /   0.50 sec =  256.9006 Mbps     0 retrans   3308 KB-cwnd
[2024-11-06T15:55:16.415139-0500]    16.8125 MB /   0.50 sec =  282.0658 Mbps     0 retrans   3308 KB-cwnd
[2024-11-06T15:55:16.915115-0500]    12.7500 MB /   0.50 sec =  213.9001 Mbps     0 retrans   3778 KB-cwnd
[2024-11-06T15:55:17.415123-0500]    17.8125 MB /   0.50 sec =  298.8549 Mbps     0 retrans   3778 KB-cwnd
[2024-11-06T15:55:17.915106-0500]    16.0625 MB /   0.50 sec =  269.4910 Mbps     0 retrans   3778 KB-cwnd
[2024-11-06T15:55:18.415086-0500]    12.9375 MB /   0.50 sec =  217.0561 Mbps     0 retrans   3778 KB-cwnd
[2024-11-06T15:55:18.915138-0500]    15.3125 MB /   0.50 sec =  256.8950 Mbps     0 retrans   3778 KB-cwnd
[2024-11-06T15:55:19.415136-0500]    18.8125 MB /   0.50 sec =  315.6151 Mbps     0 retrans   4877 KB-cwnd
End time: 1730926519744
