Start time: 1731095476525
[2024-11-08T14:51:17.536911-0500] nuttcp-t: v8.1.4: socket
[2024-11-08T14:51:17.537590-0500] nuttcp-t: buflen=65536, nstream=1, port=5102 tcp -> 54.197.223.49
[2024-11-08T14:51:17.537645-0500] nuttcp-t: time limit = 120.00 seconds
[2024-11-08T14:51:17.537678-0500] nuttcp-t: connect to 54.197.223.49 with mss=1378, RTT=49.220 ms af=inet
[2024-11-08T14:51:17.537707-0500] nuttcp-t: send window size = 2097152, receive window size = 6291456
[2024-11-08T14:51:17.537735-0500] nuttcp-t: available send window = 1572864, available receive window = 4718592
[2024-11-08T14:51:17.537762-0500] nuttcp-t: initial congestion window = 13 KB (10 packets)
[2024-11-08T14:51:17.537789-0500] nuttcp-r: v8.1.4: socket
[2024-11-08T14:51:17.537816-0500] nuttcp-r: buflen=65536, nstream=1, port=5102 tcp
[2024-11-08T14:51:17.537843-0500] nuttcp-r: interval reporting every 0.50 seconds
[2024-11-08T14:51:17.537869-0500] nuttcp-r: accept from 166.194.191.34 with af=inet
[2024-11-08T14:51:17.537896-0500] nuttcp-r: send window size = 450000000, receive window size = 450000000
[2024-11-08T14:51:17.537930-0500] nuttcp-r: available send window = 225000000, available receive window = 225000000
[2024-11-08T14:51:17.537973-0500]     0.6250 MB /   0.50 sec =   10.4853 Mbps     0 retrans    877 KB-cwnd
[2024-11-08T14:51:18.408835-0500]     1.6250 MB /   0.50 sec =   27.2635 Mbps     0 retrans   1618 KB-cwnd
[2024-11-08T14:51:19.244585-0500]     1.3750 MB /   0.50 sec =   23.0680 Mbps     1 retrans   1391 KB-cwnd
[2024-11-08T14:51:19.244980-0500]     1.6250 MB /   0.50 sec =   27.2632 Mbps     0 retrans   1391 KB-cwnd
[2024-11-08T14:51:20.232952-0500]     1.4375 MB /   0.50 sec =   24.1166 Mbps     0 retrans   1391 KB-cwnd
[2024-11-08T14:51:20.233333-0500]     1.4375 MB /   0.50 sec =   24.1189 Mbps     0 retrans   1391 KB-cwnd
[2024-11-08T14:51:21.536792-0500]     1.3125 MB /   0.50 sec =   22.0190 Mbps     0 retrans   1391 KB-cwnd
[2024-11-08T14:51:21.537313-0500]     1.1250 MB /   0.50 sec =   18.8724 Mbps     0 retrans   1391 KB-cwnd
[2024-11-08T14:51:21.537484-0500]     0.8125 MB /   0.50 sec =   13.6311 Mbps     0 retrans   1391 KB-cwnd
[2024-11-08T14:51:23.134232-0500]     0.6250 MB /   0.50 sec =   10.4844 Mbps     0 retrans   1391 KB-cwnd
[2024-11-08T14:51:23.134666-0500]     1.0000 MB /   0.50 sec =   16.7814 Mbps     0 retrans   1391 KB-cwnd
[2024-11-08T14:51:23.134798-0500]     0.8750 MB /   0.50 sec =   14.6805 Mbps     0 retrans   1391 KB-cwnd
[2024-11-08T14:51:24.544696-0500]     0.6875 MB /   0.50 sec =   11.5342 Mbps     0 retrans   1391 KB-cwnd
[2024-11-08T14:51:24.545160-0500]     1.0625 MB /   0.50 sec =   17.8255 Mbps     0 retrans   1391 KB-cwnd
[2024-11-08T14:51:24.545302-0500]     1.0000 MB /   0.50 sec =   16.7776 Mbps     0 retrans   1391 KB-cwnd
[2024-11-08T14:51:26.027129-0500]     0.8750 MB /   0.50 sec =   14.6803 Mbps     0 retrans   1391 KB-cwnd
[2024-11-08T14:51:26.027569-0500]     0.8750 MB /   0.50 sec =   14.6802 Mbps     0 retrans   1391 KB-cwnd
[2024-11-08T14:51:26.027709-0500]     0.9375 MB /   0.50 sec =   15.7285 Mbps     0 retrans   1391 KB-cwnd
[2024-11-08T14:51:28.156018-0500]     0.8125 MB /   0.50 sec =   13.6315 Mbps     0 retrans   1391 KB-cwnd
[2024-11-08T14:51:28.156421-0500]     0.6250 MB /   0.50 sec =   10.4853 Mbps     0 retrans   1391 KB-cwnd
[2024-11-08T14:51:28.156561-0500]     0.6875 MB /   0.50 sec =   11.5348 Mbps     0 retrans   1391 KB-cwnd
[2024-11-08T14:51:28.156671-0500]     0.5000 MB /   0.50 sec =    8.3689 Mbps     0 retrans   1391 KB-cwnd
[2024-11-08T14:51:30.394566-0500]     0.3750 MB /   0.50 sec =    6.3063 Mbps     0 retrans   1741 KB-cwnd
[2024-11-08T14:51:30.394945-0500]     0.6250 MB /   0.50 sec =   10.4858 Mbps     0 retrans   1741 KB-cwnd
[2024-11-08T14:51:30.395082-0500]     0.7500 MB /   0.50 sec =   12.5829 Mbps     0 retrans   1741 KB-cwnd
[2024-11-08T14:51:30.395194-0500]     0.5625 MB /   0.50 sec =    9.4359 Mbps     0 retrans   1741 KB-cwnd
[2024-11-08T14:51:33.058486-0500]     0.6875 MB /   0.50 sec =   11.5356 Mbps     0 retrans   1741 KB-cwnd
[2024-11-08T14:51:33.058994-0500]     0.4375 MB /   0.50 sec =    7.3393 Mbps     0 retrans   1741 KB-cwnd
[2024-11-08T14:51:33.061173-0500]     0.3750 MB /   0.50 sec =    6.2923 Mbps     0 retrans   1741 KB-cwnd
[2024-11-08T14:51:33.061400-0500]     0.4375 MB /   0.50 sec =    7.3400 Mbps     0 retrans   1741 KB-cwnd
[2024-11-08T14:51:33.061522-0500]     0.6875 MB /   0.50 sec =   11.5342 Mbps     0 retrans   1741 KB-cwnd
[2024-11-08T14:51:33.061630-0500]     0.4375 MB /   0.50 sec =    7.3302 Mbps     0 retrans   1741 KB-cwnd
[2024-11-08T14:51:34.728496-0500]     0.6250 MB /   0.50 sec =   10.4405 Mbps     0 retrans   1741 KB-cwnd
[2024-11-08T14:51:34.729073-0500]     0.8750 MB /   0.50 sec =   14.7634 Mbps     0 retrans   1741 KB-cwnd
[2024-11-08T14:51:34.729317-0500]     0.8125 MB /   0.50 sec =   13.6322 Mbps     0 retrans   1741 KB-cwnd
[2024-11-08T14:51:36.476567-0500]     0.8750 MB /   0.50 sec =   14.6803 Mbps     0 retrans   1741 KB-cwnd
[2024-11-08T14:51:36.477175-0500]     0.7500 MB /   0.50 sec =   12.5824 Mbps     0 retrans   1741 KB-cwnd
[2024-11-08T14:51:36.477449-0500]     0.6875 MB /   0.50 sec =   11.5348 Mbps     0 retrans   1741 KB-cwnd
[2024-11-08T14:51:38.188527-0500]     0.7500 MB /   0.50 sec =   12.5827 Mbps     0 retrans   1741 KB-cwnd
[2024-11-08T14:51:38.188707-0500]     0.8125 MB /   0.50 sec =   13.6317 Mbps     0 retrans   1741 KB-cwnd
[2024-11-08T14:51:38.188743-0500]     0.8125 MB /   0.50 sec =   13.6313 Mbps     0 retrans   1741 KB-cwnd
[2024-11-08T14:51:38.188777-0500]     0.6875 MB /   0.50 sec =   11.5339 Mbps     0 retrans   1741 KB-cwnd
[2024-11-08T14:51:39.692612-0500]     0.8125 MB /   0.50 sec =   13.6320 Mbps     0 retrans   1741 KB-cwnd
[2024-11-08T14:51:39.692890-0500]     1.0000 MB /   0.50 sec =   16.7768 Mbps     0 retrans   1741 KB-cwnd
[2024-11-08T14:51:39.692998-0500]     0.8750 MB /   0.50 sec =   14.6802 Mbps     0 retrans   1741 KB-cwnd
[2024-11-08T14:51:41.485014-0500]     0.8125 MB /   0.50 sec =   13.6310 Mbps     0 retrans   1741 KB-cwnd
[2024-11-08T14:51:41.485187-0500]     0.8750 MB /   0.50 sec =   14.6806 Mbps     0 retrans   1741 KB-cwnd
[2024-11-08T14:51:41.485219-0500]     0.6250 MB /   0.50 sec =   10.4857 Mbps     0 retrans   1741 KB-cwnd
[2024-11-08T14:51:41.485249-0500]     0.6875 MB /   0.50 sec =   11.5341 Mbps     0 retrans   1741 KB-cwnd
[2024-11-08T14:51:43.254695-0500]     0.8750 MB /   0.50 sec =   14.6785 Mbps     0 retrans   1741 KB-cwnd
[2024-11-08T14:51:43.255297-0500]     0.5625 MB /   0.50 sec =    9.4384 Mbps     0 retrans   1741 KB-cwnd
[2024-11-08T14:51:43.255537-0500]     0.8750 MB /   0.50 sec =   14.6800 Mbps     0 retrans   1741 KB-cwnd
[2024-11-08T14:51:45.020346-0500]     0.7500 MB /   0.50 sec =   12.5834 Mbps     0 retrans   1741 KB-cwnd
[2024-11-08T14:51:45.020916-0500]     0.8125 MB /   0.50 sec =   13.6313 Mbps     0 retrans   1741 KB-cwnd
[2024-11-08T14:51:45.021163-0500]     0.8125 MB /   0.50 sec =   13.6314 Mbps     0 retrans   1741 KB-cwnd
[2024-11-08T14:51:45.021421-0500]     0.7500 MB /   0.50 sec =   12.5829 Mbps     0 retrans   1741 KB-cwnd
[2024-11-08T14:51:47.248472-0500]     0.7500 MB /   0.50 sec =   12.5828 Mbps     0 retrans   1741 KB-cwnd
[2024-11-08T14:51:47.248701-0500]     0.6250 MB /   0.50 sec =   10.4856 Mbps     0 retrans   1741 KB-cwnd
[2024-11-08T14:51:47.248749-0500]     0.5000 MB /   0.50 sec =    8.3890 Mbps     0 retrans   1741 KB-cwnd
[2024-11-08T14:51:47.248786-0500]     0.5000 MB /   0.50 sec =    8.3885 Mbps     0 retrans   1741 KB-cwnd
[2024-11-08T14:51:50.179664-0500]     0.6875 MB /   0.50 sec =   11.5342 Mbps     0 retrans   1741 KB-cwnd
[2024-11-08T14:51:50.180375-0500]     0.5000 MB /   0.50 sec =    8.3884 Mbps     0 retrans   1741 KB-cwnd
[2024-11-08T14:51:50.180601-0500]     0.5000 MB /   0.50 sec =    8.3885 Mbps     0 retrans   1741 KB-cwnd
[2024-11-08T14:51:50.180708-0500]     0.4375 MB /   0.50 sec =    7.3401 Mbps     0 retrans   1741 KB-cwnd
[2024-11-08T14:51:50.180826-0500]     0.4375 MB /   0.50 sec =    7.3403 Mbps     0 retrans   1741 KB-cwnd
[2024-11-08T14:51:50.180933-0500]     0.3750 MB /   0.50 sec =    6.2907 Mbps     0 retrans   1741 KB-cwnd
[2024-11-08T14:51:53.887761-0500]     0.2500 MB /   0.50 sec =    4.1947 Mbps     0 retrans   1741 KB-cwnd
[2024-11-08T14:51:53.888310-0500]     0.1875 MB /   0.50 sec =    3.1458 Mbps     0 retrans   1741 KB-cwnd
[2024-11-08T14:51:53.888451-0500]     0.2500 MB /   0.50 sec =    4.1942 Mbps     0 retrans   1741 KB-cwnd
[2024-11-08T14:51:53.888561-0500]     0.3750 MB /   0.50 sec =    6.2917 Mbps     0 retrans   1741 KB-cwnd
[2024-11-08T14:51:53.888662-0500]     0.3750 MB /   0.50 sec =    6.2910 Mbps     0 retrans   1741 KB-cwnd
[2024-11-08T14:51:53.888763-0500]     0.3750 MB /   0.50 sec =    6.2917 Mbps     0 retrans   1741 KB-cwnd
[2024-11-08T14:51:53.888862-0500]     0.6250 MB /   0.50 sec =   10.4850 Mbps     0 retrans   1741 KB-cwnd
[2024-11-08T14:51:58.098983-0500]     0.3750 MB /   0.50 sec =    6.2919 Mbps     0 retrans   1741 KB-cwnd
[2024-11-08T14:51:58.099537-0500]     0.4375 MB /   0.50 sec =    7.3399 Mbps     0 retrans   1741 KB-cwnd
[2024-11-08T14:51:58.099869-0500]     0.3125 MB /   0.50 sec =    5.2429 Mbps     0 retrans   1741 KB-cwnd
[2024-11-08T14:51:58.100119-0500]     0.2500 MB /   0.50 sec =    4.1928 Mbps     0 retrans   1741 KB-cwnd
[2024-11-08T14:51:58.100393-0500]     0.2500 MB /   0.50 sec =    4.1956 Mbps     0 retrans   1741 KB-cwnd
[2024-11-08T14:51:58.102057-0500]     0.2500 MB /   0.50 sec =    4.1870 Mbps     0 retrans   1741 KB-cwnd
[2024-11-08T14:51:58.102268-0500]     0.3750 MB /   0.50 sec =    6.3028 Mbps     0 retrans   1741 KB-cwnd
[2024-11-08T14:51:58.102380-0500]     0.3125 MB /   0.50 sec =    5.2429 Mbps     0 retrans   1741 KB-cwnd
[2024-11-08T14:51:58.102479-0500]     0.3125 MB /   0.50 sec =    5.2429 Mbps     0 retrans   1741 KB-cwnd
[2024-11-08T14:52:00.780772-0500]     0.3750 MB /   0.50 sec =    6.2911 Mbps     0 retrans   1741 KB-cwnd
[2024-11-08T14:52:00.781349-0500]     0.5625 MB /   0.50 sec =    9.4378 Mbps     0 retrans   1741 KB-cwnd
[2024-11-08T14:52:00.781650-0500]     0.3750 MB /   0.50 sec =    6.2913 Mbps     0 retrans   1741 KB-cwnd
[2024-11-08T14:52:00.781867-0500]     0.5625 MB /   0.50 sec =    9.4372 Mbps     0 retrans   1741 KB-cwnd
[2024-11-08T14:52:00.782052-0500]     0.5000 MB /   0.50 sec =    8.3876 Mbps     0 retrans   1741 KB-cwnd
[2024-11-08T14:52:03.649249-0500]     0.5625 MB /   0.50 sec =    9.4384 Mbps     0 retrans   1741 KB-cwnd
[2024-11-08T14:52:03.649692-0500]     0.5625 MB /   0.50 sec =    9.4373 Mbps     0 retrans   1741 KB-cwnd
[2024-11-08T14:52:03.649852-0500]     0.4375 MB /   0.50 sec =    7.3399 Mbps     0 retrans   1741 KB-cwnd
[2024-11-08T14:52:03.649964-0500]     0.3750 MB /   0.50 sec =    6.2916 Mbps     0 retrans   1741 KB-cwnd
[2024-11-08T14:52:03.650068-0500]     0.5000 MB /   0.50 sec =    8.3882 Mbps     0 retrans   1741 KB-cwnd
[2024-11-08T14:52:03.650170-0500]     0.4375 MB /   0.50 sec =    7.3403 Mbps     0 retrans   1741 KB-cwnd
[2024-11-08T14:52:06.426047-0500]     0.4375 MB /   0.50 sec =    7.3401 Mbps     0 retrans   1741 KB-cwnd
[2024-11-08T14:52:06.426466-0500]     0.4375 MB /   0.50 sec =    7.3401 Mbps     0 retrans   1741 KB-cwnd
[2024-11-08T14:52:06.426598-0500]     0.5625 MB /   0.50 sec =    9.4367 Mbps     0 retrans   1741 KB-cwnd
[2024-11-08T14:52:06.426718-0500]     0.4375 MB /   0.50 sec =    7.3404 Mbps     0 retrans   1741 KB-cwnd
[2024-11-08T14:52:06.426936-0500]     0.6250 MB /   0.50 sec =   10.4854 Mbps     0 retrans   1741 KB-cwnd
[2024-11-08T14:52:10.230499-0500]     0.3125 MB /   0.50 sec =    5.2429 Mbps    32 retrans   1190 KB-cwnd
[2024-11-08T14:52:10.230795-0500]     0.3750 MB /   0.50 sec =    6.2904 Mbps     0 retrans   1190 KB-cwnd
[2024-11-08T14:52:10.230859-0500]     0.1875 MB /   0.50 sec =    3.1463 Mbps     0 retrans   1190 KB-cwnd
[2024-11-08T14:52:10.230920-0500]     0.0000 MB /   0.50 sec =    0.0000 Mbps     0 retrans   1190 KB-cwnd
[2024-11-08T14:52:10.230971-0500]     0.0000 MB /   0.50 sec =    0.0000 Mbps     0 retrans   1190 KB-cwnd
[2024-11-08T14:52:10.231019-0500]     0.8750 MB /   0.50 sec =   14.6792 Mbps     0 retrans   1190 KB-cwnd
[2024-11-08T14:52:10.231086-0500]     0.5000 MB /   0.50 sec =    8.3889 Mbps     0 retrans   1190 KB-cwnd
[2024-11-08T14:52:10.231133-0500]     0.5000 MB /   0.50 sec =    8.3886 Mbps     0 retrans   1190 KB-cwnd
[2024-11-08T14:52:14.314011-0500]     0.3750 MB /   0.50 sec =    6.2914 Mbps     0 retrans   1224 KB-cwnd
[2024-11-08T14:52:14.314468-0500]     0.4375 MB /   0.50 sec =    7.3399 Mbps     0 retrans   1224 KB-cwnd
[2024-11-08T14:52:14.314611-0500]     0.3125 MB /   0.50 sec =    5.2430 Mbps     0 retrans   1224 KB-cwnd
[2024-11-08T14:52:14.314723-0500]     0.3750 MB /   0.50 sec =    6.2914 Mbps     0 retrans   1224 KB-cwnd
[2024-11-08T14:52:14.314825-0500]     0.2500 MB /   0.50 sec =    4.1943 Mbps     0 retrans   1224 KB-cwnd
[2024-11-08T14:52:14.314924-0500]     0.3125 MB /   0.50 sec =    5.2430 Mbps     0 retrans   1224 KB-cwnd
[2024-11-08T14:52:14.315021-0500]     0.3125 MB /   0.50 sec =    5.2328 Mbps     0 retrans   1224 KB-cwnd
[2024-11-08T14:52:14.315118-0500]     0.3750 MB /   0.50 sec =    6.3035 Mbps     0 retrans   1224 KB-cwnd
[2024-11-08T14:52:18.426645-0500]     0.3750 MB /   0.50 sec =    6.2913 Mbps     0 retrans   1224 KB-cwnd
[2024-11-08T14:52:18.427157-0500]     0.3125 MB /   0.50 sec =    5.2432 Mbps     0 retrans   1224 KB-cwnd
[2024-11-08T14:52:18.427314-0500]     0.4375 MB /   0.50 sec =    7.3400 Mbps     0 retrans   1224 KB-cwnd
[2024-11-08T14:52:18.427429-0500]     0.3750 MB /   0.50 sec =    6.2915 Mbps     0 retrans   1224 KB-cwnd
[2024-11-08T14:52:18.427531-0500]     0.3750 MB /   0.50 sec =    6.2914 Mbps     0 retrans   1224 KB-cwnd
[2024-11-08T14:52:18.427637-0500]     0.3125 MB /   0.50 sec =    5.2429 Mbps     0 retrans   1224 KB-cwnd
[2024-11-08T14:52:18.427736-0500]     0.2500 MB /   0.50 sec =    4.1942 Mbps     0 retrans   1224 KB-cwnd
[2024-11-08T14:52:18.427951-0500]     0.2500 MB /   0.50 sec =    4.1941 Mbps     0 retrans   1224 KB-cwnd
[2024-11-08T14:52:25.310806-0500]     0.1875 MB /   0.50 sec =    3.1460 Mbps   218 retrans    800 KB-cwnd
[2024-11-08T14:52:25.311212-0500]     0.1875 MB /   0.50 sec =    3.1458 Mbps     0 retrans    800 KB-cwnd
[2024-11-08T14:52:25.311354-0500]     0.1250 MB /   0.50 sec =    2.0971 Mbps     0 retrans    800 KB-cwnd
[2024-11-08T14:52:25.311467-0500]     0.1250 MB /   0.50 sec =    2.0972 Mbps     0 retrans    800 KB-cwnd
[2024-11-08T14:52:25.311574-0500]     0.0625 MB /   0.50 sec =    1.0486 Mbps     0 retrans    800 KB-cwnd
[2024-11-08T14:52:25.311676-0500]     0.0000 MB /   0.50 sec =    0.0000 Mbps     0 retrans    800 KB-cwnd
[2024-11-08T14:52:25.311845-0500]     0.0000 MB /   0.50 sec =    0.0000 Mbps     0 retrans    800 KB-cwnd
[2024-11-08T14:52:25.311959-0500]     0.0000 MB /   0.50 sec =    0.0000 Mbps     0 retrans    800 KB-cwnd
[2024-11-08T14:52:25.312060-0500]     0.0000 MB /   0.50 sec =    0.0000 Mbps     0 retrans    800 KB-cwnd
[2024-11-08T14:52:25.312161-0500]     0.8750 MB /   0.50 sec =   14.6797 Mbps     0 retrans    800 KB-cwnd
[2024-11-08T14:52:25.312263-0500]     0.3125 MB /   0.50 sec =    5.2428 Mbps     0 retrans    800 KB-cwnd
[2024-11-08T14:52:25.312361-0500]     0.3125 MB /   0.50 sec =    5.2430 Mbps     0 retrans    800 KB-cwnd
[2024-11-08T14:52:25.312462-0500]     0.3125 MB /   0.50 sec =    5.2429 Mbps     0 retrans    800 KB-cwnd
[2024-11-08T14:52:25.312562-0500]     0.2500 MB /   0.50 sec =    4.1943 Mbps     0 retrans    800 KB-cwnd
[2024-11-08T14:52:29.003176-0500]     0.1875 MB /   0.50 sec =    3.1457 Mbps     0 retrans    800 KB-cwnd
[2024-11-08T14:52:29.003715-0500]     0.3750 MB /   0.50 sec =    6.2914 Mbps     0 retrans    800 KB-cwnd
[2024-11-08T14:52:29.004011-0500]     0.2500 MB /   0.50 sec =    4.1943 Mbps     0 retrans    800 KB-cwnd
[2024-11-08T14:52:29.004139-0500]     0.4375 MB /   0.50 sec =    7.3401 Mbps     0 retrans    800 KB-cwnd
[2024-11-08T14:52:29.004251-0500]     0.3750 MB /   0.50 sec =    6.2917 Mbps     0 retrans    800 KB-cwnd
[2024-11-08T14:52:29.004354-0500]     0.4375 MB /   0.50 sec =    7.3397 Mbps     0 retrans    800 KB-cwnd
[2024-11-08T14:52:29.004506-0500]     0.2500 MB /   0.50 sec =    4.1945 Mbps     0 retrans    800 KB-cwnd
[2024-11-08T14:52:33.614001-0500]     0.5000 MB /   0.50 sec =    8.3882 Mbps     0 retrans    800 KB-cwnd
[2024-11-08T14:52:33.614228-0500]     0.3125 MB /   0.50 sec =    5.2430 Mbps     0 retrans    800 KB-cwnd
[2024-11-08T14:52:33.614273-0500]     0.3125 MB /   0.50 sec =    5.2428 Mbps     0 retrans    800 KB-cwnd
[2024-11-08T14:52:33.614314-0500]     0.3125 MB /   0.50 sec =    5.2427 Mbps     0 retrans    800 KB-cwnd
[2024-11-08T14:52:33.614351-0500]     0.2500 MB /   0.50 sec =    4.1944 Mbps     0 retrans    800 KB-cwnd
[2024-11-08T14:52:33.614384-0500]     0.3750 MB /   0.50 sec =    6.2912 Mbps     0 retrans    800 KB-cwnd
[2024-11-08T14:52:33.614417-0500]     0.2500 MB /   0.50 sec =    4.1944 Mbps     0 retrans    800 KB-cwnd
[2024-11-08T14:52:33.614449-0500]     0.1875 MB /   0.50 sec =    3.1457 Mbps     0 retrans    800 KB-cwnd
[2024-11-08T14:52:33.614481-0500]     0.3125 MB /   0.50 sec =    5.2430 Mbps     0 retrans    800 KB-cwnd
[2024-11-08T14:52:33.614516-0500]     0.2500 MB /   0.50 sec =    4.1942 Mbps     0 retrans    800 KB-cwnd
[2024-11-08T14:52:37.218329-0500]     0.3125 MB /   0.50 sec =    5.2430 Mbps     0 retrans    800 KB-cwnd
[2024-11-08T14:52:37.218584-0500]     0.1875 MB /   0.50 sec =    3.1456 Mbps     0 retrans    800 KB-cwnd
[2024-11-08T14:52:37.218630-0500]     0.1875 MB /   0.50 sec =    3.1459 Mbps     0 retrans    800 KB-cwnd
[2024-11-08T14:52:37.218667-0500]     0.2500 MB /   0.50 sec =    4.1942 Mbps     0 retrans    800 KB-cwnd
[2024-11-08T14:52:37.218701-0500]     0.3750 MB /   0.50 sec =    6.2914 Mbps     0 retrans    800 KB-cwnd
[2024-11-08T14:52:37.218735-0500]     0.4375 MB /   0.50 sec =    7.3398 Mbps     0 retrans    800 KB-cwnd
[2024-11-08T14:52:37.218774-0500]     0.6250 MB /   0.50 sec =   10.4853 Mbps     0 retrans    800 KB-cwnd
[2024-11-08T14:52:39.558193-0500]     0.5625 MB /   0.50 sec =    9.4381 Mbps     0 retrans    800 KB-cwnd
[2024-11-08T14:52:39.558596-0500]     0.5000 MB /   0.50 sec =    8.3884 Mbps     0 retrans    800 KB-cwnd
[2024-11-08T14:52:39.558739-0500]     0.5000 MB /   0.50 sec =    8.3887 Mbps     0 retrans    800 KB-cwnd
[2024-11-08T14:52:39.558868-0500]     0.5625 MB /   0.50 sec =    9.4369 Mbps     0 retrans    800 KB-cwnd
[2024-11-08T14:52:39.558975-0500]     0.6875 MB /   0.50 sec =   11.5347 Mbps     0 retrans    800 KB-cwnd
[2024-11-08T14:52:41.661699-0500]     0.7500 MB /   0.50 sec =   12.5830 Mbps     0 retrans    800 KB-cwnd
[2024-11-08T14:52:41.662212-0500]     0.6875 MB /   0.50 sec =   11.5342 Mbps     0 retrans    800 KB-cwnd
[2024-11-08T14:52:41.662357-0500]     0.5625 MB /   0.50 sec =    9.4371 Mbps     0 retrans    800 KB-cwnd
[2024-11-08T14:52:41.662471-0500]     0.6250 MB /   0.50 sec =   10.4856 Mbps     0 retrans    800 KB-cwnd
[2024-11-08T14:52:43.427254-0500]     0.6875 MB /   0.50 sec =   11.5333 Mbps     1 retrans    639 KB-cwnd
[2024-11-08T14:52:43.427717-0500]     0.8125 MB /   0.50 sec =   13.6332 Mbps     0 retrans    639 KB-cwnd
[2024-11-08T14:52:43.427932-0500]     0.7500 MB /   0.50 sec =   12.5827 Mbps     0 retrans    639 KB-cwnd
[2024-11-08T14:52:46.493790-0500]     0.7500 MB /   0.50 sec =   12.5827 Mbps     0 retrans    676 KB-cwnd
[2024-11-08T14:52:46.494211-0500]     0.6250 MB /   0.50 sec =   10.4862 Mbps     0 retrans    676 KB-cwnd
[2024-11-08T14:52:46.494345-0500]     0.6875 MB /   0.50 sec =   11.5345 Mbps     0 retrans    676 KB-cwnd
[2024-11-08T14:52:46.494458-0500]     0.3750 MB /   0.50 sec =    6.2913 Mbps     0 retrans    676 KB-cwnd
[2024-11-08T14:52:46.494562-0500]     0.3125 MB /   0.50 sec =    5.2430 Mbps     0 retrans    676 KB-cwnd
[2024-11-08T14:52:46.494664-0500]     0.3125 MB /   0.50 sec =    5.2343 Mbps     0 retrans    676 KB-cwnd
[2024-11-08T14:52:46.494763-0500]     0.3125 MB /   0.50 sec =    5.2514 Mbps     0 retrans    676 KB-cwnd
[2024-11-08T14:52:53.282059-0500]     0.3125 MB /   0.50 sec =    5.2428 Mbps   241 retrans    585 KB-cwnd
[2024-11-08T14:52:53.282535-0500]     0.3125 MB /   0.50 sec =    5.2430 Mbps     0 retrans    585 KB-cwnd
[2024-11-08T14:52:53.282735-0500]     0.2500 MB /   0.50 sec =    4.1943 Mbps     0 retrans    585 KB-cwnd
[2024-11-08T14:52:53.282857-0500]     0.1875 MB /   0.50 sec =    3.1457 Mbps     0 retrans    585 KB-cwnd
[2024-11-08T14:52:53.282963-0500]     0.0625 MB /   0.50 sec =    1.0486 Mbps     0 retrans    585 KB-cwnd
[2024-11-08T14:52:53.283064-0500]     0.0625 MB /   0.50 sec =    1.0486 Mbps     0 retrans    585 KB-cwnd
[2024-11-08T14:52:53.283165-0500]     0.0000 MB /   0.50 sec =    0.0000 Mbps     0 retrans    585 KB-cwnd
[2024-11-08T14:52:53.283265-0500]     0.0000 MB /   0.50 sec =    0.0000 Mbps     0 retrans    585 KB-cwnd
[2024-11-08T14:52:53.283363-0500]     0.2500 MB /   0.50 sec =    4.1943 Mbps     0 retrans    585 KB-cwnd
[2024-11-08T14:52:53.283462-0500]     0.3125 MB /   0.50 sec =    5.2428 Mbps     0 retrans    585 KB-cwnd
[2024-11-08T14:52:53.283562-0500]     0.3125 MB /   0.50 sec =    5.2427 Mbps     0 retrans    585 KB-cwnd
[2024-11-08T14:52:53.283659-0500]     0.2500 MB /   0.50 sec =    4.1946 Mbps     0 retrans    585 KB-cwnd
[2024-11-08T14:52:53.283759-0500]     0.2500 MB /   0.50 sec =    4.1942 Mbps     0 retrans    585 KB-cwnd
[2024-11-08T14:53:01.195314-0500]     0.2500 MB /   0.50 sec =    4.1941 Mbps    85 retrans    422 KB-cwnd
[2024-11-08T14:53:01.195755-0500]     0.1250 MB /   0.50 sec =    2.0972 Mbps     0 retrans    422 KB-cwnd
[2024-11-08T14:53:01.195942-0500]     0.1250 MB /   0.50 sec =    2.0972 Mbps     0 retrans    422 KB-cwnd
[2024-11-08T14:53:01.196007-0500]     0.0625 MB /   0.50 sec =    1.0486 Mbps     0 retrans    422 KB-cwnd
[2024-11-08T14:53:01.196062-0500]     0.0000 MB /   0.50 sec =    0.0000 Mbps     0 retrans    422 KB-cwnd
[2024-11-08T14:53:01.196117-0500]     0.0000 MB /   0.50 sec =    0.0000 Mbps     0 retrans    422 KB-cwnd
[2024-11-08T14:53:01.196172-0500]     0.1250 MB /   0.50 sec =    2.0971 Mbps     0 retrans    422 KB-cwnd
[2024-11-08T14:53:01.196224-0500]     0.6250 MB /   0.50 sec =   10.4857 Mbps     0 retrans    422 KB-cwnd
[2024-11-08T14:53:01.196275-0500]     0.2500 MB /   0.50 sec =    4.1941 Mbps     0 retrans    422 KB-cwnd
[2024-11-08T14:53:01.196328-0500]     0.1875 MB /   0.50 sec =    3.1458 Mbps     0 retrans    422 KB-cwnd
[2024-11-08T14:53:01.196379-0500]     0.1250 MB /   0.50 sec =    2.0972 Mbps     0 retrans    422 KB-cwnd
[2024-11-08T14:53:01.196431-0500]     0.0625 MB /   0.50 sec =    1.0485 Mbps     0 retrans    422 KB-cwnd
[2024-11-08T14:53:01.196483-0500]     0.0000 MB /   0.50 sec =    0.0000 Mbps     0 retrans    422 KB-cwnd
[2024-11-08T14:53:01.196536-0500]     0.0000 MB /   0.50 sec =    0.0000 Mbps     0 retrans    422 KB-cwnd
[2024-11-08T14:53:01.196588-0500]     0.3125 MB /   0.50 sec =    5.2429 Mbps     0 retrans    422 KB-cwnd
[2024-11-08T14:53:01.196639-0500]     0.5000 MB /   0.50 sec =    8.3882 Mbps     0 retrans    422 KB-cwnd
[2024-11-08T14:53:08.508644-0500]     0.1250 MB /   0.50 sec =    2.0972 Mbps    15 retrans    374 KB-cwnd
[2024-11-08T14:53:08.509047-0500]     0.0000 MB /   0.50 sec =    0.0000 Mbps     0 retrans    374 KB-cwnd
[2024-11-08T14:53:08.509207-0500]     0.0000 MB /   0.50 sec =    0.0000 Mbps     0 retrans    374 KB-cwnd
[2024-11-08T14:53:08.509317-0500]     0.3750 MB /   0.50 sec =    6.2915 Mbps     0 retrans    374 KB-cwnd
[2024-11-08T14:53:08.509445-0500]     0.0000 MB /   0.50 sec =    0.0000 Mbps     0 retrans    374 KB-cwnd
[2024-11-08T14:53:08.509557-0500]     0.0000 MB /   0.50 sec =    0.0000 Mbps     0 retrans    374 KB-cwnd
[2024-11-08T14:53:08.509659-0500]     0.3750 MB /   0.50 sec =    6.2907 Mbps     0 retrans    374 KB-cwnd
[2024-11-08T14:53:08.509759-0500]     0.1250 MB /   0.50 sec =    2.0974 Mbps     0 retrans    374 KB-cwnd
[2024-11-08T14:53:08.509857-0500]     0.1250 MB /   0.50 sec =    2.0972 Mbps     0 retrans    374 KB-cwnd
[2024-11-08T14:53:08.509952-0500]     0.1250 MB /   0.50 sec =    2.0972 Mbps     0 retrans    374 KB-cwnd
[2024-11-08T14:53:08.510048-0500]     0.1875 MB /   0.50 sec =    3.1457 Mbps     0 retrans    374 KB-cwnd
[2024-11-08T14:53:08.510169-0500]     0.2500 MB /   0.50 sec =    4.1942 Mbps     0 retrans    374 KB-cwnd
[2024-11-08T14:53:08.510271-0500]     0.3125 MB /   0.50 sec =    5.2429 Mbps     0 retrans    374 KB-cwnd
[2024-11-08T14:53:08.510365-0500]     0.3125 MB /   0.50 sec =    5.2428 Mbps     0 retrans    374 KB-cwnd
[2024-11-08T14:53:08.510461-0500]     0.3750 MB /   0.50 sec =    6.2914 Mbps     0 retrans    374 KB-cwnd
[2024-11-08T14:53:14.473708-0500]     0.3125 MB /   0.50 sec =    5.2429 Mbps    42 retrans    322 KB-cwnd
[2024-11-08T14:53:14.473945-0500]     0.3125 MB /   0.50 sec =    5.2430 Mbps     0 retrans    322 KB-cwnd
[2024-11-08T14:53:14.474000-0500]     0.2500 MB /   0.50 sec =    4.1944 Mbps     0 retrans    322 KB-cwnd
[2024-11-08T14:53:14.474046-0500]     0.3750 MB /   0.50 sec =    6.2911 Mbps     0 retrans    322 KB-cwnd
[2024-11-08T14:53:14.474084-0500]     0.1875 MB /   0.50 sec =    3.1459 Mbps     0 retrans    322 KB-cwnd
[2024-11-08T14:53:14.474118-0500]     0.1875 MB /   0.50 sec =    3.1457 Mbps     0 retrans    322 KB-cwnd
[2024-11-08T14:53:14.474152-0500]     0.1250 MB /   0.50 sec =    2.0972 Mbps     0 retrans    322 KB-cwnd
[2024-11-08T14:53:14.474185-0500]     0.0625 MB /   0.50 sec =    1.0486 Mbps     0 retrans    322 KB-cwnd
[2024-11-08T14:53:14.474218-0500]     0.0625 MB /   0.50 sec =    1.0486 Mbps     0 retrans    322 KB-cwnd
[2024-11-08T14:53:14.474251-0500]     0.0000 MB /   0.50 sec =    0.0000 Mbps     0 retrans    322 KB-cwnd
[2024-11-08T14:53:14.474285-0500]     0.4375 MB /   0.50 sec =    7.3396 Mbps     0 retrans    322 KB-cwnd
[2024-11-08T14:53:16.938903-0500]     0.3125 MB /   0.50 sec =    5.2431 Mbps     0 retrans    331 KB-cwnd
[2024-11-08T14:53:16.939134-0500]     0.1875 MB /   0.50 sec =    3.1457 Mbps     0 retrans    331 KB-cwnd
[2024-11-08T14:53:16.939186-0500]     0.2500 MB /   0.50 sec =    4.1943 Mbps     0 retrans    331 KB-cwnd
[2024-11-08T14:53:16.939223-0500]     0.2500 MB /   0.50 sec =    4.1943 Mbps     0 retrans    331 KB-cwnd
[2024-11-08T14:53:16.939256-0500]     0.3125 MB /   0.50 sec =    5.2426 Mbps     0 retrans    331 KB-cwnd
[2024-11-08T14:53:16.984826-0500]     0.3125 MB /   0.50 sec =    5.2432 Mbps     0 retrans    331 KB-cwnd
[2024-11-08T14:53:17.485457-0500]     0.3750 MB /   0.50 sec =    6.2913 Mbps     0 retrans    332 KB-cwnd
End time: 1731095597694
