Start time: 1730828524147
[2024-11-05T11:42:05.022406-0600] nuttcp-r: v8.1.4: socket
[2024-11-05T11:42:05.023229-0600] nuttcp-r: buflen=65536, nstream=1, port=5102 tcp
[2024-11-05T11:42:05.023287-0600] nuttcp-r: interval reporting every 0.50 seconds
[2024-11-05T11:42:05.023323-0600] nuttcp-r: connect to 54.197.223.49 with RTT=85.275 ms af=inet
[2024-11-05T11:42:05.023355-0600] nuttcp-r: send window size = 2097152, receive window size = 6291456
[2024-11-05T11:42:05.023385-0600] nuttcp-r: available send window = 1572864, available receive window = 4718592
[2024-11-05T11:42:05.023415-0600]     0.0625 MB /   0.50 sec =    1.0484 Mbps     0 retrans     13 KB-cwnd
[2024-11-05T11:42:05.522328-0600]     0.2500 MB /   0.50 sec =    4.1941 Mbps     0 retrans     13 KB-cwnd
[2024-11-05T11:42:06.022222-0600]     0.1875 MB /   0.50 sec =    3.1460 Mbps     0 retrans     13 KB-cwnd
[2024-11-05T11:42:06.522212-0600]     0.1250 MB /   0.50 sec =    2.0973 Mbps     0 retrans     13 KB-cwnd
[2024-11-05T11:42:07.022515-0600]     0.1250 MB /   0.50 sec =    2.0967 Mbps     0 retrans     13 KB-cwnd
[2024-11-05T11:42:07.522254-0600]     0.1250 MB /   0.50 sec =    2.0975 Mbps     0 retrans     13 KB-cwnd
[2024-11-05T11:42:08.022325-0600]     0.2500 MB /   0.50 sec =    4.1942 Mbps     0 retrans     13 KB-cwnd
[2024-11-05T11:42:08.522257-0600]     0.2500 MB /   0.50 sec =    4.1944 Mbps     0 retrans     13 KB-cwnd
[2024-11-05T11:42:09.022272-0600]     0.2500 MB /   0.50 sec =    4.1942 Mbps     0 retrans     13 KB-cwnd
[2024-11-05T11:42:09.522342-0600]     0.1875 MB /   0.50 sec =    3.1453 Mbps     0 retrans     13 KB-cwnd
[2024-11-05T11:42:10.022439-0600]     0.2500 MB /   0.50 sec =    4.1938 Mbps     0 retrans     13 KB-cwnd
[2024-11-05T11:42:10.522366-0600]     0.3125 MB /   0.50 sec =    5.2434 Mbps     0 retrans     13 KB-cwnd
[2024-11-05T11:42:11.022371-0600]     0.3125 MB /   0.50 sec =    5.2429 Mbps     0 retrans     13 KB-cwnd
[2024-11-05T11:42:11.522294-0600]     0.1875 MB /   0.50 sec =    3.1464 Mbps     0 retrans     13 KB-cwnd
[2024-11-05T11:42:12.022403-0600]     0.1875 MB /   0.50 sec =    3.1449 Mbps     0 retrans     13 KB-cwnd
[2024-11-05T11:42:12.522358-0600]     0.0625 MB /   0.50 sec =    1.0487 Mbps     0 retrans     13 KB-cwnd
[2024-11-05T11:42:13.022564-0600]     0.0000 MB /   0.50 sec =    0.0000 Mbps     0 retrans     13 KB-cwnd
[2024-11-05T11:42:13.522335-0600]     0.0000 MB /   0.50 sec =    0.0000 Mbps     0 retrans     13 KB-cwnd
[2024-11-05T11:42:14.022541-0600]     0.0000 MB /   0.50 sec =    0.0000 Mbps     0 retrans     13 KB-cwnd
[2024-11-05T11:42:14.522273-0600]     0.5000 MB /   0.50 sec =    8.3908 Mbps     0 retrans     13 KB-cwnd
[2024-11-05T11:42:15.022266-0600]     0.4375 MB /   0.50 sec =    7.3402 Mbps     0 retrans     13 KB-cwnd
[2024-11-05T11:42:15.522236-0600]     0.1875 MB /   0.50 sec =    3.1455 Mbps     0 retrans     13 KB-cwnd
[2024-11-05T11:42:16.022507-0600]     0.0000 MB /   0.50 sec =    0.0000 Mbps     0 retrans     13 KB-cwnd
[2024-11-05T11:42:16.522492-0600]     0.0000 MB /   0.50 sec =    0.0000 Mbps     0 retrans     13 KB-cwnd
[2024-11-05T11:42:17.022480-0600]     0.0000 MB /   0.50 sec =    0.0000 Mbps     0 retrans     13 KB-cwnd
[2024-11-05T11:42:17.522244-0600]     0.1875 MB /   0.50 sec =    3.1468 Mbps     0 retrans     13 KB-cwnd
[2024-11-05T11:42:18.022342-0600]     0.5000 MB /   0.50 sec =    8.3868 Mbps     0 retrans     13 KB-cwnd
[2024-11-05T11:42:18.522317-0600]     0.6875 MB /   0.50 sec =   11.5346 Mbps     0 retrans     13 KB-cwnd
[2024-11-05T11:42:19.022300-0600]     0.5000 MB /   0.50 sec =    8.3887 Mbps     0 retrans     13 KB-cwnd
[2024-11-05T11:42:19.522378-0600]     0.7500 MB /   0.50 sec =   12.5820 Mbps     0 retrans     13 KB-cwnd
[2024-11-05T11:42:20.022358-0600]     0.6875 MB /   0.50 sec =   11.5347 Mbps     0 retrans     13 KB-cwnd
[2024-11-05T11:42:20.522337-0600]     0.4375 MB /   0.50 sec =    7.3399 Mbps     0 retrans     13 KB-cwnd
[2024-11-05T11:42:21.022385-0600]     1.3125 MB /   0.50 sec =   22.0191 Mbps     0 retrans     13 KB-cwnd
[2024-11-05T11:42:21.522280-0600]     2.0000 MB /   0.50 sec =   33.5624 Mbps     0 retrans     13 KB-cwnd
[2024-11-05T11:42:22.022514-0600]     2.4375 MB /   0.50 sec =   40.8886 Mbps     0 retrans     13 KB-cwnd
[2024-11-05T11:42:22.522374-0600]     2.5000 MB /   0.50 sec =   41.9406 Mbps     0 retrans     13 KB-cwnd
[2024-11-05T11:42:23.022175-0600]     4.0000 MB /   0.50 sec =   67.1262 Mbps     0 retrans     13 KB-cwnd
[2024-11-05T11:42:23.522181-0600]     1.6875 MB /   0.50 sec =   28.3113 Mbps     0 retrans     13 KB-cwnd
[2024-11-05T11:42:24.022292-0600]     4.1875 MB /   0.50 sec =   70.2497 Mbps     0 retrans     13 KB-cwnd
[2024-11-05T11:42:24.522385-0600]     0.6875 MB /   0.50 sec =   11.5327 Mbps     0 retrans     13 KB-cwnd
[2024-11-05T11:42:25.022343-0600]     0.0000 MB /   0.50 sec =    0.0000 Mbps     0 retrans     13 KB-cwnd
[2024-11-05T11:42:25.522544-0600]     0.0000 MB /   0.50 sec =    0.0000 Mbps     0 retrans     13 KB-cwnd
[2024-11-05T11:42:26.022516-0600]     0.0000 MB /   0.50 sec =    0.0000 Mbps     0 retrans     13 KB-cwnd
[2024-11-05T11:42:26.522258-0600]     0.0000 MB /   0.50 sec =    0.0000 Mbps     0 retrans     13 KB-cwnd
[2024-11-05T11:42:27.022418-0600]     0.0000 MB /   0.50 sec =    0.0000 Mbps     0 retrans     13 KB-cwnd
[2024-11-05T11:42:27.522508-0600]     0.0625 MB /   0.50 sec =    1.0484 Mbps     0 retrans     13 KB-cwnd
[2024-11-05T11:42:28.022338-0600]     0.0625 MB /   0.50 sec =    1.0488 Mbps     0 retrans     13 KB-cwnd
[2024-11-05T11:42:28.522211-0600]     0.3125 MB /   0.50 sec =    5.2438 Mbps     0 retrans     13 KB-cwnd
[2024-11-05T11:42:29.022323-0600]     1.1875 MB /   0.50 sec =   19.9231 Mbps     0 retrans     13 KB-cwnd
[2024-11-05T11:42:29.522365-0600]     2.0000 MB /   0.50 sec =   33.5484 Mbps     0 retrans     13 KB-cwnd
[2024-11-05T11:42:30.022325-0600]     2.1250 MB /   0.50 sec =   35.6578 Mbps     0 retrans     13 KB-cwnd
[2024-11-05T11:42:30.522381-0600]     0.4375 MB /   0.50 sec =    7.3385 Mbps     0 retrans     13 KB-cwnd
[2024-11-05T11:42:31.022457-0600]     0.0000 MB /   0.50 sec =    0.0000 Mbps     0 retrans     13 KB-cwnd
[2024-11-05T11:42:31.522299-0600]     0.0000 MB /   0.50 sec =    0.0000 Mbps     0 retrans     13 KB-cwnd
[2024-11-05T11:42:32.022413-0600]     0.0000 MB /   0.50 sec =    0.0000 Mbps     0 retrans     13 KB-cwnd
[2024-11-05T11:42:32.522342-0600]     0.0000 MB /   0.50 sec =    0.0000 Mbps     0 retrans     13 KB-cwnd
[2024-11-05T11:42:33.022465-0600]     0.0000 MB /   0.50 sec =    0.0000 Mbps     0 retrans     13 KB-cwnd
[2024-11-05T11:42:33.522437-0600]     0.0000 MB /   0.50 sec =    0.0000 Mbps     0 retrans     13 KB-cwnd
[2024-11-05T11:42:34.022363-0600]     0.0000 MB /   0.50 sec =    0.0000 Mbps     0 retrans     13 KB-cwnd
[2024-11-05T11:42:34.522278-0600]     0.1250 MB /   0.50 sec =    2.0976 Mbps     0 retrans     13 KB-cwnd
[2024-11-05T11:42:35.022421-0600]     0.1250 MB /   0.50 sec =    2.0966 Mbps     0 retrans     13 KB-cwnd
[2024-11-05T11:42:35.522423-0600]     2.5000 MB /   0.50 sec =   41.9545 Mbps     0 retrans     13 KB-cwnd
[2024-11-05T11:42:36.022311-0600]     3.3750 MB /   0.50 sec =   56.6215 Mbps     0 retrans     13 KB-cwnd
[2024-11-05T11:42:36.522319-0600]     4.5000 MB /   0.50 sec =   75.4899 Mbps     0 retrans     13 KB-cwnd
[2024-11-05T11:42:37.022261-0600]     5.3125 MB /   0.50 sec =   89.1413 Mbps     0 retrans     13 KB-cwnd
[2024-11-05T11:42:37.522262-0600]     6.6250 MB /   0.50 sec =  111.1491 Mbps     0 retrans     13 KB-cwnd
[2024-11-05T11:42:38.022594-0600]     3.3125 MB /   0.50 sec =   55.5571 Mbps     0 retrans     13 KB-cwnd
[2024-11-05T11:42:38.522418-0600]     0.3750 MB /   0.50 sec =    6.2923 Mbps     0 retrans     13 KB-cwnd
[2024-11-05T11:42:39.022291-0600]     0.5000 MB /   0.50 sec =    8.3897 Mbps     0 retrans     13 KB-cwnd
[2024-11-05T11:42:39.522217-0600]     4.5625 MB /   0.50 sec =   76.5534 Mbps     0 retrans     13 KB-cwnd
[2024-11-05T11:42:40.022291-0600]    10.3750 MB /   0.50 sec =  174.0500 Mbps     0 retrans     13 KB-cwnd
[2024-11-05T11:42:40.522265-0600]    13.6250 MB /   0.50 sec =  228.5919 Mbps     0 retrans     13 KB-cwnd
[2024-11-05T11:42:41.022398-0600]    19.0000 MB /   0.50 sec =  318.6964 Mbps     0 retrans     13 KB-cwnd
[2024-11-05T11:42:41.522270-0600]    24.6875 MB /   0.50 sec =  414.2869 Mbps     0 retrans     13 KB-cwnd
[2024-11-05T11:42:42.022343-0600]    25.1875 MB /   0.50 sec =  422.5018 Mbps     0 retrans     13 KB-cwnd
[2024-11-05T11:42:42.522288-0600]    22.9375 MB /   0.50 sec =  384.8890 Mbps     0 retrans     16 KB-cwnd
[2024-11-05T11:42:43.022374-0600]    24.5000 MB /   0.50 sec =  410.9588 Mbps     0 retrans     17 KB-cwnd
[2024-11-05T11:42:43.522254-0600]    27.6875 MB /   0.50 sec =  464.6158 Mbps     0 retrans     25 KB-cwnd
[2024-11-05T11:42:44.022296-0600]    23.1250 MB /   0.50 sec =  387.9677 Mbps     0 retrans     26 KB-cwnd
[2024-11-05T11:42:44.522239-0600]    16.0000 MB /   0.50 sec =  268.4500 Mbps     0 retrans     26 KB-cwnd
[2024-11-05T11:42:45.022250-0600]    21.9375 MB /   0.50 sec =  368.0060 Mbps     0 retrans     26 KB-cwnd
[2024-11-05T11:42:45.522331-0600]    31.1875 MB /   0.50 sec =  523.2593 Mbps     0 retrans     32 KB-cwnd
[2024-11-05T11:42:46.022267-0600]    29.7500 MB /   0.50 sec =  499.1481 Mbps  1625 retrans  10792 KB-cwnd
[2024-11-05T11:42:46.522310-0600]    29.4375 MB /   0.50 sec =  493.8615 Mbps     0 retrans  10792 KB-cwnd
[2024-11-05T11:42:47.022304-0600]    26.3750 MB /   0.50 sec =  442.5106 Mbps     0 retrans  11295 KB-cwnd
[2024-11-05T11:42:47.522446-0600]    29.7500 MB /   0.50 sec =  499.1232 Mbps     0 retrans  11295 KB-cwnd
[2024-11-05T11:42:48.022276-0600]    31.5625 MB /   0.50 sec =  529.5288 Mbps     0 retrans  12614 KB-cwnd
[2024-11-05T11:42:48.522246-0600]    34.1250 MB /   0.50 sec =  572.5339 Mbps     0 retrans  12617 KB-cwnd
[2024-11-05T11:42:49.022259-0600]    37.0625 MB /   0.50 sec =  621.7956 Mbps     0 retrans   9083 KB-cwnd
[2024-11-05T11:42:49.522312-0600]    26.3125 MB /   0.50 sec =  441.3966 Mbps     0 retrans  10800 KB-cwnd
[2024-11-05T11:42:50.022257-0600]    35.5625 MB /   0.50 sec =  596.7090 Mbps     0 retrans  10781 KB-cwnd
[2024-11-05T11:42:50.522207-0600]    25.6875 MB /   0.50 sec =  430.9699 Mbps     0 retrans  12353 KB-cwnd
[2024-11-05T11:42:51.022323-0600]     7.7500 MB /   0.50 sec =  130.0016 Mbps     0 retrans  12353 KB-cwnd
[2024-11-05T11:42:51.522198-0600]    25.0625 MB /   0.50 sec =  420.5715 Mbps     0 retrans  12353 KB-cwnd
[2024-11-05T11:42:52.022411-0600]    21.6250 MB /   0.50 sec =  362.7065 Mbps     0 retrans  12353 KB-cwnd
[2024-11-05T11:42:52.522263-0600]    15.5625 MB /   0.50 sec =  261.1482 Mbps     0 retrans  12870 KB-cwnd
[2024-11-05T11:42:53.022239-0600]    20.1875 MB /   0.50 sec =  338.7022 Mbps     0 retrans  14576 KB-cwnd
[2024-11-05T11:42:53.522298-0600]    27.1875 MB /   0.50 sec =  456.1141 Mbps     0 retrans  14576 KB-cwnd
[2024-11-05T11:42:54.022292-0600]    31.1250 MB /   0.50 sec =  522.2002 Mbps    65 retrans  12375 KB-cwnd
[2024-11-05T11:42:54.522284-0600]    30.3750 MB /   0.50 sec =  509.5774 Mbps     0 retrans   8607 KB-cwnd
[2024-11-05T11:42:55.022476-0600]    38.6875 MB /   0.50 sec =  649.0945 Mbps     0 retrans   9118 KB-cwnd
[2024-11-05T11:42:55.522160-0600]    38.3750 MB /   0.50 sec =  643.8862 Mbps     0 retrans  10380 KB-cwnd
[2024-11-05T11:42:56.022252-0600]    38.0000 MB /   0.50 sec =  637.4921 Mbps     0 retrans   9158 KB-cwnd
[2024-11-05T11:42:56.522273-0600]    35.1250 MB /   0.50 sec =  589.2974 Mbps     0 retrans  10986 KB-cwnd
[2024-11-05T11:42:57.022457-0600]    32.9375 MB /   0.50 sec =  552.4117 Mbps     0 retrans   9702 KB-cwnd
[2024-11-05T11:42:57.522307-0600]    38.3750 MB /   0.50 sec =  644.0034 Mbps     0 retrans   9702 KB-cwnd
[2024-11-05T11:42:58.022314-0600]    38.5000 MB /   0.50 sec =  645.9474 Mbps     0 retrans   9869 KB-cwnd
[2024-11-05T11:42:58.522564-0600]     1.4375 MB /   0.50 sec =   24.1111 Mbps     0 retrans   9869 KB-cwnd
[2024-11-05T11:42:59.022453-0600]     0.0000 MB /   0.50 sec =    0.0000 Mbps     0 retrans   9869 KB-cwnd
[2024-11-05T11:42:59.522421-0600]     0.0000 MB /   0.50 sec =    0.0000 Mbps     0 retrans   9869 KB-cwnd
[2024-11-05T11:43:00.022443-0600]     0.0000 MB /   0.50 sec =    0.0000 Mbps     0 retrans   9869 KB-cwnd
[2024-11-05T11:43:00.522233-0600]     0.0000 MB /   0.50 sec =    0.0000 Mbps     0 retrans   9869 KB-cwnd
[2024-11-05T11:43:01.022481-0600]     0.0000 MB /   0.50 sec =    0.0000 Mbps     0 retrans   9869 KB-cwnd
[2024-11-05T11:43:01.522256-0600]     0.0000 MB /   0.50 sec =    0.0000 Mbps     0 retrans   9869 KB-cwnd
[2024-11-05T11:43:02.022235-0600]     0.1250 MB /   0.50 sec =    2.0972 Mbps     0 retrans   9869 KB-cwnd
[2024-11-05T11:43:02.522295-0600]     2.9375 MB /   0.50 sec =   49.2850 Mbps     0 retrans   9869 KB-cwnd
[2024-11-05T11:43:03.022242-0600]    31.8750 MB /   0.50 sec =  534.7941 Mbps   241 retrans  10364 KB-cwnd
[2024-11-05T11:43:03.522456-0600]    34.8125 MB /   0.50 sec =  584.0346 Mbps     0 retrans  10364 KB-cwnd
[2024-11-05T11:43:04.022259-0600]    34.0000 MB /   0.50 sec =  570.4402 Mbps     0 retrans  10001 KB-cwnd
[2024-11-05T11:43:04.522268-0600]    31.6250 MB /   0.50 sec =  530.5699 Mbps     0 retrans   9998 KB-cwnd
[2024-11-05T11:43:05.022288-0600]    28.1875 MB /   0.50 sec =  472.9163 Mbps  6701 retrans  11185 KB-cwnd
[2024-11-05T11:43:05.522238-0600]    21.2500 MB /   0.50 sec =  356.5237 Mbps     0 retrans  11185 KB-cwnd
[2024-11-05T11:43:06.022289-0600]    18.1250 MB /   0.50 sec =  304.0840 Mbps     0 retrans  12768 KB-cwnd
[2024-11-05T11:43:06.522271-0600]    19.8750 MB /   0.50 sec =  333.4438 Mbps     0 retrans  12768 KB-cwnd
[2024-11-05T11:43:07.022161-0600]    30.1250 MB /   0.50 sec =  505.4561 Mbps     0 retrans  12768 KB-cwnd
[2024-11-05T11:43:07.522289-0600]    25.0625 MB /   0.50 sec =  420.4403 Mbps     0 retrans  14374 KB-cwnd
[2024-11-05T11:43:08.022291-0600]    29.7500 MB /   0.50 sec =  499.1102 Mbps     0 retrans  14374 KB-cwnd
[2024-11-05T11:43:08.522434-0600]    14.5625 MB /   0.50 sec =  244.3260 Mbps  1251 retrans   6922 KB-cwnd
[2024-11-05T11:43:09.022273-0600]    28.8125 MB /   0.50 sec =  483.3935 Mbps     0 retrans   6922 KB-cwnd
[2024-11-05T11:43:09.522261-0600]    24.8125 MB /   0.50 sec =  416.2863 Mbps     0 retrans  10838 KB-cwnd
[2024-11-05T11:43:10.022392-0600]    28.3750 MB /   0.50 sec =  475.9564 Mbps     0 retrans  10838 KB-cwnd
[2024-11-05T11:43:10.522298-0600]    30.0000 MB /   0.50 sec =  503.4121 Mbps     0 retrans  10240 KB-cwnd
[2024-11-05T11:43:11.022321-0600]    30.5625 MB /   0.50 sec =  512.7321 Mbps     0 retrans  10240 KB-cwnd
[2024-11-05T11:43:11.522390-0600]    12.8750 MB /   0.50 sec =  215.9630 Mbps     0 retrans  10240 KB-cwnd
[2024-11-05T11:43:12.022274-0600]    14.5625 MB /   0.50 sec =  244.3817 Mbps     0 retrans   8747 KB-cwnd
[2024-11-05T11:43:12.522252-0600]    25.0625 MB /   0.50 sec =  420.4781 Mbps     0 retrans   8749 KB-cwnd
[2024-11-05T11:43:13.022238-0600]    27.1875 MB /   0.50 sec =  456.1342 Mbps     0 retrans   9029 KB-cwnd
[2024-11-05T11:43:13.522415-0600]    26.5625 MB /   0.50 sec =  445.6341 Mbps     0 retrans   9029 KB-cwnd
[2024-11-05T11:43:14.022338-0600]    24.3750 MB /   0.50 sec =  408.9119 Mbps     0 retrans   9029 KB-cwnd
[2024-11-05T11:43:14.522275-0600]    33.4375 MB /   0.50 sec =  561.0420 Mbps     1 retrans   9646 KB-cwnd
[2024-11-05T11:43:15.022254-0600]    29.3125 MB /   0.50 sec =  491.7930 Mbps     0 retrans  10041 KB-cwnd
[2024-11-05T11:43:15.522268-0600]    18.2500 MB /   0.50 sec =  306.1726 Mbps     0 retrans  10041 KB-cwnd
[2024-11-05T11:43:16.022367-0600]     7.8750 MB /   0.50 sec =  132.1076 Mbps     0 retrans  10041 KB-cwnd
[2024-11-05T11:43:16.522402-0600]     7.8125 MB /   0.50 sec =  131.0450 Mbps     0 retrans  10041 KB-cwnd
[2024-11-05T11:43:17.022243-0600]    20.7500 MB /   0.50 sec =  348.2415 Mbps     0 retrans  10041 KB-cwnd
[2024-11-05T11:43:17.522278-0600]    18.8750 MB /   0.50 sec =  316.6687 Mbps     0 retrans  10709 KB-cwnd
[2024-11-05T11:43:18.022368-0600]    12.5625 MB /   0.50 sec =  210.7258 Mbps     0 retrans  10709 KB-cwnd
[2024-11-05T11:43:18.522421-0600]     6.4375 MB /   0.50 sec =  107.9945 Mbps     0 retrans  10709 KB-cwnd
[2024-11-05T11:43:19.022344-0600]     4.2500 MB /   0.50 sec =   71.3237 Mbps     0 retrans  10709 KB-cwnd
[2024-11-05T11:43:19.522402-0600]     2.0000 MB /   0.50 sec =   33.5456 Mbps     0 retrans  10709 KB-cwnd
[2024-11-05T11:43:20.022471-0600]     9.1875 MB /   0.50 sec =  154.1333 Mbps     0 retrans  10709 KB-cwnd
[2024-11-05T11:43:20.522243-0600]     7.0625 MB /   0.50 sec =  118.5232 Mbps     0 retrans  12829 KB-cwnd
[2024-11-05T11:43:21.022248-0600]     5.8750 MB /   0.50 sec =   98.5677 Mbps     0 retrans  12829 KB-cwnd
[2024-11-05T11:43:21.522378-0600]    11.1250 MB /   0.50 sec =  186.6010 Mbps     0 retrans  12829 KB-cwnd
[2024-11-05T11:43:22.022392-0600]    17.8125 MB /   0.50 sec =  298.8525 Mbps     0 retrans  12829 KB-cwnd
[2024-11-05T11:43:22.522344-0600]     9.3125 MB /   0.50 sec =  156.2453 Mbps     0 retrans  12829 KB-cwnd
[2024-11-05T11:43:23.022564-0600]    10.0625 MB /   0.50 sec =  168.8018 Mbps   183 retrans   6397 KB-cwnd
[2024-11-05T11:43:23.522278-0600]     5.7500 MB /   0.50 sec =   96.4925 Mbps     0 retrans   6875 KB-cwnd
[2024-11-05T11:43:24.022286-0600]    13.0625 MB /   0.50 sec =  219.1511 Mbps     0 retrans   6949 KB-cwnd
[2024-11-05T11:43:24.522298-0600]    11.7500 MB /   0.50 sec =  197.1268 Mbps     0 retrans   6949 KB-cwnd
[2024-11-05T11:43:25.022363-0600]     9.0625 MB /   0.50 sec =  152.0228 Mbps     0 retrans   7043 KB-cwnd
[2024-11-05T11:43:25.522262-0600]    13.0625 MB /   0.50 sec =  219.1993 Mbps     0 retrans   7043 KB-cwnd
[2024-11-05T11:43:26.022356-0600]     8.4375 MB /   0.50 sec =  141.5326 Mbps     1 retrans   6914 KB-cwnd
[2024-11-05T11:43:26.522314-0600]     7.6250 MB /   0.50 sec =  127.9414 Mbps     0 retrans   6914 KB-cwnd
[2024-11-05T11:43:27.022427-0600]     0.5000 MB /   0.50 sec =    8.3865 Mbps     0 retrans   6914 KB-cwnd
[2024-11-05T11:43:27.522385-0600]     0.1250 MB /   0.50 sec =    2.0973 Mbps     0 retrans   6914 KB-cwnd
[2024-11-05T11:43:28.022497-0600]     0.1250 MB /   0.50 sec =    2.0973 Mbps     0 retrans   6914 KB-cwnd
[2024-11-05T11:43:28.522431-0600]     3.0625 MB /   0.50 sec =   51.3732 Mbps     0 retrans   6914 KB-cwnd
[2024-11-05T11:43:29.022438-0600]     4.4375 MB /   0.50 sec =   74.4498 Mbps     0 retrans   6914 KB-cwnd
[2024-11-05T11:43:29.522525-0600]     0.0000 MB /   0.50 sec =    0.0000 Mbps     0 retrans   6914 KB-cwnd
[2024-11-05T11:43:30.022321-0600]     0.0000 MB /   0.50 sec =    0.0000 Mbps     0 retrans   6914 KB-cwnd
[2024-11-05T11:43:30.522315-0600]     0.0000 MB /   0.50 sec =    0.0000 Mbps     0 retrans   6914 KB-cwnd
[2024-11-05T11:43:31.022345-0600]     0.0000 MB /   0.50 sec =    0.0000 Mbps     0 retrans   6914 KB-cwnd
[2024-11-05T11:43:31.522207-0600]     0.3125 MB /   0.50 sec =    5.2440 Mbps     0 retrans   6914 KB-cwnd
[2024-11-05T11:43:32.022318-0600]     1.7500 MB /   0.50 sec =   29.3584 Mbps     0 retrans   6914 KB-cwnd
[2024-11-05T11:43:32.522525-0600]     2.9375 MB /   0.50 sec =   49.2855 Mbps     0 retrans   6914 KB-cwnd
[2024-11-05T11:43:33.022267-0600]     3.8125 MB /   0.50 sec =   63.9612 Mbps     0 retrans   6914 KB-cwnd
[2024-11-05T11:43:33.522315-0600]     4.5625 MB /   0.50 sec =   76.5490 Mbps     0 retrans   6914 KB-cwnd
[2024-11-05T11:43:34.022293-0600]     5.5000 MB /   0.50 sec =   92.2738 Mbps     0 retrans   6914 KB-cwnd
[2024-11-05T11:43:34.522196-0600]     7.0625 MB /   0.50 sec =  118.4907 Mbps     0 retrans   6914 KB-cwnd
[2024-11-05T11:43:35.022249-0600]     7.8125 MB /   0.50 sec =  131.0751 Mbps     0 retrans   6914 KB-cwnd
[2024-11-05T11:43:35.522215-0600]    12.3125 MB /   0.50 sec =  206.5736 Mbps     0 retrans   6365 KB-cwnd
[2024-11-05T11:43:36.022367-0600]    13.5625 MB /   0.50 sec =  227.4873 Mbps     0 retrans   6365 KB-cwnd
[2024-11-05T11:43:36.522273-0600]    11.5000 MB /   0.50 sec =  192.9743 Mbps     0 retrans   6365 KB-cwnd
[2024-11-05T11:43:37.022279-0600]    18.6875 MB /   0.50 sec =  313.5274 Mbps     0 retrans   6365 KB-cwnd
[2024-11-05T11:43:37.522496-0600]    21.6250 MB /   0.50 sec =  362.7993 Mbps     0 retrans   4957 KB-cwnd
[2024-11-05T11:43:38.022420-0600]    22.4375 MB /   0.50 sec =  376.3552 Mbps     0 retrans   4957 KB-cwnd
[2024-11-05T11:43:38.522337-0600]    22.5625 MB /   0.50 sec =  378.6086 Mbps  2142 retrans   3474 KB-cwnd
[2024-11-05T11:43:39.022205-0600]    23.0000 MB /   0.50 sec =  385.9161 Mbps     0 retrans   3633 KB-cwnd
[2024-11-05T11:43:39.522305-0600]    18.1875 MB /   0.50 sec =  305.1069 Mbps     0 retrans   3743 KB-cwnd
[2024-11-05T11:43:40.022316-0600]    24.0625 MB /   0.50 sec =  403.7139 Mbps     0 retrans   5463 KB-cwnd
[2024-11-05T11:43:40.522355-0600]    23.4375 MB /   0.50 sec =  393.2089 Mbps     0 retrans   5463 KB-cwnd
[2024-11-05T11:43:41.022463-0600]    24.6875 MB /   0.50 sec =  414.1892 Mbps     0 retrans   5525 KB-cwnd
[2024-11-05T11:43:41.522273-0600]    23.0000 MB /   0.50 sec =  385.8798 Mbps     0 retrans   5525 KB-cwnd
[2024-11-05T11:43:42.022227-0600]    22.2500 MB /   0.50 sec =  373.3102 Mbps     0 retrans   5525 KB-cwnd
[2024-11-05T11:43:42.522352-0600]    22.5625 MB /   0.50 sec =  378.5072 Mbps     0 retrans   8036 KB-cwnd
[2024-11-05T11:43:43.022372-0600]     4.4375 MB /   0.50 sec =   74.4370 Mbps     0 retrans   8036 KB-cwnd
[2024-11-05T11:43:43.522609-0600]     0.0000 MB /   0.50 sec =    0.0000 Mbps     0 retrans   8036 KB-cwnd
[2024-11-05T11:43:44.022503-0600]     0.0000 MB /   0.50 sec =    0.0000 Mbps     0 retrans   8036 KB-cwnd
[2024-11-05T11:43:44.522498-0600]     0.0000 MB /   0.50 sec =    0.0000 Mbps     0 retrans   8036 KB-cwnd
[2024-11-05T11:43:45.022219-0600]     6.0625 MB /   0.50 sec =  101.7243 Mbps     0 retrans   8036 KB-cwnd
[2024-11-05T11:43:45.522303-0600]    19.6875 MB /   0.50 sec =  330.2895 Mbps     0 retrans   8036 KB-cwnd
[2024-11-05T11:43:46.022349-0600]    19.8750 MB /   0.50 sec =  333.4152 Mbps     0 retrans   7059 KB-cwnd
[2024-11-05T11:43:46.522281-0600]    21.5000 MB /   0.50 sec =  360.7354 Mbps     0 retrans   7059 KB-cwnd
[2024-11-05T11:43:47.022253-0600]    14.7500 MB /   0.50 sec =  247.4783 Mbps     0 retrans   7059 KB-cwnd
[2024-11-05T11:43:47.522215-0600]    16.9375 MB /   0.50 sec =  284.1743 Mbps     0 retrans   5342 KB-cwnd
[2024-11-05T11:43:48.022269-0600]    15.0000 MB /   0.50 sec =  251.6467 Mbps     0 retrans   5342 KB-cwnd
[2024-11-05T11:43:48.522277-0600]    15.0000 MB /   0.50 sec =  251.6431 Mbps     0 retrans   5342 KB-cwnd
[2024-11-05T11:43:49.022278-0600]    21.5000 MB /   0.50 sec =  360.7138 Mbps  3392 retrans  11505 KB-cwnd
[2024-11-05T11:43:49.522536-0600]    23.0625 MB /   0.50 sec =  386.9214 Mbps     0 retrans  11505 KB-cwnd
[2024-11-05T11:43:50.022267-0600]    21.8750 MB /   0.50 sec =  367.0192 Mbps     0 retrans  11505 KB-cwnd
[2024-11-05T11:43:50.522332-0600]    22.5000 MB /   0.50 sec =  377.4579 Mbps     0 retrans  11231 KB-cwnd
[2024-11-05T11:43:51.022293-0600]    22.2500 MB /   0.50 sec =  373.3192 Mbps     0 retrans  11231 KB-cwnd
[2024-11-05T11:43:51.522244-0600]    22.3750 MB /   0.50 sec =  375.3977 Mbps     0 retrans  11231 KB-cwnd
[2024-11-05T11:43:52.022359-0600]    17.1875 MB /   0.50 sec =  288.3059 Mbps     0 retrans   9102 KB-cwnd
[2024-11-05T11:43:52.522279-0600]    19.0000 MB /   0.50 sec =  318.8047 Mbps     0 retrans   9398 KB-cwnd
[2024-11-05T11:43:53.022170-0600]    15.2500 MB /   0.50 sec =  255.8827 Mbps     0 retrans   9398 KB-cwnd
[2024-11-05T11:43:53.522263-0600]    12.1250 MB /   0.50 sec =  203.4115 Mbps     0 retrans   9002 KB-cwnd
[2024-11-05T11:43:54.022233-0600]     8.4375 MB /   0.50 sec =  141.5589 Mbps     0 retrans   9002 KB-cwnd
[2024-11-05T11:43:54.522255-0600]     5.5000 MB /   0.50 sec =   92.2738 Mbps     0 retrans   9002 KB-cwnd
[2024-11-05T11:43:55.022318-0600]     6.6250 MB /   0.50 sec =  111.1435 Mbps     0 retrans   9002 KB-cwnd
[2024-11-05T11:43:55.522345-0600]     3.4375 MB /   0.50 sec =   57.6650 Mbps     0 retrans   9002 KB-cwnd
[2024-11-05T11:43:56.022526-0600]    10.3125 MB /   0.50 sec =  173.0119 Mbps     0 retrans   9002 KB-cwnd
[2024-11-05T11:43:56.522412-0600]     9.5000 MB /   0.50 sec =  159.3759 Mbps     0 retrans   9002 KB-cwnd
[2024-11-05T11:43:57.022370-0600]     6.5000 MB /   0.50 sec =  109.0521 Mbps     0 retrans   9002 KB-cwnd
[2024-11-05T11:43:57.522296-0600]     6.2500 MB /   0.50 sec =  104.8807 Mbps     0 retrans  10762 KB-cwnd
[2024-11-05T11:43:58.022153-0600]     3.3750 MB /   0.50 sec =   56.6272 Mbps     0 retrans  10762 KB-cwnd
[2024-11-05T11:43:58.522415-0600]     3.8125 MB /   0.50 sec =   63.9424 Mbps     0 retrans  10762 KB-cwnd
[2024-11-05T11:43:59.022522-0600]     0.0000 MB /   0.50 sec =    0.0000 Mbps     0 retrans  10762 KB-cwnd
[2024-11-05T11:43:59.522654-0600]     0.0000 MB /   0.50 sec =    0.0000 Mbps     0 retrans  10762 KB-cwnd
[2024-11-05T11:44:00.022530-0600]     0.0000 MB /   0.50 sec =    0.0000 Mbps     0 retrans  10762 KB-cwnd
[2024-11-05T11:44:00.522346-0600]     0.3125 MB /   0.50 sec =    5.2429 Mbps     0 retrans  10762 KB-cwnd
[2024-11-05T11:44:01.022170-0600]     0.6250 MB /   0.50 sec =   10.4881 Mbps     0 retrans  10762 KB-cwnd
[2024-11-05T11:44:01.522366-0600]     1.1250 MB /   0.50 sec =   18.8701 Mbps     0 retrans  10762 KB-cwnd
[2024-11-05T11:44:02.022303-0600]     1.3125 MB /   0.50 sec =   22.0228 Mbps     0 retrans  10762 KB-cwnd
[2024-11-05T11:44:02.522294-0600]     1.5000 MB /   0.50 sec =   25.1661 Mbps     0 retrans  10762 KB-cwnd
[2024-11-05T11:44:03.022319-0600]     1.5000 MB /   0.50 sec =   25.1658 Mbps     0 retrans  10762 KB-cwnd
[2024-11-05T11:44:03.522365-0600]     2.2500 MB /   0.50 sec =   37.7456 Mbps     0 retrans  10762 KB-cwnd
[2024-11-05T11:44:04.022464-0600]     2.5625 MB /   0.50 sec =   42.9963 Mbps     0 retrans  10762 KB-cwnd
[2024-11-05T11:44:04.522313-0600]     3.3750 MB /   0.50 sec =   56.6231 Mbps     0 retrans  10762 KB-cwnd
[2024-11-05T11:44:05.022221-0600]     3.9375 MB /   0.50 sec =   66.0598 Mbps     0 retrans  10762 KB-cwnd
End time: 1730828645290
