Start time: 1730845293115
[2024-11-05T16:21:34.033218-0600] nuttcp-r: v8.1.4: socket
[2024-11-05T16:21:34.034560-0600] nuttcp-r: buflen=65536, nstream=1, port=5102 tcp
[2024-11-05T16:21:34.034669-0600] nuttcp-r: interval reporting every 0.50 seconds
[2024-11-05T16:21:34.034754-0600] nuttcp-r: connect to 54.197.223.49 with RTT=68.727 ms af=inet
[2024-11-05T16:21:34.034836-0600] nuttcp-r: send window size = 1048576, receive window size = 4194304
[2024-11-05T16:21:34.034914-0600] nuttcp-r: available send window = 786432, available receive window = 3145728
[2024-11-05T16:21:34.034995-0600]     0.0000 MB /   0.50 sec =    0.0000 Mbps     0 retrans      0 KB-cwnd
[2024-11-05T16:21:34.533099-0600]     2.0000 MB /   0.50 sec =   33.5541 Mbps     0 retrans     13 KB-cwnd
[2024-11-05T16:21:35.033071-0600]     4.6250 MB /   0.50 sec =   77.5952 Mbps     0 retrans     13 KB-cwnd
[2024-11-05T16:21:35.533079-0600]     4.7500 MB /   0.50 sec =   79.6921 Mbps     0 retrans     13 KB-cwnd
[2024-11-05T16:21:36.033411-0600]     4.8125 MB /   0.50 sec =   80.7374 Mbps     0 retrans     13 KB-cwnd
[2024-11-05T16:21:36.533212-0600]     4.6250 MB /   0.50 sec =   77.5749 Mbps     0 retrans     13 KB-cwnd
[2024-11-05T16:21:37.033080-0600]     4.8125 MB /   0.50 sec =   80.7602 Mbps     0 retrans     13 KB-cwnd
[2024-11-05T16:21:37.533065-0600]     4.7500 MB /   0.50 sec =   79.6937 Mbps     0 retrans     13 KB-cwnd
[2024-11-05T16:21:38.033002-0600]     4.2500 MB /   0.50 sec =   71.3066 Mbps     0 retrans     13 KB-cwnd
[2024-11-05T16:21:38.533393-0600]     4.3125 MB /   0.50 sec =   72.2998 Mbps     0 retrans     13 KB-cwnd
[2024-11-05T16:21:39.033493-0600]     4.3125 MB /   0.50 sec =   72.3920 Mbps     0 retrans     13 KB-cwnd
[2024-11-05T16:21:39.533413-0600]     3.8750 MB /   0.50 sec =   64.9708 Mbps     0 retrans     13 KB-cwnd
[2024-11-05T16:21:40.033107-0600]     2.9375 MB /   0.50 sec =   49.3164 Mbps     0 retrans     13 KB-cwnd
[2024-11-05T16:21:40.533055-0600]     4.4375 MB /   0.50 sec =   74.4556 Mbps     0 retrans     13 KB-cwnd
[2024-11-05T16:21:41.033023-0600]     4.6875 MB /   0.50 sec =   78.6430 Mbps     0 retrans     13 KB-cwnd
[2024-11-05T16:21:41.533029-0600]     5.2500 MB /   0.50 sec =   88.0811 Mbps     0 retrans     13 KB-cwnd
[2024-11-05T16:21:42.033041-0600]     5.5625 MB /   0.50 sec =   93.3225 Mbps     0 retrans     13 KB-cwnd
[2024-11-05T16:21:42.533082-0600]     5.8750 MB /   0.50 sec =   98.5549 Mbps     0 retrans     13 KB-cwnd
[2024-11-05T16:21:43.033213-0600]     5.5000 MB /   0.50 sec =   92.2747 Mbps     0 retrans     13 KB-cwnd
[2024-11-05T16:21:43.533075-0600]     5.3125 MB /   0.50 sec =   89.1373 Mbps     0 retrans     13 KB-cwnd
[2024-11-05T16:21:44.032975-0600]     5.0000 MB /   0.50 sec =   83.8908 Mbps     0 retrans     13 KB-cwnd
[2024-11-05T16:21:44.533261-0600]     2.5625 MB /   0.50 sec =   42.9909 Mbps     0 retrans     13 KB-cwnd
[2024-11-05T16:21:45.034494-0600]     3.5625 MB /   0.50 sec =   59.6035 Mbps     0 retrans     13 KB-cwnd
[2024-11-05T16:21:45.533049-0600]     4.4375 MB /   0.50 sec =   74.6551 Mbps     0 retrans     13 KB-cwnd
[2024-11-05T16:21:46.033090-0600]     4.9375 MB /   0.50 sec =   82.8357 Mbps     0 retrans     13 KB-cwnd
[2024-11-05T16:21:46.533091-0600]     5.0000 MB /   0.50 sec =   83.8819 Mbps     0 retrans     13 KB-cwnd
[2024-11-05T16:21:47.033184-0600]     4.5000 MB /   0.50 sec =   75.5031 Mbps     0 retrans     13 KB-cwnd
[2024-11-05T16:21:47.533071-0600]     4.4375 MB /   0.50 sec =   74.4462 Mbps     0 retrans     13 KB-cwnd
[2024-11-05T16:21:48.033077-0600]     4.1250 MB /   0.50 sec =   69.2071 Mbps     0 retrans     13 KB-cwnd
[2024-11-05T16:21:48.533303-0600]     2.5000 MB /   0.50 sec =   41.9275 Mbps     0 retrans     13 KB-cwnd
[2024-11-05T16:21:49.033152-0600]     4.0625 MB /   0.50 sec =   68.1884 Mbps     0 retrans     13 KB-cwnd
[2024-11-05T16:21:49.533160-0600]     3.3750 MB /   0.50 sec =   56.6171 Mbps     0 retrans     13 KB-cwnd
[2024-11-05T16:21:50.033303-0600]     4.9375 MB /   0.50 sec =   82.8370 Mbps     0 retrans     13 KB-cwnd
[2024-11-05T16:21:50.533109-0600]     4.5000 MB /   0.50 sec =   75.4948 Mbps     0 retrans     13 KB-cwnd
[2024-11-05T16:21:51.033062-0600]     5.0000 MB /   0.50 sec =   83.8925 Mbps     0 retrans     13 KB-cwnd
[2024-11-05T16:21:51.533037-0600]     5.3750 MB /   0.50 sec =   90.1784 Mbps     0 retrans     13 KB-cwnd
[2024-11-05T16:21:52.033074-0600]     5.6875 MB /   0.50 sec =   95.4183 Mbps     0 retrans     13 KB-cwnd
[2024-11-05T16:21:52.534162-0600]     5.4375 MB /   0.50 sec =   91.0289 Mbps     0 retrans     13 KB-cwnd
[2024-11-05T16:21:53.033060-0600]     6.0000 MB /   0.50 sec =  100.8830 Mbps     0 retrans     13 KB-cwnd
[2024-11-05T16:21:53.533357-0600]     6.0625 MB /   0.50 sec =  101.6793 Mbps     0 retrans     13 KB-cwnd
[2024-11-05T16:21:54.033172-0600]     5.7500 MB /   0.50 sec =   96.4781 Mbps     0 retrans     13 KB-cwnd
[2024-11-05T16:21:54.533337-0600]     5.7500 MB /   0.50 sec =   96.4784 Mbps     0 retrans     13 KB-cwnd
[2024-11-05T16:21:55.033536-0600]     3.1250 MB /   0.50 sec =   52.3876 Mbps     0 retrans     13 KB-cwnd
[2024-11-05T16:21:55.533244-0600]     3.6875 MB /   0.50 sec =   61.9230 Mbps     0 retrans     13 KB-cwnd
[2024-11-05T16:21:56.033722-0600]     5.2500 MB /   0.50 sec =   87.9803 Mbps     0 retrans     13 KB-cwnd
[2024-11-05T16:21:56.533060-0600]     5.8750 MB /   0.50 sec =   98.6786 Mbps     0 retrans     13 KB-cwnd
[2024-11-05T16:21:57.033068-0600]     5.5000 MB /   0.50 sec =   92.2708 Mbps     0 retrans     13 KB-cwnd
[2024-11-05T16:21:57.533122-0600]     6.1250 MB /   0.50 sec =  102.7510 Mbps     0 retrans     13 KB-cwnd
[2024-11-05T16:21:58.033054-0600]     5.8125 MB /   0.50 sec =   97.5301 Mbps     0 retrans     13 KB-cwnd
[2024-11-05T16:21:58.533083-0600]     6.0000 MB /   0.50 sec =  100.6629 Mbps     0 retrans     13 KB-cwnd
[2024-11-05T16:21:59.033066-0600]     6.2500 MB /   0.50 sec =  104.8561 Mbps     0 retrans     13 KB-cwnd
[2024-11-05T16:21:59.533550-0600]     6.0000 MB /   0.50 sec =  100.6548 Mbps     0 retrans     13 KB-cwnd
[2024-11-05T16:22:00.033114-0600]     5.6875 MB /   0.50 sec =   95.4225 Mbps    13 retrans   2255 KB-cwnd
[2024-11-05T16:22:00.533070-0600]     6.6250 MB /   0.50 sec =  111.1573 Mbps     0 retrans   2255 KB-cwnd
[2024-11-05T16:22:01.033235-0600]     6.1250 MB /   0.50 sec =  102.7625 Mbps     0 retrans   2255 KB-cwnd
[2024-11-05T16:22:01.533421-0600]     6.3125 MB /   0.50 sec =  105.8262 Mbps     0 retrans   2255 KB-cwnd
[2024-11-05T16:22:02.033080-0600]     6.7500 MB /   0.50 sec =  113.3287 Mbps     0 retrans   2255 KB-cwnd
[2024-11-05T16:22:02.533001-0600]     6.8125 MB /   0.50 sec =  114.2998 Mbps     0 retrans   2255 KB-cwnd
[2024-11-05T16:22:03.033060-0600]     7.3125 MB /   0.50 sec =  122.6792 Mbps     0 retrans   2255 KB-cwnd
[2024-11-05T16:22:03.533054-0600]     6.9375 MB /   0.50 sec =  116.3924 Mbps     0 retrans   1910 KB-cwnd
[2024-11-05T16:22:04.033055-0600]     7.1250 MB /   0.50 sec =  119.5374 Mbps     0 retrans   1910 KB-cwnd
[2024-11-05T16:22:04.533222-0600]     7.1875 MB /   0.50 sec =  120.5872 Mbps     0 retrans   1910 KB-cwnd
[2024-11-05T16:22:05.033153-0600]     6.3750 MB /   0.50 sec =  106.9376 Mbps     0 retrans   1910 KB-cwnd
[2024-11-05T16:22:05.533054-0600]     4.2500 MB /   0.50 sec =   71.3113 Mbps     0 retrans   1910 KB-cwnd
[2024-11-05T16:22:06.033049-0600]     4.4375 MB /   0.50 sec =   74.4517 Mbps     0 retrans   1910 KB-cwnd
[2024-11-05T16:22:06.533145-0600]     6.9375 MB /   0.50 sec =  116.3996 Mbps     0 retrans   2258 KB-cwnd
[2024-11-05T16:22:07.033043-0600]     6.0000 MB /   0.50 sec =  100.6575 Mbps     0 retrans   2258 KB-cwnd
[2024-11-05T16:22:07.533040-0600]     6.1250 MB /   0.50 sec =  102.7600 Mbps     0 retrans   2258 KB-cwnd
[2024-11-05T16:22:08.033221-0600]     5.7500 MB /   0.50 sec =   96.4385 Mbps     0 retrans   2258 KB-cwnd
[2024-11-05T16:22:08.533048-0600]     6.7500 MB /   0.50 sec =  113.2827 Mbps     0 retrans   2258 KB-cwnd
[2024-11-05T16:22:09.033211-0600]     6.6250 MB /   0.50 sec =  111.1484 Mbps     0 retrans   2258 KB-cwnd
[2024-11-05T16:22:09.533283-0600]     7.4375 MB /   0.50 sec =  124.7773 Mbps     0 retrans   2258 KB-cwnd
[2024-11-05T16:22:10.033096-0600]     6.8125 MB /   0.50 sec =  114.2948 Mbps     0 retrans   2268 KB-cwnd
[2024-11-05T16:22:10.533079-0600]     7.2500 MB /   0.50 sec =  121.6358 Mbps     0 retrans   2268 KB-cwnd
[2024-11-05T16:22:11.033022-0600]     6.5625 MB /   0.50 sec =  110.1038 Mbps     0 retrans   2268 KB-cwnd
[2024-11-05T16:22:11.533041-0600]     6.3750 MB /   0.50 sec =  106.9533 Mbps     0 retrans   2268 KB-cwnd
[2024-11-05T16:22:12.033149-0600]     6.4375 MB /   0.50 sec =  107.9873 Mbps     0 retrans   2268 KB-cwnd
[2024-11-05T16:22:12.533041-0600]     6.1250 MB /   0.50 sec =  102.7757 Mbps     0 retrans   2268 KB-cwnd
[2024-11-05T16:22:13.033101-0600]     6.3750 MB /   0.50 sec =  106.9509 Mbps     0 retrans   2637 KB-cwnd
[2024-11-05T16:22:13.533241-0600]     7.5625 MB /   0.50 sec =  126.8815 Mbps     0 retrans   2637 KB-cwnd
[2024-11-05T16:22:14.033130-0600]     6.8125 MB /   0.50 sec =  114.3030 Mbps     0 retrans   2637 KB-cwnd
[2024-11-05T16:22:14.534190-0600]     6.1875 MB /   0.50 sec =  103.5760 Mbps     0 retrans   2637 KB-cwnd
[2024-11-05T16:22:15.033059-0600]     6.6875 MB /   0.50 sec =  112.4441 Mbps     0 retrans   2637 KB-cwnd
[2024-11-05T16:22:15.533201-0600]     6.5625 MB /   0.50 sec =  110.1033 Mbps     0 retrans   2637 KB-cwnd
[2024-11-05T16:22:16.034598-0600]     2.8750 MB /   0.50 sec =   48.0928 Mbps     0 retrans   2637 KB-cwnd
[2024-11-05T16:22:16.533041-0600]     4.3125 MB /   0.50 sec =   72.5636 Mbps     0 retrans   2637 KB-cwnd
[2024-11-05T16:22:17.033055-0600]     5.4375 MB /   0.50 sec =   91.2259 Mbps     0 retrans   2551 KB-cwnd
[2024-11-05T16:22:17.534212-0600]     5.8750 MB /   0.50 sec =   98.3445 Mbps     0 retrans   2551 KB-cwnd
[2024-11-05T16:22:18.033142-0600]     7.3125 MB /   0.50 sec =  122.9465 Mbps     0 retrans   2551 KB-cwnd
[2024-11-05T16:22:18.533431-0600]     7.2500 MB /   0.50 sec =  121.5556 Mbps     0 retrans   2551 KB-cwnd
[2024-11-05T16:22:19.033397-0600]     6.3125 MB /   0.50 sec =  105.9838 Mbps     0 retrans   2551 KB-cwnd
[2024-11-05T16:22:19.533470-0600]     6.8750 MB /   0.50 sec =  115.2484 Mbps     0 retrans   2551 KB-cwnd
[2024-11-05T16:22:20.033334-0600]     7.6875 MB /   0.50 sec =  129.0680 Mbps     0 retrans   2225 KB-cwnd
[2024-11-05T16:22:20.533053-0600]     7.2500 MB /   0.50 sec =  121.6514 Mbps     0 retrans   2225 KB-cwnd
[2024-11-05T16:22:21.032985-0600]     6.8750 MB /   0.50 sec =  115.3468 Mbps     0 retrans   2225 KB-cwnd
[2024-11-05T16:22:21.533056-0600]     7.3125 MB /   0.50 sec =  122.6792 Mbps     0 retrans   2275 KB-cwnd
[2024-11-05T16:22:22.033052-0600]     7.4375 MB /   0.50 sec =  124.7800 Mbps     0 retrans   2275 KB-cwnd
[2024-11-05T16:22:22.533021-0600]     7.5000 MB /   0.50 sec =  125.8304 Mbps     0 retrans   2276 KB-cwnd
[2024-11-05T16:22:23.033048-0600]     7.0625 MB /   0.50 sec =  118.4881 Mbps     0 retrans   2128 KB-cwnd
[2024-11-05T16:22:23.533079-0600]     7.0625 MB /   0.50 sec =  118.4877 Mbps     0 retrans   2128 KB-cwnd
[2024-11-05T16:22:24.033043-0600]     6.7500 MB /   0.50 sec =  113.2480 Mbps     0 retrans   2128 KB-cwnd
[2024-11-05T16:22:24.533060-0600]     6.4375 MB /   0.50 sec =  107.9990 Mbps     0 retrans   2128 KB-cwnd
[2024-11-05T16:22:25.033047-0600]     6.9375 MB /   0.50 sec =  116.3978 Mbps     0 retrans   2128 KB-cwnd
[2024-11-05T16:22:25.533072-0600]     6.8125 MB /   0.50 sec =  114.2898 Mbps     0 retrans   2128 KB-cwnd
[2024-11-05T16:22:26.034311-0600]     6.6250 MB /   0.50 sec =  110.8876 Mbps     0 retrans   2406 KB-cwnd
[2024-11-05T16:22:26.533351-0600]     2.4375 MB /   0.50 sec =   40.9947 Mbps     0 retrans   2406 KB-cwnd
[2024-11-05T16:22:27.033066-0600]     6.4375 MB /   0.50 sec =  107.9975 Mbps     0 retrans   2406 KB-cwnd
[2024-11-05T16:22:27.533056-0600]     6.7500 MB /   0.50 sec =  113.2451 Mbps     0 retrans   2406 KB-cwnd
[2024-11-05T16:22:28.033072-0600]     6.7500 MB /   0.50 sec =  113.2458 Mbps     0 retrans   2406 KB-cwnd
[2024-11-05T16:22:28.533069-0600]     5.8750 MB /   0.50 sec =   98.5652 Mbps     0 retrans   2406 KB-cwnd
[2024-11-05T16:22:29.033130-0600]     6.3125 MB /   0.50 sec =  105.8930 Mbps     0 retrans   2406 KB-cwnd
[2024-11-05T16:22:29.533034-0600]     6.5625 MB /   0.50 sec =  110.1183 Mbps     0 retrans   2481 KB-cwnd
[2024-11-05T16:22:30.032958-0600]     6.6250 MB /   0.50 sec =  111.1539 Mbps     0 retrans   2481 KB-cwnd
[2024-11-05T16:22:30.533041-0600]     6.6875 MB /   0.50 sec =  112.1918 Mbps     0 retrans   2481 KB-cwnd
[2024-11-05T16:22:31.033053-0600]     6.5000 MB /   0.50 sec =  109.0493 Mbps     0 retrans   2481 KB-cwnd
[2024-11-05T16:22:31.533056-0600]     7.0000 MB /   0.50 sec =  117.4429 Mbps     0 retrans   2481 KB-cwnd
[2024-11-05T16:22:32.033623-0600]     6.7500 MB /   0.50 sec =  113.2215 Mbps     0 retrans   2481 KB-cwnd
[2024-11-05T16:22:32.533611-0600]     6.5625 MB /   0.50 sec =  110.0096 Mbps     0 retrans   2481 KB-cwnd
[2024-11-05T16:22:33.033091-0600]     7.2500 MB /   0.50 sec =  121.7614 Mbps     0 retrans   2497 KB-cwnd
[2024-11-05T16:22:33.533073-0600]     6.9375 MB /   0.50 sec =  116.3912 Mbps     0 retrans   2497 KB-cwnd
[2024-11-05T16:22:34.033072-0600]     6.6875 MB /   0.50 sec =  112.1981 Mbps     0 retrans   2497 KB-cwnd
[2024-11-05T16:22:34.533081-0600]     6.2500 MB /   0.50 sec =  104.8547 Mbps     0 retrans   2497 KB-cwnd
[2024-11-05T16:22:35.033212-0600]     6.8125 MB /   0.50 sec =  114.3058 Mbps     0 retrans   2476 KB-cwnd
[2024-11-05T16:22:35.532994-0600]     6.8750 MB /   0.50 sec =  115.3374 Mbps     0 retrans   2476 KB-cwnd
[2024-11-05T16:22:36.033121-0600]     6.7500 MB /   0.50 sec =  113.2297 Mbps     0 retrans   2578 KB-cwnd
[2024-11-05T16:22:36.533051-0600]     6.4375 MB /   0.50 sec =  108.0169 Mbps     0 retrans   2578 KB-cwnd
[2024-11-05T16:22:37.033044-0600]     2.6875 MB /   0.50 sec =   45.0894 Mbps     0 retrans   2578 KB-cwnd
[2024-11-05T16:22:37.533036-0600]     7.1875 MB /   0.50 sec =  120.5860 Mbps     0 retrans   2578 KB-cwnd
[2024-11-05T16:22:38.033054-0600]     7.4375 MB /   0.50 sec =  124.7780 Mbps     0 retrans   2578 KB-cwnd
[2024-11-05T16:22:38.533072-0600]     7.3750 MB /   0.50 sec =  123.7315 Mbps     0 retrans   2578 KB-cwnd
[2024-11-05T16:22:39.033084-0600]     7.1250 MB /   0.50 sec =  119.5393 Mbps     0 retrans   2457 KB-cwnd
[2024-11-05T16:22:39.533318-0600]     7.8125 MB /   0.50 sec =  131.0560 Mbps     0 retrans   2457 KB-cwnd
[2024-11-05T16:22:40.033191-0600]     7.5625 MB /   0.50 sec =  126.8937 Mbps     0 retrans   2457 KB-cwnd
[2024-11-05T16:22:40.534594-0600]     7.5000 MB /   0.50 sec =  125.4658 Mbps     0 retrans   2457 KB-cwnd
[2024-11-05T16:22:41.033202-0600]     8.8125 MB /   0.50 sec =  148.2887 Mbps     0 retrans   2457 KB-cwnd
[2024-11-05T16:22:41.533066-0600]     7.9375 MB /   0.50 sec =  133.1590 Mbps     0 retrans   2457 KB-cwnd
[2024-11-05T16:22:42.033070-0600]     8.1250 MB /   0.50 sec =  136.3154 Mbps     0 retrans   2381 KB-cwnd
[2024-11-05T16:22:42.533024-0600]     7.6250 MB /   0.50 sec =  127.9286 Mbps     0 retrans   2381 KB-cwnd
[2024-11-05T16:22:43.033353-0600]     7.6875 MB /   0.50 sec =  128.9705 Mbps     0 retrans   2381 KB-cwnd
[2024-11-05T16:22:43.533135-0600]     8.5625 MB /   0.50 sec =  143.6391 Mbps     0 retrans   2381 KB-cwnd
[2024-11-05T16:22:44.033248-0600]     8.5000 MB /   0.50 sec =  142.6329 Mbps     0 retrans   2381 KB-cwnd
[2024-11-05T16:22:44.533071-0600]     8.3125 MB /   0.50 sec =  139.4520 Mbps     0 retrans   2457 KB-cwnd
[2024-11-05T16:22:45.033257-0600]     8.5000 MB /   0.50 sec =  142.5884 Mbps     0 retrans   2457 KB-cwnd
[2024-11-05T16:22:45.533074-0600]     8.5625 MB /   0.50 sec =  143.6727 Mbps     0 retrans   2457 KB-cwnd
[2024-11-05T16:22:46.033045-0600]     7.8125 MB /   0.50 sec =  131.0746 Mbps     0 retrans   2457 KB-cwnd
[2024-11-05T16:22:46.533170-0600]     8.3125 MB /   0.50 sec =  139.4645 Mbps     0 retrans   2457 KB-cwnd
[2024-11-05T16:22:47.034529-0600]     7.8750 MB /   0.50 sec =  131.7398 Mbps     0 retrans   2653 KB-cwnd
[2024-11-05T16:22:47.533050-0600]     3.4375 MB /   0.50 sec =   57.8365 Mbps     0 retrans   2653 KB-cwnd
[2024-11-05T16:22:48.033006-0600]     8.3750 MB /   0.50 sec =  140.5117 Mbps     0 retrans   2653 KB-cwnd
[2024-11-05T16:22:48.533223-0600]     8.1875 MB /   0.50 sec =  137.3566 Mbps     0 retrans   2653 KB-cwnd
[2024-11-05T16:22:49.033058-0600]     8.3750 MB /   0.50 sec =  140.5126 Mbps     0 retrans   2653 KB-cwnd
[2024-11-05T16:22:49.533067-0600]     7.9375 MB /   0.50 sec =  133.1665 Mbps     0 retrans   2653 KB-cwnd
[2024-11-05T16:22:50.033149-0600]     8.0000 MB /   0.50 sec =  134.2247 Mbps     0 retrans   3202 KB-cwnd
[2024-11-05T16:22:50.533530-0600]     7.8125 MB /   0.50 sec =  130.9507 Mbps     0 retrans   3202 KB-cwnd
[2024-11-05T16:22:51.033372-0600]     7.6250 MB /   0.50 sec =  128.0487 Mbps     0 retrans   3202 KB-cwnd
[2024-11-05T16:22:51.533063-0600]     7.5625 MB /   0.50 sec =  126.8696 Mbps     0 retrans   3202 KB-cwnd
[2024-11-05T16:22:52.033064-0600]     7.6875 MB /   0.50 sec =  128.9756 Mbps     0 retrans   3202 KB-cwnd
[2024-11-05T16:22:52.533054-0600]     7.8750 MB /   0.50 sec =  132.1195 Mbps     0 retrans      5 KB-cwnd
[2024-11-05T16:22:53.033071-0600]     7.7500 MB /   0.50 sec =  130.0229 Mbps     0 retrans      5 KB-cwnd
[2024-11-05T16:22:53.533051-0600]     6.8750 MB /   0.50 sec =  115.3450 Mbps     0 retrans      5 KB-cwnd
[2024-11-05T16:22:54.033062-0600]     6.3750 MB /   0.50 sec =  106.9509 Mbps     0 retrans      5 KB-cwnd
[2024-11-05T16:22:54.533037-0600]     6.7500 MB /   0.50 sec =  113.2507 Mbps     0 retrans      5 KB-cwnd
[2024-11-05T16:22:55.033041-0600]     6.2500 MB /   0.50 sec =  104.8559 Mbps     0 retrans      5 KB-cwnd
[2024-11-05T16:22:55.532945-0600]     6.0000 MB /   0.50 sec =  100.6713 Mbps     0 retrans      5 KB-cwnd
[2024-11-05T16:22:56.033043-0600]     6.2500 MB /   0.50 sec =  104.8534 Mbps     0 retrans   2777 KB-cwnd
[2024-11-05T16:22:56.533215-0600]     5.0000 MB /   0.50 sec =   83.8797 Mbps     0 retrans   2777 KB-cwnd
[2024-11-05T16:22:57.033568-0600]     4.7500 MB /   0.50 sec =   79.6195 Mbps     0 retrans   2777 KB-cwnd
[2024-11-05T16:22:57.533157-0600]     3.6875 MB /   0.50 sec =   61.9200 Mbps     0 retrans   2777 KB-cwnd
[2024-11-05T16:22:58.033147-0600]     2.2500 MB /   0.50 sec =   37.7482 Mbps     0 retrans   2777 KB-cwnd
[2024-11-05T16:22:58.533048-0600]     5.1250 MB /   0.50 sec =   85.9891 Mbps     0 retrans   2777 KB-cwnd
[2024-11-05T16:22:59.033094-0600]     3.6250 MB /   0.50 sec =   60.8123 Mbps     0 retrans   2777 KB-cwnd
[2024-11-05T16:22:59.534107-0600]     4.5000 MB /   0.50 sec =   75.3555 Mbps     0 retrans   2777 KB-cwnd
[2024-11-05T16:23:00.033246-0600]     4.8125 MB /   0.50 sec =   80.8916 Mbps     0 retrans   2777 KB-cwnd
[2024-11-05T16:23:00.533210-0600]     5.8750 MB /   0.50 sec =   98.5734 Mbps     0 retrans   2473 KB-cwnd
[2024-11-05T16:23:01.033053-0600]     6.5625 MB /   0.50 sec =  110.1051 Mbps     0 retrans   2473 KB-cwnd
[2024-11-05T16:23:01.533034-0600]     7.3750 MB /   0.50 sec =  123.7339 Mbps     0 retrans   2473 KB-cwnd
[2024-11-05T16:23:02.032966-0600]     5.7500 MB /   0.50 sec =   96.4734 Mbps     0 retrans   2473 KB-cwnd
[2024-11-05T16:23:02.533047-0600]     6.6250 MB /   0.50 sec =  111.1419 Mbps     0 retrans   2473 KB-cwnd
[2024-11-05T16:23:03.033084-0600]     5.1875 MB /   0.50 sec =   87.0292 Mbps     0 retrans   2473 KB-cwnd
[2024-11-05T16:23:03.533022-0600]     4.3750 MB /   0.50 sec =   73.4037 Mbps     0 retrans   2473 KB-cwnd
[2024-11-05T16:23:04.033047-0600]     3.3750 MB /   0.50 sec =   56.6230 Mbps     0 retrans   2473 KB-cwnd
[2024-11-05T16:23:04.533166-0600]     5.0625 MB /   0.50 sec =   84.9357 Mbps     0 retrans   2387 KB-cwnd
[2024-11-05T16:23:05.033467-0600]     5.9375 MB /   0.50 sec =   99.6040 Mbps     0 retrans   2387 KB-cwnd
[2024-11-05T16:23:05.533074-0600]     6.3750 MB /   0.50 sec =  106.9616 Mbps     0 retrans   2387 KB-cwnd
[2024-11-05T16:23:06.033118-0600]     5.9375 MB /   0.50 sec =   99.6052 Mbps     0 retrans   2387 KB-cwnd
[2024-11-05T16:23:06.533112-0600]     5.3750 MB /   0.50 sec =   90.1754 Mbps     0 retrans   2387 KB-cwnd
[2024-11-05T16:23:07.033041-0600]     6.1875 MB /   0.50 sec =  103.8250 Mbps     0 retrans   2387 KB-cwnd
[2024-11-05T16:23:07.533082-0600]     6.8750 MB /   0.50 sec =  115.3401 Mbps     0 retrans   2387 KB-cwnd
[2024-11-05T16:23:08.033069-0600]     3.4375 MB /   0.50 sec =   57.6720 Mbps     0 retrans   2384 KB-cwnd
[2024-11-05T16:23:08.533037-0600]     6.7500 MB /   0.50 sec =  113.2492 Mbps     0 retrans   2384 KB-cwnd
[2024-11-05T16:23:09.033076-0600]     8.2500 MB /   0.50 sec =  138.4090 Mbps     0 retrans   2384 KB-cwnd
[2024-11-05T16:23:09.533024-0600]     7.6875 MB /   0.50 sec =  128.9818 Mbps     0 retrans   2384 KB-cwnd
[2024-11-05T16:23:10.033207-0600]     8.2500 MB /   0.50 sec =  138.4001 Mbps     0 retrans   2384 KB-cwnd
[2024-11-05T16:23:10.533541-0600]     8.8750 MB /   0.50 sec =  148.7666 Mbps     0 retrans   2384 KB-cwnd
[2024-11-05T16:23:11.033057-0600]     8.3750 MB /   0.50 sec =  140.6386 Mbps     0 retrans   2266 KB-cwnd
[2024-11-05T16:23:11.533038-0600]     8.7500 MB /   0.50 sec =  146.8033 Mbps     0 retrans   2266 KB-cwnd
[2024-11-05T16:23:12.032934-0600]     8.8125 MB /   0.50 sec =  147.8587 Mbps     0 retrans   2107 KB-cwnd
[2024-11-05T16:23:12.533072-0600]     7.5625 MB /   0.50 sec =  126.8655 Mbps     0 retrans   2107 KB-cwnd
[2024-11-05T16:23:13.033104-0600]     8.0000 MB /   0.50 sec =  134.2150 Mbps     0 retrans   2107 KB-cwnd
[2024-11-05T16:23:13.533292-0600]     8.1875 MB /   0.50 sec =  137.3426 Mbps     0 retrans   2403 KB-cwnd
[2024-11-05T16:23:14.033213-0600]     9.2500 MB /   0.50 sec =  155.1827 Mbps     0 retrans   2403 KB-cwnd
[2024-11-05T16:23:14.533076-0600]     8.1875 MB /   0.50 sec =  137.3876 Mbps     0 retrans   2422 KB-cwnd
[2024-11-05T16:23:15.033050-0600]     9.6875 MB /   0.50 sec =  162.5384 Mbps     0 retrans   2424 KB-cwnd
[2024-11-05T16:23:15.533181-0600]     9.1250 MB /   0.50 sec =  153.0936 Mbps     0 retrans   3017 KB-cwnd
[2024-11-05T16:23:16.033141-0600]     9.3125 MB /   0.50 sec =  156.2194 Mbps     0 retrans   3017 KB-cwnd
[2024-11-05T16:23:16.533067-0600]     8.3125 MB /   0.50 sec =  139.4743 Mbps     0 retrans   3017 KB-cwnd
[2024-11-05T16:23:17.033093-0600]     8.4375 MB /   0.50 sec =  141.5592 Mbps     0 retrans   3017 KB-cwnd
[2024-11-05T16:23:17.532964-0600]     9.6875 MB /   0.50 sec =  162.5390 Mbps     0 retrans   3017 KB-cwnd
[2024-11-05T16:23:18.033001-0600]     9.0000 MB /   0.50 sec =  150.9871 Mbps     0 retrans   2527 KB-cwnd
[2024-11-05T16:23:18.533250-0600]     3.0625 MB /   0.50 sec =   51.3799 Mbps     0 retrans   2527 KB-cwnd
[2024-11-05T16:23:19.033183-0600]     8.9375 MB /   0.50 sec =  149.9158 Mbps     0 retrans   2527 KB-cwnd
[2024-11-05T16:23:19.533119-0600]     9.1250 MB /   0.50 sec =  153.1016 Mbps     0 retrans   2527 KB-cwnd
[2024-11-05T16:23:20.033089-0600]     8.5000 MB /   0.50 sec =  142.6232 Mbps     0 retrans   2527 KB-cwnd
[2024-11-05T16:23:20.533064-0600]     8.3750 MB /   0.50 sec =  140.5134 Mbps     0 retrans   2527 KB-cwnd
[2024-11-05T16:23:21.033004-0600]     8.6250 MB /   0.50 sec =  144.7075 Mbps     0 retrans   3065 KB-cwnd
[2024-11-05T16:23:21.533043-0600]     8.9375 MB /   0.50 sec =  149.9431 Mbps     0 retrans   3065 KB-cwnd
[2024-11-05T16:23:22.033120-0600]     8.6875 MB /   0.50 sec =  145.7314 Mbps     0 retrans   3065 KB-cwnd
[2024-11-05T16:23:22.533052-0600]     8.6875 MB /   0.50 sec =  145.7731 Mbps     0 retrans   3065 KB-cwnd
[2024-11-05T16:23:23.033058-0600]     8.5625 MB /   0.50 sec =  143.6457 Mbps     0 retrans   2799 KB-cwnd
[2024-11-05T16:23:23.533069-0600]     8.7500 MB /   0.50 sec =  146.8053 Mbps     0 retrans   2815 KB-cwnd
[2024-11-05T16:23:24.033302-0600]     8.5000 MB /   0.50 sec =  142.6001 Mbps     0 retrans   2815 KB-cwnd
[2024-11-05T16:23:24.533073-0600]     8.0625 MB /   0.50 sec =  135.2741 Mbps     0 retrans   2815 KB-cwnd
[2024-11-05T16:23:25.033079-0600]     7.6875 MB /   0.50 sec =  128.9736 Mbps     0 retrans   2815 KB-cwnd
[2024-11-05T16:23:25.533063-0600]     7.5625 MB /   0.50 sec =  126.8792 Mbps     0 retrans   2815 KB-cwnd
[2024-11-05T16:23:26.033056-0600]     7.3125 MB /   0.50 sec =  122.6841 Mbps     0 retrans   2672 KB-cwnd
[2024-11-05T16:23:26.533074-0600]     6.9375 MB /   0.50 sec =  116.3889 Mbps     0 retrans   2672 KB-cwnd
[2024-11-05T16:23:27.033061-0600]     7.0625 MB /   0.50 sec =  118.4924 Mbps     0 retrans   2672 KB-cwnd
[2024-11-05T16:23:27.533023-0600]     7.3125 MB /   0.50 sec =  122.6851 Mbps     0 retrans   2672 KB-cwnd
[2024-11-05T16:23:28.033005-0600]     7.6875 MB /   0.50 sec =  128.9756 Mbps     0 retrans   2672 KB-cwnd
[2024-11-05T16:23:28.533715-0600]     7.1250 MB /   0.50 sec =  119.4445 Mbps     0 retrans   2672 KB-cwnd
[2024-11-05T16:23:29.033076-0600]     4.4375 MB /   0.50 sec =   74.5054 Mbps     0 retrans   2847 KB-cwnd
[2024-11-05T16:23:29.533048-0600]     7.3125 MB /   0.50 sec =  122.6829 Mbps     0 retrans   2847 KB-cwnd
[2024-11-05T16:23:30.033070-0600]     7.9375 MB /   0.50 sec =  133.1700 Mbps     0 retrans   2847 KB-cwnd
[2024-11-05T16:23:30.533064-0600]     8.6250 MB /   0.50 sec =  144.7012 Mbps     0 retrans   2847 KB-cwnd
[2024-11-05T16:23:31.033214-0600]     8.0000 MB /   0.50 sec =  134.2207 Mbps     0 retrans   2847 KB-cwnd
[2024-11-05T16:23:31.533132-0600]     8.5625 MB /   0.50 sec =  143.6342 Mbps     0 retrans   2427 KB-cwnd
[2024-11-05T16:23:32.033057-0600]     8.6250 MB /   0.50 sec =  144.7226 Mbps     0 retrans   2427 KB-cwnd
[2024-11-05T16:23:32.533051-0600]     8.3125 MB /   0.50 sec =  139.4617 Mbps     0 retrans   2427 KB-cwnd
[2024-11-05T16:23:33.033202-0600]     7.8750 MB /   0.50 sec =  132.1293 Mbps     0 retrans   2427 KB-cwnd
[2024-11-05T16:23:33.533060-0600]     9.0000 MB /   0.50 sec =  150.9835 Mbps     0 retrans   2427 KB-cwnd
[2024-11-05T16:23:34.033079-0600]     8.3750 MB /   0.50 sec =  140.5075 Mbps     0 retrans   2546 KB-cwnd
End time: 1730845414292
