Start time: 1730754244925
[2024-11-04T15:04:05.973860-0600] nuttcp-r: v8.1.4: socket
[2024-11-04T15:04:05.974481-0600] nuttcp-r: buflen=65536, nstream=1, port=5101 tcp
[2024-11-04T15:04:05.974528-0600] nuttcp-r: interval reporting every 0.50 seconds
[2024-11-04T15:04:05.974560-0600] nuttcp-r: connect to 54.176.53.206 with RTT=113.210 ms af=inet
[2024-11-04T15:04:05.974591-0600] nuttcp-r: send window size = 524288, receive window size = 4194304
[2024-11-04T15:04:05.974621-0600] nuttcp-r: available send window = 393216, available receive window = 3145728
[2024-11-04T15:04:05.974650-0600]     0.1250 MB /   0.50 sec =    2.0966 Mbps     0 retrans
[2024-11-04T15:04:06.473577-0600]     1.1250 MB /   0.50 sec =   18.8775 Mbps     0 retrans
[2024-11-04T15:04:06.973558-0600]     1.1875 MB /   0.50 sec =   19.9229 Mbps     0 retrans
[2024-11-04T15:04:07.474095-0600]     0.4375 MB /   0.50 sec =    7.3379 Mbps     0 retrans
[2024-11-04T15:04:07.974097-0600]     0.0000 MB /   0.50 sec =    0.0000 Mbps     0 retrans
[2024-11-04T15:04:08.473687-0600]     0.1875 MB /   0.50 sec =    3.1459 Mbps     0 retrans
[2024-11-04T15:04:08.973797-0600]     0.5625 MB /   0.50 sec =    9.4351 Mbps     0 retrans
[2024-11-04T15:04:09.473737-0600]     0.5000 MB /   0.50 sec =    8.3893 Mbps     0 retrans
[2024-11-04T15:04:09.974678-0600]     0.6250 MB /   0.50 sec =   10.4663 Mbps     0 retrans
[2024-11-04T15:04:10.473583-0600]     0.1250 MB /   0.50 sec =    2.1016 Mbps     0 retrans
[2024-11-04T15:04:10.973816-0600]     0.1250 MB /   0.50 sec =    2.0964 Mbps     0 retrans
[2024-11-04T15:04:11.473757-0600]     0.1875 MB /   0.50 sec =    3.1469 Mbps     0 retrans
[2024-11-04T15:04:11.974641-0600]     0.6875 MB /   0.50 sec =   11.5103 Mbps     0 retrans
[2024-11-04T15:04:12.474021-0600]     0.2500 MB /   0.50 sec =    4.2007 Mbps     0 retrans
[2024-11-04T15:04:12.975036-0600]     1.2500 MB /   0.50 sec =   20.9242 Mbps     0 retrans
[2024-11-04T15:04:13.473570-0600]     0.8750 MB /   0.50 sec =   14.7213 Mbps     0 retrans
[2024-11-04T15:04:13.973551-0600]     1.3125 MB /   0.50 sec =   22.0212 Mbps     0 retrans
[2024-11-04T15:04:14.473635-0600]     0.5625 MB /   0.50 sec =    9.4361 Mbps     0 retrans
[2024-11-04T15:04:14.973567-0600]     0.4375 MB /   0.50 sec =    7.3407 Mbps     0 retrans
[2024-11-04T15:04:15.473653-0600]     0.4375 MB /   0.50 sec =    7.3391 Mbps     0 retrans
[2024-11-04T15:04:15.973568-0600]     0.4375 MB /   0.50 sec =    7.3411 Mbps     0 retrans
[2024-11-04T15:04:16.473595-0600]     0.1250 MB /   0.50 sec =    2.0969 Mbps     0 retrans
[2024-11-04T15:04:16.973579-0600]     0.3125 MB /   0.50 sec =    5.2433 Mbps     0 retrans
[2024-11-04T15:04:17.473573-0600]     0.3125 MB /   0.50 sec =    5.2429 Mbps     0 retrans
[2024-11-04T15:04:17.973463-0600]     0.6250 MB /   0.50 sec =   10.4864 Mbps     0 retrans
[2024-11-04T15:04:18.473565-0600]     0.3750 MB /   0.50 sec =    6.2911 Mbps     0 retrans
[2024-11-04T15:04:18.973616-0600]     0.2500 MB /   0.50 sec =    4.1938 Mbps     0 retrans
[2024-11-04T15:04:19.474376-0600]     0.0625 MB /   0.50 sec =    1.0471 Mbps     0 retrans
[2024-11-04T15:04:19.974008-0600]     0.2500 MB /   0.50 sec =    4.1992 Mbps     0 retrans
[2024-11-04T15:04:20.473539-0600]     0.6875 MB /   0.50 sec =   11.5383 Mbps     0 retrans
[2024-11-04T15:04:20.973600-0600]     0.3750 MB /   0.50 sec =    6.2910 Mbps     0 retrans
[2024-11-04T15:04:21.473819-0600]     0.2500 MB /   0.50 sec =    4.1930 Mbps     0 retrans
[2024-11-04T15:04:21.973759-0600]     0.0625 MB /   0.50 sec =    1.0486 Mbps     0 retrans
[2024-11-04T15:04:22.473564-0600]     0.6250 MB /   0.50 sec =   10.4891 Mbps     0 retrans
[2024-11-04T15:04:22.973561-0600]     0.6250 MB /   0.50 sec =   10.4856 Mbps     0 retrans
[2024-11-04T15:04:23.474440-0600]     0.6875 MB /   0.50 sec =   11.5354 Mbps     0 retrans
[2024-11-04T15:04:23.975822-0600]     0.6875 MB /   0.50 sec =   11.5060 Mbps     0 retrans
[2024-11-04T15:04:24.473802-0600]     0.5625 MB /   0.50 sec =    9.4599 Mbps     0 retrans
[2024-11-04T15:04:24.973646-0600]     0.6875 MB /   0.50 sec =   11.5333 Mbps     0 retrans
[2024-11-04T15:04:25.474005-0600]     0.5000 MB /   0.50 sec =    8.3896 Mbps     0 retrans
[2024-11-04T15:04:25.973597-0600]     0.5625 MB /   0.50 sec =    9.4372 Mbps     0 retrans
[2024-11-04T15:04:26.474078-0600]     0.5000 MB /   0.50 sec =    8.3811 Mbps     0 retrans
[2024-11-04T15:04:26.973939-0600]     0.5000 MB /   0.50 sec =    8.3904 Mbps     0 retrans
[2024-11-04T15:04:27.474009-0600]     0.5000 MB /   0.50 sec =    8.3869 Mbps     0 retrans
[2024-11-04T15:04:27.973683-0600]     0.5000 MB /   0.50 sec =    8.3947 Mbps     0 retrans
[2024-11-04T15:04:28.473637-0600]     0.5000 MB /   0.50 sec =    8.3883 Mbps     0 retrans
[2024-11-04T15:04:28.973499-0600]     0.5625 MB /   0.50 sec =    9.4390 Mbps     0 retrans
[2024-11-04T15:04:29.473467-0600]     0.4375 MB /   0.50 sec =    7.3403 Mbps     0 retrans
[2024-11-04T15:04:29.973746-0600]     0.5625 MB /   0.50 sec =    9.4351 Mbps     0 retrans
[2024-11-04T15:04:30.473933-0600]     0.4375 MB /   0.50 sec =    7.3360 Mbps     0 retrans
[2024-11-04T15:04:30.973605-0600]     0.8125 MB /   0.50 sec =   13.6409 Mbps     0 retrans
[2024-11-04T15:04:31.473507-0600]     0.6250 MB /   0.50 sec =   10.4864 Mbps     0 retrans
[2024-11-04T15:04:31.973588-0600]     0.6875 MB /   0.50 sec =   11.5336 Mbps     0 retrans
[2024-11-04T15:04:32.473807-0600]     0.4375 MB /   0.50 sec =    7.3401 Mbps     0 retrans
[2024-11-04T15:04:32.973446-0600]     0.1875 MB /   0.50 sec =    3.1460 Mbps     0 retrans
[2024-11-04T15:04:33.473612-0600]     0.1875 MB /   0.50 sec =    3.1454 Mbps     0 retrans
[2024-11-04T15:04:33.973588-0600]     0.5000 MB /   0.50 sec =    8.3886 Mbps     0 retrans
[2024-11-04T15:04:34.473668-0600]     0.0000 MB /   0.50 sec =    0.0000 Mbps     0 retrans
[2024-11-04T15:04:34.974618-0600]     0.4375 MB /   0.50 sec =    7.3328 Mbps     0 retrans
[2024-11-04T15:04:35.473475-0600]     0.1875 MB /   0.50 sec =    3.1494 Mbps     0 retrans
[2024-11-04T15:04:35.973673-0600]     0.1250 MB /   0.50 sec =    2.0969 Mbps     0 retrans
[2024-11-04T15:04:36.473688-0600]     0.0000 MB /   0.50 sec =    0.0000 Mbps     0 retrans
[2024-11-04T15:04:36.973592-0600]     0.2500 MB /   0.50 sec =    4.1948 Mbps     0 retrans
[2024-11-04T15:04:37.473614-0600]     0.1875 MB /   0.50 sec =    3.1457 Mbps     0 retrans
[2024-11-04T15:04:37.973583-0600]     0.2500 MB /   0.50 sec =    4.1944 Mbps     0 retrans
[2024-11-04T15:04:38.473744-0600]     0.0625 MB /   0.50 sec =    1.0483 Mbps     0 retrans
[2024-11-04T15:04:38.973552-0600]     0.5000 MB /   0.50 sec =    8.3913 Mbps     0 retrans
[2024-11-04T15:04:39.473618-0600]     0.1875 MB /   0.50 sec =    3.1454 Mbps     0 retrans
[2024-11-04T15:04:39.973639-0600]     0.1875 MB /   0.50 sec =    3.1456 Mbps     0 retrans
[2024-11-04T15:04:40.473634-0600]     0.1875 MB /   0.50 sec =    3.1458 Mbps     0 retrans
[2024-11-04T15:04:40.973550-0600]     0.6250 MB /   0.50 sec =   10.4867 Mbps     0 retrans
[2024-11-04T15:04:41.474007-0600]     0.2500 MB /   0.50 sec =    4.1906 Mbps     0 retrans
[2024-11-04T15:04:41.973549-0600]     0.1875 MB /   0.50 sec =    3.1483 Mbps     0 retrans
[2024-11-04T15:04:42.473502-0600]     0.1875 MB /   0.50 sec =    3.1459 Mbps     0 retrans
[2024-11-04T15:04:42.973604-0600]     0.1875 MB /   0.50 sec =    3.1456 Mbps     0 retrans
[2024-11-04T15:04:43.473682-0600]     0.1875 MB /   0.50 sec =    3.1454 Mbps     0 retrans
[2024-11-04T15:04:43.973722-0600]     0.0625 MB /   0.50 sec =    1.0485 Mbps     0 retrans
[2024-11-04T15:04:44.474061-0600]     0.3750 MB /   0.50 sec =    6.2911 Mbps     0 retrans
[2024-11-04T15:04:44.973587-0600]     0.3750 MB /   0.50 sec =    6.2927 Mbps     0 retrans
[2024-11-04T15:04:45.473587-0600]     0.2500 MB /   0.50 sec =    4.1943 Mbps     0 retrans
[2024-11-04T15:04:45.973464-0600]     0.3125 MB /   0.50 sec =    5.2432 Mbps     0 retrans
[2024-11-04T15:04:46.473603-0600]     0.3750 MB /   0.50 sec =    6.2911 Mbps     0 retrans
[2024-11-04T15:04:46.973599-0600]     0.4375 MB /   0.50 sec =    7.3396 Mbps     0 retrans
[2024-11-04T15:04:47.473582-0600]     0.3750 MB /   0.50 sec =    6.2918 Mbps     0 retrans
[2024-11-04T15:04:47.973591-0600]     0.4375 MB /   0.50 sec =    7.3400 Mbps     0 retrans
[2024-11-04T15:04:48.473462-0600]     0.4375 MB /   0.50 sec =    7.3407 Mbps     0 retrans
[2024-11-04T15:04:48.973943-0600]     0.2500 MB /   0.50 sec =    4.1933 Mbps     0 retrans
[2024-11-04T15:04:49.473610-0600]     0.5000 MB /   0.50 sec =    8.3890 Mbps     0 retrans
[2024-11-04T15:04:49.973743-0600]     0.5625 MB /   0.50 sec =    9.4385 Mbps     0 retrans
[2024-11-04T15:04:50.473684-0600]     0.5625 MB /   0.50 sec =    9.4351 Mbps     0 retrans
[2024-11-04T15:04:50.973586-0600]     0.5000 MB /   0.50 sec =    8.3902 Mbps     0 retrans
[2024-11-04T15:04:51.473784-0600]     0.4375 MB /   0.50 sec =    7.3401 Mbps     0 retrans
[2024-11-04T15:04:51.973499-0600]     0.4375 MB /   0.50 sec =    7.3401 Mbps     0 retrans
[2024-11-04T15:04:52.474003-0600]     0.1875 MB /   0.50 sec =    3.1458 Mbps     0 retrans
[2024-11-04T15:04:52.973614-0600]     0.0625 MB /   0.50 sec =    1.0485 Mbps     0 retrans
[2024-11-04T15:04:53.473594-0600]     0.1250 MB /   0.50 sec =    2.0972 Mbps     0 retrans
[2024-11-04T15:04:53.973625-0600]     0.1875 MB /   0.50 sec =    3.1456 Mbps     0 retrans
[2024-11-04T15:04:54.473722-0600]     0.2500 MB /   0.50 sec =    4.1936 Mbps     0 retrans
[2024-11-04T15:04:54.974063-0600]     0.0625 MB /   0.50 sec =    1.0486 Mbps     0 retrans
[2024-11-04T15:04:55.473486-0600]     0.3750 MB /   0.50 sec =    6.2926 Mbps     0 retrans
[2024-11-04T15:04:55.973564-0600]     0.5000 MB /   0.50 sec =    8.3877 Mbps     0 retrans
[2024-11-04T15:04:56.473624-0600]     0.2500 MB /   0.50 sec =    4.1943 Mbps     0 retrans
[2024-11-04T15:04:56.974005-0600]     0.3125 MB /   0.50 sec =    5.2426 Mbps     0 retrans
[2024-11-04T15:04:57.473641-0600]     0.1875 MB /   0.50 sec =    3.1459 Mbps     0 retrans
[2024-11-04T15:04:57.974264-0600]     0.0000 MB /   0.50 sec =    0.0000 Mbps     0 retrans
[2024-11-04T15:04:58.474085-0600]     0.1250 MB /   0.50 sec =    2.0955 Mbps     0 retrans
[2024-11-04T15:04:58.973488-0600]     0.3125 MB /   0.50 sec =    5.2481 Mbps     0 retrans
[2024-11-04T15:04:59.474030-0600]     0.3125 MB /   0.50 sec =    5.2381 Mbps     0 retrans
[2024-11-04T15:04:59.973594-0600]     0.3125 MB /   0.50 sec =    5.2474 Mbps     0 retrans
[2024-11-04T15:05:00.473481-0600]     0.3750 MB /   0.50 sec =    6.2918 Mbps     0 retrans
[2024-11-04T15:05:00.973668-0600]     0.1875 MB /   0.50 sec =    3.1452 Mbps     0 retrans
[2024-11-04T15:05:01.473482-0600]     0.3125 MB /   0.50 sec =    5.2437 Mbps     0 retrans
[2024-11-04T15:05:01.973617-0600]     0.2500 MB /   0.50 sec =    4.1941 Mbps     0 retrans
[2024-11-04T15:05:02.474006-0600]     0.0625 MB /   0.50 sec =    1.0477 Mbps     0 retrans
[2024-11-04T15:05:02.973577-0600]     0.5000 MB /   0.50 sec =    8.3954 Mbps     0 retrans
[2024-11-04T15:05:03.473569-0600]     0.5000 MB /   0.50 sec =    8.3888 Mbps     0 retrans
[2024-11-04T15:05:03.973571-0600]     0.2500 MB /   0.50 sec =    4.1942 Mbps     0 retrans
[2024-11-04T15:05:04.473743-0600]     0.1250 MB /   0.50 sec =    2.0966 Mbps     0 retrans
[2024-11-04T15:05:04.973482-0600]     0.0000 MB /   0.50 sec =    0.0000 Mbps     0 retrans
[2024-11-04T15:05:05.473958-0600]     0.6250 MB /   0.50 sec =   10.4775 Mbps     0 retrans
[2024-11-04T15:05:05.973582-0600]     0.2500 MB /   0.50 sec =    4.1974 Mbps     0 retrans
[2024-11-04T15:05:06.473575-0600]     0.4375 MB /   0.50 sec =    7.3401 Mbps     0 retrans
[2024-11-04T15:05:06.973987-0600]     0.3125 MB /   0.50 sec =    5.2424 Mbps     0 retrans
[2024-11-04T15:05:07.474125-0600]     0.1250 MB /   0.50 sec =    2.0951 Mbps     0 retrans
[2024-11-04T15:05:07.973710-0600]     0.0000 MB /   0.50 sec =    0.0000 Mbps     0 retrans
[2024-11-04T15:05:08.473476-0600]     0.1875 MB /   0.50 sec =    3.1463 Mbps     0 retrans
[2024-11-04T15:05:08.973478-0600]     0.5625 MB /   0.50 sec =    9.4369 Mbps     0 retrans
[2024-11-04T15:05:09.473943-0600]     0.2500 MB /   0.50 sec =    4.1912 Mbps     0 retrans
[2024-11-04T15:05:09.973770-0600]     0.1250 MB /   0.50 sec =    2.0987 Mbps     0 retrans
[2024-11-04T15:05:10.473651-0600]     0.6250 MB /   0.50 sec =   10.4839 Mbps     0 retrans
[2024-11-04T15:05:10.973698-0600]     0.1250 MB /   0.50 sec =    2.0969 Mbps     0 retrans
[2024-11-04T15:05:11.473634-0600]     0.0000 MB /   0.50 sec =    0.0000 Mbps     0 retrans
[2024-11-04T15:05:11.973490-0600]     0.2500 MB /   0.50 sec =    4.1946 Mbps     0 retrans
[2024-11-04T15:05:12.474132-0600]     0.3750 MB /   0.50 sec =    6.2853 Mbps     0 retrans
[2024-11-04T15:05:12.973577-0600]     0.1250 MB /   0.50 sec =    2.0992 Mbps     0 retrans
[2024-11-04T15:05:13.473685-0600]     0.0625 MB /   0.50 sec =    1.0484 Mbps     0 retrans
[2024-11-04T15:05:13.973784-0600]     0.0625 MB /   0.50 sec =    1.0483 Mbps     0 retrans
[2024-11-04T15:05:14.473554-0600]     0.4375 MB /   0.50 sec =    7.3421 Mbps     0 retrans
[2024-11-04T15:05:14.973568-0600]     0.2500 MB /   0.50 sec =    4.1949 Mbps     0 retrans
[2024-11-04T15:05:15.473509-0600]     0.1875 MB /   0.50 sec =    3.1458 Mbps     0 retrans
[2024-11-04T15:05:15.973581-0600]     0.2500 MB /   0.50 sec =    4.1939 Mbps     0 retrans
[2024-11-04T15:05:16.473578-0600]     0.1875 MB /   0.50 sec =    3.1458 Mbps     0 retrans
[2024-11-04T15:05:16.973558-0600]     0.1875 MB /   0.50 sec =    3.1458 Mbps     0 retrans
[2024-11-04T15:05:17.473581-0600]     0.1875 MB /   0.50 sec =    3.1456 Mbps     0 retrans
[2024-11-04T15:05:17.973455-0600]     0.1250 MB /   0.50 sec =    2.0973 Mbps     0 retrans
[2024-11-04T15:05:18.473986-0600]     0.2500 MB /   0.50 sec =    4.1906 Mbps     0 retrans
[2024-11-04T15:05:18.973729-0600]     0.1875 MB /   0.50 sec =    3.1483 Mbps     0 retrans
[2024-11-04T15:05:19.473693-0600]     0.1875 MB /   0.50 sec =    3.1450 Mbps     0 retrans
[2024-11-04T15:05:19.973554-0600]     0.2500 MB /   0.50 sec =    4.1953 Mbps     0 retrans
[2024-11-04T15:05:20.473697-0600]     0.3125 MB /   0.50 sec =    5.2416 Mbps     0 retrans
[2024-11-04T15:05:20.973525-0600]     0.2500 MB /   0.50 sec =    4.1954 Mbps     0 retrans
[2024-11-04T15:05:21.473468-0600]     0.1250 MB /   0.50 sec =    2.0972 Mbps     0 retrans
[2024-11-04T15:05:21.973600-0600]     0.3125 MB /   0.50 sec =    5.2422 Mbps     0 retrans
[2024-11-04T15:05:22.473578-0600]     0.2500 MB /   0.50 sec =    4.1947 Mbps     0 retrans
[2024-11-04T15:05:22.973529-0600]     0.3125 MB /   0.50 sec =    5.2429 Mbps     0 retrans
[2024-11-04T15:05:23.474095-0600]     0.2500 MB /   0.50 sec =    4.1900 Mbps     0 retrans
[2024-11-04T15:05:23.973533-0600]     0.1875 MB /   0.50 sec =    3.1490 Mbps     0 retrans
[2024-11-04T15:05:24.473620-0600]     0.3125 MB /   0.50 sec =    5.2424 Mbps     0 retrans
[2024-11-04T15:05:24.973548-0600]     0.3750 MB /   0.50 sec =    6.2923 Mbps     0 retrans
[2024-11-04T15:05:25.473634-0600]     0.2500 MB /   0.50 sec =    4.1937 Mbps     0 retrans
[2024-11-04T15:05:25.973548-0600]     0.2500 MB /   0.50 sec =    4.1947 Mbps     0 retrans
[2024-11-04T15:05:26.473470-0600]     0.1875 MB /   0.50 sec =    3.1459 Mbps     0 retrans
[2024-11-04T15:05:26.973497-0600]     0.1875 MB /   0.50 sec =    3.1457 Mbps     0 retrans
[2024-11-04T15:05:27.473488-0600]     0.1875 MB /   0.50 sec =    3.1457 Mbps     0 retrans
[2024-11-04T15:05:27.973623-0600]     0.1875 MB /   0.50 sec =    3.1454 Mbps     0 retrans
[2024-11-04T15:05:28.473431-0600]     0.1875 MB /   0.50 sec =    3.1462 Mbps     0 retrans
[2024-11-04T15:05:28.973821-0600]     0.3125 MB /   0.50 sec =    5.2426 Mbps     0 retrans
[2024-11-04T15:05:29.473562-0600]     0.3125 MB /   0.50 sec =    5.2428 Mbps     0 retrans
[2024-11-04T15:05:29.973666-0600]     0.3750 MB /   0.50 sec =    6.2906 Mbps     0 retrans
[2024-11-04T15:05:30.474131-0600]     0.3125 MB /   0.50 sec =    5.2379 Mbps     0 retrans
[2024-11-04T15:05:30.973466-0600]     0.1250 MB /   0.50 sec =    2.0995 Mbps     0 retrans
[2024-11-04T15:05:31.473458-0600]     0.1875 MB /   0.50 sec =    3.1458 Mbps     0 retrans
[2024-11-04T15:05:31.973943-0600]     0.1875 MB /   0.50 sec =    3.1432 Mbps     0 retrans
[2024-11-04T15:05:32.473664-0600]     0.1875 MB /   0.50 sec =    3.1476 Mbps     0 retrans
[2024-11-04T15:05:32.973505-0600]     0.0000 MB /   0.50 sec =    0.0000 Mbps     0 retrans
[2024-11-04T15:05:33.473616-0600]     0.3750 MB /   0.50 sec =    6.2910 Mbps     0 retrans
[2024-11-04T15:05:33.973461-0600]     0.1875 MB /   0.50 sec =    3.1460 Mbps     0 retrans
[2024-11-04T15:05:34.473478-0600]     0.0000 MB /   0.50 sec =    0.0000 Mbps     0 retrans
[2024-11-04T15:05:34.973494-0600]     0.1875 MB /   0.50 sec =    3.1457 Mbps     0 retrans
[2024-11-04T15:05:35.473867-0600]     0.3750 MB /   0.50 sec =    6.2906 Mbps     0 retrans
[2024-11-04T15:05:35.973529-0600]     0.2500 MB /   0.50 sec =    4.1948 Mbps     0 retrans
[2024-11-04T15:05:36.474103-0600]     0.1250 MB /   0.50 sec =    2.0950 Mbps     0 retrans
[2024-11-04T15:05:36.973768-0600]     0.2500 MB /   0.50 sec =    4.1988 Mbps     0 retrans
[2024-11-04T15:05:37.473570-0600]     0.1875 MB /   0.50 sec =    3.1457 Mbps     0 retrans
[2024-11-04T15:05:37.973468-0600]     0.1875 MB /   0.50 sec =    3.1458 Mbps     0 retrans
[2024-11-04T15:05:38.474075-0600]     0.3125 MB /   0.50 sec =    5.2373 Mbps     0 retrans
[2024-11-04T15:05:38.973532-0600]     0.2500 MB /   0.50 sec =    4.1987 Mbps     0 retrans
[2024-11-04T15:05:39.473460-0600]     0.1250 MB /   0.50 sec =    2.0972 Mbps     0 retrans
[2024-11-04T15:05:39.973488-0600]     0.1250 MB /   0.50 sec =    2.0971 Mbps     0 retrans
[2024-11-04T15:05:40.473711-0600]     0.0000 MB /   0.50 sec =    0.0000 Mbps     0 retrans
[2024-11-04T15:05:40.973500-0600]     0.0000 MB /   0.50 sec =    0.0000 Mbps     0 retrans
[2024-11-04T15:05:41.473480-0600]     0.3750 MB /   0.50 sec =    6.2914 Mbps     0 retrans
[2024-11-04T15:05:41.973509-0600]     0.1250 MB /   0.50 sec =    2.0971 Mbps     0 retrans
[2024-11-04T15:05:42.474339-0600]     0.1875 MB /   0.50 sec =    3.1432 Mbps     0 retrans
[2024-11-04T15:05:42.973502-0600]     0.1875 MB /   0.50 sec =    3.1483 Mbps     0 retrans
[2024-11-04T15:05:43.473596-0600]     0.3125 MB /   0.50 sec =    5.2426 Mbps     0 retrans
[2024-11-04T15:05:43.973486-0600]     0.2500 MB /   0.50 sec =    4.1943 Mbps     0 retrans
[2024-11-04T15:05:44.474023-0600]     0.3750 MB /   0.50 sec =    6.2859 Mbps     0 retrans
[2024-11-04T15:05:44.973660-0600]     0.3125 MB /   0.50 sec =    5.2478 Mbps     0 retrans
[2024-11-04T15:05:45.473951-0600]     0.3125 MB /   0.50 sec =    5.2385 Mbps     0 retrans
[2024-11-04T15:05:45.973456-0600]     0.2500 MB /   0.50 sec =    4.1979 Mbps     0 retrans
[2024-11-04T15:05:46.473652-0600]     0.2500 MB /   0.50 sec =    4.1937 Mbps     0 retrans
[2024-11-04T15:05:46.973471-0600]     0.1250 MB /   0.50 sec =    2.0974 Mbps     0 retrans
[2024-11-04T15:05:47.473453-0600]     0.2500 MB /   0.50 sec =    4.1944 Mbps     0 retrans
[2024-11-04T15:05:47.973586-0600]     0.3125 MB /   0.50 sec =    5.2422 Mbps     0 retrans
[2024-11-04T15:05:48.473564-0600]     0.3125 MB /   0.50 sec =    5.2433 Mbps     0 retrans
[2024-11-04T15:05:48.973561-0600]     0.1250 MB /   0.50 sec =    2.0970 Mbps     0 retrans
[2024-11-04T15:05:49.473587-0600]     0.1250 MB /   0.50 sec =    2.0973 Mbps     0 retrans
[2024-11-04T15:05:49.973571-0600]     0.2500 MB /   0.50 sec =    4.1944 Mbps     0 retrans
[2024-11-04T15:05:50.473987-0600]     0.3750 MB /   0.50 sec =    6.2910 Mbps     0 retrans
[2024-11-04T15:05:50.973495-0600]     0.3125 MB /   0.50 sec =    5.2435 Mbps     0 retrans
[2024-11-04T15:05:51.473480-0600]     0.2500 MB /   0.50 sec =    4.1943 Mbps     0 retrans
[2024-11-04T15:05:51.973604-0600]     0.3750 MB /   0.50 sec =    6.2907 Mbps     0 retrans
[2024-11-04T15:05:52.473449-0600]     0.1875 MB /   0.50 sec =    3.1461 Mbps     0 retrans
[2024-11-04T15:05:52.973930-0600]     0.3125 MB /   0.50 sec =    5.2419 Mbps     0 retrans
[2024-11-04T15:05:53.473997-0600]     0.1875 MB /   0.50 sec =    3.1435 Mbps     0 retrans
[2024-11-04T15:05:53.973657-0600]     0.3125 MB /   0.50 sec =    5.2468 Mbps     0 retrans
[2024-11-04T15:05:54.473480-0600]     0.4375 MB /   0.50 sec =    7.3410 Mbps     0 retrans
[2024-11-04T15:05:54.973643-0600]     0.3750 MB /   0.50 sec =    6.2903 Mbps     0 retrans
[2024-11-04T15:05:55.473765-0600]     0.3125 MB /   0.50 sec =    5.2419 Mbps     0 retrans
[2024-11-04T15:05:55.973932-0600]     0.1875 MB /   0.50 sec =    3.1463 Mbps     0 retrans
[2024-11-04T15:05:56.474173-0600]     0.3125 MB /   0.50 sec =    5.2381 Mbps     0 retrans
[2024-11-04T15:05:56.973504-0600]     0.1250 MB /   0.50 sec =    2.0994 Mbps     0 retrans
[2024-11-04T15:05:57.473788-0600]     0.0000 MB /   0.50 sec =    0.0000 Mbps     0 retrans
[2024-11-04T15:05:57.973527-0600]     0.2500 MB /   0.50 sec =    4.1958 Mbps     0 retrans
[2024-11-04T15:05:58.473773-0600]     0.1875 MB /   0.50 sec =    3.1447 Mbps     0 retrans
[2024-11-04T15:05:58.974076-0600]     0.0625 MB /   0.50 sec =    1.0487 Mbps     0 retrans
[2024-11-04T15:05:59.474232-0600]     0.1875 MB /   0.50 sec =    3.1426 Mbps     0 retrans
[2024-11-04T15:05:59.973998-0600]     0.5000 MB /   0.50 sec =    8.3976 Mbps     0 retrans
[2024-11-04T15:06:00.473633-0600]     0.1875 MB /   0.50 sec =    3.1458 Mbps     0 retrans
[2024-11-04T15:06:00.973637-0600]     0.2500 MB /   0.50 sec =    4.1941 Mbps     0 retrans
[2024-11-04T15:06:01.473460-0600]     0.1875 MB /   0.50 sec =    3.1464 Mbps     0 retrans
[2024-11-04T15:06:01.973615-0600]     0.3125 MB /   0.50 sec =    5.2422 Mbps     0 retrans
[2024-11-04T15:06:02.473703-0600]     0.1250 MB /   0.50 sec =    2.0973 Mbps     0 retrans
[2024-11-04T15:06:02.973701-0600]     0.0000 MB /   0.50 sec =    0.0000 Mbps     0 retrans
[2024-11-04T15:06:03.474007-0600]     0.0000 MB /   0.50 sec =    0.0000 Mbps     0 retrans
[2024-11-04T15:06:03.973499-0600]     0.0000 MB /   0.50 sec =    0.0000 Mbps     0 retrans
[2024-11-04T15:06:04.473443-0600]     0.3125 MB /   0.50 sec =    5.2432 Mbps     0 retrans
[2024-11-04T15:06:04.974038-0600]     0.2500 MB /   0.50 sec =    4.1905 Mbps     0 retrans
[2024-11-04T15:06:05.473609-0600]     0.3750 MB /   0.50 sec =    6.2964 Mbps     0 retrans
End time: 1730754366018
