Start time: 1730754376344
[2024-11-04T15:06:17.884556-0600] nuttcp-t: v8.1.4: socket
[2024-11-04T15:06:17.885707-0600] nuttcp-t: buflen=65536, nstream=1, port=5101 tcp -> 54.176.53.206
[2024-11-04T15:06:17.885826-0600] nuttcp-t: time limit = 120.00 seconds
[2024-11-04T15:06:17.885912-0600] nuttcp-t: connect to 54.176.53.206 with mss=1376, RTT=99.726 ms af=inet
[2024-11-04T15:06:17.885993-0600] nuttcp-t: send window size = 524288, receive window size = 4194304
[2024-11-04T15:06:17.886072-0600] nuttcp-t: available send window = 393216, available receive window = 3145728
[2024-11-04T15:06:17.886148-0600] nuttcp-t: initial congestion window = 13 KB (10 packets)
[2024-11-04T15:06:17.886227-0600] nuttcp-r: v6.1.2: socket
[2024-11-04T15:06:17.886302-0600] nuttcp-r: buflen=65536, nstream=1, port=5101 tcp
[2024-11-04T15:06:17.886391-0600] nuttcp-r: interval reporting every 0.50 seconds
[2024-11-04T15:06:17.886466-0600] nuttcp-r: accept from 174.234.160.40
[2024-11-04T15:06:17.886541-0600] nuttcp-r: send window size = 450000000, receive window size = 450000000
[2024-11-04T15:06:17.886613-0600] nuttcp-r: available send window = 225000000, available receive window = 225000000
[2024-11-04T15:06:17.886687-0600]     0.0625 MB /   0.50 sec =    1.0485 Mbps     0 retrans    205 KB-cwnd
[2024-11-04T15:06:21.614731-0600]     0.1250 MB /   0.50 sec =    2.0971 Mbps   157 retrans    266 KB-cwnd
[2024-11-04T15:06:21.614912-0600]     0.1250 MB /   0.50 sec =    2.0972 Mbps     0 retrans    266 KB-cwnd
[2024-11-04T15:06:21.614943-0600]     0.0625 MB /   0.50 sec =    1.0486 Mbps     0 retrans    266 KB-cwnd
[2024-11-04T15:06:21.614973-0600]     0.0625 MB /   0.50 sec =    1.0486 Mbps     0 retrans    266 KB-cwnd
[2024-11-04T15:06:21.615016-0600]     0.0625 MB /   0.50 sec =    1.0485 Mbps     0 retrans    266 KB-cwnd
[2024-11-04T15:06:21.615041-0600]     0.0000 MB /   0.50 sec =    0.0000 Mbps     0 retrans    266 KB-cwnd
[2024-11-04T15:06:21.615064-0600]     0.0000 MB /   0.50 sec =    0.0000 Mbps     0 retrans    266 KB-cwnd
[2024-11-04T15:06:21.615087-0600]     0.0625 MB /   0.50 sec =    1.0485 Mbps     0 retrans    266 KB-cwnd
[2024-11-04T15:06:22.186292-0600]     0.2500 MB /   0.50 sec =    4.1945 Mbps     0 retrans    463 KB-cwnd
[2024-11-04T15:06:23.150127-0600]     0.3125 MB /   0.50 sec =    5.2429 Mbps     0 retrans    499 KB-cwnd
[2024-11-04T15:06:23.150466-0600]     0.2500 MB /   0.50 sec =    4.1944 Mbps     0 retrans    499 KB-cwnd
[2024-11-04T15:06:23.946909-0600]     0.1250 MB /   0.50 sec =    2.0967 Mbps     0 retrans    522 KB-cwnd
[2024-11-04T15:06:24.803499-0600]     0.2500 MB /   0.50 sec =    4.1951 Mbps     0 retrans    537 KB-cwnd
[2024-11-04T15:06:24.803915-0600]     0.2500 MB /   0.50 sec =    4.1940 Mbps     0 retrans    537 KB-cwnd
[2024-11-04T15:06:25.726977-0600]     0.1875 MB /   0.50 sec =    3.1459 Mbps     0 retrans    545 KB-cwnd
[2024-11-04T15:06:25.727455-0600]     0.1875 MB /   0.50 sec =    3.1457 Mbps     0 retrans    545 KB-cwnd
[2024-11-04T15:06:26.446399-0600]     0.2500 MB /   0.50 sec =    4.1943 Mbps     0 retrans    545 KB-cwnd
[2024-11-04T15:06:27.254895-0600]     0.2500 MB /   0.50 sec =    4.1943 Mbps     0 retrans    545 KB-cwnd
[2024-11-04T15:06:27.260761-0600]     0.2500 MB /   0.50 sec =    4.1943 Mbps     0 retrans    545 KB-cwnd
[2024-11-04T15:06:27.910228-0600]     0.2500 MB /   0.50 sec =    4.1943 Mbps     0 retrans    545 KB-cwnd
[2024-11-04T15:06:28.669669-0600]     0.2500 MB /   0.50 sec =    4.1943 Mbps     0 retrans    545 KB-cwnd
[2024-11-04T15:06:28.669851-0600]     0.1875 MB /   0.50 sec =    3.1456 Mbps     0 retrans    545 KB-cwnd
[2024-11-04T15:06:29.380180-0600]     0.1875 MB /   0.50 sec =    3.1458 Mbps     0 retrans    545 KB-cwnd
[2024-11-04T15:06:30.093252-0600]     0.3125 MB /   0.50 sec =    5.2426 Mbps     0 retrans    545 KB-cwnd
[2024-11-04T15:06:30.093668-0600]     0.2500 MB /   0.50 sec =    4.1945 Mbps     0 retrans    545 KB-cwnd
[2024-11-04T15:06:31.185529-0600]     0.2500 MB /   0.50 sec =    4.1943 Mbps     0 retrans    545 KB-cwnd
[2024-11-04T15:06:31.185672-0600]     0.1875 MB /   0.50 sec =    3.1456 Mbps     0 retrans    545 KB-cwnd
[2024-11-04T15:06:32.769455-0600]     0.0625 MB /   0.50 sec =    1.0486 Mbps    14 retrans    435 KB-cwnd
[2024-11-04T15:06:32.769809-0600]     0.1875 MB /   0.50 sec =    3.1457 Mbps     0 retrans    435 KB-cwnd
[2024-11-04T15:06:32.769919-0600]     0.0000 MB /   0.50 sec =    0.0000 Mbps     0 retrans    435 KB-cwnd
[2024-11-04T15:06:33.588073-0600]     0.6250 MB /   0.50 sec =   10.4886 Mbps     0 retrans    458 KB-cwnd
[2024-11-04T15:06:33.588324-0600]     0.3125 MB /   0.50 sec =    5.2428 Mbps     0 retrans    458 KB-cwnd
[2024-11-04T15:06:34.129941-0600]     0.3125 MB /   0.50 sec =    5.2429 Mbps     0 retrans    468 KB-cwnd
[2024-11-04T15:06:34.660359-0600]     0.3750 MB /   0.50 sec =    6.2914 Mbps     0 retrans    475 KB-cwnd
[2024-11-04T15:06:35.296255-0600]     0.3125 MB /   0.50 sec =    5.2430 Mbps     0 retrans    479 KB-cwnd
[2024-11-04T15:06:35.841316-0600]     0.3125 MB /   0.50 sec =    5.2428 Mbps     0 retrans    481 KB-cwnd
[2024-11-04T15:06:36.338678-0600]     0.3125 MB /   0.50 sec =    5.2430 Mbps     0 retrans    481 KB-cwnd
[2024-11-04T15:06:37.022782-0600]     0.3750 MB /   0.50 sec =    6.2912 Mbps     0 retrans    481 KB-cwnd
[2024-11-04T15:06:37.022955-0600]     0.2500 MB /   0.50 sec =    4.1938 Mbps     0 retrans    481 KB-cwnd
[2024-11-04T15:06:37.942577-0600]     0.1875 MB /   0.50 sec =    3.1463 Mbps     0 retrans    482 KB-cwnd
[2024-11-04T15:06:39.293049-0600]     0.2500 MB /   0.50 sec =    4.1943 Mbps     0 retrans    482 KB-cwnd
[2024-11-04T15:06:39.293443-0600]     0.1875 MB /   0.50 sec =    3.1457 Mbps     0 retrans    482 KB-cwnd
[2024-11-04T15:06:39.293551-0600]     0.1250 MB /   0.50 sec =    2.0972 Mbps     0 retrans    482 KB-cwnd
[2024-11-04T15:06:41.227717-0600]     0.0625 MB /   0.50 sec =    1.0485 Mbps   117 retrans    385 KB-cwnd
[2024-11-04T15:06:41.228166-0600]     0.0000 MB /   0.50 sec =    0.0000 Mbps     0 retrans    385 KB-cwnd
[2024-11-04T15:06:41.228283-0600]     0.0000 MB /   0.50 sec =    0.0000 Mbps     0 retrans    385 KB-cwnd
[2024-11-04T15:06:41.228370-0600]     0.1250 MB /   0.50 sec =    2.0975 Mbps     0 retrans    385 KB-cwnd
[2024-11-04T15:06:44.145763-0600]     0.4375 MB /   0.50 sec =    7.3399 Mbps   150 retrans    283 KB-cwnd
[2024-11-04T15:06:44.145919-0600]     0.0625 MB /   0.50 sec =    1.0485 Mbps     0 retrans    283 KB-cwnd
[2024-11-04T15:06:44.145947-0600]     0.0000 MB /   0.50 sec =    0.0000 Mbps     0 retrans    283 KB-cwnd
[2024-11-04T15:06:44.145970-0600]     0.0000 MB /   0.50 sec =    0.0000 Mbps     0 retrans    283 KB-cwnd
[2024-11-04T15:06:44.145992-0600]     0.0000 MB /   0.50 sec =    0.0000 Mbps     0 retrans    283 KB-cwnd
[2024-11-04T15:06:44.146017-0600]     0.0625 MB /   0.50 sec =    1.0486 Mbps     0 retrans    283 KB-cwnd
[2024-11-04T15:06:45.195891-0600]     0.2500 MB /   0.50 sec =    4.1938 Mbps     0 retrans    322 KB-cwnd
[2024-11-04T15:06:45.196233-0600]     0.1875 MB /   0.50 sec =    3.1462 Mbps     0 retrans    322 KB-cwnd
[2024-11-04T15:06:46.861035-0600]     0.0625 MB /   0.50 sec =    1.0486 Mbps     0 retrans    334 KB-cwnd
[2024-11-04T15:06:46.861192-0600]     0.1250 MB /   0.50 sec =    2.0972 Mbps     0 retrans    334 KB-cwnd
[2024-11-04T15:06:46.861234-0600]     0.1250 MB /   0.50 sec =    2.0972 Mbps     0 retrans    334 KB-cwnd
[2024-11-04T15:06:49.183090-0600]     0.1250 MB /   0.50 sec =    2.0971 Mbps   115 retrans    267 KB-cwnd
[2024-11-04T15:06:49.183528-0600]     0.0000 MB /   0.50 sec =    0.0000 Mbps     0 retrans    267 KB-cwnd
[2024-11-04T15:06:49.183636-0600]     0.0000 MB /   0.50 sec =    0.0000 Mbps     0 retrans    267 KB-cwnd
[2024-11-04T15:06:49.183719-0600]     0.0000 MB /   0.50 sec =    0.0000 Mbps     0 retrans    267 KB-cwnd
[2024-11-04T15:06:49.183797-0600]     0.1875 MB /   0.50 sec =    3.1459 Mbps     0 retrans    267 KB-cwnd
[2024-11-04T15:06:51.461014-0600]     0.1875 MB /   0.50 sec =    3.1457 Mbps    90 retrans    215 KB-cwnd
[2024-11-04T15:06:51.461494-0600]     0.0000 MB /   0.50 sec =    0.0000 Mbps     0 retrans    215 KB-cwnd
[2024-11-04T15:06:51.461650-0600]     0.0000 MB /   0.50 sec =    0.0000 Mbps     0 retrans    215 KB-cwnd
[2024-11-04T15:06:51.461743-0600]     0.0000 MB /   0.50 sec =    0.0000 Mbps     0 retrans    215 KB-cwnd
[2024-11-04T15:06:53.366531-0600]     0.3125 MB /   0.50 sec =    5.2429 Mbps     0 retrans    229 KB-cwnd
[2024-11-04T15:06:53.366839-0600]     0.0625 MB /   0.50 sec =    1.0486 Mbps     0 retrans    229 KB-cwnd
[2024-11-04T15:06:53.366906-0600]     0.1250 MB /   0.50 sec =    2.0972 Mbps     0 retrans    229 KB-cwnd
[2024-11-04T15:06:53.366963-0600]     0.1250 MB /   0.50 sec =    2.0971 Mbps     0 retrans    229 KB-cwnd
[2024-11-04T15:06:57.014525-0600]     0.0625 MB /   0.50 sec =    1.0486 Mbps   160 retrans     86 KB-cwnd
[2024-11-04T15:06:57.014764-0600]     0.0625 MB /   0.50 sec =    1.0486 Mbps     0 retrans     86 KB-cwnd
[2024-11-04T15:06:57.014812-0600]     0.0000 MB /   0.50 sec =    0.0000 Mbps     0 retrans     86 KB-cwnd
[2024-11-04T15:06:57.014847-0600]     0.0000 MB /   0.50 sec =    0.0000 Mbps     0 retrans     86 KB-cwnd
[2024-11-04T15:06:57.014880-0600]     0.0000 MB /   0.50 sec =    0.0000 Mbps     0 retrans     86 KB-cwnd
[2024-11-04T15:06:57.014912-0600]     0.0000 MB /   0.50 sec =    0.0000 Mbps     0 retrans     86 KB-cwnd
[2024-11-04T15:06:57.014944-0600]     0.0625 MB /   0.50 sec =    1.0486 Mbps     0 retrans     86 KB-cwnd
[2024-11-04T15:06:57.014978-0600]     0.1250 MB /   0.50 sec =    2.0968 Mbps     0 retrans     86 KB-cwnd
[2024-11-04T15:06:57.918118-0600]     0.3125 MB /   0.50 sec =    5.2437 Mbps     0 retrans    197 KB-cwnd
[2024-11-04T15:06:58.270693-0600]     0.4375 MB /   0.50 sec =    7.3401 Mbps     0 retrans    198 KB-cwnd
[2024-11-04T15:06:58.682868-0600]     0.5000 MB /   0.50 sec =    8.3887 Mbps     0 retrans    200 KB-cwnd
[2024-11-04T15:06:59.156701-0600]     0.5625 MB /   0.50 sec =    9.4371 Mbps     0 retrans    201 KB-cwnd
[2024-11-04T15:06:59.544089-0600]     0.4375 MB /   0.50 sec =    7.3399 Mbps     0 retrans    202 KB-cwnd
[2024-11-04T15:07:00.415947-0600]     0.6250 MB /   0.50 sec =   10.4859 Mbps     0 retrans    205 KB-cwnd
[2024-11-04T15:07:00.874113-0600]     0.4375 MB /   0.50 sec =    7.3398 Mbps     0 retrans    206 KB-cwnd
[2024-11-04T15:07:01.310625-0600]     0.4375 MB /   0.50 sec =    7.3403 Mbps     0 retrans    206 KB-cwnd
[2024-11-04T15:07:01.806440-0600]     0.5000 MB /   0.50 sec =    8.3884 Mbps     0 retrans    208 KB-cwnd
[2024-11-04T15:07:02.519189-0600]     0.4375 MB /   0.50 sec =    7.3401 Mbps     0 retrans    209 KB-cwnd
[2024-11-04T15:07:02.519517-0600]     0.3125 MB /   0.50 sec =    5.2428 Mbps     0 retrans    209 KB-cwnd
[2024-11-04T15:07:03.230717-0600]     0.3750 MB /   0.50 sec =    6.2916 Mbps     0 retrans    210 KB-cwnd
[2024-11-04T15:07:03.937955-0600]     0.3125 MB /   0.50 sec =    5.2429 Mbps     0 retrans    221 KB-cwnd
[2024-11-04T15:07:04.435822-0600]     0.3125 MB /   0.50 sec =    5.2427 Mbps     0 retrans    249 KB-cwnd
[2024-11-04T15:07:05.033738-0600]     0.3750 MB /   0.50 sec =    6.2915 Mbps     0 retrans    306 KB-cwnd
[2024-11-04T15:07:05.033918-0600]     0.3125 MB /   0.50 sec =    5.2426 Mbps     0 retrans    306 KB-cwnd
[2024-11-04T15:07:05.795693-0600]     0.3750 MB /   0.50 sec =    6.2920 Mbps     0 retrans    370 KB-cwnd
[2024-11-04T15:07:06.797933-0600]     0.2500 MB /   0.50 sec =    4.1943 Mbps     0 retrans    439 KB-cwnd
[2024-11-04T15:07:06.798119-0600]     0.3125 MB /   0.50 sec =    5.2428 Mbps     0 retrans    439 KB-cwnd
[2024-11-04T15:07:07.798205-0600]     0.2500 MB /   0.50 sec =    4.1944 Mbps     0 retrans    505 KB-cwnd
[2024-11-04T15:07:07.798590-0600]     0.3750 MB /   0.50 sec =    6.2914 Mbps     0 retrans    505 KB-cwnd
[2024-11-04T15:07:08.879254-0600]     0.3125 MB /   0.50 sec =    5.2429 Mbps     0 retrans    572 KB-cwnd
[2024-11-04T15:07:08.879696-0600]     0.3125 MB /   0.50 sec =    5.2429 Mbps     0 retrans    572 KB-cwnd
[2024-11-04T15:07:09.978427-0600]     0.4375 MB /   0.50 sec =    7.3398 Mbps     0 retrans    638 KB-cwnd
[2024-11-04T15:07:09.978759-0600]     0.4375 MB /   0.50 sec =    7.3402 Mbps     0 retrans    638 KB-cwnd
[2024-11-04T15:07:09.978862-0600]     0.3125 MB /   0.50 sec =    5.2429 Mbps     0 retrans    638 KB-cwnd
[2024-11-04T15:07:11.299160-0600]     0.4375 MB /   0.50 sec =    7.3400 Mbps     0 retrans    667 KB-cwnd
[2024-11-04T15:07:11.299490-0600]     0.4375 MB /   0.50 sec =    7.3400 Mbps     0 retrans    667 KB-cwnd
[2024-11-04T15:07:12.336597-0600]     0.5625 MB /   0.50 sec =    9.4373 Mbps     0 retrans    717 KB-cwnd
[2024-11-04T15:07:12.337084-0600]     0.5000 MB /   0.50 sec =    8.3884 Mbps     0 retrans    717 KB-cwnd
[2024-11-04T15:07:14.389823-0600]     0.5625 MB /   0.50 sec =    9.4373 Mbps     0 retrans    717 KB-cwnd
[2024-11-04T15:07:14.389985-0600]     0.3750 MB /   0.50 sec =    6.2914 Mbps     0 retrans    717 KB-cwnd
[2024-11-04T15:07:14.390018-0600]     0.3750 MB /   0.50 sec =    6.2916 Mbps     0 retrans    717 KB-cwnd
[2024-11-04T15:07:14.390043-0600]     0.3750 MB /   0.50 sec =    6.2912 Mbps     0 retrans    717 KB-cwnd
[2024-11-04T15:07:16.414064-0600]     0.3125 MB /   0.50 sec =    5.2429 Mbps     0 retrans    717 KB-cwnd
[2024-11-04T15:07:16.414264-0600]     0.3125 MB /   0.50 sec =    5.2430 Mbps     0 retrans    717 KB-cwnd
[2024-11-04T15:07:16.414308-0600]     0.3750 MB /   0.50 sec =    6.2914 Mbps     0 retrans    717 KB-cwnd
[2024-11-04T15:07:16.414339-0600]     0.3750 MB /   0.50 sec =    6.2912 Mbps     0 retrans    717 KB-cwnd
[2024-11-04T15:07:17.545976-0600]     0.4375 MB /   0.50 sec =    7.3404 Mbps     0 retrans    780 KB-cwnd
[2024-11-04T15:07:17.546362-0600]     0.5625 MB /   0.50 sec =    9.4371 Mbps     0 retrans    780 KB-cwnd
[2024-11-04T15:07:17.546468-0600]     0.5625 MB /   0.50 sec =    9.4370 Mbps     0 retrans    780 KB-cwnd
[2024-11-04T15:07:18.831057-0600]     0.5000 MB /   0.50 sec =    8.3887 Mbps     0 retrans    791 KB-cwnd
[2024-11-04T15:07:18.831448-0600]     0.6875 MB /   0.50 sec =   11.5345 Mbps     0 retrans    791 KB-cwnd
[2024-11-04T15:07:21.373696-0600]     0.5625 MB /   0.50 sec =    9.4372 Mbps     0 retrans    791 KB-cwnd
[2024-11-04T15:07:21.374022-0600]     0.4375 MB /   0.50 sec =    7.3398 Mbps     0 retrans    791 KB-cwnd
[2024-11-04T15:07:21.374126-0600]     0.3125 MB /   0.50 sec =    5.2430 Mbps     0 retrans    791 KB-cwnd
[2024-11-04T15:07:21.374210-0600]     0.2500 MB /   0.50 sec =    4.1941 Mbps     0 retrans    791 KB-cwnd
[2024-11-04T15:07:21.374290-0600]     0.3125 MB /   0.50 sec =    5.2427 Mbps     0 retrans    791 KB-cwnd
[2024-11-04T15:07:23.852184-0600]     0.3125 MB /   0.50 sec =    5.2432 Mbps     0 retrans    791 KB-cwnd
[2024-11-04T15:07:23.852355-0600]     0.2500 MB /   0.50 sec =    4.1944 Mbps     0 retrans    791 KB-cwnd
[2024-11-04T15:07:23.852405-0600]     0.3125 MB /   0.50 sec =    5.2428 Mbps     0 retrans    791 KB-cwnd
[2024-11-04T15:07:23.852453-0600]     0.4375 MB /   0.50 sec =    7.3402 Mbps     0 retrans    791 KB-cwnd
[2024-11-04T15:07:23.852495-0600]     0.3750 MB /   0.50 sec =    6.2914 Mbps     0 retrans    791 KB-cwnd
[2024-11-04T15:07:28.124511-0600]     0.2500 MB /   0.50 sec =    4.1944 Mbps     1 retrans    642 KB-cwnd
[2024-11-04T15:07:28.125005-0600]     0.1875 MB /   0.50 sec =    3.1457 Mbps     0 retrans    642 KB-cwnd
[2024-11-04T15:07:28.125113-0600]     0.2500 MB /   0.50 sec =    4.1943 Mbps     0 retrans    642 KB-cwnd
[2024-11-04T15:07:28.125194-0600]     0.2500 MB /   0.50 sec =    4.1943 Mbps     0 retrans    642 KB-cwnd
[2024-11-04T15:07:28.125270-0600]     0.1250 MB /   0.50 sec =    2.0971 Mbps     0 retrans    642 KB-cwnd
[2024-11-04T15:07:28.125344-0600]     0.1875 MB /   0.50 sec =    3.1456 Mbps     0 retrans    642 KB-cwnd
[2024-11-04T15:07:28.125421-0600]     0.1250 MB /   0.50 sec =    2.0969 Mbps     0 retrans    642 KB-cwnd
[2024-11-04T15:07:28.125493-0600]     0.0000 MB /   0.50 sec =    0.0000 Mbps     0 retrans    642 KB-cwnd
[2024-11-04T15:07:28.125565-0600]     0.5000 MB /   0.50 sec =    8.3887 Mbps     0 retrans    642 KB-cwnd
[2024-11-04T15:07:28.941332-0600]     0.5625 MB /   0.50 sec =    9.4375 Mbps     0 retrans    749 KB-cwnd
[2024-11-04T15:07:29.575907-0600]     1.0000 MB /   0.50 sec =   16.7745 Mbps     0 retrans    782 KB-cwnd
[2024-11-04T15:07:29.576289-0600]     1.1875 MB /   0.50 sec =   19.9256 Mbps     0 retrans    782 KB-cwnd
[2024-11-04T15:07:30.151992-0600]     1.6250 MB /   0.50 sec =   27.2639 Mbps     0 retrans    784 KB-cwnd
[2024-11-04T15:07:30.767852-0600]     1.4375 MB /   0.50 sec =   24.1170 Mbps     0 retrans    787 KB-cwnd
[2024-11-04T15:07:31.432535-0600]     1.5000 MB /   0.50 sec =   25.1656 Mbps     0 retrans    790 KB-cwnd
[2024-11-04T15:07:32.034070-0600]     1.4375 MB /   0.50 sec =   24.1165 Mbps     0 retrans    794 KB-cwnd
[2024-11-04T15:07:32.034253-0600]     1.4375 MB /   0.50 sec =   24.1165 Mbps     0 retrans    794 KB-cwnd
[2024-11-04T15:07:32.543629-0600]     1.5000 MB /   0.50 sec =   25.1672 Mbps     0 retrans    806 KB-cwnd
[2024-11-04T15:07:33.050988-0600]     1.7500 MB /   0.50 sec =   29.3602 Mbps     0 retrans   1092 KB-cwnd
[2024-11-04T15:07:33.772041-0600]     1.3750 MB /   0.50 sec =   23.0689 Mbps     0 retrans   1273 KB-cwnd
[2024-11-04T15:07:34.576134-0600]     1.3750 MB /   0.50 sec =   23.0682 Mbps     0 retrans   1457 KB-cwnd
[2024-11-04T15:07:34.576321-0600]     1.6250 MB /   0.50 sec =   27.2634 Mbps     0 retrans   1457 KB-cwnd
[2024-11-04T15:07:35.533672-0600]     1.4375 MB /   0.50 sec =   24.1169 Mbps     0 retrans   1457 KB-cwnd
[2024-11-04T15:07:35.533849-0600]     1.4375 MB /   0.50 sec =   24.1177 Mbps     0 retrans   1457 KB-cwnd
[2024-11-04T15:07:36.533841-0600]     1.3750 MB /   0.50 sec =   23.0690 Mbps     0 retrans   1457 KB-cwnd
[2024-11-04T15:07:36.534102-0600]     1.2500 MB /   0.50 sec =   20.9712 Mbps     0 retrans   1457 KB-cwnd
[2024-11-04T15:07:37.664375-0600]     1.3750 MB /   0.50 sec =   23.0685 Mbps     0 retrans   1457 KB-cwnd
[2024-11-04T15:07:37.664614-0600]     1.1875 MB /   0.50 sec =   19.9228 Mbps     0 retrans   1457 KB-cwnd
[2024-11-04T15:07:39.280830-0600]     0.8750 MB /   0.50 sec =   14.6803 Mbps     0 retrans   1457 KB-cwnd
[2024-11-04T15:07:39.281463-0600]     0.7500 MB /   0.50 sec =   12.5830 Mbps     0 retrans   1457 KB-cwnd
[2024-11-04T15:07:39.281587-0600]     1.0000 MB /   0.50 sec =   16.7770 Mbps     0 retrans   1457 KB-cwnd
[2024-11-04T15:07:40.804222-0600]     0.6250 MB /   0.50 sec =   10.4858 Mbps     0 retrans   1457 KB-cwnd
[2024-11-04T15:07:40.804410-0600]     0.8125 MB /   0.50 sec =   13.6309 Mbps     0 retrans   1457 KB-cwnd
[2024-11-04T15:07:40.804459-0600]     0.9375 MB /   0.50 sec =   15.7292 Mbps     0 retrans   1457 KB-cwnd
[2024-11-04T15:07:41.752348-0600]     1.2500 MB /   0.50 sec =   20.9714 Mbps     0 retrans   1457 KB-cwnd
[2024-11-04T15:07:41.752697-0600]     1.5625 MB /   0.50 sec =   26.2149 Mbps     0 retrans   1457 KB-cwnd
[2024-11-04T15:07:43.454169-0600]     1.0625 MB /   0.50 sec =   17.8254 Mbps     0 retrans   1457 KB-cwnd
[2024-11-04T15:07:43.454613-0600]     0.7500 MB /   0.50 sec =   12.5830 Mbps     0 retrans   1457 KB-cwnd
[2024-11-04T15:07:43.454719-0600]     0.7500 MB /   0.50 sec =   12.5832 Mbps     0 retrans   1457 KB-cwnd
[2024-11-04T15:07:44.616155-0600]     0.8750 MB /   0.50 sec =   14.6797 Mbps     0 retrans   1457 KB-cwnd
[2024-11-04T15:07:44.616528-0600]     1.0000 MB /   0.50 sec =   16.7776 Mbps     0 retrans   1457 KB-cwnd
[2024-11-04T15:07:44.616648-0600]     1.3125 MB /   0.50 sec =   22.0198 Mbps     0 retrans   1457 KB-cwnd
[2024-11-04T15:07:45.846618-0600]     1.0625 MB /   0.50 sec =   17.8260 Mbps     0 retrans   1457 KB-cwnd
[2024-11-04T15:07:45.847001-0600]     0.9375 MB /   0.50 sec =   15.7282 Mbps     0 retrans   1457 KB-cwnd
[2024-11-04T15:07:47.060154-0600]     1.2500 MB /   0.50 sec =   20.9719 Mbps     0 retrans   1457 KB-cwnd
[2024-11-04T15:07:47.060567-0600]     1.0625 MB /   0.50 sec =   17.8260 Mbps     0 retrans   1457 KB-cwnd
[2024-11-04T15:07:47.060670-0600]     1.1250 MB /   0.50 sec =   18.8737 Mbps     0 retrans   1457 KB-cwnd
[2024-11-04T15:07:48.503953-0600]     0.9375 MB /   0.50 sec =   15.7288 Mbps     8 retrans   1166 KB-cwnd
[2024-11-04T15:07:48.504269-0600]     1.2500 MB /   0.50 sec =   20.9714 Mbps     0 retrans   1166 KB-cwnd
[2024-11-04T15:07:48.504325-0600]     0.1250 MB /   0.50 sec =    2.0971 Mbps     0 retrans   1166 KB-cwnd
[2024-11-04T15:07:50.045816-0600]     2.0625 MB /   0.50 sec =   34.6047 Mbps     2 retrans   1173 KB-cwnd
[2024-11-04T15:07:50.046168-0600]     1.0000 MB /   0.50 sec =   16.7774 Mbps     0 retrans   1173 KB-cwnd
[2024-11-04T15:07:50.046278-0600]     0.6250 MB /   0.50 sec =   10.4850 Mbps     0 retrans   1173 KB-cwnd
[2024-11-04T15:07:51.092930-0600]     0.7500 MB /   0.50 sec =   12.5815 Mbps     2 retrans   1130 KB-cwnd
[2024-11-04T15:07:51.093095-0600]     2.1250 MB /   0.50 sec =   35.6574 Mbps     0 retrans   1130 KB-cwnd
[2024-11-04T15:07:52.084050-0600]     1.4375 MB /   0.50 sec =   24.1156 Mbps     0 retrans   1162 KB-cwnd
[2024-11-04T15:07:52.084372-0600]     1.2500 MB /   0.50 sec =   20.9729 Mbps     0 retrans   1162 KB-cwnd
[2024-11-04T15:07:52.933507-0600]     1.3750 MB /   0.50 sec =   23.0686 Mbps     0 retrans   1167 KB-cwnd
[2024-11-04T15:07:53.913741-0600]     1.8125 MB /   0.50 sec =   30.4088 Mbps     0 retrans   1170 KB-cwnd
[2024-11-04T15:07:53.913893-0600]     1.2500 MB /   0.50 sec =   20.9719 Mbps     0 retrans   1170 KB-cwnd
[2024-11-04T15:07:55.362682-0600]     1.5000 MB /   0.50 sec =   25.1659 Mbps     0 retrans   1170 KB-cwnd
[2024-11-04T15:07:55.363156-0600]     0.8750 MB /   0.50 sec =   14.6792 Mbps     0 retrans   1170 KB-cwnd
[2024-11-04T15:07:55.363271-0600]     0.9375 MB /   0.50 sec =   15.7297 Mbps     0 retrans   1170 KB-cwnd
[2024-11-04T15:07:56.388095-0600]     0.9375 MB /   0.50 sec =   15.7282 Mbps     0 retrans   1170 KB-cwnd
[2024-11-04T15:07:56.388255-0600]     1.3750 MB /   0.50 sec =   23.0691 Mbps     0 retrans   1170 KB-cwnd
[2024-11-04T15:07:57.336301-0600]     1.4375 MB /   0.50 sec =   24.1169 Mbps     0 retrans   1170 KB-cwnd
[2024-11-04T15:07:57.336651-0600]     1.4375 MB /   0.50 sec =   24.1177 Mbps     0 retrans   1170 KB-cwnd
[2024-11-04T15:07:58.262294-0600]     1.3125 MB /   0.50 sec =   22.0194 Mbps     0 retrans   1170 KB-cwnd
[2024-11-04T15:07:58.262659-0600]     1.4375 MB /   0.50 sec =   24.1177 Mbps     0 retrans   1170 KB-cwnd
[2024-11-04T15:08:01.124589-0600]     1.5625 MB /   0.50 sec =   26.2148 Mbps   317 retrans    962 KB-cwnd
[2024-11-04T15:08:01.124771-0600]     1.2500 MB /   0.50 sec =   20.9701 Mbps     0 retrans    962 KB-cwnd
[2024-11-04T15:08:01.124804-0600]     0.0000 MB /   0.50 sec =    0.0000 Mbps     0 retrans    962 KB-cwnd
[2024-11-04T15:08:01.124829-0600]     0.0000 MB /   0.50 sec =    0.0000 Mbps     0 retrans    962 KB-cwnd
[2024-11-04T15:08:01.124898-0600]     0.0000 MB /   0.50 sec =    0.0000 Mbps     0 retrans    962 KB-cwnd
[2024-11-04T15:08:01.124924-0600]     0.4375 MB /   0.50 sec =    7.3403 Mbps     0 retrans    962 KB-cwnd
[2024-11-04T15:08:02.064391-0600]     1.4375 MB /   0.50 sec =   24.1174 Mbps     0 retrans   1033 KB-cwnd
[2024-11-04T15:08:02.064622-0600]     1.3125 MB /   0.50 sec =   22.0200 Mbps     0 retrans   1033 KB-cwnd
[2024-11-04T15:08:02.894632-0600]     1.4375 MB /   0.50 sec =   24.1172 Mbps     0 retrans   1033 KB-cwnd
[2024-11-04T15:08:03.651133-0600]     1.7500 MB /   0.50 sec =   29.3604 Mbps     0 retrans   1044 KB-cwnd
[2024-11-04T15:08:03.651511-0600]     1.8750 MB /   0.50 sec =   31.4568 Mbps     0 retrans   1044 KB-cwnd
[2024-11-04T15:08:04.480130-0600]     1.6875 MB /   0.50 sec =   28.3119 Mbps     0 retrans   1044 KB-cwnd
[2024-11-04T15:08:04.480590-0600]     1.4375 MB /   0.50 sec =   24.1169 Mbps     0 retrans   1044 KB-cwnd
[2024-11-04T15:08:05.848174-0600]     1.4375 MB /   0.50 sec =   24.1172 Mbps     0 retrans   1044 KB-cwnd
[2024-11-04T15:08:05.848321-0600]     0.8750 MB /   0.50 sec =   14.6798 Mbps     0 retrans   1044 KB-cwnd
[2024-11-04T15:08:07.412153-0600]     0.6250 MB /   0.50 sec =   10.4862 Mbps     0 retrans   1044 KB-cwnd
[2024-11-04T15:08:07.412347-0600]     0.6250 MB /   0.50 sec =   10.4857 Mbps     0 retrans   1044 KB-cwnd
[2024-11-04T15:08:07.412415-0600]     1.0000 MB /   0.50 sec =   16.7769 Mbps     0 retrans   1044 KB-cwnd
[2024-11-04T15:08:08.864627-0600]     1.0000 MB /   0.50 sec =   16.7766 Mbps     0 retrans   1044 KB-cwnd
[2024-11-04T15:08:08.865049-0600]     1.1875 MB /   0.50 sec =   19.9236 Mbps     0 retrans   1044 KB-cwnd
[2024-11-04T15:08:08.865171-0600]     0.8125 MB /   0.50 sec =   13.6319 Mbps     0 retrans   1044 KB-cwnd
[2024-11-04T15:08:09.801387-0600]     0.6875 MB /   0.50 sec =   11.5340 Mbps     0 retrans   1045 KB-cwnd
[2024-11-04T15:08:09.801772-0600]     1.3750 MB /   0.50 sec =   23.0695 Mbps     0 retrans   1045 KB-cwnd
[2024-11-04T15:08:11.211421-0600]     1.3750 MB /   0.50 sec =   23.0669 Mbps     0 retrans   1048 KB-cwnd
[2024-11-04T15:08:11.211808-0600]     1.5625 MB /   0.50 sec =   26.2158 Mbps     0 retrans   1048 KB-cwnd
[2024-11-04T15:08:11.211917-0600]     0.6875 MB /   0.50 sec =   11.5343 Mbps     0 retrans   1048 KB-cwnd
[2024-11-04T15:08:16.876421-0600]     0.2500 MB /   0.50 sec =    4.1943 Mbps   369 retrans    213 KB-cwnd
[2024-11-04T15:08:16.876774-0600]     0.3125 MB /   0.50 sec =    5.2426 Mbps     0 retrans    213 KB-cwnd
[2024-11-04T15:08:16.876811-0600]     0.0625 MB /   0.50 sec =    1.0486 Mbps     0 retrans    213 KB-cwnd
[2024-11-04T15:08:16.876897-0600]     0.0000 MB /   0.50 sec =    0.0000 Mbps     0 retrans    213 KB-cwnd
[2024-11-04T15:08:16.876931-0600]     0.0000 MB /   0.50 sec =    0.0000 Mbps     0 retrans    213 KB-cwnd
[2024-11-04T15:08:16.876955-0600]     0.0625 MB /   0.50 sec =    1.0486 Mbps     0 retrans    213 KB-cwnd
[2024-11-04T15:08:16.876977-0600]     0.1250 MB /   0.50 sec =    2.0968 Mbps     0 retrans    213 KB-cwnd
[2024-11-04T15:08:16.877000-0600]     0.0000 MB /   0.50 sec =    0.0000 Mbps     0 retrans    213 KB-cwnd
[2024-11-04T15:08:16.877023-0600]     0.0000 MB /   0.50 sec =    0.0000 Mbps     0 retrans    213 KB-cwnd
[2024-11-04T15:08:16.877048-0600]     0.0000 MB /   0.50 sec =    0.0000 Mbps     0 retrans    213 KB-cwnd
[2024-11-04T15:08:16.877070-0600]     0.0625 MB /   0.50 sec =    1.0486 Mbps     0 retrans    213 KB-cwnd
[2024-11-04T15:08:16.976485-0600]     0.3125 MB /   0.50 sec =    5.2430 Mbps     0 retrans    206 KB-cwnd
End time: 1730754497431
