Start time: 1730527516760
[2024-11-01T23:05:17.540481-0700] nuttcp-r: v8.1.4: socket
[2024-11-01T23:05:17.540908-0700] nuttcp-r: buflen=65536, nstream=1, port=5102 tcp
[2024-11-01T23:05:17.540942-0700] nuttcp-r: interval reporting every 0.50 seconds
[2024-11-01T23:05:17.540968-0700] nuttcp-r: connect to 54.176.53.206 with RTT=36.967 ms af=inet
[2024-11-01T23:05:17.540993-0700] nuttcp-r: send window size = 2097152, receive window size = 6291456
[2024-11-01T23:05:17.541018-0700] nuttcp-r: available send window = 1572864, available receive window = 4718592
[2024-11-01T23:05:17.541042-0700]     2.7500 MB /   0.50 sec =   46.1359 Mbps     0 retrans
[2024-11-01T23:05:18.040770-0700]     4.8125 MB /   0.50 sec =   80.7271 Mbps     0 retrans
[2024-11-01T23:05:18.540653-0700]    10.6250 MB /   0.50 sec =  178.2576 Mbps     0 retrans
[2024-11-01T23:05:19.041254-0700]    14.3750 MB /   0.50 sec =  241.0327 Mbps     0 retrans
[2024-11-01T23:05:19.540454-0700]    20.4375 MB /   0.50 sec =  343.1335 Mbps     0 retrans
[2024-11-01T23:05:20.041031-0700]    25.3750 MB /   0.50 sec =  425.3144 Mbps     0 retrans
[2024-11-01T23:05:20.540476-0700]    29.2500 MB /   0.50 sec =  491.1943 Mbps     0 retrans
[2024-11-01T23:05:21.040589-0700]    33.5000 MB /   0.50 sec =  562.0109 Mbps     0 retrans
[2024-11-01T23:05:21.540651-0700]    41.0000 MB /   0.50 sec =  687.9250 Mbps     0 retrans
[2024-11-01T23:05:22.040660-0700]    48.6875 MB /   0.50 sec =  816.7933 Mbps     0 retrans
[2024-11-01T23:05:22.540661-0700]    45.6250 MB /   0.50 sec =  765.2600 Mbps     0 retrans
[2024-11-01T23:05:23.040591-0700]    34.3750 MB /   0.50 sec =  576.8033 Mbps     0 retrans
[2024-11-01T23:05:23.540536-0700]    39.0625 MB /   0.50 sec =  655.4269 Mbps     0 retrans
[2024-11-01T23:05:24.040572-0700]    37.6875 MB /   0.50 sec =  632.2711 Mbps     0 retrans
[2024-11-01T23:05:24.540574-0700]    32.1250 MB /   0.50 sec =  538.9745 Mbps     0 retrans
[2024-11-01T23:05:25.040468-0700]    37.1250 MB /   0.50 sec =  622.8953 Mbps     0 retrans
[2024-11-01T23:05:25.540690-0700]    18.6875 MB /   0.50 sec =  313.4308 Mbps     0 retrans
[2024-11-01T23:05:26.040520-0700]    32.8125 MB /   0.50 sec =  550.6445 Mbps     0 retrans
[2024-11-01T23:05:26.540531-0700]    29.7500 MB /   0.50 sec =  499.1372 Mbps     0 retrans
[2024-11-01T23:05:27.040563-0700]    20.4375 MB /   0.50 sec =  342.8652 Mbps     0 retrans
[2024-11-01T23:05:27.540665-0700]     6.2500 MB /   0.50 sec =  104.8371 Mbps     0 retrans
[2024-11-01T23:05:28.040721-0700]    16.4375 MB /   0.50 sec =  275.7816 Mbps     0 retrans
[2024-11-01T23:05:28.540667-0700]     8.3125 MB /   0.50 sec =  139.4567 Mbps     0 retrans
[2024-11-01T23:05:29.040488-0700]     2.2500 MB /   0.50 sec =   37.7570 Mbps     0 retrans
[2024-11-01T23:05:29.540525-0700]     3.7500 MB /   0.50 sec =   62.9100 Mbps     0 retrans
[2024-11-01T23:05:30.040566-0700]    13.2500 MB /   0.50 sec =  222.3137 Mbps     0 retrans
[2024-11-01T23:05:30.540453-0700]     7.4375 MB /   0.50 sec =  124.7883 Mbps     0 retrans
[2024-11-01T23:05:31.040670-0700]    10.0000 MB /   0.50 sec =  167.7359 Mbps     0 retrans
[2024-11-01T23:05:31.540711-0700]     1.0000 MB /   0.50 sec =   16.7758 Mbps     0 retrans
[2024-11-01T23:05:32.040628-0700]     0.0000 MB /   0.50 sec =    0.0000 Mbps     0 retrans
[2024-11-01T23:05:32.540738-0700]     0.0625 MB /   0.50 sec =    1.0484 Mbps     0 retrans
[2024-11-01T23:05:33.040871-0700]     0.0000 MB /   0.50 sec =    0.0000 Mbps     0 retrans
[2024-11-01T23:05:33.540552-0700]     0.1250 MB /   0.50 sec =    2.0976 Mbps     0 retrans
[2024-11-01T23:05:34.040641-0700]     2.1250 MB /   0.50 sec =   35.6471 Mbps     0 retrans
[2024-11-01T23:05:34.540489-0700]     2.0000 MB /   0.50 sec =   33.5599 Mbps     0 retrans
[2024-11-01T23:05:35.040624-0700]     4.2500 MB /   0.50 sec =   71.2912 Mbps     0 retrans
[2024-11-01T23:05:35.540540-0700]     4.8125 MB /   0.50 sec =   80.7538 Mbps     0 retrans
[2024-11-01T23:05:36.040571-0700]     5.0625 MB /   0.50 sec =   84.9333 Mbps     0 retrans
[2024-11-01T23:05:36.540582-0700]     5.6250 MB /   0.50 sec =   94.3707 Mbps     0 retrans
[2024-11-01T23:05:37.040703-0700]     7.6250 MB /   0.50 sec =  127.9293 Mbps     0 retrans
[2024-11-01T23:05:37.540642-0700]     8.8125 MB /   0.50 sec =  147.8285 Mbps     0 retrans
[2024-11-01T23:05:38.040571-0700]     9.0000 MB /   0.50 sec =  151.0043 Mbps     0 retrans
[2024-11-01T23:05:38.540581-0700]    12.0625 MB /   0.50 sec =  202.3829 Mbps     0 retrans
[2024-11-01T23:05:39.040623-0700]     7.3125 MB /   0.50 sec =  122.6672 Mbps     0 retrans
[2024-11-01T23:05:39.540533-0700]    13.1250 MB /   0.50 sec =  220.2428 Mbps     0 retrans
[2024-11-01T23:05:40.040550-0700]    12.1875 MB /   0.50 sec =  204.4670 Mbps     0 retrans
[2024-11-01T23:05:40.540613-0700]    14.7500 MB /   0.50 sec =  247.4278 Mbps     0 retrans
[2024-11-01T23:05:41.040611-0700]     0.0000 MB /   0.50 sec =    0.0000 Mbps     0 retrans
[2024-11-01T23:05:41.540727-0700]     0.0000 MB /   0.50 sec =    0.0000 Mbps     0 retrans
[2024-11-01T23:05:42.040509-0700]     0.0000 MB /   0.50 sec =    0.0000 Mbps     0 retrans
[2024-11-01T23:05:42.540532-0700]     4.8125 MB /   0.50 sec =   80.7336 Mbps     0 retrans
[2024-11-01T23:05:43.040560-0700]     0.6250 MB /   0.50 sec =   10.4864 Mbps     0 retrans
[2024-11-01T23:05:43.540542-0700]     1.3125 MB /   0.50 sec =   22.0212 Mbps     0 retrans
[2024-11-01T23:05:44.040511-0700]     2.8125 MB /   0.50 sec =   47.1863 Mbps     0 retrans
[2024-11-01T23:05:44.540459-0700]     2.6875 MB /   0.50 sec =   45.0904 Mbps     0 retrans
[2024-11-01T23:05:45.040582-0700]     2.6875 MB /   0.50 sec =   45.0858 Mbps     0 retrans
[2024-11-01T23:05:45.540540-0700]     0.6250 MB /   0.50 sec =   10.4860 Mbps     0 retrans
[2024-11-01T23:05:46.040542-0700]     2.8750 MB /   0.50 sec =   48.2339 Mbps     0 retrans
[2024-11-01T23:05:46.540542-0700]     3.5000 MB /   0.50 sec =   58.7203 Mbps     0 retrans
[2024-11-01T23:05:47.040607-0700]     4.2500 MB /   0.50 sec =   71.3007 Mbps     0 retrans
[2024-11-01T23:05:47.540539-0700]     4.1250 MB /   0.50 sec =   69.2085 Mbps     0 retrans
[2024-11-01T23:05:48.040568-0700]     5.3125 MB /   0.50 sec =   89.1270 Mbps     0 retrans
[2024-11-01T23:05:48.540550-0700]     6.1875 MB /   0.50 sec =  103.8101 Mbps     0 retrans
[2024-11-01T23:05:49.040599-0700]     7.2500 MB /   0.50 sec =  121.6314 Mbps     0 retrans
[2024-11-01T23:05:49.540553-0700]     7.8125 MB /   0.50 sec =  131.0765 Mbps     0 retrans
[2024-11-01T23:05:50.040511-0700]     7.8125 MB /   0.50 sec =  131.0738 Mbps     0 retrans
[2024-11-01T23:05:50.540547-0700]     8.1250 MB /   0.50 sec =  136.3127 Mbps     0 retrans
[2024-11-01T23:05:51.040650-0700]     8.4375 MB /   0.50 sec =  141.5459 Mbps     0 retrans
[2024-11-01T23:05:51.540545-0700]     4.1875 MB /   0.50 sec =   70.2604 Mbps     0 retrans
[2024-11-01T23:05:52.040671-0700]     8.0000 MB /   0.50 sec =  134.1869 Mbps     0 retrans
[2024-11-01T23:05:52.540671-0700]     0.0000 MB /   0.50 sec =    0.0000 Mbps     0 retrans
[2024-11-01T23:05:53.040657-0700]     0.0000 MB /   0.50 sec =    0.0000 Mbps     0 retrans
[2024-11-01T23:05:53.540536-0700]    10.7500 MB /   0.50 sec =  180.3818 Mbps     0 retrans
[2024-11-01T23:05:54.040599-0700]    10.8125 MB /   0.50 sec =  181.3946 Mbps     0 retrans
[2024-11-01T23:05:54.540518-0700]    11.3125 MB /   0.50 sec =  189.8101 Mbps     0 retrans
[2024-11-01T23:05:55.040652-0700]    12.0000 MB /   0.50 sec =  201.2791 Mbps     0 retrans
[2024-11-01T23:05:55.540534-0700]    11.1250 MB /   0.50 sec =  186.6652 Mbps     0 retrans
[2024-11-01T23:05:56.040588-0700]    10.1875 MB /   0.50 sec =  170.9268 Mbps     0 retrans
[2024-11-01T23:05:56.540557-0700]     7.6875 MB /   0.50 sec =  128.9741 Mbps     0 retrans
[2024-11-01T23:05:57.040580-0700]     8.9375 MB /   0.50 sec =  149.9485 Mbps     0 retrans
[2024-11-01T23:05:57.540540-0700]     4.2500 MB /   0.50 sec =   71.3047 Mbps     0 retrans
[2024-11-01T23:05:58.040579-0700]    10.8125 MB /   0.50 sec =  181.4000 Mbps     0 retrans
[2024-11-01T23:05:58.540546-0700]     9.3750 MB /   0.50 sec =  157.2892 Mbps     0 retrans
[2024-11-01T23:05:59.040701-0700]     5.1250 MB /   0.50 sec =   85.9611 Mbps     0 retrans
[2024-11-01T23:05:59.540768-0700]     8.5000 MB /   0.50 sec =  142.6414 Mbps     0 retrans
[2024-11-01T23:06:00.040446-0700]     6.8125 MB /   0.50 sec =  114.3044 Mbps     0 retrans
[2024-11-01T23:06:00.540714-0700]     7.5625 MB /   0.50 sec =  126.8361 Mbps     0 retrans
[2024-11-01T23:06:01.040699-0700]     0.0000 MB /   0.50 sec =    0.0000 Mbps     0 retrans
[2024-11-01T23:06:01.540612-0700]     0.1250 MB /   0.50 sec =    2.0975 Mbps     0 retrans
[2024-11-01T23:06:02.040545-0700]     3.5000 MB /   0.50 sec =   58.7220 Mbps     0 retrans
[2024-11-01T23:06:02.540595-0700]     2.3750 MB /   0.50 sec =   39.8426 Mbps     0 retrans
[2024-11-01T23:06:03.040597-0700]     7.6250 MB /   0.50 sec =  127.9365 Mbps     0 retrans
[2024-11-01T23:06:03.540673-0700]     9.4375 MB /   0.50 sec =  158.3350 Mbps     0 retrans
[2024-11-01T23:06:04.040578-0700]    10.7500 MB /   0.50 sec =  180.3551 Mbps     0 retrans
[2024-11-01T23:06:04.540459-0700]    13.8125 MB /   0.50 sec =  231.7571 Mbps     0 retrans
[2024-11-01T23:06:05.040572-0700]    17.6875 MB /   0.50 sec =  296.7215 Mbps     0 retrans
[2024-11-01T23:06:05.540596-0700]    20.0625 MB /   0.50 sec =  336.5875 Mbps     0 retrans
[2024-11-01T23:06:06.040764-0700]    19.8750 MB /   0.50 sec =  333.3498 Mbps     0 retrans
[2024-11-01T23:06:06.540596-0700]     5.4375 MB /   0.50 sec =   91.2444 Mbps     0 retrans
[2024-11-01T23:06:07.040811-0700]     0.0000 MB /   0.50 sec =    0.0000 Mbps     0 retrans
[2024-11-01T23:06:07.540681-0700]     0.0000 MB /   0.50 sec =    0.0000 Mbps     0 retrans
[2024-11-01T23:06:08.040909-0700]     3.4375 MB /   0.50 sec =   57.6710 Mbps     0 retrans
[2024-11-01T23:06:08.540557-0700]    10.6875 MB /   0.50 sec =  179.3470 Mbps     0 retrans
[2024-11-01T23:06:09.040494-0700]    15.8125 MB /   0.50 sec =  265.2998 Mbps     0 retrans
[2024-11-01T23:06:09.540493-0700]    14.8750 MB /   0.50 sec =  249.5721 Mbps     0 retrans
[2024-11-01T23:06:10.040515-0700]    15.0625 MB /   0.50 sec =  252.7048 Mbps     0 retrans
[2024-11-01T23:06:10.540561-0700]    15.9375 MB /   0.50 sec =  267.3634 Mbps     0 retrans
[2024-11-01T23:06:11.040560-0700]    16.1250 MB /   0.50 sec =  270.5434 Mbps     0 retrans
[2024-11-01T23:06:11.540523-0700]    12.4375 MB /   0.50 sec =  208.6725 Mbps     0 retrans
[2024-11-01T23:06:12.040576-0700]    19.5625 MB /   0.50 sec =  328.1853 Mbps     0 retrans
[2024-11-01T23:06:12.540553-0700]    19.5000 MB /   0.50 sec =  327.1655 Mbps     0 retrans
[2024-11-01T23:06:13.040708-0700]    16.3750 MB /   0.50 sec =  274.6896 Mbps     0 retrans
[2024-11-01T23:06:13.540546-0700]    12.7500 MB /   0.50 sec =  213.9352 Mbps     0 retrans
[2024-11-01T23:06:14.040556-0700]    11.6875 MB /   0.50 sec =  196.0806 Mbps     0 retrans
[2024-11-01T23:06:14.540484-0700]    16.1875 MB /   0.50 sec =  271.6013 Mbps     0 retrans
[2024-11-01T23:06:15.040535-0700]    16.0000 MB /   0.50 sec =  268.4258 Mbps     0 retrans
[2024-11-01T23:06:15.540565-0700]    16.8125 MB /   0.50 sec =  282.0545 Mbps     0 retrans
[2024-11-01T23:06:16.040554-0700]    15.8125 MB /   0.50 sec =  265.2956 Mbps     0 retrans
[2024-11-01T23:06:16.540576-0700]    10.6250 MB /   0.50 sec =  178.2540 Mbps     0 retrans
[2024-11-01T23:06:17.040537-0700]    10.6875 MB /   0.50 sec =  179.3162 Mbps     0 retrans
[2024-11-01T23:06:17.540475-0700]    18.3125 MB /   0.50 sec =  307.2463 Mbps     0 retrans
[2024-11-01T23:06:18.040503-0700]    20.9375 MB /   0.50 sec =  351.2701 Mbps     0 retrans
[2024-11-01T23:06:18.540560-0700]     5.6250 MB /   0.50 sec =   94.3600 Mbps     0 retrans
[2024-11-01T23:06:19.040562-0700]    20.0625 MB /   0.50 sec =  336.6097 Mbps     0 retrans
[2024-11-01T23:06:19.540552-0700]    13.2500 MB /   0.50 sec =  222.2972 Mbps     0 retrans
[2024-11-01T23:06:20.040787-0700]    19.6250 MB /   0.50 sec =  329.2028 Mbps     0 retrans
[2024-11-01T23:06:20.540526-0700]    20.6875 MB /   0.50 sec =  347.1467 Mbps     0 retrans
[2024-11-01T23:06:21.040622-0700]    18.5000 MB /   0.50 sec =  310.3270 Mbps     0 retrans
[2024-11-01T23:06:21.540441-0700]    16.1875 MB /   0.50 sec =  271.6426 Mbps     0 retrans
[2024-11-01T23:06:22.040557-0700]    14.6250 MB /   0.50 sec =  245.3476 Mbps     0 retrans
[2024-11-01T23:06:22.540536-0700]    14.1875 MB /   0.50 sec =  238.0306 Mbps     0 retrans
[2024-11-01T23:06:23.040524-0700]    14.8125 MB /   0.50 sec =  248.5130 Mbps     0 retrans
[2024-11-01T23:06:23.540525-0700]    17.7500 MB /   0.50 sec =  297.8009 Mbps     0 retrans
[2024-11-01T23:06:24.040552-0700]    15.3125 MB /   0.50 sec =  256.8862 Mbps     0 retrans
[2024-11-01T23:06:24.540543-0700]    14.5000 MB /   0.50 sec =  243.2813 Mbps     0 retrans
[2024-11-01T23:06:25.040469-0700]    15.1875 MB /   0.50 sec =  254.8116 Mbps     0 retrans
[2024-11-01T23:06:25.540653-0700]     5.0625 MB /   0.50 sec =   84.9139 Mbps     0 retrans
[2024-11-01T23:06:26.040498-0700]     0.0000 MB /   0.50 sec =    0.0000 Mbps     0 retrans
[2024-11-01T23:06:26.540675-0700]    13.3125 MB /   0.50 sec =  223.3471 Mbps     0 retrans
[2024-11-01T23:06:27.040551-0700]    20.8125 MB /   0.50 sec =  349.1744 Mbps     0 retrans
[2024-11-01T23:06:27.540635-0700]    23.0625 MB /   0.50 sec =  386.8812 Mbps     0 retrans
[2024-11-01T23:06:28.040596-0700]    25.7500 MB /   0.50 sec =  432.0418 Mbps     0 retrans
[2024-11-01T23:06:28.540540-0700]    24.3750 MB /   0.50 sec =  408.9716 Mbps     0 retrans
[2024-11-01T23:06:29.040645-0700]    22.3125 MB /   0.50 sec =  374.3057 Mbps     0 retrans
[2024-11-01T23:06:29.540524-0700]    22.6250 MB /   0.50 sec =  379.6210 Mbps     0 retrans
[2024-11-01T23:06:30.040598-0700]    21.0625 MB /   0.50 sec =  353.3348 Mbps     0 retrans
[2024-11-01T23:06:30.540446-0700]    23.5000 MB /   0.50 sec =  394.3221 Mbps     0 retrans
[2024-11-01T23:06:31.040570-0700]    22.6250 MB /   0.50 sec =  379.5382 Mbps     0 retrans
[2024-11-01T23:06:31.540622-0700]    25.1875 MB /   0.50 sec =  422.5330 Mbps     0 retrans
[2024-11-01T23:06:32.040566-0700]    24.8125 MB /   0.50 sec =  416.3255 Mbps     0 retrans
[2024-11-01T23:06:32.540663-0700]    27.3125 MB /   0.50 sec =  458.2580 Mbps     0 retrans
[2024-11-01T23:06:33.040623-0700]    28.5000 MB /   0.50 sec =  478.0866 Mbps     0 retrans
[2024-11-01T23:06:33.540567-0700]    26.7500 MB /   0.50 sec =  448.8345 Mbps     0 retrans
[2024-11-01T23:06:34.040540-0700]    27.7500 MB /   0.50 sec =  465.5808 Mbps     0 retrans
[2024-11-01T23:06:34.540567-0700]    27.2500 MB /   0.50 sec =  457.1755 Mbps     0 retrans
[2024-11-01T23:06:35.040460-0700]    27.5625 MB /   0.50 sec =  462.4525 Mbps     0 retrans
[2024-11-01T23:06:35.540564-0700]    27.1250 MB /   0.50 sec =  455.0592 Mbps     0 retrans
[2024-11-01T23:06:36.040558-0700]    30.3750 MB /   0.50 sec =  509.5611 Mbps     0 retrans
[2024-11-01T23:06:36.540570-0700]    28.5625 MB /   0.50 sec =  479.2232 Mbps     0 retrans
[2024-11-01T23:06:37.040555-0700]    10.4375 MB /   0.50 sec =  175.1160 Mbps     0 retrans
[2024-11-01T23:06:37.540462-0700]    28.1875 MB /   0.50 sec =  472.9314 Mbps     0 retrans
[2024-11-01T23:06:38.040579-0700]    27.7500 MB /   0.50 sec =  465.5314 Mbps     0 retrans
[2024-11-01T23:06:38.540664-0700]    26.1875 MB /   0.50 sec =  439.3709 Mbps     0 retrans
[2024-11-01T23:06:39.040534-0700]    27.3125 MB /   0.50 sec =  458.2240 Mbps     0 retrans
[2024-11-01T23:06:39.540537-0700]    28.5625 MB /   0.50 sec =  479.2079 Mbps     0 retrans
[2024-11-01T23:06:40.040556-0700]    24.3125 MB /   0.50 sec =  407.8936 Mbps     0 retrans
[2024-11-01T23:06:40.540440-0700]    24.4375 MB /   0.50 sec =  410.0211 Mbps     0 retrans
[2024-11-01T23:06:41.040547-0700]    25.0000 MB /   0.50 sec =  419.4002 Mbps     0 retrans
[2024-11-01T23:06:41.540528-0700]    26.3125 MB /   0.50 sec =  441.4584 Mbps     0 retrans
[2024-11-01T23:06:42.040537-0700]    28.0625 MB /   0.50 sec =  470.7956 Mbps     0 retrans
[2024-11-01T23:06:42.540660-0700]    27.1250 MB /   0.50 sec =  455.0902 Mbps     0 retrans
[2024-11-01T23:06:43.040639-0700]    31.3125 MB /   0.50 sec =  525.2326 Mbps     0 retrans
[2024-11-01T23:06:43.540535-0700]    32.2500 MB /   0.50 sec =  541.1778 Mbps     0 retrans
[2024-11-01T23:06:44.040614-0700]    33.0000 MB /   0.50 sec =  553.5850 Mbps     0 retrans
[2024-11-01T23:06:44.540590-0700]    30.1250 MB /   0.50 sec =  505.4086 Mbps     0 retrans
[2024-11-01T23:06:45.040575-0700]    30.0000 MB /   0.50 sec =  503.3588 Mbps     0 retrans
[2024-11-01T23:06:45.540522-0700]    27.5625 MB /   0.50 sec =  462.4479 Mbps     0 retrans
[2024-11-01T23:06:46.040451-0700]    28.5625 MB /   0.50 sec =  479.2107 Mbps     0 retrans
[2024-11-01T23:06:46.540625-0700]    20.5625 MB /   0.50 sec =  344.9153 Mbps     0 retrans
[2024-11-01T23:06:47.040679-0700]     2.1250 MB /   0.50 sec =   35.6487 Mbps     0 retrans
[2024-11-01T23:06:47.540678-0700]     0.9375 MB /   0.50 sec =   15.7285 Mbps     0 retrans
[2024-11-01T23:06:48.040771-0700]    14.0625 MB /   0.50 sec =  235.8871 Mbps     0 retrans
[2024-11-01T23:06:48.540533-0700]    25.2500 MB /   0.50 sec =  423.8019 Mbps     0 retrans
[2024-11-01T23:06:49.040536-0700]    23.6250 MB /   0.50 sec =  396.3649 Mbps     0 retrans
[2024-11-01T23:06:49.540640-0700]    22.1875 MB /   0.50 sec =  372.2452 Mbps     0 retrans
[2024-11-01T23:06:50.040688-0700]     7.7500 MB /   0.50 sec =  129.9943 Mbps     0 retrans
[2024-11-01T23:06:50.540534-0700]     1.0625 MB /   0.50 sec =   17.8279 Mbps     0 retrans
[2024-11-01T23:06:51.040704-0700]    21.3750 MB /   0.50 sec =  358.5528 Mbps     0 retrans
[2024-11-01T23:06:51.540485-0700]    31.0000 MB /   0.50 sec =  520.2279 Mbps     0 retrans
[2024-11-01T23:06:52.040571-0700]    31.5625 MB /   0.50 sec =  529.5203 Mbps     0 retrans
[2024-11-01T23:06:52.540526-0700]    29.3750 MB /   0.50 sec =  492.8504 Mbps     0 retrans
[2024-11-01T23:06:53.040557-0700]    32.2500 MB /   0.50 sec =  541.0555 Mbps     0 retrans
[2024-11-01T23:06:53.540529-0700]    29.5000 MB /   0.50 sec =  494.9368 Mbps     0 retrans
[2024-11-01T23:06:54.040541-0700]    24.1875 MB /   0.50 sec =  405.7940 Mbps     0 retrans
[2024-11-01T23:06:54.540595-0700]    32.7500 MB /   0.50 sec =  549.3791 Mbps     0 retrans
[2024-11-01T23:06:55.040582-0700]    35.1875 MB /   0.50 sec =  590.4085 Mbps     0 retrans
[2024-11-01T23:06:55.540525-0700]    36.9375 MB /   0.50 sec =  619.7332 Mbps     0 retrans
[2024-11-01T23:06:56.040518-0700]    37.2500 MB /   0.50 sec =  624.9863 Mbps     0 retrans
[2024-11-01T23:06:56.540496-0700]    36.5625 MB /   0.50 sec =  613.4035 Mbps     0 retrans
[2024-11-01T23:06:57.040529-0700]    37.8750 MB /   0.50 sec =  635.4320 Mbps     0 retrans
[2024-11-01T23:06:57.540473-0700]    38.8750 MB /   0.50 sec =  652.2234 Mbps     0 retrans
[2024-11-01T23:06:58.040679-0700]    28.7500 MB /   0.50 sec =  482.2379 Mbps     0 retrans
[2024-11-01T23:06:58.540496-0700]    18.6875 MB /   0.50 sec =  313.5706 Mbps     0 retrans
[2024-11-01T23:06:59.040535-0700]    28.1250 MB /   0.50 sec =  471.8705 Mbps     0 retrans
[2024-11-01T23:06:59.540528-0700]    20.3750 MB /   0.50 sec =  341.8385 Mbps     0 retrans
[2024-11-01T23:07:00.040524-0700]    31.0625 MB /   0.50 sec =  521.1329 Mbps     0 retrans
[2024-11-01T23:07:00.540571-0700]    24.8125 MB /   0.50 sec =  416.2689 Mbps     0 retrans
[2024-11-01T23:07:01.040588-0700]    21.9375 MB /   0.50 sec =  368.0406 Mbps     0 retrans
[2024-11-01T23:07:01.540530-0700]    23.8750 MB /   0.50 sec =  400.6001 Mbps     0 retrans
[2024-11-01T23:07:02.040508-0700]    12.0000 MB /   0.50 sec =  201.3270 Mbps     0 retrans
[2024-11-01T23:07:02.540476-0700]     9.1875 MB /   0.50 sec =  154.1407 Mbps     0 retrans
[2024-11-01T23:07:03.040688-0700]     4.9375 MB /   0.50 sec =   82.8171 Mbps     0 retrans
[2024-11-01T23:07:03.540642-0700]    29.8750 MB /   0.50 sec =  501.2775 Mbps     0 retrans
[2024-11-01T23:07:04.040587-0700]    28.3750 MB /   0.50 sec =  476.0687 Mbps     0 retrans
[2024-11-01T23:07:04.540670-0700]    33.2500 MB /   0.50 sec =  557.7643 Mbps     0 retrans
[2024-11-01T23:07:05.040657-0700]    31.5625 MB /   0.50 sec =  529.6400 Mbps     0 retrans
[2024-11-01T23:07:05.540455-0700]    34.5625 MB /   0.50 sec =  579.8904 Mbps     0 retrans
[2024-11-01T23:07:06.040551-0700]    32.0625 MB /   0.50 sec =  537.8937 Mbps     0 retrans
[2024-11-01T23:07:06.540557-0700]    30.6875 MB /   0.50 sec =  514.8488 Mbps     0 retrans
[2024-11-01T23:07:07.040528-0700]    27.7500 MB /   0.50 sec =  465.5640 Mbps     0 retrans
[2024-11-01T23:07:07.540570-0700]    38.8750 MB /   0.50 sec =  652.1856 Mbps     0 retrans
[2024-11-01T23:07:08.040479-0700]    34.4375 MB /   0.50 sec =  577.8266 Mbps     0 retrans
[2024-11-01T23:07:08.540569-0700]    21.8750 MB /   0.50 sec =  366.9671 Mbps     0 retrans
[2024-11-01T23:07:09.040544-0700]    28.8750 MB /   0.50 sec =  484.4508 Mbps     0 retrans
[2024-11-01T23:07:09.540527-0700]    34.5000 MB /   0.50 sec =  578.8371 Mbps     0 retrans
[2024-11-01T23:07:10.040576-0700]    29.2500 MB /   0.50 sec =  490.6963 Mbps     0 retrans
[2024-11-01T23:07:10.540644-0700]    34.5000 MB /   0.50 sec =  578.8522 Mbps     0 retrans
[2024-11-01T23:07:11.040565-0700]    33.4375 MB /   0.50 sec =  560.9826 Mbps     0 retrans
[2024-11-01T23:07:11.540453-0700]    22.5000 MB /   0.50 sec =  377.5145 Mbps     0 retrans
[2024-11-01T23:07:12.040641-0700]    24.5000 MB /   0.50 sec =  411.0040 Mbps     0 retrans
[2024-11-01T23:07:12.540505-0700]    26.3125 MB /   0.50 sec =  441.4337 Mbps     0 retrans
[2024-11-01T23:07:13.040596-0700]    26.3125 MB /   0.50 sec =  441.4496 Mbps     0 retrans
[2024-11-01T23:07:13.540638-0700]    25.4375 MB /   0.50 sec =  426.7243 Mbps     0 retrans
[2024-11-01T23:07:14.040606-0700]    30.5000 MB /   0.50 sec =  511.7368 Mbps     0 retrans
[2024-11-01T23:07:14.540540-0700]    31.0000 MB /   0.50 sec =  520.1561 Mbps     0 retrans
[2024-11-01T23:07:15.040543-0700]    24.9375 MB /   0.50 sec =  418.3785 Mbps     0 retrans
[2024-11-01T23:07:15.540520-0700]    29.4375 MB /   0.50 sec =  493.8852 Mbps     0 retrans
[2024-11-01T23:07:16.040570-0700]    24.6250 MB /   0.50 sec =  413.1348 Mbps     0 retrans
[2024-11-01T23:07:16.540544-0700]    27.3125 MB /   0.50 sec =  458.2231 Mbps     0 retrans
[2024-11-01T23:07:17.040461-0700]    22.6875 MB /   0.50 sec =  380.6597 Mbps     0 retrans
[2024-11-01T23:07:17.540672-0700]    20.6875 MB /   0.50 sec =  347.0655 Mbps     0 retrans
End time: 1730527637880
