Start time: 1731001975721
[2024-11-07T12:52:56.591206-0500] nuttcp-r: v8.1.4: socket
[2024-11-07T12:52:56.592693-0500] nuttcp-r: buflen=65536, nstream=1, port=5103 tcp
[2024-11-07T12:52:56.592793-0500] nuttcp-r: interval reporting every 0.50 seconds
[2024-11-07T12:52:56.592866-0500] nuttcp-r: connect to 54.197.223.49 with RTT=46.890 ms af=inet
[2024-11-07T12:52:56.592951-0500] nuttcp-r: send window size = 1048576, receive window size = 1048576
[2024-11-07T12:52:56.593039-0500] nuttcp-r: available send window = 786432, available receive window = 786432
[2024-11-07T12:52:56.593113-0500]     0.8125 MB /   0.50 sec =   13.6168 Mbps     0 retrans     14 KB-cwnd
[2024-11-07T12:52:57.090845-0500]     2.3750 MB /   0.50 sec =   39.8765 Mbps     0 retrans     14 KB-cwnd
[2024-11-07T12:52:57.590608-0500]     3.6875 MB /   0.50 sec =   61.8791 Mbps     0 retrans     14 KB-cwnd
[2024-11-07T12:52:58.090298-0500]     4.3750 MB /   0.50 sec =   73.3921 Mbps     0 retrans     14 KB-cwnd
[2024-11-07T12:52:58.590185-0500]     4.2500 MB /   0.50 sec =   71.3096 Mbps     0 retrans     14 KB-cwnd
[2024-11-07T12:52:59.090772-0500]     6.4375 MB /   0.50 sec =  107.9927 Mbps     0 retrans     14 KB-cwnd
[2024-11-07T12:52:59.590259-0500]     7.3750 MB /   0.50 sec =  123.7342 Mbps     0 retrans     14 KB-cwnd
[2024-11-07T12:53:00.090201-0500]     7.1250 MB /   0.50 sec =  119.5465 Mbps     0 retrans     14 KB-cwnd
[2024-11-07T12:53:00.590206-0500]     7.7500 MB /   0.50 sec =  130.0263 Mbps     0 retrans     14 KB-cwnd
[2024-11-07T12:53:01.090200-0500]     8.2500 MB /   0.50 sec =  138.4109 Mbps     0 retrans     14 KB-cwnd
[2024-11-07T12:53:01.590854-0500]     7.1250 MB /   0.50 sec =  119.4920 Mbps     0 retrans     14 KB-cwnd
[2024-11-07T12:53:02.090201-0500]     8.8125 MB /   0.50 sec =  147.9048 Mbps     0 retrans     14 KB-cwnd
[2024-11-07T12:53:02.590765-0500]     9.6250 MB /   0.50 sec =  161.4846 Mbps     0 retrans     14 KB-cwnd
[2024-11-07T12:53:03.090634-0500]     8.6875 MB /   0.50 sec =  145.6228 Mbps     0 retrans     14 KB-cwnd
[2024-11-07T12:53:03.590192-0500]     2.9375 MB /   0.50 sec =   49.3265 Mbps     0 retrans     14 KB-cwnd
[2024-11-07T12:53:04.090246-0500]     8.3750 MB /   0.50 sec =  140.5044 Mbps     0 retrans     14 KB-cwnd
[2024-11-07T12:53:04.590728-0500]    11.3750 MB /   0.50 sec =  190.6715 Mbps     0 retrans     14 KB-cwnd
[2024-11-07T12:53:05.090739-0500]    11.2500 MB /   0.50 sec =  188.9103 Mbps     0 retrans     14 KB-cwnd
[2024-11-07T12:53:05.590704-0500]    10.6250 MB /   0.50 sec =  178.2593 Mbps     0 retrans     14 KB-cwnd
[2024-11-07T12:53:06.090221-0500]     8.5000 MB /   0.50 sec =  142.6041 Mbps     0 retrans     14 KB-cwnd
[2024-11-07T12:53:06.590133-0500]     8.3750 MB /   0.50 sec =  140.5187 Mbps     0 retrans     14 KB-cwnd
[2024-11-07T12:53:07.090146-0500]    11.6250 MB /   0.50 sec =  195.0340 Mbps     0 retrans     14 KB-cwnd
[2024-11-07T12:53:07.590168-0500]     9.5625 MB /   0.50 sec =  160.4331 Mbps     0 retrans     14 KB-cwnd
[2024-11-07T12:53:08.090202-0500]    11.1250 MB /   0.50 sec =  186.6402 Mbps     0 retrans     15 KB-cwnd
[2024-11-07T12:53:08.591929-0500]     2.6875 MB /   0.50 sec =   44.9850 Mbps     0 retrans     15 KB-cwnd
[2024-11-07T12:53:09.090765-0500]    10.0625 MB /   0.50 sec =  169.2113 Mbps     0 retrans     15 KB-cwnd
[2024-11-07T12:53:09.590695-0500]     4.6250 MB /   0.50 sec =   77.5273 Mbps     0 retrans     18 KB-cwnd
[2024-11-07T12:53:10.090206-0500]     6.5000 MB /   0.50 sec =  109.1456 Mbps     0 retrans     18 KB-cwnd
[2024-11-07T12:53:10.590224-0500]    10.6875 MB /   0.50 sec =  179.3180 Mbps     0 retrans     28 KB-cwnd
[2024-11-07T12:53:11.090698-0500]    10.8125 MB /   0.50 sec =  181.3815 Mbps     0 retrans     28 KB-cwnd
[2024-11-07T12:53:11.590570-0500]     8.5625 MB /   0.50 sec =  143.5582 Mbps     0 retrans     28 KB-cwnd
[2024-11-07T12:53:12.090263-0500]     6.1250 MB /   0.50 sec =  102.8320 Mbps     0 retrans     28 KB-cwnd
[2024-11-07T12:53:12.590711-0500]     7.4375 MB /   0.50 sec =  124.7830 Mbps     0 retrans     28 KB-cwnd
[2024-11-07T12:53:13.090168-0500]     6.5000 MB /   0.50 sec =  109.0541 Mbps     0 retrans     28 KB-cwnd
[2024-11-07T12:53:13.590198-0500]     4.0000 MB /   0.50 sec =   67.1109 Mbps     0 retrans     28 KB-cwnd
[2024-11-07T12:53:14.090648-0500]     3.3125 MB /   0.50 sec =   55.5741 Mbps     0 retrans     28 KB-cwnd
[2024-11-07T12:53:14.590224-0500]     9.0000 MB /   0.50 sec =  150.9853 Mbps     0 retrans     28 KB-cwnd
[2024-11-07T12:53:15.090242-0500]     8.0000 MB /   0.50 sec =  134.2215 Mbps     0 retrans     28 KB-cwnd
[2024-11-07T12:53:15.590679-0500]     7.0625 MB /   0.50 sec =  118.3828 Mbps     0 retrans     28 KB-cwnd
[2024-11-07T12:53:16.090231-0500]    10.6250 MB /   0.50 sec =  178.4206 Mbps     0 retrans     28 KB-cwnd
[2024-11-07T12:53:16.590222-0500]     9.1250 MB /   0.50 sec =  153.0887 Mbps     0 retrans     28 KB-cwnd
[2024-11-07T12:53:17.090230-0500]     8.0000 MB /   0.50 sec =  134.2183 Mbps     0 retrans     28 KB-cwnd
[2024-11-07T12:53:17.590848-0500]     6.0625 MB /   0.50 sec =  101.6911 Mbps     0 retrans     28 KB-cwnd
[2024-11-07T12:53:18.090716-0500]     8.8750 MB /   0.50 sec =  148.9276 Mbps     0 retrans     28 KB-cwnd
[2024-11-07T12:53:18.592269-0500]     4.3750 MB /   0.50 sec =   73.1774 Mbps     0 retrans     28 KB-cwnd
[2024-11-07T12:53:19.090209-0500]     7.1250 MB /   0.50 sec =  119.9039 Mbps     0 retrans     28 KB-cwnd
[2024-11-07T12:53:19.591504-0500]     6.6875 MB /   0.50 sec =  111.9259 Mbps     0 retrans     28 KB-cwnd
[2024-11-07T12:53:20.090305-0500]     5.2500 MB /   0.50 sec =   88.2877 Mbps     0 retrans     28 KB-cwnd
[2024-11-07T12:53:20.592880-0500]     9.6250 MB /   0.50 sec =  160.8044 Mbps     0 retrans     28 KB-cwnd
[2024-11-07T12:53:21.090649-0500]     5.4375 MB /   0.50 sec =   91.5392 Mbps     0 retrans     28 KB-cwnd
[2024-11-07T12:53:21.590162-0500]     2.8750 MB /   0.50 sec =   48.2784 Mbps     0 retrans     28 KB-cwnd
[2024-11-07T12:53:22.090207-0500]     5.1875 MB /   0.50 sec =   87.0255 Mbps     0 retrans     28 KB-cwnd
[2024-11-07T12:53:22.590689-0500]    10.0000 MB /   0.50 sec =  167.6257 Mbps     0 retrans     31 KB-cwnd
[2024-11-07T12:53:23.090199-0500]     8.2500 MB /   0.50 sec =  138.5392 Mbps     0 retrans     31 KB-cwnd
[2024-11-07T12:53:23.590226-0500]     9.8125 MB /   0.50 sec =  164.6238 Mbps     0 retrans     42 KB-cwnd
[2024-11-07T12:53:24.090208-0500]    12.1250 MB /   0.50 sec =  203.4303 Mbps     0 retrans     42 KB-cwnd
[2024-11-07T12:53:24.590233-0500]     9.5000 MB /   0.50 sec =  159.3861 Mbps   552 retrans   3634 KB-cwnd
[2024-11-07T12:53:25.090863-0500]     9.8750 MB /   0.50 sec =  165.6611 Mbps     0 retrans   3634 KB-cwnd
[2024-11-07T12:53:25.590588-0500]     9.6875 MB /   0.50 sec =  162.5169 Mbps     0 retrans   3634 KB-cwnd
[2024-11-07T12:53:26.090317-0500]     4.6875 MB /   0.50 sec =   78.6426 Mbps     0 retrans   3634 KB-cwnd
[2024-11-07T12:53:26.590796-0500]     8.2500 MB /   0.50 sec =  138.4226 Mbps     0 retrans   3634 KB-cwnd
[2024-11-07T12:53:27.091099-0500]     6.6875 MB /   0.50 sec =  112.1064 Mbps     0 retrans   3634 KB-cwnd
[2024-11-07T12:53:27.590310-0500]     1.3125 MB /   0.50 sec =   22.0315 Mbps     0 retrans   3634 KB-cwnd
[2024-11-07T12:53:28.090529-0500]     3.2500 MB /   0.50 sec =   54.5176 Mbps     0 retrans   3634 KB-cwnd
[2024-11-07T12:53:28.591215-0500]     3.1875 MB /   0.50 sec =   53.4529 Mbps     0 retrans   3634 KB-cwnd
[2024-11-07T12:53:29.090213-0500]     2.2500 MB /   0.50 sec =   37.7849 Mbps     0 retrans   3634 KB-cwnd
[2024-11-07T12:53:29.590518-0500]     1.3750 MB /   0.50 sec =   23.0528 Mbps     0 retrans   3634 KB-cwnd
[2024-11-07T12:53:30.091603-0500]     4.2500 MB /   0.50 sec =   71.1607 Mbps     0 retrans   3591 KB-cwnd
[2024-11-07T12:53:30.590360-0500]     2.8750 MB /   0.50 sec =   48.3505 Mbps     0 retrans   3591 KB-cwnd
[2024-11-07T12:53:31.090198-0500]     1.3125 MB /   0.50 sec =   22.0267 Mbps     0 retrans   3591 KB-cwnd
[2024-11-07T12:53:31.591220-0500]     3.7500 MB /   0.50 sec =   62.8584 Mbps     0 retrans   3591 KB-cwnd
[2024-11-07T12:53:32.090639-0500]     3.5625 MB /   0.50 sec =   59.7709 Mbps     0 retrans   3591 KB-cwnd
[2024-11-07T12:53:32.590255-0500]     3.3125 MB /   0.50 sec =   55.6194 Mbps     0 retrans   3591 KB-cwnd
[2024-11-07T12:53:33.090221-0500]     0.9375 MB /   0.50 sec =   15.7292 Mbps     0 retrans   3591 KB-cwnd
[2024-11-07T12:53:33.590696-0500]     4.3750 MB /   0.50 sec =   73.4000 Mbps     0 retrans   3591 KB-cwnd
[2024-11-07T12:53:34.090156-0500]     3.6875 MB /   0.50 sec =   61.8688 Mbps     0 retrans   3591 KB-cwnd
[2024-11-07T12:53:34.590930-0500]     3.5000 MB /   0.50 sec =   58.6724 Mbps     0 retrans   3591 KB-cwnd
[2024-11-07T12:53:35.091711-0500]     3.1875 MB /   0.50 sec =   53.3610 Mbps     0 retrans   3591 KB-cwnd
[2024-11-07T12:53:35.590174-0500]     3.6250 MB /   0.50 sec =   60.9996 Mbps     0 retrans   3591 KB-cwnd
[2024-11-07T12:53:36.090157-0500]     3.5000 MB /   0.50 sec =   58.7223 Mbps     0 retrans   3591 KB-cwnd
[2024-11-07T12:53:36.590366-0500]     3.8750 MB /   0.50 sec =   64.9920 Mbps     0 retrans   3591 KB-cwnd
[2024-11-07T12:53:37.090186-0500]     4.1875 MB /   0.50 sec =   70.2737 Mbps     0 retrans   3591 KB-cwnd
[2024-11-07T12:53:37.590411-0500]     3.8750 MB /   0.50 sec =   64.9792 Mbps     0 retrans   3591 KB-cwnd
[2024-11-07T12:53:38.090203-0500]     0.6250 MB /   0.50 sec =   10.4905 Mbps     0 retrans   3591 KB-cwnd
[2024-11-07T12:53:38.590750-0500]     3.3750 MB /   0.50 sec =   56.5668 Mbps     0 retrans   3591 KB-cwnd
[2024-11-07T12:53:39.090313-0500]     3.8125 MB /   0.50 sec =   64.0219 Mbps     0 retrans   3591 KB-cwnd
[2024-11-07T12:53:39.590214-0500]     3.8125 MB /   0.50 sec =   63.9671 Mbps     0 retrans   3591 KB-cwnd
[2024-11-07T12:53:40.090235-0500]     4.0000 MB /   0.50 sec =   67.1058 Mbps     0 retrans   3591 KB-cwnd
[2024-11-07T12:53:40.590205-0500]     2.8125 MB /   0.50 sec =   47.1890 Mbps     0 retrans   3591 KB-cwnd
[2024-11-07T12:53:41.090177-0500]     3.1250 MB /   0.50 sec =   52.4316 Mbps     0 retrans   3598 KB-cwnd
[2024-11-07T12:53:41.590199-0500]     2.9375 MB /   0.50 sec =   49.2803 Mbps     0 retrans   3598 KB-cwnd
[2024-11-07T12:53:42.090688-0500]     2.1250 MB /   0.50 sec =   35.6500 Mbps     0 retrans   3598 KB-cwnd
[2024-11-07T12:53:42.590309-0500]     0.3125 MB /   0.50 sec =    5.2416 Mbps     0 retrans   3598 KB-cwnd
[2024-11-07T12:53:43.092065-0500]     0.3125 MB /   0.50 sec =    5.2282 Mbps     0 retrans   3598 KB-cwnd
[2024-11-07T12:53:43.591503-0500]     0.6875 MB /   0.50 sec =   11.5419 Mbps     0 retrans   3598 KB-cwnd
[2024-11-07T12:53:44.090186-0500]     0.8125 MB /   0.50 sec =   13.6655 Mbps  2101 retrans   3422 KB-cwnd
[2024-11-07T12:53:44.590176-0500]     0.6250 MB /   0.50 sec =   10.4859 Mbps     0 retrans   3422 KB-cwnd
[2024-11-07T12:53:45.090192-0500]     0.6875 MB /   0.50 sec =   11.5342 Mbps     0 retrans   3422 KB-cwnd
[2024-11-07T12:53:45.590166-0500]     0.7500 MB /   0.50 sec =   12.5834 Mbps     0 retrans   3422 KB-cwnd
[2024-11-07T12:53:46.090196-0500]     1.0000 MB /   0.50 sec =   16.7765 Mbps     0 retrans   3422 KB-cwnd
[2024-11-07T12:53:46.590213-0500]     1.1875 MB /   0.50 sec =   19.9228 Mbps     0 retrans   3422 KB-cwnd
[2024-11-07T12:53:47.090264-0500]     1.0625 MB /   0.50 sec =   17.8240 Mbps     0 retrans   3422 KB-cwnd
[2024-11-07T12:53:47.592143-0500]     0.8750 MB /   0.50 sec =   14.6327 Mbps     0 retrans   3422 KB-cwnd
[2024-11-07T12:53:48.090151-0500]     0.8125 MB /   0.50 sec =   13.6776 Mbps     0 retrans   3422 KB-cwnd
[2024-11-07T12:53:48.592092-0500]     1.2500 MB /   0.50 sec =   20.8966 Mbps     0 retrans   3422 KB-cwnd
[2024-11-07T12:53:49.090323-0500]     0.7500 MB /   0.50 sec =   12.6263 Mbps     0 retrans   3422 KB-cwnd
[2024-11-07T12:53:49.591018-0500]     1.5000 MB /   0.50 sec =   25.1581 Mbps     0 retrans   3422 KB-cwnd
[2024-11-07T12:53:50.090685-0500]     0.8125 MB /   0.50 sec =   13.6368 Mbps     0 retrans   3422 KB-cwnd
[2024-11-07T12:53:50.590190-0500]     1.1875 MB /   0.50 sec =   19.9242 Mbps     0 retrans   3422 KB-cwnd
[2024-11-07T12:53:51.090244-0500]     0.8125 MB /   0.50 sec =   13.6310 Mbps     0 retrans   3422 KB-cwnd
[2024-11-07T12:53:51.590698-0500]     1.2500 MB /   0.50 sec =   20.9708 Mbps     0 retrans   3422 KB-cwnd
[2024-11-07T12:53:52.090253-0500]     0.9375 MB /   0.50 sec =   15.7289 Mbps     0 retrans   3422 KB-cwnd
[2024-11-07T12:53:52.590266-0500]     1.1875 MB /   0.50 sec =   19.9238 Mbps     0 retrans   3422 KB-cwnd
[2024-11-07T12:53:53.090112-0500]     0.8750 MB /   0.50 sec =   14.6804 Mbps     0 retrans   3422 KB-cwnd
[2024-11-07T12:53:53.590696-0500]     0.8750 MB /   0.50 sec =   14.6653 Mbps     0 retrans   3422 KB-cwnd
[2024-11-07T12:53:54.090974-0500]     0.6875 MB /   0.50 sec =   11.5439 Mbps     0 retrans   3422 KB-cwnd
[2024-11-07T12:53:54.590675-0500]     0.8750 MB /   0.50 sec =   14.6687 Mbps     0 retrans   3422 KB-cwnd
[2024-11-07T12:53:55.090203-0500]     1.0000 MB /   0.50 sec =   16.7927 Mbps     0 retrans   3422 KB-cwnd
[2024-11-07T12:53:55.591113-0500]     0.3750 MB /   0.50 sec =    6.2807 Mbps     0 retrans   3422 KB-cwnd
[2024-11-07T12:53:56.090251-0500]     1.3750 MB /   0.50 sec =   23.1071 Mbps     0 retrans   3422 KB-cwnd
[2024-11-07T12:53:56.590243-0500]     1.5000 MB /   0.50 sec =   25.1663 Mbps     0 retrans   3422 KB-cwnd
[2024-11-07T12:53:57.090423-0500]     0.6250 MB /   0.50 sec =   10.4850 Mbps     0 retrans   3422 KB-cwnd
[2024-11-07T12:53:57.590651-0500]     0.0000 MB /   0.50 sec =    0.0000 Mbps     0 retrans   3422 KB-cwnd
[2024-11-07T12:53:58.090694-0500]     0.1250 MB /   0.50 sec =    2.0952 Mbps     0 retrans   3422 KB-cwnd
[2024-11-07T12:53:58.590180-0500]     1.3125 MB /   0.50 sec =   22.0409 Mbps     0 retrans   3422 KB-cwnd
[2024-11-07T12:53:59.090182-0500]     0.4375 MB /   0.50 sec =    7.3399 Mbps     0 retrans   3422 KB-cwnd
[2024-11-07T12:53:59.592326-0500]     1.0000 MB /   0.50 sec =   16.7312 Mbps     0 retrans   3422 KB-cwnd
[2024-11-07T12:54:00.090320-0500]     0.7500 MB /   0.50 sec =   12.6165 Mbps     0 retrans   3422 KB-cwnd
[2024-11-07T12:54:00.590400-0500]     0.1875 MB /   0.50 sec =    3.1454 Mbps     0 retrans   3422 KB-cwnd
[2024-11-07T12:54:01.090118-0500]     1.6875 MB /   0.50 sec =   28.3198 Mbps     0 retrans   3422 KB-cwnd
[2024-11-07T12:54:01.590227-0500]     1.0000 MB /   0.50 sec =   16.7754 Mbps     0 retrans   3422 KB-cwnd
[2024-11-07T12:54:02.090152-0500]     1.6250 MB /   0.50 sec =   27.2641 Mbps     0 retrans   3422 KB-cwnd
[2024-11-07T12:54:02.590172-0500]     1.6875 MB /   0.50 sec =   28.3126 Mbps     0 retrans   3422 KB-cwnd
[2024-11-07T12:54:03.090634-0500]     1.9375 MB /   0.50 sec =   32.4778 Mbps     0 retrans   3422 KB-cwnd
[2024-11-07T12:54:03.590669-0500]     2.2500 MB /   0.50 sec =   37.7483 Mbps     0 retrans   3422 KB-cwnd
[2024-11-07T12:54:04.090692-0500]     3.0000 MB /   0.50 sec =   50.3254 Mbps     0 retrans   3422 KB-cwnd
[2024-11-07T12:54:04.590132-0500]     3.0625 MB /   0.50 sec =   51.4307 Mbps     0 retrans   3422 KB-cwnd
[2024-11-07T12:54:05.090271-0500]     3.7500 MB /   0.50 sec =   62.9000 Mbps     0 retrans   3422 KB-cwnd
[2024-11-07T12:54:05.590726-0500]     4.1250 MB /   0.50 sec =   69.1878 Mbps     0 retrans   3422 KB-cwnd
[2024-11-07T12:54:06.090131-0500]     4.5000 MB /   0.50 sec =   75.5354 Mbps     0 retrans   1851 KB-cwnd
[2024-11-07T12:54:06.590398-0500]     4.5625 MB /   0.50 sec =   76.5460 Mbps     0 retrans   1851 KB-cwnd
[2024-11-07T12:54:07.090714-0500]     5.7500 MB /   0.50 sec =   96.4651 Mbps     1 retrans   1851 KB-cwnd
[2024-11-07T12:54:07.590278-0500]     5.6875 MB /   0.50 sec =   95.4042 Mbps  3868 retrans   1162 KB-cwnd
[2024-11-07T12:54:08.090161-0500]     3.4375 MB /   0.50 sec =   57.6814 Mbps     0 retrans   1162 KB-cwnd
[2024-11-07T12:54:08.590265-0500]     3.9375 MB /   0.50 sec =   66.0603 Mbps     0 retrans   1162 KB-cwnd
[2024-11-07T12:54:09.090576-0500]     5.6250 MB /   0.50 sec =   94.3713 Mbps     0 retrans   1162 KB-cwnd
[2024-11-07T12:54:09.591580-0500]     1.3125 MB /   0.50 sec =   21.9648 Mbps     0 retrans   1162 KB-cwnd
[2024-11-07T12:54:10.090729-0500]     6.1875 MB /   0.50 sec =  104.0629 Mbps     0 retrans   1162 KB-cwnd
[2024-11-07T12:54:10.590139-0500]     5.6250 MB /   0.50 sec =   94.3837 Mbps     0 retrans   1162 KB-cwnd
[2024-11-07T12:54:11.090183-0500]     6.0000 MB /   0.50 sec =  100.6597 Mbps     0 retrans   1162 KB-cwnd
[2024-11-07T12:54:11.591085-0500]     6.6250 MB /   0.50 sec =  111.0580 Mbps     0 retrans   1162 KB-cwnd
[2024-11-07T12:54:12.090181-0500]     4.2500 MB /   0.50 sec =   71.3623 Mbps     0 retrans   1162 KB-cwnd
[2024-11-07T12:54:12.590651-0500]     8.3125 MB /   0.50 sec =  139.4581 Mbps     0 retrans   1162 KB-cwnd
[2024-11-07T12:54:13.090200-0500]     7.3750 MB /   0.50 sec =  123.7325 Mbps     0 retrans   1162 KB-cwnd
[2024-11-07T12:54:13.590192-0500]     9.0000 MB /   0.50 sec =  151.0022 Mbps     0 retrans   1162 KB-cwnd
[2024-11-07T12:54:14.091916-0500]    10.8750 MB /   0.50 sec =  181.8815 Mbps  3380 retrans    240 KB-cwnd
[2024-11-07T12:54:14.590177-0500]    11.1250 MB /   0.50 sec =  187.2209 Mbps     0 retrans    240 KB-cwnd
[2024-11-07T12:54:15.090675-0500]    10.3750 MB /   0.50 sec =  174.0640 Mbps     0 retrans    240 KB-cwnd
[2024-11-07T12:54:15.590244-0500]    11.5000 MB /   0.50 sec =  192.9307 Mbps     0 retrans    240 KB-cwnd
[2024-11-07T12:54:16.090276-0500]    11.1875 MB /   0.50 sec =  187.7037 Mbps     0 retrans    240 KB-cwnd
[2024-11-07T12:54:16.590125-0500]    11.0625 MB /   0.50 sec =  185.6135 Mbps     0 retrans    240 KB-cwnd
[2024-11-07T12:54:17.090197-0500]    10.1250 MB /   0.50 sec =  169.8581 Mbps  1301 retrans   1829 KB-cwnd
[2024-11-07T12:54:17.590707-0500]    11.6250 MB /   0.50 sec =  195.0336 Mbps     0 retrans   1829 KB-cwnd
[2024-11-07T12:54:18.090121-0500]    10.5000 MB /   0.50 sec =  176.1622 Mbps     0 retrans   1829 KB-cwnd
[2024-11-07T12:54:18.590193-0500]    10.8125 MB /   0.50 sec =  181.4036 Mbps     0 retrans   1829 KB-cwnd
[2024-11-07T12:54:19.090337-0500]    10.7500 MB /   0.50 sec =  180.3237 Mbps     0 retrans   1829 KB-cwnd
[2024-11-07T12:54:19.590459-0500]    11.8750 MB /   0.50 sec =  199.2705 Mbps     0 retrans   1829 KB-cwnd
[2024-11-07T12:54:20.090250-0500]    11.7500 MB /   0.50 sec =  197.1224 Mbps  1722 retrans   2679 KB-cwnd
[2024-11-07T12:54:20.590172-0500]    11.0625 MB /   0.50 sec =  185.6050 Mbps     0 retrans   2720 KB-cwnd
[2024-11-07T12:54:21.090265-0500]    12.0625 MB /   0.50 sec =  202.3485 Mbps     0 retrans   2760 KB-cwnd
[2024-11-07T12:54:21.590903-0500]     9.2500 MB /   0.50 sec =  155.1917 Mbps     0 retrans   2760 KB-cwnd
[2024-11-07T12:54:22.091238-0500]    11.6875 MB /   0.50 sec =  195.8949 Mbps     0 retrans   2760 KB-cwnd
[2024-11-07T12:54:22.590601-0500]    12.1250 MB /   0.50 sec =  203.4762 Mbps     0 retrans   2760 KB-cwnd
[2024-11-07T12:54:23.090241-0500]    10.7500 MB /   0.50 sec =  180.4897 Mbps     0 retrans   2760 KB-cwnd
[2024-11-07T12:54:23.590232-0500]    11.3750 MB /   0.50 sec =  190.8412 Mbps   163 retrans   4598 KB-cwnd
[2024-11-07T12:54:24.090219-0500]    10.8750 MB /   0.50 sec =  182.4573 Mbps     2 retrans   1409 KB-cwnd
[2024-11-07T12:54:24.590346-0500]    12.1250 MB /   0.50 sec =  203.3729 Mbps     0 retrans   1409 KB-cwnd
[2024-11-07T12:54:25.090900-0500]    10.8125 MB /   0.50 sec =  181.4468 Mbps     0 retrans   1409 KB-cwnd
[2024-11-07T12:54:25.590268-0500]     8.6250 MB /   0.50 sec =  144.7058 Mbps     0 retrans   1409 KB-cwnd
[2024-11-07T12:54:26.090691-0500]    10.3750 MB /   0.50 sec =  174.0612 Mbps     0 retrans   1409 KB-cwnd
[2024-11-07T12:54:26.590209-0500]    12.4375 MB /   0.50 sec =  208.6725 Mbps    20 retrans   4243 KB-cwnd
[2024-11-07T12:54:27.090292-0500]     8.3750 MB /   0.50 sec =  140.4996 Mbps     0 retrans   4278 KB-cwnd
[2024-11-07T12:54:27.591473-0500]     0.0000 MB /   0.50 sec =    0.0000 Mbps     0 retrans   4278 KB-cwnd
[2024-11-07T12:54:28.090261-0500]     0.0000 MB /   0.50 sec =    0.0000 Mbps     0 retrans   4278 KB-cwnd
[2024-11-07T12:54:28.591510-0500]     0.0000 MB /   0.50 sec =    0.0000 Mbps     0 retrans   4278 KB-cwnd
[2024-11-07T12:54:29.090772-0500]     9.0625 MB /   0.50 sec =  152.4087 Mbps     0 retrans   4338 KB-cwnd
[2024-11-07T12:54:29.590655-0500]     8.5000 MB /   0.50 sec =  142.4767 Mbps     0 retrans   4338 KB-cwnd
[2024-11-07T12:54:30.090790-0500]     5.5000 MB /   0.50 sec =   92.3580 Mbps     0 retrans   4338 KB-cwnd
[2024-11-07T12:54:30.591580-0500]     7.5000 MB /   0.50 sec =  125.6108 Mbps     0 retrans   4338 KB-cwnd
[2024-11-07T12:54:31.090213-0500]     7.0000 MB /   0.50 sec =  117.6275 Mbps     0 retrans   4338 KB-cwnd
[2024-11-07T12:54:31.590353-0500]     1.7500 MB /   0.50 sec =   29.3671 Mbps     0 retrans   4338 KB-cwnd
[2024-11-07T12:54:32.090751-0500]     8.1875 MB /   0.50 sec =  137.3522 Mbps     0 retrans   4338 KB-cwnd
[2024-11-07T12:54:32.590697-0500]     9.6250 MB /   0.50 sec =  161.4901 Mbps     0 retrans   4338 KB-cwnd
[2024-11-07T12:54:33.090210-0500]     3.6250 MB /   0.50 sec =   60.8112 Mbps    19 retrans   4525 KB-cwnd
[2024-11-07T12:54:33.591396-0500]     6.8750 MB /   0.50 sec =  115.2127 Mbps     0 retrans   4525 KB-cwnd
[2024-11-07T12:54:34.090683-0500]     5.3125 MB /   0.50 sec =   89.1530 Mbps     0 retrans   4525 KB-cwnd
[2024-11-07T12:54:34.590398-0500]     2.6250 MB /   0.50 sec =   44.0709 Mbps     0 retrans   4525 KB-cwnd
[2024-11-07T12:54:35.090224-0500]     0.9375 MB /   0.50 sec =   15.7323 Mbps     0 retrans   4525 KB-cwnd
[2024-11-07T12:54:35.590571-0500]     1.6250 MB /   0.50 sec =   27.2451 Mbps     0 retrans   4525 KB-cwnd
[2024-11-07T12:54:36.090681-0500]     2.4375 MB /   0.50 sec =   40.9225 Mbps     0 retrans   4525 KB-cwnd
[2024-11-07T12:54:36.590220-0500]     6.1875 MB /   0.50 sec =  103.8032 Mbps     0 retrans   4525 KB-cwnd
[2024-11-07T12:54:37.090118-0500]     6.5000 MB /   0.50 sec =  109.0580 Mbps     0 retrans   4525 KB-cwnd
[2024-11-07T12:54:37.590681-0500]     5.2500 MB /   0.50 sec =   88.0029 Mbps     0 retrans   4525 KB-cwnd
[2024-11-07T12:54:38.090476-0500]     7.5625 MB /   0.50 sec =  126.9262 Mbps     0 retrans   4525 KB-cwnd
[2024-11-07T12:54:38.591164-0500]     7.5000 MB /   0.50 sec =  125.7703 Mbps     0 retrans   4525 KB-cwnd
[2024-11-07T12:54:39.090192-0500]     6.5625 MB /   0.50 sec =  110.2047 Mbps     0 retrans   4525 KB-cwnd
[2024-11-07T12:54:39.590204-0500]     3.8750 MB /   0.50 sec =   65.0087 Mbps     0 retrans   4525 KB-cwnd
[2024-11-07T12:54:40.090720-0500]     0.6875 MB /   0.50 sec =   11.5345 Mbps     0 retrans   4525 KB-cwnd
[2024-11-07T12:54:40.591574-0500]     2.1250 MB /   0.50 sec =   35.5613 Mbps     0 retrans   4525 KB-cwnd
[2024-11-07T12:54:41.090246-0500]     6.8125 MB /   0.50 sec =  114.5863 Mbps   206 retrans   1889 KB-cwnd
[2024-11-07T12:54:41.590695-0500]     7.0625 MB /   0.50 sec =  118.3915 Mbps     0 retrans   1889 KB-cwnd
[2024-11-07T12:54:42.090697-0500]     5.0000 MB /   0.50 sec =   83.9524 Mbps     0 retrans   1889 KB-cwnd
[2024-11-07T12:54:42.591101-0500]     7.0000 MB /   0.50 sec =  117.3455 Mbps     0 retrans   1889 KB-cwnd
[2024-11-07T12:54:43.091087-0500]     6.8750 MB /   0.50 sec =  115.3452 Mbps     0 retrans   1889 KB-cwnd
[2024-11-07T12:54:43.590196-0500]     8.3750 MB /   0.50 sec =  140.6332 Mbps     0 retrans   1889 KB-cwnd
[2024-11-07T12:54:44.090207-0500]     7.8750 MB /   0.50 sec =  132.1095 Mbps     0 retrans   1889 KB-cwnd
[2024-11-07T12:54:44.590217-0500]     7.1875 MB /   0.50 sec =  120.5940 Mbps     0 retrans   1889 KB-cwnd
[2024-11-07T12:54:45.090277-0500]     6.8750 MB /   0.50 sec =  115.3360 Mbps     0 retrans   1890 KB-cwnd
[2024-11-07T12:54:45.590244-0500]     8.5625 MB /   0.50 sec =  143.6492 Mbps     0 retrans   1890 KB-cwnd
[2024-11-07T12:54:46.090162-0500]     8.8750 MB /   0.50 sec =  148.9145 Mbps  2219 retrans      5 KB-cwnd
[2024-11-07T12:54:46.590740-0500]     9.6250 MB /   0.50 sec =  161.4688 Mbps     0 retrans      5 KB-cwnd
[2024-11-07T12:54:47.090325-0500]    10.1875 MB /   0.50 sec =  170.8899 Mbps     0 retrans      5 KB-cwnd
[2024-11-07T12:54:47.591498-0500]    10.6250 MB /   0.50 sec =  177.8595 Mbps     0 retrans      5 KB-cwnd
[2024-11-07T12:54:48.090509-0500]     2.8125 MB /   0.50 sec =   47.3017 Mbps     0 retrans      5 KB-cwnd
[2024-11-07T12:54:48.590301-0500]     0.0000 MB /   0.50 sec =    0.0000 Mbps     0 retrans      5 KB-cwnd
[2024-11-07T12:54:49.090128-0500]     0.0000 MB /   0.50 sec =    0.0000 Mbps     0 retrans      5 KB-cwnd
[2024-11-07T12:54:49.590393-0500]     0.0000 MB /   0.50 sec =    0.0000 Mbps     0 retrans      5 KB-cwnd
[2024-11-07T12:54:50.090282-0500]     0.0000 MB /   0.50 sec =    0.0000 Mbps     0 retrans      5 KB-cwnd
[2024-11-07T12:54:50.590098-0500]     0.5625 MB /   0.50 sec =    9.4384 Mbps     0 retrans      5 KB-cwnd
[2024-11-07T12:54:51.091981-0500]     0.5625 MB /   0.50 sec =    9.4060 Mbps     0 retrans      5 KB-cwnd
[2024-11-07T12:54:51.591688-0500]     0.3125 MB /   0.50 sec =    5.2455 Mbps     0 retrans      5 KB-cwnd
[2024-11-07T12:54:52.090194-0500]     2.8125 MB /   0.50 sec =   47.3174 Mbps     0 retrans      5 KB-cwnd
[2024-11-07T12:54:52.590175-0500]     1.3750 MB /   0.50 sec =   23.0687 Mbps     0 retrans      5 KB-cwnd
[2024-11-07T12:54:53.090593-0500]     1.0000 MB /   0.50 sec =   16.7656 Mbps     0 retrans      5 KB-cwnd
[2024-11-07T12:54:53.590337-0500]     1.5000 MB /   0.50 sec =   25.1784 Mbps     0 retrans      5 KB-cwnd
[2024-11-07T12:54:54.090719-0500]     1.5625 MB /   0.50 sec =   26.2176 Mbps     0 retrans      5 KB-cwnd
[2024-11-07T12:54:54.591950-0500]     1.6875 MB /   0.50 sec =   28.2413 Mbps     0 retrans      5 KB-cwnd
[2024-11-07T12:54:55.092208-0500]     1.0000 MB /   0.50 sec =   16.7681 Mbps     0 retrans      5 KB-cwnd
[2024-11-07T12:54:55.590239-0500]     2.3750 MB /   0.50 sec =   39.9670 Mbps     0 retrans      5 KB-cwnd
[2024-11-07T12:54:56.090257-0500]     1.6875 MB /   0.50 sec =   28.3123 Mbps     0 retrans      5 KB-cwnd
[2024-11-07T12:54:56.592094-0500]     1.0000 MB /   0.50 sec =   16.7261 Mbps     0 retrans      5 KB-cwnd
End time: 1731002096869
