Start time: 1731013620379
[2024-11-07T16:07:01.408796-0500] nuttcp-r: v8.1.4: socket
[2024-11-07T16:07:01.410142-0500] nuttcp-r: buflen=65536, nstream=1, port=5102 tcp
[2024-11-07T16:07:01.410325-0500] nuttcp-r: interval reporting every 0.50 seconds
[2024-11-07T16:07:01.410440-0500] nuttcp-r: connect to 54.197.223.49 with RTT=49.796 ms af=inet
[2024-11-07T16:07:01.410547-0500] nuttcp-r: send window size = 2097152, receive window size = 6291456
[2024-11-07T16:07:01.410652-0500] nuttcp-r: available send window = 1572864, available receive window = 4718592
[2024-11-07T16:07:01.410754-0500]     0.1875 MB /   0.50 sec =    3.1454 Mbps     0 retrans     13 KB-cwnd
[2024-11-07T16:07:01.909248-0500]     0.3750 MB /   0.50 sec =    6.2913 Mbps     0 retrans     13 KB-cwnd
[2024-11-07T16:07:02.408736-0500]     1.3750 MB /   0.50 sec =   23.0689 Mbps     0 retrans     13 KB-cwnd
[2024-11-07T16:07:02.908980-0500]     2.5625 MB /   0.50 sec =   42.9865 Mbps     0 retrans     13 KB-cwnd
[2024-11-07T16:07:03.408949-0500]     1.6250 MB /   0.50 sec =   27.2563 Mbps     0 retrans     13 KB-cwnd
[2024-11-07T16:07:03.908725-0500]     1.8750 MB /   0.50 sec =   31.4682 Mbps     0 retrans     13 KB-cwnd
[2024-11-07T16:07:04.409007-0500]     2.0625 MB /   0.50 sec =   34.5944 Mbps     0 retrans     13 KB-cwnd
[2024-11-07T16:07:04.908687-0500]     2.8125 MB /   0.50 sec =   47.1989 Mbps     0 retrans     13 KB-cwnd
[2024-11-07T16:07:05.408744-0500]     2.2500 MB /   0.50 sec =   37.7472 Mbps     0 retrans     13 KB-cwnd
[2024-11-07T16:07:05.909061-0500]     1.8750 MB /   0.50 sec =   31.4431 Mbps     0 retrans     13 KB-cwnd
[2024-11-07T16:07:06.408853-0500]     1.8125 MB /   0.50 sec =   30.4158 Mbps     0 retrans     13 KB-cwnd
[2024-11-07T16:07:06.908752-0500]     0.5625 MB /   0.50 sec =    9.4387 Mbps     0 retrans     13 KB-cwnd
[2024-11-07T16:07:07.408713-0500]     0.2500 MB /   0.50 sec =    4.1946 Mbps     0 retrans     13 KB-cwnd
[2024-11-07T16:07:07.908975-0500]     0.1250 MB /   0.50 sec =    2.0964 Mbps     0 retrans     13 KB-cwnd
[2024-11-07T16:07:08.408698-0500]     2.9375 MB /   0.50 sec =   49.3020 Mbps     0 retrans     13 KB-cwnd
[2024-11-07T16:07:08.908721-0500]     2.3125 MB /   0.50 sec =   38.7944 Mbps     0 retrans     13 KB-cwnd
[2024-11-07T16:07:09.408693-0500]     2.4375 MB /   0.50 sec =   40.8977 Mbps     0 retrans     13 KB-cwnd
[2024-11-07T16:07:09.908672-0500]     2.3125 MB /   0.50 sec =   38.7972 Mbps     0 retrans     13 KB-cwnd
[2024-11-07T16:07:10.408758-0500]     1.9375 MB /   0.50 sec =   32.5014 Mbps     0 retrans     13 KB-cwnd
[2024-11-07T16:07:10.908716-0500]     1.9375 MB /   0.50 sec =   32.5087 Mbps     0 retrans     13 KB-cwnd
[2024-11-07T16:07:11.408812-0500]     1.9375 MB /   0.50 sec =   32.5050 Mbps     0 retrans     13 KB-cwnd
[2024-11-07T16:07:11.909737-0500]     0.5000 MB /   0.50 sec =    8.3722 Mbps     0 retrans     13 KB-cwnd
[2024-11-07T16:07:12.409879-0500]     1.5625 MB /   0.50 sec =   26.2141 Mbps     0 retrans     13 KB-cwnd
[2024-11-07T16:07:12.909000-0500]     0.0000 MB /   0.50 sec =    0.0000 Mbps     0 retrans     13 KB-cwnd
[2024-11-07T16:07:13.408901-0500]     0.0000 MB /   0.50 sec =    0.0000 Mbps     0 retrans     13 KB-cwnd
[2024-11-07T16:07:13.908873-0500]     1.0000 MB /   0.50 sec =   16.7826 Mbps     0 retrans     13 KB-cwnd
[2024-11-07T16:07:14.408844-0500]     1.3125 MB /   0.50 sec =   22.0148 Mbps     0 retrans     13 KB-cwnd
[2024-11-07T16:07:14.908703-0500]     2.3125 MB /   0.50 sec =   38.8084 Mbps     0 retrans     13 KB-cwnd
[2024-11-07T16:07:15.408901-0500]     0.7500 MB /   0.50 sec =   12.5784 Mbps     0 retrans     13 KB-cwnd
[2024-11-07T16:07:15.908673-0500]     2.2500 MB /   0.50 sec =   37.7623 Mbps     0 retrans     13 KB-cwnd
[2024-11-07T16:07:16.408695-0500]     1.8125 MB /   0.50 sec =   30.4084 Mbps     0 retrans     13 KB-cwnd
[2024-11-07T16:07:16.908864-0500]     0.1250 MB /   0.50 sec =    2.0969 Mbps     0 retrans     13 KB-cwnd
[2024-11-07T16:07:17.409184-0500]     1.9375 MB /   0.50 sec =   32.5007 Mbps     0 retrans     13 KB-cwnd
[2024-11-07T16:07:17.908752-0500]     1.8125 MB /   0.50 sec =   30.4136 Mbps     0 retrans     13 KB-cwnd
[2024-11-07T16:07:18.408876-0500]     1.8125 MB /   0.50 sec =   30.4119 Mbps     0 retrans     13 KB-cwnd
[2024-11-07T16:07:18.908806-0500]     1.6250 MB /   0.50 sec =   27.2580 Mbps     0 retrans     13 KB-cwnd
[2024-11-07T16:07:19.408715-0500]     1.0000 MB /   0.50 sec =   16.7800 Mbps     0 retrans     13 KB-cwnd
[2024-11-07T16:07:19.909763-0500]     1.1250 MB /   0.50 sec =   18.8365 Mbps     0 retrans     13 KB-cwnd
[2024-11-07T16:07:20.408681-0500]     2.0625 MB /   0.50 sec =   34.6738 Mbps     0 retrans     13 KB-cwnd
[2024-11-07T16:07:20.908932-0500]     1.1875 MB /   0.50 sec =   19.9157 Mbps     0 retrans     13 KB-cwnd
[2024-11-07T16:07:21.408896-0500]     1.3125 MB /   0.50 sec =   22.0201 Mbps     0 retrans     13 KB-cwnd
[2024-11-07T16:07:21.908949-0500]     1.8125 MB /   0.50 sec =   30.4064 Mbps     0 retrans     13 KB-cwnd
[2024-11-07T16:07:22.409024-0500]     0.7500 MB /   0.50 sec =   12.5824 Mbps     0 retrans     14 KB-cwnd
[2024-11-07T16:07:22.910183-0500]     0.0000 MB /   0.50 sec =    0.0000 Mbps     0 retrans     14 KB-cwnd
[2024-11-07T16:07:23.409571-0500]     0.0000 MB /   0.50 sec =    0.0000 Mbps     0 retrans     14 KB-cwnd
[2024-11-07T16:07:23.909618-0500]     0.3125 MB /   0.50 sec =    5.2412 Mbps     0 retrans     14 KB-cwnd
[2024-11-07T16:07:24.408838-0500]     0.3125 MB /   0.50 sec =    5.2483 Mbps     0 retrans     14 KB-cwnd
[2024-11-07T16:07:24.908872-0500]     1.4375 MB /   0.50 sec =   24.1233 Mbps     0 retrans     14 KB-cwnd
[2024-11-07T16:07:25.408684-0500]     1.5000 MB /   0.50 sec =   25.1661 Mbps     0 retrans     14 KB-cwnd
[2024-11-07T16:07:25.908684-0500]     1.3750 MB /   0.50 sec =   23.0687 Mbps     0 retrans     14 KB-cwnd
[2024-11-07T16:07:26.408671-0500]     1.8125 MB /   0.50 sec =   30.4090 Mbps     0 retrans     14 KB-cwnd
[2024-11-07T16:07:26.908684-0500]     2.0625 MB /   0.50 sec =   34.6014 Mbps     0 retrans     14 KB-cwnd
[2024-11-07T16:07:27.408890-0500]     0.5625 MB /   0.50 sec =    9.4342 Mbps     0 retrans     14 KB-cwnd
[2024-11-07T16:07:27.908870-0500]     0.0000 MB /   0.50 sec =    0.0000 Mbps     0 retrans     14 KB-cwnd
[2024-11-07T16:07:28.408694-0500]     2.6250 MB /   0.50 sec =   44.0457 Mbps     0 retrans     21 KB-cwnd
[2024-11-07T16:07:28.908961-0500]     1.4375 MB /   0.50 sec =   24.1151 Mbps     0 retrans     21 KB-cwnd
[2024-11-07T16:07:29.408974-0500]     0.0625 MB /   0.50 sec =    1.0482 Mbps     0 retrans     21 KB-cwnd
[2024-11-07T16:07:29.908906-0500]     1.6250 MB /   0.50 sec =   27.2659 Mbps     0 retrans     21 KB-cwnd
[2024-11-07T16:07:30.408861-0500]     1.7500 MB /   0.50 sec =   29.3614 Mbps     0 retrans     24 KB-cwnd
[2024-11-07T16:07:30.908839-0500]     1.8125 MB /   0.50 sec =   30.4102 Mbps     0 retrans     24 KB-cwnd
[2024-11-07T16:07:31.408689-0500]     2.0000 MB /   0.50 sec =   33.5639 Mbps     0 retrans     24 KB-cwnd
[2024-11-07T16:07:31.908676-0500]     1.9375 MB /   0.50 sec =   32.5050 Mbps     0 retrans     25 KB-cwnd
[2024-11-07T16:07:32.409757-0500]     1.3125 MB /   0.50 sec =   21.9747 Mbps     0 retrans     25 KB-cwnd
[2024-11-07T16:07:32.908846-0500]     1.6875 MB /   0.50 sec =   28.3706 Mbps     0 retrans     25 KB-cwnd
[2024-11-07T16:07:33.408787-0500]     1.8750 MB /   0.50 sec =   31.4580 Mbps     0 retrans     25 KB-cwnd
[2024-11-07T16:07:33.909044-0500]     1.6250 MB /   0.50 sec =   27.2426 Mbps     0 retrans     25 KB-cwnd
[2024-11-07T16:07:34.408823-0500]     1.4375 MB /   0.50 sec =   24.1287 Mbps     0 retrans     25 KB-cwnd
[2024-11-07T16:07:34.908679-0500]     2.0625 MB /   0.50 sec =   34.6116 Mbps     0 retrans     25 KB-cwnd
[2024-11-07T16:07:35.408703-0500]     2.1250 MB /   0.50 sec =   35.6502 Mbps     0 retrans     26 KB-cwnd
[2024-11-07T16:07:35.908911-0500]     1.6250 MB /   0.50 sec =   27.2606 Mbps     0 retrans     26 KB-cwnd
[2024-11-07T16:07:36.409737-0500]     0.2500 MB /   0.50 sec =    4.1862 Mbps     0 retrans     26 KB-cwnd
[2024-11-07T16:07:36.908683-0500]     1.3125 MB /   0.50 sec =   22.0654 Mbps     0 retrans     26 KB-cwnd
[2024-11-07T16:07:37.408847-0500]     0.6250 MB /   0.50 sec =   10.4826 Mbps     0 retrans     26 KB-cwnd
[2024-11-07T16:07:37.908664-0500]     1.5625 MB /   0.50 sec =   26.2225 Mbps     0 retrans     26 KB-cwnd
[2024-11-07T16:07:38.409779-0500]     0.3125 MB /   0.50 sec =    5.2317 Mbps     0 retrans     26 KB-cwnd
[2024-11-07T16:07:38.908795-0500]     1.4375 MB /   0.50 sec =   24.1692 Mbps     0 retrans     26 KB-cwnd
[2024-11-07T16:07:39.410137-0500]     0.4375 MB /   0.50 sec =    7.3195 Mbps     0 retrans     26 KB-cwnd
[2024-11-07T16:07:39.908768-0500]     1.6875 MB /   0.50 sec =   28.3863 Mbps     0 retrans     26 KB-cwnd
[2024-11-07T16:07:40.408889-0500]     0.2500 MB /   0.50 sec =    4.1934 Mbps     0 retrans     26 KB-cwnd
[2024-11-07T16:07:40.908926-0500]     0.8125 MB /   0.50 sec =   13.6350 Mbps     0 retrans     26 KB-cwnd
[2024-11-07T16:07:41.408900-0500]     0.6875 MB /   0.50 sec =   11.5316 Mbps     0 retrans     26 KB-cwnd
[2024-11-07T16:07:41.908852-0500]     0.3750 MB /   0.50 sec =    6.2917 Mbps     0 retrans     26 KB-cwnd
[2024-11-07T16:07:42.409799-0500]     0.6250 MB /   0.50 sec =   10.4664 Mbps     0 retrans     26 KB-cwnd
[2024-11-07T16:07:42.909717-0500]     0.6875 MB /   0.50 sec =   11.5357 Mbps     0 retrans     26 KB-cwnd
[2024-11-07T16:07:43.408960-0500]     0.2500 MB /   0.50 sec =    4.2030 Mbps     0 retrans     26 KB-cwnd
[2024-11-07T16:07:43.908926-0500]     0.3750 MB /   0.50 sec =    6.2889 Mbps     0 retrans     26 KB-cwnd
[2024-11-07T16:07:44.408850-0500]     1.4375 MB /   0.50 sec =   24.1245 Mbps     0 retrans     26 KB-cwnd
[2024-11-07T16:07:44.910051-0500]     0.2500 MB /   0.50 sec =    4.1839 Mbps     0 retrans     26 KB-cwnd
[2024-11-07T16:07:45.408904-0500]     0.0000 MB /   0.50 sec =    0.0000 Mbps     0 retrans     26 KB-cwnd
[2024-11-07T16:07:45.908878-0500]     0.0000 MB /   0.50 sec =    0.0000 Mbps     0 retrans     26 KB-cwnd
[2024-11-07T16:07:46.408758-0500]     0.1875 MB /   0.50 sec =    3.1462 Mbps     0 retrans     26 KB-cwnd
[2024-11-07T16:07:46.908683-0500]     0.9375 MB /   0.50 sec =   15.7318 Mbps     0 retrans     26 KB-cwnd
[2024-11-07T16:07:47.408744-0500]     1.2500 MB /   0.50 sec =   20.9688 Mbps     0 retrans     26 KB-cwnd
[2024-11-07T16:07:47.908738-0500]     0.9375 MB /   0.50 sec =   15.7294 Mbps     0 retrans     26 KB-cwnd
[2024-11-07T16:07:48.408711-0500]     1.3125 MB /   0.50 sec =   22.0214 Mbps     0 retrans     26 KB-cwnd
[2024-11-07T16:07:48.908840-0500]     0.1875 MB /   0.50 sec =    3.1456 Mbps     0 retrans     26 KB-cwnd
[2024-11-07T16:07:49.408630-0500]     0.0625 MB /   0.50 sec =    1.0487 Mbps     0 retrans     26 KB-cwnd
[2024-11-07T16:07:49.908760-0500]     0.0000 MB /   0.50 sec =    0.0000 Mbps     0 retrans     26 KB-cwnd
[2024-11-07T16:07:50.408649-0500]     0.1250 MB /   0.50 sec =    2.0974 Mbps     0 retrans     26 KB-cwnd
[2024-11-07T16:07:50.908660-0500]     0.1250 MB /   0.50 sec =    2.0971 Mbps     0 retrans     26 KB-cwnd
[2024-11-07T16:07:51.408698-0500]     0.0625 MB /   0.50 sec =    1.0485 Mbps     0 retrans     26 KB-cwnd
[2024-11-07T16:07:51.908668-0500]     0.0000 MB /   0.50 sec =    0.0000 Mbps     0 retrans     26 KB-cwnd
[2024-11-07T16:07:52.409255-0500]     0.8125 MB /   0.50 sec =   13.6218 Mbps     0 retrans     26 KB-cwnd
[2024-11-07T16:07:52.908666-0500]     1.5625 MB /   0.50 sec =   26.2352 Mbps     0 retrans     26 KB-cwnd
[2024-11-07T16:07:53.408725-0500]     2.0625 MB /   0.50 sec =   34.6032 Mbps     0 retrans     26 KB-cwnd
[2024-11-07T16:07:53.908682-0500]     2.3125 MB /   0.50 sec =   38.7969 Mbps     0 retrans     26 KB-cwnd
[2024-11-07T16:07:54.408632-0500]     2.6875 MB /   0.50 sec =   45.0905 Mbps     0 retrans     26 KB-cwnd
[2024-11-07T16:07:54.909011-0500]     2.8125 MB /   0.50 sec =   47.1530 Mbps     0 retrans     26 KB-cwnd
[2024-11-07T16:07:55.409082-0500]     2.0625 MB /   0.50 sec =   34.6125 Mbps     0 retrans     29 KB-cwnd
[2024-11-07T16:07:55.908850-0500]     2.2500 MB /   0.50 sec =   37.7524 Mbps     0 retrans     29 KB-cwnd
[2024-11-07T16:07:56.408683-0500]     4.1250 MB /   0.50 sec =   69.2265 Mbps     0 retrans     29 KB-cwnd
[2024-11-07T16:07:56.908686-0500]     1.9375 MB /   0.50 sec =   32.5048 Mbps     0 retrans     29 KB-cwnd
[2024-11-07T16:07:57.408916-0500]     0.8750 MB /   0.50 sec =   14.6730 Mbps     0 retrans     29 KB-cwnd
[2024-11-07T16:07:57.909046-0500]     3.0625 MB /   0.50 sec =   51.3702 Mbps     0 retrans     29 KB-cwnd
[2024-11-07T16:07:58.408669-0500]     2.7500 MB /   0.50 sec =   46.1703 Mbps     0 retrans     29 KB-cwnd
[2024-11-07T16:07:58.908891-0500]     2.0625 MB /   0.50 sec =   34.5915 Mbps     0 retrans     29 KB-cwnd
[2024-11-07T16:07:59.409732-0500]     1.6875 MB /   0.50 sec =   28.2628 Mbps     0 retrans     29 KB-cwnd
[2024-11-07T16:07:59.909014-0500]     1.6875 MB /   0.50 sec =   28.3600 Mbps     0 retrans     29 KB-cwnd
[2024-11-07T16:08:00.408878-0500]     1.6875 MB /   0.50 sec =   28.3123 Mbps     0 retrans     29 KB-cwnd
[2024-11-07T16:08:00.908765-0500]     2.3125 MB /   0.50 sec =   38.8056 Mbps     0 retrans     29 KB-cwnd
[2024-11-07T16:08:01.408862-0500]     0.5000 MB /   0.50 sec =    8.3868 Mbps     0 retrans     29 KB-cwnd
[2024-11-07T16:08:01.909753-0500]     1.0625 MB /   0.50 sec =   17.7945 Mbps     0 retrans     29 KB-cwnd
[2024-11-07T16:08:02.408857-0500]     0.9375 MB /   0.50 sec =   15.7564 Mbps     0 retrans     29 KB-cwnd
[2024-11-07T16:08:02.909732-0500]     1.0625 MB /   0.50 sec =   17.7950 Mbps     0 retrans     29 KB-cwnd
[2024-11-07T16:08:03.408934-0500]     0.5625 MB /   0.50 sec =    9.4526 Mbps     0 retrans     29 KB-cwnd
[2024-11-07T16:08:03.908717-0500]     0.8125 MB /   0.50 sec =   13.6368 Mbps     0 retrans     29 KB-cwnd
[2024-11-07T16:08:04.410169-0500]     0.7500 MB /   0.50 sec =   12.5475 Mbps     0 retrans     29 KB-cwnd
[2024-11-07T16:08:04.909054-0500]     0.0625 MB /   0.50 sec =    1.0512 Mbps     0 retrans     29 KB-cwnd
[2024-11-07T16:08:05.409831-0500]     0.6875 MB /   0.50 sec =   11.5131 Mbps     0 retrans     29 KB-cwnd
[2024-11-07T16:08:05.909733-0500]     0.6250 MB /   0.50 sec =   10.4876 Mbps     0 retrans     29 KB-cwnd
[2024-11-07T16:08:06.408703-0500]     2.3125 MB /   0.50 sec =   38.8772 Mbps     0 retrans     29 KB-cwnd
[2024-11-07T16:08:06.908683-0500]     1.8750 MB /   0.50 sec =   31.4574 Mbps     0 retrans     29 KB-cwnd
[2024-11-07T16:08:07.408751-0500]     2.1875 MB /   0.50 sec =   36.6956 Mbps     0 retrans     29 KB-cwnd
[2024-11-07T16:08:07.909825-0500]     2.0625 MB /   0.50 sec =   34.5304 Mbps     0 retrans     29 KB-cwnd
[2024-11-07T16:08:08.408973-0500]     1.5625 MB /   0.50 sec =   26.2613 Mbps     0 retrans     29 KB-cwnd
[2024-11-07T16:08:08.908687-0500]     1.4375 MB /   0.50 sec =   24.1274 Mbps     0 retrans     29 KB-cwnd
[2024-11-07T16:08:09.408618-0500]     2.4375 MB /   0.50 sec =   40.8946 Mbps     0 retrans     29 KB-cwnd
[2024-11-07T16:08:09.909080-0500]     2.5625 MB /   0.50 sec =   42.9579 Mbps     0 retrans     29 KB-cwnd
[2024-11-07T16:08:10.409775-0500]     1.5000 MB /   0.50 sec =   25.1329 Mbps     0 retrans     29 KB-cwnd
[2024-11-07T16:08:10.908897-0500]     0.9375 MB /   0.50 sec =   15.7562 Mbps     0 retrans     29 KB-cwnd
[2024-11-07T16:08:11.409878-0500]     0.3125 MB /   0.50 sec =    5.2330 Mbps     0 retrans     29 KB-cwnd
[2024-11-07T16:08:11.908894-0500]     0.0625 MB /   0.50 sec =    1.0506 Mbps     0 retrans     29 KB-cwnd
[2024-11-07T16:08:12.409924-0500]     0.0000 MB /   0.50 sec =    0.0000 Mbps     0 retrans     29 KB-cwnd
[2024-11-07T16:08:12.908671-0500]     2.8750 MB /   0.50 sec =   48.3376 Mbps     0 retrans     29 KB-cwnd
[2024-11-07T16:08:13.408709-0500]     2.2500 MB /   0.50 sec =   37.7480 Mbps     0 retrans     29 KB-cwnd
[2024-11-07T16:08:13.908672-0500]     2.4375 MB /   0.50 sec =   40.8950 Mbps     0 retrans     29 KB-cwnd
[2024-11-07T16:08:14.408781-0500]     2.1250 MB /   0.50 sec =   35.6459 Mbps     0 retrans     29 KB-cwnd
[2024-11-07T16:08:14.908610-0500]     2.3125 MB /   0.50 sec =   38.8044 Mbps     0 retrans     29 KB-cwnd
[2024-11-07T16:08:15.409103-0500]     2.3125 MB /   0.50 sec =   38.7643 Mbps     0 retrans     29 KB-cwnd
[2024-11-07T16:08:15.908800-0500]     2.3750 MB /   0.50 sec =   39.8823 Mbps     0 retrans     29 KB-cwnd
[2024-11-07T16:08:16.408833-0500]     2.0625 MB /   0.50 sec =   34.5923 Mbps     0 retrans     29 KB-cwnd
[2024-11-07T16:08:16.908766-0500]     2.2500 MB /   0.50 sec =   37.7555 Mbps     0 retrans     29 KB-cwnd
[2024-11-07T16:08:17.408948-0500]     1.9375 MB /   0.50 sec =   32.5073 Mbps     0 retrans     29 KB-cwnd
[2024-11-07T16:08:17.908781-0500]     1.9375 MB /   0.50 sec =   32.5085 Mbps     0 retrans     29 KB-cwnd
[2024-11-07T16:08:18.408760-0500]     1.6250 MB /   0.50 sec =   27.2612 Mbps     0 retrans     29 KB-cwnd
[2024-11-07T16:08:18.908877-0500]     0.8750 MB /   0.50 sec =   14.6760 Mbps     0 retrans     29 KB-cwnd
[2024-11-07T16:08:19.408713-0500]     1.7500 MB /   0.50 sec =   29.3669 Mbps     0 retrans     29 KB-cwnd
[2024-11-07T16:08:19.908938-0500]     2.0000 MB /   0.50 sec =   33.5488 Mbps     0 retrans     29 KB-cwnd
[2024-11-07T16:08:20.408884-0500]     2.1250 MB /   0.50 sec =   35.6618 Mbps     0 retrans     29 KB-cwnd
[2024-11-07T16:08:20.908671-0500]     2.2500 MB /   0.50 sec =   37.7468 Mbps     0 retrans     29 KB-cwnd
[2024-11-07T16:08:21.408822-0500]     1.7500 MB /   0.50 sec =   29.3521 Mbps     0 retrans     29 KB-cwnd
[2024-11-07T16:08:21.908678-0500]     1.8125 MB /   0.50 sec =   30.4161 Mbps     0 retrans     29 KB-cwnd
[2024-11-07T16:08:22.408859-0500]     0.8750 MB /   0.50 sec =   14.6761 Mbps     0 retrans     29 KB-cwnd
[2024-11-07T16:08:22.908849-0500]     0.9375 MB /   0.50 sec =   15.7287 Mbps     0 retrans     29 KB-cwnd
[2024-11-07T16:08:23.408705-0500]     0.5000 MB /   0.50 sec =    8.3907 Mbps     0 retrans     29 KB-cwnd
[2024-11-07T16:08:23.909022-0500]     0.1250 MB /   0.50 sec =    2.0965 Mbps     0 retrans     29 KB-cwnd
[2024-11-07T16:08:24.409833-0500]     0.8750 MB /   0.50 sec =   14.6533 Mbps     0 retrans     29 KB-cwnd
[2024-11-07T16:08:24.909146-0500]     0.4375 MB /   0.50 sec =    7.3522 Mbps     0 retrans     29 KB-cwnd
[2024-11-07T16:08:25.410144-0500]     0.5000 MB /   0.50 sec =    8.3691 Mbps     0 retrans     29 KB-cwnd
[2024-11-07T16:08:25.908856-0500]     1.0625 MB /   0.50 sec =   17.8718 Mbps     0 retrans     29 KB-cwnd
[2024-11-07T16:08:26.408862-0500]     0.1875 MB /   0.50 sec =    3.1458 Mbps     0 retrans     29 KB-cwnd
[2024-11-07T16:08:26.909641-0500]     0.0625 MB /   0.50 sec =    1.0478 Mbps     0 retrans     29 KB-cwnd
[2024-11-07T16:08:27.409192-0500]     1.3125 MB /   0.50 sec =   22.0211 Mbps     0 retrans     29 KB-cwnd
[2024-11-07T16:08:27.908678-0500]     0.7500 MB /   0.50 sec =   12.5950 Mbps     0 retrans     29 KB-cwnd
[2024-11-07T16:08:28.408887-0500]     1.0625 MB /   0.50 sec =   17.8236 Mbps     0 retrans     29 KB-cwnd
[2024-11-07T16:08:28.908672-0500]     1.1250 MB /   0.50 sec =   18.8768 Mbps     0 retrans     29 KB-cwnd
[2024-11-07T16:08:29.408680-0500]     0.4375 MB /   0.50 sec =    7.3400 Mbps     0 retrans     29 KB-cwnd
[2024-11-07T16:08:29.908670-0500]     0.8750 MB /   0.50 sec =   14.6801 Mbps     0 retrans     29 KB-cwnd
[2024-11-07T16:08:30.408675-0500]     1.1250 MB /   0.50 sec =   18.8744 Mbps     0 retrans     29 KB-cwnd
[2024-11-07T16:08:30.908669-0500]     1.0625 MB /   0.50 sec =   17.8257 Mbps     0 retrans     29 KB-cwnd
[2024-11-07T16:08:31.408653-0500]     0.8125 MB /   0.50 sec =   13.6319 Mbps     0 retrans     29 KB-cwnd
[2024-11-07T16:08:31.908741-0500]     1.1875 MB /   0.50 sec =   19.9199 Mbps     0 retrans     29 KB-cwnd
[2024-11-07T16:08:32.408902-0500]     1.0000 MB /   0.50 sec =   16.7803 Mbps     0 retrans     29 KB-cwnd
[2024-11-07T16:08:32.909961-0500]     0.7500 MB /   0.50 sec =   12.5559 Mbps     0 retrans     29 KB-cwnd
[2024-11-07T16:08:33.408713-0500]     1.5000 MB /   0.50 sec =   25.2184 Mbps     0 retrans     29 KB-cwnd
[2024-11-07T16:08:33.908804-0500]     1.0625 MB /   0.50 sec =   17.8253 Mbps     0 retrans     30 KB-cwnd
[2024-11-07T16:08:34.408729-0500]     0.8750 MB /   0.50 sec =   14.6794 Mbps     0 retrans     30 KB-cwnd
[2024-11-07T16:08:34.908671-0500]     1.0000 MB /   0.50 sec =   16.7788 Mbps     0 retrans     30 KB-cwnd
[2024-11-07T16:08:35.408875-0500]     0.9375 MB /   0.50 sec =   15.7258 Mbps     0 retrans     30 KB-cwnd
[2024-11-07T16:08:35.908775-0500]     1.0000 MB /   0.50 sec =   16.7772 Mbps     0 retrans     32 KB-cwnd
[2024-11-07T16:08:36.408744-0500]     0.8125 MB /   0.50 sec =   13.6329 Mbps     0 retrans     32 KB-cwnd
[2024-11-07T16:08:36.908726-0500]     1.2500 MB /   0.50 sec =   20.9717 Mbps     0 retrans     32 KB-cwnd
[2024-11-07T16:08:37.408925-0500]     0.5000 MB /   0.50 sec =    8.3882 Mbps     0 retrans     32 KB-cwnd
[2024-11-07T16:08:37.908676-0500]     1.6875 MB /   0.50 sec =   28.3139 Mbps     0 retrans     32 KB-cwnd
[2024-11-07T16:08:38.408675-0500]     1.3125 MB /   0.50 sec =   22.0205 Mbps     0 retrans     32 KB-cwnd
[2024-11-07T16:08:38.908760-0500]     1.2500 MB /   0.50 sec =   20.9685 Mbps     0 retrans     32 KB-cwnd
[2024-11-07T16:08:39.408715-0500]     1.3750 MB /   0.50 sec =   23.0717 Mbps     0 retrans     32 KB-cwnd
[2024-11-07T16:08:39.908710-0500]     1.5000 MB /   0.50 sec =   25.1643 Mbps     0 retrans     32 KB-cwnd
[2024-11-07T16:08:40.408709-0500]     1.6250 MB /   0.50 sec =   27.2647 Mbps     0 retrans     32 KB-cwnd
[2024-11-07T16:08:40.908684-0500]     1.8125 MB /   0.50 sec =   30.4086 Mbps     0 retrans     32 KB-cwnd
[2024-11-07T16:08:41.408706-0500]     2.0000 MB /   0.50 sec =   33.5541 Mbps     0 retrans     32 KB-cwnd
[2024-11-07T16:08:41.908735-0500]     2.5000 MB /   0.50 sec =   41.9389 Mbps     0 retrans     32 KB-cwnd
[2024-11-07T16:08:42.408682-0500]     2.5625 MB /   0.50 sec =   42.9968 Mbps     0 retrans     32 KB-cwnd
[2024-11-07T16:08:42.908763-0500]     2.6875 MB /   0.50 sec =   45.0825 Mbps     0 retrans     32 KB-cwnd
[2024-11-07T16:08:43.408721-0500]     2.8750 MB /   0.50 sec =   48.2426 Mbps     0 retrans     32 KB-cwnd
[2024-11-07T16:08:43.908725-0500]     3.3750 MB /   0.50 sec =   56.6160 Mbps     0 retrans     32 KB-cwnd
[2024-11-07T16:08:44.408743-0500]     3.5000 MB /   0.50 sec =   58.7227 Mbps     0 retrans     32 KB-cwnd
[2024-11-07T16:08:44.908685-0500]     1.1250 MB /   0.50 sec =   18.8752 Mbps     0 retrans     32 KB-cwnd
[2024-11-07T16:08:45.408669-0500]     3.6250 MB /   0.50 sec =   60.8183 Mbps     0 retrans     32 KB-cwnd
[2024-11-07T16:08:45.908658-0500]     4.4375 MB /   0.50 sec =   74.4495 Mbps     0 retrans     32 KB-cwnd
[2024-11-07T16:08:46.408825-0500]     3.9375 MB /   0.50 sec =   66.0471 Mbps     0 retrans     32 KB-cwnd
[2024-11-07T16:08:46.909245-0500]     2.5000 MB /   0.50 sec =   41.9108 Mbps     0 retrans     32 KB-cwnd
[2024-11-07T16:08:47.408837-0500]     5.1875 MB /   0.50 sec =   87.1140 Mbps     0 retrans     32 KB-cwnd
[2024-11-07T16:08:47.909768-0500]     3.3125 MB /   0.50 sec =   55.4602 Mbps     0 retrans     34 KB-cwnd
[2024-11-07T16:08:48.408667-0500]     4.8750 MB /   0.50 sec =   81.9597 Mbps     0 retrans     34 KB-cwnd
[2024-11-07T16:08:48.908881-0500]     4.1875 MB /   0.50 sec =   70.2497 Mbps     0 retrans     34 KB-cwnd
[2024-11-07T16:08:49.408700-0500]     4.4375 MB /   0.50 sec =   74.4526 Mbps     0 retrans     34 KB-cwnd
[2024-11-07T16:08:49.908879-0500]     2.7500 MB /   0.50 sec =   46.1225 Mbps     0 retrans     34 KB-cwnd
[2024-11-07T16:08:50.409818-0500]     2.3750 MB /   0.50 sec =   39.7725 Mbps     0 retrans     34 KB-cwnd
[2024-11-07T16:08:50.908874-0500]     3.5000 MB /   0.50 sec =   58.8285 Mbps     0 retrans     34 KB-cwnd
[2024-11-07T16:08:51.409718-0500]     4.4375 MB /   0.50 sec =   74.3952 Mbps     0 retrans     34 KB-cwnd
[2024-11-07T16:08:51.910141-0500]     3.8125 MB /   0.50 sec =   63.8539 Mbps     0 retrans     34 KB-cwnd
[2024-11-07T16:08:52.408766-0500]     3.9375 MB /   0.50 sec =   66.2324 Mbps  3901 retrans    627 KB-cwnd
[2024-11-07T16:08:52.908678-0500]     4.0625 MB /   0.50 sec =   68.1692 Mbps     0 retrans    627 KB-cwnd
[2024-11-07T16:08:53.408923-0500]     4.8750 MB /   0.50 sec =   81.7783 Mbps     0 retrans    627 KB-cwnd
[2024-11-07T16:08:53.908668-0500]     4.9375 MB /   0.50 sec =   82.8491 Mbps     0 retrans    627 KB-cwnd
[2024-11-07T16:08:54.409324-0500]     2.8750 MB /   0.50 sec =   48.1798 Mbps     0 retrans    627 KB-cwnd
[2024-11-07T16:08:54.910068-0500]     1.3750 MB /   0.50 sec =   23.0326 Mbps     0 retrans    627 KB-cwnd
[2024-11-07T16:08:55.408872-0500]     2.5000 MB /   0.50 sec =   42.0556 Mbps     0 retrans    627 KB-cwnd
[2024-11-07T16:08:55.909624-0500]     0.5625 MB /   0.50 sec =    9.4222 Mbps     0 retrans    627 KB-cwnd
[2024-11-07T16:08:56.409811-0500]     0.2500 MB /   0.50 sec =    4.1920 Mbps     0 retrans    627 KB-cwnd
[2024-11-07T16:08:56.908841-0500]     1.4375 MB /   0.50 sec =   24.1620 Mbps     0 retrans    627 KB-cwnd
[2024-11-07T16:08:57.408866-0500]     3.0000 MB /   0.50 sec =   50.3308 Mbps     0 retrans    627 KB-cwnd
[2024-11-07T16:08:57.909716-0500]     2.1250 MB /   0.50 sec =   35.5907 Mbps     0 retrans    627 KB-cwnd
[2024-11-07T16:08:58.408911-0500]     2.4375 MB /   0.50 sec =   40.9620 Mbps     0 retrans    627 KB-cwnd
[2024-11-07T16:08:58.908876-0500]     2.1875 MB /   0.50 sec =   36.7092 Mbps     0 retrans    627 KB-cwnd
[2024-11-07T16:08:59.408704-0500]     2.0625 MB /   0.50 sec =   34.6074 Mbps     0 retrans    627 KB-cwnd
[2024-11-07T16:08:59.908786-0500]     2.0625 MB /   0.50 sec =   34.6056 Mbps     0 retrans    627 KB-cwnd
[2024-11-07T16:09:00.408714-0500]     2.3125 MB /   0.50 sec =   38.7941 Mbps     0 retrans    627 KB-cwnd
[2024-11-07T16:09:00.908632-0500]     2.3750 MB /   0.50 sec =   39.8465 Mbps     0 retrans    627 KB-cwnd
[2024-11-07T16:09:01.409122-0500]     2.7500 MB /   0.50 sec =   46.0981 Mbps     0 retrans    627 KB-cwnd
End time: 1731013741500
