Start time: 1730755902221
[2024-11-04T15:31:43.467887-0600] nuttcp-r: v8.1.4: socket
[2024-11-04T15:31:43.468551-0600] nuttcp-r: buflen=65536, nstream=1, port=5102 tcp
[2024-11-04T15:31:43.468595-0600] nuttcp-r: interval reporting every 0.50 seconds
[2024-11-04T15:31:43.468687-0600] nuttcp-r: connect to 54.176.53.206 with RTT=121.227 ms af=inet
[2024-11-04T15:31:43.468719-0600] nuttcp-r: send window size = 524288, receive window size = 4194304
[2024-11-04T15:31:43.468747-0600] nuttcp-r: available send window = 393216, available receive window = 3145728
[2024-11-04T15:31:43.468776-0600]     0.2500 MB /   0.50 sec =    4.1938 Mbps     0 retrans
[2024-11-04T15:31:43.967812-0600]     3.3750 MB /   0.50 sec =   56.6240 Mbps     0 retrans
[2024-11-04T15:31:44.468398-0600]     5.3750 MB /   0.50 sec =   90.1763 Mbps     0 retrans
[2024-11-04T15:31:44.968055-0600]     3.6875 MB /   0.50 sec =   61.8592 Mbps     0 retrans
[2024-11-04T15:31:45.469008-0600]     4.0625 MB /   0.50 sec =   68.0889 Mbps     0 retrans
[2024-11-04T15:31:45.968105-0600]     5.0625 MB /   0.50 sec =   85.0328 Mbps     0 retrans
[2024-11-04T15:31:46.467789-0600]     4.4375 MB /   0.50 sec =   74.4486 Mbps     0 retrans
[2024-11-04T15:31:46.967754-0600]     5.4375 MB /   0.50 sec =   91.2259 Mbps     0 retrans
[2024-11-04T15:31:47.467734-0600]     5.4375 MB /   0.50 sec =   91.2276 Mbps     0 retrans
[2024-11-04T15:31:47.967748-0600]     6.0625 MB /   0.50 sec =  101.7113 Mbps     0 retrans
[2024-11-04T15:31:48.468014-0600]     6.3125 MB /   0.50 sec =  105.8884 Mbps     0 retrans
[2024-11-04T15:31:48.967829-0600]     5.5000 MB /   0.50 sec =   92.2787 Mbps     0 retrans
[2024-11-04T15:31:49.467734-0600]     3.0000 MB /   0.50 sec =   50.3352 Mbps     0 retrans
[2024-11-04T15:31:49.969364-0600]     0.5625 MB /   0.50 sec =    9.4091 Mbps     0 retrans
[2024-11-04T15:31:50.467752-0600]     6.8750 MB /   0.50 sec =  115.6944 Mbps     0 retrans
[2024-11-04T15:31:50.967855-0600]     5.5625 MB /   0.50 sec =   93.3085 Mbps     0 retrans
[2024-11-04T15:31:51.467804-0600]     6.1875 MB /   0.50 sec =  103.8238 Mbps     0 retrans
[2024-11-04T15:31:51.967781-0600]     4.4375 MB /   0.50 sec =   74.4489 Mbps     0 retrans
[2024-11-04T15:31:52.467762-0600]     5.1250 MB /   0.50 sec =   85.9837 Mbps     0 retrans
[2024-11-04T15:31:52.967840-0600]     5.7500 MB /   0.50 sec =   96.4561 Mbps     0 retrans
[2024-11-04T15:31:53.468162-0600]     5.5000 MB /   0.50 sec =   92.2573 Mbps     0 retrans
[2024-11-04T15:31:53.967770-0600]     2.3125 MB /   0.50 sec =   38.8093 Mbps     0 retrans
[2024-11-04T15:31:54.467749-0600]     4.5000 MB /   0.50 sec =   75.4987 Mbps     0 retrans
[2024-11-04T15:31:54.967762-0600]     4.0625 MB /   0.50 sec =   68.1570 Mbps     0 retrans
[2024-11-04T15:31:55.467872-0600]     2.6875 MB /   0.50 sec =   45.0828 Mbps     0 retrans
[2024-11-04T15:31:55.967928-0600]     0.5000 MB /   0.50 sec =    8.3888 Mbps     0 retrans
[2024-11-04T15:31:56.467967-0600]     2.2500 MB /   0.50 sec =   37.7403 Mbps     0 retrans
[2024-11-04T15:31:56.968936-0600]     2.5000 MB /   0.50 sec =   41.8638 Mbps     0 retrans
[2024-11-04T15:31:57.467786-0600]     7.3125 MB /   0.50 sec =  122.9480 Mbps     0 retrans
[2024-11-04T15:31:57.967751-0600]     6.4375 MB /   0.50 sec =  108.0115 Mbps     0 retrans
[2024-11-04T15:31:58.467774-0600]     6.7500 MB /   0.50 sec =  113.2448 Mbps     0 retrans
[2024-11-04T15:31:58.967766-0600]     6.8125 MB /   0.50 sec =  114.2941 Mbps     0 retrans
[2024-11-04T15:31:59.467819-0600]     5.8125 MB /   0.50 sec =   97.5180 Mbps     0 retrans
[2024-11-04T15:31:59.967825-0600]     7.2500 MB /   0.50 sec =  121.6210 Mbps     0 retrans
[2024-11-04T15:32:00.467751-0600]     7.5625 MB /   0.50 sec =  126.8934 Mbps     0 retrans
[2024-11-04T15:32:00.967949-0600]     8.1875 MB /   0.50 sec =  137.3470 Mbps     0 retrans
[2024-11-04T15:32:01.467819-0600]     9.0000 MB /   0.50 sec =  150.9952 Mbps     0 retrans
[2024-11-04T15:32:01.967773-0600]     9.3750 MB /   0.50 sec =  157.3018 Mbps     0 retrans
[2024-11-04T15:32:02.468775-0600]     8.8750 MB /   0.50 sec =  148.7149 Mbps     0 retrans
[2024-11-04T15:32:02.968176-0600]     8.5625 MB /   0.50 sec =  143.7207 Mbps     0 retrans
[2024-11-04T15:32:03.467845-0600]     8.1875 MB /   0.50 sec =  137.4545 Mbps     0 retrans
[2024-11-04T15:32:03.967817-0600]     7.7500 MB /   0.50 sec =  130.0354 Mbps     0 retrans
[2024-11-04T15:32:04.467827-0600]     7.6875 MB /   0.50 sec =  128.9643 Mbps     0 retrans
[2024-11-04T15:32:04.967764-0600]     8.1875 MB /   0.50 sec =  137.3783 Mbps     0 retrans
[2024-11-04T15:32:05.467829-0600]     8.8750 MB /   0.50 sec =  148.8796 Mbps     0 retrans
[2024-11-04T15:32:05.967862-0600]     8.1875 MB /   0.50 sec =  137.3566 Mbps     0 retrans
[2024-11-04T15:32:06.467776-0600]     8.1875 MB /   0.50 sec =  137.3887 Mbps     0 retrans
[2024-11-04T15:32:06.967768-0600]     8.8750 MB /   0.50 sec =  148.8966 Mbps     0 retrans
[2024-11-04T15:32:07.467749-0600]     8.9375 MB /   0.50 sec =  149.9482 Mbps     0 retrans
[2024-11-04T15:32:07.967702-0600]     8.6250 MB /   0.50 sec =  144.7055 Mbps     0 retrans
[2024-11-04T15:32:08.467759-0600]     8.6875 MB /   0.50 sec =  145.7509 Mbps     0 retrans
[2024-11-04T15:32:08.967849-0600]     9.0000 MB /   0.50 sec =  150.9708 Mbps     0 retrans
[2024-11-04T15:32:09.467995-0600]     9.1250 MB /   0.50 sec =  153.1114 Mbps     0 retrans
[2024-11-04T15:32:09.967759-0600]     8.6875 MB /   0.50 sec =  145.7561 Mbps     0 retrans
[2024-11-04T15:32:10.467742-0600]     9.4375 MB /   0.50 sec =  158.3366 Mbps     0 retrans
[2024-11-04T15:32:10.967762-0600]    10.5000 MB /   0.50 sec =  176.1601 Mbps     0 retrans
[2024-11-04T15:32:11.467832-0600]     9.2500 MB /   0.50 sec =  155.1654 Mbps     0 retrans
[2024-11-04T15:32:11.967765-0600]     9.7500 MB /   0.50 sec =  163.5985 Mbps     0 retrans
[2024-11-04T15:32:12.467802-0600]     9.2500 MB /   0.50 sec =  155.1883 Mbps     0 retrans
[2024-11-04T15:32:12.967793-0600]    10.2500 MB /   0.50 sec =  171.9568 Mbps     0 retrans
[2024-11-04T15:32:13.467907-0600]     8.6250 MB /   0.50 sec =  144.7107 Mbps     0 retrans
[2024-11-04T15:32:13.967928-0600]     6.3750 MB /   0.50 sec =  106.9569 Mbps     0 retrans
[2024-11-04T15:32:14.467950-0600]     8.0000 MB /   0.50 sec =  134.2183 Mbps     0 retrans
[2024-11-04T15:32:14.967774-0600]     8.5625 MB /   0.50 sec =  143.6566 Mbps     0 retrans
[2024-11-04T15:32:15.467797-0600]     8.3125 MB /   0.50 sec =  139.4584 Mbps     0 retrans
[2024-11-04T15:32:15.967751-0600]     7.0625 MB /   0.50 sec =  118.4910 Mbps     0 retrans
[2024-11-04T15:32:16.467885-0600]     8.0000 MB /   0.50 sec =  134.2175 Mbps     0 retrans
[2024-11-04T15:32:16.967755-0600]     8.5625 MB /   0.50 sec =  143.6558 Mbps     0 retrans
[2024-11-04T15:32:17.467751-0600]     8.0625 MB /   0.50 sec =  135.2658 Mbps     0 retrans
[2024-11-04T15:32:17.967679-0600]     7.7500 MB /   0.50 sec =  130.0312 Mbps     0 retrans
[2024-11-04T15:32:18.467855-0600]     8.1875 MB /   0.50 sec =  137.3341 Mbps     0 retrans
[2024-11-04T15:32:18.967887-0600]     8.1875 MB /   0.50 sec =  137.3835 Mbps     0 retrans
[2024-11-04T15:32:19.467809-0600]     7.1875 MB /   0.50 sec =  120.5826 Mbps     0 retrans
[2024-11-04T15:32:19.967725-0600]     7.1250 MB /   0.50 sec =  119.5415 Mbps     0 retrans
[2024-11-04T15:32:20.467807-0600]     7.2500 MB /   0.50 sec =  121.6292 Mbps     0 retrans
[2024-11-04T15:32:20.967783-0600]     7.6250 MB /   0.50 sec =  127.9324 Mbps     0 retrans
[2024-11-04T15:32:21.467845-0600]     3.1250 MB /   0.50 sec =   52.4230 Mbps     0 retrans
[2024-11-04T15:32:21.967763-0600]     5.8750 MB /   0.50 sec =   98.5774 Mbps     0 retrans
[2024-11-04T15:32:22.467766-0600]     7.9375 MB /   0.50 sec =  133.1678 Mbps     0 retrans
[2024-11-04T15:32:22.967745-0600]     8.3125 MB /   0.50 sec =  139.4617 Mbps     0 retrans
[2024-11-04T15:32:23.467895-0600]     7.6250 MB /   0.50 sec =  127.9224 Mbps     0 retrans
[2024-11-04T15:32:23.967769-0600]     7.6875 MB /   0.50 sec =  128.9759 Mbps     0 retrans
[2024-11-04T15:32:24.467815-0600]     8.1250 MB /   0.50 sec =  136.3004 Mbps     0 retrans
[2024-11-04T15:32:24.967781-0600]     7.1875 MB /   0.50 sec =  120.6010 Mbps     0 retrans
[2024-11-04T15:32:25.467692-0600]     6.9375 MB /   0.50 sec =  116.3950 Mbps     0 retrans
[2024-11-04T15:32:25.967772-0600]     6.2500 MB /   0.50 sec =  104.8547 Mbps     0 retrans
[2024-11-04T15:32:26.467845-0600]     7.3750 MB /   0.50 sec =  123.7144 Mbps     0 retrans
[2024-11-04T15:32:26.967761-0600]     7.0625 MB /   0.50 sec =  118.5062 Mbps     0 retrans
[2024-11-04T15:32:27.467763-0600]     6.6250 MB /   0.50 sec =  111.1491 Mbps     0 retrans
[2024-11-04T15:32:27.967773-0600]     7.6875 MB /   0.50 sec =  128.9751 Mbps     0 retrans
[2024-11-04T15:32:28.467760-0600]     7.7500 MB /   0.50 sec =  130.0213 Mbps     0 retrans
[2024-11-04T15:32:28.967862-0600]     8.1875 MB /   0.50 sec =  137.3429 Mbps     0 retrans
[2024-11-04T15:32:29.467945-0600]     8.7500 MB /   0.50 sec =  146.8077 Mbps     0 retrans
[2024-11-04T15:32:29.967763-0600]     8.1250 MB /   0.50 sec =  136.3310 Mbps     0 retrans
[2024-11-04T15:32:30.467831-0600]     8.6250 MB /   0.50 sec =  144.6908 Mbps     0 retrans
[2024-11-04T15:32:30.967867-0600]     9.0625 MB /   0.50 sec =  152.0575 Mbps     0 retrans
[2024-11-04T15:32:31.467765-0600]     8.0000 MB /   0.50 sec =  134.2167 Mbps     0 retrans
[2024-11-04T15:32:31.967727-0600]     7.1250 MB /   0.50 sec =  119.5365 Mbps     0 retrans
[2024-11-04T15:32:32.467779-0600]     6.5000 MB /   0.50 sec =  109.0504 Mbps     0 retrans
[2024-11-04T15:32:32.967712-0600]     8.6875 MB /   0.50 sec =  145.7596 Mbps     0 retrans
[2024-11-04T15:32:33.467857-0600]     9.2500 MB /   0.50 sec =  155.1802 Mbps     0 retrans
[2024-11-04T15:32:33.967766-0600]     8.6875 MB /   0.50 sec =  145.7564 Mbps     0 retrans
[2024-11-04T15:32:34.468032-0600]     9.0000 MB /   0.50 sec =  150.9768 Mbps     0 retrans
[2024-11-04T15:32:34.967931-0600]     7.3125 MB /   0.50 sec =  122.6971 Mbps     0 retrans
[2024-11-04T15:32:35.467784-0600]     6.6875 MB /   0.50 sec =  112.1974 Mbps     0 retrans
[2024-11-04T15:32:35.967788-0600]     7.5625 MB /   0.50 sec =  126.8772 Mbps     0 retrans
[2024-11-04T15:32:36.467794-0600]     8.1875 MB /   0.50 sec =  137.3629 Mbps     0 retrans
[2024-11-04T15:32:36.967772-0600]     8.2500 MB /   0.50 sec =  138.4148 Mbps     0 retrans
[2024-11-04T15:32:37.467755-0600]     7.1875 MB /   0.50 sec =  120.5908 Mbps     0 retrans
[2024-11-04T15:32:37.967787-0600]     7.2500 MB /   0.50 sec =  121.6273 Mbps     0 retrans
[2024-11-04T15:32:38.467938-0600]     7.1875 MB /   0.50 sec =  120.5894 Mbps     0 retrans
[2024-11-04T15:32:38.967852-0600]     1.6250 MB /   0.50 sec =   27.2588 Mbps     0 retrans
[2024-11-04T15:32:39.467786-0600]     7.5000 MB /   0.50 sec =  125.8460 Mbps     0 retrans
[2024-11-04T15:32:39.967960-0600]     7.6875 MB /   0.50 sec =  128.9764 Mbps     0 retrans
[2024-11-04T15:32:40.467822-0600]     7.5000 MB /   0.50 sec =  125.8256 Mbps     0 retrans
[2024-11-04T15:32:40.967871-0600]     7.6250 MB /   0.50 sec =  127.9117 Mbps     0 retrans
[2024-11-04T15:32:41.467820-0600]     7.0000 MB /   0.50 sec =  117.4532 Mbps     0 retrans
[2024-11-04T15:32:41.967808-0600]     7.3125 MB /   0.50 sec =  122.6844 Mbps     0 retrans
[2024-11-04T15:32:42.467774-0600]     7.0625 MB /   0.50 sec =  118.4931 Mbps     0 retrans
[2024-11-04T15:32:42.967686-0600]     8.1875 MB /   0.50 sec =  137.3733 Mbps     0 retrans
[2024-11-04T15:32:43.467843-0600]     8.2500 MB /   0.50 sec =  138.3846 Mbps     0 retrans
[2024-11-04T15:32:43.967782-0600]     8.6875 MB /   0.50 sec =  145.7696 Mbps     0 retrans
[2024-11-04T15:32:44.467889-0600]     8.2500 MB /   0.50 sec =  138.3885 Mbps     0 retrans
[2024-11-04T15:32:44.967863-0600]     7.8750 MB /   0.50 sec =  132.1256 Mbps     0 retrans
[2024-11-04T15:32:45.467778-0600]     7.3750 MB /   0.50 sec =  123.7483 Mbps     0 retrans
[2024-11-04T15:32:45.967802-0600]     7.3125 MB /   0.50 sec =  122.6819 Mbps     0 retrans
[2024-11-04T15:32:46.467816-0600]     7.6250 MB /   0.50 sec =  127.9219 Mbps     0 retrans
[2024-11-04T15:32:46.967791-0600]     7.2500 MB /   0.50 sec =  121.6387 Mbps     0 retrans
[2024-11-04T15:32:47.467950-0600]     7.4375 MB /   0.50 sec =  124.7825 Mbps     0 retrans
[2024-11-04T15:32:47.967874-0600]     7.0625 MB /   0.50 sec =  118.4689 Mbps     0 retrans
[2024-11-04T15:32:48.467707-0600]     7.5000 MB /   0.50 sec =  125.8540 Mbps     0 retrans
[2024-11-04T15:32:48.967872-0600]     7.0625 MB /   0.50 sec =  118.4753 Mbps     0 retrans
[2024-11-04T15:32:49.467851-0600]     2.3750 MB /   0.50 sec =   39.8445 Mbps     0 retrans
[2024-11-04T15:32:49.967786-0600]     6.9375 MB /   0.50 sec =  116.4045 Mbps     0 retrans
[2024-11-04T15:32:50.467796-0600]     7.5000 MB /   0.50 sec =  125.8284 Mbps     0 retrans
[2024-11-04T15:32:50.967776-0600]     7.6250 MB /   0.50 sec =  127.9293 Mbps     0 retrans
[2024-11-04T15:32:51.467784-0600]     7.4375 MB /   0.50 sec =  124.7783 Mbps     0 retrans
[2024-11-04T15:32:51.967796-0600]     7.8125 MB /   0.50 sec =  131.0741 Mbps     0 retrans
[2024-11-04T15:32:52.467777-0600]     8.4375 MB /   0.50 sec =  141.5561 Mbps     0 retrans
[2024-11-04T15:32:52.967827-0600]     8.6875 MB /   0.50 sec =  145.7392 Mbps     0 retrans
[2024-11-04T15:32:53.467930-0600]     8.9375 MB /   0.50 sec =  149.9596 Mbps     0 retrans
[2024-11-04T15:32:53.967751-0600]     9.2500 MB /   0.50 sec =  155.1902 Mbps     0 retrans
[2024-11-04T15:32:54.467808-0600]    10.0625 MB /   0.50 sec =  168.8130 Mbps     0 retrans
[2024-11-04T15:32:54.967783-0600]    10.0625 MB /   0.50 sec =  168.8288 Mbps     0 retrans
[2024-11-04T15:32:55.467840-0600]    10.3750 MB /   0.50 sec =  174.0480 Mbps     0 retrans
[2024-11-04T15:32:55.967793-0600]    10.6875 MB /   0.50 sec =  179.3230 Mbps     0 retrans
[2024-11-04T15:32:56.467884-0600]     9.7500 MB /   0.50 sec =  163.5514 Mbps     0 retrans
[2024-11-04T15:32:56.967789-0600]    10.6875 MB /   0.50 sec =  179.3345 Mbps     0 retrans
[2024-11-04T15:32:57.467788-0600]    10.6250 MB /   0.50 sec =  178.2593 Mbps     0 retrans
[2024-11-04T15:32:57.967781-0600]    10.5000 MB /   0.50 sec =  176.1579 Mbps     0 retrans
[2024-11-04T15:32:58.467793-0600]    10.2500 MB /   0.50 sec =  171.9630 Mbps     0 retrans
[2024-11-04T15:32:58.967797-0600]    11.5625 MB /   0.50 sec =  193.9908 Mbps     0 retrans
[2024-11-04T15:32:59.467863-0600]    12.1875 MB /   0.50 sec =  204.4384 Mbps     0 retrans
[2024-11-04T15:32:59.967809-0600]    11.4375 MB /   0.50 sec =  191.9193 Mbps     0 retrans
[2024-11-04T15:33:00.467793-0600]    11.1250 MB /   0.50 sec =  186.6503 Mbps     0 retrans
[2024-11-04T15:33:00.967783-0600]    11.9375 MB /   0.50 sec =  200.2780 Mbps     0 retrans
[2024-11-04T15:33:01.467812-0600]    11.8750 MB /   0.50 sec =  199.2239 Mbps     0 retrans
[2024-11-04T15:33:01.967794-0600]    11.1875 MB /   0.50 sec =  187.6985 Mbps     0 retrans
[2024-11-04T15:33:02.468093-0600]    11.0000 MB /   0.50 sec =  184.5158 Mbps     0 retrans
[2024-11-04T15:33:02.967810-0600]    10.9375 MB /   0.50 sec =  183.5335 Mbps     0 retrans
[2024-11-04T15:33:03.467852-0600]    10.7500 MB /   0.50 sec =  180.3360 Mbps     0 retrans
[2024-11-04T15:33:03.967778-0600]    10.6250 MB /   0.50 sec =  178.2786 Mbps     0 retrans
[2024-11-04T15:33:04.467776-0600]    11.5000 MB /   0.50 sec =  192.9411 Mbps     0 retrans
[2024-11-04T15:33:04.967742-0600]    10.5625 MB /   0.50 sec =  177.2164 Mbps     0 retrans
[2024-11-04T15:33:05.467799-0600]    10.5625 MB /   0.50 sec =  177.2019 Mbps     0 retrans
[2024-11-04T15:33:05.967797-0600]     3.1250 MB /   0.50 sec =   52.4286 Mbps     0 retrans
[2024-11-04T15:33:06.467843-0600]    10.8125 MB /   0.50 sec =  181.3801 Mbps     0 retrans
[2024-11-04T15:33:06.967805-0600]     9.8125 MB /   0.50 sec =  164.6449 Mbps     0 retrans
[2024-11-04T15:33:07.467785-0600]     8.8750 MB /   0.50 sec =  148.8990 Mbps     0 retrans
[2024-11-04T15:33:07.967788-0600]     8.1250 MB /   0.50 sec =  136.3135 Mbps     0 retrans
[2024-11-04T15:33:08.467771-0600]     8.4375 MB /   0.50 sec =  141.5606 Mbps     0 retrans
[2024-11-04T15:33:08.967805-0600]     8.2500 MB /   0.50 sec =  138.4120 Mbps     0 retrans
[2024-11-04T15:33:09.468052-0600]     9.0625 MB /   0.50 sec =  152.0347 Mbps     0 retrans
[2024-11-04T15:33:09.967739-0600]     9.0000 MB /   0.50 sec =  151.0073 Mbps     0 retrans
[2024-11-04T15:33:10.467708-0600]    10.6875 MB /   0.50 sec =  179.3076 Mbps     0 retrans
[2024-11-04T15:33:10.967803-0600]    12.0000 MB /   0.50 sec =  201.3133 Mbps     0 retrans
[2024-11-04T15:33:11.467798-0600]    10.2500 MB /   0.50 sec =  171.9699 Mbps     0 retrans
[2024-11-04T15:33:11.967772-0600]     8.6250 MB /   0.50 sec =  144.7046 Mbps     0 retrans
[2024-11-04T15:33:12.467772-0600]     8.3750 MB /   0.50 sec =  140.5117 Mbps     0 retrans
[2024-11-04T15:33:12.967769-0600]     6.0000 MB /   0.50 sec =  100.6627 Mbps     0 retrans
[2024-11-04T15:33:13.467872-0600]     2.5000 MB /   0.50 sec =   41.9350 Mbps     0 retrans
[2024-11-04T15:33:13.967776-0600]     7.8125 MB /   0.50 sec =  131.0956 Mbps     0 retrans
[2024-11-04T15:33:14.467812-0600]     3.6875 MB /   0.50 sec =   61.8641 Mbps     0 retrans
[2024-11-04T15:33:14.967812-0600]     5.8750 MB /   0.50 sec =   98.5650 Mbps     0 retrans
[2024-11-04T15:33:15.467810-0600]     6.1250 MB /   0.50 sec =  102.7600 Mbps     0 retrans
[2024-11-04T15:33:15.967757-0600]     7.7500 MB /   0.50 sec =  130.0312 Mbps     0 retrans
[2024-11-04T15:33:16.467760-0600]     8.0625 MB /   0.50 sec =  135.2652 Mbps     0 retrans
[2024-11-04T15:33:16.967788-0600]     8.7500 MB /   0.50 sec =  146.7956 Mbps     0 retrans
[2024-11-04T15:33:17.467775-0600]     9.7500 MB /   0.50 sec =  163.5824 Mbps     0 retrans
[2024-11-04T15:33:17.967759-0600]     8.8125 MB /   0.50 sec =  147.8501 Mbps     0 retrans
[2024-11-04T15:33:18.467759-0600]     7.1875 MB /   0.50 sec =  120.5867 Mbps     0 retrans
[2024-11-04T15:33:18.967773-0600]     5.8750 MB /   0.50 sec =   98.5646 Mbps     0 retrans
[2024-11-04T15:33:19.467787-0600]     6.0000 MB /   0.50 sec =  100.6641 Mbps     0 retrans
[2024-11-04T15:33:19.967790-0600]     5.3750 MB /   0.50 sec =   90.1768 Mbps     0 retrans
[2024-11-04T15:33:20.467799-0600]     5.8125 MB /   0.50 sec =   97.5150 Mbps     0 retrans
[2024-11-04T15:33:20.967820-0600]     6.5000 MB /   0.50 sec =  109.0543 Mbps     0 retrans
[2024-11-04T15:33:21.467754-0600]     6.4375 MB /   0.50 sec =  108.0059 Mbps     0 retrans
[2024-11-04T15:33:21.968103-0600]     7.6875 MB /   0.50 sec =  128.9467 Mbps     0 retrans
[2024-11-04T15:33:22.467756-0600]     6.6875 MB /   0.50 sec =  112.2228 Mbps     0 retrans
[2024-11-04T15:33:22.967788-0600]     7.1875 MB /   0.50 sec =  120.5831 Mbps     0 retrans
[2024-11-04T15:33:23.467784-0600]     7.5000 MB /   0.50 sec =  125.8306 Mbps     0 retrans
[2024-11-04T15:33:23.967865-0600]     6.8750 MB /   0.50 sec =  115.3270 Mbps     0 retrans
[2024-11-04T15:33:24.467811-0600]     1.2500 MB /   0.50 sec =   20.9742 Mbps     0 retrans
[2024-11-04T15:33:24.967781-0600]     7.3750 MB /   0.50 sec =  123.7339 Mbps     0 retrans
[2024-11-04T15:33:25.467803-0600]     7.5000 MB /   0.50 sec =  125.8286 Mbps     0 retrans
[2024-11-04T15:33:25.967677-0600]     7.5000 MB /   0.50 sec =  125.8384 Mbps     0 retrans
[2024-11-04T15:33:26.467823-0600]     7.8750 MB /   0.50 sec =  132.1084 Mbps     0 retrans
[2024-11-04T15:33:26.967789-0600]     7.9375 MB /   0.50 sec =  133.1715 Mbps     0 retrans
[2024-11-04T15:33:27.467803-0600]     8.3125 MB /   0.50 sec =  139.4592 Mbps     0 retrans
[2024-11-04T15:33:27.967752-0600]     7.8750 MB /   0.50 sec =  132.1211 Mbps     0 retrans
[2024-11-04T15:33:28.467813-0600]     7.5000 MB /   0.50 sec =  125.8311 Mbps     0 retrans
[2024-11-04T15:33:28.967752-0600]     8.5625 MB /   0.50 sec =  143.6615 Mbps     0 retrans
[2024-11-04T15:33:29.467846-0600]     9.1875 MB /   0.50 sec =  154.1382 Mbps     0 retrans
[2024-11-04T15:33:29.967999-0600]     7.8125 MB /   0.50 sec =  131.0647 Mbps     0 retrans
[2024-11-04T15:33:30.467797-0600]     6.2500 MB /   0.50 sec =  104.8597 Mbps     0 retrans
[2024-11-04T15:33:30.967692-0600]     6.3750 MB /   0.50 sec =  106.9612 Mbps     0 retrans
[2024-11-04T15:33:31.467782-0600]     6.8125 MB /   0.50 sec =  114.2872 Mbps     0 retrans
[2024-11-04T15:33:31.967755-0600]     6.5000 MB /   0.50 sec =  109.0532 Mbps     0 retrans
[2024-11-04T15:33:32.467753-0600]     7.1250 MB /   0.50 sec =  119.5432 Mbps     0 retrans
[2024-11-04T15:33:32.967776-0600]     8.0625 MB /   0.50 sec =  135.2579 Mbps     0 retrans
[2024-11-04T15:33:33.467776-0600]     7.3750 MB /   0.50 sec =  123.7295 Mbps     0 retrans
[2024-11-04T15:33:33.967935-0600]     7.2500 MB /   0.50 sec =  121.6282 Mbps     0 retrans
[2024-11-04T15:33:34.467724-0600]     6.4375 MB /   0.50 sec =  108.0148 Mbps     0 retrans
[2024-11-04T15:33:34.967925-0600]     2.7500 MB /   0.50 sec =   46.1257 Mbps     0 retrans
[2024-11-04T15:33:35.467779-0600]     5.2500 MB /   0.50 sec =   88.0989 Mbps     0 retrans
[2024-11-04T15:33:35.967950-0600]     6.2500 MB /   0.50 sec =  104.8467 Mbps     0 retrans
[2024-11-04T15:33:36.467759-0600]     5.6875 MB /   0.50 sec =   95.4328 Mbps     0 retrans
[2024-11-04T15:33:36.967763-0600]     5.5000 MB /   0.50 sec =   92.2749 Mbps     0 retrans
[2024-11-04T15:33:37.467754-0600]     5.8750 MB /   0.50 sec =   98.5656 Mbps     0 retrans
[2024-11-04T15:33:37.967762-0600]     5.7500 MB /   0.50 sec =   96.4690 Mbps     0 retrans
[2024-11-04T15:33:38.467833-0600]     6.2500 MB /   0.50 sec =  104.8488 Mbps     0 retrans
[2024-11-04T15:33:38.967729-0600]     6.6875 MB /   0.50 sec =  112.2050 Mbps     0 retrans
[2024-11-04T15:33:39.467844-0600]     5.8125 MB /   0.50 sec =   97.5107 Mbps     0 retrans
[2024-11-04T15:33:39.967957-0600]     5.5000 MB /   0.50 sec =   92.2821 Mbps     0 retrans
[2024-11-04T15:33:40.467771-0600]     6.6875 MB /   0.50 sec =  112.1979 Mbps     0 retrans
[2024-11-04T15:33:40.967784-0600]     6.0625 MB /   0.50 sec =  101.7109 Mbps     0 retrans
[2024-11-04T15:33:41.467765-0600]     6.7500 MB /   0.50 sec =  113.2458 Mbps     0 retrans
[2024-11-04T15:33:41.967776-0600]     6.4375 MB /   0.50 sec =  108.0038 Mbps     0 retrans
[2024-11-04T15:33:42.467793-0600]     6.0000 MB /   0.50 sec =  100.6617 Mbps     0 retrans
[2024-11-04T15:33:42.967760-0600]     7.3750 MB /   0.50 sec =  123.7359 Mbps     0 retrans
End time: 1730756023333
