Start time: 1730693375274
[2024-11-03T21:09:51.796597-0700] nuttcp-t: v8.1.4: socket
[2024-11-03T21:09:51.797441-0700] nuttcp-t: buflen=65536, nstream=1, port=5103 tcp -> 54.176.53.206
[2024-11-03T21:09:51.797518-0700] nuttcp-t: time limit = 120.00 seconds
[2024-11-03T21:09:51.797574-0700] nuttcp-t: connect to 54.176.53.206 with mss=1448, RTT=66.964 ms af=inet
[2024-11-03T21:09:51.797624-0700] nuttcp-t: send window size = 1048576, receive window size = 1048576
[2024-11-03T21:09:51.797672-0700] nuttcp-t: available send window = 786432, available receive window = 786432
[2024-11-03T21:09:51.797720-0700] nuttcp-t: initial congestion window = 14 KB (10 packets)
[2024-11-03T21:09:51.797765-0700] nuttcp-r: v6.1.2: socket
[2024-11-03T21:09:51.797820-0700] nuttcp-r: buflen=65536, nstream=1, port=5103 tcp
[2024-11-03T21:09:51.797865-0700] nuttcp-r: interval reporting every 0.50 seconds
[2024-11-03T21:09:51.797911-0700] nuttcp-r: accept from 216.147.127.16
[2024-11-03T21:09:51.797954-0700] nuttcp-r: send window size = 450000000, receive window size = 450000000
[2024-11-03T21:09:51.797997-0700] nuttcp-r: available send window = 225000000, available receive window = 225000000
[2024-11-03T21:09:51.798050-0700]     0.6875 MB /   0.50 sec =   11.5338 Mbps    14 retrans    260 KB-cwnd
[2024-11-03T21:09:52.366196-0700]     2.0000 MB /   0.50 sec =   33.5543 Mbps     6 retrans    125 KB-cwnd
[2024-11-03T21:09:53.078628-0700]     0.9375 MB /   0.50 sec =   15.7285 Mbps     6 retrans     67 KB-cwnd
[2024-11-03T21:09:54.077426-0700]     0.5625 MB /   0.50 sec =    9.4372 Mbps     2 retrans     60 KB-cwnd
[2024-11-03T21:09:54.077982-0700]     0.5625 MB /   0.50 sec =    9.4372 Mbps     0 retrans     60 KB-cwnd
[2024-11-03T21:09:54.969766-0700]     0.5000 MB /   0.50 sec =    8.3884 Mbps     0 retrans     72 KB-cwnd
[2024-11-03T21:09:54.970102-0700]     0.5000 MB /   0.50 sec =    8.3891 Mbps     0 retrans     72 KB-cwnd
[2024-11-03T21:09:55.810179-0700]     0.5000 MB /   0.50 sec =    8.3881 Mbps     0 retrans     79 KB-cwnd
[2024-11-03T21:09:55.810693-0700]     0.5625 MB /   0.50 sec =    9.4376 Mbps     0 retrans     79 KB-cwnd
[2024-11-03T21:09:56.909564-0700]     0.4375 MB /   0.50 sec =    7.3398 Mbps    12 retrans     73 KB-cwnd
[2024-11-03T21:09:56.909941-0700]     0.3125 MB /   0.50 sec =    5.2430 Mbps     0 retrans     73 KB-cwnd
[2024-11-03T21:09:57.782147-0700]     0.4375 MB /   0.50 sec =    7.3401 Mbps     0 retrans     80 KB-cwnd
[2024-11-03T21:09:57.782527-0700]     0.5625 MB /   0.50 sec =    9.4372 Mbps     0 retrans     80 KB-cwnd
[2024-11-03T21:09:58.552476-0700]     0.5625 MB /   0.50 sec =    9.4371 Mbps     4 retrans     59 KB-cwnd
[2024-11-03T21:09:59.643109-0700]     0.5625 MB /   0.50 sec =    9.4374 Mbps     5 retrans     31 KB-cwnd
[2024-11-03T21:09:59.643589-0700]     0.4375 MB /   0.50 sec =    7.3400 Mbps     0 retrans     31 KB-cwnd
[2024-11-03T21:09:59.643703-0700]     0.3125 MB /   0.50 sec =    5.2428 Mbps     0 retrans     31 KB-cwnd
[2024-11-03T21:10:01.307588-0700]     0.2500 MB /   0.50 sec =    4.1944 Mbps     3 retrans     41 KB-cwnd
[2024-11-03T21:10:01.307972-0700]     0.2500 MB /   0.50 sec =    4.1942 Mbps     0 retrans     41 KB-cwnd
[2024-11-03T21:10:01.308081-0700]     0.3125 MB /   0.50 sec =    5.2430 Mbps     0 retrans     41 KB-cwnd
[2024-11-03T21:10:02.858647-0700]     0.2500 MB /   0.50 sec =    4.1943 Mbps     3 retrans     32 KB-cwnd
[2024-11-03T21:10:02.859121-0700]     0.3750 MB /   0.50 sec =    6.2915 Mbps     0 retrans     32 KB-cwnd
[2024-11-03T21:10:02.859265-0700]     0.3125 MB /   0.50 sec =    5.2428 Mbps     0 retrans     32 KB-cwnd
[2024-11-03T21:10:05.095225-0700]     0.1875 MB /   0.50 sec =    3.1457 Mbps     1 retrans     73 KB-cwnd
[2024-11-03T21:10:05.095393-0700]     0.1250 MB /   0.50 sec =    2.0970 Mbps     0 retrans     74 KB-cwnd
[2024-11-03T21:10:05.095466-0700]     0.1875 MB /   0.50 sec =    3.1458 Mbps     0 retrans     74 KB-cwnd
[2024-11-03T21:10:05.095495-0700]     0.2500 MB /   0.50 sec =    4.1943 Mbps     0 retrans     74 KB-cwnd
[2024-11-03T21:10:06.137384-0700]     0.3125 MB /   0.50 sec =    5.2428 Mbps     1 retrans     69 KB-cwnd
[2024-11-03T21:10:06.137918-0700]     0.3125 MB /   0.50 sec =    5.2430 Mbps     0 retrans     69 KB-cwnd
[2024-11-03T21:10:06.138063-0700]     0.5000 MB /   0.50 sec =    8.3886 Mbps     0 retrans     69 KB-cwnd
[2024-11-03T21:10:07.049888-0700]     0.5000 MB /   0.50 sec =    8.3886 Mbps     4 retrans     46 KB-cwnd
[2024-11-03T21:10:08.560364-0700]     0.3750 MB /   0.50 sec =    6.2913 Mbps     3 retrans     38 KB-cwnd
[2024-11-03T21:10:08.560934-0700]     0.3125 MB /   0.50 sec =    5.2426 Mbps     0 retrans     38 KB-cwnd
[2024-11-03T21:10:08.561080-0700]     0.3125 MB /   0.50 sec =    5.2433 Mbps     0 retrans     38 KB-cwnd
[2024-11-03T21:10:10.775135-0700]     0.3125 MB /   0.50 sec =    5.2430 Mbps     6 retrans     80 KB-cwnd
[2024-11-03T21:10:10.775647-0700]     0.1875 MB /   0.50 sec =    3.1456 Mbps     0 retrans     80 KB-cwnd
[2024-11-03T21:10:10.775763-0700]     0.1875 MB /   0.50 sec =    3.1456 Mbps     0 retrans     80 KB-cwnd
[2024-11-03T21:10:10.775849-0700]     0.1875 MB /   0.50 sec =    3.1460 Mbps     0 retrans     80 KB-cwnd
[2024-11-03T21:10:10.775931-0700]     0.1875 MB /   0.50 sec =    3.1458 Mbps     0 retrans     80 KB-cwnd
[2024-11-03T21:10:11.819332-0700]     0.4375 MB /   0.50 sec =    7.3399 Mbps     2 retrans     48 KB-cwnd
[2024-11-03T21:10:11.819703-0700]     0.3750 MB /   0.50 sec =    6.2914 Mbps     0 retrans     48 KB-cwnd
[2024-11-03T21:10:13.380331-0700]     0.2500 MB /   0.50 sec =    4.1943 Mbps     3 retrans     38 KB-cwnd
[2024-11-03T21:10:13.380879-0700]     0.3125 MB /   0.50 sec =    5.2428 Mbps     0 retrans     38 KB-cwnd
[2024-11-03T21:10:13.381029-0700]     0.2500 MB /   0.50 sec =    4.1940 Mbps     0 retrans     38 KB-cwnd
[2024-11-03T21:10:14.540079-0700]     0.3125 MB /   0.50 sec =    5.2433 Mbps     3 retrans     49 KB-cwnd
[2024-11-03T21:10:14.540636-0700]     0.5000 MB /   0.50 sec =    8.3885 Mbps     0 retrans     49 KB-cwnd
[2024-11-03T21:10:16.071171-0700]     0.3750 MB /   0.50 sec =    6.2914 Mbps     0 retrans     57 KB-cwnd
[2024-11-03T21:10:16.071348-0700]     0.2500 MB /   0.50 sec =    4.1943 Mbps     0 retrans     57 KB-cwnd
[2024-11-03T21:10:16.071380-0700]     0.2500 MB /   0.50 sec =    4.1944 Mbps     0 retrans     57 KB-cwnd
[2024-11-03T21:10:17.211074-0700]     0.3125 MB /   0.50 sec =    5.2430 Mbps     3 retrans     86 KB-cwnd
[2024-11-03T21:10:17.211345-0700]     0.3750 MB /   0.50 sec =    6.2915 Mbps     0 retrans     86 KB-cwnd
[2024-11-03T21:10:17.211471-0700]     0.5625 MB /   0.50 sec =    9.4370 Mbps     0 retrans     86 KB-cwnd
[2024-11-03T21:10:18.258918-0700]     0.4375 MB /   0.50 sec =    7.3402 Mbps    29 retrans     45 KB-cwnd
[2024-11-03T21:10:18.259108-0700]     0.3750 MB /   0.50 sec =    6.2912 Mbps     0 retrans     45 KB-cwnd
[2024-11-03T21:10:19.742836-0700]     0.3750 MB /   0.50 sec =    6.2919 Mbps     2 retrans     36 KB-cwnd
[2024-11-03T21:10:19.743318-0700]     0.2500 MB /   0.50 sec =    4.1942 Mbps     0 retrans     36 KB-cwnd
[2024-11-03T21:10:19.743799-0700]     0.2500 MB /   0.50 sec =    4.1942 Mbps     0 retrans     36 KB-cwnd
[2024-11-03T21:10:20.904718-0700]     0.3125 MB /   0.50 sec =    5.2431 Mbps     2 retrans     69 KB-cwnd
[2024-11-03T21:10:20.905155-0700]     0.5000 MB /   0.50 sec =    8.3884 Mbps     0 retrans     69 KB-cwnd
[2024-11-03T21:10:21.855292-0700]     0.5000 MB /   0.50 sec =    8.3886 Mbps     4 retrans     35 KB-cwnd
[2024-11-03T21:10:21.855601-0700]     0.4375 MB /   0.50 sec =    7.3400 Mbps     0 retrans     35 KB-cwnd
[2024-11-03T21:10:23.223538-0700]     0.3125 MB /   0.50 sec =    5.2427 Mbps     1 retrans     72 KB-cwnd
[2024-11-03T21:10:23.223716-0700]     0.3125 MB /   0.50 sec =    5.2430 Mbps     0 retrans     72 KB-cwnd
[2024-11-03T21:10:23.223756-0700]     0.3750 MB /   0.50 sec =    6.2915 Mbps     0 retrans     72 KB-cwnd
[2024-11-03T21:10:23.884721-0700]     0.5625 MB /   0.50 sec =    9.4367 Mbps     2 retrans     66 KB-cwnd
[2024-11-03T21:10:24.743171-0700]     0.6250 MB /   0.50 sec =   10.4865 Mbps     1 retrans     56 KB-cwnd
[2024-11-03T21:10:24.743756-0700]     0.5000 MB /   0.50 sec =    8.3881 Mbps     0 retrans     56 KB-cwnd
[2024-11-03T21:10:26.132222-0700]     0.4375 MB /   0.50 sec =    7.3402 Mbps     3 retrans     35 KB-cwnd
[2024-11-03T21:10:26.132635-0700]     0.2500 MB /   0.50 sec =    4.1942 Mbps     0 retrans     35 KB-cwnd
[2024-11-03T21:10:26.132746-0700]     0.3125 MB /   0.50 sec =    5.2430 Mbps     0 retrans     35 KB-cwnd
[2024-11-03T21:10:27.575614-0700]     0.3125 MB /   0.50 sec =    5.2382 Mbps     5 retrans     43 KB-cwnd
[2024-11-03T21:10:27.576037-0700]     0.3750 MB /   0.50 sec =    6.2974 Mbps     0 retrans     43 KB-cwnd
[2024-11-03T21:10:29.518300-0700]     0.2500 MB /   0.50 sec =    4.1942 Mbps     5 retrans     24 KB-cwnd
[2024-11-03T21:10:29.518806-0700]     0.3125 MB /   0.50 sec =    5.2430 Mbps     0 retrans     24 KB-cwnd
[2024-11-03T21:10:29.518943-0700]     0.1875 MB /   0.50 sec =    3.1458 Mbps     0 retrans     24 KB-cwnd
[2024-11-03T21:10:29.519052-0700]     0.1875 MB /   0.50 sec =    3.1457 Mbps     0 retrans     24 KB-cwnd
[2024-11-03T21:10:31.611702-0700]     0.1875 MB /   0.50 sec =    3.1458 Mbps     5 retrans     22 KB-cwnd
[2024-11-03T21:10:31.612096-0700]     0.2500 MB /   0.50 sec =    4.1943 Mbps     0 retrans     22 KB-cwnd
[2024-11-03T21:10:31.612546-0700]     0.1875 MB /   0.50 sec =    3.1458 Mbps     0 retrans     22 KB-cwnd
[2024-11-03T21:10:31.612635-0700]     0.2500 MB /   0.50 sec =    4.1943 Mbps     0 retrans     22 KB-cwnd
[2024-11-03T21:10:33.549505-0700]     0.1875 MB /   0.50 sec =    3.1455 Mbps     2 retrans     32 KB-cwnd
[2024-11-03T21:10:33.550001-0700]     0.1875 MB /   0.50 sec =    3.1458 Mbps     0 retrans     32 KB-cwnd
[2024-11-03T21:10:33.550144-0700]     0.1875 MB /   0.50 sec =    3.1458 Mbps     0 retrans     32 KB-cwnd
[2024-11-03T21:10:33.550258-0700]     0.2500 MB /   0.50 sec =    4.1942 Mbps     0 retrans     32 KB-cwnd
[2024-11-03T21:10:34.788541-0700]     0.2500 MB /   0.50 sec =    4.1944 Mbps     2 retrans     62 KB-cwnd
[2024-11-03T21:10:34.788911-0700]     0.2500 MB /   0.50 sec =    4.1944 Mbps     0 retrans     62 KB-cwnd
[2024-11-03T21:10:34.788998-0700]     0.3125 MB /   0.50 sec =    5.2428 Mbps     0 retrans     62 KB-cwnd
[2024-11-03T21:10:35.914240-0700]     0.5625 MB /   0.50 sec =    9.4373 Mbps     2 retrans     43 KB-cwnd
[2024-11-03T21:10:35.914704-0700]     0.3750 MB /   0.50 sec =    6.2914 Mbps     0 retrans     43 KB-cwnd
[2024-11-03T21:10:37.215662-0700]     0.3750 MB /   0.50 sec =    6.2913 Mbps     1 retrans     43 KB-cwnd
[2024-11-03T21:10:37.216052-0700]     0.3125 MB /   0.50 sec =    5.2428 Mbps     0 retrans     43 KB-cwnd
[2024-11-03T21:10:37.216157-0700]     0.3125 MB /   0.50 sec =    5.2430 Mbps     0 retrans     43 KB-cwnd
[2024-11-03T21:10:38.667856-0700]     0.3125 MB /   0.50 sec =    5.2425 Mbps     1 retrans     45 KB-cwnd
[2024-11-03T21:10:38.668135-0700]     0.3125 MB /   0.50 sec =    5.2434 Mbps     0 retrans     45 KB-cwnd
[2024-11-03T21:10:38.668225-0700]     0.3125 MB /   0.50 sec =    5.2428 Mbps     0 retrans     45 KB-cwnd
[2024-11-03T21:10:40.001579-0700]     0.3750 MB /   0.50 sec =    6.2915 Mbps     5 retrans     38 KB-cwnd
[2024-11-03T21:10:40.002104-0700]     0.3125 MB /   0.50 sec =    5.2430 Mbps     0 retrans     38 KB-cwnd
[2024-11-03T21:10:41.539567-0700]     0.2500 MB /   0.50 sec =    4.1943 Mbps    15 retrans     66 KB-cwnd
[2024-11-03T21:10:41.539941-0700]     0.2500 MB /   0.50 sec =    4.1935 Mbps     0 retrans     66 KB-cwnd
[2024-11-03T21:10:41.540048-0700]     0.2500 MB /   0.50 sec =    4.1951 Mbps     0 retrans     66 KB-cwnd
[2024-11-03T21:10:43.147963-0700]     0.3750 MB /   0.50 sec =    6.2915 Mbps     4 retrans     39 KB-cwnd
[2024-11-03T21:10:43.148484-0700]     0.3125 MB /   0.50 sec =    5.2429 Mbps     0 retrans     39 KB-cwnd
[2024-11-03T21:10:43.148599-0700]     0.2500 MB /   0.50 sec =    4.1944 Mbps     0 retrans     39 KB-cwnd
[2024-11-03T21:10:43.148689-0700]     0.2500 MB /   0.50 sec =    4.1942 Mbps     0 retrans     39 KB-cwnd
[2024-11-03T21:10:44.065626-0700]     0.3750 MB /   0.50 sec =    6.2911 Mbps     2 retrans     72 KB-cwnd
[2024-11-03T21:10:44.822678-0700]     0.6250 MB /   0.50 sec =   10.4867 Mbps     0 retrans     79 KB-cwnd
[2024-11-03T21:10:44.822951-0700]     0.5625 MB /   0.50 sec =    9.4368 Mbps     0 retrans     79 KB-cwnd
[2024-11-03T21:10:45.651835-0700]     0.5625 MB /   0.50 sec =    9.4373 Mbps     1 retrans     74 KB-cwnd
[2024-11-03T21:10:45.652361-0700]     0.5000 MB /   0.50 sec =    8.3885 Mbps     0 retrans     74 KB-cwnd
[2024-11-03T21:10:46.548493-0700]     0.5000 MB /   0.50 sec =    8.3887 Mbps     0 retrans     80 KB-cwnd
[2024-11-03T21:10:47.312779-0700]     0.5625 MB /   0.50 sec =    9.4374 Mbps     0 retrans    108 KB-cwnd
[2024-11-03T21:10:47.313255-0700]     0.5000 MB /   0.50 sec =    8.3883 Mbps     0 retrans    108 KB-cwnd
[2024-11-03T21:10:47.972248-0700]     0.6250 MB /   0.50 sec =   10.4857 Mbps     2 retrans     87 KB-cwnd
[2024-11-03T21:10:48.656450-0700]     0.7500 MB /   0.50 sec =   12.5826 Mbps     0 retrans     93 KB-cwnd
[2024-11-03T21:10:48.656896-0700]     0.6250 MB /   0.50 sec =   10.4863 Mbps     0 retrans     93 KB-cwnd
[2024-11-03T21:10:49.326176-0700]     0.6875 MB /   0.50 sec =   11.5342 Mbps     1 retrans     86 KB-cwnd
[2024-11-03T21:10:50.208319-0700]     0.6250 MB /   0.50 sec =   10.4856 Mbps     2 retrans     73 KB-cwnd
[2024-11-03T21:10:50.208746-0700]     0.5000 MB /   0.50 sec =    8.3887 Mbps     0 retrans     73 KB-cwnd
[2024-11-03T21:10:51.237222-0700]     0.5000 MB /   0.50 sec =    8.3885 Mbps     0 retrans     80 KB-cwnd
[2024-11-03T21:10:51.237431-0700]     0.4375 MB /   0.50 sec =    7.3404 Mbps     0 retrans     80 KB-cwnd
[2024-11-03T21:10:52.228902-0700]     0.3750 MB /   0.50 sec =    6.2913 Mbps     4 retrans    120 KB-cwnd
[2024-11-03T21:10:52.229219-0700]     0.5625 MB /   0.50 sec =    9.4370 Mbps     0 retrans    120 KB-cwnd
[2024-11-03T21:10:53.124863-0700]     0.5625 MB /   0.50 sec =    9.4371 Mbps     2 retrans    101 KB-cwnd
[2024-11-03T21:10:53.862234-0700]     0.4375 MB /   0.50 sec =    7.3401 Mbps     6 retrans     83 KB-cwnd
[2024-11-03T21:10:53.862408-0700]     0.6250 MB /   0.50 sec =   10.4862 Mbps     0 retrans     83 KB-cwnd
[2024-11-03T21:10:54.511093-0700]     0.5625 MB /   0.50 sec =    9.4351 Mbps     0 retrans     89 KB-cwnd
[2024-11-03T21:10:55.281887-0700]     0.6875 MB /   0.50 sec =   11.5368 Mbps     1 retrans     77 KB-cwnd
[2024-11-03T21:10:55.282310-0700]     0.5625 MB /   0.50 sec =    9.4368 Mbps     0 retrans     77 KB-cwnd
[2024-11-03T21:10:56.055338-0700]     0.6250 MB /   0.50 sec =   10.4859 Mbps     3 retrans    103 KB-cwnd
[2024-11-03T21:10:56.790761-0700]     0.6250 MB /   0.50 sec =   10.4851 Mbps     2 retrans     76 KB-cwnd
[2024-11-03T21:10:56.790936-0700]     0.6250 MB /   0.50 sec =   10.4865 Mbps     0 retrans     76 KB-cwnd
[2024-11-03T21:11:01.305251-0700]     0.4375 MB /   0.50 sec =    7.3400 Mbps    91 retrans     24 KB-cwnd
[2024-11-03T21:11:01.305807-0700]     0.0000 MB /   0.50 sec =    0.0000 Mbps     0 retrans     24 KB-cwnd
[2024-11-03T21:11:01.305955-0700]     0.0625 MB /   0.50 sec =    1.0485 Mbps     0 retrans     24 KB-cwnd
[2024-11-03T21:11:01.306073-0700]     0.0625 MB /   0.50 sec =    1.0486 Mbps     0 retrans     24 KB-cwnd
[2024-11-03T21:11:01.306185-0700]     0.0000 MB /   0.50 sec =    0.0000 Mbps     0 retrans     24 KB-cwnd
[2024-11-03T21:11:01.306294-0700]     0.1875 MB /   0.50 sec =    3.1457 Mbps     0 retrans     24 KB-cwnd
[2024-11-03T21:11:01.306404-0700]     0.1250 MB /   0.50 sec =    2.0973 Mbps     0 retrans     24 KB-cwnd
[2024-11-03T21:11:01.306513-0700]     0.0625 MB /   0.50 sec =    1.0485 Mbps     0 retrans     24 KB-cwnd
[2024-11-03T21:11:01.306619-0700]     0.1250 MB /   0.50 sec =    2.0971 Mbps     0 retrans     24 KB-cwnd
[2024-11-03T21:11:06.024623-0700]     0.0625 MB /   0.50 sec =    1.0486 Mbps    18 retrans     53 KB-cwnd
[2024-11-03T21:11:06.025091-0700]     0.1250 MB /   0.50 sec =    2.0973 Mbps     0 retrans     53 KB-cwnd
[2024-11-03T21:11:06.025200-0700]     0.0625 MB /   0.50 sec =    1.0485 Mbps     0 retrans     53 KB-cwnd
[2024-11-03T21:11:06.025349-0700]     0.0000 MB /   0.50 sec =    0.0000 Mbps     0 retrans     53 KB-cwnd
[2024-11-03T21:11:06.025435-0700]     0.0625 MB /   0.50 sec =    1.0486 Mbps     0 retrans     53 KB-cwnd
[2024-11-03T21:11:06.025512-0700]     0.1250 MB /   0.50 sec =    2.0971 Mbps     0 retrans     53 KB-cwnd
[2024-11-03T21:11:06.025588-0700]     0.0625 MB /   0.50 sec =    1.0486 Mbps     0 retrans     53 KB-cwnd
[2024-11-03T21:11:06.025667-0700]     0.1250 MB /   0.50 sec =    2.0971 Mbps     0 retrans     53 KB-cwnd
[2024-11-03T21:11:06.025742-0700]     0.0625 MB /   0.50 sec =    1.0485 Mbps     0 retrans     53 KB-cwnd
[2024-11-03T21:11:09.699245-0700]     0.2500 MB /   0.50 sec =    4.1947 Mbps    25 retrans     26 KB-cwnd
[2024-11-03T21:11:09.699766-0700]     0.1250 MB /   0.50 sec =    2.0970 Mbps     0 retrans     26 KB-cwnd
[2024-11-03T21:11:09.699873-0700]     0.1250 MB /   0.50 sec =    2.0972 Mbps     0 retrans     26 KB-cwnd
[2024-11-03T21:11:09.699959-0700]     0.1250 MB /   0.50 sec =    2.0972 Mbps     0 retrans     26 KB-cwnd
[2024-11-03T21:11:09.700038-0700]     0.1250 MB /   0.50 sec =    2.0972 Mbps     0 retrans     26 KB-cwnd
[2024-11-03T21:11:09.700114-0700]     0.1250 MB /   0.50 sec =    2.0972 Mbps     0 retrans     26 KB-cwnd
[2024-11-03T21:11:09.700190-0700]     0.0625 MB /   0.50 sec =    1.0485 Mbps     0 retrans     26 KB-cwnd
[2024-11-03T21:11:09.700268-0700]     0.1250 MB /   0.50 sec =    2.0969 Mbps     0 retrans     26 KB-cwnd
[2024-11-03T21:11:13.349564-0700]     0.1250 MB /   0.50 sec =    2.0972 Mbps    12 retrans    127 KB-cwnd
[2024-11-03T21:11:13.350112-0700]     0.0625 MB /   0.50 sec =    1.0487 Mbps     0 retrans    127 KB-cwnd
[2024-11-03T21:11:13.350257-0700]     0.0625 MB /   0.50 sec =    1.0484 Mbps     0 retrans    127 KB-cwnd
[2024-11-03T21:11:13.350368-0700]     0.0625 MB /   0.50 sec =    1.0487 Mbps     0 retrans    127 KB-cwnd
[2024-11-03T21:11:13.350469-0700]     0.0625 MB /   0.50 sec =    1.0486 Mbps     0 retrans    127 KB-cwnd
[2024-11-03T21:11:13.350569-0700]     0.0625 MB /   0.50 sec =    1.0486 Mbps     0 retrans    127 KB-cwnd
[2024-11-03T21:11:13.350671-0700]     0.1875 MB /   0.50 sec =    3.1458 Mbps     0 retrans    127 KB-cwnd
[2024-11-03T21:11:14.001264-0700]     0.8125 MB /   0.50 sec =   13.6315 Mbps    14 retrans     67 KB-cwnd
[2024-11-03T21:11:14.842308-0700]     0.5000 MB /   0.50 sec =    8.3885 Mbps     0 retrans     77 KB-cwnd
[2024-11-03T21:11:14.842606-0700]     0.5625 MB /   0.50 sec =    9.4371 Mbps     0 retrans     77 KB-cwnd
[2024-11-03T21:11:15.948070-0700]     0.2500 MB /   0.50 sec =    4.1941 Mbps    12 retrans     46 KB-cwnd
[2024-11-03T21:11:15.948509-0700]     0.5625 MB /   0.50 sec =    9.4374 Mbps     0 retrans     46 KB-cwnd
[2024-11-03T21:11:17.709519-0700]     0.3750 MB /   0.50 sec =    6.2914 Mbps     6 retrans     41 KB-cwnd
[2024-11-03T21:11:17.710010-0700]     0.2500 MB /   0.50 sec =    4.1944 Mbps     0 retrans     41 KB-cwnd
[2024-11-03T21:11:17.710149-0700]     0.1875 MB /   0.50 sec =    3.1456 Mbps     0 retrans     41 KB-cwnd
[2024-11-03T21:11:17.710267-0700]     0.3125 MB /   0.50 sec =    5.2432 Mbps     0 retrans     41 KB-cwnd
[2024-11-03T21:11:18.996480-0700]     0.3125 MB /   0.50 sec =    5.2429 Mbps     6 retrans     50 KB-cwnd
[2024-11-03T21:11:18.997135-0700]     0.3750 MB /   0.50 sec =    6.2913 Mbps     0 retrans     50 KB-cwnd
[2024-11-03T21:11:19.962184-0700]     0.4375 MB /   0.50 sec =    7.3400 Mbps     4 retrans     74 KB-cwnd
[2024-11-03T21:11:19.962536-0700]     0.4375 MB /   0.50 sec =    7.3400 Mbps     0 retrans     74 KB-cwnd
[2024-11-03T21:11:20.912290-0700]     0.5625 MB /   0.50 sec =    9.4361 Mbps     6 retrans     41 KB-cwnd
[2024-11-03T21:11:20.912736-0700]     0.4375 MB /   0.50 sec =    7.3408 Mbps     0 retrans     41 KB-cwnd
[2024-11-03T21:11:22.506496-0700]     0.3750 MB /   0.50 sec =    6.2915 Mbps    10 retrans     29 KB-cwnd
[2024-11-03T21:11:22.506918-0700]     0.3125 MB /   0.50 sec =    5.2430 Mbps     0 retrans     29 KB-cwnd
[2024-11-03T21:11:22.507070-0700]     0.2500 MB /   0.50 sec =    4.1943 Mbps     0 retrans     29 KB-cwnd
[2024-11-03T21:11:23.590689-0700]     0.1875 MB /   0.50 sec =    3.1457 Mbps     6 retrans     63 KB-cwnd
[2024-11-03T21:11:23.591251-0700]     0.2500 MB /   0.50 sec =    4.1942 Mbps     0 retrans     63 KB-cwnd
[2024-11-03T21:11:25.388502-0700]     0.6875 MB /   0.50 sec =   11.5345 Mbps    14 retrans     25 KB-cwnd
[2024-11-03T21:11:25.388811-0700]     0.3125 MB /   0.50 sec =    5.2429 Mbps     0 retrans     25 KB-cwnd
[2024-11-03T21:11:25.388906-0700]     0.2500 MB /   0.50 sec =    4.1944 Mbps     0 retrans     25 KB-cwnd
[2024-11-03T21:11:25.388988-0700]     0.1250 MB /   0.50 sec =    2.0972 Mbps     0 retrans     25 KB-cwnd
[2024-11-03T21:11:27.753011-0700]     0.2500 MB /   0.50 sec =    4.1934 Mbps    20 retrans    110 KB-cwnd
[2024-11-03T21:11:27.753414-0700]     0.1250 MB /   0.50 sec =    2.0976 Mbps     0 retrans    110 KB-cwnd
[2024-11-03T21:11:27.753516-0700]     0.1875 MB /   0.50 sec =    3.1458 Mbps     0 retrans    110 KB-cwnd
[2024-11-03T21:11:27.753603-0700]     0.1875 MB /   0.50 sec =    3.1457 Mbps     0 retrans    110 KB-cwnd
[2024-11-03T21:11:27.753686-0700]     0.1250 MB /   0.50 sec =    2.0972 Mbps     0 retrans    110 KB-cwnd
[2024-11-03T21:11:28.437379-0700]     0.8125 MB /   0.50 sec =   13.6263 Mbps     1 retrans     83 KB-cwnd
[2024-11-03T21:11:29.260344-0700]     0.5000 MB /   0.50 sec =    8.3921 Mbps     1 retrans     80 KB-cwnd
[2024-11-03T21:11:29.260626-0700]     0.5625 MB /   0.50 sec =    9.4371 Mbps     0 retrans     80 KB-cwnd
[2024-11-03T21:11:30.269921-0700]     0.5000 MB /   0.50 sec =    8.3882 Mbps     3 retrans     56 KB-cwnd
[2024-11-03T21:11:30.270401-0700]     0.4375 MB /   0.50 sec =    7.3402 Mbps     0 retrans     56 KB-cwnd
[2024-11-03T21:11:31.353999-0700]     0.3750 MB /   0.50 sec =    6.2906 Mbps     3 retrans     97 KB-cwnd
[2024-11-03T21:11:31.354546-0700]     0.4375 MB /   0.50 sec =    7.3412 Mbps     0 retrans     97 KB-cwnd
[2024-11-03T21:11:31.975800-0700]     0.6250 MB /   0.50 sec =   10.4856 Mbps     1 retrans     89 KB-cwnd
[2024-11-03T21:11:32.856668-0700]     0.6875 MB /   0.50 sec =   11.5344 Mbps     1 retrans     79 KB-cwnd
[2024-11-03T21:11:32.857056-0700]     0.5000 MB /   0.50 sec =    8.3885 Mbps     0 retrans     79 KB-cwnd
[2024-11-03T21:11:33.761837-0700]     0.4375 MB /   0.50 sec =    7.3399 Mbps     2 retrans     70 KB-cwnd
[2024-11-03T21:11:33.762341-0700]     0.5000 MB /   0.50 sec =    8.3890 Mbps     0 retrans     70 KB-cwnd
[2024-11-03T21:11:34.735504-0700]     0.5625 MB /   0.50 sec =    9.4359 Mbps     1 retrans     70 KB-cwnd
[2024-11-03T21:11:34.735887-0700]     0.5000 MB /   0.50 sec =    8.3881 Mbps     0 retrans     70 KB-cwnd
[2024-11-03T21:11:35.639503-0700]     0.5000 MB /   0.50 sec =    8.3901 Mbps     0 retrans     82 KB-cwnd
[2024-11-03T21:11:35.639727-0700]     0.4375 MB /   0.50 sec =    7.3400 Mbps     0 retrans     82 KB-cwnd
End time: 1730693496395
