Start time: 1731007108127
[2024-11-07T14:18:28.957742-0500] nuttcp-r: v8.1.4: socket
[2024-11-07T14:18:28.958462-0500] nuttcp-r: buflen=65536, nstream=1, port=5101 tcp
[2024-11-07T14:18:28.958529-0500] nuttcp-r: interval reporting every 0.50 seconds
[2024-11-07T14:18:28.958581-0500] nuttcp-r: connect to 54.197.223.49 with RTT=51.360 ms af=inet
[2024-11-07T14:18:28.958628-0500] nuttcp-r: send window size = 2097152, receive window size = 6291456
[2024-11-07T14:18:28.958674-0500] nuttcp-r: available send window = 1572864, available receive window = 4718592
[2024-11-07T14:18:28.958719-0500]     0.8750 MB /   0.50 sec =   14.6781 Mbps     0 retrans     13 KB-cwnd
[2024-11-07T14:18:29.457710-0500]     2.0000 MB /   0.50 sec =   33.5517 Mbps     0 retrans     13 KB-cwnd
[2024-11-07T14:18:29.957583-0500]     3.8125 MB /   0.50 sec =   63.9716 Mbps     0 retrans     13 KB-cwnd
[2024-11-07T14:18:30.457649-0500]     4.5625 MB /   0.50 sec =   76.5439 Mbps     0 retrans     13 KB-cwnd
[2024-11-07T14:18:30.957651-0500]     4.3750 MB /   0.50 sec =   73.3917 Mbps     0 retrans     13 KB-cwnd
[2024-11-07T14:18:31.457736-0500]     6.1875 MB /   0.50 sec =  103.7982 Mbps     0 retrans     13 KB-cwnd
[2024-11-07T14:18:31.957632-0500]     7.5000 MB /   0.50 sec =  125.8457 Mbps     0 retrans     13 KB-cwnd
[2024-11-07T14:18:32.457606-0500]     8.3125 MB /   0.50 sec =  139.4762 Mbps     0 retrans     13 KB-cwnd
[2024-11-07T14:18:32.957695-0500]     8.1250 MB /   0.50 sec =  136.2936 Mbps     0 retrans     13 KB-cwnd
[2024-11-07T14:18:33.457693-0500]     6.3750 MB /   0.50 sec =  106.9526 Mbps     0 retrans     13 KB-cwnd
[2024-11-07T14:18:33.957671-0500]     8.6875 MB /   0.50 sec =  145.7599 Mbps     0 retrans     13 KB-cwnd
[2024-11-07T14:18:34.457700-0500]    10.3750 MB /   0.50 sec =  174.0612 Mbps     0 retrans     13 KB-cwnd
[2024-11-07T14:18:34.957617-0500]    10.6875 MB /   0.50 sec =  179.3248 Mbps     0 retrans     13 KB-cwnd
[2024-11-07T14:18:35.457809-0500]     9.5000 MB /   0.50 sec =  159.3848 Mbps     0 retrans     13 KB-cwnd
[2024-11-07T14:18:35.957720-0500]     2.3125 MB /   0.50 sec =   38.7903 Mbps     0 retrans     13 KB-cwnd
[2024-11-07T14:18:36.457566-0500]     5.8750 MB /   0.50 sec =   98.5898 Mbps     0 retrans     13 KB-cwnd
[2024-11-07T14:18:36.957590-0500]    12.3125 MB /   0.50 sec =  206.5649 Mbps     0 retrans     13 KB-cwnd
[2024-11-07T14:18:37.457943-0500]     3.4375 MB /   0.50 sec =   57.6557 Mbps     0 retrans     13 KB-cwnd
[2024-11-07T14:18:37.957589-0500]     6.8750 MB /   0.50 sec =  115.3713 Mbps     0 retrans     13 KB-cwnd
[2024-11-07T14:18:38.457616-0500]    14.0000 MB /   0.50 sec =  234.8773 Mbps     0 retrans     14 KB-cwnd
[2024-11-07T14:18:38.957650-0500]     7.7500 MB /   0.50 sec =  130.0226 Mbps     0 retrans     14 KB-cwnd
[2024-11-07T14:18:39.457607-0500]    13.5625 MB /   0.50 sec =  227.5501 Mbps     0 retrans     26 KB-cwnd
[2024-11-07T14:18:39.957598-0500]    12.4375 MB /   0.50 sec =  208.6670 Mbps     0 retrans     26 KB-cwnd
[2024-11-07T14:18:40.457694-0500]     1.1250 MB /   0.50 sec =   18.8718 Mbps     0 retrans     26 KB-cwnd
[2024-11-07T14:18:40.957548-0500]     7.8125 MB /   0.50 sec =  131.0945 Mbps     0 retrans     26 KB-cwnd
[2024-11-07T14:18:41.457727-0500]    13.1875 MB /   0.50 sec =  221.2128 Mbps     0 retrans     26 KB-cwnd
[2024-11-07T14:18:41.957742-0500]     8.5625 MB /   0.50 sec =  143.6546 Mbps     0 retrans     26 KB-cwnd
[2024-11-07T14:18:42.457772-0500]     6.5625 MB /   0.50 sec =  110.0970 Mbps     0 retrans     26 KB-cwnd
[2024-11-07T14:18:42.957511-0500]    14.6875 MB /   0.50 sec =  246.4696 Mbps     0 retrans     26 KB-cwnd
[2024-11-07T14:18:43.457667-0500]    16.0625 MB /   0.50 sec =  269.4485 Mbps     0 retrans     26 KB-cwnd
[2024-11-07T14:18:43.957596-0500]     9.1875 MB /   0.50 sec =  154.1376 Mbps     0 retrans     26 KB-cwnd
[2024-11-07T14:18:44.457892-0500]     1.1875 MB /   0.50 sec =   19.9153 Mbps     0 retrans     26 KB-cwnd
[2024-11-07T14:18:44.957553-0500]    18.0000 MB /   0.50 sec =  302.1410 Mbps     0 retrans     30 KB-cwnd
[2024-11-07T14:18:45.457674-0500]    17.1250 MB /   0.50 sec =  287.2926 Mbps     0 retrans     34 KB-cwnd
[2024-11-07T14:18:45.957711-0500]    14.8750 MB /   0.50 sec =  249.5257 Mbps     0 retrans     34 KB-cwnd
[2024-11-07T14:18:46.457807-0500]     0.9375 MB /   0.50 sec =   15.7267 Mbps     0 retrans     34 KB-cwnd
[2024-11-07T14:18:46.957579-0500]     7.1250 MB /   0.50 sec =  119.5764 Mbps     0 retrans     34 KB-cwnd
[2024-11-07T14:18:47.457740-0500]     5.4375 MB /   0.50 sec =   91.2135 Mbps     0 retrans     34 KB-cwnd
[2024-11-07T14:18:47.957538-0500]     8.9375 MB /   0.50 sec =  149.9683 Mbps     0 retrans     44 KB-cwnd
[2024-11-07T14:18:48.457803-0500]    14.6250 MB /   0.50 sec =  245.3530 Mbps     0 retrans     44 KB-cwnd
[2024-11-07T14:18:48.957680-0500]    13.0000 MB /   0.50 sec =  218.0968 Mbps     0 retrans     45 KB-cwnd
[2024-11-07T14:18:49.457656-0500]    15.6875 MB /   0.50 sec =  263.2063 Mbps     0 retrans     45 KB-cwnd
[2024-11-07T14:18:49.957590-0500]    16.3750 MB /   0.50 sec =  274.7341 Mbps     0 retrans     59 KB-cwnd
[2024-11-07T14:18:50.457815-0500]    17.3750 MB /   0.50 sec =  291.4085 Mbps     0 retrans     59 KB-cwnd
[2024-11-07T14:18:50.957772-0500]     5.3125 MB /   0.50 sec =   89.1359 Mbps     0 retrans     59 KB-cwnd
[2024-11-07T14:18:51.457708-0500]     0.0000 MB /   0.50 sec =    0.0000 Mbps     0 retrans     59 KB-cwnd
[2024-11-07T14:18:51.957509-0500]     8.5000 MB /   0.50 sec =  142.6332 Mbps     0 retrans     59 KB-cwnd
[2024-11-07T14:18:52.457682-0500]     9.1875 MB /   0.50 sec =  154.1197 Mbps    91 retrans   4848 KB-cwnd
[2024-11-07T14:18:52.957614-0500]     5.8750 MB /   0.50 sec =   98.5721 Mbps     0 retrans   4848 KB-cwnd
[2024-11-07T14:18:53.457613-0500]     7.1875 MB /   0.50 sec =  120.5855 Mbps     0 retrans   4848 KB-cwnd
[2024-11-07T14:18:53.957728-0500]     7.8750 MB /   0.50 sec =  132.1237 Mbps     0 retrans   4848 KB-cwnd
[2024-11-07T14:18:54.457725-0500]     8.3125 MB /   0.50 sec =  139.4347 Mbps     0 retrans   4848 KB-cwnd
[2024-11-07T14:18:54.957511-0500]    11.3125 MB /   0.50 sec =  189.8382 Mbps     0 retrans   4848 KB-cwnd
[2024-11-07T14:18:55.457767-0500]    11.5000 MB /   0.50 sec =  192.8855 Mbps     0 retrans   4848 KB-cwnd
[2024-11-07T14:18:55.957525-0500]    13.1250 MB /   0.50 sec =  220.2582 Mbps     0 retrans   4848 KB-cwnd
[2024-11-07T14:18:56.457673-0500]    13.9375 MB /   0.50 sec =  233.7960 Mbps   412 retrans   6482 KB-cwnd
[2024-11-07T14:18:56.957772-0500]    13.1250 MB /   0.50 sec =  220.2067 Mbps     0 retrans   6511 KB-cwnd
[2024-11-07T14:18:57.457723-0500]    11.5000 MB /   0.50 sec =  192.9191 Mbps     0 retrans   6511 KB-cwnd
[2024-11-07T14:18:57.957747-0500]     0.0000 MB /   0.50 sec =    0.0000 Mbps     0 retrans   6511 KB-cwnd
[2024-11-07T14:18:58.457642-0500]     9.4375 MB /   0.50 sec =  158.3552 Mbps     0 retrans   6511 KB-cwnd
[2024-11-07T14:18:58.957689-0500]    16.0625 MB /   0.50 sec =  269.4512 Mbps     0 retrans   6511 KB-cwnd
[2024-11-07T14:18:59.457631-0500]    13.8125 MB /   0.50 sec =  231.7659 Mbps     0 retrans   6511 KB-cwnd
[2024-11-07T14:18:59.957614-0500]    10.9375 MB /   0.50 sec =  183.4986 Mbps   116 retrans   3824 KB-cwnd
[2024-11-07T14:19:00.457716-0500]     0.0000 MB /   0.50 sec =    0.0000 Mbps     0 retrans   3824 KB-cwnd
[2024-11-07T14:19:00.957609-0500]    16.5625 MB /   0.50 sec =  277.9321 Mbps     0 retrans   3824 KB-cwnd
[2024-11-07T14:19:01.457528-0500]    15.0000 MB /   0.50 sec =  251.6703 Mbps     0 retrans   3824 KB-cwnd
[2024-11-07T14:19:01.957729-0500]     4.6250 MB /   0.50 sec =   77.5729 Mbps     0 retrans   3824 KB-cwnd
[2024-11-07T14:19:02.457656-0500]     5.0000 MB /   0.50 sec =   83.9010 Mbps     0 retrans   3824 KB-cwnd
[2024-11-07T14:19:02.957904-0500]     0.8125 MB /   0.50 sec =   13.6318 Mbps     0 retrans   3824 KB-cwnd
[2024-11-07T14:19:03.457656-0500]     2.1250 MB /   0.50 sec =   35.6507 Mbps     0 retrans   3824 KB-cwnd
[2024-11-07T14:19:03.957689-0500]     6.1875 MB /   0.50 sec =  103.7997 Mbps     0 retrans   3824 KB-cwnd
[2024-11-07T14:19:04.457633-0500]    10.3125 MB /   0.50 sec =  173.0382 Mbps     0 retrans   3676 KB-cwnd
[2024-11-07T14:19:04.957574-0500]     9.8750 MB /   0.50 sec =  165.6684 Mbps     0 retrans   3676 KB-cwnd
[2024-11-07T14:19:05.457650-0500]     7.6250 MB /   0.50 sec =  127.9229 Mbps     0 retrans   3676 KB-cwnd
[2024-11-07T14:19:05.957725-0500]     6.9375 MB /   0.50 sec =  116.3752 Mbps     0 retrans   3676 KB-cwnd
[2024-11-07T14:19:06.457604-0500]     8.3750 MB /   0.50 sec =  140.5373 Mbps     0 retrans   3676 KB-cwnd
[2024-11-07T14:19:06.957681-0500]    11.5000 MB /   0.50 sec =  192.9083 Mbps     0 retrans   3676 KB-cwnd
[2024-11-07T14:19:07.457646-0500]    10.8750 MB /   0.50 sec =  182.4759 Mbps     0 retrans   3770 KB-cwnd
[2024-11-07T14:19:07.957597-0500]     8.6875 MB /   0.50 sec =  145.7596 Mbps     0 retrans   3770 KB-cwnd
[2024-11-07T14:19:08.457633-0500]    14.1250 MB /   0.50 sec =  236.9749 Mbps    24 retrans   4982 KB-cwnd
[2024-11-07T14:19:08.957696-0500]     8.6250 MB /   0.50 sec =  144.7044 Mbps     0 retrans   4982 KB-cwnd
[2024-11-07T14:19:09.457809-0500]     0.0000 MB /   0.50 sec =    0.0000 Mbps     0 retrans   4982 KB-cwnd
[2024-11-07T14:19:09.957598-0500]    14.8750 MB /   0.50 sec =  249.6145 Mbps     0 retrans   4982 KB-cwnd
[2024-11-07T14:19:10.457670-0500]     1.3750 MB /   0.50 sec =   23.0667 Mbps     0 retrans   4982 KB-cwnd
[2024-11-07T14:19:10.957654-0500]    13.0000 MB /   0.50 sec =  218.1008 Mbps     0 retrans   4982 KB-cwnd
[2024-11-07T14:19:11.457621-0500]    11.3750 MB /   0.50 sec =  190.8626 Mbps     0 retrans   4982 KB-cwnd
[2024-11-07T14:19:11.957599-0500]    12.4375 MB /   0.50 sec =  208.6695 Mbps     0 retrans   4982 KB-cwnd
[2024-11-07T14:19:12.457507-0500]    10.0000 MB /   0.50 sec =  167.7816 Mbps     8 retrans   3093 KB-cwnd
[2024-11-07T14:19:12.957585-0500]     7.5000 MB /   0.50 sec =  125.8143 Mbps     0 retrans   3093 KB-cwnd
[2024-11-07T14:19:13.457583-0500]     6.3750 MB /   0.50 sec =  106.9580 Mbps     0 retrans   3093 KB-cwnd
[2024-11-07T14:19:13.957657-0500]    11.0000 MB /   0.50 sec =  184.5342 Mbps     0 retrans   3093 KB-cwnd
[2024-11-07T14:19:14.457603-0500]    15.6875 MB /   0.50 sec =  263.2184 Mbps     0 retrans   3093 KB-cwnd
[2024-11-07T14:19:14.957595-0500]    15.0000 MB /   0.50 sec =  251.6537 Mbps     0 retrans   3093 KB-cwnd
[2024-11-07T14:19:15.457652-0500]     6.9375 MB /   0.50 sec =  116.3898 Mbps     0 retrans   3093 KB-cwnd
[2024-11-07T14:19:15.957731-0500]     1.1875 MB /   0.50 sec =   19.9192 Mbps     7 retrans   4963 KB-cwnd
[2024-11-07T14:19:16.457585-0500]     6.5625 MB /   0.50 sec =  110.1267 Mbps     0 retrans   4963 KB-cwnd
[2024-11-07T14:19:16.957603-0500]     4.0000 MB /   0.50 sec =   67.1125 Mbps     0 retrans   4963 KB-cwnd
[2024-11-07T14:19:17.457644-0500]     3.0000 MB /   0.50 sec =   50.3270 Mbps     0 retrans   4963 KB-cwnd
[2024-11-07T14:19:17.957715-0500]     7.1875 MB /   0.50 sec =  120.5686 Mbps     0 retrans   4963 KB-cwnd
[2024-11-07T14:19:18.457600-0500]     9.1875 MB /   0.50 sec =  154.1693 Mbps     0 retrans   4963 KB-cwnd
[2024-11-07T14:19:18.957528-0500]    10.0625 MB /   0.50 sec =  168.8282 Mbps     0 retrans   4963 KB-cwnd
[2024-11-07T14:19:19.457614-0500]    12.3125 MB /   0.50 sec =  206.5579 Mbps     0 retrans   4963 KB-cwnd
[2024-11-07T14:19:19.957569-0500]    11.5000 MB /   0.50 sec =  192.9376 Mbps     0 retrans   4963 KB-cwnd
[2024-11-07T14:19:20.457658-0500]    11.8750 MB /   0.50 sec =  199.2286 Mbps    29 retrans   3437 KB-cwnd
[2024-11-07T14:19:20.957662-0500]    15.1875 MB /   0.50 sec =  254.7729 Mbps     0 retrans   3437 KB-cwnd
[2024-11-07T14:19:21.457647-0500]     7.3750 MB /   0.50 sec =  123.7369 Mbps     0 retrans   3437 KB-cwnd
[2024-11-07T14:19:21.957668-0500]     0.0000 MB /   0.50 sec =    0.0000 Mbps     0 retrans   3437 KB-cwnd
[2024-11-07T14:19:22.457707-0500]     0.0000 MB /   0.50 sec =    0.0000 Mbps     0 retrans   3437 KB-cwnd
[2024-11-07T14:19:22.957658-0500]     0.0000 MB /   0.50 sec =    0.0000 Mbps     0 retrans   3437 KB-cwnd
[2024-11-07T14:19:23.457884-0500]     9.3125 MB /   0.50 sec =  156.1947 Mbps     0 retrans   3437 KB-cwnd
[2024-11-07T14:19:23.957580-0500]     7.3125 MB /   0.50 sec =  122.7364 Mbps     0 retrans   3437 KB-cwnd
[2024-11-07T14:19:24.457518-0500]    10.3750 MB /   0.50 sec =  174.0730 Mbps     0 retrans   3437 KB-cwnd
[2024-11-07T14:19:24.957609-0500]    14.1875 MB /   0.50 sec =  238.0068 Mbps     0 retrans   3437 KB-cwnd
[2024-11-07T14:19:25.457583-0500]    13.6875 MB /   0.50 sec =  229.6450 Mbps   108 retrans   4871 KB-cwnd
[2024-11-07T14:19:25.957747-0500]    18.5000 MB /   0.50 sec =  310.3779 Mbps     0 retrans   4873 KB-cwnd
[2024-11-07T14:19:26.457690-0500]    17.9375 MB /   0.50 sec =  300.9100 Mbps     0 retrans   4873 KB-cwnd
[2024-11-07T14:19:26.957545-0500]    22.5000 MB /   0.50 sec =  377.5259 Mbps     0 retrans   5068 KB-cwnd
[2024-11-07T14:19:27.457684-0500]    21.4375 MB /   0.50 sec =  359.6285 Mbps     7 retrans   3749 KB-cwnd
[2024-11-07T14:19:27.957600-0500]    26.1875 MB /   0.50 sec =  439.3806 Mbps     0 retrans   3749 KB-cwnd
[2024-11-07T14:19:28.457559-0500]    29.5000 MB /   0.50 sec =  494.9566 Mbps   301 retrans   3894 KB-cwnd
[2024-11-07T14:19:28.957602-0500]    29.1250 MB /   0.50 sec =  488.6159 Mbps     0 retrans   3894 KB-cwnd
[2024-11-07T14:19:29.457634-0500]    32.6250 MB /   0.50 sec =  547.3523 Mbps     0 retrans   3894 KB-cwnd
[2024-11-07T14:19:29.957527-0500]    33.1250 MB /   0.50 sec =  555.7675 Mbps     0 retrans   5530 KB-cwnd
[2024-11-07T14:19:30.457662-0500]    29.0625 MB /   0.50 sec =  487.5469 Mbps     0 retrans   5530 KB-cwnd
[2024-11-07T14:19:30.957599-0500]    29.0625 MB /   0.50 sec =  487.6210 Mbps     0 retrans   7194 KB-cwnd
[2024-11-07T14:19:31.457604-0500]    27.3125 MB /   0.50 sec =  458.2222 Mbps     0 retrans   7194 KB-cwnd
[2024-11-07T14:19:31.957543-0500]    23.5625 MB /   0.50 sec =  395.3321 Mbps     0 retrans   7194 KB-cwnd
[2024-11-07T14:19:32.457645-0500]    21.6250 MB /   0.50 sec =  362.7877 Mbps     0 retrans   8288 KB-cwnd
[2024-11-07T14:19:32.957546-0500]    24.5625 MB /   0.50 sec =  412.1126 Mbps     0 retrans   8495 KB-cwnd
[2024-11-07T14:19:33.457623-0500]    22.9375 MB /   0.50 sec =  384.8082 Mbps     0 retrans   8793 KB-cwnd
[2024-11-07T14:19:33.957588-0500]    24.6875 MB /   0.50 sec =  414.1900 Mbps     0 retrans   6799 KB-cwnd
[2024-11-07T14:19:34.457589-0500]    28.4375 MB /   0.50 sec =  477.1097 Mbps     0 retrans   6769 KB-cwnd
[2024-11-07T14:19:34.957599-0500]    28.1875 MB /   0.50 sec =  472.9002 Mbps     0 retrans   6769 KB-cwnd
[2024-11-07T14:19:35.457524-0500]    30.7500 MB /   0.50 sec =  515.9262 Mbps     0 retrans   6286 KB-cwnd
[2024-11-07T14:19:35.957747-0500]    32.0625 MB /   0.50 sec =  537.8915 Mbps     0 retrans   6286 KB-cwnd
[2024-11-07T14:19:36.457577-0500]    26.0625 MB /   0.50 sec =  437.2641 Mbps     0 retrans   6490 KB-cwnd
[2024-11-07T14:19:36.957507-0500]    13.0625 MB /   0.50 sec =  219.1603 Mbps     0 retrans   6490 KB-cwnd
[2024-11-07T14:19:37.460647-0500]    26.5000 MB /   0.50 sec =  442.0887 Mbps     0 retrans   6538 KB-cwnd
[2024-11-07T14:19:37.957587-0500]    35.2500 MB /   0.50 sec =  594.7345 Mbps     0 retrans   7124 KB-cwnd
[2024-11-07T14:19:38.457597-0500]    40.5000 MB /   0.50 sec =  679.4881 Mbps     0 retrans   7078 KB-cwnd
[2024-11-07T14:19:38.957595-0500]    41.1875 MB /   0.50 sec =  691.0130 Mbps     0 retrans  11198 KB-cwnd
[2024-11-07T14:19:39.457673-0500]    33.2500 MB /   0.50 sec =  557.8023 Mbps     0 retrans      5 KB-cwnd
[2024-11-07T14:19:39.957558-0500]    36.0000 MB /   0.50 sec =  604.0293 Mbps     0 retrans   7957 KB-cwnd
[2024-11-07T14:19:40.457784-0500]    40.5625 MB /   0.50 sec =  680.3312 Mbps     0 retrans   7944 KB-cwnd
[2024-11-07T14:19:40.957541-0500]    37.0625 MB /   0.50 sec =  621.9984 Mbps     0 retrans   8812 KB-cwnd
[2024-11-07T14:19:41.457591-0500]    41.8125 MB /   0.50 sec =  701.4707 Mbps     0 retrans   8812 KB-cwnd
[2024-11-07T14:19:41.957608-0500]    37.8750 MB /   0.50 sec =  635.4294 Mbps     0 retrans   8780 KB-cwnd
[2024-11-07T14:19:42.457973-0500]    35.1250 MB /   0.50 sec =  589.2549 Mbps     0 retrans   8780 KB-cwnd
[2024-11-07T14:19:42.957580-0500]    39.6875 MB /   0.50 sec =  665.9057 Mbps     0 retrans   9930 KB-cwnd
[2024-11-07T14:19:43.457706-0500]    41.1875 MB /   0.50 sec =  690.9107 Mbps     0 retrans   8962 KB-cwnd
[2024-11-07T14:19:43.957604-0500]    38.4375 MB /   0.50 sec =  644.9581 Mbps     0 retrans   8962 KB-cwnd
[2024-11-07T14:19:44.457893-0500]    34.7500 MB /   0.50 sec =  582.9744 Mbps     0 retrans  11306 KB-cwnd
[2024-11-07T14:19:44.957594-0500]    35.6250 MB /   0.50 sec =  597.7278 Mbps     0 retrans  11306 KB-cwnd
[2024-11-07T14:19:45.457670-0500]    37.2500 MB /   0.50 sec =  624.8651 Mbps     0 retrans  11306 KB-cwnd
[2024-11-07T14:19:45.957624-0500]    26.5625 MB /   0.50 sec =  445.6867 Mbps     0 retrans   9228 KB-cwnd
[2024-11-07T14:19:46.457720-0500]    22.1875 MB /   0.50 sec =  372.1753 Mbps     0 retrans   9355 KB-cwnd
[2024-11-07T14:19:46.957574-0500]    27.1875 MB /   0.50 sec =  456.2455 Mbps     0 retrans   9355 KB-cwnd
[2024-11-07T14:19:47.457535-0500]    27.4375 MB /   0.50 sec =  460.3350 Mbps     0 retrans   9000 KB-cwnd
[2024-11-07T14:19:47.957639-0500]    30.3125 MB /   0.50 sec =  508.4983 Mbps     0 retrans   9000 KB-cwnd
[2024-11-07T14:19:48.457672-0500]    24.7500 MB /   0.50 sec =  415.2386 Mbps     0 retrans   8772 KB-cwnd
[2024-11-07T14:19:48.957649-0500]     5.6250 MB /   0.50 sec =   94.3713 Mbps     0 retrans   8772 KB-cwnd
[2024-11-07T14:19:49.457633-0500]    14.9375 MB /   0.50 sec =  250.6222 Mbps     0 retrans   8772 KB-cwnd
[2024-11-07T14:19:49.957581-0500]    16.8125 MB /   0.50 sec =  282.0743 Mbps     0 retrans   8772 KB-cwnd
[2024-11-07T14:19:50.457702-0500]    21.6250 MB /   0.50 sec =  362.7609 Mbps     0 retrans   8774 KB-cwnd
[2024-11-07T14:19:50.957621-0500]    29.5625 MB /   0.50 sec =  496.0251 Mbps     0 retrans   6321 KB-cwnd
[2024-11-07T14:19:51.457617-0500]    36.4375 MB /   0.50 sec =  611.3235 Mbps     0 retrans   6321 KB-cwnd
[2024-11-07T14:19:51.957594-0500]    38.9375 MB /   0.50 sec =  653.2681 Mbps     0 retrans      5 KB-cwnd
[2024-11-07T14:19:52.457659-0500]    35.3125 MB /   0.50 sec =  592.4134 Mbps     0 retrans      5 KB-cwnd
[2024-11-07T14:19:52.957552-0500]    37.3750 MB /   0.50 sec =  627.0836 Mbps     0 retrans   5197 KB-cwnd
[2024-11-07T14:19:53.457831-0500]    37.6875 MB /   0.50 sec =  632.2597 Mbps     0 retrans   5313 KB-cwnd
[2024-11-07T14:19:53.957531-0500]    26.9375 MB /   0.50 sec =  451.9833 Mbps     0 retrans   8312 KB-cwnd
[2024-11-07T14:19:54.457636-0500]    26.0000 MB /   0.50 sec =  436.1797 Mbps     0 retrans   8312 KB-cwnd
[2024-11-07T14:19:54.957603-0500]    34.5625 MB /   0.50 sec =  579.8637 Mbps     0 retrans   9132 KB-cwnd
[2024-11-07T14:19:55.457631-0500]    38.2500 MB /   0.50 sec =  641.7221 Mbps     0 retrans   9132 KB-cwnd
[2024-11-07T14:19:55.957580-0500]    43.6250 MB /   0.50 sec =  731.9178 Mbps     0 retrans   8078 KB-cwnd
[2024-11-07T14:19:56.457677-0500]    41.2500 MB /   0.50 sec =  692.0228 Mbps     0 retrans   7525 KB-cwnd
[2024-11-07T14:19:56.957659-0500]    35.9375 MB /   0.50 sec =  602.9167 Mbps     0 retrans   6651 KB-cwnd
[2024-11-07T14:19:57.457673-0500]    39.1250 MB /   0.50 sec =  656.4270 Mbps     0 retrans   6729 KB-cwnd
[2024-11-07T14:19:57.957584-0500]    37.4375 MB /   0.50 sec =  628.1674 Mbps     0 retrans   9161 KB-cwnd
[2024-11-07T14:19:58.457554-0500]    31.6875 MB /   0.50 sec =  531.6078 Mbps     0 retrans   9161 KB-cwnd
[2024-11-07T14:19:58.957625-0500]    17.3125 MB /   0.50 sec =  290.4434 Mbps     0 retrans   8643 KB-cwnd
[2024-11-07T14:19:59.457647-0500]     8.5000 MB /   0.50 sec =  142.6049 Mbps     0 retrans   8643 KB-cwnd
[2024-11-07T14:19:59.957590-0500]    19.6875 MB /   0.50 sec =  330.3186 Mbps     0 retrans   8643 KB-cwnd
[2024-11-07T14:20:00.457604-0500]    23.7500 MB /   0.50 sec =  398.4541 Mbps     0 retrans   8643 KB-cwnd
[2024-11-07T14:20:00.958155-0500]    21.0000 MB /   0.50 sec =  351.9492 Mbps     0 retrans   8643 KB-cwnd
[2024-11-07T14:20:01.457620-0500]    19.2500 MB /   0.50 sec =  323.2931 Mbps     0 retrans   9124 KB-cwnd
[2024-11-07T14:20:01.957611-0500]    21.5625 MB /   0.50 sec =  361.7710 Mbps     0 retrans   9124 KB-cwnd
[2024-11-07T14:20:02.457639-0500]    15.4375 MB /   0.50 sec =  258.9931 Mbps     0 retrans   9124 KB-cwnd
[2024-11-07T14:20:02.957504-0500]    15.6875 MB /   0.50 sec =  263.2163 Mbps     0 retrans   9124 KB-cwnd
[2024-11-07T14:20:03.457649-0500]    17.0625 MB /   0.50 sec =  286.2343 Mbps     0 retrans   6183 KB-cwnd
[2024-11-07T14:20:03.957580-0500]    15.8750 MB /   0.50 sec =  266.3484 Mbps     0 retrans   6183 KB-cwnd
[2024-11-07T14:20:04.457614-0500]    15.7500 MB /   0.50 sec =  264.2258 Mbps     0 retrans   6183 KB-cwnd
[2024-11-07T14:20:04.957762-0500]    17.1250 MB /   0.50 sec =  287.3196 Mbps     0 retrans   6183 KB-cwnd
[2024-11-07T14:20:05.457691-0500]    16.3750 MB /   0.50 sec =  274.7088 Mbps     0 retrans   5541 KB-cwnd
[2024-11-07T14:20:05.957615-0500]    11.8125 MB /   0.50 sec =  198.1935 Mbps     0 retrans   5541 KB-cwnd
[2024-11-07T14:20:06.457652-0500]    19.5625 MB /   0.50 sec =  328.1984 Mbps     0 retrans   5541 KB-cwnd
[2024-11-07T14:20:06.957547-0500]    18.6250 MB /   0.50 sec =  312.5013 Mbps     0 retrans   5541 KB-cwnd
[2024-11-07T14:20:07.457635-0500]    20.6250 MB /   0.50 sec =  346.0114 Mbps     0 retrans   4558 KB-cwnd
[2024-11-07T14:20:07.957595-0500]    25.5000 MB /   0.50 sec =  427.8164 Mbps     0 retrans   4558 KB-cwnd
[2024-11-07T14:20:08.457535-0500]    25.1250 MB /   0.50 sec =  421.5545 Mbps     0 retrans   4558 KB-cwnd
[2024-11-07T14:20:08.957673-0500]    25.1250 MB /   0.50 sec =  421.4525 Mbps     0 retrans   3939 KB-cwnd
[2024-11-07T14:20:09.457653-0500]    23.6875 MB /   0.50 sec =  397.4556 Mbps     0 retrans   3939 KB-cwnd
[2024-11-07T14:20:09.957807-0500]     3.5625 MB /   0.50 sec =   59.7578 Mbps     0 retrans   3939 KB-cwnd
[2024-11-07T14:20:10.457649-0500]    16.8750 MB /   0.50 sec =  283.1642 Mbps     0 retrans   3939 KB-cwnd
[2024-11-07T14:20:10.957532-0500]    20.2500 MB /   0.50 sec =  339.7631 Mbps     0 retrans   3972 KB-cwnd
[2024-11-07T14:20:11.457777-0500]     0.0000 MB /   0.50 sec =    0.0000 Mbps     0 retrans   3972 KB-cwnd
[2024-11-07T14:20:11.957865-0500]     0.0000 MB /   0.50 sec =    0.0000 Mbps     0 retrans   3972 KB-cwnd
[2024-11-07T14:20:12.457713-0500]     7.4375 MB /   0.50 sec =  124.7848 Mbps     0 retrans   4910 KB-cwnd
[2024-11-07T14:20:12.957579-0500]     6.0000 MB /   0.50 sec =  100.6810 Mbps     0 retrans   4910 KB-cwnd
[2024-11-07T14:20:13.457718-0500]    15.5625 MB /   0.50 sec =  261.0552 Mbps     0 retrans   4910 KB-cwnd
[2024-11-07T14:20:13.957553-0500]    22.0000 MB /   0.50 sec =  369.1770 Mbps     0 retrans   4910 KB-cwnd
[2024-11-07T14:20:14.457612-0500]    22.6250 MB /   0.50 sec =  379.5617 Mbps     0 retrans   6777 KB-cwnd
[2024-11-07T14:20:14.957538-0500]    21.0000 MB /   0.50 sec =  352.3356 Mbps     0 retrans   6777 KB-cwnd
[2024-11-07T14:20:15.457671-0500]    15.1250 MB /   0.50 sec =  253.7356 Mbps     0 retrans   6777 KB-cwnd
[2024-11-07T14:20:15.957536-0500]    19.8750 MB /   0.50 sec =  333.4765 Mbps     0 retrans   6777 KB-cwnd
[2024-11-07T14:20:16.457741-0500]    21.1250 MB /   0.50 sec =  354.3336 Mbps    20 retrans   7285 KB-cwnd
[2024-11-07T14:20:16.957630-0500]     7.3125 MB /   0.50 sec =  122.7030 Mbps     0 retrans   7285 KB-cwnd
[2024-11-07T14:20:17.457624-0500]    15.3750 MB /   0.50 sec =  257.9528 Mbps     0 retrans   7285 KB-cwnd
[2024-11-07T14:20:17.957745-0500]    18.0000 MB /   0.50 sec =  301.9977 Mbps     0 retrans   7336 KB-cwnd
[2024-11-07T14:20:18.457710-0500]    16.5000 MB /   0.50 sec =  276.7992 Mbps     0 retrans   7359 KB-cwnd
[2024-11-07T14:20:18.957629-0500]    20.0000 MB /   0.50 sec =  335.5396 Mbps     0 retrans   6132 KB-cwnd
[2024-11-07T14:20:19.457761-0500]    17.9375 MB /   0.50 sec =  300.8974 Mbps     0 retrans   6173 KB-cwnd
[2024-11-07T14:20:19.957645-0500]    20.5000 MB /   0.50 sec =  344.0093 Mbps     0 retrans   6428 KB-cwnd
[2024-11-07T14:20:20.457637-0500]    17.6875 MB /   0.50 sec =  296.7494 Mbps     0 retrans   6428 KB-cwnd
[2024-11-07T14:20:20.957605-0500]    16.7500 MB /   0.50 sec =  281.0246 Mbps     0 retrans      5 KB-cwnd
[2024-11-07T14:20:21.457553-0500]    17.0625 MB /   0.50 sec =  286.2647 Mbps     0 retrans      5 KB-cwnd
[2024-11-07T14:20:21.957632-0500]    14.4375 MB /   0.50 sec =  242.2089 Mbps     0 retrans      5 KB-cwnd
[2024-11-07T14:20:22.457748-0500]    11.6250 MB /   0.50 sec =  195.0367 Mbps     0 retrans      5 KB-cwnd
[2024-11-07T14:20:22.957727-0500]    11.3125 MB /   0.50 sec =  189.7858 Mbps     0 retrans      5 KB-cwnd
[2024-11-07T14:20:23.457655-0500]     4.2500 MB /   0.50 sec =   71.3046 Mbps     0 retrans      5 KB-cwnd
[2024-11-07T14:20:23.957547-0500]     4.1250 MB /   0.50 sec =   69.2114 Mbps     0 retrans   4762 KB-cwnd
[2024-11-07T14:20:24.457688-0500]     8.3125 MB /   0.50 sec =  139.4336 Mbps     0 retrans   4762 KB-cwnd
[2024-11-07T14:20:24.957607-0500]    12.4375 MB /   0.50 sec =  208.7046 Mbps     0 retrans   4794 KB-cwnd
[2024-11-07T14:20:25.457651-0500]     6.9375 MB /   0.50 sec =  116.3794 Mbps     0 retrans   4794 KB-cwnd
[2024-11-07T14:20:25.957558-0500]     9.1250 MB /   0.50 sec =  153.1120 Mbps     0 retrans   4794 KB-cwnd
[2024-11-07T14:20:26.457724-0500]    10.3750 MB /   0.50 sec =  174.0253 Mbps     0 retrans   4794 KB-cwnd
[2024-11-07T14:20:26.957580-0500]     7.6875 MB /   0.50 sec =  128.9929 Mbps     0 retrans   5001 KB-cwnd
[2024-11-07T14:20:27.457664-0500]     6.9375 MB /   0.50 sec =  116.3861 Mbps     0 retrans   5001 KB-cwnd
[2024-11-07T14:20:27.957600-0500]     9.8750 MB /   0.50 sec =  165.6903 Mbps     0 retrans   5283 KB-cwnd
[2024-11-07T14:20:28.457632-0500]     9.3125 MB /   0.50 sec =  156.2356 Mbps     0 retrans   5283 KB-cwnd
[2024-11-07T14:20:28.957522-0500]     7.1250 MB /   0.50 sec =  119.5465 Mbps     0 retrans   5283 KB-cwnd
End time: 1731007229223
