Start time: 1730757648318
[2024-11-04T16:00:49.343177-0600] nuttcp-r: v8.1.4: socket
[2024-11-04T16:00:49.344417-0600] nuttcp-r: buflen=65536, nstream=1, port=5102 tcp
[2024-11-04T16:00:49.344540-0600] nuttcp-r: interval reporting every 0.50 seconds
[2024-11-04T16:00:49.344637-0600] nuttcp-r: connect to 54.176.53.206 with RTT=129.781 ms af=inet
[2024-11-04T16:00:49.344723-0600] nuttcp-r: send window size = 524288, receive window size = 4194304
[2024-11-04T16:00:49.344802-0600] nuttcp-r: available send window = 393216, available receive window = 3145728
[2024-11-04T16:00:49.344884-0600]     0.0625 MB /   0.50 sec =    1.0484 Mbps     0 retrans
[2024-11-04T16:00:49.843017-0600]     0.8750 MB /   0.50 sec =   14.6815 Mbps     0 retrans
[2024-11-04T16:00:50.343075-0600]     1.3125 MB /   0.50 sec =   22.0200 Mbps     0 retrans
[2024-11-04T16:00:50.843396-0600]     2.3125 MB /   0.50 sec =   38.7976 Mbps     0 retrans
[2024-11-04T16:00:51.343102-0600]     2.5000 MB /   0.50 sec =   41.9439 Mbps     0 retrans
[2024-11-04T16:00:51.843133-0600]     2.0000 MB /   0.50 sec =   33.5555 Mbps     0 retrans
[2024-11-04T16:00:52.343972-0600]     1.0625 MB /   0.50 sec =   17.8088 Mbps     0 retrans
[2024-11-04T16:00:52.842958-0600]     2.0000 MB /   0.50 sec =   33.5847 Mbps     0 retrans
[2024-11-04T16:00:53.343097-0600]     2.1875 MB /   0.50 sec =   36.6955 Mbps     0 retrans
[2024-11-04T16:00:53.842949-0600]     2.0625 MB /   0.50 sec =   34.6083 Mbps     0 retrans
[2024-11-04T16:00:54.343416-0600]     1.3750 MB /   0.50 sec =   23.0498 Mbps     0 retrans
[2024-11-04T16:00:54.843078-0600]     1.5625 MB /   0.50 sec =   26.2316 Mbps     0 retrans
[2024-11-04T16:00:55.343016-0600]     1.4375 MB /   0.50 sec =   24.1208 Mbps     0 retrans
[2024-11-04T16:00:55.843006-0600]     1.6875 MB /   0.50 sec =   28.3114 Mbps     0 retrans
[2024-11-04T16:00:56.343200-0600]     2.1250 MB /   0.50 sec =   35.6513 Mbps     0 retrans
[2024-11-04T16:00:56.843007-0600]     1.3750 MB /   0.50 sec =   23.0688 Mbps     0 retrans
[2024-11-04T16:00:57.343053-0600]     1.7500 MB /   0.50 sec =   29.3602 Mbps     0 retrans
[2024-11-04T16:00:57.843031-0600]     2.3125 MB /   0.50 sec =   38.7973 Mbps     0 retrans
[2024-11-04T16:00:58.343091-0600]     2.3125 MB /   0.50 sec =   38.7912 Mbps     0 retrans
[2024-11-04T16:00:58.843012-0600]     2.4375 MB /   0.50 sec =   40.8997 Mbps     0 retrans
[2024-11-04T16:00:59.343240-0600]     2.1250 MB /   0.50 sec =   35.6528 Mbps     0 retrans
[2024-11-04T16:00:59.844379-0600]     0.3125 MB /   0.50 sec =    5.2290 Mbps     0 retrans
[2024-11-04T16:01:00.343021-0600]     2.0000 MB /   0.50 sec =   33.6435 Mbps     0 retrans
[2024-11-04T16:01:00.842990-0600]     2.7500 MB /   0.50 sec =   46.1383 Mbps     0 retrans
[2024-11-04T16:01:01.343005-0600]     1.8125 MB /   0.50 sec =   30.4088 Mbps     0 retrans
[2024-11-04T16:01:01.843093-0600]     1.5000 MB /   0.50 sec =   25.1618 Mbps     0 retrans
[2024-11-04T16:01:02.343048-0600]     2.1250 MB /   0.50 sec =   35.6563 Mbps     0 retrans
[2024-11-04T16:01:02.842998-0600]     2.2500 MB /   0.50 sec =   37.7488 Mbps     0 retrans
[2024-11-04T16:01:03.343199-0600]     2.2500 MB /   0.50 sec =   37.7488 Mbps     0 retrans
[2024-11-04T16:01:03.843003-0600]     2.2500 MB /   0.50 sec =   37.7494 Mbps     0 retrans
[2024-11-04T16:01:04.343017-0600]     2.0625 MB /   0.50 sec =   34.6025 Mbps     0 retrans
[2024-11-04T16:01:04.843002-0600]     1.9375 MB /   0.50 sec =   32.5063 Mbps     0 retrans
[2024-11-04T16:01:05.343023-0600]     1.8125 MB /   0.50 sec =   30.4085 Mbps     0 retrans
[2024-11-04T16:01:05.843048-0600]     1.5000 MB /   0.50 sec =   25.1629 Mbps     0 retrans
[2024-11-04T16:01:06.343015-0600]     1.6250 MB /   0.50 sec =   27.2661 Mbps     0 retrans
[2024-11-04T16:01:06.843020-0600]     1.4375 MB /   0.50 sec =   24.1174 Mbps     0 retrans
[2024-11-04T16:01:07.342933-0600]     1.6250 MB /   0.50 sec =   27.2641 Mbps     0 retrans
[2024-11-04T16:01:07.843457-0600]     1.8750 MB /   0.50 sec =   31.4286 Mbps     0 retrans
[2024-11-04T16:01:08.343038-0600]     1.9375 MB /   0.50 sec =   32.5327 Mbps     0 retrans
[2024-11-04T16:01:08.842995-0600]     2.0000 MB /   0.50 sec =   33.5560 Mbps     0 retrans
[2024-11-04T16:01:09.343048-0600]     2.1875 MB /   0.50 sec =   36.6994 Mbps     0 retrans
[2024-11-04T16:01:09.842999-0600]     1.8750 MB /   0.50 sec =   31.4580 Mbps     0 retrans
[2024-11-04T16:01:10.344245-0600]     0.9375 MB /   0.50 sec =   15.6923 Mbps     0 retrans
[2024-11-04T16:01:10.842989-0600]     1.6875 MB /   0.50 sec =   28.3772 Mbps     0 retrans
[2024-11-04T16:01:11.343012-0600]     2.1875 MB /   0.50 sec =   36.7001 Mbps     0 retrans
[2024-11-04T16:01:11.842993-0600]     2.5000 MB /   0.50 sec =   41.9437 Mbps     0 retrans
[2024-11-04T16:01:12.343179-0600]     2.9375 MB /   0.50 sec =   49.2825 Mbps     0 retrans
[2024-11-04T16:01:12.842903-0600]     2.1875 MB /   0.50 sec =   36.7027 Mbps     0 retrans
[2024-11-04T16:01:13.343035-0600]     1.5000 MB /   0.50 sec =   25.1636 Mbps     0 retrans
[2024-11-04T16:01:13.842976-0600]     1.6250 MB /   0.50 sec =   27.2640 Mbps     0 retrans
[2024-11-04T16:01:14.342949-0600]     2.1875 MB /   0.50 sec =   36.7011 Mbps     0 retrans
[2024-11-04T16:01:14.843003-0600]     2.3125 MB /   0.50 sec =   38.7954 Mbps     0 retrans
[2024-11-04T16:01:15.343020-0600]     1.8750 MB /   0.50 sec =   31.4573 Mbps     0 retrans
[2024-11-04T16:01:15.843003-0600]     1.9375 MB /   0.50 sec =   32.5060 Mbps     0 retrans
[2024-11-04T16:01:16.343026-0600]     1.7500 MB /   0.50 sec =   29.3600 Mbps     0 retrans
[2024-11-04T16:01:16.843012-0600]     1.8750 MB /   0.50 sec =   31.4575 Mbps     0 retrans
[2024-11-04T16:01:17.343165-0600]     1.1875 MB /   0.50 sec =   19.9230 Mbps     0 retrans
[2024-11-04T16:01:17.842993-0600]     1.2500 MB /   0.50 sec =   20.9719 Mbps     0 retrans
[2024-11-04T16:01:18.343175-0600]     1.5000 MB /   0.50 sec =   25.1669 Mbps     0 retrans
[2024-11-04T16:01:18.843008-0600]     1.9375 MB /   0.50 sec =   32.5036 Mbps     0 retrans
[2024-11-04T16:01:19.343076-0600]     2.0625 MB /   0.50 sec =   34.6001 Mbps     0 retrans
[2024-11-04T16:01:19.842987-0600]     2.0000 MB /   0.50 sec =   33.5576 Mbps     0 retrans
[2024-11-04T16:01:20.343035-0600]     2.2500 MB /   0.50 sec =   37.7492 Mbps     0 retrans
[2024-11-04T16:01:20.842995-0600]     2.5625 MB /   0.50 sec =   42.9911 Mbps     0 retrans
[2024-11-04T16:01:21.343004-0600]     2.6875 MB /   0.50 sec =   45.0884 Mbps     0 retrans
[2024-11-04T16:01:21.843006-0600]     2.8125 MB /   0.50 sec =   47.1859 Mbps     0 retrans
[2024-11-04T16:01:22.343082-0600]     2.0625 MB /   0.50 sec =   34.5991 Mbps     0 retrans
[2024-11-04T16:01:22.842980-0600]     1.5000 MB /   0.50 sec =   25.1690 Mbps     0 retrans
[2024-11-04T16:01:23.343003-0600]     1.8750 MB /   0.50 sec =   31.4585 Mbps     0 retrans
[2024-11-04T16:01:23.842993-0600]     1.5000 MB /   0.50 sec =   25.1649 Mbps     0 retrans
[2024-11-04T16:01:24.343168-0600]     1.5625 MB /   0.50 sec =   26.2141 Mbps     0 retrans
[2024-11-04T16:01:24.843002-0600]     1.8125 MB /   0.50 sec =   30.4089 Mbps     0 retrans
[2024-11-04T16:01:25.343048-0600]     1.3125 MB /   0.50 sec =   22.0203 Mbps     0 retrans
[2024-11-04T16:01:25.842992-0600]     1.6875 MB /   0.50 sec =   28.3115 Mbps     0 retrans
[2024-11-04T16:01:26.342995-0600]     2.0625 MB /   0.50 sec =   34.6025 Mbps     0 retrans
[2024-11-04T16:01:26.842987-0600]     2.2500 MB /   0.50 sec =   37.7493 Mbps     0 retrans
[2024-11-04T16:01:27.342979-0600]     2.4375 MB /   0.50 sec =   40.8910 Mbps     0 retrans
[2024-11-04T16:01:27.843322-0600]     2.6875 MB /   0.50 sec =   45.0639 Mbps     0 retrans
[2024-11-04T16:01:28.342985-0600]     3.1250 MB /   0.50 sec =   52.4622 Mbps     0 retrans
[2024-11-04T16:01:28.843015-0600]     3.2500 MB /   0.50 sec =   54.5249 Mbps     0 retrans
[2024-11-04T16:01:29.342983-0600]     2.8125 MB /   0.50 sec =   47.1867 Mbps     0 retrans
[2024-11-04T16:01:29.842975-0600]     2.1250 MB /   0.50 sec =   35.6516 Mbps     0 retrans
[2024-11-04T16:01:30.343020-0600]     1.5625 MB /   0.50 sec =   26.2152 Mbps     0 retrans
[2024-11-04T16:01:30.843082-0600]     1.1250 MB /   0.50 sec =   18.8708 Mbps     0 retrans
[2024-11-04T16:01:31.342985-0600]     3.6250 MB /   0.50 sec =   60.8274 Mbps     0 retrans
[2024-11-04T16:01:31.843021-0600]     3.5625 MB /   0.50 sec =   59.7673 Mbps     0 retrans
[2024-11-04T16:01:32.343017-0600]     2.8750 MB /   0.50 sec =   48.2337 Mbps     0 retrans
[2024-11-04T16:01:32.843159-0600]     3.0000 MB /   0.50 sec =   50.3342 Mbps     0 retrans
[2024-11-04T16:01:33.343472-0600]     4.0625 MB /   0.50 sec =   68.0956 Mbps     0 retrans
[2024-11-04T16:01:33.842982-0600]     3.9375 MB /   0.50 sec =   66.1201 Mbps     0 retrans
[2024-11-04T16:01:34.343182-0600]     3.9375 MB /   0.50 sec =   66.0594 Mbps     0 retrans
[2024-11-04T16:01:34.843019-0600]     3.5000 MB /   0.50 sec =   58.7179 Mbps     0 retrans
[2024-11-04T16:01:35.343025-0600]     3.3750 MB /   0.50 sec =   56.6234 Mbps     0 retrans
[2024-11-04T16:01:35.842986-0600]     3.3750 MB /   0.50 sec =   56.6253 Mbps     0 retrans
[2024-11-04T16:01:36.343011-0600]     2.8125 MB /   0.50 sec =   47.1860 Mbps     0 retrans
[2024-11-04T16:01:36.842994-0600]     2.8750 MB /   0.50 sec =   48.2346 Mbps     0 retrans
[2024-11-04T16:01:37.343008-0600]     2.6875 MB /   0.50 sec =   45.0881 Mbps     0 retrans
[2024-11-04T16:01:37.842991-0600]     2.0000 MB /   0.50 sec =   33.5548 Mbps     0 retrans
[2024-11-04T16:01:38.343156-0600]     1.4375 MB /   0.50 sec =   24.1189 Mbps     0 retrans
[2024-11-04T16:01:38.842997-0600]     1.9375 MB /   0.50 sec =   32.5031 Mbps     0 retrans
[2024-11-04T16:01:39.343030-0600]     1.9375 MB /   0.50 sec =   32.5060 Mbps     0 retrans
[2024-11-04T16:01:39.843000-0600]     2.0625 MB /   0.50 sec =   34.6035 Mbps     0 retrans
[2024-11-04T16:01:40.342969-0600]     2.5625 MB /   0.50 sec =   42.9925 Mbps     0 retrans
[2024-11-04T16:01:40.842994-0600]     2.0625 MB /   0.50 sec =   34.6020 Mbps     0 retrans
[2024-11-04T16:01:41.344119-0600]     0.0625 MB /   0.50 sec =    1.0464 Mbps     0 retrans
[2024-11-04T16:01:41.843141-0600]     1.8750 MB /   0.50 sec =   31.5231 Mbps     0 retrans
[2024-11-04T16:01:42.343011-0600]     2.1250 MB /   0.50 sec =   35.6517 Mbps     0 retrans
[2024-11-04T16:01:42.843000-0600]     2.1250 MB /   0.50 sec =   35.6512 Mbps     0 retrans
[2024-11-04T16:01:43.344158-0600]     1.5625 MB /   0.50 sec =   26.1571 Mbps     0 retrans
[2024-11-04T16:01:43.843465-0600]     0.0000 MB /   0.50 sec =    0.0000 Mbps     0 retrans
[2024-11-04T16:01:44.343814-0600]     0.0625 MB /   0.50 sec =    1.0479 Mbps     0 retrans
[2024-11-04T16:01:44.843181-0600]     2.7500 MB /   0.50 sec =   46.1753 Mbps     0 retrans
[2024-11-04T16:01:45.343431-0600]     3.1250 MB /   0.50 sec =   52.4071 Mbps     0 retrans
[2024-11-04T16:01:45.843427-0600]     2.6250 MB /   0.50 sec =   44.0651 Mbps     0 retrans
[2024-11-04T16:01:46.343495-0600]     2.5625 MB /   0.50 sec =   42.9604 Mbps     0 retrans
[2024-11-04T16:01:46.843034-0600]     2.2500 MB /   0.50 sec =   37.7815 Mbps     0 retrans
[2024-11-04T16:01:47.344165-0600]     0.1875 MB /   0.50 sec =    3.1388 Mbps     0 retrans
[2024-11-04T16:01:47.842997-0600]     3.8125 MB /   0.50 sec =   64.1060 Mbps     0 retrans
[2024-11-04T16:01:48.343283-0600]     2.5000 MB /   0.50 sec =   41.9436 Mbps     0 retrans
[2024-11-04T16:01:48.843365-0600]     2.3125 MB /   0.50 sec =   38.7689 Mbps     0 retrans
[2024-11-04T16:01:49.343013-0600]     2.4375 MB /   0.50 sec =   40.9238 Mbps     0 retrans
[2024-11-04T16:01:49.843115-0600]     2.5000 MB /   0.50 sec =   41.9457 Mbps     0 retrans
[2024-11-04T16:01:50.343458-0600]     2.3750 MB /   0.50 sec =   39.8096 Mbps     0 retrans
[2024-11-04T16:01:50.843005-0600]     2.1875 MB /   0.50 sec =   36.7312 Mbps     0 retrans
[2024-11-04T16:01:51.343374-0600]     0.6250 MB /   0.50 sec =   10.4793 Mbps     0 retrans
[2024-11-04T16:01:51.843216-0600]     0.0000 MB /   0.50 sec =    0.0000 Mbps     0 retrans
[2024-11-04T16:01:52.344589-0600]     2.5625 MB /   0.50 sec =   42.8989 Mbps     0 retrans
[2024-11-04T16:01:52.844617-0600]     0.0000 MB /   0.50 sec =    0.0000 Mbps     0 retrans
[2024-11-04T16:01:53.343287-0600]     0.0000 MB /   0.50 sec =    0.0000 Mbps     0 retrans
[2024-11-04T16:01:53.843068-0600]     3.1875 MB /   0.50 sec =   53.4934 Mbps     0 retrans
[2024-11-04T16:01:54.343350-0600]     2.3750 MB /   0.50 sec =   39.8246 Mbps     0 retrans
[2024-11-04T16:01:54.843062-0600]     2.4375 MB /   0.50 sec =   40.9166 Mbps     0 retrans
[2024-11-04T16:01:55.343119-0600]     2.5625 MB /   0.50 sec =   42.9983 Mbps     0 retrans
[2024-11-04T16:01:55.842986-0600]     2.5000 MB /   0.50 sec =   41.9430 Mbps     0 retrans
[2024-11-04T16:01:56.342986-0600]     2.6250 MB /   0.50 sec =   44.0405 Mbps     0 retrans
[2024-11-04T16:01:56.842977-0600]     2.6250 MB /   0.50 sec =   44.0402 Mbps     0 retrans
[2024-11-04T16:01:57.343210-0600]     2.4375 MB /   0.50 sec =   40.8966 Mbps     0 retrans
[2024-11-04T16:01:57.843008-0600]     2.9375 MB /   0.50 sec =   49.2797 Mbps     0 retrans
[2024-11-04T16:01:58.343016-0600]     2.6875 MB /   0.50 sec =   45.0884 Mbps     0 retrans
[2024-11-04T16:01:58.842980-0600]     2.7500 MB /   0.50 sec =   46.1381 Mbps     0 retrans
[2024-11-04T16:01:59.343015-0600]     2.8750 MB /   0.50 sec =   48.2332 Mbps     0 retrans
[2024-11-04T16:01:59.842994-0600]     2.6875 MB /   0.50 sec =   45.0893 Mbps     0 retrans
[2024-11-04T16:02:00.342997-0600]     3.0000 MB /   0.50 sec =   50.3324 Mbps     0 retrans
[2024-11-04T16:02:00.843110-0600]     2.5000 MB /   0.50 sec =   41.9354 Mbps     0 retrans
[2024-11-04T16:02:01.343020-0600]     3.0000 MB /   0.50 sec =   50.3401 Mbps     0 retrans
[2024-11-04T16:02:01.842978-0600]     3.0625 MB /   0.50 sec =   51.3813 Mbps     0 retrans
[2024-11-04T16:02:02.343106-0600]     2.8750 MB /   0.50 sec =   48.2265 Mbps     0 retrans
[2024-11-04T16:02:02.843119-0600]     2.7500 MB /   0.50 sec =   46.1455 Mbps     0 retrans
[2024-11-04T16:02:03.343494-0600]     3.0625 MB /   0.50 sec =   51.3290 Mbps     0 retrans
[2024-11-04T16:02:03.842991-0600]     3.1250 MB /   0.50 sec =   52.4803 Mbps     0 retrans
[2024-11-04T16:02:04.343211-0600]     2.3125 MB /   0.50 sec =   38.7965 Mbps     0 retrans
[2024-11-04T16:02:04.844133-0600]     1.0000 MB /   0.50 sec =   16.7411 Mbps     0 retrans
[2024-11-04T16:02:05.343982-0600]     0.0000 MB /   0.50 sec =    0.0000 Mbps     0 retrans
[2024-11-04T16:02:05.843022-0600]     2.7500 MB /   0.50 sec =   46.2267 Mbps     0 retrans
[2024-11-04T16:02:06.342987-0600]     2.8750 MB /   0.50 sec =   48.2339 Mbps     0 retrans
[2024-11-04T16:02:06.842992-0600]     3.0625 MB /   0.50 sec =   51.3801 Mbps     0 retrans
[2024-11-04T16:02:07.342941-0600]     3.3750 MB /   0.50 sec =   56.6263 Mbps     0 retrans
[2024-11-04T16:02:07.843351-0600]     3.3750 MB /   0.50 sec =   56.5806 Mbps     0 retrans
[2024-11-04T16:02:08.343000-0600]     3.0625 MB /   0.50 sec =   51.4154 Mbps     0 retrans
[2024-11-04T16:02:08.843396-0600]     3.2500 MB /   0.50 sec =   54.5224 Mbps     0 retrans
[2024-11-04T16:02:09.344519-0600]     2.0000 MB /   0.50 sec =   33.4609 Mbps     0 retrans
[2024-11-04T16:02:09.844023-0600]     2.3750 MB /   0.50 sec =   39.8811 Mbps     0 retrans
[2024-11-04T16:02:10.343280-0600]     0.0000 MB /   0.50 sec =    0.0000 Mbps     0 retrans
[2024-11-04T16:02:10.843325-0600]     0.0000 MB /   0.50 sec =    0.0000 Mbps     0 retrans
[2024-11-04T16:02:11.343508-0600]     1.6250 MB /   0.50 sec =   27.2511 Mbps     0 retrans
[2024-11-04T16:02:11.843183-0600]     4.3750 MB /   0.50 sec =   73.4582 Mbps     0 retrans
[2024-11-04T16:02:12.343030-0600]     2.8750 MB /   0.50 sec =   48.2362 Mbps     0 retrans
[2024-11-04T16:02:12.842993-0600]     3.1875 MB /   0.50 sec =   53.4784 Mbps     0 retrans
[2024-11-04T16:02:13.342985-0600]     3.4375 MB /   0.50 sec =   57.6710 Mbps     0 retrans
[2024-11-04T16:02:13.843469-0600]     3.6250 MB /   0.50 sec =   60.7852 Mbps     0 retrans
[2024-11-04T16:02:14.343647-0600]     3.3750 MB /   0.50 sec =   56.6037 Mbps     0 retrans
[2024-11-04T16:02:14.842975-0600]     3.0625 MB /   0.50 sec =   51.4260 Mbps     0 retrans
[2024-11-04T16:02:15.342996-0600]     3.6875 MB /   0.50 sec =   61.8655 Mbps     0 retrans
[2024-11-04T16:02:15.843022-0600]     2.3750 MB /   0.50 sec =   39.8449 Mbps     0 retrans
[2024-11-04T16:02:16.342990-0600]     1.3750 MB /   0.50 sec =   23.0706 Mbps     0 retrans
[2024-11-04T16:02:16.843106-0600]     0.5625 MB /   0.50 sec =    9.4361 Mbps     0 retrans
[2024-11-04T16:02:17.343050-0600]     0.2500 MB /   0.50 sec =    4.1944 Mbps     0 retrans
[2024-11-04T16:02:17.843082-0600]     1.3125 MB /   0.50 sec =   22.0174 Mbps     0 retrans
[2024-11-04T16:02:18.343062-0600]     0.5625 MB /   0.50 sec =    9.4378 Mbps     0 retrans
[2024-11-04T16:02:18.843431-0600]     0.0000 MB /   0.50 sec =    0.0000 Mbps     0 retrans
[2024-11-04T16:02:19.343059-0600]     1.3125 MB /   0.50 sec =   22.0366 Mbps     0 retrans
[2024-11-04T16:02:19.842915-0600]     4.9375 MB /   0.50 sec =   82.8473 Mbps     0 retrans
[2024-11-04T16:02:20.343353-0600]     1.7500 MB /   0.50 sec =   29.3379 Mbps     0 retrans
[2024-11-04T16:02:20.843097-0600]     2.0000 MB /   0.50 sec =   33.5689 Mbps     0 retrans
[2024-11-04T16:02:21.343566-0600]     0.1875 MB /   0.50 sec =    3.1433 Mbps     0 retrans
[2024-11-04T16:02:21.843132-0600]     0.8750 MB /   0.50 sec =   14.6925 Mbps     0 retrans
[2024-11-04T16:02:22.343092-0600]     5.1250 MB /   0.50 sec =   85.9868 Mbps     0 retrans
[2024-11-04T16:02:22.843010-0600]     2.6875 MB /   0.50 sec =   45.0953 Mbps     0 retrans
[2024-11-04T16:02:23.343061-0600]     3.0000 MB /   0.50 sec =   50.3259 Mbps     0 retrans
[2024-11-04T16:02:23.843151-0600]     3.1875 MB /   0.50 sec =   53.4843 Mbps     0 retrans
[2024-11-04T16:02:24.343026-0600]     2.9375 MB /   0.50 sec =   49.2824 Mbps     0 retrans
[2024-11-04T16:02:24.842975-0600]     1.7500 MB /   0.50 sec =   29.3612 Mbps     0 retrans
[2024-11-04T16:02:25.343101-0600]     2.6875 MB /   0.50 sec =   45.0822 Mbps     0 retrans
[2024-11-04T16:02:25.844370-0600]     0.9375 MB /   0.50 sec =   15.6893 Mbps     0 retrans
[2024-11-04T16:02:26.343097-0600]     0.2500 MB /   0.50 sec =    4.2056 Mbps     0 retrans
[2024-11-04T16:02:26.843176-0600]     5.7500 MB /   0.50 sec =   96.4358 Mbps     0 retrans
[2024-11-04T16:02:27.343044-0600]     2.9375 MB /   0.50 sec =   49.2934 Mbps     0 retrans
[2024-11-04T16:02:27.842980-0600]     2.0625 MB /   0.50 sec =   34.6061 Mbps     0 retrans
[2024-11-04T16:02:28.344559-0600]     0.5625 MB /   0.50 sec =    9.4094 Mbps     0 retrans
[2024-11-04T16:02:28.844256-0600]     0.0000 MB /   0.50 sec =    0.0000 Mbps     0 retrans
[2024-11-04T16:02:29.342989-0600]     2.0000 MB /   0.50 sec =   33.6330 Mbps     0 retrans
[2024-11-04T16:02:29.843148-0600]     3.1875 MB /   0.50 sec =   53.4774 Mbps     0 retrans
[2024-11-04T16:02:30.344063-0600]     1.7500 MB /   0.50 sec =   29.3009 Mbps     0 retrans
[2024-11-04T16:02:30.843167-0600]     0.8125 MB /   0.50 sec =   13.6575 Mbps     0 retrans
[2024-11-04T16:02:31.344104-0600]     1.2500 MB /   0.50 sec =   20.9304 Mbps     0 retrans
[2024-11-04T16:02:31.843178-0600]     4.7500 MB /   0.50 sec =   79.8627 Mbps     0 retrans
[2024-11-04T16:02:32.343037-0600]     2.5625 MB /   0.50 sec =   42.9874 Mbps     0 retrans
[2024-11-04T16:02:32.843009-0600]     1.8125 MB /   0.50 sec =   30.4097 Mbps     0 retrans
[2024-11-04T16:02:33.343172-0600]     2.0000 MB /   0.50 sec =   33.5446 Mbps     0 retrans
[2024-11-04T16:02:33.843141-0600]     0.0000 MB /   0.50 sec =    0.0000 Mbps     0 retrans
[2024-11-04T16:02:34.343185-0600]     0.0000 MB /   0.50 sec =    0.0000 Mbps     0 retrans
[2024-11-04T16:02:34.843377-0600]     0.3125 MB /   0.50 sec =    5.2431 Mbps     0 retrans
[2024-11-04T16:02:35.343568-0600]     5.6875 MB /   0.50 sec =   95.3893 Mbps     0 retrans
[2024-11-04T16:02:35.843243-0600]     0.9375 MB /   0.50 sec =   15.7325 Mbps     0 retrans
[2024-11-04T16:02:36.343374-0600]     0.8750 MB /   0.50 sec =   14.6778 Mbps     0 retrans
[2024-11-04T16:02:36.844510-0600]     0.0000 MB /   0.50 sec =    0.0000 Mbps     0 retrans
[2024-11-04T16:02:37.344142-0600]     0.0625 MB /   0.50 sec =    1.0493 Mbps     0 retrans
[2024-11-04T16:02:37.843210-0600]     0.0000 MB /   0.50 sec =    0.0000 Mbps     0 retrans
[2024-11-04T16:02:38.343319-0600]     0.3750 MB /   0.50 sec =    6.2907 Mbps     0 retrans
[2024-11-04T16:02:38.843263-0600]     5.5625 MB /   0.50 sec =   93.3294 Mbps     0 retrans
[2024-11-04T16:02:39.343014-0600]     0.5625 MB /   0.50 sec =    9.4411 Mbps     0 retrans
[2024-11-04T16:02:39.844013-0600]     0.6250 MB /   0.50 sec =   10.4651 Mbps     0 retrans
[2024-11-04T16:02:40.344479-0600]     0.0000 MB /   0.50 sec =    0.0000 Mbps     0 retrans
[2024-11-04T16:02:40.843289-0600]     0.3125 MB /   0.50 sec =    5.2539 Mbps     0 retrans
[2024-11-04T16:02:41.343053-0600]     0.0000 MB /   0.50 sec =    0.0000 Mbps     0 retrans
[2024-11-04T16:02:41.844446-0600]     2.3750 MB /   0.50 sec =   39.7441 Mbps     0 retrans
[2024-11-04T16:02:42.343320-0600]     0.0000 MB /   0.50 sec =    0.0000 Mbps     0 retrans
[2024-11-04T16:02:42.843209-0600]     0.1875 MB /   0.50 sec =    3.1464 Mbps     0 retrans
[2024-11-04T16:02:43.343276-0600]     0.7500 MB /   0.50 sec =   12.5815 Mbps     0 retrans
[2024-11-04T16:02:43.843018-0600]     3.2500 MB /   0.50 sec =   54.5481 Mbps     0 retrans
[2024-11-04T16:02:44.344246-0600]     0.0000 MB /   0.50 sec =    0.0000 Mbps     0 retrans
[2024-11-04T16:02:44.843292-0600]     0.0625 MB /   0.50 sec =    1.0505 Mbps     0 retrans
[2024-11-04T16:02:45.344367-0600]     0.0000 MB /   0.50 sec =    0.0000 Mbps     0 retrans
[2024-11-04T16:02:45.843192-0600]     0.8125 MB /   0.50 sec =   13.6580 Mbps     0 retrans
[2024-11-04T16:02:46.344672-0600]     0.3125 MB /   0.50 sec =    5.2301 Mbps     0 retrans
[2024-11-04T16:02:46.843010-0600]     2.8125 MB /   0.50 sec =   47.3157 Mbps     0 retrans
[2024-11-04T16:02:47.343111-0600]     1.1875 MB /   0.50 sec =   19.9200 Mbps     0 retrans
[2024-11-04T16:02:47.842987-0600]     0.8750 MB /   0.50 sec =   14.6824 Mbps     0 retrans
[2024-11-04T16:02:48.343087-0600]     0.8125 MB /   0.50 sec =   13.6303 Mbps     0 retrans
[2024-11-04T16:02:48.843258-0600]     0.1875 MB /   0.50 sec =    3.1447 Mbps     0 retrans
[2024-11-04T16:02:49.343173-0600]     0.3750 MB /   0.50 sec =    6.2942 Mbps     0 retrans
End time: 1730757769402
