Start time: 1730592338312
[2024-11-02T18:05:39.361255-0600] nuttcp-t: v8.1.4: socket
[2024-11-02T18:05:39.362608-0600] nuttcp-t: buflen=65536, nstream=1, port=5103 tcp -> 54.176.53.206
[2024-11-02T18:05:39.362730-0600] nuttcp-t: time limit = 120.00 seconds
[2024-11-02T18:05:39.362818-0600] nuttcp-t: connect to 54.176.53.206 with mss=1448, RTT=75.502 ms af=inet
[2024-11-02T18:05:39.362902-0600] nuttcp-t: send window size = 1048576, receive window size = 1048576
[2024-11-02T18:05:39.362983-0600] nuttcp-t: available send window = 786432, available receive window = 786432
[2024-11-02T18:05:39.363064-0600] nuttcp-t: initial congestion window = 14 KB (10 packets)
[2024-11-02T18:05:39.363147-0600] nuttcp-r: v6.1.2: socket
[2024-11-02T18:05:39.363224-0600] nuttcp-r: buflen=65536, nstream=1, port=5103 tcp
[2024-11-02T18:05:39.363302-0600] nuttcp-r: interval reporting every 0.50 seconds
[2024-11-02T18:05:39.363377-0600] nuttcp-r: accept from 129.222.102.15
[2024-11-02T18:05:39.363458-0600] nuttcp-r: send window size = 450000000, receive window size = 450000000
[2024-11-02T18:05:39.363535-0600] nuttcp-r: available send window = 225000000, available receive window = 225000000
[2024-11-02T18:05:39.363615-0600]     0.1875 MB /   0.50 sec =    3.1455 Mbps     1 retrans    330 KB-cwnd
[2024-11-02T18:05:40.076914-0600]     0.8125 MB /   0.50 sec =   13.6319 Mbps    22 retrans    134 KB-cwnd
[2024-11-02T18:05:41.372390-0600]     1.0000 MB /   0.50 sec =   16.7770 Mbps    40 retrans    115 KB-cwnd
[2024-11-02T18:05:41.372567-0600]     0.2500 MB /   0.50 sec =    4.1943 Mbps     0 retrans    115 KB-cwnd
[2024-11-02T18:05:41.372604-0600]     0.0000 MB /   0.50 sec =    0.0000 Mbps     0 retrans    115 KB-cwnd
[2024-11-02T18:05:41.807604-0600]     0.5000 MB /   0.50 sec =    8.3888 Mbps     4 retrans    110 KB-cwnd
[2024-11-02T18:05:42.674654-0600]     0.6250 MB /   0.50 sec =   10.4844 Mbps     0 retrans    117 KB-cwnd
[2024-11-02T18:05:43.455324-0600]     0.4375 MB /   0.50 sec =    7.3409 Mbps     2 retrans     76 KB-cwnd
[2024-11-02T18:05:43.455686-0600]     0.3750 MB /   0.50 sec =    6.2915 Mbps     0 retrans     76 KB-cwnd
[2024-11-02T18:05:44.470763-0600]     0.3750 MB /   0.50 sec =    6.2912 Mbps     0 retrans     80 KB-cwnd
[2024-11-02T18:05:44.471363-0600]     0.3750 MB /   0.50 sec =    6.2914 Mbps     0 retrans     80 KB-cwnd
[2024-11-02T18:05:45.543432-0600]     0.3125 MB /   0.50 sec =    5.2430 Mbps     1 retrans     67 KB-cwnd
[2024-11-02T18:05:45.543720-0600]     0.3125 MB /   0.50 sec =    5.2429 Mbps     0 retrans     67 KB-cwnd
[2024-11-02T18:05:47.048322-0600]     0.2500 MB /   0.50 sec =    4.1944 Mbps     0 retrans     73 KB-cwnd
[2024-11-02T18:05:47.048739-0600]     0.2500 MB /   0.50 sec =    4.1941 Mbps     0 retrans     73 KB-cwnd
[2024-11-02T18:05:47.048854-0600]     0.2500 MB /   0.50 sec =    4.1945 Mbps     0 retrans     73 KB-cwnd
[2024-11-02T18:05:48.465453-0600]     0.1875 MB /   0.50 sec =    3.1457 Mbps     1 retrans     67 KB-cwnd
[2024-11-02T18:05:48.465671-0600]     0.2500 MB /   0.50 sec =    4.1944 Mbps     0 retrans     67 KB-cwnd
[2024-11-02T18:05:48.465707-0600]     0.2500 MB /   0.50 sec =    4.1943 Mbps     0 retrans     67 KB-cwnd
[2024-11-02T18:05:49.924611-0600]     0.1875 MB /   0.50 sec =    3.1456 Mbps     0 retrans     73 KB-cwnd
[2024-11-02T18:05:49.924972-0600]     0.3125 MB /   0.50 sec =    5.2428 Mbps     0 retrans     73 KB-cwnd
[2024-11-02T18:05:49.925108-0600]     0.1875 MB /   0.50 sec =    3.1455 Mbps     0 retrans     73 KB-cwnd
[2024-11-02T18:05:51.451354-0600]     0.2500 MB /   0.50 sec =    4.1947 Mbps     0 retrans     77 KB-cwnd
[2024-11-02T18:05:51.451590-0600]     0.1875 MB /   0.50 sec =    3.1458 Mbps     0 retrans     77 KB-cwnd
[2024-11-02T18:05:51.451625-0600]     0.2500 MB /   0.50 sec =    4.1943 Mbps     0 retrans     77 KB-cwnd
[2024-11-02T18:05:52.685236-0600]     0.2500 MB /   0.50 sec =    4.1944 Mbps     0 retrans    114 KB-cwnd
[2024-11-02T18:05:52.685774-0600]     0.2500 MB /   0.50 sec =    4.1939 Mbps     0 retrans    114 KB-cwnd
[2024-11-02T18:05:53.316321-0600]     0.3750 MB /   0.50 sec =    6.2920 Mbps     5 retrans    106 KB-cwnd
[2024-11-02T18:05:54.026478-0600]     0.5625 MB /   0.50 sec =    9.4371 Mbps     1 retrans     90 KB-cwnd
[2024-11-02T18:05:54.026996-0600]     0.4375 MB /   0.50 sec =    7.3402 Mbps     0 retrans     90 KB-cwnd
[2024-11-02T18:05:55.127042-0600]     0.4375 MB /   0.50 sec =    7.3394 Mbps     1 retrans     74 KB-cwnd
[2024-11-02T18:05:55.127528-0600]     0.3125 MB /   0.50 sec =    5.2432 Mbps     0 retrans     74 KB-cwnd
[2024-11-02T18:05:56.198398-0600]     0.2500 MB /   0.50 sec =    4.1941 Mbps     0 retrans     80 KB-cwnd
[2024-11-02T18:05:56.198889-0600]     0.3750 MB /   0.50 sec =    6.2919 Mbps     0 retrans     80 KB-cwnd
[2024-11-02T18:05:57.458087-0600]     0.3125 MB /   0.50 sec =    5.2427 Mbps     2 retrans     74 KB-cwnd
[2024-11-02T18:05:57.458453-0600]     0.2500 MB /   0.50 sec =    4.1944 Mbps     0 retrans     74 KB-cwnd
[2024-11-02T18:05:57.458555-0600]     0.2500 MB /   0.50 sec =    4.1942 Mbps     0 retrans     74 KB-cwnd
[2024-11-02T18:05:58.432520-0600]     0.3750 MB /   0.50 sec =    6.2915 Mbps     0 retrans     79 KB-cwnd
[2024-11-02T18:05:58.433124-0600]     0.2500 MB /   0.50 sec =    4.1943 Mbps     0 retrans     79 KB-cwnd
[2024-11-02T18:05:59.330349-0600]     0.4375 MB /   0.50 sec =    7.3388 Mbps     0 retrans     84 KB-cwnd
[2024-11-02T18:05:59.330583-0600]     0.3750 MB /   0.50 sec =    6.2927 Mbps     0 retrans     84 KB-cwnd
[2024-11-02T18:06:00.077845-0600]     0.4375 MB /   0.50 sec =    7.3401 Mbps     0 retrans    106 KB-cwnd
[2024-11-02T18:06:00.549486-0600]     0.5000 MB /   0.50 sec =    8.3887 Mbps     4 retrans    130 KB-cwnd
[2024-11-02T18:06:01.026747-0600]     0.8125 MB /   0.50 sec =   13.6311 Mbps     0 retrans    134 KB-cwnd
[2024-11-02T18:06:01.564304-0600]     0.6875 MB /   0.50 sec =   11.5339 Mbps     0 retrans    137 KB-cwnd
[2024-11-02T18:06:02.076128-0600]     0.6250 MB /   0.50 sec =   10.4860 Mbps     0 retrans    139 KB-cwnd
[2024-11-02T18:06:02.669519-0600]     0.5625 MB /   0.50 sec =    9.4374 Mbps     2 retrans    117 KB-cwnd
[2024-11-02T18:06:03.237627-0600]     0.6875 MB /   0.50 sec =   11.5344 Mbps     0 retrans    120 KB-cwnd
[2024-11-02T18:06:03.802185-0600]     0.5625 MB /   0.50 sec =    9.4366 Mbps     0 retrans    124 KB-cwnd
[2024-11-02T18:06:04.278165-0600]     0.6875 MB /   0.50 sec =   11.5348 Mbps     0 retrans    127 KB-cwnd
[2024-11-02T18:06:04.903720-0600]     0.6875 MB /   0.50 sec =   11.5347 Mbps     0 retrans    130 KB-cwnd
[2024-11-02T18:06:04.904050-0600]     0.6250 MB /   0.50 sec =   10.4857 Mbps     0 retrans    130 KB-cwnd
[2024-11-02T18:06:05.549721-0600]     0.4375 MB /   0.50 sec =    7.3401 Mbps     2 retrans    128 KB-cwnd
[2024-11-02T18:06:06.132068-0600]     0.6250 MB /   0.50 sec =   10.4853 Mbps     0 retrans    131 KB-cwnd
[2024-11-02T18:06:06.603708-0600]     0.6875 MB /   0.50 sec =   11.5339 Mbps     0 retrans    135 KB-cwnd
[2024-11-02T18:06:07.121619-0600]     0.6875 MB /   0.50 sec =   11.5350 Mbps     0 retrans    138 KB-cwnd
[2024-11-02T18:06:07.587208-0600]     0.7500 MB /   0.50 sec =   12.5831 Mbps     0 retrans    141 KB-cwnd
[2024-11-02T18:06:08.065568-0600]     0.6875 MB /   0.50 sec =   11.5342 Mbps     0 retrans    145 KB-cwnd
[2024-11-02T18:06:08.536011-0600]     0.8125 MB /   0.50 sec =   13.6311 Mbps     2 retrans    188 KB-cwnd
[2024-11-02T18:06:08.819780-0600]     0.8750 MB /   0.50 sec =   14.6805 Mbps     1 retrans    158 KB-cwnd
[2024-11-02T18:06:09.747969-0600]     0.8125 MB /   0.50 sec =   13.6318 Mbps     1 retrans    134 KB-cwnd
[2024-11-02T18:06:10.276355-0600]     0.6875 MB /   0.50 sec =   11.5345 Mbps     0 retrans    138 KB-cwnd
[2024-11-02T18:06:10.839934-0600]     0.6875 MB /   0.50 sec =   11.5341 Mbps     3 retrans    115 KB-cwnd
[2024-11-02T18:06:10.840708-0600]     0.5625 MB /   0.50 sec =    9.4370 Mbps     0 retrans    115 KB-cwnd
[2024-11-02T18:06:11.404645-0600]     0.6250 MB /   0.50 sec =   10.4859 Mbps     0 retrans    120 KB-cwnd
[2024-11-02T18:06:11.971788-0600]     0.6250 MB /   0.50 sec =   10.4861 Mbps     5 retrans     98 KB-cwnd
[2024-11-02T18:06:12.497446-0600]     0.5000 MB /   0.50 sec =    8.3885 Mbps     0 retrans    103 KB-cwnd
[2024-11-02T18:06:12.922647-0600]     0.8125 MB /   0.50 sec =   13.6310 Mbps     0 retrans    107 KB-cwnd
[2024-11-02T18:06:13.352106-0600]     0.8125 MB /   0.50 sec =   13.6317 Mbps     1 retrans     87 KB-cwnd
[2024-11-02T18:06:14.011751-0600]     0.6250 MB /   0.50 sec =   10.4855 Mbps     0 retrans     93 KB-cwnd
[2024-11-02T18:06:14.710944-0600]     0.5000 MB /   0.50 sec =    8.3890 Mbps     0 retrans     97 KB-cwnd
[2024-11-02T18:06:15.304992-0600]     0.5625 MB /   0.50 sec =    9.4373 Mbps     0 retrans    101 KB-cwnd
[2024-11-02T18:06:15.305477-0600]     0.5625 MB /   0.50 sec =    9.4370 Mbps     0 retrans    101 KB-cwnd
[2024-11-02T18:06:15.797280-0600]     0.7500 MB /   0.50 sec =   12.5828 Mbps     2 retrans    168 KB-cwnd
[2024-11-02T18:06:16.622937-0600]     0.7500 MB /   0.50 sec =   12.5830 Mbps     4 retrans    120 KB-cwnd
[2024-11-02T18:06:16.986652-0600]     0.8750 MB /   0.50 sec =   14.6801 Mbps     1 retrans     98 KB-cwnd
[2024-11-02T18:06:17.412561-0600]     0.9375 MB /   0.50 sec =   15.7289 Mbps     1 retrans     97 KB-cwnd
[2024-11-02T18:06:17.883827-0600]     0.6875 MB /   0.50 sec =   11.5340 Mbps     0 retrans     86 KB-cwnd
[2024-11-02T18:06:18.362880-0600]     0.6875 MB /   0.50 sec =   11.5348 Mbps     0 retrans     90 KB-cwnd
[2024-11-02T18:06:18.871774-0600]     0.6875 MB /   0.50 sec =   11.5343 Mbps     1 retrans     74 KB-cwnd
[2024-11-02T18:06:19.437245-0600]     0.5625 MB /   0.50 sec =    9.4369 Mbps     0 retrans     80 KB-cwnd
[2024-11-02T18:06:20.222611-0600]     0.5625 MB /   0.50 sec =    9.4374 Mbps     0 retrans     86 KB-cwnd
[2024-11-02T18:06:20.728077-0600]     0.5000 MB /   0.50 sec =    8.3884 Mbps     0 retrans    265 KB-cwnd
[2024-11-02T18:06:21.229280-0600]     0.7500 MB /   0.50 sec =   12.5825 Mbps     9 retrans    173 KB-cwnd
[2024-11-02T18:06:21.689267-0600]     1.0625 MB /   0.50 sec =   17.7778 Mbps     4 retrans    120 KB-cwnd
[2024-11-02T18:06:22.275269-0600]     0.7500 MB /   0.50 sec =   12.6175 Mbps     2 retrans    100 KB-cwnd
[2024-11-02T18:06:22.726753-0600]     0.6250 MB /   0.50 sec =   10.4857 Mbps     0 retrans    103 KB-cwnd
[2024-11-02T18:06:23.148557-0600]     0.6875 MB /   0.50 sec =   11.5341 Mbps     1 retrans     84 KB-cwnd
[2024-11-02T18:06:23.623438-0600]     0.8125 MB /   0.50 sec =   13.6321 Mbps     0 retrans     90 KB-cwnd
[2024-11-02T18:06:24.123975-0600]     0.6875 MB /   0.50 sec =   11.5339 Mbps     0 retrans     94 KB-cwnd
[2024-11-02T18:06:24.549029-0600]     0.7500 MB /   0.50 sec =   12.5830 Mbps     1 retrans     86 KB-cwnd
[2024-11-02T18:06:25.090379-0600]     0.7500 MB /   0.50 sec =   12.5831 Mbps     2 retrans     72 KB-cwnd
[2024-11-02T18:06:25.941058-0600]     0.5000 MB /   0.50 sec =    8.3884 Mbps     2 retrans     63 KB-cwnd
[2024-11-02T18:06:25.941524-0600]     0.3750 MB /   0.50 sec =    6.2913 Mbps     0 retrans     63 KB-cwnd
[2024-11-02T18:06:26.875261-0600]     0.3750 MB /   0.50 sec =    6.2917 Mbps     0 retrans     76 KB-cwnd
[2024-11-02T18:06:26.875687-0600]     0.3750 MB /   0.50 sec =    6.2915 Mbps     0 retrans     77 KB-cwnd
[2024-11-02T18:06:27.753438-0600]     0.3125 MB /   0.50 sec =    5.2426 Mbps     5 retrans    227 KB-cwnd
[2024-11-02T18:06:28.104112-0600]     0.6875 MB /   0.50 sec =   11.5334 Mbps     5 retrans    145 KB-cwnd
[2024-11-02T18:06:28.616206-0600]     0.8750 MB /   0.50 sec =   14.6822 Mbps     2 retrans    100 KB-cwnd
[2024-11-02T18:06:29.122105-0600]     0.6875 MB /   0.50 sec =   11.5346 Mbps     0 retrans    107 KB-cwnd
[2024-11-02T18:06:29.611290-0600]     0.6875 MB /   0.50 sec =   11.5339 Mbps     0 retrans    113 KB-cwnd
[2024-11-02T18:06:30.070374-0600]     0.7500 MB /   0.50 sec =   12.5831 Mbps     0 retrans    120 KB-cwnd
[2024-11-02T18:06:30.568239-0600]     0.6250 MB /   0.50 sec =   10.4859 Mbps     6 retrans    111 KB-cwnd
[2024-11-02T18:06:31.007439-0600]     0.8750 MB /   0.50 sec =   14.6801 Mbps     1 retrans     94 KB-cwnd
[2024-11-02T18:06:31.599568-0600]     0.6875 MB /   0.50 sec =   11.5316 Mbps     0 retrans    100 KB-cwnd
[2024-11-02T18:06:32.342511-0600]     0.5000 MB /   0.50 sec =    8.3905 Mbps     0 retrans    106 KB-cwnd
[2024-11-02T18:06:32.343074-0600]     0.4375 MB /   0.50 sec =    7.3397 Mbps     0 retrans    106 KB-cwnd
[2024-11-02T18:06:32.989749-0600]     0.5000 MB /   0.50 sec =    8.3887 Mbps     0 retrans    139 KB-cwnd
[2024-11-02T18:06:33.570768-0600]     0.6250 MB /   0.50 sec =   10.4861 Mbps     6 retrans    134 KB-cwnd
[2024-11-02T18:06:34.219123-0600]     0.6875 MB /   0.50 sec =   11.5342 Mbps     2 retrans     93 KB-cwnd
[2024-11-02T18:06:34.880811-0600]     0.5625 MB /   0.50 sec =    9.4374 Mbps     0 retrans    100 KB-cwnd
[2024-11-02T18:06:34.880997-0600]     0.5625 MB /   0.50 sec =    9.4368 Mbps     0 retrans    100 KB-cwnd
[2024-11-02T18:06:35.391338-0600]     0.6250 MB /   0.50 sec =   10.4860 Mbps     0 retrans    106 KB-cwnd
[2024-11-02T18:06:35.908489-0600]     0.6875 MB /   0.50 sec =   11.5344 Mbps     1 retrans    137 KB-cwnd
[2024-11-02T18:06:36.341366-0600]     0.7500 MB /   0.50 sec =   12.5829 Mbps     2 retrans     87 KB-cwnd
[2024-11-02T18:06:36.936699-0600]     0.5625 MB /   0.50 sec =    9.4364 Mbps     0 retrans     94 KB-cwnd
[2024-11-02T18:06:37.538863-0600]     0.5625 MB /   0.50 sec =    9.4370 Mbps     0 retrans    100 KB-cwnd
[2024-11-02T18:06:38.102340-0600]     0.6875 MB /   0.50 sec =   11.5356 Mbps     5 retrans    141 KB-cwnd
[2024-11-02T18:06:38.474846-0600]     0.7500 MB /   0.50 sec =   12.5828 Mbps     2 retrans    117 KB-cwnd
[2024-11-02T18:06:38.985580-0600]     0.7500 MB /   0.50 sec =   12.5829 Mbps     1 retrans     97 KB-cwnd
[2024-11-02T18:06:39.550605-0600]     0.6875 MB /   0.50 sec =   11.5341 Mbps     0 retrans    104 KB-cwnd
[2024-11-02T18:06:40.052619-0600]     0.6250 MB /   0.50 sec =   10.4857 Mbps     0 retrans    110 KB-cwnd
[2024-11-02T18:06:40.509689-0600]     0.7500 MB /   0.50 sec =   12.5828 Mbps     0 retrans    127 KB-cwnd
[2024-11-02T18:06:41.005504-0600]     0.7500 MB /   0.50 sec =   12.5836 Mbps     4 retrans    108 KB-cwnd
[2024-11-02T18:06:41.505125-0600]     0.7500 MB /   0.50 sec =   12.5828 Mbps     1 retrans     93 KB-cwnd
[2024-11-02T18:06:42.169259-0600]     0.6250 MB /   0.50 sec =   10.4857 Mbps     0 retrans     98 KB-cwnd
[2024-11-02T18:06:42.740317-0600]     0.5000 MB /   0.50 sec =    8.3887 Mbps     0 retrans    104 KB-cwnd
[2024-11-02T18:06:43.219956-0600]     0.5625 MB /   0.50 sec =    9.4370 Mbps     1 retrans    132 KB-cwnd
[2024-11-02T18:06:43.658190-0600]     0.8125 MB /   0.50 sec =   13.6315 Mbps     0 retrans    151 KB-cwnd
[2024-11-02T18:06:44.006150-0600]     0.7500 MB /   0.50 sec =   12.5831 Mbps     0 retrans    155 KB-cwnd
[2024-11-02T18:06:44.405130-0600]     1.0000 MB /   0.50 sec =   16.7764 Mbps     1 retrans    125 KB-cwnd
[2024-11-02T18:06:44.820644-0600]     0.8125 MB /   0.50 sec =   13.6319 Mbps     0 retrans    135 KB-cwnd
[2024-11-02T18:06:45.693565-0600]     0.9375 MB /   0.50 sec =   15.7286 Mbps     0 retrans    144 KB-cwnd
[2024-11-02T18:06:46.105565-0600]     0.8125 MB /   0.50 sec =   13.6307 Mbps     0 retrans    219 KB-cwnd
[2024-11-02T18:06:46.475102-0600]     0.9375 MB /   0.50 sec =   15.7290 Mbps     1 retrans    223 KB-cwnd
[2024-11-02T18:06:46.820142-0600]     1.1250 MB /   0.50 sec =   18.8755 Mbps     0 retrans    226 KB-cwnd
[2024-11-02T18:06:47.462441-0600]     1.0625 MB /   0.50 sec =   17.8251 Mbps     0 retrans    230 KB-cwnd
[2024-11-02T18:06:47.805645-0600]     1.1875 MB /   0.50 sec =   19.9240 Mbps     0 retrans    233 KB-cwnd
[2024-11-02T18:06:48.451085-0600]     1.1250 MB /   0.50 sec =   18.8742 Mbps     0 retrans    251 KB-cwnd
[2024-11-02T18:06:49.112912-0600]     1.2500 MB /   0.50 sec =   20.9712 Mbps     5 retrans    342 KB-cwnd
[2024-11-02T18:06:49.764244-0600]     1.5000 MB /   0.50 sec =   25.1654 Mbps     8 retrans    288 KB-cwnd
[2024-11-02T18:06:50.086948-0600]     2.1250 MB /   0.50 sec =   35.6511 Mbps     3 retrans    253 KB-cwnd
[2024-11-02T18:06:50.404956-0600]     1.2500 MB /   0.50 sec =   20.9711 Mbps     3 retrans    171 KB-cwnd
[2024-11-02T18:06:51.286625-0600]     1.0000 MB /   0.50 sec =   16.7775 Mbps     1 retrans    152 KB-cwnd
[2024-11-02T18:06:51.844922-0600]     1.0625 MB /   0.50 sec =   17.8268 Mbps     0 retrans    156 KB-cwnd
[2024-11-02T18:06:51.845151-0600]     0.8125 MB /   0.50 sec =   13.6313 Mbps     0 retrans    156 KB-cwnd
[2024-11-02T18:06:52.325459-0600]     0.8750 MB /   0.50 sec =   14.6800 Mbps     0 retrans    161 KB-cwnd
[2024-11-02T18:06:53.208022-0600]     0.9375 MB /   0.50 sec =   15.7281 Mbps     2 retrans    130 KB-cwnd
[2024-11-02T18:06:53.837567-0600]     1.0000 MB /   0.50 sec =   16.7779 Mbps     0 retrans    138 KB-cwnd
[2024-11-02T18:06:53.838201-0600]     0.6875 MB /   0.50 sec =   11.5340 Mbps     0 retrans    138 KB-cwnd
[2024-11-02T18:06:54.363351-0600]     0.7500 MB /   0.50 sec =   12.5831 Mbps     1 retrans    117 KB-cwnd
[2024-11-02T18:06:54.970533-0600]     0.6875 MB /   0.50 sec =   11.5345 Mbps     0 retrans    124 KB-cwnd
[2024-11-02T18:06:55.791344-0600]     0.7500 MB /   0.50 sec =   12.5825 Mbps    58 retrans    117 KB-cwnd
[2024-11-02T18:06:56.574178-0600]     0.4375 MB /   0.50 sec =    7.3402 Mbps     0 retrans    123 KB-cwnd
[2024-11-02T18:06:56.574360-0600]     0.5625 MB /   0.50 sec =    9.4371 Mbps     0 retrans    123 KB-cwnd
[2024-11-02T18:06:57.757123-0600]     0.5625 MB /   0.50 sec =    9.4372 Mbps     6 retrans     93 KB-cwnd
[2024-11-02T18:06:57.757581-0600]     0.3750 MB /   0.50 sec =    6.2907 Mbps     0 retrans     93 KB-cwnd
[2024-11-02T18:06:58.947553-0600]     0.3125 MB /   0.50 sec =    5.2436 Mbps    12 retrans     50 KB-cwnd
[2024-11-02T18:06:58.947798-0600]     0.3750 MB /   0.50 sec =    6.2911 Mbps     0 retrans     50 KB-cwnd
[2024-11-02T18:06:58.947869-0600]     0.3125 MB /   0.50 sec =    5.2428 Mbps     0 retrans     50 KB-cwnd
[2024-11-02T18:07:00.321582-0600]     0.3125 MB /   0.50 sec =    5.2431 Mbps     6 retrans     45 KB-cwnd
[2024-11-02T18:07:00.322888-0600]     0.3750 MB /   0.50 sec =    6.2914 Mbps     0 retrans     45 KB-cwnd
[2024-11-02T18:07:00.323026-0600]     0.2500 MB /   0.50 sec =    4.1944 Mbps     0 retrans     45 KB-cwnd
[2024-11-02T18:07:02.097565-0600]     0.3125 MB /   0.50 sec =    5.2427 Mbps    11 retrans    138 KB-cwnd
[2024-11-02T18:07:02.098291-0600]     0.2500 MB /   0.50 sec =    4.1945 Mbps     0 retrans    138 KB-cwnd
[2024-11-02T18:07:02.098412-0600]     0.3750 MB /   0.50 sec =    6.2913 Mbps     0 retrans    138 KB-cwnd
[2024-11-02T18:07:02.498948-0600]     0.5000 MB /   0.50 sec =    8.3886 Mbps     9 retrans     87 KB-cwnd
[2024-11-02T18:07:03.577817-0600]     0.6250 MB /   0.50 sec =   10.4855 Mbps     5 retrans     49 KB-cwnd
[2024-11-02T18:07:03.578344-0600]     0.4375 MB /   0.50 sec =    7.3403 Mbps     0 retrans     49 KB-cwnd
[2024-11-02T18:07:04.883922-0600]     0.2500 MB /   0.50 sec =    4.1942 Mbps     3 retrans     50 KB-cwnd
[2024-11-02T18:07:04.884196-0600]     0.3750 MB /   0.50 sec =    6.2914 Mbps     0 retrans     50 KB-cwnd
[2024-11-02T18:07:04.884261-0600]     0.3125 MB /   0.50 sec =    5.2431 Mbps     0 retrans     50 KB-cwnd
[2024-11-02T18:07:06.364235-0600]     0.1875 MB /   0.50 sec =    3.1457 Mbps     2 retrans     52 KB-cwnd
[2024-11-02T18:07:06.364765-0600]     0.3750 MB /   0.50 sec =    6.2914 Mbps     0 retrans     52 KB-cwnd
[2024-11-02T18:07:06.364884-0600]     0.3125 MB /   0.50 sec =    5.2429 Mbps     0 retrans     52 KB-cwnd
[2024-11-02T18:07:07.426313-0600]     0.3750 MB /   0.50 sec =    6.2912 Mbps     3 retrans     46 KB-cwnd
[2024-11-02T18:07:07.426785-0600]     0.3750 MB /   0.50 sec =    6.2913 Mbps     0 retrans     46 KB-cwnd
[2024-11-02T18:07:08.955123-0600]     0.3125 MB /   0.50 sec =    5.2433 Mbps     1 retrans     50 KB-cwnd
[2024-11-02T18:07:08.955376-0600]     0.2500 MB /   0.50 sec =    4.1942 Mbps     0 retrans     50 KB-cwnd
[2024-11-02T18:07:08.955418-0600]     0.2500 MB /   0.50 sec =    4.1944 Mbps     0 retrans     50 KB-cwnd
[2024-11-02T18:07:10.047156-0600]     0.3125 MB /   0.50 sec =    5.2429 Mbps     7 retrans     89 KB-cwnd
[2024-11-02T18:07:10.047563-0600]     0.3125 MB /   0.50 sec =    5.2428 Mbps     0 retrans     89 KB-cwnd
[2024-11-02T18:07:10.978342-0600]     0.6875 MB /   0.50 sec =   11.5339 Mbps     2 retrans     63 KB-cwnd
[2024-11-02T18:07:10.978826-0600]     0.4375 MB /   0.50 sec =    7.3404 Mbps     0 retrans     63 KB-cwnd
[2024-11-02T18:07:12.235699-0600]     0.3750 MB /   0.50 sec =    6.2914 Mbps     3 retrans     38 KB-cwnd
[2024-11-02T18:07:12.236180-0600]     0.4375 MB /   0.50 sec =    7.3402 Mbps     0 retrans     38 KB-cwnd
[2024-11-02T18:07:13.698762-0600]     0.2500 MB /   0.50 sec =    4.1941 Mbps     3 retrans    107 KB-cwnd
[2024-11-02T18:07:13.699265-0600]     0.1875 MB /   0.50 sec =    3.1458 Mbps     0 retrans    107 KB-cwnd
[2024-11-02T18:07:13.699393-0600]     0.2500 MB /   0.50 sec =    4.1943 Mbps     0 retrans    107 KB-cwnd
[2024-11-02T18:07:14.332526-0600]     0.6250 MB /   0.50 sec =   10.4860 Mbps     0 retrans    115 KB-cwnd
[2024-11-02T18:07:14.332987-0600]     0.6875 MB /   0.50 sec =   11.5342 Mbps     0 retrans    115 KB-cwnd
[2024-11-02T18:07:14.964325-0600]     0.7500 MB /   0.50 sec =   12.5829 Mbps     0 retrans    121 KB-cwnd
[2024-11-02T18:07:15.587493-0600]     0.7500 MB /   0.50 sec =   12.5826 Mbps     3 retrans    132 KB-cwnd
[2024-11-02T18:07:16.143496-0600]     0.7500 MB /   0.50 sec =   12.5832 Mbps     0 retrans    114 KB-cwnd
[2024-11-02T18:07:16.810816-0600]     0.6250 MB /   0.50 sec =   10.4855 Mbps     0 retrans    120 KB-cwnd
[2024-11-02T18:07:16.811295-0600]     0.6875 MB /   0.50 sec =   11.5345 Mbps     0 retrans    120 KB-cwnd
[2024-11-02T18:07:17.365685-0600]     0.7500 MB /   0.50 sec =   12.5831 Mbps     0 retrans    138 KB-cwnd
[2024-11-02T18:07:17.865958-0600]     0.8750 MB /   0.50 sec =   14.6799 Mbps     5 retrans    106 KB-cwnd
[2024-11-02T18:07:18.502944-0600]     0.6875 MB /   0.50 sec =   11.5344 Mbps     0 retrans    113 KB-cwnd
[2024-11-02T18:07:19.259335-0600]     0.6875 MB /   0.50 sec =   11.5343 Mbps     1 retrans     96 KB-cwnd
[2024-11-02T18:07:19.926103-0600]     0.5625 MB /   0.50 sec =    9.4358 Mbps     0 retrans    103 KB-cwnd
[2024-11-02T18:07:19.926525-0600]     0.5625 MB /   0.50 sec =    9.4384 Mbps     0 retrans    103 KB-cwnd
[2024-11-02T18:07:20.674820-0600]     0.5625 MB /   0.50 sec =    9.4374 Mbps     0 retrans    152 KB-cwnd
[2024-11-02T18:07:21.234811-0600]     0.6250 MB /   0.50 sec =   10.4858 Mbps     3 retrans    114 KB-cwnd
[2024-11-02T18:07:21.853979-0600]     0.8125 MB /   0.50 sec =   13.6311 Mbps     0 retrans    120 KB-cwnd
[2024-11-02T18:07:21.854278-0600]     0.6875 MB /   0.50 sec =   11.5342 Mbps     0 retrans    120 KB-cwnd
[2024-11-02T18:07:22.428399-0600]     0.7500 MB /   0.50 sec =   12.5832 Mbps     1 retrans    110 KB-cwnd
[2024-11-02T18:07:23.278833-0600]     0.6250 MB /   0.50 sec =   10.4856 Mbps     1 retrans     96 KB-cwnd
[2024-11-02T18:07:24.169444-0600]     0.5000 MB /   0.50 sec =    8.3886 Mbps     0 retrans    103 KB-cwnd
[2024-11-02T18:07:24.170162-0600]     0.4375 MB /   0.50 sec =    7.3400 Mbps     0 retrans    103 KB-cwnd
[2024-11-02T18:07:25.008272-0600]     0.5000 MB /   0.50 sec =    8.3888 Mbps     0 retrans    110 KB-cwnd
[2024-11-02T18:07:25.008611-0600]     0.5625 MB /   0.50 sec =    9.4368 Mbps     0 retrans    110 KB-cwnd
[2024-11-02T18:07:25.622147-0600]     0.5625 MB /   0.50 sec =    9.4360 Mbps     6 retrans    192 KB-cwnd
[2024-11-02T18:07:26.095067-0600]     0.9375 MB /   0.50 sec =   15.7310 Mbps     5 retrans    134 KB-cwnd
[2024-11-02T18:07:26.613732-0600]     0.8125 MB /   0.50 sec =   13.6306 Mbps     0 retrans    139 KB-cwnd
[2024-11-02T18:07:27.343320-0600]     0.8125 MB /   0.50 sec =   13.6324 Mbps     1 retrans    132 KB-cwnd
[2024-11-02T18:07:27.343902-0600]     0.5625 MB /   0.50 sec =    9.4373 Mbps     0 retrans    132 KB-cwnd
[2024-11-02T18:07:28.088003-0600]     0.6250 MB /   0.50 sec =   10.4856 Mbps     1 retrans    110 KB-cwnd
[2024-11-02T18:07:29.029449-0600]     0.6250 MB /   0.50 sec =   10.4861 Mbps     0 retrans    120 KB-cwnd
[2024-11-02T18:07:29.029784-0600]     0.4375 MB /   0.50 sec =    7.3400 Mbps     0 retrans    120 KB-cwnd
[2024-11-02T18:07:29.873694-0600]     0.5000 MB /   0.50 sec =    8.3886 Mbps     0 retrans    125 KB-cwnd
[2024-11-02T18:07:29.874190-0600]     0.5000 MB /   0.50 sec =    8.3886 Mbps     0 retrans    125 KB-cwnd
[2024-11-02T18:07:30.623677-0600]     0.5000 MB /   0.50 sec =    8.3886 Mbps     0 retrans    161 KB-cwnd
[2024-11-02T18:07:31.230885-0600]     0.5625 MB /   0.50 sec =    9.4369 Mbps     4 retrans    202 KB-cwnd
[2024-11-02T18:07:31.731353-0600]     1.0625 MB /   0.50 sec =   17.8248 Mbps     1 retrans    185 KB-cwnd
[2024-11-02T18:07:32.418615-0600]     0.7500 MB /   0.50 sec =   12.5839 Mbps     3 retrans    103 KB-cwnd
[2024-11-02T18:07:32.419028-0600]     0.7500 MB /   0.50 sec =   12.5833 Mbps     0 retrans    103 KB-cwnd
[2024-11-02T18:07:33.329703-0600]     0.5625 MB /   0.50 sec =    9.4371 Mbps     0 retrans    110 KB-cwnd
[2024-11-02T18:07:33.330223-0600]     0.5000 MB /   0.50 sec =    8.3886 Mbps     0 retrans    110 KB-cwnd
[2024-11-02T18:07:34.171031-0600]     0.5000 MB /   0.50 sec =    8.3884 Mbps     1 retrans     93 KB-cwnd
[2024-11-02T18:07:35.192724-0600]     0.4375 MB /   0.50 sec =    7.3401 Mbps     0 retrans    101 KB-cwnd
[2024-11-02T18:07:35.193309-0600]     0.5000 MB /   0.50 sec =    8.3887 Mbps     0 retrans    101 KB-cwnd
[2024-11-02T18:07:36.221527-0600]     0.3750 MB /   0.50 sec =    6.2915 Mbps     2 retrans    172 KB-cwnd
[2024-11-02T18:07:36.222189-0600]     0.5000 MB /   0.50 sec =    8.3886 Mbps     0 retrans    172 KB-cwnd
[2024-11-02T18:07:36.841016-0600]     0.4375 MB /   0.50 sec =    7.3399 Mbps     6 retrans    114 KB-cwnd
[2024-11-02T18:07:36.841218-0600]     0.8125 MB /   0.50 sec =   13.6316 Mbps     0 retrans    114 KB-cwnd
[2024-11-02T18:07:37.639011-0600]     0.6875 MB /   0.50 sec =   11.5327 Mbps     1 retrans    100 KB-cwnd
[2024-11-02T18:07:38.527743-0600]     0.5000 MB /   0.50 sec =    8.3900 Mbps     0 retrans    106 KB-cwnd
[2024-11-02T18:07:38.528053-0600]     0.5000 MB /   0.50 sec =    8.3885 Mbps     0 retrans    106 KB-cwnd
[2024-11-02T18:07:38.814446-0600]     0.4375 MB /   0.50 sec =    7.3400 Mbps     1 retrans     86 KB-cwnd
[2024-11-02T18:07:39.310062-0600]     0.5000 MB /   0.50 sec =    8.3884 Mbps     0 retrans     90 KB-cwnd
End time: 1730592459438
