Start time: 1730521083178
[2024-11-01T21:18:03.951997-0700] nuttcp-r: v8.1.4: socket
[2024-11-01T21:18:03.952941-0700] nuttcp-r: buflen=65536, nstream=1, port=5103 tcp
[2024-11-01T21:18:03.952995-0700] nuttcp-r: interval reporting every 0.50 seconds
[2024-11-01T21:18:03.953035-0700] nuttcp-r: connect to 54.176.53.206 with RTT=36.854 ms af=inet
[2024-11-01T21:18:03.953069-0700] nuttcp-r: send window size = 1048576, receive window size = 1048576
[2024-11-01T21:18:03.953098-0700] nuttcp-r: available send window = 786432, available receive window = 786432
[2024-11-01T21:18:03.953128-0700]     5.6250 MB /   0.50 sec =   94.1173 Mbps     0 retrans
[2024-11-01T21:18:04.450147-0700]    14.2500 MB /   0.50 sec =  239.6981 Mbps     0 retrans
[2024-11-01T21:18:04.951225-0700]    14.0625 MB /   0.50 sec =  235.6845 Mbps     0 retrans
[2024-11-01T21:18:05.450325-0700]    14.1250 MB /   0.50 sec =  237.1845 Mbps     0 retrans
[2024-11-01T21:18:05.952059-0700]    12.0000 MB /   0.50 sec =  200.8297 Mbps     0 retrans
[2024-11-01T21:18:06.450254-0700]    13.0000 MB /   0.50 sec =  218.6719 Mbps     0 retrans
[2024-11-01T21:18:06.950411-0700]    12.2500 MB /   0.50 sec =  205.4367 Mbps     0 retrans
[2024-11-01T21:18:07.450536-0700]    13.5000 MB /   0.50 sec =  226.4426 Mbps     0 retrans
[2024-11-01T21:18:07.951369-0700]    19.0625 MB /   0.50 sec =  319.6872 Mbps     0 retrans
[2024-11-01T21:18:08.451174-0700]    18.2500 MB /   0.50 sec =  306.3049 Mbps     0 retrans
[2024-11-01T21:18:08.950127-0700]    17.1875 MB /   0.50 sec =  288.5367 Mbps     0 retrans
[2024-11-01T21:18:09.450692-0700]    16.1250 MB /   0.50 sec =  270.4980 Mbps     0 retrans
[2024-11-01T21:18:09.950942-0700]    16.9375 MB /   0.50 sec =  284.2096 Mbps     0 retrans
[2024-11-01T21:18:10.450663-0700]    17.3750 MB /   0.50 sec =  291.2333 Mbps     0 retrans
[2024-11-01T21:18:10.951170-0700]    15.4375 MB /   0.50 sec =  259.0169 Mbps     0 retrans
[2024-11-01T21:18:11.450203-0700]    15.6875 MB /   0.50 sec =  263.4191 Mbps     0 retrans
[2024-11-01T21:18:11.950137-0700]    16.0000 MB /   0.50 sec =  268.4591 Mbps     0 retrans
[2024-11-01T21:18:12.450209-0700]     1.6875 MB /   0.50 sec =   28.3058 Mbps     0 retrans
[2024-11-01T21:18:12.950209-0700]     9.6875 MB /   0.50 sec =  162.5475 Mbps     0 retrans
[2024-11-01T21:18:13.450556-0700]     8.0625 MB /   0.50 sec =  135.2558 Mbps     0 retrans
[2024-11-01T21:18:13.951437-0700]     5.6875 MB /   0.50 sec =   95.3468 Mbps     0 retrans
[2024-11-01T21:18:14.450214-0700]     8.3125 MB /   0.50 sec =  139.5787 Mbps     0 retrans
[2024-11-01T21:18:14.951168-0700]     7.1875 MB /   0.50 sec =  120.4805 Mbps     0 retrans
[2024-11-01T21:18:15.450538-0700]     8.0000 MB /   0.50 sec =  134.3432 Mbps     0 retrans
[2024-11-01T21:18:15.951256-0700]     9.3125 MB /   0.50 sec =  156.0814 Mbps     0 retrans
[2024-11-01T21:18:16.450553-0700]    10.6875 MB /   0.50 sec =  179.4820 Mbps     0 retrans
[2024-11-01T21:18:16.951644-0700]    11.0625 MB /   0.50 sec =  185.5872 Mbps     0 retrans
[2024-11-01T21:18:17.450802-0700]     7.3750 MB /   0.50 sec =  123.7404 Mbps     0 retrans
[2024-11-01T21:18:17.951385-0700]    10.8125 MB /   0.50 sec =  181.2058 Mbps     0 retrans
[2024-11-01T21:18:18.450542-0700]     8.1250 MB /   0.50 sec =  136.4658 Mbps     0 retrans
[2024-11-01T21:18:18.950708-0700]     5.5000 MB /   0.50 sec =   92.1781 Mbps     0 retrans
[2024-11-01T21:18:19.451488-0700]     6.0000 MB /   0.50 sec =  100.7324 Mbps     0 retrans
[2024-11-01T21:18:19.950149-0700]    10.7500 MB /   0.50 sec =  180.4189 Mbps     0 retrans
[2024-11-01T21:18:20.450177-0700]     6.6250 MB /   0.50 sec =  111.1446 Mbps     0 retrans
[2024-11-01T21:18:20.951171-0700]    10.3125 MB /   0.50 sec =  172.8598 Mbps     0 retrans
[2024-11-01T21:18:21.450097-0700]     7.5625 MB /   0.50 sec =  127.0014 Mbps     0 retrans
[2024-11-01T21:18:21.950162-0700]     8.2500 MB /   0.50 sec =  138.4023 Mbps     0 retrans
[2024-11-01T21:18:22.450725-0700]    10.6875 MB /   0.50 sec =  179.1367 Mbps     0 retrans
[2024-11-01T21:18:22.950242-0700]     7.6875 MB /   0.50 sec =  129.0990 Mbps     0 retrans
[2024-11-01T21:18:23.452154-0700]     7.5000 MB /   0.50 sec =  125.3738 Mbps     0 retrans
[2024-11-01T21:18:23.950184-0700]     5.9375 MB /   0.50 sec =   99.9760 Mbps     0 retrans
[2024-11-01T21:18:24.450250-0700]     6.1250 MB /   0.50 sec =  102.7580 Mbps     0 retrans
[2024-11-01T21:18:24.951191-0700]     9.5000 MB /   0.50 sec =  159.2418 Mbps     0 retrans
[2024-11-01T21:18:25.450915-0700]    10.0625 MB /   0.50 sec =  168.7708 Mbps     0 retrans
[2024-11-01T21:18:25.951323-0700]     7.6250 MB /   0.50 sec =  128.0436 Mbps     0 retrans
[2024-11-01T21:18:26.450804-0700]     6.3125 MB /   0.50 sec =  105.8215 Mbps     0 retrans
[2024-11-01T21:18:26.950178-0700]     5.1250 MB /   0.50 sec =   86.0827 Mbps     0 retrans
[2024-11-01T21:18:27.450309-0700]     3.8750 MB /   0.50 sec =   64.9985 Mbps     0 retrans
[2024-11-01T21:18:27.950260-0700]     6.2500 MB /   0.50 sec =  104.8645 Mbps     0 retrans
[2024-11-01T21:18:28.450183-0700]     3.3750 MB /   0.50 sec =   56.6273 Mbps     0 retrans
[2024-11-01T21:18:28.950734-0700]     5.7500 MB /   0.50 sec =   96.4607 Mbps     0 retrans
[2024-11-01T21:18:29.450660-0700]     5.9375 MB /   0.50 sec =   99.6307 Mbps     0 retrans
[2024-11-01T21:18:29.950698-0700]     5.8750 MB /   0.50 sec =   98.5393 Mbps     0 retrans
[2024-11-01T21:18:30.450256-0700]     6.4375 MB /   0.50 sec =  108.0169 Mbps     0 retrans
[2024-11-01T21:18:30.951652-0700]     6.7500 MB /   0.50 sec =  113.1127 Mbps     0 retrans
[2024-11-01T21:18:31.450149-0700]     7.5625 MB /   0.50 sec =  127.0418 Mbps     0 retrans
[2024-11-01T21:18:31.950297-0700]     8.5000 MB /   0.50 sec =  142.5830 Mbps     0 retrans
[2024-11-01T21:18:32.451001-0700]    10.5625 MB /   0.50 sec =  177.2150 Mbps     0 retrans
[2024-11-01T21:18:32.950116-0700]    10.4375 MB /   0.50 sec =  175.1385 Mbps     0 retrans
[2024-11-01T21:18:33.450297-0700]     8.7500 MB /   0.50 sec =  146.7804 Mbps     0 retrans
[2024-11-01T21:18:33.950295-0700]     8.8750 MB /   0.50 sec =  148.8996 Mbps     0 retrans
[2024-11-01T21:18:34.450545-0700]    10.3750 MB /   0.50 sec =  174.0622 Mbps     0 retrans
[2024-11-01T21:18:34.950798-0700]    10.8750 MB /   0.50 sec =  182.4449 Mbps     0 retrans
[2024-11-01T21:18:35.450569-0700]     6.3125 MB /   0.50 sec =  105.8604 Mbps     0 retrans
[2024-11-01T21:18:35.951073-0700]    11.8125 MB /   0.50 sec =  198.2776 Mbps     0 retrans
[2024-11-01T21:18:36.451885-0700]     8.8750 MB /   0.50 sec =  148.5650 Mbps     0 retrans
[2024-11-01T21:18:36.950128-0700]     7.7500 MB /   0.50 sec =  130.3271 Mbps     0 retrans
[2024-11-01T21:18:37.450720-0700]    12.6250 MB /   0.50 sec =  211.7700 Mbps     0 retrans
[2024-11-01T21:18:37.950253-0700]    14.0000 MB /   0.50 sec =  234.9144 Mbps     0 retrans
[2024-11-01T21:18:38.450132-0700]    13.0000 MB /   0.50 sec =  218.1252 Mbps     0 retrans
[2024-11-01T21:18:38.950659-0700]     7.9375 MB /   0.50 sec =  133.1313 Mbps     0 retrans
[2024-11-01T21:18:39.450454-0700]    11.0625 MB /   0.50 sec =  185.6403 Mbps     0 retrans
[2024-11-01T21:18:39.951214-0700]    15.9375 MB /   0.50 sec =  267.1208 Mbps     0 retrans
[2024-11-01T21:18:40.450714-0700]    16.9375 MB /   0.50 sec =  284.4332 Mbps     0 retrans
[2024-11-01T21:18:40.951935-0700]    13.0000 MB /   0.50 sec =  217.5955 Mbps     0 retrans
[2024-11-01T21:18:41.455340-0700]     7.8750 MB /   0.50 sec =  131.9688 Mbps     0 retrans
[2024-11-01T21:18:41.950252-0700]     9.0000 MB /   0.50 sec =  151.5314 Mbps     0 retrans
[2024-11-01T21:18:42.450684-0700]     7.8750 MB /   0.50 sec =  132.1163 Mbps     0 retrans
[2024-11-01T21:18:42.950765-0700]    11.9375 MB /   0.50 sec =  200.0819 Mbps     0 retrans
[2024-11-01T21:18:43.450817-0700]     8.4375 MB /   0.50 sec =  141.5450 Mbps     0 retrans
[2024-11-01T21:18:43.950094-0700]    10.1250 MB /   0.50 sec =  170.0635 Mbps     0 retrans
[2024-11-01T21:18:44.450755-0700]     9.1875 MB /   0.50 sec =  153.9907 Mbps     0 retrans
[2024-11-01T21:18:44.950280-0700]    11.0625 MB /   0.50 sec =  185.7551 Mbps     0 retrans
[2024-11-01T21:18:45.450805-0700]    13.5000 MB /   0.50 sec =  226.4566 Mbps     0 retrans
[2024-11-01T21:18:45.950093-0700]    10.8750 MB /   0.50 sec =  182.5062 Mbps     0 retrans
[2024-11-01T21:18:46.450188-0700]    14.5000 MB /   0.50 sec =  243.2623 Mbps     0 retrans
[2024-11-01T21:18:46.951889-0700]    12.3750 MB /   0.50 sec =  206.9504 Mbps     0 retrans
[2024-11-01T21:18:47.450531-0700]    14.0625 MB /   0.50 sec =  236.6656 Mbps     0 retrans
[2024-11-01T21:18:47.950807-0700]    16.6250 MB /   0.50 sec =  278.6431 Mbps     0 retrans
[2024-11-01T21:18:48.451134-0700]    14.5000 MB /   0.50 sec =  243.2871 Mbps     0 retrans
[2024-11-01T21:18:48.950744-0700]    13.3750 MB /   0.50 sec =  224.6136 Mbps     0 retrans
[2024-11-01T21:18:49.451771-0700]     8.5625 MB /   0.50 sec =  143.4744 Mbps     0 retrans
[2024-11-01T21:18:49.950331-0700]    13.8750 MB /   0.50 sec =  233.0551 Mbps     0 retrans
[2024-11-01T21:18:50.450332-0700]    12.7500 MB /   0.50 sec =  213.9022 Mbps     0 retrans
[2024-11-01T21:18:50.950522-0700]     4.0000 MB /   0.50 sec =   67.1130 Mbps     0 retrans
[2024-11-01T21:18:51.450263-0700]    14.2500 MB /   0.50 sec =  239.0615 Mbps     0 retrans
[2024-11-01T21:18:51.950791-0700]    15.6875 MB /   0.50 sec =  262.9580 Mbps     0 retrans
[2024-11-01T21:18:52.450174-0700]    16.0625 MB /   0.50 sec =  269.7770 Mbps     0 retrans
[2024-11-01T21:18:52.950326-0700]     8.7500 MB /   0.50 sec =  146.7824 Mbps     0 retrans
[2024-11-01T21:18:53.450440-0700]     9.3750 MB /   0.50 sec =  157.3043 Mbps     0 retrans
[2024-11-01T21:18:53.950245-0700]    10.7500 MB /   0.50 sec =  180.3482 Mbps     0 retrans
[2024-11-01T21:18:54.450674-0700]     9.8125 MB /   0.50 sec =  164.6386 Mbps     0 retrans
[2024-11-01T21:18:54.950430-0700]     7.7500 MB /   0.50 sec =  129.9577 Mbps     0 retrans
[2024-11-01T21:18:55.450887-0700]    11.3125 MB /   0.50 sec =  189.8576 Mbps     0 retrans
[2024-11-01T21:18:55.951131-0700]    10.2500 MB /   0.50 sec =  171.8407 Mbps     0 retrans
[2024-11-01T21:18:56.450727-0700]    12.1250 MB /   0.50 sec =  203.5997 Mbps     0 retrans
[2024-11-01T21:18:56.951277-0700]    10.1250 MB /   0.50 sec =  169.7434 Mbps     0 retrans
[2024-11-01T21:18:57.451508-0700]     6.5625 MB /   0.50 sec =  110.0068 Mbps     0 retrans
[2024-11-01T21:18:57.950105-0700]     8.1250 MB /   0.50 sec =  136.5366 Mbps     0 retrans
[2024-11-01T21:18:58.450797-0700]    13.0000 MB /   0.50 sec =  218.0785 Mbps     0 retrans
[2024-11-01T21:18:58.950805-0700]    11.1875 MB /   0.50 sec =  187.5061 Mbps     0 retrans
[2024-11-01T21:18:59.450230-0700]     7.9375 MB /   0.50 sec =  133.3075 Mbps     0 retrans
[2024-11-01T21:18:59.950272-0700]     9.2500 MB /   0.50 sec =  155.1812 Mbps     0 retrans
[2024-11-01T21:19:00.450265-0700]     5.3750 MB /   0.50 sec =   90.1799 Mbps     0 retrans
[2024-11-01T21:19:00.950162-0700]     7.7500 MB /   0.50 sec =  130.0336 Mbps     0 retrans
[2024-11-01T21:19:01.452097-0700]     4.3750 MB /   0.50 sec =   73.1452 Mbps     0 retrans
[2024-11-01T21:19:01.950695-0700]     3.5000 MB /   0.50 sec =   58.9254 Mbps     0 retrans
[2024-11-01T21:19:02.450256-0700]     8.3125 MB /   0.50 sec =  139.4497 Mbps     0 retrans
[2024-11-01T21:19:02.951181-0700]     8.8125 MB /   0.50 sec =  147.6997 Mbps     0 retrans
[2024-11-01T21:19:03.450231-0700]     9.6875 MB /   0.50 sec =  162.6972 Mbps     0 retrans
[2024-11-01T21:19:03.950221-0700]     9.1875 MB /   0.50 sec =  154.1499 Mbps     0 retrans
[2024-11-01T21:19:04.450686-0700]     6.9375 MB /   0.50 sec =  116.2689 Mbps     0 retrans
[2024-11-01T21:19:04.950107-0700]     6.1250 MB /   0.50 sec =  102.8709 Mbps     0 retrans
[2024-11-01T21:19:05.450944-0700]     8.1875 MB /   0.50 sec =  137.2553 Mbps     0 retrans
[2024-11-01T21:19:05.950879-0700]     9.6875 MB /   0.50 sec =  162.5488 Mbps     0 retrans
[2024-11-01T21:19:06.450936-0700]     9.6250 MB /   0.50 sec =  161.5886 Mbps     0 retrans
[2024-11-01T21:19:06.950526-0700]     9.0625 MB /   0.50 sec =  151.9341 Mbps     0 retrans
[2024-11-01T21:19:07.450262-0700]     8.8125 MB /   0.50 sec =  147.9430 Mbps     0 retrans
[2024-11-01T21:19:07.950205-0700]     8.1875 MB /   0.50 sec =  137.3651 Mbps     0 retrans
[2024-11-01T21:19:08.450187-0700]     7.4375 MB /   0.50 sec =  124.7898 Mbps     0 retrans
[2024-11-01T21:19:08.951212-0700]     8.5000 MB /   0.50 sec =  142.4559 Mbps     0 retrans
[2024-11-01T21:19:09.450470-0700]    10.2500 MB /   0.50 sec =  172.1234 Mbps     0 retrans
[2024-11-01T21:19:09.950312-0700]     6.1875 MB /   0.50 sec =  103.7955 Mbps     0 retrans
[2024-11-01T21:19:10.450730-0700]     9.3750 MB /   0.50 sec =  157.2798 Mbps     0 retrans
[2024-11-01T21:19:10.951107-0700]    10.2500 MB /   0.50 sec =  171.8534 Mbps     0 retrans
[2024-11-01T21:19:11.450230-0700]    11.6250 MB /   0.50 sec =  195.2159 Mbps     0 retrans
[2024-11-01T21:19:11.950944-0700]     7.6250 MB /   0.50 sec =  127.8370 Mbps     0 retrans
[2024-11-01T21:19:12.450583-0700]     8.0625 MB /   0.50 sec =  135.2701 Mbps     0 retrans
[2024-11-01T21:19:12.950152-0700]    11.1250 MB /   0.50 sec =  186.7762 Mbps     0 retrans
[2024-11-01T21:19:13.450153-0700]    14.3125 MB /   0.50 sec =  240.1325 Mbps     0 retrans
[2024-11-01T21:19:13.950574-0700]    11.3750 MB /   0.50 sec =  190.8271 Mbps     0 retrans
[2024-11-01T21:19:14.450234-0700]     9.9375 MB /   0.50 sec =  166.7216 Mbps     0 retrans
[2024-11-01T21:19:14.950451-0700]    12.9375 MB /   0.50 sec =  217.0804 Mbps     0 retrans
[2024-11-01T21:19:15.450714-0700]    10.8125 MB /   0.50 sec =  181.2130 Mbps     0 retrans
[2024-11-01T21:19:15.950146-0700]    15.5000 MB /   0.50 sec =  260.3118 Mbps     0 retrans
[2024-11-01T21:19:16.452391-0700]    14.4375 MB /   0.50 sec =  241.4114 Mbps     0 retrans
[2024-11-01T21:19:16.950185-0700]    15.3750 MB /   0.50 sec =  258.8053 Mbps     0 retrans
[2024-11-01T21:19:17.450260-0700]    15.4375 MB /   0.50 sec =  258.9599 Mbps     0 retrans
[2024-11-01T21:19:17.950218-0700]    14.1250 MB /   0.50 sec =  237.0047 Mbps     0 retrans
[2024-11-01T21:19:18.450241-0700]    14.4375 MB /   0.50 sec =  242.2186 Mbps     0 retrans
[2024-11-01T21:19:18.951644-0700]    11.8125 MB /   0.50 sec =  197.6523 Mbps     0 retrans
[2024-11-01T21:19:19.450279-0700]    10.3750 MB /   0.50 sec =  174.5244 Mbps     0 retrans
[2024-11-01T21:19:19.950182-0700]    11.4375 MB /   0.50 sec =  191.9013 Mbps     0 retrans
[2024-11-01T21:19:20.450130-0700]    12.5625 MB /   0.50 sec =  210.7790 Mbps     0 retrans
[2024-11-01T21:19:20.950211-0700]    12.8125 MB /   0.50 sec =  214.9443 Mbps     0 retrans
[2024-11-01T21:19:21.450226-0700]    14.5625 MB /   0.50 sec =  244.2996 Mbps     0 retrans
[2024-11-01T21:19:21.950724-0700]    16.6875 MB /   0.50 sec =  279.9916 Mbps     0 retrans
[2024-11-01T21:19:22.450232-0700]    14.1250 MB /   0.50 sec =  236.9507 Mbps     0 retrans
[2024-11-01T21:19:22.951626-0700]    16.3750 MB /   0.50 sec =  274.5353 Mbps     0 retrans
[2024-11-01T21:19:23.450694-0700]    14.6250 MB /   0.50 sec =  245.4114 Mbps     0 retrans
[2024-11-01T21:19:23.952124-0700]     6.0000 MB /   0.50 sec =  100.4622 Mbps     0 retrans
[2024-11-01T21:19:24.450700-0700]    17.3125 MB /   0.50 sec =  291.2279 Mbps     0 retrans
[2024-11-01T21:19:24.950740-0700]    11.5625 MB /   0.50 sec =  193.7966 Mbps     0 retrans
[2024-11-01T21:19:25.452081-0700]    11.9375 MB /   0.50 sec =  199.9625 Mbps     0 retrans
[2024-11-01T21:19:25.950261-0700]    12.1250 MB /   0.50 sec =  203.9209 Mbps     0 retrans
[2024-11-01T21:19:26.451352-0700]    10.1250 MB /   0.50 sec =  169.8612 Mbps     0 retrans
[2024-11-01T21:19:26.950128-0700]    11.1875 MB /   0.50 sec =  187.7402 Mbps     0 retrans
[2024-11-01T21:19:27.450164-0700]     5.8125 MB /   0.50 sec =   97.5133 Mbps     0 retrans
[2024-11-01T21:19:27.950075-0700]    11.1875 MB /   0.50 sec =  187.7045 Mbps     0 retrans
[2024-11-01T21:19:28.450200-0700]     7.9375 MB /   0.50 sec =  133.1582 Mbps     0 retrans
[2024-11-01T21:19:28.950207-0700]     9.3125 MB /   0.50 sec =  156.2375 Mbps     0 retrans
[2024-11-01T21:19:29.451948-0700]    12.3750 MB /   0.50 sec =  207.1462 Mbps     0 retrans
[2024-11-01T21:19:29.952140-0700]    11.2500 MB /   0.50 sec =  188.4621 Mbps     0 retrans
[2024-11-01T21:19:30.450166-0700]    12.3125 MB /   0.50 sec =  207.3524 Mbps     0 retrans
[2024-11-01T21:19:30.951078-0700]     2.5625 MB /   0.50 sec =   42.9385 Mbps     0 retrans
[2024-11-01T21:19:31.450865-0700]     0.0000 MB /   0.50 sec =    0.0000 Mbps     0 retrans
[2024-11-01T21:19:31.951657-0700]     0.0000 MB /   0.50 sec =    0.0000 Mbps     0 retrans
[2024-11-01T21:19:32.451643-0700]     0.4375 MB /   0.50 sec =    7.3402 Mbps     0 retrans
[2024-11-01T21:19:32.950292-0700]     0.0625 MB /   0.50 sec =    1.0512 Mbps     0 retrans
[2024-11-01T21:19:33.450309-0700]     0.2500 MB /   0.50 sec =    4.1940 Mbps     0 retrans
[2024-11-01T21:19:33.950228-0700]     0.3125 MB /   0.50 sec =    5.2437 Mbps     0 retrans
[2024-11-01T21:19:34.450206-0700]     0.1875 MB /   0.50 sec =    3.1459 Mbps     0 retrans
[2024-11-01T21:19:34.950180-0700]     0.2500 MB /   0.50 sec =    4.1942 Mbps     0 retrans
[2024-11-01T21:19:35.450713-0700]     0.1875 MB /   0.50 sec =    3.1423 Mbps     0 retrans
[2024-11-01T21:19:35.950265-0700]     0.2500 MB /   0.50 sec =    4.1985 Mbps     0 retrans
[2024-11-01T21:19:36.450171-0700]     0.2500 MB /   0.50 sec =    4.1948 Mbps     0 retrans
[2024-11-01T21:19:36.950243-0700]     0.2500 MB /   0.50 sec =    4.1940 Mbps     0 retrans
[2024-11-01T21:19:37.450640-0700]     0.1875 MB /   0.50 sec =    3.1433 Mbps     0 retrans
[2024-11-01T21:19:37.950151-0700]     0.1875 MB /   0.50 sec =    3.1484 Mbps     0 retrans
[2024-11-01T21:19:38.450301-0700]     0.2500 MB /   0.50 sec =    4.1926 Mbps     0 retrans
[2024-11-01T21:19:38.950908-0700]     0.1250 MB /   0.50 sec =    2.0974 Mbps     0 retrans
[2024-11-01T21:19:39.450245-0700]     0.2500 MB /   0.50 sec =    4.1952 Mbps     0 retrans
[2024-11-01T21:19:39.950216-0700]     0.1875 MB /   0.50 sec =    3.1458 Mbps     0 retrans
[2024-11-01T21:19:40.450211-0700]     0.1250 MB /   0.50 sec =    2.0971 Mbps     0 retrans
[2024-11-01T21:19:40.950206-0700]     0.1875 MB /   0.50 sec =    3.1458 Mbps     0 retrans
[2024-11-01T21:19:41.450269-0700]     0.2500 MB /   0.50 sec =    4.1937 Mbps     0 retrans
[2024-11-01T21:19:41.950286-0700]     0.2500 MB /   0.50 sec =    4.1945 Mbps     0 retrans
[2024-11-01T21:19:42.450145-0700]     0.2500 MB /   0.50 sec =    4.1948 Mbps     0 retrans
[2024-11-01T21:19:42.950659-0700]     0.5000 MB /   0.50 sec =    8.3807 Mbps     0 retrans
[2024-11-01T21:19:43.450246-0700]     0.7500 MB /   0.50 sec =   12.5930 Mbps     0 retrans
[2024-11-01T21:19:43.950240-0700]     1.0625 MB /   0.50 sec =   17.8277 Mbps     0 retrans
[2024-11-01T21:19:44.450096-0700]     1.3750 MB /   0.50 sec =   23.0705 Mbps     0 retrans
[2024-11-01T21:19:44.950282-0700]     1.8125 MB /   0.50 sec =   30.4058 Mbps     0 retrans
[2024-11-01T21:19:45.450699-0700]     2.3750 MB /   0.50 sec =   39.8079 Mbps     0 retrans
[2024-11-01T21:19:45.950202-0700]     3.4375 MB /   0.50 sec =   57.7280 Mbps     0 retrans
[2024-11-01T21:19:46.451217-0700]     4.5625 MB /   0.50 sec =   76.4746 Mbps     0 retrans
[2024-11-01T21:19:46.950569-0700]     5.6875 MB /   0.50 sec =   95.5131 Mbps     0 retrans
[2024-11-01T21:19:47.450317-0700]     8.2500 MB /   0.50 sec =  138.3846 Mbps     0 retrans
[2024-11-01T21:19:47.951493-0700]     9.0000 MB /   0.50 sec =  150.8857 Mbps     0 retrans
[2024-11-01T21:19:48.450769-0700]    11.1875 MB /   0.50 sec =  187.8548 Mbps     0 retrans
[2024-11-01T21:19:48.950688-0700]    10.3125 MB /   0.50 sec =  173.0137 Mbps     0 retrans
[2024-11-01T21:19:49.450299-0700]     9.7500 MB /   0.50 sec =  163.5471 Mbps     0 retrans
[2024-11-01T21:19:49.951610-0700]     7.3750 MB /   0.50 sec =  123.5452 Mbps     0 retrans
[2024-11-01T21:19:50.450287-0700]     7.1875 MB /   0.50 sec =  120.7867 Mbps     0 retrans
[2024-11-01T21:19:50.951453-0700]     9.5000 MB /   0.50 sec =  159.2606 Mbps     0 retrans
[2024-11-01T21:19:51.450510-0700]    11.5000 MB /   0.50 sec =  193.0979 Mbps     0 retrans
[2024-11-01T21:19:51.950897-0700]    10.3125 MB /   0.50 sec =  173.0143 Mbps     0 retrans
[2024-11-01T21:19:52.450500-0700]    13.5000 MB /   0.50 sec =  226.4965 Mbps     0 retrans
[2024-11-01T21:19:52.950746-0700]     6.4375 MB /   0.50 sec =  107.9045 Mbps     0 retrans
[2024-11-01T21:19:53.451082-0700]     8.1250 MB /   0.50 sec =  136.3312 Mbps     0 retrans
[2024-11-01T21:19:53.950370-0700]     5.6875 MB /   0.50 sec =   95.4525 Mbps     0 retrans
[2024-11-01T21:19:54.451014-0700]    12.4375 MB /   0.50 sec =  208.5995 Mbps     0 retrans
[2024-11-01T21:19:54.950450-0700]     8.6250 MB /   0.50 sec =  144.8240 Mbps     0 retrans
[2024-11-01T21:19:55.450468-0700]     9.6250 MB /   0.50 sec =  161.4571 Mbps     0 retrans
[2024-11-01T21:19:55.950228-0700]    12.0000 MB /   0.50 sec =  201.3314 Mbps     0 retrans
[2024-11-01T21:19:56.450937-0700]     3.8750 MB /   0.50 sec =   64.9294 Mbps     0 retrans
[2024-11-01T21:19:56.950573-0700]     2.1875 MB /   0.50 sec =   36.7427 Mbps     0 retrans
[2024-11-01T21:19:57.452422-0700]     5.1875 MB /   0.50 sec =   86.7642 Mbps     0 retrans
[2024-11-01T21:19:57.950172-0700]     7.0000 MB /   0.50 sec =  117.8286 Mbps     0 retrans
[2024-11-01T21:19:58.450483-0700]    14.5000 MB /   0.50 sec =  243.1242 Mbps     0 retrans
[2024-11-01T21:19:58.951158-0700]    17.1875 MB /   0.50 sec =  288.2667 Mbps     0 retrans
[2024-11-01T21:19:59.451241-0700]    19.3125 MB /   0.50 sec =  323.9556 Mbps     0 retrans
[2024-11-01T21:19:59.950205-0700]    19.5625 MB /   0.50 sec =  328.5361 Mbps     0 retrans
[2024-11-01T21:20:00.450232-0700]    21.9375 MB /   0.50 sec =  368.0296 Mbps     0 retrans
[2024-11-01T21:20:00.950215-0700]    18.3750 MB /   0.50 sec =  308.3146 Mbps     0 retrans
[2024-11-01T21:20:01.450728-0700]    14.5625 MB /   0.50 sec =  244.2718 Mbps     0 retrans
[2024-11-01T21:20:01.951617-0700]    17.1875 MB /   0.50 sec =  288.1158 Mbps     0 retrans
[2024-11-01T21:20:02.450286-0700]    19.3125 MB /   0.50 sec =  324.3135 Mbps     0 retrans
[2024-11-01T21:20:02.950188-0700]    19.8750 MB /   0.50 sec =  333.4525 Mbps     0 retrans
[2024-11-01T21:20:03.451301-0700]    15.1875 MB /   0.50 sec =  254.5657 Mbps     0 retrans
[2024-11-01T21:20:03.950277-0700]    17.8125 MB /   0.50 sec =  299.1223 Mbps     0 retrans
End time: 1730521204286
