Start time: 1730912830652
[2024-11-06T11:07:11.489445-0600] nuttcp-r: v8.1.4: socket
[2024-11-06T11:07:11.490015-0600] nuttcp-r: buflen=65536, nstream=1, port=5103 tcp
[2024-11-06T11:07:11.490063-0600] nuttcp-r: interval reporting every 0.50 seconds
[2024-11-06T11:07:11.490096-0600] nuttcp-r: connect to 54.197.223.49 with RTT=53.381 ms af=inet
[2024-11-06T11:07:11.490128-0600] nuttcp-r: send window size = 1048576, receive window size = 1048576
[2024-11-06T11:07:11.490158-0600] nuttcp-r: available send window = 786432, available receive window = 786432
[2024-11-06T11:07:11.490188-0600]     1.2500 MB /   0.50 sec =   20.9693 Mbps     0 retrans     14 KB-cwnd
[2024-11-06T11:07:11.989766-0600]     6.0625 MB /   0.50 sec =  101.6854 Mbps     0 retrans     14 KB-cwnd
[2024-11-06T11:07:12.488914-0600]     3.6875 MB /   0.50 sec =   61.8854 Mbps     0 retrans     14 KB-cwnd
[2024-11-06T11:07:12.989593-0600]     6.7500 MB /   0.50 sec =  113.1234 Mbps     0 retrans     14 KB-cwnd
[2024-11-06T11:07:13.488908-0600]     7.7500 MB /   0.50 sec =  130.1648 Mbps     0 retrans     14 KB-cwnd
[2024-11-06T11:07:13.989023-0600]     7.3125 MB /   0.50 sec =  122.6753 Mbps     0 retrans     14 KB-cwnd
[2024-11-06T11:07:14.489127-0600]     6.0000 MB /   0.50 sec =  100.6442 Mbps     0 retrans     14 KB-cwnd
[2024-11-06T11:07:14.989724-0600]     7.8750 MB /   0.50 sec =  132.1391 Mbps     0 retrans     14 KB-cwnd
[2024-11-06T11:07:15.489078-0600]     7.1875 MB /   0.50 sec =  120.5891 Mbps     0 retrans     14 KB-cwnd
[2024-11-06T11:07:15.989039-0600]     5.7500 MB /   0.50 sec =   96.4705 Mbps     0 retrans     14 KB-cwnd
[2024-11-06T11:07:16.489522-0600]     7.6250 MB /   0.50 sec =  127.8013 Mbps     0 retrans     14 KB-cwnd
[2024-11-06T11:07:16.989206-0600]     7.6875 MB /   0.50 sec =  129.1099 Mbps     0 retrans     14 KB-cwnd
[2024-11-06T11:07:17.489520-0600]     7.5625 MB /   0.50 sec =  126.8701 Mbps     0 retrans     14 KB-cwnd
[2024-11-06T11:07:17.989063-0600]    10.0625 MB /   0.50 sec =  168.8174 Mbps     0 retrans     14 KB-cwnd
[2024-11-06T11:07:18.489618-0600]    11.1875 MB /   0.50 sec =  187.6715 Mbps     0 retrans     14 KB-cwnd
[2024-11-06T11:07:18.989139-0600]    11.3750 MB /   0.50 sec =  190.8317 Mbps     0 retrans     14 KB-cwnd
[2024-11-06T11:07:19.489028-0600]     9.9375 MB /   0.50 sec =  166.7536 Mbps     0 retrans     14 KB-cwnd
[2024-11-06T11:07:19.989055-0600]     4.4375 MB /   0.50 sec =   74.4465 Mbps     0 retrans     14 KB-cwnd
[2024-11-06T11:07:20.489533-0600]    10.0000 MB /   0.50 sec =  167.7487 Mbps     0 retrans     14 KB-cwnd
[2024-11-06T11:07:20.989075-0600]     8.6250 MB /   0.50 sec =  144.7229 Mbps     0 retrans     14 KB-cwnd
[2024-11-06T11:07:21.489044-0600]     8.5000 MB /   0.50 sec =  142.6100 Mbps     0 retrans     15 KB-cwnd
[2024-11-06T11:07:21.989023-0600]     9.9375 MB /   0.50 sec =  166.7269 Mbps     0 retrans     15 KB-cwnd
[2024-11-06T11:07:22.489056-0600]    11.3125 MB /   0.50 sec =  189.7839 Mbps     0 retrans     28 KB-cwnd
[2024-11-06T11:07:22.989080-0600]    11.1250 MB /   0.50 sec =  186.6611 Mbps     0 retrans     28 KB-cwnd
[2024-11-06T11:07:23.491916-0600]     5.3125 MB /   0.50 sec =   88.6649 Mbps     0 retrans     28 KB-cwnd
[2024-11-06T11:07:23.990149-0600]     4.6875 MB /   0.50 sec =   78.8833 Mbps     0 retrans     28 KB-cwnd
[2024-11-06T11:07:24.489041-0600]     7.0000 MB /   0.50 sec =  117.6907 Mbps     0 retrans     28 KB-cwnd
[2024-11-06T11:07:24.990055-0600]     9.0625 MB /   0.50 sec =  151.9029 Mbps     0 retrans     28 KB-cwnd
[2024-11-06T11:07:25.489116-0600]     6.0000 MB /   0.50 sec =  100.7534 Mbps     0 retrans     28 KB-cwnd
[2024-11-06T11:07:25.989508-0600]     9.0000 MB /   0.50 sec =  150.8610 Mbps     0 retrans     28 KB-cwnd
[2024-11-06T11:07:26.489138-0600]     8.5000 MB /   0.50 sec =  142.7139 Mbps     0 retrans     28 KB-cwnd
[2024-11-06T11:07:26.989151-0600]     7.0625 MB /   0.50 sec =  118.4926 Mbps     0 retrans     28 KB-cwnd
[2024-11-06T11:07:27.489085-0600]     6.7500 MB /   0.50 sec =  113.2603 Mbps     0 retrans     28 KB-cwnd
[2024-11-06T11:07:27.989479-0600]     7.4375 MB /   0.50 sec =  124.6763 Mbps     0 retrans     28 KB-cwnd
[2024-11-06T11:07:28.489044-0600]     6.5625 MB /   0.50 sec =  110.1924 Mbps     0 retrans     28 KB-cwnd
[2024-11-06T11:07:28.989025-0600]     7.6250 MB /   0.50 sec =  127.9281 Mbps     0 retrans     28 KB-cwnd
[2024-11-06T11:07:29.489492-0600]     9.3750 MB /   0.50 sec =  157.2833 Mbps     0 retrans     28 KB-cwnd
[2024-11-06T11:07:29.989586-0600]     9.0625 MB /   0.50 sec =  152.0444 Mbps     0 retrans     28 KB-cwnd
[2024-11-06T11:07:30.489311-0600]     9.8125 MB /   0.50 sec =  164.6370 Mbps     0 retrans     28 KB-cwnd
[2024-11-06T11:07:30.989607-0600]     7.0000 MB /   0.50 sec =  117.3166 Mbps     0 retrans     28 KB-cwnd
[2024-11-06T11:07:31.489071-0600]     6.7500 MB /   0.50 sec =  113.3584 Mbps     0 retrans     28 KB-cwnd
[2024-11-06T11:07:31.989035-0600]     7.5625 MB /   0.50 sec =  126.8830 Mbps     0 retrans     28 KB-cwnd
[2024-11-06T11:07:32.489048-0600]     8.6875 MB /   0.50 sec =  145.7486 Mbps     0 retrans     28 KB-cwnd
[2024-11-06T11:07:32.989050-0600]     8.0000 MB /   0.50 sec =  134.2158 Mbps     0 retrans     32 KB-cwnd
[2024-11-06T11:07:33.489570-0600]     8.9375 MB /   0.50 sec =  149.8082 Mbps     0 retrans     41 KB-cwnd
[2024-11-06T11:07:33.990106-0600]     7.3750 MB /   0.50 sec =  123.7080 Mbps     0 retrans     41 KB-cwnd
[2024-11-06T11:07:34.489566-0600]     6.2500 MB /   0.50 sec =  104.9661 Mbps     0 retrans     41 KB-cwnd
[2024-11-06T11:07:34.989044-0600]     4.7500 MB /   0.50 sec =   79.6996 Mbps     0 retrans     41 KB-cwnd
[2024-11-06T11:07:35.489777-0600]     7.9375 MB /   0.50 sec =  133.0991 Mbps     0 retrans     53 KB-cwnd
[2024-11-06T11:07:35.989461-0600]     8.0625 MB /   0.50 sec =  135.3361 Mbps     0 retrans     53 KB-cwnd
[2024-11-06T11:07:36.489034-0600]     4.7500 MB /   0.50 sec =   79.6946 Mbps     0 retrans     53 KB-cwnd
[2024-11-06T11:07:36.989009-0600]     7.5625 MB /   0.50 sec =  126.8787 Mbps     0 retrans     55 KB-cwnd
[2024-11-06T11:07:37.489062-0600]     8.8125 MB /   0.50 sec =  147.8424 Mbps     0 retrans     55 KB-cwnd
[2024-11-06T11:07:37.989451-0600]     7.2500 MB /   0.50 sec =  121.6411 Mbps     0 retrans     55 KB-cwnd
[2024-11-06T11:07:38.488925-0600]     7.0000 MB /   0.50 sec =  117.4459 Mbps   948 retrans   2782 KB-cwnd
[2024-11-06T11:07:38.989485-0600]     8.6250 MB /   0.50 sec =  144.6884 Mbps     0 retrans   2782 KB-cwnd
[2024-11-06T11:07:39.490389-0600]     6.4375 MB /   0.50 sec =  107.7297 Mbps     0 retrans   2782 KB-cwnd
[2024-11-06T11:07:39.989065-0600]     5.2500 MB /   0.50 sec =   88.3068 Mbps     0 retrans   2782 KB-cwnd
[2024-11-06T11:07:40.491618-0600]     3.6250 MB /   0.50 sec =   60.6351 Mbps     0 retrans   2782 KB-cwnd
[2024-11-06T11:07:40.990279-0600]     2.8750 MB /   0.50 sec =   48.2671 Mbps     0 retrans   2782 KB-cwnd
[2024-11-06T11:07:41.489137-0600]     1.6875 MB /   0.50 sec =   28.3768 Mbps     0 retrans   2782 KB-cwnd
[2024-11-06T11:07:41.989426-0600]     5.5625 MB /   0.50 sec =   93.2753 Mbps     0 retrans   2782 KB-cwnd
[2024-11-06T11:07:42.490346-0600]     0.5000 MB /   0.50 sec =    8.3726 Mbps     0 retrans   2782 KB-cwnd
[2024-11-06T11:07:42.989107-0600]     3.9375 MB /   0.50 sec =   66.2175 Mbps     0 retrans   2782 KB-cwnd
[2024-11-06T11:07:43.489529-0600]     5.8125 MB /   0.50 sec =   97.5162 Mbps     0 retrans   2782 KB-cwnd
[2024-11-06T11:07:43.989075-0600]     6.5625 MB /   0.50 sec =  110.1190 Mbps     0 retrans   2782 KB-cwnd
[2024-11-06T11:07:44.490959-0600]     6.6875 MB /   0.50 sec =  111.8922 Mbps     0 retrans   2782 KB-cwnd
[2024-11-06T11:07:44.989039-0600]     8.4375 MB /   0.50 sec =  141.9444 Mbps     0 retrans   2782 KB-cwnd
[2024-11-06T11:07:45.490017-0600]     8.8750 MB /   0.50 sec =  148.7526 Mbps     0 retrans   2782 KB-cwnd
[2024-11-06T11:07:45.990075-0600]     8.8750 MB /   0.50 sec =  148.8862 Mbps     0 retrans   2782 KB-cwnd
[2024-11-06T11:07:46.489072-0600]    10.0000 MB /   0.50 sec =  167.9384 Mbps     0 retrans   2799 KB-cwnd
[2024-11-06T11:07:46.989517-0600]     9.8125 MB /   0.50 sec =  164.6281 Mbps     0 retrans   2799 KB-cwnd
[2024-11-06T11:07:47.489180-0600]     9.1875 MB /   0.50 sec =  154.0957 Mbps     0 retrans   2799 KB-cwnd
[2024-11-06T11:07:47.989134-0600]     8.8125 MB /   0.50 sec =  147.8927 Mbps     0 retrans   2799 KB-cwnd
[2024-11-06T11:07:48.489036-0600]    10.8125 MB /   0.50 sec =  181.4066 Mbps     0 retrans   2799 KB-cwnd
[2024-11-06T11:07:48.989112-0600]     8.7500 MB /   0.50 sec =  146.7833 Mbps   891 retrans   3798 KB-cwnd
[2024-11-06T11:07:49.488996-0600]    10.0625 MB /   0.50 sec =  168.8450 Mbps     0 retrans   3798 KB-cwnd
[2024-11-06T11:07:49.989541-0600]    11.3125 MB /   0.50 sec =  189.6125 Mbps     0 retrans   3798 KB-cwnd
[2024-11-06T11:07:50.489141-0600]     6.7500 MB /   0.50 sec =  113.3351 Mbps     0 retrans   3798 KB-cwnd
[2024-11-06T11:07:50.989504-0600]    11.6250 MB /   0.50 sec =  195.0617 Mbps     0 retrans   3798 KB-cwnd
[2024-11-06T11:07:51.489113-0600]     9.6250 MB /   0.50 sec =  161.4494 Mbps     0 retrans   3798 KB-cwnd
[2024-11-06T11:07:51.989435-0600]    11.1250 MB /   0.50 sec =  186.5928 Mbps     0 retrans   3798 KB-cwnd
[2024-11-06T11:07:52.491911-0600]     7.1875 MB /   0.50 sec =  120.2241 Mbps     0 retrans   3798 KB-cwnd
[2024-11-06T11:07:52.989002-0600]    11.7500 MB /   0.50 sec =  197.8195 Mbps  1296 retrans   2944 KB-cwnd
[2024-11-06T11:07:53.489470-0600]     2.6875 MB /   0.50 sec =   45.0908 Mbps     0 retrans   2969 KB-cwnd
[2024-11-06T11:07:53.989422-0600]    12.8125 MB /   0.50 sec =  214.7768 Mbps     0 retrans   2969 KB-cwnd
[2024-11-06T11:07:54.489188-0600]    14.1875 MB /   0.50 sec =  238.1477 Mbps     0 retrans   2969 KB-cwnd
[2024-11-06T11:07:54.989202-0600]     9.8125 MB /   0.50 sec =  164.6175 Mbps     0 retrans   2969 KB-cwnd
[2024-11-06T11:07:55.489027-0600]     8.0625 MB /   0.50 sec =  135.3156 Mbps     0 retrans   2969 KB-cwnd
[2024-11-06T11:07:55.989197-0600]     8.2500 MB /   0.50 sec =  138.3849 Mbps     0 retrans   2983 KB-cwnd
[2024-11-06T11:07:56.489776-0600]     8.9375 MB /   0.50 sec =  149.8633 Mbps     4 retrans   3296 KB-cwnd
[2024-11-06T11:07:56.990817-0600]     7.0625 MB /   0.50 sec =  118.1766 Mbps     0 retrans   3296 KB-cwnd
[2024-11-06T11:07:57.489100-0600]     7.8750 MB /   0.50 sec =  132.5508 Mbps     0 retrans   3296 KB-cwnd
[2024-11-06T11:07:57.989566-0600]    10.0625 MB /   0.50 sec =  168.8217 Mbps     0 retrans   3296 KB-cwnd
[2024-11-06T11:07:58.489569-0600]    10.4375 MB /   0.50 sec =  175.1294 Mbps     0 retrans   3296 KB-cwnd
[2024-11-06T11:07:58.989591-0600]    11.9375 MB /   0.50 sec =  200.2336 Mbps     0 retrans   3296 KB-cwnd
[2024-11-06T11:07:59.489983-0600]    10.3750 MB /   0.50 sec =  173.9439 Mbps     0 retrans   3296 KB-cwnd
[2024-11-06T11:07:59.989501-0600]    10.2500 MB /   0.50 sec =  171.9689 Mbps   770 retrans   3461 KB-cwnd
[2024-11-06T11:08:00.489079-0600]     7.0625 MB /   0.50 sec =  118.5842 Mbps     0 retrans   3461 KB-cwnd
[2024-11-06T11:08:00.990152-0600]    12.9375 MB /   0.50 sec =  216.8566 Mbps     0 retrans   3461 KB-cwnd
[2024-11-06T11:08:01.490180-0600]    15.3750 MB /   0.50 sec =  257.9342 Mbps     0 retrans   3461 KB-cwnd
[2024-11-06T11:08:01.989589-0600]    15.9375 MB /   0.50 sec =  267.4168 Mbps     0 retrans   3478 KB-cwnd
[2024-11-06T11:08:02.489063-0600]    13.6875 MB /   0.50 sec =  229.8643 Mbps     0 retrans   3478 KB-cwnd
[2024-11-06T11:08:02.988926-0600]    13.0000 MB /   0.50 sec =  218.1204 Mbps     4 retrans   3096 KB-cwnd
[2024-11-06T11:08:03.489082-0600]    15.0625 MB /   0.50 sec =  252.6790 Mbps     0 retrans   3096 KB-cwnd
[2024-11-06T11:08:03.989153-0600]    12.8750 MB /   0.50 sec =  215.9838 Mbps     0 retrans   3096 KB-cwnd
[2024-11-06T11:08:04.490984-0600]    13.9375 MB /   0.50 sec =  233.0053 Mbps     0 retrans   3060 KB-cwnd
[2024-11-06T11:08:04.990192-0600]    15.7500 MB /   0.50 sec =  264.8710 Mbps     0 retrans   3060 KB-cwnd
[2024-11-06T11:08:05.489157-0600]     5.0000 MB /   0.50 sec =   83.9840 Mbps   294 retrans   3755 KB-cwnd
[2024-11-06T11:08:05.989178-0600]     0.0000 MB /   0.50 sec =    0.0000 Mbps     0 retrans   3755 KB-cwnd
[2024-11-06T11:08:06.489488-0600]     0.0000 MB /   0.50 sec =    0.0000 Mbps     0 retrans   3755 KB-cwnd
[2024-11-06T11:08:06.990473-0600]     0.0000 MB /   0.50 sec =    0.0000 Mbps     0 retrans   3755 KB-cwnd
[2024-11-06T11:08:07.489062-0600]     4.3750 MB /   0.50 sec =   73.5939 Mbps     0 retrans   3755 KB-cwnd
[2024-11-06T11:08:07.993224-0600]    13.5000 MB /   0.50 sec =  225.1380 Mbps     0 retrans   3755 KB-cwnd
[2024-11-06T11:08:08.489952-0600]     9.6875 MB /   0.50 sec =  163.3697 Mbps     0 retrans   3755 KB-cwnd
[2024-11-06T11:08:08.990133-0600]    11.3750 MB /   0.50 sec =  190.8095 Mbps     0 retrans   3755 KB-cwnd
[2024-11-06T11:08:09.489223-0600]    11.5000 MB /   0.50 sec =  193.1477 Mbps     0 retrans   3755 KB-cwnd
[2024-11-06T11:08:09.988994-0600]    12.1875 MB /   0.50 sec =  204.4666 Mbps     0 retrans   3755 KB-cwnd
[2024-11-06T11:08:10.491275-0600]    11.1250 MB /   0.50 sec =  186.0233 Mbps     5 retrans   3829 KB-cwnd
[2024-11-06T11:08:10.989024-0600]    12.9375 MB /   0.50 sec =  217.7756 Mbps     0 retrans   3829 KB-cwnd
[2024-11-06T11:08:11.489470-0600]    12.7500 MB /   0.50 sec =  213.9134 Mbps     0 retrans   3829 KB-cwnd
[2024-11-06T11:08:11.991584-0600]    10.3125 MB /   0.50 sec =  172.3309 Mbps     0 retrans   3829 KB-cwnd
[2024-11-06T11:08:12.489531-0600]     6.7500 MB /   0.50 sec =  113.5836 Mbps     0 retrans   3829 KB-cwnd
[2024-11-06T11:08:12.989042-0600]    12.1250 MB /   0.50 sec =  203.6200 Mbps     0 retrans   3829 KB-cwnd
[2024-11-06T11:08:13.489078-0600]    10.6875 MB /   0.50 sec =  179.3086 Mbps     0 retrans   3829 KB-cwnd
[2024-11-06T11:08:13.990068-0600]    10.6875 MB /   0.50 sec =  179.1499 Mbps  1109 retrans   1882 KB-cwnd
[2024-11-06T11:08:14.489785-0600]     9.8750 MB /   0.50 sec =  165.6985 Mbps     0 retrans   1882 KB-cwnd
[2024-11-06T11:08:14.989593-0600]    12.1875 MB /   0.50 sec =  204.6094 Mbps     0 retrans   2000 KB-cwnd
[2024-11-06T11:08:15.489060-0600]     2.3750 MB /   0.50 sec =   39.8518 Mbps     0 retrans   2000 KB-cwnd
[2024-11-06T11:08:15.989097-0600]     9.9375 MB /   0.50 sec =  166.7009 Mbps     0 retrans   2034 KB-cwnd
[2024-11-06T11:08:16.488994-0600]    10.8750 MB /   0.50 sec =  182.4606 Mbps     0 retrans   2108 KB-cwnd
[2024-11-06T11:08:16.989629-0600]    11.8750 MB /   0.50 sec =  199.2195 Mbps     0 retrans   3911 KB-cwnd
[2024-11-06T11:08:17.489105-0600]     9.5625 MB /   0.50 sec =  160.4321 Mbps     6 retrans   3294 KB-cwnd
[2024-11-06T11:08:17.990982-0600]    12.3750 MB /   0.50 sec =  207.0177 Mbps     0 retrans   3294 KB-cwnd
[2024-11-06T11:08:18.489539-0600]    10.3750 MB /   0.50 sec =  174.5846 Mbps     0 retrans   3294 KB-cwnd
[2024-11-06T11:08:18.990341-0600]    10.0625 MB /   0.50 sec =  168.6575 Mbps     0 retrans   3294 KB-cwnd
[2024-11-06T11:08:19.489541-0600]    13.0625 MB /   0.50 sec =  219.3555 Mbps     0 retrans   3294 KB-cwnd
[2024-11-06T11:08:19.989000-0600]    10.9375 MB /   0.50 sec =  183.4920 Mbps     0 retrans   3294 KB-cwnd
[2024-11-06T11:08:20.490024-0600]     9.3125 MB /   0.50 sec =  156.0970 Mbps     0 retrans   3294 KB-cwnd
[2024-11-06T11:08:20.989004-0600]    10.5625 MB /   0.50 sec =  177.3882 Mbps   497 retrans   3735 KB-cwnd
[2024-11-06T11:08:21.489133-0600]     7.4375 MB /   0.50 sec =  124.7608 Mbps     0 retrans   3735 KB-cwnd
[2024-11-06T11:08:21.989734-0600]    10.2500 MB /   0.50 sec =  171.8723 Mbps     0 retrans   3735 KB-cwnd
[2024-11-06T11:08:22.490043-0600]     7.6875 MB /   0.50 sec =  128.9460 Mbps     0 retrans   3735 KB-cwnd
[2024-11-06T11:08:22.989836-0600]    10.2500 MB /   0.50 sec =  172.1152 Mbps     0 retrans   3735 KB-cwnd
[2024-11-06T11:08:23.491371-0600]    10.0000 MB /   0.50 sec =  167.1927 Mbps     0 retrans   3735 KB-cwnd
[2024-11-06T11:08:23.991221-0600]     8.2500 MB /   0.50 sec =  138.4472 Mbps     0 retrans   3735 KB-cwnd
[2024-11-06T11:08:24.489098-0600]    11.5000 MB /   0.50 sec =  193.5422 Mbps   163 retrans   1845 KB-cwnd
[2024-11-06T11:08:24.990341-0600]    11.6875 MB /   0.50 sec =  195.6224 Mbps     1 retrans   1845 KB-cwnd
[2024-11-06T11:08:25.489020-0600]    11.3125 MB /   0.50 sec =  190.2649 Mbps     0 retrans   1845 KB-cwnd
[2024-11-06T11:08:25.989387-0600]     9.2500 MB /   0.50 sec =  155.1886 Mbps     0 retrans   1845 KB-cwnd
[2024-11-06T11:08:26.490836-0600]     9.8750 MB /   0.50 sec =  165.2635 Mbps     0 retrans   1845 KB-cwnd
[2024-11-06T11:08:26.989474-0600]     8.2500 MB /   0.50 sec =  138.6388 Mbps     0 retrans   1845 KB-cwnd
[2024-11-06T11:08:27.489416-0600]    10.4375 MB /   0.50 sec =  175.1388 Mbps     0 retrans   1845 KB-cwnd
[2024-11-06T11:08:27.989217-0600]    12.7500 MB /   0.50 sec =  214.0598 Mbps   436 retrans   2519 KB-cwnd
[2024-11-06T11:08:28.489085-0600]    12.8125 MB /   0.50 sec =  214.9405 Mbps     0 retrans   3696 KB-cwnd
[2024-11-06T11:08:28.989403-0600]    13.0000 MB /   0.50 sec =  218.1247 Mbps     0 retrans   3696 KB-cwnd
[2024-11-06T11:08:29.489172-0600]    14.3125 MB /   0.50 sec =  240.0850 Mbps     0 retrans   3696 KB-cwnd
[2024-11-06T11:08:29.989614-0600]    14.0000 MB /   0.50 sec =  234.6604 Mbps     0 retrans   3696 KB-cwnd
[2024-11-06T11:08:30.489088-0600]     9.0625 MB /   0.50 sec =  152.2030 Mbps     0 retrans   3696 KB-cwnd
[2024-11-06T11:08:30.989194-0600]    11.7500 MB /   0.50 sec =  197.0803 Mbps   648 retrans   3543 KB-cwnd
[2024-11-06T11:08:31.490342-0600]    10.6875 MB /   0.50 sec =  178.9143 Mbps     0 retrans   3543 KB-cwnd
[2024-11-06T11:08:31.989271-0600]     9.8125 MB /   0.50 sec =  165.0404 Mbps     0 retrans   3543 KB-cwnd
[2024-11-06T11:08:32.489119-0600]     0.0000 MB /   0.50 sec =    0.0000 Mbps     0 retrans   3543 KB-cwnd
[2024-11-06T11:08:32.991178-0600]     0.0000 MB /   0.50 sec =    0.0000 Mbps     0 retrans   3543 KB-cwnd
[2024-11-06T11:08:33.489517-0600]     6.7500 MB /   0.50 sec =  113.7012 Mbps     0 retrans   3543 KB-cwnd
[2024-11-06T11:08:33.989087-0600]     5.9375 MB /   0.50 sec =   99.6101 Mbps     0 retrans   3543 KB-cwnd
[2024-11-06T11:08:34.489086-0600]    10.8750 MB /   0.50 sec =  182.4486 Mbps     0 retrans   3560 KB-cwnd
[2024-11-06T11:08:34.989416-0600]    10.1250 MB /   0.50 sec =  169.8866 Mbps     0 retrans   3560 KB-cwnd
[2024-11-06T11:08:35.488935-0600]    10.7500 MB /   0.50 sec =  180.3608 Mbps    12 retrans   3735 KB-cwnd
[2024-11-06T11:08:35.989055-0600]     9.5000 MB /   0.50 sec =  159.3711 Mbps     0 retrans   3735 KB-cwnd
[2024-11-06T11:08:36.489969-0600]    11.6250 MB /   0.50 sec =  194.8570 Mbps     0 retrans   3735 KB-cwnd
[2024-11-06T11:08:36.989748-0600]    11.5000 MB /   0.50 sec =  192.9862 Mbps     0 retrans   3735 KB-cwnd
[2024-11-06T11:08:37.489655-0600]     8.8125 MB /   0.50 sec =  147.7963 Mbps     0 retrans   3735 KB-cwnd
[2024-11-06T11:08:37.989683-0600]     8.7500 MB /   0.50 sec =  146.7810 Mbps     0 retrans   3735 KB-cwnd
[2024-11-06T11:08:38.489061-0600]     7.9375 MB /   0.50 sec =  133.3273 Mbps     0 retrans   3735 KB-cwnd
[2024-11-06T11:08:38.989297-0600]     9.0000 MB /   0.50 sec =  150.9322 Mbps    14 retrans   4100 KB-cwnd
[2024-11-06T11:08:39.489198-0600]    11.3125 MB /   0.50 sec =  189.8200 Mbps     0 retrans   4100 KB-cwnd
[2024-11-06T11:08:39.990476-0600]     8.5625 MB /   0.50 sec =  143.3001 Mbps     0 retrans   4100 KB-cwnd
[2024-11-06T11:08:40.489073-0600]     6.3125 MB /   0.50 sec =  106.1920 Mbps     0 retrans   4100 KB-cwnd
[2024-11-06T11:08:40.990339-0600]     9.9375 MB /   0.50 sec =  166.3178 Mbps     0 retrans   4100 KB-cwnd
[2024-11-06T11:08:41.489051-0600]    13.8750 MB /   0.50 sec =  233.3565 Mbps     0 retrans   4100 KB-cwnd
[2024-11-06T11:08:41.990375-0600]    10.6875 MB /   0.50 sec =  178.8701 Mbps     0 retrans   4100 KB-cwnd
[2024-11-06T11:08:42.489084-0600]     8.0625 MB /   0.50 sec =  135.5871 Mbps     0 retrans   4100 KB-cwnd
[2024-11-06T11:08:42.989048-0600]    12.8750 MB /   0.50 sec =  216.0222 Mbps  1112 retrans   3676 KB-cwnd
[2024-11-06T11:08:43.488901-0600]    12.0625 MB /   0.50 sec =  202.3978 Mbps     0 retrans   3676 KB-cwnd
[2024-11-06T11:08:43.989221-0600]     9.5000 MB /   0.50 sec =  159.3227 Mbps     0 retrans   3676 KB-cwnd
[2024-11-06T11:08:44.489564-0600]    13.6875 MB /   0.50 sec =  229.4968 Mbps     0 retrans   3676 KB-cwnd
[2024-11-06T11:08:44.989551-0600]    12.4375 MB /   0.50 sec =  208.6733 Mbps     0 retrans   3631 KB-cwnd
[2024-11-06T11:08:45.489041-0600]    12.3125 MB /   0.50 sec =  206.7522 Mbps   713 retrans   1326 KB-cwnd
[2024-11-06T11:08:45.989037-0600]     8.6250 MB /   0.50 sec =  144.7035 Mbps     0 retrans   1326 KB-cwnd
[2024-11-06T11:08:46.489054-0600]     8.8125 MB /   0.50 sec =  147.8433 Mbps     0 retrans   1326 KB-cwnd
[2024-11-06T11:08:46.988915-0600]    10.6250 MB /   0.50 sec =  178.2786 Mbps     0 retrans   1326 KB-cwnd
[2024-11-06T11:08:47.489072-0600]     9.8750 MB /   0.50 sec =  165.6551 Mbps     0 retrans   1384 KB-cwnd
[2024-11-06T11:08:47.989500-0600]    10.4375 MB /   0.50 sec =  175.0884 Mbps     0 retrans   1384 KB-cwnd
[2024-11-06T11:08:48.491860-0600]     9.4375 MB /   0.50 sec =  157.6809 Mbps     0 retrans   1384 KB-cwnd
[2024-11-06T11:08:48.989513-0600]     9.4375 MB /   0.50 sec =  159.0232 Mbps     0 retrans   1419 KB-cwnd
[2024-11-06T11:08:49.489041-0600]     8.3750 MB /   0.50 sec =  140.5097 Mbps  1767 retrans   4344 KB-cwnd
[2024-11-06T11:08:49.989013-0600]    10.4375 MB /   0.50 sec =  175.1136 Mbps     0 retrans   4344 KB-cwnd
[2024-11-06T11:08:50.489934-0600]    11.6250 MB /   0.50 sec =  194.8617 Mbps     0 retrans   4344 KB-cwnd
[2024-11-06T11:08:50.989630-0600]    12.4375 MB /   0.50 sec =  208.8492 Mbps     0 retrans   4344 KB-cwnd
[2024-11-06T11:08:51.489044-0600]    13.0000 MB /   0.50 sec =  218.0899 Mbps     0 retrans   4344 KB-cwnd
[2024-11-06T11:08:51.990474-0600]    10.7500 MB /   0.50 sec =  180.0260 Mbps     0 retrans   4344 KB-cwnd
[2024-11-06T11:08:52.489603-0600]    13.3125 MB /   0.50 sec =  223.5537 Mbps    75 retrans   4066 KB-cwnd
[2024-11-06T11:08:52.989471-0600]    10.6875 MB /   0.50 sec =  179.3223 Mbps     0 retrans   4066 KB-cwnd
[2024-11-06T11:08:53.489780-0600]    10.1875 MB /   0.50 sec =  170.8536 Mbps     0 retrans   4066 KB-cwnd
[2024-11-06T11:08:53.989583-0600]     7.7500 MB /   0.50 sec =  130.1859 Mbps     0 retrans   4095 KB-cwnd
[2024-11-06T11:08:54.489383-0600]    11.4375 MB /   0.50 sec =  191.7498 Mbps     0 retrans   4095 KB-cwnd
[2024-11-06T11:08:54.989251-0600]    10.8750 MB /   0.50 sec =  182.5274 Mbps     0 retrans   4095 KB-cwnd
[2024-11-06T11:08:55.489407-0600]     2.3125 MB /   0.50 sec =   38.7866 Mbps     0 retrans   4095 KB-cwnd
[2024-11-06T11:08:55.989066-0600]    13.8750 MB /   0.50 sec =  232.9171 Mbps     6 retrans   2666 KB-cwnd
[2024-11-06T11:08:56.489725-0600]    15.1875 MB /   0.50 sec =  254.4874 Mbps     0 retrans   2666 KB-cwnd
[2024-11-06T11:08:56.991272-0600]     9.3125 MB /   0.50 sec =  155.9210 Mbps     0 retrans   2666 KB-cwnd
[2024-11-06T11:08:57.491482-0600]     8.3125 MB /   0.50 sec =  139.4107 Mbps     0 retrans   2666 KB-cwnd
[2024-11-06T11:08:57.990986-0600]    12.5625 MB /   0.50 sec =  210.9059 Mbps     0 retrans   2666 KB-cwnd
[2024-11-06T11:08:58.491521-0600]    10.1250 MB /   0.50 sec =  169.7430 Mbps     0 retrans   2666 KB-cwnd
[2024-11-06T11:08:58.989616-0600]    13.8125 MB /   0.50 sec =  232.5828 Mbps     2 retrans   3580 KB-cwnd
[2024-11-06T11:08:59.491164-0600]    10.6875 MB /   0.50 sec =  178.7452 Mbps     0 retrans   3580 KB-cwnd
[2024-11-06T11:08:59.989544-0600]     7.3750 MB /   0.50 sec =  124.1324 Mbps     0 retrans   3580 KB-cwnd
[2024-11-06T11:09:00.489593-0600]    16.6250 MB /   0.50 sec =  278.6481 Mbps     0 retrans   3580 KB-cwnd
[2024-11-06T11:09:00.989965-0600]    17.4375 MB /   0.50 sec =  292.5662 Mbps     0 retrans   3580 KB-cwnd
[2024-11-06T11:09:01.489980-0600]    12.6250 MB /   0.50 sec =  211.8403 Mbps     0 retrans   3580 KB-cwnd
[2024-11-06T11:09:01.989069-0600]     8.7500 MB /   0.50 sec =  146.9061 Mbps     4 retrans   3665 KB-cwnd
[2024-11-06T11:09:02.489030-0600]     5.0000 MB /   0.50 sec =   83.8953 Mbps     0 retrans   3665 KB-cwnd
[2024-11-06T11:09:02.989531-0600]     4.8750 MB /   0.50 sec =   81.7834 Mbps     0 retrans   3665 KB-cwnd
[2024-11-06T11:09:03.489043-0600]     5.9375 MB /   0.50 sec =   99.6171 Mbps     0 retrans   3665 KB-cwnd
[2024-11-06T11:09:03.989523-0600]    11.7500 MB /   0.50 sec =  197.1429 Mbps     0 retrans   3665 KB-cwnd
[2024-11-06T11:09:04.489095-0600]    10.5625 MB /   0.50 sec =  177.1966 Mbps     0 retrans   3665 KB-cwnd
[2024-11-06T11:09:04.989586-0600]    12.5000 MB /   0.50 sec =  209.7232 Mbps     0 retrans   3665 KB-cwnd
[2024-11-06T11:09:05.489101-0600]    10.8750 MB /   0.50 sec =  182.4270 Mbps     0 retrans   3665 KB-cwnd
[2024-11-06T11:09:05.989105-0600]    13.0000 MB /   0.50 sec =  218.1160 Mbps   359 retrans   3738 KB-cwnd
[2024-11-06T11:09:06.489089-0600]    12.4375 MB /   0.50 sec =  208.6629 Mbps     0 retrans   3738 KB-cwnd
[2024-11-06T11:09:06.989521-0600]    11.1250 MB /   0.50 sec =  186.4992 Mbps     0 retrans   3685 KB-cwnd
[2024-11-06T11:09:07.489487-0600]     9.6250 MB /   0.50 sec =  161.6291 Mbps     0 retrans   3685 KB-cwnd
[2024-11-06T11:09:07.989508-0600]    11.7500 MB /   0.50 sec =  196.9566 Mbps     0 retrans   3685 KB-cwnd
[2024-11-06T11:09:08.489067-0600]    13.1875 MB /   0.50 sec =  221.4285 Mbps     0 retrans   3685 KB-cwnd
[2024-11-06T11:09:08.989431-0600]    14.8125 MB /   0.50 sec =  248.5249 Mbps   867 retrans   1883 KB-cwnd
[2024-11-06T11:09:09.489535-0600]    14.9375 MB /   0.50 sec =  250.6057 Mbps     0 retrans   1951 KB-cwnd
[2024-11-06T11:09:09.989045-0600]    13.7500 MB /   0.50 sec =  230.6913 Mbps     0 retrans   1995 KB-cwnd
[2024-11-06T11:09:10.489053-0600]    14.6875 MB /   0.50 sec =  246.4114 Mbps     0 retrans   3702 KB-cwnd
[2024-11-06T11:09:10.990687-0600]    13.4375 MB /   0.50 sec =  224.7435 Mbps     0 retrans   3702 KB-cwnd
[2024-11-06T11:09:11.489314-0600]     8.9375 MB /   0.50 sec =  150.3632 Mbps  3404 retrans   3529 KB-cwnd
End time: 1730912951768
