Start time: 1730761079542
[2024-11-04T16:58:00.712015-0600] nuttcp-r: v8.1.4: socket
[2024-11-04T16:58:00.713074-0600] nuttcp-r: buflen=65536, nstream=1, port=5102 tcp
[2024-11-04T16:58:00.713156-0600] nuttcp-r: interval reporting every 0.50 seconds
[2024-11-04T16:58:00.713215-0600] nuttcp-r: connect to 54.176.53.206 with RTT=207.532 ms af=inet
[2024-11-04T16:58:00.713270-0600] nuttcp-r: send window size = 524288, receive window size = 4194304
[2024-11-04T16:58:00.713321-0600] nuttcp-r: available send window = 393216, available receive window = 3145728
[2024-11-04T16:58:00.713371-0600]     0.1250 MB /   0.50 sec =    2.0965 Mbps     0 retrans
[2024-11-04T16:58:01.211811-0600]     0.8125 MB /   0.50 sec =   13.6339 Mbps     0 retrans
[2024-11-04T16:58:01.712334-0600]     1.5000 MB /   0.50 sec =   25.1625 Mbps     0 retrans
[2024-11-04T16:58:02.212197-0600]     2.1250 MB /   0.50 sec =   35.6576 Mbps     0 retrans
[2024-11-04T16:58:02.712177-0600]     1.6250 MB /   0.50 sec =   27.2620 Mbps     0 retrans
[2024-11-04T16:58:03.211792-0600]     1.8750 MB /   0.50 sec =   31.4587 Mbps     0 retrans
[2024-11-04T16:58:03.711791-0600]     0.9375 MB /   0.50 sec =   15.7284 Mbps     0 retrans
[2024-11-04T16:58:04.211781-0600]     1.1875 MB /   0.50 sec =   19.9229 Mbps     0 retrans
[2024-11-04T16:58:04.711774-0600]     1.5625 MB /   0.50 sec =   26.2143 Mbps     0 retrans
[2024-11-04T16:58:05.211777-0600]     2.0625 MB /   0.50 sec =   34.6034 Mbps     0 retrans
[2024-11-04T16:58:05.711804-0600]     1.8125 MB /   0.50 sec =   30.4075 Mbps     0 retrans
[2024-11-04T16:58:06.211816-0600]     2.2500 MB /   0.50 sec =   37.7493 Mbps     0 retrans
[2024-11-04T16:58:06.711789-0600]     2.0625 MB /   0.50 sec =   34.6030 Mbps     0 retrans
[2024-11-04T16:58:07.211767-0600]     2.0625 MB /   0.50 sec =   34.6040 Mbps     0 retrans
[2024-11-04T16:58:07.711782-0600]     2.4375 MB /   0.50 sec =   40.8942 Mbps     0 retrans
[2024-11-04T16:58:08.211958-0600]     2.0625 MB /   0.50 sec =   34.6029 Mbps     0 retrans
[2024-11-04T16:58:08.711775-0600]     2.3750 MB /   0.50 sec =   39.8457 Mbps     0 retrans
[2024-11-04T16:58:09.211793-0600]     2.3125 MB /   0.50 sec =   38.7964 Mbps     0 retrans
[2024-11-04T16:58:09.711771-0600]     2.6250 MB /   0.50 sec =   44.0412 Mbps     0 retrans
[2024-11-04T16:58:10.211796-0600]     2.5000 MB /   0.50 sec =   41.9430 Mbps     0 retrans
[2024-11-04T16:58:10.713010-0600]     2.0000 MB /   0.50 sec =   33.4774 Mbps     0 retrans
[2024-11-04T16:58:11.212011-0600]     0.9375 MB /   0.50 sec =   15.7590 Mbps     0 retrans
[2024-11-04T16:58:11.711703-0600]     2.5000 MB /   0.50 sec =   41.9592 Mbps     0 retrans
[2024-11-04T16:58:12.212156-0600]     3.1875 MB /   0.50 sec =   53.4380 Mbps     0 retrans
[2024-11-04T16:58:12.711784-0600]     2.3750 MB /   0.50 sec =   39.8744 Mbps     0 retrans
[2024-11-04T16:58:13.212033-0600]     3.4375 MB /   0.50 sec =   57.6649 Mbps     0 retrans
[2024-11-04T16:58:13.711774-0600]     3.0000 MB /   0.50 sec =   50.3388 Mbps     0 retrans
[2024-11-04T16:58:14.211742-0600]     3.6250 MB /   0.50 sec =   60.8178 Mbps     0 retrans
[2024-11-04T16:58:14.711800-0600]     3.2500 MB /   0.50 sec =   54.5244 Mbps     0 retrans
[2024-11-04T16:58:15.211803-0600]     4.1250 MB /   0.50 sec =   69.2055 Mbps     0 retrans
[2024-11-04T16:58:15.711757-0600]     3.0625 MB /   0.50 sec =   51.3817 Mbps     0 retrans
[2024-11-04T16:58:16.211794-0600]     4.1875 MB /   0.50 sec =   70.2533 Mbps     0 retrans
[2024-11-04T16:58:16.711783-0600]     3.3125 MB /   0.50 sec =   55.5746 Mbps     0 retrans
[2024-11-04T16:58:17.211731-0600]     3.3125 MB /   0.50 sec =   55.5769 Mbps     0 retrans
[2024-11-04T16:58:17.711799-0600]     3.6250 MB /   0.50 sec =   60.8141 Mbps     0 retrans
[2024-11-04T16:58:18.212840-0600]     2.3750 MB /   0.50 sec =   39.7641 Mbps     0 retrans
[2024-11-04T16:58:18.711781-0600]     2.8125 MB /   0.50 sec =   47.2842 Mbps     0 retrans
[2024-11-04T16:58:19.211937-0600]     3.0000 MB /   0.50 sec =   50.3188 Mbps     0 retrans
[2024-11-04T16:58:19.711953-0600]     2.6250 MB /   0.50 sec =   44.0380 Mbps     0 retrans
[2024-11-04T16:58:20.211841-0600]     2.7500 MB /   0.50 sec =   46.1472 Mbps     0 retrans
[2024-11-04T16:58:20.711810-0600]     2.1875 MB /   0.50 sec =   36.7018 Mbps     0 retrans
[2024-11-04T16:58:21.211893-0600]     1.9375 MB /   0.50 sec =   32.5005 Mbps     0 retrans
[2024-11-04T16:58:21.712007-0600]     0.7500 MB /   0.50 sec =   12.5853 Mbps     0 retrans
[2024-11-04T16:58:22.211856-0600]     2.0625 MB /   0.50 sec =   34.6033 Mbps     0 retrans
[2024-11-04T16:58:22.711687-0600]     1.8750 MB /   0.50 sec =   31.4595 Mbps     0 retrans
[2024-11-04T16:58:23.211814-0600]     1.0625 MB /   0.50 sec =   17.8248 Mbps     0 retrans
[2024-11-04T16:58:23.711787-0600]     0.9375 MB /   0.50 sec =   15.7287 Mbps     0 retrans
[2024-11-04T16:58:24.211839-0600]     0.9375 MB /   0.50 sec =   15.7264 Mbps     0 retrans
[2024-11-04T16:58:24.711878-0600]     1.1875 MB /   0.50 sec =   19.9222 Mbps     0 retrans
[2024-11-04T16:58:25.211862-0600]     1.1875 MB /   0.50 sec =   19.9227 Mbps     0 retrans
[2024-11-04T16:58:25.711802-0600]     1.2500 MB /   0.50 sec =   20.9750 Mbps     0 retrans
[2024-11-04T16:58:26.211810-0600]     1.4375 MB /   0.50 sec =   24.1175 Mbps     0 retrans
[2024-11-04T16:58:26.711870-0600]     1.2500 MB /   0.50 sec =   20.9686 Mbps     0 retrans
[2024-11-04T16:58:27.211776-0600]     1.6875 MB /   0.50 sec =   28.3156 Mbps     0 retrans
[2024-11-04T16:58:27.711918-0600]     1.3125 MB /   0.50 sec =   22.0199 Mbps     0 retrans
[2024-11-04T16:58:28.211787-0600]     1.6875 MB /   0.50 sec =   28.3105 Mbps     0 retrans
[2024-11-04T16:58:28.711927-0600]     1.5625 MB /   0.50 sec =   26.2106 Mbps     0 retrans
[2024-11-04T16:58:29.211761-0600]     2.0000 MB /   0.50 sec =   33.5614 Mbps     0 retrans
[2024-11-04T16:58:29.711772-0600]     2.1250 MB /   0.50 sec =   35.6513 Mbps     0 retrans
[2024-11-04T16:58:30.211872-0600]     1.7500 MB /   0.50 sec =   29.3556 Mbps     0 retrans
[2024-11-04T16:58:30.711961-0600]     2.3125 MB /   0.50 sec =   38.8027 Mbps     0 retrans
[2024-11-04T16:58:31.211771-0600]     1.8125 MB /   0.50 sec =   30.4092 Mbps     0 retrans
[2024-11-04T16:58:31.711866-0600]     2.3750 MB /   0.50 sec =   39.8438 Mbps     0 retrans
[2024-11-04T16:58:32.211784-0600]     2.5000 MB /   0.50 sec =   41.9451 Mbps     0 retrans
[2024-11-04T16:58:32.711687-0600]     1.6875 MB /   0.50 sec =   28.3133 Mbps     0 retrans
[2024-11-04T16:58:33.211807-0600]     2.5625 MB /   0.50 sec =   42.9890 Mbps     0 retrans
[2024-11-04T16:58:33.711774-0600]     2.0000 MB /   0.50 sec =   33.5540 Mbps     0 retrans
[2024-11-04T16:58:34.211834-0600]     1.1875 MB /   0.50 sec =   19.9224 Mbps     0 retrans
[2024-11-04T16:58:34.711810-0600]     1.7500 MB /   0.50 sec =   29.3609 Mbps     0 retrans
[2024-11-04T16:58:35.211782-0600]     1.7500 MB /   0.50 sec =   29.3605 Mbps     0 retrans
[2024-11-04T16:58:35.711796-0600]     1.5625 MB /   0.50 sec =   26.2142 Mbps     0 retrans
[2024-11-04T16:58:36.211905-0600]     0.7500 MB /   0.50 sec =   12.5805 Mbps     0 retrans
[2024-11-04T16:58:36.712038-0600]     0.5625 MB /   0.50 sec =    9.4375 Mbps     0 retrans
[2024-11-04T16:58:37.211809-0600]     2.7500 MB /   0.50 sec =   46.1450 Mbps     0 retrans
[2024-11-04T16:58:37.711793-0600]     2.0625 MB /   0.50 sec =   34.6023 Mbps     0 retrans
[2024-11-04T16:58:38.211775-0600]     2.3750 MB /   0.50 sec =   39.8477 Mbps     0 retrans
[2024-11-04T16:58:38.711790-0600]     2.7500 MB /   0.50 sec =   46.1360 Mbps     0 retrans
[2024-11-04T16:58:39.211818-0600]     2.8750 MB /   0.50 sec =   48.2341 Mbps     0 retrans
[2024-11-04T16:58:39.711793-0600]     3.4375 MB /   0.50 sec =   57.6718 Mbps     0 retrans
[2024-11-04T16:58:40.211877-0600]     4.0000 MB /   0.50 sec =   67.0983 Mbps     0 retrans
[2024-11-04T16:58:40.711793-0600]     4.5000 MB /   0.50 sec =   75.5096 Mbps     0 retrans
[2024-11-04T16:58:41.211876-0600]     4.8750 MB /   0.50 sec =   81.7785 Mbps     0 retrans
[2024-11-04T16:58:41.711808-0600]     5.1250 MB /   0.50 sec =   85.9956 Mbps     0 retrans
[2024-11-04T16:58:42.211795-0600]     4.6250 MB /   0.50 sec =   77.5935 Mbps     0 retrans
[2024-11-04T16:58:42.711777-0600]     4.6875 MB /   0.50 sec =   78.6443 Mbps     0 retrans
[2024-11-04T16:58:43.211792-0600]     4.4375 MB /   0.50 sec =   74.4476 Mbps     0 retrans
[2024-11-04T16:58:43.711766-0600]     4.6875 MB /   0.50 sec =   78.6440 Mbps     0 retrans
[2024-11-04T16:58:44.211786-0600]     4.6250 MB /   0.50 sec =   77.5946 Mbps     0 retrans
[2024-11-04T16:58:44.711870-0600]     4.3125 MB /   0.50 sec =   72.3403 Mbps     0 retrans
[2024-11-04T16:58:45.211780-0600]     5.1250 MB /   0.50 sec =   85.9958 Mbps     0 retrans
[2024-11-04T16:58:45.711700-0600]     4.6875 MB /   0.50 sec =   78.6463 Mbps     0 retrans
[2024-11-04T16:58:46.211841-0600]     4.2500 MB /   0.50 sec =   71.2979 Mbps     0 retrans
[2024-11-04T16:58:46.711775-0600]     4.1875 MB /   0.50 sec =   70.2587 Mbps     0 retrans
[2024-11-04T16:58:47.212011-0600]     3.9375 MB /   0.50 sec =   66.0561 Mbps     0 retrans
[2024-11-04T16:58:47.711789-0600]     3.4375 MB /   0.50 sec =   57.6744 Mbps     0 retrans
[2024-11-04T16:58:48.211847-0600]     1.6250 MB /   0.50 sec =   27.2589 Mbps     0 retrans
[2024-11-04T16:58:48.711794-0600]     3.8125 MB /   0.50 sec =   63.9715 Mbps     0 retrans
[2024-11-04T16:58:49.211781-0600]     4.4375 MB /   0.50 sec =   74.4505 Mbps     0 retrans
[2024-11-04T16:58:49.711765-0600]     3.6875 MB /   0.50 sec =   61.8660 Mbps     0 retrans
[2024-11-04T16:58:50.211697-0600]     4.6875 MB /   0.50 sec =   78.6471 Mbps     0 retrans
[2024-11-04T16:58:50.711811-0600]     4.4375 MB /   0.50 sec =   74.4404 Mbps     0 retrans
[2024-11-04T16:58:51.211813-0600]     4.5625 MB /   0.50 sec =   76.5476 Mbps     0 retrans
[2024-11-04T16:58:51.712008-0600]     4.5000 MB /   0.50 sec =   75.4993 Mbps     0 retrans
[2024-11-04T16:58:52.211797-0600]     4.0625 MB /   0.50 sec =   68.1576 Mbps     0 retrans
[2024-11-04T16:58:52.711809-0600]     4.5625 MB /   0.50 sec =   76.5465 Mbps     0 retrans
[2024-11-04T16:58:53.211778-0600]     4.6250 MB /   0.50 sec =   77.5957 Mbps     0 retrans
[2024-11-04T16:58:53.711858-0600]     3.4375 MB /   0.50 sec =   57.6620 Mbps     0 retrans
[2024-11-04T16:58:54.211779-0600]     4.5000 MB /   0.50 sec =   75.5085 Mbps     0 retrans
[2024-11-04T16:58:54.711994-0600]     5.0625 MB /   0.50 sec =   84.9240 Mbps     0 retrans
[2024-11-04T16:58:55.211789-0600]     5.7500 MB /   0.50 sec =   96.4837 Mbps     0 retrans
[2024-11-04T16:58:55.711697-0600]     5.2500 MB /   0.50 sec =   88.0839 Mbps     0 retrans
[2024-11-04T16:58:56.211805-0600]     5.8125 MB /   0.50 sec =   97.5098 Mbps     0 retrans
[2024-11-04T16:58:56.711824-0600]     6.0000 MB /   0.50 sec =  100.6536 Mbps     0 retrans
[2024-11-04T16:58:57.211794-0600]     6.2500 MB /   0.50 sec =  104.8706 Mbps     0 retrans
[2024-11-04T16:58:57.711789-0600]     6.7500 MB /   0.50 sec =  113.2467 Mbps     0 retrans
[2024-11-04T16:58:58.211769-0600]     6.8125 MB /   0.50 sec =  114.2943 Mbps     0 retrans
[2024-11-04T16:58:58.711809-0600]     7.1250 MB /   0.50 sec =  119.5324 Mbps     0 retrans
[2024-11-04T16:58:59.211775-0600]     7.3750 MB /   0.50 sec =  123.7386 Mbps     0 retrans
[2024-11-04T16:58:59.711786-0600]     7.3125 MB /   0.50 sec =  122.6814 Mbps     0 retrans
[2024-11-04T16:59:00.211774-0600]     5.6250 MB /   0.50 sec =   94.3726 Mbps     0 retrans
[2024-11-04T16:59:00.712464-0600]     5.8750 MB /   0.50 sec =   98.4362 Mbps     0 retrans
[2024-11-04T16:59:01.211809-0600]     6.2500 MB /   0.50 sec =  104.9981 Mbps     0 retrans
[2024-11-04T16:59:01.711787-0600]     6.5000 MB /   0.50 sec =  109.0482 Mbps     0 retrans
[2024-11-04T16:59:02.211758-0600]     6.7500 MB /   0.50 sec =  113.2555 Mbps     0 retrans
[2024-11-04T16:59:02.711794-0600]     7.0625 MB /   0.50 sec =  118.4801 Mbps     0 retrans
[2024-11-04T16:59:03.211825-0600]     6.3125 MB /   0.50 sec =  105.9034 Mbps     0 retrans
[2024-11-04T16:59:03.711798-0600]     6.3750 MB /   0.50 sec =  106.9528 Mbps     0 retrans
[2024-11-04T16:59:04.211788-0600]     6.5625 MB /   0.50 sec =  110.1069 Mbps     0 retrans
[2024-11-04T16:59:04.711994-0600]     5.6875 MB /   0.50 sec =   95.4204 Mbps     0 retrans
[2024-11-04T16:59:05.211737-0600]     5.6875 MB /   0.50 sec =   95.4239 Mbps     0 retrans
[2024-11-04T16:59:05.711871-0600]     2.5625 MB /   0.50 sec =   42.9857 Mbps     0 retrans
[2024-11-04T16:59:06.211785-0600]     4.6250 MB /   0.50 sec =   77.6028 Mbps     0 retrans
[2024-11-04T16:59:06.711692-0600]     4.8125 MB /   0.50 sec =   80.7452 Mbps     0 retrans
[2024-11-04T16:59:07.211769-0600]     4.2500 MB /   0.50 sec =   71.2992 Mbps     0 retrans
[2024-11-04T16:59:07.711778-0600]     4.0000 MB /   0.50 sec =   67.1082 Mbps     0 retrans
[2024-11-04T16:59:08.211808-0600]     4.1250 MB /   0.50 sec =   69.2057 Mbps     0 retrans
[2024-11-04T16:59:08.711801-0600]     3.8125 MB /   0.50 sec =   63.9617 Mbps     0 retrans
[2024-11-04T16:59:09.211755-0600]     4.0000 MB /   0.50 sec =   67.1115 Mbps     0 retrans
[2024-11-04T16:59:09.711812-0600]     3.4375 MB /   0.50 sec =   57.6712 Mbps     0 retrans
[2024-11-04T16:59:10.211780-0600]     4.0000 MB /   0.50 sec =   67.1087 Mbps     0 retrans
[2024-11-04T16:59:10.711986-0600]     2.8750 MB /   0.50 sec =   48.2311 Mbps     0 retrans
[2024-11-04T16:59:11.211773-0600]     3.9375 MB /   0.50 sec =   66.0646 Mbps     0 retrans
[2024-11-04T16:59:11.711860-0600]     3.6250 MB /   0.50 sec =   60.8093 Mbps     0 retrans
[2024-11-04T16:59:12.211772-0600]     3.4375 MB /   0.50 sec =   57.6795 Mbps     0 retrans
[2024-11-04T16:59:12.711781-0600]     3.5625 MB /   0.50 sec =   59.7687 Mbps     0 retrans
[2024-11-04T16:59:13.211858-0600]     3.7500 MB /   0.50 sec =   62.9120 Mbps     0 retrans
[2024-11-04T16:59:13.711770-0600]     3.2500 MB /   0.50 sec =   54.5284 Mbps     0 retrans
[2024-11-04T16:59:14.211796-0600]     3.0000 MB /   0.50 sec =   50.3310 Mbps     0 retrans
[2024-11-04T16:59:14.711781-0600]     3.5000 MB /   0.50 sec =   58.7207 Mbps     0 retrans
[2024-11-04T16:59:15.211813-0600]     3.1250 MB /   0.50 sec =   52.4280 Mbps     0 retrans
[2024-11-04T16:59:15.711798-0600]     3.1875 MB /   0.50 sec =   53.4783 Mbps     0 retrans
[2024-11-04T16:59:16.211788-0600]     1.2500 MB /   0.50 sec =   20.9713 Mbps     0 retrans
[2024-11-04T16:59:16.711928-0600]     2.1875 MB /   0.50 sec =   36.6948 Mbps     0 retrans
[2024-11-04T16:59:17.211761-0600]     2.5625 MB /   0.50 sec =   42.9987 Mbps     0 retrans
[2024-11-04T16:59:17.711980-0600]     3.0625 MB /   0.50 sec =   51.3729 Mbps     0 retrans
[2024-11-04T16:59:18.211785-0600]     2.8125 MB /   0.50 sec =   47.1925 Mbps     0 retrans
[2024-11-04T16:59:18.711692-0600]     3.5000 MB /   0.50 sec =   58.7232 Mbps     0 retrans
[2024-11-04T16:59:19.211836-0600]     3.0625 MB /   0.50 sec =   51.3711 Mbps     0 retrans
[2024-11-04T16:59:19.711843-0600]     0.8750 MB /   0.50 sec =   14.6811 Mbps     0 retrans
[2024-11-04T16:59:20.211863-0600]     0.8125 MB /   0.50 sec =   13.6308 Mbps     0 retrans
[2024-11-04T16:59:20.711858-0600]     3.0000 MB /   0.50 sec =   50.3300 Mbps     0 retrans
[2024-11-04T16:59:21.211814-0600]     1.1875 MB /   0.50 sec =   19.9253 Mbps     0 retrans
[2024-11-04T16:59:21.711800-0600]     0.5000 MB /   0.50 sec =    8.3885 Mbps     0 retrans
[2024-11-04T16:59:22.211823-0600]     1.5000 MB /   0.50 sec =   25.1655 Mbps     0 retrans
[2024-11-04T16:59:22.711849-0600]     0.1250 MB /   0.50 sec =    2.0971 Mbps     0 retrans
[2024-11-04T16:59:23.211967-0600]     0.5625 MB /   0.50 sec =    9.4376 Mbps     0 retrans
[2024-11-04T16:59:23.711796-0600]     0.8125 MB /   0.50 sec =   13.6316 Mbps     0 retrans
[2024-11-04T16:59:24.211902-0600]     0.8750 MB /   0.50 sec =   14.6781 Mbps     0 retrans
[2024-11-04T16:59:24.711833-0600]     1.1875 MB /   0.50 sec =   19.9244 Mbps     0 retrans
[2024-11-04T16:59:25.211864-0600]     1.8750 MB /   0.50 sec =   31.4541 Mbps     0 retrans
[2024-11-04T16:59:25.711846-0600]     0.8750 MB /   0.50 sec =   14.6817 Mbps     0 retrans
[2024-11-04T16:59:26.211801-0600]     0.8750 MB /   0.50 sec =   14.6807 Mbps     0 retrans
[2024-11-04T16:59:26.711855-0600]     0.5000 MB /   0.50 sec =    8.3883 Mbps     0 retrans
[2024-11-04T16:59:27.211803-0600]     1.4375 MB /   0.50 sec =   24.1183 Mbps     0 retrans
[2024-11-04T16:59:27.711832-0600]     2.1875 MB /   0.50 sec =   36.6980 Mbps     0 retrans
[2024-11-04T16:59:28.211786-0600]     2.5000 MB /   0.50 sec =   41.9449 Mbps     0 retrans
[2024-11-04T16:59:28.711834-0600]     2.5625 MB /   0.50 sec =   42.9900 Mbps     0 retrans
[2024-11-04T16:59:29.211757-0600]     2.7500 MB /   0.50 sec =   46.1404 Mbps     0 retrans
[2024-11-04T16:59:29.711804-0600]     3.1875 MB /   0.50 sec =   53.4760 Mbps     0 retrans
[2024-11-04T16:59:30.211774-0600]     3.6250 MB /   0.50 sec =   60.8184 Mbps     0 retrans
[2024-11-04T16:59:30.712034-0600]     4.0000 MB /   0.50 sec =   67.0981 Mbps     0 retrans
[2024-11-04T16:59:31.211793-0600]     4.2500 MB /   0.50 sec =   71.3149 Mbps     0 retrans
[2024-11-04T16:59:31.711805-0600]     4.2500 MB /   0.50 sec =   71.3006 Mbps     0 retrans
[2024-11-04T16:59:32.211787-0600]     4.4375 MB /   0.50 sec =   74.4517 Mbps     0 retrans
[2024-11-04T16:59:32.711779-0600]     4.8125 MB /   0.50 sec =   80.7386 Mbps     0 retrans
[2024-11-04T16:59:33.211781-0600]     4.7500 MB /   0.50 sec =   79.6923 Mbps     0 retrans
[2024-11-04T16:59:33.711827-0600]     3.3750 MB /   0.50 sec =   56.6215 Mbps     0 retrans
[2024-11-04T16:59:34.211678-0600]     3.5625 MB /   0.50 sec =   59.7752 Mbps     0 retrans
[2024-11-04T16:59:34.711789-0600]     4.0625 MB /   0.50 sec =   68.1525 Mbps     0 retrans
[2024-11-04T16:59:35.211801-0600]     2.5000 MB /   0.50 sec =   41.9432 Mbps     0 retrans
[2024-11-04T16:59:35.711791-0600]     4.0625 MB /   0.50 sec =   68.1578 Mbps     0 retrans
[2024-11-04T16:59:36.212047-0600]     3.6250 MB /   0.50 sec =   60.8173 Mbps     0 retrans
[2024-11-04T16:59:36.711872-0600]     3.7500 MB /   0.50 sec =   62.9039 Mbps     0 retrans
[2024-11-04T16:59:37.211785-0600]     3.4375 MB /   0.50 sec =   57.6815 Mbps     0 retrans
[2024-11-04T16:59:37.711788-0600]     3.5625 MB /   0.50 sec =   59.7679 Mbps     0 retrans
[2024-11-04T16:59:38.211848-0600]     4.2500 MB /   0.50 sec =   71.3013 Mbps     0 retrans
[2024-11-04T16:59:38.711789-0600]     3.3750 MB /   0.50 sec =   56.6257 Mbps     0 retrans
[2024-11-04T16:59:39.211781-0600]     3.8750 MB /   0.50 sec =   65.0111 Mbps     0 retrans
[2024-11-04T16:59:39.711757-0600]     3.7500 MB /   0.50 sec =   62.9154 Mbps     0 retrans
[2024-11-04T16:59:40.211867-0600]     3.8750 MB /   0.50 sec =   64.9996 Mbps     0 retrans
[2024-11-04T16:59:40.711784-0600]     3.5625 MB /   0.50 sec =   59.7786 Mbps     0 retrans
[2024-11-04T16:59:41.211893-0600]     4.2500 MB /   0.50 sec =   71.3000 Mbps     0 retrans
[2024-11-04T16:59:41.711886-0600]     3.1250 MB /   0.50 sec =   52.4204 Mbps     0 retrans
[2024-11-04T16:59:42.211794-0600]     2.6875 MB /   0.50 sec =   45.0979 Mbps     0 retrans
[2024-11-04T16:59:42.711772-0600]     4.4375 MB /   0.50 sec =   74.4499 Mbps     0 retrans
[2024-11-04T16:59:43.211842-0600]     4.1875 MB /   0.50 sec =   70.2435 Mbps     0 retrans
[2024-11-04T16:59:43.711806-0600]     3.0625 MB /   0.50 sec =   51.3881 Mbps     0 retrans
[2024-11-04T16:59:44.211859-0600]     2.1250 MB /   0.50 sec =   35.6468 Mbps     0 retrans
[2024-11-04T16:59:44.711756-0600]     3.0000 MB /   0.50 sec =   50.3386 Mbps     0 retrans
[2024-11-04T16:59:45.211715-0600]     3.9375 MB /   0.50 sec =   66.0608 Mbps     0 retrans
[2024-11-04T16:59:45.711785-0600]     3.9375 MB /   0.50 sec =   66.0598 Mbps     0 retrans
[2024-11-04T16:59:46.211793-0600]     3.0000 MB /   0.50 sec =   50.3315 Mbps     0 retrans
[2024-11-04T16:59:46.711795-0600]     3.7500 MB /   0.50 sec =   62.9144 Mbps     0 retrans
[2024-11-04T16:59:47.211785-0600]     3.9375 MB /   0.50 sec =   66.0598 Mbps     0 retrans
[2024-11-04T16:59:47.711807-0600]     4.3750 MB /   0.50 sec =   73.3967 Mbps     0 retrans
[2024-11-04T16:59:48.211799-0600]     3.9375 MB /   0.50 sec =   66.0640 Mbps     0 retrans
[2024-11-04T16:59:48.711764-0600]     2.9375 MB /   0.50 sec =   49.2831 Mbps     0 retrans
[2024-11-04T16:59:49.211891-0600]     1.5625 MB /   0.50 sec =   26.2102 Mbps     0 retrans
[2024-11-04T16:59:49.711773-0600]     0.7500 MB /   0.50 sec =   12.5849 Mbps     0 retrans
[2024-11-04T16:59:50.211998-0600]     2.5000 MB /   0.50 sec =   41.9395 Mbps     0 retrans
[2024-11-04T16:59:50.711860-0600]     3.6250 MB /   0.50 sec =   60.8123 Mbps     0 retrans
[2024-11-04T16:59:51.211892-0600]     3.4375 MB /   0.50 sec =   57.6750 Mbps     0 retrans
[2024-11-04T16:59:51.712007-0600]     3.7500 MB /   0.50 sec =   62.9134 Mbps     0 retrans
[2024-11-04T16:59:52.211794-0600]     2.7500 MB /   0.50 sec =   46.1434 Mbps     0 retrans
[2024-11-04T16:59:52.711799-0600]     1.5000 MB /   0.50 sec =   25.1658 Mbps     0 retrans
[2024-11-04T16:59:53.211780-0600]     3.6875 MB /   0.50 sec =   61.8660 Mbps     0 retrans
[2024-11-04T16:59:53.711815-0600]     3.1250 MB /   0.50 sec =   52.4261 Mbps     0 retrans
[2024-11-04T16:59:54.211697-0600]     1.3750 MB /   0.50 sec =   23.0711 Mbps     0 retrans
[2024-11-04T16:59:54.711889-0600]     2.4375 MB /   0.50 sec =   40.8854 Mbps     0 retrans
[2024-11-04T16:59:55.211813-0600]     1.9375 MB /   0.50 sec =   32.5112 Mbps     0 retrans
[2024-11-04T16:59:55.711775-0600]     2.2500 MB /   0.50 sec =   37.7489 Mbps     0 retrans
[2024-11-04T16:59:56.211810-0600]     2.0625 MB /   0.50 sec =   34.6014 Mbps     0 retrans
[2024-11-04T16:59:56.711824-0600]     1.8125 MB /   0.50 sec =   30.4080 Mbps     0 retrans
[2024-11-04T16:59:57.211854-0600]     1.3125 MB /   0.50 sec =   22.0215 Mbps     0 retrans
[2024-11-04T16:59:57.711811-0600]     2.0625 MB /   0.50 sec =   34.6028 Mbps     0 retrans
[2024-11-04T16:59:58.211787-0600]     1.9375 MB /   0.50 sec =   32.5065 Mbps     0 retrans
[2024-11-04T16:59:58.711936-0600]     1.0625 MB /   0.50 sec =   17.8204 Mbps     0 retrans
[2024-11-04T16:59:59.211780-0600]     0.1875 MB /   0.50 sec =    3.1467 Mbps     0 retrans
[2024-11-04T16:59:59.711895-0600]     0.8750 MB /   0.50 sec =   14.6793 Mbps     0 retrans
[2024-11-04T17:00:00.212007-0600]     1.0625 MB /   0.50 sec =   17.8208 Mbps     0 retrans
End time: 1730761200652
