Start time: 1730994078422
[2024-11-07T10:41:29.378464-0500] nuttcp-t: v8.1.4: socket
[2024-11-07T10:41:29.379298-0500] nuttcp-t: buflen=65536, nstream=1, port=5103 tcp -> 54.197.223.49
[2024-11-07T10:41:29.379357-0500] nuttcp-t: time limit = 120.00 seconds
[2024-11-07T10:41:29.379392-0500] nuttcp-t: connect to 54.197.223.49 with mss=1448, RTT=102.428 ms af=inet
[2024-11-07T10:41:29.379425-0500] nuttcp-t: send window size = 1048576, receive window size = 1048576
[2024-11-07T10:41:29.379461-0500] nuttcp-t: available send window = 786432, available receive window = 786432
[2024-11-07T10:41:29.379493-0500] nuttcp-t: initial congestion window = 14 KB (10 packets)
[2024-11-07T10:41:29.379524-0500] nuttcp-r: v8.1.4: socket
[2024-11-07T10:41:29.379556-0500] nuttcp-r: buflen=65536, nstream=1, port=5103 tcp
[2024-11-07T10:41:29.379592-0500] nuttcp-r: interval reporting every 0.50 seconds
[2024-11-07T10:41:29.379621-0500] nuttcp-r: accept from 98.97.1.198 with af=inet
[2024-11-07T10:41:29.379653-0500] nuttcp-r: send window size = 450000000, receive window size = 450000000
[2024-11-07T10:41:29.379683-0500] nuttcp-r: available send window = 225000000, available receive window = 225000000
[2024-11-07T10:41:29.379714-0500]     0.1250 MB /   0.50 sec =    2.0970 Mbps    38 retrans     33 KB-cwnd
[2024-11-07T10:41:29.379874-0500]     0.0000 MB /   0.50 sec =    0.0000 Mbps     0 retrans     33 KB-cwnd
[2024-11-07T10:41:29.379921-0500]     0.0000 MB /   0.50 sec =    0.0000 Mbps     0 retrans     33 KB-cwnd
[2024-11-07T10:41:29.379953-0500]     0.0000 MB /   0.50 sec =    0.0000 Mbps     0 retrans     33 KB-cwnd
[2024-11-07T10:41:29.379982-0500]     0.0000 MB /   0.50 sec =    0.0000 Mbps     0 retrans     33 KB-cwnd
[2024-11-07T10:41:29.380010-0500]     0.0625 MB /   0.50 sec =    1.0478 Mbps     0 retrans     33 KB-cwnd
[2024-11-07T10:41:29.925297-0500]     0.3125 MB /   0.50 sec =    5.2467 Mbps    98 retrans     96 KB-cwnd
[2024-11-07T10:41:30.921995-0500]     0.6875 MB /   0.50 sec =   11.5345 Mbps     4 retrans     32 KB-cwnd
[2024-11-07T10:41:30.922447-0500]     0.2500 MB /   0.50 sec =    4.1928 Mbps     0 retrans     32 KB-cwnd
[2024-11-07T10:41:32.153954-0500]     0.2500 MB /   0.50 sec =    4.1958 Mbps     4 retrans     32 KB-cwnd
[2024-11-07T10:41:32.154243-0500]     0.1875 MB /   0.50 sec =    3.1458 Mbps     0 retrans     32 KB-cwnd
[2024-11-07T10:41:33.189829-0500]     0.1250 MB /   0.50 sec =    2.0971 Mbps     2 retrans     33 KB-cwnd
[2024-11-07T10:41:33.190009-0500]     0.2500 MB /   0.50 sec =    4.1943 Mbps     0 retrans     33 KB-cwnd
[2024-11-07T10:41:34.298728-0500]     0.1875 MB /   0.50 sec =    3.1456 Mbps     1 retrans     32 KB-cwnd
[2024-11-07T10:41:34.299101-0500]     0.1875 MB /   0.50 sec =    3.1457 Mbps     0 retrans     32 KB-cwnd
[2024-11-07T10:41:35.315305-0500]     0.1875 MB /   0.50 sec =    3.1457 Mbps     3 retrans     29 KB-cwnd
[2024-11-07T10:41:35.316008-0500]     0.3125 MB /   0.50 sec =    5.2430 Mbps     0 retrans     29 KB-cwnd
[2024-11-07T10:41:36.451650-0500]     0.1250 MB /   0.50 sec =    2.0972 Mbps     5 retrans     29 KB-cwnd
[2024-11-07T10:41:36.451842-0500]     0.1875 MB /   0.50 sec =    3.1457 Mbps     0 retrans     29 KB-cwnd
[2024-11-07T10:41:36.451877-0500]     0.1875 MB /   0.50 sec =    3.1457 Mbps     0 retrans     29 KB-cwnd
[2024-11-07T10:41:37.744846-0500]     0.2500 MB /   0.50 sec =    4.1943 Mbps     3 retrans     15 KB-cwnd
[2024-11-07T10:41:37.745361-0500]     0.1250 MB /   0.50 sec =    2.0972 Mbps     0 retrans     15 KB-cwnd
[2024-11-07T10:41:38.950550-0500]     0.1875 MB /   0.50 sec =    3.1458 Mbps    14 retrans     63 KB-cwnd
[2024-11-07T10:41:38.951113-0500]     0.1250 MB /   0.50 sec =    2.0972 Mbps     0 retrans     63 KB-cwnd
[2024-11-07T10:41:38.951274-0500]     0.1875 MB /   0.50 sec =    3.1457 Mbps     0 retrans     63 KB-cwnd
[2024-11-07T10:41:39.326940-0500]     0.5000 MB /   0.50 sec =    8.3889 Mbps     0 retrans     63 KB-cwnd
[2024-11-07T10:41:39.844254-0500]     0.4375 MB /   0.50 sec =    7.3398 Mbps     2 retrans     52 KB-cwnd
[2024-11-07T10:41:40.443256-0500]     0.3750 MB /   0.50 sec =    6.2914 Mbps     3 retrans     45 KB-cwnd
[2024-11-07T10:41:41.383110-0500]     0.2500 MB /   0.50 sec =    4.1944 Mbps     2 retrans     31 KB-cwnd
[2024-11-07T10:41:41.383591-0500]     0.2500 MB /   0.50 sec =    4.1943 Mbps     0 retrans     31 KB-cwnd
[2024-11-07T10:41:42.687278-0500]     0.1875 MB /   0.50 sec =    3.1457 Mbps     3 retrans     43 KB-cwnd
[2024-11-07T10:41:42.687820-0500]     0.1250 MB /   0.50 sec =    2.0972 Mbps     0 retrans     43 KB-cwnd
[2024-11-07T10:41:43.403301-0500]     0.1875 MB /   0.50 sec =    3.1457 Mbps     9 retrans     35 KB-cwnd
[2024-11-07T10:41:43.403835-0500]     0.3125 MB /   0.50 sec =    5.2429 Mbps     0 retrans     35 KB-cwnd
[2024-11-07T10:41:44.293532-0500]     0.3125 MB /   0.50 sec =    5.2425 Mbps     0 retrans     35 KB-cwnd
[2024-11-07T10:41:45.078008-0500]     0.1875 MB /   0.50 sec =    3.1459 Mbps     1 retrans     50 KB-cwnd
[2024-11-07T10:41:45.078479-0500]     0.2500 MB /   0.50 sec =    4.1942 Mbps     0 retrans     50 KB-cwnd
[2024-11-07T10:41:46.208713-0500]     0.2500 MB /   0.50 sec =    4.1944 Mbps    11 retrans     21 KB-cwnd
[2024-11-07T10:41:46.209154-0500]     0.3125 MB /   0.50 sec =    5.2428 Mbps     0 retrans     21 KB-cwnd
[2024-11-07T10:41:47.670326-0500]     0.0625 MB /   0.50 sec =    1.0486 Mbps    10 retrans     33 KB-cwnd
[2024-11-07T10:41:47.670901-0500]     0.1250 MB /   0.50 sec =    2.0971 Mbps     0 retrans     33 KB-cwnd
[2024-11-07T10:41:47.671044-0500]     0.1250 MB /   0.50 sec =    2.0972 Mbps     0 retrans     33 KB-cwnd
[2024-11-07T10:41:48.570250-0500]     0.2500 MB /   0.50 sec =    4.1943 Mbps     0 retrans     41 KB-cwnd
[2024-11-07T10:41:48.570725-0500]     0.2500 MB /   0.50 sec =    4.1944 Mbps     0 retrans     41 KB-cwnd
[2024-11-07T10:41:49.317243-0500]     0.2500 MB /   0.50 sec =    4.1943 Mbps     0 retrans     46 KB-cwnd
[2024-11-07T10:41:49.317602-0500]     0.3125 MB /   0.50 sec =    5.2405 Mbps     0 retrans     46 KB-cwnd
[2024-11-07T10:41:50.185705-0500]     0.2500 MB /   0.50 sec =    4.1961 Mbps     5 retrans     32 KB-cwnd
[2024-11-07T10:41:51.206100-0500]     0.2500 MB /   0.50 sec =    4.1943 Mbps     0 retrans     38 KB-cwnd
[2024-11-07T10:41:51.206515-0500]     0.1875 MB /   0.50 sec =    3.1456 Mbps     0 retrans     38 KB-cwnd
[2024-11-07T10:41:52.383592-0500]     0.1875 MB /   0.50 sec =    3.1459 Mbps     5 retrans     26 KB-cwnd
[2024-11-07T10:41:52.383922-0500]     0.1875 MB /   0.50 sec =    3.1457 Mbps     0 retrans     26 KB-cwnd
[2024-11-07T10:41:52.384024-0500]     0.1875 MB /   0.50 sec =    3.1457 Mbps     0 retrans     26 KB-cwnd
[2024-11-07T10:41:53.552835-0500]     0.1875 MB /   0.50 sec =    3.1458 Mbps     1 retrans     46 KB-cwnd
[2024-11-07T10:41:53.553329-0500]     0.2500 MB /   0.50 sec =    4.1938 Mbps     0 retrans     46 KB-cwnd
[2024-11-07T10:41:54.494984-0500]     0.1250 MB /   0.50 sec =    2.0974 Mbps     7 retrans     31 KB-cwnd
[2024-11-07T10:41:54.495426-0500]     0.2500 MB /   0.50 sec =    4.1942 Mbps     0 retrans     31 KB-cwnd
[2024-11-07T10:41:56.107080-0500]     0.1875 MB /   0.50 sec =    3.1458 Mbps    11 retrans     24 KB-cwnd
[2024-11-07T10:41:56.107563-0500]     0.1250 MB /   0.50 sec =    2.0971 Mbps     0 retrans     24 KB-cwnd
[2024-11-07T10:41:56.107710-0500]     0.1250 MB /   0.50 sec =    2.0972 Mbps     0 retrans     24 KB-cwnd
[2024-11-07T10:41:57.534226-0500]     0.1250 MB /   0.50 sec =    2.0972 Mbps     4 retrans     28 KB-cwnd
[2024-11-07T10:41:57.534701-0500]     0.1875 MB /   0.50 sec =    3.1457 Mbps     0 retrans     28 KB-cwnd
[2024-11-07T10:41:57.534846-0500]     0.1250 MB /   0.50 sec =    2.0971 Mbps     0 retrans     28 KB-cwnd
[2024-11-07T10:41:58.534314-0500]     0.1875 MB /   0.50 sec =    3.1458 Mbps     0 retrans     35 KB-cwnd
[2024-11-07T10:41:58.534579-0500]     0.2500 MB /   0.50 sec =    4.1700 Mbps     0 retrans     35 KB-cwnd
[2024-11-07T10:41:59.176123-0500]     0.2500 MB /   0.50 sec =    4.2188 Mbps     1 retrans    106 KB-cwnd
[2024-11-07T10:41:59.427331-0500]     0.5625 MB /   0.50 sec =    9.4372 Mbps     1 retrans    124 KB-cwnd
[2024-11-07T10:42:00.067541-0500]     0.6250 MB /   0.50 sec =   10.4858 Mbps     3 retrans     82 KB-cwnd
[2024-11-07T10:42:00.502164-0500]     0.6875 MB /   0.50 sec =   11.5339 Mbps     0 retrans     84 KB-cwnd
[2024-11-07T10:42:00.868760-0500]     0.5625 MB /   0.50 sec =    9.4368 Mbps     0 retrans     87 KB-cwnd
[2024-11-07T10:42:01.594498-0500]     0.5625 MB /   0.50 sec =    9.4374 Mbps     0 retrans     93 KB-cwnd
[2024-11-07T10:42:01.934886-0500]     0.6250 MB /   0.50 sec =   10.4858 Mbps     0 retrans     97 KB-cwnd
[2024-11-07T10:42:02.660350-0500]     0.6250 MB /   0.50 sec =   10.4861 Mbps     2 retrans     79 KB-cwnd
[2024-11-07T10:42:03.068159-0500]     0.6875 MB /   0.50 sec =   11.5345 Mbps     0 retrans     82 KB-cwnd
[2024-11-07T10:42:03.438652-0500]     0.5625 MB /   0.50 sec =    9.4367 Mbps     0 retrans     84 KB-cwnd
[2024-11-07T10:42:03.894138-0500]     0.5625 MB /   0.50 sec =    9.4376 Mbps     1 retrans     69 KB-cwnd
[2024-11-07T10:42:04.321743-0500]     0.5000 MB /   0.50 sec =    8.3887 Mbps     0 retrans     72 KB-cwnd
[2024-11-07T10:42:05.260633-0500]     0.5000 MB /   0.50 sec =    8.3882 Mbps     1 retrans     62 KB-cwnd
[2024-11-07T10:42:05.720489-0500]     0.5000 MB /   0.50 sec =    8.3890 Mbps     0 retrans     70 KB-cwnd
[2024-11-07T10:42:06.167619-0500]     0.5000 MB /   0.50 sec =    8.3888 Mbps     0 retrans     73 KB-cwnd
[2024-11-07T10:42:06.586725-0500]     0.4375 MB /   0.50 sec =    7.3400 Mbps     0 retrans     76 KB-cwnd
[2024-11-07T10:42:06.979503-0500]     0.5625 MB /   0.50 sec =    9.4371 Mbps     0 retrans     79 KB-cwnd
[2024-11-07T10:42:07.541768-0500]     0.4375 MB /   0.50 sec =    7.3400 Mbps     3 retrans     70 KB-cwnd
[2024-11-07T10:42:08.139993-0500]     0.4375 MB /   0.50 sec =    7.3401 Mbps     3 retrans     57 KB-cwnd
[2024-11-07T10:42:08.769263-0500]     0.3125 MB /   0.50 sec =    5.2428 Mbps     1 retrans     36 KB-cwnd
[2024-11-07T10:42:10.235495-0500]     0.3125 MB /   0.50 sec =    5.2407 Mbps    15 retrans     21 KB-cwnd
[2024-11-07T10:42:10.236158-0500]     0.1875 MB /   0.50 sec =    3.1470 Mbps     0 retrans     21 KB-cwnd
[2024-11-07T10:42:10.236315-0500]     0.1875 MB /   0.50 sec =    3.1458 Mbps     0 retrans     21 KB-cwnd
[2024-11-07T10:42:11.561616-0500]     0.0625 MB /   0.50 sec =    1.0483 Mbps     0 retrans     41 KB-cwnd
[2024-11-07T10:42:11.562133-0500]     0.1250 MB /   0.50 sec =    2.0977 Mbps     0 retrans     41 KB-cwnd
[2024-11-07T10:42:11.562274-0500]     0.1250 MB /   0.50 sec =    2.0971 Mbps     0 retrans     41 KB-cwnd
[2024-11-07T10:42:12.853495-0500]     0.2500 MB /   0.50 sec =    4.1943 Mbps    45 retrans     49 KB-cwnd
[2024-11-07T10:42:12.853906-0500]     0.1250 MB /   0.50 sec =    2.0971 Mbps     0 retrans     49 KB-cwnd
[2024-11-07T10:42:12.854013-0500]     0.1875 MB /   0.50 sec =    3.1459 Mbps     0 retrans     49 KB-cwnd
[2024-11-07T10:42:13.840768-0500]     0.3125 MB /   0.50 sec =    5.2428 Mbps    11 retrans     31 KB-cwnd
[2024-11-07T10:42:13.841167-0500]     0.1250 MB /   0.50 sec =    2.0971 Mbps     0 retrans     31 KB-cwnd
[2024-11-07T10:42:15.355290-0500]     0.1250 MB /   0.50 sec =    2.0972 Mbps     8 retrans     26 KB-cwnd
[2024-11-07T10:42:15.355722-0500]     0.1875 MB /   0.50 sec =    3.1456 Mbps     0 retrans     26 KB-cwnd
[2024-11-07T10:42:15.355980-0500]     0.1875 MB /   0.50 sec =    3.1458 Mbps     0 retrans     26 KB-cwnd
[2024-11-07T10:42:16.363868-0500]     0.1250 MB /   0.50 sec =    2.0972 Mbps    11 retrans     38 KB-cwnd
[2024-11-07T10:42:16.364210-0500]     0.3125 MB /   0.50 sec =    5.2428 Mbps     0 retrans     38 KB-cwnd
[2024-11-07T10:42:17.573921-0500]     0.1875 MB /   0.50 sec =    3.1457 Mbps     9 retrans     11 KB-cwnd
[2024-11-07T10:42:17.574451-0500]     0.1875 MB /   0.50 sec =    3.1458 Mbps     0 retrans     11 KB-cwnd
[2024-11-07T10:42:19.746552-0500]     0.1250 MB /   0.50 sec =    2.0972 Mbps     6 retrans     15 KB-cwnd
[2024-11-07T10:42:19.747348-0500]     0.0625 MB /   0.50 sec =    1.0486 Mbps     0 retrans     15 KB-cwnd
[2024-11-07T10:42:19.747585-0500]     0.1250 MB /   0.50 sec =    2.0972 Mbps     0 retrans     15 KB-cwnd
[2024-11-07T10:42:19.747712-0500]     0.1250 MB /   0.50 sec =    2.0971 Mbps     0 retrans     15 KB-cwnd
[2024-11-07T10:42:21.222585-0500]     0.0625 MB /   0.50 sec =    1.0486 Mbps     7 retrans     19 KB-cwnd
[2024-11-07T10:42:21.223037-0500]     0.1250 MB /   0.50 sec =    2.0971 Mbps     0 retrans     19 KB-cwnd
[2024-11-07T10:42:21.223179-0500]     0.1875 MB /   0.50 sec =    3.1458 Mbps     0 retrans     19 KB-cwnd
[2024-11-07T10:42:22.885848-0500]     0.1250 MB /   0.50 sec =    2.0953 Mbps     7 retrans     31 KB-cwnd
[2024-11-07T10:42:22.886052-0500]     0.1250 MB /   0.50 sec =    2.0988 Mbps     0 retrans     31 KB-cwnd
[2024-11-07T10:42:22.886091-0500]     0.0625 MB /   0.50 sec =    1.0486 Mbps     0 retrans     31 KB-cwnd
[2024-11-07T10:42:22.886123-0500]     0.1875 MB /   0.50 sec =    3.1458 Mbps     0 retrans     31 KB-cwnd
[2024-11-07T10:42:24.443561-0500]     0.1875 MB /   0.50 sec =    3.1457 Mbps     8 retrans     21 KB-cwnd
[2024-11-07T10:42:24.444174-0500]     0.1250 MB /   0.50 sec =    2.0972 Mbps     0 retrans     21 KB-cwnd
[2024-11-07T10:42:24.444328-0500]     0.1250 MB /   0.50 sec =    2.0971 Mbps     0 retrans     21 KB-cwnd
[2024-11-07T10:42:25.949213-0500]     0.1250 MB /   0.50 sec =    2.0968 Mbps     2 retrans     22 KB-cwnd
[2024-11-07T10:42:25.949700-0500]     0.1875 MB /   0.50 sec =    3.1463 Mbps     0 retrans     22 KB-cwnd
[2024-11-07T10:42:25.949843-0500]     0.1250 MB /   0.50 sec =    2.0971 Mbps     0 retrans     22 KB-cwnd
[2024-11-07T10:42:27.696680-0500]     0.1250 MB /   0.50 sec =    2.0971 Mbps    14 retrans     16 KB-cwnd
[2024-11-07T10:42:27.697106-0500]     0.1875 MB /   0.50 sec =    3.1453 Mbps     0 retrans     16 KB-cwnd
[2024-11-07T10:42:27.697238-0500]     0.0625 MB /   0.50 sec =    1.0487 Mbps     0 retrans     16 KB-cwnd
[2024-11-07T10:42:29.298573-0500]     0.1250 MB /   0.50 sec =    2.0972 Mbps     9 retrans     21 KB-cwnd
[2024-11-07T10:42:29.298938-0500]     0.1875 MB /   0.50 sec =    3.1457 Mbps     0 retrans     21 KB-cwnd
[2024-11-07T10:42:29.299042-0500]     0.1875 MB /   0.50 sec =    3.1457 Mbps     0 retrans     21 KB-cwnd
[2024-11-07T10:42:30.820079-0500]     0.0625 MB /   0.50 sec =    1.0486 Mbps    36 retrans     46 KB-cwnd
[2024-11-07T10:42:30.820506-0500]     0.0625 MB /   0.50 sec =    1.0486 Mbps     0 retrans     46 KB-cwnd
[2024-11-07T10:42:30.820611-0500]     0.1250 MB /   0.50 sec =    2.0971 Mbps     0 retrans     46 KB-cwnd
[2024-11-07T10:42:30.820697-0500]     0.2500 MB /   0.50 sec =    4.1944 Mbps     0 retrans     46 KB-cwnd
[2024-11-07T10:42:31.604284-0500]     0.2500 MB /   0.50 sec =    4.1942 Mbps    22 retrans     38 KB-cwnd
[2024-11-07T10:42:33.144103-0500]     0.1875 MB /   0.50 sec =    3.1327 Mbps    21 retrans     15 KB-cwnd
[2024-11-07T10:42:33.144486-0500]     0.1250 MB /   0.50 sec =    2.1061 Mbps     0 retrans     15 KB-cwnd
[2024-11-07T10:42:33.144867-0500]     0.1875 MB /   0.50 sec =    3.1456 Mbps     0 retrans     15 KB-cwnd
[2024-11-07T10:42:34.755363-0500]     0.1250 MB /   0.50 sec =    2.0971 Mbps     9 retrans     22 KB-cwnd
[2024-11-07T10:42:34.755924-0500]     0.1875 MB /   0.50 sec =    3.1459 Mbps     0 retrans     22 KB-cwnd
[2024-11-07T10:42:34.756115-0500]     0.1250 MB /   0.50 sec =    2.0970 Mbps     0 retrans     22 KB-cwnd
[2024-11-07T10:42:36.666529-0500]     0.1250 MB /   0.50 sec =    2.0972 Mbps     9 retrans     21 KB-cwnd
[2024-11-07T10:42:36.666970-0500]     0.0625 MB /   0.50 sec =    1.0486 Mbps     0 retrans     21 KB-cwnd
[2024-11-07T10:42:36.667059-0500]     0.1250 MB /   0.50 sec =    2.0971 Mbps     0 retrans     21 KB-cwnd
[2024-11-07T10:42:36.667129-0500]     0.1250 MB /   0.50 sec =    2.0972 Mbps     0 retrans     21 KB-cwnd
[2024-11-07T10:42:40.599836-0500]     0.1250 MB /   0.50 sec =    2.0972 Mbps    15 retrans     21 KB-cwnd
[2024-11-07T10:42:40.600167-0500]     0.1250 MB /   0.50 sec =    2.0971 Mbps     0 retrans     21 KB-cwnd
[2024-11-07T10:42:40.600301-0500]     0.0000 MB /   0.50 sec =    0.0000 Mbps     0 retrans     21 KB-cwnd
[2024-11-07T10:42:40.600395-0500]     0.0000 MB /   0.50 sec =    0.0000 Mbps     0 retrans     21 KB-cwnd
[2024-11-07T10:42:40.600475-0500]     0.0000 MB /   0.50 sec =    0.0000 Mbps     0 retrans     21 KB-cwnd
[2024-11-07T10:42:40.600553-0500]     0.0000 MB /   0.50 sec =    0.0000 Mbps     0 retrans     21 KB-cwnd
[2024-11-07T10:42:40.600628-0500]     0.0625 MB /   0.50 sec =    1.0485 Mbps     0 retrans     21 KB-cwnd
[2024-11-07T10:42:40.600703-0500]     0.1250 MB /   0.50 sec =    2.0973 Mbps     0 retrans     21 KB-cwnd
[2024-11-07T10:42:42.678927-0500]     0.1875 MB /   0.50 sec =    3.1457 Mbps    20 retrans     16 KB-cwnd
[2024-11-07T10:42:42.679150-0500]     0.1250 MB /   0.50 sec =    2.0972 Mbps     0 retrans     16 KB-cwnd
[2024-11-07T10:42:42.679186-0500]     0.0625 MB /   0.50 sec =    1.0486 Mbps     0 retrans     16 KB-cwnd
[2024-11-07T10:42:42.679212-0500]     0.0625 MB /   0.50 sec =    1.0485 Mbps     0 retrans     16 KB-cwnd
[2024-11-07T10:42:43.698216-0500]     0.1250 MB /   0.50 sec =    2.0972 Mbps     2 retrans     74 KB-cwnd
[2024-11-07T10:42:43.698693-0500]     0.1250 MB /   0.50 sec =    2.0970 Mbps     0 retrans     74 KB-cwnd
[2024-11-07T10:42:44.022570-0500]     0.5000 MB /   0.50 sec =    8.3889 Mbps     0 retrans     84 KB-cwnd
[2024-11-07T10:42:44.376118-0500]     0.6875 MB /   0.50 sec =   11.5351 Mbps     0 retrans     87 KB-cwnd
[2024-11-07T10:42:44.980200-0500]     0.6250 MB /   0.50 sec =   10.4857 Mbps     0 retrans     93 KB-cwnd
[2024-11-07T10:42:45.637543-0500]     0.7500 MB /   0.50 sec =   12.5828 Mbps     1 retrans     77 KB-cwnd
[2024-11-07T10:42:45.991530-0500]     0.6875 MB /   0.50 sec =   11.5342 Mbps     1 retrans     69 KB-cwnd
[2024-11-07T10:42:46.375258-0500]     0.5625 MB /   0.50 sec =    9.4374 Mbps     0 retrans     72 KB-cwnd
[2024-11-07T10:42:47.094876-0500]     0.5625 MB /   0.50 sec =    9.4370 Mbps     0 retrans     79 KB-cwnd
[2024-11-07T10:42:47.467850-0500]     0.6250 MB /   0.50 sec =   10.4858 Mbps     0 retrans     82 KB-cwnd
[2024-11-07T10:42:47.868727-0500]     0.6250 MB /   0.50 sec =   10.4856 Mbps     2 retrans     89 KB-cwnd
[2024-11-07T10:42:48.550520-0500]     0.7500 MB /   0.50 sec =   12.5835 Mbps     2 retrans     80 KB-cwnd
[2024-11-07T10:42:48.881470-0500]     0.6250 MB /   0.50 sec =   10.4857 Mbps     0 retrans     83 KB-cwnd
[2024-11-07T10:42:49.574536-0500]     0.6250 MB /   0.50 sec =   10.4858 Mbps     1 retrans     77 KB-cwnd
[2024-11-07T10:42:49.916816-0500]     0.6250 MB /   0.50 sec =   10.4836 Mbps     0 retrans     80 KB-cwnd
[2024-11-07T10:42:50.604913-0500]     0.6250 MB /   0.50 sec =   10.4868 Mbps     0 retrans     86 KB-cwnd
[2024-11-07T10:42:50.926048-0500]     0.6875 MB /   0.50 sec =   11.5353 Mbps     0 retrans     89 KB-cwnd
[2024-11-07T10:42:51.521389-0500]     0.6875 MB /   0.50 sec =   11.5337 Mbps     1 retrans     86 KB-cwnd
[2024-11-07T10:42:51.883515-0500]     0.6875 MB /   0.50 sec =   11.5348 Mbps     1 retrans     72 KB-cwnd
[2024-11-07T10:42:52.392815-0500]     0.4375 MB /   0.50 sec =    7.3401 Mbps     0 retrans     76 KB-cwnd
[2024-11-07T10:42:52.986532-0500]     0.3750 MB /   0.50 sec =    6.2914 Mbps     0 retrans     79 KB-cwnd
[2024-11-07T10:42:53.479311-0500]     0.4375 MB /   0.50 sec =    7.3400 Mbps     0 retrans     82 KB-cwnd
[2024-11-07T10:42:54.070283-0500]     0.4375 MB /   0.50 sec =    7.3400 Mbps     0 retrans     91 KB-cwnd
[2024-11-07T10:42:54.673537-0500]     0.4375 MB /   0.50 sec =    7.3399 Mbps     5 retrans     83 KB-cwnd
[2024-11-07T10:42:55.169433-0500]     0.5000 MB /   0.50 sec =    8.3889 Mbps     0 retrans     86 KB-cwnd
[2024-11-07T10:42:55.490468-0500]     0.5625 MB /   0.50 sec =    9.4365 Mbps     0 retrans     89 KB-cwnd
[2024-11-07T10:42:56.088730-0500]     0.6875 MB /   0.50 sec =   11.5348 Mbps     0 retrans     94 KB-cwnd
[2024-11-07T10:42:56.445070-0500]     0.6875 MB /   0.50 sec =   11.5345 Mbps     1 retrans     84 KB-cwnd
[2024-11-07T10:42:58.057170-0500]     0.6250 MB /   0.50 sec =   10.4852 Mbps    59 retrans     46 KB-cwnd
[2024-11-07T10:42:58.057748-0500]     0.1875 MB /   0.50 sec =    3.1459 Mbps     0 retrans     46 KB-cwnd
[2024-11-07T10:42:58.057899-0500]     0.1250 MB /   0.50 sec =    2.0972 Mbps     0 retrans     46 KB-cwnd
[2024-11-07T10:42:59.534781-0500]     0.1250 MB /   0.50 sec =    2.0967 Mbps    17 retrans     21 KB-cwnd
[2024-11-07T10:42:59.535302-0500]     0.1875 MB /   0.50 sec =    3.1463 Mbps     0 retrans     21 KB-cwnd
[2024-11-07T10:42:59.535444-0500]     0.1250 MB /   0.50 sec =    2.0972 Mbps     0 retrans     21 KB-cwnd
[2024-11-07T10:43:01.240217-0500]     0.1250 MB /   0.50 sec =    2.0972 Mbps     1 retrans     25 KB-cwnd
[2024-11-07T10:43:01.240691-0500]     0.1250 MB /   0.50 sec =    2.0972 Mbps     0 retrans     25 KB-cwnd
[2024-11-07T10:43:01.240835-0500]     0.1250 MB /   0.50 sec =    2.0971 Mbps     0 retrans     25 KB-cwnd
[2024-11-07T10:43:03.287427-0500]     0.1250 MB /   0.50 sec =    2.0972 Mbps    19 retrans     21 KB-cwnd
[2024-11-07T10:43:03.287788-0500]     0.1875 MB /   0.50 sec =    3.1457 Mbps     0 retrans     21 KB-cwnd
[2024-11-07T10:43:03.287887-0500]     0.0625 MB /   0.50 sec =    1.0486 Mbps     0 retrans     21 KB-cwnd
[2024-11-07T10:43:03.287962-0500]     0.0625 MB /   0.50 sec =    1.0486 Mbps     0 retrans     21 KB-cwnd
[2024-11-07T10:43:05.022761-0500]     0.1250 MB /   0.50 sec =    2.0971 Mbps    10 retrans     18 KB-cwnd
[2024-11-07T10:43:05.023248-0500]     0.1250 MB /   0.50 sec =    2.0967 Mbps     0 retrans     18 KB-cwnd
[2024-11-07T10:43:05.023393-0500]     0.1250 MB /   0.50 sec =    2.0977 Mbps     0 retrans     18 KB-cwnd
[2024-11-07T10:43:05.023512-0500]     0.1250 MB /   0.50 sec =    2.0972 Mbps     0 retrans     18 KB-cwnd
[2024-11-07T10:43:06.814859-0500]     0.1250 MB /   0.50 sec =    2.0969 Mbps    13 retrans     25 KB-cwnd
[2024-11-07T10:43:06.815005-0500]     0.0625 MB /   0.50 sec =    1.0487 Mbps     0 retrans     25 KB-cwnd
[2024-11-07T10:43:06.815035-0500]     0.1250 MB /   0.50 sec =    2.0972 Mbps     0 retrans     25 KB-cwnd
[2024-11-07T10:43:08.323508-0500]     0.1875 MB /   0.50 sec =    3.1458 Mbps    13 retrans     14 KB-cwnd
[2024-11-07T10:43:08.324112-0500]     0.1875 MB /   0.50 sec =    3.1457 Mbps     0 retrans     14 KB-cwnd
[2024-11-07T10:43:08.324270-0500]     0.1250 MB /   0.50 sec =    2.0972 Mbps     0 retrans     14 KB-cwnd
[2024-11-07T10:43:08.324389-0500]     0.1250 MB /   0.50 sec =    2.0971 Mbps     0 retrans     14 KB-cwnd
[2024-11-07T10:43:10.449477-0500]     0.0625 MB /   0.50 sec =    1.0486 Mbps     8 retrans     32 KB-cwnd
[2024-11-07T10:43:10.449959-0500]     0.1250 MB /   0.50 sec =    2.0971 Mbps     0 retrans     32 KB-cwnd
[2024-11-07T10:43:10.450073-0500]     0.0625 MB /   0.50 sec =    1.0486 Mbps     0 retrans     32 KB-cwnd
[2024-11-07T10:43:10.450160-0500]     0.1250 MB /   0.50 sec =    2.0972 Mbps     0 retrans     32 KB-cwnd
[2024-11-07T10:43:11.527594-0500]     0.1875 MB /   0.50 sec =    3.1457 Mbps     8 retrans     32 KB-cwnd
[2024-11-07T10:43:11.527997-0500]     0.1875 MB /   0.50 sec =    3.1457 Mbps     0 retrans     32 KB-cwnd
[2024-11-07T10:43:13.682835-0500]     0.1250 MB /   0.50 sec =    2.0972 Mbps    15 retrans     24 KB-cwnd
[2024-11-07T10:43:13.683301-0500]     0.0625 MB /   0.50 sec =    1.0486 Mbps     0 retrans     24 KB-cwnd
[2024-11-07T10:43:13.683443-0500]     0.1250 MB /   0.50 sec =    2.0971 Mbps     0 retrans     24 KB-cwnd
[2024-11-07T10:43:13.683561-0500]     0.1250 MB /   0.50 sec =    2.0971 Mbps     0 retrans     24 KB-cwnd
[2024-11-07T10:43:15.708731-0500]     0.1250 MB /   0.50 sec =    2.0971 Mbps    15 retrans     22 KB-cwnd
[2024-11-07T10:43:15.709225-0500]     0.0625 MB /   0.50 sec =    1.0486 Mbps     0 retrans     22 KB-cwnd
[2024-11-07T10:43:15.709366-0500]     0.0625 MB /   0.50 sec =    1.0486 Mbps     0 retrans     22 KB-cwnd
[2024-11-07T10:43:15.709479-0500]     0.1250 MB /   0.50 sec =    2.0971 Mbps     0 retrans     22 KB-cwnd
[2024-11-07T10:43:17.272864-0500]     0.1875 MB /   0.50 sec =    3.1459 Mbps     1 retrans     26 KB-cwnd
[2024-11-07T10:43:17.273458-0500]     0.1250 MB /   0.50 sec =    2.0971 Mbps     0 retrans     26 KB-cwnd
[2024-11-07T10:43:17.273601-0500]     0.1250 MB /   0.50 sec =    2.0971 Mbps     0 retrans     26 KB-cwnd
[2024-11-07T10:43:18.996739-0500]     0.1875 MB /   0.50 sec =    3.1450 Mbps     9 retrans     18 KB-cwnd
[2024-11-07T10:43:18.997253-0500]     0.1250 MB /   0.50 sec =    2.0977 Mbps     0 retrans     18 KB-cwnd
[2024-11-07T10:43:18.997406-0500]     0.1250 MB /   0.50 sec =    2.0971 Mbps     0 retrans     18 KB-cwnd
[2024-11-07T10:43:18.997523-0500]     0.1250 MB /   0.50 sec =    2.0972 Mbps     0 retrans     18 KB-cwnd
End time: 1730994199570
