Start time: 1730584903968
[2024-11-02T16:01:44.791276-0600] nuttcp-r: v8.1.4: socket
[2024-11-02T16:01:44.791800-0600] nuttcp-r: buflen=65536, nstream=1, port=5103 tcp
[2024-11-02T16:01:44.791853-0600] nuttcp-r: interval reporting every 0.50 seconds
[2024-11-02T16:01:44.791900-0600] nuttcp-r: connect to 54.176.53.206 with RTT=55.085 ms af=inet
[2024-11-02T16:01:44.791941-0600] nuttcp-r: send window size = 1048576, receive window size = 1048576
[2024-11-02T16:01:44.791978-0600] nuttcp-r: available send window = 786432, available receive window = 786432
[2024-11-02T16:01:44.792015-0600]     2.1875 MB /   0.50 sec =   36.6980 Mbps     0 retrans
[2024-11-02T16:01:45.292044-0600]     7.3750 MB /   0.50 sec =  123.6397 Mbps     0 retrans
[2024-11-02T16:01:45.791271-0600]     8.4375 MB /   0.50 sec =  141.6617 Mbps     0 retrans
[2024-11-02T16:01:46.291294-0600]     5.5625 MB /   0.50 sec =   93.3216 Mbps     0 retrans
[2024-11-02T16:01:46.791712-0600]     5.6250 MB /   0.50 sec =   94.3660 Mbps     0 retrans
[2024-11-02T16:01:47.291323-0600]     6.5000 MB /   0.50 sec =  109.0574 Mbps     0 retrans
[2024-11-02T16:01:47.791273-0600]     7.1250 MB /   0.50 sec =  119.5408 Mbps     0 retrans
[2024-11-02T16:01:48.291265-0600]     4.8125 MB /   0.50 sec =   80.7429 Mbps     0 retrans
[2024-11-02T16:01:48.793573-0600]     4.8750 MB /   0.50 sec =   81.5050 Mbps     0 retrans
[2024-11-02T16:01:49.291297-0600]     7.0625 MB /   0.50 sec =  118.8983 Mbps     0 retrans
[2024-11-02T16:01:49.791238-0600]     7.4375 MB /   0.50 sec =  124.7751 Mbps     0 retrans
[2024-11-02T16:01:50.291658-0600]     4.8125 MB /   0.50 sec =   80.7395 Mbps     0 retrans
[2024-11-02T16:01:50.791823-0600]     4.8125 MB /   0.50 sec =   80.6607 Mbps     0 retrans
[2024-11-02T16:01:51.291349-0600]     4.1250 MB /   0.50 sec =   69.2742 Mbps     0 retrans
[2024-11-02T16:01:51.791249-0600]     5.6875 MB /   0.50 sec =   95.4284 Mbps     0 retrans
[2024-11-02T16:01:52.291267-0600]     5.7500 MB /   0.50 sec =   96.4676 Mbps     0 retrans
[2024-11-02T16:01:52.791265-0600]     7.2500 MB /   0.50 sec =  121.6380 Mbps     0 retrans
[2024-11-02T16:01:53.291290-0600]     7.2500 MB /   0.50 sec =  121.6302 Mbps     0 retrans
[2024-11-02T16:01:53.791248-0600]     5.1875 MB /   0.50 sec =   87.0356 Mbps     0 retrans
[2024-11-02T16:01:54.291312-0600]     5.6875 MB /   0.50 sec =   95.4092 Mbps     0 retrans
[2024-11-02T16:01:54.791324-0600]     2.5625 MB /   0.50 sec =   42.9929 Mbps     0 retrans
[2024-11-02T16:01:55.291377-0600]     4.7500 MB /   0.50 sec =   79.7015 Mbps     0 retrans
[2024-11-02T16:01:55.791226-0600]     3.8125 MB /   0.50 sec =   63.9638 Mbps     0 retrans
[2024-11-02T16:01:56.292342-0600]     4.9375 MB /   0.50 sec =   82.7519 Mbps     0 retrans
[2024-11-02T16:01:56.791336-0600]     1.3125 MB /   0.50 sec =   22.0395 Mbps     0 retrans
[2024-11-02T16:01:57.291336-0600]     4.6250 MB /   0.50 sec =   77.5973 Mbps     0 retrans
[2024-11-02T16:01:57.791679-0600]     5.6875 MB /   0.50 sec =   95.4195 Mbps     0 retrans
[2024-11-02T16:01:58.291350-0600]     3.1875 MB /   0.50 sec =   53.4761 Mbps     0 retrans
[2024-11-02T16:01:58.791186-0600]     7.1250 MB /   0.50 sec =  119.5549 Mbps     0 retrans
[2024-11-02T16:01:59.291815-0600]     5.3750 MB /   0.50 sec =   90.1669 Mbps     0 retrans
[2024-11-02T16:01:59.791684-0600]     4.6875 MB /   0.50 sec =   78.5835 Mbps     0 retrans
[2024-11-02T16:02:00.291285-0600]     7.4375 MB /   0.50 sec =  124.8799 Mbps     0 retrans
[2024-11-02T16:02:00.791831-0600]     8.0000 MB /   0.50 sec =  134.2183 Mbps     0 retrans
[2024-11-02T16:02:01.291225-0600]     9.3750 MB /   0.50 sec =  157.2962 Mbps     0 retrans
[2024-11-02T16:02:01.792192-0600]     7.1250 MB /   0.50 sec =  119.4342 Mbps     0 retrans
[2024-11-02T16:02:02.291188-0600]     6.6875 MB /   0.50 sec =  112.2985 Mbps     0 retrans
[2024-11-02T16:02:02.791285-0600]     7.8750 MB /   0.50 sec =  132.1074 Mbps     0 retrans
[2024-11-02T16:02:03.291285-0600]     4.1250 MB /   0.50 sec =   69.2086 Mbps     0 retrans
[2024-11-02T16:02:03.791318-0600]     5.3125 MB /   0.50 sec =   89.1256 Mbps     0 retrans
[2024-11-02T16:02:04.291265-0600]     8.8750 MB /   0.50 sec =  148.9011 Mbps     0 retrans
[2024-11-02T16:02:04.791848-0600]     9.6875 MB /   0.50 sec =  162.5238 Mbps     0 retrans
[2024-11-02T16:02:05.291761-0600]    10.1875 MB /   0.50 sec =  170.9213 Mbps     0 retrans
[2024-11-02T16:02:05.791240-0600]     8.5625 MB /   0.50 sec =  143.6607 Mbps     0 retrans
[2024-11-02T16:02:06.291258-0600]     7.8750 MB /   0.50 sec =  132.1198 Mbps     0 retrans
[2024-11-02T16:02:06.791222-0600]     8.5000 MB /   0.50 sec =  142.6061 Mbps     0 retrans
[2024-11-02T16:02:07.291697-0600]     7.3750 MB /   0.50 sec =  123.6249 Mbps     0 retrans
[2024-11-02T16:02:07.791252-0600]     7.8125 MB /   0.50 sec =  131.1872 Mbps     0 retrans
[2024-11-02T16:02:08.291289-0600]     7.1875 MB /   0.50 sec =  120.5819 Mbps     0 retrans
[2024-11-02T16:02:08.791650-0600]     4.5625 MB /   0.50 sec =   76.4942 Mbps     0 retrans
[2024-11-02T16:02:09.291234-0600]    10.0000 MB /   0.50 sec =  167.8927 Mbps     0 retrans
[2024-11-02T16:02:09.791532-0600]    10.1250 MB /   0.50 sec =  169.8771 Mbps     0 retrans
[2024-11-02T16:02:10.291426-0600]    10.6875 MB /   0.50 sec =  179.2466 Mbps     0 retrans
[2024-11-02T16:02:10.791582-0600]    10.1250 MB /   0.50 sec =  169.9118 Mbps     0 retrans
[2024-11-02T16:02:11.293049-0600]     6.1250 MB /   0.50 sec =  102.4182 Mbps     0 retrans
[2024-11-02T16:02:11.791194-0600]     8.8750 MB /   0.50 sec =  149.4049 Mbps     0 retrans
[2024-11-02T16:02:12.291295-0600]     4.1875 MB /   0.50 sec =   70.2419 Mbps     0 retrans
[2024-11-02T16:02:12.792709-0600]     6.3125 MB /   0.50 sec =  105.6322 Mbps     0 retrans
[2024-11-02T16:02:13.292616-0600]     7.0000 MB /   0.50 sec =  117.4619 Mbps     0 retrans
[2024-11-02T16:02:13.791283-0600]     8.0000 MB /   0.50 sec =  134.5598 Mbps     0 retrans
[2024-11-02T16:02:14.292296-0600]     3.6250 MB /   0.50 sec =   60.6975 Mbps     0 retrans
[2024-11-02T16:02:14.791351-0600]     2.6250 MB /   0.50 sec =   44.1215 Mbps     0 retrans
[2024-11-02T16:02:15.291611-0600]     6.8125 MB /   0.50 sec =  114.2445 Mbps     0 retrans
[2024-11-02T16:02:15.792658-0600]     5.8125 MB /   0.50 sec =   97.3262 Mbps     0 retrans
[2024-11-02T16:02:16.291263-0600]     6.3125 MB /   0.50 sec =  106.1771 Mbps     0 retrans
[2024-11-02T16:02:16.791325-0600]     9.1250 MB /   0.50 sec =  153.0854 Mbps     0 retrans
[2024-11-02T16:02:17.292206-0600]    10.4375 MB /   0.50 sec =  174.9712 Mbps     0 retrans
[2024-11-02T16:02:17.791267-0600]    10.8125 MB /   0.50 sec =  181.5536 Mbps     0 retrans
[2024-11-02T16:02:18.291264-0600]     8.3750 MB /   0.50 sec =  140.5126 Mbps     0 retrans
[2024-11-02T16:02:18.791317-0600]    11.7500 MB /   0.50 sec =  197.1173 Mbps     0 retrans
[2024-11-02T16:02:19.293149-0600]    11.5625 MB /   0.50 sec =  193.3034 Mbps     0 retrans
[2024-11-02T16:02:19.791240-0600]     9.6875 MB /   0.50 sec =  163.1237 Mbps     0 retrans
[2024-11-02T16:02:20.291277-0600]     6.1875 MB /   0.50 sec =  103.8047 Mbps     0 retrans
[2024-11-02T16:02:20.792586-0600]     9.2500 MB /   0.50 sec =  154.8183 Mbps     0 retrans
[2024-11-02T16:02:21.291367-0600]     5.9375 MB /   0.50 sec =   99.8478 Mbps     0 retrans
[2024-11-02T16:02:21.791756-0600]     7.3750 MB /   0.50 sec =  123.6210 Mbps     0 retrans
[2024-11-02T16:02:22.291843-0600]     9.3750 MB /   0.50 sec =  157.4205 Mbps     0 retrans
[2024-11-02T16:02:22.791661-0600]     7.1250 MB /   0.50 sec =  119.5556 Mbps     0 retrans
[2024-11-02T16:02:23.293336-0600]    10.1875 MB /   0.50 sec =  170.2356 Mbps     0 retrans
[2024-11-02T16:02:23.791335-0600]     7.0625 MB /   0.50 sec =  118.9487 Mbps     0 retrans
[2024-11-02T16:02:24.291381-0600]     8.2500 MB /   0.50 sec =  138.4001 Mbps     0 retrans
[2024-11-02T16:02:24.791287-0600]    12.5625 MB /   0.50 sec =  210.8009 Mbps     0 retrans
[2024-11-02T16:02:25.291288-0600]     8.8750 MB /   0.50 sec =  148.8942 Mbps     0 retrans
[2024-11-02T16:02:25.791233-0600]     5.3750 MB /   0.50 sec =   90.1840 Mbps     0 retrans
[2024-11-02T16:02:26.291285-0600]     4.1875 MB /   0.50 sec =   70.2528 Mbps     0 retrans
[2024-11-02T16:02:26.791738-0600]     7.5625 MB /   0.50 sec =  126.8785 Mbps     0 retrans
[2024-11-02T16:02:27.291312-0600]     5.6250 MB /   0.50 sec =   94.3677 Mbps     0 retrans
[2024-11-02T16:02:27.791296-0600]     4.0625 MB /   0.50 sec =   68.1576 Mbps     0 retrans
[2024-11-02T16:02:28.291303-0600]     6.5625 MB /   0.50 sec =  110.1022 Mbps     0 retrans
[2024-11-02T16:02:28.791332-0600]     5.8125 MB /   0.50 sec =   97.5269 Mbps     0 retrans
[2024-11-02T16:02:29.294146-0600]     5.0000 MB /   0.50 sec =   83.5236 Mbps     0 retrans
[2024-11-02T16:02:29.791277-0600]     3.3750 MB /   0.50 sec =   56.8652 Mbps     0 retrans
[2024-11-02T16:02:30.291200-0600]     4.9375 MB /   0.50 sec =   82.8402 Mbps     0 retrans
[2024-11-02T16:02:30.791239-0600]     6.4375 MB /   0.50 sec =  108.0027 Mbps     0 retrans
[2024-11-02T16:02:31.291838-0600]     4.4375 MB /   0.50 sec =   74.3625 Mbps     0 retrans
[2024-11-02T16:02:31.791397-0600]     3.7500 MB /   0.50 sec =   62.9759 Mbps     0 retrans
[2024-11-02T16:02:32.291300-0600]     6.1250 MB /   0.50 sec =  102.7728 Mbps     0 retrans
[2024-11-02T16:02:32.791815-0600]     6.3750 MB /   0.50 sec =  106.9612 Mbps     0 retrans
[2024-11-02T16:02:33.291298-0600]     7.1875 MB /   0.50 sec =  120.5759 Mbps     0 retrans
[2024-11-02T16:02:33.792373-0600]     7.3125 MB /   0.50 sec =  122.5670 Mbps     0 retrans
[2024-11-02T16:02:34.291268-0600]     8.9375 MB /   0.50 sec =  150.0962 Mbps     0 retrans
[2024-11-02T16:02:34.791283-0600]     6.4375 MB /   0.50 sec =  108.0044 Mbps     0 retrans
[2024-11-02T16:02:35.291305-0600]     8.3750 MB /   0.50 sec =  140.5047 Mbps     0 retrans
[2024-11-02T16:02:35.791629-0600]     4.7500 MB /   0.50 sec =   79.6932 Mbps     0 retrans
[2024-11-02T16:02:36.291715-0600]     7.0625 MB /   0.50 sec =  118.3913 Mbps     0 retrans
[2024-11-02T16:02:36.791318-0600]     7.8750 MB /   0.50 sec =  132.2258 Mbps     0 retrans
[2024-11-02T16:02:37.291299-0600]     8.3125 MB /   0.50 sec =  139.4723 Mbps     0 retrans
[2024-11-02T16:02:37.791301-0600]     9.2500 MB /   0.50 sec =  155.1731 Mbps     0 retrans
[2024-11-02T16:02:38.291265-0600]     9.1875 MB /   0.50 sec =  154.1478 Mbps     0 retrans
[2024-11-02T16:02:38.791262-0600]     7.8125 MB /   0.50 sec =  131.0699 Mbps     0 retrans
[2024-11-02T16:02:39.291717-0600]     3.4375 MB /   0.50 sec =   57.6197 Mbps     0 retrans
[2024-11-02T16:02:39.791679-0600]     3.8125 MB /   0.50 sec =   64.0225 Mbps     0 retrans
[2024-11-02T16:02:40.291817-0600]     6.3125 MB /   0.50 sec =  105.9045 Mbps     0 retrans
[2024-11-02T16:02:40.791295-0600]     5.6875 MB /   0.50 sec =   95.4170 Mbps     0 retrans
[2024-11-02T16:02:41.291572-0600]     7.1875 MB /   0.50 sec =  120.6024 Mbps     0 retrans
[2024-11-02T16:02:41.791178-0600]     7.5625 MB /   0.50 sec =  126.8772 Mbps     0 retrans
[2024-11-02T16:02:42.292037-0600]     3.0625 MB /   0.50 sec =   51.3771 Mbps     0 retrans
[2024-11-02T16:02:42.791569-0600]     7.0000 MB /   0.50 sec =  117.4417 Mbps     0 retrans
[2024-11-02T16:02:43.291285-0600]     7.5625 MB /   0.50 sec =  126.8736 Mbps     0 retrans
[2024-11-02T16:02:43.791251-0600]     8.9375 MB /   0.50 sec =  149.9545 Mbps     0 retrans
[2024-11-02T16:02:44.291325-0600]     7.5000 MB /   0.50 sec =  125.8188 Mbps     0 retrans
[2024-11-02T16:02:44.791850-0600]     5.3125 MB /   0.50 sec =   89.0739 Mbps     0 retrans
[2024-11-02T16:02:45.291673-0600]     4.2500 MB /   0.50 sec =   71.2953 Mbps     0 retrans
[2024-11-02T16:02:45.791308-0600]     5.6875 MB /   0.50 sec =   95.4957 Mbps     0 retrans
[2024-11-02T16:02:46.291766-0600]     4.3125 MB /   0.50 sec =   72.2829 Mbps     0 retrans
[2024-11-02T16:02:46.791341-0600]     4.6875 MB /   0.50 sec =   78.7214 Mbps     0 retrans
[2024-11-02T16:02:47.291942-0600]     2.3750 MB /   0.50 sec =   39.8055 Mbps     0 retrans
[2024-11-02T16:02:47.791189-0600]     5.1875 MB /   0.50 sec =   87.1214 Mbps     0 retrans
[2024-11-02T16:02:48.291906-0600]     5.3750 MB /   0.50 sec =   90.0709 Mbps     0 retrans
[2024-11-02T16:02:48.791766-0600]     5.2500 MB /   0.50 sec =   88.1719 Mbps     0 retrans
[2024-11-02T16:02:49.292260-0600]     5.5000 MB /   0.50 sec =   92.1845 Mbps     0 retrans
[2024-11-02T16:02:49.791609-0600]     7.1875 MB /   0.50 sec =  120.6384 Mbps     0 retrans
[2024-11-02T16:02:50.291715-0600]     8.0000 MB /   0.50 sec =  134.3018 Mbps     0 retrans
[2024-11-02T16:02:50.791273-0600]     7.6250 MB /   0.50 sec =  127.9281 Mbps     0 retrans
[2024-11-02T16:02:51.291873-0600]     3.7500 MB /   0.50 sec =   62.8859 Mbps     0 retrans
[2024-11-02T16:02:51.791300-0600]    11.5625 MB /   0.50 sec =  194.0576 Mbps     0 retrans
[2024-11-02T16:02:52.291268-0600]    11.6250 MB /   0.50 sec =  195.0476 Mbps     0 retrans
[2024-11-02T16:02:52.791281-0600]     9.2500 MB /   0.50 sec =  155.1855 Mbps     0 retrans
[2024-11-02T16:02:53.291589-0600]     7.5000 MB /   0.50 sec =  125.8372 Mbps     0 retrans
[2024-11-02T16:02:53.791237-0600]     9.8750 MB /   0.50 sec =  165.6813 Mbps     0 retrans
[2024-11-02T16:02:54.291734-0600]     8.3125 MB /   0.50 sec =  139.4394 Mbps     0 retrans
[2024-11-02T16:02:54.791298-0600]     8.9375 MB /   0.50 sec =  149.9518 Mbps     0 retrans
[2024-11-02T16:02:55.292934-0600]    10.3125 MB /   0.50 sec =  172.6373 Mbps     0 retrans
[2024-11-02T16:02:55.791588-0600]     9.1875 MB /   0.50 sec =  154.3818 Mbps     0 retrans
[2024-11-02T16:02:56.291311-0600]     9.3750 MB /   0.50 sec =  157.3833 Mbps     0 retrans
[2024-11-02T16:02:56.791284-0600]     6.0625 MB /   0.50 sec =  101.7129 Mbps     0 retrans
[2024-11-02T16:02:57.291310-0600]     6.7500 MB /   0.50 sec =  113.2428 Mbps     0 retrans
[2024-11-02T16:02:57.791201-0600]     9.1875 MB /   0.50 sec =  154.1518 Mbps     0 retrans
[2024-11-02T16:02:58.291316-0600]     6.5000 MB /   0.50 sec =  109.0478 Mbps     0 retrans
[2024-11-02T16:02:58.791590-0600]     7.4375 MB /   0.50 sec =  124.7808 Mbps     0 retrans
[2024-11-02T16:02:59.291327-0600]     2.8750 MB /   0.50 sec =   48.2351 Mbps     0 retrans
[2024-11-02T16:02:59.791269-0600]     9.1250 MB /   0.50 sec =  153.0961 Mbps     0 retrans
[2024-11-02T16:03:00.291809-0600]    10.0000 MB /   0.50 sec =  167.6015 Mbps     0 retrans
[2024-11-02T16:03:00.791211-0600]    12.8125 MB /   0.50 sec =  215.1918 Mbps     0 retrans
[2024-11-02T16:03:01.291279-0600]    11.8125 MB /   0.50 sec =  198.1686 Mbps     0 retrans
[2024-11-02T16:03:01.791289-0600]     9.1250 MB /   0.50 sec =  153.0912 Mbps     0 retrans
[2024-11-02T16:03:02.291339-0600]    10.8750 MB /   0.50 sec =  182.4508 Mbps     0 retrans
[2024-11-02T16:03:02.792163-0600]    11.1250 MB /   0.50 sec =  186.4821 Mbps     0 retrans
[2024-11-02T16:03:03.291862-0600]     4.0625 MB /   0.50 sec =   68.2097 Mbps     0 retrans
[2024-11-02T16:03:03.791299-0600]     6.7500 MB /   0.50 sec =  113.2605 Mbps     0 retrans
[2024-11-02T16:03:04.291348-0600]    10.5000 MB /   0.50 sec =  176.1513 Mbps     0 retrans
[2024-11-02T16:03:04.791821-0600]     9.6875 MB /   0.50 sec =  162.5332 Mbps     0 retrans
[2024-11-02T16:03:05.291807-0600]    12.5000 MB /   0.50 sec =  209.7139 Mbps     0 retrans
[2024-11-02T16:03:05.791259-0600]    11.2500 MB /   0.50 sec =  188.7520 Mbps     0 retrans
[2024-11-02T16:03:06.291283-0600]     8.8750 MB /   0.50 sec =  148.8909 Mbps     0 retrans
[2024-11-02T16:03:06.791324-0600]    11.3750 MB /   0.50 sec =  190.8332 Mbps     0 retrans
[2024-11-02T16:03:07.291260-0600]     3.3125 MB /   0.50 sec =   55.5775 Mbps     0 retrans
[2024-11-02T16:03:07.791246-0600]    12.5000 MB /   0.50 sec =  209.7131 Mbps     0 retrans
[2024-11-02T16:03:08.291314-0600]     7.3125 MB /   0.50 sec =  122.6694 Mbps     0 retrans
[2024-11-02T16:03:08.791278-0600]    10.2500 MB /   0.50 sec =  171.9919 Mbps     0 retrans
[2024-11-02T16:03:09.291773-0600]    12.5000 MB /   0.50 sec =  209.7152 Mbps     0 retrans
[2024-11-02T16:03:09.791347-0600]    13.0625 MB /   0.50 sec =  219.1410 Mbps     0 retrans
[2024-11-02T16:03:10.291279-0600]    11.7500 MB /   0.50 sec =  197.1374 Mbps     0 retrans
[2024-11-02T16:03:10.791321-0600]    10.2500 MB /   0.50 sec =  171.9623 Mbps     0 retrans
[2024-11-02T16:03:11.291349-0600]     4.7500 MB /   0.50 sec =   79.6884 Mbps     0 retrans
[2024-11-02T16:03:11.791242-0600]     7.4375 MB /   0.50 sec =  124.7945 Mbps     0 retrans
[2024-11-02T16:03:12.291308-0600]     2.1875 MB /   0.50 sec =   36.6978 Mbps     0 retrans
[2024-11-02T16:03:12.792513-0600]     2.8125 MB /   0.50 sec =   47.0797 Mbps     0 retrans
[2024-11-02T16:03:13.291299-0600]     1.0625 MB /   0.50 sec =   17.8667 Mbps     0 retrans
[2024-11-02T16:03:13.791334-0600]     2.4375 MB /   0.50 sec =   40.8955 Mbps     0 retrans
[2024-11-02T16:03:14.291291-0600]     5.5625 MB /   0.50 sec =   93.3186 Mbps     0 retrans
[2024-11-02T16:03:14.792260-0600]     6.2500 MB /   0.50 sec =  104.7621 Mbps     0 retrans
[2024-11-02T16:03:15.292386-0600]     3.8125 MB /   0.50 sec =   63.9526 Mbps     0 retrans
[2024-11-02T16:03:15.791786-0600]     0.6875 MB /   0.50 sec =   11.5369 Mbps     0 retrans
[2024-11-02T16:03:16.291271-0600]     4.6250 MB /   0.50 sec =   77.6644 Mbps     0 retrans
[2024-11-02T16:03:16.791447-0600]     3.7500 MB /   0.50 sec =   62.9002 Mbps     0 retrans
[2024-11-02T16:03:17.291454-0600]     9.5000 MB /   0.50 sec =  159.3785 Mbps     0 retrans
[2024-11-02T16:03:17.791140-0600]    10.2500 MB /   0.50 sec =  172.0222 Mbps     0 retrans
[2024-11-02T16:03:18.291262-0600]    10.2500 MB /   0.50 sec =  171.9572 Mbps     0 retrans
[2024-11-02T16:03:18.791323-0600]     8.8750 MB /   0.50 sec =  148.8945 Mbps     0 retrans
[2024-11-02T16:03:19.291879-0600]     8.7500 MB /   0.50 sec =  146.7927 Mbps     0 retrans
[2024-11-02T16:03:19.791308-0600]     9.0625 MB /   0.50 sec =  152.0508 Mbps     0 retrans
[2024-11-02T16:03:20.291335-0600]     5.3750 MB /   0.50 sec =   90.1723 Mbps     0 retrans
[2024-11-02T16:03:20.791227-0600]     3.4375 MB /   0.50 sec =   57.6769 Mbps     0 retrans
[2024-11-02T16:03:21.291796-0600]     8.7500 MB /   0.50 sec =  146.6449 Mbps     0 retrans
[2024-11-02T16:03:21.791253-0600]     9.6875 MB /   0.50 sec =  162.7021 Mbps     0 retrans
[2024-11-02T16:03:22.291282-0600]     9.2500 MB /   0.50 sec =  155.1815 Mbps     0 retrans
[2024-11-02T16:03:22.791305-0600]     6.3750 MB /   0.50 sec =  106.9522 Mbps     0 retrans
[2024-11-02T16:03:23.291199-0600]     3.4375 MB /   0.50 sec =   57.6755 Mbps     0 retrans
[2024-11-02T16:03:23.791164-0600]     8.3750 MB /   0.50 sec =  140.5179 Mbps     0 retrans
[2024-11-02T16:03:24.291287-0600]     8.9375 MB /   0.50 sec =  149.9317 Mbps     0 retrans
[2024-11-02T16:03:24.792299-0600]     5.1250 MB /   0.50 sec =   85.8202 Mbps     0 retrans
[2024-11-02T16:03:25.292584-0600]     1.0625 MB /   0.50 sec =   17.8174 Mbps     0 retrans
[2024-11-02T16:03:25.791291-0600]     2.1875 MB /   0.50 sec =   36.7864 Mbps     0 retrans
[2024-11-02T16:03:26.292600-0600]     2.7500 MB /   0.50 sec =   46.0230 Mbps     0 retrans
[2024-11-02T16:03:26.791260-0600]     1.3125 MB /   0.50 sec =   22.0757 Mbps     0 retrans
[2024-11-02T16:03:27.291886-0600]     2.0000 MB /   0.50 sec =   33.5188 Mbps     0 retrans
[2024-11-02T16:03:27.791244-0600]     2.8125 MB /   0.50 sec =   47.2382 Mbps     0 retrans
[2024-11-02T16:03:28.292533-0600]     0.8125 MB /   0.50 sec =   13.5980 Mbps     0 retrans
[2024-11-02T16:03:28.791330-0600]     1.7500 MB /   0.50 sec =   29.4288 Mbps     0 retrans
[2024-11-02T16:03:29.291342-0600]     2.0000 MB /   0.50 sec =   33.5540 Mbps     0 retrans
[2024-11-02T16:03:29.792324-0600]     0.0000 MB /   0.50 sec =    0.0000 Mbps     0 retrans
[2024-11-02T16:03:30.291224-0600]     2.6250 MB /   0.50 sec =   44.0861 Mbps     0 retrans
[2024-11-02T16:03:30.791216-0600]     1.5000 MB /   0.50 sec =   25.1664 Mbps     0 retrans
[2024-11-02T16:03:31.291328-0600]     0.3125 MB /   0.50 sec =    5.2422 Mbps     0 retrans
[2024-11-02T16:03:31.791362-0600]     1.8125 MB /   0.50 sec =   30.4079 Mbps     0 retrans
[2024-11-02T16:03:32.291688-0600]     1.8750 MB /   0.50 sec =   31.4341 Mbps     0 retrans
[2024-11-02T16:03:32.791390-0600]     0.8125 MB /   0.50 sec =   13.6409 Mbps     0 retrans
[2024-11-02T16:03:33.291722-0600]     1.9375 MB /   0.50 sec =   32.4821 Mbps     0 retrans
[2024-11-02T16:03:33.791286-0600]     1.8750 MB /   0.50 sec =   31.4856 Mbps     0 retrans
[2024-11-02T16:03:34.291799-0600]     2.0000 MB /   0.50 sec =   33.5229 Mbps     0 retrans
[2024-11-02T16:03:34.791207-0600]     1.7500 MB /   0.50 sec =   29.3890 Mbps     0 retrans
[2024-11-02T16:03:35.291278-0600]     2.2500 MB /   0.50 sec =   37.7480 Mbps     0 retrans
[2024-11-02T16:03:35.791213-0600]     2.1875 MB /   0.50 sec =   36.7010 Mbps     0 retrans
[2024-11-02T16:03:36.291299-0600]     3.6875 MB /   0.50 sec =   61.8638 Mbps     0 retrans
[2024-11-02T16:03:36.791304-0600]     2.7500 MB /   0.50 sec =   46.1349 Mbps     0 retrans
[2024-11-02T16:03:37.291255-0600]     4.7500 MB /   0.50 sec =   79.6972 Mbps     0 retrans
[2024-11-02T16:03:37.791263-0600]     4.0625 MB /   0.50 sec =   68.1578 Mbps     0 retrans
[2024-11-02T16:03:38.291264-0600]     4.0000 MB /   0.50 sec =   67.1074 Mbps     0 retrans
[2024-11-02T16:03:38.791171-0600]     6.3750 MB /   0.50 sec =  106.9620 Mbps     0 retrans
[2024-11-02T16:03:39.291536-0600]     5.5625 MB /   0.50 sec =   93.2595 Mbps     0 retrans
[2024-11-02T16:03:39.791249-0600]     8.7500 MB /   0.50 sec =  146.8938 Mbps     0 retrans
[2024-11-02T16:03:40.291326-0600]     8.1875 MB /   0.50 sec =  137.3544 Mbps     0 retrans
[2024-11-02T16:03:40.791315-0600]     5.3750 MB /   0.50 sec =   90.1837 Mbps     0 retrans
[2024-11-02T16:03:41.293200-0600]     5.1250 MB /   0.50 sec =   85.7565 Mbps     0 retrans
[2024-11-02T16:03:41.791249-0600]     7.2500 MB /   0.50 sec =  121.9585 Mbps     0 retrans
[2024-11-02T16:03:42.291273-0600]     4.2500 MB /   0.50 sec =   71.3000 Mbps     0 retrans
[2024-11-02T16:03:42.791221-0600]     6.9375 MB /   0.50 sec =  116.3980 Mbps     0 retrans
[2024-11-02T16:03:43.291389-0600]     2.3125 MB /   0.50 sec =   38.7890 Mbps     0 retrans
[2024-11-02T16:03:43.791299-0600]     8.6250 MB /   0.50 sec =  144.7246 Mbps     0 retrans
[2024-11-02T16:03:44.291301-0600]     5.7500 MB /   0.50 sec =   96.4671 Mbps     0 retrans
[2024-11-02T16:03:44.791243-0600]     6.5000 MB /   0.50 sec =  109.0587 Mbps     0 retrans
End time: 1730585025055
