Start time: 1731082081161
[2024-11-08T11:08:01.978695-0500] nuttcp-t: v8.1.4: socket
[2024-11-08T11:08:01.979300-0500] nuttcp-t: buflen=65536, nstream=1, port=5101 tcp -> 54.197.223.49
[2024-11-08T11:08:01.979347-0500] nuttcp-t: time limit = 120.00 seconds
[2024-11-08T11:08:01.979377-0500] nuttcp-t: connect to 54.197.223.49 with mss=1376, RTT=29.904 ms af=inet
[2024-11-08T11:08:01.979404-0500] nuttcp-t: send window size = 2097152, receive window size = 6291456
[2024-11-08T11:08:01.979431-0500] nuttcp-t: available send window = 1572864, available receive window = 4718592
[2024-11-08T11:08:01.979456-0500] nuttcp-t: initial congestion window = 13 KB (10 packets)
[2024-11-08T11:08:01.979482-0500] nuttcp-r: v8.1.4: socket
[2024-11-08T11:08:01.979509-0500] nuttcp-r: buflen=65536, nstream=1, port=5101 tcp
[2024-11-08T11:08:01.979534-0500] nuttcp-r: interval reporting every 0.50 seconds
[2024-11-08T11:08:01.979566-0500] nuttcp-r: accept from 174.234.234.200 with af=inet
[2024-11-08T11:08:01.979593-0500] nuttcp-r: send window size = 450000000, receive window size = 450000000
[2024-11-08T11:08:01.979618-0500] nuttcp-r: available send window = 225000000, available receive window = 225000000
[2024-11-08T11:08:01.979645-0500]     1.0625 MB /   0.50 sec =   17.8239 Mbps     0 retrans   1217 KB-cwnd
[2024-11-08T11:08:02.649010-0500]     1.5000 MB /   0.50 sec =   25.1635 Mbps     0 retrans   1677 KB-cwnd
[2024-11-08T11:08:03.456712-0500]     1.5000 MB /   0.50 sec =   25.1695 Mbps     0 retrans   1677 KB-cwnd
[2024-11-08T11:08:03.457079-0500]     1.6250 MB /   0.50 sec =   27.2631 Mbps     0 retrans   1677 KB-cwnd
[2024-11-08T11:08:04.082577-0500]     2.0625 MB /   0.50 sec =   34.6030 Mbps     0 retrans   1826 KB-cwnd
[2024-11-08T11:08:04.600684-0500]     2.4375 MB /   0.50 sec =   40.8943 Mbps     0 retrans   1906 KB-cwnd
[2024-11-08T11:08:05.048276-0500]     3.1250 MB /   0.50 sec =   52.4235 Mbps     0 retrans   2168 KB-cwnd
[2024-11-08T11:08:05.482580-0500]     2.8750 MB /   0.50 sec =   48.2389 Mbps     0 retrans   2168 KB-cwnd
[2024-11-08T11:08:05.942259-0500]     3.0625 MB /   0.50 sec =   51.3800 Mbps     0 retrans   2332 KB-cwnd
[2024-11-08T11:08:06.722959-0500]     3.4375 MB /   0.50 sec =   57.6729 Mbps     0 retrans   2332 KB-cwnd
[2024-11-08T11:08:07.076611-0500]     3.6250 MB /   0.50 sec =   60.8190 Mbps     0 retrans   2332 KB-cwnd
[2024-11-08T11:08:07.455164-0500]     3.7500 MB /   0.50 sec =   62.9125 Mbps     0 retrans   2332 KB-cwnd
[2024-11-08T11:08:08.246743-0500]     3.3125 MB /   0.50 sec =   55.5756 Mbps     0 retrans   2647 KB-cwnd
[2024-11-08T11:08:08.676649-0500]     3.1250 MB /   0.50 sec =   52.4165 Mbps     0 retrans   2647 KB-cwnd
[2024-11-08T11:08:09.015973-0500]     3.8750 MB /   0.50 sec =   65.0259 Mbps     0 retrans   2647 KB-cwnd
[2024-11-08T11:08:09.730006-0500]     3.9375 MB /   0.50 sec =   66.0501 Mbps     0 retrans   2647 KB-cwnd
[2024-11-08T11:08:10.101102-0500]     3.6250 MB /   0.50 sec =   60.8270 Mbps     0 retrans   2647 KB-cwnd
[2024-11-08T11:08:10.432951-0500]     3.6875 MB /   0.50 sec =   61.8673 Mbps     0 retrans   2647 KB-cwnd
[2024-11-08T11:08:11.106405-0500]     4.0000 MB /   0.50 sec =   66.6817 Mbps     0 retrans   2647 KB-cwnd
[2024-11-08T11:08:11.820633-0500]     4.1250 MB /   0.50 sec =   69.6529 Mbps     0 retrans   2647 KB-cwnd
[2024-11-08T11:08:12.242941-0500]     3.1250 MB /   0.50 sec =   52.4267 Mbps     0 retrans   2647 KB-cwnd
[2024-11-08T11:08:12.693015-0500]     3.3125 MB /   0.50 sec =   55.5755 Mbps     0 retrans   2647 KB-cwnd
[2024-11-08T11:08:13.064615-0500]     3.3125 MB /   0.50 sec =   55.5732 Mbps     0 retrans   2647 KB-cwnd
[2024-11-08T11:08:13.768914-0500]     3.8125 MB /   0.50 sec =   63.9647 Mbps     0 retrans   2647 KB-cwnd
[2024-11-08T11:08:14.182690-0500]     3.8125 MB /   0.50 sec =   63.9629 Mbps     0 retrans   2647 KB-cwnd
[2024-11-08T11:08:14.658663-0500]     2.8750 MB /   0.50 sec =   48.2336 Mbps     0 retrans   2647 KB-cwnd
[2024-11-08T11:08:14.988693-0500]     3.4375 MB /   0.50 sec =   57.6713 Mbps     0 retrans   2647 KB-cwnd
[2024-11-08T11:08:15.681902-0500]     4.0000 MB /   0.50 sec =   67.1122 Mbps     0 retrans   2647 KB-cwnd
[2024-11-08T11:08:16.108232-0500]     3.4375 MB /   0.50 sec =   57.6693 Mbps     0 retrans   2647 KB-cwnd
[2024-11-08T11:08:16.572016-0500]     3.0000 MB /   0.50 sec =   50.3331 Mbps     0 retrans   2680 KB-cwnd
[2024-11-08T11:08:17.216820-0500]     3.6875 MB /   0.50 sec =   61.8553 Mbps     0 retrans   2680 KB-cwnd
[2024-11-08T11:08:17.549616-0500]     4.2500 MB /   0.50 sec =   71.3126 Mbps     0 retrans   2680 KB-cwnd
[2024-11-08T11:08:18.238926-0500]     4.1250 MB /   0.50 sec =   69.2091 Mbps     0 retrans   2680 KB-cwnd
[2024-11-08T11:08:18.588411-0500]     4.1875 MB /   0.50 sec =   70.2528 Mbps     0 retrans   2680 KB-cwnd
[2024-11-08T11:08:19.153016-0500]     2.6875 MB /   0.50 sec =   45.0881 Mbps     0 retrans   2680 KB-cwnd
[2024-11-08T11:08:19.779739-0500]     1.9375 MB /   0.50 sec =   32.5061 Mbps     0 retrans   2680 KB-cwnd
[2024-11-08T11:08:20.257149-0500]     2.3125 MB /   0.50 sec =   38.7956 Mbps     0 retrans   2680 KB-cwnd
[2024-11-08T11:08:20.604180-0500]     3.5625 MB /   0.50 sec =   59.7170 Mbps     0 retrans   2680 KB-cwnd
[2024-11-08T11:08:20.942575-0500]     3.9375 MB /   0.50 sec =   66.1215 Mbps     0 retrans   3356 KB-cwnd
[2024-11-08T11:08:21.811888-0500]     3.5000 MB /   0.50 sec =   58.7185 Mbps     0 retrans   3356 KB-cwnd
[2024-11-08T11:08:22.528404-0500]     2.5000 MB /   0.50 sec =   41.9451 Mbps     0 retrans   3356 KB-cwnd
[2024-11-08T11:08:22.528909-0500]     1.8125 MB /   0.50 sec =   30.4079 Mbps     0 retrans   3356 KB-cwnd
[2024-11-08T11:08:23.640292-0500]     1.3750 MB /   0.50 sec =   23.0689 Mbps     0 retrans   3356 KB-cwnd
[2024-11-08T11:08:23.640727-0500]     1.1250 MB /   0.50 sec =   18.8736 Mbps     0 retrans   3356 KB-cwnd
[2024-11-08T11:08:25.049953-0500]     1.0625 MB /   0.50 sec =   17.8240 Mbps     0 retrans   3356 KB-cwnd
[2024-11-08T11:08:25.050240-0500]     1.0625 MB /   0.50 sec =   17.8279 Mbps     0 retrans   3356 KB-cwnd
[2024-11-08T11:08:25.050336-0500]     0.8750 MB /   0.50 sec =   14.6805 Mbps     0 retrans   3356 KB-cwnd
[2024-11-08T11:08:27.663332-0500]     0.7500 MB /   0.50 sec =   12.5822 Mbps     0 retrans   3356 KB-cwnd
[2024-11-08T11:08:27.663717-0500]     0.5625 MB /   0.50 sec =    9.4372 Mbps     0 retrans   3356 KB-cwnd
[2024-11-08T11:08:27.664174-0500]     0.4375 MB /   0.50 sec =    7.3402 Mbps     0 retrans   3356 KB-cwnd
[2024-11-08T11:08:27.664285-0500]     0.5000 MB /   0.50 sec =    8.3886 Mbps     0 retrans   3356 KB-cwnd
[2024-11-08T11:08:27.664397-0500]     0.3750 MB /   0.50 sec =    6.2915 Mbps     0 retrans   3356 KB-cwnd
[2024-11-08T11:08:35.000468-0500]     0.5000 MB /   0.50 sec =    8.3880 Mbps   464 retrans    290 KB-cwnd
[2024-11-08T11:08:35.000814-0500]     0.3125 MB /   0.50 sec =    5.2428 Mbps     0 retrans    290 KB-cwnd
[2024-11-08T11:08:35.000970-0500]     0.2500 MB /   0.50 sec =    4.1947 Mbps     0 retrans    290 KB-cwnd
[2024-11-08T11:08:35.001089-0500]     0.2500 MB /   0.50 sec =    4.1943 Mbps     0 retrans    290 KB-cwnd
[2024-11-08T11:08:35.001194-0500]     0.3750 MB /   0.50 sec =    6.2915 Mbps     0 retrans    290 KB-cwnd
[2024-11-08T11:08:35.001295-0500]     0.3750 MB /   0.50 sec =    6.2914 Mbps     0 retrans    290 KB-cwnd
[2024-11-08T11:08:35.001395-0500]     0.1875 MB /   0.50 sec =    3.1457 Mbps     0 retrans    290 KB-cwnd
[2024-11-08T11:08:35.001494-0500]     0.1250 MB /   0.50 sec =    2.0972 Mbps     0 retrans    290 KB-cwnd
[2024-11-08T11:08:35.001592-0500]     0.0000 MB /   0.50 sec =    0.0000 Mbps     0 retrans    290 KB-cwnd
[2024-11-08T11:08:35.001689-0500]     0.0000 MB /   0.50 sec =    0.0000 Mbps     0 retrans    290 KB-cwnd
[2024-11-08T11:08:35.001785-0500]     0.0000 MB /   0.50 sec =    0.0000 Mbps     0 retrans    290 KB-cwnd
[2024-11-08T11:08:35.001915-0500]     0.0000 MB /   0.50 sec =    0.0000 Mbps     0 retrans    290 KB-cwnd
[2024-11-08T11:08:35.002013-0500]     0.0000 MB /   0.50 sec =    0.0000 Mbps     0 retrans    290 KB-cwnd
[2024-11-08T11:08:35.002112-0500]     0.3125 MB /   0.50 sec =    5.2407 Mbps     0 retrans    290 KB-cwnd
[2024-11-08T11:08:35.002246-0500]     0.2500 MB /   0.50 sec =    4.1961 Mbps     0 retrans    290 KB-cwnd
[2024-11-08T11:08:41.116054-0500]     0.1875 MB /   0.50 sec =    3.1456 Mbps     0 retrans   2158 KB-cwnd
[2024-11-08T11:08:41.116546-0500]     0.2500 MB /   0.50 sec =    4.1941 Mbps     0 retrans   2158 KB-cwnd
[2024-11-08T11:08:41.116690-0500]     0.1875 MB /   0.50 sec =    3.1457 Mbps     0 retrans   2158 KB-cwnd
[2024-11-08T11:08:41.116805-0500]     0.2500 MB /   0.50 sec =    4.1945 Mbps     0 retrans   2158 KB-cwnd
[2024-11-08T11:08:41.116914-0500]     0.1875 MB /   0.50 sec =    3.1458 Mbps     0 retrans   2158 KB-cwnd
[2024-11-08T11:08:41.117017-0500]     0.2500 MB /   0.50 sec =    4.1943 Mbps     0 retrans   2158 KB-cwnd
[2024-11-08T11:08:41.117117-0500]     0.2500 MB /   0.50 sec =    4.1942 Mbps     0 retrans   2158 KB-cwnd
[2024-11-08T11:08:41.117214-0500]     0.0625 MB /   0.50 sec =    1.0486 Mbps     0 retrans   2158 KB-cwnd
[2024-11-08T11:08:41.117316-0500]     0.2500 MB /   0.50 sec =    4.1944 Mbps     0 retrans   2158 KB-cwnd
[2024-11-08T11:08:41.117417-0500]     0.2500 MB /   0.50 sec =    4.1943 Mbps     0 retrans   2158 KB-cwnd
[2024-11-08T11:08:41.117520-0500]     0.1875 MB /   0.50 sec =    3.1454 Mbps     0 retrans   2158 KB-cwnd
[2024-11-08T11:08:41.117618-0500]     0.1875 MB /   0.50 sec =    3.1460 Mbps     0 retrans   2158 KB-cwnd
[2024-11-08T11:08:57.704753-0500]     0.3125 MB /   0.50 sec =    5.2279 Mbps   474 retrans    202 KB-cwnd
[2024-11-08T11:08:57.705239-0500]     0.2500 MB /   0.50 sec =    4.2063 Mbps     0 retrans    202 KB-cwnd
[2024-11-08T11:08:57.705406-0500]     0.2500 MB /   0.50 sec =    4.1938 Mbps     0 retrans    202 KB-cwnd
[2024-11-08T11:08:57.705523-0500]     0.2500 MB /   0.50 sec =    4.1944 Mbps     0 retrans    202 KB-cwnd
[2024-11-08T11:08:57.705633-0500]     0.1875 MB /   0.50 sec =    3.1461 Mbps     0 retrans    202 KB-cwnd
[2024-11-08T11:08:57.705738-0500]     0.1250 MB /   0.50 sec =    2.0972 Mbps     0 retrans    202 KB-cwnd
[2024-11-08T11:08:57.705840-0500]     0.1875 MB /   0.50 sec =    3.1457 Mbps     0 retrans    202 KB-cwnd
[2024-11-08T11:08:57.705939-0500]     0.0625 MB /   0.50 sec =    1.0483 Mbps     0 retrans    202 KB-cwnd
[2024-11-08T11:08:57.706039-0500]     0.0000 MB /   0.50 sec =    0.0000 Mbps     0 retrans    202 KB-cwnd
[2024-11-08T11:08:57.706140-0500]     0.0000 MB /   0.50 sec =    0.0000 Mbps     0 retrans    202 KB-cwnd
[2024-11-08T11:08:57.706238-0500]     0.0000 MB /   0.50 sec =    0.0000 Mbps     0 retrans    202 KB-cwnd
[2024-11-08T11:08:57.706338-0500]     0.0000 MB /   0.50 sec =    0.0000 Mbps     0 retrans    202 KB-cwnd
[2024-11-08T11:08:57.706436-0500]     0.0000 MB /   0.50 sec =    0.0000 Mbps     0 retrans    202 KB-cwnd
[2024-11-08T11:08:57.706536-0500]     0.0000 MB /   0.50 sec =    0.0000 Mbps     0 retrans    202 KB-cwnd
[2024-11-08T11:08:57.706634-0500]     0.0000 MB /   0.50 sec =    0.0000 Mbps     0 retrans    202 KB-cwnd
[2024-11-08T11:08:57.706736-0500]     0.0000 MB /   0.50 sec =    0.0000 Mbps     0 retrans    202 KB-cwnd
[2024-11-08T11:08:57.706994-0500]     0.0000 MB /   0.50 sec =    0.0000 Mbps     0 retrans    202 KB-cwnd
[2024-11-08T11:08:57.707118-0500]     0.0000 MB /   0.50 sec =    0.0000 Mbps     0 retrans    202 KB-cwnd
[2024-11-08T11:08:57.707224-0500]     0.0000 MB /   0.50 sec =    0.0000 Mbps     0 retrans    202 KB-cwnd
[2024-11-08T11:08:57.707329-0500]     0.0000 MB /   0.50 sec =    0.0000 Mbps     0 retrans    202 KB-cwnd
[2024-11-08T11:08:57.707427-0500]     0.3125 MB /   0.50 sec =    5.2428 Mbps     0 retrans    202 KB-cwnd
[2024-11-08T11:08:57.707528-0500]     0.1250 MB /   0.50 sec =    2.0971 Mbps     0 retrans    202 KB-cwnd
[2024-11-08T11:08:57.707630-0500]     0.0625 MB /   0.50 sec =    1.0486 Mbps     0 retrans    202 KB-cwnd
[2024-11-08T11:08:57.707733-0500]     0.0000 MB /   0.50 sec =    0.0000 Mbps     0 retrans    202 KB-cwnd
[2024-11-08T11:08:57.707833-0500]     0.0625 MB /   0.50 sec =    1.0484 Mbps     0 retrans    202 KB-cwnd
[2024-11-08T11:08:57.707979-0500]     0.0625 MB /   0.50 sec =    1.0487 Mbps     0 retrans    202 KB-cwnd
[2024-11-08T11:08:57.708085-0500]     0.0000 MB /   0.50 sec =    0.0000 Mbps     0 retrans    202 KB-cwnd
[2024-11-08T11:08:57.708190-0500]     0.0625 MB /   0.50 sec =    1.0486 Mbps     0 retrans    202 KB-cwnd
[2024-11-08T11:08:57.708293-0500]     0.0625 MB /   0.50 sec =    1.0483 Mbps     0 retrans    202 KB-cwnd
[2024-11-08T11:08:57.708393-0500]     0.1250 MB /   0.50 sec =    2.0970 Mbps     0 retrans    202 KB-cwnd
[2024-11-08T11:08:57.708494-0500]     0.0625 MB /   0.50 sec =    1.0490 Mbps     0 retrans    202 KB-cwnd
[2024-11-08T11:08:57.708592-0500]     0.0625 MB /   0.50 sec =    1.0486 Mbps     0 retrans    202 KB-cwnd
[2024-11-08T11:08:57.708691-0500]     0.1250 MB /   0.50 sec =    2.0971 Mbps     0 retrans    202 KB-cwnd
[2024-11-08T11:09:12.485762-0500]     0.0625 MB /   0.50 sec =    1.0486 Mbps   219 retrans    190 KB-cwnd
[2024-11-08T11:09:12.486232-0500]     0.1250 MB /   0.50 sec =    2.0972 Mbps     0 retrans    190 KB-cwnd
[2024-11-08T11:09:12.486395-0500]     0.0625 MB /   0.50 sec =    1.0486 Mbps     0 retrans    190 KB-cwnd
[2024-11-08T11:09:12.486515-0500]     0.0625 MB /   0.50 sec =    1.0486 Mbps     0 retrans    190 KB-cwnd
[2024-11-08T11:09:12.486623-0500]     0.0625 MB /   0.50 sec =    1.0485 Mbps     0 retrans    190 KB-cwnd
[2024-11-08T11:09:12.486728-0500]     0.0000 MB /   0.50 sec =    0.0000 Mbps     0 retrans    190 KB-cwnd
[2024-11-08T11:09:12.486917-0500]     0.0000 MB /   0.50 sec =    0.0000 Mbps     0 retrans    190 KB-cwnd
[2024-11-08T11:09:12.487036-0500]     0.0000 MB /   0.50 sec =    0.0000 Mbps     0 retrans    190 KB-cwnd
[2024-11-08T11:09:12.487142-0500]     0.0000 MB /   0.50 sec =    0.0000 Mbps     0 retrans    190 KB-cwnd
[2024-11-08T11:09:12.487245-0500]     0.0000 MB /   0.50 sec =    0.0000 Mbps     0 retrans    190 KB-cwnd
[2024-11-08T11:09:12.487346-0500]     0.0000 MB /   0.50 sec =    0.0000 Mbps     0 retrans    190 KB-cwnd
[2024-11-08T11:09:12.487447-0500]     0.0000 MB /   0.50 sec =    0.0000 Mbps     0 retrans    190 KB-cwnd
[2024-11-08T11:09:12.487554-0500]     0.0000 MB /   0.50 sec =    0.0000 Mbps     0 retrans    190 KB-cwnd
[2024-11-08T11:09:12.487658-0500]     0.0000 MB /   0.50 sec =    0.0000 Mbps     0 retrans    190 KB-cwnd
[2024-11-08T11:09:12.487761-0500]     0.0000 MB /   0.50 sec =    0.0000 Mbps     0 retrans    190 KB-cwnd
[2024-11-08T11:09:12.487864-0500]     0.2500 MB /   0.50 sec =    4.1943 Mbps     0 retrans    190 KB-cwnd
[2024-11-08T11:09:12.487965-0500]     0.1875 MB /   0.50 sec =    3.1457 Mbps     0 retrans    190 KB-cwnd
[2024-11-08T11:09:12.488066-0500]     0.1250 MB /   0.50 sec =    2.0971 Mbps     0 retrans    190 KB-cwnd
[2024-11-08T11:09:12.488167-0500]     0.1250 MB /   0.50 sec =    2.0972 Mbps     0 retrans    190 KB-cwnd
[2024-11-08T11:09:12.488269-0500]     0.1875 MB /   0.50 sec =    3.1456 Mbps     0 retrans    190 KB-cwnd
[2024-11-08T11:09:12.488372-0500]     0.1250 MB /   0.50 sec =    2.0972 Mbps     0 retrans    190 KB-cwnd
[2024-11-08T11:09:12.488475-0500]     0.1875 MB /   0.50 sec =    3.1458 Mbps     0 retrans    190 KB-cwnd
[2024-11-08T11:09:12.488577-0500]     0.1250 MB /   0.50 sec =    2.0971 Mbps     0 retrans    190 KB-cwnd
[2024-11-08T11:09:12.488682-0500]     0.1875 MB /   0.50 sec =    3.1458 Mbps     0 retrans    190 KB-cwnd
[2024-11-08T11:09:12.488783-0500]     0.1875 MB /   0.50 sec =    3.1457 Mbps     0 retrans    190 KB-cwnd
[2024-11-08T11:09:12.488887-0500]     0.1875 MB /   0.50 sec =    3.1458 Mbps     0 retrans    190 KB-cwnd
[2024-11-08T11:09:12.488988-0500]     0.1250 MB /   0.50 sec =    2.0972 Mbps     0 retrans    190 KB-cwnd
[2024-11-08T11:09:12.489090-0500]     0.1250 MB /   0.50 sec =    2.0972 Mbps     0 retrans    190 KB-cwnd
[2024-11-08T11:09:12.489191-0500]     0.1250 MB /   0.50 sec =    2.0971 Mbps     0 retrans    190 KB-cwnd
[2024-11-08T11:09:12.489293-0500]     0.0625 MB /   0.50 sec =    1.0486 Mbps     0 retrans    190 KB-cwnd
[2024-11-08T11:09:26.322935-0500]     0.0625 MB /   0.50 sec =    1.0486 Mbps   150 retrans    142 KB-cwnd
[2024-11-08T11:09:26.323406-0500]     0.0625 MB /   0.50 sec =    1.0473 Mbps     0 retrans    142 KB-cwnd
[2024-11-08T11:09:26.323544-0500]     0.0000 MB /   0.50 sec =    0.0000 Mbps     0 retrans    142 KB-cwnd
[2024-11-08T11:09:26.323660-0500]     0.0000 MB /   0.50 sec =    0.0000 Mbps     0 retrans    142 KB-cwnd
[2024-11-08T11:09:26.323771-0500]     0.2500 MB /   0.50 sec =    4.1944 Mbps     0 retrans    142 KB-cwnd
[2024-11-08T11:09:26.323876-0500]     0.1250 MB /   0.50 sec =    2.0970 Mbps     0 retrans    142 KB-cwnd
[2024-11-08T11:09:26.323977-0500]     0.0625 MB /   0.50 sec =    1.0486 Mbps     0 retrans    142 KB-cwnd
[2024-11-08T11:09:26.324079-0500]     0.0625 MB /   0.50 sec =    1.0486 Mbps     0 retrans    142 KB-cwnd
[2024-11-08T11:09:26.324180-0500]     0.0625 MB /   0.50 sec =    1.0486 Mbps     0 retrans    142 KB-cwnd
[2024-11-08T11:09:26.324282-0500]     0.0625 MB /   0.50 sec =    1.0486 Mbps     0 retrans    142 KB-cwnd
[2024-11-08T11:09:26.324385-0500]     0.0000 MB /   0.50 sec =    0.0000 Mbps     0 retrans    142 KB-cwnd
[2024-11-08T11:09:26.324490-0500]     0.0000 MB /   0.50 sec =    0.0000 Mbps     0 retrans    142 KB-cwnd
[2024-11-08T11:09:26.324590-0500]     0.0000 MB /   0.50 sec =    0.0000 Mbps     0 retrans    142 KB-cwnd
[2024-11-08T11:09:26.324691-0500]     0.0000 MB /   0.50 sec =    0.0000 Mbps     0 retrans    142 KB-cwnd
[2024-11-08T11:09:26.324794-0500]     0.0000 MB /   0.50 sec =    0.0000 Mbps     0 retrans    142 KB-cwnd
[2024-11-08T11:09:26.324893-0500]     0.0000 MB /   0.50 sec =    0.0000 Mbps     0 retrans    142 KB-cwnd
[2024-11-08T11:09:26.324992-0500]     0.0625 MB /   0.50 sec =    1.0500 Mbps     0 retrans    142 KB-cwnd
[2024-11-08T11:09:26.325092-0500]     0.1250 MB /   0.50 sec =    2.0972 Mbps     0 retrans    142 KB-cwnd
[2024-11-08T11:09:26.325191-0500]     0.1250 MB /   0.50 sec =    2.0971 Mbps     0 retrans    142 KB-cwnd
[2024-11-08T11:09:26.325292-0500]     0.1250 MB /   0.50 sec =    2.0970 Mbps     0 retrans    142 KB-cwnd
[2024-11-08T11:09:26.325391-0500]     0.1250 MB /   0.50 sec =    2.0972 Mbps     0 retrans    142 KB-cwnd
[2024-11-08T11:09:26.325492-0500]     0.1250 MB /   0.50 sec =    2.0972 Mbps     0 retrans    142 KB-cwnd
[2024-11-08T11:09:26.325593-0500]     0.1875 MB /   0.50 sec =    3.1458 Mbps     0 retrans    142 KB-cwnd
[2024-11-08T11:09:26.325692-0500]     0.1875 MB /   0.50 sec =    3.1453 Mbps     0 retrans    142 KB-cwnd
[2024-11-08T11:09:26.325792-0500]     0.1250 MB /   0.50 sec =    2.0975 Mbps     0 retrans    142 KB-cwnd
[2024-11-08T11:09:26.325890-0500]     0.1875 MB /   0.50 sec =    3.1456 Mbps     0 retrans    142 KB-cwnd
[2024-11-08T11:09:26.325989-0500]     0.2500 MB /   0.50 sec =    4.1943 Mbps     0 retrans    142 KB-cwnd
[2024-11-08T11:09:34.169353-0500]     0.3750 MB /   0.50 sec =    6.2916 Mbps     2 retrans    271 KB-cwnd
[2024-11-08T11:09:34.169741-0500]     0.2500 MB /   0.50 sec =    4.1943 Mbps     0 retrans    271 KB-cwnd
[2024-11-08T11:09:34.169873-0500]     0.0625 MB /   0.50 sec =    1.0486 Mbps     0 retrans    271 KB-cwnd
[2024-11-08T11:09:34.169993-0500]     0.1250 MB /   0.50 sec =    2.0972 Mbps     0 retrans    271 KB-cwnd
[2024-11-08T11:09:34.170136-0500]     0.0000 MB /   0.50 sec =    0.0000 Mbps     0 retrans    271 KB-cwnd
[2024-11-08T11:09:34.170288-0500]     0.1875 MB /   0.50 sec =    3.1457 Mbps     0 retrans    271 KB-cwnd
[2024-11-08T11:09:34.170386-0500]     0.1250 MB /   0.50 sec =    2.0971 Mbps     0 retrans    271 KB-cwnd
[2024-11-08T11:09:34.170481-0500]     0.1875 MB /   0.50 sec =    3.1457 Mbps     0 retrans    271 KB-cwnd
[2024-11-08T11:09:34.170578-0500]     0.2500 MB /   0.50 sec =    4.1945 Mbps     0 retrans    271 KB-cwnd
[2024-11-08T11:09:34.170674-0500]     0.1875 MB /   0.50 sec =    3.1458 Mbps     0 retrans    271 KB-cwnd
[2024-11-08T11:09:34.170773-0500]     0.1875 MB /   0.50 sec =    3.1458 Mbps     0 retrans    271 KB-cwnd
[2024-11-08T11:09:34.170934-0500]     0.1875 MB /   0.50 sec =    3.1457 Mbps     0 retrans    271 KB-cwnd
[2024-11-08T11:09:34.171276-0500]     0.1875 MB /   0.50 sec =    3.1457 Mbps     0 retrans    271 KB-cwnd
[2024-11-08T11:09:34.171378-0500]     0.2500 MB /   0.50 sec =    4.1944 Mbps     0 retrans    271 KB-cwnd
[2024-11-08T11:09:34.171478-0500]     0.1250 MB /   0.50 sec =    2.0971 Mbps     0 retrans    271 KB-cwnd
[2024-11-08T11:09:34.171577-0500]     0.1875 MB /   0.50 sec =    3.1457 Mbps     0 retrans    271 KB-cwnd
[2024-11-08T11:09:41.483700-0500]     0.1875 MB /   0.50 sec =    3.1457 Mbps     8 retrans    458 KB-cwnd
[2024-11-08T11:09:41.484094-0500]     0.1250 MB /   0.50 sec =    2.0972 Mbps     0 retrans    458 KB-cwnd
[2024-11-08T11:09:41.484223-0500]     0.1250 MB /   0.50 sec =    2.0968 Mbps     0 retrans    458 KB-cwnd
[2024-11-08T11:09:41.484360-0500]     0.1875 MB /   0.50 sec =    3.1462 Mbps     0 retrans    458 KB-cwnd
[2024-11-08T11:09:41.484467-0500]     0.1875 MB /   0.50 sec =    3.1456 Mbps     0 retrans    458 KB-cwnd
[2024-11-08T11:09:41.484630-0500]     0.1875 MB /   0.50 sec =    3.1447 Mbps     0 retrans    458 KB-cwnd
[2024-11-08T11:09:41.484744-0500]     0.1875 MB /   0.50 sec =    3.1468 Mbps     0 retrans    458 KB-cwnd
[2024-11-08T11:09:41.484925-0500]     0.1875 MB /   0.50 sec =    3.1458 Mbps     0 retrans    458 KB-cwnd
[2024-11-08T11:09:41.485026-0500]     0.1875 MB /   0.50 sec =    3.1456 Mbps     0 retrans    458 KB-cwnd
[2024-11-08T11:09:41.485126-0500]     0.1875 MB /   0.50 sec =    3.1459 Mbps     0 retrans    458 KB-cwnd
[2024-11-08T11:09:41.485225-0500]     0.2500 MB /   0.50 sec =    4.1943 Mbps     0 retrans    458 KB-cwnd
[2024-11-08T11:09:41.485328-0500]     0.1250 MB /   0.50 sec =    2.0972 Mbps     0 retrans    458 KB-cwnd
[2024-11-08T11:09:41.485429-0500]     0.1250 MB /   0.50 sec =    2.0972 Mbps     0 retrans    458 KB-cwnd
[2024-11-08T11:09:41.485531-0500]     0.1875 MB /   0.50 sec =    3.1456 Mbps     0 retrans    458 KB-cwnd
[2024-11-08T11:09:41.485661-0500]     0.0000 MB /   0.50 sec =    0.0000 Mbps     0 retrans    458 KB-cwnd
[2024-11-08T11:09:42.830111-0500]     0.8125 MB /   0.50 sec =   13.6291 Mbps     0 retrans    564 KB-cwnd
[2024-11-08T11:09:42.830595-0500]     1.0000 MB /   0.50 sec =   16.7782 Mbps     0 retrans    564 KB-cwnd
[2024-11-08T11:09:43.950385-0500]     1.3125 MB /   0.50 sec =   22.0217 Mbps     0 retrans    571 KB-cwnd
[2024-11-08T11:09:43.950954-0500]     1.1250 MB /   0.50 sec =   18.8748 Mbps     0 retrans    571 KB-cwnd
[2024-11-08T11:09:43.951127-0500]     1.2500 MB /   0.50 sec =   20.9717 Mbps     0 retrans    571 KB-cwnd
[2024-11-08T11:09:44.920220-0500]     1.5000 MB /   0.50 sec =   25.1633 Mbps     0 retrans    580 KB-cwnd
[2024-11-08T11:09:45.783380-0500]     1.3125 MB /   0.50 sec =   22.0221 Mbps     0 retrans    923 KB-cwnd
[2024-11-08T11:09:45.783883-0500]     1.5625 MB /   0.50 sec =   26.2147 Mbps     0 retrans    923 KB-cwnd
[2024-11-08T11:09:46.572221-0500]     1.3750 MB /   0.50 sec =   23.0681 Mbps     0 retrans   1127 KB-cwnd
[2024-11-08T11:09:46.572566-0500]     1.6250 MB /   0.50 sec =   27.2621 Mbps     0 retrans   1127 KB-cwnd
[2024-11-08T11:09:47.451442-0500]     1.7500 MB /   0.50 sec =   29.3601 Mbps     0 retrans   1396 KB-cwnd
[2024-11-08T11:09:47.451878-0500]     1.3750 MB /   0.50 sec =   23.0693 Mbps     0 retrans   1396 KB-cwnd
[2024-11-08T11:09:48.501722-0500]     1.9375 MB /   0.50 sec =   32.5042 Mbps    10 retrans   1127 KB-cwnd
[2024-11-08T11:09:48.502163-0500]     0.8750 MB /   0.50 sec =   14.6807 Mbps     0 retrans   1127 KB-cwnd
[2024-11-08T11:09:49.241414-0500]     2.9375 MB /   0.50 sec =   49.2847 Mbps     0 retrans   1127 KB-cwnd
[2024-11-08T11:09:49.857711-0500]     1.8750 MB /   0.51 sec =   31.1309 Mbps     0 retrans   1127 KB-cwnd
[2024-11-08T11:09:50.489157-0500]     2.1250 MB /   0.49 sec =   36.0262 Mbps     0 retrans   1127 KB-cwnd
[2024-11-08T11:09:50.489553-0500]     2.1875 MB /   0.50 sec =   36.7038 Mbps     0 retrans   1127 KB-cwnd
[2024-11-08T11:09:51.290902-0500]     1.7500 MB /   0.50 sec =   29.3588 Mbps     0 retrans   1402 KB-cwnd
[2024-11-08T11:09:52.260656-0500]     1.6250 MB /   0.50 sec =   27.2629 Mbps     0 retrans   1402 KB-cwnd
[2024-11-08T11:09:52.260807-0500]     1.5000 MB /   0.50 sec =   25.1645 Mbps     0 retrans   1402 KB-cwnd
[2024-11-08T11:09:53.533465-0500]     1.2500 MB /   0.50 sec =   20.9732 Mbps    76 retrans   1033 KB-cwnd
[2024-11-08T11:09:53.533854-0500]     1.5000 MB /   0.50 sec =   25.1658 Mbps     0 retrans   1033 KB-cwnd
[2024-11-08T11:09:53.533986-0500]     0.3125 MB /   0.50 sec =    5.2426 Mbps     0 retrans   1033 KB-cwnd
[2024-11-08T11:09:54.659328-0500]     2.5625 MB /   0.50 sec =   42.9923 Mbps     3 retrans    936 KB-cwnd
[2024-11-08T11:09:54.659533-0500]     1.1875 MB /   0.50 sec =   19.8852 Mbps     0 retrans    936 KB-cwnd
[2024-11-08T11:09:55.431590-0500]     2.1250 MB /   0.50 sec =   35.7205 Mbps     0 retrans   1030 KB-cwnd
[2024-11-08T11:09:55.431933-0500]     1.8125 MB /   0.50 sec =   30.4093 Mbps     0 retrans   1030 KB-cwnd
[2024-11-08T11:09:56.198398-0500]     2.6875 MB /   0.50 sec =   45.0877 Mbps     0 retrans   1034 KB-cwnd
[2024-11-08T11:09:56.463131-0500]     4.8750 MB /   0.50 sec =   81.7868 Mbps     0 retrans   1038 KB-cwnd
[2024-11-08T11:09:56.991971-0500]     5.1875 MB /   0.50 sec =   87.0337 Mbps     0 retrans   1295 KB-cwnd
[2024-11-08T11:09:57.534017-0500]     4.9375 MB /   0.50 sec =   82.8407 Mbps     0 retrans   1295 KB-cwnd
[2024-11-08T11:09:58.024840-0500]     5.1875 MB /   0.50 sec =   87.0301 Mbps     0 retrans   1531 KB-cwnd
[2024-11-08T11:09:58.456892-0500]     6.3125 MB /   0.50 sec =  105.8935 Mbps     0 retrans   1531 KB-cwnd
[2024-11-08T11:09:59.121229-0500]     4.2500 MB /   0.50 sec =   71.3127 Mbps     0 retrans   1531 KB-cwnd
[2024-11-08T11:09:59.549382-0500]     3.3125 MB /   0.50 sec =   55.5724 Mbps     0 retrans   1531 KB-cwnd
[2024-11-08T11:10:00.283994-0500]     1.5625 MB /   0.50 sec =   26.2133 Mbps     4 retrans   1259 KB-cwnd
[2024-11-08T11:10:00.905614-0500]     2.3750 MB /   0.50 sec =   39.8472 Mbps     0 retrans   1478 KB-cwnd
[2024-11-08T11:10:01.235798-0500]     2.7500 MB /   0.50 sec =   46.1364 Mbps     0 retrans   1478 KB-cwnd
[2024-11-08T11:10:01.434340-0500]     3.8750 MB /   0.50 sec =   65.0150 Mbps     0 retrans   1478 KB-cwnd
[2024-11-08T11:10:01.929817-0500]     3.6250 MB /   0.50 sec =   60.8185 Mbps     0 retrans   1478 KB-cwnd
End time: 1731082202247
