Start time: 1730525234784
[2024-11-01T22:27:15.675839-0700] nuttcp-t: v8.1.4: socket
[2024-11-01T22:27:15.676828-0700] nuttcp-t: buflen=65536, nstream=1, port=5103 tcp -> 54.176.53.206
[2024-11-01T22:27:15.676952-0700] nuttcp-t: time limit = 120.00 seconds
[2024-11-01T22:27:15.677046-0700] nuttcp-t: connect to 54.176.53.206 with mss=1448, RTT=50.827 ms af=inet
[2024-11-01T22:27:15.677136-0700] nuttcp-t: send window size = 1048576, receive window size = 1048576
[2024-11-01T22:27:15.677219-0700] nuttcp-t: available send window = 786432, available receive window = 786432
[2024-11-01T22:27:15.677297-0700] nuttcp-t: initial congestion window = 14 KB (10 packets)
[2024-11-01T22:27:15.677381-0700] nuttcp-r: v6.1.2: socket
[2024-11-01T22:27:15.677474-0700] nuttcp-r: buflen=65536, nstream=1, port=5103 tcp
[2024-11-01T22:27:15.677557-0700] nuttcp-r: interval reporting every 0.50 seconds
[2024-11-01T22:27:15.677638-0700] nuttcp-r: accept from 98.97.141.3
[2024-11-01T22:27:15.677716-0700] nuttcp-r: send window size = 450000000, receive window size = 450000000
[2024-11-01T22:27:15.677800-0700] nuttcp-r: available send window = 225000000, available receive window = 225000000
[2024-11-01T22:27:15.677878-0700]     0.3750 MB /   0.50 sec =    6.2912 Mbps     9 retrans    210 KB-cwnd
[2024-11-01T22:27:16.214667-0700]     1.1250 MB /   0.50 sec =   18.8740 Mbps    18 retrans     89 KB-cwnd
[2024-11-01T22:27:17.096891-0700]     0.8750 MB /   0.50 sec =   14.6799 Mbps     3 retrans     59 KB-cwnd
[2024-11-01T22:27:17.727392-0700]     0.5000 MB /   0.50 sec =    8.3885 Mbps     0 retrans     65 KB-cwnd
[2024-11-01T22:27:17.727796-0700]     0.4375 MB /   0.50 sec =    7.3404 Mbps     0 retrans     65 KB-cwnd
[2024-11-01T22:27:18.346236-0700]     0.3750 MB /   0.50 sec =    6.2915 Mbps     0 retrans     69 KB-cwnd
[2024-11-01T22:27:18.932176-0700]     0.5000 MB /   0.50 sec =    8.3883 Mbps     2 retrans     62 KB-cwnd
[2024-11-01T22:27:19.634278-0700]     0.5625 MB /   0.50 sec =    9.4372 Mbps     0 retrans     67 KB-cwnd
[2024-11-01T22:27:19.634823-0700]     0.4375 MB /   0.50 sec =    7.3402 Mbps     0 retrans     67 KB-cwnd
[2024-11-01T22:27:20.275893-0700]     0.4375 MB /   0.50 sec =    7.3399 Mbps     0 retrans     72 KB-cwnd
[2024-11-01T22:27:20.906740-0700]     0.5625 MB /   0.50 sec =    9.4375 Mbps     1 retrans     70 KB-cwnd
[2024-11-01T22:27:21.475413-0700]     0.5000 MB /   0.50 sec =    8.3885 Mbps     1 retrans     60 KB-cwnd
[2024-11-01T22:27:21.952295-0700]     0.5625 MB /   0.50 sec =    9.4372 Mbps     0 retrans     65 KB-cwnd
[2024-11-01T22:27:22.535651-0700]     0.5625 MB /   0.50 sec =    9.4362 Mbps     0 retrans     70 KB-cwnd
[2024-11-01T22:27:23.244487-0700]     0.5000 MB /   0.50 sec =    8.3892 Mbps     0 retrans    128 KB-cwnd
[2024-11-01T22:27:23.244938-0700]     0.3750 MB /   0.50 sec =    6.2915 Mbps     0 retrans    128 KB-cwnd
[2024-11-01T22:27:23.736547-0700]     0.5000 MB /   0.50 sec =    8.3886 Mbps     5 retrans     90 KB-cwnd
[2024-11-01T22:27:24.418489-0700]     0.5625 MB /   0.50 sec =    9.4369 Mbps     2 retrans     57 KB-cwnd
[2024-11-01T22:27:25.162046-0700]     0.3750 MB /   0.50 sec =    6.2914 Mbps     0 retrans     63 KB-cwnd
[2024-11-01T22:27:25.162535-0700]     0.3750 MB /   0.50 sec =    6.2914 Mbps     0 retrans     63 KB-cwnd
[2024-11-01T22:27:25.860984-0700]     0.3750 MB /   0.50 sec =    6.2917 Mbps     0 retrans     67 KB-cwnd
[2024-11-01T22:27:26.474606-0700]     0.5000 MB /   0.50 sec =    8.3851 Mbps     5 retrans     77 KB-cwnd
[2024-11-01T22:27:26.918568-0700]     0.5000 MB /   0.50 sec =    8.3921 Mbps     1 retrans     70 KB-cwnd
[2024-11-01T22:27:27.534980-0700]     0.5000 MB /   0.50 sec =    8.3884 Mbps     0 retrans     74 KB-cwnd
[2024-11-01T22:27:27.990383-0700]     0.5625 MB /   0.50 sec =    9.4377 Mbps     2 retrans     53 KB-cwnd
[2024-11-01T22:27:28.550300-0700]     0.6250 MB /   0.50 sec =   10.4853 Mbps     0 retrans     57 KB-cwnd
[2024-11-01T22:27:29.112757-0700]     0.4375 MB /   0.50 sec =    7.3402 Mbps     1 retrans     52 KB-cwnd
[2024-11-01T22:27:29.113275-0700]     0.5000 MB /   0.50 sec =    8.3888 Mbps     0 retrans     52 KB-cwnd
[2024-11-01T22:27:29.702554-0700]     0.5000 MB /   0.50 sec =    8.3886 Mbps     0 retrans     57 KB-cwnd
[2024-11-01T22:27:30.290696-0700]     0.5000 MB /   0.50 sec =    8.3885 Mbps     0 retrans     63 KB-cwnd
[2024-11-01T22:27:30.785338-0700]     0.6250 MB /   0.50 sec =   10.4854 Mbps    10 retrans     56 KB-cwnd
[2024-11-01T22:27:31.329722-0700]     0.4375 MB /   0.50 sec =    7.3402 Mbps     0 retrans     62 KB-cwnd
[2024-11-01T22:27:31.942862-0700]     0.5625 MB /   0.50 sec =    9.4370 Mbps     1 retrans     53 KB-cwnd
[2024-11-01T22:27:32.601632-0700]     0.5000 MB /   0.50 sec =    8.3887 Mbps     2 retrans     35 KB-cwnd
[2024-11-01T22:27:33.458988-0700]     0.4375 MB /   0.50 sec =    7.3397 Mbps     0 retrans     43 KB-cwnd
[2024-11-01T22:27:33.459483-0700]     0.3125 MB /   0.50 sec =    5.2432 Mbps     0 retrans     43 KB-cwnd
[2024-11-01T22:27:34.023844-0700]     0.3750 MB /   0.50 sec =    6.2915 Mbps     3 retrans     72 KB-cwnd
[2024-11-01T22:27:34.498899-0700]     0.5000 MB /   0.50 sec =    8.3885 Mbps     1 retrans     60 KB-cwnd
[2024-11-01T22:27:35.146329-0700]     0.6250 MB /   0.50 sec =   10.4858 Mbps     0 retrans     65 KB-cwnd
[2024-11-01T22:27:35.146946-0700]     0.4375 MB /   0.50 sec =    7.3401 Mbps     0 retrans     65 KB-cwnd
[2024-11-01T22:27:35.885717-0700]     0.3750 MB /   0.50 sec =    6.2913 Mbps     1 retrans     63 KB-cwnd
[2024-11-01T22:27:36.634337-0700]     0.4375 MB /   0.50 sec =    7.3396 Mbps     0 retrans     69 KB-cwnd
[2024-11-01T22:27:36.634798-0700]     0.3750 MB /   0.50 sec =    6.2916 Mbps     0 retrans     69 KB-cwnd
[2024-11-01T22:27:37.282051-0700]     0.5000 MB /   0.50 sec =    8.3888 Mbps     1 retrans     56 KB-cwnd
[2024-11-01T22:27:38.118574-0700]     0.3125 MB /   0.50 sec =    5.2429 Mbps     0 retrans     62 KB-cwnd
[2024-11-01T22:27:38.119228-0700]     0.3750 MB /   0.50 sec =    6.2914 Mbps     0 retrans     62 KB-cwnd
[2024-11-01T22:27:38.822299-0700]     0.3750 MB /   0.50 sec =    6.2914 Mbps     0 retrans     66 KB-cwnd
[2024-11-01T22:27:39.505980-0700]     0.3125 MB /   0.50 sec =    5.2429 Mbps     1 retrans     60 KB-cwnd
[2024-11-01T22:27:39.941715-0700]     0.5625 MB /   0.50 sec =    9.4374 Mbps     0 retrans     65 KB-cwnd
[2024-11-01T22:27:40.367441-0700]     0.6250 MB /   0.50 sec =   10.4858 Mbps     1 retrans     59 KB-cwnd
[2024-11-01T22:27:40.906589-0700]     0.6875 MB /   0.50 sec =   11.5344 Mbps     0 retrans     65 KB-cwnd
[2024-11-01T22:27:41.691466-0700]     0.3750 MB /   0.50 sec =    6.2915 Mbps     1 retrans     53 KB-cwnd
[2024-11-01T22:27:41.691967-0700]     0.3750 MB /   0.50 sec =    6.2914 Mbps     0 retrans     53 KB-cwnd
[2024-11-01T22:27:42.587818-0700]     0.2500 MB /   0.50 sec =    4.1862 Mbps     0 retrans     59 KB-cwnd
[2024-11-01T22:27:43.373745-0700]     0.3750 MB /   0.50 sec =    6.3035 Mbps     0 retrans     65 KB-cwnd
[2024-11-01T22:27:43.374231-0700]     0.3125 MB /   0.50 sec =    5.2430 Mbps     0 retrans     65 KB-cwnd
[2024-11-01T22:27:44.131749-0700]     0.3750 MB /   0.50 sec =    6.2913 Mbps     5 retrans     50 KB-cwnd
[2024-11-01T22:27:44.131965-0700]     0.3750 MB /   0.50 sec =    6.2917 Mbps     0 retrans     50 KB-cwnd
[2024-11-01T22:27:44.680823-0700]     0.5000 MB /   0.50 sec =    8.3880 Mbps     0 retrans     57 KB-cwnd
[2024-11-01T22:27:45.260347-0700]     0.5000 MB /   0.50 sec =    8.3892 Mbps     0 retrans     62 KB-cwnd
[2024-11-01T22:27:45.792392-0700]     0.5625 MB /   0.50 sec =    9.4369 Mbps     1 retrans     65 KB-cwnd
[2024-11-01T22:27:46.457504-0700]     0.4375 MB /   0.50 sec =    7.3388 Mbps     3 retrans     55 KB-cwnd
[2024-11-01T22:27:47.145979-0700]     0.4375 MB /   0.50 sec =    7.3415 Mbps     0 retrans     60 KB-cwnd
[2024-11-01T22:27:47.146456-0700]     0.4375 MB /   0.50 sec =    7.3401 Mbps     0 retrans     60 KB-cwnd
[2024-11-01T22:27:47.716893-0700]     0.5000 MB /   0.50 sec =    8.3885 Mbps     1 retrans     55 KB-cwnd
[2024-11-01T22:27:48.395976-0700]     0.5000 MB /   0.50 sec =    8.3886 Mbps     0 retrans     60 KB-cwnd
[2024-11-01T22:27:49.053549-0700]     0.3750 MB /   0.50 sec =    6.2915 Mbps     0 retrans     66 KB-cwnd
[2024-11-01T22:27:49.554621-0700]     0.4375 MB /   0.50 sec =    7.3399 Mbps     1 retrans     87 KB-cwnd
[2024-11-01T22:27:50.008841-0700]     0.6875 MB /   0.50 sec =   11.5345 Mbps     2 retrans     56 KB-cwnd
[2024-11-01T22:27:50.584019-0700]     0.5000 MB /   0.50 sec =    8.3886 Mbps     0 retrans     60 KB-cwnd
[2024-11-01T22:27:51.170114-0700]     0.5000 MB /   0.50 sec =    8.3884 Mbps     0 retrans     66 KB-cwnd
[2024-11-01T22:27:51.170626-0700]     0.5000 MB /   0.50 sec =    8.3885 Mbps     0 retrans     66 KB-cwnd
[2024-11-01T22:27:51.685608-0700]     0.5625 MB /   0.50 sec =    9.4375 Mbps     1 retrans     60 KB-cwnd
[2024-11-01T22:27:52.116319-0700]     0.6250 MB /   0.50 sec =   10.4858 Mbps     1 retrans     50 KB-cwnd
[2024-11-01T22:27:52.720814-0700]     0.5000 MB /   0.50 sec =    8.3885 Mbps     1 retrans     43 KB-cwnd
[2024-11-01T22:27:53.296600-0700]     0.4375 MB /   0.50 sec =    7.3399 Mbps     0 retrans     50 KB-cwnd
[2024-11-01T22:27:53.677050-0700]     0.6250 MB /   0.50 sec =   10.4859 Mbps     2 retrans     66 KB-cwnd
[2024-11-01T22:27:54.512870-0700]     0.7500 MB /   0.50 sec =   12.5828 Mbps     1 retrans     59 KB-cwnd
[2024-11-01T22:27:54.912547-0700]     0.6250 MB /   0.50 sec =   10.4857 Mbps     0 retrans     65 KB-cwnd
[2024-11-01T22:27:55.275706-0700]     0.7500 MB /   0.50 sec =   12.5829 Mbps     0 retrans     90 KB-cwnd
[2024-11-01T22:27:55.642660-0700]     0.8125 MB /   0.50 sec =   13.6322 Mbps     3 retrans     56 KB-cwnd
[2024-11-01T22:27:56.576434-0700]     0.3750 MB /   0.50 sec =    6.2914 Mbps     1 retrans     49 KB-cwnd
[2024-11-01T22:27:57.652441-0700]     0.3125 MB /   0.50 sec =    5.2427 Mbps     0 retrans     55 KB-cwnd
[2024-11-01T22:27:57.652646-0700]     0.1875 MB /   0.50 sec =    3.1458 Mbps     0 retrans     55 KB-cwnd
[2024-11-01T22:27:57.652684-0700]     0.3125 MB /   0.50 sec =    5.2429 Mbps     0 retrans     55 KB-cwnd
[2024-11-01T22:27:58.456871-0700]     0.3750 MB /   0.50 sec =    6.2916 Mbps     0 retrans     79 KB-cwnd
[2024-11-01T22:27:58.964144-0700]     0.3750 MB /   0.50 sec =    6.2911 Mbps     5 retrans     66 KB-cwnd
[2024-11-01T22:27:59.697937-0700]     0.6250 MB /   0.50 sec =   10.4858 Mbps     2 retrans     43 KB-cwnd
[2024-11-01T22:27:59.698411-0700]     0.3750 MB /   0.50 sec =    6.2908 Mbps     0 retrans     43 KB-cwnd
[2024-11-01T22:28:00.445655-0700]     0.3750 MB /   0.50 sec =    6.2921 Mbps     1 retrans     41 KB-cwnd
[2024-11-01T22:28:01.146644-0700]     0.3750 MB /   0.50 sec =    6.2917 Mbps     0 retrans     48 KB-cwnd
[2024-11-01T22:28:01.147232-0700]     0.3750 MB /   0.50 sec =    6.2915 Mbps     0 retrans     48 KB-cwnd
[2024-11-01T22:28:01.729346-0700]     0.4375 MB /   0.50 sec =    7.3388 Mbps     0 retrans     53 KB-cwnd
[2024-11-01T22:28:02.429821-0700]     0.7500 MB /   0.50 sec =   12.5847 Mbps     5 retrans     63 KB-cwnd
[2024-11-01T22:28:02.953193-0700]     0.6875 MB /   0.50 sec =   11.5345 Mbps     1 retrans     53 KB-cwnd
[2024-11-01T22:28:03.508845-0700]     0.5625 MB /   0.50 sec =    9.4372 Mbps     0 retrans     59 KB-cwnd
[2024-11-01T22:28:03.997952-0700]     0.6250 MB /   0.50 sec =   10.4854 Mbps     5 retrans     60 KB-cwnd
[2024-11-01T22:28:04.637125-0700]     0.4375 MB /   0.50 sec =    7.3401 Mbps     4 retrans     41 KB-cwnd
[2024-11-01T22:28:04.637457-0700]     0.5000 MB /   0.50 sec =    8.3885 Mbps     0 retrans     41 KB-cwnd
[2024-11-01T22:28:05.624737-0700]     0.3125 MB /   0.50 sec =    5.2430 Mbps     1 retrans     39 KB-cwnd
[2024-11-01T22:28:05.625306-0700]     0.3125 MB /   0.50 sec =    5.2428 Mbps     0 retrans     39 KB-cwnd
[2024-11-01T22:28:06.311705-0700]     0.3750 MB /   0.50 sec =    6.2915 Mbps     3 retrans     91 KB-cwnd
[2024-11-01T22:28:06.642151-0700]     0.7500 MB /   0.50 sec =   12.5826 Mbps     2 retrans     60 KB-cwnd
[2024-11-01T22:28:07.224493-0700]     0.5000 MB /   0.50 sec =    8.3890 Mbps     1 retrans     53 KB-cwnd
[2024-11-01T22:28:07.808736-0700]     0.5000 MB /   0.50 sec =    8.3887 Mbps     1 retrans     46 KB-cwnd
[2024-11-01T22:28:08.461448-0700]     0.5000 MB /   0.50 sec =    8.3883 Mbps     1 retrans     45 KB-cwnd
[2024-11-01T22:28:09.316150-0700]     0.4375 MB /   0.50 sec =    7.3400 Mbps     1 retrans     45 KB-cwnd
[2024-11-01T22:28:09.316641-0700]     0.3125 MB /   0.50 sec =    5.2429 Mbps     0 retrans     45 KB-cwnd
[2024-11-01T22:28:10.263493-0700]     0.3125 MB /   0.50 sec =    5.2429 Mbps     4 retrans     28 KB-cwnd
[2024-11-01T22:28:10.263995-0700]     0.2500 MB /   0.50 sec =    4.1941 Mbps     0 retrans     28 KB-cwnd
[2024-11-01T22:28:11.320533-0700]     0.3125 MB /   0.50 sec =    5.2431 Mbps     2 retrans     33 KB-cwnd
[2024-11-01T22:28:11.320729-0700]     0.1875 MB /   0.50 sec =    3.1458 Mbps     0 retrans     33 KB-cwnd
[2024-11-01T22:28:12.460869-0700]     0.3125 MB /   0.50 sec =    5.2428 Mbps     4 retrans    192 KB-cwnd
[2024-11-01T22:28:12.461324-0700]     0.3125 MB /   0.50 sec =    5.2428 Mbps     0 retrans    192 KB-cwnd
[2024-11-01T22:28:13.134258-0700]     0.1875 MB /   0.50 sec =    3.1456 Mbps    20 retrans    132 KB-cwnd
[2024-11-01T22:28:13.134938-0700]     0.5000 MB /   0.50 sec =    8.3890 Mbps     0 retrans    132 KB-cwnd
[2024-11-01T22:28:13.830317-0700]     0.3750 MB /   0.50 sec =    6.2916 Mbps    24 retrans     66 KB-cwnd
[2024-11-01T22:28:14.722497-0700]     0.4375 MB /   0.50 sec =    7.3400 Mbps     4 retrans     56 KB-cwnd
[2024-11-01T22:28:14.723118-0700]     0.3750 MB /   0.50 sec =    6.2912 Mbps     0 retrans     56 KB-cwnd
[2024-11-01T22:28:15.463008-0700]     0.3125 MB /   0.50 sec =    5.2430 Mbps     4 retrans     41 KB-cwnd
[2024-11-01T22:28:16.379602-0700]     0.3750 MB /   0.50 sec =    6.2915 Mbps     8 retrans     79 KB-cwnd
[2024-11-01T22:28:16.379942-0700]     0.3125 MB /   0.50 sec =    5.2429 Mbps     0 retrans     79 KB-cwnd
[2024-11-01T22:28:17.032357-0700]     0.3750 MB /   0.50 sec =    6.2914 Mbps     3 retrans     43 KB-cwnd
[2024-11-01T22:28:17.934699-0700]     0.4375 MB /   0.50 sec =    7.3401 Mbps     1 retrans     43 KB-cwnd
[2024-11-01T22:28:17.935175-0700]     0.3125 MB /   0.50 sec =    5.2427 Mbps     0 retrans     43 KB-cwnd
[2024-11-01T22:28:18.676577-0700]     0.3125 MB /   0.50 sec =    5.2429 Mbps     6 retrans     74 KB-cwnd
[2024-11-01T22:28:18.677018-0700]     0.3125 MB /   0.50 sec =    5.2429 Mbps     0 retrans     74 KB-cwnd
[2024-11-01T22:28:19.417895-0700]     0.5000 MB /   0.50 sec =    8.3888 Mbps     5 retrans     38 KB-cwnd
[2024-11-01T22:28:20.550425-0700]     0.3125 MB /   0.50 sec =    5.2419 Mbps     2 retrans     39 KB-cwnd
[2024-11-01T22:28:20.550918-0700]     0.3125 MB /   0.50 sec =    5.2439 Mbps     0 retrans     39 KB-cwnd
[2024-11-01T22:28:21.399728-0700]     0.2500 MB /   0.50 sec =    4.1942 Mbps     0 retrans     70 KB-cwnd
[2024-11-01T22:28:21.400256-0700]     0.3125 MB /   0.50 sec =    5.2429 Mbps     0 retrans     70 KB-cwnd
[2024-11-01T22:28:21.944490-0700]     0.3125 MB /   0.50 sec =    5.2428 Mbps    14 retrans     60 KB-cwnd
[2024-11-01T22:28:22.606254-0700]     0.6250 MB /   0.50 sec =   10.4858 Mbps     2 retrans     53 KB-cwnd
[2024-11-01T22:28:23.375473-0700]     0.3750 MB /   0.50 sec =    6.2914 Mbps     3 retrans     69 KB-cwnd
[2024-11-01T22:28:23.375682-0700]     0.4375 MB /   0.50 sec =    7.3400 Mbps     0 retrans     69 KB-cwnd
[2024-11-01T22:28:24.188792-0700]     0.3750 MB /   0.50 sec =    6.2914 Mbps     3 retrans     39 KB-cwnd
[2024-11-01T22:28:24.189396-0700]     0.2500 MB /   0.50 sec =    4.1943 Mbps     0 retrans     39 KB-cwnd
[2024-11-01T22:28:25.404151-0700]     0.2500 MB /   0.50 sec =    4.1944 Mbps     4 retrans     43 KB-cwnd
[2024-11-01T22:28:25.404684-0700]     0.2500 MB /   0.50 sec =    4.1942 Mbps     0 retrans     43 KB-cwnd
[2024-11-01T22:28:26.388159-0700]     0.2500 MB /   0.50 sec =    4.1940 Mbps     3 retrans     42 KB-cwnd
[2024-11-01T22:28:26.388575-0700]     0.2500 MB /   0.50 sec =    4.1942 Mbps     0 retrans     42 KB-cwnd
[2024-11-01T22:28:27.276794-0700]     0.3750 MB /   0.50 sec =    6.2922 Mbps     0 retrans    141 KB-cwnd
[2024-11-01T22:28:27.277233-0700]     0.2500 MB /   0.50 sec =    4.1943 Mbps     0 retrans    141 KB-cwnd
[2024-11-01T22:28:27.649277-0700]     0.6875 MB /   0.50 sec =   11.5309 Mbps    12 retrans    134 KB-cwnd
[2024-11-01T22:28:28.341398-0700]     0.9375 MB /   0.50 sec =   15.7335 Mbps    16 retrans     56 KB-cwnd
[2024-11-01T22:28:28.917508-0700]     0.5000 MB /   0.50 sec =    8.3886 Mbps     1 retrans     50 KB-cwnd
[2024-11-01T22:28:29.624398-0700]     0.5000 MB /   0.50 sec =    8.3884 Mbps     3 retrans     48 KB-cwnd
[2024-11-01T22:28:29.624964-0700]     0.3750 MB /   0.50 sec =    6.2915 Mbps     0 retrans     48 KB-cwnd
[2024-11-01T22:28:30.448683-0700]     0.3750 MB /   0.50 sec =    6.2915 Mbps     3 retrans     36 KB-cwnd
[2024-11-01T22:28:31.301615-0700]     0.3750 MB /   0.50 sec =    6.2913 Mbps     0 retrans     48 KB-cwnd
[2024-11-01T22:28:31.301818-0700]     0.3125 MB /   0.50 sec =    5.2429 Mbps     0 retrans     48 KB-cwnd
[2024-11-01T22:28:31.994175-0700]     0.4375 MB /   0.50 sec =    7.3403 Mbps     5 retrans     49 KB-cwnd
[2024-11-01T22:28:32.638667-0700]     0.5000 MB /   0.50 sec =    8.3884 Mbps     0 retrans     57 KB-cwnd
[2024-11-01T22:28:32.639202-0700]     0.4375 MB /   0.50 sec =    7.3402 Mbps     0 retrans     57 KB-cwnd
[2024-11-01T22:28:33.313641-0700]     0.4375 MB /   0.50 sec =    7.3396 Mbps     2 retrans     43 KB-cwnd
[2024-11-01T22:28:34.142841-0700]     0.3750 MB /   0.50 sec =    6.2918 Mbps     3 retrans     43 KB-cwnd
[2024-11-01T22:28:34.143825-0700]     0.3125 MB /   0.50 sec =    5.2425 Mbps     0 retrans     43 KB-cwnd
[2024-11-01T22:28:34.842780-0700]     0.3750 MB /   0.50 sec =    6.2917 Mbps     0 retrans     55 KB-cwnd
[2024-11-01T22:28:35.513970-0700]     0.3750 MB /   0.50 sec =    6.2915 Mbps     3 retrans     46 KB-cwnd
[2024-11-01T22:28:36.266830-0700]     0.4375 MB /   0.50 sec =    7.3401 Mbps     1 retrans     45 KB-cwnd
[2024-11-01T22:28:36.267003-0700]     0.3750 MB /   0.50 sec =    6.2914 Mbps     0 retrans     45 KB-cwnd
[2024-11-01T22:28:36.940060-0700]     0.3750 MB /   0.50 sec =    6.2915 Mbps     0 retrans     53 KB-cwnd
[2024-11-01T22:28:37.440187-0700]     0.5000 MB /   0.50 sec =    8.3886 Mbps     2 retrans     76 KB-cwnd
[2024-11-01T22:28:38.063167-0700]     0.5000 MB /   0.50 sec =    8.3886 Mbps    10 retrans     50 KB-cwnd
[2024-11-01T22:28:39.226726-0700]     0.5000 MB /   0.50 sec =    8.3887 Mbps     4 retrans     39 KB-cwnd
[2024-11-01T22:28:39.226949-0700]     0.1875 MB /   0.50 sec =    3.1456 Mbps     0 retrans     39 KB-cwnd
[2024-11-01T22:28:39.226982-0700]     0.1875 MB /   0.50 sec =    3.1457 Mbps     0 retrans     39 KB-cwnd
[2024-11-01T22:28:40.253211-0700]     0.3125 MB /   0.50 sec =    5.2430 Mbps     3 retrans     33 KB-cwnd
[2024-11-01T22:28:40.253568-0700]     0.2500 MB /   0.50 sec =    4.1943 Mbps     0 retrans     33 KB-cwnd
[2024-11-01T22:28:41.362821-0700]     0.2500 MB /   0.50 sec =    4.1944 Mbps     3 retrans     28 KB-cwnd
[2024-11-01T22:28:41.363319-0700]     0.2500 MB /   0.50 sec =    4.1939 Mbps     0 retrans     28 KB-cwnd
[2024-11-01T22:28:42.483618-0700]     0.3125 MB /   0.50 sec =    5.2434 Mbps     0 retrans    145 KB-cwnd
[2024-11-01T22:28:42.484784-0700]     0.1875 MB /   0.50 sec =    3.1458 Mbps     0 retrans    145 KB-cwnd
[2024-11-01T22:28:42.769252-0700]     0.5625 MB /   0.50 sec =    9.4370 Mbps     2 retrans    121 KB-cwnd
[2024-11-01T22:28:43.313559-0700]     1.0625 MB /   0.50 sec =   17.8259 Mbps     0 retrans    128 KB-cwnd
[2024-11-01T22:28:43.904155-0700]     1.0625 MB /   0.50 sec =   17.8256 Mbps     1 retrans    111 KB-cwnd
[2024-11-01T22:28:44.210654-0700]     1.0000 MB /   0.50 sec =   16.7777 Mbps     0 retrans    117 KB-cwnd
[2024-11-01T22:28:44.917702-0700]     0.8750 MB /   0.50 sec =   14.6797 Mbps     2 retrans     91 KB-cwnd
[2024-11-01T22:28:45.264959-0700]     0.7500 MB /   0.50 sec =   12.5827 Mbps     0 retrans     97 KB-cwnd
[2024-11-01T22:28:45.617778-0700]     0.9375 MB /   0.50 sec =   15.7292 Mbps     0 retrans    113 KB-cwnd
[2024-11-01T22:28:46.250493-0700]     1.0000 MB /   0.50 sec =   16.7768 Mbps     2 retrans    100 KB-cwnd
[2024-11-01T22:28:46.848773-0700]     0.8750 MB /   0.50 sec =   14.6799 Mbps     0 retrans    110 KB-cwnd
[2024-11-01T22:28:47.124101-0700]     1.0625 MB /   0.50 sec =   17.8262 Mbps     0 retrans    118 KB-cwnd
[2024-11-01T22:28:47.691994-0700]     1.3125 MB /   0.50 sec =   22.0196 Mbps     4 retrans    114 KB-cwnd
[2024-11-01T22:28:48.303652-0700]     0.8750 MB /   0.50 sec =   14.6800 Mbps     1 retrans     96 KB-cwnd
[2024-11-01T22:28:48.623339-0700]     0.9375 MB /   0.50 sec =   15.7292 Mbps     0 retrans    103 KB-cwnd
[2024-11-01T22:28:49.242761-0700]     1.0625 MB /   0.50 sec =   17.8253 Mbps     0 retrans    113 KB-cwnd
[2024-11-01T22:28:49.814775-0700]     1.0000 MB /   0.50 sec =   16.7773 Mbps     1 retrans    132 KB-cwnd
[2024-11-01T22:28:50.358142-0700]     1.1250 MB /   0.50 sec =   18.8745 Mbps     1 retrans    114 KB-cwnd
[2024-11-01T22:28:50.685094-0700]     0.9375 MB /   0.50 sec =   15.7284 Mbps    21 retrans     96 KB-cwnd
[2024-11-01T22:28:51.333603-0700]     0.8750 MB /   0.50 sec =   14.6805 Mbps     0 retrans    104 KB-cwnd
[2024-11-01T22:28:51.648190-0700]     0.9375 MB /   0.50 sec =   15.7284 Mbps     0 retrans    108 KB-cwnd
[2024-11-01T22:28:52.172909-0700]     1.1250 MB /   0.50 sec =   18.8749 Mbps     3 retrans    128 KB-cwnd
[2024-11-01T22:28:52.688040-0700]     1.1250 MB /   0.50 sec =   18.8732 Mbps     3 retrans     87 KB-cwnd
[2024-11-01T22:28:53.227407-0700]     0.6250 MB /   0.50 sec =   10.4860 Mbps     2 retrans     73 KB-cwnd
[2024-11-01T22:28:53.815654-0700]     0.5625 MB /   0.50 sec =    9.4367 Mbps     0 retrans     80 KB-cwnd
[2024-11-01T22:28:54.416902-0700]     0.5000 MB /   0.50 sec =    8.3888 Mbps     0 retrans     98 KB-cwnd
[2024-11-01T22:28:54.902798-0700]     0.4375 MB /   0.50 sec =    7.3402 Mbps     1 retrans    142 KB-cwnd
[2024-11-01T22:28:55.213191-0700]     0.8125 MB /   0.50 sec =   13.6317 Mbps     0 retrans    145 KB-cwnd
[2024-11-01T22:28:55.921591-0700]     0.9375 MB /   0.50 sec =   15.7286 Mbps     1 retrans    125 KB-cwnd
[2024-11-01T22:28:56.218588-0700]     0.8125 MB /   0.50 sec =   13.6318 Mbps     0 retrans    130 KB-cwnd
[2024-11-01T22:28:56.855375-0700]     1.1250 MB /   0.50 sec =   18.8739 Mbps     4 retrans     91 KB-cwnd
[2024-11-01T22:28:57.309424-0700]     0.6875 MB /   0.50 sec =   11.5343 Mbps     3 retrans     60 KB-cwnd
[2024-11-01T22:28:58.008262-0700]     0.6250 MB /   0.50 sec =   10.4857 Mbps    13 retrans     32 KB-cwnd
[2024-11-01T22:29:00.869547-0700]     0.3125 MB /   0.50 sec =    5.2430 Mbps    15 retrans      8 KB-cwnd
[2024-11-01T22:29:00.870069-0700]     0.2500 MB /   0.50 sec =    4.1941 Mbps     0 retrans      8 KB-cwnd
[2024-11-01T22:29:00.870219-0700]     0.0000 MB /   0.50 sec =    0.0000 Mbps     0 retrans      8 KB-cwnd
[2024-11-01T22:29:00.870337-0700]     0.1250 MB /   0.50 sec =    2.0971 Mbps     0 retrans      8 KB-cwnd
[2024-11-01T22:29:00.870446-0700]     0.0625 MB /   0.50 sec =    1.0485 Mbps     0 retrans      8 KB-cwnd
[2024-11-01T22:29:00.870560-0700]     0.0625 MB /   0.50 sec =    1.0484 Mbps     0 retrans      8 KB-cwnd
[2024-11-01T22:29:03.614322-0700]     0.1250 MB /   0.50 sec =    2.0976 Mbps     9 retrans     22 KB-cwnd
[2024-11-01T22:29:03.614726-0700]     0.0625 MB /   0.50 sec =    1.0486 Mbps     0 retrans     22 KB-cwnd
[2024-11-01T22:29:03.614811-0700]     0.0625 MB /   0.50 sec =    1.0486 Mbps     0 retrans     22 KB-cwnd
[2024-11-01T22:29:03.614875-0700]     0.0625 MB /   0.50 sec =    1.0485 Mbps     0 retrans     22 KB-cwnd
[2024-11-01T22:29:03.614935-0700]     0.1250 MB /   0.50 sec =    2.0969 Mbps     0 retrans     22 KB-cwnd
[2024-11-01T22:29:04.275152-0700]     0.1875 MB /   0.50 sec =    3.1461 Mbps     5 retrans     97 KB-cwnd
[2024-11-01T22:29:04.275339-0700]     0.2500 MB /   0.50 sec =    4.1944 Mbps     0 retrans     97 KB-cwnd
[2024-11-01T22:29:04.745070-0700]     0.8125 MB /   0.50 sec =   13.6305 Mbps    16 retrans     49 KB-cwnd
[2024-11-01T22:29:06.265269-0700]     0.3750 MB /   0.50 sec =    6.2918 Mbps    18 retrans     11 KB-cwnd
[2024-11-01T22:29:06.265540-0700]     0.1250 MB /   0.50 sec =    2.0970 Mbps     0 retrans     11 KB-cwnd
[2024-11-01T22:29:06.265623-0700]     0.1250 MB /   0.50 sec =    2.0972 Mbps     0 retrans     11 KB-cwnd
[2024-11-01T22:29:07.299455-0700]     0.1250 MB /   0.50 sec =    2.0971 Mbps     9 retrans     49 KB-cwnd
[2024-11-01T22:29:07.299611-0700]     0.3125 MB /   0.50 sec =    5.2431 Mbps     0 retrans     49 KB-cwnd
[2024-11-01T22:29:08.332359-0700]     0.5000 MB /   0.50 sec =    8.3890 Mbps     8 retrans     26 KB-cwnd
[2024-11-01T22:29:08.332797-0700]     0.2500 MB /   0.50 sec =    4.1943 Mbps     0 retrans     26 KB-cwnd
[2024-11-01T22:29:10.091295-0700]     0.1875 MB /   0.50 sec =    3.1457 Mbps     6 retrans    139 KB-cwnd
[2024-11-01T22:29:10.091983-0700]     0.1250 MB /   0.50 sec =    2.0971 Mbps     0 retrans    139 KB-cwnd
[2024-11-01T22:29:10.092105-0700]     0.1250 MB /   0.50 sec =    2.0972 Mbps     0 retrans    139 KB-cwnd
[2024-11-01T22:29:10.312599-0700]     0.3125 MB /   0.50 sec =    5.2426 Mbps     3 retrans    114 KB-cwnd
[2024-11-01T22:29:10.777645-0700]     1.1875 MB /   0.50 sec =   19.9241 Mbps     0 retrans    123 KB-cwnd
[2024-11-01T22:29:11.293826-0700]     1.1250 MB /   0.50 sec =   18.8741 Mbps     1 retrans    107 KB-cwnd
[2024-11-01T22:29:11.840154-0700]     1.0625 MB /   0.50 sec =   17.8258 Mbps     0 retrans    115 KB-cwnd
[2024-11-01T22:29:12.333930-0700]     0.8125 MB /   0.50 sec =   13.6315 Mbps     2 retrans    118 KB-cwnd
[2024-11-01T22:29:12.654057-0700]     0.7500 MB /   0.50 sec =   12.5833 Mbps     6 retrans     65 KB-cwnd
[2024-11-01T22:29:13.499458-0700]     0.6875 MB /   0.50 sec =   11.5340 Mbps     1 retrans     66 KB-cwnd
[2024-11-01T22:29:13.889490-0700]     0.6250 MB /   0.50 sec =   10.4853 Mbps     0 retrans     73 KB-cwnd
[2024-11-01T22:29:14.260533-0700]     0.7500 MB /   0.50 sec =   12.5831 Mbps     1 retrans     63 KB-cwnd
[2024-11-01T22:29:14.656282-0700]     0.7500 MB /   0.50 sec =   12.5828 Mbps     0 retrans     74 KB-cwnd
[2024-11-01T22:29:15.107744-0700]     0.7500 MB /   0.50 sec =   12.5834 Mbps     1 retrans     70 KB-cwnd
[2024-11-01T22:29:15.609024-0700]     0.6875 MB /   0.50 sec =   11.5343 Mbps     2 retrans     62 KB-cwnd
End time: 1730525355892
