Start time: 1730766731059
[2024-11-04T18:32:27.702771-0600] nuttcp-t: v8.1.4: socket
[2024-11-04T18:32:27.703565-0600] nuttcp-t: buflen=65536, nstream=1, port=5101 tcp -> 54.176.53.206
[2024-11-04T18:32:27.703622-0600] nuttcp-t: time limit = 120.00 seconds
[2024-11-04T18:32:27.703654-0600] nuttcp-t: connect to 54.176.53.206 with mss=1376, RTT=91.952 ms af=inet
[2024-11-04T18:32:27.703685-0600] nuttcp-t: send window size = 2097152, receive window size = 6291456
[2024-11-04T18:32:27.703714-0600] nuttcp-t: available send window = 1572864, available receive window = 4718592
[2024-11-04T18:32:27.703744-0600] nuttcp-t: initial congestion window = 13 KB (10 packets)
[2024-11-04T18:32:27.703773-0600] nuttcp-r: v6.1.2: socket
[2024-11-04T18:32:27.703801-0600] nuttcp-r: buflen=65536, nstream=1, port=5101 tcp
[2024-11-04T18:32:27.703829-0600] nuttcp-r: interval reporting every 0.50 seconds
[2024-11-04T18:32:27.703857-0600] nuttcp-r: accept from 174.234.160.40
[2024-11-04T18:32:27.703884-0600] nuttcp-r: send window size = 450000000, receive window size = 450000000
[2024-11-04T18:32:27.703911-0600] nuttcp-r: available send window = 225000000, available receive window = 225000000
[2024-11-04T18:32:27.703941-0600]     0.0625 MB /   0.50 sec =    1.0485 Mbps    49 retrans      5 KB-cwnd
[2024-11-04T18:32:27.703969-0600]     0.0625 MB /   0.50 sec =    1.0486 Mbps     0 retrans      5 KB-cwnd
[2024-11-04T18:32:27.703996-0600]     0.0625 MB /   0.50 sec =    1.0486 Mbps     0 retrans      5 KB-cwnd
[2024-11-04T18:32:27.704023-0600]     0.0625 MB /   0.50 sec =    1.0486 Mbps     0 retrans      5 KB-cwnd
[2024-11-04T18:32:27.704050-0600]     0.0625 MB /   0.50 sec =    1.0486 Mbps     0 retrans      5 KB-cwnd
[2024-11-04T18:32:27.704077-0600]     0.0000 MB /   0.50 sec =    0.0000 Mbps     0 retrans      5 KB-cwnd
[2024-11-04T18:32:27.704104-0600]     0.0625 MB /   0.50 sec =    1.0486 Mbps     0 retrans      5 KB-cwnd
[2024-11-04T18:32:27.704131-0600]     0.0625 MB /   0.50 sec =    1.0485 Mbps     0 retrans      5 KB-cwnd
[2024-11-04T18:32:27.704158-0600]     0.0625 MB /   0.50 sec =    1.0486 Mbps     0 retrans      5 KB-cwnd
[2024-11-04T18:32:27.704188-0600]     0.0625 MB /   0.50 sec =    1.0486 Mbps     0 retrans      5 KB-cwnd
[2024-11-04T18:32:27.704216-0600]     0.0625 MB /   0.50 sec =    1.0486 Mbps     0 retrans      5 KB-cwnd
[2024-11-04T18:32:27.704245-0600]     0.0000 MB /   0.50 sec =    0.0000 Mbps     0 retrans      5 KB-cwnd
[2024-11-04T18:32:27.704272-0600]     0.0000 MB /   0.50 sec =    0.0000 Mbps     0 retrans      5 KB-cwnd
[2024-11-04T18:32:27.704300-0600]     0.0000 MB /   0.50 sec =    0.0000 Mbps     0 retrans      5 KB-cwnd
[2024-11-04T18:32:27.704327-0600]     0.0000 MB /   0.50 sec =    0.0000 Mbps     0 retrans      5 KB-cwnd
[2024-11-04T18:32:27.704353-0600]     0.0000 MB /   0.50 sec =    0.0000 Mbps     0 retrans      5 KB-cwnd
[2024-11-04T18:32:27.704382-0600]     0.0000 MB /   0.50 sec =    0.0000 Mbps     0 retrans      5 KB-cwnd
[2024-11-04T18:32:27.704409-0600]     0.0000 MB /   0.50 sec =    0.0000 Mbps     0 retrans      5 KB-cwnd
[2024-11-04T18:32:27.704436-0600]     0.0000 MB /   0.50 sec =    0.0000 Mbps     0 retrans      5 KB-cwnd
[2024-11-04T18:32:27.704463-0600]     0.0000 MB /   0.50 sec =    0.0000 Mbps     0 retrans      5 KB-cwnd
[2024-11-04T18:32:27.704490-0600]     0.0000 MB /   0.50 sec =    0.0000 Mbps     0 retrans      5 KB-cwnd
[2024-11-04T18:32:27.704518-0600]     0.0000 MB /   0.50 sec =    0.0000 Mbps     0 retrans      5 KB-cwnd
[2024-11-04T18:32:27.704545-0600]     0.0000 MB /   0.50 sec =    0.0000 Mbps     0 retrans      5 KB-cwnd
[2024-11-04T18:32:27.704573-0600]     0.0000 MB /   0.50 sec =    0.0000 Mbps     0 retrans      5 KB-cwnd
[2024-11-04T18:32:27.704601-0600]     0.0000 MB /   0.50 sec =    0.0000 Mbps     0 retrans      5 KB-cwnd
[2024-11-04T18:32:27.704629-0600]     0.0000 MB /   0.50 sec =    0.0000 Mbps     0 retrans      5 KB-cwnd
[2024-11-04T18:32:27.704654-0600]     0.0000 MB /   0.50 sec =    0.0000 Mbps     0 retrans      5 KB-cwnd
[2024-11-04T18:32:27.704680-0600]     0.0000 MB /   0.50 sec =    0.0000 Mbps     0 retrans      5 KB-cwnd
[2024-11-04T18:32:27.704741-0600]     0.0000 MB /   0.50 sec =    0.0000 Mbps     0 retrans      5 KB-cwnd
[2024-11-04T18:32:27.704771-0600]     0.0000 MB /   0.50 sec =    0.0000 Mbps     0 retrans      5 KB-cwnd
[2024-11-04T18:32:27.704797-0600]     0.0000 MB /   0.50 sec =    0.0000 Mbps     0 retrans      5 KB-cwnd
End time: 1730766852119
