Start time: 1730758505829
[2024-11-04T16:15:07.084005-0600] nuttcp-r: v8.1.4: socket
[2024-11-04T16:15:07.085241-0600] nuttcp-r: buflen=65536, nstream=1, port=5102 tcp
[2024-11-04T16:15:07.085359-0600] nuttcp-r: interval reporting every 0.50 seconds
[2024-11-04T16:15:07.085450-0600] nuttcp-r: connect to 54.176.53.206 with RTT=136.538 ms af=inet
[2024-11-04T16:15:07.085538-0600] nuttcp-r: send window size = 524288, receive window size = 4194304
[2024-11-04T16:15:07.085620-0600] nuttcp-r: available send window = 393216, available receive window = 3145728
[2024-11-04T16:15:07.085700-0600]     0.0000 MB /   0.50 sec =    0.0000 Mbps    -1 retrans
[2024-11-04T16:15:07.583907-0600]     0.6250 MB /   0.50 sec =   10.4863 Mbps     1 retrans
[2024-11-04T16:15:08.083926-0600]     5.3750 MB /   0.50 sec =   90.1665 Mbps     0 retrans
[2024-11-04T16:15:08.584201-0600]    14.0000 MB /   0.50 sec =  234.9083 Mbps     0 retrans
[2024-11-04T16:15:09.084457-0600]    14.8750 MB /   0.50 sec =  249.5102 Mbps     0 retrans
[2024-11-04T16:15:09.584096-0600]    14.1250 MB /   0.50 sec =  236.9910 Mbps     0 retrans
[2024-11-04T16:15:10.083932-0600]    13.2500 MB /   0.50 sec =  222.3070 Mbps     0 retrans
[2024-11-04T16:15:10.583895-0600]    15.5625 MB /   0.50 sec =  261.1116 Mbps     0 retrans
[2024-11-04T16:15:11.083927-0600]    15.6250 MB /   0.50 sec =  262.1382 Mbps     0 retrans
[2024-11-04T16:15:11.583805-0600]    14.9375 MB /   0.50 sec =  250.6312 Mbps     0 retrans
[2024-11-04T16:15:12.083802-0600]    14.5000 MB /   0.50 sec =  243.2721 Mbps     0 retrans
[2024-11-04T16:15:12.583915-0600]    14.3750 MB /   0.50 sec =  241.1406 Mbps     0 retrans
[2024-11-04T16:15:13.083887-0600]    10.1250 MB /   0.50 sec =  169.8900 Mbps     0 retrans
[2024-11-04T16:15:13.583840-0600]    11.7500 MB /   0.50 sec =  197.1335 Mbps     0 retrans
[2024-11-04T16:15:14.084007-0600]    10.3125 MB /   0.50 sec =  172.9766 Mbps     0 retrans
[2024-11-04T16:15:14.583952-0600]     8.1875 MB /   0.50 sec =  137.3733 Mbps     0 retrans
[2024-11-04T16:15:15.084114-0600]     9.1875 MB /   0.50 sec =  154.1416 Mbps     0 retrans
[2024-11-04T16:15:15.583853-0600]     7.1250 MB /   0.50 sec =  119.5537 Mbps     0 retrans
[2024-11-04T16:15:16.083798-0600]     8.8750 MB /   0.50 sec =  148.9040 Mbps     0 retrans
[2024-11-04T16:15:16.583864-0600]     7.3750 MB /   0.50 sec =  123.7233 Mbps     0 retrans
[2024-11-04T16:15:17.083980-0600]     8.5625 MB /   0.50 sec =  143.6635 Mbps     0 retrans
[2024-11-04T16:15:17.584002-0600]     4.2500 MB /   0.50 sec =   71.2842 Mbps     0 retrans
[2024-11-04T16:15:18.083987-0600]     4.3125 MB /   0.50 sec =   72.3522 Mbps     0 retrans
[2024-11-04T16:15:18.583887-0600]     9.6875 MB /   0.50 sec =  162.5634 Mbps     0 retrans
[2024-11-04T16:15:19.083860-0600]    10.4375 MB /   0.50 sec =  175.1153 Mbps     0 retrans
[2024-11-04T16:15:19.583875-0600]    10.5000 MB /   0.50 sec =  176.1615 Mbps     0 retrans
[2024-11-04T16:15:20.083952-0600]    11.3750 MB /   0.50 sec =  190.8111 Mbps     0 retrans
[2024-11-04T16:15:20.583855-0600]     8.4375 MB /   0.50 sec =  141.5793 Mbps     0 retrans
[2024-11-04T16:15:21.083840-0600]     8.5000 MB /   0.50 sec =  142.6092 Mbps     0 retrans
[2024-11-04T16:15:21.583967-0600]     9.4375 MB /   0.50 sec =  158.3087 Mbps     0 retrans
[2024-11-04T16:15:22.083773-0600]    10.7500 MB /   0.50 sec =  180.3893 Mbps     0 retrans
[2024-11-04T16:15:22.583773-0600]    12.8125 MB /   0.50 sec =  214.9624 Mbps     0 retrans
[2024-11-04T16:15:23.083792-0600]    12.1250 MB /   0.50 sec =  203.4237 Mbps     0 retrans
[2024-11-04T16:15:23.583975-0600]    10.4375 MB /   0.50 sec =  175.0716 Mbps     0 retrans
[2024-11-04T16:15:24.083942-0600]     8.8750 MB /   0.50 sec =  148.9157 Mbps     0 retrans
[2024-11-04T16:15:24.584146-0600]     2.8125 MB /   0.50 sec =   47.1782 Mbps     0 retrans
[2024-11-04T16:15:25.083877-0600]    15.3125 MB /   0.50 sec =  256.9525 Mbps     0 retrans
[2024-11-04T16:15:25.583874-0600]    12.8125 MB /   0.50 sec =  214.9589 Mbps     0 retrans
[2024-11-04T16:15:26.083783-0600]    14.1250 MB /   0.50 sec =  236.9962 Mbps     0 retrans
[2024-11-04T16:15:26.583884-0600]    15.5000 MB /   0.50 sec =  260.0260 Mbps     0 retrans
[2024-11-04T16:15:27.083816-0600]    14.0625 MB /   0.50 sec =  235.9249 Mbps     0 retrans
[2024-11-04T16:15:27.583884-0600]    14.4375 MB /   0.50 sec =  242.2206 Mbps     0 retrans
[2024-11-04T16:15:28.083789-0600]    14.3750 MB /   0.50 sec =  241.1971 Mbps     0 retrans
[2024-11-04T16:15:28.583885-0600]     6.5000 MB /   0.50 sec =  109.0449 Mbps     0 retrans
[2024-11-04T16:15:29.083800-0600]    10.7500 MB /   0.50 sec =  180.3533 Mbps     0 retrans
[2024-11-04T16:15:29.583934-0600]    14.1250 MB /   0.50 sec =  236.9474 Mbps     0 retrans
[2024-11-04T16:15:30.083813-0600]    14.5000 MB /   0.50 sec =  243.3105 Mbps     0 retrans
[2024-11-04T16:15:30.583904-0600]    15.8750 MB /   0.50 sec =  266.2978 Mbps     0 retrans
[2024-11-04T16:15:31.083873-0600]    15.7500 MB /   0.50 sec =  264.2750 Mbps     0 retrans
[2024-11-04T16:15:31.583885-0600]    14.3125 MB /   0.50 sec =  240.1359 Mbps     0 retrans
[2024-11-04T16:15:32.083909-0600]    15.2500 MB /   0.50 sec =  255.8285 Mbps     0 retrans
[2024-11-04T16:15:32.583874-0600]    14.3750 MB /   0.50 sec =  241.1797 Mbps     0 retrans
[2024-11-04T16:15:33.083934-0600]    14.1250 MB /   0.50 sec =  236.9488 Mbps     0 retrans
[2024-11-04T16:15:33.583984-0600]    10.5000 MB /   0.50 sec =  176.1523 Mbps     0 retrans
[2024-11-04T16:15:34.083905-0600]    13.1875 MB /   0.50 sec =  221.2752 Mbps     0 retrans
[2024-11-04T16:15:34.583819-0600]    14.4375 MB /   0.50 sec =  242.2433 Mbps     0 retrans
[2024-11-04T16:15:35.083879-0600]    13.4375 MB /   0.50 sec =  225.4335 Mbps     0 retrans
[2024-11-04T16:15:35.583949-0600]    13.1875 MB /   0.50 sec =  221.2221 Mbps     0 retrans
[2024-11-04T16:15:36.084045-0600]    12.5625 MB /   0.50 sec =  210.7929 Mbps     0 retrans
[2024-11-04T16:15:36.583938-0600]    12.5000 MB /   0.50 sec =  209.6942 Mbps     0 retrans
[2024-11-04T16:15:37.083823-0600]    14.1875 MB /   0.50 sec =  238.0458 Mbps     0 retrans
[2024-11-04T16:15:37.583906-0600]    14.9375 MB /   0.50 sec =  250.6047 Mbps     0 retrans
[2024-11-04T16:15:38.083828-0600]    12.1875 MB /   0.50 sec =  204.4834 Mbps     0 retrans
[2024-11-04T16:15:38.583847-0600]    12.3750 MB /   0.50 sec =  207.6118 Mbps     0 retrans
[2024-11-04T16:15:39.084042-0600]     5.1875 MB /   0.50 sec =   87.0090 Mbps     0 retrans
[2024-11-04T16:15:39.583915-0600]     9.9375 MB /   0.50 sec =  166.7589 Mbps     0 retrans
[2024-11-04T16:15:40.083874-0600]    12.5625 MB /   0.50 sec =  210.7768 Mbps     0 retrans
[2024-11-04T16:15:40.583892-0600]    15.0625 MB /   0.50 sec =  252.6780 Mbps     0 retrans
[2024-11-04T16:15:41.083927-0600]    14.5000 MB /   0.50 sec =  243.2818 Mbps     0 retrans
[2024-11-04T16:15:41.583864-0600]    13.8750 MB /   0.50 sec =  232.8006 Mbps     0 retrans
[2024-11-04T16:15:42.083939-0600]    15.6250 MB /   0.50 sec =  262.1094 Mbps     0 retrans
[2024-11-04T16:15:42.583874-0600]    16.6875 MB /   0.50 sec =  280.0000 Mbps     0 retrans
[2024-11-04T16:15:43.083784-0600]    15.5625 MB /   0.50 sec =  261.1184 Mbps     0 retrans
[2024-11-04T16:15:43.583869-0600]    15.8125 MB /   0.50 sec =  265.2749 Mbps     0 retrans
[2024-11-04T16:15:44.084066-0600]    14.5000 MB /   0.50 sec =  243.2604 Mbps     0 retrans
[2024-11-04T16:15:44.583871-0600]    14.9375 MB /   0.50 sec =  250.6072 Mbps     0 retrans
[2024-11-04T16:15:45.083853-0600]    15.1250 MB /   0.50 sec =  253.7666 Mbps     0 retrans
[2024-11-04T16:15:45.583871-0600]    15.6875 MB /   0.50 sec =  263.1789 Mbps     0 retrans
[2024-11-04T16:15:46.083819-0600]    14.5000 MB /   0.50 sec =  243.2750 Mbps     0 retrans
[2024-11-04T16:15:46.583974-0600]    16.0625 MB /   0.50 sec =  269.4905 Mbps     0 retrans
[2024-11-04T16:15:47.083861-0600]    14.9375 MB /   0.50 sec =  250.5896 Mbps     0 retrans
[2024-11-04T16:15:47.583877-0600]    15.4375 MB /   0.50 sec =  259.0169 Mbps     0 retrans
[2024-11-04T16:15:48.083872-0600]    14.8750 MB /   0.50 sec =  249.5626 Mbps     0 retrans
[2024-11-04T16:15:48.583942-0600]    15.4375 MB /   0.50 sec =  258.9625 Mbps     0 retrans
[2024-11-04T16:15:49.083768-0600]    14.8750 MB /   0.50 sec =  249.6130 Mbps     0 retrans
[2024-11-04T16:15:49.583995-0600]    16.0625 MB /   0.50 sec =  269.4679 Mbps     0 retrans
[2024-11-04T16:15:50.083781-0600]    14.8125 MB /   0.50 sec =  248.5259 Mbps     0 retrans
[2024-11-04T16:15:50.583891-0600]    15.8750 MB /   0.50 sec =  266.3202 Mbps     0 retrans
[2024-11-04T16:15:51.083850-0600]    14.7500 MB /   0.50 sec =  247.4699 Mbps     0 retrans
[2024-11-04T16:15:51.583882-0600]    15.1250 MB /   0.50 sec =  253.7452 Mbps     0 retrans
[2024-11-04T16:15:52.083859-0600]    14.9375 MB /   0.50 sec =  250.6192 Mbps     0 retrans
[2024-11-04T16:15:52.583882-0600]    15.1875 MB /   0.50 sec =  254.7963 Mbps     0 retrans
[2024-11-04T16:15:53.084001-0600]     2.5000 MB /   0.50 sec =   41.9342 Mbps     0 retrans
[2024-11-04T16:15:53.583970-0600]    13.1250 MB /   0.50 sec =  220.2168 Mbps     0 retrans
[2024-11-04T16:15:54.083887-0600]    14.4375 MB /   0.50 sec =  242.2579 Mbps     0 retrans
[2024-11-04T16:15:54.583764-0600]    14.5000 MB /   0.50 sec =  243.2842 Mbps     0 retrans
[2024-11-04T16:15:55.083916-0600]    13.1250 MB /   0.50 sec =  220.1803 Mbps     0 retrans
[2024-11-04T16:15:55.583821-0600]    13.2500 MB /   0.50 sec =  222.3070 Mbps     0 retrans
[2024-11-04T16:15:56.083875-0600]    13.1250 MB /   0.50 sec =  220.1966 Mbps     0 retrans
[2024-11-04T16:15:56.584011-0600]    13.0625 MB /   0.50 sec =  219.1528 Mbps     0 retrans
[2024-11-04T16:15:57.083886-0600]    12.6250 MB /   0.50 sec =  211.8094 Mbps     0 retrans
[2024-11-04T16:15:57.583890-0600]    12.3125 MB /   0.50 sec =  206.5637 Mbps     0 retrans
[2024-11-04T16:15:58.084075-0600]    12.0625 MB /   0.50 sec =  202.3339 Mbps     0 retrans
[2024-11-04T16:15:58.583849-0600]    12.3750 MB /   0.50 sec =  207.6741 Mbps     0 retrans
[2024-11-04T16:15:59.083857-0600]    11.7500 MB /   0.50 sec =  197.1299 Mbps     0 retrans
[2024-11-04T16:15:59.583866-0600]    11.8125 MB /   0.50 sec =  198.1817 Mbps     0 retrans
[2024-11-04T16:16:00.083759-0600]    12.2500 MB /   0.50 sec =  205.5328 Mbps     0 retrans
[2024-11-04T16:16:00.583880-0600]    12.7500 MB /   0.50 sec =  213.8932 Mbps     0 retrans
[2024-11-04T16:16:01.083871-0600]    11.9375 MB /   0.50 sec =  200.2796 Mbps     0 retrans
[2024-11-04T16:16:01.583874-0600]    11.5625 MB /   0.50 sec =  193.9842 Mbps     0 retrans
[2024-11-04T16:16:02.083768-0600]    12.3125 MB /   0.50 sec =  206.5860 Mbps     0 retrans
[2024-11-04T16:16:02.583968-0600]    12.4375 MB /   0.50 sec =  208.6533 Mbps     0 retrans
[2024-11-04T16:16:03.083831-0600]    12.5000 MB /   0.50 sec =  209.7173 Mbps     0 retrans
[2024-11-04T16:16:03.583840-0600]     3.2500 MB /   0.50 sec =   54.5217 Mbps     0 retrans
[2024-11-04T16:16:04.083795-0600]     8.8125 MB /   0.50 sec =  147.8673 Mbps     0 retrans
[2024-11-04T16:16:04.583863-0600]    10.7500 MB /   0.50 sec =  180.3464 Mbps     0 retrans
[2024-11-04T16:16:05.083877-0600]    10.3750 MB /   0.50 sec =  174.0605 Mbps     0 retrans
[2024-11-04T16:16:05.583934-0600]    10.9375 MB /   0.50 sec =  183.4942 Mbps     0 retrans
[2024-11-04T16:16:06.083933-0600]    11.6875 MB /   0.50 sec =  196.0739 Mbps     0 retrans
[2024-11-04T16:16:06.583797-0600]    11.4375 MB /   0.50 sec =  191.9197 Mbps     0 retrans
[2024-11-04T16:16:07.083849-0600]    11.3750 MB /   0.50 sec =  190.8286 Mbps     0 retrans
[2024-11-04T16:16:07.583870-0600]    11.3750 MB /   0.50 sec =  190.8431 Mbps     0 retrans
[2024-11-04T16:16:08.083850-0600]    10.6250 MB /   0.50 sec =  178.2604 Mbps     0 retrans
[2024-11-04T16:16:08.583854-0600]    10.4375 MB /   0.50 sec =  175.1094 Mbps     0 retrans
[2024-11-04T16:16:09.083784-0600]    11.1875 MB /   0.50 sec =  187.7071 Mbps     0 retrans
[2024-11-04T16:16:09.583951-0600]    11.1250 MB /   0.50 sec =  186.6170 Mbps     0 retrans
[2024-11-04T16:16:10.083828-0600]    12.6250 MB /   0.50 sec =  211.8361 Mbps     0 retrans
[2024-11-04T16:16:10.583877-0600]    12.1250 MB /   0.50 sec =  203.4209 Mbps     0 retrans
[2024-11-04T16:16:11.083771-0600]    10.2500 MB /   0.50 sec =  171.9744 Mbps     0 retrans
[2024-11-04T16:16:11.584079-0600]     9.3125 MB /   0.50 sec =  156.2235 Mbps     0 retrans
[2024-11-04T16:16:12.083842-0600]    10.3125 MB /   0.50 sec =  173.0247 Mbps     0 retrans
[2024-11-04T16:16:12.583786-0600]     9.5625 MB /   0.50 sec =  160.4376 Mbps     0 retrans
[2024-11-04T16:16:13.083806-0600]     8.8125 MB /   0.50 sec =  147.8448 Mbps     0 retrans
[2024-11-04T16:16:13.583863-0600]    11.0625 MB /   0.50 sec =  185.5905 Mbps     0 retrans
[2024-11-04T16:16:14.083884-0600]     9.5625 MB /   0.50 sec =  160.4276 Mbps     0 retrans
[2024-11-04T16:16:14.583911-0600]     8.1250 MB /   0.50 sec =  136.3067 Mbps     0 retrans
[2024-11-04T16:16:15.083850-0600]     8.6250 MB /   0.50 sec =  144.7191 Mbps     0 retrans
[2024-11-04T16:16:15.583823-0600]     9.8750 MB /   0.50 sec =  165.6750 Mbps     0 retrans
[2024-11-04T16:16:16.083871-0600]    11.1250 MB /   0.50 sec =  186.6435 Mbps     0 retrans
[2024-11-04T16:16:16.583978-0600]    12.3125 MB /   0.50 sec =  206.5732 Mbps     0 retrans
[2024-11-04T16:16:17.083901-0600]    11.4375 MB /   0.50 sec =  191.8752 Mbps     0 retrans
[2024-11-04T16:16:17.583837-0600]    11.0000 MB /   0.50 sec =  184.5638 Mbps     0 retrans
[2024-11-04T16:16:18.083781-0600]    10.0000 MB /   0.50 sec =  167.7809 Mbps     0 retrans
[2024-11-04T16:16:18.583872-0600]    10.0625 MB /   0.50 sec =  168.7968 Mbps     0 retrans
[2024-11-04T16:16:19.083820-0600]     8.0625 MB /   0.50 sec =  135.2817 Mbps     0 retrans
[2024-11-04T16:16:19.583761-0600]     8.5000 MB /   0.50 sec =  142.6123 Mbps     0 retrans
[2024-11-04T16:16:20.083865-0600]     9.0625 MB /   0.50 sec =  152.0277 Mbps     0 retrans
[2024-11-04T16:16:20.584002-0600]     9.4375 MB /   0.50 sec =  158.3391 Mbps     0 retrans
[2024-11-04T16:16:21.083841-0600]     1.9375 MB /   0.50 sec =   32.5058 Mbps     0 retrans
[2024-11-04T16:16:21.583816-0600]     6.5625 MB /   0.50 sec =  110.0981 Mbps     0 retrans
[2024-11-04T16:16:22.083903-0600]     7.9375 MB /   0.50 sec =  133.1657 Mbps     0 retrans
[2024-11-04T16:16:22.583859-0600]     8.6250 MB /   0.50 sec =  144.7171 Mbps     0 retrans
[2024-11-04T16:16:23.083828-0600]     8.0000 MB /   0.50 sec =  134.2148 Mbps     0 retrans
[2024-11-04T16:16:23.583905-0600]     8.2500 MB /   0.50 sec =  138.3935 Mbps     0 retrans
[2024-11-04T16:16:24.083908-0600]     9.5000 MB /   0.50 sec =  159.3938 Mbps     0 retrans
[2024-11-04T16:16:24.583818-0600]     9.5000 MB /   0.50 sec =  159.3909 Mbps     0 retrans
[2024-11-04T16:16:25.083851-0600]     9.0625 MB /   0.50 sec =  152.0450 Mbps     0 retrans
[2024-11-04T16:16:25.583841-0600]     8.0000 MB /   0.50 sec =  134.2180 Mbps     0 retrans
[2024-11-04T16:16:26.083769-0600]     8.1875 MB /   0.50 sec =  137.3706 Mbps     0 retrans
[2024-11-04T16:16:26.583780-0600]     4.1250 MB /   0.50 sec =   69.2048 Mbps     0 retrans
[2024-11-04T16:16:27.083854-0600]     3.0000 MB /   0.50 sec =   50.3293 Mbps     0 retrans
[2024-11-04T16:16:27.583921-0600]    11.6250 MB /   0.50 sec =  195.0273 Mbps     0 retrans
[2024-11-04T16:16:28.083971-0600]     8.6250 MB /   0.50 sec =  144.7101 Mbps     0 retrans
[2024-11-04T16:16:28.583859-0600]     7.8750 MB /   0.50 sec =  132.1203 Mbps     0 retrans
[2024-11-04T16:16:29.083779-0600]     8.8125 MB /   0.50 sec =  147.8578 Mbps     0 retrans
[2024-11-04T16:16:29.583784-0600]    10.1250 MB /   0.50 sec =  169.8710 Mbps     0 retrans
[2024-11-04T16:16:30.083940-0600]     8.4375 MB /   0.50 sec =  141.5306 Mbps     0 retrans
[2024-11-04T16:16:30.583836-0600]    10.1875 MB /   0.50 sec =  170.9408 Mbps     0 retrans
[2024-11-04T16:16:31.083928-0600]    10.4375 MB /   0.50 sec =  175.0884 Mbps     0 retrans
[2024-11-04T16:16:31.583935-0600]    10.1875 MB /   0.50 sec =  170.9261 Mbps     0 retrans
[2024-11-04T16:16:32.083846-0600]    10.1250 MB /   0.50 sec =  169.8832 Mbps     0 retrans
[2024-11-04T16:16:32.583872-0600]     8.1875 MB /   0.50 sec =  137.3577 Mbps     0 retrans
[2024-11-04T16:16:33.083897-0600]    10.0625 MB /   0.50 sec =  168.8096 Mbps     0 retrans
[2024-11-04T16:16:33.583872-0600]     9.3125 MB /   0.50 sec =  156.2466 Mbps     0 retrans
[2024-11-04T16:16:34.083866-0600]     8.5625 MB /   0.50 sec =  143.6650 Mbps     0 retrans
[2024-11-04T16:16:34.583797-0600]     9.5625 MB /   0.50 sec =  160.4296 Mbps     0 retrans
[2024-11-04T16:16:35.084055-0600]     1.6875 MB /   0.50 sec =   28.3037 Mbps     0 retrans
[2024-11-04T16:16:35.583874-0600]     8.3750 MB /   0.50 sec =  140.5469 Mbps     0 retrans
[2024-11-04T16:16:36.083892-0600]    10.3750 MB /   0.50 sec =  174.0622 Mbps     0 retrans
[2024-11-04T16:16:36.583900-0600]     9.8750 MB /   0.50 sec =  165.6714 Mbps     0 retrans
[2024-11-04T16:16:37.083803-0600]    10.2500 MB /   0.50 sec =  171.9785 Mbps     0 retrans
[2024-11-04T16:16:37.583885-0600]     9.8750 MB /   0.50 sec =  165.6621 Mbps     0 retrans
[2024-11-04T16:16:38.083795-0600]    10.3750 MB /   0.50 sec =  174.0699 Mbps     0 retrans
[2024-11-04T16:16:38.583863-0600]    10.5625 MB /   0.50 sec =  177.2083 Mbps     0 retrans
[2024-11-04T16:16:39.083843-0600]    10.2500 MB /   0.50 sec =  171.9616 Mbps     0 retrans
[2024-11-04T16:16:39.583903-0600]     8.7500 MB /   0.50 sec =  146.7895 Mbps     0 retrans
[2024-11-04T16:16:40.083836-0600]     8.8750 MB /   0.50 sec =  148.9160 Mbps     0 retrans
[2024-11-04T16:16:40.583788-0600]     9.3750 MB /   0.50 sec =  157.2943 Mbps     0 retrans
[2024-11-04T16:16:41.083817-0600]    10.0000 MB /   0.50 sec =  167.7661 Mbps     0 retrans
[2024-11-04T16:16:41.584050-0600]    10.1250 MB /   0.50 sec =  169.8493 Mbps     0 retrans
[2024-11-04T16:16:42.083925-0600]    10.6250 MB /   0.50 sec =  178.2515 Mbps     0 retrans
[2024-11-04T16:16:42.583794-0600]    10.5625 MB /   0.50 sec =  177.2391 Mbps     0 retrans
[2024-11-04T16:16:43.083774-0600]    11.0625 MB /   0.50 sec =  185.6035 Mbps     0 retrans
[2024-11-04T16:16:43.583855-0600]    10.6875 MB /   0.50 sec =  179.2929 Mbps     0 retrans
[2024-11-04T16:16:44.083950-0600]    10.6250 MB /   0.50 sec =  178.2323 Mbps     0 retrans
[2024-11-04T16:16:44.583846-0600]    11.5625 MB /   0.50 sec =  194.0157 Mbps     0 retrans
[2024-11-04T16:16:45.083906-0600]    10.6875 MB /   0.50 sec =  179.2975 Mbps     0 retrans
[2024-11-04T16:16:45.583792-0600]    11.0000 MB /   0.50 sec =  184.5730 Mbps     0 retrans
[2024-11-04T16:16:46.084033-0600]     8.6250 MB /   0.50 sec =  144.6948 Mbps     0 retrans
[2024-11-04T16:16:46.583921-0600]    11.4375 MB /   0.50 sec =  191.8675 Mbps     0 retrans
[2024-11-04T16:16:47.083920-0600]    11.1250 MB /   0.50 sec =  186.6555 Mbps     0 retrans
[2024-11-04T16:16:47.583929-0600]    11.0625 MB /   0.50 sec =  185.5879 Mbps     0 retrans
[2024-11-04T16:16:48.083854-0600]    11.1250 MB /   0.50 sec =  186.6682 Mbps     0 retrans
[2024-11-04T16:16:48.583940-0600]    11.7500 MB /   0.50 sec =  197.1272 Mbps     0 retrans
[2024-11-04T16:16:49.083882-0600]    12.5625 MB /   0.50 sec =  210.7596 Mbps     0 retrans
[2024-11-04T16:16:49.583853-0600]    12.3750 MB /   0.50 sec =  207.6276 Mbps     0 retrans
[2024-11-04T16:16:50.083834-0600]    11.1875 MB /   0.50 sec =  187.7067 Mbps     0 retrans
[2024-11-04T16:16:50.583950-0600]    12.3125 MB /   0.50 sec =  206.5236 Mbps     0 retrans
[2024-11-04T16:16:51.083849-0600]    10.3125 MB /   0.50 sec =  173.0413 Mbps     0 retrans
[2024-11-04T16:16:51.583815-0600]    11.5625 MB /   0.50 sec =  193.9928 Mbps     0 retrans
[2024-11-04T16:16:52.083759-0600]    11.7500 MB /   0.50 sec =  197.1406 Mbps     0 retrans
[2024-11-04T16:16:52.583876-0600]     8.6250 MB /   0.50 sec =  144.6899 Mbps     0 retrans
[2024-11-04T16:16:53.083790-0600]     8.1875 MB /   0.50 sec =  137.3750 Mbps     0 retrans
[2024-11-04T16:16:53.583902-0600]     7.4375 MB /   0.50 sec =  124.7568 Mbps     0 retrans
[2024-11-04T16:16:54.083888-0600]     2.3750 MB /   0.50 sec =   39.8500 Mbps     0 retrans
[2024-11-04T16:16:54.583886-0600]    11.3125 MB /   0.50 sec =  189.7888 Mbps     0 retrans
[2024-11-04T16:16:55.083986-0600]    12.9375 MB /   0.50 sec =  217.0665 Mbps     0 retrans
[2024-11-04T16:16:55.583868-0600]    13.0000 MB /   0.50 sec =  218.0933 Mbps     0 retrans
[2024-11-04T16:16:56.083847-0600]    11.4375 MB /   0.50 sec =  191.8975 Mbps     0 retrans
[2024-11-04T16:16:56.583870-0600]    11.5625 MB /   0.50 sec =  193.9811 Mbps     0 retrans
[2024-11-04T16:16:57.083858-0600]    12.4375 MB /   0.50 sec =  208.6708 Mbps     0 retrans
[2024-11-04T16:16:57.583855-0600]    12.2500 MB /   0.50 sec =  205.5250 Mbps     0 retrans
[2024-11-04T16:16:58.083823-0600]    12.3750 MB /   0.50 sec =  207.6189 Mbps     0 retrans
[2024-11-04T16:16:58.583916-0600]    13.3750 MB /   0.50 sec =  224.3715 Mbps     0 retrans
[2024-11-04T16:16:59.083813-0600]    11.3750 MB /   0.50 sec =  190.8637 Mbps     0 retrans
[2024-11-04T16:16:59.583951-0600]     8.8125 MB /   0.50 sec =  147.8214 Mbps     0 retrans
[2024-11-04T16:17:00.083919-0600]    12.8125 MB /   0.50 sec =  214.9800 Mbps     0 retrans
[2024-11-04T16:17:00.583829-0600]    12.1250 MB /   0.50 sec =  203.4400 Mbps     0 retrans
[2024-11-04T16:17:01.083787-0600]    12.6875 MB /   0.50 sec =  212.8694 Mbps     0 retrans
[2024-11-04T16:17:01.583941-0600]    12.6250 MB /   0.50 sec =  211.7717 Mbps     0 retrans
[2024-11-04T16:17:02.083888-0600]    14.0625 MB /   0.50 sec =  235.9537 Mbps     0 retrans
[2024-11-04T16:17:02.583898-0600]    14.4375 MB /   0.50 sec =  242.2254 Mbps     0 retrans
[2024-11-04T16:17:03.083860-0600]    13.7500 MB /   0.50 sec =  230.6863 Mbps     0 retrans
[2024-11-04T16:17:03.584063-0600]    14.1250 MB /   0.50 sec =  236.9810 Mbps     0 retrans
[2024-11-04T16:17:04.083859-0600]    14.8125 MB /   0.50 sec =  248.5160 Mbps     0 retrans
[2024-11-04T16:17:04.583850-0600]    13.5625 MB /   0.50 sec =  227.5392 Mbps     0 retrans
[2024-11-04T16:17:05.083881-0600]    13.7500 MB /   0.50 sec =  230.6821 Mbps     0 retrans
[2024-11-04T16:17:05.583864-0600]    13.5625 MB /   0.50 sec =  227.5442 Mbps     0 retrans
[2024-11-04T16:17:06.083867-0600]    12.5000 MB /   0.50 sec =  209.7139 Mbps     0 retrans
[2024-11-04T16:17:06.583772-0600]    13.7500 MB /   0.50 sec =  230.6996 Mbps     0 retrans
End time: 1730758626934
