Start time: 1731013187358
[2024-11-07T15:59:48.306524-0500] nuttcp-r: v8.1.4: socket
[2024-11-07T15:59:48.307782-0500] nuttcp-r: buflen=65536, nstream=1, port=5101 tcp
[2024-11-07T15:59:48.308039-0500] nuttcp-r: interval reporting every 0.50 seconds
[2024-11-07T15:59:48.308174-0500] nuttcp-r: connect to 54.197.223.49 with RTT=80.687 ms af=inet
[2024-11-07T15:59:48.308287-0500] nuttcp-r: send window size = 2097152, receive window size = 6291456
[2024-11-07T15:59:48.308393-0500] nuttcp-r: available send window = 1572864, available receive window = 4718592
[2024-11-07T15:59:48.308494-0500]     0.4375 MB /   0.50 sec =    7.3392 Mbps     0 retrans     13 KB-cwnd
[2024-11-07T15:59:48.806361-0500]     5.3125 MB /   0.50 sec =   89.1220 Mbps     0 retrans     13 KB-cwnd
[2024-11-07T15:59:49.306275-0500]     6.3125 MB /   0.50 sec =  105.9146 Mbps     0 retrans     13 KB-cwnd
[2024-11-07T15:59:49.806353-0500]     5.7500 MB /   0.50 sec =   96.4686 Mbps     0 retrans     13 KB-cwnd
[2024-11-07T15:59:50.306379-0500]     5.1875 MB /   0.50 sec =   87.0215 Mbps     0 retrans     13 KB-cwnd
[2024-11-07T15:59:50.806312-0500]     5.5000 MB /   0.50 sec =   92.2867 Mbps     0 retrans     13 KB-cwnd
[2024-11-07T15:59:51.306306-0500]     5.3750 MB /   0.50 sec =   90.1784 Mbps     0 retrans     13 KB-cwnd
[2024-11-07T15:59:51.806417-0500]     3.1250 MB /   0.50 sec =   52.4290 Mbps     0 retrans     13 KB-cwnd
[2024-11-07T15:59:52.306318-0500]     5.4375 MB /   0.50 sec =   91.2250 Mbps     0 retrans     13 KB-cwnd
[2024-11-07T15:59:52.806426-0500]     5.6875 MB /   0.50 sec =   95.4216 Mbps     0 retrans     13 KB-cwnd
[2024-11-07T15:59:53.306318-0500]     5.3750 MB /   0.50 sec =   90.1757 Mbps     0 retrans     13 KB-cwnd
[2024-11-07T15:59:53.806297-0500]     6.0000 MB /   0.50 sec =  100.6651 Mbps     0 retrans     13 KB-cwnd
[2024-11-07T15:59:54.306309-0500]     5.5625 MB /   0.50 sec =   93.3223 Mbps     0 retrans     13 KB-cwnd
[2024-11-07T15:59:54.806306-0500]     5.0000 MB /   0.50 sec =   83.8869 Mbps     0 retrans     13 KB-cwnd
[2024-11-07T15:59:55.306319-0500]     5.1250 MB /   0.50 sec =   85.9822 Mbps     0 retrans     13 KB-cwnd
[2024-11-07T15:59:55.806278-0500]     5.1875 MB /   0.50 sec =   87.0288 Mbps     0 retrans     13 KB-cwnd
[2024-11-07T15:59:56.306311-0500]     4.9375 MB /   0.50 sec =   82.8405 Mbps     0 retrans     13 KB-cwnd
[2024-11-07T15:59:56.806330-0500]     5.1875 MB /   0.50 sec =   87.0309 Mbps     0 retrans     13 KB-cwnd
[2024-11-07T15:59:57.306303-0500]     5.6875 MB /   0.50 sec =   95.4221 Mbps     0 retrans     13 KB-cwnd
[2024-11-07T15:59:57.806299-0500]     5.0625 MB /   0.50 sec =   84.9355 Mbps     0 retrans     13 KB-cwnd
[2024-11-07T15:59:58.306316-0500]     6.1250 MB /   0.50 sec =  102.7584 Mbps     0 retrans     13 KB-cwnd
[2024-11-07T15:59:58.806294-0500]     2.3125 MB /   0.50 sec =   38.7979 Mbps     0 retrans     13 KB-cwnd
[2024-11-07T15:59:59.306312-0500]     5.5625 MB /   0.50 sec =   93.3223 Mbps     0 retrans     13 KB-cwnd
[2024-11-07T15:59:59.806306-0500]     6.1250 MB /   0.50 sec =  102.7613 Mbps     0 retrans     13 KB-cwnd
[2024-11-07T16:00:00.306226-0500]     5.3750 MB /   0.50 sec =   90.1820 Mbps     0 retrans     13 KB-cwnd
[2024-11-07T16:00:00.806313-0500]     7.1875 MB /   0.50 sec =  120.5802 Mbps     0 retrans     13 KB-cwnd
[2024-11-07T16:00:01.306256-0500]     7.0000 MB /   0.50 sec =  117.4419 Mbps     0 retrans     13 KB-cwnd
[2024-11-07T16:00:01.806514-0500]     6.8125 MB /   0.50 sec =  114.2774 Mbps     0 retrans     13 KB-cwnd
[2024-11-07T16:00:02.306302-0500]     6.5000 MB /   0.50 sec =  109.0674 Mbps     0 retrans     18 KB-cwnd
[2024-11-07T16:00:02.806312-0500]     6.1250 MB /   0.50 sec =  102.7567 Mbps     0 retrans     18 KB-cwnd
[2024-11-07T16:00:03.306309-0500]     5.7500 MB /   0.50 sec =   96.4719 Mbps     0 retrans     18 KB-cwnd
[2024-11-07T16:00:03.806368-0500]     5.1250 MB /   0.50 sec =   85.9757 Mbps     0 retrans     26 KB-cwnd
[2024-11-07T16:00:04.306303-0500]     5.9375 MB /   0.50 sec =   99.6239 Mbps     0 retrans     26 KB-cwnd
[2024-11-07T16:00:04.806315-0500]     5.6250 MB /   0.50 sec =   94.3701 Mbps     0 retrans     26 KB-cwnd
[2024-11-07T16:00:05.306250-0500]     5.8125 MB /   0.50 sec =   97.5203 Mbps     0 retrans     26 KB-cwnd
[2024-11-07T16:00:05.806398-0500]     6.5000 MB /   0.50 sec =  109.0325 Mbps     0 retrans     26 KB-cwnd
[2024-11-07T16:00:06.306312-0500]     6.2500 MB /   0.50 sec =  104.8742 Mbps     0 retrans     26 KB-cwnd
[2024-11-07T16:00:06.806220-0500]     6.7500 MB /   0.50 sec =  113.2528 Mbps     0 retrans     26 KB-cwnd
[2024-11-07T16:00:07.306381-0500]     6.3750 MB /   0.50 sec =  106.9344 Mbps     0 retrans     26 KB-cwnd
[2024-11-07T16:00:07.806237-0500]     6.6250 MB /   0.50 sec =  111.1706 Mbps     0 retrans     26 KB-cwnd
[2024-11-07T16:00:08.306405-0500]     6.5000 MB /   0.50 sec =  109.0270 Mbps     0 retrans     26 KB-cwnd
[2024-11-07T16:00:08.806301-0500]     6.3750 MB /   0.50 sec =  106.9727 Mbps     0 retrans     26 KB-cwnd
[2024-11-07T16:00:09.306301-0500]     2.3750 MB /   0.50 sec =   39.8460 Mbps     0 retrans     26 KB-cwnd
[2024-11-07T16:00:09.806374-0500]     6.5000 MB /   0.50 sec =  109.0375 Mbps     0 retrans     26 KB-cwnd
[2024-11-07T16:00:10.306314-0500]     5.7500 MB /   0.50 sec =   96.4813 Mbps     0 retrans     26 KB-cwnd
[2024-11-07T16:00:10.806423-0500]     7.2500 MB /   0.50 sec =  121.6351 Mbps     0 retrans     26 KB-cwnd
[2024-11-07T16:00:11.306309-0500]     7.7500 MB /   0.50 sec =  130.0229 Mbps     0 retrans     26 KB-cwnd
[2024-11-07T16:00:11.806292-0500]     7.2500 MB /   0.50 sec =  121.6341 Mbps     0 retrans     26 KB-cwnd
[2024-11-07T16:00:12.306226-0500]     6.4375 MB /   0.50 sec =  108.0115 Mbps     0 retrans     26 KB-cwnd
[2024-11-07T16:00:12.806429-0500]     6.6250 MB /   0.50 sec =  111.1219 Mbps     0 retrans     37 KB-cwnd
[2024-11-07T16:00:13.306316-0500]     7.3750 MB /   0.50 sec =  123.7520 Mbps     0 retrans     37 KB-cwnd
[2024-11-07T16:00:13.806343-0500]     6.5625 MB /   0.50 sec =  110.0956 Mbps     0 retrans     37 KB-cwnd
[2024-11-07T16:00:14.306367-0500]     6.6875 MB /   0.50 sec =  112.1963 Mbps     0 retrans     37 KB-cwnd
[2024-11-07T16:00:14.806388-0500]     7.1875 MB /   0.50 sec =  120.5792 Mbps     0 retrans     43 KB-cwnd
[2024-11-07T16:00:15.306298-0500]     6.0625 MB /   0.50 sec =  101.7259 Mbps     0 retrans     43 KB-cwnd
[2024-11-07T16:00:15.806372-0500]     6.0625 MB /   0.50 sec =  101.6997 Mbps     0 retrans     43 KB-cwnd
[2024-11-07T16:00:16.306293-0500]     7.1875 MB /   0.50 sec =  120.6007 Mbps     0 retrans     43 KB-cwnd
[2024-11-07T16:00:16.806303-0500]     7.1875 MB /   0.50 sec =  120.5855 Mbps     0 retrans     48 KB-cwnd
[2024-11-07T16:00:17.306242-0500]     7.6875 MB /   0.50 sec =  128.9823 Mbps     0 retrans     48 KB-cwnd
[2024-11-07T16:00:17.806421-0500]     7.4375 MB /   0.50 sec =  124.7733 Mbps     0 retrans     48 KB-cwnd
[2024-11-07T16:00:18.306317-0500]     6.5000 MB /   0.50 sec =  109.0504 Mbps     0 retrans     48 KB-cwnd
[2024-11-07T16:00:18.806321-0500]     6.1250 MB /   0.50 sec =  102.7615 Mbps     0 retrans     51 KB-cwnd
[2024-11-07T16:00:19.306302-0500]     7.5000 MB /   0.50 sec =  125.8304 Mbps     0 retrans     51 KB-cwnd
[2024-11-07T16:00:19.806239-0500]     2.8750 MB /   0.50 sec =   48.2360 Mbps     0 retrans     51 KB-cwnd
[2024-11-07T16:00:20.306334-0500]     8.5625 MB /   0.50 sec =  143.6443 Mbps     0 retrans     51 KB-cwnd
[2024-11-07T16:00:20.806309-0500]     8.4375 MB /   0.50 sec =  141.5617 Mbps     0 retrans     51 KB-cwnd
[2024-11-07T16:00:21.306310-0500]     8.0625 MB /   0.50 sec =  135.2660 Mbps     0 retrans     51 KB-cwnd
[2024-11-07T16:00:21.806313-0500]     7.8125 MB /   0.50 sec =  131.0720 Mbps     0 retrans     51 KB-cwnd
[2024-11-07T16:00:22.306295-0500]     7.2500 MB /   0.50 sec =  121.6365 Mbps     0 retrans     51 KB-cwnd
[2024-11-07T16:00:22.806322-0500]     7.8125 MB /   0.50 sec =  131.0691 Mbps     0 retrans   2846 KB-cwnd
[2024-11-07T16:00:23.306311-0500]     8.1875 MB /   0.50 sec =  137.3659 Mbps     0 retrans   2846 KB-cwnd
[2024-11-07T16:00:23.806382-0500]     7.5625 MB /   0.50 sec =  126.8724 Mbps     0 retrans   2846 KB-cwnd
[2024-11-07T16:00:24.306379-0500]     6.5625 MB /   0.50 sec =  110.1036 Mbps     0 retrans   2846 KB-cwnd
[2024-11-07T16:00:24.806372-0500]     5.5625 MB /   0.50 sec =   93.3134 Mbps     0 retrans   2846 KB-cwnd
[2024-11-07T16:00:25.306311-0500]     5.6250 MB /   0.50 sec =   94.3813 Mbps     0 retrans   2846 KB-cwnd
[2024-11-07T16:00:25.806306-0500]     5.7500 MB /   0.50 sec =   96.4719 Mbps     0 retrans   2846 KB-cwnd
[2024-11-07T16:00:26.306470-0500]     5.8750 MB /   0.50 sec =   98.5592 Mbps     0 retrans   2846 KB-cwnd
[2024-11-07T16:00:26.806313-0500]     5.8125 MB /   0.50 sec =   97.5219 Mbps     0 retrans   2846 KB-cwnd
[2024-11-07T16:00:27.306305-0500]     3.6250 MB /   0.50 sec =   60.8186 Mbps     0 retrans   2846 KB-cwnd
[2024-11-07T16:00:27.806302-0500]     3.5000 MB /   0.50 sec =   58.7198 Mbps     0 retrans   2846 KB-cwnd
[2024-11-07T16:00:28.306306-0500]     3.6250 MB /   0.50 sec =   60.8181 Mbps     0 retrans   2846 KB-cwnd
[2024-11-07T16:00:28.806306-0500]     3.2500 MB /   0.50 sec =   54.5260 Mbps     0 retrans   3028 KB-cwnd
[2024-11-07T16:00:29.306303-0500]     2.7500 MB /   0.50 sec =   46.1373 Mbps     0 retrans   3028 KB-cwnd
[2024-11-07T16:00:29.806375-0500]     2.8125 MB /   0.50 sec =   47.1801 Mbps     0 retrans   3028 KB-cwnd
[2024-11-07T16:00:30.306341-0500]     1.1250 MB /   0.50 sec =   18.8758 Mbps     0 retrans   3028 KB-cwnd
[2024-11-07T16:00:30.806349-0500]     3.7500 MB /   0.50 sec =   62.9119 Mbps     0 retrans   3028 KB-cwnd
[2024-11-07T16:00:31.306305-0500]     3.4375 MB /   0.50 sec =   57.6768 Mbps     0 retrans   3028 KB-cwnd
[2024-11-07T16:00:31.806363-0500]     1.8125 MB /   0.50 sec =   30.4027 Mbps     0 retrans   3028 KB-cwnd
[2024-11-07T16:00:32.306561-0500]     1.7500 MB /   0.50 sec =   29.3595 Mbps     0 retrans   3028 KB-cwnd
[2024-11-07T16:00:32.806303-0500]     3.9375 MB /   0.50 sec =   66.0739 Mbps     0 retrans   3028 KB-cwnd
[2024-11-07T16:00:33.306317-0500]     3.6250 MB /   0.50 sec =   60.8174 Mbps     0 retrans   3028 KB-cwnd
[2024-11-07T16:00:33.806310-0500]     3.2500 MB /   0.50 sec =   54.5260 Mbps     0 retrans   3028 KB-cwnd
[2024-11-07T16:00:34.306315-0500]     3.7500 MB /   0.50 sec =   62.9146 Mbps     0 retrans   3028 KB-cwnd
[2024-11-07T16:00:34.806316-0500]     3.7500 MB /   0.50 sec =   62.9144 Mbps     0 retrans   3028 KB-cwnd
[2024-11-07T16:00:35.306398-0500]     4.0000 MB /   0.50 sec =   67.1008 Mbps     0 retrans   3028 KB-cwnd
[2024-11-07T16:00:35.806322-0500]     3.3750 MB /   0.50 sec =   56.6299 Mbps     0 retrans   3028 KB-cwnd
[2024-11-07T16:00:36.306363-0500]     3.3125 MB /   0.50 sec =   55.5771 Mbps     0 retrans   3028 KB-cwnd
[2024-11-07T16:00:36.806368-0500]     0.8750 MB /   0.50 sec =   14.6789 Mbps     0 retrans   3028 KB-cwnd
[2024-11-07T16:00:37.306347-0500]     0.0625 MB /   0.50 sec =    1.0485 Mbps     0 retrans   3028 KB-cwnd
[2024-11-07T16:00:37.806467-0500]     0.0000 MB /   0.50 sec =    0.0000 Mbps     0 retrans   3028 KB-cwnd
[2024-11-07T16:00:38.306357-0500]     0.0000 MB /   0.50 sec =    0.0000 Mbps     0 retrans   3028 KB-cwnd
[2024-11-07T16:00:38.806479-0500]     0.0000 MB /   0.50 sec =    0.0000 Mbps     0 retrans   3028 KB-cwnd
[2024-11-07T16:00:39.306419-0500]     0.0000 MB /   0.50 sec =    0.0000 Mbps     0 retrans   3028 KB-cwnd
[2024-11-07T16:00:39.806400-0500]     1.6875 MB /   0.50 sec =   28.3158 Mbps     0 retrans   3028 KB-cwnd
[2024-11-07T16:00:40.306344-0500]     3.5625 MB /   0.50 sec =   59.7719 Mbps     0 retrans   3028 KB-cwnd
[2024-11-07T16:00:40.806571-0500]     2.8125 MB /   0.50 sec =   47.1796 Mbps     0 retrans   3028 KB-cwnd
[2024-11-07T16:00:41.306315-0500]     3.7500 MB /   0.50 sec =   62.9240 Mbps     0 retrans   3028 KB-cwnd
[2024-11-07T16:00:41.806310-0500]     6.0625 MB /   0.50 sec =  101.7119 Mbps     0 retrans   3028 KB-cwnd
[2024-11-07T16:00:42.306316-0500]     6.8125 MB /   0.50 sec =  114.2943 Mbps     0 retrans   3321 KB-cwnd
[2024-11-07T16:00:42.806238-0500]     8.4375 MB /   0.50 sec =  141.5654 Mbps     0 retrans   3321 KB-cwnd
[2024-11-07T16:00:43.306325-0500]     9.1875 MB /   0.50 sec =  154.1277 Mbps     0 retrans   3321 KB-cwnd
[2024-11-07T16:00:43.806319-0500]     8.5000 MB /   0.50 sec =  142.6120 Mbps     0 retrans   3321 KB-cwnd
[2024-11-07T16:00:44.306333-0500]     9.2500 MB /   0.50 sec =  155.1858 Mbps     0 retrans   3321 KB-cwnd
[2024-11-07T16:00:44.806361-0500]     9.6250 MB /   0.50 sec =  161.4755 Mbps     0 retrans   3321 KB-cwnd
[2024-11-07T16:00:45.306368-0500]     9.6250 MB /   0.50 sec =  161.4872 Mbps     0 retrans   3321 KB-cwnd
[2024-11-07T16:00:45.806313-0500]     9.6250 MB /   0.50 sec =  161.4810 Mbps     0 retrans   3321 KB-cwnd
[2024-11-07T16:00:46.306348-0500]     9.9375 MB /   0.50 sec =  166.7326 Mbps     0 retrans   2211 KB-cwnd
[2024-11-07T16:00:46.806325-0500]     9.4375 MB /   0.50 sec =  158.3242 Mbps     0 retrans   2211 KB-cwnd
[2024-11-07T16:00:47.306313-0500]     9.7500 MB /   0.50 sec =  163.5808 Mbps     0 retrans   2211 KB-cwnd
[2024-11-07T16:00:47.806320-0500]     9.5000 MB /   0.50 sec =  159.3829 Mbps     0 retrans   2211 KB-cwnd
[2024-11-07T16:00:48.306293-0500]     9.4375 MB /   0.50 sec =  158.3362 Mbps     0 retrans   2211 KB-cwnd
[2024-11-07T16:00:48.806313-0500]     9.0000 MB /   0.50 sec =  150.9937 Mbps     0 retrans   2211 KB-cwnd
[2024-11-07T16:00:49.306318-0500]     8.3125 MB /   0.50 sec =  139.4623 Mbps     0 retrans   2211 KB-cwnd
[2024-11-07T16:00:49.806326-0500]     8.6875 MB /   0.50 sec =  145.7509 Mbps   130 retrans   2451 KB-cwnd
[2024-11-07T16:00:50.306485-0500]     9.0625 MB /   0.50 sec =  152.0049 Mbps     0 retrans   2451 KB-cwnd
[2024-11-07T16:00:50.806367-0500]     9.0000 MB /   0.50 sec =  151.0312 Mbps     0 retrans   2459 KB-cwnd
[2024-11-07T16:00:51.306312-0500]     9.5000 MB /   0.50 sec =  159.3880 Mbps     0 retrans   2553 KB-cwnd
[2024-11-07T16:00:51.806312-0500]     9.0625 MB /   0.50 sec =  152.0420 Mbps     0 retrans   2553 KB-cwnd
[2024-11-07T16:00:52.306605-0500]     6.8125 MB /   0.50 sec =  114.2719 Mbps     0 retrans   2553 KB-cwnd
[2024-11-07T16:00:52.806320-0500]     6.4375 MB /   0.50 sec =  108.0245 Mbps     0 retrans   2553 KB-cwnd
[2024-11-07T16:00:53.306425-0500]    10.0625 MB /   0.50 sec =  168.8207 Mbps     0 retrans   2553 KB-cwnd
[2024-11-07T16:00:53.806299-0500]     9.1250 MB /   0.50 sec =  153.0933 Mbps     0 retrans   2555 KB-cwnd
[2024-11-07T16:00:54.306265-0500]     6.5625 MB /   0.50 sec =  110.1005 Mbps     0 retrans   3595 KB-cwnd
[2024-11-07T16:00:54.806329-0500]     7.8125 MB /   0.50 sec =  131.0681 Mbps     0 retrans   3595 KB-cwnd
[2024-11-07T16:00:55.306405-0500]     6.1250 MB /   0.50 sec =  102.7461 Mbps     0 retrans   3595 KB-cwnd
[2024-11-07T16:00:55.806265-0500]     6.6875 MB /   0.50 sec =  112.2165 Mbps     0 retrans   3595 KB-cwnd
[2024-11-07T16:00:56.306425-0500]     7.1250 MB /   0.50 sec =  119.5171 Mbps     0 retrans   3595 KB-cwnd
[2024-11-07T16:00:56.806307-0500]     6.3750 MB /   0.50 sec =  106.9734 Mbps     0 retrans   3595 KB-cwnd
[2024-11-07T16:00:57.306267-0500]     6.5625 MB /   0.50 sec =  110.1029 Mbps     0 retrans   3595 KB-cwnd
[2024-11-07T16:00:57.806315-0500]     6.1250 MB /   0.50 sec =  102.7576 Mbps     0 retrans   3595 KB-cwnd
[2024-11-07T16:00:58.306333-0500]     6.3750 MB /   0.50 sec =  106.9552 Mbps     0 retrans   3595 KB-cwnd
[2024-11-07T16:00:58.806357-0500]     6.1250 MB /   0.50 sec =  102.7557 Mbps     0 retrans   3595 KB-cwnd
[2024-11-07T16:00:59.306305-0500]     5.1875 MB /   0.50 sec =   87.0362 Mbps     0 retrans   3595 KB-cwnd
[2024-11-07T16:00:59.806307-0500]     5.7500 MB /   0.50 sec =   96.4690 Mbps     0 retrans   3348 KB-cwnd
[2024-11-07T16:01:00.306348-0500]     6.0000 MB /   0.50 sec =  100.6619 Mbps     0 retrans   3348 KB-cwnd
[2024-11-07T16:01:00.806305-0500]     5.8125 MB /   0.50 sec =   97.5182 Mbps     0 retrans   3348 KB-cwnd
[2024-11-07T16:01:01.306236-0500]     5.6250 MB /   0.50 sec =   94.3739 Mbps     0 retrans   3348 KB-cwnd
[2024-11-07T16:01:01.806389-0500]     5.8125 MB /   0.50 sec =   97.5024 Mbps     0 retrans   3348 KB-cwnd
[2024-11-07T16:01:02.306319-0500]     5.7500 MB /   0.50 sec =   96.4811 Mbps     0 retrans   3348 KB-cwnd
[2024-11-07T16:01:02.806436-0500]     4.5625 MB /   0.50 sec =   76.5278 Mbps     0 retrans   3348 KB-cwnd
[2024-11-07T16:01:03.306308-0500]     2.6250 MB /   0.50 sec =   44.0513 Mbps     0 retrans   3348 KB-cwnd
[2024-11-07T16:01:03.806318-0500]     5.1250 MB /   0.50 sec =   85.9836 Mbps     0 retrans   3348 KB-cwnd
[2024-11-07T16:01:04.306258-0500]     5.6875 MB /   0.50 sec =   95.4244 Mbps     0 retrans   3348 KB-cwnd
[2024-11-07T16:01:04.806315-0500]     5.1250 MB /   0.50 sec =   85.9800 Mbps     0 retrans   3348 KB-cwnd
[2024-11-07T16:01:05.306308-0500]     5.2500 MB /   0.50 sec =   88.0795 Mbps     0 retrans   3348 KB-cwnd
[2024-11-07T16:01:05.806417-0500]     5.8125 MB /   0.50 sec =   97.5144 Mbps     0 retrans   3348 KB-cwnd
[2024-11-07T16:01:06.306318-0500]     4.6250 MB /   0.50 sec =   77.5970 Mbps     0 retrans   3802 KB-cwnd
[2024-11-07T16:01:06.806211-0500]     5.4375 MB /   0.50 sec =   91.2318 Mbps     0 retrans   3802 KB-cwnd
[2024-11-07T16:01:07.306341-0500]     5.9375 MB /   0.50 sec =   99.6054 Mbps     0 retrans   3802 KB-cwnd
[2024-11-07T16:01:07.806288-0500]     5.6250 MB /   0.50 sec =   94.3764 Mbps     0 retrans   3802 KB-cwnd
[2024-11-07T16:01:08.306254-0500]     6.0000 MB /   0.50 sec =  100.6643 Mbps     0 retrans   3802 KB-cwnd
[2024-11-07T16:01:08.806335-0500]     5.4375 MB /   0.50 sec =   91.2205 Mbps     0 retrans   3802 KB-cwnd
[2024-11-07T16:01:09.306314-0500]     5.3750 MB /   0.50 sec =   90.1802 Mbps     0 retrans   3802 KB-cwnd
[2024-11-07T16:01:09.806311-0500]     6.2500 MB /   0.50 sec =  104.8586 Mbps     0 retrans   3802 KB-cwnd
[2024-11-07T16:01:10.306314-0500]     5.5000 MB /   0.50 sec =   92.2736 Mbps     0 retrans   3802 KB-cwnd
[2024-11-07T16:01:10.806310-0500]     5.8750 MB /   0.50 sec =   98.5671 Mbps     0 retrans   3802 KB-cwnd
[2024-11-07T16:01:11.306229-0500]     6.0000 MB /   0.50 sec =  100.6681 Mbps     0 retrans   3802 KB-cwnd
[2024-11-07T16:01:11.806335-0500]     6.5000 MB /   0.50 sec =  109.0412 Mbps     0 retrans   3802 KB-cwnd
[2024-11-07T16:01:12.306221-0500]     6.0000 MB /   0.50 sec =  100.6734 Mbps     0 retrans   2394 KB-cwnd
[2024-11-07T16:01:12.806349-0500]     5.0000 MB /   0.50 sec =   83.8770 Mbps     0 retrans   2394 KB-cwnd
[2024-11-07T16:01:13.306353-0500]     5.0625 MB /   0.50 sec =   84.9350 Mbps     0 retrans   2394 KB-cwnd
[2024-11-07T16:01:13.806316-0500]     3.4375 MB /   0.50 sec =   57.6741 Mbps     0 retrans   2394 KB-cwnd
[2024-11-07T16:01:14.306289-0500]     5.6250 MB /   0.50 sec =   94.3739 Mbps     0 retrans   2394 KB-cwnd
[2024-11-07T16:01:14.806308-0500]     5.3125 MB /   0.50 sec =   89.1277 Mbps     0 retrans   2394 KB-cwnd
[2024-11-07T16:01:15.306296-0500]     5.0625 MB /   0.50 sec =   84.9355 Mbps     0 retrans   2394 KB-cwnd
[2024-11-07T16:01:15.806429-0500]     4.6250 MB /   0.50 sec =   77.5935 Mbps     0 retrans   2394 KB-cwnd
[2024-11-07T16:01:16.306320-0500]     4.1250 MB /   0.50 sec =   69.2063 Mbps     0 retrans   2394 KB-cwnd
[2024-11-07T16:01:16.806305-0500]     4.0000 MB /   0.50 sec =   67.1083 Mbps     0 retrans   2394 KB-cwnd
[2024-11-07T16:01:17.306332-0500]     3.9375 MB /   0.50 sec =   66.0603 Mbps     0 retrans   2394 KB-cwnd
[2024-11-07T16:01:17.806322-0500]     3.6250 MB /   0.50 sec =   60.8162 Mbps     0 retrans   2394 KB-cwnd
[2024-11-07T16:01:18.306218-0500]     3.3750 MB /   0.50 sec =   56.6284 Mbps     0 retrans   2394 KB-cwnd
[2024-11-07T16:01:18.806254-0500]     3.4375 MB /   0.50 sec =   57.6688 Mbps     0 retrans   2394 KB-cwnd
[2024-11-07T16:01:19.306318-0500]     2.6250 MB /   0.50 sec =   44.0391 Mbps     0 retrans   2394 KB-cwnd
[2024-11-07T16:01:19.806327-0500]     2.2500 MB /   0.50 sec =   37.7484 Mbps     0 retrans   2394 KB-cwnd
[2024-11-07T16:01:20.306381-0500]     2.1875 MB /   0.50 sec =   36.6961 Mbps     0 retrans   2394 KB-cwnd
[2024-11-07T16:01:20.806394-0500]     1.6875 MB /   0.50 sec =   28.3155 Mbps     0 retrans   2394 KB-cwnd
[2024-11-07T16:01:21.306317-0500]     1.5625 MB /   0.50 sec =   26.2141 Mbps     0 retrans   2394 KB-cwnd
[2024-11-07T16:01:21.806330-0500]     1.8125 MB /   0.50 sec =   30.4086 Mbps     0 retrans   2394 KB-cwnd
[2024-11-07T16:01:22.306263-0500]     1.7500 MB /   0.50 sec =   29.3611 Mbps     0 retrans   3251 KB-cwnd
[2024-11-07T16:01:22.806340-0500]     1.3750 MB /   0.50 sec =   23.0683 Mbps     0 retrans   3251 KB-cwnd
[2024-11-07T16:01:23.306263-0500]     1.7500 MB /   0.50 sec =   29.3598 Mbps     0 retrans   3251 KB-cwnd
[2024-11-07T16:01:23.806403-0500]     1.3125 MB /   0.50 sec =   22.0161 Mbps     0 retrans   3251 KB-cwnd
[2024-11-07T16:01:24.306243-0500]     0.7500 MB /   0.50 sec =   12.5855 Mbps     0 retrans   3251 KB-cwnd
[2024-11-07T16:01:24.806565-0500]     0.9375 MB /   0.50 sec =   15.7260 Mbps     0 retrans   3251 KB-cwnd
[2024-11-07T16:01:25.306375-0500]     1.0000 MB /   0.50 sec =   16.7778 Mbps     0 retrans   3251 KB-cwnd
[2024-11-07T16:01:25.806392-0500]     1.1250 MB /   0.50 sec =   18.8739 Mbps     0 retrans   3251 KB-cwnd
[2024-11-07T16:01:26.306305-0500]     0.8750 MB /   0.50 sec =   14.6821 Mbps     0 retrans   3251 KB-cwnd
[2024-11-07T16:01:26.806322-0500]     1.0000 MB /   0.50 sec =   16.7771 Mbps     0 retrans   3251 KB-cwnd
[2024-11-07T16:01:27.306319-0500]     1.2500 MB /   0.50 sec =   20.9715 Mbps     0 retrans   3251 KB-cwnd
[2024-11-07T16:01:27.806316-0500]     1.3125 MB /   0.50 sec =   22.0204 Mbps     0 retrans   3251 KB-cwnd
[2024-11-07T16:01:28.306321-0500]     1.5625 MB /   0.50 sec =   26.2140 Mbps     0 retrans   3251 KB-cwnd
[2024-11-07T16:01:28.806341-0500]     1.6875 MB /   0.50 sec =   28.3109 Mbps     0 retrans   3251 KB-cwnd
[2024-11-07T16:01:29.306250-0500]     2.2500 MB /   0.50 sec =   37.7516 Mbps     0 retrans   3251 KB-cwnd
[2024-11-07T16:01:29.806247-0500]     2.6250 MB /   0.50 sec =   44.0396 Mbps     0 retrans   3251 KB-cwnd
[2024-11-07T16:01:30.306397-0500]     2.6250 MB /   0.50 sec =   44.0319 Mbps     0 retrans   3251 KB-cwnd
[2024-11-07T16:01:30.806374-0500]     2.5625 MB /   0.50 sec =   42.9957 Mbps     0 retrans   3251 KB-cwnd
[2024-11-07T16:01:31.306310-0500]     2.3125 MB /   0.50 sec =   38.8001 Mbps     0 retrans   3251 KB-cwnd
[2024-11-07T16:01:31.806315-0500]     2.3750 MB /   0.50 sec =   39.8456 Mbps     0 retrans   3251 KB-cwnd
[2024-11-07T16:01:32.306343-0500]     1.5625 MB /   0.50 sec =   26.2141 Mbps     0 retrans   3251 KB-cwnd
[2024-11-07T16:01:32.806314-0500]     1.8125 MB /   0.50 sec =   30.4089 Mbps     0 retrans   3251 KB-cwnd
[2024-11-07T16:01:33.306375-0500]     2.0000 MB /   0.50 sec =   33.5501 Mbps     0 retrans   3251 KB-cwnd
[2024-11-07T16:01:33.806337-0500]     1.3750 MB /   0.50 sec =   23.0717 Mbps     0 retrans   3251 KB-cwnd
[2024-11-07T16:01:34.306325-0500]     1.5625 MB /   0.50 sec =   26.2143 Mbps     0 retrans   3251 KB-cwnd
[2024-11-07T16:01:34.806500-0500]     0.9375 MB /   0.50 sec =   15.7287 Mbps     0 retrans   3251 KB-cwnd
[2024-11-07T16:01:35.306285-0500]     1.2500 MB /   0.50 sec =   20.9715 Mbps     0 retrans   3251 KB-cwnd
[2024-11-07T16:01:35.806330-0500]     1.3750 MB /   0.50 sec =   23.0685 Mbps     0 retrans   3251 KB-cwnd
[2024-11-07T16:01:36.306242-0500]     1.4375 MB /   0.50 sec =   24.1182 Mbps     0 retrans   3251 KB-cwnd
[2024-11-07T16:01:36.806441-0500]     1.6875 MB /   0.50 sec =   28.3058 Mbps     0 retrans   3251 KB-cwnd
[2024-11-07T16:01:37.306330-0500]     2.0000 MB /   0.50 sec =   33.5597 Mbps     0 retrans   3251 KB-cwnd
[2024-11-07T16:01:37.806333-0500]     2.0000 MB /   0.50 sec =   33.5545 Mbps     0 retrans   3251 KB-cwnd
[2024-11-07T16:01:38.306334-0500]     2.1250 MB /   0.50 sec =   35.6513 Mbps     0 retrans   3251 KB-cwnd
[2024-11-07T16:01:38.806370-0500]     2.2500 MB /   0.50 sec =   37.7445 Mbps     0 retrans   3251 KB-cwnd
[2024-11-07T16:01:39.306316-0500]     0.9375 MB /   0.50 sec =   15.7308 Mbps     0 retrans   3251 KB-cwnd
[2024-11-07T16:01:39.806308-0500]     2.6875 MB /   0.50 sec =   45.0887 Mbps     0 retrans   3251 KB-cwnd
[2024-11-07T16:01:40.306294-0500]     2.8125 MB /   0.50 sec =   47.1860 Mbps     0 retrans   3251 KB-cwnd
[2024-11-07T16:01:40.806317-0500]     2.5000 MB /   0.50 sec =   41.9425 Mbps     0 retrans   3251 KB-cwnd
[2024-11-07T16:01:41.306354-0500]     2.0000 MB /   0.50 sec =   33.5543 Mbps     0 retrans   3251 KB-cwnd
[2024-11-07T16:01:41.806313-0500]     2.0625 MB /   0.50 sec =   34.6022 Mbps     0 retrans   3251 KB-cwnd
[2024-11-07T16:01:42.306542-0500]     0.9375 MB /   0.50 sec =   15.7268 Mbps     0 retrans   3251 KB-cwnd
[2024-11-07T16:01:42.806251-0500]     2.3750 MB /   0.50 sec =   39.8527 Mbps     0 retrans   2996 KB-cwnd
[2024-11-07T16:01:43.306315-0500]     2.0625 MB /   0.50 sec =   34.6023 Mbps     0 retrans   2996 KB-cwnd
[2024-11-07T16:01:43.806377-0500]     2.0000 MB /   0.50 sec =   33.5502 Mbps     0 retrans   2996 KB-cwnd
[2024-11-07T16:01:44.306393-0500]     2.4375 MB /   0.50 sec =   40.8941 Mbps     0 retrans   2996 KB-cwnd
[2024-11-07T16:01:44.806314-0500]     2.5000 MB /   0.50 sec =   41.9490 Mbps     0 retrans   2996 KB-cwnd
[2024-11-07T16:01:45.306309-0500]     2.0625 MB /   0.50 sec =   34.6032 Mbps     0 retrans   2996 KB-cwnd
[2024-11-07T16:01:45.806436-0500]     1.1250 MB /   0.50 sec =   18.8711 Mbps     0 retrans   2996 KB-cwnd
[2024-11-07T16:01:46.306304-0500]     3.0000 MB /   0.50 sec =   50.3404 Mbps     0 retrans   2996 KB-cwnd
[2024-11-07T16:01:46.806501-0500]     1.9375 MB /   0.50 sec =   32.4973 Mbps     0 retrans   2996 KB-cwnd
[2024-11-07T16:01:47.306358-0500]     2.7500 MB /   0.50 sec =   46.1447 Mbps     0 retrans   2996 KB-cwnd
[2024-11-07T16:01:47.806294-0500]     2.9375 MB /   0.50 sec =   49.2884 Mbps     0 retrans   2996 KB-cwnd
[2024-11-07T16:01:48.306223-0500]     3.0625 MB /   0.50 sec =   51.3823 Mbps     0 retrans   2996 KB-cwnd
End time: 1731013308457
