Start time: 1731106126263
[2024-11-08T17:48:47.209106-0500] nuttcp-r: v8.1.4: socket
[2024-11-08T17:48:47.209863-0500] nuttcp-r: buflen=65536, nstream=1, port=5102 tcp
[2024-11-08T17:48:47.209956-0500] nuttcp-r: interval reporting every 0.50 seconds
[2024-11-08T17:48:47.210029-0500] nuttcp-r: connect to 54.197.223.49 with RTT=53.728 ms af=inet
[2024-11-08T17:48:47.210100-0500] nuttcp-r: send window size = 2097152, receive window size = 6291456
[2024-11-08T17:48:47.210168-0500] nuttcp-r: available send window = 1572864, available receive window = 4718592
[2024-11-08T17:48:47.210234-0500]     1.1875 MB /   0.50 sec =   19.9175 Mbps     0 retrans     13 KB-cwnd
[2024-11-08T17:48:47.708975-0500]     3.5000 MB /   0.50 sec =   58.7281 Mbps     0 retrans     13 KB-cwnd
[2024-11-08T17:48:48.208942-0500]     3.8125 MB /   0.50 sec =   63.9662 Mbps     0 retrans     13 KB-cwnd
[2024-11-08T17:48:48.709461-0500]     3.7500 MB /   0.50 sec =   62.9125 Mbps     0 retrans     13 KB-cwnd
[2024-11-08T17:48:49.208955-0500]     2.6875 MB /   0.50 sec =   45.0862 Mbps     0 retrans     13 KB-cwnd
[2024-11-08T17:48:49.709053-0500]     3.8750 MB /   0.50 sec =   65.0146 Mbps     0 retrans     13 KB-cwnd
[2024-11-08T17:48:50.209359-0500]     2.9375 MB /   0.50 sec =   49.2591 Mbps     0 retrans     13 KB-cwnd
[2024-11-08T17:48:50.710340-0500]     2.3750 MB /   0.50 sec =   39.7668 Mbps     0 retrans     13 KB-cwnd
[2024-11-08T17:48:51.209187-0500]     2.3125 MB /   0.50 sec =   38.8815 Mbps     0 retrans     13 KB-cwnd
[2024-11-08T17:48:51.710032-0500]     2.1875 MB /   0.50 sec =   36.6383 Mbps     0 retrans     13 KB-cwnd
[2024-11-08T17:48:52.209134-0500]     1.9375 MB /   0.50 sec =   32.5639 Mbps     0 retrans     13 KB-cwnd
[2024-11-08T17:48:52.709315-0500]     2.6875 MB /   0.50 sec =   45.0848 Mbps     0 retrans     13 KB-cwnd
[2024-11-08T17:48:53.208971-0500]     4.0625 MB /   0.50 sec =   68.1801 Mbps     0 retrans     13 KB-cwnd
[2024-11-08T17:48:53.708949-0500]     2.8750 MB /   0.50 sec =   48.2343 Mbps     0 retrans     13 KB-cwnd
[2024-11-08T17:48:54.208996-0500]     3.2500 MB /   0.50 sec =   54.5246 Mbps     0 retrans     13 KB-cwnd
[2024-11-08T17:48:54.708901-0500]     2.8125 MB /   0.50 sec =   47.1894 Mbps     0 retrans     13 KB-cwnd
[2024-11-08T17:48:55.209046-0500]     3.3750 MB /   0.50 sec =   56.6134 Mbps     0 retrans     13 KB-cwnd
[2024-11-08T17:48:55.708955-0500]     3.5625 MB /   0.50 sec =   59.7792 Mbps     0 retrans     13 KB-cwnd
[2024-11-08T17:48:56.209098-0500]     4.6250 MB /   0.50 sec =   77.5935 Mbps     0 retrans     13 KB-cwnd
[2024-11-08T17:48:56.708960-0500]     4.7500 MB /   0.50 sec =   79.6892 Mbps     0 retrans     13 KB-cwnd
[2024-11-08T17:48:57.209405-0500]     3.1875 MB /   0.50 sec =   53.4336 Mbps     0 retrans     13 KB-cwnd
[2024-11-08T17:48:57.708950-0500]     3.1250 MB /   0.50 sec =   52.4728 Mbps     0 retrans     13 KB-cwnd
[2024-11-08T17:48:58.209185-0500]     1.4375 MB /   0.50 sec =   24.1121 Mbps     0 retrans     13 KB-cwnd
[2024-11-08T17:48:58.709138-0500]     3.5625 MB /   0.50 sec =   59.7652 Mbps     0 retrans     13 KB-cwnd
[2024-11-08T17:48:59.209004-0500]     3.5000 MB /   0.50 sec =   58.7327 Mbps     0 retrans     13 KB-cwnd
[2024-11-08T17:48:59.709129-0500]     2.6875 MB /   0.50 sec =   45.0725 Mbps     0 retrans     13 KB-cwnd
[2024-11-08T17:49:00.209384-0500]     4.1250 MB /   0.50 sec =   69.1882 Mbps     0 retrans     13 KB-cwnd
[2024-11-08T17:49:00.709998-0500]     1.8125 MB /   0.50 sec =   30.3746 Mbps     0 retrans     13 KB-cwnd
[2024-11-08T17:49:01.209079-0500]     3.5000 MB /   0.50 sec =   58.8141 Mbps     0 retrans     13 KB-cwnd
[2024-11-08T17:49:01.708997-0500]     2.2500 MB /   0.50 sec =   37.7555 Mbps     0 retrans     13 KB-cwnd
[2024-11-08T17:49:02.208966-0500]     3.6250 MB /   0.50 sec =   60.8180 Mbps     0 retrans     13 KB-cwnd
[2024-11-08T17:49:02.709179-0500]     1.8125 MB /   0.50 sec =   30.3975 Mbps     0 retrans     13 KB-cwnd
[2024-11-08T17:49:03.209271-0500]     1.6875 MB /   0.50 sec =   28.3048 Mbps     0 retrans     13 KB-cwnd
[2024-11-08T17:49:03.709191-0500]     3.1875 MB /   0.50 sec =   53.5030 Mbps     0 retrans     13 KB-cwnd
[2024-11-08T17:49:04.208977-0500]     5.9375 MB /   0.50 sec =   99.6275 Mbps     0 retrans     13 KB-cwnd
[2024-11-08T17:49:04.708998-0500]     5.6875 MB /   0.50 sec =   95.4149 Mbps     0 retrans     13 KB-cwnd
[2024-11-08T17:49:05.208968-0500]     4.6250 MB /   0.50 sec =   77.5997 Mbps     0 retrans     13 KB-cwnd
[2024-11-08T17:49:05.708881-0500]     4.7500 MB /   0.50 sec =   79.6970 Mbps     0 retrans     13 KB-cwnd
[2024-11-08T17:49:06.208901-0500]     4.9375 MB /   0.50 sec =   82.8362 Mbps     0 retrans     13 KB-cwnd
[2024-11-08T17:49:06.709448-0500]     3.8750 MB /   0.50 sec =   64.9494 Mbps     0 retrans     13 KB-cwnd
[2024-11-08T17:49:07.208963-0500]     6.5000 MB /   0.50 sec =  109.1512 Mbps     0 retrans     13 KB-cwnd
[2024-11-08T17:49:07.709079-0500]     6.5000 MB /   0.50 sec =  109.0571 Mbps     0 retrans     13 KB-cwnd
[2024-11-08T17:49:08.209016-0500]     6.0625 MB /   0.50 sec =  101.6956 Mbps     0 retrans     13 KB-cwnd
[2024-11-08T17:49:08.709207-0500]     6.6250 MB /   0.50 sec =  111.1562 Mbps     0 retrans     13 KB-cwnd
[2024-11-08T17:49:09.209014-0500]     6.7500 MB /   0.50 sec =  113.2408 Mbps     0 retrans     13 KB-cwnd
[2024-11-08T17:49:09.708898-0500]     7.0000 MB /   0.50 sec =  117.4593 Mbps     0 retrans     21 KB-cwnd
[2024-11-08T17:49:10.209089-0500]     7.3125 MB /   0.50 sec =  122.6775 Mbps     0 retrans     21 KB-cwnd
[2024-11-08T17:49:10.708962-0500]     5.7500 MB /   0.50 sec =   96.4651 Mbps     0 retrans     26 KB-cwnd
[2024-11-08T17:49:11.209031-0500]     7.8750 MB /   0.50 sec =  132.1124 Mbps     0 retrans     26 KB-cwnd
[2024-11-08T17:49:11.708974-0500]     8.0000 MB /   0.50 sec =  134.2269 Mbps     0 retrans     26 KB-cwnd
[2024-11-08T17:49:12.208966-0500]     8.3125 MB /   0.50 sec =  139.4601 Mbps     0 retrans     26 KB-cwnd
[2024-11-08T17:49:12.708978-0500]     7.1250 MB /   0.50 sec =  119.5381 Mbps     0 retrans     26 KB-cwnd
[2024-11-08T17:49:13.209942-0500]     5.5000 MB /   0.50 sec =   92.1012 Mbps     0 retrans     26 KB-cwnd
[2024-11-08T17:49:13.708922-0500]     8.0000 MB /   0.50 sec =  134.4757 Mbps    57 retrans   1983 KB-cwnd
[2024-11-08T17:49:14.209287-0500]     7.3750 MB /   0.50 sec =  123.6518 Mbps     0 retrans   1983 KB-cwnd
[2024-11-08T17:49:14.709189-0500]     2.6875 MB /   0.50 sec =   45.1102 Mbps     0 retrans   1983 KB-cwnd
[2024-11-08T17:49:15.210046-0500]     6.3750 MB /   0.50 sec =  106.7470 Mbps     0 retrans   1983 KB-cwnd
[2024-11-08T17:49:15.708945-0500]     8.1250 MB /   0.50 sec =  136.5996 Mbps     0 retrans   1983 KB-cwnd
[2024-11-08T17:49:16.208910-0500]     7.3125 MB /   0.50 sec =  122.6912 Mbps     0 retrans   1983 KB-cwnd
[2024-11-08T17:49:16.709051-0500]     7.2500 MB /   0.50 sec =  121.6163 Mbps     2 retrans   2349 KB-cwnd
[2024-11-08T17:49:17.208933-0500]     7.5625 MB /   0.50 sec =  126.8919 Mbps     0 retrans   2349 KB-cwnd
[2024-11-08T17:49:17.709133-0500]     5.2500 MB /   0.50 sec =   88.0571 Mbps     0 retrans   2349 KB-cwnd
[2024-11-08T17:49:18.208893-0500]     5.7500 MB /   0.50 sec =   96.4985 Mbps     0 retrans   2349 KB-cwnd
[2024-11-08T17:49:18.709274-0500]     5.4375 MB /   0.50 sec =   91.1690 Mbps     0 retrans   2349 KB-cwnd
[2024-11-08T17:49:19.208998-0500]     7.0000 MB /   0.50 sec =  117.5089 Mbps     0 retrans   2349 KB-cwnd
[2024-11-08T17:49:19.708982-0500]     7.3750 MB /   0.50 sec =  123.7300 Mbps     4 retrans   2599 KB-cwnd
[2024-11-08T17:49:20.208908-0500]     7.3125 MB /   0.50 sec =  122.6873 Mbps     0 retrans   2599 KB-cwnd
[2024-11-08T17:49:20.709785-0500]     4.3125 MB /   0.50 sec =   72.2386 Mbps     0 retrans   2599 KB-cwnd
[2024-11-08T17:49:21.209048-0500]     8.4375 MB /   0.50 sec =  141.7608 Mbps     0 retrans   2599 KB-cwnd
[2024-11-08T17:49:21.709016-0500]     5.3125 MB /   0.50 sec =   89.1370 Mbps     0 retrans   2599 KB-cwnd
[2024-11-08T17:49:22.208968-0500]     8.2500 MB /   0.50 sec =  138.4154 Mbps     0 retrans   2599 KB-cwnd
[2024-11-08T17:49:22.708972-0500]     6.0625 MB /   0.50 sec =  101.7104 Mbps     1 retrans   2492 KB-cwnd
[2024-11-08T17:49:23.209073-0500]     6.6875 MB /   0.50 sec =  112.1651 Mbps     0 retrans   2492 KB-cwnd
[2024-11-08T17:49:23.709044-0500]     7.8125 MB /   0.50 sec =  131.1063 Mbps     0 retrans   2492 KB-cwnd
[2024-11-08T17:49:24.208935-0500]     7.8125 MB /   0.50 sec =  131.0786 Mbps     0 retrans   2492 KB-cwnd
[2024-11-08T17:49:24.708977-0500]     7.1875 MB /   0.50 sec =  120.5829 Mbps     0 retrans   2492 KB-cwnd
[2024-11-08T17:49:25.208968-0500]     2.6875 MB /   0.50 sec =   45.0894 Mbps     0 retrans   2492 KB-cwnd
[2024-11-08T17:49:25.709134-0500]     6.9375 MB /   0.50 sec =  116.3447 Mbps    11 retrans   2166 KB-cwnd
[2024-11-08T17:49:26.209351-0500]     6.8125 MB /   0.50 sec =  114.2564 Mbps     0 retrans   2166 KB-cwnd
[2024-11-08T17:49:26.709049-0500]     7.1250 MB /   0.50 sec =  119.6111 Mbps     0 retrans   2166 KB-cwnd
[2024-11-08T17:49:27.208910-0500]     7.3125 MB /   0.50 sec =  122.7023 Mbps     0 retrans   2166 KB-cwnd
[2024-11-08T17:49:27.708907-0500]     7.3750 MB /   0.50 sec =  123.7320 Mbps     0 retrans   2166 KB-cwnd
[2024-11-08T17:49:28.209166-0500]     8.3750 MB /   0.50 sec =  140.4423 Mbps     5 retrans   2446 KB-cwnd
[2024-11-08T17:49:28.709073-0500]     9.0625 MB /   0.50 sec =  152.0831 Mbps     0 retrans   2446 KB-cwnd
[2024-11-08T17:49:29.208959-0500]     8.8125 MB /   0.50 sec =  147.8794 Mbps     0 retrans   2446 KB-cwnd
[2024-11-08T17:49:29.708981-0500]     8.8125 MB /   0.50 sec =  147.8418 Mbps     0 retrans   2058 KB-cwnd
[2024-11-08T17:49:30.208970-0500]     8.2500 MB /   0.50 sec =  138.4170 Mbps     0 retrans   2058 KB-cwnd
[2024-11-08T17:49:30.708965-0500]     8.5000 MB /   0.50 sec =  142.6112 Mbps     3 retrans   1951 KB-cwnd
[2024-11-08T17:49:31.208963-0500]     9.6875 MB /   0.50 sec =  162.5166 Mbps     0 retrans   1951 KB-cwnd
[2024-11-08T17:49:31.709403-0500]     6.0625 MB /   0.50 sec =  101.6375 Mbps     0 retrans   1951 KB-cwnd
[2024-11-08T17:49:32.208933-0500]     9.9375 MB /   0.50 sec =  166.8464 Mbps     0 retrans   1951 KB-cwnd
[2024-11-08T17:49:32.709236-0500]     4.9375 MB /   0.50 sec =   82.8252 Mbps     0 retrans   2562 KB-cwnd
[2024-11-08T17:49:33.209396-0500]     2.5625 MB /   0.50 sec =   42.9650 Mbps     0 retrans   2594 KB-cwnd
[2024-11-08T17:49:33.708978-0500]     3.8750 MB /   0.50 sec =   65.0629 Mbps     0 retrans   2679 KB-cwnd
[2024-11-08T17:49:34.208931-0500]     5.8125 MB /   0.50 sec =   97.5205 Mbps     0 retrans   2679 KB-cwnd
[2024-11-08T17:49:34.709144-0500]     3.5000 MB /   0.50 sec =   58.7024 Mbps     0 retrans   2680 KB-cwnd
[2024-11-08T17:49:35.210017-0500]     3.6875 MB /   0.50 sec =   61.7616 Mbps     0 retrans   2702 KB-cwnd
[2024-11-08T17:49:35.709134-0500]     0.3750 MB /   0.50 sec =    6.3023 Mbps     0 retrans   2702 KB-cwnd
[2024-11-08T17:49:36.209001-0500]     0.0000 MB /   0.50 sec =    0.0000 Mbps     0 retrans   2702 KB-cwnd
[2024-11-08T17:49:36.708966-0500]     6.5000 MB /   0.50 sec =  109.0611 Mbps     0 retrans   2702 KB-cwnd
[2024-11-08T17:49:37.208989-0500]     6.4375 MB /   0.50 sec =  107.9971 Mbps     0 retrans   2702 KB-cwnd
[2024-11-08T17:49:37.708889-0500]     6.1250 MB /   0.50 sec =  102.7687 Mbps     0 retrans   3762 KB-cwnd
[2024-11-08T17:49:38.208960-0500]     8.5000 MB /   0.50 sec =  142.5998 Mbps     0 retrans   3762 KB-cwnd
[2024-11-08T17:49:38.708959-0500]     8.8125 MB /   0.50 sec =  147.8480 Mbps     0 retrans   3762 KB-cwnd
[2024-11-08T17:49:39.208958-0500]     9.3125 MB /   0.50 sec =  156.2400 Mbps     0 retrans   3762 KB-cwnd
[2024-11-08T17:49:39.709170-0500]     6.2500 MB /   0.50 sec =  104.8215 Mbps     0 retrans   3762 KB-cwnd
[2024-11-08T17:49:40.208953-0500]    13.6250 MB /   0.50 sec =  228.6687 Mbps     8 retrans   3224 KB-cwnd
[2024-11-08T17:49:40.709101-0500]    11.7500 MB /   0.50 sec =  197.0799 Mbps     0 retrans   3224 KB-cwnd
[2024-11-08T17:49:41.208967-0500]    10.5000 MB /   0.50 sec =  176.2062 Mbps     0 retrans   3224 KB-cwnd
[2024-11-08T17:49:41.708940-0500]    11.3125 MB /   0.50 sec =  189.7835 Mbps  2065 retrans   2667 KB-cwnd
[2024-11-08T17:49:42.209113-0500]    11.3750 MB /   0.50 sec =  190.8290 Mbps     0 retrans   2667 KB-cwnd
[2024-11-08T17:49:42.709105-0500]     9.4375 MB /   0.50 sec =  158.3131 Mbps     0 retrans   2667 KB-cwnd
[2024-11-08T17:49:43.209103-0500]    10.0000 MB /   0.50 sec =  167.8181 Mbps     0 retrans   2667 KB-cwnd
[2024-11-08T17:49:43.708998-0500]     9.6875 MB /   0.50 sec =  162.5153 Mbps     2 retrans   3377 KB-cwnd
[2024-11-08T17:49:44.208941-0500]     9.7500 MB /   0.50 sec =  163.5805 Mbps     0 retrans   3377 KB-cwnd
[2024-11-08T17:49:44.708985-0500]    11.6875 MB /   0.50 sec =  196.0872 Mbps     0 retrans   3377 KB-cwnd
[2024-11-08T17:49:45.209035-0500]    12.0625 MB /   0.50 sec =  202.3521 Mbps     0 retrans   3377 KB-cwnd
[2024-11-08T17:49:45.709191-0500]     6.4375 MB /   0.50 sec =  107.9798 Mbps     1 retrans   3711 KB-cwnd
[2024-11-08T17:49:46.208981-0500]     7.1250 MB /   0.50 sec =  119.5752 Mbps     0 retrans   3711 KB-cwnd
[2024-11-08T17:49:46.709073-0500]     3.5625 MB /   0.50 sec =   59.7594 Mbps     0 retrans   3711 KB-cwnd
[2024-11-08T17:49:47.208946-0500]    11.0000 MB /   0.50 sec =  184.5896 Mbps     0 retrans   3727 KB-cwnd
[2024-11-08T17:49:47.708966-0500]    10.0625 MB /   0.50 sec =  168.8184 Mbps     0 retrans   3727 KB-cwnd
[2024-11-08T17:49:48.208956-0500]     9.8125 MB /   0.50 sec =  164.6258 Mbps     5 retrans   3420 KB-cwnd
[2024-11-08T17:49:48.708929-0500]     8.5000 MB /   0.50 sec =  142.6012 Mbps     0 retrans   3420 KB-cwnd
[2024-11-08T17:49:49.208998-0500]     8.5625 MB /   0.50 sec =  143.6506 Mbps     0 retrans   3420 KB-cwnd
[2024-11-08T17:49:49.708982-0500]    10.0000 MB /   0.50 sec =  167.7816 Mbps     0 retrans   3420 KB-cwnd
[2024-11-08T17:49:50.209012-0500]     9.0625 MB /   0.50 sec =  152.0295 Mbps     0 retrans      5 KB-cwnd
[2024-11-08T17:49:50.708976-0500]    10.4375 MB /   0.50 sec =  175.1273 Mbps     0 retrans      5 KB-cwnd
[2024-11-08T17:49:51.208961-0500]     9.0625 MB /   0.50 sec =  152.0420 Mbps     0 retrans      5 KB-cwnd
[2024-11-08T17:49:51.708912-0500]     8.9375 MB /   0.50 sec =  149.9506 Mbps     0 retrans      5 KB-cwnd
[2024-11-08T17:49:52.208929-0500]     9.3750 MB /   0.50 sec =  157.2877 Mbps     3 retrans   3329 KB-cwnd
[2024-11-08T17:49:52.708981-0500]     7.8125 MB /   0.50 sec =  131.0649 Mbps     0 retrans   3329 KB-cwnd
[2024-11-08T17:49:53.209010-0500]     1.3750 MB /   0.50 sec =   23.0686 Mbps     0 retrans   3329 KB-cwnd
[2024-11-08T17:49:53.708922-0500]     8.2500 MB /   0.50 sec =  138.4228 Mbps     0 retrans   3329 KB-cwnd
[2024-11-08T17:49:54.208896-0500]     7.5000 MB /   0.50 sec =  125.8309 Mbps     0 retrans   3329 KB-cwnd
[2024-11-08T17:49:54.709097-0500]     4.8750 MB /   0.50 sec =   81.7690 Mbps     0 retrans   3329 KB-cwnd
[2024-11-08T17:49:55.208973-0500]    11.0625 MB /   0.50 sec =  185.6329 Mbps     3 retrans   3318 KB-cwnd
[2024-11-08T17:49:55.708969-0500]     7.3125 MB /   0.50 sec =  122.6768 Mbps     0 retrans   3318 KB-cwnd
[2024-11-08T17:49:56.209017-0500]     2.8750 MB /   0.50 sec =   48.2347 Mbps     0 retrans   3318 KB-cwnd
[2024-11-08T17:49:56.709033-0500]     1.8125 MB /   0.50 sec =   30.4091 Mbps     0 retrans   3318 KB-cwnd
[2024-11-08T17:49:57.208988-0500]     6.3750 MB /   0.50 sec =  106.9573 Mbps     0 retrans   3318 KB-cwnd
[2024-11-08T17:49:57.709042-0500]     9.3750 MB /   0.50 sec =  157.2704 Mbps     0 retrans   3318 KB-cwnd
[2024-11-08T17:49:58.209004-0500]     6.0000 MB /   0.50 sec =  100.6722 Mbps     3 retrans   2866 KB-cwnd
[2024-11-08T17:49:58.709054-0500]     8.1875 MB /   0.50 sec =  137.3533 Mbps     0 retrans   2866 KB-cwnd
[2024-11-08T17:49:59.208975-0500]     6.0625 MB /   0.50 sec =  101.7231 Mbps     0 retrans   2866 KB-cwnd
[2024-11-08T17:49:59.708908-0500]     0.3125 MB /   0.50 sec =    5.2430 Mbps     0 retrans   2866 KB-cwnd
[2024-11-08T17:50:00.209000-0500]     9.7500 MB /   0.50 sec =  163.5690 Mbps     0 retrans   2866 KB-cwnd
[2024-11-08T17:50:00.708963-0500]     7.5625 MB /   0.50 sec =  126.8812 Mbps     0 retrans   2866 KB-cwnd
[2024-11-08T17:50:01.208981-0500]     7.6875 MB /   0.50 sec =  128.9715 Mbps     9 retrans   2500 KB-cwnd
[2024-11-08T17:50:01.709011-0500]     5.3125 MB /   0.50 sec =   89.1270 Mbps     0 retrans   2500 KB-cwnd
[2024-11-08T17:50:02.208952-0500]     9.2500 MB /   0.50 sec =  155.1967 Mbps     0 retrans   2500 KB-cwnd
[2024-11-08T17:50:02.708980-0500]     8.1875 MB /   0.50 sec =  137.3599 Mbps     0 retrans   2500 KB-cwnd
[2024-11-08T17:50:03.208975-0500]     9.0625 MB /   0.50 sec =  152.0426 Mbps     0 retrans   2500 KB-cwnd
[2024-11-08T17:50:03.708952-0500]     9.1250 MB /   0.50 sec =  153.0942 Mbps     6 retrans   2559 KB-cwnd
[2024-11-08T17:50:04.208884-0500]     9.1250 MB /   0.50 sec =  153.1053 Mbps     0 retrans   2559 KB-cwnd
[2024-11-08T17:50:04.709042-0500]     8.7500 MB /   0.50 sec =  146.7725 Mbps     0 retrans   2559 KB-cwnd
[2024-11-08T17:50:05.209047-0500]     8.5625 MB /   0.50 sec =  143.6667 Mbps     0 retrans   2559 KB-cwnd
[2024-11-08T17:50:05.709028-0500]     1.2500 MB /   0.50 sec =   20.9710 Mbps     0 retrans   2559 KB-cwnd
[2024-11-08T17:50:06.208927-0500]     1.6250 MB /   0.50 sec =   27.2656 Mbps     0 retrans   2559 KB-cwnd
[2024-11-08T17:50:06.709016-0500]     7.5625 MB /   0.50 sec =  126.8698 Mbps    50 retrans   2301 KB-cwnd
[2024-11-08T17:50:07.209021-0500]     5.5000 MB /   0.50 sec =   92.2673 Mbps     0 retrans   2301 KB-cwnd
[2024-11-08T17:50:07.709179-0500]     7.1875 MB /   0.50 sec =  120.5809 Mbps     0 retrans   2303 KB-cwnd
[2024-11-08T17:50:08.208945-0500]     8.3125 MB /   0.50 sec =  139.4829 Mbps     0 retrans   2319 KB-cwnd
[2024-11-08T17:50:08.709038-0500]     8.1250 MB /   0.50 sec =  136.3040 Mbps     0 retrans   2319 KB-cwnd
[2024-11-08T17:50:09.208976-0500]     8.4375 MB /   0.50 sec =  141.5660 Mbps     2 retrans   2772 KB-cwnd
[2024-11-08T17:50:09.708929-0500]     6.0000 MB /   0.50 sec =  100.6615 Mbps     0 retrans   2772 KB-cwnd
[2024-11-08T17:50:10.208992-0500]     7.8750 MB /   0.50 sec =  132.1206 Mbps     0 retrans   2772 KB-cwnd
[2024-11-08T17:50:10.709011-0500]     7.9375 MB /   0.50 sec =  133.1585 Mbps     0 retrans   2772 KB-cwnd
[2024-11-08T17:50:11.208998-0500]     7.1250 MB /   0.50 sec =  119.5458 Mbps     0 retrans   2772 KB-cwnd
[2024-11-08T17:50:11.708919-0500]     6.5000 MB /   0.50 sec =  109.0587 Mbps     0 retrans   2772 KB-cwnd
[2024-11-08T17:50:12.208990-0500]     7.5625 MB /   0.50 sec =  126.8711 Mbps     9 retrans      5 KB-cwnd
[2024-11-08T17:50:12.708966-0500]     4.8750 MB /   0.50 sec =   81.7951 Mbps     0 retrans      5 KB-cwnd
[2024-11-08T17:50:13.209059-0500]     8.3750 MB /   0.50 sec =  140.4850 Mbps     0 retrans      5 KB-cwnd
[2024-11-08T17:50:13.708991-0500]     7.5625 MB /   0.50 sec =  126.8917 Mbps     0 retrans      5 KB-cwnd
[2024-11-08T17:50:14.208965-0500]     7.0000 MB /   0.50 sec =  117.4497 Mbps     0 retrans      5 KB-cwnd
[2024-11-08T17:50:14.708997-0500]     6.9375 MB /   0.50 sec =  116.3822 Mbps     1 retrans   2747 KB-cwnd
[2024-11-08T17:50:15.208969-0500]     6.3750 MB /   0.50 sec =  106.9503 Mbps     0 retrans   2747 KB-cwnd
[2024-11-08T17:50:15.708970-0500]     5.5000 MB /   0.50 sec =   92.2714 Mbps     0 retrans   2747 KB-cwnd
[2024-11-08T17:50:16.208945-0500]     3.5625 MB /   0.50 sec =   59.7717 Mbps     0 retrans   2747 KB-cwnd
[2024-11-08T17:50:16.709097-0500]     4.5000 MB /   0.50 sec =   75.4858 Mbps     0 retrans   2747 KB-cwnd
[2024-11-08T17:50:17.208948-0500]     3.4375 MB /   0.50 sec =   57.6845 Mbps     0 retrans   2747 KB-cwnd
[2024-11-08T17:50:17.708947-0500]     3.5000 MB /   0.50 sec =   58.7193 Mbps     0 retrans   2747 KB-cwnd
[2024-11-08T17:50:18.208945-0500]     4.0625 MB /   0.50 sec =   68.1574 Mbps     0 retrans   2747 KB-cwnd
[2024-11-08T17:50:18.708982-0500]     4.8125 MB /   0.50 sec =   80.7381 Mbps     0 retrans   2747 KB-cwnd
[2024-11-08T17:50:19.209030-0500]     3.8750 MB /   0.50 sec =   65.0063 Mbps     5 retrans   2656 KB-cwnd
[2024-11-08T17:50:19.708942-0500]     2.8125 MB /   0.50 sec =   47.1894 Mbps     0 retrans   2656 KB-cwnd
[2024-11-08T17:50:20.209059-0500]     2.2500 MB /   0.50 sec =   37.7453 Mbps     0 retrans   2656 KB-cwnd
[2024-11-08T17:50:20.709093-0500]     1.7500 MB /   0.50 sec =   29.3578 Mbps     0 retrans   2656 KB-cwnd
[2024-11-08T17:50:21.209087-0500]     3.4375 MB /   0.50 sec =   57.6738 Mbps     0 retrans   2656 KB-cwnd
[2024-11-08T17:50:21.709078-0500]     2.3125 MB /   0.50 sec =   38.7969 Mbps     0 retrans   2656 KB-cwnd
[2024-11-08T17:50:22.209021-0500]     1.5625 MB /   0.50 sec =   26.2162 Mbps     0 retrans   2656 KB-cwnd
[2024-11-08T17:50:22.709010-0500]     1.7500 MB /   0.50 sec =   29.3612 Mbps     0 retrans   2656 KB-cwnd
[2024-11-08T17:50:23.208917-0500]     2.6875 MB /   0.50 sec =   45.0937 Mbps     0 retrans   2656 KB-cwnd
[2024-11-08T17:50:23.708972-0500]     1.3125 MB /   0.50 sec =   22.0194 Mbps     0 retrans   2656 KB-cwnd
[2024-11-08T17:50:24.208977-0500]     2.0000 MB /   0.50 sec =   33.5538 Mbps     0 retrans   2656 KB-cwnd
[2024-11-08T17:50:24.708917-0500]     1.7500 MB /   0.50 sec =   29.3619 Mbps     0 retrans   2656 KB-cwnd
[2024-11-08T17:50:25.208901-0500]     2.7500 MB /   0.50 sec =   46.1378 Mbps     0 retrans   2656 KB-cwnd
[2024-11-08T17:50:25.708924-0500]     3.6875 MB /   0.50 sec =   61.8639 Mbps     0 retrans   2656 KB-cwnd
[2024-11-08T17:50:26.209002-0500]     4.8125 MB /   0.50 sec =   80.7365 Mbps     0 retrans   2656 KB-cwnd
[2024-11-08T17:50:26.708989-0500]     4.7500 MB /   0.50 sec =   79.6931 Mbps     3 retrans   2632 KB-cwnd
[2024-11-08T17:50:27.209028-0500]     4.3750 MB /   0.50 sec =   73.3934 Mbps     0 retrans   2632 KB-cwnd
[2024-11-08T17:50:27.709012-0500]     2.8750 MB /   0.50 sec =   48.2345 Mbps     0 retrans   2632 KB-cwnd
[2024-11-08T17:50:28.208984-0500]     6.7500 MB /   0.50 sec =  113.2571 Mbps     0 retrans   2632 KB-cwnd
[2024-11-08T17:50:28.708889-0500]     6.9375 MB /   0.50 sec =  116.4003 Mbps     0 retrans   2632 KB-cwnd
[2024-11-08T17:50:29.209189-0500]     6.6250 MB /   0.50 sec =  111.1122 Mbps     0 retrans   2632 KB-cwnd
[2024-11-08T17:50:29.708967-0500]     6.3125 MB /   0.50 sec =  105.9358 Mbps     0 retrans   2632 KB-cwnd
[2024-11-08T17:50:30.209049-0500]     6.3750 MB /   0.50 sec =  106.9394 Mbps    11 retrans   1555 KB-cwnd
[2024-11-08T17:50:30.708937-0500]     7.3125 MB /   0.50 sec =  122.6964 Mbps     0 retrans   1555 KB-cwnd
[2024-11-08T17:50:31.208929-0500]     7.4375 MB /   0.50 sec =  124.7878 Mbps     0 retrans   1555 KB-cwnd
[2024-11-08T17:50:31.709112-0500]     3.1875 MB /   0.50 sec =   53.4637 Mbps     0 retrans   1555 KB-cwnd
[2024-11-08T17:50:32.209059-0500]     7.0000 MB /   0.50 sec =  117.4530 Mbps     0 retrans   1555 KB-cwnd
[2024-11-08T17:50:32.708945-0500]     7.8750 MB /   0.50 sec =  132.1356 Mbps     0 retrans   1555 KB-cwnd
[2024-11-08T17:50:33.208981-0500]     6.9375 MB /   0.50 sec =  116.3912 Mbps    20 retrans   2398 KB-cwnd
[2024-11-08T17:50:33.708935-0500]     6.7500 MB /   0.50 sec =  113.2439 Mbps     0 retrans   2398 KB-cwnd
[2024-11-08T17:50:34.209004-0500]     4.0000 MB /   0.50 sec =   67.1038 Mbps     0 retrans   2398 KB-cwnd
[2024-11-08T17:50:34.708953-0500]     0.2500 MB /   0.50 sec =    4.1948 Mbps     0 retrans   2398 KB-cwnd
[2024-11-08T17:50:35.209201-0500]     0.1875 MB /   0.50 sec =    3.1450 Mbps     0 retrans   2398 KB-cwnd
[2024-11-08T17:50:35.708977-0500]     3.8750 MB /   0.50 sec =   65.0298 Mbps     0 retrans   2398 KB-cwnd
[2024-11-08T17:50:36.208974-0500]     3.5000 MB /   0.50 sec =   58.7122 Mbps     0 retrans   2398 KB-cwnd
[2024-11-08T17:50:36.709083-0500]     8.2500 MB /   0.50 sec =  138.3979 Mbps     0 retrans   2398 KB-cwnd
[2024-11-08T17:50:37.209064-0500]     7.6875 MB /   0.50 sec =  128.9808 Mbps     1 retrans   2551 KB-cwnd
[2024-11-08T17:50:37.709002-0500]     8.5625 MB /   0.50 sec =  143.6618 Mbps     0 retrans   2551 KB-cwnd
[2024-11-08T17:50:38.209030-0500]     1.5000 MB /   0.50 sec =   25.1660 Mbps     0 retrans   2551 KB-cwnd
[2024-11-08T17:50:38.709097-0500]     4.6250 MB /   0.50 sec =   77.5855 Mbps     0 retrans   2150 KB-cwnd
[2024-11-08T17:50:39.209072-0500]     8.9375 MB /   0.50 sec =  149.9569 Mbps     1 retrans   2150 KB-cwnd
[2024-11-08T17:50:39.708965-0500]     6.0000 MB /   0.50 sec =  100.6760 Mbps     0 retrans   2150 KB-cwnd
[2024-11-08T17:50:40.209076-0500]     2.6250 MB /   0.50 sec =   44.0322 Mbps     0 retrans   2150 KB-cwnd
[2024-11-08T17:50:40.708990-0500]     8.0000 MB /   0.50 sec =  134.2411 Mbps     6 retrans   4039 KB-cwnd
[2024-11-08T17:50:41.209002-0500]     4.8125 MB /   0.50 sec =   80.7337 Mbps     0 retrans   4039 KB-cwnd
[2024-11-08T17:50:41.708929-0500]     3.9375 MB /   0.50 sec =   66.0645 Mbps     0 retrans   4039 KB-cwnd
[2024-11-08T17:50:42.209113-0500]     6.3125 MB /   0.50 sec =  105.9022 Mbps     0 retrans   4039 KB-cwnd
[2024-11-08T17:50:42.709116-0500]     4.1250 MB /   0.50 sec =   69.1951 Mbps     0 retrans   4039 KB-cwnd
[2024-11-08T17:50:43.209097-0500]     1.4375 MB /   0.50 sec =   24.1179 Mbps     0 retrans   4039 KB-cwnd
[2024-11-08T17:50:43.709010-0500]     4.6875 MB /   0.50 sec =   78.6508 Mbps     0 retrans   4039 KB-cwnd
[2024-11-08T17:50:44.208911-0500]     9.6250 MB /   0.50 sec =  161.5036 Mbps     0 retrans   4039 KB-cwnd
[2024-11-08T17:50:44.708987-0500]     8.7500 MB /   0.50 sec =  146.7936 Mbps    11 retrans   2852 KB-cwnd
[2024-11-08T17:50:45.209016-0500]     9.5625 MB /   0.50 sec =  160.4273 Mbps     0 retrans   2852 KB-cwnd
[2024-11-08T17:50:45.709080-0500]     7.7500 MB /   0.50 sec =  130.0076 Mbps     0 retrans   2852 KB-cwnd
[2024-11-08T17:50:46.208934-0500]     6.2500 MB /   0.50 sec =  104.8712 Mbps     0 retrans   2852 KB-cwnd
[2024-11-08T17:50:46.709077-0500]     7.2500 MB /   0.50 sec =  121.6212 Mbps     0 retrans   2852 KB-cwnd
[2024-11-08T17:50:47.209034-0500]     9.7500 MB /   0.50 sec =  163.5926 Mbps     6 retrans   3283 KB-cwnd
End time: 1731106247453
