Start time: 1730758635559
[2024-11-04T16:17:16.814741-0600] nuttcp-t: v8.1.4: socket
[2024-11-04T16:17:16.815689-0600] nuttcp-t: buflen=65536, nstream=1, port=5101 tcp -> 54.176.53.206
[2024-11-04T16:17:16.815746-0600] nuttcp-t: time limit = 120.00 seconds
[2024-11-04T16:17:16.815780-0600] nuttcp-t: connect to 54.176.53.206 with mss=1376, RTT=112.375 ms af=inet
[2024-11-04T16:17:16.815810-0600] nuttcp-t: send window size = 1048576, receive window size = 4194304
[2024-11-04T16:17:16.815841-0600] nuttcp-t: available send window = 786432, available receive window = 3145728
[2024-11-04T16:17:16.815872-0600] nuttcp-t: initial congestion window = 13 KB (10 packets)
[2024-11-04T16:17:16.815899-0600] nuttcp-r: v6.1.2: socket
[2024-11-04T16:17:16.815927-0600] nuttcp-r: buflen=65536, nstream=1, port=5101 tcp
[2024-11-04T16:17:16.815956-0600] nuttcp-r: interval reporting every 0.50 seconds
[2024-11-04T16:17:16.815982-0600] nuttcp-r: accept from 174.234.160.40
[2024-11-04T16:17:16.816019-0600] nuttcp-r: send window size = 450000000, receive window size = 450000000
[2024-11-04T16:17:16.816050-0600] nuttcp-r: available send window = 225000000, available receive window = 225000000
[2024-11-04T16:17:16.816079-0600]     0.1875 MB /   0.50 sec =    3.1456 Mbps     0 retrans    307 KB-cwnd
[2024-11-04T16:17:17.648827-0600]     0.3750 MB /   0.50 sec =    6.2915 Mbps     0 retrans    896 KB-cwnd
[2024-11-04T16:17:18.900534-0600]     0.3125 MB /   0.50 sec =    5.2428 Mbps     0 retrans   1136 KB-cwnd
[2024-11-04T16:17:18.900988-0600]     0.2500 MB /   0.50 sec =    4.1943 Mbps     0 retrans   1136 KB-cwnd
[2024-11-04T16:17:18.901145-0600]     0.2500 MB /   0.50 sec =    4.1944 Mbps     0 retrans   1136 KB-cwnd
[2024-11-04T16:17:20.146780-0600]     0.3125 MB /   0.50 sec =    5.2428 Mbps     0 retrans   1136 KB-cwnd
[2024-11-04T16:17:20.147162-0600]     0.2500 MB /   0.50 sec =    4.1941 Mbps     0 retrans   1136 KB-cwnd
[2024-11-04T16:17:21.147633-0600]     0.2500 MB /   0.50 sec =    4.1945 Mbps     0 retrans   1225 KB-cwnd
[2024-11-04T16:17:21.148071-0600]     0.3125 MB /   0.50 sec =    5.2428 Mbps     0 retrans   1225 KB-cwnd
[2024-11-04T16:17:22.072940-0600]     0.3750 MB /   0.50 sec =    6.2917 Mbps     0 retrans   1225 KB-cwnd
[2024-11-04T16:17:22.073394-0600]     0.3750 MB /   0.50 sec =    6.2914 Mbps     0 retrans   1225 KB-cwnd
[2024-11-04T16:17:23.301932-0600]     0.3125 MB /   0.50 sec =    5.2428 Mbps     0 retrans   1225 KB-cwnd
[2024-11-04T16:17:23.302409-0600]     0.2500 MB /   0.50 sec =    4.1943 Mbps     0 retrans   1225 KB-cwnd
[2024-11-04T16:17:23.302550-0600]     0.2500 MB /   0.50 sec =    4.1944 Mbps     0 retrans   1225 KB-cwnd
[2024-11-04T16:17:24.269314-0600]     0.3125 MB /   0.50 sec =    5.2429 Mbps     0 retrans   1225 KB-cwnd
[2024-11-04T16:17:24.269775-0600]     0.3750 MB /   0.50 sec =    6.2913 Mbps     0 retrans   1225 KB-cwnd
[2024-11-04T16:17:24.999194-0600]     0.4375 MB /   0.50 sec =    7.3401 Mbps     0 retrans   1255 KB-cwnd
[2024-11-04T16:17:25.641253-0600]     0.5000 MB /   0.50 sec =    8.3887 Mbps     0 retrans   1292 KB-cwnd
[2024-11-04T16:17:26.260196-0600]     0.5000 MB /   0.50 sec =    8.3885 Mbps     0 retrans   1292 KB-cwnd
[2024-11-04T16:17:26.260541-0600]     0.5625 MB /   0.50 sec =    9.4373 Mbps     0 retrans   1292 KB-cwnd
[2024-11-04T16:17:26.908423-0600]     0.5000 MB /   0.50 sec =    8.3884 Mbps     0 retrans   1292 KB-cwnd
[2024-11-04T16:17:27.552978-0600]     0.5625 MB /   0.50 sec =    9.4046 Mbps     0 retrans   1398 KB-cwnd
[2024-11-04T16:17:28.078498-0600]     0.5625 MB /   0.50 sec =    9.4702 Mbps     0 retrans   1398 KB-cwnd
[2024-11-04T16:17:28.603073-0600]     0.6250 MB /   0.50 sec =   10.4856 Mbps     0 retrans   1398 KB-cwnd
[2024-11-04T16:17:29.138752-0600]     0.6250 MB /   0.50 sec =   10.4856 Mbps     0 retrans   1398 KB-cwnd
[2024-11-04T16:17:29.671159-0600]     0.6250 MB /   0.50 sec =   10.4860 Mbps     0 retrans   1398 KB-cwnd
[2024-11-04T16:17:30.210739-0600]     0.6250 MB /   0.50 sec =   10.4859 Mbps     0 retrans   1398 KB-cwnd
[2024-11-04T16:17:30.752994-0600]     0.6250 MB /   0.50 sec =   10.4857 Mbps     0 retrans   1398 KB-cwnd
[2024-11-04T16:17:30.753433-0600]     0.6250 MB /   0.50 sec =   10.4857 Mbps     0 retrans   1398 KB-cwnd
[2024-11-04T16:17:31.275129-0600]     0.6250 MB /   0.50 sec =   10.4857 Mbps     0 retrans   1398 KB-cwnd
[2024-11-04T16:17:31.802088-0600]     0.6250 MB /   0.50 sec =   10.4854 Mbps     0 retrans   1398 KB-cwnd
[2024-11-04T16:17:32.589452-0600]     0.4375 MB /   0.50 sec =    7.3400 Mbps     3 retrans   1118 KB-cwnd
[2024-11-04T16:17:33.089153-0600]     0.7500 MB /   0.50 sec =   12.5832 Mbps     0 retrans   1140 KB-cwnd
[2024-11-04T16:17:33.691980-0600]     0.5625 MB /   0.50 sec =    9.4370 Mbps     0 retrans   1140 KB-cwnd
[2024-11-04T16:17:34.476905-0600]     0.6250 MB /   0.50 sec =   10.4859 Mbps     0 retrans   1140 KB-cwnd
[2024-11-04T16:17:34.477301-0600]     0.4375 MB /   0.50 sec =    7.3402 Mbps     0 retrans   1140 KB-cwnd
[2024-11-04T16:17:35.381450-0600]     0.3750 MB /   0.50 sec =    6.2914 Mbps     0 retrans   1140 KB-cwnd
[2024-11-04T16:17:35.381954-0600]     0.3750 MB /   0.50 sec =    6.2914 Mbps     0 retrans   1140 KB-cwnd
[2024-11-04T16:17:35.989324-0600]     0.5000 MB /   0.50 sec =    8.3886 Mbps     0 retrans   1140 KB-cwnd
[2024-11-04T16:17:37.331054-0600]     0.5000 MB /   0.50 sec =    8.3885 Mbps     0 retrans   1140 KB-cwnd
[2024-11-04T16:17:37.331481-0600]     0.2500 MB /   0.50 sec =    4.1944 Mbps     0 retrans   1140 KB-cwnd
[2024-11-04T16:17:37.331616-0600]     0.1875 MB /   0.50 sec =    3.1457 Mbps     0 retrans   1140 KB-cwnd
[2024-11-04T16:17:38.006482-0600]     0.4375 MB /   0.50 sec =    7.3401 Mbps     0 retrans   1140 KB-cwnd
[2024-11-04T16:17:38.891007-0600]     0.5000 MB /   0.50 sec =    8.3886 Mbps     0 retrans   1140 KB-cwnd
[2024-11-04T16:17:38.891481-0600]     0.3125 MB /   0.50 sec =    5.2428 Mbps     0 retrans   1140 KB-cwnd
[2024-11-04T16:17:40.245158-0600]     0.3125 MB /   0.50 sec =    5.2429 Mbps     0 retrans   1140 KB-cwnd
[2024-11-04T16:17:40.245674-0600]     0.2500 MB /   0.50 sec =    4.1941 Mbps     0 retrans   1140 KB-cwnd
[2024-11-04T16:17:40.245819-0600]     0.2500 MB /   0.50 sec =    4.1943 Mbps     0 retrans   1140 KB-cwnd
[2024-11-04T16:17:40.832786-0600]     0.5000 MB /   0.50 sec =    8.3889 Mbps     0 retrans   1140 KB-cwnd
[2024-11-04T16:17:41.448356-0600]     0.5625 MB /   0.50 sec =    9.4371 Mbps     0 retrans   1140 KB-cwnd
[2024-11-04T16:17:42.411757-0600]     0.5000 MB /   0.50 sec =    8.3886 Mbps     6 retrans    912 KB-cwnd
[2024-11-04T16:17:42.412186-0600]     0.3125 MB /   0.50 sec =    5.2427 Mbps     0 retrans    912 KB-cwnd
[2024-11-04T16:17:42.791068-0600]     1.1250 MB /   0.50 sec =   18.8679 Mbps     0 retrans    941 KB-cwnd
[2024-11-04T16:17:43.311011-0600]     0.6875 MB /   0.50 sec =   11.5387 Mbps     0 retrans    946 KB-cwnd
[2024-11-04T16:17:44.137021-0600]     0.4375 MB /   0.50 sec =    7.3400 Mbps     0 retrans    946 KB-cwnd
[2024-11-04T16:17:44.631387-0600]     0.4375 MB /   0.50 sec =    7.3400 Mbps     0 retrans    946 KB-cwnd
[2024-11-04T16:17:45.303393-0600]     0.6250 MB /   0.50 sec =   10.4859 Mbps     0 retrans    946 KB-cwnd
[2024-11-04T16:17:45.303865-0600]     0.5000 MB /   0.50 sec =    8.3871 Mbps     0 retrans    946 KB-cwnd
[2024-11-04T16:17:46.335596-0600]     0.5000 MB /   0.50 sec =    8.3899 Mbps     1 retrans    756 KB-cwnd
[2024-11-04T16:17:46.336113-0600]     0.1250 MB /   0.50 sec =    2.0972 Mbps     0 retrans    756 KB-cwnd
[2024-11-04T16:17:46.748685-0600]     0.8750 MB /   0.50 sec =   14.6803 Mbps     0 retrans    778 KB-cwnd
[2024-11-04T16:17:47.783017-0600]     0.2500 MB /   0.50 sec =    4.1941 Mbps     1 retrans    624 KB-cwnd
[2024-11-04T16:17:47.783519-0600]     0.5625 MB /   0.50 sec =    9.4366 Mbps     0 retrans    624 KB-cwnd
[2024-11-04T16:17:48.989502-0600]     0.3125 MB /   0.50 sec =    5.2433 Mbps     0 retrans    650 KB-cwnd
[2024-11-04T16:17:48.990033-0600]     0.1875 MB /   0.50 sec =    3.1458 Mbps     0 retrans    650 KB-cwnd
[2024-11-04T16:17:50.379323-0600]     0.2500 MB /   0.50 sec =    4.1943 Mbps     0 retrans    650 KB-cwnd
[2024-11-04T16:17:50.379782-0600]     0.1875 MB /   0.50 sec =    3.1457 Mbps     0 retrans    650 KB-cwnd
[2024-11-04T16:17:50.379919-0600]     0.3125 MB /   0.50 sec =    5.2428 Mbps     0 retrans    650 KB-cwnd
[2024-11-04T16:17:51.238653-0600]     0.3125 MB /   0.50 sec =    5.2428 Mbps     0 retrans    650 KB-cwnd
[2024-11-04T16:17:51.238908-0600]     0.3750 MB /   0.50 sec =    6.2915 Mbps     0 retrans    650 KB-cwnd
[2024-11-04T16:17:52.047136-0600]     0.3750 MB /   0.50 sec =    6.2905 Mbps     0 retrans    650 KB-cwnd
[2024-11-04T16:17:53.145316-0600]     0.3125 MB /   0.50 sec =    5.2435 Mbps     7 retrans    526 KB-cwnd
[2024-11-04T16:17:53.145809-0600]     0.0000 MB /   0.50 sec =    0.0000 Mbps     0 retrans    526 KB-cwnd
[2024-11-04T16:17:55.057134-0600]     0.6875 MB /   0.50 sec =   11.5361 Mbps     0 retrans    546 KB-cwnd
[2024-11-04T16:17:55.057596-0600]     0.2500 MB /   0.50 sec =    4.1943 Mbps     0 retrans    546 KB-cwnd
[2024-11-04T16:17:55.057728-0600]     0.1250 MB /   0.50 sec =    2.0972 Mbps     0 retrans    546 KB-cwnd
[2024-11-04T16:17:55.057852-0600]     0.1250 MB /   0.50 sec =    2.0972 Mbps     0 retrans    546 KB-cwnd
[2024-11-04T16:17:59.667885-0600]     0.1250 MB /   0.50 sec =    2.0970 Mbps   148 retrans    213 KB-cwnd
[2024-11-04T16:17:59.668346-0600]     0.0000 MB /   0.50 sec =    0.0000 Mbps     0 retrans    213 KB-cwnd
[2024-11-04T16:17:59.668484-0600]     0.0000 MB /   0.50 sec =    0.0000 Mbps     0 retrans    213 KB-cwnd
[2024-11-04T16:17:59.668593-0600]     0.1250 MB /   0.50 sec =    2.0971 Mbps     0 retrans    213 KB-cwnd
[2024-11-04T16:17:59.668695-0600]     0.0000 MB /   0.50 sec =    0.0000 Mbps     0 retrans    213 KB-cwnd
[2024-11-04T16:17:59.668812-0600]     0.0000 MB /   0.50 sec =    0.0000 Mbps     0 retrans    213 KB-cwnd
[2024-11-04T16:17:59.669046-0600]     0.0000 MB /   0.50 sec =    0.0000 Mbps     0 retrans    213 KB-cwnd
[2024-11-04T16:17:59.669155-0600]     0.1875 MB /   0.50 sec =    3.1457 Mbps     0 retrans    213 KB-cwnd
[2024-11-04T16:17:59.669255-0600]     0.0000 MB /   0.50 sec =    0.0000 Mbps     0 retrans    213 KB-cwnd
[2024-11-04T16:18:04.158004-0600]     0.3750 MB /   0.50 sec =    6.2915 Mbps    50 retrans    290 KB-cwnd
[2024-11-04T16:18:04.158364-0600]     0.0000 MB /   0.50 sec =    0.0000 Mbps     0 retrans    290 KB-cwnd
[2024-11-04T16:18:04.158493-0600]     0.0000 MB /   0.50 sec =    0.0000 Mbps     0 retrans    290 KB-cwnd
[2024-11-04T16:18:04.158878-0600]     0.0000 MB /   0.50 sec =    0.0000 Mbps     0 retrans    290 KB-cwnd
[2024-11-04T16:18:04.158979-0600]     0.1875 MB /   0.50 sec =    3.1459 Mbps     0 retrans    290 KB-cwnd
[2024-11-04T16:18:04.159084-0600]     0.2500 MB /   0.50 sec =    4.1943 Mbps     0 retrans    290 KB-cwnd
[2024-11-04T16:18:04.159182-0600]     0.0625 MB /   0.50 sec =    1.0486 Mbps     0 retrans    290 KB-cwnd
[2024-11-04T16:18:04.159277-0600]     0.1250 MB /   0.50 sec =    2.0971 Mbps     0 retrans    290 KB-cwnd
[2024-11-04T16:18:04.159374-0600]     0.0625 MB /   0.50 sec =    1.0486 Mbps     0 retrans    290 KB-cwnd
[2024-11-04T16:18:05.502848-0600]     0.4375 MB /   0.50 sec =    7.3404 Mbps     5 retrans    245 KB-cwnd
[2024-11-04T16:18:05.503259-0600]     0.3125 MB /   0.50 sec =    5.2425 Mbps     0 retrans    245 KB-cwnd
[2024-11-04T16:18:05.503392-0600]     0.0000 MB /   0.50 sec =    0.0000 Mbps     0 retrans    245 KB-cwnd
[2024-11-04T16:18:06.922256-0600]     0.4375 MB /   0.50 sec =    7.3403 Mbps     0 retrans    267 KB-cwnd
[2024-11-04T16:18:06.922642-0600]     0.2500 MB /   0.50 sec =    4.1943 Mbps     0 retrans    267 KB-cwnd
[2024-11-04T16:18:06.922772-0600]     0.2500 MB /   0.50 sec =    4.1941 Mbps     0 retrans    267 KB-cwnd
[2024-11-04T16:18:09.069236-0600]     0.1250 MB /   0.50 sec =    2.0972 Mbps     3 retrans    170 KB-cwnd
[2024-11-04T16:18:09.069612-0600]     0.0000 MB /   0.50 sec =    0.0000 Mbps     0 retrans    170 KB-cwnd
[2024-11-04T16:18:09.069741-0600]     0.2500 MB /   0.50 sec =    4.1942 Mbps     0 retrans    170 KB-cwnd
[2024-11-04T16:18:09.069894-0600]     0.1250 MB /   0.50 sec =    2.0971 Mbps     0 retrans    170 KB-cwnd
[2024-11-04T16:18:12.427344-0600]     0.2500 MB /   0.50 sec =    4.1943 Mbps     3 retrans    145 KB-cwnd
[2024-11-04T16:18:12.427834-0600]     0.0625 MB /   0.50 sec =    1.0486 Mbps     0 retrans    145 KB-cwnd
[2024-11-04T16:18:12.427969-0600]     0.1250 MB /   0.50 sec =    2.0971 Mbps     0 retrans    145 KB-cwnd
[2024-11-04T16:18:12.428080-0600]     0.1250 MB /   0.50 sec =    2.0972 Mbps     0 retrans    145 KB-cwnd
[2024-11-04T16:18:12.428182-0600]     0.0625 MB /   0.50 sec =    1.0485 Mbps     0 retrans    145 KB-cwnd
[2024-11-04T16:18:12.428281-0600]     0.0000 MB /   0.50 sec =    0.0000 Mbps     0 retrans    145 KB-cwnd
[2024-11-04T16:18:12.428379-0600]     0.0000 MB /   0.50 sec =    0.0000 Mbps     0 retrans    145 KB-cwnd
[2024-11-04T16:18:14.321853-0600]     0.3750 MB /   0.50 sec =    6.2925 Mbps     0 retrans    120 KB-cwnd
[2024-11-04T16:18:14.322464-0600]     0.1875 MB /   0.50 sec =    3.1455 Mbps     0 retrans    120 KB-cwnd
[2024-11-04T16:18:14.322597-0600]     0.1250 MB /   0.50 sec =    2.0972 Mbps     0 retrans    120 KB-cwnd
[2024-11-04T16:18:14.322708-0600]     0.1250 MB /   0.50 sec =    2.0972 Mbps     0 retrans    120 KB-cwnd
[2024-11-04T16:18:16.311624-0600]     0.1250 MB /   0.50 sec =    2.0972 Mbps     0 retrans    124 KB-cwnd
[2024-11-04T16:18:16.312142-0600]     0.1250 MB /   0.50 sec =    2.0971 Mbps     0 retrans    124 KB-cwnd
[2024-11-04T16:18:16.312279-0600]     0.2500 MB /   0.50 sec =    4.1943 Mbps     0 retrans    124 KB-cwnd
[2024-11-04T16:18:16.312388-0600]     0.1875 MB /   0.50 sec =    3.1458 Mbps     0 retrans    124 KB-cwnd
[2024-11-04T16:18:17.883530-0600]     0.1875 MB /   0.50 sec =    3.1456 Mbps     2 retrans    102 KB-cwnd
[2024-11-04T16:18:17.884044-0600]     0.1250 MB /   0.50 sec =    2.0972 Mbps     0 retrans    102 KB-cwnd
[2024-11-04T16:18:17.884190-0600]     0.3125 MB /   0.50 sec =    5.2427 Mbps     0 retrans    102 KB-cwnd
[2024-11-04T16:18:19.756512-0600]     0.1875 MB /   0.50 sec =    3.1459 Mbps     0 retrans    106 KB-cwnd
[2024-11-04T16:18:19.757199-0600]     0.1875 MB /   0.50 sec =    3.1456 Mbps     0 retrans    106 KB-cwnd
[2024-11-04T16:18:19.757339-0600]     0.1250 MB /   0.50 sec =    2.0972 Mbps     0 retrans    106 KB-cwnd
[2024-11-04T16:18:19.757451-0600]     0.1875 MB /   0.50 sec =    3.1457 Mbps     0 retrans    106 KB-cwnd
[2024-11-04T16:18:21.666713-0600]     0.3750 MB /   0.50 sec =    6.2915 Mbps     0 retrans    165 KB-cwnd
[2024-11-04T16:18:21.667209-0600]     0.1250 MB /   0.50 sec =    2.0972 Mbps     0 retrans    165 KB-cwnd
[2024-11-04T16:18:21.667351-0600]     0.0625 MB /   0.50 sec =    1.0486 Mbps     0 retrans    165 KB-cwnd
[2024-11-04T16:18:22.948775-0600]     0.2500 MB /   0.50 sec =    4.1943 Mbps     1 retrans    169 KB-cwnd
[2024-11-04T16:18:22.949272-0600]     0.0000 MB /   0.50 sec =    0.0000 Mbps     0 retrans    169 KB-cwnd
[2024-11-04T16:18:22.949400-0600]     0.5000 MB /   0.50 sec =    8.3881 Mbps     0 retrans    169 KB-cwnd
[2024-11-04T16:18:23.983364-0600]     0.3125 MB /   0.50 sec =    5.2432 Mbps     0 retrans    173 KB-cwnd
[2024-11-04T16:18:23.983824-0600]     0.3125 MB /   0.50 sec =    5.2427 Mbps     0 retrans    173 KB-cwnd
[2024-11-04T16:18:24.573279-0600]     0.4375 MB /   0.50 sec =    7.3402 Mbps     0 retrans    174 KB-cwnd
[2024-11-04T16:18:25.107050-0600]     0.5000 MB /   0.50 sec =    8.3884 Mbps     0 retrans    177 KB-cwnd
[2024-11-04T16:18:25.701905-0600]     0.6875 MB /   0.50 sec =   11.5337 Mbps     0 retrans    178 KB-cwnd
[2024-11-04T16:18:26.309159-0600]     0.5000 MB /   0.50 sec =    8.3893 Mbps     0 retrans    181 KB-cwnd
[2024-11-04T16:18:26.309568-0600]     0.5625 MB /   0.50 sec =    9.4371 Mbps     0 retrans    181 KB-cwnd
[2024-11-04T16:18:27.021111-0600]     0.5625 MB /   0.50 sec =    9.4370 Mbps     0 retrans    182 KB-cwnd
[2024-11-04T16:18:27.783218-0600]     0.4375 MB /   0.50 sec =    7.3400 Mbps     0 retrans    185 KB-cwnd
[2024-11-04T16:18:27.783749-0600]     0.4375 MB /   0.50 sec =    7.3401 Mbps     0 retrans    185 KB-cwnd
[2024-11-04T16:18:28.423018-0600]     0.4375 MB /   0.50 sec =    7.3400 Mbps     0 retrans    200 KB-cwnd
[2024-11-04T16:18:29.211710-0600]     0.5000 MB /   0.50 sec =    8.3885 Mbps     0 retrans    303 KB-cwnd
[2024-11-04T16:18:29.803222-0600]     0.4375 MB /   0.50 sec =    7.3402 Mbps     0 retrans    393 KB-cwnd
[2024-11-04T16:18:29.803788-0600]     0.6250 MB /   0.50 sec =   10.4855 Mbps     0 retrans    393 KB-cwnd
[2024-11-04T16:18:30.638881-0600]     0.1875 MB /   0.50 sec =    3.1457 Mbps     0 retrans    470 KB-cwnd
[2024-11-04T16:18:31.135099-0600]     0.6875 MB /   0.50 sec =   11.5348 Mbps     0 retrans    529 KB-cwnd
[2024-11-04T16:18:31.605516-0600]     0.6250 MB /   0.50 sec =   10.4858 Mbps     0 retrans    585 KB-cwnd
[2024-11-04T16:18:32.459777-0600]     0.6875 MB /   0.50 sec =   11.5336 Mbps    13 retrans    485 KB-cwnd
[2024-11-04T16:18:32.460356-0600]     0.1250 MB /   0.50 sec =    2.0972 Mbps     0 retrans    485 KB-cwnd
[2024-11-04T16:18:32.915432-0600]     1.1250 MB /   0.50 sec =   18.8746 Mbps     0 retrans    534 KB-cwnd
[2024-11-04T16:18:33.477638-0600]     0.6250 MB /   0.50 sec =   10.4855 Mbps     0 retrans    568 KB-cwnd
[2024-11-04T16:18:33.920272-0600]     0.6875 MB /   0.50 sec =   11.5345 Mbps     0 retrans    584 KB-cwnd
[2024-11-04T16:18:34.404960-0600]     0.6875 MB /   0.50 sec =   11.5348 Mbps     0 retrans    593 KB-cwnd
[2024-11-04T16:18:34.894883-0600]     0.6250 MB /   0.50 sec =   10.4858 Mbps     0 retrans    597 KB-cwnd
[2024-11-04T16:18:35.483314-0600]     0.6250 MB /   0.50 sec =   10.4857 Mbps     0 retrans    597 KB-cwnd
[2024-11-04T16:18:35.967870-0600]     0.6250 MB /   0.50 sec =   10.4860 Mbps     0 retrans    599 KB-cwnd
[2024-11-04T16:18:36.451685-0600]     0.6875 MB /   0.50 sec =   11.5341 Mbps     0 retrans    600 KB-cwnd
[2024-11-04T16:18:37.339192-0600]     0.5000 MB /   0.50 sec =    8.3886 Mbps    14 retrans    479 KB-cwnd
[2024-11-04T16:18:37.339661-0600]     0.3750 MB /   0.50 sec =    6.2911 Mbps     0 retrans    479 KB-cwnd
[2024-11-04T16:18:37.875268-0600]     0.9375 MB /   0.50 sec =   15.7294 Mbps     0 retrans    514 KB-cwnd
[2024-11-04T16:18:38.441033-0600]     0.6250 MB /   0.50 sec =   10.4858 Mbps     0 retrans    529 KB-cwnd
[2024-11-04T16:18:39.111051-0600]     0.5625 MB /   0.50 sec =    9.4373 Mbps     0 retrans    530 KB-cwnd
[2024-11-04T16:18:39.630149-0600]     0.5625 MB /   0.50 sec =    9.4371 Mbps     0 retrans    532 KB-cwnd
[2024-11-04T16:18:40.131075-0600]     0.6250 MB /   0.50 sec =   10.4857 Mbps     0 retrans    533 KB-cwnd
[2024-11-04T16:18:40.701117-0600]     0.6875 MB /   0.50 sec =   11.5322 Mbps     0 retrans    534 KB-cwnd
[2024-11-04T16:18:41.263326-0600]     0.5625 MB /   0.50 sec =    9.4390 Mbps     0 retrans    534 KB-cwnd
[2024-11-04T16:18:41.263770-0600]     0.6250 MB /   0.50 sec =   10.4856 Mbps     0 retrans    534 KB-cwnd
[2024-11-04T16:18:41.844791-0600]     0.5625 MB /   0.50 sec =    9.4372 Mbps     0 retrans    536 KB-cwnd
[2024-11-04T16:18:42.467566-0600]     0.5000 MB /   0.50 sec =    8.3887 Mbps     0 retrans    537 KB-cwnd
[2024-11-04T16:18:43.142835-0600]     0.5625 MB /   0.50 sec =    9.4372 Mbps     0 retrans    538 KB-cwnd
[2024-11-04T16:18:43.895098-0600]     0.4375 MB /   0.50 sec =    7.3401 Mbps     0 retrans    538 KB-cwnd
[2024-11-04T16:18:43.895463-0600]     0.5000 MB /   0.50 sec =    8.3886 Mbps     0 retrans    538 KB-cwnd
[2024-11-04T16:18:44.601472-0600]     0.4375 MB /   0.50 sec =    7.3400 Mbps     0 retrans    540 KB-cwnd
[2024-11-04T16:18:45.406479-0600]     0.5000 MB /   0.50 sec =    8.3885 Mbps     0 retrans    541 KB-cwnd
[2024-11-04T16:18:45.406892-0600]     0.3750 MB /   0.50 sec =    6.2914 Mbps     0 retrans    541 KB-cwnd
[2024-11-04T16:18:46.564770-0600]     0.3125 MB /   0.50 sec =    5.2430 Mbps     3 retrans    432 KB-cwnd
[2024-11-04T16:18:46.565215-0600]     0.1875 MB /   0.50 sec =    3.1456 Mbps     0 retrans    432 KB-cwnd
[2024-11-04T16:18:47.631199-0600]     0.6250 MB /   0.50 sec =   10.4859 Mbps     3 retrans    382 KB-cwnd
[2024-11-04T16:18:47.631693-0600]     0.2500 MB /   0.50 sec =    4.1943 Mbps     0 retrans    382 KB-cwnd
[2024-11-04T16:18:48.365138-0600]     0.5625 MB /   0.50 sec =    9.4374 Mbps     0 retrans    415 KB-cwnd
[2024-11-04T16:18:48.365660-0600]     0.4375 MB /   0.50 sec =    7.3399 Mbps     0 retrans    415 KB-cwnd
[2024-11-04T16:18:49.015249-0600]     0.4375 MB /   0.50 sec =    7.3397 Mbps     0 retrans    421 KB-cwnd
[2024-11-04T16:18:49.675951-0600]     0.5000 MB /   0.50 sec =    8.3891 Mbps     0 retrans    423 KB-cwnd
[2024-11-04T16:18:50.329186-0600]     0.5000 MB /   0.50 sec =    8.3887 Mbps     0 retrans    424 KB-cwnd
[2024-11-04T16:18:50.329677-0600]     0.5625 MB /   0.50 sec =    9.4368 Mbps     0 retrans    424 KB-cwnd
[2024-11-04T16:18:51.167458-0600]     0.4375 MB /   0.50 sec =    7.3403 Mbps     0 retrans    425 KB-cwnd
[2024-11-04T16:18:51.831078-0600]     0.3750 MB /   0.50 sec =    6.2914 Mbps     0 retrans    427 KB-cwnd
[2024-11-04T16:18:51.831617-0600]     0.5000 MB /   0.50 sec =    8.3885 Mbps     0 retrans    427 KB-cwnd
[2024-11-04T16:18:52.753717-0600]     0.3750 MB /   0.50 sec =    6.2916 Mbps     0 retrans    428 KB-cwnd
[2024-11-04T16:18:52.754215-0600]     0.4375 MB /   0.50 sec =    7.3399 Mbps     0 retrans    428 KB-cwnd
[2024-11-04T16:18:53.498396-0600]     0.4375 MB /   0.50 sec =    7.3397 Mbps     0 retrans    430 KB-cwnd
[2024-11-04T16:18:54.680740-0600]     0.3750 MB /   0.50 sec =    6.2917 Mbps     0 retrans    431 KB-cwnd
[2024-11-04T16:18:54.681264-0600]     0.3750 MB /   0.50 sec =    6.2915 Mbps     0 retrans    431 KB-cwnd
[2024-11-04T16:18:55.628946-0600]     0.1250 MB /   0.50 sec =    2.0972 Mbps     0 retrans    432 KB-cwnd
[2024-11-04T16:18:55.629143-0600]     0.2500 MB /   0.50 sec =    4.1942 Mbps     0 retrans    432 KB-cwnd
[2024-11-04T16:18:56.430929-0600]     0.5000 MB /   0.50 sec =    8.3888 Mbps     0 retrans    434 KB-cwnd
[2024-11-04T16:18:56.431338-0600]     0.4375 MB /   0.50 sec =    7.3402 Mbps     0 retrans    434 KB-cwnd
[2024-11-04T16:18:57.126010-0600]     0.4375 MB /   0.50 sec =    7.3400 Mbps     3 retrans    421 KB-cwnd
[2024-11-04T16:18:57.715157-0600]     0.3125 MB /   0.50 sec =    5.2420 Mbps     0 retrans    378 KB-cwnd
[2024-11-04T16:18:58.437524-0600]     0.7500 MB /   0.50 sec =   12.5847 Mbps     0 retrans    416 KB-cwnd
[2024-11-04T16:18:58.437981-0600]     0.3750 MB /   0.50 sec =    6.2915 Mbps     0 retrans    416 KB-cwnd
[2024-11-04T16:18:59.131176-0600]     0.5000 MB /   0.50 sec =    8.3884 Mbps     0 retrans    424 KB-cwnd
[2024-11-04T16:19:00.125088-0600]     0.5000 MB /   0.50 sec =    8.3889 Mbps     0 retrans    425 KB-cwnd
[2024-11-04T16:19:00.125562-0600]     0.3750 MB /   0.50 sec =    6.2915 Mbps     0 retrans    425 KB-cwnd
[2024-11-04T16:19:00.749316-0600]     0.3750 MB /   0.50 sec =    6.2915 Mbps     0 retrans    427 KB-cwnd
[2024-11-04T16:19:00.749815-0600]     0.4375 MB /   0.50 sec =    7.3399 Mbps     0 retrans    427 KB-cwnd
[2024-11-04T16:19:02.421103-0600]     0.3750 MB /   0.50 sec =    6.2914 Mbps     7 retrans    342 KB-cwnd
[2024-11-04T16:19:02.421518-0600]     0.3125 MB /   0.50 sec =    5.2428 Mbps     0 retrans    342 KB-cwnd
[2024-11-04T16:19:02.421634-0600]     0.0000 MB /   0.50 sec =    0.0000 Mbps     0 retrans    342 KB-cwnd
[2024-11-04T16:19:03.175329-0600]     0.3125 MB /   0.50 sec =    5.2426 Mbps     0 retrans    357 KB-cwnd
[2024-11-04T16:19:04.057951-0600]     0.7500 MB /   0.50 sec =   12.5838 Mbps     0 retrans    374 KB-cwnd
[2024-11-04T16:19:04.058394-0600]     0.3750 MB /   0.50 sec =    6.2913 Mbps     0 retrans    374 KB-cwnd
[2024-11-04T16:19:05.028455-0600]     0.2500 MB /   0.50 sec =    4.1944 Mbps     0 retrans    377 KB-cwnd
[2024-11-04T16:19:05.028628-0600]     0.3750 MB /   0.50 sec =    6.2914 Mbps     0 retrans    377 KB-cwnd
[2024-11-04T16:19:06.151030-0600]     0.3125 MB /   0.50 sec =    5.2430 Mbps     0 retrans    378 KB-cwnd
[2024-11-04T16:19:06.151512-0600]     0.3125 MB /   0.50 sec =    5.2427 Mbps     0 retrans    378 KB-cwnd
[2024-11-04T16:19:07.038864-0600]     0.3125 MB /   0.50 sec =    5.2431 Mbps     0 retrans    380 KB-cwnd
[2024-11-04T16:19:07.039262-0600]     0.3750 MB /   0.50 sec =    6.2913 Mbps     0 retrans    380 KB-cwnd
[2024-11-04T16:19:07.999332-0600]     0.3750 MB /   0.50 sec =    6.2917 Mbps     0 retrans    381 KB-cwnd
[2024-11-04T16:19:07.999829-0600]     0.2500 MB /   0.50 sec =    4.1942 Mbps     0 retrans    381 KB-cwnd
[2024-11-04T16:19:08.437057-0600]     0.5625 MB /   0.50 sec =    9.4373 Mbps     0 retrans    382 KB-cwnd
[2024-11-04T16:19:08.909578-0600]     0.6875 MB /   0.50 sec =   11.5341 Mbps     0 retrans    384 KB-cwnd
[2024-11-04T16:19:09.484434-0600]     0.6875 MB /   0.50 sec =   11.5343 Mbps     0 retrans    385 KB-cwnd
[2024-11-04T16:19:10.062739-0600]     0.6250 MB /   0.50 sec =   10.4855 Mbps     0 retrans    387 KB-cwnd
[2024-11-04T16:19:10.923328-0600]     0.5000 MB /   0.50 sec =    8.3889 Mbps     0 retrans    388 KB-cwnd
[2024-11-04T16:19:10.923830-0600]     0.3125 MB /   0.50 sec =    5.2429 Mbps     0 retrans    388 KB-cwnd
[2024-11-04T16:19:11.430913-0600]     0.5625 MB /   0.50 sec =    9.4369 Mbps     0 retrans    389 KB-cwnd
[2024-11-04T16:19:12.371106-0600]     0.5625 MB /   0.50 sec =    9.4370 Mbps    11 retrans    313 KB-cwnd
[2024-11-04T16:19:12.371522-0600]     0.1875 MB /   0.50 sec =    3.1457 Mbps     0 retrans    313 KB-cwnd
[2024-11-04T16:19:13.121222-0600]     0.7500 MB /   0.50 sec =   12.5830 Mbps     0 retrans    372 KB-cwnd
[2024-11-04T16:19:13.949757-0600]     0.4375 MB /   0.50 sec =    7.3402 Mbps     0 retrans    382 KB-cwnd
[2024-11-04T16:19:13.950340-0600]     0.3750 MB /   0.50 sec =    6.2915 Mbps     0 retrans    382 KB-cwnd
[2024-11-04T16:19:15.101135-0600]     0.3750 MB /   0.50 sec =    6.2916 Mbps     0 retrans    384 KB-cwnd
[2024-11-04T16:19:15.101582-0600]     0.3125 MB /   0.50 sec =    5.2429 Mbps     0 retrans    384 KB-cwnd
[2024-11-04T16:19:15.812399-0600]     0.3125 MB /   0.50 sec =    5.2429 Mbps     0 retrans    385 KB-cwnd
[2024-11-04T16:19:15.812614-0600]     0.4375 MB /   0.50 sec =    7.3397 Mbps     0 retrans    385 KB-cwnd
[2024-11-04T16:19:16.247276-0600]     0.5000 MB /   0.50 sec =    8.3886 Mbps     0 retrans    387 KB-cwnd
End time: 1730758756703
