Start time: 1730681554003
[2024-11-03T17:52:34.844772-0700] nuttcp-r: v8.1.4: socket
[2024-11-03T17:52:34.846003-0700] nuttcp-r: buflen=65536, nstream=1, port=5103 tcp
[2024-11-03T17:52:34.846120-0700] nuttcp-r: interval reporting every 0.50 seconds
[2024-11-03T17:52:34.846207-0700] nuttcp-r: connect to 54.176.53.206 with RTT=71.929 ms af=inet
[2024-11-03T17:52:34.846290-0700] nuttcp-r: send window size = 1048576, receive window size = 1048576
[2024-11-03T17:52:34.846458-0700] nuttcp-r: available send window = 786432, available receive window = 786432
[2024-11-03T17:52:34.846547-0700]     0.9375 MB /   0.50 sec =   15.7254 Mbps     0 retrans
[2024-11-03T17:52:35.344728-0700]     5.2500 MB /   0.50 sec =   88.0762 Mbps     0 retrans
[2024-11-03T17:52:35.844314-0700]     4.1875 MB /   0.50 sec =   70.2497 Mbps     0 retrans
[2024-11-03T17:52:36.345974-0700]     2.3125 MB /   0.50 sec =   38.7059 Mbps     0 retrans
[2024-11-03T17:52:36.844703-0700]     3.3125 MB /   0.50 sec =   55.7166 Mbps     0 retrans
[2024-11-03T17:52:37.344627-0700]     0.8750 MB /   0.50 sec =   14.6798 Mbps     0 retrans
[2024-11-03T17:52:37.844194-0700]     3.0000 MB /   0.50 sec =   50.3340 Mbps     0 retrans
[2024-11-03T17:52:38.344116-0700]     3.3125 MB /   0.50 sec =   55.5762 Mbps     0 retrans
[2024-11-03T17:52:38.844626-0700]     3.8750 MB /   0.50 sec =   65.0081 Mbps     0 retrans
[2024-11-03T17:52:39.344112-0700]     2.7500 MB /   0.50 sec =   46.1397 Mbps     0 retrans
[2024-11-03T17:52:39.844658-0700]     4.5000 MB /   0.50 sec =   75.4946 Mbps     0 retrans
[2024-11-03T17:52:40.344244-0700]     1.6250 MB /   0.50 sec =   27.2608 Mbps     0 retrans
[2024-11-03T17:52:40.844193-0700]     3.5000 MB /   0.50 sec =   58.7241 Mbps     0 retrans
[2024-11-03T17:52:41.344094-0700]     3.5000 MB /   0.50 sec =   58.7251 Mbps     0 retrans
[2024-11-03T17:52:41.844080-0700]     4.7500 MB /   0.50 sec =   79.6897 Mbps     0 retrans
[2024-11-03T17:52:42.344643-0700]     3.6250 MB /   0.50 sec =   60.7618 Mbps     0 retrans
[2024-11-03T17:52:42.844199-0700]     3.1250 MB /   0.50 sec =   52.4726 Mbps     0 retrans
[2024-11-03T17:52:43.344205-0700]     0.3750 MB /   0.50 sec =    6.2914 Mbps     0 retrans
[2024-11-03T17:52:43.844212-0700]     0.9375 MB /   0.50 sec =   15.7293 Mbps     0 retrans
[2024-11-03T17:52:44.344285-0700]     3.1875 MB /   0.50 sec =   53.4718 Mbps     0 retrans
[2024-11-03T17:52:44.844222-0700]     2.8750 MB /   0.50 sec =   48.2372 Mbps     0 retrans
[2024-11-03T17:52:45.344297-0700]     2.8750 MB /   0.50 sec =   48.2270 Mbps     0 retrans
[2024-11-03T17:52:45.844379-0700]     2.6875 MB /   0.50 sec =   45.0853 Mbps     0 retrans
[2024-11-03T17:52:46.344909-0700]     6.7500 MB /   0.50 sec =  113.2584 Mbps     0 retrans
[2024-11-03T17:52:46.844630-0700]     6.0000 MB /   0.50 sec =  100.5955 Mbps     0 retrans
[2024-11-03T17:52:47.344813-0700]     6.5625 MB /   0.50 sec =  110.1979 Mbps     0 retrans
[2024-11-03T17:52:47.845045-0700]     6.5625 MB /   0.50 sec =  110.0041 Mbps     0 retrans
[2024-11-03T17:52:48.344640-0700]     6.2500 MB /   0.50 sec =  104.8471 Mbps     0 retrans
[2024-11-03T17:52:48.844094-0700]     8.5625 MB /   0.50 sec =  143.7955 Mbps     0 retrans
[2024-11-03T17:52:49.344526-0700]     6.0625 MB /   0.50 sec =  101.7102 Mbps     0 retrans
[2024-11-03T17:52:49.845145-0700]     8.0000 MB /   0.50 sec =  134.0877 Mbps     0 retrans
[2024-11-03T17:52:50.344239-0700]     5.2500 MB /   0.50 sec =   88.1551 Mbps     0 retrans
[2024-11-03T17:52:50.844106-0700]     8.2500 MB /   0.50 sec =  138.4303 Mbps     0 retrans
[2024-11-03T17:52:51.344425-0700]     8.4375 MB /   0.50 sec =  141.5606 Mbps     0 retrans
[2024-11-03T17:52:51.845150-0700]     6.8750 MB /   0.50 sec =  115.2325 Mbps     0 retrans
[2024-11-03T17:52:52.345026-0700]    11.5000 MB /   0.50 sec =  192.9565 Mbps     0 retrans
[2024-11-03T17:52:52.844217-0700]    10.0000 MB /   0.50 sec =  167.9088 Mbps     0 retrans
[2024-11-03T17:52:53.346118-0700]     7.0625 MB /   0.50 sec =  118.0634 Mbps     0 retrans
[2024-11-03T17:52:53.844268-0700]     5.5000 MB /   0.50 sec =   92.6062 Mbps     0 retrans
[2024-11-03T17:52:54.345136-0700]     2.0000 MB /   0.50 sec =   33.5538 Mbps     0 retrans
[2024-11-03T17:52:54.845229-0700]     0.8750 MB /   0.50 sec =   14.6654 Mbps     0 retrans
[2024-11-03T17:52:55.344183-0700]     8.0000 MB /   0.50 sec =  134.3550 Mbps     0 retrans
[2024-11-03T17:52:55.844230-0700]     9.5000 MB /   0.50 sec =  159.3829 Mbps     0 retrans
[2024-11-03T17:52:56.345064-0700]    11.0000 MB /   0.50 sec =  184.4100 Mbps     0 retrans
[2024-11-03T17:52:56.844280-0700]     6.9375 MB /   0.50 sec =  116.4730 Mbps     0 retrans
[2024-11-03T17:52:57.344703-0700]     4.8125 MB /   0.50 sec =   80.6690 Mbps     0 retrans
[2024-11-03T17:52:57.844262-0700]     7.0625 MB /   0.50 sec =  118.5944 Mbps     0 retrans
[2024-11-03T17:52:58.344626-0700]     9.3750 MB /   0.50 sec =  157.1597 Mbps     0 retrans
[2024-11-03T17:52:58.844599-0700]     8.1250 MB /   0.50 sec =  136.4423 Mbps     0 retrans
[2024-11-03T17:52:59.344249-0700]     6.6250 MB /   0.50 sec =  111.1424 Mbps     0 retrans
[2024-11-03T17:52:59.844519-0700]     7.1250 MB /   0.50 sec =  119.5446 Mbps     0 retrans
[2024-11-03T17:53:00.344197-0700]     8.3750 MB /   0.50 sec =  140.5041 Mbps     0 retrans
[2024-11-03T17:53:00.844074-0700]     1.5625 MB /   0.50 sec =   26.2164 Mbps     0 retrans
[2024-11-03T17:53:01.344446-0700]     9.8125 MB /   0.50 sec =  164.6070 Mbps     0 retrans
[2024-11-03T17:53:01.844233-0700]    10.5000 MB /   0.50 sec =  176.1756 Mbps     0 retrans
[2024-11-03T17:53:02.344222-0700]     5.8125 MB /   0.50 sec =   97.5022 Mbps     0 retrans
[2024-11-03T17:53:02.844845-0700]     3.1875 MB /   0.50 sec =   53.4837 Mbps     0 retrans
[2024-11-03T17:53:03.344614-0700]     8.1875 MB /   0.50 sec =  137.2457 Mbps     0 retrans
[2024-11-03T17:53:03.844162-0700]     4.9375 MB /   0.50 sec =   82.9115 Mbps     0 retrans
[2024-11-03T17:53:04.344239-0700]     4.2500 MB /   0.50 sec =   71.2949 Mbps     0 retrans
[2024-11-03T17:53:04.844248-0700]     9.0625 MB /   0.50 sec =  152.0456 Mbps     0 retrans
[2024-11-03T17:53:05.344177-0700]     9.8750 MB /   0.50 sec =  165.6780 Mbps     0 retrans
[2024-11-03T17:53:05.844074-0700]    10.4375 MB /   0.50 sec =  175.1325 Mbps     0 retrans
[2024-11-03T17:53:06.344575-0700]     9.1250 MB /   0.50 sec =  153.0847 Mbps     0 retrans
[2024-11-03T17:53:06.844419-0700]    11.7500 MB /   0.50 sec =  197.1425 Mbps     0 retrans
[2024-11-03T17:53:07.344541-0700]    10.8125 MB /   0.50 sec =  181.3757 Mbps     0 retrans
[2024-11-03T17:53:07.844777-0700]     5.0625 MB /   0.50 sec =   84.8505 Mbps     0 retrans
[2024-11-03T17:53:08.344277-0700]     9.2500 MB /   0.50 sec =  155.3325 Mbps     0 retrans
[2024-11-03T17:53:08.844833-0700]     7.0625 MB /   0.50 sec =  118.5088 Mbps     0 retrans
[2024-11-03T17:53:09.344707-0700]     7.3750 MB /   0.50 sec =  123.6153 Mbps     0 retrans
[2024-11-03T17:53:09.844780-0700]    11.4375 MB /   0.50 sec =  191.9520 Mbps     0 retrans
[2024-11-03T17:53:10.344995-0700]    11.3125 MB /   0.50 sec =  189.7592 Mbps     0 retrans
[2024-11-03T17:53:10.844268-0700]     8.5625 MB /   0.50 sec =  143.7541 Mbps     0 retrans
[2024-11-03T17:53:11.344254-0700]     4.5000 MB /   0.50 sec =   75.4981 Mbps     0 retrans
[2024-11-03T17:53:11.844386-0700]     4.8750 MB /   0.50 sec =   81.7757 Mbps     0 retrans
[2024-11-03T17:53:12.344180-0700]     6.4375 MB /   0.50 sec =  108.0297 Mbps     0 retrans
[2024-11-03T17:53:12.844419-0700]     8.6250 MB /   0.50 sec =  144.6309 Mbps     0 retrans
[2024-11-03T17:53:13.344243-0700]    10.9375 MB /   0.50 sec =  183.5845 Mbps     0 retrans
[2024-11-03T17:53:13.844102-0700]    12.8750 MB /   0.50 sec =  216.0313 Mbps     0 retrans
[2024-11-03T17:53:14.344128-0700]    13.0000 MB /   0.50 sec =  218.0986 Mbps     0 retrans
[2024-11-03T17:53:14.844266-0700]    10.1250 MB /   0.50 sec =  169.8533 Mbps     0 retrans
[2024-11-03T17:53:15.344113-0700]    11.3750 MB /   0.50 sec =  190.8630 Mbps     0 retrans
[2024-11-03T17:53:15.844910-0700]     7.1250 MB /   0.50 sec =  119.4378 Mbps     0 retrans
[2024-11-03T17:53:16.344195-0700]     6.8750 MB /   0.50 sec =  115.4276 Mbps     0 retrans
[2024-11-03T17:53:16.844593-0700]     5.0000 MB /   0.50 sec =   83.8529 Mbps     0 retrans
[2024-11-03T17:53:17.344931-0700]    10.3125 MB /   0.50 sec =  172.9621 Mbps     0 retrans
[2024-11-03T17:53:17.844187-0700]    10.5000 MB /   0.50 sec =  176.2859 Mbps     0 retrans
[2024-11-03T17:53:18.344120-0700]    10.5625 MB /   0.50 sec =  177.2239 Mbps     0 retrans
[2024-11-03T17:53:18.844202-0700]    12.5000 MB /   0.50 sec =  209.6666 Mbps     0 retrans
[2024-11-03T17:53:19.344197-0700]    12.3125 MB /   0.50 sec =  206.5972 Mbps     0 retrans
[2024-11-03T17:53:19.844076-0700]    14.1250 MB /   0.50 sec =  237.0076 Mbps     0 retrans
[2024-11-03T17:53:20.344074-0700]    11.3750 MB /   0.50 sec =  190.8427 Mbps     0 retrans
[2024-11-03T17:53:20.844297-0700]     7.5000 MB /   0.50 sec =  125.7982 Mbps     0 retrans
[2024-11-03T17:53:21.344161-0700]    12.1875 MB /   0.50 sec =  204.5120 Mbps     0 retrans
[2024-11-03T17:53:21.844110-0700]     6.8750 MB /   0.50 sec =  115.3468 Mbps     0 retrans
[2024-11-03T17:53:22.344137-0700]    12.5625 MB /   0.50 sec =  210.7562 Mbps     0 retrans
[2024-11-03T17:53:22.844944-0700]     7.5000 MB /   0.50 sec =  125.8264 Mbps     0 retrans
[2024-11-03T17:53:23.344234-0700]     8.5625 MB /   0.50 sec =  143.6460 Mbps     0 retrans
[2024-11-03T17:53:23.844557-0700]    10.3750 MB /   0.50 sec =  174.0856 Mbps     0 retrans
[2024-11-03T17:53:24.344212-0700]     9.5000 MB /   0.50 sec =  159.3679 Mbps     0 retrans
[2024-11-03T17:53:24.844424-0700]     7.3750 MB /   0.50 sec =  123.7174 Mbps     0 retrans
[2024-11-03T17:53:25.344102-0700]    12.1250 MB /   0.50 sec =  203.4681 Mbps     0 retrans
[2024-11-03T17:53:25.844270-0700]    12.0000 MB /   0.50 sec =  201.3049 Mbps     0 retrans
[2024-11-03T17:53:26.344567-0700]     8.1875 MB /   0.50 sec =  137.2600 Mbps     0 retrans
[2024-11-03T17:53:26.844667-0700]     8.1875 MB /   0.50 sec =  137.4679 Mbps     0 retrans
[2024-11-03T17:53:27.344160-0700]     6.2500 MB /   0.50 sec =  104.8620 Mbps     0 retrans
[2024-11-03T17:53:27.846672-0700]     5.9375 MB /   0.50 sec =   99.2396 Mbps     0 retrans
[2024-11-03T17:53:28.347372-0700]     0.0000 MB /   0.50 sec =    0.0000 Mbps     0 retrans
[2024-11-03T17:53:28.844208-0700]     0.0000 MB /   0.50 sec =    0.0000 Mbps     0 retrans
[2024-11-03T17:53:29.344674-0700]     0.0000 MB /   0.50 sec =    0.0000 Mbps     0 retrans
[2024-11-03T17:53:29.845667-0700]     0.0000 MB /   0.50 sec =    0.0000 Mbps     0 retrans
[2024-11-03T17:53:30.345445-0700]     0.0625 MB /   0.50 sec =    1.0489 Mbps     0 retrans
[2024-11-03T17:53:30.844182-0700]     2.0625 MB /   0.50 sec =   34.6854 Mbps     0 retrans
[2024-11-03T17:53:31.344220-0700]     3.3125 MB /   0.50 sec =   55.5703 Mbps     0 retrans
[2024-11-03T17:53:31.844626-0700]     3.8750 MB /   0.50 sec =   65.0150 Mbps     0 retrans
[2024-11-03T17:53:32.344215-0700]     6.9375 MB /   0.50 sec =  116.3873 Mbps     0 retrans
[2024-11-03T17:53:32.844144-0700]     3.3750 MB /   0.50 sec =   56.6281 Mbps     0 retrans
[2024-11-03T17:53:33.344144-0700]     5.8125 MB /   0.50 sec =   97.5127 Mbps     0 retrans
[2024-11-03T17:53:33.844072-0700]     5.1250 MB /   0.50 sec =   85.9889 Mbps     0 retrans
[2024-11-03T17:53:34.344194-0700]     3.0000 MB /   0.50 sec =   50.3270 Mbps     0 retrans
[2024-11-03T17:53:34.844262-0700]     2.5625 MB /   0.50 sec =   42.9924 Mbps     0 retrans
[2024-11-03T17:53:35.344218-0700]     4.6875 MB /   0.50 sec =   78.6448 Mbps     0 retrans
[2024-11-03T17:53:35.844206-0700]     2.9375 MB /   0.50 sec =   49.2825 Mbps     0 retrans
[2024-11-03T17:53:36.344178-0700]     0.6250 MB /   0.50 sec =   10.4860 Mbps     0 retrans
[2024-11-03T17:53:36.844180-0700]     6.2500 MB /   0.50 sec =  104.8563 Mbps     0 retrans
[2024-11-03T17:53:37.344206-0700]     5.0625 MB /   0.50 sec =   84.9364 Mbps     0 retrans
[2024-11-03T17:53:37.844210-0700]     3.2500 MB /   0.50 sec =   54.5250 Mbps     0 retrans
[2024-11-03T17:53:38.344218-0700]     3.8125 MB /   0.50 sec =   63.9602 Mbps     0 retrans
[2024-11-03T17:53:38.844263-0700]     7.9375 MB /   0.50 sec =  133.1718 Mbps     0 retrans
[2024-11-03T17:53:39.345174-0700]     0.9375 MB /   0.50 sec =   15.7142 Mbps     0 retrans
[2024-11-03T17:53:39.844331-0700]     1.7500 MB /   0.50 sec =   29.3806 Mbps     0 retrans
[2024-11-03T17:53:40.344107-0700]     2.6250 MB /   0.50 sec =   44.0544 Mbps     0 retrans
[2024-11-03T17:53:40.844039-0700]     5.4375 MB /   0.50 sec =   91.2265 Mbps     0 retrans
[2024-11-03T17:53:41.344252-0700]     4.6250 MB /   0.50 sec =   77.5819 Mbps     0 retrans
[2024-11-03T17:53:41.844176-0700]     6.0625 MB /   0.50 sec =  101.7261 Mbps     0 retrans
[2024-11-03T17:53:42.344717-0700]     5.8125 MB /   0.50 sec =   97.4124 Mbps     0 retrans
[2024-11-03T17:53:42.845361-0700]     9.0000 MB /   0.50 sec =  150.9847 Mbps     0 retrans
[2024-11-03T17:53:43.344198-0700]     9.3750 MB /   0.50 sec =  157.4596 Mbps     0 retrans
[2024-11-03T17:53:43.844084-0700]    10.4375 MB /   0.50 sec =  175.1202 Mbps     0 retrans
[2024-11-03T17:53:44.345238-0700]     9.6875 MB /   0.50 sec =  162.2013 Mbps     0 retrans
[2024-11-03T17:53:44.844686-0700]    10.8125 MB /   0.50 sec =  181.7526 Mbps     0 retrans
[2024-11-03T17:53:45.345956-0700]     9.6250 MB /   0.50 sec =  160.9476 Mbps     0 retrans
[2024-11-03T17:53:45.844676-0700]     7.3750 MB /   0.50 sec =  124.0197 Mbps     0 retrans
[2024-11-03T17:53:46.344605-0700]     9.1875 MB /   0.50 sec =  154.1749 Mbps     0 retrans
[2024-11-03T17:53:46.844218-0700]    10.4375 MB /   0.50 sec =  175.2517 Mbps     0 retrans
[2024-11-03T17:53:47.344199-0700]    10.1875 MB /   0.50 sec =  170.9169 Mbps     0 retrans
[2024-11-03T17:53:47.844215-0700]     9.1250 MB /   0.50 sec =  153.1062 Mbps     0 retrans
[2024-11-03T17:53:48.344475-0700]     8.5625 MB /   0.50 sec =  143.6457 Mbps     0 retrans
[2024-11-03T17:53:48.844098-0700]     9.8125 MB /   0.50 sec =  164.6327 Mbps     0 retrans
[2024-11-03T17:53:49.346030-0700]     7.5000 MB /   0.50 sec =  125.3855 Mbps     0 retrans
[2024-11-03T17:53:49.844884-0700]    10.7500 MB /   0.50 sec =  180.7556 Mbps     0 retrans
[2024-11-03T17:53:50.344180-0700]    10.5000 MB /   0.50 sec =  176.3830 Mbps     0 retrans
[2024-11-03T17:53:50.844333-0700]     4.8750 MB /   0.50 sec =   81.7803 Mbps     0 retrans
[2024-11-03T17:53:51.344209-0700]     8.1250 MB /   0.50 sec =  136.3282 Mbps     0 retrans
[2024-11-03T17:53:51.844235-0700]    11.0000 MB /   0.50 sec =  184.5449 Mbps     0 retrans
[2024-11-03T17:53:52.344177-0700]    10.6250 MB /   0.50 sec =  178.2733 Mbps     0 retrans
[2024-11-03T17:53:52.844295-0700]    10.4375 MB /   0.50 sec =  175.0821 Mbps     0 retrans
[2024-11-03T17:53:53.345198-0700]    10.8750 MB /   0.50 sec =  182.3093 Mbps     0 retrans
[2024-11-03T17:53:53.845063-0700]    12.0000 MB /   0.50 sec =  201.5039 Mbps     0 retrans
[2024-11-03T17:53:54.344254-0700]    10.8125 MB /   0.50 sec =  181.3870 Mbps     0 retrans
[2024-11-03T17:53:54.845756-0700]     8.1250 MB /   0.50 sec =  136.3242 Mbps     0 retrans
[2024-11-03T17:53:55.344175-0700]    10.8125 MB /   0.50 sec =  181.4214 Mbps     0 retrans
[2024-11-03T17:53:55.844751-0700]     8.8750 MB /   0.50 sec =  148.8695 Mbps     0 retrans
[2024-11-03T17:53:56.344234-0700]    10.6875 MB /   0.50 sec =  179.3280 Mbps     0 retrans
[2024-11-03T17:53:56.844176-0700]     9.9375 MB /   0.50 sec =  166.7319 Mbps     0 retrans
[2024-11-03T17:53:57.344103-0700]     3.3125 MB /   0.50 sec =   55.5773 Mbps     0 retrans
[2024-11-03T17:53:57.845048-0700]     9.4375 MB /   0.50 sec =  158.2141 Mbps     0 retrans
[2024-11-03T17:53:58.344752-0700]     8.5625 MB /   0.50 sec =  143.7463 Mbps     0 retrans
[2024-11-03T17:53:58.845136-0700]     7.1250 MB /   0.50 sec =  119.4419 Mbps     0 retrans
[2024-11-03T17:53:59.344343-0700]     8.0000 MB /   0.50 sec =  134.3069 Mbps     0 retrans
[2024-11-03T17:53:59.844217-0700]     9.6875 MB /   0.50 sec =  162.5579 Mbps     0 retrans
[2024-11-03T17:54:00.344237-0700]     5.5625 MB /   0.50 sec =   93.3223 Mbps     0 retrans
[2024-11-03T17:54:00.844262-0700]     5.8125 MB /   0.50 sec =   97.5123 Mbps     0 retrans
[2024-11-03T17:54:01.344589-0700]     9.9375 MB /   0.50 sec =  166.7406 Mbps     0 retrans
[2024-11-03T17:54:01.844265-0700]     7.8125 MB /   0.50 sec =  131.0602 Mbps     0 retrans
[2024-11-03T17:54:02.344203-0700]     4.1250 MB /   0.50 sec =   69.2120 Mbps     0 retrans
[2024-11-03T17:54:02.844694-0700]     4.6875 MB /   0.50 sec =   78.6438 Mbps     0 retrans
[2024-11-03T17:54:03.344206-0700]     7.0000 MB /   0.50 sec =  117.4360 Mbps     0 retrans
[2024-11-03T17:54:03.844177-0700]     8.5000 MB /   0.50 sec =  142.6078 Mbps     0 retrans
[2024-11-03T17:54:04.344182-0700]     5.8750 MB /   0.50 sec =   98.5661 Mbps     0 retrans
[2024-11-03T17:54:04.844255-0700]     7.9375 MB /   0.50 sec =  133.1654 Mbps     0 retrans
[2024-11-03T17:54:05.344236-0700]     9.9375 MB /   0.50 sec =  166.7162 Mbps     0 retrans
[2024-11-03T17:54:05.844178-0700]     8.2500 MB /   0.50 sec =  138.4253 Mbps     0 retrans
[2024-11-03T17:54:06.344152-0700]     7.7500 MB /   0.50 sec =  130.0229 Mbps     0 retrans
[2024-11-03T17:54:06.844490-0700]     6.0000 MB /   0.50 sec =  100.6124 Mbps     0 retrans
[2024-11-03T17:54:07.344273-0700]     8.1250 MB /   0.50 sec =  136.3632 Mbps     0 retrans
[2024-11-03T17:54:07.844165-0700]     8.3750 MB /   0.50 sec =  140.5258 Mbps     0 retrans
[2024-11-03T17:54:08.345140-0700]    11.4375 MB /   0.50 sec =  191.7054 Mbps     0 retrans
[2024-11-03T17:54:08.844058-0700]     5.5000 MB /   0.50 sec =   92.3698 Mbps     0 retrans
[2024-11-03T17:54:09.344281-0700]     7.5000 MB /   0.50 sec =  125.7967 Mbps     0 retrans
[2024-11-03T17:54:09.844366-0700]    11.5000 MB /   0.50 sec =  192.9480 Mbps     0 retrans
[2024-11-03T17:54:10.344745-0700]     9.9375 MB /   0.50 sec =  166.7356 Mbps     0 retrans
[2024-11-03T17:54:10.844146-0700]     8.1250 MB /   0.50 sec =  136.3356 Mbps     0 retrans
[2024-11-03T17:54:11.344477-0700]    10.0000 MB /   0.50 sec =  167.6558 Mbps     0 retrans
[2024-11-03T17:54:11.845292-0700]    10.1250 MB /   0.50 sec =  169.8041 Mbps     0 retrans
[2024-11-03T17:54:12.345170-0700]     9.2500 MB /   0.50 sec =  155.2073 Mbps     0 retrans
[2024-11-03T17:54:12.844749-0700]    10.0000 MB /   0.50 sec =  167.9267 Mbps     0 retrans
[2024-11-03T17:54:13.345908-0700]     7.3125 MB /   0.50 sec =  122.3909 Mbps     0 retrans
[2024-11-03T17:54:13.844622-0700]     8.7500 MB /   0.50 sec =  147.0300 Mbps     0 retrans
[2024-11-03T17:54:14.344691-0700]     4.6250 MB /   0.50 sec =   77.5807 Mbps     0 retrans
[2024-11-03T17:54:14.844725-0700]     3.3750 MB /   0.50 sec =   56.6791 Mbps     0 retrans
[2024-11-03T17:54:15.344211-0700]    10.3125 MB /   0.50 sec =  173.0140 Mbps     0 retrans
[2024-11-03T17:54:15.844595-0700]     8.5000 MB /   0.50 sec =  142.6129 Mbps     0 retrans
[2024-11-03T17:54:16.344223-0700]    10.6875 MB /   0.50 sec =  179.2925 Mbps     0 retrans
[2024-11-03T17:54:16.844195-0700]    13.6250 MB /   0.50 sec =  228.6069 Mbps     0 retrans
[2024-11-03T17:54:17.344107-0700]    11.1875 MB /   0.50 sec =  187.6996 Mbps     0 retrans
[2024-11-03T17:54:17.844231-0700]     8.0000 MB /   0.50 sec =  134.1997 Mbps     0 retrans
[2024-11-03T17:54:18.344262-0700]     7.6875 MB /   0.50 sec =  128.9730 Mbps     0 retrans
[2024-11-03T17:54:18.844546-0700]    11.5625 MB /   0.50 sec =  194.0141 Mbps     0 retrans
[2024-11-03T17:54:19.344655-0700]    10.6875 MB /   0.50 sec =  179.3004 Mbps     0 retrans
[2024-11-03T17:54:19.844107-0700]    12.0000 MB /   0.50 sec =  201.3395 Mbps     0 retrans
[2024-11-03T17:54:20.344092-0700]    12.9375 MB /   0.50 sec =  217.0483 Mbps     0 retrans
[2024-11-03T17:54:20.844603-0700]    12.6875 MB /   0.50 sec =  212.8639 Mbps     0 retrans
[2024-11-03T17:54:21.344256-0700]     8.0625 MB /   0.50 sec =  135.2447 Mbps     0 retrans
[2024-11-03T17:54:21.844762-0700]    10.6875 MB /   0.50 sec =  179.3219 Mbps     0 retrans
[2024-11-03T17:54:22.344218-0700]    13.6250 MB /   0.50 sec =  228.5768 Mbps     0 retrans
[2024-11-03T17:54:22.844079-0700]     5.6875 MB /   0.50 sec =   95.4330 Mbps     0 retrans
[2024-11-03T17:54:23.344232-0700]     8.1875 MB /   0.50 sec =  137.3538 Mbps     0 retrans
[2024-11-03T17:54:23.844756-0700]    10.1250 MB /   0.50 sec =  169.8686 Mbps     0 retrans
[2024-11-03T17:54:24.344239-0700]    12.3750 MB /   0.50 sec =  207.6023 Mbps     0 retrans
[2024-11-03T17:54:24.844214-0700]     8.6250 MB /   0.50 sec =  144.7139 Mbps     0 retrans
[2024-11-03T17:54:25.344205-0700]    10.8750 MB /   0.50 sec =  182.4522 Mbps     0 retrans
[2024-11-03T17:54:25.844207-0700]     7.6875 MB /   0.50 sec =  128.9710 Mbps     0 retrans
[2024-11-03T17:54:26.344194-0700]     6.0000 MB /   0.50 sec =  100.6607 Mbps     0 retrans
[2024-11-03T17:54:26.844145-0700]     6.3750 MB /   0.50 sec =  106.9667 Mbps     0 retrans
[2024-11-03T17:54:27.345231-0700]     2.8125 MB /   0.50 sec =   47.0890 Mbps     0 retrans
[2024-11-03T17:54:27.844243-0700]     0.0000 MB /   0.50 sec =    0.0000 Mbps     0 retrans
[2024-11-03T17:54:28.344148-0700]     6.7500 MB /   0.50 sec =  113.2519 Mbps     0 retrans
[2024-11-03T17:54:28.844383-0700]     5.6875 MB /   0.50 sec =   95.4237 Mbps     0 retrans
[2024-11-03T17:54:29.344477-0700]    10.8125 MB /   0.50 sec =  181.2742 Mbps     0 retrans
[2024-11-03T17:54:29.844199-0700]     6.8750 MB /   0.50 sec =  115.4186 Mbps     0 retrans
[2024-11-03T17:54:30.344145-0700]    10.5000 MB /   0.50 sec =  176.1636 Mbps     0 retrans
[2024-11-03T17:54:30.844156-0700]     9.3750 MB /   0.50 sec =  157.2848 Mbps     0 retrans
[2024-11-03T17:54:31.344239-0700]     4.3125 MB /   0.50 sec =   72.3422 Mbps     0 retrans
[2024-11-03T17:54:31.844579-0700]    10.4375 MB /   0.50 sec =  175.1206 Mbps     0 retrans
[2024-11-03T17:54:32.344124-0700]    11.5000 MB /   0.50 sec =  192.9642 Mbps     0 retrans
[2024-11-03T17:54:32.844519-0700]     2.8750 MB /   0.50 sec =   48.1955 Mbps     0 retrans
[2024-11-03T17:54:33.344276-0700]     5.1875 MB /   0.50 sec =   87.0841 Mbps     0 retrans
[2024-11-03T17:54:33.844660-0700]     9.5000 MB /   0.50 sec =  159.4055 Mbps     0 retrans
[2024-11-03T17:54:34.344636-0700]     9.7500 MB /   0.50 sec =  163.5821 Mbps     0 retrans
[2024-11-03T17:54:34.844225-0700]    11.3750 MB /   0.50 sec =  190.8294 Mbps     0 retrans
End time: 1730681675084
