Start time: 1730917382261
[2024-11-06T12:23:03.434623-0600] nuttcp-t: v8.1.4: socket
[2024-11-06T12:23:03.435365-0600] nuttcp-t: buflen=65536, nstream=1, port=5101 tcp -> 54.197.223.49
[2024-11-06T12:23:03.435416-0600] nuttcp-t: time limit = 120.00 seconds
[2024-11-06T12:23:03.435447-0600] nuttcp-t: connect to 54.197.223.49 with mss=1376, RTT=56.758 ms af=inet
[2024-11-06T12:23:03.435476-0600] nuttcp-t: send window size = 2097152, receive window size = 6291456
[2024-11-06T12:23:03.435505-0600] nuttcp-t: available send window = 1572864, available receive window = 4718592
[2024-11-06T12:23:03.435532-0600] nuttcp-t: initial congestion window = 13 KB (10 packets)
[2024-11-06T12:23:03.435559-0600] nuttcp-r: v8.1.4: socket
[2024-11-06T12:23:03.435588-0600] nuttcp-r: buflen=65536, nstream=1, port=5101 tcp
[2024-11-06T12:23:03.435615-0600] nuttcp-r: interval reporting every 0.50 seconds
[2024-11-06T12:23:03.435650-0600] nuttcp-r: accept from 174.219.217.116 with af=inet
[2024-11-06T12:23:03.435680-0600] nuttcp-r: send window size = 450000000, receive window size = 450000000
[2024-11-06T12:23:03.435707-0600] nuttcp-r: available send window = 225000000, available receive window = 225000000
[2024-11-06T12:23:03.435734-0600]     1.6250 MB /   0.50 sec =   27.2616 Mbps     0 retrans   2093 KB-cwnd
[2024-11-06T12:23:03.878268-0600]     2.3750 MB /   0.50 sec =   39.8456 Mbps     0 retrans   2797 KB-cwnd
[2024-11-06T12:23:04.486115-0600]     3.1250 MB /   0.50 sec =   52.4301 Mbps     0 retrans   2797 KB-cwnd
[2024-11-06T12:23:05.271322-0600]     1.4375 MB /   0.50 sec =   24.1171 Mbps     0 retrans   2797 KB-cwnd
[2024-11-06T12:23:05.271739-0600]     1.6875 MB /   0.50 sec =   28.3117 Mbps     0 retrans   2797 KB-cwnd
[2024-11-06T12:23:05.792747-0600]     2.8750 MB /   0.50 sec =   48.2329 Mbps    35 retrans   2237 KB-cwnd
[2024-11-06T12:23:06.933015-0600]     2.5000 MB /   0.50 sec =   41.9446 Mbps     0 retrans   2237 KB-cwnd
[2024-11-06T12:23:06.933456-0600]     0.8125 MB /   0.50 sec =   13.6311 Mbps     0 retrans   2237 KB-cwnd
[2024-11-06T12:23:08.122573-0600]     0.7500 MB /   0.50 sec =   12.5831 Mbps     3 retrans   1820 KB-cwnd
[2024-11-06T12:23:08.122785-0600]     1.4375 MB /   0.50 sec =   24.1172 Mbps     0 retrans   1820 KB-cwnd
[2024-11-06T12:23:08.618183-0600]     1.1250 MB /   0.50 sec =   18.8743 Mbps     0 retrans   1820 KB-cwnd
[2024-11-06T12:23:09.213952-0600]     2.8750 MB /   0.50 sec =   48.2324 Mbps     0 retrans   1820 KB-cwnd
[2024-11-06T12:23:09.214309-0600]     2.1250 MB /   0.50 sec =   35.6537 Mbps     0 retrans   1820 KB-cwnd
[2024-11-06T12:23:09.724821-0600]     2.6875 MB /   0.50 sec =   45.0885 Mbps     0 retrans   1820 KB-cwnd
[2024-11-06T12:23:10.650020-0600]     3.5625 MB /   0.50 sec =   59.7656 Mbps     0 retrans   1820 KB-cwnd
[2024-11-06T12:23:11.009247-0600]     2.2500 MB /   0.50 sec =   37.7501 Mbps     0 retrans   1820 KB-cwnd
[2024-11-06T12:23:11.441864-0600]     3.6250 MB /   0.50 sec =   60.8174 Mbps     0 retrans   1820 KB-cwnd
[2024-11-06T12:23:12.033478-0600]     2.5625 MB /   0.50 sec =   42.9926 Mbps     8 retrans   1463 KB-cwnd
[2024-11-06T12:23:12.324154-0600]     3.8125 MB /   0.50 sec =   63.9593 Mbps     0 retrans   1568 KB-cwnd
[2024-11-06T12:23:12.924012-0600]     4.3750 MB /   0.50 sec =   73.3959 Mbps     0 retrans   1568 KB-cwnd
[2024-11-06T12:23:13.229897-0600]     4.3750 MB /   0.50 sec =   73.4015 Mbps     0 retrans   1568 KB-cwnd
[2024-11-06T12:23:13.681867-0600]     3.1250 MB /   0.50 sec =   52.4327 Mbps     0 retrans   1568 KB-cwnd
[2024-11-06T12:23:14.257773-0600]     2.2500 MB /   0.50 sec =   37.7496 Mbps     0 retrans   1568 KB-cwnd
[2024-11-06T12:23:14.975971-0600]     3.4375 MB /   0.50 sec =   57.6714 Mbps    22 retrans   1056 KB-cwnd
[2024-11-06T12:23:15.298054-0600]     4.0625 MB /   0.50 sec =   68.1595 Mbps     0 retrans   1156 KB-cwnd
[2024-11-06T12:23:16.023935-0600]     4.0000 MB /   0.50 sec =   67.1054 Mbps    17 retrans   1033 KB-cwnd
[2024-11-06T12:23:16.432910-0600]     3.5625 MB /   0.50 sec =   59.7706 Mbps     0 retrans   1034 KB-cwnd
[2024-11-06T12:23:17.076274-0600]     2.6250 MB /   0.50 sec =   44.0398 Mbps     0 retrans   1034 KB-cwnd
[2024-11-06T12:23:17.635962-0600]     2.0625 MB /   0.50 sec =   34.6013 Mbps     0 retrans   1034 KB-cwnd
[2024-11-06T12:23:18.113915-0600]     2.3750 MB /   0.50 sec =   39.8478 Mbps     0 retrans   1037 KB-cwnd
[2024-11-06T12:23:18.481973-0600]     2.8750 MB /   0.50 sec =   48.2346 Mbps     0 retrans   1041 KB-cwnd
[2024-11-06T12:23:18.793832-0600]     3.9375 MB /   0.50 sec =   66.0609 Mbps     0 retrans   1127 KB-cwnd
[2024-11-06T12:23:19.463366-0600]     4.5625 MB /   0.50 sec =   76.5457 Mbps     7 retrans   1199 KB-cwnd
[2024-11-06T12:23:19.787761-0600]     3.8125 MB /   0.50 sec =   63.9626 Mbps     0 retrans   1273 KB-cwnd
[2024-11-06T12:23:20.234102-0600]     3.5000 MB /   0.50 sec =   58.7201 Mbps    35 retrans    826 KB-cwnd
[2024-11-06T12:23:20.767690-0600]     4.5000 MB /   0.50 sec =   75.4981 Mbps     0 retrans    924 KB-cwnd
[2024-11-06T12:23:21.339178-0600]     2.8125 MB /   0.50 sec =   47.1856 Mbps     0 retrans    928 KB-cwnd
[2024-11-06T12:23:22.023360-0600]     4.0625 MB /   0.50 sec =   68.1573 Mbps    18 retrans    755 KB-cwnd
[2024-11-06T12:23:22.380387-0600]     4.2500 MB /   0.50 sec =   71.2714 Mbps     0 retrans    825 KB-cwnd
[2024-11-06T12:23:22.839431-0600]     3.1250 MB /   0.50 sec =   52.4530 Mbps     0 retrans    830 KB-cwnd
[2024-11-06T12:23:23.283718-0600]     3.4375 MB /   0.50 sec =   57.6713 Mbps    56 retrans    667 KB-cwnd
[2024-11-06T12:23:23.823712-0600]     4.8125 MB /   0.50 sec =   80.7394 Mbps     0 retrans    834 KB-cwnd
[2024-11-06T12:23:24.384140-0600]     4.8750 MB /   0.50 sec =   81.7884 Mbps     0 retrans   1167 KB-cwnd
[2024-11-06T12:23:24.686057-0600]     4.4375 MB /   0.50 sec =   74.4263 Mbps     0 retrans   1507 KB-cwnd
[2024-11-06T12:23:25.257782-0600]     4.9375 MB /   0.50 sec =   82.8640 Mbps    11 retrans   1488 KB-cwnd
[2024-11-06T12:23:25.787873-0600]     4.8750 MB /   0.50 sec =   81.7876 Mbps     0 retrans   1642 KB-cwnd
[2024-11-06T12:23:26.334383-0600]     5.2500 MB /   0.50 sec =   88.0823 Mbps     0 retrans   1642 KB-cwnd
[2024-11-06T12:23:26.692592-0600]     3.9375 MB /   0.50 sec =   66.0604 Mbps     2 retrans   1405 KB-cwnd
[2024-11-06T12:23:27.323776-0600]     4.5000 MB /   0.50 sec =   75.4987 Mbps     0 retrans   1467 KB-cwnd
[2024-11-06T12:23:27.824115-0600]     2.8750 MB /   0.50 sec =   48.2347 Mbps     0 retrans   1467 KB-cwnd
[2024-11-06T12:23:28.373962-0600]     2.5625 MB /   0.50 sec =   42.9913 Mbps     0 retrans   1467 KB-cwnd
[2024-11-06T12:23:28.868701-0600]     2.0000 MB /   0.50 sec =   33.5532 Mbps    55 retrans   1281 KB-cwnd
[2024-11-06T12:23:29.308026-0600]     3.9375 MB /   0.50 sec =   66.0624 Mbps     3 retrans   1056 KB-cwnd
[2024-11-06T12:23:29.958207-0600]     4.2500 MB /   0.50 sec =   71.3027 Mbps    78 retrans    561 KB-cwnd
[2024-11-06T12:23:30.346625-0600]     4.5000 MB /   0.50 sec =   75.4969 Mbps     0 retrans    612 KB-cwnd
[2024-11-06T12:23:30.733271-0600]     3.4375 MB /   0.50 sec =   57.6731 Mbps    12 retrans    548 KB-cwnd
[2024-11-06T12:23:31.518178-0600]     3.3125 MB /   0.50 sec =   55.5720 Mbps     2 retrans    564 KB-cwnd
[2024-11-06T12:23:31.915126-0600]     3.5000 MB /   0.50 sec =   58.7203 Mbps     4 retrans    502 KB-cwnd
[2024-11-06T12:23:32.326357-0600]     3.3750 MB /   0.50 sec =   56.6231 Mbps     0 retrans    511 KB-cwnd
[2024-11-06T12:23:32.804007-0600]     2.9375 MB /   0.50 sec =   49.2839 Mbps    49 retrans    443 KB-cwnd
[2024-11-06T12:23:33.410900-0600]     2.5625 MB /   0.50 sec =   42.9924 Mbps    34 retrans    303 KB-cwnd
[2024-11-06T12:23:34.138169-0600]     1.8125 MB /   0.50 sec =   30.4079 Mbps     0 retrans    163 KB-cwnd
[2024-11-06T12:23:34.771787-0600]     1.8125 MB /   0.50 sec =   30.3575 Mbps    49 retrans    315 KB-cwnd
[2024-11-06T12:23:34.772335-0600]     2.1875 MB /   0.50 sec =   36.7627 Mbps     0 retrans    315 KB-cwnd
[2024-11-06T12:23:35.568041-0600]     1.8125 MB /   0.50 sec =   30.3784 Mbps    60 retrans    275 KB-cwnd
[2024-11-06T12:23:36.397315-0600]     1.8125 MB /   0.50 sec =   30.4396 Mbps    40 retrans    200 KB-cwnd
[2024-11-06T12:23:36.397825-0600]     1.5625 MB /   0.50 sec =   26.2144 Mbps     0 retrans    200 KB-cwnd
[2024-11-06T12:23:37.314254-0600]     1.4375 MB /   0.50 sec =   24.1166 Mbps     0 retrans    245 KB-cwnd
[2024-11-06T12:23:37.314783-0600]     1.5625 MB /   0.50 sec =   26.2151 Mbps     0 retrans    258 KB-cwnd
[2024-11-06T12:23:37.850711-0600]     2.4375 MB /   0.50 sec =   40.8941 Mbps    37 retrans    748 KB-cwnd
[2024-11-06T12:23:38.180612-0600]     3.2500 MB /   0.50 sec =   54.5253 Mbps    30 retrans    740 KB-cwnd
[2024-11-06T12:23:38.902546-0600]     4.3750 MB /   0.50 sec =   73.4008 Mbps    17 retrans    733 KB-cwnd
[2024-11-06T12:23:39.564234-0600]     2.1875 MB /   0.50 sec =   36.6991 Mbps     0 retrans    739 KB-cwnd
[2024-11-06T12:23:40.044511-0600]     2.3750 MB /   0.50 sec =   39.8425 Mbps     0 retrans    744 KB-cwnd
[2024-11-06T12:23:40.630021-0600]     2.7500 MB /   0.50 sec =   46.1425 Mbps     0 retrans   1029 KB-cwnd
[2024-11-06T12:23:41.253895-0600]     2.1250 MB /   0.50 sec =   35.6494 Mbps     0 retrans   1119 KB-cwnd
[2024-11-06T12:23:41.254255-0600]     2.1250 MB /   0.50 sec =   35.6295 Mbps     0 retrans   1119 KB-cwnd
[2024-11-06T12:23:41.772359-0600]     2.6875 MB /   0.50 sec =   45.1199 Mbps    12 retrans   1038 KB-cwnd
[2024-11-06T12:23:42.484502-0600]     1.6250 MB /   0.50 sec =   27.2622 Mbps     0 retrans   1130 KB-cwnd
[2024-11-06T12:23:43.195786-0600]     2.3125 MB /   0.50 sec =   38.7985 Mbps     0 retrans   1138 KB-cwnd
[2024-11-06T12:23:43.195954-0600]     1.6875 MB /   0.50 sec =   28.3067 Mbps     0 retrans   1138 KB-cwnd
[2024-11-06T12:23:44.099941-0600]     1.6250 MB /   0.50 sec =   27.2668 Mbps     0 retrans   1138 KB-cwnd
[2024-11-06T12:23:44.997929-0600]     1.3125 MB /   0.50 sec =   22.0206 Mbps     0 retrans   1138 KB-cwnd
[2024-11-06T12:23:44.998424-0600]     1.3750 MB /   0.50 sec =   23.0683 Mbps     0 retrans   1138 KB-cwnd
[2024-11-06T12:23:45.470049-0600]     1.7500 MB /   0.50 sec =   29.3592 Mbps     0 retrans   1138 KB-cwnd
[2024-11-06T12:23:45.872065-0600]     3.3125 MB /   0.50 sec =   55.5780 Mbps     0 retrans   1138 KB-cwnd
[2024-11-06T12:23:46.236052-0600]     3.6875 MB /   0.50 sec =   61.8065 Mbps     0 retrans   1162 KB-cwnd
[2024-11-06T12:23:47.072259-0600]     3.4375 MB /   0.50 sec =   57.7243 Mbps     1 retrans   1034 KB-cwnd
[2024-11-06T12:23:47.526231-0600]     2.9375 MB /   0.50 sec =   49.2824 Mbps     0 retrans   1037 KB-cwnd
[2024-11-06T12:23:47.934583-0600]     2.7500 MB /   0.50 sec =   46.1402 Mbps     0 retrans   1041 KB-cwnd
[2024-11-06T12:23:48.361768-0600]     3.5000 MB /   0.50 sec =   58.7196 Mbps     0 retrans   1042 KB-cwnd
[2024-11-06T12:23:48.920030-0600]     2.5000 MB /   0.50 sec =   41.9406 Mbps     0 retrans   1042 KB-cwnd
[2024-11-06T12:23:49.488287-0600]     2.4375 MB /   0.50 sec =   40.8972 Mbps     0 retrans   1042 KB-cwnd
[2024-11-06T12:23:49.903769-0600]     2.6250 MB /   0.50 sec =   44.0387 Mbps     0 retrans   1044 KB-cwnd
[2024-11-06T12:23:50.345446-0600]     3.1875 MB /   0.50 sec =   53.4781 Mbps     0 retrans   1046 KB-cwnd
[2024-11-06T12:23:50.897450-0600]     2.8750 MB /   0.50 sec =   48.2357 Mbps     0 retrans   1049 KB-cwnd
[2024-11-06T12:23:51.948066-0600]     1.5000 MB /   0.50 sec =   25.1651 Mbps     0 retrans   1049 KB-cwnd
[2024-11-06T12:23:51.948698-0600]     1.1250 MB /   0.50 sec =   18.8745 Mbps     0 retrans   1049 KB-cwnd
[2024-11-06T12:23:52.904149-0600]     1.3125 MB /   0.50 sec =   22.0138 Mbps     0 retrans   1049 KB-cwnd
[2024-11-06T12:23:52.904656-0600]     1.3750 MB /   0.50 sec =   23.0744 Mbps     0 retrans   1049 KB-cwnd
[2024-11-06T12:23:53.543777-0600]     1.5625 MB /   0.50 sec =   26.2132 Mbps     0 retrans   1049 KB-cwnd
[2024-11-06T12:23:54.099980-0600]     2.5625 MB /   0.50 sec =   42.9944 Mbps     0 retrans   1049 KB-cwnd
[2024-11-06T12:23:55.089908-0600]     2.1875 MB /   0.50 sec =   36.7004 Mbps     0 retrans   1049 KB-cwnd
[2024-11-06T12:23:55.090511-0600]     1.3125 MB /   0.50 sec =   22.0202 Mbps     0 retrans   1049 KB-cwnd
[2024-11-06T12:23:55.998272-0600]     1.5000 MB /   0.50 sec =   25.1661 Mbps     0 retrans   1049 KB-cwnd
[2024-11-06T12:23:55.998682-0600]     1.5625 MB /   0.50 sec =   26.1975 Mbps     0 retrans   1049 KB-cwnd
[2024-11-06T12:23:57.028110-0600]     1.1875 MB /   0.50 sec =   19.9359 Mbps     0 retrans   1049 KB-cwnd
[2024-11-06T12:23:57.028682-0600]     1.1250 MB /   0.50 sec =   18.8738 Mbps     0 retrans   1049 KB-cwnd
[2024-11-06T12:23:57.841996-0600]     1.6250 MB /   0.50 sec =   27.2640 Mbps     0 retrans   1049 KB-cwnd
[2024-11-06T12:23:57.842654-0600]     1.6250 MB /   0.50 sec =   27.2620 Mbps     0 retrans   1049 KB-cwnd
[2024-11-06T12:23:58.565992-0600]     1.5000 MB /   0.50 sec =   25.1653 Mbps     0 retrans   1049 KB-cwnd
[2024-11-06T12:23:59.118682-0600]     2.1875 MB /   0.50 sec =   36.7016 Mbps     0 retrans   1049 KB-cwnd
[2024-11-06T12:23:59.691900-0600]     2.3750 MB /   0.50 sec =   39.8453 Mbps     0 retrans   1049 KB-cwnd
[2024-11-06T12:23:59.692472-0600]     2.3125 MB /   0.50 sec =   38.7977 Mbps     0 retrans   1049 KB-cwnd
[2024-11-06T12:24:00.289860-0600]     2.2500 MB /   0.50 sec =   37.7500 Mbps     0 retrans   1049 KB-cwnd
[2024-11-06T12:24:00.959740-0600]     2.0625 MB /   0.50 sec =   34.6027 Mbps     0 retrans   1049 KB-cwnd
[2024-11-06T12:24:01.540133-0600]     2.0625 MB /   0.50 sec =   34.6027 Mbps     0 retrans   1049 KB-cwnd
[2024-11-06T12:24:02.023681-0600]     2.3750 MB /   0.50 sec =   39.8416 Mbps     0 retrans   1049 KB-cwnd
[2024-11-06T12:24:02.314741-0600]     3.3750 MB /   0.50 sec =   56.6290 Mbps     5 retrans    933 KB-cwnd
[2024-11-06T12:24:02.689983-0600]     3.5625 MB /   0.50 sec =   59.7685 Mbps   200 retrans    892 KB-cwnd
[2024-11-06T12:24:03.404116-0600]     3.5625 MB /   0.50 sec =   59.7685 Mbps     0 retrans    994 KB-cwnd
[2024-11-06T12:24:03.696171-0600]     4.6875 MB /   0.50 sec =   78.5992 Mbps     0 retrans    999 KB-cwnd
[2024-11-06T12:24:04.359912-0600]     4.0000 MB /   0.50 sec =   67.1473 Mbps     0 retrans   1232 KB-cwnd
[2024-11-06T12:24:04.684561-0600]     3.3125 MB /   0.50 sec =   55.5734 Mbps     2 retrans   1139 KB-cwnd
[2024-11-06T12:24:05.458641-0600]     4.4375 MB /   0.50 sec =   74.4529 Mbps    33 retrans    842 KB-cwnd
[2024-11-06T12:24:05.795823-0600]     4.1875 MB /   0.50 sec =   70.2518 Mbps   127 retrans    627 KB-cwnd
[2024-11-06T12:24:06.533096-0600]     4.0000 MB /   0.50 sec =   67.1097 Mbps    27 retrans    507 KB-cwnd
[2024-11-06T12:24:07.006273-0600]     3.4375 MB /   0.50 sec =   57.6703 Mbps    42 retrans    448 KB-cwnd
[2024-11-06T12:24:07.434519-0600]     2.8750 MB /   0.50 sec =   48.2335 Mbps     0 retrans    425 KB-cwnd
[2024-11-06T12:24:07.927685-0600]     2.9375 MB /   0.50 sec =   49.2816 Mbps    20 retrans    357 KB-cwnd
[2024-11-06T12:24:08.544253-0600]     2.1875 MB /   0.50 sec =   36.7028 Mbps    11 retrans    322 KB-cwnd
[2024-11-06T12:24:09.234229-0600]     2.2500 MB /   0.50 sec =   37.7483 Mbps    12 retrans    291 KB-cwnd
[2024-11-06T12:24:09.234706-0600]     2.1250 MB /   0.50 sec =   35.6527 Mbps     0 retrans    291 KB-cwnd
[2024-11-06T12:24:09.828022-0600]     2.1875 MB /   0.50 sec =   36.6999 Mbps    83 retrans    430 KB-cwnd
[2024-11-06T12:24:10.385205-0600]     2.5000 MB /   0.50 sec =   41.9416 Mbps    61 retrans    213 KB-cwnd
[2024-11-06T12:24:11.056612-0600]     1.9375 MB /   0.50 sec =   32.5065 Mbps    12 retrans    288 KB-cwnd
[2024-11-06T12:24:11.581873-0600]     2.0625 MB /   0.50 sec =   34.6031 Mbps     0 retrans    845 KB-cwnd
[2024-11-06T12:24:11.846142-0600]     3.0625 MB /   0.50 sec =   51.3801 Mbps     1 retrans    978 KB-cwnd
[2024-11-06T12:24:12.281953-0600]     6.0000 MB /   0.50 sec =  100.6661 Mbps    10 retrans    851 KB-cwnd
[2024-11-06T12:24:12.826880-0600]     5.3750 MB /   0.50 sec =   90.1736 Mbps    25 retrans    654 KB-cwnd
[2024-11-06T12:24:13.197654-0600]     3.8750 MB /   0.50 sec =   65.0133 Mbps    46 retrans    520 KB-cwnd
[2024-11-06T12:24:14.180060-0600]     2.7500 MB /   0.50 sec =   46.1332 Mbps    44 retrans    305 KB-cwnd
[2024-11-06T12:24:14.180531-0600]     2.6250 MB /   0.50 sec =   44.0437 Mbps     0 retrans    305 KB-cwnd
[2024-11-06T12:24:14.802577-0600]     2.1875 MB /   0.50 sec =   36.6987 Mbps     8 retrans    260 KB-cwnd
[2024-11-06T12:24:15.593992-0600]     1.8125 MB /   0.50 sec =   30.4096 Mbps     7 retrans    249 KB-cwnd
[2024-11-06T12:24:16.287772-0600]     1.7500 MB /   0.50 sec =   29.3605 Mbps     0 retrans    659 KB-cwnd
[2024-11-06T12:24:16.287960-0600]     1.9375 MB /   0.50 sec =   32.5042 Mbps     0 retrans    659 KB-cwnd
[2024-11-06T12:24:17.028015-0600]     2.0000 MB /   0.50 sec =   33.5564 Mbps     0 retrans    903 KB-cwnd
[2024-11-06T12:24:18.047540-0600]     1.3750 MB /   0.50 sec =   23.0684 Mbps     0 retrans    903 KB-cwnd
[2024-11-06T12:24:18.048113-0600]     1.5000 MB /   0.50 sec =   25.1635 Mbps     0 retrans    903 KB-cwnd
[2024-11-06T12:24:18.579572-0600]     1.5000 MB /   0.50 sec =   25.1683 Mbps     0 retrans   1093 KB-cwnd
[2024-11-06T12:24:18.884492-0600]     2.7500 MB /   0.50 sec =   46.1372 Mbps     0 retrans   1167 KB-cwnd
[2024-11-06T12:24:19.184255-0600]     4.6250 MB /   0.50 sec =   77.5925 Mbps     7 retrans   1245 KB-cwnd
[2024-11-06T12:24:19.787637-0600]     4.5625 MB /   0.50 sec =   76.5271 Mbps     0 retrans   1349 KB-cwnd
[2024-11-06T12:24:20.314031-0600]     5.0000 MB /   0.50 sec =   83.8628 Mbps     0 retrans   1361 KB-cwnd
[2024-11-06T12:24:20.928098-0600]     4.3750 MB /   0.50 sec =   73.4404 Mbps     0 retrans   1361 KB-cwnd
[2024-11-06T12:24:21.183798-0600]     4.9375 MB /   0.50 sec =   82.8367 Mbps     0 retrans   1361 KB-cwnd
[2024-11-06T12:24:21.724105-0600]     5.1875 MB /   0.50 sec =   87.0339 Mbps     0 retrans   1365 KB-cwnd
[2024-11-06T12:24:22.484799-0600]     5.1250 MB /   0.50 sec =   85.9817 Mbps    39 retrans   1077 KB-cwnd
[2024-11-06T12:24:22.753746-0600]     4.0625 MB /   0.50 sec =   68.1561 Mbps     0 retrans   1191 KB-cwnd
[2024-11-06T12:24:23.488353-0600]     4.1250 MB /   0.50 sec =   69.2084 Mbps     0 retrans   1195 KB-cwnd
[2024-11-06T12:24:23.849917-0600]     3.6250 MB /   0.50 sec =   60.8166 Mbps     0 retrans   1197 KB-cwnd
[2024-11-06T12:24:24.277757-0600]     3.1875 MB /   0.50 sec =   53.4766 Mbps     0 retrans   1197 KB-cwnd
[2024-11-06T12:24:24.943528-0600]     4.1250 MB /   0.50 sec =   69.2068 Mbps     0 retrans   1199 KB-cwnd
[2024-11-06T12:24:25.307819-0600]     3.9375 MB /   0.50 sec =   66.0612 Mbps     0 retrans   1199 KB-cwnd
[2024-11-06T12:24:25.951859-0600]     2.1875 MB /   0.50 sec =   36.6994 Mbps     0 retrans   1199 KB-cwnd
[2024-11-06T12:24:26.552000-0600]     2.2500 MB /   0.50 sec =   37.7384 Mbps    21 retrans    959 KB-cwnd
[2024-11-06T12:24:27.043975-0600]     2.2500 MB /   0.50 sec =   37.7594 Mbps     0 retrans   1069 KB-cwnd
[2024-11-06T12:24:27.593861-0600]     2.6875 MB /   0.50 sec =   45.0893 Mbps     0 retrans   1069 KB-cwnd
[2024-11-06T12:24:27.902064-0600]     2.7500 MB /   0.50 sec =   46.1369 Mbps     0 retrans   1073 KB-cwnd
[2024-11-06T12:24:28.431864-0600]     4.8125 MB /   0.50 sec =   80.7397 Mbps     0 retrans   1083 KB-cwnd
[2024-11-06T12:24:28.683783-0600]     5.2500 MB /   0.50 sec =   88.0832 Mbps    18 retrans    946 KB-cwnd
[2024-11-06T12:24:29.398041-0600]     5.5625 MB /   0.50 sec =   93.3216 Mbps     0 retrans   1113 KB-cwnd
[2024-11-06T12:24:29.890135-0600]     5.7500 MB /   0.50 sec =   96.4684 Mbps     0 retrans   1406 KB-cwnd
[2024-11-06T12:24:30.184064-0600]     4.8125 MB /   0.50 sec =   80.7399 Mbps    37 retrans   1017 KB-cwnd
[2024-11-06T12:24:30.681272-0600]     6.2500 MB /   0.50 sec =  104.8586 Mbps     0 retrans   1128 KB-cwnd
[2024-11-06T12:24:31.348246-0600]     5.7500 MB /   0.50 sec =   96.4688 Mbps    17 retrans   1126 KB-cwnd
[2024-11-06T12:24:31.787999-0600]     6.4375 MB /   0.50 sec =  108.0048 Mbps    19 retrans   1009 KB-cwnd
[2024-11-06T12:24:32.355843-0600]     5.4375 MB /   0.50 sec =   91.2205 Mbps     8 retrans    903 KB-cwnd
[2024-11-06T12:24:32.826235-0600]     4.8125 MB /   0.50 sec =   80.7439 Mbps     0 retrans   1083 KB-cwnd
[2024-11-06T12:24:33.268101-0600]     6.6875 MB /   0.50 sec =  112.2003 Mbps    36 retrans   1339 KB-cwnd
[2024-11-06T12:24:33.744105-0600]     5.8750 MB /   0.50 sec =   98.5654 Mbps    52 retrans    990 KB-cwnd
[2024-11-06T12:24:34.286071-0600]     5.8125 MB /   0.50 sec =   97.2329 Mbps    61 retrans    705 KB-cwnd
[2024-11-06T12:24:34.971879-0600]     4.5625 MB /   0.50 sec =   76.7691 Mbps     2 retrans    635 KB-cwnd
[2024-11-06T12:24:35.296123-0600]     4.0000 MB /   0.50 sec =   67.1094 Mbps     0 retrans    642 KB-cwnd
[2024-11-06T12:24:36.030170-0600]     3.9375 MB /   0.50 sec =   66.0604 Mbps     9 retrans    509 KB-cwnd
[2024-11-06T12:24:36.410879-0600]     3.6250 MB /   0.50 sec =   60.8181 Mbps     0 retrans    524 KB-cwnd
[2024-11-06T12:24:36.808493-0600]     3.3750 MB /   0.50 sec =   56.6219 Mbps     0 retrans   1018 KB-cwnd
[2024-11-06T12:24:37.430764-0600]     4.3750 MB /   0.50 sec =   73.4008 Mbps    12 retrans   1150 KB-cwnd
[2024-11-06T12:24:37.758137-0600]     4.2500 MB /   0.50 sec =   71.3012 Mbps    48 retrans   1132 KB-cwnd
[2024-11-06T12:24:38.341710-0600]     5.0000 MB /   0.50 sec =   83.8695 Mbps     0 retrans   1248 KB-cwnd
[2024-11-06T12:24:39.054020-0600]     4.7500 MB /   0.50 sec =   79.7099 Mbps     0 retrans   1249 KB-cwnd
[2024-11-06T12:24:39.504395-0600]     3.2500 MB /   0.50 sec =   54.5262 Mbps     0 retrans   1249 KB-cwnd
[2024-11-06T12:24:39.949884-0600]     3.0625 MB /   0.50 sec =   51.3806 Mbps     0 retrans   1249 KB-cwnd
[2024-11-06T12:24:40.267909-0600]     3.1875 MB /   0.50 sec =   53.4756 Mbps     0 retrans   1249 KB-cwnd
[2024-11-06T12:24:41.057804-0600]     3.8125 MB /   0.50 sec =   63.3460 Mbps     0 retrans   1249 KB-cwnd
[2024-11-06T12:24:41.499898-0600]     2.6875 MB /   0.50 sec =   45.5329 Mbps    84 retrans    869 KB-cwnd
[2024-11-06T12:24:41.857266-0600]     3.6250 MB /   0.50 sec =   60.8093 Mbps    73 retrans    612 KB-cwnd
[2024-11-06T12:24:42.208158-0600]     4.1875 MB /   0.50 sec =   70.2656 Mbps    51 retrans    567 KB-cwnd
[2024-11-06T12:24:42.708446-0600]     2.7500 MB /   0.50 sec =   46.1360 Mbps    24 retrans    430 KB-cwnd
[2024-11-06T12:24:43.400940-0600]     2.6875 MB /   0.50 sec =   45.0908 Mbps     0 retrans    448 KB-cwnd
[2024-11-06T12:24:43.961838-0600]     1.6875 MB /   0.50 sec =   28.3110 Mbps    41 retrans    432 KB-cwnd
[2024-11-06T12:24:44.689973-0600]     2.5000 MB /   0.50 sec =   41.9430 Mbps     0 retrans    451 KB-cwnd
[2024-11-06T12:24:44.690358-0600]     1.6250 MB /   0.50 sec =   27.2625 Mbps     0 retrans    451 KB-cwnd
[2024-11-06T12:24:45.585043-0600]     1.3750 MB /   0.50 sec =   23.0688 Mbps     0 retrans    458 KB-cwnd
[2024-11-06T12:24:46.372737-0600]     1.6875 MB /   0.50 sec =   28.3117 Mbps     0 retrans    783 KB-cwnd
[2024-11-06T12:24:46.373251-0600]     1.6250 MB /   0.50 sec =   27.2631 Mbps     0 retrans    783 KB-cwnd
[2024-11-06T12:24:47.242070-0600]     1.5625 MB /   0.50 sec =   26.2145 Mbps     0 retrans    896 KB-cwnd
[2024-11-06T12:24:47.242597-0600]     1.5625 MB /   0.50 sec =   26.2143 Mbps     0 retrans    896 KB-cwnd
[2024-11-06T12:24:48.640471-0600]     0.7500 MB /   0.50 sec =   12.5830 Mbps   423 retrans    870 KB-cwnd
[2024-11-06T12:24:48.640867-0600]     0.9375 MB /   0.50 sec =   15.7288 Mbps     0 retrans    870 KB-cwnd
[2024-11-06T12:24:49.407457-0600]     1.4375 MB /   0.50 sec =   24.1166 Mbps     0 retrans    888 KB-cwnd
[2024-11-06T12:24:49.408100-0600]     1.6875 MB /   0.50 sec =   28.3020 Mbps     0 retrans    888 KB-cwnd
[2024-11-06T12:24:50.398560-0600]     1.5625 MB /   0.50 sec =   26.1994 Mbps    25 retrans    717 KB-cwnd
[2024-11-06T12:24:50.399154-0600]     1.5625 MB /   0.50 sec =   26.2381 Mbps     0 retrans    717 KB-cwnd
[2024-11-06T12:24:50.878371-0600]     2.3750 MB /   0.50 sec =   39.8389 Mbps    27 retrans    573 KB-cwnd
[2024-11-06T12:24:51.572068-0600]     2.3125 MB /   0.50 sec =   38.8048 Mbps    35 retrans    412 KB-cwnd
[2024-11-06T12:24:53.138171-0600]     1.2500 MB /   0.50 sec =   20.9708 Mbps   215 retrans    301 KB-cwnd
[2024-11-06T12:24:53.138633-0600]     0.5000 MB /   0.50 sec =    8.3746 Mbps     0 retrans    301 KB-cwnd
[2024-11-06T12:24:53.138896-0600]     0.5625 MB /   0.50 sec =    9.4531 Mbps     0 retrans    301 KB-cwnd
[2024-11-06T12:24:53.892168-0600]     1.6875 MB /   0.50 sec =   28.3121 Mbps     0 retrans    427 KB-cwnd
[2024-11-06T12:24:53.892692-0600]     1.7500 MB /   0.50 sec =   29.3598 Mbps     0 retrans    427 KB-cwnd
[2024-11-06T12:24:54.484089-0600]     1.6875 MB /   0.50 sec =   28.3108 Mbps    67 retrans    642 KB-cwnd
[2024-11-06T12:24:55.014443-0600]     2.6250 MB /   0.50 sec =   44.0394 Mbps     0 retrans    647 KB-cwnd
[2024-11-06T12:24:55.542463-0600]     2.8750 MB /   0.50 sec =   48.2379 Mbps     0 retrans    654 KB-cwnd
[2024-11-06T12:24:56.394311-0600]     1.8750 MB /   0.50 sec =   31.4560 Mbps   240 retrans    463 KB-cwnd
[2024-11-06T12:24:56.394843-0600]     1.2500 MB /   0.50 sec =   20.9717 Mbps     0 retrans    463 KB-cwnd
[2024-11-06T12:24:56.974378-0600]     2.6875 MB /   0.50 sec =   45.0877 Mbps     3 retrans    446 KB-cwnd
[2024-11-06T12:24:58.244115-0600]     1.8125 MB /   0.50 sec =   30.4094 Mbps   138 retrans    298 KB-cwnd
[2024-11-06T12:24:58.244414-0600]     0.6250 MB /   0.50 sec =   10.4852 Mbps     0 retrans    298 KB-cwnd
[2024-11-06T12:24:58.244499-0600]     1.3750 MB /   0.50 sec =   23.0689 Mbps     0 retrans    298 KB-cwnd
[2024-11-06T12:24:59.044267-0600]     1.5625 MB /   0.50 sec =   26.2162 Mbps     2 retrans    267 KB-cwnd
[2024-11-06T12:25:00.462637-0600]     1.7500 MB /   0.50 sec =   29.3595 Mbps   116 retrans    268 KB-cwnd
[2024-11-06T12:25:00.463124-0600]     0.0000 MB /   0.50 sec =    0.0000 Mbps     0 retrans    268 KB-cwnd
[2024-11-06T12:25:00.463350-0600]     1.3750 MB /   0.50 sec =   23.0908 Mbps     0 retrans    268 KB-cwnd
[2024-11-06T12:25:01.240770-0600]     1.4375 MB /   0.50 sec =   24.1178 Mbps     0 retrans    649 KB-cwnd
[2024-11-06T12:25:01.241175-0600]     1.7500 MB /   0.50 sec =   29.2763 Mbps     0 retrans    649 KB-cwnd
[2024-11-06T12:25:01.887054-0600]     2.0625 MB /   0.50 sec =   34.7028 Mbps     0 retrans    940 KB-cwnd
[2024-11-06T12:25:02.532880-0600]     2.1250 MB /   0.50 sec =   35.6506 Mbps     0 retrans    983 KB-cwnd
[2024-11-06T12:25:02.678904-0600]     2.1875 MB /   0.50 sec =   36.6721 Mbps     0 retrans   1089 KB-cwnd
[2024-11-06T12:25:03.178728-0600]     2.5625 MB /   0.50 sec =   43.0241 Mbps    96 retrans   1027 KB-cwnd
End time: 1730917503374
