Start time: 1730917250634
[2024-11-06T12:20:52.040712-0600] nuttcp-r: v8.1.4: socket
[2024-11-06T12:20:52.041674-0600] nuttcp-r: buflen=65536, nstream=1, port=5101 tcp
[2024-11-06T12:20:52.041769-0600] nuttcp-r: interval reporting every 0.50 seconds
[2024-11-06T12:20:52.041845-0600] nuttcp-r: connect to 54.197.223.49 with RTT=371.397 ms af=inet
[2024-11-06T12:20:52.041915-0600] nuttcp-r: send window size = 1048576, receive window size = 4194304
[2024-11-06T12:20:52.041984-0600] nuttcp-r: available send window = 786432, available receive window = 3145728
[2024-11-06T12:20:52.042051-0600]     0.0000 MB /   0.50 sec =    0.0000 Mbps     0 retrans      0 KB-cwnd
[2024-11-06T12:20:52.540934-0600]     0.0625 MB /   0.50 sec =    1.0486 Mbps     0 retrans     13 KB-cwnd
[2024-11-06T12:20:53.040528-0600]     0.0000 MB /   0.50 sec =    0.0000 Mbps     0 retrans     13 KB-cwnd
[2024-11-06T12:20:53.540763-0600]     2.5625 MB /   0.50 sec =   42.9928 Mbps     0 retrans     13 KB-cwnd
[2024-11-06T12:20:54.040978-0600]    19.5000 MB /   0.50 sec =  327.1341 Mbps     0 retrans     13 KB-cwnd
[2024-11-06T12:20:54.540705-0600]    28.8125 MB /   0.50 sec =  483.3230 Mbps     0 retrans     13 KB-cwnd
[2024-11-06T12:20:55.040835-0600]    23.5625 MB /   0.50 sec =  395.3305 Mbps     0 retrans     13 KB-cwnd
[2024-11-06T12:20:55.541103-0600]    31.1875 MB /   0.50 sec =  522.8139 Mbps     0 retrans     13 KB-cwnd
[2024-11-06T12:20:56.040605-0600]    37.0000 MB /   0.50 sec =  621.3311 Mbps     0 retrans     13 KB-cwnd
[2024-11-06T12:20:56.540737-0600]    33.8125 MB /   0.50 sec =  567.1968 Mbps     0 retrans     13 KB-cwnd
[2024-11-06T12:20:57.040581-0600]    33.4375 MB /   0.50 sec =  561.0712 Mbps     0 retrans     13 KB-cwnd
[2024-11-06T12:20:57.540566-0600]    28.3125 MB /   0.50 sec =  475.0173 Mbps     0 retrans     13 KB-cwnd
[2024-11-06T12:20:58.040623-0600]    32.4375 MB /   0.50 sec =  544.1837 Mbps     0 retrans     13 KB-cwnd
[2024-11-06T12:20:58.540642-0600]    33.8750 MB /   0.50 sec =  568.3396 Mbps     0 retrans     13 KB-cwnd
[2024-11-06T12:20:59.040748-0600]    28.1875 MB /   0.50 sec =  472.9125 Mbps     0 retrans     13 KB-cwnd
[2024-11-06T12:20:59.540606-0600]    24.1250 MB /   0.50 sec =  404.7325 Mbps     0 retrans     13 KB-cwnd
[2024-11-06T12:21:00.040992-0600]    33.7500 MB /   0.50 sec =  565.7909 Mbps     0 retrans     13 KB-cwnd
[2024-11-06T12:21:00.541461-0600]    28.3750 MB /   0.50 sec =  476.0021 Mbps  5843 retrans   9529 KB-cwnd
[2024-11-06T12:21:01.040968-0600]    26.8125 MB /   0.50 sec =  449.9417 Mbps     0 retrans   9529 KB-cwnd
[2024-11-06T12:21:01.540710-0600]    21.9375 MB /   0.50 sec =  368.2947 Mbps     0 retrans   9529 KB-cwnd
[2024-11-06T12:21:02.040567-0600]    20.5625 MB /   0.50 sec =  345.0022 Mbps     0 retrans   9529 KB-cwnd
[2024-11-06T12:21:02.540696-0600]    12.5625 MB /   0.50 sec =  210.7199 Mbps     0 retrans   9529 KB-cwnd
[2024-11-06T12:21:03.040549-0600]    19.3750 MB /   0.50 sec =  325.1119 Mbps     0 retrans   9529 KB-cwnd
[2024-11-06T12:21:03.540939-0600]    13.6875 MB /   0.50 sec =  229.4844 Mbps     0 retrans   9529 KB-cwnd
[2024-11-06T12:21:04.040579-0600]    16.3125 MB /   0.50 sec =  273.8761 Mbps     0 retrans   9529 KB-cwnd
[2024-11-06T12:21:04.540677-0600]    28.4375 MB /   0.50 sec =  477.0668 Mbps   350 retrans   8785 KB-cwnd
[2024-11-06T12:21:05.040579-0600]    26.8750 MB /   0.50 sec =  450.9066 Mbps     0 retrans   8785 KB-cwnd
[2024-11-06T12:21:05.540578-0600]    27.8750 MB /   0.50 sec =  467.6742 Mbps     0 retrans   8804 KB-cwnd
[2024-11-06T12:21:06.041578-0600]    16.7500 MB /   0.50 sec =  280.4882 Mbps     0 retrans   8804 KB-cwnd
[2024-11-06T12:21:06.540650-0600]    33.1875 MB /   0.50 sec =  557.8169 Mbps     0 retrans   8804 KB-cwnd
[2024-11-06T12:21:07.040580-0600]    28.6875 MB /   0.50 sec =  481.3301 Mbps  3881 retrans   8105 KB-cwnd
[2024-11-06T12:21:07.540701-0600]    24.1250 MB /   0.50 sec =  404.7503 Mbps     0 retrans   8105 KB-cwnd
[2024-11-06T12:21:08.040741-0600]    24.8125 MB /   0.50 sec =  416.1723 Mbps     0 retrans   7955 KB-cwnd
[2024-11-06T12:21:08.540910-0600]    34.7500 MB /   0.50 sec =  582.9371 Mbps     0 retrans   9124 KB-cwnd
[2024-11-06T12:21:09.040903-0600]    28.3125 MB /   0.50 sec =  474.8653 Mbps     0 retrans   9124 KB-cwnd
[2024-11-06T12:21:09.540620-0600]    26.9375 MB /   0.50 sec =  452.2338 Mbps     0 retrans  11386 KB-cwnd
[2024-11-06T12:21:10.041197-0600]    22.1875 MB /   0.50 sec =  372.2006 Mbps     0 retrans  11386 KB-cwnd
[2024-11-06T12:21:10.540562-0600]    19.4375 MB /   0.50 sec =  326.1463 Mbps     0 retrans  11389 KB-cwnd
[2024-11-06T12:21:11.040586-0600]    32.1875 MB /   0.50 sec =  540.0242 Mbps     0 retrans  12615 KB-cwnd
[2024-11-06T12:21:11.541007-0600]    21.6875 MB /   0.50 sec =  363.8020 Mbps     0 retrans  12615 KB-cwnd
[2024-11-06T12:21:12.040550-0600]    27.5000 MB /   0.50 sec =  461.4500 Mbps     0 retrans  13010 KB-cwnd
[2024-11-06T12:21:12.540566-0600]    28.8125 MB /   0.50 sec =  483.3877 Mbps    11 retrans  13507 KB-cwnd
[2024-11-06T12:21:13.040744-0600]    25.8125 MB /   0.50 sec =  433.0688 Mbps     0 retrans  13507 KB-cwnd
[2024-11-06T12:21:13.540571-0600]    25.9375 MB /   0.50 sec =  435.1399 Mbps     0 retrans  13507 KB-cwnd
[2024-11-06T12:21:14.040633-0600]    27.0625 MB /   0.50 sec =  454.0361 Mbps    47 retrans  11628 KB-cwnd
[2024-11-06T12:21:14.541561-0600]    15.1875 MB /   0.50 sec =  254.3213 Mbps     0 retrans  11628 KB-cwnd
[2024-11-06T12:21:15.040681-0600]     7.2500 MB /   0.50 sec =  121.8771 Mbps     0 retrans  11628 KB-cwnd
[2024-11-06T12:21:15.542189-0600]     8.6250 MB /   0.50 sec =  144.3242 Mbps     0 retrans  11628 KB-cwnd
[2024-11-06T12:21:16.041111-0600]     9.4375 MB /   0.50 sec =  158.6978 Mbps     0 retrans  11628 KB-cwnd
[2024-11-06T12:21:16.540594-0600]    12.8750 MB /   0.50 sec =  216.0650 Mbps     0 retrans  11628 KB-cwnd
[2024-11-06T12:21:17.040647-0600]    19.5625 MB /   0.50 sec =  328.1715 Mbps     0 retrans  11935 KB-cwnd
[2024-11-06T12:21:17.540573-0600]    16.3750 MB /   0.50 sec =  274.7527 Mbps     0 retrans  11935 KB-cwnd
[2024-11-06T12:21:18.040660-0600]    17.4375 MB /   0.50 sec =  292.5141 Mbps     0 retrans  11935 KB-cwnd
[2024-11-06T12:21:18.540541-0600]    11.0625 MB /   0.50 sec =  185.6269 Mbps     0 retrans  11935 KB-cwnd
[2024-11-06T12:21:19.040568-0600]    25.0625 MB /   0.50 sec =  420.4689 Mbps  1810 retrans   7702 KB-cwnd
[2024-11-06T12:21:19.540600-0600]    22.6250 MB /   0.50 sec =  379.5868 Mbps     3 retrans   7702 KB-cwnd
[2024-11-06T12:21:20.040600-0600]    26.3125 MB /   0.50 sec =  441.4399 Mbps    12 retrans   7664 KB-cwnd
[2024-11-06T12:21:20.541616-0600]    26.7500 MB /   0.50 sec =  447.8831 Mbps  3364 retrans   7559 KB-cwnd
[2024-11-06T12:21:21.041641-0600]    27.1875 MB /   0.50 sec =  456.1315 Mbps     0 retrans   7559 KB-cwnd
[2024-11-06T12:21:21.541892-0600]    27.6875 MB /   0.50 sec =  464.3232 Mbps     0 retrans   7559 KB-cwnd
[2024-11-06T12:21:22.041516-0600]    29.5625 MB /   0.50 sec =  496.2802 Mbps     4 retrans   8659 KB-cwnd
[2024-11-06T12:21:22.540679-0600]    26.1250 MB /   0.50 sec =  439.0441 Mbps     0 retrans   8672 KB-cwnd
[2024-11-06T12:21:23.040606-0600]    34.1875 MB /   0.50 sec =  573.6571 Mbps     0 retrans   7577 KB-cwnd
[2024-11-06T12:21:23.541079-0600]    31.4375 MB /   0.50 sec =  527.4285 Mbps     0 retrans   7597 KB-cwnd
[2024-11-06T12:21:24.040710-0600]    17.8125 MB /   0.50 sec =  298.8268 Mbps     0 retrans   7597 KB-cwnd
[2024-11-06T12:21:24.540827-0600]     6.5000 MB /   0.50 sec =  109.0508 Mbps     0 retrans   7597 KB-cwnd
[2024-11-06T12:21:25.040656-0600]    30.1250 MB /   0.50 sec =  505.5006 Mbps  1462 retrans   7742 KB-cwnd
[2024-11-06T12:21:25.541689-0600]     7.6875 MB /   0.50 sec =  128.6951 Mbps     0 retrans   7742 KB-cwnd
[2024-11-06T12:21:26.041758-0600]    13.3125 MB /   0.50 sec =  223.3105 Mbps     0 retrans   7742 KB-cwnd
[2024-11-06T12:21:26.540549-0600]    11.8125 MB /   0.50 sec =  198.6341 Mbps     0 retrans   7742 KB-cwnd
[2024-11-06T12:21:27.040910-0600]     4.2500 MB /   0.50 sec =   71.3043 Mbps     0 retrans   7742 KB-cwnd
[2024-11-06T12:21:27.540633-0600]     9.8125 MB /   0.50 sec =  164.6027 Mbps  1098 retrans   8178 KB-cwnd
[2024-11-06T12:21:28.040945-0600]    14.3750 MB /   0.50 sec =  241.1146 Mbps     0 retrans   8178 KB-cwnd
[2024-11-06T12:21:28.540790-0600]    12.9375 MB /   0.50 sec =  217.1208 Mbps     0 retrans   8178 KB-cwnd
[2024-11-06T12:21:29.040652-0600]    11.7500 MB /   0.50 sec =  197.1567 Mbps     0 retrans   8178 KB-cwnd
[2024-11-06T12:21:29.540720-0600]    10.1875 MB /   0.50 sec =  170.9128 Mbps     0 retrans   8178 KB-cwnd
[2024-11-06T12:21:30.040633-0600]     9.1875 MB /   0.50 sec =  154.1185 Mbps     0 retrans   8178 KB-cwnd
[2024-11-06T12:21:30.540590-0600]    13.9375 MB /   0.50 sec =  233.8516 Mbps  6442 retrans   5542 KB-cwnd
[2024-11-06T12:21:31.040629-0600]    12.7500 MB /   0.50 sec =  213.8885 Mbps     0 retrans   5791 KB-cwnd
[2024-11-06T12:21:31.540677-0600]    13.1875 MB /   0.50 sec =  221.2712 Mbps     0 retrans   5956 KB-cwnd
[2024-11-06T12:21:32.040779-0600]    10.8750 MB /   0.50 sec =  182.4405 Mbps     0 retrans   6182 KB-cwnd
[2024-11-06T12:21:32.540598-0600]    11.1250 MB /   0.50 sec =  186.6588 Mbps     0 retrans   6720 KB-cwnd
[2024-11-06T12:21:33.040772-0600]    11.5625 MB /   0.50 sec =  193.9334 Mbps     0 retrans   6720 KB-cwnd
[2024-11-06T12:21:33.540709-0600]     9.5625 MB /   0.50 sec =  160.4360 Mbps     0 retrans   6720 KB-cwnd
[2024-11-06T12:21:34.041243-0600]     0.0000 MB /   0.50 sec =    0.0000 Mbps     0 retrans   6720 KB-cwnd
[2024-11-06T12:21:34.540674-0600]     0.8125 MB /   0.50 sec =   13.6405 Mbps     5 retrans   4188 KB-cwnd
[2024-11-06T12:21:35.040499-0600]    10.8125 MB /   0.50 sec =  181.4388 Mbps     0 retrans   4188 KB-cwnd
[2024-11-06T12:21:35.540937-0600]    16.4375 MB /   0.50 sec =  275.5578 Mbps     0 retrans   4188 KB-cwnd
[2024-11-06T12:21:36.040630-0600]    20.0625 MB /   0.50 sec =  336.8314 Mbps     0 retrans   4329 KB-cwnd
[2024-11-06T12:21:36.540737-0600]    24.1250 MB /   0.50 sec =  404.7641 Mbps     0 retrans   4756 KB-cwnd
[2024-11-06T12:21:37.041733-0600]    26.8750 MB /   0.50 sec =  449.9069 Mbps     0 retrans   5512 KB-cwnd
[2024-11-06T12:21:37.540593-0600]    13.0000 MB /   0.50 sec =  218.5724 Mbps     0 retrans   5512 KB-cwnd
[2024-11-06T12:21:38.040552-0600]    31.0000 MB /   0.50 sec =  520.1228 Mbps     0 retrans   5530 KB-cwnd
[2024-11-06T12:21:38.540689-0600]    33.0625 MB /   0.50 sec =  554.7156 Mbps  3454 retrans   4125 KB-cwnd
[2024-11-06T12:21:39.040589-0600]    33.5000 MB /   0.50 sec =  562.0199 Mbps    47 retrans   4607 KB-cwnd
[2024-11-06T12:21:39.540483-0600]    35.6250 MB /   0.50 sec =  597.7194 Mbps   289 retrans   6573 KB-cwnd
[2024-11-06T12:21:40.040623-0600]    35.2500 MB /   0.50 sec =  591.3436 Mbps     0 retrans   6573 KB-cwnd
[2024-11-06T12:21:40.540595-0600]    25.5625 MB /   0.50 sec =  428.8659 Mbps     0 retrans  11561 KB-cwnd
[2024-11-06T12:21:41.040938-0600]    20.3125 MB /   0.50 sec =  340.5692 Mbps     0 retrans  11561 KB-cwnd
[2024-11-06T12:21:41.540604-0600]    34.6250 MB /   0.50 sec =  581.2971 Mbps     0 retrans  10465 KB-cwnd
[2024-11-06T12:21:42.040693-0600]    35.9375 MB /   0.50 sec =  602.8926 Mbps     0 retrans  10465 KB-cwnd
[2024-11-06T12:21:42.540550-0600]    32.4375 MB /   0.50 sec =  544.2480 Mbps     0 retrans  10467 KB-cwnd
[2024-11-06T12:21:43.040739-0600]    34.3125 MB /   0.50 sec =  575.5980 Mbps     0 retrans  16544 KB-cwnd
[2024-11-06T12:21:43.540545-0600]    44.5625 MB /   0.50 sec =  747.7319 Mbps     0 retrans  16544 KB-cwnd
[2024-11-06T12:21:44.040632-0600]    40.6250 MB /   0.50 sec =  681.4776 Mbps   235 retrans  12881 KB-cwnd
[2024-11-06T12:21:44.542700-0600]    28.4375 MB /   0.50 sec =  475.2382 Mbps     0 retrans  12881 KB-cwnd
[2024-11-06T12:21:45.040605-0600]    38.6250 MB /   0.50 sec =  650.6277 Mbps     0 retrans  13120 KB-cwnd
[2024-11-06T12:21:45.540622-0600]    42.6875 MB /   0.50 sec =  716.2046 Mbps     0 retrans  13120 KB-cwnd
[2024-11-06T12:21:46.040563-0600]    36.5000 MB /   0.50 sec =  612.3451 Mbps     0 retrans  13647 KB-cwnd
[2024-11-06T12:21:46.541126-0600]    32.1875 MB /   0.50 sec =  539.4998 Mbps     0 retrans  13647 KB-cwnd
[2024-11-06T12:21:47.040712-0600]    36.7500 MB /   0.50 sec =  617.1935 Mbps   890 retrans  10252 KB-cwnd
[2024-11-06T12:21:47.540549-0600]    39.8750 MB /   0.50 sec =  668.9861 Mbps     0 retrans  10252 KB-cwnd
[2024-11-06T12:21:48.040827-0600]    30.5000 MB /   0.50 sec =  511.6723 Mbps    80 retrans   7301 KB-cwnd
[2024-11-06T12:21:48.540469-0600]    16.7500 MB /   0.50 sec =  281.0453 Mbps    16 retrans   7233 KB-cwnd
[2024-11-06T12:21:49.040655-0600]    36.7500 MB /   0.50 sec =  616.5479 Mbps  1349 retrans  11487 KB-cwnd
[2024-11-06T12:21:49.540737-0600]    38.2500 MB /   0.50 sec =  641.7105 Mbps     0 retrans  12557 KB-cwnd
[2024-11-06T12:21:50.040489-0600]    31.5000 MB /   0.50 sec =  528.5098 Mbps  1345 retrans  11686 KB-cwnd
[2024-11-06T12:21:50.540672-0600]    42.7500 MB /   0.50 sec =  717.2002 Mbps     0 retrans  11686 KB-cwnd
[2024-11-06T12:21:51.040611-0600]    29.9375 MB /   0.50 sec =  502.2518 Mbps  1860 retrans  13649 KB-cwnd
[2024-11-06T12:21:51.540584-0600]    24.0000 MB /   0.50 sec =  402.6548 Mbps     0 retrans  13848 KB-cwnd
[2024-11-06T12:21:52.040469-0600]    29.6875 MB /   0.50 sec =  498.1144 Mbps     0 retrans  13848 KB-cwnd
[2024-11-06T12:21:52.540639-0600]    33.8125 MB /   0.50 sec =  567.1821 Mbps     0 retrans  13117 KB-cwnd
[2024-11-06T12:21:53.040600-0600]    32.3125 MB /   0.50 sec =  542.1550 Mbps     0 retrans  13117 KB-cwnd
[2024-11-06T12:21:53.540563-0600]    36.8750 MB /   0.50 sec =  618.6871 Mbps   453 retrans  11370 KB-cwnd
[2024-11-06T12:21:54.040585-0600]    33.3125 MB /   0.50 sec =  558.8776 Mbps     0 retrans  11370 KB-cwnd
[2024-11-06T12:21:54.540733-0600]    18.1875 MB /   0.50 sec =  305.1283 Mbps     0 retrans  11370 KB-cwnd
[2024-11-06T12:21:55.040675-0600]    28.8750 MB /   0.50 sec =  484.3675 Mbps   587 retrans  12999 KB-cwnd
[2024-11-06T12:21:55.540589-0600]    23.5000 MB /   0.50 sec =  394.3292 Mbps     0 retrans  12999 KB-cwnd
[2024-11-06T12:21:56.040596-0600]    30.2500 MB /   0.50 sec =  507.5077 Mbps   355 retrans  13851 KB-cwnd
[2024-11-06T12:21:56.540537-0600]    30.1250 MB /   0.50 sec =  505.3995 Mbps     0 retrans  14305 KB-cwnd
[2024-11-06T12:21:57.040602-0600]     7.6875 MB /   0.50 sec =  128.9692 Mbps     0 retrans  14305 KB-cwnd
[2024-11-06T12:21:57.540729-0600]    31.3750 MB /   0.50 sec =  526.2873 Mbps   614 retrans  13230 KB-cwnd
[2024-11-06T12:21:58.040557-0600]    28.2500 MB /   0.50 sec =  474.0986 Mbps     0 retrans  13230 KB-cwnd
[2024-11-06T12:21:58.540540-0600]    35.8750 MB /   0.50 sec =  601.8862 Mbps     0 retrans  13230 KB-cwnd
[2024-11-06T12:21:59.040479-0600]    33.0000 MB /   0.50 sec =  553.6780 Mbps   285 retrans  13459 KB-cwnd
[2024-11-06T12:21:59.540613-0600]    20.5000 MB /   0.50 sec =  343.9137 Mbps     0 retrans  13459 KB-cwnd
[2024-11-06T12:22:00.040585-0600]    33.6250 MB /   0.50 sec =  564.1023 Mbps     0 retrans  11091 KB-cwnd
[2024-11-06T12:22:00.540575-0600]    29.1250 MB /   0.50 sec =  488.6530 Mbps     0 retrans  11137 KB-cwnd
[2024-11-06T12:22:01.040681-0600]    27.7500 MB /   0.50 sec =  465.5743 Mbps     0 retrans  11137 KB-cwnd
[2024-11-06T12:22:01.540587-0600]    23.5625 MB /   0.50 sec =  395.2958 Mbps     0 retrans  12730 KB-cwnd
[2024-11-06T12:22:02.040575-0600]    29.0625 MB /   0.50 sec =  487.6112 Mbps     0 retrans  12730 KB-cwnd
[2024-11-06T12:22:02.540626-0600]    23.3125 MB /   0.50 sec =  391.0704 Mbps     0 retrans  12730 KB-cwnd
[2024-11-06T12:22:03.040657-0600]    25.1875 MB /   0.50 sec =  422.5820 Mbps   508 retrans  11080 KB-cwnd
[2024-11-06T12:22:03.540533-0600]    26.4375 MB /   0.50 sec =  443.5778 Mbps     0 retrans  11080 KB-cwnd
[2024-11-06T12:22:04.040579-0600]    24.3125 MB /   0.50 sec =  407.9067 Mbps     0 retrans  11080 KB-cwnd
[2024-11-06T12:22:04.540472-0600]    25.0625 MB /   0.50 sec =  420.5076 Mbps     0 retrans  11542 KB-cwnd
[2024-11-06T12:22:05.040610-0600]    25.0000 MB /   0.50 sec =  419.4119 Mbps     0 retrans  11542 KB-cwnd
[2024-11-06T12:22:05.540688-0600]    16.8125 MB /   0.50 sec =  282.0658 Mbps     0 retrans  11542 KB-cwnd
[2024-11-06T12:22:06.040697-0600]    18.3125 MB /   0.50 sec =  307.2322 Mbps     0 retrans  10080 KB-cwnd
[2024-11-06T12:22:06.540635-0600]    25.1250 MB /   0.50 sec =  421.4567 Mbps     0 retrans  10080 KB-cwnd
[2024-11-06T12:22:07.040578-0600]    21.5625 MB /   0.50 sec =  361.8166 Mbps     0 retrans  10080 KB-cwnd
[2024-11-06T12:22:07.540537-0600]     7.8750 MB /   0.50 sec =  132.1222 Mbps     0 retrans  10080 KB-cwnd
[2024-11-06T12:22:08.040670-0600]     1.4375 MB /   0.50 sec =   24.1125 Mbps     0 retrans  10080 KB-cwnd
[2024-11-06T12:22:08.540696-0600]    31.1250 MB /   0.50 sec =  522.2901 Mbps     0 retrans   8656 KB-cwnd
[2024-11-06T12:22:09.040545-0600]    31.8125 MB /   0.50 sec =  533.7295 Mbps     0 retrans   8656 KB-cwnd
[2024-11-06T12:22:09.540633-0600]    37.9375 MB /   0.50 sec =  636.4474 Mbps     1 retrans   8307 KB-cwnd
[2024-11-06T12:22:10.040619-0600]    35.6875 MB /   0.50 sec =  598.7489 Mbps     0 retrans   8307 KB-cwnd
[2024-11-06T12:22:10.540615-0600]    28.0000 MB /   0.50 sec =  469.7470 Mbps     1 retrans   8058 KB-cwnd
[2024-11-06T12:22:11.040600-0600]    36.2500 MB /   0.50 sec =  608.2045 Mbps     0 retrans   8911 KB-cwnd
[2024-11-06T12:22:11.540558-0600]    34.6250 MB /   0.50 sec =  580.9111 Mbps     0 retrans   9215 KB-cwnd
[2024-11-06T12:22:12.040562-0600]    21.2500 MB /   0.50 sec =  356.5173 Mbps     0 retrans   9215 KB-cwnd
[2024-11-06T12:22:12.540594-0600]    25.9375 MB /   0.50 sec =  435.1721 Mbps     0 retrans   9449 KB-cwnd
[2024-11-06T12:22:13.040687-0600]    27.1250 MB /   0.50 sec =  454.9782 Mbps   941 retrans  11655 KB-cwnd
[2024-11-06T12:22:13.540812-0600]    23.8125 MB /   0.50 sec =  399.4060 Mbps     0 retrans  11655 KB-cwnd
[2024-11-06T12:22:14.040566-0600]     9.5000 MB /   0.50 sec =  159.4559 Mbps     0 retrans  11655 KB-cwnd
[2024-11-06T12:22:14.540870-0600]    28.2500 MB /   0.50 sec =  473.9421 Mbps     0 retrans  11655 KB-cwnd
[2024-11-06T12:22:15.040581-0600]    30.6250 MB /   0.50 sec =  513.8115 Mbps     0 retrans  14130 KB-cwnd
[2024-11-06T12:22:15.540571-0600]    30.4375 MB /   0.50 sec =  510.6637 Mbps     0 retrans  14130 KB-cwnd
[2024-11-06T12:22:16.040458-0600]    27.3750 MB /   0.50 sec =  459.3038 Mbps   400 retrans  10639 KB-cwnd
[2024-11-06T12:22:16.540679-0600]    26.5000 MB /   0.50 sec =  444.4895 Mbps     0 retrans  10639 KB-cwnd
[2024-11-06T12:22:17.040555-0600]    19.0000 MB /   0.50 sec =  318.8245 Mbps     0 retrans  10639 KB-cwnd
[2024-11-06T12:22:17.540646-0600]     1.4375 MB /   0.50 sec =   24.1135 Mbps     0 retrans  10639 KB-cwnd
[2024-11-06T12:22:18.040572-0600]    12.1875 MB /   0.50 sec =  204.5026 Mbps     1 retrans   9274 KB-cwnd
[2024-11-06T12:22:18.540552-0600]    14.5625 MB /   0.50 sec =  244.3202 Mbps     0 retrans   9274 KB-cwnd
[2024-11-06T12:22:19.040639-0600]     0.0625 MB /   0.50 sec =    1.0485 Mbps     0 retrans   9274 KB-cwnd
[2024-11-06T12:22:19.540792-0600]     4.8750 MB /   0.50 sec =   81.7809 Mbps     0 retrans   9274 KB-cwnd
[2024-11-06T12:22:20.040491-0600]    12.1250 MB /   0.50 sec =  203.4579 Mbps     0 retrans   9274 KB-cwnd
[2024-11-06T12:22:20.540623-0600]     5.0625 MB /   0.50 sec =   84.9253 Mbps     0 retrans   9274 KB-cwnd
[2024-11-06T12:22:21.040655-0600]     0.0000 MB /   0.50 sec =    0.0000 Mbps     0 retrans   9274 KB-cwnd
[2024-11-06T12:22:21.540661-0600]     0.0000 MB /   0.50 sec =    0.0000 Mbps     0 retrans   9274 KB-cwnd
[2024-11-06T12:22:22.040691-0600]     3.2500 MB /   0.50 sec =   54.5252 Mbps     0 retrans   9274 KB-cwnd
[2024-11-06T12:22:22.540577-0600]     0.0000 MB /   0.50 sec =    0.0000 Mbps     0 retrans   9274 KB-cwnd
[2024-11-06T12:22:23.040669-0600]     0.0000 MB /   0.50 sec =    0.0000 Mbps     0 retrans   9274 KB-cwnd
[2024-11-06T12:22:23.540651-0600]     6.0625 MB /   0.50 sec =  101.7133 Mbps     0 retrans   9274 KB-cwnd
[2024-11-06T12:22:24.040711-0600]     8.0625 MB /   0.50 sec =  135.2604 Mbps     0 retrans   9274 KB-cwnd
[2024-11-06T12:22:24.540675-0600]     2.6250 MB /   0.50 sec =   44.0390 Mbps     0 retrans   9274 KB-cwnd
[2024-11-06T12:22:25.040598-0600]    13.5000 MB /   0.50 sec =  226.5336 Mbps     0 retrans   9274 KB-cwnd
[2024-11-06T12:22:25.540664-0600]    10.6875 MB /   0.50 sec =  179.2818 Mbps     0 retrans   9309 KB-cwnd
[2024-11-06T12:22:26.040644-0600]    14.6875 MB /   0.50 sec =  246.4188 Mbps     0 retrans   9309 KB-cwnd
[2024-11-06T12:22:26.540581-0600]    13.0000 MB /   0.50 sec =  218.1156 Mbps     0 retrans   9309 KB-cwnd
[2024-11-06T12:22:27.040625-0600]    15.1875 MB /   0.50 sec =  254.7897 Mbps     0 retrans   9309 KB-cwnd
[2024-11-06T12:22:27.540742-0600]    17.0000 MB /   0.50 sec =  285.2509 Mbps     0 retrans   9309 KB-cwnd
[2024-11-06T12:22:28.040564-0600]    14.8125 MB /   0.50 sec =  248.5130 Mbps     2 retrans   9924 KB-cwnd
[2024-11-06T12:22:28.540624-0600]    20.3125 MB /   0.50 sec =  340.7647 Mbps     0 retrans   9924 KB-cwnd
[2024-11-06T12:22:29.040602-0600]    17.1875 MB /   0.50 sec =  288.3745 Mbps     0 retrans   9868 KB-cwnd
[2024-11-06T12:22:29.540581-0600]    22.7500 MB /   0.50 sec =  381.6840 Mbps     0 retrans   9868 KB-cwnd
[2024-11-06T12:22:30.040580-0600]    24.6875 MB /   0.50 sec =  414.1792 Mbps  2234 retrans   4125 KB-cwnd
[2024-11-06T12:22:30.540571-0600]     9.6875 MB /   0.50 sec =  162.5283 Mbps     0 retrans   4125 KB-cwnd
[2024-11-06T12:22:31.040507-0600]    26.8125 MB /   0.50 sec =  449.8724 Mbps     0 retrans   4281 KB-cwnd
[2024-11-06T12:22:31.540630-0600]    30.8125 MB /   0.50 sec =  516.9066 Mbps     0 retrans   6170 KB-cwnd
[2024-11-06T12:22:32.040548-0600]    33.3125 MB /   0.50 sec =  558.9190 Mbps     0 retrans   6170 KB-cwnd
[2024-11-06T12:22:32.540584-0600]    35.4375 MB /   0.50 sec =  594.5283 Mbps     0 retrans   6225 KB-cwnd
[2024-11-06T12:22:33.040649-0600]    29.8750 MB /   0.50 sec =  501.1702 Mbps     0 retrans   6243 KB-cwnd
[2024-11-06T12:22:33.540742-0600]    33.1250 MB /   0.50 sec =  555.8042 Mbps     0 retrans   8419 KB-cwnd
[2024-11-06T12:22:34.040632-0600]    34.8750 MB /   0.50 sec =  585.0726 Mbps     0 retrans   8530 KB-cwnd
[2024-11-06T12:22:34.540593-0600]    35.3750 MB /   0.50 sec =  593.5166 Mbps     0 retrans   9245 KB-cwnd
[2024-11-06T12:22:35.040566-0600]    29.5625 MB /   0.50 sec =  495.9804 Mbps     0 retrans   9245 KB-cwnd
[2024-11-06T12:22:35.540460-0600]    34.1250 MB /   0.50 sec =  572.5683 Mbps     0 retrans   9245 KB-cwnd
[2024-11-06T12:22:36.040693-0600]    27.5625 MB /   0.50 sec =  462.3915 Mbps   269 retrans   9134 KB-cwnd
[2024-11-06T12:22:36.540614-0600]    34.6250 MB /   0.50 sec =  580.9099 Mbps     0 retrans   9134 KB-cwnd
[2024-11-06T12:22:37.040563-0600]    36.3750 MB /   0.50 sec =  610.2786 Mbps     0 retrans   8699 KB-cwnd
[2024-11-06T12:22:37.540594-0600]    35.5000 MB /   0.50 sec =  595.5816 Mbps     0 retrans   8702 KB-cwnd
[2024-11-06T12:22:38.040771-0600]    32.3125 MB /   0.50 sec =  541.9187 Mbps     0 retrans  11642 KB-cwnd
[2024-11-06T12:22:38.540488-0600]    32.5625 MB /   0.50 sec =  546.5453 Mbps     0 retrans  11921 KB-cwnd
[2024-11-06T12:22:39.040577-0600]    24.6250 MB /   0.50 sec =  413.1133 Mbps     0 retrans  10333 KB-cwnd
[2024-11-06T12:22:39.540660-0600]    28.5000 MB /   0.50 sec =  478.1507 Mbps     0 retrans  10333 KB-cwnd
[2024-11-06T12:22:40.040682-0600]    28.9375 MB /   0.50 sec =  485.4897 Mbps     0 retrans  10333 KB-cwnd
[2024-11-06T12:22:40.540617-0600]    19.3125 MB /   0.50 sec =  323.9996 Mbps     0 retrans  11180 KB-cwnd
[2024-11-06T12:22:41.040480-0600]    12.5000 MB /   0.50 sec =  209.7286 Mbps     0 retrans  11180 KB-cwnd
[2024-11-06T12:22:41.540595-0600]    27.1250 MB /   0.50 sec =  455.0547 Mbps     0 retrans  11180 KB-cwnd
[2024-11-06T12:22:42.040510-0600]    19.8125 MB /   0.50 sec =  332.4185 Mbps     0 retrans  11180 KB-cwnd
[2024-11-06T12:22:42.540694-0600]    16.7500 MB /   0.50 sec =  280.9425 Mbps     0 retrans  10526 KB-cwnd
[2024-11-06T12:22:43.040685-0600]    16.3125 MB /   0.50 sec =  273.6849 Mbps     0 retrans  10526 KB-cwnd
[2024-11-06T12:22:43.540950-0600]    27.6250 MB /   0.50 sec =  463.5717 Mbps     0 retrans  10526 KB-cwnd
[2024-11-06T12:22:44.040575-0600]    25.9375 MB /   0.50 sec =  435.1556 Mbps     0 retrans   6407 KB-cwnd
[2024-11-06T12:22:44.540632-0600]    22.0625 MB /   0.50 sec =  370.1495 Mbps     0 retrans   6407 KB-cwnd
[2024-11-06T12:22:45.040571-0600]    25.1250 MB /   0.50 sec =  421.5217 Mbps     0 retrans   6407 KB-cwnd
[2024-11-06T12:22:45.540533-0600]    18.5625 MB /   0.50 sec =  311.4532 Mbps     0 retrans   6407 KB-cwnd
[2024-11-06T12:22:46.040480-0600]    10.3125 MB /   0.50 sec =  173.0109 Mbps     0 retrans   9597 KB-cwnd
[2024-11-06T12:22:46.540677-0600]     0.8750 MB /   0.50 sec =   14.6768 Mbps     0 retrans   9597 KB-cwnd
[2024-11-06T12:22:47.040661-0600]     0.0000 MB /   0.50 sec =    0.0000 Mbps     0 retrans   9597 KB-cwnd
[2024-11-06T12:22:47.540708-0600]     0.0000 MB /   0.50 sec =    0.0000 Mbps     0 retrans   9597 KB-cwnd
[2024-11-06T12:22:48.040704-0600]     0.0000 MB /   0.50 sec =    0.0000 Mbps     0 retrans   9597 KB-cwnd
[2024-11-06T12:22:48.540653-0600]     0.0000 MB /   0.50 sec =    0.0000 Mbps     0 retrans   9597 KB-cwnd
[2024-11-06T12:22:49.040690-0600]     4.1875 MB /   0.50 sec =   70.2502 Mbps     0 retrans   9597 KB-cwnd
[2024-11-06T12:22:49.540577-0600]     0.5000 MB /   0.50 sec =    8.3896 Mbps     0 retrans   9597 KB-cwnd
[2024-11-06T12:22:50.040684-0600]     3.5625 MB /   0.50 sec =   59.7625 Mbps     0 retrans   9597 KB-cwnd
[2024-11-06T12:22:50.540625-0600]     4.9375 MB /   0.50 sec =   82.8460 Mbps     0 retrans   9597 KB-cwnd
[2024-11-06T12:22:51.040540-0600]     6.8750 MB /   0.50 sec =  115.3537 Mbps     0 retrans   9597 KB-cwnd
[2024-11-06T12:22:51.540635-0600]    14.2500 MB /   0.50 sec =  239.0333 Mbps     0 retrans   9597 KB-cwnd
End time: 1730917371779
