Start time: 1730765292652
[2024-11-04T18:08:13.730742-0600] nuttcp-r: v8.1.4: socket
[2024-11-04T18:08:13.732060-0600] nuttcp-r: buflen=65536, nstream=1, port=5102 tcp
[2024-11-04T18:08:13.732211-0600] nuttcp-r: interval reporting every 0.50 seconds
[2024-11-04T18:08:13.732324-0600] nuttcp-r: connect to 54.176.53.206 with RTT=113.506 ms af=inet
[2024-11-04T18:08:13.732432-0600] nuttcp-r: send window size = 2097152, receive window size = 6291456
[2024-11-04T18:08:13.732536-0600] nuttcp-r: available send window = 1572864, available receive window = 4718592
[2024-11-04T18:08:13.732642-0600]     0.1875 MB /   0.50 sec =    3.1449 Mbps     0 retrans
[2024-11-04T18:08:14.230437-0600]     0.5625 MB /   0.50 sec =    9.4382 Mbps     0 retrans
[2024-11-04T18:08:14.730509-0600]     0.6250 MB /   0.50 sec =   10.4869 Mbps     0 retrans
[2024-11-04T18:08:15.232441-0600]     0.9375 MB /   0.50 sec =   15.6817 Mbps     0 retrans
[2024-11-04T18:08:15.731007-0600]     0.8125 MB /   0.50 sec =   13.6671 Mbps     0 retrans
[2024-11-04T18:08:16.230581-0600]     1.3125 MB /   0.50 sec =   22.0288 Mbps     0 retrans
[2024-11-04T18:08:16.730886-0600]     1.3750 MB /   0.50 sec =   23.0508 Mbps     0 retrans
[2024-11-04T18:08:17.230629-0600]     1.3750 MB /   0.50 sec =   23.0794 Mbps     0 retrans
[2024-11-04T18:08:17.731901-0600]     0.0000 MB /   0.50 sec =    0.0000 Mbps     0 retrans
[2024-11-04T18:08:18.231135-0600]     1.7500 MB /   0.50 sec =   29.3895 Mbps     0 retrans
[2024-11-04T18:08:18.730454-0600]     3.5625 MB /   0.50 sec =   59.8442 Mbps     0 retrans
[2024-11-04T18:08:19.230456-0600]     3.1250 MB /   0.50 sec =   52.4300 Mbps     0 retrans
[2024-11-04T18:08:19.730840-0600]     3.9375 MB /   0.50 sec =   66.0557 Mbps     0 retrans
[2024-11-04T18:08:20.230400-0600]     4.1250 MB /   0.50 sec =   69.2142 Mbps     0 retrans
[2024-11-04T18:08:20.730585-0600]     3.2500 MB /   0.50 sec =   54.5124 Mbps     0 retrans
[2024-11-04T18:08:21.230626-0600]     4.3125 MB /   0.50 sec =   72.3490 Mbps     0 retrans
[2024-11-04T18:08:21.730557-0600]     2.8125 MB /   0.50 sec =   47.1905 Mbps     0 retrans
[2024-11-04T18:08:22.230695-0600]     3.8125 MB /   0.50 sec =   63.9622 Mbps     0 retrans
[2024-11-04T18:08:22.730462-0600]     4.8125 MB /   0.50 sec =   80.7526 Mbps     0 retrans
[2024-11-04T18:08:23.230456-0600]     4.1250 MB /   0.50 sec =   69.2070 Mbps     0 retrans
[2024-11-04T18:08:23.730538-0600]     4.1875 MB /   0.50 sec =   70.2429 Mbps     0 retrans
[2024-11-04T18:08:24.230546-0600]     0.3125 MB /   0.50 sec =    5.2428 Mbps     0 retrans
[2024-11-04T18:08:24.730496-0600]     1.3125 MB /   0.50 sec =   22.0228 Mbps     0 retrans
[2024-11-04T18:08:25.230504-0600]     2.2500 MB /   0.50 sec =   37.7449 Mbps     0 retrans
[2024-11-04T18:08:25.730674-0600]     0.7500 MB /   0.50 sec =   12.5811 Mbps     0 retrans
[2024-11-04T18:08:26.230489-0600]     7.5625 MB /   0.50 sec =  126.9013 Mbps     0 retrans
[2024-11-04T18:08:26.730579-0600]     2.8750 MB /   0.50 sec =   48.2319 Mbps     0 retrans
[2024-11-04T18:08:27.230439-0600]     4.4375 MB /   0.50 sec =   74.4653 Mbps     0 retrans
[2024-11-04T18:08:27.730400-0600]     4.6250 MB /   0.50 sec =   77.5943 Mbps     0 retrans
[2024-11-04T18:08:28.230697-0600]     4.3125 MB /   0.50 sec =   72.3457 Mbps     0 retrans
[2024-11-04T18:08:28.730485-0600]     5.5000 MB /   0.50 sec =   92.2775 Mbps     0 retrans
[2024-11-04T18:08:29.230384-0600]     3.8125 MB /   0.50 sec =   63.9677 Mbps     0 retrans
[2024-11-04T18:08:29.730689-0600]     1.2500 MB /   0.50 sec =   20.9633 Mbps     0 retrans
[2024-11-04T18:08:30.230620-0600]     0.0000 MB /   0.50 sec =    0.0000 Mbps     0 retrans
[2024-11-04T18:08:30.730551-0600]     8.4375 MB /   0.50 sec =  141.5691 Mbps     0 retrans
[2024-11-04T18:08:31.230467-0600]     5.3125 MB /   0.50 sec =   89.1420 Mbps     0 retrans
[2024-11-04T18:08:31.730413-0600]     3.5000 MB /   0.50 sec =   58.7206 Mbps     0 retrans
[2024-11-04T18:08:32.230485-0600]     0.7500 MB /   0.50 sec =   12.5829 Mbps     0 retrans
[2024-11-04T18:08:32.730722-0600]     0.5000 MB /   0.50 sec =    8.3868 Mbps     0 retrans
[2024-11-04T18:08:33.230623-0600]     0.0000 MB /   0.50 sec =    0.0000 Mbps     0 retrans
[2024-11-04T18:08:33.730468-0600]     9.1875 MB /   0.50 sec =  154.1777 Mbps     0 retrans
[2024-11-04T18:08:34.230378-0600]     3.8750 MB /   0.50 sec =   65.0164 Mbps     0 retrans
[2024-11-04T18:08:34.730477-0600]     3.0000 MB /   0.50 sec =   50.3275 Mbps     0 retrans
[2024-11-04T18:08:35.230475-0600]     2.1875 MB /   0.50 sec =   36.6982 Mbps     0 retrans
[2024-11-04T18:08:35.730807-0600]     0.0000 MB /   0.50 sec =    0.0000 Mbps     0 retrans
[2024-11-04T18:08:36.230597-0600]     0.0000 MB /   0.50 sec =    0.0000 Mbps     0 retrans
[2024-11-04T18:08:36.730726-0600]     0.8750 MB /   0.50 sec =   14.6800 Mbps     0 retrans
[2024-11-04T18:08:37.230597-0600]     0.0000 MB /   0.50 sec =    0.0000 Mbps     0 retrans
[2024-11-04T18:08:37.730418-0600]     0.1250 MB /   0.50 sec =    2.0976 Mbps     0 retrans
[2024-11-04T18:08:38.230596-0600]     2.0625 MB /   0.50 sec =   34.5960 Mbps     0 retrans
[2024-11-04T18:08:38.730479-0600]     0.8125 MB /   0.50 sec =   13.6339 Mbps     0 retrans
[2024-11-04T18:08:39.230573-0600]     4.8750 MB /   0.50 sec =   81.7724 Mbps     0 retrans
[2024-11-04T18:08:39.730526-0600]     1.5000 MB /   0.50 sec =   25.1681 Mbps     0 retrans
[2024-11-04T18:08:40.230423-0600]     1.0625 MB /   0.50 sec =   17.8286 Mbps     0 retrans
[2024-11-04T18:08:40.730603-0600]     0.8125 MB /   0.50 sec =   13.6284 Mbps     0 retrans
[2024-11-04T18:08:41.230377-0600]     0.6250 MB /   0.50 sec =   10.4884 Mbps     0 retrans
[2024-11-04T18:08:41.730529-0600]     0.9375 MB /   0.50 sec =   15.7273 Mbps     0 retrans
[2024-11-04T18:08:42.230490-0600]     0.8125 MB /   0.50 sec =   13.6319 Mbps     0 retrans
[2024-11-04T18:08:42.730390-0600]     0.2500 MB /   0.50 sec =    4.1946 Mbps     0 retrans
[2024-11-04T18:08:43.230561-0600]     0.5625 MB /   0.50 sec =    9.4353 Mbps     0 retrans
[2024-11-04T18:08:43.730596-0600]     0.6875 MB /   0.50 sec =   11.5338 Mbps     0 retrans
[2024-11-04T18:08:44.230564-0600]     1.3125 MB /   0.50 sec =   22.0209 Mbps     0 retrans
[2024-11-04T18:08:44.730617-0600]     1.1250 MB /   0.50 sec =   18.8732 Mbps     0 retrans
[2024-11-04T18:08:45.230469-0600]     1.0625 MB /   0.50 sec =   17.8295 Mbps     0 retrans
[2024-11-04T18:08:45.730517-0600]     1.0000 MB /   0.50 sec =   16.7768 Mbps     0 retrans
[2024-11-04T18:08:46.230489-0600]     0.8125 MB /   0.50 sec =   13.6317 Mbps     0 retrans
[2024-11-04T18:08:46.730777-0600]     0.3750 MB /   0.50 sec =    6.2901 Mbps     0 retrans
[2024-11-04T18:08:47.230440-0600]     0.3125 MB /   0.50 sec =    5.2439 Mbps     0 retrans
[2024-11-04T18:08:47.730497-0600]     1.2500 MB /   0.50 sec =   20.9729 Mbps     0 retrans
[2024-11-04T18:08:48.230476-0600]     0.2500 MB /   0.50 sec =    4.1938 Mbps     0 retrans
[2024-11-04T18:08:48.730521-0600]     1.1875 MB /   0.50 sec =   19.9244 Mbps     0 retrans
[2024-11-04T18:08:49.230535-0600]     0.8125 MB /   0.50 sec =   13.6310 Mbps     0 retrans
[2024-11-04T18:08:49.730492-0600]     1.0000 MB /   0.50 sec =   16.7783 Mbps     0 retrans
[2024-11-04T18:08:50.230570-0600]     0.3125 MB /   0.50 sec =    5.2422 Mbps     0 retrans
[2024-11-04T18:08:50.730491-0600]     1.6250 MB /   0.50 sec =   27.2664 Mbps     0 retrans
[2024-11-04T18:08:51.230406-0600]     0.9375 MB /   0.50 sec =   15.7288 Mbps     0 retrans
[2024-11-04T18:08:51.730504-0600]     0.3750 MB /   0.50 sec =    6.2914 Mbps     0 retrans
[2024-11-04T18:08:52.230622-0600]     0.4375 MB /   0.50 sec =    7.3392 Mbps     0 retrans
[2024-11-04T18:08:52.730655-0600]     0.2500 MB /   0.50 sec =    4.1938 Mbps     0 retrans
[2024-11-04T18:08:53.230462-0600]     1.3750 MB /   0.50 sec =   23.0741 Mbps     0 retrans
[2024-11-04T18:08:53.730409-0600]     0.7500 MB /   0.50 sec =   12.5829 Mbps     0 retrans
[2024-11-04T18:08:54.230552-0600]     0.8750 MB /   0.50 sec =   14.6794 Mbps     0 retrans
[2024-11-04T18:08:54.730489-0600]     1.0625 MB /   0.50 sec =   17.8265 Mbps     0 retrans
[2024-11-04T18:08:55.230458-0600]     1.1250 MB /   0.50 sec =   18.8746 Mbps     0 retrans
[2024-11-04T18:08:55.730526-0600]     0.5625 MB /   0.50 sec =    9.4359 Mbps     0 retrans
[2024-11-04T18:08:56.230462-0600]     1.4375 MB /   0.50 sec =   24.1209 Mbps     0 retrans
[2024-11-04T18:08:56.730461-0600]     1.3750 MB /   0.50 sec =   23.0686 Mbps     0 retrans
[2024-11-04T18:08:57.230630-0600]     1.4375 MB /   0.50 sec =   24.1175 Mbps     0 retrans
[2024-11-04T18:08:57.730463-0600]     1.6250 MB /   0.50 sec =   27.2625 Mbps     0 retrans
[2024-11-04T18:08:58.230577-0600]     0.6250 MB /   0.50 sec =   10.4836 Mbps     0 retrans
[2024-11-04T18:08:58.730532-0600]     1.0000 MB /   0.50 sec =   16.7789 Mbps     0 retrans
[2024-11-04T18:08:59.230455-0600]     1.0625 MB /   0.50 sec =   17.8262 Mbps     0 retrans
[2024-11-04T18:08:59.730395-0600]     2.1875 MB /   0.50 sec =   36.7050 Mbps     0 retrans
[2024-11-04T18:09:00.230533-0600]     1.8750 MB /   0.50 sec =   31.4518 Mbps     0 retrans
[2024-11-04T18:09:00.730509-0600]     1.9375 MB /   0.50 sec =   32.5090 Mbps     0 retrans
[2024-11-04T18:09:01.230470-0600]     1.9375 MB /   0.50 sec =   32.5068 Mbps     0 retrans
[2024-11-04T18:09:01.730601-0600]     1.5625 MB /   0.50 sec =   26.2145 Mbps     0 retrans
[2024-11-04T18:09:02.230491-0600]     1.3125 MB /   0.50 sec =   22.0178 Mbps     0 retrans
[2024-11-04T18:09:02.730494-0600]     0.6250 MB /   0.50 sec =   10.4865 Mbps     0 retrans
[2024-11-04T18:09:03.230561-0600]     0.4375 MB /   0.50 sec =    7.3392 Mbps     0 retrans
[2024-11-04T18:09:03.730739-0600]     0.8125 MB /   0.50 sec =   13.6302 Mbps     0 retrans
[2024-11-04T18:09:04.230631-0600]     1.1875 MB /   0.50 sec =   19.9228 Mbps     0 retrans
[2024-11-04T18:09:04.730374-0600]     2.3750 MB /   0.50 sec =   39.8583 Mbps     0 retrans
[2024-11-04T18:09:05.230498-0600]     1.8125 MB /   0.50 sec =   30.4063 Mbps     0 retrans
[2024-11-04T18:09:05.730480-0600]     0.5000 MB /   0.50 sec =    8.3886 Mbps     0 retrans
[2024-11-04T18:09:06.230457-0600]     2.1875 MB /   0.50 sec =   36.7013 Mbps     0 retrans
[2024-11-04T18:09:06.730531-0600]     0.2500 MB /   0.50 sec =    4.1937 Mbps     0 retrans
[2024-11-04T18:09:07.230469-0600]     2.6875 MB /   0.50 sec =   45.0946 Mbps     0 retrans
[2024-11-04T18:09:07.730466-0600]     0.5625 MB /   0.50 sec =    9.4371 Mbps     0 retrans
[2024-11-04T18:09:08.230623-0600]     1.1875 MB /   0.50 sec =   19.9171 Mbps     0 retrans
[2024-11-04T18:09:08.730474-0600]     2.2500 MB /   0.50 sec =   37.7598 Mbps     0 retrans
[2024-11-04T18:09:09.230539-0600]     0.5625 MB /   0.50 sec =    9.4356 Mbps     0 retrans
[2024-11-04T18:09:09.730397-0600]     2.3125 MB /   0.50 sec =   38.8056 Mbps     0 retrans
[2024-11-04T18:09:10.230474-0600]     2.1875 MB /   0.50 sec =   36.6999 Mbps     0 retrans
[2024-11-04T18:09:10.730663-0600]     1.0625 MB /   0.50 sec =   17.8203 Mbps     0 retrans
[2024-11-04T18:09:11.230483-0600]     0.7500 MB /   0.50 sec =   12.5862 Mbps     0 retrans
[2024-11-04T18:09:11.730517-0600]     2.1250 MB /   0.50 sec =   35.6512 Mbps     0 retrans
[2024-11-04T18:09:12.230561-0600]     1.6250 MB /   0.50 sec =   27.2583 Mbps     0 retrans
[2024-11-04T18:09:12.730577-0600]     0.2500 MB /   0.50 sec =    4.1944 Mbps     0 retrans
[2024-11-04T18:09:13.230530-0600]     0.3750 MB /   0.50 sec =    6.2917 Mbps     0 retrans
[2024-11-04T18:09:13.730489-0600]     1.9375 MB /   0.50 sec =   32.5092 Mbps     0 retrans
[2024-11-04T18:09:14.230491-0600]     1.5625 MB /   0.50 sec =   26.2146 Mbps     0 retrans
[2024-11-04T18:09:14.730622-0600]     0.6875 MB /   0.50 sec =   11.5315 Mbps     0 retrans
[2024-11-04T18:09:15.230641-0600]     0.8125 MB /   0.50 sec =   13.6318 Mbps     0 retrans
[2024-11-04T18:09:15.730440-0600]     2.5000 MB /   0.50 sec =   41.9520 Mbps     0 retrans
[2024-11-04T18:09:16.230497-0600]     2.6875 MB /   0.50 sec =   45.0890 Mbps     0 retrans
[2024-11-04T18:09:16.730443-0600]     1.8750 MB /   0.50 sec =   31.4585 Mbps     0 retrans
[2024-11-04T18:09:17.230591-0600]     1.7500 MB /   0.50 sec =   29.3548 Mbps     0 retrans
[2024-11-04T18:09:17.730481-0600]     0.5625 MB /   0.50 sec =    9.4385 Mbps     0 retrans
[2024-11-04T18:09:18.230753-0600]     2.1250 MB /   0.50 sec =   35.6455 Mbps     0 retrans
[2024-11-04T18:09:18.730560-0600]     1.0625 MB /   0.50 sec =   17.8273 Mbps     0 retrans
[2024-11-04T18:09:19.230467-0600]     2.1250 MB /   0.50 sec =   35.6547 Mbps     0 retrans
[2024-11-04T18:09:19.730495-0600]     2.6250 MB /   0.50 sec =   44.0405 Mbps     0 retrans
[2024-11-04T18:09:20.230494-0600]     2.2500 MB /   0.50 sec =   37.7488 Mbps     0 retrans
[2024-11-04T18:09:20.730478-0600]     1.9375 MB /   0.50 sec =   32.5062 Mbps     0 retrans
[2024-11-04T18:09:21.230409-0600]     1.0000 MB /   0.50 sec =   16.7778 Mbps     0 retrans
[2024-11-04T18:09:21.730612-0600]     1.8125 MB /   0.50 sec =   30.4007 Mbps     0 retrans
[2024-11-04T18:09:22.230606-0600]     1.0000 MB /   0.50 sec =   16.7767 Mbps     0 retrans
[2024-11-04T18:09:22.730645-0600]     0.2500 MB /   0.50 sec =    4.1943 Mbps     0 retrans
[2024-11-04T18:09:23.230544-0600]     0.3750 MB /   0.50 sec =    6.2923 Mbps     0 retrans
[2024-11-04T18:09:23.730497-0600]     1.0625 MB /   0.50 sec =   17.8267 Mbps     0 retrans
[2024-11-04T18:09:24.230631-0600]     0.5625 MB /   0.50 sec =    9.4352 Mbps     0 retrans
[2024-11-04T18:09:24.730720-0600]     0.2500 MB /   0.50 sec =    4.1948 Mbps     0 retrans
[2024-11-04T18:09:25.230515-0600]     3.1875 MB /   0.50 sec =   53.4826 Mbps     0 retrans
[2024-11-04T18:09:25.730469-0600]     2.3750 MB /   0.50 sec =   39.8477 Mbps     0 retrans
[2024-11-04T18:09:26.230579-0600]     0.8125 MB /   0.50 sec =   13.6289 Mbps     0 retrans
[2024-11-04T18:09:26.730459-0600]     0.0000 MB /   0.50 sec =    0.0000 Mbps     0 retrans
[2024-11-04T18:09:27.230603-0600]     0.3750 MB /   0.50 sec =    6.2907 Mbps     0 retrans
[2024-11-04T18:09:27.730504-0600]     0.9375 MB /   0.50 sec =   15.7311 Mbps     0 retrans
[2024-11-04T18:09:28.230580-0600]     1.8750 MB /   0.50 sec =   31.4529 Mbps     0 retrans
[2024-11-04T18:09:28.730504-0600]     1.3750 MB /   0.50 sec =   23.0714 Mbps     0 retrans
[2024-11-04T18:09:29.230477-0600]     1.8750 MB /   0.50 sec =   31.4588 Mbps     0 retrans
[2024-11-04T18:09:29.730481-0600]     1.3750 MB /   0.50 sec =   23.0687 Mbps     0 retrans
[2024-11-04T18:09:30.230464-0600]     1.3750 MB /   0.50 sec =   23.0689 Mbps     0 retrans
[2024-11-04T18:09:30.730505-0600]     1.2500 MB /   0.50 sec =   20.9708 Mbps     0 retrans
[2024-11-04T18:09:31.230478-0600]     1.4375 MB /   0.50 sec =   24.1177 Mbps     0 retrans
[2024-11-04T18:09:31.730466-0600]     1.4375 MB /   0.50 sec =   24.1177 Mbps     0 retrans
[2024-11-04T18:09:32.230665-0600]     1.5625 MB /   0.50 sec =   26.2138 Mbps     0 retrans
[2024-11-04T18:09:32.730562-0600]     0.3750 MB /   0.50 sec =    6.2906 Mbps     0 retrans
[2024-11-04T18:09:33.230490-0600]     0.4375 MB /   0.50 sec =    7.3404 Mbps     0 retrans
[2024-11-04T18:09:33.730636-0600]     1.1875 MB /   0.50 sec =   19.9196 Mbps     0 retrans
[2024-11-04T18:09:34.230679-0600]     1.1875 MB /   0.50 sec =   19.9222 Mbps     0 retrans
[2024-11-04T18:09:34.730496-0600]     0.8750 MB /   0.50 sec =   14.6839 Mbps     0 retrans
[2024-11-04T18:09:35.230479-0600]     1.8125 MB /   0.50 sec =   30.4102 Mbps     0 retrans
[2024-11-04T18:09:35.730482-0600]     1.5000 MB /   0.50 sec =   25.1658 Mbps     0 retrans
[2024-11-04T18:09:36.230463-0600]     1.4375 MB /   0.50 sec =   24.1173 Mbps     0 retrans
[2024-11-04T18:09:36.730463-0600]     1.6875 MB /   0.50 sec =   28.3116 Mbps     0 retrans
[2024-11-04T18:09:37.230481-0600]     1.6875 MB /   0.50 sec =   28.3113 Mbps     0 retrans
[2024-11-04T18:09:37.730539-0600]     0.6250 MB /   0.50 sec =   10.4847 Mbps     0 retrans
[2024-11-04T18:09:38.230563-0600]     0.3125 MB /   0.50 sec =    5.2430 Mbps     0 retrans
[2024-11-04T18:09:38.730417-0600]     0.0000 MB /   0.50 sec =    0.0000 Mbps     0 retrans
[2024-11-04T18:09:39.230861-0600]     0.2500 MB /   0.50 sec =    4.1931 Mbps     0 retrans
[2024-11-04T18:09:39.730543-0600]     0.6250 MB /   0.50 sec =   10.4872 Mbps     0 retrans
[2024-11-04T18:09:40.230547-0600]     0.1875 MB /   0.50 sec =    3.1457 Mbps     0 retrans
[2024-11-04T18:09:40.730485-0600]     1.0000 MB /   0.50 sec =   16.7795 Mbps     0 retrans
[2024-11-04T18:09:41.230614-0600]     0.1250 MB /   0.50 sec =    2.0967 Mbps     0 retrans
[2024-11-04T18:09:41.730590-0600]     0.3125 MB /   0.50 sec =    5.2431 Mbps     0 retrans
[2024-11-04T18:09:42.230483-0600]     1.7500 MB /   0.50 sec =   29.3660 Mbps     0 retrans
[2024-11-04T18:09:42.730590-0600]     0.3750 MB /   0.50 sec =    6.2902 Mbps     0 retrans
[2024-11-04T18:09:43.230481-0600]     0.3750 MB /   0.50 sec =    6.2925 Mbps     0 retrans
[2024-11-04T18:09:43.730566-0600]     0.3125 MB /   0.50 sec =    5.2422 Mbps     0 retrans
[2024-11-04T18:09:44.230400-0600]     0.1250 MB /   0.50 sec =    2.0976 Mbps     0 retrans
[2024-11-04T18:09:44.730595-0600]     0.2500 MB /   0.50 sec =    4.1933 Mbps     0 retrans
[2024-11-04T18:09:45.230635-0600]     0.0625 MB /   0.50 sec =    1.0486 Mbps     0 retrans
[2024-11-04T18:09:45.730592-0600]     0.1250 MB /   0.50 sec =    2.0972 Mbps     0 retrans
[2024-11-04T18:09:46.230610-0600]     0.6875 MB /   0.50 sec =   11.5335 Mbps     0 retrans
[2024-11-04T18:09:46.730512-0600]     0.1875 MB /   0.50 sec =    3.1464 Mbps     0 retrans
[2024-11-04T18:09:47.230560-0600]     0.0625 MB /   0.50 sec =    1.0485 Mbps     0 retrans
[2024-11-04T18:09:47.730565-0600]     0.1875 MB /   0.50 sec =    3.1455 Mbps     0 retrans
[2024-11-04T18:09:48.230549-0600]     0.0625 MB /   0.50 sec =    1.0487 Mbps     0 retrans
[2024-11-04T18:09:48.730422-0600]     0.3125 MB /   0.50 sec =    5.2435 Mbps     0 retrans
[2024-11-04T18:09:49.230729-0600]     0.0625 MB /   0.50 sec =    1.0484 Mbps     0 retrans
[2024-11-04T18:09:49.730488-0600]     0.0625 MB /   0.50 sec =    1.0487 Mbps     0 retrans
[2024-11-04T18:09:50.230533-0600]     0.2500 MB /   0.50 sec =    4.1942 Mbps     0 retrans
[2024-11-04T18:09:50.730482-0600]     0.2500 MB /   0.50 sec =    4.1944 Mbps     0 retrans
[2024-11-04T18:09:51.230497-0600]     0.1875 MB /   0.50 sec =    3.1457 Mbps     0 retrans
[2024-11-04T18:09:51.730579-0600]     0.2500 MB /   0.50 sec =    4.1937 Mbps     0 retrans
[2024-11-04T18:09:52.230455-0600]     0.2500 MB /   0.50 sec =    4.1950 Mbps     0 retrans
[2024-11-04T18:09:52.730473-0600]     0.3125 MB /   0.50 sec =    5.2429 Mbps     0 retrans
[2024-11-04T18:09:53.230613-0600]     0.2500 MB /   0.50 sec =    4.1932 Mbps     0 retrans
[2024-11-04T18:09:53.730561-0600]     0.3750 MB /   0.50 sec =    6.2921 Mbps     0 retrans
[2024-11-04T18:09:54.230405-0600]     0.3750 MB /   0.50 sec =    6.2927 Mbps     0 retrans
[2024-11-04T18:09:54.730506-0600]     0.4375 MB /   0.50 sec =    7.3393 Mbps     0 retrans
[2024-11-04T18:09:55.230614-0600]     0.5000 MB /   0.50 sec =    8.3874 Mbps     0 retrans
[2024-11-04T18:09:55.730612-0600]     0.5625 MB /   0.50 sec =    9.4390 Mbps     0 retrans
[2024-11-04T18:09:56.230465-0600]     0.5625 MB /   0.50 sec =    9.4372 Mbps     0 retrans
[2024-11-04T18:09:56.730538-0600]     0.6250 MB /   0.50 sec =   10.4855 Mbps     0 retrans
[2024-11-04T18:09:57.230531-0600]     0.5625 MB /   0.50 sec =    9.4370 Mbps     0 retrans
[2024-11-04T18:09:57.730477-0600]     0.8125 MB /   0.50 sec =   13.6321 Mbps     0 retrans
[2024-11-04T18:09:58.230520-0600]     0.7500 MB /   0.50 sec =   12.5826 Mbps     0 retrans
[2024-11-04T18:09:58.730486-0600]     0.6250 MB /   0.50 sec =   10.4859 Mbps     0 retrans
[2024-11-04T18:09:59.230454-0600]     0.9375 MB /   0.50 sec =   15.7288 Mbps     0 retrans
[2024-11-04T18:09:59.730396-0600]     0.9375 MB /   0.50 sec =   15.7291 Mbps     0 retrans
[2024-11-04T18:10:00.230573-0600]     1.1875 MB /   0.50 sec =   19.9187 Mbps     0 retrans
[2024-11-04T18:10:00.730463-0600]     1.1250 MB /   0.50 sec =   18.8778 Mbps     0 retrans
[2024-11-04T18:10:01.230471-0600]     1.0625 MB /   0.50 sec =   17.8255 Mbps     0 retrans
[2024-11-04T18:10:01.730565-0600]     1.2500 MB /   0.50 sec =   20.9718 Mbps     0 retrans
[2024-11-04T18:10:02.230476-0600]     1.5000 MB /   0.50 sec =   25.1650 Mbps     0 retrans
[2024-11-04T18:10:02.730543-0600]     1.2500 MB /   0.50 sec =   20.9712 Mbps     0 retrans
[2024-11-04T18:10:03.230663-0600]     0.2500 MB /   0.50 sec =    4.1943 Mbps     0 retrans
[2024-11-04T18:10:03.730522-0600]     1.5625 MB /   0.50 sec =   26.2125 Mbps     0 retrans
[2024-11-04T18:10:04.230624-0600]     0.5625 MB /   0.50 sec =    9.4358 Mbps     0 retrans
[2024-11-04T18:10:04.730497-0600]     0.6250 MB /   0.50 sec =   10.4883 Mbps     0 retrans
[2024-11-04T18:10:05.230511-0600]     0.7500 MB /   0.50 sec =   12.5813 Mbps     0 retrans
[2024-11-04T18:10:05.730625-0600]     0.5000 MB /   0.50 sec =    8.3877 Mbps     0 retrans
[2024-11-04T18:10:06.230509-0600]     0.6875 MB /   0.50 sec =   11.5366 Mbps     0 retrans
[2024-11-04T18:10:06.730408-0600]     1.0625 MB /   0.50 sec =   17.8278 Mbps     0 retrans
[2024-11-04T18:10:07.230547-0600]     0.5625 MB /   0.50 sec =    9.4364 Mbps     0 retrans
[2024-11-04T18:10:07.730484-0600]     1.0625 MB /   0.50 sec =   17.8253 Mbps     0 retrans
[2024-11-04T18:10:08.230480-0600]     1.2500 MB /   0.50 sec =   20.9726 Mbps     0 retrans
[2024-11-04T18:10:08.730703-0600]     1.0625 MB /   0.50 sec =   17.8239 Mbps     0 retrans
[2024-11-04T18:10:09.230511-0600]     1.1250 MB /   0.50 sec =   18.8738 Mbps     0 retrans
[2024-11-04T18:10:09.730693-0600]     0.0000 MB /   0.50 sec =    0.0000 Mbps     0 retrans
[2024-11-04T18:10:10.230554-0600]     0.9375 MB /   0.50 sec =   15.7319 Mbps     0 retrans
[2024-11-04T18:10:10.730438-0600]     0.2500 MB /   0.50 sec =    4.1945 Mbps     0 retrans
[2024-11-04T18:10:11.230649-0600]     0.1250 MB /   0.50 sec =    2.0967 Mbps     0 retrans
[2024-11-04T18:10:11.730532-0600]     0.0000 MB /   0.50 sec =    0.0000 Mbps     0 retrans
[2024-11-04T18:10:12.230462-0600]     1.2500 MB /   0.50 sec =   20.9732 Mbps     0 retrans
[2024-11-04T18:10:12.730472-0600]     0.2500 MB /   0.50 sec =    4.1943 Mbps     0 retrans
[2024-11-04T18:10:13.230580-0600]     0.0625 MB /   0.50 sec =    1.0485 Mbps     0 retrans
End time: 1730765413765
