Start time: 1730498830664
[2024-11-01T15:07:11.461190-0700] nuttcp-r: v8.1.4: socket
[2024-11-01T15:07:11.461732-0700] nuttcp-r: buflen=65536, nstream=1, port=5102 tcp
[2024-11-01T15:07:11.461773-0700] nuttcp-r: interval reporting every 0.50 seconds
[2024-11-01T15:07:11.461799-0700] nuttcp-r: connect to 54.176.53.206 with RTT=30.493 ms af=inet
[2024-11-01T15:07:11.461824-0700] nuttcp-r: send window size = 2097152, receive window size = 6291456
[2024-11-01T15:07:11.461848-0700] nuttcp-r: available send window = 1572864, available receive window = 4718592
[2024-11-01T15:07:11.461871-0700]     0.5000 MB /   0.50 sec =    8.3877 Mbps     0 retrans
[2024-11-01T15:07:11.960949-0700]     0.6250 MB /   0.50 sec =   10.4844 Mbps     0 retrans
[2024-11-01T15:07:12.461286-0700]     0.4375 MB /   0.50 sec =    7.3395 Mbps     0 retrans
[2024-11-01T15:07:12.961069-0700]     0.5625 MB /   0.50 sec =    9.4362 Mbps     0 retrans
[2024-11-01T15:07:13.460970-0700]     1.1250 MB /   0.50 sec =   18.8806 Mbps     0 retrans
[2024-11-01T15:07:13.960840-0700]     1.3125 MB /   0.50 sec =   22.0198 Mbps     0 retrans
[2024-11-01T15:07:14.460852-0700]     1.8125 MB /   0.50 sec =   30.4082 Mbps     0 retrans
[2024-11-01T15:07:14.960862-0700]     2.1875 MB /   0.50 sec =   36.6998 Mbps     0 retrans
[2024-11-01T15:07:15.461274-0700]     2.3750 MB /   0.50 sec =   39.8268 Mbps     0 retrans
[2024-11-01T15:07:15.961345-0700]     3.2500 MB /   0.50 sec =   54.4998 Mbps     0 retrans
[2024-11-01T15:07:16.460903-0700]     3.5000 MB /   0.50 sec =   58.7688 Mbps     0 retrans
[2024-11-01T15:07:16.961020-0700]     3.1250 MB /   0.50 sec =   52.4230 Mbps     0 retrans
[2024-11-01T15:07:17.460818-0700]     1.9375 MB /   0.50 sec =   32.5116 Mbps     0 retrans
[2024-11-01T15:07:17.961162-0700]     6.1875 MB /   0.50 sec =  103.7501 Mbps     0 retrans
[2024-11-01T15:07:18.460757-0700]     4.8750 MB /   0.50 sec =   81.8464 Mbps     0 retrans
[2024-11-01T15:07:18.961168-0700]     4.5625 MB /   0.50 sec =   76.5375 Mbps     0 retrans
[2024-11-01T15:07:19.460737-0700]     5.8125 MB /   0.50 sec =   97.5308 Mbps     0 retrans
[2024-11-01T15:07:19.960825-0700]     5.5000 MB /   0.50 sec =   92.2708 Mbps     0 retrans
[2024-11-01T15:07:20.460868-0700]     5.6250 MB /   0.50 sec =   94.3641 Mbps     0 retrans
[2024-11-01T15:07:20.961031-0700]     6.1250 MB /   0.50 sec =  102.7576 Mbps     0 retrans
[2024-11-01T15:07:21.461008-0700]     6.6875 MB /   0.50 sec =  112.2037 Mbps     0 retrans
[2024-11-01T15:07:21.961084-0700]     8.3750 MB /   0.50 sec =  140.5069 Mbps     0 retrans
[2024-11-01T15:07:22.461170-0700]     7.6250 MB /   0.50 sec =  127.8506 Mbps     0 retrans
[2024-11-01T15:07:22.960777-0700]     6.4375 MB /   0.50 sec =  108.0773 Mbps     0 retrans
[2024-11-01T15:07:23.461350-0700]     7.1250 MB /   0.50 sec =  119.5252 Mbps     0 retrans
[2024-11-01T15:07:23.960866-0700]     2.6875 MB /   0.50 sec =   45.0897 Mbps     0 retrans
[2024-11-01T15:07:24.460841-0700]     6.3750 MB /   0.50 sec =  106.9562 Mbps     0 retrans
[2024-11-01T15:07:24.960861-0700]     5.7500 MB /   0.50 sec =   96.4682 Mbps     0 retrans
[2024-11-01T15:07:25.460886-0700]     6.8750 MB /   0.50 sec =  115.3387 Mbps     0 retrans
[2024-11-01T15:07:25.960818-0700]     7.6250 MB /   0.50 sec =  127.9386 Mbps     0 retrans
[2024-11-01T15:07:26.460827-0700]     4.4375 MB /   0.50 sec =   74.4480 Mbps     0 retrans
[2024-11-01T15:07:26.961086-0700]     3.2500 MB /   0.50 sec =   54.5186 Mbps     0 retrans
[2024-11-01T15:07:27.460923-0700]     3.5000 MB /   0.50 sec =   58.7215 Mbps     0 retrans
[2024-11-01T15:07:27.961106-0700]     4.2500 MB /   0.50 sec =   71.2831 Mbps     0 retrans
[2024-11-01T15:07:28.460908-0700]     5.3750 MB /   0.50 sec =   90.2041 Mbps     0 retrans
[2024-11-01T15:07:28.960917-0700]     4.3750 MB /   0.50 sec =   73.3978 Mbps     0 retrans
[2024-11-01T15:07:29.460880-0700]     5.8750 MB /   0.50 sec =   98.5738 Mbps     0 retrans
[2024-11-01T15:07:29.960768-0700]     5.6250 MB /   0.50 sec =   94.3784 Mbps     0 retrans
[2024-11-01T15:07:30.461443-0700]     4.6250 MB /   0.50 sec =   77.5825 Mbps     0 retrans
[2024-11-01T15:07:30.960893-0700]     5.6250 MB /   0.50 sec =   94.3832 Mbps     0 retrans
[2024-11-01T15:07:31.461316-0700]     4.9375 MB /   0.50 sec =   82.7726 Mbps     0 retrans
[2024-11-01T15:07:31.960982-0700]     3.3125 MB /   0.50 sec =   55.6076 Mbps     0 retrans
[2024-11-01T15:07:32.460907-0700]     3.7500 MB /   0.50 sec =   62.9219 Mbps     0 retrans
[2024-11-01T15:07:32.961322-0700]     4.0625 MB /   0.50 sec =   68.1028 Mbps     0 retrans
[2024-11-01T15:07:33.460775-0700]     4.0000 MB /   0.50 sec =   67.1684 Mbps     0 retrans
[2024-11-01T15:07:33.960927-0700]     3.6250 MB /   0.50 sec =   60.8107 Mbps     0 retrans
[2024-11-01T15:07:34.461279-0700]     2.0000 MB /   0.50 sec =   33.5374 Mbps     0 retrans
[2024-11-01T15:07:34.960949-0700]     4.8125 MB /   0.50 sec =   80.7927 Mbps     0 retrans
[2024-11-01T15:07:35.460927-0700]     4.9375 MB /   0.50 sec =   82.8277 Mbps     0 retrans
[2024-11-01T15:07:35.961304-0700]     4.4375 MB /   0.50 sec =   74.3949 Mbps     0 retrans
[2024-11-01T15:07:36.461546-0700]     4.1250 MB /   0.50 sec =   69.2129 Mbps     0 retrans
[2024-11-01T15:07:36.960879-0700]     3.5000 MB /   0.50 sec =   58.7613 Mbps     0 retrans
[2024-11-01T15:07:37.460875-0700]     2.6250 MB /   0.50 sec =   44.0379 Mbps     0 retrans
[2024-11-01T15:07:37.960899-0700]     4.6875 MB /   0.50 sec =   78.6412 Mbps     0 retrans
[2024-11-01T15:07:38.460807-0700]     4.7500 MB /   0.50 sec =   79.7010 Mbps     0 retrans
[2024-11-01T15:07:38.961266-0700]     4.8125 MB /   0.50 sec =   80.7245 Mbps     0 retrans
[2024-11-01T15:07:39.461139-0700]     4.2500 MB /   0.50 sec =   71.2936 Mbps     0 retrans
[2024-11-01T15:07:39.960916-0700]     5.5000 MB /   0.50 sec =   92.2902 Mbps     0 retrans
[2024-11-01T15:07:40.460759-0700]     5.8125 MB /   0.50 sec =   97.5338 Mbps     0 retrans
[2024-11-01T15:07:40.960877-0700]     5.5625 MB /   0.50 sec =   93.3132 Mbps     0 retrans
[2024-11-01T15:07:41.460917-0700]     4.8125 MB /   0.50 sec =   80.7494 Mbps     0 retrans
[2024-11-01T15:07:41.960901-0700]     4.0000 MB /   0.50 sec =   67.1026 Mbps     0 retrans
[2024-11-01T15:07:42.461119-0700]     2.2500 MB /   0.50 sec =   37.7304 Mbps     0 retrans
[2024-11-01T15:07:42.960886-0700]     5.8125 MB /   0.50 sec =   97.5662 Mbps     0 retrans
[2024-11-01T15:07:43.460844-0700]     3.5625 MB /   0.50 sec =   59.7701 Mbps     0 retrans
[2024-11-01T15:07:43.960750-0700]     5.1250 MB /   0.50 sec =   85.9884 Mbps     0 retrans
[2024-11-01T15:07:44.461137-0700]     4.1250 MB /   0.50 sec =   69.1651 Mbps     0 retrans
[2024-11-01T15:07:44.960852-0700]     3.4375 MB /   0.50 sec =   57.7010 Mbps     0 retrans
[2024-11-01T15:07:45.460857-0700]     2.1250 MB /   0.50 sec =   35.6517 Mbps     0 retrans
[2024-11-01T15:07:45.961128-0700]     4.1250 MB /   0.50 sec =   69.1963 Mbps     0 retrans
[2024-11-01T15:07:46.460855-0700]     4.0000 MB /   0.50 sec =   67.1185 Mbps     0 retrans
[2024-11-01T15:07:46.960837-0700]     3.3750 MB /   0.50 sec =   56.6249 Mbps     0 retrans
[2024-11-01T15:07:47.460774-0700]     4.3125 MB /   0.50 sec =   72.3523 Mbps     0 retrans
[2024-11-01T15:07:47.960843-0700]     4.9375 MB /   0.50 sec =   82.8360 Mbps     0 retrans
[2024-11-01T15:07:48.460832-0700]     4.7500 MB /   0.50 sec =   79.6932 Mbps     0 retrans
[2024-11-01T15:07:48.960823-0700]     3.5000 MB /   0.50 sec =   58.7196 Mbps     0 retrans
[2024-11-01T15:07:49.460895-0700]     3.9375 MB /   0.50 sec =   66.0547 Mbps     0 retrans
[2024-11-01T15:07:49.961301-0700]     4.0625 MB /   0.50 sec =   68.1535 Mbps     0 retrans
[2024-11-01T15:07:50.461457-0700]     7.6875 MB /   0.50 sec =  128.9114 Mbps     0 retrans
[2024-11-01T15:07:50.960831-0700]     4.7500 MB /   0.50 sec =   79.7447 Mbps     0 retrans
[2024-11-01T15:07:51.460889-0700]     7.7500 MB /   0.50 sec =  130.0102 Mbps     0 retrans
[2024-11-01T15:07:51.960858-0700]     7.8750 MB /   0.50 sec =  132.1232 Mbps     0 retrans
[2024-11-01T15:07:52.461783-0700]     5.3750 MB /   0.50 sec =   90.0583 Mbps     0 retrans
[2024-11-01T15:07:52.960991-0700]     5.7500 MB /   0.50 sec =   96.5861 Mbps     0 retrans
[2024-11-01T15:07:53.461148-0700]     5.5000 MB /   0.50 sec =   92.2371 Mbps     0 retrans
[2024-11-01T15:07:53.960932-0700]     6.5000 MB /   0.50 sec =  109.0990 Mbps     0 retrans
[2024-11-01T15:07:54.460780-0700]     6.3125 MB /   0.50 sec =  105.9216 Mbps     0 retrans
[2024-11-01T15:07:54.961197-0700]     8.3125 MB /   0.50 sec =  139.4453 Mbps     0 retrans
[2024-11-01T15:07:55.460769-0700]     7.5000 MB /   0.50 sec =  125.8485 Mbps     0 retrans
[2024-11-01T15:07:55.961225-0700]     2.6250 MB /   0.50 sec =   44.0075 Mbps     0 retrans
[2024-11-01T15:07:56.460883-0700]     4.3125 MB /   0.50 sec =   72.3992 Mbps     0 retrans
[2024-11-01T15:07:56.960881-0700]     6.6875 MB /   0.50 sec =  112.2075 Mbps     0 retrans
[2024-11-01T15:07:57.460836-0700]     5.6875 MB /   0.50 sec =   95.4162 Mbps     0 retrans
[2024-11-01T15:07:57.961276-0700]     5.6875 MB /   0.50 sec =   95.3617 Mbps     0 retrans
[2024-11-01T15:07:58.461163-0700]     6.6875 MB /   0.50 sec =  112.1983 Mbps     0 retrans
[2024-11-01T15:07:58.960888-0700]     6.5000 MB /   0.50 sec =  109.1113 Mbps     0 retrans
[2024-11-01T15:07:59.460811-0700]     6.4375 MB /   0.50 sec =  108.0107 Mbps     0 retrans
[2024-11-01T15:07:59.960901-0700]     6.8125 MB /   0.50 sec =  114.2973 Mbps     0 retrans
[2024-11-01T15:08:00.460760-0700]     6.4375 MB /   0.50 sec =  108.0044 Mbps     0 retrans
[2024-11-01T15:08:00.960910-0700]     6.0000 MB /   0.50 sec =  100.6520 Mbps     0 retrans
[2024-11-01T15:08:01.460825-0700]     8.0625 MB /   0.50 sec =  135.2779 Mbps     0 retrans
[2024-11-01T15:08:01.960812-0700]     6.1875 MB /   0.50 sec =  103.8082 Mbps     0 retrans
[2024-11-01T15:08:02.460826-0700]     5.2500 MB /   0.50 sec =   88.0825 Mbps     0 retrans
[2024-11-01T15:08:02.960908-0700]     2.8125 MB /   0.50 sec =   47.1805 Mbps     0 retrans
[2024-11-01T15:08:03.460876-0700]     8.5000 MB /   0.50 sec =  142.6152 Mbps     0 retrans
[2024-11-01T15:08:03.960769-0700]     3.9375 MB /   0.50 sec =   66.0646 Mbps     0 retrans
[2024-11-01T15:08:04.461017-0700]     8.5000 MB /   0.50 sec =  142.5921 Mbps     0 retrans
[2024-11-01T15:08:04.961011-0700]     5.0000 MB /   0.50 sec =   83.8864 Mbps     0 retrans
[2024-11-01T15:08:05.460832-0700]     4.6875 MB /   0.50 sec =   78.6479 Mbps     0 retrans
[2024-11-01T15:08:05.960839-0700]     5.3750 MB /   0.50 sec =   90.1772 Mbps     0 retrans
[2024-11-01T15:08:06.461341-0700]     2.8125 MB /   0.50 sec =   47.1521 Mbps     0 retrans
[2024-11-01T15:08:06.961219-0700]     4.9375 MB /   0.50 sec =   82.8388 Mbps     0 retrans
[2024-11-01T15:08:07.460763-0700]     4.8125 MB /   0.50 sec =   80.7993 Mbps     0 retrans
[2024-11-01T15:08:07.961152-0700]     6.5000 MB /   0.50 sec =  108.9859 Mbps     0 retrans
[2024-11-01T15:08:08.461317-0700]     3.7500 MB /   0.50 sec =   62.9226 Mbps     0 retrans
[2024-11-01T15:08:08.961275-0700]     8.1250 MB /   0.50 sec =  136.3539 Mbps     0 retrans
[2024-11-01T15:08:09.461595-0700]     6.9375 MB /   0.50 sec =  116.2415 Mbps     0 retrans
[2024-11-01T15:08:09.960761-0700]     7.5625 MB /   0.50 sec =  127.0678 Mbps     0 retrans
[2024-11-01T15:08:10.461815-0700]     3.7500 MB /   0.50 sec =   62.8312 Mbps     0 retrans
[2024-11-01T15:08:10.960917-0700]     7.8125 MB /   0.50 sec =  131.2305 Mbps     0 retrans
[2024-11-01T15:08:11.461606-0700]     3.9375 MB /   0.50 sec =   66.0315 Mbps     0 retrans
[2024-11-01T15:08:11.961152-0700]     3.2500 MB /   0.50 sec =   54.5219 Mbps     0 retrans
[2024-11-01T15:08:12.461756-0700]     2.6250 MB /   0.50 sec =   43.9892 Mbps     0 retrans
[2024-11-01T15:08:12.961300-0700]     4.4375 MB /   0.50 sec =   74.5206 Mbps     0 retrans
[2024-11-01T15:08:13.460784-0700]     5.2500 MB /   0.50 sec =   88.1518 Mbps     0 retrans
[2024-11-01T15:08:13.961034-0700]     3.6250 MB /   0.50 sec =   60.8112 Mbps     0 retrans
[2024-11-01T15:08:14.460948-0700]     4.0625 MB /   0.50 sec =   68.1568 Mbps     0 retrans
[2024-11-01T15:08:14.960870-0700]     2.4375 MB /   0.50 sec =   40.8965 Mbps     0 retrans
[2024-11-01T15:08:15.460895-0700]     3.6875 MB /   0.50 sec =   61.8650 Mbps     0 retrans
[2024-11-01T15:08:15.960870-0700]     4.6875 MB /   0.50 sec =   78.6479 Mbps     0 retrans
[2024-11-01T15:08:16.460921-0700]     2.3750 MB /   0.50 sec =   39.8454 Mbps     0 retrans
[2024-11-01T15:08:16.960765-0700]     2.3125 MB /   0.50 sec =   38.7992 Mbps     0 retrans
[2024-11-01T15:08:17.461210-0700]     3.3750 MB /   0.50 sec =   56.5892 Mbps     0 retrans
[2024-11-01T15:08:17.961161-0700]     0.9375 MB /   0.50 sec =   15.7278 Mbps     0 retrans
[2024-11-01T15:08:18.460865-0700]     2.2500 MB /   0.50 sec =   37.7684 Mbps     0 retrans
[2024-11-01T15:08:18.960946-0700]     2.4375 MB /   0.50 sec =   40.8917 Mbps     0 retrans
[2024-11-01T15:08:19.460749-0700]     2.5000 MB /   0.50 sec =   41.9516 Mbps     0 retrans
[2024-11-01T15:08:19.961151-0700]     1.7500 MB /   0.50 sec =   29.3562 Mbps     0 retrans
[2024-11-01T15:08:20.460928-0700]     1.3750 MB /   0.50 sec =   23.0664 Mbps     0 retrans
[2024-11-01T15:08:20.960900-0700]     1.5000 MB /   0.50 sec =   25.1678 Mbps     0 retrans
[2024-11-01T15:08:21.460807-0700]     2.1875 MB /   0.50 sec =   36.7027 Mbps     0 retrans
[2024-11-01T15:08:21.960879-0700]     1.7500 MB /   0.50 sec =   29.3594 Mbps     0 retrans
[2024-11-01T15:08:22.460884-0700]     2.7500 MB /   0.50 sec =   46.1378 Mbps     0 retrans
[2024-11-01T15:08:22.960774-0700]     2.0625 MB /   0.50 sec =   34.6064 Mbps     0 retrans
[2024-11-01T15:08:23.461366-0700]     0.6250 MB /   0.50 sec =   10.4786 Mbps     0 retrans
[2024-11-01T15:08:23.961407-0700]     0.4375 MB /   0.50 sec =    7.3432 Mbps     0 retrans
[2024-11-01T15:08:24.461015-0700]     0.3750 MB /   0.50 sec =    6.2918 Mbps     0 retrans
[2024-11-01T15:08:24.960944-0700]     0.1250 MB /   0.50 sec =    2.0971 Mbps     0 retrans
[2024-11-01T15:08:25.461129-0700]     3.1875 MB /   0.50 sec =   53.4563 Mbps     0 retrans
[2024-11-01T15:08:25.960790-0700]     0.1250 MB /   0.50 sec =    2.0984 Mbps     0 retrans
[2024-11-01T15:08:26.460830-0700]     0.0625 MB /   0.50 sec =    1.0486 Mbps     0 retrans
[2024-11-01T15:08:26.960903-0700]     0.1875 MB /   0.50 sec =    3.1454 Mbps     0 retrans
[2024-11-01T15:08:27.460896-0700]     2.0625 MB /   0.50 sec =   34.6026 Mbps     0 retrans
[2024-11-01T15:08:27.960888-0700]     0.0000 MB /   0.50 sec =    0.0000 Mbps     0 retrans
[2024-11-01T15:08:28.460843-0700]     0.3750 MB /   0.50 sec =    6.2917 Mbps     0 retrans
[2024-11-01T15:08:28.960775-0700]     0.0000 MB /   0.50 sec =    0.0000 Mbps     0 retrans
[2024-11-01T15:08:29.460861-0700]     0.0625 MB /   0.50 sec =    1.0485 Mbps     0 retrans
[2024-11-01T15:08:29.960946-0700]     0.0625 MB /   0.50 sec =    1.0485 Mbps     0 retrans
[2024-11-01T15:08:30.460973-0700]     0.0000 MB /   0.50 sec =    0.0000 Mbps     0 retrans
[2024-11-01T15:08:30.961635-0700]     0.0000 MB /   0.50 sec =    0.0000 Mbps     0 retrans
[2024-11-01T15:08:31.460785-0700]     0.0000 MB /   0.50 sec =    0.0000 Mbps     0 retrans
[2024-11-01T15:08:31.961009-0700]     0.0625 MB /   0.50 sec =    1.0485 Mbps     0 retrans
[2024-11-01T15:08:32.460770-0700]     0.0625 MB /   0.50 sec =    1.0486 Mbps     0 retrans
[2024-11-01T15:08:32.960914-0700]     0.3750 MB /   0.50 sec =    6.2911 Mbps     0 retrans
[2024-11-01T15:08:33.461656-0700]     0.4375 MB /   0.50 sec =    7.3352 Mbps     0 retrans
[2024-11-01T15:08:33.960872-0700]     0.5000 MB /   0.50 sec =    8.3941 Mbps     0 retrans
[2024-11-01T15:08:34.460824-0700]     0.6250 MB /   0.50 sec =   10.4865 Mbps     0 retrans
[2024-11-01T15:08:34.960804-0700]     0.7500 MB /   0.50 sec =   12.5823 Mbps     0 retrans
[2024-11-01T15:08:35.461157-0700]     0.8750 MB /   0.50 sec =   14.6711 Mbps     0 retrans
[2024-11-01T15:08:35.961206-0700]     1.1250 MB /   0.50 sec =   18.8837 Mbps     0 retrans
[2024-11-01T15:08:36.461183-0700]     1.5000 MB /   0.50 sec =   25.1518 Mbps     0 retrans
[2024-11-01T15:08:36.960901-0700]     1.7500 MB /   0.50 sec =   29.3810 Mbps     0 retrans
[2024-11-01T15:08:37.460743-0700]     2.1250 MB /   0.50 sec =   35.6534 Mbps     0 retrans
[2024-11-01T15:08:37.960822-0700]     2.5625 MB /   0.50 sec =   42.9883 Mbps     0 retrans
[2024-11-01T15:08:38.460742-0700]     3.1250 MB /   0.50 sec =   52.4328 Mbps     0 retrans
[2024-11-01T15:08:38.960890-0700]     2.5000 MB /   0.50 sec =   41.9377 Mbps     0 retrans
[2024-11-01T15:08:39.460812-0700]     2.7500 MB /   0.50 sec =   46.1401 Mbps     0 retrans
[2024-11-01T15:08:39.960899-0700]     3.4375 MB /   0.50 sec =   57.6716 Mbps     0 retrans
[2024-11-01T15:08:40.460884-0700]     2.6875 MB /   0.50 sec =   45.0857 Mbps     0 retrans
[2024-11-01T15:08:40.960967-0700]     2.8750 MB /   0.50 sec =   48.2235 Mbps     0 retrans
[2024-11-01T15:08:41.460894-0700]     3.4375 MB /   0.50 sec =   57.6830 Mbps     0 retrans
[2024-11-01T15:08:41.961082-0700]     4.2500 MB /   0.50 sec =   71.2821 Mbps     0 retrans
[2024-11-01T15:08:42.460882-0700]     4.5000 MB /   0.50 sec =   75.5248 Mbps     0 retrans
[2024-11-01T15:08:42.960972-0700]     4.5000 MB /   0.50 sec =   75.4839 Mbps     0 retrans
[2024-11-01T15:08:43.460801-0700]     3.8750 MB /   0.50 sec =   65.0238 Mbps     0 retrans
[2024-11-01T15:08:43.960920-0700]     1.6250 MB /   0.50 sec =   27.2612 Mbps     0 retrans
[2024-11-01T15:08:44.460867-0700]     3.0625 MB /   0.50 sec =   51.3834 Mbps     0 retrans
[2024-11-01T15:08:44.960896-0700]     1.8125 MB /   0.50 sec =   30.4083 Mbps     0 retrans
[2024-11-01T15:08:45.460984-0700]     0.7500 MB /   0.50 sec =   12.5830 Mbps     0 retrans
[2024-11-01T15:08:45.960985-0700]     2.5000 MB /   0.50 sec =   41.9353 Mbps     0 retrans
[2024-11-01T15:08:46.460865-0700]     2.5625 MB /   0.50 sec =   43.0015 Mbps     0 retrans
[2024-11-01T15:08:46.960872-0700]     1.1250 MB /   0.50 sec =   18.8744 Mbps     0 retrans
[2024-11-01T15:08:47.460869-0700]     0.6875 MB /   0.50 sec =   11.5340 Mbps     0 retrans
[2024-11-01T15:08:47.962498-0700]     2.0625 MB /   0.50 sec =   34.5037 Mbps     0 retrans
[2024-11-01T15:08:48.461235-0700]     2.3125 MB /   0.50 sec =   38.9043 Mbps     0 retrans
[2024-11-01T15:08:48.960814-0700]     1.7500 MB /   0.50 sec =   29.3653 Mbps     0 retrans
[2024-11-01T15:08:49.461062-0700]     1.5000 MB /   0.50 sec =   25.1565 Mbps     0 retrans
[2024-11-01T15:08:49.960813-0700]     2.8750 MB /   0.50 sec =   48.2517 Mbps     0 retrans
[2024-11-01T15:08:50.462004-0700]     2.3750 MB /   0.50 sec =   39.7664 Mbps     0 retrans
[2024-11-01T15:08:50.961005-0700]     2.3750 MB /   0.50 sec =   39.9141 Mbps     0 retrans
[2024-11-01T15:08:51.460954-0700]     3.3750 MB /   0.50 sec =   56.6258 Mbps     0 retrans
[2024-11-01T15:08:51.960841-0700]     2.9375 MB /   0.50 sec =   49.2944 Mbps     0 retrans
[2024-11-01T15:08:52.461007-0700]     3.3125 MB /   0.50 sec =   55.5759 Mbps     0 retrans
[2024-11-01T15:08:52.961231-0700]     3.6875 MB /   0.50 sec =   61.8147 Mbps     0 retrans
[2024-11-01T15:08:53.460813-0700]     3.9375 MB /   0.50 sec =   66.1140 Mbps     0 retrans
[2024-11-01T15:08:53.960992-0700]     4.3750 MB /   0.50 sec =   73.3804 Mbps     0 retrans
[2024-11-01T15:08:54.460818-0700]     4.0000 MB /   0.50 sec =   67.1274 Mbps     0 retrans
[2024-11-01T15:08:54.960889-0700]     4.7500 MB /   0.50 sec =   79.6830 Mbps     0 retrans
[2024-11-01T15:08:55.460818-0700]     4.5625 MB /   0.50 sec =   76.5540 Mbps     0 retrans
[2024-11-01T15:08:55.961785-0700]     2.8750 MB /   0.50 sec =   48.1446 Mbps     0 retrans
[2024-11-01T15:08:56.460975-0700]     5.0000 MB /   0.50 sec =   84.0421 Mbps     0 retrans
[2024-11-01T15:08:56.960951-0700]     4.9375 MB /   0.50 sec =   82.8117 Mbps     0 retrans
[2024-11-01T15:08:57.460810-0700]     5.7500 MB /   0.50 sec =   96.4976 Mbps     0 retrans
[2024-11-01T15:08:57.961000-0700]     5.8125 MB /   0.50 sec =   97.5211 Mbps     0 retrans
[2024-11-01T15:08:58.461141-0700]     5.6875 MB /   0.50 sec =   95.3569 Mbps     0 retrans
[2024-11-01T15:08:58.961274-0700]     5.3750 MB /   0.50 sec =   90.2232 Mbps     0 retrans
[2024-11-01T15:08:59.462174-0700]     2.6875 MB /   0.50 sec =   44.9790 Mbps     0 retrans
[2024-11-01T15:08:59.960989-0700]     3.1875 MB /   0.50 sec =   53.6010 Mbps     0 retrans
[2024-11-01T15:09:00.462038-0700]     4.1250 MB /   0.50 sec =   69.0894 Mbps     0 retrans
[2024-11-01T15:09:00.960963-0700]     3.9375 MB /   0.50 sec =   66.1750 Mbps     0 retrans
[2024-11-01T15:09:01.460828-0700]     6.4375 MB /   0.50 sec =  108.0295 Mbps     0 retrans
[2024-11-01T15:09:01.961207-0700]     3.3750 MB /   0.50 sec =   56.5982 Mbps     0 retrans
[2024-11-01T15:09:02.460825-0700]     4.1250 MB /   0.50 sec =   69.2369 Mbps     0 retrans
[2024-11-01T15:09:02.960812-0700]     2.8750 MB /   0.50 sec =   48.2342 Mbps     0 retrans
[2024-11-01T15:09:03.461018-0700]     3.5000 MB /   0.50 sec =   58.7025 Mbps     0 retrans
[2024-11-01T15:09:03.960840-0700]     4.9375 MB /   0.50 sec =   82.8625 Mbps     0 retrans
[2024-11-01T15:09:04.461060-0700]     3.8750 MB /   0.50 sec =   65.0118 Mbps     0 retrans
[2024-11-01T15:09:04.961299-0700]     3.6250 MB /   0.50 sec =   60.7631 Mbps     0 retrans
[2024-11-01T15:09:05.460852-0700]     4.0000 MB /   0.50 sec =   67.1680 Mbps     0 retrans
[2024-11-01T15:09:05.960905-0700]     3.6875 MB /   0.50 sec =   61.8586 Mbps     0 retrans
[2024-11-01T15:09:06.460972-0700]     3.8750 MB /   0.50 sec =   65.0203 Mbps     0 retrans
[2024-11-01T15:09:06.961845-0700]     0.9375 MB /   0.50 sec =   15.6975 Mbps     0 retrans
[2024-11-01T15:09:07.461147-0700]     3.5000 MB /   0.50 sec =   58.8051 Mbps     0 retrans
[2024-11-01T15:09:07.961061-0700]     1.8125 MB /   0.50 sec =   30.4138 Mbps     0 retrans
[2024-11-01T15:09:08.461028-0700]     2.3750 MB /   0.50 sec =   39.8472 Mbps     0 retrans
[2024-11-01T15:09:08.960755-0700]     5.1250 MB /   0.50 sec =   86.0164 Mbps     0 retrans
[2024-11-01T15:09:09.462253-0700]     0.9375 MB /   0.50 sec =   15.6850 Mbps     0 retrans
[2024-11-01T15:09:09.961138-0700]     3.0000 MB /   0.50 sec =   50.4699 Mbps     0 retrans
[2024-11-01T15:09:10.461946-0700]     3.7500 MB /   0.50 sec =   62.7882 Mbps     0 retrans
[2024-11-01T15:09:10.961114-0700]     2.0625 MB /   0.50 sec =   34.6629 Mbps     0 retrans
[2024-11-01T15:09:11.460931-0700]     4.1250 MB /   0.50 sec =   69.2128 Mbps     0 retrans
End time: 1730498951816
