Start time: 1730592338800
[2024-11-02T18:05:39.872657-0600] nuttcp-t: v8.1.4: socket
[2024-11-02T18:05:39.873819-0600] nuttcp-t: buflen=65536, nstream=1, port=5101 tcp -> 54.176.53.206
[2024-11-02T18:05:39.873970-0600] nuttcp-t: time limit = 120.00 seconds
[2024-11-02T18:05:39.874089-0600] nuttcp-t: connect to 54.176.53.206 with mss=1376, RTT=71.032 ms af=inet
[2024-11-02T18:05:39.874208-0600] nuttcp-t: send window size = 1048576, receive window size = 4194304
[2024-11-02T18:05:39.874474-0600] nuttcp-t: available send window = 786432, available receive window = 3145728
[2024-11-02T18:05:39.874618-0600] nuttcp-t: initial congestion window = 13 KB (10 packets)
[2024-11-02T18:05:39.874731-0600] nuttcp-r: v6.1.2: socket
[2024-11-02T18:05:39.874836-0600] nuttcp-r: buflen=65536, nstream=1, port=5101 tcp
[2024-11-02T18:05:39.874937-0600] nuttcp-r: interval reporting every 0.50 seconds
[2024-11-02T18:05:39.875042-0600] nuttcp-r: accept from 174.201.35.130
[2024-11-02T18:05:39.875145-0600] nuttcp-r: send window size = 450000000, receive window size = 450000000
[2024-11-02T18:05:39.875253-0600] nuttcp-r: available send window = 225000000, available receive window = 225000000
[2024-11-02T18:05:39.875367-0600]     0.6250 MB /   0.50 sec =   10.4851 Mbps     0 retrans    858 KB-cwnd
[2024-11-02T18:05:40.359862-0600]     1.3125 MB /   0.50 sec =   22.0207 Mbps     0 retrans   1440 KB-cwnd
[2024-11-02T18:05:40.878779-0600]     1.3750 MB /   0.50 sec =   23.0687 Mbps     0 retrans   1456 KB-cwnd
[2024-11-02T18:05:41.403943-0600]     1.1875 MB /   0.50 sec =   19.9229 Mbps     0 retrans   1548 KB-cwnd
[2024-11-02T18:05:41.859466-0600]     1.5625 MB /   0.50 sec =   26.2148 Mbps     0 retrans   1652 KB-cwnd
[2024-11-02T18:05:42.723719-0600]     0.9375 MB /   0.50 sec =   15.7285 Mbps     0 retrans   1652 KB-cwnd
[2024-11-02T18:05:42.982243-0600]     0.7500 MB /   0.50 sec =   12.5828 Mbps     0 retrans   1652 KB-cwnd
[2024-11-02T18:05:43.439515-0600]     1.4375 MB /   0.50 sec =   24.1173 Mbps     0 retrans   1698 KB-cwnd
[2024-11-02T18:05:44.002548-0600]     1.1250 MB /   0.50 sec =   18.8742 Mbps     0 retrans   1698 KB-cwnd
[2024-11-02T18:05:44.382286-0600]     1.6250 MB /   0.50 sec =   27.2629 Mbps     0 retrans   1698 KB-cwnd
[2024-11-02T18:05:44.940412-0600]     1.3750 MB /   0.50 sec =   23.0660 Mbps     0 retrans   1698 KB-cwnd
[2024-11-02T18:05:45.405308-0600]     1.2500 MB /   0.50 sec =   20.9746 Mbps     0 retrans   1698 KB-cwnd
[2024-11-02T18:05:46.072392-0600]     1.1875 MB /   0.50 sec =   19.9226 Mbps     0 retrans   1698 KB-cwnd
[2024-11-02T18:05:46.389071-0600]     1.0625 MB /   0.50 sec =   17.8256 Mbps     0 retrans   1698 KB-cwnd
[2024-11-02T18:05:46.970703-0600]     1.1250 MB /   0.50 sec =   18.8745 Mbps     0 retrans   1698 KB-cwnd
[2024-11-02T18:05:47.500604-0600]     1.3750 MB /   0.50 sec =   23.0686 Mbps     0 retrans   1760 KB-cwnd
[2024-11-02T18:05:47.992475-0600]     1.3750 MB /   0.50 sec =   23.0689 Mbps     0 retrans   1760 KB-cwnd
[2024-11-02T18:05:48.450653-0600]     1.5625 MB /   0.50 sec =   26.2147 Mbps     0 retrans   1760 KB-cwnd
[2024-11-02T18:05:48.944453-0600]     1.3750 MB /   0.50 sec =   23.0683 Mbps     0 retrans   1760 KB-cwnd
[2024-11-02T18:05:49.588162-0600]     1.1250 MB /   0.50 sec =   18.8745 Mbps     0 retrans   1760 KB-cwnd
[2024-11-02T18:05:49.815764-0600]     1.3125 MB /   0.50 sec =   22.0201 Mbps     0 retrans   1760 KB-cwnd
[2024-11-02T18:05:50.374608-0600]     1.1250 MB /   0.50 sec =   18.8741 Mbps     0 retrans   1760 KB-cwnd
[2024-11-02T18:05:51.043606-0600]     1.3125 MB /   0.50 sec =   22.0203 Mbps     0 retrans   1760 KB-cwnd
[2024-11-02T18:05:51.422712-0600]     0.6250 MB /   0.50 sec =   10.4858 Mbps     0 retrans   1760 KB-cwnd
[2024-11-02T18:05:51.914601-0600]     1.4375 MB /   0.50 sec =   24.1172 Mbps     0 retrans   1760 KB-cwnd
[2024-11-02T18:05:52.426515-0600]     1.3125 MB /   0.50 sec =   22.0201 Mbps     0 retrans   1760 KB-cwnd
[2024-11-02T18:05:52.980320-0600]     1.0625 MB /   0.50 sec =   17.8256 Mbps     0 retrans   1760 KB-cwnd
[2024-11-02T18:05:53.465109-0600]     1.5000 MB /   0.50 sec =   25.1662 Mbps     0 retrans   1760 KB-cwnd
[2024-11-02T18:05:53.888828-0600]     1.5000 MB /   0.50 sec =   25.1659 Mbps     0 retrans   1760 KB-cwnd
[2024-11-02T18:05:54.374007-0600]     1.5000 MB /   0.50 sec =   25.1652 Mbps     0 retrans   1760 KB-cwnd
[2024-11-02T18:05:54.826405-0600]     1.4375 MB /   0.50 sec =   24.1167 Mbps     0 retrans   1760 KB-cwnd
[2024-11-02T18:05:55.342411-0600]     1.3125 MB /   0.50 sec =   22.0187 Mbps     0 retrans   1760 KB-cwnd
[2024-11-02T18:05:55.879303-0600]     1.2500 MB /   0.50 sec =   20.9740 Mbps     0 retrans   1760 KB-cwnd
[2024-11-02T18:05:56.420484-0600]     1.3125 MB /   0.50 sec =   22.0170 Mbps     0 retrans   1760 KB-cwnd
[2024-11-02T18:05:57.062724-0600]     1.2500 MB /   0.50 sec =   20.9737 Mbps     0 retrans   1760 KB-cwnd
[2024-11-02T18:05:57.369378-0600]     1.0000 MB /   0.50 sec =   16.7731 Mbps     0 retrans   1760 KB-cwnd
[2024-11-02T18:05:57.971015-0600]     1.1875 MB /   0.50 sec =   19.9285 Mbps     0 retrans   1760 KB-cwnd
[2024-11-02T18:05:58.469615-0600]     1.1875 MB /   0.50 sec =   19.9227 Mbps     0 retrans   1760 KB-cwnd
[2024-11-02T18:05:59.015350-0600]     1.3125 MB /   0.50 sec =   22.0175 Mbps     0 retrans   1760 KB-cwnd
[2024-11-02T18:05:59.694613-0600]     1.1875 MB /   0.50 sec =   19.9251 Mbps     0 retrans   1760 KB-cwnd
[2024-11-02T18:05:59.952648-0600]     0.8750 MB /   0.50 sec =   14.6804 Mbps     0 retrans   1760 KB-cwnd
[2024-11-02T18:06:00.454458-0600]     1.3750 MB /   0.50 sec =   23.0684 Mbps     0 retrans   1760 KB-cwnd
[2024-11-02T18:06:00.961294-0600]     1.3125 MB /   0.50 sec =   22.0204 Mbps     0 retrans   1760 KB-cwnd
[2024-11-02T18:06:01.348317-0600]     1.0000 MB /   0.50 sec =   16.7771 Mbps     0 retrans   1760 KB-cwnd
[2024-11-02T18:06:01.974889-0600]     1.0000 MB /   0.50 sec =   16.7769 Mbps     0 retrans   1760 KB-cwnd
[2024-11-02T18:06:02.527135-0600]     1.1875 MB /   0.50 sec =   19.9209 Mbps     0 retrans   1760 KB-cwnd
[2024-11-02T18:06:02.834202-0600]     1.1875 MB /   0.50 sec =   19.9257 Mbps     0 retrans   1760 KB-cwnd
[2024-11-02T18:06:03.391384-0600]     1.3125 MB /   0.50 sec =   22.0197 Mbps     0 retrans   1760 KB-cwnd
[2024-11-02T18:06:03.939317-0600]     1.3125 MB /   0.50 sec =   22.0170 Mbps     0 retrans   1760 KB-cwnd
[2024-11-02T18:06:04.454591-0600]     1.3125 MB /   0.50 sec =   22.0227 Mbps     0 retrans   1760 KB-cwnd
[2024-11-02T18:06:04.984332-0600]     1.1875 MB /   0.50 sec =   19.9238 Mbps     0 retrans   1760 KB-cwnd
[2024-11-02T18:06:05.713982-0600]     1.2500 MB /   0.50 sec =   20.9714 Mbps     0 retrans   1760 KB-cwnd
[2024-11-02T18:06:05.976413-0600]     0.9375 MB /   0.50 sec =   15.7287 Mbps     0 retrans   1760 KB-cwnd
[2024-11-02T18:06:06.626824-0600]     1.1250 MB /   0.50 sec =   18.8737 Mbps     0 retrans   1760 KB-cwnd
[2024-11-02T18:06:06.899311-0600]     1.1250 MB /   0.50 sec =   18.8751 Mbps     0 retrans   1760 KB-cwnd
[2024-11-02T18:06:07.488067-0600]     1.2500 MB /   0.50 sec =   20.9701 Mbps     0 retrans   1760 KB-cwnd
[2024-11-02T18:06:07.839464-0600]     0.9375 MB /   0.50 sec =   15.7295 Mbps     0 retrans   1760 KB-cwnd
[2024-11-02T18:06:08.401566-0600]     1.2500 MB /   0.50 sec =   20.9688 Mbps     0 retrans   1760 KB-cwnd
[2024-11-02T18:06:08.941501-0600]     1.3125 MB /   0.50 sec =   22.0230 Mbps     0 retrans   1760 KB-cwnd
[2024-11-02T18:06:09.552460-0600]     1.1875 MB /   0.50 sec =   19.9224 Mbps     0 retrans   1760 KB-cwnd
[2024-11-02T18:06:09.863578-0600]     1.0625 MB /   0.50 sec =   17.8241 Mbps     0 retrans   1760 KB-cwnd
[2024-11-02T18:06:10.408290-0600]     1.1250 MB /   0.50 sec =   18.8759 Mbps     0 retrans   1760 KB-cwnd
[2024-11-02T18:06:10.839317-0600]     1.5625 MB /   0.50 sec =   26.2151 Mbps     0 retrans   1760 KB-cwnd
[2024-11-02T18:06:11.529616-0600]     1.5000 MB /   0.50 sec =   25.1663 Mbps     0 retrans   1760 KB-cwnd
[2024-11-02T18:06:12.016481-0600]     1.3750 MB /   0.50 sec =   23.0685 Mbps     0 retrans   1760 KB-cwnd
[2024-11-02T18:06:12.446381-0600]     1.5625 MB /   0.50 sec =   26.2136 Mbps     0 retrans   1760 KB-cwnd
[2024-11-02T18:06:12.938709-0600]     1.3750 MB /   0.50 sec =   23.0693 Mbps     0 retrans   1760 KB-cwnd
[2024-11-02T18:06:13.478546-0600]     1.2500 MB /   0.50 sec =   20.9709 Mbps     0 retrans   1760 KB-cwnd
[2024-11-02T18:06:13.827391-0600]     1.1875 MB /   0.50 sec =   19.9234 Mbps     0 retrans   1760 KB-cwnd
[2024-11-02T18:06:14.649660-0600]     0.7500 MB /   0.50 sec =   12.5831 Mbps     0 retrans   1760 KB-cwnd
[2024-11-02T18:06:14.962981-0600]     0.9375 MB /   0.50 sec =   15.7286 Mbps     0 retrans   1760 KB-cwnd
[2024-11-02T18:06:15.604375-0600]     1.0625 MB /   0.50 sec =   17.8252 Mbps     0 retrans   1760 KB-cwnd
[2024-11-02T18:06:15.937928-0600]     1.0625 MB /   0.50 sec =   17.8260 Mbps     0 retrans   1760 KB-cwnd
[2024-11-02T18:06:16.612404-0600]     0.8750 MB /   0.50 sec =   14.6801 Mbps     0 retrans   1760 KB-cwnd
[2024-11-02T18:06:16.900466-0600]     1.1250 MB /   0.50 sec =   18.8742 Mbps     0 retrans   1760 KB-cwnd
[2024-11-02T18:06:17.339483-0600]     0.8750 MB /   0.50 sec =   14.6802 Mbps     0 retrans   1760 KB-cwnd
[2024-11-02T18:06:18.058351-0600]     0.8125 MB /   0.50 sec =   13.6313 Mbps     0 retrans   1760 KB-cwnd
[2024-11-02T18:06:18.463425-0600]     1.0000 MB /   0.50 sec =   16.7774 Mbps     0 retrans   1760 KB-cwnd
[2024-11-02T18:06:19.160370-0600]     1.0000 MB /   0.50 sec =   16.7774 Mbps     0 retrans   1760 KB-cwnd
[2024-11-02T18:06:19.574269-0600]     0.8125 MB /   0.50 sec =   13.6314 Mbps     0 retrans   1760 KB-cwnd
[2024-11-02T18:06:19.922524-0600]     0.9375 MB /   0.50 sec =   15.7279 Mbps     0 retrans   1760 KB-cwnd
[2024-11-02T18:06:20.557121-0600]     1.1250 MB /   0.50 sec =   18.8755 Mbps     0 retrans   1760 KB-cwnd
[2024-11-02T18:06:20.879301-0600]     1.0000 MB /   0.50 sec =   16.7764 Mbps     0 retrans   1760 KB-cwnd
[2024-11-02T18:06:21.705383-0600]     0.7500 MB /   0.50 sec =   12.5827 Mbps     0 retrans   1760 KB-cwnd
[2024-11-02T18:06:22.055368-0600]     0.8750 MB /   0.50 sec =   14.6811 Mbps     0 retrans   1760 KB-cwnd
[2024-11-02T18:06:22.375630-0600]     1.0000 MB /   0.50 sec =   16.7768 Mbps     0 retrans   1760 KB-cwnd
[2024-11-02T18:06:23.153105-0600]     0.9375 MB /   0.50 sec =   15.7276 Mbps     0 retrans   1760 KB-cwnd
[2024-11-02T18:06:23.478791-0600]     0.8750 MB /   0.50 sec =   14.6809 Mbps     0 retrans   1760 KB-cwnd
[2024-11-02T18:06:23.840169-0600]     1.0000 MB /   0.50 sec =   16.7772 Mbps     0 retrans   1760 KB-cwnd
[2024-11-02T18:06:24.439671-0600]     0.5625 MB /   0.50 sec =    9.4373 Mbps     0 retrans   1760 KB-cwnd
[2024-11-02T18:06:25.071861-0600]     0.5625 MB /   0.50 sec =    9.4367 Mbps     0 retrans   1760 KB-cwnd
[2024-11-02T18:06:25.509775-0600]     0.5625 MB /   0.50 sec =    9.4374 Mbps     0 retrans   1760 KB-cwnd
[2024-11-02T18:06:25.943972-0600]     0.8750 MB /   0.50 sec =   14.6805 Mbps     0 retrans   1760 KB-cwnd
[2024-11-02T18:06:26.562532-0600]     0.6250 MB /   0.50 sec =   10.4854 Mbps     0 retrans   1760 KB-cwnd
[2024-11-02T18:06:26.940494-0600]     0.5625 MB /   0.50 sec =    9.4374 Mbps     0 retrans   1760 KB-cwnd
[2024-11-02T18:06:27.324281-0600]     1.0000 MB /   0.50 sec =   16.7771 Mbps     0 retrans   1760 KB-cwnd
[2024-11-02T18:06:28.404688-0600]     0.7500 MB /   0.50 sec =   12.5823 Mbps     0 retrans   1760 KB-cwnd
[2024-11-02T18:06:28.405244-0600]     0.6250 MB /   0.50 sec =   10.4863 Mbps     0 retrans   1760 KB-cwnd
[2024-11-02T18:06:28.837959-0600]     0.6875 MB /   0.50 sec =   11.5339 Mbps     0 retrans   1760 KB-cwnd
[2024-11-02T18:06:29.754422-0600]     0.7500 MB /   0.50 sec =   12.5834 Mbps     0 retrans   1760 KB-cwnd
[2024-11-02T18:06:30.227606-0600]     0.6875 MB /   0.50 sec =   11.5338 Mbps     0 retrans   1760 KB-cwnd
[2024-11-02T18:06:30.615411-0600]     0.7500 MB /   0.50 sec =   12.5832 Mbps     0 retrans   1760 KB-cwnd
[2024-11-02T18:06:30.895150-0600]     1.0625 MB /   0.50 sec =   17.8260 Mbps     0 retrans   1760 KB-cwnd
[2024-11-02T18:06:31.699413-0600]     1.0000 MB /   0.50 sec =   16.7774 Mbps     0 retrans   1760 KB-cwnd
[2024-11-02T18:06:32.030402-0600]     0.6250 MB /   0.50 sec =   10.4843 Mbps     0 retrans   1760 KB-cwnd
[2024-11-02T18:06:32.552322-0600]     1.2500 MB /   0.50 sec =   20.9745 Mbps     0 retrans   1760 KB-cwnd
[2024-11-02T18:06:32.821400-0600]     1.3125 MB /   0.50 sec =   22.0198 Mbps     0 retrans   1760 KB-cwnd
[2024-11-02T18:06:33.438580-0600]     1.2500 MB /   0.50 sec =   20.9720 Mbps     0 retrans   1760 KB-cwnd
[2024-11-02T18:06:34.036424-0600]     0.5625 MB /   0.50 sec =    9.4370 Mbps     0 retrans   1760 KB-cwnd
[2024-11-02T18:06:34.660322-0600]     0.5625 MB /   0.50 sec =    9.4369 Mbps     0 retrans   1760 KB-cwnd
[2024-11-02T18:06:35.358094-0600]     0.5625 MB /   0.50 sec =    9.4376 Mbps     0 retrans   1760 KB-cwnd
[2024-11-02T18:06:35.358632-0600]     0.4375 MB /   0.50 sec =    7.3396 Mbps     0 retrans   1760 KB-cwnd
[2024-11-02T18:06:35.890518-0600]     0.5625 MB /   0.50 sec =    9.4377 Mbps     0 retrans   1760 KB-cwnd
[2024-11-02T18:06:36.358512-0600]     0.7500 MB /   0.50 sec =   12.5819 Mbps     0 retrans   1760 KB-cwnd
[2024-11-02T18:06:37.248183-0600]     0.7500 MB /   0.50 sec =   12.5835 Mbps     0 retrans   1760 KB-cwnd
[2024-11-02T18:06:37.775918-0600]     0.7500 MB /   0.50 sec =   12.5830 Mbps     0 retrans   1760 KB-cwnd
[2024-11-02T18:06:38.420482-0600]     0.5625 MB /   0.50 sec =    9.4371 Mbps     0 retrans   1760 KB-cwnd
[2024-11-02T18:06:38.420999-0600]     0.5625 MB /   0.50 sec =    9.4374 Mbps     0 retrans   1760 KB-cwnd
[2024-11-02T18:06:39.121979-0600]     0.5000 MB /   0.50 sec =    8.3884 Mbps     0 retrans   1760 KB-cwnd
[2024-11-02T18:06:39.924653-0600]     0.4375 MB /   0.50 sec =    7.3403 Mbps     0 retrans   1760 KB-cwnd
[2024-11-02T18:06:39.925126-0600]     0.3750 MB /   0.50 sec =    6.2914 Mbps     0 retrans   1760 KB-cwnd
[2024-11-02T18:06:40.497337-0600]     0.5625 MB /   0.50 sec =    9.4371 Mbps     0 retrans   1760 KB-cwnd
[2024-11-02T18:06:41.161515-0600]     0.5000 MB /   0.50 sec =    8.3887 Mbps     0 retrans   1760 KB-cwnd
[2024-11-02T18:06:41.861111-0600]     0.5625 MB /   0.50 sec =    9.4373 Mbps     0 retrans   1760 KB-cwnd
[2024-11-02T18:06:41.861665-0600]     0.4375 MB /   0.50 sec =    7.3401 Mbps     0 retrans   1760 KB-cwnd
[2024-11-02T18:06:43.203562-0600]     0.3125 MB /   0.50 sec =    5.2430 Mbps     0 retrans   1760 KB-cwnd
[2024-11-02T18:06:43.204166-0600]     0.2500 MB /   0.50 sec =    4.1943 Mbps     0 retrans   1760 KB-cwnd
[2024-11-02T18:06:44.383735-0600]     0.1875 MB /   0.50 sec =    3.1457 Mbps     0 retrans   1760 KB-cwnd
[2024-11-02T18:06:44.384309-0600]     0.2500 MB /   0.50 sec =    4.1943 Mbps     0 retrans   1760 KB-cwnd
[2024-11-02T18:06:44.384545-0600]     0.3125 MB /   0.50 sec =    5.2428 Mbps     0 retrans   1760 KB-cwnd
[2024-11-02T18:06:45.129458-0600]     0.5000 MB /   0.50 sec =    8.3878 Mbps     0 retrans   1760 KB-cwnd
[2024-11-02T18:06:45.767413-0600]     0.3750 MB /   0.50 sec =    6.2922 Mbps     0 retrans   1760 KB-cwnd
[2024-11-02T18:06:46.419904-0600]     0.5625 MB /   0.50 sec =    9.4372 Mbps     0 retrans   1760 KB-cwnd
[2024-11-02T18:06:46.420173-0600]     0.5000 MB /   0.50 sec =    8.3885 Mbps     0 retrans   1760 KB-cwnd
[2024-11-02T18:06:47.082475-0600]     0.4375 MB /   0.50 sec =    7.3399 Mbps     0 retrans   1760 KB-cwnd
[2024-11-02T18:06:47.575294-0600]     0.6875 MB /   0.50 sec =   11.5348 Mbps     0 retrans   1760 KB-cwnd
[2024-11-02T18:06:48.104657-0600]     0.6250 MB /   0.50 sec =   10.4851 Mbps     0 retrans   1760 KB-cwnd
[2024-11-02T18:06:48.675739-0600]     0.6250 MB /   0.50 sec =   10.4862 Mbps     0 retrans   1760 KB-cwnd
[2024-11-02T18:06:49.426910-0600]     0.5000 MB /   0.50 sec =    8.3888 Mbps     0 retrans   1760 KB-cwnd
[2024-11-02T18:06:49.427355-0600]     0.4375 MB /   0.50 sec =    7.3399 Mbps     0 retrans   1760 KB-cwnd
[2024-11-02T18:06:50.062438-0600]     0.5000 MB /   0.50 sec =    8.3885 Mbps     0 retrans   1760 KB-cwnd
[2024-11-02T18:06:50.678636-0600]     0.5625 MB /   0.50 sec =    9.4373 Mbps     0 retrans   1760 KB-cwnd
[2024-11-02T18:06:51.312376-0600]     0.5000 MB /   0.50 sec =    8.3887 Mbps     0 retrans   1760 KB-cwnd
[2024-11-02T18:06:51.312921-0600]     0.5625 MB /   0.50 sec =    9.4355 Mbps     0 retrans   1760 KB-cwnd
[2024-11-02T18:06:51.835439-0600]     0.6250 MB /   0.50 sec =   10.4874 Mbps     0 retrans   1760 KB-cwnd
[2024-11-02T18:06:52.474644-0600]     0.5000 MB /   0.50 sec =    8.3888 Mbps     0 retrans   1760 KB-cwnd
[2024-11-02T18:06:52.980442-0600]     0.6250 MB /   0.50 sec =   10.4859 Mbps     0 retrans   1760 KB-cwnd
[2024-11-02T18:06:53.440498-0600]     0.6875 MB /   0.50 sec =   11.5342 Mbps     0 retrans   1760 KB-cwnd
[2024-11-02T18:06:54.015750-0600]     0.6250 MB /   0.50 sec =   10.4858 Mbps     0 retrans   1760 KB-cwnd
[2024-11-02T18:06:54.543966-0600]     0.6250 MB /   0.50 sec =   10.4856 Mbps     0 retrans   1760 KB-cwnd
[2024-11-02T18:06:54.903424-0600]     0.7500 MB /   0.50 sec =   12.5825 Mbps     0 retrans   1760 KB-cwnd
[2024-11-02T18:06:55.535644-0600]     1.0625 MB /   0.50 sec =   17.8268 Mbps     0 retrans   1760 KB-cwnd
[2024-11-02T18:06:55.943617-0600]     0.9375 MB /   0.50 sec =   15.7271 Mbps     0 retrans   1760 KB-cwnd
[2024-11-02T18:06:56.698603-0600]     0.8750 MB /   0.50 sec =   14.6810 Mbps     0 retrans   1760 KB-cwnd
[2024-11-02T18:06:57.188449-0600]     0.8750 MB /   0.50 sec =   14.6798 Mbps     0 retrans   1760 KB-cwnd
[2024-11-02T18:06:57.836268-0600]     0.6250 MB /   0.50 sec =   10.4864 Mbps     0 retrans   1760 KB-cwnd
[2024-11-02T18:06:57.836760-0600]     0.5625 MB /   0.50 sec =    9.4371 Mbps     0 retrans   1760 KB-cwnd
[2024-11-02T18:06:58.382085-0600]     0.6250 MB /   0.50 sec =   10.4854 Mbps     0 retrans   1760 KB-cwnd
[2024-11-02T18:06:58.914236-0600]     0.6250 MB /   0.50 sec =   10.4859 Mbps     0 retrans   1760 KB-cwnd
[2024-11-02T18:06:59.477711-0600]     0.5625 MB /   0.50 sec =    9.4371 Mbps     0 retrans   1760 KB-cwnd
[2024-11-02T18:06:59.923472-0600]     0.7500 MB /   0.50 sec =   12.5831 Mbps     0 retrans   1760 KB-cwnd
[2024-11-02T18:07:00.359048-0600]     0.6875 MB /   0.50 sec =   11.5343 Mbps     0 retrans   1760 KB-cwnd
[2024-11-02T18:07:01.198860-0600]     0.8750 MB /   0.50 sec =   14.6799 Mbps     0 retrans   1760 KB-cwnd
[2024-11-02T18:07:01.559634-0600]     0.8125 MB /   0.50 sec =   13.6318 Mbps     0 retrans   1760 KB-cwnd
[2024-11-02T18:07:01.962380-0600]     0.9375 MB /   0.50 sec =   15.7282 Mbps     0 retrans   1760 KB-cwnd
[2024-11-02T18:07:02.368374-0600]     0.8125 MB /   0.50 sec =   13.6316 Mbps     0 retrans   1760 KB-cwnd
[2024-11-02T18:07:03.193892-0600]     0.8125 MB /   0.50 sec =   13.6316 Mbps     0 retrans   1760 KB-cwnd
[2024-11-02T18:07:03.476792-0600]     1.0625 MB /   0.50 sec =   17.8259 Mbps     0 retrans   1760 KB-cwnd
[2024-11-02T18:07:03.856124-0600]     1.0625 MB /   0.50 sec =   17.8255 Mbps     0 retrans   1760 KB-cwnd
[2024-11-02T18:07:04.493556-0600]     1.0000 MB /   0.50 sec =   16.7764 Mbps     0 retrans   1760 KB-cwnd
[2024-11-02T18:07:05.013285-0600]     1.2500 MB /   0.50 sec =   20.9721 Mbps     0 retrans   1760 KB-cwnd
[2024-11-02T18:07:05.573763-0600]     1.2500 MB /   0.50 sec =   20.9709 Mbps     0 retrans   1760 KB-cwnd
[2024-11-02T18:07:05.892375-0600]     1.1250 MB /   0.50 sec =   18.8753 Mbps     0 retrans   1760 KB-cwnd
[2024-11-02T18:07:06.463252-0600]     1.1250 MB /   0.50 sec =   18.8739 Mbps     0 retrans   1760 KB-cwnd
[2024-11-02T18:07:07.078473-0600]     1.0625 MB /   0.50 sec =   17.8267 Mbps     0 retrans   1760 KB-cwnd
[2024-11-02T18:07:07.377627-0600]     1.1250 MB /   0.50 sec =   18.8744 Mbps     0 retrans   1760 KB-cwnd
[2024-11-02T18:07:08.017438-0600]     1.1250 MB /   0.50 sec =   18.8741 Mbps     0 retrans   1760 KB-cwnd
[2024-11-02T18:07:08.448585-0600]     0.7500 MB /   0.50 sec =   12.5828 Mbps     0 retrans   1760 KB-cwnd
[2024-11-02T18:07:09.134220-0600]     1.0625 MB /   0.50 sec =   17.8240 Mbps     0 retrans   1760 KB-cwnd
[2024-11-02T18:07:09.431550-0600]     1.0000 MB /   0.50 sec =   16.7789 Mbps     0 retrans   1760 KB-cwnd
[2024-11-02T18:07:09.974058-0600]     1.1875 MB /   0.50 sec =   19.9233 Mbps     0 retrans   1760 KB-cwnd
[2024-11-02T18:07:10.557729-0600]     1.3125 MB /   0.50 sec =   22.0200 Mbps     0 retrans   1760 KB-cwnd
[2024-11-02T18:07:10.847552-0600]     1.0625 MB /   0.50 sec =   17.8260 Mbps     0 retrans   1760 KB-cwnd
[2024-11-02T18:07:11.434678-0600]     1.1250 MB /   0.50 sec =   18.8737 Mbps     0 retrans   1760 KB-cwnd
[2024-11-02T18:07:11.981412-0600]     1.1875 MB /   0.50 sec =   19.9234 Mbps     0 retrans   1760 KB-cwnd
[2024-11-02T18:07:12.533559-0600]     1.3125 MB /   0.50 sec =   22.0201 Mbps     0 retrans   1760 KB-cwnd
[2024-11-02T18:07:12.830907-0600]     1.1250 MB /   0.50 sec =   18.8706 Mbps     0 retrans   1760 KB-cwnd
[2024-11-02T18:07:13.416645-0600]     1.1250 MB /   0.50 sec =   18.8774 Mbps     0 retrans   1760 KB-cwnd
[2024-11-02T18:07:14.020247-0600]     1.0625 MB /   0.50 sec =   17.8262 Mbps     0 retrans   1760 KB-cwnd
[2024-11-02T18:07:14.406587-0600]     1.0000 MB /   0.50 sec =   16.7740 Mbps     0 retrans   1760 KB-cwnd
[2024-11-02T18:07:15.130491-0600]     0.8750 MB /   0.50 sec =   14.6826 Mbps     0 retrans   1760 KB-cwnd
[2024-11-02T18:07:15.452799-0600]     0.9375 MB /   0.50 sec =   15.7290 Mbps     0 retrans   1760 KB-cwnd
[2024-11-02T18:07:16.041244-0600]     1.1875 MB /   0.50 sec =   19.9221 Mbps     0 retrans   1760 KB-cwnd
[2024-11-02T18:07:16.513713-0600]     1.2500 MB /   0.50 sec =   20.9723 Mbps     0 retrans   1760 KB-cwnd
[2024-11-02T18:07:16.944557-0600]     1.6250 MB /   0.50 sec =   27.2635 Mbps     0 retrans   1760 KB-cwnd
[2024-11-02T18:07:17.427252-0600]     1.3750 MB /   0.50 sec =   23.0685 Mbps     0 retrans   1760 KB-cwnd
[2024-11-02T18:07:17.890215-0600]     1.5625 MB /   0.50 sec =   26.2137 Mbps     0 retrans   1760 KB-cwnd
[2024-11-02T18:07:18.512669-0600]     1.6250 MB /   0.50 sec =   27.2635 Mbps     0 retrans   1760 KB-cwnd
[2024-11-02T18:07:18.942613-0600]     1.6250 MB /   0.50 sec =   27.2623 Mbps     0 retrans   1760 KB-cwnd
[2024-11-02T18:07:19.385265-0600]     1.5000 MB /   0.50 sec =   25.1650 Mbps     0 retrans   1760 KB-cwnd
[2024-11-02T18:07:19.987752-0600]     1.6875 MB /   0.50 sec =   28.3135 Mbps     0 retrans   1760 KB-cwnd
[2024-11-02T18:07:20.386763-0600]     1.6875 MB /   0.50 sec =   28.3108 Mbps     0 retrans   1760 KB-cwnd
[2024-11-02T18:07:20.921937-0600]     1.3750 MB /   0.50 sec =   23.0689 Mbps     0 retrans   1760 KB-cwnd
[2024-11-02T18:07:21.386416-0600]     1.5000 MB /   0.50 sec =   25.1664 Mbps     0 retrans   1760 KB-cwnd
[2024-11-02T18:07:21.978565-0600]     1.6250 MB /   0.50 sec =   27.2629 Mbps     0 retrans   1760 KB-cwnd
[2024-11-02T18:07:22.396476-0600]     1.6250 MB /   0.50 sec =   27.2624 Mbps     0 retrans   1760 KB-cwnd
[2024-11-02T18:07:22.925337-0600]     1.5000 MB /   0.50 sec =   25.1665 Mbps     0 retrans   1760 KB-cwnd
[2024-11-02T18:07:23.500606-0600]     1.1250 MB /   0.50 sec =   18.8740 Mbps     0 retrans   1760 KB-cwnd
[2024-11-02T18:07:23.987574-0600]     1.4375 MB /   0.50 sec =   24.1173 Mbps     0 retrans   1760 KB-cwnd
[2024-11-02T18:07:24.427700-0600]     1.5000 MB /   0.50 sec =   25.1646 Mbps     0 retrans   1760 KB-cwnd
[2024-11-02T18:07:24.914630-0600]     1.3750 MB /   0.50 sec =   23.0701 Mbps     0 retrans   1760 KB-cwnd
[2024-11-02T18:07:25.433652-0600]     1.3750 MB /   0.50 sec =   23.0686 Mbps     0 retrans   1760 KB-cwnd
[2024-11-02T18:07:25.974736-0600]     1.3125 MB /   0.50 sec =   22.0200 Mbps     0 retrans   1760 KB-cwnd
[2024-11-02T18:07:26.544865-0600]     1.1875 MB /   0.50 sec =   19.9231 Mbps     0 retrans   1760 KB-cwnd
[2024-11-02T18:07:26.832217-0600]     1.1875 MB /   0.50 sec =   19.9218 Mbps     0 retrans   1760 KB-cwnd
[2024-11-02T18:07:27.490703-0600]     0.9375 MB /   0.50 sec =   15.7298 Mbps     0 retrans   1760 KB-cwnd
[2024-11-02T18:07:27.924237-0600]     0.8750 MB /   0.50 sec =   14.6796 Mbps     0 retrans   1760 KB-cwnd
[2024-11-02T18:07:28.478612-0600]     0.6875 MB /   0.50 sec =   11.5338 Mbps     0 retrans   1760 KB-cwnd
[2024-11-02T18:07:28.920293-0600]     0.6875 MB /   0.50 sec =   11.5348 Mbps     0 retrans   1760 KB-cwnd
[2024-11-02T18:07:29.907254-0600]     0.8125 MB /   0.50 sec =   13.6318 Mbps     0 retrans   1760 KB-cwnd
[2024-11-02T18:07:29.907753-0600]     0.5000 MB /   0.50 sec =    8.3886 Mbps     0 retrans   1760 KB-cwnd
[2024-11-02T18:07:30.352896-0600]     0.7500 MB /   0.50 sec =   12.5825 Mbps     0 retrans   1760 KB-cwnd
[2024-11-02T18:07:31.053781-0600]     0.8125 MB /   0.50 sec =   13.6316 Mbps     0 retrans   1760 KB-cwnd
[2024-11-02T18:07:31.362395-0600]     1.1250 MB /   0.50 sec =   18.8744 Mbps     0 retrans   1760 KB-cwnd
[2024-11-02T18:07:32.001340-0600]     1.1250 MB /   0.50 sec =   18.8749 Mbps     0 retrans   1760 KB-cwnd
[2024-11-02T18:07:32.396337-0600]     0.8125 MB /   0.50 sec =   13.6304 Mbps     0 retrans   1760 KB-cwnd
[2024-11-02T18:07:32.821409-0600]     0.8125 MB /   0.50 sec =   13.6320 Mbps     0 retrans   1760 KB-cwnd
[2024-11-02T18:07:33.588650-0600]     0.8750 MB /   0.50 sec =   14.6802 Mbps     0 retrans   1760 KB-cwnd
[2024-11-02T18:07:33.851550-0600]     1.0625 MB /   0.50 sec =   17.8263 Mbps     0 retrans   1760 KB-cwnd
[2024-11-02T18:07:34.390705-0600]     1.1875 MB /   0.50 sec =   19.9227 Mbps     0 retrans   1760 KB-cwnd
[2024-11-02T18:07:34.972316-0600]     1.2500 MB /   0.50 sec =   20.9715 Mbps     0 retrans   1760 KB-cwnd
[2024-11-02T18:07:35.647589-0600]     1.0625 MB /   0.50 sec =   17.8259 Mbps     0 retrans   1760 KB-cwnd
[2024-11-02T18:07:36.036204-0600]     0.8125 MB /   0.50 sec =   13.6309 Mbps     0 retrans   1760 KB-cwnd
[2024-11-02T18:07:36.388541-0600]     1.0000 MB /   0.50 sec =   16.7779 Mbps     0 retrans   1760 KB-cwnd
[2024-11-02T18:07:37.102303-0600]     0.8125 MB /   0.50 sec =   13.6302 Mbps     0 retrans   1760 KB-cwnd
[2024-11-02T18:07:37.376328-0600]     1.1875 MB /   0.50 sec =   19.9246 Mbps     0 retrans   1760 KB-cwnd
[2024-11-02T18:07:38.007178-0600]     1.0000 MB /   0.50 sec =   16.7771 Mbps     0 retrans   1760 KB-cwnd
[2024-11-02T18:07:38.690533-0600]     1.1250 MB /   0.50 sec =   18.8743 Mbps     0 retrans   1760 KB-cwnd
[2024-11-02T18:07:38.962652-0600]     1.0000 MB /   0.50 sec =   16.7779 Mbps     0 retrans   1760 KB-cwnd
[2024-11-02T18:07:39.313898-0600]     1.0625 MB /   0.50 sec =   17.8229 Mbps     0 retrans   1760 KB-cwnd
[2024-11-02T18:07:39.813424-0600]     0.8125 MB /   0.50 sec =   13.6331 Mbps     0 retrans   1760 KB-cwnd
End time: 1730592459930
