Start time: 1731083557027
[2024-11-08T11:32:37.806735-0500] nuttcp-r: v8.1.4: socket
[2024-11-08T11:32:37.807093-0500] nuttcp-r: buflen=65536, nstream=1, port=5103 tcp
[2024-11-08T11:32:37.807140-0500] nuttcp-r: interval reporting every 0.50 seconds
[2024-11-08T11:32:37.807174-0500] nuttcp-r: connect to 54.197.223.49 with RTT=30.059 ms af=inet
[2024-11-08T11:32:37.807207-0500] nuttcp-r: send window size = 1048576, receive window size = 1048576
[2024-11-08T11:32:37.807239-0500] nuttcp-r: available send window = 786432, available receive window = 786432
[2024-11-08T11:32:37.807270-0500]     2.7500 MB /   0.50 sec =   46.1339 Mbps     0 retrans     14 KB-cwnd
[2024-11-08T11:32:38.307760-0500]     8.0625 MB /   0.50 sec =  135.1312 Mbps     0 retrans     14 KB-cwnd
[2024-11-08T11:32:38.807823-0500]     8.8750 MB /   0.50 sec =  148.9008 Mbps     0 retrans     14 KB-cwnd
[2024-11-08T11:32:39.306991-0500]    10.1875 MB /   0.50 sec =  171.0808 Mbps     0 retrans     14 KB-cwnd
[2024-11-08T11:32:39.807611-0500]     9.6250 MB /   0.50 sec =  161.3416 Mbps     0 retrans     14 KB-cwnd
[2024-11-08T11:32:40.306854-0500]     6.7500 MB /   0.50 sec =  113.3364 Mbps     0 retrans     14 KB-cwnd
[2024-11-08T11:32:40.806731-0500]     7.4375 MB /   0.50 sec =  124.7888 Mbps     0 retrans     14 KB-cwnd
[2024-11-08T11:32:41.306889-0500]     8.5000 MB /   0.50 sec =  142.5941 Mbps     0 retrans     15 KB-cwnd
[2024-11-08T11:32:41.806857-0500]    10.1875 MB /   0.50 sec =  170.9268 Mbps     0 retrans     28 KB-cwnd
[2024-11-08T11:32:42.306792-0500]     6.6250 MB /   0.50 sec =  111.1506 Mbps     0 retrans     28 KB-cwnd
[2024-11-08T11:32:42.806711-0500]    13.6250 MB /   0.50 sec =  228.6042 Mbps     0 retrans     28 KB-cwnd
[2024-11-08T11:32:43.307506-0500]    14.7500 MB /   0.50 sec =  247.0676 Mbps     0 retrans     32 KB-cwnd
[2024-11-08T11:32:43.806914-0500]    15.3750 MB /   0.50 sec =  258.3507 Mbps     0 retrans     32 KB-cwnd
[2024-11-08T11:32:44.307387-0500]    14.3125 MB /   0.50 sec =  240.0927 Mbps     0 retrans     38 KB-cwnd
[2024-11-08T11:32:44.806833-0500]    12.7500 MB /   0.50 sec =  213.9326 Mbps     0 retrans     38 KB-cwnd
[2024-11-08T11:32:45.306891-0500]    13.3125 MB /   0.50 sec =  223.3489 Mbps     0 retrans     38 KB-cwnd
[2024-11-08T11:32:45.806928-0500]    12.1250 MB /   0.50 sec =  203.4189 Mbps     0 retrans     38 KB-cwnd
[2024-11-08T11:32:46.307348-0500]    13.5625 MB /   0.50 sec =  227.3400 Mbps     0 retrans     55 KB-cwnd
[2024-11-08T11:32:46.807031-0500]    13.7500 MB /   0.50 sec =  230.8954 Mbps     0 retrans     55 KB-cwnd
[2024-11-08T11:32:47.306889-0500]    12.8750 MB /   0.50 sec =  215.9954 Mbps     0 retrans     57 KB-cwnd
[2024-11-08T11:32:47.806866-0500]    14.0625 MB /   0.50 sec =  235.9390 Mbps     0 retrans     57 KB-cwnd
[2024-11-08T11:32:48.306875-0500]     9.3750 MB /   0.50 sec =  157.2848 Mbps     0 retrans     69 KB-cwnd
[2024-11-08T11:32:48.806879-0500]    11.6875 MB /   0.50 sec =  196.0806 Mbps     0 retrans     69 KB-cwnd
[2024-11-08T11:32:49.306844-0500]     9.8750 MB /   0.50 sec =  165.6806 Mbps     0 retrans     77 KB-cwnd
[2024-11-08T11:32:49.806804-0500]    15.5000 MB /   0.50 sec =  260.0531 Mbps     0 retrans     77 KB-cwnd
[2024-11-08T11:32:50.306878-0500]    14.8750 MB /   0.50 sec =  249.5441 Mbps     0 retrans     77 KB-cwnd
[2024-11-08T11:32:50.806900-0500]    15.3750 MB /   0.50 sec =  257.9528 Mbps     0 retrans     77 KB-cwnd
[2024-11-08T11:32:51.307579-0500]    15.4375 MB /   0.50 sec =  258.8368 Mbps     0 retrans     77 KB-cwnd
[2024-11-08T11:32:51.808058-0500]    14.0625 MB /   0.50 sec =  235.7966 Mbps     0 retrans     77 KB-cwnd
[2024-11-08T11:32:52.306885-0500]    11.0000 MB /   0.50 sec =  184.7441 Mbps     0 retrans     84 KB-cwnd
[2024-11-08T11:32:52.807220-0500]    13.5625 MB /   0.50 sec =  227.4114 Mbps     0 retrans     84 KB-cwnd
[2024-11-08T11:32:53.306748-0500]    16.1250 MB /   0.50 sec =  270.7465 Mbps     0 retrans     84 KB-cwnd
[2024-11-08T11:32:53.807477-0500]    15.8125 MB /   0.50 sec =  265.2669 Mbps     0 retrans     87 KB-cwnd
[2024-11-08T11:32:54.308048-0500]    12.8750 MB /   0.50 sec =  215.7870 Mbps     0 retrans     87 KB-cwnd
[2024-11-08T11:32:54.806860-0500]    14.7500 MB /   0.50 sec =  247.7116 Mbps    63 retrans   2864 KB-cwnd
[2024-11-08T11:32:55.306813-0500]    16.3125 MB /   0.50 sec =  273.7079 Mbps     0 retrans   2864 KB-cwnd
[2024-11-08T11:32:55.809185-0500]    11.0000 MB /   0.50 sec =  183.8874 Mbps     0 retrans   2864 KB-cwnd
[2024-11-08T11:32:56.306830-0500]    13.3125 MB /   0.50 sec =  224.1280 Mbps     0 retrans   2864 KB-cwnd
[2024-11-08T11:32:56.806734-0500]    15.9375 MB /   0.50 sec =  267.4163 Mbps     0 retrans   2864 KB-cwnd
[2024-11-08T11:32:57.307297-0500]     6.8125 MB /   0.50 sec =  114.1916 Mbps     0 retrans   2649 KB-cwnd
[2024-11-08T11:32:57.806869-0500]    14.5625 MB /   0.50 sec =  244.5217 Mbps     0 retrans   2649 KB-cwnd
[2024-11-08T11:32:58.307329-0500]    15.5625 MB /   0.50 sec =  261.1033 Mbps     0 retrans   2649 KB-cwnd
[2024-11-08T11:32:58.807169-0500]     3.3125 MB /   0.50 sec =   55.5765 Mbps     0 retrans   2675 KB-cwnd
[2024-11-08T11:32:59.306845-0500]     7.0625 MB /   0.50 sec =  118.4851 Mbps     0 retrans   2675 KB-cwnd
[2024-11-08T11:32:59.806854-0500]     9.0625 MB /   0.50 sec =  152.0384 Mbps     0 retrans   2675 KB-cwnd
[2024-11-08T11:33:00.306790-0500]    11.0000 MB /   0.50 sec =  184.5645 Mbps     0 retrans   2675 KB-cwnd
[2024-11-08T11:33:00.806899-0500]    12.6875 MB /   0.50 sec =  212.8337 Mbps     0 retrans   2675 KB-cwnd
[2024-11-08T11:33:01.307316-0500]    14.7500 MB /   0.50 sec =  247.2612 Mbps    14 retrans   3854 KB-cwnd
[2024-11-08T11:33:01.806903-0500]    15.1875 MB /   0.50 sec =  255.0075 Mbps     0 retrans   3854 KB-cwnd
[2024-11-08T11:33:02.308543-0500]    13.0000 MB /   0.50 sec =  217.4306 Mbps     0 retrans   3854 KB-cwnd
[2024-11-08T11:33:02.808202-0500]    13.6875 MB /   0.50 sec =  229.7884 Mbps     0 retrans   3798 KB-cwnd
[2024-11-08T11:33:03.306890-0500]    14.6250 MB /   0.50 sec =  245.9862 Mbps     0 retrans   3798 KB-cwnd
[2024-11-08T11:33:03.807830-0500]    15.4375 MB /   0.50 sec =  258.7101 Mbps   923 retrans   3571 KB-cwnd
[2024-11-08T11:33:04.307731-0500]    15.7500 MB /   0.50 sec =  264.3152 Mbps     0 retrans   3571 KB-cwnd
[2024-11-08T11:33:04.807106-0500]    10.0000 MB /   0.50 sec =  167.9189 Mbps     0 retrans   3571 KB-cwnd
[2024-11-08T11:33:05.306868-0500]    14.7500 MB /   0.50 sec =  247.4540 Mbps     0 retrans   3571 KB-cwnd
[2024-11-08T11:33:05.806841-0500]    15.4375 MB /   0.50 sec =  259.0009 Mbps     0 retrans   3571 KB-cwnd
[2024-11-08T11:33:06.307307-0500]    14.2500 MB /   0.50 sec =  239.0696 Mbps    11 retrans   3433 KB-cwnd
[2024-11-08T11:33:06.807323-0500]    13.6250 MB /   0.50 sec =  228.3877 Mbps     0 retrans   3433 KB-cwnd
[2024-11-08T11:33:07.307377-0500]     9.8125 MB /   0.50 sec =  164.6166 Mbps     0 retrans   3379 KB-cwnd
[2024-11-08T11:33:07.807335-0500]    12.5625 MB /   0.50 sec =  210.9684 Mbps     0 retrans   3379 KB-cwnd
[2024-11-08T11:33:08.306930-0500]    13.8125 MB /   0.50 sec =  231.6982 Mbps     0 retrans   3379 KB-cwnd
[2024-11-08T11:33:08.806893-0500]    10.5000 MB /   0.50 sec =  176.1784 Mbps     0 retrans   3405 KB-cwnd
[2024-11-08T11:33:09.306797-0500]     7.5625 MB /   0.50 sec =  126.8937 Mbps     2 retrans   3744 KB-cwnd
[2024-11-08T11:33:09.807194-0500]    14.1875 MB /   0.50 sec =  238.0120 Mbps     0 retrans   3744 KB-cwnd
[2024-11-08T11:33:10.306872-0500]    14.3750 MB /   0.50 sec =  241.1696 Mbps     0 retrans   3744 KB-cwnd
[2024-11-08T11:33:10.806876-0500]    13.0000 MB /   0.50 sec =  218.0894 Mbps     0 retrans   3744 KB-cwnd
[2024-11-08T11:33:11.307303-0500]     3.6875 MB /   0.50 sec =   61.8150 Mbps     0 retrans   3744 KB-cwnd
[2024-11-08T11:33:11.806842-0500]     9.4375 MB /   0.50 sec =  158.4744 Mbps     0 retrans   3744 KB-cwnd
[2024-11-08T11:33:12.306857-0500]     8.3750 MB /   0.50 sec =  140.5134 Mbps     0 retrans   3744 KB-cwnd
[2024-11-08T11:33:12.806899-0500]    10.4375 MB /   0.50 sec =  175.1034 Mbps     2 retrans   3820 KB-cwnd
[2024-11-08T11:33:13.306800-0500]    11.5000 MB /   0.50 sec =  192.9542 Mbps     0 retrans   3820 KB-cwnd
[2024-11-08T11:33:13.808558-0500]     8.7500 MB /   0.50 sec =  146.4121 Mbps     0 retrans   3809 KB-cwnd
[2024-11-08T11:33:14.306801-0500]    12.1875 MB /   0.50 sec =  205.0115 Mbps     0 retrans   3809 KB-cwnd
[2024-11-08T11:33:14.806835-0500]    13.5000 MB /   0.50 sec =  226.4693 Mbps     0 retrans   3809 KB-cwnd
[2024-11-08T11:33:15.306736-0500]    13.5625 MB /   0.50 sec =  227.5697 Mbps     0 retrans   3809 KB-cwnd
[2024-11-08T11:33:15.807124-0500]    12.8125 MB /   0.50 sec =  214.9396 Mbps   179 retrans   2573 KB-cwnd
[2024-11-08T11:33:16.306779-0500]    10.4375 MB /   0.50 sec =  175.1280 Mbps     0 retrans   2586 KB-cwnd
[2024-11-08T11:33:16.808629-0500]    13.0625 MB /   0.50 sec =  218.3937 Mbps     0 retrans   2757 KB-cwnd
[2024-11-08T11:33:17.306874-0500]    15.8125 MB /   0.50 sec =  266.1953 Mbps     0 retrans   2828 KB-cwnd
[2024-11-08T11:33:17.806866-0500]    13.6250 MB /   0.50 sec =  228.5928 Mbps     0 retrans   2828 KB-cwnd
[2024-11-08T11:33:18.307318-0500]    11.1250 MB /   0.50 sec =  186.6540 Mbps     0 retrans   2828 KB-cwnd
[2024-11-08T11:33:18.808889-0500]     1.8125 MB /   0.50 sec =   30.2897 Mbps   195 retrans   2703 KB-cwnd
[2024-11-08T11:33:19.306978-0500]     0.0000 MB /   0.50 sec =    0.0000 Mbps     0 retrans   2703 KB-cwnd
[2024-11-08T11:33:19.809835-0500]     0.0000 MB /   0.50 sec =    0.0000 Mbps     0 retrans   2703 KB-cwnd
[2024-11-08T11:33:20.308394-0500]     0.0000 MB /   0.50 sec =    0.0000 Mbps     0 retrans   2703 KB-cwnd
[2024-11-08T11:33:20.807311-0500]     0.0000 MB /   0.50 sec =    0.0000 Mbps     0 retrans   2703 KB-cwnd
[2024-11-08T11:33:21.306901-0500]     0.5000 MB /   0.50 sec =    8.3913 Mbps     0 retrans   2703 KB-cwnd
[2024-11-08T11:33:21.806837-0500]     2.0000 MB /   0.50 sec =   33.5580 Mbps     0 retrans   2703 KB-cwnd
[2024-11-08T11:33:22.306882-0500]     0.0000 MB /   0.50 sec =    0.0000 Mbps     0 retrans   2703 KB-cwnd
[2024-11-08T11:33:22.807318-0500]     2.6875 MB /   0.50 sec =   45.0861 Mbps     0 retrans   2703 KB-cwnd
[2024-11-08T11:33:23.307248-0500]     1.6250 MB /   0.50 sec =   27.2661 Mbps     0 retrans   2703 KB-cwnd
[2024-11-08T11:33:23.807292-0500]     1.7500 MB /   0.50 sec =   29.3578 Mbps     0 retrans   2703 KB-cwnd
[2024-11-08T11:33:24.307763-0500]     0.2500 MB /   0.50 sec =    4.1915 Mbps     0 retrans   2703 KB-cwnd
[2024-11-08T11:33:24.807314-0500]     1.0000 MB /   0.50 sec =   16.7718 Mbps     0 retrans   2703 KB-cwnd
[2024-11-08T11:33:25.306856-0500]     1.8750 MB /   0.50 sec =   31.4859 Mbps     0 retrans   2703 KB-cwnd
[2024-11-08T11:33:25.809001-0500]     1.5625 MB /   0.50 sec =   26.1333 Mbps     0 retrans   2703 KB-cwnd
[2024-11-08T11:33:26.306974-0500]     1.1250 MB /   0.50 sec =   18.9322 Mbps     0 retrans   2703 KB-cwnd
[2024-11-08T11:33:26.806894-0500]     2.1875 MB /   0.50 sec =   36.7030 Mbps     0 retrans   2703 KB-cwnd
[2024-11-08T11:33:27.307792-0500]     1.1875 MB /   0.50 sec =   19.8890 Mbps     0 retrans   2703 KB-cwnd
[2024-11-08T11:33:27.807819-0500]     1.9375 MB /   0.50 sec =   32.5325 Mbps     0 retrans   2703 KB-cwnd
[2024-11-08T11:33:28.306874-0500]     2.4375 MB /   0.50 sec =   40.9334 Mbps     0 retrans   2703 KB-cwnd
[2024-11-08T11:33:28.806840-0500]     3.1875 MB /   0.50 sec =   53.4760 Mbps     0 retrans   2703 KB-cwnd
[2024-11-08T11:33:29.307738-0500]     3.7500 MB /   0.50 sec =   62.8655 Mbps     0 retrans   2703 KB-cwnd
[2024-11-08T11:33:29.807174-0500]     4.4375 MB /   0.50 sec =   74.5030 Mbps     0 retrans   2703 KB-cwnd
[2024-11-08T11:33:30.307293-0500]     5.8125 MB /   0.50 sec =   97.4400 Mbps     0 retrans   2703 KB-cwnd
[2024-11-08T11:33:30.807824-0500]     7.5000 MB /   0.50 sec =  125.8243 Mbps     0 retrans   2703 KB-cwnd
[2024-11-08T11:33:31.307784-0500]     8.5000 MB /   0.50 sec =  142.6169 Mbps     0 retrans   2703 KB-cwnd
[2024-11-08T11:33:31.807312-0500]    10.3125 MB /   0.50 sec =  173.0064 Mbps     0 retrans   2703 KB-cwnd
[2024-11-08T11:33:32.308657-0500]    10.6250 MB /   0.50 sec =  177.9948 Mbps     7 retrans   1571 KB-cwnd
[2024-11-08T11:33:32.807408-0500]    12.6875 MB /   0.50 sec =  213.3619 Mbps     1 retrans   1810 KB-cwnd
[2024-11-08T11:33:33.306889-0500]     6.0625 MB /   0.50 sec =  101.7121 Mbps     0 retrans   1856 KB-cwnd
[2024-11-08T11:33:33.807038-0500]     6.7500 MB /   0.50 sec =  113.2254 Mbps     0 retrans   1856 KB-cwnd
[2024-11-08T11:33:34.306875-0500]     4.5000 MB /   0.50 sec =   75.5040 Mbps     0 retrans   1856 KB-cwnd
[2024-11-08T11:33:34.807294-0500]     6.0625 MB /   0.50 sec =  101.6328 Mbps     0 retrans   1856 KB-cwnd
[2024-11-08T11:33:35.306817-0500]     7.5625 MB /   0.50 sec =  126.9877 Mbps     0 retrans   1856 KB-cwnd
[2024-11-08T11:33:35.806866-0500]    10.5625 MB /   0.50 sec =  177.2203 Mbps     0 retrans   1938 KB-cwnd
[2024-11-08T11:33:36.307646-0500]     9.3750 MB /   0.50 sec =  157.1814 Mbps     0 retrans   1938 KB-cwnd
[2024-11-08T11:33:36.808188-0500]    11.7500 MB /   0.50 sec =  197.0901 Mbps   341 retrans    438 KB-cwnd
[2024-11-08T11:33:37.306836-0500]    10.3750 MB /   0.50 sec =  174.2197 Mbps     0 retrans    438 KB-cwnd
[2024-11-08T11:33:37.807763-0500]    12.6250 MB /   0.50 sec =  211.5898 Mbps     4 retrans    600 KB-cwnd
[2024-11-08T11:33:38.306784-0500]     9.5000 MB /   0.50 sec =  159.5415 Mbps     0 retrans    600 KB-cwnd
[2024-11-08T11:33:38.807606-0500]     5.0000 MB /   0.50 sec =   83.8594 Mbps    46 retrans    600 KB-cwnd
[2024-11-08T11:33:39.307491-0500]    12.7500 MB /   0.50 sec =  213.9707 Mbps   106 retrans    708 KB-cwnd
[2024-11-08T11:33:39.806881-0500]    13.4375 MB /   0.50 sec =  225.4465 Mbps  2072 retrans   2632 KB-cwnd
[2024-11-08T11:33:40.307237-0500]    14.5625 MB /   0.50 sec =  244.3275 Mbps     0 retrans   2847 KB-cwnd
[2024-11-08T11:33:40.807975-0500]    14.0625 MB /   0.50 sec =  235.6770 Mbps     0 retrans   2847 KB-cwnd
[2024-11-08T11:33:41.307963-0500]    14.0000 MB /   0.50 sec =  234.9036 Mbps     0 retrans   2847 KB-cwnd
[2024-11-08T11:33:41.807337-0500]    14.6875 MB /   0.50 sec =  246.6536 Mbps     0 retrans   2847 KB-cwnd
[2024-11-08T11:33:42.307308-0500]    10.5625 MB /   0.50 sec =  177.2076 Mbps  3489 retrans   2596 KB-cwnd
[2024-11-08T11:33:42.806849-0500]    16.5000 MB /   0.50 sec =  276.8290 Mbps     0 retrans   2596 KB-cwnd
[2024-11-08T11:33:43.307927-0500]    15.3125 MB /   0.50 sec =  256.6537 Mbps     0 retrans   2596 KB-cwnd
[2024-11-08T11:33:43.806919-0500]    15.6250 MB /   0.50 sec =  262.3686 Mbps     0 retrans   2596 KB-cwnd
[2024-11-08T11:33:44.307381-0500]    15.7500 MB /   0.50 sec =  264.0225 Mbps     0 retrans   2596 KB-cwnd
[2024-11-08T11:33:44.806758-0500]    16.5625 MB /   0.50 sec =  278.1458 Mbps     2 retrans   3487 KB-cwnd
[2024-11-08T11:33:45.307386-0500]    17.3125 MB /   0.50 sec =  290.4283 Mbps     0 retrans   3037 KB-cwnd
[2024-11-08T11:33:45.807334-0500]    17.2500 MB /   0.50 sec =  289.4145 Mbps     0 retrans   3037 KB-cwnd
[2024-11-08T11:33:46.307873-0500]    17.2500 MB /   0.50 sec =  289.1450 Mbps     0 retrans   3037 KB-cwnd
[2024-11-08T11:33:46.807078-0500]    17.6250 MB /   0.50 sec =  295.9855 Mbps     7 retrans   3614 KB-cwnd
[2024-11-08T11:33:47.306924-0500]    18.1250 MB /   0.50 sec =  304.0433 Mbps     0 retrans   3642 KB-cwnd
[2024-11-08T11:33:47.807168-0500]    15.4375 MB /   0.50 sec =  258.8362 Mbps     0 retrans   3642 KB-cwnd
[2024-11-08T11:33:48.307036-0500]    15.9375 MB /   0.50 sec =  267.5137 Mbps     0 retrans   3668 KB-cwnd
[2024-11-08T11:33:48.807311-0500]    16.7500 MB /   0.50 sec =  281.0864 Mbps     5 retrans   3849 KB-cwnd
[2024-11-08T11:33:49.307370-0500]    17.0000 MB /   0.50 sec =  285.2212 Mbps     0 retrans   3849 KB-cwnd
[2024-11-08T11:33:49.807829-0500]    16.0625 MB /   0.50 sec =  269.1998 Mbps     0 retrans   3849 KB-cwnd
[2024-11-08T11:33:50.307994-0500]    17.1875 MB /   0.50 sec =  288.3740 Mbps     0 retrans   3849 KB-cwnd
[2024-11-08T11:33:50.807196-0500]    16.3750 MB /   0.50 sec =  275.0036 Mbps     0 retrans   3849 KB-cwnd
[2024-11-08T11:33:51.308212-0500]    16.3750 MB /   0.50 sec =  274.2793 Mbps     0 retrans   4556 KB-cwnd
[2024-11-08T11:33:51.806725-0500]     8.1250 MB /   0.50 sec =  136.5435 Mbps     0 retrans   4556 KB-cwnd
[2024-11-08T11:33:52.306897-0500]    15.6250 MB /   0.50 sec =  262.1241 Mbps     0 retrans   4556 KB-cwnd
[2024-11-08T11:33:52.806865-0500]    15.1250 MB /   0.50 sec =  253.7564 Mbps     0 retrans   4459 KB-cwnd
[2024-11-08T11:33:53.307386-0500]    15.5000 MB /   0.50 sec =  259.8078 Mbps     0 retrans   4459 KB-cwnd
[2024-11-08T11:33:53.806773-0500]    14.3750 MB /   0.50 sec =  241.4120 Mbps     2 retrans   4530 KB-cwnd
[2024-11-08T11:33:54.306818-0500]    16.7500 MB /   0.50 sec =  280.9920 Mbps     0 retrans   4530 KB-cwnd
[2024-11-08T11:33:54.806747-0500]    16.5000 MB /   0.50 sec =  276.8385 Mbps     0 retrans   4530 KB-cwnd
[2024-11-08T11:33:55.307471-0500]    15.6250 MB /   0.50 sec =  262.1183 Mbps     0 retrans   4530 KB-cwnd
[2024-11-08T11:33:55.808527-0500]    11.7500 MB /   0.50 sec =  196.5129 Mbps     0 retrans   4530 KB-cwnd
[2024-11-08T11:33:56.309084-0500]     0.0000 MB /   0.50 sec =    0.0000 Mbps     0 retrans   4530 KB-cwnd
[2024-11-08T11:33:56.807880-0500]     0.0000 MB /   0.50 sec =    0.0000 Mbps     0 retrans   4530 KB-cwnd
[2024-11-08T11:33:57.307855-0500]     0.0000 MB /   0.50 sec =    0.0000 Mbps     0 retrans   4530 KB-cwnd
[2024-11-08T11:33:57.806995-0500]     0.0000 MB /   0.50 sec =    0.0000 Mbps     0 retrans   4530 KB-cwnd
[2024-11-08T11:33:58.306834-0500]     7.3125 MB /   0.50 sec =  122.7344 Mbps     2 retrans   3874 KB-cwnd
[2024-11-08T11:33:58.806871-0500]     8.0625 MB /   0.50 sec =  135.2633 Mbps     0 retrans   3874 KB-cwnd
[2024-11-08T11:33:59.306826-0500]    12.4375 MB /   0.50 sec =  208.6754 Mbps     0 retrans   4061 KB-cwnd
[2024-11-08T11:33:59.807211-0500]    13.1250 MB /   0.50 sec =  220.2010 Mbps     0 retrans   4061 KB-cwnd
[2024-11-08T11:34:00.306806-0500]    17.6875 MB /   0.50 sec =  296.7417 Mbps     0 retrans   4061 KB-cwnd
[2024-11-08T11:34:00.807342-0500]    17.1875 MB /   0.50 sec =  288.3330 Mbps     4 retrans   4674 KB-cwnd
[2024-11-08T11:34:01.307184-0500]    18.2500 MB /   0.50 sec =  306.1983 Mbps     0 retrans   4674 KB-cwnd
[2024-11-08T11:34:01.806740-0500]    19.2500 MB /   0.50 sec =  322.9924 Mbps     0 retrans   4800 KB-cwnd
[2024-11-08T11:34:02.307452-0500]    15.0625 MB /   0.50 sec =  252.3984 Mbps     0 retrans   4802 KB-cwnd
[2024-11-08T11:34:02.806875-0500]    17.9375 MB /   0.50 sec =  301.2763 Mbps  1986 retrans   1515 KB-cwnd
[2024-11-08T11:34:03.307375-0500]    17.3750 MB /   0.50 sec =  291.4884 Mbps     0 retrans   1723 KB-cwnd
[2024-11-08T11:34:03.806872-0500]    16.3125 MB /   0.50 sec =  273.7112 Mbps     0 retrans   1723 KB-cwnd
[2024-11-08T11:34:04.306756-0500]    16.8125 MB /   0.50 sec =  282.0754 Mbps     0 retrans   1764 KB-cwnd
[2024-11-08T11:34:04.807821-0500]    18.3125 MB /   0.50 sec =  306.9878 Mbps     0 retrans   2000 KB-cwnd
[2024-11-08T11:34:05.307359-0500]    19.8750 MB /   0.50 sec =  333.3905 Mbps  1363 retrans   1668 KB-cwnd
[2024-11-08T11:34:05.807794-0500]    21.1875 MB /   0.50 sec =  355.4289 Mbps     0 retrans   1668 KB-cwnd
[2024-11-08T11:34:06.309308-0500]    20.3750 MB /   0.50 sec =  341.1249 Mbps     0 retrans   1668 KB-cwnd
[2024-11-08T11:34:06.806844-0500]    18.5625 MB /   0.50 sec =  312.4043 Mbps    26 retrans   4341 KB-cwnd
[2024-11-08T11:34:07.307872-0500]    16.7500 MB /   0.50 sec =  280.7651 Mbps     0 retrans   4341 KB-cwnd
[2024-11-08T11:34:07.806947-0500]    17.1250 MB /   0.50 sec =  287.5473 Mbps     0 retrans   4341 KB-cwnd
[2024-11-08T11:34:08.307377-0500]    19.8125 MB /   0.50 sec =  332.4205 Mbps     0 retrans   4341 KB-cwnd
[2024-11-08T11:34:08.807957-0500]    15.4375 MB /   0.50 sec =  258.7411 Mbps   433 retrans   4901 KB-cwnd
[2024-11-08T11:34:09.307769-0500]     6.4375 MB /   0.50 sec =  108.0282 Mbps     0 retrans   4901 KB-cwnd
[2024-11-08T11:34:09.807506-0500]    15.5000 MB /   0.50 sec =  260.2233 Mbps     0 retrans   4457 KB-cwnd
[2024-11-08T11:34:10.307058-0500]    20.0625 MB /   0.50 sec =  336.4913 Mbps     0 retrans   4479 KB-cwnd
[2024-11-08T11:34:10.806862-0500]    20.8125 MB /   0.50 sec =  349.2967 Mbps     0 retrans   4479 KB-cwnd
[2024-11-08T11:34:11.306910-0500]    18.5000 MB /   0.50 sec =  310.3760 Mbps     5 retrans   4793 KB-cwnd
[2024-11-08T11:34:11.806749-0500]    18.9375 MB /   0.50 sec =  317.7535 Mbps     0 retrans   4793 KB-cwnd
[2024-11-08T11:34:12.307910-0500]    10.3750 MB /   0.50 sec =  173.8838 Mbps     0 retrans   4793 KB-cwnd
[2024-11-08T11:34:12.806786-0500]    11.8750 MB /   0.50 sec =  199.4329 Mbps     0 retrans   4793 KB-cwnd
[2024-11-08T11:34:13.307521-0500]    13.5000 MB /   0.50 sec =  226.4612 Mbps     0 retrans   4793 KB-cwnd
[2024-11-08T11:34:13.806894-0500]    15.6250 MB /   0.50 sec =  262.1555 Mbps   725 retrans   2442 KB-cwnd
[2024-11-08T11:34:14.306878-0500]    17.4375 MB /   0.50 sec =  292.5586 Mbps     0 retrans   2500 KB-cwnd
[2024-11-08T11:34:14.806875-0500]    16.0625 MB /   0.50 sec =  269.4878 Mbps     0 retrans   2500 KB-cwnd
[2024-11-08T11:34:15.306877-0500]    16.6250 MB /   0.50 sec =  278.9201 Mbps     0 retrans   4321 KB-cwnd
[2024-11-08T11:34:15.806744-0500]    16.3125 MB /   0.50 sec =  273.6980 Mbps   382 retrans   5186 KB-cwnd
[2024-11-08T11:34:16.307522-0500]    16.5000 MB /   0.50 sec =  276.7969 Mbps     0 retrans   5186 KB-cwnd
[2024-11-08T11:34:16.807115-0500]    17.8125 MB /   0.50 sec =  298.6644 Mbps     1 retrans   2311 KB-cwnd
[2024-11-08T11:34:17.307402-0500]    18.2500 MB /   0.50 sec =  306.0887 Mbps     0 retrans   2311 KB-cwnd
[2024-11-08T11:34:17.806876-0500]    19.3750 MB /   0.50 sec =  325.3566 Mbps   823 retrans   3953 KB-cwnd
[2024-11-08T11:34:18.307250-0500]    18.0625 MB /   0.50 sec =  302.8283 Mbps     0 retrans   4140 KB-cwnd
[2024-11-08T11:34:18.807509-0500]    17.0000 MB /   0.50 sec =  285.3462 Mbps     0 retrans   4140 KB-cwnd
[2024-11-08T11:34:19.308323-0500]    17.6250 MB /   0.50 sec =  295.4745 Mbps     0 retrans   4140 KB-cwnd
[2024-11-08T11:34:19.807575-0500]    18.6250 MB /   0.50 sec =  312.5569 Mbps     5 retrans   4360 KB-cwnd
[2024-11-08T11:34:20.307893-0500]    16.3125 MB /   0.50 sec =  273.6165 Mbps     0 retrans   4360 KB-cwnd
[2024-11-08T11:34:20.806883-0500]    18.0625 MB /   0.50 sec =  303.3612 Mbps     0 retrans   4414 KB-cwnd
[2024-11-08T11:34:21.307438-0500]    14.8750 MB /   0.50 sec =  249.2963 Mbps     0 retrans   4414 KB-cwnd
[2024-11-08T11:34:21.807303-0500]    12.7500 MB /   0.50 sec =  214.1215 Mbps     4 retrans   4250 KB-cwnd
[2024-11-08T11:34:22.306907-0500]    18.3750 MB /   0.50 sec =  308.2653 Mbps     0 retrans   4250 KB-cwnd
[2024-11-08T11:34:22.807679-0500]    17.8750 MB /   0.50 sec =  299.9065 Mbps     0 retrans   4250 KB-cwnd
[2024-11-08T11:34:23.308909-0500]    12.6875 MB /   0.50 sec =  212.2086 Mbps     0 retrans   4250 KB-cwnd
[2024-11-08T11:34:23.807294-0500]    13.5000 MB /   0.50 sec =  226.9977 Mbps     0 retrans   4250 KB-cwnd
[2024-11-08T11:34:24.306852-0500]    11.1875 MB /   0.50 sec =  187.8600 Mbps     2 retrans   4451 KB-cwnd
[2024-11-08T11:34:24.806768-0500]    11.1875 MB /   0.50 sec =  187.7056 Mbps     0 retrans   4451 KB-cwnd
[2024-11-08T11:34:25.307995-0500]    12.0000 MB /   0.50 sec =  201.1026 Mbps     0 retrans   4451 KB-cwnd
[2024-11-08T11:34:25.807945-0500]    14.4375 MB /   0.50 sec =  242.2211 Mbps     0 retrans   4451 KB-cwnd
[2024-11-08T11:34:26.306888-0500]    15.6250 MB /   0.50 sec =  262.3991 Mbps     0 retrans   4451 KB-cwnd
[2024-11-08T11:34:26.807318-0500]    15.3750 MB /   0.50 sec =  257.7373 Mbps     0 retrans   4451 KB-cwnd
[2024-11-08T11:34:27.309088-0500]     3.2500 MB /   0.50 sec =   54.3887 Mbps     9 retrans   4324 KB-cwnd
[2024-11-08T11:34:27.806937-0500]     1.2500 MB /   0.50 sec =   21.0413 Mbps     0 retrans   4324 KB-cwnd
[2024-11-08T11:34:28.306738-0500]     9.5000 MB /   0.50 sec =  159.4116 Mbps     0 retrans   4324 KB-cwnd
[2024-11-08T11:34:28.807827-0500]    11.8750 MB /   0.50 sec =  199.0221 Mbps     0 retrans   4324 KB-cwnd
[2024-11-08T11:34:29.307366-0500]    10.1875 MB /   0.50 sec =  170.9117 Mbps     0 retrans   4324 KB-cwnd
[2024-11-08T11:34:29.806937-0500]    10.9375 MB /   0.50 sec =  183.6709 Mbps     0 retrans   4360 KB-cwnd
[2024-11-08T11:34:30.307799-0500]    11.6250 MB /   0.50 sec =  194.8648 Mbps     0 retrans   4360 KB-cwnd
[2024-11-08T11:34:30.808653-0500]    10.9375 MB /   0.50 sec =  183.1656 Mbps     0 retrans   4360 KB-cwnd
[2024-11-08T11:34:31.308977-0500]     9.1250 MB /   0.50 sec =  153.0211 Mbps     7 retrans   3127 KB-cwnd
[2024-11-08T11:34:31.807258-0500]    10.1875 MB /   0.50 sec =  171.4790 Mbps     0 retrans   3127 KB-cwnd
[2024-11-08T11:34:32.307127-0500]    10.5625 MB /   0.50 sec =  177.2136 Mbps     0 retrans   3127 KB-cwnd
[2024-11-08T11:34:32.807438-0500]     8.9375 MB /   0.50 sec =  149.7774 Mbps     0 retrans   3127 KB-cwnd
[2024-11-08T11:34:33.307320-0500]     9.9375 MB /   0.50 sec =  166.7576 Mbps     0 retrans   3127 KB-cwnd
[2024-11-08T11:34:33.807324-0500]    10.4375 MB /   0.50 sec =  175.1027 Mbps     0 retrans   3127 KB-cwnd
[2024-11-08T11:34:34.307017-0500]     9.8125 MB /   0.50 sec =  164.7856 Mbps     0 retrans   3127 KB-cwnd
[2024-11-08T11:34:34.806811-0500]    10.1250 MB /   0.50 sec =  169.8680 Mbps   554 retrans   3345 KB-cwnd
[2024-11-08T11:34:35.306864-0500]     8.0000 MB /   0.50 sec =  134.2118 Mbps     0 retrans   3345 KB-cwnd
[2024-11-08T11:34:35.807900-0500]     2.6875 MB /   0.50 sec =   45.0457 Mbps     0 retrans   3345 KB-cwnd
[2024-11-08T11:34:36.307294-0500]     8.0000 MB /   0.50 sec =  134.2330 Mbps     0 retrans   3345 KB-cwnd
[2024-11-08T11:34:36.807723-0500]     9.3125 MB /   0.50 sec =  156.2475 Mbps     0 retrans   3345 KB-cwnd
[2024-11-08T11:34:37.307465-0500]     9.8125 MB /   0.50 sec =  164.5718 Mbps     0 retrans   3289 KB-cwnd
[2024-11-08T11:34:37.806805-0500]     7.8125 MB /   0.50 sec =  131.2211 Mbps     0 retrans   3289 KB-cwnd
End time: 1731083678139
