Start time: 1731095343725
[2024-11-08T14:49:04.530392-0500] nuttcp-r: v8.1.4: socket
[2024-11-08T14:49:04.530937-0500] nuttcp-r: buflen=65536, nstream=1, port=5101 tcp
[2024-11-08T14:49:04.530976-0500] nuttcp-r: interval reporting every 0.50 seconds
[2024-11-08T14:49:04.531003-0500] nuttcp-r: connect to 54.197.223.49 with RTT=37.309 ms af=inet
[2024-11-08T14:49:04.531030-0500] nuttcp-r: send window size = 2097152, receive window size = 6291456
[2024-11-08T14:49:04.531055-0500] nuttcp-r: available send window = 1572864, available receive window = 4718592
[2024-11-08T14:49:04.531081-0500]     1.0000 MB /   0.50 sec =   16.7713 Mbps     0 retrans     13 KB-cwnd
[2024-11-08T14:49:05.030059-0500]    12.7500 MB /   0.50 sec =  213.9724 Mbps     0 retrans     13 KB-cwnd
[2024-11-08T14:49:05.530137-0500]    35.3125 MB /   0.50 sec =  592.3755 Mbps     0 retrans     13 KB-cwnd
[2024-11-08T14:49:06.030079-0500]    30.3125 MB /   0.50 sec =  508.5878 Mbps     0 retrans     14 KB-cwnd
[2024-11-08T14:49:06.530175-0500]    24.1250 MB /   0.50 sec =  404.7042 Mbps     0 retrans     26 KB-cwnd
[2024-11-08T14:49:07.030128-0500]    30.9375 MB /   0.50 sec =  519.0929 Mbps     0 retrans     26 KB-cwnd
[2024-11-08T14:49:07.530125-0500]    28.1250 MB /   0.50 sec =  471.8583 Mbps     0 retrans     28 KB-cwnd
[2024-11-08T14:49:08.030133-0500]    15.5000 MB /   0.50 sec =  260.0156 Mbps     0 retrans     41 KB-cwnd
[2024-11-08T14:49:08.530288-0500]     4.6875 MB /   0.50 sec =   78.6404 Mbps     0 retrans     41 KB-cwnd
[2024-11-08T14:49:09.030096-0500]     2.4375 MB /   0.50 sec =   40.8973 Mbps     0 retrans     41 KB-cwnd
[2024-11-08T14:49:09.530017-0500]     8.8125 MB /   0.50 sec =  147.8649 Mbps     0 retrans     48 KB-cwnd
[2024-11-08T14:49:10.030034-0500]    24.1875 MB /   0.50 sec =  405.8119 Mbps     0 retrans     56 KB-cwnd
[2024-11-08T14:49:10.530117-0500]    35.8750 MB /   0.50 sec =  601.8297 Mbps     0 retrans     56 KB-cwnd
[2024-11-08T14:49:11.030121-0500]    32.6250 MB /   0.50 sec =  547.3720 Mbps     0 retrans     77 KB-cwnd
[2024-11-08T14:49:11.530083-0500]    30.2500 MB /   0.50 sec =  507.5138 Mbps     0 retrans     96 KB-cwnd
[2024-11-08T14:49:12.030269-0500]    38.3750 MB /   0.50 sec =  643.8154 Mbps     0 retrans    138 KB-cwnd
[2024-11-08T14:49:12.530120-0500]    33.2500 MB /   0.50 sec =  557.8391 Mbps     0 retrans    186 KB-cwnd
[2024-11-08T14:49:13.030065-0500]    24.8750 MB /   0.50 sec =  417.3491 Mbps     0 retrans    204 KB-cwnd
[2024-11-08T14:49:13.530130-0500]    26.1250 MB /   0.50 sec =  438.2986 Mbps     9 retrans   6275 KB-cwnd
[2024-11-08T14:49:14.030079-0500]    26.3125 MB /   0.50 sec =  441.4584 Mbps     0 retrans   6275 KB-cwnd
[2024-11-08T14:49:14.530121-0500]    14.1250 MB /   0.50 sec =  236.9677 Mbps     0 retrans   6275 KB-cwnd
[2024-11-08T14:49:15.030101-0500]    26.5000 MB /   0.50 sec =  444.6087 Mbps     0 retrans   7645 KB-cwnd
[2024-11-08T14:49:15.530113-0500]    37.9375 MB /   0.50 sec =  636.4793 Mbps     0 retrans   7645 KB-cwnd
[2024-11-08T14:49:16.029971-0500]    37.1875 MB /   0.50 sec =  623.9651 Mbps     0 retrans   9059 KB-cwnd
[2024-11-08T14:49:16.530172-0500]    35.7500 MB /   0.50 sec =  599.6823 Mbps     0 retrans   9059 KB-cwnd
[2024-11-08T14:49:17.030054-0500]    48.1875 MB /   0.50 sec =  808.5362 Mbps     0 retrans  11779 KB-cwnd
[2024-11-08T14:49:17.530211-0500]    45.4375 MB /   0.50 sec =  762.1669 Mbps     0 retrans  11779 KB-cwnd
[2024-11-08T14:49:18.030127-0500]    37.6875 MB /   0.50 sec =  632.3356 Mbps     0 retrans   9164 KB-cwnd
[2024-11-08T14:49:18.530122-0500]    48.1250 MB /   0.50 sec =  807.4681 Mbps     0 retrans   9446 KB-cwnd
[2024-11-08T14:49:19.030050-0500]    48.6250 MB /   0.50 sec =  815.8427 Mbps     0 retrans   9446 KB-cwnd
[2024-11-08T14:49:19.530136-0500]    47.3125 MB /   0.50 sec =  793.7435 Mbps     0 retrans   8957 KB-cwnd
[2024-11-08T14:49:20.030240-0500]    40.5625 MB /   0.50 sec =  680.5054 Mbps     0 retrans   9543 KB-cwnd
[2024-11-08T14:49:20.530178-0500]    45.9375 MB /   0.50 sec =  770.6001 Mbps     0 retrans   9543 KB-cwnd
[2024-11-08T14:49:21.030129-0500]    45.3125 MB /   0.50 sec =  760.2708 Mbps     0 retrans   9422 KB-cwnd
[2024-11-08T14:49:21.530079-0500]    33.6875 MB /   0.50 sec =  565.2740 Mbps     0 retrans   9422 KB-cwnd
[2024-11-08T14:49:22.030072-0500]    44.2500 MB /   0.50 sec =  742.3725 Mbps     0 retrans   8849 KB-cwnd
[2024-11-08T14:49:22.530150-0500]    47.5625 MB /   0.50 sec =  797.9073 Mbps     0 retrans   8849 KB-cwnd
[2024-11-08T14:49:23.030052-0500]    33.0625 MB /   0.50 sec =  554.7255 Mbps     0 retrans   8737 KB-cwnd
[2024-11-08T14:49:23.530119-0500]    40.0000 MB /   0.50 sec =  671.0631 Mbps     0 retrans   8737 KB-cwnd
[2024-11-08T14:49:24.030134-0500]    33.8125 MB /   0.50 sec =  567.2320 Mbps     0 retrans   8605 KB-cwnd
[2024-11-08T14:49:24.530130-0500]    22.7500 MB /   0.50 sec =  381.6824 Mbps     0 retrans   8605 KB-cwnd
[2024-11-08T14:49:25.030088-0500]    38.1250 MB /   0.50 sec =  639.6915 Mbps     0 retrans  10029 KB-cwnd
[2024-11-08T14:49:25.530156-0500]    37.7500 MB /   0.50 sec =  633.2880 Mbps     0 retrans  10029 KB-cwnd
[2024-11-08T14:49:26.029958-0500]    39.8750 MB /   0.50 sec =  669.1159 Mbps     0 retrans   8153 KB-cwnd
[2024-11-08T14:49:26.530131-0500]    44.6250 MB /   0.50 sec =  748.6099 Mbps     0 retrans   8153 KB-cwnd
[2024-11-08T14:49:27.030114-0500]    44.8125 MB /   0.50 sec =  751.8245 Mbps     0 retrans   7559 KB-cwnd
[2024-11-08T14:49:27.530261-0500]    24.0000 MB /   0.50 sec =  402.5364 Mbps     0 retrans   7559 KB-cwnd
[2024-11-08T14:49:28.030103-0500]    29.5625 MB /   0.50 sec =  496.1035 Mbps     0 retrans   7525 KB-cwnd
[2024-11-08T14:49:28.530393-0500]    29.4375 MB /   0.50 sec =  493.7322 Mbps     0 retrans   7525 KB-cwnd
[2024-11-08T14:49:29.030157-0500]    27.8125 MB /   0.50 sec =  466.7274 Mbps     0 retrans   7538 KB-cwnd
[2024-11-08T14:49:29.530186-0500]    33.3125 MB /   0.50 sec =  558.8988 Mbps     0 retrans   8941 KB-cwnd
[2024-11-08T14:49:30.030066-0500]    33.1875 MB /   0.50 sec =  556.8585 Mbps     0 retrans   8941 KB-cwnd
[2024-11-08T14:49:30.530244-0500]    30.1875 MB /   0.50 sec =  506.4612 Mbps     0 retrans  11585 KB-cwnd
[2024-11-08T14:49:31.030121-0500]    13.3750 MB /   0.50 sec =  224.3701 Mbps     0 retrans  11585 KB-cwnd
[2024-11-08T14:49:31.530008-0500]     0.0000 MB /   0.50 sec =    0.0000 Mbps     0 retrans  11585 KB-cwnd
[2024-11-08T14:49:32.030098-0500]     9.0625 MB /   0.50 sec =  152.0450 Mbps     0 retrans  11585 KB-cwnd
[2024-11-08T14:49:32.530177-0500]     4.2500 MB /   0.50 sec =   71.3025 Mbps     0 retrans  11585 KB-cwnd
[2024-11-08T14:49:33.030269-0500]     0.0625 MB /   0.50 sec =    1.0484 Mbps     0 retrans  11585 KB-cwnd
[2024-11-08T14:49:33.530115-0500]    21.2500 MB /   0.50 sec =  356.5529 Mbps     0 retrans  11585 KB-cwnd
[2024-11-08T14:49:34.030048-0500]    10.7500 MB /   0.50 sec =  180.3515 Mbps     0 retrans  11585 KB-cwnd
[2024-11-08T14:49:34.530158-0500]    14.0625 MB /   0.50 sec =  235.9046 Mbps     0 retrans   7941 KB-cwnd
[2024-11-08T14:49:35.030118-0500]     8.1250 MB /   0.50 sec =  136.3228 Mbps     0 retrans   7941 KB-cwnd
[2024-11-08T14:49:35.530106-0500]    18.0000 MB /   0.50 sec =  302.0189 Mbps     0 retrans   7941 KB-cwnd
[2024-11-08T14:49:36.030076-0500]    15.1250 MB /   0.50 sec =  253.7554 Mbps     0 retrans   7941 KB-cwnd
[2024-11-08T14:49:36.530075-0500]    21.0000 MB /   0.50 sec =  352.3138 Mbps     0 retrans   6441 KB-cwnd
[2024-11-08T14:49:37.030044-0500]    13.0625 MB /   0.50 sec =  219.1616 Mbps     0 retrans   6441 KB-cwnd
[2024-11-08T14:49:37.530107-0500]    22.9375 MB /   0.50 sec =  384.8082 Mbps     0 retrans   6441 KB-cwnd
[2024-11-08T14:49:38.030129-0500]    12.7500 MB /   0.50 sec =  213.9283 Mbps     0 retrans   6441 KB-cwnd
[2024-11-08T14:49:38.530186-0500]    28.2500 MB /   0.50 sec =  473.9440 Mbps   409 retrans   5057 KB-cwnd
[2024-11-08T14:49:39.029976-0500]    21.4375 MB /   0.50 sec =  359.6760 Mbps     0 retrans   5057 KB-cwnd
[2024-11-08T14:49:39.530078-0500]     6.3125 MB /   0.50 sec =  105.9007 Mbps     0 retrans   5057 KB-cwnd
[2024-11-08T14:49:40.030143-0500]    22.8125 MB /   0.50 sec =  382.6660 Mbps     0 retrans   5057 KB-cwnd
[2024-11-08T14:49:40.530233-0500]    22.0625 MB /   0.50 sec =  370.1962 Mbps     0 retrans   4423 KB-cwnd
[2024-11-08T14:49:41.030093-0500]    11.7500 MB /   0.50 sec =  197.1362 Mbps     0 retrans   4423 KB-cwnd
[2024-11-08T14:49:41.530055-0500]    14.8750 MB /   0.50 sec =  249.5636 Mbps     0 retrans   4435 KB-cwnd
[2024-11-08T14:49:42.030052-0500]    14.3125 MB /   0.50 sec =  240.1287 Mbps     0 retrans   4455 KB-cwnd
[2024-11-08T14:49:42.530084-0500]    15.8750 MB /   0.50 sec =  266.3308 Mbps     0 retrans   4455 KB-cwnd
[2024-11-08T14:49:43.030057-0500]    18.6250 MB /   0.50 sec =  312.4838 Mbps     0 retrans   6057 KB-cwnd
[2024-11-08T14:49:43.530216-0500]    21.3125 MB /   0.50 sec =  357.5530 Mbps     0 retrans   6140 KB-cwnd
[2024-11-08T14:49:44.030163-0500]    13.1250 MB /   0.50 sec =  220.1640 Mbps     0 retrans   6165 KB-cwnd
[2024-11-08T14:49:44.530020-0500]    19.7500 MB /   0.50 sec =  331.4123 Mbps     0 retrans   6165 KB-cwnd
[2024-11-08T14:49:45.030176-0500]    18.2500 MB /   0.50 sec =  306.1389 Mbps     0 retrans   6232 KB-cwnd
[2024-11-08T14:49:45.530046-0500]    25.1250 MB /   0.50 sec =  421.6169 Mbps     0 retrans   6232 KB-cwnd
[2024-11-08T14:49:46.030216-0500]    21.1250 MB /   0.50 sec =  354.4024 Mbps     0 retrans   6232 KB-cwnd
[2024-11-08T14:49:46.530282-0500]    17.3125 MB /   0.50 sec =  290.4370 Mbps     0 retrans   7874 KB-cwnd
[2024-11-08T14:49:47.030043-0500]    21.3750 MB /   0.50 sec =  358.6345 Mbps     0 retrans   7874 KB-cwnd
[2024-11-08T14:49:47.530094-0500]    20.8125 MB /   0.50 sec =  349.1674 Mbps     0 retrans   7874 KB-cwnd
[2024-11-08T14:49:48.030072-0500]    18.3750 MB /   0.50 sec =  308.2813 Mbps     0 retrans   7874 KB-cwnd
[2024-11-08T14:49:48.530067-0500]     9.0625 MB /   0.50 sec =  152.0453 Mbps     0 retrans   4689 KB-cwnd
[2024-11-08T14:49:49.030063-0500]    13.4375 MB /   0.50 sec =  225.4461 Mbps     0 retrans   4689 KB-cwnd
[2024-11-08T14:49:49.530061-0500]    11.0000 MB /   0.50 sec =  184.5497 Mbps     0 retrans   4727 KB-cwnd
[2024-11-08T14:49:50.030026-0500]    11.6875 MB /   0.50 sec =  196.0939 Mbps     0 retrans   4727 KB-cwnd
[2024-11-08T14:49:50.530105-0500]     8.8125 MB /   0.50 sec =  147.8377 Mbps     0 retrans   4727 KB-cwnd
[2024-11-08T14:49:51.030137-0500]     8.8125 MB /   0.50 sec =  147.8306 Mbps     0 retrans   4727 KB-cwnd
[2024-11-08T14:49:51.530055-0500]     7.9375 MB /   0.50 sec =  133.1891 Mbps     0 retrans   4727 KB-cwnd
[2024-11-08T14:49:52.030077-0500]     8.2500 MB /   0.50 sec =  138.4079 Mbps     0 retrans   4727 KB-cwnd
[2024-11-08T14:49:52.530164-0500]     9.0625 MB /   0.50 sec =  152.0244 Mbps     0 retrans   4950 KB-cwnd
[2024-11-08T14:49:53.030080-0500]     8.5000 MB /   0.50 sec =  142.6249 Mbps     0 retrans   4950 KB-cwnd
[2024-11-08T14:49:53.530087-0500]     6.1875 MB /   0.50 sec =  103.8094 Mbps     0 retrans   4950 KB-cwnd
[2024-11-08T14:49:54.030010-0500]     6.0000 MB /   0.50 sec =  100.6645 Mbps     0 retrans   4950 KB-cwnd
[2024-11-08T14:49:54.530108-0500]     8.8750 MB /   0.50 sec =  148.8945 Mbps     0 retrans   4996 KB-cwnd
[2024-11-08T14:49:55.029997-0500]     8.7500 MB /   0.50 sec =  146.8103 Mbps     0 retrans   4996 KB-cwnd
[2024-11-08T14:49:55.529960-0500]     7.0625 MB /   0.50 sec =  118.4912 Mbps     0 retrans   4996 KB-cwnd
[2024-11-08T14:49:56.030240-0500]     7.8125 MB /   0.50 sec =  131.0613 Mbps     0 retrans   4996 KB-cwnd
[2024-11-08T14:49:56.530096-0500]     9.7500 MB /   0.50 sec =  163.5801 Mbps     0 retrans   4996 KB-cwnd
[2024-11-08T14:49:57.030181-0500]     8.8125 MB /   0.50 sec =  147.8161 Mbps     0 retrans   3676 KB-cwnd
[2024-11-08T14:49:57.530088-0500]     9.8125 MB /   0.50 sec =  164.6630 Mbps     0 retrans   3735 KB-cwnd
[2024-11-08T14:49:58.030064-0500]     8.2500 MB /   0.50 sec =  138.4129 Mbps     0 retrans   3735 KB-cwnd
[2024-11-08T14:49:58.530108-0500]     8.8125 MB /   0.50 sec =  147.8489 Mbps     0 retrans   3735 KB-cwnd
[2024-11-08T14:49:59.030073-0500]     8.5625 MB /   0.50 sec =  143.6529 Mbps     0 retrans   3735 KB-cwnd
[2024-11-08T14:49:59.530096-0500]     6.0000 MB /   0.50 sec =  100.6641 Mbps     0 retrans   3735 KB-cwnd
[2024-11-08T14:50:00.030279-0500]     5.8750 MB /   0.50 sec =   98.5476 Mbps     0 retrans   3735 KB-cwnd
[2024-11-08T14:50:00.530173-0500]     6.3750 MB /   0.50 sec =  106.9550 Mbps     0 retrans   3735 KB-cwnd
[2024-11-08T14:50:01.030030-0500]     5.5000 MB /   0.50 sec =   92.2911 Mbps     0 retrans   3735 KB-cwnd
[2024-11-08T14:50:01.530196-0500]     5.0000 MB /   0.50 sec =   83.8720 Mbps     0 retrans   3735 KB-cwnd
[2024-11-08T14:50:02.030030-0500]     3.0000 MB /   0.50 sec =   50.3377 Mbps     0 retrans   2614 KB-cwnd
[2024-11-08T14:50:02.530133-0500]     3.9375 MB /   0.50 sec =   66.0619 Mbps     0 retrans   2614 KB-cwnd
[2024-11-08T14:50:03.030046-0500]     5.6250 MB /   0.50 sec =   94.3767 Mbps     0 retrans   2614 KB-cwnd
[2024-11-08T14:50:03.530097-0500]     3.6250 MB /   0.50 sec =   60.8136 Mbps     0 retrans   2614 KB-cwnd
[2024-11-08T14:50:04.030069-0500]     3.5625 MB /   0.50 sec =   59.7675 Mbps     0 retrans   2614 KB-cwnd
[2024-11-08T14:50:04.529991-0500]     4.4375 MB /   0.50 sec =   74.4584 Mbps     0 retrans   2614 KB-cwnd
[2024-11-08T14:50:05.030167-0500]     4.8125 MB /   0.50 sec =   80.7257 Mbps     0 retrans   2614 KB-cwnd
[2024-11-08T14:50:05.530054-0500]     5.8750 MB /   0.50 sec =   98.5796 Mbps     0 retrans   2631 KB-cwnd
[2024-11-08T14:50:06.029973-0500]     7.1875 MB /   0.50 sec =  120.5913 Mbps     0 retrans   2631 KB-cwnd
[2024-11-08T14:50:06.530129-0500]     6.4375 MB /   0.50 sec =  107.9917 Mbps     0 retrans   2631 KB-cwnd
[2024-11-08T14:50:07.030048-0500]     6.6875 MB /   0.50 sec =  112.2050 Mbps     0 retrans   2631 KB-cwnd
[2024-11-08T14:50:07.530137-0500]     7.6250 MB /   0.50 sec =  127.9084 Mbps     0 retrans   2373 KB-cwnd
[2024-11-08T14:50:08.030074-0500]    10.1875 MB /   0.50 sec =  170.9391 Mbps     0 retrans   3246 KB-cwnd
[2024-11-08T14:50:08.530069-0500]    12.0625 MB /   0.50 sec =  202.3756 Mbps     0 retrans   3246 KB-cwnd
[2024-11-08T14:50:09.030207-0500]    12.7500 MB /   0.50 sec =  213.9104 Mbps     0 retrans   3246 KB-cwnd
[2024-11-08T14:50:09.530101-0500]    17.1875 MB /   0.50 sec =  288.3503 Mbps     0 retrans   3249 KB-cwnd
[2024-11-08T14:50:10.030085-0500]     6.1250 MB /   0.50 sec =  102.7594 Mbps     0 retrans   3265 KB-cwnd
[2024-11-08T14:50:10.530012-0500]     7.2500 MB /   0.50 sec =  121.6387 Mbps     0 retrans   3265 KB-cwnd
[2024-11-08T14:50:11.030100-0500]    14.3125 MB /   0.50 sec =  240.1028 Mbps     0 retrans   1636 KB-cwnd
[2024-11-08T14:50:11.530098-0500]     3.3750 MB /   0.50 sec =   56.6275 Mbps     0 retrans   1636 KB-cwnd
[2024-11-08T14:50:12.030049-0500]     5.9375 MB /   0.50 sec =   99.6153 Mbps     0 retrans   1636 KB-cwnd
[2024-11-08T14:50:12.530082-0500]     8.6250 MB /   0.50 sec =  144.7064 Mbps     0 retrans   1636 KB-cwnd
[2024-11-08T14:50:13.030168-0500]     9.1250 MB /   0.50 sec =  153.0645 Mbps     0 retrans   1636 KB-cwnd
[2024-11-08T14:50:13.530103-0500]    13.2500 MB /   0.50 sec =  222.3119 Mbps     0 retrans   1636 KB-cwnd
[2024-11-08T14:50:14.030090-0500]     8.1250 MB /   0.50 sec =  136.3282 Mbps     0 retrans   1636 KB-cwnd
[2024-11-08T14:50:14.530061-0500]     7.9375 MB /   0.50 sec =  133.1715 Mbps     0 retrans   1636 KB-cwnd
[2024-11-08T14:50:15.030055-0500]    13.5625 MB /   0.50 sec =  227.5260 Mbps     0 retrans   2811 KB-cwnd
[2024-11-08T14:50:15.530065-0500]     8.0000 MB /   0.50 sec =  134.2263 Mbps     0 retrans   2811 KB-cwnd
[2024-11-08T14:50:16.030184-0500]     3.8750 MB /   0.50 sec =   64.9987 Mbps     0 retrans   2811 KB-cwnd
[2024-11-08T14:50:16.530060-0500]     5.7500 MB /   0.50 sec =   96.4887 Mbps     0 retrans   2811 KB-cwnd
[2024-11-08T14:50:17.030078-0500]     7.1875 MB /   0.50 sec =  120.5838 Mbps     0 retrans   2811 KB-cwnd
[2024-11-08T14:50:17.530195-0500]     4.0000 MB /   0.50 sec =   67.0957 Mbps     0 retrans   2811 KB-cwnd
[2024-11-08T14:50:18.030079-0500]     2.5000 MB /   0.50 sec =   41.9496 Mbps     0 retrans   2811 KB-cwnd
[2024-11-08T14:50:18.530103-0500]     5.4375 MB /   0.50 sec =   91.2234 Mbps     0 retrans   2811 KB-cwnd
[2024-11-08T14:50:19.030104-0500]     0.1250 MB /   0.50 sec =    2.0970 Mbps     0 retrans   2811 KB-cwnd
[2024-11-08T14:50:19.530166-0500]     1.0000 MB /   0.50 sec =   16.7766 Mbps     0 retrans   2811 KB-cwnd
[2024-11-08T14:50:20.030096-0500]     4.6875 MB /   0.50 sec =   78.6517 Mbps     0 retrans   2811 KB-cwnd
[2024-11-08T14:50:20.530079-0500]     5.4375 MB /   0.50 sec =   91.2303 Mbps     0 retrans   2811 KB-cwnd
[2024-11-08T14:50:21.030290-0500]     5.8125 MB /   0.50 sec =   97.5094 Mbps     0 retrans   2811 KB-cwnd
[2024-11-08T14:50:21.530058-0500]     9.8750 MB /   0.50 sec =  165.6903 Mbps     0 retrans   2811 KB-cwnd
[2024-11-08T14:50:22.030106-0500]    12.9375 MB /   0.50 sec =  217.0505 Mbps     0 retrans   5915 KB-cwnd
[2024-11-08T14:50:22.530120-0500]    16.5625 MB /   0.50 sec =  277.8460 Mbps     0 retrans   5915 KB-cwnd
[2024-11-08T14:50:23.030082-0500]    21.3125 MB /   0.50 sec =  357.6023 Mbps     0 retrans   5915 KB-cwnd
[2024-11-08T14:50:23.530072-0500]    16.0000 MB /   0.50 sec =  268.4387 Mbps     0 retrans   5915 KB-cwnd
[2024-11-08T14:50:24.030115-0500]    12.3125 MB /   0.50 sec =  206.5579 Mbps     0 retrans   3292 KB-cwnd
[2024-11-08T14:50:24.530231-0500]    13.8125 MB /   0.50 sec =  231.7232 Mbps     0 retrans   3292 KB-cwnd
[2024-11-08T14:50:25.030036-0500]    18.0000 MB /   0.50 sec =  302.0406 Mbps     0 retrans   3292 KB-cwnd
[2024-11-08T14:50:25.529991-0500]    16.6250 MB /   0.50 sec =  278.9117 Mbps     0 retrans   3292 KB-cwnd
[2024-11-08T14:50:26.030210-0500]    18.4375 MB /   0.50 sec =  309.2569 Mbps     0 retrans   3292 KB-cwnd
[2024-11-08T14:50:26.530117-0500]    20.3125 MB /   0.50 sec =  340.8513 Mbps   117 retrans   2840 KB-cwnd
[2024-11-08T14:50:27.030062-0500]    19.0625 MB /   0.50 sec =  319.8176 Mbps     0 retrans   2864 KB-cwnd
[2024-11-08T14:50:27.530089-0500]    20.9375 MB /   0.50 sec =  351.2772 Mbps     0 retrans   2846 KB-cwnd
[2024-11-08T14:50:28.030071-0500]    21.8750 MB /   0.50 sec =  367.0009 Mbps     0 retrans   3996 KB-cwnd
[2024-11-08T14:50:28.529980-0500]    19.1875 MB /   0.50 sec =  321.9360 Mbps     0 retrans   3996 KB-cwnd
[2024-11-08T14:50:29.030093-0500]    18.2500 MB /   0.50 sec =  306.1615 Mbps     0 retrans   3923 KB-cwnd
[2024-11-08T14:50:29.530029-0500]    23.4375 MB /   0.50 sec =  393.2191 Mbps     0 retrans   3923 KB-cwnd
[2024-11-08T14:50:30.030286-0500]    23.5000 MB /   0.50 sec =  394.2662 Mbps     0 retrans   4794 KB-cwnd
[2024-11-08T14:50:30.530224-0500]    21.6875 MB /   0.50 sec =  363.8515 Mbps     0 retrans   4912 KB-cwnd
[2024-11-08T14:50:31.030055-0500]     7.8125 MB /   0.50 sec =  131.0751 Mbps     0 retrans   4912 KB-cwnd
[2024-11-08T14:50:31.530084-0500]    21.2500 MB /   0.50 sec =  356.5187 Mbps     0 retrans   5221 KB-cwnd
[2024-11-08T14:50:32.030066-0500]    16.5625 MB /   0.50 sec =  277.8699 Mbps     0 retrans   5361 KB-cwnd
[2024-11-08T14:50:32.530085-0500]    11.3750 MB /   0.50 sec =  190.8370 Mbps     0 retrans   5361 KB-cwnd
[2024-11-08T14:50:33.030065-0500]    17.6875 MB /   0.50 sec =  296.7506 Mbps     0 retrans   5361 KB-cwnd
[2024-11-08T14:50:33.530115-0500]    12.4375 MB /   0.50 sec =  208.6516 Mbps     0 retrans   5361 KB-cwnd
[2024-11-08T14:50:34.029977-0500]     5.1250 MB /   0.50 sec =   85.9953 Mbps     0 retrans   5361 KB-cwnd
[2024-11-08T14:50:34.530085-0500]     3.0625 MB /   0.50 sec =   51.3767 Mbps     0 retrans   5361 KB-cwnd
[2024-11-08T14:50:35.029972-0500]    12.6875 MB /   0.50 sec =  212.8758 Mbps     0 retrans   5573 KB-cwnd
[2024-11-08T14:50:35.530133-0500]    15.7500 MB /   0.50 sec =  264.2205 Mbps     0 retrans   5573 KB-cwnd
[2024-11-08T14:50:36.029948-0500]    13.1875 MB /   0.50 sec =  221.2677 Mbps     0 retrans   5573 KB-cwnd
[2024-11-08T14:50:36.530106-0500]     7.6250 MB /   0.50 sec =  127.9158 Mbps     0 retrans   5573 KB-cwnd
[2024-11-08T14:50:37.030106-0500]    10.0000 MB /   0.50 sec =  167.7628 Mbps     0 retrans   5573 KB-cwnd
[2024-11-08T14:50:37.530058-0500]    13.1875 MB /   0.50 sec =  221.2655 Mbps     0 retrans   5584 KB-cwnd
[2024-11-08T14:50:38.030075-0500]    13.5625 MB /   0.50 sec =  227.5355 Mbps     0 retrans   4353 KB-cwnd
[2024-11-08T14:50:38.530090-0500]    15.2500 MB /   0.50 sec =  255.8531 Mbps     0 retrans   4353 KB-cwnd
[2024-11-08T14:50:39.030277-0500]    15.5625 MB /   0.50 sec =  261.0902 Mbps     0 retrans   4353 KB-cwnd
[2024-11-08T14:50:39.530033-0500]    13.1875 MB /   0.50 sec =  221.2588 Mbps     0 retrans   4353 KB-cwnd
[2024-11-08T14:50:40.031823-0500]    11.8125 MB /   0.50 sec =  197.5129 Mbps     0 retrans   4353 KB-cwnd
[2024-11-08T14:50:40.529974-0500]    14.5000 MB /   0.50 sec =  244.1054 Mbps     0 retrans   7632 KB-cwnd
[2024-11-08T14:50:41.030107-0500]    12.0000 MB /   0.50 sec =  201.3141 Mbps     0 retrans   7632 KB-cwnd
[2024-11-08T14:50:41.530063-0500]     8.6250 MB /   0.50 sec =  144.7061 Mbps     0 retrans   7632 KB-cwnd
[2024-11-08T14:50:42.030051-0500]    16.0625 MB /   0.50 sec =  269.4835 Mbps     0 retrans   7565 KB-cwnd
[2024-11-08T14:50:42.530088-0500]    22.9375 MB /   0.50 sec =  384.8212 Mbps     0 retrans   7565 KB-cwnd
[2024-11-08T14:50:43.029972-0500]    25.3125 MB /   0.50 sec =  424.7081 Mbps     0 retrans   4361 KB-cwnd
[2024-11-08T14:50:43.530101-0500]    18.2500 MB /   0.50 sec =  306.1628 Mbps     0 retrans   4361 KB-cwnd
[2024-11-08T14:50:44.030059-0500]    25.6875 MB /   0.50 sec =  430.9665 Mbps     0 retrans   4361 KB-cwnd
[2024-11-08T14:50:44.530101-0500]    24.8125 MB /   0.50 sec =  416.2730 Mbps     0 retrans   4646 KB-cwnd
[2024-11-08T14:50:45.030055-0500]    12.6875 MB /   0.50 sec =  212.8677 Mbps     0 retrans   4646 KB-cwnd
[2024-11-08T14:50:45.529965-0500]    18.8125 MB /   0.50 sec =  315.6403 Mbps     0 retrans   4316 KB-cwnd
[2024-11-08T14:50:46.030101-0500]     6.4375 MB /   0.50 sec =  107.9964 Mbps     0 retrans   4316 KB-cwnd
[2024-11-08T14:50:46.530078-0500]     6.6875 MB /   0.50 sec =  112.1943 Mbps     0 retrans   4316 KB-cwnd
[2024-11-08T14:50:47.030274-0500]     2.5625 MB /   0.50 sec =   42.9879 Mbps     0 retrans   4316 KB-cwnd
[2024-11-08T14:50:47.530040-0500]     1.6250 MB /   0.50 sec =   27.2665 Mbps     0 retrans   4316 KB-cwnd
[2024-11-08T14:50:48.030097-0500]     8.7500 MB /   0.50 sec =  146.7977 Mbps     0 retrans   4316 KB-cwnd
[2024-11-08T14:50:48.530075-0500]     5.3125 MB /   0.50 sec =   89.1288 Mbps     0 retrans   5643 KB-cwnd
[2024-11-08T14:50:49.030086-0500]     8.5000 MB /   0.50 sec =  142.6038 Mbps     0 retrans   5643 KB-cwnd
[2024-11-08T14:50:49.530010-0500]     5.7500 MB /   0.50 sec =   96.4757 Mbps     0 retrans   5643 KB-cwnd
[2024-11-08T14:50:50.030016-0500]     4.8750 MB /   0.50 sec =   81.7863 Mbps     0 retrans   5643 KB-cwnd
[2024-11-08T14:50:50.530053-0500]     5.0625 MB /   0.50 sec =   84.9347 Mbps     0 retrans   5643 KB-cwnd
[2024-11-08T14:50:51.030159-0500]     2.5000 MB /   0.50 sec =   41.9375 Mbps     0 retrans   5643 KB-cwnd
[2024-11-08T14:50:51.530351-0500]     4.8750 MB /   0.50 sec =   81.7947 Mbps     0 retrans   5643 KB-cwnd
[2024-11-08T14:50:52.030130-0500]     1.3750 MB /   0.50 sec =   23.0677 Mbps     0 retrans   5643 KB-cwnd
[2024-11-08T14:50:52.530136-0500]     2.8125 MB /   0.50 sec =   47.1807 Mbps     0 retrans   5643 KB-cwnd
[2024-11-08T14:50:53.030052-0500]     2.4375 MB /   0.50 sec =   40.9035 Mbps     0 retrans   5643 KB-cwnd
[2024-11-08T14:50:53.530096-0500]     5.1250 MB /   0.50 sec =   85.9810 Mbps     0 retrans   5643 KB-cwnd
[2024-11-08T14:50:54.030040-0500]     7.8125 MB /   0.50 sec =  131.0749 Mbps     0 retrans   5743 KB-cwnd
[2024-11-08T14:50:54.530089-0500]    11.1250 MB /   0.50 sec =  186.6428 Mbps     0 retrans   5909 KB-cwnd
[2024-11-08T14:50:55.030084-0500]    14.0625 MB /   0.50 sec =  235.9320 Mbps     0 retrans   6613 KB-cwnd
[2024-11-08T14:50:55.530054-0500]    15.8125 MB /   0.50 sec =  265.2913 Mbps     0 retrans   6613 KB-cwnd
[2024-11-08T14:50:56.030090-0500]    17.9375 MB /   0.50 sec =  300.9341 Mbps     0 retrans   6613 KB-cwnd
[2024-11-08T14:50:56.530100-0500]    15.5000 MB /   0.50 sec =  260.0458 Mbps     0 retrans   6613 KB-cwnd
[2024-11-08T14:50:57.030189-0500]    20.3125 MB /   0.50 sec =  340.7974 Mbps    85 retrans   6358 KB-cwnd
[2024-11-08T14:50:57.530308-0500]    16.7500 MB /   0.50 sec =  280.8908 Mbps     0 retrans   6358 KB-cwnd
[2024-11-08T14:50:58.030074-0500]    24.5625 MB /   0.50 sec =  412.2718 Mbps     0 retrans   6291 KB-cwnd
[2024-11-08T14:50:58.530050-0500]    26.6875 MB /   0.50 sec =  447.7482 Mbps     0 retrans   2835 KB-cwnd
[2024-11-08T14:50:59.030080-0500]    26.1875 MB /   0.50 sec =  439.3490 Mbps     0 retrans   2835 KB-cwnd
[2024-11-08T14:50:59.530286-0500]    23.9375 MB /   0.50 sec =  401.4240 Mbps     0 retrans   2835 KB-cwnd
[2024-11-08T14:51:00.030080-0500]    21.5000 MB /   0.50 sec =  360.8509 Mbps     0 retrans   4364 KB-cwnd
[2024-11-08T14:51:00.530134-0500]    18.3125 MB /   0.50 sec =  307.2008 Mbps     0 retrans   4364 KB-cwnd
[2024-11-08T14:51:01.030258-0500]    13.0625 MB /   0.50 sec =  219.1752 Mbps     0 retrans   4364 KB-cwnd
[2024-11-08T14:51:01.530120-0500]     6.8750 MB /   0.50 sec =  115.3443 Mbps     0 retrans   4364 KB-cwnd
[2024-11-08T14:51:02.030045-0500]    15.6875 MB /   0.50 sec =  263.2084 Mbps     0 retrans   4364 KB-cwnd
[2024-11-08T14:51:02.530114-0500]    18.7500 MB /   0.50 sec =  314.5546 Mbps     0 retrans   4971 KB-cwnd
[2024-11-08T14:51:03.030058-0500]    12.5000 MB /   0.50 sec =  209.7274 Mbps     0 retrans   4971 KB-cwnd
[2024-11-08T14:51:03.530095-0500]    19.6875 MB /   0.50 sec =  330.2962 Mbps     0 retrans   4971 KB-cwnd
[2024-11-08T14:51:04.030045-0500]    28.0000 MB /   0.50 sec =  469.7771 Mbps     0 retrans   4971 KB-cwnd
[2024-11-08T14:51:04.530152-0500]    31.1250 MB /   0.50 sec =  522.1240 Mbps     0 retrans   7772 KB-cwnd
End time: 1731095464883
