Start time: 1730847017257
[2024-11-05T16:50:18.227516-0600] nuttcp-r: v8.1.4: socket
[2024-11-05T16:50:18.228266-0600] nuttcp-r: buflen=65536, nstream=1, port=5102 tcp
[2024-11-05T16:50:18.228337-0600] nuttcp-r: interval reporting every 0.50 seconds
[2024-11-05T16:50:18.228387-0600] nuttcp-r: connect to 54.197.223.49 with RTT=80.016 ms af=inet
[2024-11-05T16:50:18.228433-0600] nuttcp-r: send window size = 2097152, receive window size = 6291456
[2024-11-05T16:50:18.228478-0600] nuttcp-r: available send window = 1572864, available receive window = 4718592
[2024-11-05T16:50:18.228524-0600]     0.3125 MB /   0.50 sec =    5.2421 Mbps     0 retrans     13 KB-cwnd
[2024-11-05T16:50:18.727295-0600]     2.1250 MB /   0.50 sec =   35.6522 Mbps     0 retrans     13 KB-cwnd
[2024-11-05T16:50:19.227308-0600]     1.0625 MB /   0.50 sec =   17.8260 Mbps     0 retrans     13 KB-cwnd
[2024-11-05T16:50:19.727669-0600]     0.5625 MB /   0.50 sec =    9.4368 Mbps     0 retrans     13 KB-cwnd
[2024-11-05T16:50:20.227953-0600]     1.8125 MB /   0.50 sec =   30.3968 Mbps     0 retrans     13 KB-cwnd
[2024-11-05T16:50:20.727325-0600]     2.3750 MB /   0.50 sec =   39.8625 Mbps     0 retrans     13 KB-cwnd
[2024-11-05T16:50:21.228539-0600]     1.0000 MB /   0.50 sec =   16.7418 Mbps     0 retrans     13 KB-cwnd
[2024-11-05T16:50:21.727368-0600]     1.7500 MB /   0.50 sec =   29.4177 Mbps     0 retrans     13 KB-cwnd
[2024-11-05T16:50:22.228401-0600]     1.2500 MB /   0.50 sec =   20.9301 Mbps     0 retrans     13 KB-cwnd
[2024-11-05T16:50:22.727477-0600]     1.8125 MB /   0.50 sec =   30.4641 Mbps     0 retrans     13 KB-cwnd
[2024-11-05T16:50:23.227316-0600]     1.1875 MB /   0.50 sec =   19.9266 Mbps     0 retrans     13 KB-cwnd
[2024-11-05T16:50:23.727359-0600]     1.5625 MB /   0.50 sec =   26.2163 Mbps     0 retrans     13 KB-cwnd
[2024-11-05T16:50:24.227389-0600]     0.5625 MB /   0.50 sec =    9.4374 Mbps     0 retrans     13 KB-cwnd
[2024-11-05T16:50:24.727539-0600]     1.9375 MB /   0.50 sec =   32.5015 Mbps     0 retrans     13 KB-cwnd
[2024-11-05T16:50:25.227322-0600]     2.6250 MB /   0.50 sec =   44.0478 Mbps     0 retrans     13 KB-cwnd
[2024-11-05T16:50:25.727296-0600]     2.0000 MB /   0.50 sec =   33.5547 Mbps     0 retrans     13 KB-cwnd
[2024-11-05T16:50:26.227314-0600]     1.8125 MB /   0.50 sec =   30.4087 Mbps     0 retrans     13 KB-cwnd
[2024-11-05T16:50:26.727308-0600]     1.4375 MB /   0.50 sec =   24.1145 Mbps     0 retrans     13 KB-cwnd
[2024-11-05T16:50:27.227304-0600]     2.2500 MB /   0.50 sec =   37.7535 Mbps     0 retrans     13 KB-cwnd
[2024-11-05T16:50:27.727284-0600]     2.3750 MB /   0.50 sec =   39.8456 Mbps     0 retrans     13 KB-cwnd
[2024-11-05T16:50:28.227277-0600]     2.6250 MB /   0.50 sec =   44.0408 Mbps     0 retrans     13 KB-cwnd
[2024-11-05T16:50:28.727223-0600]     3.5000 MB /   0.50 sec =   58.7225 Mbps     0 retrans     13 KB-cwnd
[2024-11-05T16:50:29.227318-0600]     3.8125 MB /   0.50 sec =   63.9588 Mbps     0 retrans     13 KB-cwnd
[2024-11-05T16:50:29.727286-0600]     3.8750 MB /   0.50 sec =   65.0124 Mbps     0 retrans     13 KB-cwnd
[2024-11-05T16:50:30.227441-0600]     4.3125 MB /   0.50 sec =   72.3523 Mbps     0 retrans     13 KB-cwnd
[2024-11-05T16:50:30.727321-0600]     3.6875 MB /   0.50 sec =   61.8628 Mbps     0 retrans     13 KB-cwnd
[2024-11-05T16:50:31.227275-0600]     5.2500 MB /   0.50 sec =   88.0855 Mbps     0 retrans     13 KB-cwnd
[2024-11-05T16:50:31.727297-0600]     5.4375 MB /   0.50 sec =   91.2248 Mbps     0 retrans     13 KB-cwnd
[2024-11-05T16:50:32.227354-0600]     5.2500 MB /   0.50 sec =   88.0703 Mbps     0 retrans     13 KB-cwnd
[2024-11-05T16:50:32.727285-0600]     5.8750 MB /   0.50 sec =   98.5774 Mbps     0 retrans     13 KB-cwnd
[2024-11-05T16:50:33.227280-0600]     5.8750 MB /   0.50 sec =   98.5675 Mbps     0 retrans     13 KB-cwnd
[2024-11-05T16:50:33.727286-0600]     5.7500 MB /   0.50 sec =   96.4661 Mbps     0 retrans     13 KB-cwnd
[2024-11-05T16:50:34.227252-0600]     3.3125 MB /   0.50 sec =   55.5750 Mbps     0 retrans     13 KB-cwnd
[2024-11-05T16:50:34.727476-0600]     3.0625 MB /   0.50 sec =   51.3695 Mbps     0 retrans     13 KB-cwnd
[2024-11-05T16:50:35.227278-0600]     3.5625 MB /   0.50 sec =   59.7777 Mbps     0 retrans     13 KB-cwnd
[2024-11-05T16:50:35.727321-0600]     4.2500 MB /   0.50 sec =   71.3070 Mbps     0 retrans     13 KB-cwnd
[2024-11-05T16:50:36.227393-0600]     2.3125 MB /   0.50 sec =   38.7917 Mbps     0 retrans     13 KB-cwnd
[2024-11-05T16:50:36.727436-0600]     2.4375 MB /   0.50 sec =   40.8904 Mbps     0 retrans     13 KB-cwnd
[2024-11-05T16:50:37.227390-0600]     3.1875 MB /   0.50 sec =   53.4818 Mbps     0 retrans     13 KB-cwnd
[2024-11-05T16:50:37.727302-0600]     4.2500 MB /   0.50 sec =   71.3132 Mbps     0 retrans     13 KB-cwnd
[2024-11-05T16:50:38.227462-0600]     1.6875 MB /   0.50 sec =   28.3050 Mbps     0 retrans     13 KB-cwnd
[2024-11-05T16:50:38.727386-0600]     0.6250 MB /   0.50 sec =   10.4864 Mbps     0 retrans     13 KB-cwnd
[2024-11-05T16:50:39.227423-0600]     1.5625 MB /   0.50 sec =   26.2136 Mbps     0 retrans     13 KB-cwnd
[2024-11-05T16:50:39.727398-0600]     1.1875 MB /   0.50 sec =   19.9229 Mbps     0 retrans     13 KB-cwnd
[2024-11-05T16:50:40.227361-0600]     0.9375 MB /   0.50 sec =   15.7303 Mbps     0 retrans     13 KB-cwnd
[2024-11-05T16:50:40.727349-0600]     1.0000 MB /   0.50 sec =   16.7781 Mbps     0 retrans     13 KB-cwnd
[2024-11-05T16:50:41.227452-0600]     2.0625 MB /   0.50 sec =   34.5977 Mbps     0 retrans     13 KB-cwnd
[2024-11-05T16:50:41.727398-0600]     2.0000 MB /   0.50 sec =   33.5556 Mbps     0 retrans     13 KB-cwnd
[2024-11-05T16:50:42.227374-0600]     1.1875 MB /   0.50 sec =   19.9243 Mbps     0 retrans     13 KB-cwnd
[2024-11-05T16:50:42.727438-0600]     1.5625 MB /   0.50 sec =   26.2120 Mbps     0 retrans     13 KB-cwnd
[2024-11-05T16:50:43.227350-0600]     1.6250 MB /   0.50 sec =   27.2666 Mbps     0 retrans     13 KB-cwnd
[2024-11-05T16:50:43.727304-0600]     1.5625 MB /   0.50 sec =   26.2162 Mbps     0 retrans     13 KB-cwnd
[2024-11-05T16:50:44.227271-0600]     1.0625 MB /   0.50 sec =   17.8262 Mbps     0 retrans     13 KB-cwnd
[2024-11-05T16:50:44.727274-0600]     1.9375 MB /   0.50 sec =   32.5061 Mbps     0 retrans     13 KB-cwnd
[2024-11-05T16:50:45.227290-0600]     1.7500 MB /   0.50 sec =   29.3599 Mbps     0 retrans     13 KB-cwnd
[2024-11-05T16:50:45.727437-0600]     1.2500 MB /   0.50 sec =   20.9663 Mbps     0 retrans     13 KB-cwnd
[2024-11-05T16:50:46.227441-0600]     1.9375 MB /   0.50 sec =   32.5053 Mbps     0 retrans     13 KB-cwnd
[2024-11-05T16:50:46.727443-0600]     2.2500 MB /   0.50 sec =   37.7586 Mbps     0 retrans     13 KB-cwnd
[2024-11-05T16:50:47.227294-0600]     2.4375 MB /   0.50 sec =   40.8950 Mbps     0 retrans     13 KB-cwnd
[2024-11-05T16:50:47.727322-0600]     2.4375 MB /   0.50 sec =   40.8931 Mbps     0 retrans     13 KB-cwnd
[2024-11-05T16:50:48.227397-0600]     2.3750 MB /   0.50 sec =   39.8393 Mbps     0 retrans     13 KB-cwnd
[2024-11-05T16:50:48.727294-0600]     3.0625 MB /   0.50 sec =   51.3909 Mbps     0 retrans     14 KB-cwnd
[2024-11-05T16:50:49.227306-0600]     2.5000 MB /   0.50 sec =   41.9419 Mbps     0 retrans     14 KB-cwnd
[2024-11-05T16:50:49.727412-0600]     1.9375 MB /   0.50 sec =   32.4988 Mbps     0 retrans     14 KB-cwnd
[2024-11-05T16:50:50.227288-0600]     3.7500 MB /   0.50 sec =   62.9293 Mbps     0 retrans     14 KB-cwnd
[2024-11-05T16:50:50.727420-0600]     1.5625 MB /   0.50 sec =   26.2080 Mbps     0 retrans     14 KB-cwnd
[2024-11-05T16:50:51.227421-0600]     1.9375 MB /   0.50 sec =   32.5081 Mbps     0 retrans     14 KB-cwnd
[2024-11-05T16:50:51.727429-0600]     1.6250 MB /   0.50 sec =   27.2606 Mbps     0 retrans     14 KB-cwnd
[2024-11-05T16:50:52.227352-0600]     2.3125 MB /   0.50 sec =   38.8045 Mbps     0 retrans     14 KB-cwnd
[2024-11-05T16:50:52.727290-0600]     1.4375 MB /   0.50 sec =   24.1162 Mbps     0 retrans     14 KB-cwnd
[2024-11-05T16:50:53.227427-0600]     2.1875 MB /   0.50 sec =   36.6951 Mbps     0 retrans     26 KB-cwnd
[2024-11-05T16:50:53.727334-0600]     2.1250 MB /   0.50 sec =   35.6584 Mbps     0 retrans     26 KB-cwnd
[2024-11-05T16:50:54.227314-0600]     0.5000 MB /   0.50 sec =    8.3884 Mbps     0 retrans     26 KB-cwnd
[2024-11-05T16:50:54.727406-0600]     1.6875 MB /   0.50 sec =   28.3084 Mbps     0 retrans     26 KB-cwnd
[2024-11-05T16:50:55.227484-0600]     1.3125 MB /   0.50 sec =   22.0244 Mbps     0 retrans     26 KB-cwnd
[2024-11-05T16:50:55.727492-0600]     0.6250 MB /   0.50 sec =   10.4830 Mbps     0 retrans     26 KB-cwnd
[2024-11-05T16:50:56.227427-0600]     0.0000 MB /   0.50 sec =    0.0000 Mbps     0 retrans     26 KB-cwnd
[2024-11-05T16:50:56.727395-0600]     0.0000 MB /   0.50 sec =    0.0000 Mbps     0 retrans     26 KB-cwnd
[2024-11-05T16:50:57.227359-0600]     1.2500 MB /   0.50 sec =   20.9725 Mbps     0 retrans     26 KB-cwnd
[2024-11-05T16:50:57.727377-0600]     1.1250 MB /   0.50 sec =   18.8735 Mbps     0 retrans     26 KB-cwnd
[2024-11-05T16:50:58.227297-0600]     1.9375 MB /   0.50 sec =   32.5111 Mbps     0 retrans     26 KB-cwnd
[2024-11-05T16:50:58.727276-0600]     1.9375 MB /   0.50 sec =   32.5063 Mbps     0 retrans     26 KB-cwnd
[2024-11-05T16:50:59.227361-0600]     2.5625 MB /   0.50 sec =   42.9867 Mbps     0 retrans     26 KB-cwnd
[2024-11-05T16:50:59.727443-0600]     2.1875 MB /   0.50 sec =   36.7027 Mbps     0 retrans     26 KB-cwnd
[2024-11-05T16:51:00.227350-0600]     2.9375 MB /   0.50 sec =   49.2818 Mbps     0 retrans     26 KB-cwnd
[2024-11-05T16:51:00.727347-0600]     3.0625 MB /   0.50 sec =   51.3767 Mbps     0 retrans     26 KB-cwnd
[2024-11-05T16:51:01.227284-0600]     3.3750 MB /   0.50 sec =   56.6306 Mbps     0 retrans     26 KB-cwnd
[2024-11-05T16:51:01.727460-0600]     3.0000 MB /   0.50 sec =   50.3171 Mbps     0 retrans     26 KB-cwnd
[2024-11-05T16:51:02.227366-0600]     2.5000 MB /   0.50 sec =   41.9503 Mbps     0 retrans     26 KB-cwnd
[2024-11-05T16:51:02.727315-0600]     5.0000 MB /   0.50 sec =   83.8950 Mbps     0 retrans     26 KB-cwnd
[2024-11-05T16:51:03.227387-0600]     4.0625 MB /   0.50 sec =   68.1611 Mbps     0 retrans     26 KB-cwnd
[2024-11-05T16:51:03.727246-0600]     4.8750 MB /   0.50 sec =   81.7816 Mbps     0 retrans     26 KB-cwnd
[2024-11-05T16:51:04.227323-0600]     4.5000 MB /   0.50 sec =   75.4948 Mbps     0 retrans     26 KB-cwnd
[2024-11-05T16:51:04.727205-0600]     5.1875 MB /   0.50 sec =   87.0443 Mbps     0 retrans     26 KB-cwnd
[2024-11-05T16:51:05.227409-0600]     3.8750 MB /   0.50 sec =   64.9944 Mbps     0 retrans     26 KB-cwnd
[2024-11-05T16:51:05.727409-0600]     6.3125 MB /   0.50 sec =  105.9284 Mbps     0 retrans     26 KB-cwnd
[2024-11-05T16:51:06.227366-0600]     5.0625 MB /   0.50 sec =   84.9243 Mbps     0 retrans     26 KB-cwnd
[2024-11-05T16:51:06.727354-0600]     5.8750 MB /   0.50 sec =   98.5725 Mbps     0 retrans     26 KB-cwnd
[2024-11-05T16:51:07.227303-0600]     5.3750 MB /   0.50 sec =   90.1819 Mbps     0 retrans     26 KB-cwnd
[2024-11-05T16:51:07.727299-0600]     6.5000 MB /   0.50 sec =  109.0521 Mbps     0 retrans     26 KB-cwnd
[2024-11-05T16:51:08.227289-0600]     6.5625 MB /   0.50 sec =  110.1025 Mbps     0 retrans     26 KB-cwnd
[2024-11-05T16:51:08.727381-0600]     6.6250 MB /   0.50 sec =  111.1268 Mbps     0 retrans     26 KB-cwnd
[2024-11-05T16:51:09.227492-0600]     3.6875 MB /   0.50 sec =   61.8584 Mbps     0 retrans     26 KB-cwnd
[2024-11-05T16:51:09.727356-0600]     6.6875 MB /   0.50 sec =  112.2178 Mbps     0 retrans     26 KB-cwnd
[2024-11-05T16:51:10.227204-0600]     6.2500 MB /   0.50 sec =  104.8758 Mbps     0 retrans     26 KB-cwnd
[2024-11-05T16:51:10.727384-0600]     8.6250 MB /   0.50 sec =  144.6696 Mbps   102 retrans   1353 KB-cwnd
[2024-11-05T16:51:11.227329-0600]     8.6875 MB /   0.50 sec =  145.7783 Mbps     0 retrans   1353 KB-cwnd
[2024-11-05T16:51:11.727382-0600]     8.6875 MB /   0.50 sec =  145.7273 Mbps     0 retrans   1353 KB-cwnd
[2024-11-05T16:51:12.227298-0600]     9.4375 MB /   0.50 sec =  158.3622 Mbps     0 retrans   1353 KB-cwnd
[2024-11-05T16:51:12.727286-0600]    10.9375 MB /   0.50 sec =  183.5001 Mbps     0 retrans   1353 KB-cwnd
[2024-11-05T16:51:13.227323-0600]    10.3125 MB /   0.50 sec =  173.0116 Mbps     0 retrans   1353 KB-cwnd
[2024-11-05T16:51:13.727515-0600]    12.2500 MB /   0.50 sec =  205.4995 Mbps     7 retrans   2613 KB-cwnd
[2024-11-05T16:51:14.227279-0600]    11.8750 MB /   0.50 sec =  199.2561 Mbps     0 retrans   2613 KB-cwnd
[2024-11-05T16:51:14.727388-0600]     6.7500 MB /   0.50 sec =  113.2299 Mbps     0 retrans   2613 KB-cwnd
[2024-11-05T16:51:15.227380-0600]    15.8750 MB /   0.50 sec =  266.3575 Mbps     0 retrans   2613 KB-cwnd
[2024-11-05T16:51:15.727310-0600]    12.9375 MB /   0.50 sec =  217.0817 Mbps     4 retrans   3296 KB-cwnd
[2024-11-05T16:51:16.227312-0600]    13.4375 MB /   0.50 sec =  225.4308 Mbps     0 retrans   3296 KB-cwnd
[2024-11-05T16:51:16.727313-0600]    13.1875 MB /   0.50 sec =  221.2371 Mbps     0 retrans   3296 KB-cwnd
[2024-11-05T16:51:17.227284-0600]    13.7500 MB /   0.50 sec =  230.6992 Mbps     0 retrans   3296 KB-cwnd
[2024-11-05T16:51:17.727357-0600]    11.5000 MB /   0.50 sec =  192.9144 Mbps     0 retrans   3945 KB-cwnd
[2024-11-05T16:51:18.227326-0600]    12.0000 MB /   0.50 sec =  201.3463 Mbps     0 retrans   3945 KB-cwnd
[2024-11-05T16:51:18.727307-0600]    12.9375 MB /   0.50 sec =  217.0583 Mbps     0 retrans   3945 KB-cwnd
[2024-11-05T16:51:19.227444-0600]     8.3125 MB /   0.50 sec =  139.4299 Mbps     0 retrans   3945 KB-cwnd
[2024-11-05T16:51:19.727288-0600]    17.0625 MB /   0.50 sec =  286.3271 Mbps     2 retrans   4249 KB-cwnd
[2024-11-05T16:51:20.227322-0600]     3.5625 MB /   0.50 sec =   59.7686 Mbps     0 retrans   4249 KB-cwnd
[2024-11-05T16:51:20.727297-0600]    11.9375 MB /   0.50 sec =  200.2804 Mbps     0 retrans   4268 KB-cwnd
[2024-11-05T16:51:21.227286-0600]    12.6250 MB /   0.50 sec =  211.8124 Mbps     0 retrans   4268 KB-cwnd
[2024-11-05T16:51:21.727404-0600]    12.0000 MB /   0.50 sec =  201.2900 Mbps     0 retrans   4268 KB-cwnd
[2024-11-05T16:51:22.227392-0600]    13.5625 MB /   0.50 sec =  227.5301 Mbps     0 retrans   4486 KB-cwnd
[2024-11-05T16:51:22.727375-0600]    12.5000 MB /   0.50 sec =  209.7265 Mbps     0 retrans   4486 KB-cwnd
[2024-11-05T16:51:23.227385-0600]    13.8125 MB /   0.50 sec =  231.7566 Mbps     0 retrans   4486 KB-cwnd
[2024-11-05T16:51:23.727289-0600]    12.5000 MB /   0.50 sec =  209.7316 Mbps     3 retrans   4650 KB-cwnd
[2024-11-05T16:51:24.227530-0600]    13.6250 MB /   0.50 sec =  228.5813 Mbps     0 retrans   4674 KB-cwnd
[2024-11-05T16:51:24.727280-0600]    14.7500 MB /   0.50 sec =  247.4738 Mbps     0 retrans   4674 KB-cwnd
[2024-11-05T16:51:25.227313-0600]    14.1875 MB /   0.50 sec =  238.0196 Mbps     0 retrans   4674 KB-cwnd
[2024-11-05T16:51:25.727298-0600]    15.0625 MB /   0.50 sec =  252.7124 Mbps     2 retrans   4946 KB-cwnd
[2024-11-05T16:51:26.227293-0600]    15.7500 MB /   0.50 sec =  264.2427 Mbps     0 retrans   4895 KB-cwnd
[2024-11-05T16:51:26.727233-0600]    15.8125 MB /   0.50 sec =  265.2950 Mbps     0 retrans   4895 KB-cwnd
[2024-11-05T16:51:27.227310-0600]    14.4375 MB /   0.50 sec =  242.2191 Mbps     1 retrans   4384 KB-cwnd
[2024-11-05T16:51:27.727232-0600]    13.9375 MB /   0.50 sec =  233.8306 Mbps     0 retrans   4384 KB-cwnd
[2024-11-05T16:51:28.227428-0600]    11.6250 MB /   0.50 sec =  194.9903 Mbps     0 retrans   4384 KB-cwnd
[2024-11-05T16:51:28.727291-0600]    14.8125 MB /   0.50 sec =  248.5667 Mbps     0 retrans   4384 KB-cwnd
[2024-11-05T16:51:29.227289-0600]    13.2500 MB /   0.50 sec =  222.2999 Mbps     0 retrans   4747 KB-cwnd
[2024-11-05T16:51:29.727286-0600]    12.2500 MB /   0.50 sec =  205.5205 Mbps     0 retrans   4747 KB-cwnd
[2024-11-05T16:51:30.227479-0600]    12.9375 MB /   0.50 sec =  217.0483 Mbps     0 retrans   4747 KB-cwnd
[2024-11-05T16:51:30.727231-0600]     3.8750 MB /   0.50 sec =   65.0169 Mbps     0 retrans   4747 KB-cwnd
[2024-11-05T16:51:31.227302-0600]    11.4375 MB /   0.50 sec =  191.8775 Mbps     0 retrans   4747 KB-cwnd
[2024-11-05T16:51:31.727307-0600]    13.5625 MB /   0.50 sec =  227.5424 Mbps     0 retrans   4793 KB-cwnd
[2024-11-05T16:51:32.227304-0600]    14.0000 MB /   0.50 sec =  234.8744 Mbps     0 retrans   4793 KB-cwnd
[2024-11-05T16:51:32.727269-0600]    13.6875 MB /   0.50 sec =  229.6492 Mbps     0 retrans   4793 KB-cwnd
[2024-11-05T16:51:33.227323-0600]    12.5625 MB /   0.50 sec =  210.7549 Mbps     0 retrans   4793 KB-cwnd
[2024-11-05T16:51:33.727283-0600]    14.1250 MB /   0.50 sec =  236.9862 Mbps     1 retrans   4578 KB-cwnd
[2024-11-05T16:51:34.227219-0600]    13.3750 MB /   0.50 sec =  224.4029 Mbps     0 retrans   4578 KB-cwnd
[2024-11-05T16:51:34.727353-0600]    14.0000 MB /   0.50 sec =  234.8561 Mbps     0 retrans   4578 KB-cwnd
[2024-11-05T16:51:35.227331-0600]    14.3750 MB /   0.50 sec =  241.1720 Mbps     2 retrans   4680 KB-cwnd
[2024-11-05T16:51:35.727354-0600]    13.5625 MB /   0.50 sec =  227.5383 Mbps     0 retrans   4680 KB-cwnd
[2024-11-05T16:51:36.227398-0600]     9.6875 MB /   0.50 sec =  162.5078 Mbps     0 retrans   4680 KB-cwnd
[2024-11-05T16:51:36.727445-0600]     9.1875 MB /   0.50 sec =  154.1327 Mbps     0 retrans   4701 KB-cwnd
[2024-11-05T16:51:37.227355-0600]    12.9375 MB /   0.50 sec =  217.0965 Mbps     0 retrans   4728 KB-cwnd
[2024-11-05T16:51:37.727271-0600]    17.0000 MB /   0.50 sec =  285.2378 Mbps     1 retrans   4976 KB-cwnd
[2024-11-05T16:51:38.227298-0600]    13.1875 MB /   0.50 sec =  221.2469 Mbps     0 retrans   4976 KB-cwnd
[2024-11-05T16:51:38.727269-0600]    12.8750 MB /   0.50 sec =  216.0101 Mbps     0 retrans   4976 KB-cwnd
[2024-11-05T16:51:39.227422-0600]     6.5625 MB /   0.50 sec =  110.0727 Mbps     0 retrans   4976 KB-cwnd
[2024-11-05T16:51:39.727297-0600]    14.6250 MB /   0.50 sec =  245.4095 Mbps     1 retrans   5218 KB-cwnd
[2024-11-05T16:51:40.227305-0600]    14.6250 MB /   0.50 sec =  245.3825 Mbps     0 retrans   5218 KB-cwnd
[2024-11-05T16:51:40.727369-0600]    12.2500 MB /   0.50 sec =  205.4839 Mbps     0 retrans   5218 KB-cwnd
[2024-11-05T16:51:41.227291-0600]     4.8750 MB /   0.50 sec =   81.8035 Mbps     0 retrans   5218 KB-cwnd
[2024-11-05T16:51:41.727304-0600]    11.7500 MB /   0.50 sec =  197.1287 Mbps     6 retrans   4518 KB-cwnd
[2024-11-05T16:51:42.227306-0600]    12.0000 MB /   0.50 sec =  201.3302 Mbps     0 retrans   4518 KB-cwnd
[2024-11-05T16:51:42.727398-0600]     6.7500 MB /   0.50 sec =  113.2240 Mbps     0 retrans   4518 KB-cwnd
[2024-11-05T16:51:43.227482-0600]    15.9375 MB /   0.50 sec =  267.4024 Mbps     0 retrans   4518 KB-cwnd
[2024-11-05T16:51:43.727296-0600]    11.5000 MB /   0.50 sec =  192.9662 Mbps     0 retrans   4518 KB-cwnd
[2024-11-05T16:51:44.227396-0600]     8.2500 MB /   0.50 sec =  138.3868 Mbps     3 retrans   4707 KB-cwnd
[2024-11-05T16:51:44.727364-0600]     9.3750 MB /   0.50 sec =  157.2924 Mbps     0 retrans   4707 KB-cwnd
[2024-11-05T16:51:45.227224-0600]    12.5625 MB /   0.50 sec =  210.8017 Mbps     0 retrans   4707 KB-cwnd
[2024-11-05T16:51:45.727304-0600]    10.3125 MB /   0.50 sec =  173.0036 Mbps     0 retrans   4707 KB-cwnd
[2024-11-05T16:51:46.227298-0600]     8.7500 MB /   0.50 sec =  146.8006 Mbps     0 retrans   4707 KB-cwnd
[2024-11-05T16:51:46.727415-0600]     2.5000 MB /   0.50 sec =   41.9359 Mbps     0 retrans   4707 KB-cwnd
[2024-11-05T16:51:47.227537-0600]     8.0625 MB /   0.50 sec =  135.2328 Mbps     1 retrans   4753 KB-cwnd
[2024-11-05T16:51:47.727303-0600]    11.3125 MB /   0.50 sec =  189.8705 Mbps     0 retrans   4753 KB-cwnd
[2024-11-05T16:51:48.227327-0600]     6.2500 MB /   0.50 sec =  104.8563 Mbps     0 retrans   4753 KB-cwnd
[2024-11-05T16:51:48.727424-0600]     4.6875 MB /   0.50 sec =   78.6284 Mbps     0 retrans   4753 KB-cwnd
[2024-11-05T16:51:49.227379-0600]     3.0625 MB /   0.50 sec =   51.3861 Mbps     0 retrans   4753 KB-cwnd
[2024-11-05T16:51:49.727341-0600]     4.0625 MB /   0.50 sec =   68.1532 Mbps     0 retrans   4753 KB-cwnd
[2024-11-05T16:51:50.227447-0600]     5.7500 MB /   0.50 sec =   96.4619 Mbps     0 retrans   4753 KB-cwnd
[2024-11-05T16:51:50.727312-0600]     6.5625 MB /   0.50 sec =  110.1188 Mbps     0 retrans   4753 KB-cwnd
[2024-11-05T16:51:51.227507-0600]     7.3125 MB /   0.50 sec =  122.6584 Mbps     5 retrans   4053 KB-cwnd
[2024-11-05T16:51:51.727278-0600]     5.0625 MB /   0.50 sec =   84.9603 Mbps     0 retrans   4053 KB-cwnd
[2024-11-05T16:51:52.227223-0600]     7.6875 MB /   0.50 sec =  128.9805 Mbps     0 retrans   4010 KB-cwnd
[2024-11-05T16:51:52.727290-0600]     9.6250 MB /   0.50 sec =  161.4717 Mbps     0 retrans   4010 KB-cwnd
[2024-11-05T16:51:53.227295-0600]     9.9375 MB /   0.50 sec =  166.7219 Mbps     0 retrans   4010 KB-cwnd
[2024-11-05T16:51:53.727301-0600]    10.9375 MB /   0.50 sec =  183.5030 Mbps     0 retrans   4010 KB-cwnd
[2024-11-05T16:51:54.227279-0600]    10.6250 MB /   0.50 sec =  178.2601 Mbps    10 retrans   4010 KB-cwnd
[2024-11-05T16:51:54.727412-0600]    10.7500 MB /   0.50 sec =  180.3547 Mbps     0 retrans   4010 KB-cwnd
[2024-11-05T16:51:55.227289-0600]    11.1250 MB /   0.50 sec =  186.6443 Mbps     0 retrans   4010 KB-cwnd
[2024-11-05T16:51:55.727328-0600]    12.7500 MB /   0.50 sec =  213.9022 Mbps     0 retrans   4010 KB-cwnd
[2024-11-05T16:51:56.227190-0600]    12.3750 MB /   0.50 sec =  207.6413 Mbps    18 retrans      5 KB-cwnd
[2024-11-05T16:51:56.727308-0600]    15.3125 MB /   0.50 sec =  256.8795 Mbps     0 retrans      5 KB-cwnd
[2024-11-05T16:51:57.227312-0600]    14.6250 MB /   0.50 sec =  245.3535 Mbps     0 retrans      5 KB-cwnd
[2024-11-05T16:51:57.727371-0600]    14.4375 MB /   0.50 sec =  242.1993 Mbps     0 retrans      5 KB-cwnd
[2024-11-05T16:51:58.227289-0600]    14.8125 MB /   0.50 sec =  248.5513 Mbps     0 retrans   3668 KB-cwnd
[2024-11-05T16:51:58.727309-0600]    12.1250 MB /   0.50 sec =  203.4168 Mbps     0 retrans   3668 KB-cwnd
[2024-11-05T16:51:59.227310-0600]    16.0625 MB /   0.50 sec =  269.4905 Mbps     0 retrans   3668 KB-cwnd
[2024-11-05T16:51:59.727312-0600]    14.5000 MB /   0.50 sec =  243.2623 Mbps     0 retrans   5081 KB-cwnd
[2024-11-05T16:52:00.227344-0600]     8.1250 MB /   0.50 sec =  136.3111 Mbps     0 retrans   5081 KB-cwnd
[2024-11-05T16:52:00.727287-0600]    19.3125 MB /   0.50 sec =  324.0320 Mbps     0 retrans   5081 KB-cwnd
[2024-11-05T16:52:01.227310-0600]    13.8125 MB /   0.50 sec =  231.7334 Mbps     0 retrans   5081 KB-cwnd
[2024-11-05T16:52:01.727317-0600]     8.0625 MB /   0.50 sec =  135.2652 Mbps     0 retrans   5608 KB-cwnd
[2024-11-05T16:52:02.227299-0600]     8.6875 MB /   0.50 sec =  145.7506 Mbps     0 retrans   5608 KB-cwnd
[2024-11-05T16:52:02.727216-0600]    12.6250 MB /   0.50 sec =  211.8276 Mbps     0 retrans   5608 KB-cwnd
[2024-11-05T16:52:03.227348-0600]    13.9375 MB /   0.50 sec =  233.8151 Mbps     0 retrans   5608 KB-cwnd
[2024-11-05T16:52:03.727432-0600]    14.1250 MB /   0.50 sec =  236.9768 Mbps     0 retrans   5608 KB-cwnd
[2024-11-05T16:52:04.227280-0600]    12.9375 MB /   0.50 sec =  217.0635 Mbps     3 retrans   5272 KB-cwnd
[2024-11-05T16:52:04.727193-0600]    12.5000 MB /   0.50 sec =  209.7282 Mbps     0 retrans   5272 KB-cwnd
[2024-11-05T16:52:05.227312-0600]    13.1875 MB /   0.50 sec =  221.2279 Mbps     0 retrans   5272 KB-cwnd
[2024-11-05T16:52:05.727289-0600]    14.0000 MB /   0.50 sec =  234.8838 Mbps     2 retrans   5078 KB-cwnd
[2024-11-05T16:52:06.227363-0600]    14.6250 MB /   0.50 sec =  245.3324 Mbps     0 retrans   5078 KB-cwnd
[2024-11-05T16:52:06.727310-0600]    15.4375 MB /   0.50 sec =  259.0252 Mbps     0 retrans   5078 KB-cwnd
[2024-11-05T16:52:07.227298-0600]    14.5000 MB /   0.50 sec =  243.2745 Mbps     0 retrans   5078 KB-cwnd
[2024-11-05T16:52:07.727327-0600]    15.0625 MB /   0.50 sec =  252.7033 Mbps     0 retrans   4553 KB-cwnd
[2024-11-05T16:52:08.227202-0600]    13.9375 MB /   0.50 sec =  233.8572 Mbps     0 retrans   4553 KB-cwnd
[2024-11-05T16:52:08.727282-0600]    14.6250 MB /   0.50 sec =  245.3535 Mbps     0 retrans   4553 KB-cwnd
[2024-11-05T16:52:09.227326-0600]    14.6250 MB /   0.50 sec =  245.3599 Mbps     2 retrans   4325 KB-cwnd
[2024-11-05T16:52:09.727276-0600]    13.5625 MB /   0.50 sec =  227.5451 Mbps     0 retrans   4325 KB-cwnd
[2024-11-05T16:52:10.227298-0600]    13.1875 MB /   0.50 sec =  221.2513 Mbps     0 retrans   4325 KB-cwnd
[2024-11-05T16:52:10.727294-0600]    14.0625 MB /   0.50 sec =  235.9235 Mbps     0 retrans   4325 KB-cwnd
[2024-11-05T16:52:11.227303-0600]    13.6250 MB /   0.50 sec =  228.5928 Mbps     0 retrans   5186 KB-cwnd
[2024-11-05T16:52:11.727250-0600]    13.1875 MB /   0.50 sec =  221.2579 Mbps     0 retrans   5186 KB-cwnd
[2024-11-05T16:52:12.227405-0600]     5.6875 MB /   0.50 sec =   95.3966 Mbps     0 retrans   5186 KB-cwnd
[2024-11-05T16:52:12.727477-0600]    10.6875 MB /   0.50 sec =  179.3201 Mbps     0 retrans   5186 KB-cwnd
[2024-11-05T16:52:13.227423-0600]    15.2500 MB /   0.50 sec =  255.8485 Mbps     0 retrans   5186 KB-cwnd
[2024-11-05T16:52:13.727225-0600]    13.8125 MB /   0.50 sec =  231.7752 Mbps     0 retrans   4731 KB-cwnd
[2024-11-05T16:52:14.227309-0600]    12.9375 MB /   0.50 sec =  217.0487 Mbps     0 retrans   4731 KB-cwnd
[2024-11-05T16:52:14.727257-0600]    10.0000 MB /   0.50 sec =  167.7685 Mbps     0 retrans   4731 KB-cwnd
[2024-11-05T16:52:15.227525-0600]     9.1875 MB /   0.50 sec =  154.1182 Mbps     0 retrans   4731 KB-cwnd
[2024-11-05T16:52:15.727285-0600]    16.1250 MB /   0.50 sec =  270.5824 Mbps     0 retrans   4637 KB-cwnd
[2024-11-05T16:52:16.227274-0600]    11.4375 MB /   0.50 sec =  191.8783 Mbps     0 retrans   4637 KB-cwnd
[2024-11-05T16:52:16.727289-0600]    14.5000 MB /   0.50 sec =  243.2842 Mbps     0 retrans   4637 KB-cwnd
[2024-11-05T16:52:17.227458-0600]     7.6250 MB /   0.50 sec =  127.8930 Mbps     0 retrans   4637 KB-cwnd
[2024-11-05T16:52:17.727389-0600]    12.1875 MB /   0.50 sec =  204.4875 Mbps     2 retrans   4788 KB-cwnd
[2024-11-05T16:52:18.227447-0600]     8.2500 MB /   0.50 sec =  138.4035 Mbps     0 retrans   4788 KB-cwnd
End time: 1730847138403
