Start time: 1731015281779
[2024-11-07T16:34:42.726871-0500] nuttcp-r: v8.1.4: socket
[2024-11-07T16:34:42.728098-0500] nuttcp-r: buflen=65536, nstream=1, port=5102 tcp
[2024-11-07T16:34:42.728237-0500] nuttcp-r: interval reporting every 0.50 seconds
[2024-11-07T16:34:42.728352-0500] nuttcp-r: connect to 54.197.223.49 with RTT=54.844 ms af=inet
[2024-11-07T16:34:42.728462-0500] nuttcp-r: send window size = 1048576, receive window size = 4194304
[2024-11-07T16:34:42.728566-0500] nuttcp-r: available send window = 786432, available receive window = 3145728
[2024-11-07T16:34:42.728669-0500]     0.0000 MB /   0.50 sec =    0.0000 Mbps     0 retrans      0 KB-cwnd
[2024-11-07T16:34:43.226617-0500]     0.0625 MB /   0.50 sec =    1.0487 Mbps     0 retrans     13 KB-cwnd
[2024-11-07T16:34:43.726754-0500]     0.0625 MB /   0.50 sec =    1.0483 Mbps     0 retrans     13 KB-cwnd
[2024-11-07T16:34:44.228160-0500]     0.0625 MB /   0.50 sec =    1.0466 Mbps     0 retrans     13 KB-cwnd
[2024-11-07T16:34:44.727003-0500]     0.1250 MB /   0.50 sec =    2.1009 Mbps     0 retrans     13 KB-cwnd
[2024-11-07T16:34:45.226628-0500]     0.0625 MB /   0.50 sec =    1.0490 Mbps     0 retrans     13 KB-cwnd
[2024-11-07T16:34:45.727695-0500]     0.1875 MB /   0.50 sec =    3.1391 Mbps     0 retrans     13 KB-cwnd
[2024-11-07T16:34:46.226787-0500]     0.0625 MB /   0.50 sec =    1.0505 Mbps     0 retrans     13 KB-cwnd
[2024-11-07T16:34:46.726734-0500]     0.0625 MB /   0.50 sec =    1.0486 Mbps     0 retrans     13 KB-cwnd
[2024-11-07T16:34:47.226651-0500]     0.1875 MB /   0.50 sec =    3.1463 Mbps     0 retrans     13 KB-cwnd
[2024-11-07T16:34:47.726562-0500]     0.1875 MB /   0.50 sec =    3.1462 Mbps     0 retrans     13 KB-cwnd
[2024-11-07T16:34:48.226667-0500]     0.2500 MB /   0.50 sec =    4.1937 Mbps     0 retrans     13 KB-cwnd
[2024-11-07T16:34:48.726653-0500]     0.2500 MB /   0.50 sec =    4.1943 Mbps     0 retrans     13 KB-cwnd
[2024-11-07T16:34:49.226596-0500]     0.2500 MB /   0.50 sec =    4.1947 Mbps     0 retrans     13 KB-cwnd
[2024-11-07T16:34:49.726776-0500]     0.1875 MB /   0.50 sec =    3.1454 Mbps     0 retrans     13 KB-cwnd
[2024-11-07T16:34:50.226551-0500]     0.1250 MB /   0.50 sec =    2.0973 Mbps     0 retrans     13 KB-cwnd
[2024-11-07T16:34:50.727862-0500]     0.1875 MB /   0.50 sec =    3.1381 Mbps     0 retrans     13 KB-cwnd
[2024-11-07T16:34:51.226613-0500]     0.1875 MB /   0.50 sec =    3.1533 Mbps     0 retrans     13 KB-cwnd
[2024-11-07T16:34:51.726690-0500]     0.3750 MB /   0.50 sec =    6.2921 Mbps     0 retrans     13 KB-cwnd
[2024-11-07T16:34:52.226595-0500]     0.4375 MB /   0.50 sec =    7.3400 Mbps     0 retrans     13 KB-cwnd
[2024-11-07T16:34:52.726542-0500]     0.4375 MB /   0.50 sec =    7.3404 Mbps     0 retrans     13 KB-cwnd
[2024-11-07T16:34:53.226718-0500]     0.5000 MB /   0.50 sec =    8.3862 Mbps     0 retrans     13 KB-cwnd
[2024-11-07T16:34:53.726628-0500]     0.5000 MB /   0.50 sec =    8.3901 Mbps     0 retrans     13 KB-cwnd
[2024-11-07T16:34:54.226577-0500]     0.5625 MB /   0.50 sec =    9.4380 Mbps     0 retrans     13 KB-cwnd
[2024-11-07T16:34:54.726906-0500]     0.7500 MB /   0.50 sec =   12.5792 Mbps     0 retrans     13 KB-cwnd
[2024-11-07T16:34:55.226614-0500]     0.7500 MB /   0.50 sec =   12.5865 Mbps     0 retrans     13 KB-cwnd
[2024-11-07T16:34:55.726764-0500]     0.8125 MB /   0.50 sec =   13.6304 Mbps     0 retrans     13 KB-cwnd
[2024-11-07T16:34:56.226654-0500]     0.9375 MB /   0.50 sec =   15.7276 Mbps     0 retrans     13 KB-cwnd
[2024-11-07T16:34:56.726602-0500]     1.0625 MB /   0.50 sec =   17.8278 Mbps     0 retrans     13 KB-cwnd
[2024-11-07T16:34:57.226752-0500]     0.6875 MB /   0.50 sec =   11.5315 Mbps     0 retrans     13 KB-cwnd
[2024-11-07T16:34:57.726660-0500]     0.5625 MB /   0.50 sec =    9.4396 Mbps     0 retrans     13 KB-cwnd
[2024-11-07T16:34:58.226634-0500]     0.8125 MB /   0.50 sec =   13.6321 Mbps     0 retrans     13 KB-cwnd
[2024-11-07T16:34:58.726562-0500]     0.8125 MB /   0.50 sec =   13.6314 Mbps     0 retrans     13 KB-cwnd
[2024-11-07T16:34:59.226753-0500]     0.6875 MB /   0.50 sec =   11.5329 Mbps     0 retrans     13 KB-cwnd
[2024-11-07T16:34:59.726670-0500]     0.5625 MB /   0.50 sec =    9.4366 Mbps     0 retrans     13 KB-cwnd
[2024-11-07T16:35:00.226867-0500]     1.1875 MB /   0.50 sec =   19.9233 Mbps     0 retrans     13 KB-cwnd
[2024-11-07T16:35:00.726696-0500]     1.1250 MB /   0.50 sec =   18.8742 Mbps     0 retrans     13 KB-cwnd
[2024-11-07T16:35:01.227016-0500]     0.1875 MB /   0.50 sec =    3.1445 Mbps     0 retrans     13 KB-cwnd
[2024-11-07T16:35:01.727826-0500]     0.3750 MB /   0.50 sec =    6.2797 Mbps     0 retrans     13 KB-cwnd
[2024-11-07T16:35:02.226724-0500]     0.5000 MB /   0.50 sec =    8.4075 Mbps     0 retrans     13 KB-cwnd
[2024-11-07T16:35:02.726560-0500]     0.6250 MB /   0.50 sec =   10.4877 Mbps     0 retrans     13 KB-cwnd
[2024-11-07T16:35:03.226872-0500]     0.1250 MB /   0.50 sec =    2.0963 Mbps     0 retrans     13 KB-cwnd
[2024-11-07T16:35:03.726910-0500]     1.0625 MB /   0.50 sec =   17.8206 Mbps     0 retrans     13 KB-cwnd
[2024-11-07T16:35:04.226555-0500]     0.5625 MB /   0.50 sec =    9.4439 Mbps     0 retrans     13 KB-cwnd
[2024-11-07T16:35:04.726568-0500]     0.5625 MB /   0.50 sec =    9.4376 Mbps     0 retrans     13 KB-cwnd
[2024-11-07T16:35:05.226534-0500]     0.6875 MB /   0.50 sec =   11.5340 Mbps     0 retrans     13 KB-cwnd
[2024-11-07T16:35:05.726471-0500]     0.5625 MB /   0.50 sec =    9.4375 Mbps     0 retrans     13 KB-cwnd
[2024-11-07T16:35:06.226761-0500]     0.3125 MB /   0.50 sec =    5.2422 Mbps     0 retrans     13 KB-cwnd
[2024-11-07T16:35:06.726716-0500]     0.0000 MB /   0.50 sec =    0.0000 Mbps     0 retrans     13 KB-cwnd
[2024-11-07T16:35:07.226833-0500]     0.0000 MB /   0.50 sec =    0.0000 Mbps     0 retrans     13 KB-cwnd
[2024-11-07T16:35:07.726802-0500]     0.4375 MB /   0.50 sec =    7.3381 Mbps     0 retrans     13 KB-cwnd
[2024-11-07T16:35:08.226582-0500]     0.5000 MB /   0.50 sec =    8.3916 Mbps     0 retrans     13 KB-cwnd
[2024-11-07T16:35:08.727549-0500]     0.0000 MB /   0.50 sec =    0.0000 Mbps     0 retrans     13 KB-cwnd
[2024-11-07T16:35:09.226572-0500]     0.7500 MB /   0.50 sec =   12.6071 Mbps     0 retrans     13 KB-cwnd
[2024-11-07T16:35:09.726611-0500]     0.3750 MB /   0.50 sec =    6.2908 Mbps     0 retrans     13 KB-cwnd
[2024-11-07T16:35:10.226733-0500]     0.2500 MB /   0.50 sec =    4.1946 Mbps     0 retrans     13 KB-cwnd
[2024-11-07T16:35:10.726876-0500]     0.1875 MB /   0.50 sec =    3.1444 Mbps     0 retrans     13 KB-cwnd
[2024-11-07T16:35:11.226633-0500]     0.1250 MB /   0.50 sec =    2.0977 Mbps     0 retrans     13 KB-cwnd
[2024-11-07T16:35:11.726756-0500]     0.3750 MB /   0.50 sec =    6.2908 Mbps     0 retrans     13 KB-cwnd
[2024-11-07T16:35:12.226759-0500]     0.2500 MB /   0.50 sec =    4.1943 Mbps     0 retrans     13 KB-cwnd
[2024-11-07T16:35:12.726742-0500]     0.3125 MB /   0.50 sec =    5.2430 Mbps     0 retrans     13 KB-cwnd
[2024-11-07T16:35:13.226662-0500]     0.3750 MB /   0.50 sec =    6.2923 Mbps     0 retrans     13 KB-cwnd
[2024-11-07T16:35:13.726670-0500]     0.3750 MB /   0.50 sec =    6.2924 Mbps     0 retrans     13 KB-cwnd
[2024-11-07T16:35:14.226575-0500]     0.5000 MB /   0.50 sec =    8.3885 Mbps     0 retrans     13 KB-cwnd
[2024-11-07T16:35:14.726616-0500]     0.5000 MB /   0.50 sec =    8.3883 Mbps     0 retrans     13 KB-cwnd
[2024-11-07T16:35:15.226770-0500]     0.1875 MB /   0.50 sec =    3.1448 Mbps     0 retrans     13 KB-cwnd
[2024-11-07T16:35:15.727005-0500]     0.1875 MB /   0.50 sec =    3.1454 Mbps     0 retrans     13 KB-cwnd
[2024-11-07T16:35:16.226837-0500]     0.2500 MB /   0.50 sec =    4.1945 Mbps     0 retrans     13 KB-cwnd
[2024-11-07T16:35:16.726850-0500]     0.4375 MB /   0.50 sec =    7.3432 Mbps     0 retrans     13 KB-cwnd
[2024-11-07T16:35:17.226665-0500]     0.4375 MB /   0.50 sec =    7.3388 Mbps     0 retrans     13 KB-cwnd
[2024-11-07T16:35:17.727851-0500]     0.2500 MB /   0.50 sec =    4.1862 Mbps     0 retrans     13 KB-cwnd
[2024-11-07T16:35:18.226562-0500]     0.5000 MB /   0.50 sec =    8.4059 Mbps     0 retrans     13 KB-cwnd
[2024-11-07T16:35:18.726563-0500]     0.6250 MB /   0.50 sec =   10.4859 Mbps     0 retrans     13 KB-cwnd
[2024-11-07T16:35:19.226852-0500]     0.6250 MB /   0.50 sec =   10.4819 Mbps     0 retrans     13 KB-cwnd
[2024-11-07T16:35:19.727007-0500]     0.5625 MB /   0.50 sec =    9.4326 Mbps     0 retrans     13 KB-cwnd
[2024-11-07T16:35:20.226827-0500]     0.3125 MB /   0.50 sec =    5.2460 Mbps     0 retrans     13 KB-cwnd
[2024-11-07T16:35:20.727208-0500]     0.5625 MB /   0.50 sec =    9.4315 Mbps     0 retrans     13 KB-cwnd
[2024-11-07T16:35:21.226537-0500]     0.2500 MB /   0.50 sec =    4.1979 Mbps     0 retrans     13 KB-cwnd
[2024-11-07T16:35:21.726697-0500]     0.6250 MB /   0.50 sec =   10.4835 Mbps     0 retrans     13 KB-cwnd
[2024-11-07T16:35:22.227276-0500]     0.7500 MB /   0.50 sec =   12.5690 Mbps     0 retrans     13 KB-cwnd
[2024-11-07T16:35:22.726559-0500]     0.3750 MB /   0.50 sec =    6.3002 Mbps     0 retrans     13 KB-cwnd
[2024-11-07T16:35:23.227166-0500]     0.8750 MB /   0.50 sec =   14.6632 Mbps     0 retrans     13 KB-cwnd
[2024-11-07T16:35:23.726570-0500]     0.8125 MB /   0.50 sec =   13.6466 Mbps     0 retrans     13 KB-cwnd
[2024-11-07T16:35:24.226516-0500]     0.7500 MB /   0.50 sec =   12.5832 Mbps     0 retrans     13 KB-cwnd
[2024-11-07T16:35:24.726642-0500]     0.9375 MB /   0.50 sec =   15.7264 Mbps     0 retrans     13 KB-cwnd
[2024-11-07T16:35:25.226839-0500]     1.3125 MB /   0.50 sec =   22.0230 Mbps     0 retrans     13 KB-cwnd
[2024-11-07T16:35:25.726688-0500]     0.3750 MB /   0.50 sec =    6.2900 Mbps     0 retrans     13 KB-cwnd
[2024-11-07T16:35:26.226540-0500]     1.3750 MB /   0.50 sec =   23.0739 Mbps     0 retrans     13 KB-cwnd
[2024-11-07T16:35:26.726587-0500]     1.5625 MB /   0.50 sec =   26.2137 Mbps     0 retrans     13 KB-cwnd
[2024-11-07T16:35:27.226561-0500]     1.6250 MB /   0.50 sec =   27.2633 Mbps     0 retrans     13 KB-cwnd
[2024-11-07T16:35:27.726551-0500]     2.0000 MB /   0.50 sec =   33.5547 Mbps     0 retrans     13 KB-cwnd
[2024-11-07T16:35:28.226474-0500]     1.4375 MB /   0.50 sec =   24.1189 Mbps     0 retrans     13 KB-cwnd
[2024-11-07T16:35:28.726755-0500]     1.1875 MB /   0.50 sec =   19.9122 Mbps     0 retrans     13 KB-cwnd
[2024-11-07T16:35:29.227187-0500]     1.6875 MB /   0.50 sec =   28.2939 Mbps     0 retrans     13 KB-cwnd
[2024-11-07T16:35:29.726567-0500]     2.1875 MB /   0.50 sec =   36.7399 Mbps     0 retrans     13 KB-cwnd
[2024-11-07T16:35:30.226582-0500]     1.2500 MB /   0.50 sec =   20.9715 Mbps     0 retrans     13 KB-cwnd
[2024-11-07T16:35:30.726681-0500]     0.8125 MB /   0.50 sec =   13.6302 Mbps     0 retrans     13 KB-cwnd
[2024-11-07T16:35:31.226843-0500]     0.5000 MB /   0.50 sec =    8.3886 Mbps     0 retrans     13 KB-cwnd
[2024-11-07T16:35:31.726832-0500]     0.3125 MB /   0.50 sec =    5.2415 Mbps     0 retrans     13 KB-cwnd
[2024-11-07T16:35:32.227603-0500]     0.8750 MB /   0.50 sec =   14.6705 Mbps     0 retrans     13 KB-cwnd
[2024-11-07T16:35:32.727552-0500]     0.2500 MB /   0.50 sec =    4.1908 Mbps     0 retrans     13 KB-cwnd
[2024-11-07T16:35:33.226560-0500]     0.5625 MB /   0.50 sec =    9.4539 Mbps     0 retrans     13 KB-cwnd
[2024-11-07T16:35:33.726753-0500]     0.3125 MB /   0.50 sec =    5.2418 Mbps     0 retrans     13 KB-cwnd
[2024-11-07T16:35:34.226638-0500]     1.5000 MB /   0.50 sec =   25.1705 Mbps     0 retrans     13 KB-cwnd
[2024-11-07T16:35:34.726596-0500]     1.2500 MB /   0.50 sec =   20.9731 Mbps     0 retrans     13 KB-cwnd
[2024-11-07T16:35:35.226620-0500]     0.8750 MB /   0.50 sec =   14.6784 Mbps     0 retrans     13 KB-cwnd
[2024-11-07T16:35:35.726719-0500]     1.1250 MB /   0.50 sec =   18.8767 Mbps     0 retrans     13 KB-cwnd
[2024-11-07T16:35:36.226590-0500]     1.0625 MB /   0.50 sec =   17.8255 Mbps     0 retrans     13 KB-cwnd
[2024-11-07T16:35:36.726671-0500]     1.3750 MB /   0.50 sec =   23.0695 Mbps     0 retrans     13 KB-cwnd
[2024-11-07T16:35:37.226990-0500]     0.9375 MB /   0.50 sec =   15.7155 Mbps     0 retrans     13 KB-cwnd
[2024-11-07T16:35:37.726565-0500]     1.3750 MB /   0.50 sec =   23.0876 Mbps     0 retrans     13 KB-cwnd
[2024-11-07T16:35:38.226785-0500]     1.5000 MB /   0.50 sec =   25.1573 Mbps     0 retrans     13 KB-cwnd
[2024-11-07T16:35:38.726586-0500]     0.9375 MB /   0.50 sec =   15.7338 Mbps     0 retrans     13 KB-cwnd
[2024-11-07T16:35:39.226680-0500]     0.6250 MB /   0.50 sec =   10.4848 Mbps     0 retrans     13 KB-cwnd
[2024-11-07T16:35:39.726787-0500]     1.1875 MB /   0.50 sec =   19.9241 Mbps     0 retrans     13 KB-cwnd
[2024-11-07T16:35:40.226824-0500]     1.8750 MB /   0.50 sec =   31.4467 Mbps     0 retrans     13 KB-cwnd
[2024-11-07T16:35:40.727213-0500]     1.4375 MB /   0.50 sec =   24.0981 Mbps     0 retrans     13 KB-cwnd
[2024-11-07T16:35:41.226515-0500]     1.5000 MB /   0.50 sec =   25.1948 Mbps     0 retrans     13 KB-cwnd
[2024-11-07T16:35:41.727032-0500]     1.2500 MB /   0.50 sec =   20.9540 Mbps     0 retrans     13 KB-cwnd
[2024-11-07T16:35:42.226595-0500]     0.9375 MB /   0.50 sec =   15.7414 Mbps     0 retrans     13 KB-cwnd
[2024-11-07T16:35:42.726816-0500]     1.4375 MB /   0.50 sec =   24.1133 Mbps     0 retrans     13 KB-cwnd
[2024-11-07T16:35:43.226610-0500]     1.0000 MB /   0.50 sec =   16.7800 Mbps     0 retrans     13 KB-cwnd
[2024-11-07T16:35:43.726704-0500]     1.0625 MB /   0.50 sec =   17.8264 Mbps     0 retrans     13 KB-cwnd
[2024-11-07T16:35:44.226674-0500]     1.0625 MB /   0.50 sec =   17.8223 Mbps     0 retrans     13 KB-cwnd
[2024-11-07T16:35:44.726722-0500]     1.2500 MB /   0.50 sec =   20.9770 Mbps     0 retrans     13 KB-cwnd
[2024-11-07T16:35:45.226576-0500]     1.1250 MB /   0.50 sec =   18.8731 Mbps     0 retrans     13 KB-cwnd
[2024-11-07T16:35:45.726725-0500]     0.3750 MB /   0.50 sec =    6.2918 Mbps     0 retrans     13 KB-cwnd
[2024-11-07T16:35:46.226638-0500]     0.9375 MB /   0.50 sec =   15.7257 Mbps     0 retrans     13 KB-cwnd
[2024-11-07T16:35:46.726721-0500]     0.9375 MB /   0.50 sec =   15.7295 Mbps     0 retrans     13 KB-cwnd
[2024-11-07T16:35:47.227043-0500]     0.3750 MB /   0.50 sec =    6.2862 Mbps     0 retrans     13 KB-cwnd
[2024-11-07T16:35:47.726724-0500]     0.3750 MB /   0.50 sec =    6.2955 Mbps     0 retrans     13 KB-cwnd
[2024-11-07T16:35:48.227209-0500]     0.2500 MB /   0.50 sec =    4.1923 Mbps     0 retrans     13 KB-cwnd
[2024-11-07T16:35:48.727053-0500]     0.1250 MB /   0.50 sec =    2.0973 Mbps     0 retrans     13 KB-cwnd
[2024-11-07T16:35:49.226555-0500]     0.3750 MB /   0.50 sec =    6.2958 Mbps     0 retrans     13 KB-cwnd
[2024-11-07T16:35:49.726620-0500]     0.3750 MB /   0.50 sec =    6.2911 Mbps     0 retrans     13 KB-cwnd
[2024-11-07T16:35:50.226812-0500]     0.8125 MB /   0.50 sec =   13.6245 Mbps     0 retrans     13 KB-cwnd
[2024-11-07T16:35:50.726948-0500]     0.1875 MB /   0.50 sec =    3.1461 Mbps     0 retrans     13 KB-cwnd
[2024-11-07T16:35:51.227700-0500]     0.6875 MB /   0.50 sec =   11.5163 Mbps     0 retrans     13 KB-cwnd
[2024-11-07T16:35:51.726545-0500]     0.6250 MB /   0.50 sec =   10.5067 Mbps     0 retrans     13 KB-cwnd
[2024-11-07T16:35:52.226762-0500]     0.6875 MB /   0.50 sec =   11.5331 Mbps     0 retrans     13 KB-cwnd
[2024-11-07T16:35:52.726619-0500]     0.7500 MB /   0.50 sec =   12.5828 Mbps     0 retrans     13 KB-cwnd
[2024-11-07T16:35:53.226691-0500]     0.7500 MB /   0.50 sec =   12.5823 Mbps     0 retrans     13 KB-cwnd
[2024-11-07T16:35:53.726658-0500]     1.0000 MB /   0.50 sec =   16.7774 Mbps     0 retrans     13 KB-cwnd
[2024-11-07T16:35:54.226679-0500]     1.0625 MB /   0.50 sec =   17.8298 Mbps     0 retrans     13 KB-cwnd
[2024-11-07T16:35:54.726586-0500]     0.5625 MB /   0.50 sec =    9.4364 Mbps     0 retrans     13 KB-cwnd
[2024-11-07T16:35:55.227177-0500]     1.0625 MB /   0.50 sec =   17.8147 Mbps     0 retrans     13 KB-cwnd
[2024-11-07T16:35:55.726933-0500]     1.1875 MB /   0.50 sec =   19.9209 Mbps     0 retrans     13 KB-cwnd
[2024-11-07T16:35:56.226546-0500]     1.2500 MB /   0.50 sec =   20.9871 Mbps     0 retrans     13 KB-cwnd
[2024-11-07T16:35:56.726571-0500]     1.3125 MB /   0.50 sec =   22.0199 Mbps     0 retrans     13 KB-cwnd
[2024-11-07T16:35:57.226498-0500]     1.5625 MB /   0.50 sec =   26.2157 Mbps     0 retrans     13 KB-cwnd
[2024-11-07T16:35:57.726561-0500]     1.6875 MB /   0.50 sec =   28.3102 Mbps     0 retrans     13 KB-cwnd
[2024-11-07T16:35:58.226551-0500]     1.9375 MB /   0.50 sec =   32.5061 Mbps     0 retrans     13 KB-cwnd
[2024-11-07T16:35:58.726511-0500]     2.0000 MB /   0.50 sec =   33.5534 Mbps     0 retrans     13 KB-cwnd
[2024-11-07T16:35:59.227054-0500]     1.5625 MB /   0.50 sec =   26.1901 Mbps     0 retrans     13 KB-cwnd
[2024-11-07T16:35:59.726714-0500]     2.0000 MB /   0.50 sec =   33.5861 Mbps     0 retrans     13 KB-cwnd
[2024-11-07T16:36:00.226694-0500]     1.2500 MB /   0.50 sec =   20.9671 Mbps     0 retrans     13 KB-cwnd
[2024-11-07T16:36:00.726569-0500]     2.5000 MB /   0.50 sec =   41.9521 Mbps     0 retrans     13 KB-cwnd
[2024-11-07T16:36:01.226553-0500]     2.1875 MB /   0.50 sec =   36.7003 Mbps     0 retrans     13 KB-cwnd
[2024-11-07T16:36:01.726730-0500]     2.4375 MB /   0.50 sec =   40.8970 Mbps     0 retrans     13 KB-cwnd
[2024-11-07T16:36:02.226590-0500]     2.8750 MB /   0.50 sec =   48.2293 Mbps     0 retrans     13 KB-cwnd
[2024-11-07T16:36:02.726593-0500]     2.9375 MB /   0.50 sec =   49.2828 Mbps     0 retrans     13 KB-cwnd
[2024-11-07T16:36:03.226757-0500]     2.4375 MB /   0.50 sec =   40.8919 Mbps     0 retrans     13 KB-cwnd
[2024-11-07T16:36:03.726957-0500]     0.6875 MB /   0.50 sec =   11.5300 Mbps     0 retrans     13 KB-cwnd
[2024-11-07T16:36:04.226919-0500]     1.8125 MB /   0.50 sec =   30.4019 Mbps     0 retrans     13 KB-cwnd
[2024-11-07T16:36:04.726696-0500]     0.7500 MB /   0.50 sec =   12.5892 Mbps     0 retrans     13 KB-cwnd
[2024-11-07T16:36:05.227060-0500]     0.9375 MB /   0.50 sec =   15.7173 Mbps     0 retrans     13 KB-cwnd
[2024-11-07T16:36:05.726719-0500]     1.1875 MB /   0.50 sec =   19.9402 Mbps     0 retrans     13 KB-cwnd
[2024-11-07T16:36:06.227918-0500]     0.3750 MB /   0.50 sec =    6.2770 Mbps     0 retrans     13 KB-cwnd
[2024-11-07T16:36:06.726628-0500]     2.1875 MB /   0.50 sec =   36.7848 Mbps     0 retrans     13 KB-cwnd
[2024-11-07T16:36:07.226554-0500]     1.0625 MB /   0.50 sec =   17.8271 Mbps     0 retrans     13 KB-cwnd
[2024-11-07T16:36:07.726714-0500]     1.0625 MB /   0.50 sec =   17.8261 Mbps     0 retrans     13 KB-cwnd
[2024-11-07T16:36:08.227796-0500]     0.3125 MB /   0.50 sec =    5.2314 Mbps     0 retrans     13 KB-cwnd
[2024-11-07T16:36:08.726679-0500]     0.0625 MB /   0.50 sec =    1.0507 Mbps     0 retrans     13 KB-cwnd
[2024-11-07T16:36:09.227136-0500]     0.0000 MB /   0.50 sec =    0.0000 Mbps     0 retrans     13 KB-cwnd
[2024-11-07T16:36:09.726824-0500]     1.4375 MB /   0.50 sec =   24.1385 Mbps     0 retrans     13 KB-cwnd
[2024-11-07T16:36:10.226952-0500]     0.4375 MB /   0.50 sec =    7.3342 Mbps     0 retrans     13 KB-cwnd
[2024-11-07T16:36:10.726755-0500]     0.0000 MB /   0.50 sec =    0.0000 Mbps     0 retrans     13 KB-cwnd
[2024-11-07T16:36:11.227640-0500]     0.2500 MB /   0.50 sec =    4.1869 Mbps     0 retrans     13 KB-cwnd
[2024-11-07T16:36:11.726830-0500]     0.4375 MB /   0.50 sec =    7.3531 Mbps     0 retrans     13 KB-cwnd
[2024-11-07T16:36:12.226572-0500]     1.6250 MB /   0.50 sec =   27.2700 Mbps     0 retrans     13 KB-cwnd
[2024-11-07T16:36:12.726640-0500]     1.0625 MB /   0.50 sec =   17.8237 Mbps     0 retrans     13 KB-cwnd
[2024-11-07T16:36:13.226557-0500]     1.3125 MB /   0.50 sec =   22.0230 Mbps     0 retrans     13 KB-cwnd
[2024-11-07T16:36:13.726565-0500]     1.6250 MB /   0.50 sec =   27.2631 Mbps     0 retrans     13 KB-cwnd
[2024-11-07T16:36:14.226615-0500]     1.3750 MB /   0.50 sec =   23.0661 Mbps     0 retrans     13 KB-cwnd
[2024-11-07T16:36:14.726674-0500]     1.0625 MB /   0.50 sec =   17.8241 Mbps     0 retrans     13 KB-cwnd
[2024-11-07T16:36:15.226844-0500]     0.8125 MB /   0.50 sec =   13.6302 Mbps     0 retrans     13 KB-cwnd
[2024-11-07T16:36:15.726873-0500]     0.7500 MB /   0.50 sec =   12.5859 Mbps     0 retrans     13 KB-cwnd
[2024-11-07T16:36:16.227828-0500]     0.6250 MB /   0.50 sec =   10.4639 Mbps     0 retrans     13 KB-cwnd
[2024-11-07T16:36:16.726694-0500]     0.3750 MB /   0.50 sec =    6.3036 Mbps     0 retrans     13 KB-cwnd
[2024-11-07T16:36:17.227611-0500]     2.0000 MB /   0.50 sec =   33.4946 Mbps     0 retrans     13 KB-cwnd
[2024-11-07T16:36:17.726697-0500]     1.0000 MB /   0.50 sec =   16.8073 Mbps     0 retrans     13 KB-cwnd
[2024-11-07T16:36:18.227732-0500]     0.4375 MB /   0.50 sec =    7.3254 Mbps     0 retrans     13 KB-cwnd
[2024-11-07T16:36:18.726756-0500]     0.6250 MB /   0.50 sec =   10.5057 Mbps     0 retrans     13 KB-cwnd
[2024-11-07T16:36:19.226777-0500]     0.3750 MB /   0.50 sec =    6.2916 Mbps     0 retrans     13 KB-cwnd
[2024-11-07T16:36:19.726934-0500]     0.6875 MB /   0.50 sec =   11.5324 Mbps     0 retrans     13 KB-cwnd
[2024-11-07T16:36:20.226754-0500]     0.1875 MB /   0.50 sec =    3.1463 Mbps     0 retrans     13 KB-cwnd
[2024-11-07T16:36:20.726608-0500]     0.0000 MB /   0.50 sec =    0.0000 Mbps     0 retrans     13 KB-cwnd
[2024-11-07T16:36:21.226581-0500]     1.5000 MB /   0.50 sec =   25.1677 Mbps     0 retrans     13 KB-cwnd
[2024-11-07T16:36:21.726656-0500]     0.7500 MB /   0.50 sec =   12.5814 Mbps     0 retrans     13 KB-cwnd
[2024-11-07T16:36:22.226682-0500]     1.0625 MB /   0.50 sec =   17.8280 Mbps     0 retrans     13 KB-cwnd
[2024-11-07T16:36:22.726599-0500]     1.0625 MB /   0.50 sec =   17.8256 Mbps     0 retrans     13 KB-cwnd
[2024-11-07T16:36:23.226574-0500]     1.0000 MB /   0.50 sec =   16.7776 Mbps     0 retrans     13 KB-cwnd
[2024-11-07T16:36:23.726547-0500]     1.2500 MB /   0.50 sec =   20.9717 Mbps     0 retrans     13 KB-cwnd
[2024-11-07T16:36:24.226607-0500]     1.5000 MB /   0.50 sec =   25.1642 Mbps     0 retrans     13 KB-cwnd
[2024-11-07T16:36:24.726648-0500]     1.5625 MB /   0.50 sec =   26.2107 Mbps     0 retrans     13 KB-cwnd
[2024-11-07T16:36:25.226649-0500]     1.7500 MB /   0.50 sec =   29.3619 Mbps     0 retrans     13 KB-cwnd
[2024-11-07T16:36:25.726933-0500]     1.3125 MB /   0.50 sec =   22.0223 Mbps     0 retrans     13 KB-cwnd
[2024-11-07T16:36:26.228233-0500]     1.2500 MB /   0.50 sec =   20.9136 Mbps     0 retrans     13 KB-cwnd
[2024-11-07T16:36:26.726535-0500]     1.8750 MB /   0.50 sec =   31.5461 Mbps     0 retrans     13 KB-cwnd
[2024-11-07T16:36:27.226578-0500]     1.5625 MB /   0.50 sec =   26.2138 Mbps     0 retrans     13 KB-cwnd
[2024-11-07T16:36:27.726557-0500]     1.8750 MB /   0.50 sec =   31.4577 Mbps     0 retrans     13 KB-cwnd
[2024-11-07T16:36:28.226559-0500]     1.5000 MB /   0.50 sec =   25.1647 Mbps     0 retrans     13 KB-cwnd
[2024-11-07T16:36:28.726582-0500]     1.5625 MB /   0.50 sec =   26.2157 Mbps     0 retrans     13 KB-cwnd
[2024-11-07T16:36:29.226622-0500]     2.1875 MB /   0.50 sec =   36.6983 Mbps     0 retrans     13 KB-cwnd
[2024-11-07T16:36:29.726529-0500]     2.8750 MB /   0.50 sec =   48.2383 Mbps     0 retrans     13 KB-cwnd
[2024-11-07T16:36:30.226546-0500]     3.1250 MB /   0.50 sec =   52.4278 Mbps     0 retrans     13 KB-cwnd
[2024-11-07T16:36:30.726713-0500]     2.6875 MB /   0.50 sec =   45.0772 Mbps     0 retrans     13 KB-cwnd
[2024-11-07T16:36:31.226854-0500]     1.8750 MB /   0.50 sec =   31.4570 Mbps     0 retrans     13 KB-cwnd
[2024-11-07T16:36:31.726828-0500]     1.8125 MB /   0.50 sec =   30.4044 Mbps     0 retrans     13 KB-cwnd
[2024-11-07T16:36:32.226741-0500]     1.1250 MB /   0.50 sec =   18.8766 Mbps     0 retrans     13 KB-cwnd
[2024-11-07T16:36:32.726710-0500]     2.9375 MB /   0.50 sec =   49.2839 Mbps     0 retrans     13 KB-cwnd
[2024-11-07T16:36:33.227779-0500]     2.2500 MB /   0.50 sec =   37.6731 Mbps     0 retrans     13 KB-cwnd
[2024-11-07T16:36:33.726502-0500]     2.5000 MB /   0.50 sec =   42.0410 Mbps     0 retrans     13 KB-cwnd
[2024-11-07T16:36:34.226600-0500]     1.7500 MB /   0.50 sec =   29.3576 Mbps     0 retrans     13 KB-cwnd
[2024-11-07T16:36:34.726540-0500]     2.6875 MB /   0.50 sec =   45.0910 Mbps     0 retrans     13 KB-cwnd
[2024-11-07T16:36:35.227609-0500]     0.3125 MB /   0.50 sec =    5.2322 Mbps     0 retrans     13 KB-cwnd
[2024-11-07T16:36:35.726740-0500]     2.8750 MB /   0.50 sec =   48.3191 Mbps     0 retrans     13 KB-cwnd
[2024-11-07T16:36:36.226698-0500]     3.5625 MB /   0.50 sec =   59.7855 Mbps     0 retrans     13 KB-cwnd
[2024-11-07T16:36:36.726624-0500]     2.3750 MB /   0.50 sec =   39.8412 Mbps     0 retrans     13 KB-cwnd
[2024-11-07T16:36:37.226589-0500]     2.8125 MB /   0.50 sec =   47.1904 Mbps     0 retrans     13 KB-cwnd
[2024-11-07T16:36:37.727793-0500]     0.1250 MB /   0.50 sec =    2.0923 Mbps     0 retrans     13 KB-cwnd
[2024-11-07T16:36:38.226642-0500]     2.6250 MB /   0.50 sec =   44.1358 Mbps     0 retrans     13 KB-cwnd
[2024-11-07T16:36:38.726713-0500]     1.3750 MB /   0.50 sec =   23.0672 Mbps     0 retrans     13 KB-cwnd
[2024-11-07T16:36:39.227627-0500]     2.9375 MB /   0.50 sec =   49.1938 Mbps     0 retrans     13 KB-cwnd
[2024-11-07T16:36:39.726739-0500]     1.8125 MB /   0.50 sec =   30.4621 Mbps     0 retrans     13 KB-cwnd
[2024-11-07T16:36:40.226579-0500]     3.4375 MB /   0.50 sec =   57.6878 Mbps     0 retrans     13 KB-cwnd
[2024-11-07T16:36:40.726560-0500]     3.8125 MB /   0.50 sec =   63.9647 Mbps     0 retrans     13 KB-cwnd
[2024-11-07T16:36:41.226587-0500]     4.2500 MB /   0.50 sec =   71.3010 Mbps     0 retrans     13 KB-cwnd
[2024-11-07T16:36:41.726767-0500]     3.8125 MB /   0.50 sec =   63.9680 Mbps     0 retrans     13 KB-cwnd
[2024-11-07T16:36:42.226725-0500]     3.5625 MB /   0.50 sec =   59.7693 Mbps     0 retrans     13 KB-cwnd
[2024-11-07T16:36:42.726696-0500]     2.4375 MB /   0.50 sec =   40.8841 Mbps     0 retrans     14 KB-cwnd
End time: 1731015402886
