Start time: 1730678869615
[2024-11-03T17:07:51.045832-0700] nuttcp-r: v8.1.4: socket
[2024-11-03T17:07:51.047124-0700] nuttcp-r: buflen=65536, nstream=1, port=5101 tcp
[2024-11-03T17:07:51.047261-0700] nuttcp-r: interval reporting every 0.50 seconds
[2024-11-03T17:07:51.047507-0700] nuttcp-r: connect to 54.176.53.206 with RTT=92.750 ms af=inet
[2024-11-03T17:07:51.047619-0700] nuttcp-r: send window size = 1048576, receive window size = 4194304
[2024-11-03T17:07:51.047717-0700] nuttcp-r: available send window = 786432, available receive window = 3145728
[2024-11-03T17:07:51.047805-0700]     0.0000 MB /   0.50 sec =    0.0000 Mbps    -1 retrans
[2024-11-03T17:07:51.546273-0700]     0.0000 MB /   0.50 sec =    0.0000 Mbps     0 retrans
[2024-11-03T17:07:52.046226-0700]     0.0625 MB /   0.50 sec =    1.0483 Mbps     1 retrans
[2024-11-03T17:07:52.547220-0700]     0.0000 MB /   0.50 sec =    0.0000 Mbps     0 retrans
[2024-11-03T17:07:53.046382-0700]     0.0000 MB /   0.50 sec =    0.0000 Mbps     0 retrans
[2024-11-03T17:07:53.545930-0700]     0.0625 MB /   0.50 sec =    1.0486 Mbps     0 retrans
[2024-11-03T17:07:54.045766-0700]     0.0000 MB /   0.50 sec =    0.0000 Mbps     0 retrans
[2024-11-03T17:07:54.546769-0700]     0.0625 MB /   0.50 sec =    1.0465 Mbps     0 retrans
[2024-11-03T17:07:55.045681-0700]     0.0625 MB /   0.50 sec =    1.0508 Mbps     0 retrans
[2024-11-03T17:07:55.546125-0700]     0.0000 MB /   0.50 sec =    0.0000 Mbps     0 retrans
[2024-11-03T17:07:56.046889-0700]     0.0625 MB /   0.50 sec =    1.0471 Mbps     0 retrans
[2024-11-03T17:07:56.546659-0700]     0.0000 MB /   0.50 sec =    0.0000 Mbps     0 retrans
[2024-11-03T17:07:57.046834-0700]     0.0000 MB /   0.50 sec =    0.0000 Mbps     0 retrans
[2024-11-03T17:07:57.545980-0700]     0.0000 MB /   0.50 sec =    0.0000 Mbps     0 retrans
[2024-11-03T17:07:58.045970-0700]     0.0000 MB /   0.50 sec =    0.0000 Mbps     0 retrans
[2024-11-03T17:07:58.546989-0700]     0.0000 MB /   0.50 sec =    0.0000 Mbps     0 retrans
[2024-11-03T17:07:59.045895-0700]     0.0000 MB /   0.50 sec =    0.0000 Mbps     0 retrans
[2024-11-03T17:07:59.546800-0700]     0.0000 MB /   0.50 sec =    0.0000 Mbps     0 retrans
[2024-11-03T17:08:00.046035-0700]     0.0000 MB /   0.50 sec =    0.0000 Mbps     0 retrans
[2024-11-03T17:08:00.546906-0700]     0.0000 MB /   0.50 sec =    0.0000 Mbps     0 retrans
[2024-11-03T17:08:01.045829-0700]     0.0000 MB /   0.50 sec =    0.0000 Mbps     0 retrans
[2024-11-03T17:08:01.545989-0700]     0.0000 MB /   0.50 sec =    0.0000 Mbps     0 retrans
[2024-11-03T17:08:02.045975-0700]     0.0000 MB /   0.50 sec =    0.0000 Mbps     0 retrans
[2024-11-03T17:08:02.546821-0700]     0.0000 MB /   0.50 sec =    0.0000 Mbps     0 retrans
[2024-11-03T17:08:03.046693-0700]     0.0000 MB /   0.50 sec =    0.0000 Mbps     0 retrans
[2024-11-03T17:08:03.546001-0700]     0.0000 MB /   0.50 sec =    0.0000 Mbps     0 retrans
[2024-11-03T17:08:04.045899-0700]     0.0000 MB /   0.50 sec =    0.0000 Mbps     0 retrans
[2024-11-03T17:08:04.546795-0700]     0.0000 MB /   0.50 sec =    0.0000 Mbps     0 retrans
[2024-11-03T17:08:05.046008-0700]     0.0000 MB /   0.50 sec =    0.0000 Mbps     0 retrans
[2024-11-03T17:08:05.546880-0700]     0.0000 MB /   0.50 sec =    0.0000 Mbps     0 retrans
[2024-11-03T17:08:06.046845-0700]     0.0000 MB /   0.50 sec =    0.0000 Mbps     0 retrans
[2024-11-03T17:08:06.546679-0700]     0.0000 MB /   0.50 sec =    0.0000 Mbps     0 retrans
[2024-11-03T17:08:07.046992-0700]     0.0000 MB /   0.50 sec =    0.0000 Mbps     0 retrans
[2024-11-03T17:08:07.546694-0700]     0.0000 MB /   0.50 sec =    0.0000 Mbps     0 retrans
[2024-11-03T17:08:08.046880-0700]     0.0000 MB /   0.50 sec =    0.0000 Mbps     0 retrans
[2024-11-03T17:08:08.545924-0700]     0.0000 MB /   0.50 sec =    0.0000 Mbps     0 retrans
End time: 1730678990708
