Start time: 1730679001122
[2024-11-03T17:10:03.661102-0700] nuttcp-t: v8.1.4: socket
[2024-11-03T17:10:03.661946-0700] nuttcp-t: buflen=65536, nstream=1, port=5101 tcp -> 54.176.53.206
[2024-11-03T17:10:03.661999-0700] nuttcp-t: time limit = 120.00 seconds
[2024-11-03T17:10:03.662032-0700] nuttcp-t: connect to 54.176.53.206 with mss=1376, RTT=105.390 ms af=inet
[2024-11-03T17:10:03.662062-0700] nuttcp-t: send window size = 1048576, receive window size = 4194304
[2024-11-03T17:10:03.662093-0700] nuttcp-t: available send window = 786432, available receive window = 3145728
[2024-11-03T17:10:03.662120-0700] nuttcp-t: initial congestion window = 13 KB (10 packets)
[2024-11-03T17:10:03.662150-0700] nuttcp-r: v6.1.2: socket
[2024-11-03T17:10:03.662177-0700] nuttcp-r: buflen=65536, nstream=1, port=5101 tcp
[2024-11-03T17:10:03.662206-0700] nuttcp-r: interval reporting every 0.50 seconds
[2024-11-03T17:10:03.662234-0700] nuttcp-r: accept from 174.201.11.207
[2024-11-03T17:10:03.662265-0700] nuttcp-r: send window size = 450000000, receive window size = 450000000
[2024-11-03T17:10:03.662296-0700] nuttcp-r: available send window = 225000000, available receive window = 225000000
[2024-11-03T17:10:03.662324-0700]     0.0625 MB /   0.50 sec =    1.0485 Mbps     0 retrans    129 KB-cwnd
[2024-11-03T17:10:03.662352-0700]     0.1250 MB /   0.50 sec =    2.0969 Mbps     0 retrans    129 KB-cwnd
[2024-11-03T17:10:03.662377-0700]     0.0625 MB /   0.50 sec =    1.0487 Mbps     0 retrans    129 KB-cwnd
[2024-11-03T17:10:03.662403-0700]     0.0625 MB /   0.50 sec =    1.0485 Mbps     0 retrans    129 KB-cwnd
[2024-11-03T17:10:06.415674-0700]     0.0625 MB /   0.50 sec =    1.0486 Mbps     0 retrans    129 KB-cwnd
[2024-11-03T17:10:06.416105-0700]     0.0625 MB /   0.50 sec =    1.0487 Mbps     0 retrans    129 KB-cwnd
[2024-11-03T17:10:06.416235-0700]     0.0625 MB /   0.50 sec =    1.0485 Mbps     0 retrans    129 KB-cwnd
[2024-11-03T17:10:06.416349-0700]     0.0625 MB /   0.50 sec =    1.0486 Mbps     0 retrans    129 KB-cwnd
[2024-11-03T17:10:06.416457-0700]     0.0625 MB /   0.50 sec =    1.0484 Mbps     0 retrans    129 KB-cwnd
[2024-11-03T17:10:08.306462-0700]     0.0625 MB /   0.50 sec =    1.0488 Mbps     0 retrans    208 KB-cwnd
[2024-11-03T17:10:08.306930-0700]     0.0625 MB /   0.50 sec =    1.0486 Mbps     0 retrans    208 KB-cwnd
[2024-11-03T17:10:08.307068-0700]     0.0625 MB /   0.50 sec =    1.0486 Mbps     0 retrans    208 KB-cwnd
[2024-11-03T17:10:08.307180-0700]     0.1250 MB /   0.50 sec =    2.0971 Mbps     0 retrans    208 KB-cwnd
[2024-11-03T17:10:08.935704-0700]     0.0625 MB /   0.50 sec =    1.0485 Mbps     0 retrans    302 KB-cwnd
[2024-11-03T17:10:15.474932-0700]     0.0625 MB /   0.50 sec =    1.0486 Mbps   238 retrans    123 KB-cwnd
[2024-11-03T17:10:15.475633-0700]     0.0625 MB /   0.50 sec =    1.0486 Mbps     0 retrans    123 KB-cwnd
[2024-11-03T17:10:15.475797-0700]     0.0625 MB /   0.50 sec =    1.0486 Mbps     0 retrans    123 KB-cwnd
[2024-11-03T17:10:15.475919-0700]     0.0000 MB /   0.50 sec =    0.0000 Mbps     0 retrans    123 KB-cwnd
[2024-11-03T17:10:15.476025-0700]     0.0000 MB /   0.50 sec =    0.0000 Mbps     0 retrans    123 KB-cwnd
[2024-11-03T17:10:15.476171-0700]     0.0000 MB /   0.50 sec =    0.0000 Mbps     0 retrans    123 KB-cwnd
[2024-11-03T17:10:15.476271-0700]     0.0000 MB /   0.50 sec =    0.0000 Mbps     0 retrans    123 KB-cwnd
[2024-11-03T17:10:15.476369-0700]     0.0000 MB /   0.50 sec =    0.0000 Mbps     0 retrans    123 KB-cwnd
[2024-11-03T17:10:15.476468-0700]     0.0625 MB /   0.50 sec =    1.0486 Mbps     0 retrans    123 KB-cwnd
[2024-11-03T17:10:15.476570-0700]     0.0000 MB /   0.50 sec =    0.0000 Mbps     0 retrans    123 KB-cwnd
[2024-11-03T17:10:15.476670-0700]     0.0000 MB /   0.50 sec =    0.0000 Mbps     0 retrans    123 KB-cwnd
[2024-11-03T17:10:15.476768-0700]     0.0000 MB /   0.50 sec =    0.0000 Mbps     0 retrans    123 KB-cwnd
[2024-11-03T17:10:15.476867-0700]     0.2500 MB /   0.50 sec =    4.1944 Mbps     0 retrans    123 KB-cwnd
[2024-11-03T17:10:27.832719-0700]     0.1250 MB /   0.50 sec =    2.0971 Mbps   234 retrans     60 KB-cwnd
[2024-11-03T17:10:27.832968-0700]     0.0625 MB /   0.50 sec =    1.0486 Mbps     0 retrans     60 KB-cwnd
[2024-11-03T17:10:27.833033-0700]     0.0000 MB /   0.50 sec =    0.0000 Mbps     0 retrans     60 KB-cwnd
[2024-11-03T17:10:27.833084-0700]     0.0000 MB /   0.50 sec =    0.0000 Mbps     0 retrans     60 KB-cwnd
[2024-11-03T17:10:27.833129-0700]     0.0000 MB /   0.50 sec =    0.0000 Mbps     0 retrans     60 KB-cwnd
[2024-11-03T17:10:27.833174-0700]     0.0000 MB /   0.50 sec =    0.0000 Mbps     0 retrans     60 KB-cwnd
[2024-11-03T17:10:27.833219-0700]     0.0625 MB /   0.50 sec =    1.0486 Mbps     0 retrans     60 KB-cwnd
[2024-11-03T17:10:27.833263-0700]     0.0625 MB /   0.50 sec =    1.0485 Mbps     0 retrans     60 KB-cwnd
[2024-11-03T17:10:27.833309-0700]     0.0625 MB /   0.50 sec =    1.0486 Mbps     0 retrans     60 KB-cwnd
[2024-11-03T17:10:27.833353-0700]     0.0000 MB /   0.50 sec =    0.0000 Mbps     0 retrans     60 KB-cwnd
[2024-11-03T17:10:27.833396-0700]     0.0000 MB /   0.50 sec =    0.0000 Mbps     0 retrans     60 KB-cwnd
[2024-11-03T17:10:27.833438-0700]     0.0000 MB /   0.50 sec =    0.0000 Mbps     0 retrans     60 KB-cwnd
[2024-11-03T17:10:27.833482-0700]     0.0000 MB /   0.50 sec =    0.0000 Mbps     0 retrans     60 KB-cwnd
[2024-11-03T17:10:27.833524-0700]     0.0000 MB /   0.50 sec =    0.0000 Mbps     0 retrans     60 KB-cwnd
[2024-11-03T17:10:27.833567-0700]     0.0000 MB /   0.50 sec =    0.0000 Mbps     0 retrans     60 KB-cwnd
[2024-11-03T17:10:27.833611-0700]     0.1875 MB /   0.50 sec =    3.1459 Mbps     0 retrans     60 KB-cwnd
[2024-11-03T17:10:27.833654-0700]     0.0625 MB /   0.50 sec =    1.0486 Mbps     0 retrans     60 KB-cwnd
[2024-11-03T17:10:27.833698-0700]     0.0000 MB /   0.50 sec =    0.0000 Mbps     0 retrans     60 KB-cwnd
[2024-11-03T17:10:27.833741-0700]     0.0625 MB /   0.50 sec =    1.0485 Mbps     0 retrans     60 KB-cwnd
[2024-11-03T17:10:27.833784-0700]     0.0000 MB /   0.50 sec =    0.0000 Mbps     0 retrans     60 KB-cwnd
[2024-11-03T17:10:27.833827-0700]     0.0000 MB /   0.50 sec =    0.0000 Mbps     0 retrans     60 KB-cwnd
[2024-11-03T17:10:27.833870-0700]     0.0000 MB /   0.50 sec =    0.0000 Mbps     0 retrans     60 KB-cwnd
[2024-11-03T17:10:27.833914-0700]     0.0000 MB /   0.50 sec =    0.0000 Mbps     0 retrans     60 KB-cwnd
[2024-11-03T17:10:27.833958-0700]     0.0000 MB /   0.50 sec =    0.0000 Mbps     0 retrans     60 KB-cwnd
[2024-11-03T17:10:27.834001-0700]     0.0000 MB /   0.50 sec =    0.0000 Mbps     0 retrans     60 KB-cwnd
[2024-11-03T17:10:36.058555-0700]     0.1875 MB /   0.50 sec =    3.1457 Mbps    44 retrans     32 KB-cwnd
[2024-11-03T17:10:36.059135-0700]     0.0000 MB /   0.50 sec =    0.0000 Mbps     0 retrans     32 KB-cwnd
[2024-11-03T17:10:36.059296-0700]     0.0625 MB /   0.50 sec =    1.0486 Mbps     0 retrans     32 KB-cwnd
[2024-11-03T17:10:36.059579-0700]     0.0625 MB /   0.50 sec =    1.0485 Mbps     0 retrans     32 KB-cwnd
[2024-11-03T17:10:36.059699-0700]     0.0000 MB /   0.50 sec =    0.0000 Mbps     0 retrans     32 KB-cwnd
[2024-11-03T17:10:36.059807-0700]     0.0000 MB /   0.50 sec =    0.0000 Mbps     0 retrans     32 KB-cwnd
[2024-11-03T17:10:36.059917-0700]     0.0000 MB /   0.50 sec =    0.0000 Mbps     0 retrans     32 KB-cwnd
[2024-11-03T17:10:36.060019-0700]     0.0625 MB /   0.50 sec =    1.0486 Mbps     0 retrans     32 KB-cwnd
[2024-11-03T17:10:36.060117-0700]     0.0625 MB /   0.50 sec =    1.0486 Mbps     0 retrans     32 KB-cwnd
[2024-11-03T17:10:36.060224-0700]     0.1250 MB /   0.50 sec =    2.0973 Mbps     0 retrans     32 KB-cwnd
[2024-11-03T17:10:36.060321-0700]     0.0625 MB /   0.50 sec =    1.0485 Mbps     0 retrans     32 KB-cwnd
[2024-11-03T17:10:36.060421-0700]     0.0625 MB /   0.50 sec =    1.0486 Mbps     0 retrans     32 KB-cwnd
[2024-11-03T17:10:36.060521-0700]     0.0000 MB /   0.50 sec =    0.0000 Mbps     0 retrans     32 KB-cwnd
[2024-11-03T17:10:36.060621-0700]     0.0000 MB /   0.50 sec =    0.0000 Mbps     0 retrans     32 KB-cwnd
[2024-11-03T17:10:36.060757-0700]     0.0000 MB /   0.50 sec =    0.0000 Mbps     0 retrans     32 KB-cwnd
[2024-11-03T17:10:36.060865-0700]     0.0000 MB /   0.50 sec =    0.0000 Mbps     0 retrans     32 KB-cwnd
[2024-11-03T17:10:50.132694-0700]     0.0000 MB /   0.50 sec =    0.0000 Mbps    95 retrans     61 KB-cwnd
[2024-11-03T17:10:50.133090-0700]     0.0625 MB /   0.50 sec =    1.0486 Mbps     0 retrans     61 KB-cwnd
[2024-11-03T17:10:50.133221-0700]     0.0000 MB /   0.50 sec =    0.0000 Mbps     0 retrans     61 KB-cwnd
[2024-11-03T17:10:50.133331-0700]     0.0000 MB /   0.50 sec =    0.0000 Mbps     0 retrans     61 KB-cwnd
[2024-11-03T17:10:50.133433-0700]     0.0625 MB /   0.50 sec =    1.0486 Mbps     0 retrans     61 KB-cwnd
[2024-11-03T17:10:50.133532-0700]     0.0625 MB /   0.50 sec =    1.0485 Mbps     0 retrans     61 KB-cwnd
[2024-11-03T17:10:50.133631-0700]     0.0000 MB /   0.50 sec =    0.0000 Mbps     0 retrans     61 KB-cwnd
[2024-11-03T17:10:50.133729-0700]     0.0625 MB /   0.50 sec =    1.0485 Mbps     0 retrans     61 KB-cwnd
[2024-11-03T17:10:50.133825-0700]     0.0000 MB /   0.50 sec =    0.0000 Mbps     0 retrans     61 KB-cwnd
[2024-11-03T17:10:50.133919-0700]     0.0000 MB /   0.50 sec =    0.0000 Mbps     0 retrans     61 KB-cwnd
[2024-11-03T17:10:50.134014-0700]     0.0000 MB /   0.50 sec =    0.0000 Mbps     0 retrans     61 KB-cwnd
[2024-11-03T17:10:50.134108-0700]     0.0000 MB /   0.50 sec =    0.0000 Mbps     0 retrans     61 KB-cwnd
[2024-11-03T17:10:50.134203-0700]     0.0000 MB /   0.50 sec =    0.0000 Mbps     0 retrans     61 KB-cwnd
[2024-11-03T17:10:50.134302-0700]     0.0625 MB /   0.50 sec =    1.0486 Mbps     0 retrans     61 KB-cwnd
[2024-11-03T17:10:50.134398-0700]     0.0000 MB /   0.50 sec =    0.0000 Mbps     0 retrans     61 KB-cwnd
[2024-11-03T17:10:50.134493-0700]     0.0000 MB /   0.50 sec =    0.0000 Mbps     0 retrans     61 KB-cwnd
[2024-11-03T17:10:50.134589-0700]     0.0000 MB /   0.50 sec =    0.0000 Mbps     0 retrans     61 KB-cwnd
[2024-11-03T17:10:50.134686-0700]     0.0000 MB /   0.50 sec =    0.0000 Mbps     0 retrans     61 KB-cwnd
[2024-11-03T17:10:50.134789-0700]     0.0000 MB /   0.50 sec =    0.0000 Mbps     0 retrans     61 KB-cwnd
[2024-11-03T17:10:50.134884-0700]     0.0625 MB /   0.50 sec =    1.0486 Mbps     0 retrans     61 KB-cwnd
[2024-11-03T17:10:50.134979-0700]     0.0625 MB /   0.50 sec =    1.0486 Mbps     0 retrans     61 KB-cwnd
[2024-11-03T17:10:50.135075-0700]     0.0000 MB /   0.50 sec =    0.0000 Mbps     0 retrans     61 KB-cwnd
[2024-11-03T17:10:50.135170-0700]     0.0000 MB /   0.50 sec =    0.0000 Mbps     0 retrans     61 KB-cwnd
[2024-11-03T17:10:50.135266-0700]     0.0625 MB /   0.50 sec =    1.0486 Mbps     0 retrans     61 KB-cwnd
[2024-11-03T17:10:50.135456-0700]     0.0000 MB /   0.50 sec =    0.0000 Mbps     0 retrans     61 KB-cwnd
[2024-11-03T17:10:50.135559-0700]     0.0625 MB /   0.50 sec =    1.0487 Mbps     0 retrans     61 KB-cwnd
[2024-11-03T17:10:50.135656-0700]     0.0000 MB /   0.50 sec =    0.0000 Mbps     0 retrans     61 KB-cwnd
[2024-11-03T17:10:50.135754-0700]     0.0625 MB /   0.50 sec =    1.0486 Mbps     0 retrans     61 KB-cwnd
[2024-11-03T17:10:50.135849-0700]     0.0000 MB /   0.50 sec =    0.0000 Mbps     0 retrans     61 KB-cwnd
[2024-11-03T17:10:59.647522-0700]     0.0625 MB /   0.50 sec =    1.0487 Mbps     0 retrans     67 KB-cwnd
[2024-11-03T17:10:59.647981-0700]     0.0000 MB /   0.50 sec =    0.0000 Mbps     0 retrans     67 KB-cwnd
[2024-11-03T17:10:59.648123-0700]     0.0625 MB /   0.50 sec =    1.0485 Mbps     0 retrans     67 KB-cwnd
[2024-11-03T17:10:59.648236-0700]     0.0000 MB /   0.50 sec =    0.0000 Mbps     0 retrans     67 KB-cwnd
[2024-11-03T17:10:59.648339-0700]     0.0625 MB /   0.50 sec =    1.0484 Mbps     0 retrans     67 KB-cwnd
[2024-11-03T17:10:59.648440-0700]     0.0000 MB /   0.50 sec =    0.0000 Mbps     0 retrans     67 KB-cwnd
[2024-11-03T17:10:59.648539-0700]     0.0625 MB /   0.50 sec =    1.0486 Mbps     0 retrans     67 KB-cwnd
[2024-11-03T17:10:59.649160-0700]     0.0000 MB /   0.50 sec =    0.0000 Mbps     0 retrans     67 KB-cwnd
[2024-11-03T17:10:59.649264-0700]     0.0625 MB /   0.50 sec =    1.0486 Mbps     0 retrans     67 KB-cwnd
[2024-11-03T17:10:59.649363-0700]     0.0000 MB /   0.50 sec =    0.0000 Mbps     0 retrans     67 KB-cwnd
[2024-11-03T17:10:59.649461-0700]     0.0625 MB /   0.50 sec =    1.0485 Mbps     0 retrans     67 KB-cwnd
[2024-11-03T17:10:59.649561-0700]     0.0000 MB /   0.50 sec =    0.0000 Mbps     0 retrans     67 KB-cwnd
[2024-11-03T17:10:59.649659-0700]     0.0625 MB /   0.50 sec =    1.0486 Mbps     0 retrans     67 KB-cwnd
[2024-11-03T17:10:59.649757-0700]     0.0000 MB /   0.50 sec =    0.0000 Mbps     0 retrans     67 KB-cwnd
[2024-11-03T17:10:59.649857-0700]     0.0625 MB /   0.50 sec =    1.0487 Mbps     0 retrans     67 KB-cwnd
[2024-11-03T17:10:59.649956-0700]     0.0625 MB /   0.50 sec =    1.0486 Mbps     0 retrans     67 KB-cwnd
[2024-11-03T17:10:59.650052-0700]     0.0000 MB /   0.50 sec =    0.0000 Mbps     0 retrans     67 KB-cwnd
[2024-11-03T17:10:59.650150-0700]     0.0625 MB /   0.50 sec =    1.0485 Mbps     0 retrans     67 KB-cwnd
[2024-11-03T17:11:08.000378-0700]     0.0625 MB /   0.50 sec =    1.0486 Mbps     0 retrans     71 KB-cwnd
[2024-11-03T17:11:08.000968-0700]     0.0625 MB /   0.50 sec =    1.0486 Mbps     0 retrans     71 KB-cwnd
[2024-11-03T17:11:08.001127-0700]     0.0000 MB /   0.50 sec =    0.0000 Mbps     0 retrans     71 KB-cwnd
[2024-11-03T17:11:08.001248-0700]     0.0625 MB /   0.50 sec =    1.0486 Mbps     0 retrans     71 KB-cwnd
[2024-11-03T17:11:08.001355-0700]     0.0625 MB /   0.50 sec =    1.0486 Mbps     0 retrans     71 KB-cwnd
[2024-11-03T17:11:08.001458-0700]     0.0000 MB /   0.50 sec =    0.0000 Mbps     0 retrans     71 KB-cwnd
[2024-11-03T17:11:08.001559-0700]     0.0625 MB /   0.50 sec =    1.0486 Mbps     0 retrans     71 KB-cwnd
[2024-11-03T17:11:08.001661-0700]     0.0625 MB /   0.50 sec =    1.0456 Mbps     0 retrans     71 KB-cwnd
[2024-11-03T17:11:08.001767-0700]     0.0000 MB /   0.50 sec =    0.0000 Mbps     0 retrans     71 KB-cwnd
[2024-11-03T17:11:08.001869-0700]     0.0000 MB /   0.50 sec =    0.0000 Mbps     0 retrans     71 KB-cwnd
[2024-11-03T17:11:08.001970-0700]     0.0625 MB /   0.50 sec =    1.0483 Mbps     0 retrans     71 KB-cwnd
[2024-11-03T17:11:08.002070-0700]     0.0625 MB /   0.50 sec =    1.0489 Mbps     0 retrans     71 KB-cwnd
[2024-11-03T17:11:08.002171-0700]     0.0625 MB /   0.50 sec =    1.0486 Mbps     0 retrans     71 KB-cwnd
[2024-11-03T17:11:08.002275-0700]     0.0625 MB /   0.50 sec =    1.0486 Mbps     0 retrans     71 KB-cwnd
[2024-11-03T17:11:08.002375-0700]     0.0000 MB /   0.50 sec =    0.0000 Mbps     0 retrans     71 KB-cwnd
[2024-11-03T17:11:08.002472-0700]     0.0625 MB /   0.50 sec =    1.0486 Mbps     0 retrans     71 KB-cwnd
[2024-11-03T17:11:08.002570-0700]     0.0000 MB /   0.50 sec =    0.0000 Mbps     0 retrans     71 KB-cwnd
[2024-11-03T17:11:20.974925-0700]     0.0625 MB /   0.50 sec =    1.0487 Mbps   133 retrans     33 KB-cwnd
[2024-11-03T17:11:20.975511-0700]     0.0625 MB /   0.50 sec =    1.0485 Mbps     0 retrans     33 KB-cwnd
[2024-11-03T17:11:20.975652-0700]     0.0000 MB /   0.50 sec =    0.0000 Mbps     0 retrans     33 KB-cwnd
[2024-11-03T17:11:20.975762-0700]     0.0625 MB /   0.50 sec =    1.0485 Mbps     0 retrans     33 KB-cwnd
[2024-11-03T17:11:20.975868-0700]     0.0625 MB /   0.50 sec =    1.0486 Mbps     0 retrans     33 KB-cwnd
[2024-11-03T17:11:20.975968-0700]     0.0625 MB /   0.50 sec =    1.0486 Mbps     0 retrans     33 KB-cwnd
[2024-11-03T17:11:20.976067-0700]     0.0625 MB /   0.50 sec =    1.0486 Mbps     0 retrans     33 KB-cwnd
[2024-11-03T17:11:20.976165-0700]     0.0000 MB /   0.50 sec =    0.0000 Mbps     0 retrans     33 KB-cwnd
[2024-11-03T17:11:20.976262-0700]     0.0625 MB /   0.50 sec =    1.0486 Mbps     0 retrans     33 KB-cwnd
[2024-11-03T17:11:20.976363-0700]     0.0625 MB /   0.50 sec =    1.0486 Mbps     0 retrans     33 KB-cwnd
[2024-11-03T17:11:20.976459-0700]     0.0625 MB /   0.50 sec =    1.0486 Mbps     0 retrans     33 KB-cwnd
[2024-11-03T17:11:20.976596-0700]     0.0000 MB /   0.50 sec =    0.0000 Mbps     0 retrans     33 KB-cwnd
[2024-11-03T17:11:20.976698-0700]     0.0625 MB /   0.50 sec =    1.0486 Mbps     0 retrans     33 KB-cwnd
[2024-11-03T17:11:20.976798-0700]     0.0000 MB /   0.50 sec =    0.0000 Mbps     0 retrans     33 KB-cwnd
[2024-11-03T17:11:20.976898-0700]     0.0000 MB /   0.50 sec =    0.0000 Mbps     0 retrans     33 KB-cwnd
[2024-11-03T17:11:20.976994-0700]     0.0000 MB /   0.50 sec =    0.0000 Mbps     0 retrans     33 KB-cwnd
[2024-11-03T17:11:20.977090-0700]     0.0000 MB /   0.50 sec =    0.0000 Mbps     0 retrans     33 KB-cwnd
[2024-11-03T17:11:20.977186-0700]     0.0625 MB /   0.50 sec =    1.0488 Mbps     0 retrans     33 KB-cwnd
[2024-11-03T17:11:20.977282-0700]     0.0000 MB /   0.50 sec =    0.0000 Mbps     0 retrans     33 KB-cwnd
[2024-11-03T17:11:20.977377-0700]     0.0000 MB /   0.50 sec =    0.0000 Mbps     0 retrans     33 KB-cwnd
[2024-11-03T17:11:20.977471-0700]     0.0000 MB /   0.50 sec =    0.0000 Mbps     0 retrans     33 KB-cwnd
[2024-11-03T17:11:20.977566-0700]     0.0000 MB /   0.50 sec =    0.0000 Mbps     0 retrans     33 KB-cwnd
[2024-11-03T17:11:20.977661-0700]     0.0625 MB /   0.50 sec =    1.0486 Mbps     0 retrans     33 KB-cwnd
[2024-11-03T17:11:20.977756-0700]     0.0000 MB /   0.50 sec =    0.0000 Mbps     0 retrans     33 KB-cwnd
[2024-11-03T17:11:20.977854-0700]     0.0000 MB /   0.50 sec =    0.0000 Mbps     0 retrans     33 KB-cwnd
[2024-11-03T17:11:20.977948-0700]     0.0000 MB /   0.50 sec =    0.0000 Mbps     0 retrans     33 KB-cwnd
[2024-11-03T17:11:29.118984-0700]     0.0000 MB /   0.50 sec =    0.0000 Mbps    34 retrans     77 KB-cwnd
[2024-11-03T17:11:29.119260-0700]     0.0625 MB /   0.50 sec =    1.0486 Mbps     0 retrans     77 KB-cwnd
[2024-11-03T17:11:29.119306-0700]     0.0000 MB /   0.50 sec =    0.0000 Mbps     0 retrans     77 KB-cwnd
[2024-11-03T17:11:29.119383-0700]     0.0000 MB /   0.50 sec =    0.0000 Mbps     0 retrans     77 KB-cwnd
[2024-11-03T17:11:29.119417-0700]     0.0625 MB /   0.50 sec =    1.0486 Mbps     0 retrans     77 KB-cwnd
[2024-11-03T17:11:29.119448-0700]     0.0625 MB /   0.50 sec =    1.0486 Mbps     0 retrans     77 KB-cwnd
[2024-11-03T17:11:29.119477-0700]     0.0000 MB /   0.50 sec =    0.0000 Mbps     0 retrans     77 KB-cwnd
[2024-11-03T17:11:29.119506-0700]     0.0000 MB /   0.50 sec =    0.0000 Mbps     0 retrans     77 KB-cwnd
[2024-11-03T17:11:29.119534-0700]     0.0000 MB /   0.50 sec =    0.0000 Mbps     0 retrans     77 KB-cwnd
[2024-11-03T17:11:29.119563-0700]     0.0000 MB /   0.50 sec =    0.0000 Mbps     0 retrans     77 KB-cwnd
[2024-11-03T17:11:29.119592-0700]     0.1250 MB /   0.50 sec =    2.0973 Mbps     0 retrans     77 KB-cwnd
[2024-11-03T17:11:29.119620-0700]     0.0625 MB /   0.50 sec =    1.0485 Mbps     0 retrans     77 KB-cwnd
[2024-11-03T17:11:29.119649-0700]     0.0625 MB /   0.50 sec =    1.0484 Mbps     0 retrans     77 KB-cwnd
[2024-11-03T17:11:29.119678-0700]     0.0625 MB /   0.50 sec =    1.0487 Mbps     0 retrans     77 KB-cwnd
[2024-11-03T17:11:29.119707-0700]     0.0625 MB /   0.50 sec =    1.0486 Mbps     0 retrans     77 KB-cwnd
[2024-11-03T17:11:29.119735-0700]     0.0625 MB /   0.50 sec =    1.0484 Mbps     0 retrans     77 KB-cwnd
[2024-11-03T17:11:29.119762-0700]     0.0625 MB /   0.50 sec =    1.0488 Mbps     0 retrans     77 KB-cwnd
[2024-11-03T17:11:34.671240-0700]     0.0625 MB /   0.50 sec =    1.0486 Mbps     0 retrans     81 KB-cwnd
[2024-11-03T17:11:34.671850-0700]     0.0625 MB /   0.50 sec =    1.0486 Mbps     0 retrans     81 KB-cwnd
[2024-11-03T17:11:34.671998-0700]     0.0625 MB /   0.50 sec =    1.0486 Mbps     0 retrans     81 KB-cwnd
[2024-11-03T17:11:34.672110-0700]     0.0625 MB /   0.50 sec =    1.0485 Mbps     0 retrans     81 KB-cwnd
[2024-11-03T17:11:34.672214-0700]     0.1250 MB /   0.50 sec =    2.0971 Mbps     0 retrans     81 KB-cwnd
[2024-11-03T17:11:34.672314-0700]     0.0625 MB /   0.50 sec =    1.0486 Mbps     0 retrans     81 KB-cwnd
[2024-11-03T17:11:34.672449-0700]     0.0625 MB /   0.50 sec =    1.0486 Mbps     0 retrans     81 KB-cwnd
[2024-11-03T17:11:34.672553-0700]     0.0625 MB /   0.50 sec =    1.0484 Mbps     0 retrans     81 KB-cwnd
[2024-11-03T17:11:34.672651-0700]     0.0625 MB /   0.50 sec =    1.0487 Mbps     0 retrans     81 KB-cwnd
[2024-11-03T17:11:34.672747-0700]     0.0000 MB /   0.50 sec =    0.0000 Mbps     0 retrans     81 KB-cwnd
[2024-11-03T17:11:34.672844-0700]     0.0625 MB /   0.50 sec =    1.0486 Mbps     0 retrans     81 KB-cwnd
[2024-11-03T17:11:42.626531-0700]     0.0000 MB /   0.50 sec =    0.0000 Mbps    19 retrans     45 KB-cwnd
[2024-11-03T17:11:42.626954-0700]     0.0000 MB /   0.50 sec =    0.0000 Mbps     0 retrans     45 KB-cwnd
[2024-11-03T17:11:42.627091-0700]     0.0625 MB /   0.50 sec =    1.0486 Mbps     0 retrans     45 KB-cwnd
[2024-11-03T17:11:42.627204-0700]     0.0000 MB /   0.50 sec =    0.0000 Mbps     0 retrans     45 KB-cwnd
[2024-11-03T17:11:42.627307-0700]     0.0000 MB /   0.50 sec =    0.0000 Mbps     0 retrans     45 KB-cwnd
[2024-11-03T17:11:42.627493-0700]     0.0625 MB /   0.50 sec =    1.0486 Mbps     0 retrans     45 KB-cwnd
[2024-11-03T17:11:42.627598-0700]     0.1250 MB /   0.50 sec =    2.0971 Mbps     0 retrans     45 KB-cwnd
[2024-11-03T17:11:42.627698-0700]     0.0625 MB /   0.50 sec =    1.0486 Mbps     0 retrans     45 KB-cwnd
[2024-11-03T17:11:42.627919-0700]     0.1250 MB /   0.50 sec =    2.0970 Mbps     0 retrans     45 KB-cwnd
[2024-11-03T17:11:42.628015-0700]     0.0625 MB /   0.50 sec =    1.0486 Mbps     0 retrans     45 KB-cwnd
[2024-11-03T17:11:42.628342-0700]     0.0625 MB /   0.50 sec =    1.0486 Mbps     0 retrans     45 KB-cwnd
[2024-11-03T17:11:42.628770-0700]     0.0000 MB /   0.50 sec =    0.0000 Mbps     0 retrans     45 KB-cwnd
[2024-11-03T17:11:42.628865-0700]     0.0625 MB /   0.50 sec =    1.0486 Mbps     0 retrans     45 KB-cwnd
[2024-11-03T17:11:42.629115-0700]     0.0000 MB /   0.50 sec =    0.0000 Mbps     0 retrans     45 KB-cwnd
[2024-11-03T17:11:42.629322-0700]     0.0000 MB /   0.50 sec =    0.0000 Mbps     0 retrans     45 KB-cwnd
[2024-11-03T17:11:42.629416-0700]     0.0000 MB /   0.50 sec =    0.0000 Mbps     0 retrans     45 KB-cwnd
[2024-11-03T17:11:46.611483-0700]     0.0000 MB /   0.50 sec =    0.0000 Mbps    25 retrans     25 KB-cwnd
[2024-11-03T17:11:46.611911-0700]     0.0000 MB /   0.50 sec =    0.0000 Mbps     0 retrans     25 KB-cwnd
[2024-11-03T17:11:46.612051-0700]     0.0000 MB /   0.50 sec =    0.0000 Mbps     0 retrans     25 KB-cwnd
[2024-11-03T17:11:46.612166-0700]     0.0000 MB /   0.50 sec =    0.0000 Mbps     0 retrans     25 KB-cwnd
[2024-11-03T17:11:46.612269-0700]     0.0000 MB /   0.50 sec =    0.0000 Mbps     0 retrans     25 KB-cwnd
[2024-11-03T17:11:46.612366-0700]     0.0000 MB /   0.50 sec =    0.0000 Mbps     0 retrans     25 KB-cwnd
[2024-11-03T17:11:46.612464-0700]     0.0000 MB /   0.50 sec =    0.0000 Mbps     0 retrans     25 KB-cwnd
End time: 1730679122207
