Start time: 1731011654310
[2024-11-07T15:34:15.444678-0500] nuttcp-r: v8.1.4: socket
[2024-11-07T15:34:15.445625-0500] nuttcp-r: buflen=65536, nstream=1, port=5102 tcp
[2024-11-07T15:34:15.445860-0500] nuttcp-r: interval reporting every 0.50 seconds
[2024-11-07T15:34:15.446044-0500] nuttcp-r: connect to 54.197.223.49 with RTT=67.858 ms af=inet
[2024-11-07T15:34:15.446251-0500] nuttcp-r: send window size = 2097152, receive window size = 6291456
[2024-11-07T15:34:15.446312-0500] nuttcp-r: available send window = 1572864, available receive window = 4718592
[2024-11-07T15:34:15.446373-0500]     1.1875 MB /   0.50 sec =   19.9202 Mbps     0 retrans     13 KB-cwnd
[2024-11-07T15:34:15.944600-0500]     9.1250 MB /   0.50 sec =  153.0949 Mbps     0 retrans     13 KB-cwnd
[2024-11-07T15:34:16.444581-0500]    13.6875 MB /   0.50 sec =  229.6409 Mbps     0 retrans     13 KB-cwnd
[2024-11-07T15:34:16.944961-0500]    35.1250 MB /   0.50 sec =  589.2196 Mbps     0 retrans     13 KB-cwnd
[2024-11-07T15:34:17.444919-0500]    36.3125 MB /   0.50 sec =  609.3092 Mbps     0 retrans     13 KB-cwnd
[2024-11-07T15:34:17.944728-0500]    40.5625 MB /   0.50 sec =  680.3244 Mbps     0 retrans     13 KB-cwnd
[2024-11-07T15:34:18.444824-0500]    40.6875 MB /   0.50 sec =  682.6353 Mbps     0 retrans     14 KB-cwnd
[2024-11-07T15:34:18.944556-0500]    40.1875 MB /   0.50 sec =  674.4205 Mbps     0 retrans     24 KB-cwnd
[2024-11-07T15:34:19.444600-0500]    39.7500 MB /   0.50 sec =  666.8810 Mbps   559 retrans  11672 KB-cwnd
[2024-11-07T15:34:19.944561-0500]    38.1875 MB /   0.50 sec =  640.6953 Mbps     0 retrans  11672 KB-cwnd
[2024-11-07T15:34:20.444595-0500]    37.1250 MB /   0.50 sec =  622.7931 Mbps     0 retrans  10243 KB-cwnd
[2024-11-07T15:34:20.944581-0500]    40.3125 MB /   0.50 sec =  676.3572 Mbps     0 retrans  11276 KB-cwnd
[2024-11-07T15:34:21.444552-0500]    41.2500 MB /   0.50 sec =  692.1058 Mbps     0 retrans  10964 KB-cwnd
[2024-11-07T15:34:21.951455-0500]    39.3750 MB /   0.51 sec =  652.0738 Mbps     0 retrans  12313 KB-cwnd
[2024-11-07T15:34:22.444667-0500]    31.5000 MB /   0.49 sec =  535.4702 Mbps     0 retrans  12313 KB-cwnd
[2024-11-07T15:34:22.944995-0500]    37.8750 MB /   0.50 sec =  634.9177 Mbps     0 retrans  11476 KB-cwnd
[2024-11-07T15:34:23.444942-0500]    36.5000 MB /   0.50 sec =  612.5852 Mbps     0 retrans  11128 KB-cwnd
[2024-11-07T15:34:23.944951-0500]    37.8750 MB /   0.50 sec =  635.2478 Mbps   125 retrans   9864 KB-cwnd
[2024-11-07T15:34:24.444648-0500]    40.0625 MB /   0.50 sec =  672.6740 Mbps     0 retrans   9907 KB-cwnd
[2024-11-07T15:34:24.944675-0500]    39.6250 MB /   0.50 sec =  664.6071 Mbps     0 retrans   9543 KB-cwnd
[2024-11-07T15:34:25.444556-0500]    41.4375 MB /   0.50 sec =  695.3895 Mbps     0 retrans   9966 KB-cwnd
[2024-11-07T15:34:25.944545-0500]    40.8750 MB /   0.50 sec =  685.7824 Mbps     0 retrans   9966 KB-cwnd
[2024-11-07T15:34:26.444532-0500]    40.0000 MB /   0.50 sec =  671.0900 Mbps     0 retrans  11134 KB-cwnd
[2024-11-07T15:34:26.944691-0500]    38.7500 MB /   0.50 sec =  649.9468 Mbps     0 retrans  10499 KB-cwnd
[2024-11-07T15:34:27.444565-0500]    39.2500 MB /   0.50 sec =  658.6678 Mbps     0 retrans  10846 KB-cwnd
[2024-11-07T15:34:27.944650-0500]    39.8125 MB /   0.50 sec =  667.9509 Mbps     0 retrans  10827 KB-cwnd
[2024-11-07T15:34:28.444614-0500]    41.1875 MB /   0.50 sec =  690.9273 Mbps     0 retrans   9925 KB-cwnd
[2024-11-07T15:34:28.944711-0500]    42.0000 MB /   0.50 sec =  704.5712 Mbps     0 retrans   9632 KB-cwnd
[2024-11-07T15:34:29.444662-0500]    40.5000 MB /   0.50 sec =  679.5031 Mbps     0 retrans   9958 KB-cwnd
[2024-11-07T15:34:29.944600-0500]    42.8750 MB /   0.50 sec =  719.4253 Mbps     0 retrans  10873 KB-cwnd
[2024-11-07T15:34:30.444565-0500]    44.1875 MB /   0.50 sec =  741.3625 Mbps     0 retrans  11912 KB-cwnd
[2024-11-07T15:34:30.944709-0500]    43.7500 MB /   0.50 sec =  734.0091 Mbps     0 retrans  10641 KB-cwnd
[2024-11-07T15:34:31.444614-0500]    41.9375 MB /   0.50 sec =  703.5410 Mbps     0 retrans  10641 KB-cwnd
[2024-11-07T15:34:31.944576-0500]    40.6875 MB /   0.50 sec =  682.6680 Mbps     0 retrans  10496 KB-cwnd
[2024-11-07T15:34:32.444607-0500]    33.1250 MB /   0.50 sec =  555.7253 Mbps     0 retrans  10805 KB-cwnd
[2024-11-07T15:34:32.944670-0500]    23.8125 MB /   0.50 sec =  399.4715 Mbps   146 retrans  11118 KB-cwnd
[2024-11-07T15:34:33.444587-0500]    36.2500 MB /   0.50 sec =  608.2276 Mbps     0 retrans  11115 KB-cwnd
[2024-11-07T15:34:33.944580-0500]    40.9375 MB /   0.50 sec =  686.8393 Mbps     0 retrans  10211 KB-cwnd
[2024-11-07T15:34:34.444594-0500]    36.1875 MB /   0.50 sec =  607.0927 Mbps     0 retrans  12496 KB-cwnd
[2024-11-07T15:34:34.944595-0500]    41.7500 MB /   0.50 sec =  700.4810 Mbps  1156 retrans  11336 KB-cwnd
[2024-11-07T15:34:35.444556-0500]    34.1250 MB /   0.50 sec =  572.4939 Mbps    30 retrans  13096 KB-cwnd
[2024-11-07T15:34:35.944686-0500]    41.7500 MB /   0.50 sec =  700.5034 Mbps     0 retrans  13660 KB-cwnd
[2024-11-07T15:34:36.444578-0500]    33.6250 MB /   0.50 sec =  564.1249 Mbps     0 retrans  13661 KB-cwnd
[2024-11-07T15:34:36.944616-0500]    42.0625 MB /   0.50 sec =  705.6521 Mbps    35 retrans   9413 KB-cwnd
[2024-11-07T15:34:37.444749-0500]    42.0625 MB /   0.50 sec =  705.4744 Mbps     0 retrans  16242 KB-cwnd
[2024-11-07T15:34:37.944568-0500]    42.1875 MB /   0.50 sec =  708.0494 Mbps   516 retrans  11554 KB-cwnd
[2024-11-07T15:34:38.444684-0500]    43.5000 MB /   0.50 sec =  729.8031 Mbps     0 retrans  13335 KB-cwnd
[2024-11-07T15:34:38.944586-0500]    41.5625 MB /   0.50 sec =  697.2905 Mbps     0 retrans  13618 KB-cwnd
[2024-11-07T15:34:39.444622-0500]    47.3125 MB /   0.50 sec =  793.7562 Mbps     0 retrans  13357 KB-cwnd
[2024-11-07T15:34:39.944610-0500]    43.3125 MB /   0.50 sec =  726.6544 Mbps     0 retrans  12738 KB-cwnd
[2024-11-07T15:34:40.444684-0500]    39.2500 MB /   0.50 sec =  658.4425 Mbps     0 retrans  13704 KB-cwnd
[2024-11-07T15:34:40.944530-0500]    37.2500 MB /   0.50 sec =  625.0263 Mbps     0 retrans  13704 KB-cwnd
[2024-11-07T15:34:41.444724-0500]    41.2500 MB /   0.50 sec =  691.8692 Mbps     0 retrans  13712 KB-cwnd
[2024-11-07T15:34:41.944679-0500]    36.3125 MB /   0.50 sec =  609.2860 Mbps   352 retrans  12049 KB-cwnd
[2024-11-07T15:34:42.444576-0500]    36.3750 MB /   0.50 sec =  610.3909 Mbps     0 retrans  10569 KB-cwnd
[2024-11-07T15:34:42.944566-0500]    41.6875 MB /   0.50 sec =  699.4072 Mbps    27 retrans  11080 KB-cwnd
[2024-11-07T15:34:43.444629-0500]    43.5625 MB /   0.50 sec =  730.7932 Mbps   692 retrans  10530 KB-cwnd
[2024-11-07T15:34:43.944708-0500]    42.1875 MB /   0.50 sec =  707.8440 Mbps     0 retrans  11718 KB-cwnd
[2024-11-07T15:34:44.444550-0500]    34.3125 MB /   0.50 sec =  575.6774 Mbps     0 retrans  11718 KB-cwnd
[2024-11-07T15:34:44.944615-0500]    41.7500 MB /   0.50 sec =  700.3955 Mbps     0 retrans  14302 KB-cwnd
[2024-11-07T15:34:45.444760-0500]    32.0625 MB /   0.50 sec =  537.8399 Mbps     0 retrans  14302 KB-cwnd
[2024-11-07T15:34:45.944564-0500]    43.2500 MB /   0.50 sec =  725.7743 Mbps   467 retrans  10824 KB-cwnd
[2024-11-07T15:34:46.444534-0500]    39.0000 MB /   0.50 sec =  654.3441 Mbps     0 retrans  11581 KB-cwnd
[2024-11-07T15:34:46.944579-0500]    36.7500 MB /   0.50 sec =  616.5158 Mbps   856 retrans  10434 KB-cwnd
[2024-11-07T15:34:47.445871-0500]    30.3750 MB /   0.50 sec =  508.3594 Mbps     0 retrans  10434 KB-cwnd
[2024-11-07T15:34:47.944705-0500]    47.1875 MB /   0.50 sec =  793.4570 Mbps     0 retrans  14062 KB-cwnd
[2024-11-07T15:34:48.444566-0500]    42.0625 MB /   0.50 sec =  705.8582 Mbps   802 retrans  10606 KB-cwnd
[2024-11-07T15:34:48.944577-0500]    43.6250 MB /   0.50 sec =  731.8914 Mbps   166 retrans  10593 KB-cwnd
[2024-11-07T15:34:49.444620-0500]    42.9375 MB /   0.50 sec =  720.3732 Mbps     0 retrans  10458 KB-cwnd
[2024-11-07T15:34:49.944550-0500]    43.4375 MB /   0.50 sec =  728.8245 Mbps     0 retrans  10574 KB-cwnd
[2024-11-07T15:34:50.444713-0500]    41.6250 MB /   0.50 sec =  698.3013 Mbps     0 retrans  10375 KB-cwnd
[2024-11-07T15:34:50.944762-0500]    17.0000 MB /   0.50 sec =  285.2155 Mbps     0 retrans  10375 KB-cwnd
[2024-11-07T15:34:51.444558-0500]    31.6875 MB /   0.50 sec =  531.6259 Mbps     0 retrans  12122 KB-cwnd
[2024-11-07T15:34:51.944556-0500]    42.2500 MB /   0.50 sec =  708.8601 Mbps     0 retrans  12937 KB-cwnd
[2024-11-07T15:34:52.444600-0500]    40.1250 MB /   0.50 sec =  673.1521 Mbps     0 retrans   9880 KB-cwnd
[2024-11-07T15:34:52.944557-0500]    29.6250 MB /   0.50 sec =  497.0330 Mbps     0 retrans  10262 KB-cwnd
[2024-11-07T15:34:53.444589-0500]    37.5000 MB /   0.50 sec =  629.1393 Mbps     0 retrans  12396 KB-cwnd
[2024-11-07T15:34:53.944918-0500]    40.7500 MB /   0.50 sec =  683.4160 Mbps     0 retrans  14608 KB-cwnd
[2024-11-07T15:34:54.444557-0500]    37.8125 MB /   0.50 sec =  634.6360 Mbps   525 retrans  13365 KB-cwnd
[2024-11-07T15:34:54.944566-0500]    36.1250 MB /   0.50 sec =  606.0781 Mbps     0 retrans  11729 KB-cwnd
[2024-11-07T15:34:55.444899-0500]     9.6250 MB /   0.50 sec =  161.3777 Mbps     0 retrans  11729 KB-cwnd
[2024-11-07T15:34:55.944590-0500]    11.8125 MB /   0.50 sec =  198.2955 Mbps     0 retrans  11729 KB-cwnd
[2024-11-07T15:34:56.444701-0500]     9.2500 MB /   0.50 sec =  155.1629 Mbps     0 retrans  11729 KB-cwnd
[2024-11-07T15:34:56.944560-0500]    15.6250 MB /   0.50 sec =  262.1954 Mbps     0 retrans  11893 KB-cwnd
[2024-11-07T15:34:57.444657-0500]     1.0625 MB /   0.50 sec =   17.8228 Mbps     0 retrans  11893 KB-cwnd
[2024-11-07T15:34:57.944649-0500]    33.4375 MB /   0.50 sec =  561.0229 Mbps     0 retrans  11893 KB-cwnd
[2024-11-07T15:34:58.444591-0500]    24.1875 MB /   0.50 sec =  405.8095 Mbps     0 retrans  12197 KB-cwnd
[2024-11-07T15:34:58.944586-0500]    27.2500 MB /   0.50 sec =  457.2075 Mbps     0 retrans  12197 KB-cwnd
[2024-11-07T15:34:59.444557-0500]    31.9375 MB /   0.50 sec =  535.8438 Mbps  3009 retrans  10910 KB-cwnd
[2024-11-07T15:34:59.944606-0500]    36.5000 MB /   0.50 sec =  612.3353 Mbps     0 retrans   8144 KB-cwnd
[2024-11-07T15:35:00.444704-0500]    35.6250 MB /   0.50 sec =  597.7278 Mbps     1 retrans   9086 KB-cwnd
[2024-11-07T15:35:00.944556-0500]    39.5625 MB /   0.50 sec =  663.7433 Mbps     0 retrans   9086 KB-cwnd
[2024-11-07T15:35:01.444603-0500]    39.5625 MB /   0.50 sec =  663.7048 Mbps     0 retrans   8938 KB-cwnd
[2024-11-07T15:35:01.944563-0500]    41.6250 MB /   0.50 sec =  698.3935 Mbps     0 retrans  11287 KB-cwnd
[2024-11-07T15:35:02.444590-0500]    40.9375 MB /   0.50 sec =  686.7912 Mbps     0 retrans  12146 KB-cwnd
[2024-11-07T15:35:02.944593-0500]    44.9375 MB /   0.50 sec =  753.9201 Mbps     0 retrans  10501 KB-cwnd
[2024-11-07T15:35:03.444558-0500]    12.0625 MB /   0.50 sec =  202.3865 Mbps     0 retrans  10501 KB-cwnd
[2024-11-07T15:35:03.944468-0500]    40.7500 MB /   0.50 sec =  683.7153 Mbps     0 retrans  11276 KB-cwnd
[2024-11-07T15:35:04.444569-0500]    37.7500 MB /   0.50 sec =  633.2994 Mbps     0 retrans  10940 KB-cwnd
[2024-11-07T15:35:04.944621-0500]    40.8125 MB /   0.50 sec =  684.7420 Mbps     0 retrans  11341 KB-cwnd
[2024-11-07T15:35:05.444756-0500]    37.4375 MB /   0.50 sec =  627.8647 Mbps     0 retrans  12719 KB-cwnd
[2024-11-07T15:35:05.944563-0500]    41.6250 MB /   0.50 sec =  698.5821 Mbps     0 retrans  12784 KB-cwnd
[2024-11-07T15:35:06.444559-0500]    33.1250 MB /   0.50 sec =  555.7431 Mbps     0 retrans  12784 KB-cwnd
[2024-11-07T15:35:06.944572-0500]    38.3750 MB /   0.50 sec =  643.8308 Mbps     0 retrans  13177 KB-cwnd
[2024-11-07T15:35:07.444585-0500]    33.3125 MB /   0.50 sec =  558.8854 Mbps     0 retrans  12431 KB-cwnd
[2024-11-07T15:35:07.944556-0500]    39.6250 MB /   0.50 sec =  664.8078 Mbps   495 retrans  11139 KB-cwnd
[2024-11-07T15:35:08.444732-0500]    42.5000 MB /   0.50 sec =  713.0003 Mbps   837 retrans  11017 KB-cwnd
[2024-11-07T15:35:08.944579-0500]    39.5625 MB /   0.50 sec =  663.7539 Mbps     0 retrans  11017 KB-cwnd
[2024-11-07T15:35:09.444576-0500]    32.4375 MB /   0.50 sec =  544.2294 Mbps     0 retrans  10477 KB-cwnd
[2024-11-07T15:35:09.944597-0500]    18.6875 MB /   0.50 sec =  313.5073 Mbps     0 retrans  14512 KB-cwnd
[2024-11-07T15:35:10.444556-0500]    16.3750 MB /   0.50 sec =  274.7341 Mbps     0 retrans  14512 KB-cwnd
[2024-11-07T15:35:10.944740-0500]    11.8125 MB /   0.50 sec =  198.1365 Mbps     0 retrans  14512 KB-cwnd
[2024-11-07T15:35:11.444725-0500]     8.3125 MB /   0.50 sec =  139.4617 Mbps     0 retrans  14512 KB-cwnd
[2024-11-07T15:35:11.944538-0500]    27.8125 MB /   0.50 sec =  466.7358 Mbps    20 retrans  11002 KB-cwnd
[2024-11-07T15:35:12.444606-0500]    29.0000 MB /   0.50 sec =  486.4838 Mbps     2 retrans  12611 KB-cwnd
[2024-11-07T15:35:12.944730-0500]    34.7500 MB /   0.50 sec =  582.8777 Mbps     0 retrans  12611 KB-cwnd
[2024-11-07T15:35:13.444710-0500]    33.5000 MB /   0.50 sec =  562.0491 Mbps     5 retrans   6589 KB-cwnd
[2024-11-07T15:35:13.944570-0500]    31.6875 MB /   0.50 sec =  531.7812 Mbps     0 retrans   9874 KB-cwnd
[2024-11-07T15:35:14.444560-0500]    31.1250 MB /   0.50 sec =  522.1971 Mbps     0 retrans   9874 KB-cwnd
[2024-11-07T15:35:14.944549-0500]    35.0625 MB /   0.50 sec =  588.2535 Mbps     0 retrans   7982 KB-cwnd
[2024-11-07T15:35:15.444586-0500]    35.6875 MB /   0.50 sec =  598.7201 Mbps     0 retrans   8176 KB-cwnd
[2024-11-07T15:35:15.944478-0500]    35.8750 MB /   0.50 sec =  601.9127 Mbps     0 retrans   9479 KB-cwnd
[2024-11-07T15:35:16.444750-0500]    31.0625 MB /   0.50 sec =  521.1110 Mbps     0 retrans   9481 KB-cwnd
[2024-11-07T15:35:16.944607-0500]    30.0000 MB /   0.50 sec =  503.3255 Mbps     0 retrans   9608 KB-cwnd
[2024-11-07T15:35:17.444605-0500]    34.8750 MB /   0.50 sec =  585.1007 Mbps     0 retrans   8978 KB-cwnd
[2024-11-07T15:35:17.944561-0500]    29.5625 MB /   0.50 sec =  495.9834 Mbps     0 retrans   8978 KB-cwnd
[2024-11-07T15:35:18.444559-0500]    32.0000 MB /   0.50 sec =  536.8741 Mbps   396 retrans   9131 KB-cwnd
[2024-11-07T15:35:18.944627-0500]    33.0625 MB /   0.50 sec =  554.6579 Mbps     0 retrans   8364 KB-cwnd
[2024-11-07T15:35:19.444581-0500]    12.5625 MB /   0.50 sec =  210.7781 Mbps     0 retrans   8364 KB-cwnd
[2024-11-07T15:35:19.944583-0500]    35.0000 MB /   0.50 sec =  587.1767 Mbps     0 retrans   8852 KB-cwnd
[2024-11-07T15:35:20.444836-0500]    37.1250 MB /   0.50 sec =  622.5914 Mbps     0 retrans   8456 KB-cwnd
[2024-11-07T15:35:20.944564-0500]    40.3750 MB /   0.50 sec =  677.6973 Mbps     0 retrans   8876 KB-cwnd
[2024-11-07T15:35:21.444465-0500]    38.3750 MB /   0.50 sec =  643.8772 Mbps     0 retrans   9444 KB-cwnd
[2024-11-07T15:35:21.944632-0500]    39.3125 MB /   0.50 sec =  659.4185 Mbps     0 retrans   9874 KB-cwnd
[2024-11-07T15:35:22.444540-0500]    39.5625 MB /   0.50 sec =  663.8402 Mbps     0 retrans  10744 KB-cwnd
[2024-11-07T15:35:22.944603-0500]    35.9375 MB /   0.50 sec =  602.8685 Mbps     0 retrans  10999 KB-cwnd
[2024-11-07T15:35:23.444632-0500]    42.6875 MB /   0.50 sec =  716.1459 Mbps     0 retrans  11131 KB-cwnd
[2024-11-07T15:35:23.944611-0500]    38.0000 MB /   0.50 sec =  637.5444 Mbps     0 retrans  11037 KB-cwnd
[2024-11-07T15:35:24.444670-0500]    37.3125 MB /   0.50 sec =  626.0838 Mbps     0 retrans  11037 KB-cwnd
[2024-11-07T15:35:24.944562-0500]    36.5000 MB /   0.50 sec =  612.3647 Mbps     0 retrans  12393 KB-cwnd
[2024-11-07T15:35:25.444587-0500]    35.6250 MB /   0.50 sec =  597.6549 Mbps     0 retrans  11721 KB-cwnd
[2024-11-07T15:35:25.944555-0500]    39.6250 MB /   0.50 sec =  664.8304 Mbps     0 retrans  11497 KB-cwnd
[2024-11-07T15:35:26.444581-0500]    39.5000 MB /   0.50 sec =  662.6656 Mbps     0 retrans  10305 KB-cwnd
[2024-11-07T15:35:26.944592-0500]    32.8125 MB /   0.50 sec =  550.5332 Mbps     0 retrans  10308 KB-cwnd
[2024-11-07T15:35:27.444574-0500]    42.6250 MB /   0.50 sec =  715.1160 Mbps     0 retrans  10474 KB-cwnd
[2024-11-07T15:35:27.944566-0500]    43.3750 MB /   0.50 sec =  727.6783 Mbps     0 retrans  11349 KB-cwnd
[2024-11-07T15:35:28.444586-0500]    33.9375 MB /   0.50 sec =  569.4087 Mbps     0 retrans  11352 KB-cwnd
[2024-11-07T15:35:28.944665-0500]    42.1875 MB /   0.50 sec =  707.7676 Mbps     0 retrans  13045 KB-cwnd
[2024-11-07T15:35:29.444574-0500]    34.7500 MB /   0.50 sec =  583.0339 Mbps   199 retrans  13930 KB-cwnd
[2024-11-07T15:35:29.944582-0500]    43.6875 MB /   0.50 sec =  732.9356 Mbps     0 retrans  11669 KB-cwnd
[2024-11-07T15:35:30.444544-0500]    44.2500 MB /   0.50 sec =  742.4111 Mbps   116 retrans  10889 KB-cwnd
[2024-11-07T15:35:30.944561-0500]    43.2500 MB /   0.50 sec =  725.6102 Mbps     0 retrans  11024 KB-cwnd
[2024-11-07T15:35:31.444690-0500]    42.8750 MB /   0.50 sec =  719.3059 Mbps     0 retrans  11128 KB-cwnd
[2024-11-07T15:35:31.944653-0500]    44.4375 MB /   0.50 sec =  745.4734 Mbps     0 retrans  11128 KB-cwnd
[2024-11-07T15:35:32.444564-0500]    43.8750 MB /   0.50 sec =  736.1740 Mbps     0 retrans  13082 KB-cwnd
[2024-11-07T15:35:32.944547-0500]    43.6250 MB /   0.50 sec =  731.9148 Mbps     0 retrans  13023 KB-cwnd
[2024-11-07T15:35:33.444770-0500]    43.6250 MB /   0.50 sec =  731.6353 Mbps     0 retrans  11979 KB-cwnd
[2024-11-07T15:35:33.944605-0500]    40.8750 MB /   0.50 sec =  685.9690 Mbps     0 retrans  11957 KB-cwnd
[2024-11-07T15:35:34.444493-0500]    43.1250 MB /   0.50 sec =  723.5970 Mbps     0 retrans  10582 KB-cwnd
[2024-11-07T15:35:34.944602-0500]    41.8125 MB /   0.50 sec =  701.4623 Mbps     0 retrans  10927 KB-cwnd
[2024-11-07T15:35:35.444706-0500]    41.5625 MB /   0.50 sec =  697.1148 Mbps     0 retrans  11303 KB-cwnd
[2024-11-07T15:35:35.944580-0500]    43.1250 MB /   0.50 sec =  723.7172 Mbps     0 retrans  12030 KB-cwnd
[2024-11-07T15:35:36.444598-0500]    44.2500 MB /   0.50 sec =  742.3844 Mbps     0 retrans  10668 KB-cwnd
[2024-11-07T15:35:36.944642-0500]    40.5625 MB /   0.50 sec =  680.4170 Mbps     0 retrans  10865 KB-cwnd
[2024-11-07T15:35:37.444837-0500]    33.8750 MB /   0.50 sec =  568.3737 Mbps     0 retrans  10176 KB-cwnd
[2024-11-07T15:35:37.944564-0500]    44.5625 MB /   0.50 sec =  747.7065 Mbps     0 retrans  12194 KB-cwnd
[2024-11-07T15:35:38.444593-0500]    41.6875 MB /   0.50 sec =  699.3638 Mbps     0 retrans  12550 KB-cwnd
[2024-11-07T15:35:38.944599-0500]    39.1875 MB /   0.50 sec =  657.4532 Mbps     0 retrans  12097 KB-cwnd
[2024-11-07T15:35:39.444784-0500]    14.0625 MB /   0.50 sec =  235.8654 Mbps     0 retrans  11750 KB-cwnd
[2024-11-07T15:35:39.944529-0500]    44.8750 MB /   0.50 sec =  753.1577 Mbps     0 retrans  11260 KB-cwnd
[2024-11-07T15:35:40.444683-0500]    41.5000 MB /   0.50 sec =  696.0860 Mbps     0 retrans  11260 KB-cwnd
[2024-11-07T15:35:40.944700-0500]    39.1875 MB /   0.50 sec =  657.4177 Mbps     0 retrans  11373 KB-cwnd
[2024-11-07T15:35:41.444604-0500]    38.8750 MB /   0.50 sec =  652.3748 Mbps     0 retrans  12297 KB-cwnd
[2024-11-07T15:35:41.944467-0500]    43.4375 MB /   0.50 sec =  728.8245 Mbps     0 retrans  13362 KB-cwnd
[2024-11-07T15:35:42.444568-0500]    39.1875 MB /   0.50 sec =  657.4098 Mbps   245 retrans  13362 KB-cwnd
[2024-11-07T15:35:42.944729-0500]    44.1875 MB /   0.50 sec =  741.1654 Mbps     0 retrans  11088 KB-cwnd
[2024-11-07T15:35:43.444674-0500]    41.4375 MB /   0.50 sec =  695.3742 Mbps     0 retrans  13812 KB-cwnd
[2024-11-07T15:35:43.944585-0500]    36.8750 MB /   0.50 sec =  618.6549 Mbps     0 retrans  13812 KB-cwnd
[2024-11-07T15:35:44.444561-0500]    38.1250 MB /   0.50 sec =  639.6339 Mbps     0 retrans  14528 KB-cwnd
[2024-11-07T15:35:44.944595-0500]    37.8750 MB /   0.50 sec =  635.3850 Mbps     0 retrans  10846 KB-cwnd
[2024-11-07T15:35:45.444490-0500]    41.0625 MB /   0.50 sec =  688.9916 Mbps    62 retrans  11325 KB-cwnd
[2024-11-07T15:35:45.944594-0500]    35.0000 MB /   0.50 sec =  587.1603 Mbps     0 retrans  15672 KB-cwnd
[2024-11-07T15:35:46.444565-0500]    43.4375 MB /   0.50 sec =  728.7807 Mbps   795 retrans  12076 KB-cwnd
[2024-11-07T15:35:46.944580-0500]    43.3125 MB /   0.50 sec =  726.6733 Mbps   328 retrans  11519 KB-cwnd
[2024-11-07T15:35:47.444582-0500]    43.6250 MB /   0.50 sec =  731.8856 Mbps     0 retrans  11519 KB-cwnd
[2024-11-07T15:35:47.944598-0500]    33.5625 MB /   0.50 sec =  563.0966 Mbps     0 retrans  11242 KB-cwnd
[2024-11-07T15:35:48.444613-0500]    40.2500 MB /   0.50 sec =  675.2492 Mbps     0 retrans  10962 KB-cwnd
[2024-11-07T15:35:48.944550-0500]    32.7500 MB /   0.50 sec =  549.4868 Mbps     0 retrans  10501 KB-cwnd
[2024-11-07T15:35:49.444717-0500]    37.9375 MB /   0.50 sec =  636.4920 Mbps   185 retrans  10929 KB-cwnd
[2024-11-07T15:35:49.944571-0500]    38.1875 MB /   0.50 sec =  640.6735 Mbps     0 retrans  10929 KB-cwnd
[2024-11-07T15:35:50.444552-0500]    31.3125 MB /   0.50 sec =  525.3376 Mbps   603 retrans  10695 KB-cwnd
[2024-11-07T15:35:50.944565-0500]    10.0625 MB /   0.50 sec =  168.8214 Mbps     0 retrans  10695 KB-cwnd
[2024-11-07T15:35:51.444608-0500]    41.0000 MB /   0.50 sec =  687.8136 Mbps     0 retrans   9928 KB-cwnd
[2024-11-07T15:35:51.944607-0500]    39.3750 MB /   0.50 sec =  660.6148 Mbps     0 retrans  11040 KB-cwnd
[2024-11-07T15:35:52.444594-0500]    41.8750 MB /   0.50 sec =  702.5459 Mbps  1767 retrans  10313 KB-cwnd
[2024-11-07T15:35:52.944584-0500]    41.5000 MB /   0.50 sec =  696.2628 Mbps     0 retrans  13058 KB-cwnd
[2024-11-07T15:35:53.444570-0500]    40.0000 MB /   0.50 sec =  671.1047 Mbps     0 retrans  10816 KB-cwnd
[2024-11-07T15:35:53.944563-0500]    39.5625 MB /   0.50 sec =  663.7513 Mbps     0 retrans  10394 KB-cwnd
[2024-11-07T15:35:54.444535-0500]    30.6875 MB /   0.50 sec =  514.8642 Mbps     0 retrans  11546 KB-cwnd
[2024-11-07T15:35:54.944555-0500]    37.6875 MB /   0.50 sec =  632.2825 Mbps     0 retrans  11546 KB-cwnd
[2024-11-07T15:35:55.444598-0500]    32.0625 MB /   0.50 sec =  537.9120 Mbps     0 retrans  12829 KB-cwnd
[2024-11-07T15:35:55.944691-0500]    21.1875 MB /   0.50 sec =  355.4076 Mbps   367 retrans  12049 KB-cwnd
[2024-11-07T15:35:56.444469-0500]    16.8125 MB /   0.50 sec =  282.1375 Mbps     0 retrans  12049 KB-cwnd
[2024-11-07T15:35:56.944559-0500]    34.5625 MB /   0.50 sec =  579.8243 Mbps     0 retrans  10633 KB-cwnd
[2024-11-07T15:35:57.444485-0500]    41.0625 MB /   0.50 sec =  688.9475 Mbps     2 retrans   8975 KB-cwnd
[2024-11-07T15:35:57.944594-0500]    40.1250 MB /   0.50 sec =  673.1400 Mbps     0 retrans   4669 KB-cwnd
[2024-11-07T15:35:58.444550-0500]    41.4375 MB /   0.50 sec =  695.2184 Mbps     0 retrans  10579 KB-cwnd
[2024-11-07T15:35:58.944553-0500]    42.8125 MB /   0.50 sec =  718.2789 Mbps     0 retrans  10924 KB-cwnd
[2024-11-07T15:35:59.444558-0500]    42.8750 MB /   0.50 sec =  719.3275 Mbps     0 retrans  10065 KB-cwnd
[2024-11-07T15:35:59.944716-0500]    42.1875 MB /   0.50 sec =  707.7846 Mbps     0 retrans  10676 KB-cwnd
[2024-11-07T15:36:00.444561-0500]    37.8750 MB /   0.50 sec =  635.4358 Mbps     0 retrans  10722 KB-cwnd
[2024-11-07T15:36:00.944552-0500]    37.1250 MB /   0.50 sec =  622.8442 Mbps     0 retrans  11355 KB-cwnd
[2024-11-07T15:36:01.444607-0500]    40.0625 MB /   0.50 sec =  672.1197 Mbps     0 retrans  12539 KB-cwnd
[2024-11-07T15:36:01.944600-0500]    33.8750 MB /   0.50 sec =  568.3259 Mbps     0 retrans  12539 KB-cwnd
[2024-11-07T15:36:02.444546-0500]    38.9375 MB /   0.50 sec =  653.2733 Mbps     0 retrans  11465 KB-cwnd
[2024-11-07T15:36:02.944474-0500]    38.1250 MB /   0.50 sec =  639.6928 Mbps     0 retrans  11621 KB-cwnd
[2024-11-07T15:36:03.444688-0500]    31.3125 MB /   0.50 sec =  525.2000 Mbps     0 retrans  11965 KB-cwnd
[2024-11-07T15:36:03.944574-0500]    34.8750 MB /   0.50 sec =  585.2143 Mbps     0 retrans  11965 KB-cwnd
[2024-11-07T15:36:04.444567-0500]    39.6875 MB /   0.50 sec =  665.8471 Mbps     0 retrans  12095 KB-cwnd
[2024-11-07T15:36:04.944552-0500]    42.5000 MB /   0.50 sec =  713.0331 Mbps     1 retrans  11939 KB-cwnd
[2024-11-07T15:36:05.444695-0500]    42.1875 MB /   0.50 sec =  707.7945 Mbps     0 retrans  11239 KB-cwnd
[2024-11-07T15:36:05.944585-0500]    41.6250 MB /   0.50 sec =  698.3223 Mbps     0 retrans  11411 KB-cwnd
[2024-11-07T15:36:06.444580-0500]    38.8125 MB /   0.50 sec =  651.1553 Mbps     0 retrans  11293 KB-cwnd
[2024-11-07T15:36:06.944639-0500]    37.6250 MB /   0.50 sec =  631.1796 Mbps     0 retrans  11091 KB-cwnd
[2024-11-07T15:36:07.444552-0500]    40.7500 MB /   0.50 sec =  683.7741 Mbps     0 retrans  11747 KB-cwnd
[2024-11-07T15:36:07.944594-0500]    40.2500 MB /   0.50 sec =  675.2424 Mbps     0 retrans  11745 KB-cwnd
[2024-11-07T15:36:08.444571-0500]    40.6875 MB /   0.50 sec =  682.6557 Mbps     0 retrans  12272 KB-cwnd
[2024-11-07T15:36:08.944544-0500]    40.5625 MB /   0.50 sec =  680.5340 Mbps     0 retrans  15545 KB-cwnd
[2024-11-07T15:36:09.444515-0500]    40.6875 MB /   0.50 sec =  682.6134 Mbps     0 retrans  12402 KB-cwnd
[2024-11-07T15:36:09.944652-0500]    40.9375 MB /   0.50 sec =  686.7143 Mbps     0 retrans  12665 KB-cwnd
[2024-11-07T15:36:10.444538-0500]    35.7500 MB /   0.50 sec =  599.8923 Mbps     0 retrans  11139 KB-cwnd
[2024-11-07T15:36:10.944599-0500]    44.9375 MB /   0.50 sec =  753.9065 Mbps     0 retrans  12280 KB-cwnd
[2024-11-07T15:36:11.444689-0500]    27.8125 MB /   0.50 sec =  466.5174 Mbps     0 retrans  12280 KB-cwnd
[2024-11-07T15:36:11.944570-0500]    33.9375 MB /   0.50 sec =  569.4884 Mbps     0 retrans  12579 KB-cwnd
[2024-11-07T15:36:12.444597-0500]    25.5000 MB /   0.50 sec =  427.8105 Mbps     0 retrans  14969 KB-cwnd
[2024-11-07T15:36:12.944599-0500]    32.5625 MB /   0.50 sec =  546.2819 Mbps     0 retrans  15168 KB-cwnd
[2024-11-07T15:36:13.444718-0500]    37.2500 MB /   0.50 sec =  625.0075 Mbps     1 retrans  12130 KB-cwnd
[2024-11-07T15:36:13.944521-0500]    40.1875 MB /   0.50 sec =  674.2465 Mbps     0 retrans  15314 KB-cwnd
[2024-11-07T15:36:14.444717-0500]    33.8125 MB /   0.50 sec =  567.1106 Mbps     2 retrans  12286 KB-cwnd
[2024-11-07T15:36:14.944572-0500]    37.8125 MB /   0.50 sec =  634.5611 Mbps     0 retrans  11634 KB-cwnd
End time: 1731011775456
