Start time: 1730698639702
[2024-11-03T22:37:21.039201-0700] nuttcp-t: v8.1.4: socket
[2024-11-03T22:37:21.040592-0700] nuttcp-t: buflen=65536, nstream=1, port=5102 tcp -> 54.176.53.206
[2024-11-03T22:37:21.040741-0700] nuttcp-t: time limit = 120.00 seconds
[2024-11-03T22:37:21.040859-0700] nuttcp-t: connect to 54.176.53.206 with mss=1378, RTT=124.795 ms af=inet
[2024-11-03T22:37:21.041120-0700] nuttcp-t: send window size = 2097152, receive window size = 6291456
[2024-11-03T22:37:21.041253-0700] nuttcp-t: available send window = 1572864, available receive window = 4718592
[2024-11-03T22:37:21.041361-0700] nuttcp-t: initial congestion window = 13 KB (10 packets)
[2024-11-03T22:37:21.041465-0700] nuttcp-r: v6.1.2: socket
[2024-11-03T22:37:21.041569-0700] nuttcp-r: buflen=65536, nstream=1, port=5102 tcp
[2024-11-03T22:37:21.041670-0700] nuttcp-r: interval reporting every 0.50 seconds
[2024-11-03T22:37:21.041772-0700] nuttcp-r: accept from 108.147.35.129
[2024-11-03T22:37:21.041874-0700] nuttcp-r: send window size = 450000000, receive window size = 450000000
[2024-11-03T22:37:21.041977-0700] nuttcp-r: available send window = 225000000, available receive window = 225000000
[2024-11-03T22:37:21.042097-0700]     0.3125 MB /   0.50 sec =    5.2424 Mbps     0 retrans    454 KB-cwnd
[2024-11-03T22:37:22.275639-0700]     1.7500 MB /   0.50 sec =   29.3616 Mbps     0 retrans   1978 KB-cwnd
[2024-11-03T22:37:22.276036-0700]     1.6250 MB /   0.50 sec =   27.2625 Mbps     0 retrans   1978 KB-cwnd
[2024-11-03T22:37:23.191736-0700]     1.4375 MB /   0.50 sec =   24.1172 Mbps     0 retrans   1978 KB-cwnd
[2024-11-03T22:37:23.192182-0700]     1.3750 MB /   0.50 sec =   23.0691 Mbps     0 retrans   1978 KB-cwnd
[2024-11-03T22:37:24.341353-0700]     1.5625 MB /   0.50 sec =   26.2141 Mbps     0 retrans   1978 KB-cwnd
[2024-11-03T22:37:24.341756-0700]     1.0625 MB /   0.50 sec =   17.8255 Mbps     0 retrans   1978 KB-cwnd
[2024-11-03T22:37:25.532301-0700]     1.0625 MB /   0.50 sec =   17.8261 Mbps     0 retrans   1978 KB-cwnd
[2024-11-03T22:37:25.532744-0700]     1.0000 MB /   0.50 sec =   16.7773 Mbps     0 retrans   1978 KB-cwnd
[2024-11-03T22:37:25.532884-0700]     1.1875 MB /   0.50 sec =   19.9214 Mbps     0 retrans   1978 KB-cwnd
[2024-11-03T22:37:26.794762-0700]     1.2500 MB /   0.50 sec =   20.9732 Mbps     0 retrans   1978 KB-cwnd
[2024-11-03T22:37:26.795178-0700]     0.8750 MB /   0.50 sec =   14.6797 Mbps     0 retrans   1978 KB-cwnd
[2024-11-03T22:37:27.878781-0700]     1.0000 MB /   0.50 sec =   16.7779 Mbps     0 retrans   1978 KB-cwnd
[2024-11-03T22:37:27.879279-0700]     1.1250 MB /   0.50 sec =   18.8737 Mbps     0 retrans   1978 KB-cwnd
[2024-11-03T22:37:28.544400-0700]     1.5625 MB /   0.50 sec =   26.2083 Mbps     0 retrans   2110 KB-cwnd
[2024-11-03T22:37:28.544769-0700]     2.0625 MB /   0.50 sec =   34.6122 Mbps     0 retrans   2110 KB-cwnd
[2024-11-03T22:37:29.216565-0700]     1.8750 MB /   0.50 sec =   31.4573 Mbps     0 retrans   2110 KB-cwnd
[2024-11-03T22:37:29.953212-0700]     2.1250 MB /   0.50 sec =   35.6507 Mbps     0 retrans   2110 KB-cwnd
[2024-11-03T22:37:30.683782-0700]     1.6875 MB /   0.50 sec =   28.3123 Mbps     0 retrans   2110 KB-cwnd
[2024-11-03T22:37:30.684468-0700]     1.8125 MB /   0.50 sec =   30.4087 Mbps     0 retrans   2110 KB-cwnd
[2024-11-03T22:37:31.326146-0700]     2.1875 MB /   0.50 sec =   36.6996 Mbps     0 retrans   2110 KB-cwnd
[2024-11-03T22:37:31.963041-0700]     1.9375 MB /   0.50 sec =   32.5064 Mbps     0 retrans   2236 KB-cwnd
[2024-11-03T22:37:32.457346-0700]     2.1250 MB /   0.50 sec =   35.6515 Mbps     0 retrans   2276 KB-cwnd
[2024-11-03T22:37:32.919063-0700]     2.7500 MB /   0.50 sec =   46.1368 Mbps     0 retrans   2276 KB-cwnd
[2024-11-03T22:37:33.455491-0700]     2.6875 MB /   0.50 sec =   45.0883 Mbps     1 retrans   1839 KB-cwnd
[2024-11-03T22:37:33.983549-0700]     2.6250 MB /   0.50 sec =   44.0411 Mbps     0 retrans   1839 KB-cwnd
[2024-11-03T22:37:34.486973-0700]     2.5000 MB /   0.50 sec =   41.9423 Mbps     0 retrans   1839 KB-cwnd
[2024-11-03T22:37:35.089456-0700]     2.6250 MB /   0.50 sec =   44.0390 Mbps     0 retrans   1839 KB-cwnd
[2024-11-03T22:37:35.090246-0700]     2.2500 MB /   0.50 sec =   37.7477 Mbps     0 retrans   1839 KB-cwnd
[2024-11-03T22:37:35.655630-0700]     2.3125 MB /   0.50 sec =   38.7996 Mbps     0 retrans   1839 KB-cwnd
[2024-11-03T22:37:36.123503-0700]     2.6250 MB /   0.50 sec =   44.0393 Mbps     0 retrans   1839 KB-cwnd
[2024-11-03T22:37:36.738429-0700]     2.5625 MB /   0.50 sec =   42.9921 Mbps     0 retrans   1839 KB-cwnd
[2024-11-03T22:37:37.525523-0700]     1.6875 MB /   0.50 sec =   28.3107 Mbps     0 retrans   1839 KB-cwnd
[2024-11-03T22:37:37.526160-0700]     1.6875 MB /   0.50 sec =   28.3120 Mbps     0 retrans   1839 KB-cwnd
[2024-11-03T22:37:38.235545-0700]     1.8750 MB /   0.50 sec =   31.4578 Mbps     0 retrans   1839 KB-cwnd
[2024-11-03T22:37:38.963520-0700]     1.8125 MB /   0.50 sec =   30.4055 Mbps     0 retrans   1839 KB-cwnd
[2024-11-03T22:37:39.699364-0700]     1.8750 MB /   0.50 sec =   31.4609 Mbps     0 retrans   1839 KB-cwnd
[2024-11-03T22:37:39.699940-0700]     1.7500 MB /   0.50 sec =   29.3594 Mbps     0 retrans   1839 KB-cwnd
[2024-11-03T22:37:40.395105-0700]     1.9375 MB /   0.50 sec =   32.5055 Mbps     0 retrans   1839 KB-cwnd
[2024-11-03T22:37:41.157665-0700]     1.8750 MB /   0.50 sec =   31.4585 Mbps     0 retrans   1839 KB-cwnd
[2024-11-03T22:37:41.158314-0700]     1.6875 MB /   0.50 sec =   28.3115 Mbps     0 retrans   1839 KB-cwnd
[2024-11-03T22:37:42.253937-0700]     1.6250 MB /   0.50 sec =   27.2627 Mbps    10 retrans   1470 KB-cwnd
[2024-11-03T22:37:42.254444-0700]     1.2500 MB /   0.50 sec =   20.9685 Mbps     0 retrans   1470 KB-cwnd
[2024-11-03T22:37:43.113495-0700]     1.4375 MB /   0.50 sec =   24.1204 Mbps     0 retrans   1531 KB-cwnd
[2024-11-03T22:37:43.114034-0700]     1.6875 MB /   0.50 sec =   28.3117 Mbps     0 retrans   1531 KB-cwnd
[2024-11-03T22:37:44.097065-0700]     0.6875 MB /   0.50 sec =   11.5336 Mbps     8 retrans   1224 KB-cwnd
[2024-11-03T22:37:44.097212-0700]     2.0000 MB /   0.50 sec =   33.5575 Mbps     0 retrans   1224 KB-cwnd
[2024-11-03T22:37:45.295790-0700]     1.1250 MB /   0.50 sec =   18.8744 Mbps    10 retrans    983 KB-cwnd
[2024-11-03T22:37:45.296327-0700]     1.0625 MB /   0.50 sec =   17.8250 Mbps     0 retrans    983 KB-cwnd
[2024-11-03T22:37:46.285447-0700]     1.3125 MB /   0.50 sec =   22.0209 Mbps     0 retrans    983 KB-cwnd
[2024-11-03T22:37:46.286343-0700]     1.3125 MB /   0.50 sec =   22.0200 Mbps     0 retrans    983 KB-cwnd
[2024-11-03T22:37:47.233277-0700]     1.3750 MB /   0.50 sec =   23.0673 Mbps     0 retrans    983 KB-cwnd
[2024-11-03T22:37:47.233751-0700]     1.3750 MB /   0.50 sec =   23.0697 Mbps     0 retrans    983 KB-cwnd
[2024-11-03T22:37:48.844409-0700]     1.3750 MB /   0.50 sec =   23.0691 Mbps    15 retrans    628 KB-cwnd
[2024-11-03T22:37:48.844792-0700]     0.8750 MB /   0.50 sec =   14.6796 Mbps     0 retrans    628 KB-cwnd
[2024-11-03T22:37:48.844927-0700]     0.2500 MB /   0.50 sec =    4.1943 Mbps     0 retrans    628 KB-cwnd
[2024-11-03T22:37:50.782407-0700]     1.5000 MB /   0.50 sec =   25.1657 Mbps     0 retrans    682 KB-cwnd
[2024-11-03T22:37:50.782959-0700]     0.6875 MB /   0.50 sec =   11.5342 Mbps     0 retrans    682 KB-cwnd
[2024-11-03T22:37:50.783196-0700]     0.7500 MB /   0.50 sec =   12.5811 Mbps     0 retrans    682 KB-cwnd
[2024-11-03T22:37:50.783391-0700]     0.6875 MB /   0.50 sec =   11.5359 Mbps     0 retrans    682 KB-cwnd
[2024-11-03T22:37:52.604421-0700]     0.8125 MB /   0.50 sec =   13.6321 Mbps     0 retrans    693 KB-cwnd
[2024-11-03T22:37:52.605173-0700]     0.7500 MB /   0.50 sec =   12.5826 Mbps     0 retrans    693 KB-cwnd
[2024-11-03T22:37:52.605514-0700]     0.8750 MB /   0.50 sec =   14.6800 Mbps     0 retrans    693 KB-cwnd
[2024-11-03T22:37:52.605753-0700]     0.7500 MB /   0.50 sec =   12.5830 Mbps     0 retrans    693 KB-cwnd
[2024-11-03T22:37:54.404886-0700]     0.8750 MB /   0.50 sec =   14.6800 Mbps     0 retrans    697 KB-cwnd
[2024-11-03T22:37:54.405515-0700]     0.6250 MB /   0.50 sec =   10.4857 Mbps     0 retrans    697 KB-cwnd
[2024-11-03T22:37:54.406106-0700]     0.8125 MB /   0.50 sec =   13.6317 Mbps     0 retrans    697 KB-cwnd
[2024-11-03T22:37:56.335539-0700]     0.8125 MB /   0.50 sec =   13.6317 Mbps     0 retrans    699 KB-cwnd
[2024-11-03T22:37:56.336038-0700]     0.6250 MB /   0.50 sec =   10.4854 Mbps     0 retrans    699 KB-cwnd
[2024-11-03T22:37:56.336181-0700]     0.6250 MB /   0.50 sec =   10.4861 Mbps     0 retrans    699 KB-cwnd
[2024-11-03T22:37:56.336306-0700]     0.7500 MB /   0.50 sec =   12.5830 Mbps     0 retrans    699 KB-cwnd
[2024-11-03T22:37:58.035857-0700]     0.7500 MB /   0.50 sec =   12.5821 Mbps    12 retrans    487 KB-cwnd
[2024-11-03T22:37:58.036352-0700]     0.5000 MB /   0.50 sec =    8.3882 Mbps     0 retrans    487 KB-cwnd
[2024-11-03T22:37:58.036611-0700]     1.3750 MB /   0.50 sec =   23.0708 Mbps     0 retrans    487 KB-cwnd
[2024-11-03T22:37:58.036843-0700]     0.3125 MB /   0.50 sec =    5.2429 Mbps     0 retrans    487 KB-cwnd
[2024-11-03T22:38:00.082801-0700]     0.8750 MB /   0.50 sec =   14.6804 Mbps    16 retrans    304 KB-cwnd
[2024-11-03T22:38:00.083188-0700]     0.3125 MB /   0.50 sec =    5.2417 Mbps     0 retrans    304 KB-cwnd
[2024-11-03T22:38:00.083324-0700]     1.0625 MB /   0.50 sec =   17.8285 Mbps     0 retrans    304 KB-cwnd
[2024-11-03T22:38:00.083431-0700]     0.6875 MB /   0.50 sec =   11.5349 Mbps     0 retrans    304 KB-cwnd
[2024-11-03T22:38:02.402835-0700]     0.5000 MB /   0.50 sec =    8.3883 Mbps    13 retrans    157 KB-cwnd
[2024-11-03T22:38:02.403298-0700]     0.6875 MB /   0.50 sec =   11.5346 Mbps     0 retrans    157 KB-cwnd
[2024-11-03T22:38:02.403505-0700]     0.8125 MB /   0.50 sec =   13.6323 Mbps     0 retrans    157 KB-cwnd
[2024-11-03T22:38:02.403705-0700]     0.5000 MB /   0.50 sec =    8.3877 Mbps     0 retrans    157 KB-cwnd
[2024-11-03T22:38:07.798260-0700]     0.3750 MB /   0.50 sec =    6.2921 Mbps     9 retrans    107 KB-cwnd
[2024-11-03T22:38:07.798846-0700]     0.3125 MB /   0.50 sec =    5.2425 Mbps     0 retrans    107 KB-cwnd
[2024-11-03T22:38:07.799085-0700]     0.3750 MB /   0.50 sec =    6.2917 Mbps     0 retrans    107 KB-cwnd
[2024-11-03T22:38:07.799286-0700]     0.1250 MB /   0.50 sec =    2.0971 Mbps     0 retrans    107 KB-cwnd
[2024-11-03T22:38:07.799506-0700]     0.0000 MB /   0.50 sec =    0.0000 Mbps     0 retrans    107 KB-cwnd
[2024-11-03T22:38:07.799792-0700]     0.4375 MB /   0.50 sec =    7.3398 Mbps     0 retrans    107 KB-cwnd
[2024-11-03T22:38:07.800021-0700]     0.2500 MB /   0.50 sec =    4.1946 Mbps     0 retrans    107 KB-cwnd
[2024-11-03T22:38:07.800221-0700]     0.1875 MB /   0.50 sec =    3.1456 Mbps     0 retrans    107 KB-cwnd
[2024-11-03T22:38:07.800410-0700]     0.2500 MB /   0.50 sec =    4.1944 Mbps     0 retrans    107 KB-cwnd
[2024-11-03T22:38:07.800592-0700]     0.1875 MB /   0.50 sec =    3.1457 Mbps     0 retrans    107 KB-cwnd
[2024-11-03T22:38:07.800774-0700]     0.3125 MB /   0.50 sec =    5.2430 Mbps     0 retrans    107 KB-cwnd
[2024-11-03T22:38:10.646834-0700]     0.2500 MB /   0.50 sec =    4.1942 Mbps     4 retrans    203 KB-cwnd
[2024-11-03T22:38:10.647274-0700]     0.2500 MB /   0.50 sec =    4.1944 Mbps     0 retrans    203 KB-cwnd
[2024-11-03T22:38:10.647423-0700]     0.2500 MB /   0.50 sec =    4.1942 Mbps     0 retrans    203 KB-cwnd
[2024-11-03T22:38:10.647536-0700]     0.5000 MB /   0.50 sec =    8.3889 Mbps     0 retrans    203 KB-cwnd
[2024-11-03T22:38:10.647640-0700]     0.7500 MB /   0.50 sec =   12.5823 Mbps     0 retrans    203 KB-cwnd
[2024-11-03T22:38:10.647741-0700]     0.5625 MB /   0.50 sec =    9.4375 Mbps     0 retrans    203 KB-cwnd
[2024-11-03T22:38:13.637454-0700]     0.5000 MB /   0.50 sec =    8.3795 Mbps    18 retrans    183 KB-cwnd
[2024-11-03T22:38:13.637838-0700]     0.5625 MB /   0.50 sec =    9.4426 Mbps     0 retrans    183 KB-cwnd
[2024-11-03T22:38:13.637978-0700]     0.4375 MB /   0.50 sec =    7.3440 Mbps     0 retrans    183 KB-cwnd
[2024-11-03T22:38:13.638090-0700]     0.5000 MB /   0.50 sec =    8.3884 Mbps     0 retrans    183 KB-cwnd
[2024-11-03T22:38:13.638228-0700]     0.4375 MB /   0.50 sec =    7.3400 Mbps     0 retrans    183 KB-cwnd
[2024-11-03T22:38:13.638339-0700]     0.4375 MB /   0.50 sec =    7.3400 Mbps     0 retrans    183 KB-cwnd
[2024-11-03T22:38:16.343151-0700]     0.3750 MB /   0.50 sec =    6.2914 Mbps     3 retrans    232 KB-cwnd
[2024-11-03T22:38:16.343724-0700]     0.5000 MB /   0.50 sec =    8.3884 Mbps     0 retrans    232 KB-cwnd
[2024-11-03T22:38:16.343974-0700]     0.4375 MB /   0.50 sec =    7.3404 Mbps     0 retrans    232 KB-cwnd
[2024-11-03T22:38:16.344204-0700]     0.4375 MB /   0.50 sec =    7.3399 Mbps     0 retrans    232 KB-cwnd
[2024-11-03T22:38:16.344421-0700]     0.6250 MB /   0.50 sec =   10.4840 Mbps     0 retrans    232 KB-cwnd
[2024-11-03T22:38:19.211397-0700]     0.3125 MB /   0.50 sec =    5.2436 Mbps     4 retrans    142 KB-cwnd
[2024-11-03T22:38:19.211801-0700]     0.5625 MB /   0.50 sec =    9.4374 Mbps     0 retrans    142 KB-cwnd
[2024-11-03T22:38:19.211933-0700]     0.6875 MB /   0.50 sec =   11.5344 Mbps     0 retrans    142 KB-cwnd
[2024-11-03T22:38:19.212058-0700]     0.3750 MB /   0.50 sec =    6.2916 Mbps     0 retrans    142 KB-cwnd
[2024-11-03T22:38:19.212163-0700]     0.5000 MB /   0.50 sec =    8.3881 Mbps     0 retrans    142 KB-cwnd
[2024-11-03T22:38:19.212266-0700]     0.4375 MB /   0.50 sec =    7.3404 Mbps     0 retrans    142 KB-cwnd
[2024-11-03T22:38:23.186638-0700]     0.3750 MB /   0.50 sec =    6.2915 Mbps     0 retrans    161 KB-cwnd
[2024-11-03T22:38:23.187051-0700]     0.3750 MB /   0.50 sec =    6.2913 Mbps     0 retrans    161 KB-cwnd
[2024-11-03T22:38:23.187253-0700]     0.4375 MB /   0.50 sec =    7.3399 Mbps     0 retrans    161 KB-cwnd
[2024-11-03T22:38:23.187518-0700]     0.3750 MB /   0.50 sec =    6.2917 Mbps     0 retrans    161 KB-cwnd
[2024-11-03T22:38:23.187623-0700]     0.4375 MB /   0.50 sec =    7.3397 Mbps     0 retrans    161 KB-cwnd
[2024-11-03T22:38:23.187725-0700]     0.2500 MB /   0.50 sec =    4.1945 Mbps     0 retrans    161 KB-cwnd
[2024-11-03T22:38:23.187950-0700]     0.1875 MB /   0.50 sec =    3.1456 Mbps     0 retrans    161 KB-cwnd
[2024-11-03T22:38:23.188156-0700]     0.2500 MB /   0.50 sec =    4.1946 Mbps     0 retrans    161 KB-cwnd
[2024-11-03T22:38:27.277243-0700]     0.3750 MB /   0.50 sec =    6.2914 Mbps     6 retrans    153 KB-cwnd
[2024-11-03T22:38:27.277862-0700]     0.2500 MB /   0.50 sec =    4.1942 Mbps     0 retrans    153 KB-cwnd
[2024-11-03T22:38:27.278143-0700]     0.0625 MB /   0.50 sec =    1.0485 Mbps     0 retrans    153 KB-cwnd
[2024-11-03T22:38:27.278339-0700]     0.5000 MB /   0.50 sec =    8.3888 Mbps     0 retrans    153 KB-cwnd
[2024-11-03T22:38:27.278526-0700]     0.1250 MB /   0.50 sec =    2.0971 Mbps     0 retrans    153 KB-cwnd
[2024-11-03T22:38:27.278709-0700]     0.3750 MB /   0.50 sec =    6.2911 Mbps     0 retrans    153 KB-cwnd
[2024-11-03T22:38:27.278896-0700]     0.5000 MB /   0.50 sec =    8.3893 Mbps     0 retrans    153 KB-cwnd
[2024-11-03T22:38:27.279078-0700]     0.3125 MB /   0.50 sec =    5.2422 Mbps     0 retrans    153 KB-cwnd
[2024-11-03T22:38:29.322933-0700]     0.5000 MB /   0.50 sec =    8.3894 Mbps     3 retrans    274 KB-cwnd
[2024-11-03T22:38:29.323463-0700]     0.6250 MB /   0.50 sec =   10.4862 Mbps     0 retrans    274 KB-cwnd
[2024-11-03T22:38:29.323727-0700]     0.5625 MB /   0.50 sec =    9.4370 Mbps     0 retrans    274 KB-cwnd
[2024-11-03T22:38:29.324007-0700]     0.6875 MB /   0.50 sec =   11.5341 Mbps     0 retrans    274 KB-cwnd
[2024-11-03T22:38:30.758515-0700]     0.8125 MB /   0.50 sec =   13.6317 Mbps     0 retrans    302 KB-cwnd
[2024-11-03T22:38:30.759011-0700]     1.0000 MB /   0.50 sec =   16.7783 Mbps     0 retrans    302 KB-cwnd
[2024-11-03T22:38:30.759156-0700]     0.8750 MB /   0.50 sec =   14.6794 Mbps     0 retrans    302 KB-cwnd
[2024-11-03T22:38:32.166616-0700]     1.0000 MB /   0.50 sec =   16.7764 Mbps     1 retrans    300 KB-cwnd
[2024-11-03T22:38:32.167192-0700]     0.8125 MB /   0.50 sec =   13.6316 Mbps     0 retrans    300 KB-cwnd
[2024-11-03T22:38:32.167420-0700]     1.0000 MB /   0.50 sec =   16.7782 Mbps     0 retrans    300 KB-cwnd
[2024-11-03T22:38:33.872848-0700]     1.1250 MB /   0.50 sec =   18.8736 Mbps     0 retrans    309 KB-cwnd
[2024-11-03T22:38:33.873328-0700]     0.8750 MB /   0.50 sec =   14.6802 Mbps     0 retrans    309 KB-cwnd
[2024-11-03T22:38:33.873477-0700]     0.6875 MB /   0.50 sec =   11.5339 Mbps     0 retrans    309 KB-cwnd
[2024-11-03T22:38:36.448915-0700]     0.6250 MB /   0.50 sec =   10.4863 Mbps     5 retrans    324 KB-cwnd
[2024-11-03T22:38:36.449423-0700]     0.5625 MB /   0.50 sec =    9.4374 Mbps     0 retrans    324 KB-cwnd
[2024-11-03T22:38:36.449727-0700]     0.5000 MB /   0.50 sec =    8.3884 Mbps     0 retrans    324 KB-cwnd
[2024-11-03T22:38:36.449922-0700]     0.1250 MB /   0.50 sec =    2.0970 Mbps     0 retrans    324 KB-cwnd
[2024-11-03T22:38:36.450103-0700]     0.8125 MB /   0.50 sec =   13.6326 Mbps     0 retrans    324 KB-cwnd
[2024-11-03T22:38:38.834405-0700]     0.5000 MB /   0.50 sec =    8.3879 Mbps    48 retrans    209 KB-cwnd
[2024-11-03T22:38:38.834561-0700]     0.5625 MB /   0.50 sec =    9.4379 Mbps     0 retrans    209 KB-cwnd
[2024-11-03T22:38:38.834592-0700]     0.4375 MB /   0.50 sec =    7.3353 Mbps     0 retrans    209 KB-cwnd
[2024-11-03T22:38:38.834616-0700]     0.8750 MB /   0.50 sec =   14.6896 Mbps     0 retrans    209 KB-cwnd
[2024-11-03T22:38:38.834638-0700]     0.1875 MB /   0.50 sec =    3.1458 Mbps     0 retrans    209 KB-cwnd
[2024-11-03T22:38:41.063382-0700]     0.6875 MB /   0.50 sec =   11.5336 Mbps    10 retrans    188 KB-cwnd
[2024-11-03T22:38:41.064050-0700]     0.5625 MB /   0.50 sec =    9.4369 Mbps     0 retrans    188 KB-cwnd
[2024-11-03T22:38:41.064316-0700]     0.6250 MB /   0.50 sec =   10.4867 Mbps     0 retrans    188 KB-cwnd
[2024-11-03T22:38:41.064528-0700]     0.6875 MB /   0.50 sec =   11.5347 Mbps     0 retrans    188 KB-cwnd
[2024-11-03T22:38:41.064732-0700]     0.5625 MB /   0.50 sec =    9.4371 Mbps     0 retrans    188 KB-cwnd
[2024-11-03T22:38:43.847856-0700]     0.6250 MB /   0.50 sec =   10.4853 Mbps     0 retrans    450 KB-cwnd
[2024-11-03T22:38:43.848262-0700]     0.6875 MB /   0.50 sec =   11.5346 Mbps     0 retrans    450 KB-cwnd
[2024-11-03T22:38:43.848402-0700]     0.3125 MB /   0.50 sec =    5.2430 Mbps     0 retrans    450 KB-cwnd
[2024-11-03T22:38:43.848519-0700]     0.2500 MB /   0.50 sec =    4.1941 Mbps     0 retrans    450 KB-cwnd
[2024-11-03T22:38:43.848623-0700]     0.4375 MB /   0.50 sec =    7.3402 Mbps     0 retrans    450 KB-cwnd
[2024-11-03T22:38:45.414034-0700]     0.6875 MB /   0.50 sec =   11.5342 Mbps     0 retrans    746 KB-cwnd
[2024-11-03T22:38:45.414279-0700]     0.7500 MB /   0.50 sec =   12.5831 Mbps     0 retrans    746 KB-cwnd
[2024-11-03T22:38:45.414326-0700]     0.8750 MB /   0.50 sec =   14.6800 Mbps     0 retrans    746 KB-cwnd
[2024-11-03T22:38:46.678084-0700]     1.0000 MB /   0.50 sec =   16.7761 Mbps     0 retrans    913 KB-cwnd
[2024-11-03T22:38:46.678581-0700]     0.9375 MB /   0.50 sec =   15.7295 Mbps     0 retrans    913 KB-cwnd
[2024-11-03T22:38:46.678717-0700]     1.0625 MB /   0.50 sec =   17.8254 Mbps     0 retrans    913 KB-cwnd
[2024-11-03T22:38:47.780085-0700]     1.1250 MB /   0.50 sec =   18.8749 Mbps     0 retrans    913 KB-cwnd
[2024-11-03T22:38:47.780557-0700]     1.1875 MB /   0.50 sec =   19.9231 Mbps     0 retrans    913 KB-cwnd
[2024-11-03T22:38:48.784042-0700]     1.3125 MB /   0.50 sec =   22.0194 Mbps     0 retrans    913 KB-cwnd
[2024-11-03T22:38:48.784569-0700]     1.3750 MB /   0.50 sec =   23.0694 Mbps     0 retrans    913 KB-cwnd
[2024-11-03T22:38:49.789754-0700]     1.3750 MB /   0.50 sec =   23.0685 Mbps     0 retrans    913 KB-cwnd
[2024-11-03T22:38:49.789942-0700]     1.3125 MB /   0.50 sec =   22.0202 Mbps     0 retrans    913 KB-cwnd
[2024-11-03T22:38:50.837732-0700]     1.3750 MB /   0.50 sec =   23.0687 Mbps     0 retrans    913 KB-cwnd
[2024-11-03T22:38:50.838205-0700]     1.3750 MB /   0.50 sec =   23.0680 Mbps     0 retrans    913 KB-cwnd
[2024-11-03T22:38:51.915886-0700]     1.0000 MB /   0.50 sec =   16.7768 Mbps     0 retrans    913 KB-cwnd
[2024-11-03T22:38:51.916061-0700]     1.1250 MB /   0.50 sec =   18.8753 Mbps     0 retrans    913 KB-cwnd
[2024-11-03T22:38:52.931833-0700]     1.3750 MB /   0.50 sec =   23.0676 Mbps     0 retrans    913 KB-cwnd
[2024-11-03T22:38:52.931995-0700]     1.3750 MB /   0.50 sec =   23.0693 Mbps     0 retrans    913 KB-cwnd
[2024-11-03T22:38:54.159010-0700]     1.2500 MB /   0.50 sec =   20.9714 Mbps     3 retrans    783 KB-cwnd
[2024-11-03T22:38:54.159523-0700]     0.4375 MB /   0.50 sec =    7.3399 Mbps     0 retrans    783 KB-cwnd
[2024-11-03T22:38:54.159778-0700]     1.7500 MB /   0.50 sec =   29.3612 Mbps     0 retrans    783 KB-cwnd
[2024-11-03T22:38:55.574447-0700]     0.8750 MB /   0.50 sec =   14.6803 Mbps     0 retrans    862 KB-cwnd
[2024-11-03T22:38:55.574962-0700]     0.9375 MB /   0.50 sec =   15.7285 Mbps     0 retrans    862 KB-cwnd
[2024-11-03T22:38:55.575207-0700]     1.0000 MB /   0.50 sec =   16.7774 Mbps     0 retrans    862 KB-cwnd
[2024-11-03T22:38:56.790153-0700]     0.9375 MB /   0.50 sec =   15.7287 Mbps     0 retrans    862 KB-cwnd
[2024-11-03T22:38:56.790665-0700]     1.0625 MB /   0.50 sec =   17.8257 Mbps     0 retrans    862 KB-cwnd
[2024-11-03T22:38:58.116518-0700]     1.3750 MB /   0.50 sec =   23.0679 Mbps     4 retrans    689 KB-cwnd
[2024-11-03T22:38:58.117268-0700]     1.3125 MB /   0.50 sec =   22.0207 Mbps     0 retrans    689 KB-cwnd
[2024-11-03T22:38:58.117600-0700]     0.5000 MB /   0.50 sec =    8.3883 Mbps     0 retrans    689 KB-cwnd
[2024-11-03T22:38:59.388140-0700]     1.6875 MB /   0.50 sec =   28.3127 Mbps     0 retrans    756 KB-cwnd
[2024-11-03T22:38:59.388378-0700]     1.0625 MB /   0.50 sec =   17.8255 Mbps     0 retrans    756 KB-cwnd
[2024-11-03T22:39:00.619224-0700]     1.0000 MB /   0.50 sec =   16.7768 Mbps     0 retrans    758 KB-cwnd
[2024-11-03T22:39:00.619661-0700]     0.9375 MB /   0.50 sec =   15.7294 Mbps     0 retrans    758 KB-cwnd
[2024-11-03T22:39:00.619937-0700]     1.1250 MB /   0.50 sec =   18.8738 Mbps     0 retrans    758 KB-cwnd
[2024-11-03T22:39:01.492021-0700]     1.5000 MB /   0.50 sec =   25.1664 Mbps     0 retrans    768 KB-cwnd
[2024-11-03T22:39:02.399874-0700]     1.5000 MB /   0.50 sec =   25.1645 Mbps     0 retrans    772 KB-cwnd
[2024-11-03T22:39:02.400463-0700]     1.5000 MB /   0.50 sec =   25.1666 Mbps     0 retrans    772 KB-cwnd
[2024-11-03T22:39:03.452020-0700]     1.3750 MB /   0.50 sec =   23.0683 Mbps     0 retrans    773 KB-cwnd
[2024-11-03T22:39:03.452206-0700]     1.3125 MB /   0.50 sec =   22.0194 Mbps     0 retrans    773 KB-cwnd
[2024-11-03T22:39:04.550326-0700]     1.1875 MB /   0.50 sec =   19.9235 Mbps     0 retrans    775 KB-cwnd
[2024-11-03T22:39:04.550888-0700]     1.3125 MB /   0.50 sec =   22.0194 Mbps     0 retrans    775 KB-cwnd
[2024-11-03T22:39:04.551115-0700]     1.1250 MB /   0.50 sec =   18.8753 Mbps     0 retrans    775 KB-cwnd
[2024-11-03T22:39:05.805195-0700]     1.3750 MB /   0.50 sec =   23.0680 Mbps     3 retrans    623 KB-cwnd
[2024-11-03T22:39:05.805610-0700]     1.1250 MB /   0.50 sec =   18.8739 Mbps     0 retrans    623 KB-cwnd
[2024-11-03T22:39:06.925667-0700]     1.2500 MB /   0.50 sec =   20.9725 Mbps     0 retrans    742 KB-cwnd
[2024-11-03T22:39:06.925881-0700]     1.1250 MB /   0.50 sec =   18.8731 Mbps     0 retrans    742 KB-cwnd
[2024-11-03T22:39:08.453051-0700]     1.2500 MB /   0.50 sec =   20.9725 Mbps     0 retrans    749 KB-cwnd
[2024-11-03T22:39:08.453485-0700]     0.8125 MB /   0.50 sec =   13.6300 Mbps     0 retrans    749 KB-cwnd
[2024-11-03T22:39:08.453601-0700]     0.8750 MB /   0.50 sec =   14.6821 Mbps     0 retrans    749 KB-cwnd
[2024-11-03T22:39:09.840145-0700]     0.7500 MB /   0.50 sec =   12.5827 Mbps     6 retrans    531 KB-cwnd
[2024-11-03T22:39:09.840654-0700]     1.1875 MB /   0.50 sec =   19.9235 Mbps     0 retrans    531 KB-cwnd
[2024-11-03T22:39:09.840906-0700]     1.0000 MB /   0.50 sec =   16.7776 Mbps     0 retrans    531 KB-cwnd
[2024-11-03T22:39:10.974116-0700]     1.1875 MB /   0.50 sec =   19.9229 Mbps     0 retrans    589 KB-cwnd
[2024-11-03T22:39:10.974301-0700]     1.1250 MB /   0.50 sec =   18.8734 Mbps     0 retrans    589 KB-cwnd
[2024-11-03T22:39:12.581620-0700]     1.1875 MB /   0.50 sec =   19.9229 Mbps     0 retrans    592 KB-cwnd
[2024-11-03T22:39:12.582216-0700]     0.9375 MB /   0.50 sec =   15.6953 Mbps     0 retrans    592 KB-cwnd
[2024-11-03T22:39:12.582475-0700]     0.8750 MB /   0.50 sec =   14.7119 Mbps     0 retrans    592 KB-cwnd
[2024-11-03T22:39:12.582684-0700]     0.7500 MB /   0.50 sec =   12.5819 Mbps     0 retrans    592 KB-cwnd
[2024-11-03T22:39:13.905035-0700]     0.9375 MB /   0.50 sec =   15.7295 Mbps     0 retrans    596 KB-cwnd
[2024-11-03T22:39:13.905267-0700]     1.0625 MB /   0.50 sec =   17.8265 Mbps     0 retrans    596 KB-cwnd
[2024-11-03T22:39:15.198261-0700]     1.0625 MB /   0.50 sec =   17.8257 Mbps     0 retrans    600 KB-cwnd
[2024-11-03T22:39:15.198655-0700]     1.0000 MB /   0.50 sec =   16.7747 Mbps     0 retrans    600 KB-cwnd
[2024-11-03T22:39:15.198796-0700]     1.0000 MB /   0.50 sec =   16.7782 Mbps     0 retrans    600 KB-cwnd
[2024-11-03T22:39:16.353532-0700]     1.1250 MB /   0.50 sec =   18.8756 Mbps     0 retrans    659 KB-cwnd
[2024-11-03T22:39:16.353988-0700]     1.1250 MB /   0.50 sec =   18.8680 Mbps     0 retrans    659 KB-cwnd
[2024-11-03T22:39:17.410993-0700]     1.1875 MB /   0.50 sec =   19.9300 Mbps     0 retrans    806 KB-cwnd
[2024-11-03T22:39:17.411425-0700]     1.1875 MB /   0.50 sec =   19.9222 Mbps     0 retrans    806 KB-cwnd
[2024-11-03T22:39:18.587082-0700]     1.3125 MB /   0.50 sec =   22.0198 Mbps     0 retrans    810 KB-cwnd
[2024-11-03T22:39:18.587601-0700]     1.1875 MB /   0.50 sec =   19.9242 Mbps     0 retrans    810 KB-cwnd
[2024-11-03T22:39:18.587825-0700]     1.1875 MB /   0.50 sec =   19.9231 Mbps     0 retrans    810 KB-cwnd
[2024-11-03T22:39:19.681252-0700]     1.1875 MB /   0.50 sec =   19.9198 Mbps     0 retrans    932 KB-cwnd
[2024-11-03T22:39:19.681685-0700]     1.1250 MB /   0.50 sec =   18.8756 Mbps     0 retrans    932 KB-cwnd
[2024-11-03T22:39:20.451490-0700]     0.9375 MB /   0.50 sec =   15.7299 Mbps     0 retrans    983 KB-cwnd
[2024-11-03T22:39:20.529429-0700]     0.9375 MB /   0.50 sec =   15.7288 Mbps     0 retrans    994 KB-cwnd
End time: 1730698760846
