Start time: 1730826778656
[2024-11-05T11:12:59.450293-0600] nuttcp-r: v8.1.4: socket
[2024-11-05T11:12:59.450842-0600] nuttcp-r: buflen=65536, nstream=1, port=5103 tcp
[2024-11-05T11:12:59.450897-0600] nuttcp-r: interval reporting every 0.50 seconds
[2024-11-05T11:12:59.450937-0600] nuttcp-r: connect to 54.197.223.49 with RTT=48.237 ms af=inet
[2024-11-05T11:12:59.450974-0600] nuttcp-r: send window size = 1048576, receive window size = 1048576
[2024-11-05T11:12:59.451013-0600] nuttcp-r: available send window = 786432, available receive window = 786432
[2024-11-05T11:12:59.451047-0600]     2.4375 MB /   0.50 sec =   40.8889 Mbps     0 retrans     14 KB-cwnd
[2024-11-05T11:12:59.950772-0600]     7.3125 MB /   0.50 sec =  122.6846 Mbps     0 retrans     14 KB-cwnd
[2024-11-05T11:13:00.450826-0600]     9.6250 MB /   0.50 sec =  161.4797 Mbps     0 retrans     14 KB-cwnd
[2024-11-05T11:13:00.952047-0600]    11.5000 MB /   0.50 sec =  192.4668 Mbps     0 retrans     14 KB-cwnd
[2024-11-05T11:13:01.450266-0600]    12.3125 MB /   0.50 sec =  207.0660 Mbps     0 retrans     14 KB-cwnd
[2024-11-05T11:13:01.950247-0600]    12.1875 MB /   0.50 sec =  204.4842 Mbps     0 retrans     14 KB-cwnd
[2024-11-05T11:13:02.450101-0600]    11.5625 MB /   0.50 sec =  193.9966 Mbps     0 retrans     14 KB-cwnd
[2024-11-05T11:13:02.951348-0600]    13.3125 MB /   0.50 sec =  223.1057 Mbps     0 retrans     15 KB-cwnd
[2024-11-05T11:13:03.450281-0600]    14.1250 MB /   0.50 sec =  237.2173 Mbps     0 retrans     28 KB-cwnd
[2024-11-05T11:13:03.950175-0600]    13.6250 MB /   0.50 sec =  228.5941 Mbps     0 retrans     28 KB-cwnd
[2024-11-05T11:13:04.451614-0600]     0.2500 MB /   0.50 sec =    4.1835 Mbps     0 retrans     28 KB-cwnd
[2024-11-05T11:13:04.950108-0600]     8.8125 MB /   0.50 sec =  148.2412 Mbps     0 retrans     28 KB-cwnd
[2024-11-05T11:13:05.452717-0600]    12.0625 MB /   0.50 sec =  201.6127 Mbps     0 retrans     28 KB-cwnd
[2024-11-05T11:13:05.950263-0600]    13.8750 MB /   0.50 sec =  233.6404 Mbps     0 retrans     28 KB-cwnd
[2024-11-05T11:13:06.450830-0600]    13.9375 MB /   0.50 sec =  233.8446 Mbps     0 retrans     28 KB-cwnd
[2024-11-05T11:13:06.950261-0600]    13.4375 MB /   0.50 sec =  225.4303 Mbps     0 retrans     28 KB-cwnd
[2024-11-05T11:13:07.451037-0600]    12.2500 MB /   0.50 sec =  205.5217 Mbps     0 retrans     28 KB-cwnd
[2024-11-05T11:13:07.950217-0600]    12.8750 MB /   0.50 sec =  216.0226 Mbps     0 retrans     29 KB-cwnd
[2024-11-05T11:13:08.450288-0600]    13.4375 MB /   0.50 sec =  225.4434 Mbps     0 retrans     39 KB-cwnd
[2024-11-05T11:13:08.950238-0600]    11.4375 MB /   0.50 sec =  191.8852 Mbps     0 retrans     48 KB-cwnd
[2024-11-05T11:13:09.450888-0600]    14.3750 MB /   0.50 sec =  240.8839 Mbps     0 retrans     55 KB-cwnd
[2024-11-05T11:13:09.950273-0600]    11.6875 MB /   0.50 sec =  196.3103 Mbps     0 retrans     55 KB-cwnd
[2024-11-05T11:13:10.450235-0600]     8.7500 MB /   0.50 sec =  146.8118 Mbps     0 retrans     55 KB-cwnd
[2024-11-05T11:13:10.950283-0600]    10.9375 MB /   0.50 sec =  183.4821 Mbps     0 retrans     55 KB-cwnd
[2024-11-05T11:13:11.451322-0600]    12.3125 MB /   0.50 sec =  206.3689 Mbps     0 retrans     55 KB-cwnd
[2024-11-05T11:13:11.952072-0600]    12.8125 MB /   0.50 sec =  214.4297 Mbps     0 retrans     57 KB-cwnd
[2024-11-05T11:13:12.450156-0600]     8.1875 MB /   0.50 sec =  137.8537 Mbps     0 retrans     59 KB-cwnd
[2024-11-05T11:13:12.950261-0600]    11.5625 MB /   0.50 sec =  193.9804 Mbps     0 retrans     59 KB-cwnd
[2024-11-05T11:13:13.450223-0600]    13.9375 MB /   0.50 sec =  233.8329 Mbps     0 retrans     59 KB-cwnd
[2024-11-05T11:13:13.952015-0600]    11.2500 MB /   0.50 sec =  188.2737 Mbps     0 retrans     59 KB-cwnd
[2024-11-05T11:13:14.450286-0600]    15.5625 MB /   0.50 sec =  261.7325 Mbps     0 retrans     69 KB-cwnd
[2024-11-05T11:13:14.950716-0600]    10.6250 MB /   0.50 sec =  178.1190 Mbps     0 retrans     69 KB-cwnd
[2024-11-05T11:13:15.450152-0600]    11.3125 MB /   0.50 sec =  189.9647 Mbps     0 retrans     69 KB-cwnd
[2024-11-05T11:13:15.950324-0600]    13.2500 MB /   0.50 sec =  222.2021 Mbps     0 retrans     90 KB-cwnd
[2024-11-05T11:13:16.451212-0600]    12.3750 MB /   0.50 sec =  207.5043 Mbps     0 retrans     91 KB-cwnd
[2024-11-05T11:13:16.950173-0600]     9.8125 MB /   0.50 sec =  164.7833 Mbps     0 retrans     97 KB-cwnd
[2024-11-05T11:13:17.450232-0600]    11.6250 MB /   0.50 sec =  195.0359 Mbps   843 retrans   3526 KB-cwnd
[2024-11-05T11:13:17.950639-0600]    14.2500 MB /   0.50 sec =  239.0682 Mbps     0 retrans   3526 KB-cwnd
[2024-11-05T11:13:18.450256-0600]    15.1875 MB /   0.50 sec =  254.7933 Mbps     0 retrans   3526 KB-cwnd
[2024-11-05T11:13:18.952187-0600]    15.3750 MB /   0.50 sec =  257.2572 Mbps     0 retrans   3526 KB-cwnd
[2024-11-05T11:13:19.451013-0600]    13.9375 MB /   0.50 sec =  234.2198 Mbps     0 retrans   3526 KB-cwnd
[2024-11-05T11:13:19.950703-0600]    13.1250 MB /   0.50 sec =  220.4311 Mbps     0 retrans   3526 KB-cwnd
[2024-11-05T11:13:20.450817-0600]    13.0625 MB /   0.50 sec =  219.1037 Mbps     0 retrans   3526 KB-cwnd
[2024-11-05T11:13:20.950223-0600]     6.4375 MB /   0.50 sec =  108.0254 Mbps     0 retrans   3526 KB-cwnd
[2024-11-05T11:13:21.450271-0600]    15.7500 MB /   0.50 sec =  264.2332 Mbps     0 retrans   3526 KB-cwnd
[2024-11-05T11:13:21.950159-0600]    11.2500 MB /   0.50 sec =  188.7644 Mbps     0 retrans   3526 KB-cwnd
[2024-11-05T11:13:22.450305-0600]    14.9375 MB /   0.50 sec =  250.5656 Mbps     0 retrans   3523 KB-cwnd
[2024-11-05T11:13:22.951121-0600]    11.6875 MB /   0.50 sec =  195.9497 Mbps  1056 retrans   3388 KB-cwnd
[2024-11-05T11:13:23.450787-0600]    13.3750 MB /   0.50 sec =  224.5614 Mbps     0 retrans   3419 KB-cwnd
[2024-11-05T11:13:23.950678-0600]    12.3750 MB /   0.50 sec =  207.4649 Mbps     0 retrans   3461 KB-cwnd
[2024-11-05T11:13:24.450272-0600]    14.6250 MB /   0.50 sec =  245.5514 Mbps     0 retrans   3461 KB-cwnd
[2024-11-05T11:13:24.950409-0600]    10.8750 MB /   0.50 sec =  182.4150 Mbps     0 retrans   3461 KB-cwnd
[2024-11-05T11:13:25.450168-0600]    14.8125 MB /   0.50 sec =  248.5801 Mbps     4 retrans   3922 KB-cwnd
[2024-11-05T11:13:25.950301-0600]    12.6875 MB /   0.50 sec =  212.8299 Mbps     0 retrans   3922 KB-cwnd
[2024-11-05T11:13:26.451343-0600]    13.3750 MB /   0.50 sec =  224.1783 Mbps     0 retrans   3922 KB-cwnd
[2024-11-05T11:13:26.950819-0600]    10.0625 MB /   0.50 sec =  168.8326 Mbps     0 retrans   3922 KB-cwnd
[2024-11-05T11:13:27.450277-0600]     5.5625 MB /   0.50 sec =   93.4126 Mbps     0 retrans   3922 KB-cwnd
[2024-11-05T11:13:27.951953-0600]    12.5625 MB /   0.50 sec =  210.2978 Mbps     0 retrans   3922 KB-cwnd
[2024-11-05T11:13:28.451321-0600]    13.7500 MB /   0.50 sec =  231.0129 Mbps     0 retrans   3922 KB-cwnd
[2024-11-05T11:13:28.951421-0600]    14.5625 MB /   0.50 sec =  244.2337 Mbps     8 retrans   3441 KB-cwnd
[2024-11-05T11:13:29.450194-0600]    12.3125 MB /   0.50 sec =  206.8367 Mbps     0 retrans   3441 KB-cwnd
[2024-11-05T11:13:29.950433-0600]    11.3125 MB /   0.50 sec =  189.7854 Mbps     0 retrans   3441 KB-cwnd
[2024-11-05T11:13:30.450810-0600]    12.0625 MB /   0.50 sec =  202.3339 Mbps     0 retrans   3441 KB-cwnd
[2024-11-05T11:13:30.950284-0600]    11.6250 MB /   0.50 sec =  195.0589 Mbps     0 retrans   3110 KB-cwnd
[2024-11-05T11:13:31.450242-0600]    11.1250 MB /   0.50 sec =  186.6592 Mbps     0 retrans   3062 KB-cwnd
[2024-11-05T11:13:31.950256-0600]     9.5000 MB /   0.50 sec =  159.3740 Mbps     9 retrans   3720 KB-cwnd
[2024-11-05T11:13:32.450212-0600]    12.1250 MB /   0.50 sec =  203.4392 Mbps     0 retrans   3815 KB-cwnd
[2024-11-05T11:13:32.950288-0600]    13.4375 MB /   0.50 sec =  225.4181 Mbps     0 retrans   3815 KB-cwnd
[2024-11-05T11:13:33.450251-0600]     8.2500 MB /   0.50 sec =  138.4220 Mbps     0 retrans   3815 KB-cwnd
[2024-11-05T11:13:33.950256-0600]    10.8125 MB /   0.50 sec =  181.3982 Mbps     0 retrans   3815 KB-cwnd
[2024-11-05T11:13:34.452308-0600]     6.1875 MB /   0.50 sec =  103.4899 Mbps     0 retrans   3815 KB-cwnd
[2024-11-05T11:13:34.950230-0600]     6.7500 MB /   0.50 sec =  113.5975 Mbps     0 retrans   3815 KB-cwnd
[2024-11-05T11:13:35.450212-0600]     6.6250 MB /   0.50 sec =  111.1528 Mbps     9 retrans   3823 KB-cwnd
[2024-11-05T11:13:35.950187-0600]    10.7500 MB /   0.50 sec =  180.3562 Mbps     0 retrans   3823 KB-cwnd
[2024-11-05T11:13:36.450656-0600]    14.1250 MB /   0.50 sec =  236.9777 Mbps     0 retrans   3823 KB-cwnd
[2024-11-05T11:13:36.950221-0600]    14.1875 MB /   0.50 sec =  238.0310 Mbps     0 retrans   3823 KB-cwnd
[2024-11-05T11:13:37.450337-0600]    13.8125 MB /   0.50 sec =  231.7117 Mbps     0 retrans   3823 KB-cwnd
[2024-11-05T11:13:37.950287-0600]    13.0625 MB /   0.50 sec =  219.1436 Mbps     0 retrans   3823 KB-cwnd
[2024-11-05T11:13:38.450236-0600]    13.5625 MB /   0.50 sec =  227.5783 Mbps    12 retrans   2997 KB-cwnd
[2024-11-05T11:13:38.950269-0600]    14.7500 MB /   0.50 sec =  247.4456 Mbps     0 retrans   2997 KB-cwnd
[2024-11-05T11:13:39.450225-0600]    11.9375 MB /   0.50 sec =  200.2832 Mbps     0 retrans   2997 KB-cwnd
[2024-11-05T11:13:39.950182-0600]     8.8750 MB /   0.50 sec =  148.9049 Mbps     2 retrans   1918 KB-cwnd
[2024-11-05T11:13:40.451269-0600]    14.1250 MB /   0.50 sec =  236.7400 Mbps     0 retrans   1918 KB-cwnd
[2024-11-05T11:13:40.950223-0600]    13.5000 MB /   0.50 sec =  226.7023 Mbps  4633 retrans   2220 KB-cwnd
[2024-11-05T11:13:41.452563-0600]    12.5000 MB /   0.50 sec =  209.0063 Mbps     0 retrans   2220 KB-cwnd
[2024-11-05T11:13:41.950787-0600]    11.5000 MB /   0.50 sec =  193.3998 Mbps     0 retrans   2220 KB-cwnd
[2024-11-05T11:13:42.450259-0600]     9.5000 MB /   0.50 sec =  159.5453 Mbps     0 retrans   2220 KB-cwnd
[2024-11-05T11:13:42.950258-0600]    15.1875 MB /   0.50 sec =  254.8091 Mbps     0 retrans   2220 KB-cwnd
[2024-11-05T11:13:43.451908-0600]    12.1875 MB /   0.50 sec =  204.0084 Mbps     0 retrans   2220 KB-cwnd
[2024-11-05T11:13:43.950254-0600]    16.3125 MB /   0.50 sec =  274.2922 Mbps     5 retrans   3854 KB-cwnd
[2024-11-05T11:13:44.450163-0600]    13.7500 MB /   0.50 sec =  230.7047 Mbps     0 retrans   3854 KB-cwnd
[2024-11-05T11:13:44.950270-0600]     7.6875 MB /   0.50 sec =  128.9591 Mbps     0 retrans   3854 KB-cwnd
[2024-11-05T11:13:45.450804-0600]    16.5000 MB /   0.50 sec =  276.5519 Mbps     0 retrans   3880 KB-cwnd
[2024-11-05T11:13:45.950312-0600]    11.2500 MB /   0.50 sec =  188.9292 Mbps     0 retrans   3880 KB-cwnd
[2024-11-05T11:13:46.450647-0600]    14.3750 MB /   0.50 sec =  241.1937 Mbps     0 retrans   3880 KB-cwnd
[2024-11-05T11:13:46.950327-0600]     0.3125 MB /   0.50 sec =    5.2425 Mbps     0 retrans   3880 KB-cwnd
[2024-11-05T11:13:47.450757-0600]     0.0000 MB /   0.50 sec =    0.0000 Mbps     0 retrans   3880 KB-cwnd
[2024-11-05T11:13:47.950207-0600]     0.8750 MB /   0.50 sec =   14.6939 Mbps     9 retrans   3820 KB-cwnd
[2024-11-05T11:13:48.450216-0600]     1.1250 MB /   0.50 sec =   18.8750 Mbps     0 retrans   3820 KB-cwnd
[2024-11-05T11:13:48.950195-0600]     3.1250 MB /   0.50 sec =   52.4269 Mbps     0 retrans   3820 KB-cwnd
[2024-11-05T11:13:49.450201-0600]     4.7500 MB /   0.50 sec =   79.6926 Mbps     0 retrans   3820 KB-cwnd
[2024-11-05T11:13:49.950450-0600]     4.8125 MB /   0.50 sec =   80.7425 Mbps     0 retrans   3820 KB-cwnd
[2024-11-05T11:13:50.450233-0600]     4.4375 MB /   0.50 sec =   74.4392 Mbps     0 retrans   3820 KB-cwnd
[2024-11-05T11:13:50.950534-0600]     6.1875 MB /   0.50 sec =  103.7536 Mbps     1 retrans   1599 KB-cwnd
[2024-11-05T11:13:51.450687-0600]     6.6875 MB /   0.50 sec =  112.2693 Mbps     0 retrans   1599 KB-cwnd
[2024-11-05T11:13:51.950899-0600]     6.1875 MB /   0.50 sec =  103.7026 Mbps     0 retrans   1599 KB-cwnd
[2024-11-05T11:13:52.450265-0600]     4.9375 MB /   0.50 sec =   82.9191 Mbps     0 retrans   1599 KB-cwnd
[2024-11-05T11:13:52.950330-0600]     4.0625 MB /   0.50 sec =   68.1422 Mbps     0 retrans   1599 KB-cwnd
[2024-11-05T11:13:53.450710-0600]     6.2500 MB /   0.50 sec =  104.7991 Mbps     0 retrans   1599 KB-cwnd
[2024-11-05T11:13:53.950442-0600]     7.6250 MB /   0.50 sec =  128.0279 Mbps     0 retrans   1599 KB-cwnd
[2024-11-05T11:13:54.450641-0600]     7.5625 MB /   0.50 sec =  126.8749 Mbps     0 retrans   1599 KB-cwnd
[2024-11-05T11:13:54.950223-0600]     8.8750 MB /   0.50 sec =  148.8996 Mbps   214 retrans   4233 KB-cwnd
[2024-11-05T11:13:55.450230-0600]     9.0000 MB /   0.50 sec =  151.0007 Mbps     0 retrans   4233 KB-cwnd
[2024-11-05T11:13:55.950221-0600]     7.8750 MB /   0.50 sec =  132.1163 Mbps     0 retrans   4233 KB-cwnd
[2024-11-05T11:13:56.451607-0600]     3.1250 MB /   0.50 sec =   52.2967 Mbps     0 retrans   4233 KB-cwnd
[2024-11-05T11:13:56.952616-0600]     0.1875 MB /   0.50 sec =    3.1455 Mbps     0 retrans   4233 KB-cwnd
[2024-11-05T11:13:57.450301-0600]     0.0000 MB /   0.50 sec =    0.0000 Mbps     0 retrans   4233 KB-cwnd
[2024-11-05T11:13:57.950291-0600]     0.0000 MB /   0.50 sec =    0.0000 Mbps     0 retrans   4233 KB-cwnd
[2024-11-05T11:13:58.450245-0600]     3.1250 MB /   0.50 sec =   52.4319 Mbps     0 retrans   4233 KB-cwnd
[2024-11-05T11:13:58.950146-0600]     2.6250 MB /   0.50 sec =   44.0436 Mbps     0 retrans   4233 KB-cwnd
[2024-11-05T11:13:59.450811-0600]     3.5625 MB /   0.50 sec =   59.7617 Mbps     0 retrans   4233 KB-cwnd
[2024-11-05T11:13:59.950276-0600]     4.6875 MB /   0.50 sec =   78.6462 Mbps     0 retrans   4233 KB-cwnd
[2024-11-05T11:14:00.451110-0600]     6.4375 MB /   0.50 sec =  107.9142 Mbps     0 retrans   4233 KB-cwnd
[2024-11-05T11:14:00.950268-0600]     8.4375 MB /   0.50 sec =  141.6719 Mbps     0 retrans   4233 KB-cwnd
[2024-11-05T11:14:01.450838-0600]    10.3750 MB /   0.50 sec =  173.9662 Mbps     0 retrans   4233 KB-cwnd
[2024-11-05T11:14:01.950266-0600]    12.5000 MB /   0.50 sec =  209.8352 Mbps   969 retrans   3416 KB-cwnd
[2024-11-05T11:14:02.450275-0600]    14.6250 MB /   0.50 sec =  245.3614 Mbps     0 retrans   3416 KB-cwnd
[2024-11-05T11:14:02.950138-0600]    14.5625 MB /   0.50 sec =  244.3412 Mbps     0 retrans   3416 KB-cwnd
[2024-11-05T11:14:03.450253-0600]    14.1250 MB /   0.50 sec =  236.9649 Mbps     0 retrans   3416 KB-cwnd
[2024-11-05T11:14:03.950796-0600]    16.2500 MB /   0.50 sec =  272.6363 Mbps     0 retrans   3416 KB-cwnd
[2024-11-05T11:14:04.450235-0600]    13.1250 MB /   0.50 sec =  220.1922 Mbps   675 retrans   2121 KB-cwnd
[2024-11-05T11:14:04.950651-0600]    13.1250 MB /   0.50 sec =  220.0285 Mbps     0 retrans   2121 KB-cwnd
[2024-11-05T11:14:05.450207-0600]    15.8125 MB /   0.50 sec =  265.5106 Mbps     0 retrans   2121 KB-cwnd
[2024-11-05T11:14:05.950284-0600]    16.8125 MB /   0.50 sec =  282.0280 Mbps     0 retrans   2121 KB-cwnd
[2024-11-05T11:14:06.450620-0600]    15.4375 MB /   0.50 sec =  258.8155 Mbps   710 retrans   2799 KB-cwnd
[2024-11-05T11:14:06.950189-0600]    14.3125 MB /   0.50 sec =  240.3243 Mbps     0 retrans   2901 KB-cwnd
[2024-11-05T11:14:07.450268-0600]    18.3125 MB /   0.50 sec =  307.2340 Mbps     0 retrans   2901 KB-cwnd
[2024-11-05T11:14:07.951236-0600]    15.7500 MB /   0.50 sec =  263.9798 Mbps     0 retrans   2901 KB-cwnd
[2024-11-05T11:14:08.452166-0600]    11.4375 MB /   0.50 sec =  191.3849 Mbps     0 retrans   3040 KB-cwnd
[2024-11-05T11:14:08.950859-0600]    16.5625 MB /   0.50 sec =  278.8548 Mbps    20 retrans   2037 KB-cwnd
[2024-11-05T11:14:09.450623-0600]    13.8750 MB /   0.50 sec =  232.8113 Mbps     0 retrans   2037 KB-cwnd
[2024-11-05T11:14:09.950223-0600]    14.4375 MB /   0.50 sec =  242.2191 Mbps     0 retrans   2037 KB-cwnd
[2024-11-05T11:14:10.450617-0600]    14.5000 MB /   0.50 sec =  243.0553 Mbps     0 retrans   2037 KB-cwnd
[2024-11-05T11:14:10.950187-0600]    17.1875 MB /   0.50 sec =  288.6101 Mbps     0 retrans   2037 KB-cwnd
[2024-11-05T11:14:11.450615-0600]    15.1875 MB /   0.50 sec =  254.6161 Mbps    21 retrans   4985 KB-cwnd
[2024-11-05T11:14:11.950228-0600]    14.3125 MB /   0.50 sec =  240.2902 Mbps     0 retrans   4985 KB-cwnd
[2024-11-05T11:14:12.451185-0600]    10.3750 MB /   0.50 sec =  174.0253 Mbps     0 retrans   4985 KB-cwnd
[2024-11-05T11:14:12.950229-0600]    15.8125 MB /   0.50 sec =  265.3656 Mbps     0 retrans   4985 KB-cwnd
[2024-11-05T11:14:13.450800-0600]    17.0000 MB /   0.50 sec =  285.1996 Mbps     0 retrans   4985 KB-cwnd
[2024-11-05T11:14:13.950252-0600]    16.3750 MB /   0.50 sec =  274.7319 Mbps     8 retrans   4926 KB-cwnd
[2024-11-05T11:14:14.450809-0600]    17.9375 MB /   0.50 sec =  300.6263 Mbps     0 retrans   4926 KB-cwnd
[2024-11-05T11:14:14.950367-0600]    13.3125 MB /   0.50 sec =  223.5143 Mbps     0 retrans   4926 KB-cwnd
[2024-11-05T11:14:15.450214-0600]    15.3750 MB /   0.50 sec =  258.0318 Mbps     0 retrans   4926 KB-cwnd
[2024-11-05T11:14:15.950646-0600]    16.1250 MB /   0.50 sec =  270.5104 Mbps    18 retrans   4513 KB-cwnd
[2024-11-05T11:14:16.450229-0600]    18.1250 MB /   0.50 sec =  304.0931 Mbps     0 retrans   4513 KB-cwnd
[2024-11-05T11:14:16.950260-0600]    17.0625 MB /   0.50 sec =  286.2630 Mbps     0 retrans   4513 KB-cwnd
[2024-11-05T11:14:17.451289-0600]    15.2500 MB /   0.50 sec =  255.5964 Mbps     0 retrans   4513 KB-cwnd
[2024-11-05T11:14:17.950257-0600]    18.5625 MB /   0.50 sec =  311.7301 Mbps   637 retrans   4529 KB-cwnd
[2024-11-05T11:14:18.450213-0600]    13.6875 MB /   0.50 sec =  229.6519 Mbps     0 retrans   4529 KB-cwnd
[2024-11-05T11:14:18.950254-0600]     6.5000 MB /   0.50 sec =  109.0491 Mbps     0 retrans   4529 KB-cwnd
[2024-11-05T11:14:19.450832-0600]    15.4375 MB /   0.50 sec =  258.9889 Mbps     0 retrans   4529 KB-cwnd
[2024-11-05T11:14:19.950840-0600]    16.9375 MB /   0.50 sec =  284.1664 Mbps     0 retrans   4529 KB-cwnd
[2024-11-05T11:14:20.450161-0600]    15.2500 MB /   0.50 sec =  255.8832 Mbps     0 retrans   4529 KB-cwnd
[2024-11-05T11:14:20.950242-0600]    18.5625 MB /   0.50 sec =  311.4171 Mbps     5 retrans   4310 KB-cwnd
[2024-11-05T11:14:21.450259-0600]    18.5625 MB /   0.50 sec =  311.3860 Mbps     0 retrans   4242 KB-cwnd
[2024-11-05T11:14:21.950674-0600]    19.9375 MB /   0.50 sec =  334.5319 Mbps     0 retrans   4242 KB-cwnd
[2024-11-05T11:14:22.450779-0600]    20.3125 MB /   0.50 sec =  340.4610 Mbps     1 retrans   4530 KB-cwnd
[2024-11-05T11:14:22.950760-0600]    17.9375 MB /   0.50 sec =  301.2196 Mbps     0 retrans   4530 KB-cwnd
[2024-11-05T11:14:23.450286-0600]    18.0625 MB /   0.50 sec =  303.0348 Mbps     0 retrans   4530 KB-cwnd
[2024-11-05T11:14:23.951192-0600]    20.4375 MB /   0.50 sec =  342.5425 Mbps     0 retrans   4530 KB-cwnd
[2024-11-05T11:14:24.450285-0600]    20.1875 MB /   0.50 sec =  339.0148 Mbps     5 retrans   4669 KB-cwnd
[2024-11-05T11:14:24.950580-0600]    18.6250 MB /   0.50 sec =  312.4988 Mbps     0 retrans   4669 KB-cwnd
[2024-11-05T11:14:25.450281-0600]    20.1250 MB /   0.50 sec =  337.6266 Mbps     0 retrans   4889 KB-cwnd
[2024-11-05T11:14:25.952293-0600]     0.1875 MB /   0.50 sec =    3.1358 Mbps     0 retrans   4889 KB-cwnd
[2024-11-05T11:14:26.452044-0600]     0.0000 MB /   0.50 sec =    0.0000 Mbps     0 retrans   4889 KB-cwnd
[2024-11-05T11:14:26.950579-0600]     0.2500 MB /   0.50 sec =    4.2062 Mbps     0 retrans   4889 KB-cwnd
[2024-11-05T11:14:27.450395-0600]    11.1875 MB /   0.50 sec =  187.7364 Mbps     0 retrans   4889 KB-cwnd
[2024-11-05T11:14:27.950292-0600]    19.0625 MB /   0.50 sec =  319.9238 Mbps     1 retrans   4847 KB-cwnd
[2024-11-05T11:14:28.450375-0600]    12.2500 MB /   0.50 sec =  205.4728 Mbps     0 retrans   4847 KB-cwnd
[2024-11-05T11:14:28.950214-0600]    10.3125 MB /   0.50 sec =  173.0680 Mbps     0 retrans   4847 KB-cwnd
[2024-11-05T11:14:29.450254-0600]    10.9375 MB /   0.50 sec =  183.5056 Mbps     0 retrans   4847 KB-cwnd
[2024-11-05T11:14:29.950198-0600]    10.5000 MB /   0.50 sec =  176.1587 Mbps     0 retrans   4847 KB-cwnd
[2024-11-05T11:14:30.450410-0600]    12.1875 MB /   0.50 sec =  204.4012 Mbps     0 retrans   4847 KB-cwnd
[2024-11-05T11:14:30.950184-0600]    12.5625 MB /   0.50 sec =  210.8287 Mbps     1 retrans   5087 KB-cwnd
[2024-11-05T11:14:31.450269-0600]    13.5625 MB /   0.50 sec =  227.5378 Mbps     0 retrans   5087 KB-cwnd
[2024-11-05T11:14:31.950174-0600]    14.3750 MB /   0.50 sec =  241.1889 Mbps     0 retrans   5087 KB-cwnd
[2024-11-05T11:14:32.450692-0600]    14.1875 MB /   0.50 sec =  238.0068 Mbps     0 retrans   5087 KB-cwnd
[2024-11-05T11:14:32.951326-0600]    14.1250 MB /   0.50 sec =  236.7315 Mbps     0 retrans   5087 KB-cwnd
[2024-11-05T11:14:33.450100-0600]    12.8750 MB /   0.50 sec =  216.2579 Mbps  1865 retrans   4553 KB-cwnd
[2024-11-05T11:14:33.951203-0600]    14.1250 MB /   0.50 sec =  236.7447 Mbps     0 retrans   4553 KB-cwnd
[2024-11-05T11:14:34.450295-0600]    14.2500 MB /   0.50 sec =  239.2816 Mbps     0 retrans   4553 KB-cwnd
[2024-11-05T11:14:34.950252-0600]    14.3750 MB /   0.50 sec =  241.1783 Mbps     0 retrans   4553 KB-cwnd
[2024-11-05T11:14:35.450274-0600]    14.3125 MB /   0.50 sec =  240.1225 Mbps     0 retrans   4553 KB-cwnd
[2024-11-05T11:14:35.950203-0600]    13.3125 MB /   0.50 sec =  223.3605 Mbps     5 retrans   3238 KB-cwnd
[2024-11-05T11:14:36.450242-0600]    12.8750 MB /   0.50 sec =  216.0010 Mbps     0 retrans   3238 KB-cwnd
[2024-11-05T11:14:36.950250-0600]    12.5625 MB /   0.50 sec =  210.7549 Mbps     0 retrans   3238 KB-cwnd
[2024-11-05T11:14:37.450314-0600]    14.4375 MB /   0.50 sec =  242.2235 Mbps     0 retrans   3238 KB-cwnd
[2024-11-05T11:14:37.950244-0600]    12.8750 MB /   0.50 sec =  216.0023 Mbps     0 retrans   3238 KB-cwnd
[2024-11-05T11:14:38.450242-0600]    13.4375 MB /   0.50 sec =  225.4474 Mbps     0 retrans   3238 KB-cwnd
[2024-11-05T11:14:38.950239-0600]    14.1250 MB /   0.50 sec =  236.9630 Mbps     1 retrans   4062 KB-cwnd
[2024-11-05T11:14:39.451157-0600]    12.6250 MB /   0.50 sec =  211.6511 Mbps     0 retrans   4103 KB-cwnd
[2024-11-05T11:14:39.950231-0600]    13.1875 MB /   0.50 sec =  221.4386 Mbps     0 retrans   4103 KB-cwnd
[2024-11-05T11:14:40.450277-0600]    14.2500 MB /   0.50 sec =  239.0572 Mbps     0 retrans   4103 KB-cwnd
[2024-11-05T11:14:40.950312-0600]    14.3125 MB /   0.50 sec =  240.1220 Mbps     0 retrans   4103 KB-cwnd
[2024-11-05T11:14:41.450216-0600]    13.6250 MB /   0.50 sec =  228.5964 Mbps     0 retrans   3504 KB-cwnd
[2024-11-05T11:14:41.950829-0600]    13.9375 MB /   0.50 sec =  233.6040 Mbps     0 retrans   3504 KB-cwnd
[2024-11-05T11:14:42.450747-0600]    12.6250 MB /   0.50 sec =  212.0167 Mbps     0 retrans   3504 KB-cwnd
[2024-11-05T11:14:42.950264-0600]    16.1250 MB /   0.50 sec =  270.5331 Mbps     0 retrans   3504 KB-cwnd
[2024-11-05T11:14:43.450767-0600]    16.5625 MB /   0.50 sec =  277.6283 Mbps     0 retrans   3504 KB-cwnd
[2024-11-05T11:14:43.950645-0600]    14.9375 MB /   0.50 sec =  250.7641 Mbps     3 retrans   3851 KB-cwnd
[2024-11-05T11:14:44.450795-0600]    15.3125 MB /   0.50 sec =  256.7276 Mbps     0 retrans   3851 KB-cwnd
[2024-11-05T11:14:44.950150-0600]    16.5000 MB /   0.50 sec =  277.1100 Mbps     0 retrans   3851 KB-cwnd
[2024-11-05T11:14:45.450714-0600]    16.2500 MB /   0.50 sec =  272.6156 Mbps     0 retrans   3851 KB-cwnd
[2024-11-05T11:14:45.950636-0600]    16.3750 MB /   0.50 sec =  274.5046 Mbps     1 retrans   3648 KB-cwnd
[2024-11-05T11:14:46.450565-0600]    15.8750 MB /   0.50 sec =  266.3926 Mbps     0 retrans   3648 KB-cwnd
[2024-11-05T11:14:46.950737-0600]    17.1250 MB /   0.50 sec =  287.2168 Mbps     0 retrans   3673 KB-cwnd
[2024-11-05T11:14:47.451046-0600]    15.6250 MB /   0.50 sec =  262.1807 Mbps     0 retrans   3673 KB-cwnd
[2024-11-05T11:14:47.950299-0600]    14.7500 MB /   0.50 sec =  247.6814 Mbps     0 retrans   3673 KB-cwnd
[2024-11-05T11:14:48.451365-0600]    10.0000 MB /   0.50 sec =  167.6712 Mbps     0 retrans   3973 KB-cwnd
[2024-11-05T11:14:48.950748-0600]    15.3750 MB /   0.50 sec =  258.0891 Mbps     0 retrans   4007 KB-cwnd
[2024-11-05T11:14:49.450591-0600]    20.2500 MB /   0.50 sec =  339.7379 Mbps     0 retrans   4007 KB-cwnd
[2024-11-05T11:14:49.950137-0600]    19.6250 MB /   0.50 sec =  329.2674 Mbps     0 retrans   4007 KB-cwnd
[2024-11-05T11:14:50.450836-0600]    21.2500 MB /   0.50 sec =  356.1120 Mbps     3 retrans   4080 KB-cwnd
[2024-11-05T11:14:50.950214-0600]    22.4375 MB /   0.50 sec =  376.8382 Mbps     0 retrans   4080 KB-cwnd
[2024-11-05T11:14:51.450201-0600]    22.7500 MB /   0.50 sec =  381.6695 Mbps     0 retrans   4080 KB-cwnd
[2024-11-05T11:14:51.951422-0600]    16.5000 MB /   0.50 sec =  276.5337 Mbps     0 retrans   4080 KB-cwnd
[2024-11-05T11:14:52.450310-0600]    14.9375 MB /   0.50 sec =  250.8635 Mbps     2 retrans   4131 KB-cwnd
[2024-11-05T11:14:52.950233-0600]    16.8125 MB /   0.50 sec =  282.0895 Mbps     0 retrans   4131 KB-cwnd
[2024-11-05T11:14:53.450118-0600]    17.0000 MB /   0.50 sec =  285.2269 Mbps     0 retrans   4131 KB-cwnd
[2024-11-05T11:14:53.951198-0600]    15.8125 MB /   0.50 sec =  265.0369 Mbps     0 retrans   4131 KB-cwnd
[2024-11-05T11:14:54.450155-0600]    17.1250 MB /   0.50 sec =  287.5865 Mbps     1 retrans   5396 KB-cwnd
[2024-11-05T11:14:54.950331-0600]    15.6875 MB /   0.50 sec =  263.1652 Mbps     0 retrans   5401 KB-cwnd
[2024-11-05T11:14:55.450825-0600]    15.1875 MB /   0.50 sec =  254.8024 Mbps     0 retrans   5441 KB-cwnd
[2024-11-05T11:14:55.950261-0600]    16.0625 MB /   0.50 sec =  269.4991 Mbps     0 retrans   5441 KB-cwnd
[2024-11-05T11:14:56.450650-0600]    16.1875 MB /   0.50 sec =  271.5844 Mbps     0 retrans   5441 KB-cwnd
[2024-11-05T11:14:56.952149-0600]    16.0625 MB /   0.50 sec =  268.4970 Mbps     3 retrans   4689 KB-cwnd
[2024-11-05T11:14:57.450787-0600]    11.5625 MB /   0.50 sec =  194.5004 Mbps     0 retrans   4689 KB-cwnd
[2024-11-05T11:14:57.950316-0600]    14.7500 MB /   0.50 sec =  247.6968 Mbps     0 retrans   4689 KB-cwnd
[2024-11-05T11:14:58.450179-0600]    12.7500 MB /   0.50 sec =  213.9425 Mbps     0 retrans   4689 KB-cwnd
[2024-11-05T11:14:58.950247-0600]    14.6250 MB /   0.50 sec =  245.3447 Mbps     0 retrans   4689 KB-cwnd
[2024-11-05T11:14:59.450191-0600]    14.1875 MB /   0.50 sec =  238.0339 Mbps     1 retrans   4697 KB-cwnd
End time: 1730826899730
