Start time: 1731017363339
[2024-11-07T17:09:24.285922-0500] nuttcp-r: v8.1.4: socket
[2024-11-07T17:09:24.286456-0500] nuttcp-r: buflen=65536, nstream=1, port=5103 tcp
[2024-11-07T17:09:24.286518-0500] nuttcp-r: interval reporting every 0.50 seconds
[2024-11-07T17:09:24.286556-0500] nuttcp-r: connect to 54.197.223.49 with RTT=109.592 ms af=inet
[2024-11-07T17:09:24.286590-0500] nuttcp-r: send window size = 1048576, receive window size = 1048576
[2024-11-07T17:09:24.286701-0500] nuttcp-r: available send window = 786432, available receive window = 786432
[2024-11-07T17:09:24.286746-0500]     0.2500 MB /   0.50 sec =    4.1938 Mbps     0 retrans     14 KB-cwnd
[2024-11-07T17:09:24.785902-0500]     1.2500 MB /   0.50 sec =   20.9706 Mbps     0 retrans     14 KB-cwnd
[2024-11-07T17:09:25.288222-0500]     1.3750 MB /   0.50 sec =   22.9896 Mbps     0 retrans     14 KB-cwnd
[2024-11-07T17:09:25.786199-0500]     1.5000 MB /   0.50 sec =   25.2350 Mbps     0 retrans     14 KB-cwnd
[2024-11-07T17:09:26.285788-0500]     1.3750 MB /   0.50 sec =   23.0854 Mbps     0 retrans     14 KB-cwnd
[2024-11-07T17:09:26.788039-0500]     1.7500 MB /   0.50 sec =   29.2657 Mbps     0 retrans     14 KB-cwnd
[2024-11-07T17:09:27.286813-0500]     0.6875 MB /   0.50 sec =   11.5616 Mbps     0 retrans     14 KB-cwnd
[2024-11-07T17:09:27.785906-0500]     1.3125 MB /   0.50 sec =   22.0389 Mbps     0 retrans     14 KB-cwnd
[2024-11-07T17:09:28.286310-0500]     1.6250 MB /   0.50 sec =   27.2641 Mbps     0 retrans     14 KB-cwnd
[2024-11-07T17:09:28.787309-0500]     1.0000 MB /   0.50 sec =   16.7315 Mbps     0 retrans     14 KB-cwnd
[2024-11-07T17:09:29.285919-0500]     2.2500 MB /   0.50 sec =   37.8526 Mbps     0 retrans     14 KB-cwnd
[2024-11-07T17:09:29.786342-0500]     1.8750 MB /   0.50 sec =   31.4243 Mbps     0 retrans     14 KB-cwnd
[2024-11-07T17:09:30.286870-0500]     0.3125 MB /   0.50 sec =    5.2430 Mbps     0 retrans     14 KB-cwnd
[2024-11-07T17:09:30.785944-0500]     0.0625 MB /   0.50 sec =    1.0495 Mbps     0 retrans     14 KB-cwnd
[2024-11-07T17:09:31.285741-0500]     2.8750 MB /   0.50 sec =   48.2426 Mbps     0 retrans     14 KB-cwnd
[2024-11-07T17:09:31.786333-0500]     3.0625 MB /   0.50 sec =   51.3791 Mbps     0 retrans     14 KB-cwnd
[2024-11-07T17:09:32.285757-0500]     3.5625 MB /   0.50 sec =   59.7705 Mbps     0 retrans     14 KB-cwnd
[2024-11-07T17:09:32.785876-0500]     3.4375 MB /   0.50 sec =   57.6682 Mbps     0 retrans     14 KB-cwnd
[2024-11-07T17:09:33.287346-0500]     1.4375 MB /   0.50 sec =   24.0501 Mbps     0 retrans     14 KB-cwnd
[2024-11-07T17:09:33.785785-0500]     3.2500 MB /   0.50 sec =   54.6805 Mbps     0 retrans     14 KB-cwnd
[2024-11-07T17:09:34.285893-0500]     5.7500 MB /   0.50 sec =   96.4659 Mbps     0 retrans     14 KB-cwnd
[2024-11-07T17:09:34.786320-0500]     6.1875 MB /   0.50 sec =  103.8094 Mbps     0 retrans     14 KB-cwnd
[2024-11-07T17:09:35.286768-0500]     2.9375 MB /   0.50 sec =   49.2358 Mbps     0 retrans     14 KB-cwnd
[2024-11-07T17:09:35.786260-0500]     1.0000 MB /   0.50 sec =   16.7795 Mbps     0 retrans     14 KB-cwnd
[2024-11-07T17:09:36.287249-0500]     0.1250 MB /   0.50 sec =    2.0934 Mbps     0 retrans     14 KB-cwnd
[2024-11-07T17:09:36.785845-0500]     4.5625 MB /   0.50 sec =   76.7502 Mbps     0 retrans     14 KB-cwnd
[2024-11-07T17:09:37.286326-0500]     0.6250 MB /   0.50 sec =   10.4764 Mbps     0 retrans     14 KB-cwnd
[2024-11-07T17:09:37.786767-0500]     4.2500 MB /   0.50 sec =   71.3043 Mbps     0 retrans     14 KB-cwnd
[2024-11-07T17:09:38.286774-0500]     2.1875 MB /   0.50 sec =   36.6996 Mbps     0 retrans     14 KB-cwnd
[2024-11-07T17:09:38.786406-0500]     2.0625 MB /   0.50 sec =   34.5993 Mbps     0 retrans     14 KB-cwnd
[2024-11-07T17:09:39.285835-0500]     2.0625 MB /   0.50 sec =   34.6370 Mbps     0 retrans     14 KB-cwnd
[2024-11-07T17:09:39.785967-0500]     1.3750 MB /   0.50 sec =   23.0658 Mbps     0 retrans     14 KB-cwnd
[2024-11-07T17:09:40.285900-0500]     1.2500 MB /   0.50 sec =   20.9747 Mbps     0 retrans     14 KB-cwnd
[2024-11-07T17:09:40.786112-0500]     0.0000 MB /   0.50 sec =    0.0000 Mbps     0 retrans     14 KB-cwnd
[2024-11-07T17:09:41.286239-0500]     1.1875 MB /   0.50 sec =   19.9078 Mbps     0 retrans     14 KB-cwnd
[2024-11-07T17:09:41.785837-0500]     0.1875 MB /   0.50 sec =    3.1483 Mbps     0 retrans     14 KB-cwnd
[2024-11-07T17:09:42.285801-0500]     0.0625 MB /   0.50 sec =    1.0485 Mbps     0 retrans     14 KB-cwnd
[2024-11-07T17:09:42.785883-0500]     1.6250 MB /   0.50 sec =   27.2604 Mbps     0 retrans     14 KB-cwnd
[2024-11-07T17:09:43.285801-0500]     2.0625 MB /   0.50 sec =   34.6066 Mbps     0 retrans     14 KB-cwnd
[2024-11-07T17:09:43.786006-0500]     2.4375 MB /   0.50 sec =   40.8835 Mbps     0 retrans     14 KB-cwnd
[2024-11-07T17:09:44.286431-0500]     3.1875 MB /   0.50 sec =   53.4865 Mbps     0 retrans     14 KB-cwnd
[2024-11-07T17:09:44.786115-0500]     4.9375 MB /   0.50 sec =   82.7935 Mbps     0 retrans     28 KB-cwnd
[2024-11-07T17:09:45.285731-0500]     3.6875 MB /   0.50 sec =   61.9080 Mbps     0 retrans     28 KB-cwnd
[2024-11-07T17:09:45.785949-0500]     3.1250 MB /   0.50 sec =   52.4199 Mbps     0 retrans     28 KB-cwnd
[2024-11-07T17:09:46.285846-0500]     7.0000 MB /   0.50 sec =  117.4551 Mbps     0 retrans     28 KB-cwnd
[2024-11-07T17:09:46.785811-0500]     3.5000 MB /   0.50 sec =   58.7208 Mbps     0 retrans     28 KB-cwnd
[2024-11-07T17:09:47.285797-0500]     4.5000 MB /   0.50 sec =   75.4985 Mbps     0 retrans     28 KB-cwnd
[2024-11-07T17:09:47.786533-0500]     3.7500 MB /   0.50 sec =   62.9085 Mbps     0 retrans     28 KB-cwnd
[2024-11-07T17:09:48.285764-0500]     5.4375 MB /   0.50 sec =   91.2347 Mbps     0 retrans     28 KB-cwnd
[2024-11-07T17:09:48.787237-0500]     4.5625 MB /   0.50 sec =   76.4668 Mbps     0 retrans     28 KB-cwnd
[2024-11-07T17:09:49.286290-0500]     7.5000 MB /   0.50 sec =  125.9447 Mbps     0 retrans     28 KB-cwnd
[2024-11-07T17:09:49.785844-0500]     7.8750 MB /   0.50 sec =  132.1298 Mbps     0 retrans     28 KB-cwnd
[2024-11-07T17:09:50.285897-0500]     4.9375 MB /   0.50 sec =   82.8334 Mbps     0 retrans     28 KB-cwnd
[2024-11-07T17:09:50.785916-0500]     8.3750 MB /   0.50 sec =  140.4999 Mbps     0 retrans     28 KB-cwnd
[2024-11-07T17:09:51.285940-0500]     6.8125 MB /   0.50 sec =  114.3106 Mbps     0 retrans     28 KB-cwnd
[2024-11-07T17:09:51.786346-0500]     5.1875 MB /   0.50 sec =   87.0304 Mbps     0 retrans     28 KB-cwnd
[2024-11-07T17:09:52.286138-0500]     7.9375 MB /   0.50 sec =  133.0991 Mbps     0 retrans     28 KB-cwnd
[2024-11-07T17:09:52.786840-0500]     2.3750 MB /   0.50 sec =   39.8673 Mbps     0 retrans     28 KB-cwnd
[2024-11-07T17:09:53.286134-0500]     7.5625 MB /   0.50 sec =  126.8838 Mbps     0 retrans     28 KB-cwnd
[2024-11-07T17:09:53.785933-0500]     2.3750 MB /   0.50 sec =   39.8401 Mbps     0 retrans     28 KB-cwnd
[2024-11-07T17:09:54.285871-0500]     6.6250 MB /   0.50 sec =  111.1513 Mbps     0 retrans     28 KB-cwnd
[2024-11-07T17:09:54.785726-0500]     6.3750 MB /   0.50 sec =  106.9702 Mbps     0 retrans     28 KB-cwnd
[2024-11-07T17:09:55.286308-0500]     3.4375 MB /   0.50 sec =   57.6653 Mbps     0 retrans     28 KB-cwnd
[2024-11-07T17:09:55.786203-0500]     5.3125 MB /   0.50 sec =   89.1347 Mbps     0 retrans     28 KB-cwnd
[2024-11-07T17:09:56.285739-0500]     8.1875 MB /   0.50 sec =  137.3681 Mbps     0 retrans     28 KB-cwnd
[2024-11-07T17:09:56.786177-0500]     8.0625 MB /   0.50 sec =  135.2587 Mbps     0 retrans     28 KB-cwnd
[2024-11-07T17:09:57.285868-0500]     5.0000 MB /   0.50 sec =   83.8868 Mbps     0 retrans     28 KB-cwnd
[2024-11-07T17:09:57.786380-0500]    10.3750 MB /   0.50 sec =  174.0573 Mbps     0 retrans     28 KB-cwnd
[2024-11-07T17:09:58.286236-0500]    10.3750 MB /   0.50 sec =  174.0661 Mbps     0 retrans     39 KB-cwnd
[2024-11-07T17:09:58.786274-0500]     9.6250 MB /   0.50 sec =  161.3458 Mbps     0 retrans     50 KB-cwnd
[2024-11-07T17:09:59.286134-0500]     7.2500 MB /   0.50 sec =  121.6796 Mbps     0 retrans     50 KB-cwnd
[2024-11-07T17:09:59.786194-0500]     7.1250 MB /   0.50 sec =  119.5118 Mbps     0 retrans     50 KB-cwnd
[2024-11-07T17:10:00.286139-0500]     4.4375 MB /   0.50 sec =   74.4987 Mbps     0 retrans     50 KB-cwnd
[2024-11-07T17:10:00.786246-0500]     9.1875 MB /   0.50 sec =  154.1422 Mbps     0 retrans     50 KB-cwnd
[2024-11-07T17:10:01.285788-0500]    13.3750 MB /   0.50 sec =  224.4042 Mbps     0 retrans     50 KB-cwnd
[2024-11-07T17:10:01.786231-0500]    15.9375 MB /   0.50 sec =  267.1715 Mbps     0 retrans     50 KB-cwnd
[2024-11-07T17:10:02.285762-0500]    11.3125 MB /   0.50 sec =  189.9492 Mbps     0 retrans     50 KB-cwnd
[2024-11-07T17:10:02.786452-0500]    12.5000 MB /   0.50 sec =  209.6905 Mbps     0 retrans     50 KB-cwnd
[2024-11-07T17:10:03.287091-0500]    13.4375 MB /   0.50 sec =  225.2839 Mbps     0 retrans     50 KB-cwnd
[2024-11-07T17:10:03.785787-0500]    12.1250 MB /   0.50 sec =  203.5911 Mbps     0 retrans     50 KB-cwnd
[2024-11-07T17:10:04.285872-0500]     6.6875 MB /   0.50 sec =  112.1992 Mbps     0 retrans     50 KB-cwnd
[2024-11-07T17:10:04.786189-0500]    12.5000 MB /   0.50 sec =  209.5706 Mbps     0 retrans     50 KB-cwnd
[2024-11-07T17:10:05.286300-0500]    12.5000 MB /   0.50 sec =  209.6821 Mbps     0 retrans     50 KB-cwnd
[2024-11-07T17:10:05.787046-0500]    10.2500 MB /   0.50 sec =  171.9152 Mbps     0 retrans     50 KB-cwnd
[2024-11-07T17:10:06.285736-0500]    11.3750 MB /   0.50 sec =  191.0613 Mbps     0 retrans     65 KB-cwnd
[2024-11-07T17:10:06.785899-0500]     9.2500 MB /   0.50 sec =  155.1675 Mbps  6541 retrans   2163 KB-cwnd
[2024-11-07T17:10:07.285926-0500]    12.3750 MB /   0.50 sec =  207.6380 Mbps     0 retrans   2163 KB-cwnd
[2024-11-07T17:10:07.786126-0500]     7.8125 MB /   0.50 sec =  131.0730 Mbps     0 retrans   2163 KB-cwnd
[2024-11-07T17:10:08.286006-0500]    13.2500 MB /   0.50 sec =  222.3012 Mbps     0 retrans   2163 KB-cwnd
[2024-11-07T17:10:08.785972-0500]    12.3125 MB /   0.50 sec =  206.5207 Mbps     0 retrans   2163 KB-cwnd
[2024-11-07T17:10:09.286172-0500]    13.4375 MB /   0.50 sec =  225.3240 Mbps     0 retrans   2163 KB-cwnd
[2024-11-07T17:10:09.786983-0500]    10.5000 MB /   0.50 sec =  176.2831 Mbps     0 retrans   2163 KB-cwnd
[2024-11-07T17:10:10.286326-0500]    10.3125 MB /   0.50 sec =  173.0154 Mbps     0 retrans   2163 KB-cwnd
[2024-11-07T17:10:10.785865-0500]    10.1250 MB /   0.50 sec =  169.8690 Mbps     0 retrans   2183 KB-cwnd
[2024-11-07T17:10:11.286534-0500]     4.3750 MB /   0.50 sec =   73.4005 Mbps     0 retrans   2183 KB-cwnd
[2024-11-07T17:10:11.785958-0500]    11.0000 MB /   0.50 sec =  184.5287 Mbps     0 retrans   2183 KB-cwnd
[2024-11-07T17:10:12.286858-0500]     4.3125 MB /   0.50 sec =   72.3017 Mbps     0 retrans   2183 KB-cwnd
[2024-11-07T17:10:12.785892-0500]     3.3750 MB /   0.50 sec =   56.6687 Mbps     0 retrans   2183 KB-cwnd
[2024-11-07T17:10:13.286066-0500]     6.3125 MB /   0.50 sec =  105.9110 Mbps     0 retrans   2183 KB-cwnd
[2024-11-07T17:10:13.786251-0500]     9.1875 MB /   0.50 sec =  154.1468 Mbps     0 retrans   2183 KB-cwnd
[2024-11-07T17:10:14.285882-0500]     6.4375 MB /   0.50 sec =  107.9800 Mbps     0 retrans   2183 KB-cwnd
[2024-11-07T17:10:14.785883-0500]     5.3750 MB /   0.50 sec =   90.1918 Mbps  3628 retrans   2980 KB-cwnd
[2024-11-07T17:10:15.286065-0500]     6.3750 MB /   0.50 sec =  106.9237 Mbps     0 retrans   2980 KB-cwnd
[2024-11-07T17:10:15.785882-0500]     6.7500 MB /   0.50 sec =  113.2707 Mbps     0 retrans   3006 KB-cwnd
[2024-11-07T17:10:16.285768-0500]     5.5625 MB /   0.50 sec =   93.3354 Mbps     0 retrans   3006 KB-cwnd
[2024-11-07T17:10:16.786180-0500]     6.0625 MB /   0.50 sec =  101.7068 Mbps     0 retrans   3006 KB-cwnd
[2024-11-07T17:10:17.286053-0500]     5.6875 MB /   0.50 sec =   95.3882 Mbps     0 retrans   3006 KB-cwnd
[2024-11-07T17:10:17.786312-0500]     6.6875 MB /   0.50 sec =  112.1389 Mbps     0 retrans   3006 KB-cwnd
[2024-11-07T17:10:18.285858-0500]     8.5625 MB /   0.50 sec =  143.7754 Mbps     0 retrans   3006 KB-cwnd
[2024-11-07T17:10:18.785819-0500]     0.2500 MB /   0.50 sec =    4.1944 Mbps     0 retrans   3006 KB-cwnd
[2024-11-07T17:10:19.287105-0500]     0.0000 MB /   0.50 sec =    0.0000 Mbps     0 retrans   3006 KB-cwnd
[2024-11-07T17:10:19.787465-0500]     0.0000 MB /   0.50 sec =    0.0000 Mbps     0 retrans   3006 KB-cwnd
[2024-11-07T17:10:20.287296-0500]     0.0000 MB /   0.50 sec =    0.0000 Mbps     0 retrans   3006 KB-cwnd
[2024-11-07T17:10:20.785957-0500]     0.0000 MB /   0.50 sec =    0.0000 Mbps     0 retrans   3006 KB-cwnd
[2024-11-07T17:10:21.285899-0500]     1.2500 MB /   0.50 sec =   20.9726 Mbps     0 retrans   3006 KB-cwnd
[2024-11-07T17:10:21.785918-0500]     2.6875 MB /   0.50 sec =   45.0853 Mbps     0 retrans   3006 KB-cwnd
[2024-11-07T17:10:22.286338-0500]     5.1250 MB /   0.50 sec =   85.9927 Mbps     0 retrans   3006 KB-cwnd
[2024-11-07T17:10:22.785874-0500]     4.1875 MB /   0.50 sec =   70.2539 Mbps     0 retrans   3006 KB-cwnd
[2024-11-07T17:10:23.285864-0500]     4.3750 MB /   0.50 sec =   73.4008 Mbps     0 retrans   3006 KB-cwnd
[2024-11-07T17:10:23.785888-0500]     5.0000 MB /   0.50 sec =   83.8847 Mbps     0 retrans   3006 KB-cwnd
[2024-11-07T17:10:24.285909-0500]     5.5625 MB /   0.50 sec =   93.3199 Mbps     0 retrans   3006 KB-cwnd
[2024-11-07T17:10:24.787587-0500]     4.8125 MB /   0.50 sec =   80.4814 Mbps     0 retrans   3006 KB-cwnd
[2024-11-07T17:10:25.285944-0500]     4.7500 MB /   0.50 sec =   79.9415 Mbps     0 retrans   3006 KB-cwnd
[2024-11-07T17:10:25.785746-0500]     5.2500 MB /   0.50 sec =   88.0985 Mbps     0 retrans   3006 KB-cwnd
[2024-11-07T17:10:26.286361-0500]     2.8750 MB /   0.50 sec =   48.1863 Mbps     0 retrans   3006 KB-cwnd
[2024-11-07T17:10:26.787610-0500]     2.5625 MB /   0.50 sec =   42.9252 Mbps     0 retrans   3006 KB-cwnd
[2024-11-07T17:10:27.285739-0500]     6.6250 MB /   0.50 sec =  111.4357 Mbps     0 retrans   3006 KB-cwnd
[2024-11-07T17:10:27.785808-0500]     7.7500 MB /   0.50 sec =  130.0177 Mbps     0 retrans   3006 KB-cwnd
[2024-11-07T17:10:28.285791-0500]    10.5000 MB /   0.50 sec =  176.1618 Mbps     0 retrans   3006 KB-cwnd
[2024-11-07T17:10:28.785739-0500]    13.7500 MB /   0.50 sec =  230.6909 Mbps     0 retrans   3006 KB-cwnd
[2024-11-07T17:10:29.285902-0500]    15.1875 MB /   0.50 sec =  254.7780 Mbps    67 retrans   3390 KB-cwnd
[2024-11-07T17:10:29.785951-0500]    16.6250 MB /   0.50 sec =  278.8799 Mbps     0 retrans   3390 KB-cwnd
[2024-11-07T17:10:30.287191-0500]    16.6875 MB /   0.50 sec =  279.7633 Mbps     0 retrans   3390 KB-cwnd
[2024-11-07T17:10:30.786905-0500]    17.2500 MB /   0.50 sec =  289.4944 Mbps     0 retrans   3060 KB-cwnd
[2024-11-07T17:10:31.286373-0500]    16.3750 MB /   0.50 sec =  274.8814 Mbps     0 retrans   3060 KB-cwnd
[2024-11-07T17:10:31.786787-0500]    14.7500 MB /   0.50 sec =  247.2553 Mbps     1 retrans   1317 KB-cwnd
[2024-11-07T17:10:32.286109-0500]    17.1250 MB /   0.50 sec =  287.5865 Mbps     0 retrans   1317 KB-cwnd
[2024-11-07T17:10:32.785897-0500]    17.0625 MB /   0.50 sec =  286.2321 Mbps     0 retrans   1317 KB-cwnd
[2024-11-07T17:10:33.286324-0500]    16.1875 MB /   0.50 sec =  271.5676 Mbps  1214 retrans   2146 KB-cwnd
[2024-11-07T17:10:33.786325-0500]    17.3125 MB /   0.50 sec =  290.4736 Mbps     0 retrans   2146 KB-cwnd
[2024-11-07T17:10:34.285773-0500]    13.2500 MB /   0.50 sec =  222.3168 Mbps     0 retrans   2146 KB-cwnd
[2024-11-07T17:10:34.786907-0500]    14.8125 MB /   0.50 sec =  248.4787 Mbps     0 retrans   2146 KB-cwnd
[2024-11-07T17:10:35.286148-0500]    15.1875 MB /   0.50 sec =  254.8320 Mbps     0 retrans   2146 KB-cwnd
[2024-11-07T17:10:35.785867-0500]    15.9375 MB /   0.50 sec =  267.3350 Mbps     0 retrans   2146 KB-cwnd
[2024-11-07T17:10:36.285871-0500]    17.1250 MB /   0.50 sec =  287.3317 Mbps     0 retrans   2146 KB-cwnd
[2024-11-07T17:10:36.786785-0500]    15.9375 MB /   0.50 sec =  267.1651 Mbps     0 retrans   2146 KB-cwnd
[2024-11-07T17:10:37.285827-0500]    15.3125 MB /   0.50 sec =  257.1403 Mbps     0 retrans   2146 KB-cwnd
[2024-11-07T17:10:37.786391-0500]    16.7500 MB /   0.50 sec =  280.7533 Mbps  3103 retrans   3413 KB-cwnd
[2024-11-07T17:10:38.285849-0500]    10.8750 MB /   0.50 sec =  182.6228 Mbps     0 retrans   3413 KB-cwnd
[2024-11-07T17:10:38.786771-0500]    10.8750 MB /   0.50 sec =  182.2947 Mbps     0 retrans   3413 KB-cwnd
[2024-11-07T17:10:39.286388-0500]    16.9375 MB /   0.50 sec =  284.1561 Mbps     0 retrans   3413 KB-cwnd
[2024-11-07T17:10:39.787076-0500]    15.4375 MB /   0.50 sec =  258.9398 Mbps     0 retrans   3413 KB-cwnd
[2024-11-07T17:10:40.285965-0500]    14.3125 MB /   0.50 sec =  240.3561 Mbps     0 retrans   3413 KB-cwnd
[2024-11-07T17:10:40.786676-0500]    17.6250 MB /   0.50 sec =  295.5028 Mbps     0 retrans   3447 KB-cwnd
[2024-11-07T17:10:41.286381-0500]    14.2500 MB /   0.50 sec =  239.0352 Mbps     0 retrans   3447 KB-cwnd
[2024-11-07T17:10:41.785924-0500]    13.0000 MB /   0.50 sec =  218.3156 Mbps     0 retrans   3447 KB-cwnd
[2024-11-07T17:10:42.285879-0500]     4.5625 MB /   0.50 sec =   76.5459 Mbps     0 retrans   3447 KB-cwnd
[2024-11-07T17:10:42.786439-0500]     9.4375 MB /   0.50 sec =  158.3169 Mbps     0 retrans   3388 KB-cwnd
[2024-11-07T17:10:43.286014-0500]     8.3750 MB /   0.50 sec =  140.4926 Mbps     0 retrans   3388 KB-cwnd
[2024-11-07T17:10:43.786447-0500]     9.1250 MB /   0.50 sec =  152.9492 Mbps     5 retrans   3738 KB-cwnd
[2024-11-07T17:10:44.285847-0500]     8.0625 MB /   0.50 sec =  135.4340 Mbps     0 retrans   3738 KB-cwnd
[2024-11-07T17:10:44.785778-0500]    11.5000 MB /   0.50 sec =  192.9407 Mbps     0 retrans   3738 KB-cwnd
[2024-11-07T17:10:45.286260-0500]    11.3750 MB /   0.50 sec =  190.8332 Mbps     0 retrans   3738 KB-cwnd
[2024-11-07T17:10:45.786714-0500]    11.3125 MB /   0.50 sec =  189.7794 Mbps     0 retrans   3738 KB-cwnd
[2024-11-07T17:10:46.286794-0500]    15.1875 MB /   0.50 sec =  254.5921 Mbps     0 retrans   3738 KB-cwnd
[2024-11-07T17:10:46.786963-0500]    11.3750 MB /   0.50 sec =  190.7962 Mbps     0 retrans   3738 KB-cwnd
[2024-11-07T17:10:47.286796-0500]    12.6875 MB /   0.50 sec =  212.9014 Mbps     0 retrans   3738 KB-cwnd
[2024-11-07T17:10:47.785980-0500]     9.9375 MB /   0.50 sec =  166.8494 Mbps     0 retrans   3909 KB-cwnd
[2024-11-07T17:10:48.286521-0500]    13.4375 MB /   0.50 sec =  225.4100 Mbps     0 retrans   3909 KB-cwnd
[2024-11-07T17:10:48.786304-0500]    12.0000 MB /   0.50 sec =  201.3375 Mbps     0 retrans   3909 KB-cwnd
[2024-11-07T17:10:49.286791-0500]    11.6875 MB /   0.50 sec =  195.9606 Mbps     0 retrans   3909 KB-cwnd
[2024-11-07T17:10:49.785904-0500]    14.8125 MB /   0.50 sec =  248.7160 Mbps     5 retrans   3636 KB-cwnd
[2024-11-07T17:10:50.285884-0500]    10.2500 MB /   0.50 sec =  171.9716 Mbps     0 retrans   3636 KB-cwnd
[2024-11-07T17:10:50.785751-0500]    11.7500 MB /   0.50 sec =  197.1516 Mbps     0 retrans   3682 KB-cwnd
[2024-11-07T17:10:51.286908-0500]    13.6875 MB /   0.50 sec =  229.2310 Mbps     0 retrans   3682 KB-cwnd
[2024-11-07T17:10:51.787640-0500]    10.4375 MB /   0.50 sec =  174.9880 Mbps     0 retrans   3682 KB-cwnd
[2024-11-07T17:10:52.285922-0500]    14.3750 MB /   0.50 sec =  241.7440 Mbps     0 retrans   3682 KB-cwnd
[2024-11-07T17:10:52.786413-0500]    12.1875 MB /   0.50 sec =  204.4830 Mbps     0 retrans   3682 KB-cwnd
[2024-11-07T17:10:53.286107-0500]    10.0625 MB /   0.50 sec =  168.7212 Mbps     0 retrans   3447 KB-cwnd
[2024-11-07T17:10:53.786405-0500]     3.9375 MB /   0.50 sec =   66.0328 Mbps     0 retrans   3447 KB-cwnd
[2024-11-07T17:10:54.286294-0500]     0.0000 MB /   0.50 sec =    0.0000 Mbps     0 retrans   3447 KB-cwnd
[2024-11-07T17:10:54.787313-0500]     0.0000 MB /   0.50 sec =    0.0000 Mbps     0 retrans   3447 KB-cwnd
[2024-11-07T17:10:55.285950-0500]     0.0000 MB /   0.50 sec =    0.0000 Mbps     0 retrans   3447 KB-cwnd
[2024-11-07T17:10:55.787358-0500]     0.0000 MB /   0.50 sec =    0.0000 Mbps     0 retrans   3447 KB-cwnd
[2024-11-07T17:10:56.286420-0500]     0.2500 MB /   0.50 sec =    4.2017 Mbps     0 retrans   3447 KB-cwnd
[2024-11-07T17:10:56.785872-0500]     5.8125 MB /   0.50 sec =   97.6138 Mbps     0 retrans   3447 KB-cwnd
[2024-11-07T17:10:57.286143-0500]     2.5000 MB /   0.50 sec =   41.9391 Mbps     0 retrans   3447 KB-cwnd
[2024-11-07T17:10:57.785908-0500]     4.5000 MB /   0.50 sec =   75.5044 Mbps     0 retrans   3447 KB-cwnd
[2024-11-07T17:10:58.285874-0500]     5.6250 MB /   0.50 sec =   94.3764 Mbps     0 retrans   3447 KB-cwnd
[2024-11-07T17:10:58.786715-0500]     9.5625 MB /   0.50 sec =  160.3013 Mbps     0 retrans   3447 KB-cwnd
[2024-11-07T17:10:59.286147-0500]     8.8750 MB /   0.50 sec =  149.0206 Mbps     0 retrans   3447 KB-cwnd
[2024-11-07T17:10:59.785912-0500]    11.0625 MB /   0.50 sec =  185.5597 Mbps     0 retrans   1036 KB-cwnd
[2024-11-07T17:11:00.285754-0500]    10.6875 MB /   0.50 sec =  179.3506 Mbps  1344 retrans   2587 KB-cwnd
[2024-11-07T17:11:00.785840-0500]    11.6250 MB /   0.50 sec =  195.0227 Mbps     0 retrans   2587 KB-cwnd
[2024-11-07T17:11:01.286333-0500]    13.5625 MB /   0.50 sec =  227.5419 Mbps     0 retrans   2587 KB-cwnd
[2024-11-07T17:11:01.785902-0500]    11.8750 MB /   0.50 sec =  199.2298 Mbps     0 retrans   2587 KB-cwnd
[2024-11-07T17:11:02.287183-0500]    12.1250 MB /   0.50 sec =  203.2441 Mbps     0 retrans   2587 KB-cwnd
[2024-11-07T17:11:02.785888-0500]    12.1875 MB /   0.50 sec =  204.6459 Mbps     0 retrans   2587 KB-cwnd
[2024-11-07T17:11:03.286220-0500]    11.6875 MB /   0.50 sec =  195.9481 Mbps     0 retrans   2587 KB-cwnd
[2024-11-07T17:11:03.786385-0500]     9.3750 MB /   0.50 sec =  157.2474 Mbps     0 retrans   2587 KB-cwnd
[2024-11-07T17:11:04.286282-0500]    14.8750 MB /   0.50 sec =  249.6150 Mbps     0 retrans   2587 KB-cwnd
[2024-11-07T17:11:04.785778-0500]    13.9375 MB /   0.50 sec =  234.0117 Mbps     0 retrans   2587 KB-cwnd
[2024-11-07T17:11:05.285852-0500]    11.8750 MB /   0.50 sec =  199.2016 Mbps     0 retrans   2587 KB-cwnd
[2024-11-07T17:11:05.786342-0500]    10.9375 MB /   0.50 sec =  183.3592 Mbps     0 retrans   2587 KB-cwnd
[2024-11-07T17:11:06.286750-0500]    11.7500 MB /   0.50 sec =  197.1398 Mbps    55 retrans   2856 KB-cwnd
[2024-11-07T17:11:06.786361-0500]    12.8125 MB /   0.50 sec =  215.1418 Mbps     0 retrans   2856 KB-cwnd
[2024-11-07T17:11:07.285778-0500]    12.2500 MB /   0.50 sec =  205.5324 Mbps     0 retrans   2856 KB-cwnd
[2024-11-07T17:11:07.787166-0500]     0.2500 MB /   0.50 sec =    4.1841 Mbps     0 retrans   2856 KB-cwnd
[2024-11-07T17:11:08.285833-0500]     5.5625 MB /   0.50 sec =   93.5517 Mbps     0 retrans   2856 KB-cwnd
[2024-11-07T17:11:08.786768-0500]    12.2500 MB /   0.50 sec =  205.5156 Mbps     0 retrans   2856 KB-cwnd
[2024-11-07T17:11:09.285957-0500]     4.6250 MB /   0.50 sec =   77.5839 Mbps     0 retrans   2856 KB-cwnd
[2024-11-07T17:11:09.786828-0500]    12.3750 MB /   0.50 sec =  207.4367 Mbps     0 retrans   2799 KB-cwnd
[2024-11-07T17:11:10.285771-0500]    11.1875 MB /   0.50 sec =  187.8916 Mbps     0 retrans   2799 KB-cwnd
[2024-11-07T17:11:10.785903-0500]    10.2500 MB /   0.50 sec =  171.9596 Mbps     0 retrans   2799 KB-cwnd
[2024-11-07T17:11:11.286759-0500]    10.4375 MB /   0.50 sec =  175.0964 Mbps     0 retrans   2825 KB-cwnd
[2024-11-07T17:11:11.787278-0500]     3.8125 MB /   0.50 sec =   63.8039 Mbps     0 retrans   2825 KB-cwnd
[2024-11-07T17:11:12.286891-0500]     2.8750 MB /   0.50 sec =   48.3574 Mbps     0 retrans   2825 KB-cwnd
[2024-11-07T17:11:12.785784-0500]    10.5000 MB /   0.50 sec =  176.1812 Mbps     0 retrans   2828 KB-cwnd
[2024-11-07T17:11:13.285777-0500]    12.8125 MB /   0.50 sec =  214.9448 Mbps     0 retrans   1633 KB-cwnd
[2024-11-07T17:11:13.786782-0500]    14.6250 MB /   0.50 sec =  245.1608 Mbps  2768 retrans   2361 KB-cwnd
[2024-11-07T17:11:14.285750-0500]    13.5000 MB /   0.50 sec =  226.6928 Mbps     0 retrans   2361 KB-cwnd
[2024-11-07T17:11:14.786406-0500]     8.0000 MB /   0.50 sec =  134.1096 Mbps     0 retrans   2361 KB-cwnd
[2024-11-07T17:11:15.285910-0500]    13.8750 MB /   0.50 sec =  232.9036 Mbps     0 retrans   2361 KB-cwnd
[2024-11-07T17:11:15.787732-0500]     9.9375 MB /   0.50 sec =  166.6259 Mbps     0 retrans   2361 KB-cwnd
[2024-11-07T17:11:16.286362-0500]    13.3125 MB /   0.50 sec =  223.5327 Mbps     0 retrans   2361 KB-cwnd
[2024-11-07T17:11:16.785857-0500]    13.3750 MB /   0.50 sec =  224.4042 Mbps     1 retrans   1920 KB-cwnd
[2024-11-07T17:11:17.285863-0500]     9.3750 MB /   0.50 sec =  157.2833 Mbps     0 retrans   1920 KB-cwnd
[2024-11-07T17:11:17.786878-0500]     9.8125 MB /   0.50 sec =  164.4754 Mbps     0 retrans   1920 KB-cwnd
[2024-11-07T17:11:18.286575-0500]    11.8125 MB /   0.50 sec =  198.2114 Mbps     0 retrans   1920 KB-cwnd
[2024-11-07T17:11:18.786432-0500]    14.7500 MB /   0.50 sec =  247.6368 Mbps     0 retrans   1920 KB-cwnd
[2024-11-07T17:11:19.286116-0500]    11.8125 MB /   0.50 sec =  198.1872 Mbps     0 retrans   1920 KB-cwnd
[2024-11-07T17:11:19.786334-0500]    15.2500 MB /   0.50 sec =  255.6271 Mbps   547 retrans   2748 KB-cwnd
[2024-11-07T17:11:20.286306-0500]    15.0000 MB /   0.50 sec =  251.8829 Mbps     0 retrans   2748 KB-cwnd
[2024-11-07T17:11:20.786323-0500]    12.5000 MB /   0.50 sec =  209.7131 Mbps     0 retrans   2748 KB-cwnd
[2024-11-07T17:11:21.285819-0500]    13.3125 MB /   0.50 sec =  223.3547 Mbps     0 retrans   2748 KB-cwnd
[2024-11-07T17:11:21.787954-0500]    11.3750 MB /   0.50 sec =  190.2351 Mbps     0 retrans   2748 KB-cwnd
[2024-11-07T17:11:22.288307-0500]    10.1875 MB /   0.50 sec =  170.8916 Mbps     0 retrans   2774 KB-cwnd
[2024-11-07T17:11:22.785777-0500]    13.9375 MB /   0.50 sec =  234.6170 Mbps     0 retrans   2774 KB-cwnd
[2024-11-07T17:11:23.286776-0500]    16.8750 MB /   0.50 sec =  282.8457 Mbps     0 retrans   2785 KB-cwnd
[2024-11-07T17:11:23.786788-0500]    13.3750 MB /   0.50 sec =  224.3944 Mbps     0 retrans   2785 KB-cwnd
[2024-11-07T17:11:24.286204-0500]    14.6250 MB /   0.50 sec =  245.4218 Mbps     0 retrans   2785 KB-cwnd
End time: 1731017484451
