Start time: 1731109396670
[2024-11-08T18:43:17.821411-0500] nuttcp-t: v8.1.4: socket
[2024-11-08T18:43:17.821905-0500] nuttcp-t: buflen=65536, nstream=1, port=5102 tcp -> 54.197.223.49
[2024-11-08T18:43:17.821941-0500] nuttcp-t: time limit = 120.00 seconds
[2024-11-08T18:43:17.821970-0500] nuttcp-t: connect to 54.197.223.49 with mss=1378, RTT=70.203 ms af=inet
[2024-11-08T18:43:17.821997-0500] nuttcp-t: send window size = 2097152, receive window size = 6291456
[2024-11-08T18:43:17.822024-0500] nuttcp-t: available send window = 1572864, available receive window = 4718592
[2024-11-08T18:43:17.822050-0500] nuttcp-t: initial congestion window = 13 KB (10 packets)
[2024-11-08T18:43:17.822076-0500] nuttcp-r: v8.1.4: socket
[2024-11-08T18:43:17.822101-0500] nuttcp-r: buflen=65536, nstream=1, port=5102 tcp
[2024-11-08T18:43:17.822127-0500] nuttcp-r: interval reporting every 0.50 seconds
[2024-11-08T18:43:17.822154-0500] nuttcp-r: accept from 166.194.191.33 with af=inet
[2024-11-08T18:43:17.822181-0500] nuttcp-r: send window size = 450000000, receive window size = 450000000
[2024-11-08T18:43:17.822206-0500] nuttcp-r: available send window = 225000000, available receive window = 225000000
[2024-11-08T18:43:17.822231-0500]     0.3125 MB /   0.50 sec =    5.2348 Mbps     0 retrans    423 KB-cwnd
[2024-11-08T18:43:18.151353-0500]     0.6875 MB /   0.50 sec =   11.5520 Mbps    10 retrans    394 KB-cwnd
[2024-11-08T18:43:18.668688-0500]     1.8125 MB /   0.50 sec =   30.4082 Mbps     0 retrans    418 KB-cwnd
[2024-11-08T18:43:19.206621-0500]     1.0000 MB /   0.50 sec =   16.7769 Mbps     0 retrans    421 KB-cwnd
[2024-11-08T18:43:19.686883-0500]     0.7500 MB /   0.50 sec =   12.5833 Mbps     9 retrans    363 KB-cwnd
[2024-11-08T18:43:22.274030-0500]     1.6250 MB /   0.50 sec =   27.2628 Mbps    67 retrans    309 KB-cwnd
[2024-11-08T18:43:22.274532-0500]     0.2500 MB /   0.50 sec =    4.1944 Mbps     0 retrans    309 KB-cwnd
[2024-11-08T18:43:22.274681-0500]     0.0000 MB /   0.50 sec =    0.0000 Mbps     0 retrans    309 KB-cwnd
[2024-11-08T18:43:22.274795-0500]     0.0000 MB /   0.50 sec =    0.0000 Mbps     0 retrans    309 KB-cwnd
[2024-11-08T18:43:22.274902-0500]     0.0000 MB /   0.50 sec =    0.0000 Mbps     0 retrans    309 KB-cwnd
[2024-11-08T18:43:23.009078-0500]     0.8125 MB /   0.50 sec =   13.6287 Mbps     0 retrans    378 KB-cwnd
[2024-11-08T18:43:24.383903-0500]     0.5625 MB /   0.50 sec =    9.4395 Mbps   281 retrans    131 KB-cwnd
[2024-11-08T18:43:24.384269-0500]     0.5625 MB /   0.50 sec =    9.4371 Mbps     0 retrans    131 KB-cwnd
[2024-11-08T18:43:24.384462-0500]     0.0625 MB /   0.50 sec =    1.0486 Mbps     0 retrans    131 KB-cwnd
[2024-11-08T18:43:24.678771-0500]     0.7500 MB /   0.50 sec =   12.5806 Mbps     0 retrans    331 KB-cwnd
[2024-11-08T18:43:25.292131-0500]     1.5000 MB /   0.50 sec =   25.1698 Mbps     0 retrans    336 KB-cwnd
[2024-11-08T18:43:25.636301-0500]     1.3750 MB /   0.50 sec =   23.0690 Mbps     0 retrans    337 KB-cwnd
[2024-11-08T18:43:26.174827-0500]     1.6250 MB /   0.50 sec =   27.2628 Mbps     0 retrans    343 KB-cwnd
[2024-11-08T18:43:26.840426-0500]     1.3750 MB /   0.50 sec =   23.0255 Mbps     0 retrans    438 KB-cwnd
[2024-11-08T18:43:27.130663-0500]     2.0000 MB /   0.50 sec =   33.6075 Mbps     0 retrans    652 KB-cwnd
[2024-11-08T18:43:27.827764-0500]     2.3125 MB /   0.50 sec =   38.8087 Mbps     0 retrans   1014 KB-cwnd
[2024-11-08T18:43:28.387870-0500]     2.1250 MB /   0.50 sec =   35.6521 Mbps     0 retrans   1014 KB-cwnd
[2024-11-08T18:43:29.302553-0500]     1.5625 MB /   0.50 sec =   26.2138 Mbps   130 retrans    944 KB-cwnd
[2024-11-08T18:43:29.303099-0500]     1.0000 MB /   0.50 sec =   16.7773 Mbps     0 retrans    944 KB-cwnd
[2024-11-08T18:43:30.344424-0500]     1.4375 MB /   0.50 sec =   24.1174 Mbps     9 retrans    785 KB-cwnd
[2024-11-08T18:43:30.344881-0500]     0.8125 MB /   0.50 sec =   13.6314 Mbps     0 retrans    785 KB-cwnd
[2024-11-08T18:43:37.228033-0500]     1.3125 MB /   0.50 sec =   22.0201 Mbps   234 retrans    305 KB-cwnd
[2024-11-08T18:43:37.228175-0500]     0.0000 MB /   0.50 sec =    0.0000 Mbps     0 retrans    305 KB-cwnd
[2024-11-08T18:43:37.228220-0500]     0.5000 MB /   0.50 sec =    8.3884 Mbps     0 retrans    305 KB-cwnd
[2024-11-08T18:43:37.228260-0500]     0.0000 MB /   0.50 sec =    0.0000 Mbps     0 retrans    305 KB-cwnd
[2024-11-08T18:43:37.228286-0500]     0.0000 MB /   0.50 sec =    0.0000 Mbps     0 retrans    305 KB-cwnd
[2024-11-08T18:43:37.228309-0500]     0.0000 MB /   0.50 sec =    0.0000 Mbps     0 retrans    305 KB-cwnd
[2024-11-08T18:43:37.228373-0500]     0.0000 MB /   0.50 sec =    0.0000 Mbps     0 retrans    305 KB-cwnd
[2024-11-08T18:43:37.228427-0500]     0.2500 MB /   0.50 sec =    4.1942 Mbps     0 retrans    305 KB-cwnd
[2024-11-08T18:43:37.228477-0500]     0.0000 MB /   0.50 sec =    0.0000 Mbps     0 retrans    305 KB-cwnd
[2024-11-08T18:43:37.228499-0500]     0.1875 MB /   0.50 sec =    3.1457 Mbps     0 retrans    305 KB-cwnd
[2024-11-08T18:43:37.228520-0500]     0.5625 MB /   0.50 sec =    9.4367 Mbps     0 retrans    305 KB-cwnd
[2024-11-08T18:43:37.228542-0500]     0.2500 MB /   0.50 sec =    4.1944 Mbps     0 retrans    305 KB-cwnd
[2024-11-08T18:43:37.228564-0500]     0.0000 MB /   0.50 sec =    0.0000 Mbps     0 retrans    305 KB-cwnd
[2024-11-08T18:43:38.895700-0500]     0.0625 MB /   0.50 sec =    1.0485 Mbps     2 retrans    405 KB-cwnd
[2024-11-08T18:43:38.896110-0500]     0.8750 MB /   0.50 sec =   14.6797 Mbps     0 retrans    405 KB-cwnd
[2024-11-08T18:43:38.896263-0500]     0.6250 MB /   0.50 sec =   10.4861 Mbps     0 retrans    405 KB-cwnd
[2024-11-08T18:43:45.034663-0500]     0.5000 MB /   0.50 sec =    8.3887 Mbps   288 retrans    250 KB-cwnd
[2024-11-08T18:43:45.035241-0500]     0.2500 MB /   0.50 sec =    4.1944 Mbps     0 retrans    250 KB-cwnd
[2024-11-08T18:43:45.035515-0500]     0.0000 MB /   0.50 sec =    0.0000 Mbps     0 retrans    250 KB-cwnd
[2024-11-08T18:43:45.035748-0500]     0.0000 MB /   0.50 sec =    0.0000 Mbps     0 retrans    250 KB-cwnd
[2024-11-08T18:43:45.036203-0500]     0.0000 MB /   0.50 sec =    0.0000 Mbps     0 retrans    250 KB-cwnd
[2024-11-08T18:43:45.036603-0500]     0.1250 MB /   0.50 sec =    2.0970 Mbps     0 retrans    250 KB-cwnd
[2024-11-08T18:43:45.036740-0500]     0.1250 MB /   0.50 sec =    2.0972 Mbps     0 retrans    250 KB-cwnd
[2024-11-08T18:43:45.036853-0500]     0.0000 MB /   0.50 sec =    0.0000 Mbps     0 retrans    250 KB-cwnd
[2024-11-08T18:43:45.036960-0500]     0.1875 MB /   0.50 sec =    3.1457 Mbps     0 retrans    250 KB-cwnd
[2024-11-08T18:43:45.037076-0500]     0.1875 MB /   0.50 sec =    3.1458 Mbps     0 retrans    250 KB-cwnd
[2024-11-08T18:43:45.037183-0500]     0.1875 MB /   0.50 sec =    3.1455 Mbps     0 retrans    250 KB-cwnd
[2024-11-08T18:43:45.037290-0500]     0.1875 MB /   0.50 sec =    3.1460 Mbps     0 retrans    250 KB-cwnd
[2024-11-08T18:43:45.037392-0500]     0.1875 MB /   0.50 sec =    3.1441 Mbps     0 retrans    250 KB-cwnd
[2024-11-08T18:43:45.847812-0500]     0.9375 MB /   0.50 sec =   15.7367 Mbps     1 retrans    489 KB-cwnd
[2024-11-08T18:43:45.847983-0500]     1.3750 MB /   0.50 sec =   23.0682 Mbps     0 retrans    489 KB-cwnd
[2024-11-08T18:43:46.372827-0500]     1.5625 MB /   0.50 sec =   26.2148 Mbps     0 retrans    847 KB-cwnd
[2024-11-08T18:43:47.251744-0500]     2.1875 MB /   0.50 sec =   36.7001 Mbps    12 retrans    846 KB-cwnd
[2024-11-08T18:43:47.252375-0500]     0.3125 MB /   0.50 sec =    5.2429 Mbps     0 retrans    846 KB-cwnd
[2024-11-08T18:43:47.696564-0500]     2.1250 MB /   0.50 sec =   35.6519 Mbps     5 retrans    745 KB-cwnd
[2024-11-08T18:43:48.210641-0500]     4.0625 MB /   0.50 sec =   68.1570 Mbps     0 retrans    767 KB-cwnd
[2024-11-08T18:43:48.692624-0500]     4.5625 MB /   0.50 sec =   76.5464 Mbps     0 retrans    773 KB-cwnd
[2024-11-08T18:43:49.200702-0500]     4.4375 MB /   0.50 sec =   74.4252 Mbps     0 retrans    880 KB-cwnd
[2024-11-08T18:43:49.854527-0500]     4.7500 MB /   0.50 sec =   79.7184 Mbps     0 retrans   1351 KB-cwnd
[2024-11-08T18:43:50.158546-0500]     4.5000 MB /   0.50 sec =   75.4969 Mbps     0 retrans   1550 KB-cwnd
[2024-11-08T18:43:50.686544-0500]     5.1250 MB /   0.50 sec =   85.9781 Mbps     0 retrans   1656 KB-cwnd
[2024-11-08T18:43:51.256389-0500]     4.5625 MB /   0.50 sec =   76.5522 Mbps     0 retrans   1656 KB-cwnd
[2024-11-08T18:43:51.782610-0500]     5.0625 MB /   0.50 sec =   84.9326 Mbps     0 retrans   1656 KB-cwnd
[2024-11-08T18:43:52.302367-0500]     5.0625 MB /   0.50 sec =   84.8334 Mbps     0 retrans   1795 KB-cwnd
[2024-11-08T18:43:52.728216-0500]     5.7500 MB /   0.50 sec =   96.5613 Mbps     0 retrans   1795 KB-cwnd
[2024-11-08T18:43:53.190477-0500]     5.7500 MB /   0.50 sec =   96.4894 Mbps     0 retrans   1795 KB-cwnd
[2024-11-08T18:43:53.654491-0500]     6.0000 MB /   0.50 sec =  100.6665 Mbps     0 retrans   1795 KB-cwnd
[2024-11-08T18:43:54.126500-0500]     5.7500 MB /   0.50 sec =   96.4674 Mbps     0 retrans   1795 KB-cwnd
[2024-11-08T18:43:54.646436-0500]     5.0000 MB /   0.50 sec =   83.8889 Mbps     0 retrans   1795 KB-cwnd
[2024-11-08T18:43:55.208464-0500]     4.6250 MB /   0.50 sec =   77.5934 Mbps     0 retrans   1795 KB-cwnd
[2024-11-08T18:43:55.624705-0500]     3.5000 MB /   0.50 sec =   58.7198 Mbps     1 retrans   1434 KB-cwnd
[2024-11-08T18:43:56.156593-0500]     6.5000 MB /   0.50 sec =  109.0432 Mbps     0 retrans   1434 KB-cwnd
[2024-11-08T18:43:56.668385-0500]     5.1875 MB /   0.50 sec =   86.9987 Mbps     0 retrans   1556 KB-cwnd
[2024-11-08T18:43:57.198301-0500]     4.8750 MB /   0.50 sec =   81.8253 Mbps     0 retrans   1679 KB-cwnd
[2024-11-08T18:43:57.716544-0500]     5.6875 MB /   0.50 sec =   95.4242 Mbps     0 retrans   1679 KB-cwnd
[2024-11-08T18:43:58.280626-0500]     4.8750 MB /   0.50 sec =   81.7837 Mbps     0 retrans   1679 KB-cwnd
[2024-11-08T18:43:58.596604-0500]     4.4375 MB /   0.50 sec =   74.4535 Mbps     0 retrans   1772 KB-cwnd
[2024-11-08T18:43:59.206433-0500]     4.1250 MB /   0.50 sec =   69.2046 Mbps     0 retrans   1772 KB-cwnd
[2024-11-08T18:43:59.766622-0500]     4.6250 MB /   0.50 sec =   77.5448 Mbps     0 retrans   1772 KB-cwnd
[2024-11-08T18:44:00.356352-0500]     4.9375 MB /   0.50 sec =   82.8917 Mbps     0 retrans   1772 KB-cwnd
[2024-11-08T18:44:00.657483-0500]     4.5000 MB /   0.50 sec =   75.4919 Mbps     0 retrans   1772 KB-cwnd
[2024-11-08T18:44:01.258537-0500]     4.5000 MB /   0.50 sec =   75.4994 Mbps     0 retrans   1772 KB-cwnd
[2024-11-08T18:44:01.622508-0500]     4.0625 MB /   0.50 sec =   68.1595 Mbps     0 retrans   1772 KB-cwnd
[2024-11-08T18:44:02.206641-0500]     4.5625 MB /   0.50 sec =   76.5470 Mbps     0 retrans   1772 KB-cwnd
[2024-11-08T18:44:02.767214-0500]     4.5625 MB /   0.50 sec =   76.5450 Mbps     0 retrans   1772 KB-cwnd
[2024-11-08T18:44:03.362296-0500]     4.7500 MB /   0.50 sec =   79.6801 Mbps     0 retrans   1772 KB-cwnd
[2024-11-08T18:44:03.624596-0500]     4.7500 MB /   0.50 sec =   79.7018 Mbps     0 retrans   1772 KB-cwnd
[2024-11-08T18:44:04.137745-0500]     5.0000 MB /   0.50 sec =   83.8906 Mbps     0 retrans   1772 KB-cwnd
[2024-11-08T18:44:04.674020-0500]     4.1875 MB /   0.50 sec =   70.2508 Mbps     1 retrans   1435 KB-cwnd
[2024-11-08T18:44:05.233599-0500]     6.0000 MB /   0.50 sec =  100.6532 Mbps     0 retrans   1559 KB-cwnd
[2024-11-08T18:44:05.764426-0500]     5.0625 MB /   0.50 sec =   84.9454 Mbps     0 retrans   1583 KB-cwnd
[2024-11-08T18:44:06.416501-0500]     4.4375 MB /   0.50 sec =   74.4499 Mbps     0 retrans   1583 KB-cwnd
[2024-11-08T18:44:06.774403-0500]     3.9375 MB /   0.50 sec =   66.0598 Mbps     0 retrans   1583 KB-cwnd
[2024-11-08T18:44:07.168522-0500]     3.5625 MB /   0.50 sec =   59.7668 Mbps     0 retrans   1583 KB-cwnd
[2024-11-08T18:44:07.928609-0500]     3.3750 MB /   0.50 sec =   56.6253 Mbps     0 retrans   1583 KB-cwnd
[2024-11-08T18:44:08.336652-0500]     3.4375 MB /   0.50 sec =   57.6720 Mbps     0 retrans   1583 KB-cwnd
[2024-11-08T18:44:08.704389-0500]     3.5000 MB /   0.50 sec =   58.7188 Mbps     0 retrans   1583 KB-cwnd
[2024-11-08T18:44:09.101358-0500]     3.4375 MB /   0.50 sec =   57.6726 Mbps     0 retrans   1583 KB-cwnd
[2024-11-08T18:44:09.836618-0500]     3.6250 MB /   0.50 sec =   60.8170 Mbps     0 retrans   1583 KB-cwnd
[2024-11-08T18:44:10.174386-0500]     3.8125 MB /   0.50 sec =   63.9643 Mbps     0 retrans   1583 KB-cwnd
[2024-11-08T18:44:10.804832-0500]     4.1250 MB /   0.50 sec =   69.2044 Mbps     0 retrans   1583 KB-cwnd
[2024-11-08T18:44:11.409774-0500]     4.8125 MB /   0.50 sec =   80.7415 Mbps     0 retrans   1583 KB-cwnd
[2024-11-08T18:44:11.730645-0500]     4.0000 MB /   0.50 sec =   67.1089 Mbps     0 retrans   1583 KB-cwnd
[2024-11-08T18:44:12.298833-0500]     4.5000 MB /   0.50 sec =   75.4585 Mbps     0 retrans   1583 KB-cwnd
[2024-11-08T18:44:12.620554-0500]     4.5000 MB /   0.50 sec =   75.5315 Mbps     0 retrans   1583 KB-cwnd
[2024-11-08T18:44:13.233942-0500]     4.5000 MB /   0.50 sec =   75.4037 Mbps     0 retrans   1583 KB-cwnd
[2024-11-08T18:44:13.824565-0500]     4.5000 MB /   0.50 sec =   75.5962 Mbps     0 retrans   1583 KB-cwnd
[2024-11-08T18:44:14.128517-0500]     4.3125 MB /   0.50 sec =   72.2806 Mbps     0 retrans   1583 KB-cwnd
[2024-11-08T18:44:14.684565-0500]     4.7500 MB /   0.50 sec =   79.7695 Mbps     0 retrans   1583 KB-cwnd
[2024-11-08T18:44:15.284842-0500]     4.8125 MB /   0.50 sec =   80.7153 Mbps     1 retrans   1396 KB-cwnd
[2024-11-08T18:44:15.924373-0500]     4.4375 MB /   0.50 sec =   74.4650 Mbps     0 retrans   1396 KB-cwnd
[2024-11-08T18:44:16.212528-0500]     4.1250 MB /   0.50 sec =   69.2128 Mbps     0 retrans   1396 KB-cwnd
[2024-11-08T18:44:16.766654-0500]     5.0000 MB /   0.50 sec =   83.8861 Mbps     0 retrans   1415 KB-cwnd
[2024-11-08T18:44:17.372258-0500]     4.3125 MB /   0.50 sec =   72.3465 Mbps     0 retrans   1415 KB-cwnd
[2024-11-08T18:44:17.670746-0500]     4.5000 MB /   0.50 sec =   75.5029 Mbps     0 retrans   1415 KB-cwnd
[2024-11-08T18:44:18.212661-0500]     4.8125 MB /   0.50 sec =   80.6549 Mbps     0 retrans   1418 KB-cwnd
[2024-11-08T18:44:18.867755-0500]     4.8125 MB /   0.50 sec =   80.8241 Mbps     0 retrans   1422 KB-cwnd
[2024-11-08T18:44:19.216765-0500]     4.1875 MB /   0.50 sec =   70.2575 Mbps     0 retrans   1423 KB-cwnd
[2024-11-08T18:44:19.636856-0500]     3.1875 MB /   0.50 sec =   53.4766 Mbps     0 retrans   1423 KB-cwnd
[2024-11-08T18:44:20.194628-0500]     2.7500 MB /   0.50 sec =   46.1364 Mbps     0 retrans   1423 KB-cwnd
[2024-11-08T18:44:21.260956-0500]     0.3125 MB /   0.50 sec =    5.2427 Mbps    35 retrans   1215 KB-cwnd
[2024-11-08T18:44:21.261439-0500]     2.0625 MB /   0.50 sec =   34.6043 Mbps     0 retrans   1215 KB-cwnd
[2024-11-08T18:44:22.586220-0500]     1.2500 MB /   0.50 sec =   20.9722 Mbps     0 retrans   1215 KB-cwnd
[2024-11-08T18:44:22.586733-0500]     0.7500 MB /   0.50 sec =   12.5822 Mbps     0 retrans   1215 KB-cwnd
[2024-11-08T18:44:23.394421-0500]     1.1875 MB /   0.50 sec =   19.9235 Mbps     0 retrans   1215 KB-cwnd
[2024-11-08T18:44:23.394603-0500]     1.3750 MB /   0.50 sec =   23.0688 Mbps     0 retrans   1215 KB-cwnd
[2024-11-08T18:44:24.072603-0500]     2.0000 MB /   0.50 sec =   33.5550 Mbps     0 retrans   1215 KB-cwnd
[2024-11-08T18:44:24.738577-0500]     2.0000 MB /   0.50 sec =   33.5541 Mbps     0 retrans   1215 KB-cwnd
[2024-11-08T18:44:24.739184-0500]     1.9375 MB /   0.50 sec =   32.5057 Mbps     0 retrans   1215 KB-cwnd
[2024-11-08T18:44:25.658543-0500]     1.6250 MB /   0.50 sec =   27.2629 Mbps     0 retrans   1215 KB-cwnd
[2024-11-08T18:44:25.659006-0500]     1.5000 MB /   0.50 sec =   25.1648 Mbps     0 retrans   1215 KB-cwnd
[2024-11-08T18:44:26.490500-0500]     1.8125 MB /   0.50 sec =   30.4102 Mbps     0 retrans   1215 KB-cwnd
[2024-11-08T18:44:28.058649-0500]     1.1875 MB /   0.50 sec =   19.9233 Mbps     0 retrans   1215 KB-cwnd
[2024-11-08T18:44:28.059099-0500]     1.1875 MB /   0.50 sec =   19.9230 Mbps     0 retrans   1215 KB-cwnd
[2024-11-08T18:44:28.059252-0500]     0.8125 MB /   0.50 sec =   13.6294 Mbps     0 retrans   1215 KB-cwnd
[2024-11-08T18:44:30.766471-0500]     0.5625 MB /   0.50 sec =    9.4195 Mbps     0 retrans   1215 KB-cwnd
[2024-11-08T18:44:30.767006-0500]     0.6875 MB /   0.50 sec =   11.5577 Mbps     0 retrans   1215 KB-cwnd
[2024-11-08T18:44:30.767286-0500]     0.4375 MB /   0.50 sec =    7.3398 Mbps     0 retrans   1215 KB-cwnd
[2024-11-08T18:44:30.767510-0500]     0.3750 MB /   0.50 sec =    6.2915 Mbps     0 retrans   1215 KB-cwnd
[2024-11-08T18:44:30.767708-0500]     0.4375 MB /   0.50 sec =    7.3400 Mbps     0 retrans   1215 KB-cwnd
[2024-11-08T18:44:30.768020-0500]     0.5000 MB /   0.50 sec =    8.3888 Mbps     0 retrans   1215 KB-cwnd
[2024-11-08T18:44:33.322769-0500]     0.6250 MB /   0.50 sec =   10.4856 Mbps     0 retrans   1215 KB-cwnd
[2024-11-08T18:44:33.323022-0500]     0.3750 MB /   0.50 sec =    6.2913 Mbps     0 retrans   1215 KB-cwnd
[2024-11-08T18:44:33.323068-0500]     0.4375 MB /   0.50 sec =    7.3400 Mbps     0 retrans   1215 KB-cwnd
[2024-11-08T18:44:33.323101-0500]     0.5000 MB /   0.50 sec =    8.3886 Mbps     0 retrans   1215 KB-cwnd
[2024-11-08T18:44:33.323140-0500]     0.5625 MB /   0.50 sec =    9.4376 Mbps     0 retrans   1215 KB-cwnd
[2024-11-08T18:44:34.767066-0500]     0.7500 MB /   0.50 sec =   12.5826 Mbps     0 retrans   1215 KB-cwnd
[2024-11-08T18:44:34.767524-0500]     0.9375 MB /   0.50 sec =   15.7287 Mbps     0 retrans   1215 KB-cwnd
[2024-11-08T18:44:34.767659-0500]     0.9375 MB /   0.50 sec =   15.7290 Mbps     0 retrans   1215 KB-cwnd
[2024-11-08T18:44:36.178774-0500]     0.9375 MB /   0.50 sec =   15.6924 Mbps     0 retrans   1215 KB-cwnd
[2024-11-08T18:44:36.179269-0500]     0.8750 MB /   0.50 sec =   14.7143 Mbps     0 retrans   1215 KB-cwnd
[2024-11-08T18:44:36.179408-0500]     1.0000 MB /   0.50 sec =   16.7765 Mbps     0 retrans   1215 KB-cwnd
[2024-11-08T18:44:37.698878-0500]     1.1250 MB /   0.50 sec =   18.8748 Mbps     0 retrans   1215 KB-cwnd
[2024-11-08T18:44:37.699242-0500]     0.7500 MB /   0.50 sec =   12.5828 Mbps     0 retrans   1215 KB-cwnd
[2024-11-08T18:44:37.699384-0500]     0.9375 MB /   0.50 sec =   15.7288 Mbps     0 retrans   1215 KB-cwnd
[2024-11-08T18:44:39.226639-0500]     0.7500 MB /   0.50 sec =   12.5829 Mbps     0 retrans   1215 KB-cwnd
[2024-11-08T18:44:39.227073-0500]     0.8750 MB /   0.50 sec =   14.6800 Mbps     0 retrans   1215 KB-cwnd
[2024-11-08T18:44:39.227219-0500]     0.8750 MB /   0.50 sec =   14.6798 Mbps     0 retrans   1215 KB-cwnd
[2024-11-08T18:44:40.708525-0500]     0.9375 MB /   0.50 sec =   15.7285 Mbps     0 retrans   1215 KB-cwnd
[2024-11-08T18:44:40.708936-0500]     0.6250 MB /   0.50 sec =   10.4859 Mbps     0 retrans   1215 KB-cwnd
[2024-11-08T18:44:40.709063-0500]     1.2500 MB /   0.50 sec =   20.9719 Mbps     0 retrans   1215 KB-cwnd
[2024-11-08T18:44:41.948391-0500]     1.0000 MB /   0.50 sec =   16.7607 Mbps     1 retrans    971 KB-cwnd
[2024-11-08T18:44:41.948870-0500]     1.2500 MB /   0.50 sec =   20.9921 Mbps     0 retrans    971 KB-cwnd
[2024-11-08T18:44:42.792660-0500]     1.1250 MB /   0.50 sec =   18.8744 Mbps     0 retrans   1057 KB-cwnd
[2024-11-08T18:44:42.793143-0500]     1.4375 MB /   0.50 sec =   24.1167 Mbps     0 retrans   1057 KB-cwnd
[2024-11-08T18:44:43.815587-0500]     1.5625 MB /   0.50 sec =   26.2146 Mbps     0 retrans   1057 KB-cwnd
[2024-11-08T18:44:43.816167-0500]     1.5625 MB /   0.50 sec =   26.2148 Mbps     0 retrans   1057 KB-cwnd
[2024-11-08T18:44:44.770589-0500]     1.3750 MB /   0.50 sec =   23.0681 Mbps     0 retrans   1057 KB-cwnd
[2024-11-08T18:44:44.771184-0500]     1.4375 MB /   0.50 sec =   24.1179 Mbps     0 retrans   1057 KB-cwnd
[2024-11-08T18:44:45.649956-0500]     1.2500 MB /   0.50 sec =   20.9711 Mbps     0 retrans   1057 KB-cwnd
[2024-11-08T18:44:45.650577-0500]     1.6875 MB /   0.50 sec =   28.3120 Mbps     0 retrans   1057 KB-cwnd
[2024-11-08T18:44:46.540528-0500]     1.4375 MB /   0.50 sec =   24.1166 Mbps     0 retrans   1057 KB-cwnd
[2024-11-08T18:44:47.688597-0500]     1.5625 MB /   0.50 sec =   26.2150 Mbps     0 retrans   1057 KB-cwnd
[2024-11-08T18:44:47.689073-0500]     1.1875 MB /   0.50 sec =   19.9221 Mbps     0 retrans   1057 KB-cwnd
[2024-11-08T18:44:47.689292-0500]     1.3125 MB /   0.50 sec =   22.0215 Mbps     0 retrans   1057 KB-cwnd
[2024-11-08T18:44:48.842856-0500]     1.1250 MB /   0.50 sec =   18.8743 Mbps     0 retrans   1057 KB-cwnd
[2024-11-08T18:44:48.843536-0500]     1.1250 MB /   0.50 sec =   18.8745 Mbps     0 retrans   1057 KB-cwnd
[2024-11-08T18:44:50.744999-0500]     1.0000 MB /   0.50 sec =   16.7766 Mbps     0 retrans   1057 KB-cwnd
[2024-11-08T18:44:50.745583-0500]     0.9375 MB /   0.50 sec =   15.7286 Mbps     0 retrans   1057 KB-cwnd
[2024-11-08T18:44:50.745825-0500]     0.8125 MB /   0.50 sec =   13.6303 Mbps     0 retrans   1057 KB-cwnd
[2024-11-08T18:44:50.746035-0500]     0.5625 MB /   0.50 sec =    9.4381 Mbps     0 retrans   1057 KB-cwnd
[2024-11-08T18:44:51.934386-0500]     0.8750 MB /   0.50 sec =   14.6798 Mbps     0 retrans   1057 KB-cwnd
[2024-11-08T18:44:51.934824-0500]     1.0625 MB /   0.50 sec =   17.8052 Mbps     0 retrans   1057 KB-cwnd
[2024-11-08T18:44:53.146784-0500]     1.1250 MB /   0.50 sec =   18.8968 Mbps     0 retrans   1057 KB-cwnd
[2024-11-08T18:44:53.147306-0500]     1.1875 MB /   0.50 sec =   19.9010 Mbps     0 retrans   1057 KB-cwnd
[2024-11-08T18:44:53.147544-0500]     1.1875 MB /   0.50 sec =   19.9445 Mbps     0 retrans   1057 KB-cwnd
[2024-11-08T18:44:54.456665-0500]     1.1875 MB /   0.50 sec =   19.9233 Mbps     0 retrans   1057 KB-cwnd
[2024-11-08T18:44:54.457171-0500]     0.8125 MB /   0.50 sec =   13.6314 Mbps     0 retrans   1057 KB-cwnd
[2024-11-08T18:44:55.339684-0500]     0.8125 MB /   0.50 sec =   13.6316 Mbps     0 retrans   1084 KB-cwnd
[2024-11-08T18:44:55.340362-0500]     1.5000 MB /   0.50 sec =   25.1662 Mbps     0 retrans   1084 KB-cwnd
[2024-11-08T18:44:56.262202-0500]     1.8750 MB /   0.50 sec =   31.4562 Mbps     0 retrans   1084 KB-cwnd
[2024-11-08T18:44:56.262786-0500]     1.2500 MB /   0.50 sec =   20.9717 Mbps     0 retrans   1084 KB-cwnd
[2024-11-08T18:44:57.377316-0500]     1.5625 MB /   0.50 sec =   26.2146 Mbps     0 retrans   1084 KB-cwnd
[2024-11-08T18:44:57.377965-0500]     1.2500 MB /   0.50 sec =   20.9659 Mbps     0 retrans   1084 KB-cwnd
[2024-11-08T18:44:59.091901-0500]     1.1250 MB /   0.50 sec =   18.8795 Mbps     0 retrans   1084 KB-cwnd
[2024-11-08T18:44:59.092419-0500]     0.8125 MB /   0.50 sec =   13.6313 Mbps     0 retrans   1084 KB-cwnd
[2024-11-08T18:44:59.092753-0500]     0.6875 MB /   0.50 sec =   11.5345 Mbps     0 retrans   1084 KB-cwnd
[2024-11-08T18:44:59.092970-0500]     0.8125 MB /   0.50 sec =   13.6313 Mbps     0 retrans   1084 KB-cwnd
[2024-11-08T18:45:05.508036-0500]     0.4375 MB /   0.50 sec =    7.3401 Mbps   149 retrans    695 KB-cwnd
[2024-11-08T18:45:05.508465-0500]     0.4375 MB /   0.50 sec =    7.3397 Mbps     0 retrans    695 KB-cwnd
[2024-11-08T18:45:05.508607-0500]     0.2500 MB /   0.50 sec =    4.1941 Mbps     0 retrans    695 KB-cwnd
[2024-11-08T18:45:05.508722-0500]     0.3750 MB /   0.50 sec =    6.2920 Mbps     0 retrans    695 KB-cwnd
[2024-11-08T18:45:05.508828-0500]     0.2500 MB /   0.50 sec =    4.1943 Mbps     0 retrans    695 KB-cwnd
[2024-11-08T18:45:05.508936-0500]     0.1250 MB /   0.50 sec =    2.0971 Mbps     0 retrans    695 KB-cwnd
[2024-11-08T18:45:05.509039-0500]     0.1250 MB /   0.50 sec =    2.0972 Mbps     0 retrans    695 KB-cwnd
[2024-11-08T18:45:05.509141-0500]     0.0000 MB /   0.50 sec =    0.0000 Mbps     0 retrans    695 KB-cwnd
[2024-11-08T18:45:05.509242-0500]     0.0000 MB /   0.50 sec =    0.0000 Mbps     0 retrans    695 KB-cwnd
[2024-11-08T18:45:05.509344-0500]     0.6875 MB /   0.50 sec =   11.5341 Mbps     0 retrans    695 KB-cwnd
[2024-11-08T18:45:05.509445-0500]     0.0000 MB /   0.50 sec =    0.0000 Mbps     0 retrans    695 KB-cwnd
[2024-11-08T18:45:05.509552-0500]     0.0000 MB /   0.50 sec =    0.0000 Mbps     0 retrans    695 KB-cwnd
[2024-11-08T18:45:09.559937-0500]     0.7500 MB /   0.50 sec =   12.5827 Mbps     3 retrans    644 KB-cwnd
[2024-11-08T18:45:09.560258-0500]     0.3125 MB /   0.50 sec =    5.2430 Mbps     0 retrans    644 KB-cwnd
[2024-11-08T18:45:09.560400-0500]     0.1875 MB /   0.50 sec =    3.1457 Mbps     0 retrans    644 KB-cwnd
[2024-11-08T18:45:09.560552-0500]     0.0000 MB /   0.50 sec =    0.0000 Mbps     0 retrans    644 KB-cwnd
[2024-11-08T18:45:09.560667-0500]     0.0000 MB /   0.50 sec =    0.0000 Mbps     0 retrans    644 KB-cwnd
[2024-11-08T18:45:09.560776-0500]     0.9375 MB /   0.50 sec =   15.7285 Mbps     0 retrans    644 KB-cwnd
[2024-11-08T18:45:09.560883-0500]     0.3750 MB /   0.50 sec =    6.2913 Mbps     0 retrans    644 KB-cwnd
[2024-11-08T18:45:09.560994-0500]     0.4375 MB /   0.50 sec =    7.3400 Mbps     0 retrans    644 KB-cwnd
[2024-11-08T18:45:15.828333-0500]     0.3125 MB /   0.50 sec =    5.2430 Mbps   317 retrans    574 KB-cwnd
[2024-11-08T18:45:15.828774-0500]     0.1875 MB /   0.50 sec =    3.1404 Mbps     0 retrans    574 KB-cwnd
[2024-11-08T18:45:15.828928-0500]     0.2500 MB /   0.50 sec =    4.2014 Mbps     0 retrans    574 KB-cwnd
[2024-11-08T18:45:15.829046-0500]     0.1250 MB /   0.50 sec =    2.0971 Mbps     0 retrans    574 KB-cwnd
[2024-11-08T18:45:15.829153-0500]     0.0000 MB /   0.50 sec =    0.0000 Mbps     0 retrans    574 KB-cwnd
[2024-11-08T18:45:15.829258-0500]     0.0000 MB /   0.50 sec =    0.0000 Mbps     0 retrans    574 KB-cwnd
[2024-11-08T18:45:15.829363-0500]     0.0000 MB /   0.50 sec =    0.0000 Mbps     0 retrans    574 KB-cwnd
[2024-11-08T18:45:15.829466-0500]     0.3125 MB /   0.50 sec =    5.2428 Mbps     0 retrans    574 KB-cwnd
[2024-11-08T18:45:15.829572-0500]     0.0000 MB /   0.50 sec =    0.0000 Mbps     0 retrans    574 KB-cwnd
[2024-11-08T18:45:15.829675-0500]     0.7500 MB /   0.50 sec =   12.5828 Mbps     0 retrans    574 KB-cwnd
[2024-11-08T18:45:15.829779-0500]     0.3750 MB /   0.50 sec =    6.2916 Mbps     0 retrans    574 KB-cwnd
[2024-11-08T18:45:15.829881-0500]     0.3125 MB /   0.50 sec =    5.2428 Mbps     0 retrans    574 KB-cwnd
[2024-11-08T18:45:15.831767-0500]     0.3750 MB /   0.50 sec =    6.2915 Mbps     0 retrans    574 KB-cwnd
[2024-11-08T18:45:17.040127-0500]     0.5625 MB /   0.50 sec =    9.4372 Mbps     0 retrans    577 KB-cwnd
[2024-11-08T18:45:17.040307-0500]     0.7500 MB /   0.50 sec =   12.5828 Mbps     0 retrans    577 KB-cwnd
[2024-11-08T18:45:17.090089-0500]     0.6250 MB /   0.50 sec =   10.4801 Mbps     0 retrans    577 KB-cwnd
[2024-11-08T18:45:17.590523-0500]     1.1250 MB /   0.50 sec =   18.8847 Mbps     0 retrans    578 KB-cwnd
End time: 1731109517780
