Start time: 1731109265179
[2024-11-08T18:41:06.186584-0500] nuttcp-r: v8.1.4: socket
[2024-11-08T18:41:06.187538-0500] nuttcp-r: buflen=65536, nstream=1, port=5102 tcp
[2024-11-08T18:41:06.187658-0500] nuttcp-r: interval reporting every 0.50 seconds
[2024-11-08T18:41:06.187754-0500] nuttcp-r: connect to 54.197.223.49 with RTT=51.112 ms af=inet
[2024-11-08T18:41:06.187961-0500] nuttcp-r: send window size = 2097152, receive window size = 6291456
[2024-11-08T18:41:06.188062-0500] nuttcp-r: available send window = 1572864, available receive window = 4718592
[2024-11-08T18:41:06.188156-0500]     0.8125 MB /   0.50 sec =   13.6290 Mbps     0 retrans     13 KB-cwnd
[2024-11-08T18:41:06.686536-0500]     2.3125 MB /   0.50 sec =   38.7967 Mbps     0 retrans     13 KB-cwnd
[2024-11-08T18:41:07.186495-0500]     0.8750 MB /   0.50 sec =   14.6814 Mbps     0 retrans     13 KB-cwnd
[2024-11-08T18:41:07.686937-0500]     0.1250 MB /   0.50 sec =    2.0966 Mbps     0 retrans     13 KB-cwnd
[2024-11-08T18:41:08.186467-0500]     0.0000 MB /   0.50 sec =    0.0000 Mbps     0 retrans     13 KB-cwnd
[2024-11-08T18:41:08.686520-0500]     4.1875 MB /   0.50 sec =   70.2469 Mbps     0 retrans     13 KB-cwnd
[2024-11-08T18:41:09.186707-0500]     1.8125 MB /   0.50 sec =   30.3998 Mbps     0 retrans     13 KB-cwnd
[2024-11-08T18:41:09.686634-0500]     2.0625 MB /   0.50 sec =   34.6070 Mbps     0 retrans     13 KB-cwnd
[2024-11-08T18:41:10.186731-0500]     2.1250 MB /   0.50 sec =   35.6445 Mbps     0 retrans     13 KB-cwnd
[2024-11-08T18:41:10.686911-0500]     0.1875 MB /   0.50 sec =    3.1446 Mbps     0 retrans     13 KB-cwnd
[2024-11-08T18:41:11.187455-0500]     0.0000 MB /   0.50 sec =    0.0000 Mbps     0 retrans     13 KB-cwnd
[2024-11-08T18:41:11.686651-0500]     1.4375 MB /   0.50 sec =   24.1512 Mbps     0 retrans     13 KB-cwnd
[2024-11-08T18:41:12.186670-0500]     1.2500 MB /   0.50 sec =   20.9716 Mbps     0 retrans     13 KB-cwnd
[2024-11-08T18:41:12.686417-0500]     3.1875 MB /   0.50 sec =   53.4944 Mbps     0 retrans     13 KB-cwnd
[2024-11-08T18:41:13.187729-0500]     0.8750 MB /   0.50 sec =   14.6438 Mbps     0 retrans     13 KB-cwnd
[2024-11-08T18:41:13.686459-0500]     2.2500 MB /   0.50 sec =   37.8414 Mbps     0 retrans     13 KB-cwnd
[2024-11-08T18:41:14.186476-0500]     2.0625 MB /   0.50 sec =   34.6031 Mbps     0 retrans     13 KB-cwnd
[2024-11-08T18:41:14.687175-0500]     2.5000 MB /   0.50 sec =   41.9109 Mbps     0 retrans     13 KB-cwnd
[2024-11-08T18:41:15.186808-0500]     2.3125 MB /   0.50 sec =   38.8014 Mbps     0 retrans     13 KB-cwnd
[2024-11-08T18:41:15.686752-0500]     2.6875 MB /   0.50 sec =   45.1052 Mbps     0 retrans     13 KB-cwnd
[2024-11-08T18:41:16.186804-0500]     1.7500 MB /   0.50 sec =   29.3493 Mbps     0 retrans     13 KB-cwnd
[2024-11-08T18:41:16.686605-0500]     0.5625 MB /   0.50 sec =    9.4426 Mbps     0 retrans     13 KB-cwnd
[2024-11-08T18:41:17.186661-0500]     1.4375 MB /   0.50 sec =   24.1130 Mbps     0 retrans     13 KB-cwnd
[2024-11-08T18:41:17.686729-0500]     1.2500 MB /   0.50 sec =   20.9721 Mbps     0 retrans     13 KB-cwnd
[2024-11-08T18:41:18.186486-0500]     1.8750 MB /   0.50 sec =   31.4642 Mbps     0 retrans     13 KB-cwnd
[2024-11-08T18:41:18.686576-0500]     2.0625 MB /   0.50 sec =   34.5970 Mbps     0 retrans     13 KB-cwnd
[2024-11-08T18:41:19.186504-0500]     2.1250 MB /   0.50 sec =   35.6572 Mbps     0 retrans     13 KB-cwnd
[2024-11-08T18:41:19.686620-0500]     1.5625 MB /   0.50 sec =   26.2087 Mbps     0 retrans     13 KB-cwnd
[2024-11-08T18:41:20.186652-0500]     0.6250 MB /   0.50 sec =   10.4852 Mbps     0 retrans     13 KB-cwnd
[2024-11-08T18:41:20.686651-0500]     1.0000 MB /   0.50 sec =   16.7777 Mbps     0 retrans     13 KB-cwnd
[2024-11-08T18:41:21.186651-0500]     2.1250 MB /   0.50 sec =   35.6513 Mbps     0 retrans     13 KB-cwnd
[2024-11-08T18:41:21.687439-0500]     1.0625 MB /   0.50 sec =   17.7972 Mbps     0 retrans     13 KB-cwnd
[2024-11-08T18:41:22.187061-0500]     0.0000 MB /   0.50 sec =    0.0000 Mbps     0 retrans     13 KB-cwnd
[2024-11-08T18:41:22.686517-0500]     0.6250 MB /   0.50 sec =   10.4945 Mbps     0 retrans     13 KB-cwnd
[2024-11-08T18:41:23.186790-0500]     0.3125 MB /   0.50 sec =    5.2424 Mbps     0 retrans     13 KB-cwnd
[2024-11-08T18:41:23.686511-0500]     0.6250 MB /   0.50 sec =   10.4865 Mbps     0 retrans     13 KB-cwnd
[2024-11-08T18:41:24.186674-0500]     0.3125 MB /   0.50 sec =    5.2416 Mbps     0 retrans     13 KB-cwnd
[2024-11-08T18:41:24.686633-0500]     0.0000 MB /   0.50 sec =    0.0000 Mbps     0 retrans     13 KB-cwnd
[2024-11-08T18:41:25.186630-0500]     0.0625 MB /   0.50 sec =    1.0486 Mbps     0 retrans     13 KB-cwnd
[2024-11-08T18:41:25.686635-0500]     1.3125 MB /   0.50 sec =   22.0201 Mbps     0 retrans     13 KB-cwnd
[2024-11-08T18:41:26.186681-0500]     0.3125 MB /   0.50 sec =    5.2425 Mbps     0 retrans     13 KB-cwnd
[2024-11-08T18:41:26.686636-0500]     0.3750 MB /   0.50 sec =    6.2920 Mbps     0 retrans     13 KB-cwnd
[2024-11-08T18:41:27.186616-0500]     0.1875 MB /   0.50 sec =    3.1457 Mbps     0 retrans     13 KB-cwnd
[2024-11-08T18:41:27.686477-0500]     0.7500 MB /   0.50 sec =   12.5860 Mbps     0 retrans     13 KB-cwnd
[2024-11-08T18:41:28.187535-0500]     0.2500 MB /   0.50 sec =    4.1859 Mbps     0 retrans     13 KB-cwnd
[2024-11-08T18:41:28.686784-0500]     0.0000 MB /   0.50 sec =    0.0000 Mbps     0 retrans     13 KB-cwnd
[2024-11-08T18:41:29.186686-0500]     0.0000 MB /   0.50 sec =    0.0000 Mbps     0 retrans     13 KB-cwnd
[2024-11-08T18:41:29.686698-0500]     0.0000 MB /   0.50 sec =    0.0000 Mbps     0 retrans     13 KB-cwnd
[2024-11-08T18:41:30.186441-0500]     0.1250 MB /   0.50 sec =    2.0978 Mbps     0 retrans     13 KB-cwnd
[2024-11-08T18:41:30.686596-0500]     0.7500 MB /   0.50 sec =   12.5806 Mbps     0 retrans     13 KB-cwnd
[2024-11-08T18:41:31.186653-0500]     0.0000 MB /   0.50 sec =    0.0000 Mbps     0 retrans     13 KB-cwnd
[2024-11-08T18:41:31.686645-0500]     0.2500 MB /   0.50 sec =    4.1953 Mbps     0 retrans     13 KB-cwnd
[2024-11-08T18:41:32.187603-0500]     0.0625 MB /   0.50 sec =    1.0464 Mbps     0 retrans     13 KB-cwnd
[2024-11-08T18:41:32.686622-0500]     0.0000 MB /   0.50 sec =    0.0000 Mbps     0 retrans     13 KB-cwnd
[2024-11-08T18:41:33.186529-0500]     0.0000 MB /   0.50 sec =    0.0000 Mbps     0 retrans     13 KB-cwnd
[2024-11-08T18:41:33.686571-0500]     0.4375 MB /   0.50 sec =    7.3401 Mbps     0 retrans     13 KB-cwnd
[2024-11-08T18:41:34.186710-0500]     0.8125 MB /   0.50 sec =   13.6336 Mbps     0 retrans     13 KB-cwnd
[2024-11-08T18:41:34.686797-0500]     1.0000 MB /   0.50 sec =   16.7657 Mbps     0 retrans     13 KB-cwnd
[2024-11-08T18:41:35.186490-0500]     1.0000 MB /   0.50 sec =   16.7879 Mbps     0 retrans     13 KB-cwnd
[2024-11-08T18:41:35.686560-0500]     1.1875 MB /   0.50 sec =   19.9204 Mbps     0 retrans     13 KB-cwnd
[2024-11-08T18:41:36.186475-0500]     1.2500 MB /   0.50 sec =   20.9742 Mbps     0 retrans     13 KB-cwnd
[2024-11-08T18:41:36.686475-0500]     1.3750 MB /   0.50 sec =   23.0687 Mbps     0 retrans     13 KB-cwnd
[2024-11-08T18:41:37.186513-0500]     1.1875 MB /   0.50 sec =   19.9217 Mbps     0 retrans     13 KB-cwnd
[2024-11-08T18:41:37.686523-0500]     1.7500 MB /   0.50 sec =   29.3609 Mbps     0 retrans     13 KB-cwnd
[2024-11-08T18:41:38.186747-0500]     1.4375 MB /   0.50 sec =   24.1125 Mbps     0 retrans     13 KB-cwnd
[2024-11-08T18:41:38.686528-0500]     0.2500 MB /   0.50 sec =    4.1948 Mbps     0 retrans     13 KB-cwnd
[2024-11-08T18:41:39.186472-0500]     1.7500 MB /   0.50 sec =   29.3640 Mbps     0 retrans     13 KB-cwnd
[2024-11-08T18:41:39.686568-0500]     1.1250 MB /   0.50 sec =   18.8750 Mbps     0 retrans     13 KB-cwnd
[2024-11-08T18:41:40.188044-0500]     0.5625 MB /   0.50 sec =    9.4106 Mbps     0 retrans     13 KB-cwnd
[2024-11-08T18:41:40.686558-0500]     0.3750 MB /   0.50 sec =    6.3087 Mbps     0 retrans     13 KB-cwnd
[2024-11-08T18:41:41.186559-0500]     0.1875 MB /   0.50 sec =    3.1457 Mbps     0 retrans     13 KB-cwnd
[2024-11-08T18:41:41.686461-0500]     0.6250 MB /   0.50 sec =   10.4863 Mbps     0 retrans     13 KB-cwnd
[2024-11-08T18:41:42.186542-0500]     0.3750 MB /   0.50 sec =    6.2911 Mbps     0 retrans     13 KB-cwnd
[2024-11-08T18:41:42.686463-0500]     1.0000 MB /   0.50 sec =   16.7784 Mbps     0 retrans     13 KB-cwnd
[2024-11-08T18:41:43.186483-0500]     0.8750 MB /   0.50 sec =   14.6796 Mbps     0 retrans     13 KB-cwnd
[2024-11-08T18:41:43.686597-0500]     0.5625 MB /   0.50 sec =    9.4358 Mbps     0 retrans     13 KB-cwnd
[2024-11-08T18:41:44.186570-0500]     0.1250 MB /   0.50 sec =    2.0974 Mbps     0 retrans     13 KB-cwnd
[2024-11-08T18:41:44.686493-0500]     0.4375 MB /   0.50 sec =    7.3404 Mbps     0 retrans     13 KB-cwnd
[2024-11-08T18:41:45.186391-0500]     0.4375 MB /   0.50 sec =    7.3406 Mbps     0 retrans     13 KB-cwnd
[2024-11-08T18:41:45.686534-0500]     0.2500 MB /   0.50 sec =    4.1937 Mbps     0 retrans     13 KB-cwnd
[2024-11-08T18:41:46.186771-0500]     0.2500 MB /   0.50 sec =    4.1945 Mbps     0 retrans     13 KB-cwnd
[2024-11-08T18:41:46.687028-0500]     0.0000 MB /   0.50 sec =    0.0000 Mbps     0 retrans     13 KB-cwnd
[2024-11-08T18:41:47.188118-0500]     0.0000 MB /   0.50 sec =    0.0000 Mbps     0 retrans     13 KB-cwnd
[2024-11-08T18:41:47.686872-0500]     0.0000 MB /   0.50 sec =    0.0000 Mbps     0 retrans     13 KB-cwnd
[2024-11-08T18:41:48.186479-0500]     0.5625 MB /   0.50 sec =    9.4408 Mbps     0 retrans     13 KB-cwnd
[2024-11-08T18:41:48.686523-0500]     1.0000 MB /   0.50 sec =   16.7761 Mbps     0 retrans     13 KB-cwnd
[2024-11-08T18:41:49.186771-0500]     1.1250 MB /   0.50 sec =   18.8672 Mbps     0 retrans     13 KB-cwnd
[2024-11-08T18:41:49.686633-0500]     1.1250 MB /   0.50 sec =   18.8755 Mbps     0 retrans     13 KB-cwnd
[2024-11-08T18:41:50.186482-0500]     1.5625 MB /   0.50 sec =   26.2246 Mbps     0 retrans     13 KB-cwnd
[2024-11-08T18:41:50.686549-0500]     2.1250 MB /   0.50 sec =   35.6472 Mbps     0 retrans     13 KB-cwnd
[2024-11-08T18:41:51.186508-0500]     2.9375 MB /   0.50 sec =   49.2882 Mbps     0 retrans     13 KB-cwnd
[2024-11-08T18:41:51.686441-0500]     4.2500 MB /   0.50 sec =   71.3047 Mbps     0 retrans     13 KB-cwnd
[2024-11-08T18:41:52.186939-0500]     5.6250 MB /   0.50 sec =   94.2868 Mbps     0 retrans     13 KB-cwnd
[2024-11-08T18:41:52.686587-0500]     6.5625 MB /   0.50 sec =  110.1825 Mbps     0 retrans     13 KB-cwnd
[2024-11-08T18:41:53.186475-0500]     8.2500 MB /   0.50 sec =  138.4325 Mbps     0 retrans     13 KB-cwnd
[2024-11-08T18:41:53.686550-0500]     9.8750 MB /   0.50 sec =  165.6641 Mbps     0 retrans     13 KB-cwnd
[2024-11-08T18:41:54.186567-0500]    10.6875 MB /   0.50 sec =  179.2929 Mbps     0 retrans     24 KB-cwnd
[2024-11-08T18:41:54.686497-0500]    15.0000 MB /   0.50 sec =  251.6839 Mbps     0 retrans     26 KB-cwnd
[2024-11-08T18:41:55.186547-0500]    18.9375 MB /   0.50 sec =  317.6925 Mbps     0 retrans     26 KB-cwnd
[2024-11-08T18:41:55.686474-0500]    22.2500 MB /   0.50 sec =  373.3364 Mbps     0 retrans     36 KB-cwnd
[2024-11-08T18:41:56.186482-0500]    25.0625 MB /   0.50 sec =  420.4706 Mbps     0 retrans     45 KB-cwnd
[2024-11-08T18:41:56.686476-0500]    30.6250 MB /   0.50 sec =  513.8064 Mbps     0 retrans     45 KB-cwnd
[2024-11-08T18:41:57.186642-0500]    23.1875 MB /   0.50 sec =  388.8739 Mbps     0 retrans     45 KB-cwnd
[2024-11-08T18:41:57.686459-0500]    29.4375 MB /   0.50 sec =  494.0552 Mbps     0 retrans     53 KB-cwnd
[2024-11-08T18:41:58.186626-0500]    22.6250 MB /   0.50 sec =  379.5283 Mbps     0 retrans     61 KB-cwnd
[2024-11-08T18:41:58.686613-0500]    30.5000 MB /   0.50 sec =  511.7102 Mbps     0 retrans     71 KB-cwnd
[2024-11-08T18:41:59.186519-0500]    32.5000 MB /   0.50 sec =  545.3326 Mbps     0 retrans     71 KB-cwnd
[2024-11-08T18:41:59.686591-0500]    35.9375 MB /   0.50 sec =  602.8962 Mbps  2166 retrans   6079 KB-cwnd
[2024-11-08T18:42:00.186604-0500]    16.8750 MB /   0.50 sec =  283.0906 Mbps     0 retrans   4680 KB-cwnd
[2024-11-08T18:42:00.686469-0500]    17.8750 MB /   0.50 sec =  299.9503 Mbps     0 retrans   4680 KB-cwnd
[2024-11-08T18:42:01.186563-0500]    22.8125 MB /   0.50 sec =  382.6828 Mbps     0 retrans   4828 KB-cwnd
[2024-11-08T18:42:01.686443-0500]    23.3125 MB /   0.50 sec =  391.1603 Mbps     0 retrans   4828 KB-cwnd
[2024-11-08T18:42:02.186533-0500]     2.5625 MB /   0.50 sec =   42.9909 Mbps     0 retrans   4828 KB-cwnd
[2024-11-08T18:42:02.686611-0500]     1.6250 MB /   0.50 sec =   27.2610 Mbps     0 retrans   4828 KB-cwnd
[2024-11-08T18:42:03.186612-0500]     0.0000 MB /   0.50 sec =    0.0000 Mbps     0 retrans   4828 KB-cwnd
[2024-11-08T18:42:03.686548-0500]     0.0000 MB /   0.50 sec =    0.0000 Mbps     0 retrans   4828 KB-cwnd
[2024-11-08T18:42:04.186488-0500]     1.3750 MB /   0.50 sec =   23.0727 Mbps     0 retrans   4828 KB-cwnd
[2024-11-08T18:42:04.686505-0500]     1.7500 MB /   0.50 sec =   29.3596 Mbps     0 retrans   4828 KB-cwnd
[2024-11-08T18:42:05.186629-0500]     0.2500 MB /   0.50 sec =    4.1936 Mbps     0 retrans   4828 KB-cwnd
[2024-11-08T18:42:05.686463-0500]     0.0000 MB /   0.50 sec =    0.0000 Mbps     0 retrans   4828 KB-cwnd
[2024-11-08T18:42:06.186522-0500]     0.0000 MB /   0.50 sec =    0.0000 Mbps     0 retrans   4828 KB-cwnd
[2024-11-08T18:42:06.686636-0500]     5.5625 MB /   0.50 sec =   93.3108 Mbps     0 retrans   4831 KB-cwnd
[2024-11-08T18:42:07.186393-0500]     4.8125 MB /   0.50 sec =   80.7678 Mbps     0 retrans   4831 KB-cwnd
[2024-11-08T18:42:07.686478-0500]     2.0000 MB /   0.50 sec =   33.5520 Mbps     0 retrans   4831 KB-cwnd
[2024-11-08T18:42:08.186575-0500]     0.5000 MB /   0.50 sec =    8.3873 Mbps     0 retrans   4831 KB-cwnd
[2024-11-08T18:42:08.686633-0500]     1.8750 MB /   0.50 sec =   31.4545 Mbps     0 retrans   4831 KB-cwnd
[2024-11-08T18:42:09.186425-0500]     1.5625 MB /   0.50 sec =   26.2207 Mbps     0 retrans   4831 KB-cwnd
[2024-11-08T18:42:09.686484-0500]     4.0625 MB /   0.50 sec =   68.1578 Mbps     0 retrans   4831 KB-cwnd
[2024-11-08T18:42:10.186593-0500]     1.3750 MB /   0.50 sec =   23.0646 Mbps     0 retrans   4831 KB-cwnd
[2024-11-08T18:42:10.686611-0500]     2.0000 MB /   0.50 sec =   33.5532 Mbps     0 retrans   4831 KB-cwnd
[2024-11-08T18:42:11.186591-0500]     0.0000 MB /   0.50 sec =    0.0000 Mbps     0 retrans   4831 KB-cwnd
[2024-11-08T18:42:11.686653-0500]     0.0000 MB /   0.50 sec =    0.0000 Mbps     0 retrans   4831 KB-cwnd
[2024-11-08T18:42:12.186612-0500]     0.0000 MB /   0.50 sec =    0.0000 Mbps     0 retrans   4831 KB-cwnd
[2024-11-08T18:42:12.686655-0500]     0.6250 MB /   0.50 sec =   10.4844 Mbps     0 retrans   4831 KB-cwnd
[2024-11-08T18:42:13.186539-0500]     0.5625 MB /   0.50 sec =    9.4386 Mbps     0 retrans   4831 KB-cwnd
[2024-11-08T18:42:13.686565-0500]     0.2500 MB /   0.50 sec =    4.1945 Mbps     0 retrans   4831 KB-cwnd
[2024-11-08T18:42:14.186612-0500]     1.7500 MB /   0.50 sec =   29.3564 Mbps     0 retrans   4831 KB-cwnd
[2024-11-08T18:42:14.686570-0500]     1.2500 MB /   0.50 sec =   20.9740 Mbps     0 retrans   4831 KB-cwnd
[2024-11-08T18:42:15.186524-0500]     1.0000 MB /   0.50 sec =   16.7780 Mbps     0 retrans   4831 KB-cwnd
[2024-11-08T18:42:15.686529-0500]     0.4375 MB /   0.50 sec =    7.3394 Mbps     0 retrans   4831 KB-cwnd
[2024-11-08T18:42:16.186528-0500]     1.4375 MB /   0.50 sec =   24.1192 Mbps     0 retrans   4831 KB-cwnd
[2024-11-08T18:42:16.686478-0500]     1.3750 MB /   0.50 sec =   23.0702 Mbps     0 retrans   4831 KB-cwnd
[2024-11-08T18:42:17.186500-0500]     1.8750 MB /   0.50 sec =   31.4568 Mbps     0 retrans   4831 KB-cwnd
[2024-11-08T18:42:17.686662-0500]     0.4375 MB /   0.50 sec =    7.3393 Mbps     0 retrans   4831 KB-cwnd
[2024-11-08T18:42:18.186469-0500]     2.8750 MB /   0.50 sec =   48.2399 Mbps     0 retrans   4831 KB-cwnd
[2024-11-08T18:42:18.686617-0500]     0.1250 MB /   0.50 sec =    2.0966 Mbps     0 retrans   4831 KB-cwnd
[2024-11-08T18:42:19.186512-0500]     0.6250 MB /   0.50 sec =   10.4876 Mbps     0 retrans   4831 KB-cwnd
[2024-11-08T18:42:19.686675-0500]     0.7500 MB /   0.50 sec =   12.5796 Mbps     0 retrans   4831 KB-cwnd
[2024-11-08T18:42:20.186517-0500]     0.1875 MB /   0.50 sec =    3.1466 Mbps     0 retrans   4831 KB-cwnd
[2024-11-08T18:42:20.686465-0500]     1.7500 MB /   0.50 sec =   29.3595 Mbps     0 retrans   4831 KB-cwnd
[2024-11-08T18:42:21.186561-0500]     0.0000 MB /   0.50 sec =    0.0000 Mbps     0 retrans   4831 KB-cwnd
[2024-11-08T18:42:21.686729-0500]     0.8750 MB /   0.50 sec =   14.6801 Mbps     0 retrans   4831 KB-cwnd
[2024-11-08T18:42:22.186584-0500]     1.1875 MB /   0.50 sec =   19.9221 Mbps     0 retrans   4831 KB-cwnd
[2024-11-08T18:42:22.686413-0500]     0.5000 MB /   0.50 sec =    8.3901 Mbps     0 retrans   4831 KB-cwnd
[2024-11-08T18:42:23.186503-0500]     0.5000 MB /   0.50 sec =    8.3882 Mbps     0 retrans   4831 KB-cwnd
[2024-11-08T18:42:23.686524-0500]     0.8125 MB /   0.50 sec =   13.6307 Mbps     0 retrans   4831 KB-cwnd
[2024-11-08T18:42:24.186520-0500]     0.5625 MB /   0.50 sec =    9.4374 Mbps     0 retrans   4831 KB-cwnd
[2024-11-08T18:42:24.686602-0500]     0.5000 MB /   0.50 sec =    8.3876 Mbps     0 retrans   4831 KB-cwnd
[2024-11-08T18:42:25.186547-0500]     0.6875 MB /   0.50 sec =   11.5351 Mbps     0 retrans   4831 KB-cwnd
[2024-11-08T18:42:25.686512-0500]     0.8125 MB /   0.50 sec =   13.6321 Mbps     0 retrans   4831 KB-cwnd
[2024-11-08T18:42:26.186490-0500]     0.8750 MB /   0.50 sec =   14.6807 Mbps     0 retrans   4831 KB-cwnd
[2024-11-08T18:42:26.686461-0500]     1.0625 MB /   0.50 sec =   17.8254 Mbps     0 retrans   4831 KB-cwnd
[2024-11-08T18:42:27.186511-0500]     1.3750 MB /   0.50 sec =   23.0691 Mbps     0 retrans   4831 KB-cwnd
[2024-11-08T18:42:27.686486-0500]     1.6875 MB /   0.50 sec =   28.3116 Mbps     0 retrans   4831 KB-cwnd
[2024-11-08T18:42:28.186482-0500]     2.0625 MB /   0.50 sec =   34.6029 Mbps     0 retrans  11311 KB-cwnd
[2024-11-08T18:42:28.686525-0500]     2.1875 MB /   0.50 sec =   36.6983 Mbps     0 retrans  11311 KB-cwnd
[2024-11-08T18:42:29.186492-0500]     2.4375 MB /   0.50 sec =   40.8961 Mbps     0 retrans  11311 KB-cwnd
[2024-11-08T18:42:29.686674-0500]     2.8125 MB /   0.50 sec =   47.1852 Mbps     0 retrans  11311 KB-cwnd
[2024-11-08T18:42:30.186510-0500]     2.5625 MB /   0.50 sec =   42.9911 Mbps     0 retrans  11311 KB-cwnd
[2024-11-08T18:42:30.686620-0500]     1.3750 MB /   0.50 sec =   23.0653 Mbps     0 retrans  11311 KB-cwnd
[2024-11-08T18:42:31.186527-0500]     2.8750 MB /   0.50 sec =   48.2412 Mbps     0 retrans  11311 KB-cwnd
[2024-11-08T18:42:31.686522-0500]     2.4375 MB /   0.50 sec =   40.8939 Mbps     0 retrans  11311 KB-cwnd
[2024-11-08T18:42:32.186442-0500]     0.5000 MB /   0.50 sec =    8.3890 Mbps     0 retrans  11311 KB-cwnd
[2024-11-08T18:42:32.686507-0500]     3.6875 MB /   0.50 sec =   61.8662 Mbps     0 retrans  11311 KB-cwnd
[2024-11-08T18:42:33.186490-0500]     3.2500 MB /   0.50 sec =   54.5261 Mbps     0 retrans  11311 KB-cwnd
[2024-11-08T18:42:33.686589-0500]     1.8750 MB /   0.50 sec =   31.4511 Mbps     0 retrans  11311 KB-cwnd
[2024-11-08T18:42:34.186594-0500]     0.9375 MB /   0.50 sec =   15.7287 Mbps     0 retrans  11311 KB-cwnd
[2024-11-08T18:42:34.686657-0500]     2.2500 MB /   0.50 sec =   37.7455 Mbps     0 retrans  11311 KB-cwnd
[2024-11-08T18:42:35.186482-0500]     4.6875 MB /   0.50 sec =   78.6654 Mbps     0 retrans  11311 KB-cwnd
[2024-11-08T18:42:35.686669-0500]     1.6250 MB /   0.50 sec =   27.2548 Mbps     0 retrans  11311 KB-cwnd
[2024-11-08T18:42:36.186487-0500]     2.3750 MB /   0.50 sec =   39.8576 Mbps     0 retrans  11311 KB-cwnd
[2024-11-08T18:42:36.686461-0500]     2.0000 MB /   0.50 sec =   33.5522 Mbps     0 retrans  11311 KB-cwnd
[2024-11-08T18:42:37.186567-0500]     3.8125 MB /   0.50 sec =   63.9579 Mbps     0 retrans  11311 KB-cwnd
[2024-11-08T18:42:37.686401-0500]     2.5625 MB /   0.50 sec =   42.9991 Mbps     0 retrans  11311 KB-cwnd
[2024-11-08T18:42:38.186690-0500]     2.3750 MB /   0.50 sec =   39.8382 Mbps     0 retrans  11311 KB-cwnd
[2024-11-08T18:42:38.686593-0500]     2.6875 MB /   0.50 sec =   45.0886 Mbps     0 retrans  11311 KB-cwnd
[2024-11-08T18:42:39.186524-0500]     4.3125 MB /   0.50 sec =   72.3610 Mbps     0 retrans  11311 KB-cwnd
[2024-11-08T18:42:39.686599-0500]     3.8750 MB /   0.50 sec =   65.0003 Mbps     0 retrans  11311 KB-cwnd
[2024-11-08T18:42:40.186591-0500]     2.1250 MB /   0.50 sec =   35.6541 Mbps     0 retrans  11311 KB-cwnd
[2024-11-08T18:42:40.686508-0500]     6.6250 MB /   0.50 sec =  111.1635 Mbps     0 retrans  11311 KB-cwnd
[2024-11-08T18:42:41.186510-0500]     4.8750 MB /   0.50 sec =   81.7876 Mbps     0 retrans  11311 KB-cwnd
[2024-11-08T18:42:41.686526-0500]     6.1250 MB /   0.50 sec =  102.7600 Mbps     0 retrans  11311 KB-cwnd
[2024-11-08T18:42:42.186481-0500]     5.7500 MB /   0.50 sec =   96.4730 Mbps     0 retrans  11311 KB-cwnd
[2024-11-08T18:42:42.686523-0500]     5.5625 MB /   0.50 sec =   93.3171 Mbps     0 retrans  11311 KB-cwnd
[2024-11-08T18:42:43.186525-0500]     7.2500 MB /   0.50 sec =  121.6387 Mbps     0 retrans  11311 KB-cwnd
[2024-11-08T18:42:43.686667-0500]     7.3750 MB /   0.50 sec =  123.7218 Mbps     0 retrans  11311 KB-cwnd
[2024-11-08T18:42:44.186407-0500]     8.2500 MB /   0.50 sec =  138.4370 Mbps     0 retrans  11311 KB-cwnd
[2024-11-08T18:42:44.686572-0500]     9.3125 MB /   0.50 sec =  156.2113 Mbps     0 retrans  11314 KB-cwnd
[2024-11-08T18:42:45.186500-0500]    11.7500 MB /   0.50 sec =  197.1512 Mbps     0 retrans  11314 KB-cwnd
[2024-11-08T18:42:45.686547-0500]    13.3125 MB /   0.50 sec =  223.3306 Mbps   462 retrans  10235 KB-cwnd
[2024-11-08T18:42:46.186551-0500]     2.7500 MB /   0.50 sec =   46.1356 Mbps     0 retrans  10235 KB-cwnd
[2024-11-08T18:42:46.686620-0500]     0.0000 MB /   0.50 sec =    0.0000 Mbps     0 retrans  10235 KB-cwnd
[2024-11-08T18:42:47.186474-0500]     7.1875 MB /   0.50 sec =  120.6084 Mbps     0 retrans  10235 KB-cwnd
[2024-11-08T18:42:47.686470-0500]     0.0000 MB /   0.50 sec =    0.0000 Mbps     0 retrans  10235 KB-cwnd
[2024-11-08T18:42:48.186618-0500]     0.0000 MB /   0.50 sec =    0.0000 Mbps     0 retrans  10235 KB-cwnd
[2024-11-08T18:42:48.686581-0500]     9.6250 MB /   0.50 sec =  161.4794 Mbps     0 retrans  10235 KB-cwnd
[2024-11-08T18:42:49.186570-0500]     2.6875 MB /   0.50 sec =   45.0898 Mbps     0 retrans  10235 KB-cwnd
[2024-11-08T18:42:49.686490-0500]     3.1250 MB /   0.50 sec =   52.4304 Mbps     0 retrans  10235 KB-cwnd
[2024-11-08T18:42:50.186597-0500]     0.0000 MB /   0.50 sec =    0.0000 Mbps     0 retrans  10235 KB-cwnd
[2024-11-08T18:42:50.686536-0500]     1.1250 MB /   0.50 sec =   18.8750 Mbps     0 retrans  10235 KB-cwnd
[2024-11-08T18:42:51.186599-0500]     3.8125 MB /   0.50 sec =   63.9596 Mbps     0 retrans  10235 KB-cwnd
[2024-11-08T18:42:51.686677-0500]     0.0000 MB /   0.50 sec =    0.0000 Mbps     0 retrans  10235 KB-cwnd
[2024-11-08T18:42:52.186572-0500]     4.6875 MB /   0.50 sec =   78.6533 Mbps     0 retrans  10235 KB-cwnd
[2024-11-08T18:42:52.686678-0500]     1.3125 MB /   0.50 sec =   22.0162 Mbps     0 retrans  10235 KB-cwnd
[2024-11-08T18:42:53.186520-0500]     1.2500 MB /   0.50 sec =   20.9774 Mbps     0 retrans  10235 KB-cwnd
[2024-11-08T18:42:53.686588-0500]     2.3125 MB /   0.50 sec =   38.7937 Mbps     0 retrans  10235 KB-cwnd
[2024-11-08T18:42:54.186580-0500]     1.2500 MB /   0.50 sec =   20.9709 Mbps     0 retrans  10235 KB-cwnd
[2024-11-08T18:42:54.686577-0500]     0.9375 MB /   0.50 sec =   15.7283 Mbps     0 retrans  10235 KB-cwnd
[2024-11-08T18:42:55.186474-0500]     0.5000 MB /   0.50 sec =    8.3896 Mbps     0 retrans  10235 KB-cwnd
[2024-11-08T18:42:55.686643-0500]     0.8750 MB /   0.50 sec =   14.6770 Mbps     0 retrans  10235 KB-cwnd
[2024-11-08T18:42:56.186581-0500]     1.1875 MB /   0.50 sec =   19.9254 Mbps     0 retrans  10235 KB-cwnd
[2024-11-08T18:42:56.686645-0500]     0.9375 MB /   0.50 sec =   15.7270 Mbps     0 retrans  10235 KB-cwnd
[2024-11-08T18:42:57.186490-0500]     1.1250 MB /   0.50 sec =   18.8794 Mbps     0 retrans  10235 KB-cwnd
[2024-11-08T18:42:57.686484-0500]     0.9375 MB /   0.50 sec =   15.7284 Mbps     0 retrans  10235 KB-cwnd
[2024-11-08T18:42:58.186440-0500]     0.9375 MB /   0.50 sec =   15.7292 Mbps     0 retrans  10235 KB-cwnd
[2024-11-08T18:42:58.686585-0500]     0.9375 MB /   0.50 sec =   15.7250 Mbps     0 retrans  10235 KB-cwnd
[2024-11-08T18:42:59.186528-0500]     1.0625 MB /   0.50 sec =   17.8294 Mbps     0 retrans  10235 KB-cwnd
[2024-11-08T18:42:59.686657-0500]     0.6875 MB /   0.50 sec =   11.5313 Mbps     0 retrans  10235 KB-cwnd
[2024-11-08T18:43:00.186491-0500]     0.2500 MB /   0.50 sec =    4.1953 Mbps     0 retrans  10235 KB-cwnd
[2024-11-08T18:43:00.686759-0500]     0.8125 MB /   0.50 sec =   13.6253 Mbps     0 retrans  10235 KB-cwnd
[2024-11-08T18:43:01.186534-0500]     0.7500 MB /   0.50 sec =   12.5884 Mbps     0 retrans  10235 KB-cwnd
[2024-11-08T18:43:01.686654-0500]     0.6875 MB /   0.50 sec =   11.5315 Mbps     0 retrans  10235 KB-cwnd
[2024-11-08T18:43:02.186579-0500]     0.5625 MB /   0.50 sec =    9.4388 Mbps     0 retrans  10235 KB-cwnd
[2024-11-08T18:43:02.686407-0500]     0.9375 MB /   0.50 sec =   15.7308 Mbps     0 retrans  10235 KB-cwnd
[2024-11-08T18:43:03.186520-0500]     0.6250 MB /   0.50 sec =   10.4850 Mbps     0 retrans  10235 KB-cwnd
[2024-11-08T18:43:03.686629-0500]     0.0000 MB /   0.50 sec =    0.0000 Mbps     0 retrans  10235 KB-cwnd
[2024-11-08T18:43:04.186576-0500]     0.5000 MB /   0.50 sec =    8.3895 Mbps     0 retrans  10235 KB-cwnd
[2024-11-08T18:43:04.686427-0500]     0.6250 MB /   0.50 sec =   10.4878 Mbps     0 retrans  10235 KB-cwnd
[2024-11-08T18:43:05.186447-0500]     0.3125 MB /   0.50 sec =    5.2428 Mbps     0 retrans  10235 KB-cwnd
[2024-11-08T18:43:05.686558-0500]     0.8125 MB /   0.50 sec =   13.6294 Mbps     0 retrans  10235 KB-cwnd
[2024-11-08T18:43:06.186405-0500]     0.4375 MB /   0.50 sec =    7.3414 Mbps     0 retrans  10235 KB-cwnd
End time: 1731109386309
