Start time: 1730678159674
[2024-11-03T16:56:07.473531-0700] nuttcp-t: v8.1.4: socket
[2024-11-03T16:56:07.474453-0700] nuttcp-t: buflen=65536, nstream=1, port=5102 tcp -> 54.176.53.206
[2024-11-03T16:56:07.474545-0700] nuttcp-t: time limit = 120.00 seconds
[2024-11-03T16:56:07.474621-0700] nuttcp-t: connect to 54.176.53.206 with mss=1378, RTT=129.688 ms af=inet
[2024-11-03T16:56:07.474691-0700] nuttcp-t: send window size = 2097152, receive window size = 6291456
[2024-11-03T16:56:07.474761-0700] nuttcp-t: available send window = 1572864, available receive window = 4718592
[2024-11-03T16:56:07.474828-0700] nuttcp-t: initial congestion window = 13 KB (10 packets)
[2024-11-03T16:56:07.474896-0700] nuttcp-r: v6.1.2: socket
[2024-11-03T16:56:07.474963-0700] nuttcp-r: buflen=65536, nstream=1, port=5102 tcp
[2024-11-03T16:56:07.475043-0700] nuttcp-r: interval reporting every 0.50 seconds
[2024-11-03T16:56:07.475114-0700] nuttcp-r: accept from 108.147.35.129
[2024-11-03T16:56:07.475182-0700] nuttcp-r: send window size = 450000000, receive window size = 450000000
[2024-11-03T16:56:07.475248-0700] nuttcp-r: available send window = 225000000, available receive window = 225000000
[2024-11-03T16:56:07.475315-0700]     0.0000 MB /   0.50 sec =    0.0000 Mbps   198 retrans    148 KB-cwnd
[2024-11-03T16:56:07.475384-0700]     0.0625 MB /   0.50 sec =    1.0484 Mbps     0 retrans    148 KB-cwnd
[2024-11-03T16:56:07.475452-0700]     0.0000 MB /   0.50 sec =    0.0000 Mbps     0 retrans    148 KB-cwnd
[2024-11-03T16:56:07.475520-0700]     0.0625 MB /   0.50 sec =    1.0484 Mbps     0 retrans    148 KB-cwnd
[2024-11-03T16:56:07.475587-0700]     0.0625 MB /   0.50 sec =    1.0488 Mbps     0 retrans    148 KB-cwnd
[2024-11-03T16:56:07.475654-0700]     0.0625 MB /   0.50 sec =    1.0486 Mbps     0 retrans    148 KB-cwnd
[2024-11-03T16:56:07.475722-0700]     0.0625 MB /   0.50 sec =    1.0486 Mbps     0 retrans    148 KB-cwnd
[2024-11-03T16:56:07.475789-0700]     0.0625 MB /   0.50 sec =    1.0485 Mbps     0 retrans    148 KB-cwnd
[2024-11-03T16:56:07.475856-0700]     0.0000 MB /   0.50 sec =    0.0000 Mbps     0 retrans    148 KB-cwnd
[2024-11-03T16:56:07.475921-0700]     0.0000 MB /   0.50 sec =    0.0000 Mbps     0 retrans    148 KB-cwnd
[2024-11-03T16:56:07.475987-0700]     0.0000 MB /   0.50 sec =    0.0000 Mbps     0 retrans    148 KB-cwnd
[2024-11-03T16:56:07.476060-0700]     0.0000 MB /   0.50 sec =    0.0000 Mbps     0 retrans    148 KB-cwnd
[2024-11-03T16:56:07.476128-0700]     0.0000 MB /   0.50 sec =    0.0000 Mbps     0 retrans    148 KB-cwnd
[2024-11-03T16:56:10.642806-0700]     0.0625 MB /   0.50 sec =    1.0485 Mbps     0 retrans    370 KB-cwnd
[2024-11-03T16:56:10.643242-0700]     0.3125 MB /   0.50 sec =    5.2381 Mbps     0 retrans    370 KB-cwnd
[2024-11-03T16:56:10.643378-0700]     0.1250 MB /   0.50 sec =    2.0992 Mbps     0 retrans    370 KB-cwnd
[2024-11-03T16:56:10.643490-0700]     0.0625 MB /   0.50 sec =    1.0486 Mbps     0 retrans    370 KB-cwnd
[2024-11-03T16:56:10.643595-0700]     0.1250 MB /   0.50 sec =    2.0972 Mbps     0 retrans    370 KB-cwnd
[2024-11-03T16:56:10.643699-0700]     0.1250 MB /   0.50 sec =    2.0972 Mbps     0 retrans    370 KB-cwnd
[2024-11-03T16:56:10.643801-0700]     0.1250 MB /   0.50 sec =    2.0971 Mbps     0 retrans    370 KB-cwnd
[2024-11-03T16:56:15.403463-0700]     0.1250 MB /   0.50 sec =    2.0972 Mbps   150 retrans    240 KB-cwnd
[2024-11-03T16:56:15.403936-0700]     0.0625 MB /   0.50 sec =    1.0485 Mbps     0 retrans    240 KB-cwnd
[2024-11-03T16:56:15.404071-0700]     0.0000 MB /   0.50 sec =    0.0000 Mbps     0 retrans    240 KB-cwnd
[2024-11-03T16:56:15.404182-0700]     0.0000 MB /   0.50 sec =    0.0000 Mbps     0 retrans    240 KB-cwnd
[2024-11-03T16:56:15.404287-0700]     0.0625 MB /   0.50 sec =    1.0486 Mbps     0 retrans    240 KB-cwnd
[2024-11-03T16:56:15.404389-0700]     0.1875 MB /   0.50 sec =    3.1457 Mbps     0 retrans    240 KB-cwnd
[2024-11-03T16:56:15.404496-0700]     0.1875 MB /   0.50 sec =    3.1458 Mbps     0 retrans    240 KB-cwnd
[2024-11-03T16:56:15.404598-0700]     0.0625 MB /   0.50 sec =    1.0486 Mbps     0 retrans    240 KB-cwnd
[2024-11-03T16:56:15.404845-0700]     0.0000 MB /   0.50 sec =    0.0000 Mbps     0 retrans    240 KB-cwnd
[2024-11-03T16:56:17.726496-0700]     0.3125 MB /   0.50 sec =    5.2420 Mbps     0 retrans    262 KB-cwnd
[2024-11-03T16:56:17.726890-0700]     0.1875 MB /   0.50 sec =    3.1463 Mbps     0 retrans    262 KB-cwnd
[2024-11-03T16:56:17.727022-0700]     0.1875 MB /   0.50 sec =    3.1457 Mbps     0 retrans    262 KB-cwnd
[2024-11-03T16:56:17.727134-0700]     0.1250 MB /   0.50 sec =    2.0972 Mbps     0 retrans    262 KB-cwnd
[2024-11-03T16:56:17.727240-0700]     0.2500 MB /   0.50 sec =    4.1940 Mbps     0 retrans    262 KB-cwnd
[2024-11-03T16:56:20.115686-0700]     0.1250 MB /   0.50 sec =    2.0973 Mbps     0 retrans    263 KB-cwnd
[2024-11-03T16:56:20.116092-0700]     0.1250 MB /   0.50 sec =    2.0971 Mbps     0 retrans    263 KB-cwnd
[2024-11-03T16:56:20.116166-0700]     0.1875 MB /   0.50 sec =    3.1458 Mbps     0 retrans    263 KB-cwnd
[2024-11-03T16:56:20.116220-0700]     0.1875 MB /   0.50 sec =    3.1458 Mbps     0 retrans    263 KB-cwnd
[2024-11-03T16:56:20.116271-0700]     0.1875 MB /   0.50 sec =    3.1418 Mbps     0 retrans    263 KB-cwnd
[2024-11-03T16:56:21.909993-0700]     0.3125 MB /   0.50 sec =    5.2494 Mbps     0 retrans    265 KB-cwnd
[2024-11-03T16:56:21.910418-0700]     0.2500 MB /   0.50 sec =    4.1944 Mbps     0 retrans    265 KB-cwnd
[2024-11-03T16:56:21.910560-0700]     0.1875 MB /   0.50 sec =    3.1456 Mbps     0 retrans    265 KB-cwnd
[2024-11-03T16:56:24.429947-0700]     0.2500 MB /   0.50 sec =    4.1944 Mbps     0 retrans    267 KB-cwnd
[2024-11-03T16:56:24.430375-0700]     0.1250 MB /   0.50 sec =    2.0969 Mbps     0 retrans    267 KB-cwnd
[2024-11-03T16:56:24.430512-0700]     0.2500 MB /   0.50 sec =    4.1947 Mbps     0 retrans    267 KB-cwnd
[2024-11-03T16:56:24.430625-0700]     0.1875 MB /   0.50 sec =    3.1458 Mbps     0 retrans    267 KB-cwnd
[2024-11-03T16:56:24.430735-0700]     0.1250 MB /   0.50 sec =    2.0971 Mbps     0 retrans    267 KB-cwnd
[2024-11-03T16:56:27.246617-0700]     0.1250 MB /   0.50 sec =    2.0970 Mbps     0 retrans    269 KB-cwnd
[2024-11-03T16:56:27.246828-0700]     0.1875 MB /   0.50 sec =    3.1458 Mbps     0 retrans    269 KB-cwnd
[2024-11-03T16:56:27.246864-0700]     0.1875 MB /   0.50 sec =    3.1459 Mbps     0 retrans    269 KB-cwnd
[2024-11-03T16:56:27.246891-0700]     0.1250 MB /   0.50 sec =    2.0968 Mbps     0 retrans    269 KB-cwnd
[2024-11-03T16:56:27.246916-0700]     0.1875 MB /   0.50 sec =    3.1454 Mbps     0 retrans    269 KB-cwnd
[2024-11-03T16:56:27.246940-0700]     0.1250 MB /   0.50 sec =    2.0977 Mbps     0 retrans    269 KB-cwnd
[2024-11-03T16:56:39.624944-0700]     0.0625 MB /   0.50 sec =    1.0486 Mbps   231 retrans     67 KB-cwnd
[2024-11-03T16:56:39.625399-0700]     0.1250 MB /   0.50 sec =    2.0941 Mbps     0 retrans     67 KB-cwnd
[2024-11-03T16:56:39.625542-0700]     0.0625 MB /   0.50 sec =    1.0501 Mbps     0 retrans     67 KB-cwnd
[2024-11-03T16:56:39.625660-0700]     0.0000 MB /   0.50 sec =    0.0000 Mbps     0 retrans     67 KB-cwnd
[2024-11-03T16:56:39.625770-0700]     0.0000 MB /   0.50 sec =    0.0000 Mbps     0 retrans     67 KB-cwnd
[2024-11-03T16:56:39.625878-0700]     0.0000 MB /   0.50 sec =    0.0000 Mbps     0 retrans     67 KB-cwnd
[2024-11-03T16:56:39.625984-0700]     0.0625 MB /   0.50 sec =    1.0488 Mbps     0 retrans     67 KB-cwnd
[2024-11-03T16:56:39.626087-0700]     0.2500 MB /   0.50 sec =    4.1943 Mbps     0 retrans     67 KB-cwnd
[2024-11-03T16:56:39.626193-0700]     0.0000 MB /   0.50 sec =    0.0000 Mbps     0 retrans     67 KB-cwnd
[2024-11-03T16:56:39.626294-0700]     0.0000 MB /   0.50 sec =    0.0000 Mbps     0 retrans     67 KB-cwnd
[2024-11-03T16:56:39.626394-0700]     0.0000 MB /   0.50 sec =    0.0000 Mbps     0 retrans     67 KB-cwnd
[2024-11-03T16:56:39.626497-0700]     0.0000 MB /   0.50 sec =    0.0000 Mbps     0 retrans     67 KB-cwnd
[2024-11-03T16:56:39.626600-0700]     0.0000 MB /   0.50 sec =    0.0000 Mbps     0 retrans     67 KB-cwnd
[2024-11-03T16:56:39.626745-0700]     0.0000 MB /   0.50 sec =    0.0000 Mbps     0 retrans     67 KB-cwnd
[2024-11-03T16:56:39.626856-0700]     0.0000 MB /   0.50 sec =    0.0000 Mbps     0 retrans     67 KB-cwnd
[2024-11-03T16:56:39.626959-0700]     0.0625 MB /   0.50 sec =    1.0487 Mbps     0 retrans     67 KB-cwnd
[2024-11-03T16:56:39.627061-0700]     0.0000 MB /   0.50 sec =    0.0000 Mbps     0 retrans     67 KB-cwnd
[2024-11-03T16:56:39.627160-0700]     0.0625 MB /   0.50 sec =    1.0486 Mbps     0 retrans     67 KB-cwnd
[2024-11-03T16:56:39.627261-0700]     0.0000 MB /   0.50 sec =    0.0000 Mbps     0 retrans     67 KB-cwnd
[2024-11-03T16:56:39.627364-0700]     0.0000 MB /   0.50 sec =    0.0000 Mbps     0 retrans     67 KB-cwnd
[2024-11-03T16:56:39.627473-0700]     0.0625 MB /   0.50 sec =    1.0485 Mbps     0 retrans     67 KB-cwnd
[2024-11-03T16:56:39.627574-0700]     0.0000 MB /   0.50 sec =    0.0000 Mbps     0 retrans     67 KB-cwnd
[2024-11-03T16:56:39.627676-0700]     0.0000 MB /   0.50 sec =    0.0000 Mbps     0 retrans     67 KB-cwnd
[2024-11-03T16:56:39.627777-0700]     0.0000 MB /   0.50 sec =    0.0000 Mbps     0 retrans     67 KB-cwnd
[2024-11-03T16:56:39.627879-0700]     0.0000 MB /   0.50 sec =    0.0000 Mbps     0 retrans     67 KB-cwnd
[2024-11-03T16:56:52.918115-0700]     0.0625 MB /   0.50 sec =    1.0486 Mbps    88 retrans     67 KB-cwnd
[2024-11-03T16:56:52.918647-0700]     0.0000 MB /   0.50 sec =    0.0000 Mbps     0 retrans     67 KB-cwnd
[2024-11-03T16:56:52.918816-0700]     0.0000 MB /   0.50 sec =    0.0000 Mbps     0 retrans     67 KB-cwnd
[2024-11-03T16:56:52.918951-0700]     0.0000 MB /   0.50 sec =    0.0000 Mbps     0 retrans     67 KB-cwnd
[2024-11-03T16:56:52.919074-0700]     0.0000 MB /   0.50 sec =    0.0000 Mbps     0 retrans     67 KB-cwnd
[2024-11-03T16:56:52.919196-0700]     0.0000 MB /   0.50 sec =    0.0000 Mbps     0 retrans     67 KB-cwnd
[2024-11-03T16:56:52.919311-0700]     0.0000 MB /   0.50 sec =    0.0000 Mbps     0 retrans     67 KB-cwnd
[2024-11-03T16:56:52.919431-0700]     0.0000 MB /   0.50 sec =    0.0000 Mbps     0 retrans     67 KB-cwnd
[2024-11-03T16:56:52.919552-0700]     0.0000 MB /   0.50 sec =    0.0000 Mbps     0 retrans     67 KB-cwnd
[2024-11-03T16:56:52.919668-0700]     0.0000 MB /   0.50 sec =    0.0000 Mbps     0 retrans     67 KB-cwnd
[2024-11-03T16:56:52.919790-0700]     0.0625 MB /   0.50 sec =    1.0486 Mbps     0 retrans     67 KB-cwnd
[2024-11-03T16:56:52.919913-0700]     0.0625 MB /   0.50 sec =    1.0486 Mbps     0 retrans     67 KB-cwnd
[2024-11-03T16:56:52.920034-0700]     0.1250 MB /   0.50 sec =    2.0971 Mbps     0 retrans     67 KB-cwnd
[2024-11-03T16:56:52.920148-0700]     0.0625 MB /   0.50 sec =    1.0486 Mbps     0 retrans     67 KB-cwnd
[2024-11-03T16:56:52.920270-0700]     0.0625 MB /   0.50 sec =    1.0486 Mbps     0 retrans     67 KB-cwnd
[2024-11-03T16:56:52.920389-0700]     0.1250 MB /   0.50 sec =    2.0971 Mbps     0 retrans     67 KB-cwnd
[2024-11-03T16:56:52.920504-0700]     0.0000 MB /   0.50 sec =    0.0000 Mbps     0 retrans     67 KB-cwnd
[2024-11-03T16:56:52.920616-0700]     0.0625 MB /   0.50 sec =    1.0486 Mbps     0 retrans     67 KB-cwnd
[2024-11-03T16:56:52.920852-0700]     0.0625 MB /   0.50 sec =    1.0486 Mbps     0 retrans     67 KB-cwnd
[2024-11-03T16:56:52.920986-0700]     0.0625 MB /   0.50 sec =    1.0485 Mbps     0 retrans     67 KB-cwnd
[2024-11-03T16:56:52.921115-0700]     0.0625 MB /   0.50 sec =    1.0487 Mbps     0 retrans     67 KB-cwnd
[2024-11-03T16:56:52.921232-0700]     0.0625 MB /   0.50 sec =    1.0485 Mbps     0 retrans     67 KB-cwnd
[2024-11-03T16:56:52.921344-0700]     0.0000 MB /   0.50 sec =    0.0000 Mbps     0 retrans     67 KB-cwnd
[2024-11-03T16:56:52.921460-0700]     0.0000 MB /   0.50 sec =    0.0000 Mbps     0 retrans     67 KB-cwnd
[2024-11-03T16:56:52.921574-0700]     0.0000 MB /   0.50 sec =    0.0000 Mbps     0 retrans     67 KB-cwnd
[2024-11-03T16:56:52.921693-0700]     0.0000 MB /   0.50 sec =    0.0000 Mbps     0 retrans     67 KB-cwnd
[2024-11-03T16:57:06.079390-0700]     0.0000 MB /   0.50 sec =    0.0000 Mbps    65 retrans     59 KB-cwnd
[2024-11-03T16:57:06.079830-0700]     0.0000 MB /   0.50 sec =    0.0000 Mbps     0 retrans     59 KB-cwnd
[2024-11-03T16:57:06.079967-0700]     0.0000 MB /   0.50 sec =    0.0000 Mbps     0 retrans     59 KB-cwnd
[2024-11-03T16:57:06.080080-0700]     0.0625 MB /   0.50 sec =    1.0485 Mbps     0 retrans     59 KB-cwnd
[2024-11-03T16:57:06.080187-0700]     0.0625 MB /   0.50 sec =    1.0486 Mbps     0 retrans     59 KB-cwnd
[2024-11-03T16:57:06.080289-0700]     0.0000 MB /   0.50 sec =    0.0000 Mbps     0 retrans     59 KB-cwnd
[2024-11-03T16:57:06.080392-0700]     0.0000 MB /   0.50 sec =    0.0000 Mbps     0 retrans     59 KB-cwnd
[2024-11-03T16:57:06.080494-0700]     0.0000 MB /   0.50 sec =    0.0000 Mbps     0 retrans     59 KB-cwnd
[2024-11-03T16:57:06.080595-0700]     0.0000 MB /   0.50 sec =    0.0000 Mbps     0 retrans     59 KB-cwnd
[2024-11-03T16:57:06.080919-0700]     0.0625 MB /   0.50 sec =    1.0485 Mbps     0 retrans     59 KB-cwnd
[2024-11-03T16:57:06.081038-0700]     0.0000 MB /   0.50 sec =    0.0000 Mbps     0 retrans     59 KB-cwnd
[2024-11-03T16:57:06.081146-0700]     0.0625 MB /   0.50 sec =    1.0486 Mbps     0 retrans     59 KB-cwnd
[2024-11-03T16:57:06.081250-0700]     0.0625 MB /   0.50 sec =    1.0486 Mbps     0 retrans     59 KB-cwnd
[2024-11-03T16:57:06.081351-0700]     0.0000 MB /   0.50 sec =    0.0000 Mbps     0 retrans     59 KB-cwnd
[2024-11-03T16:57:06.081454-0700]     0.0000 MB /   0.50 sec =    0.0000 Mbps     0 retrans     59 KB-cwnd
[2024-11-03T16:57:06.081556-0700]     0.0000 MB /   0.50 sec =    0.0000 Mbps     0 retrans     59 KB-cwnd
[2024-11-03T16:57:06.081657-0700]     0.0000 MB /   0.50 sec =    0.0000 Mbps     0 retrans     59 KB-cwnd
[2024-11-03T16:57:06.081757-0700]     0.0625 MB /   0.50 sec =    1.0486 Mbps     0 retrans     59 KB-cwnd
[2024-11-03T16:57:06.081860-0700]     0.0625 MB /   0.50 sec =    1.0486 Mbps     0 retrans     59 KB-cwnd
[2024-11-03T16:57:06.081959-0700]     0.0000 MB /   0.50 sec =    0.0000 Mbps     0 retrans     59 KB-cwnd
[2024-11-03T16:57:06.082057-0700]     0.0625 MB /   0.50 sec =    1.0486 Mbps     0 retrans     59 KB-cwnd
[2024-11-03T16:57:06.082159-0700]     0.0000 MB /   0.50 sec =    0.0000 Mbps     0 retrans     59 KB-cwnd
[2024-11-03T16:57:06.082257-0700]     0.0625 MB /   0.50 sec =    1.0486 Mbps     0 retrans     59 KB-cwnd
[2024-11-03T16:57:06.082356-0700]     0.0625 MB /   0.50 sec =    1.0487 Mbps     0 retrans     59 KB-cwnd
[2024-11-03T16:57:06.082457-0700]     0.0625 MB /   0.50 sec =    1.0486 Mbps     0 retrans     59 KB-cwnd
[2024-11-03T16:57:06.082557-0700]     0.0625 MB /   0.50 sec =    1.0486 Mbps     0 retrans     59 KB-cwnd
[2024-11-03T16:57:06.082658-0700]     0.0625 MB /   0.50 sec =    1.0486 Mbps     0 retrans     59 KB-cwnd
[2024-11-03T16:57:08.921281-0700]     0.1250 MB /   0.50 sec =    2.0972 Mbps     0 retrans     67 KB-cwnd
[2024-11-03T16:57:08.921812-0700]     0.1250 MB /   0.50 sec =    2.0970 Mbps     0 retrans     67 KB-cwnd
[2024-11-03T16:57:08.921939-0700]     0.1875 MB /   0.50 sec =    3.1459 Mbps     0 retrans     67 KB-cwnd
[2024-11-03T16:57:08.922042-0700]     0.1250 MB /   0.50 sec =    2.0972 Mbps     0 retrans     67 KB-cwnd
[2024-11-03T16:57:08.922135-0700]     0.1875 MB /   0.50 sec =    3.1456 Mbps     0 retrans     67 KB-cwnd
[2024-11-03T16:57:17.674689-0700]     0.1250 MB /   0.50 sec =    2.0971 Mbps    85 retrans    111 KB-cwnd
[2024-11-03T16:57:17.675137-0700]     0.0625 MB /   0.50 sec =    1.0486 Mbps     0 retrans    111 KB-cwnd
[2024-11-03T16:57:17.675272-0700]     0.1250 MB /   0.50 sec =    2.0971 Mbps     0 retrans    111 KB-cwnd
[2024-11-03T16:57:17.675385-0700]     0.0625 MB /   0.50 sec =    1.0486 Mbps     0 retrans    111 KB-cwnd
[2024-11-03T16:57:17.675491-0700]     0.1250 MB /   0.50 sec =    2.0972 Mbps     0 retrans    111 KB-cwnd
[2024-11-03T16:57:17.675594-0700]     0.0625 MB /   0.50 sec =    1.0485 Mbps     0 retrans    111 KB-cwnd
[2024-11-03T16:57:17.675698-0700]     0.1250 MB /   0.50 sec =    2.0971 Mbps     0 retrans    111 KB-cwnd
[2024-11-03T16:57:17.675841-0700]     0.0625 MB /   0.50 sec =    1.0486 Mbps     0 retrans    111 KB-cwnd
[2024-11-03T16:57:17.675946-0700]     0.0625 MB /   0.50 sec =    1.0483 Mbps     0 retrans    111 KB-cwnd
[2024-11-03T16:57:17.676048-0700]     0.0000 MB /   0.50 sec =    0.0000 Mbps     0 retrans    111 KB-cwnd
[2024-11-03T16:57:17.676151-0700]     0.0000 MB /   0.50 sec =    0.0000 Mbps     0 retrans    111 KB-cwnd
[2024-11-03T16:57:17.676252-0700]     0.0000 MB /   0.50 sec =    0.0000 Mbps     0 retrans    111 KB-cwnd
[2024-11-03T16:57:17.676352-0700]     0.0000 MB /   0.50 sec =    0.0000 Mbps     0 retrans    111 KB-cwnd
[2024-11-03T16:57:17.676453-0700]     0.0000 MB /   0.50 sec =    0.0000 Mbps     0 retrans    111 KB-cwnd
[2024-11-03T16:57:17.676553-0700]     0.0000 MB /   0.50 sec =    0.0000 Mbps     0 retrans    111 KB-cwnd
[2024-11-03T16:57:17.676726-0700]     0.0000 MB /   0.50 sec =    0.0000 Mbps     0 retrans    111 KB-cwnd
[2024-11-03T16:57:17.676842-0700]     0.0625 MB /   0.50 sec =    1.0486 Mbps     0 retrans    111 KB-cwnd
[2024-11-03T16:57:17.676944-0700]     0.0625 MB /   0.50 sec =    1.0485 Mbps     0 retrans    111 KB-cwnd
[2024-11-03T16:57:27.012267-0700]     0.1250 MB /   0.50 sec =    2.0970 Mbps    32 retrans    118 KB-cwnd
[2024-11-03T16:57:27.012882-0700]     0.0000 MB /   0.50 sec =    0.0000 Mbps     0 retrans    118 KB-cwnd
[2024-11-03T16:57:27.013034-0700]     0.0000 MB /   0.50 sec =    0.0000 Mbps     0 retrans    118 KB-cwnd
[2024-11-03T16:57:27.013150-0700]     0.1875 MB /   0.50 sec =    3.1458 Mbps     0 retrans    118 KB-cwnd
[2024-11-03T16:57:27.013259-0700]     0.0625 MB /   0.50 sec =    1.0487 Mbps     0 retrans    118 KB-cwnd
[2024-11-03T16:57:27.013367-0700]     0.0625 MB /   0.50 sec =    1.0486 Mbps     0 retrans    118 KB-cwnd
[2024-11-03T16:57:27.013479-0700]     0.0000 MB /   0.50 sec =    0.0000 Mbps     0 retrans    118 KB-cwnd
[2024-11-03T16:57:27.013588-0700]     0.0000 MB /   0.50 sec =    0.0000 Mbps     0 retrans    118 KB-cwnd
[2024-11-03T16:57:27.013696-0700]     0.0000 MB /   0.50 sec =    0.0000 Mbps     0 retrans    118 KB-cwnd
[2024-11-03T16:57:27.013802-0700]     0.0000 MB /   0.50 sec =    0.0000 Mbps     0 retrans    118 KB-cwnd
[2024-11-03T16:57:27.013908-0700]     0.0625 MB /   0.50 sec =    1.0486 Mbps     0 retrans    118 KB-cwnd
[2024-11-03T16:57:27.014009-0700]     0.1875 MB /   0.50 sec =    3.1298 Mbps     0 retrans    118 KB-cwnd
[2024-11-03T16:57:27.014114-0700]     0.0000 MB /   0.50 sec =    0.0000 Mbps     0 retrans    118 KB-cwnd
[2024-11-03T16:57:27.014218-0700]     0.0625 MB /   0.50 sec =    1.0486 Mbps     0 retrans    118 KB-cwnd
[2024-11-03T16:57:27.014321-0700]     0.0625 MB /   0.50 sec =    1.0486 Mbps     0 retrans    118 KB-cwnd
[2024-11-03T16:57:27.014428-0700]     0.0000 MB /   0.50 sec =    0.0000 Mbps     0 retrans    118 KB-cwnd
[2024-11-03T16:57:27.014535-0700]     0.0625 MB /   0.50 sec =    1.0485 Mbps     0 retrans    118 KB-cwnd
[2024-11-03T16:57:27.014640-0700]     0.0625 MB /   0.50 sec =    1.0486 Mbps     0 retrans    118 KB-cwnd
[2024-11-03T16:57:27.014745-0700]     0.0625 MB /   0.50 sec =    1.0485 Mbps     0 retrans    118 KB-cwnd
[2024-11-03T16:57:32.046157-0700]     0.0000 MB /   0.50 sec =    0.0000 Mbps     0 retrans    122 KB-cwnd
[2024-11-03T16:57:32.046604-0700]     0.0625 MB /   0.50 sec =    1.0486 Mbps     0 retrans    122 KB-cwnd
[2024-11-03T16:57:32.046729-0700]     0.0000 MB /   0.50 sec =    0.0000 Mbps     0 retrans    122 KB-cwnd
[2024-11-03T16:57:32.046829-0700]     0.0625 MB /   0.50 sec =    1.0485 Mbps     0 retrans    122 KB-cwnd
[2024-11-03T16:57:32.046921-0700]     0.0625 MB /   0.50 sec =    1.0485 Mbps     0 retrans    122 KB-cwnd
[2024-11-03T16:57:32.047015-0700]     0.0625 MB /   0.50 sec =    1.0487 Mbps     0 retrans    122 KB-cwnd
[2024-11-03T16:57:32.047104-0700]     0.1250 MB /   0.50 sec =    2.0972 Mbps     0 retrans    122 KB-cwnd
[2024-11-03T16:57:32.047192-0700]     0.1875 MB /   0.50 sec =    3.1455 Mbps     0 retrans    122 KB-cwnd
[2024-11-03T16:57:32.047315-0700]     0.0625 MB /   0.50 sec =    1.0486 Mbps     0 retrans    122 KB-cwnd
[2024-11-03T16:57:32.047409-0700]     0.1250 MB /   0.50 sec =    2.0970 Mbps     0 retrans    122 KB-cwnd
[2024-11-03T16:57:33.958631-0700]     0.1875 MB /   0.50 sec =    3.1457 Mbps     0 retrans    126 KB-cwnd
[2024-11-03T16:57:33.959064-0700]     0.1875 MB /   0.50 sec =    3.1457 Mbps     0 retrans    126 KB-cwnd
[2024-11-03T16:57:33.959202-0700]     0.2500 MB /   0.50 sec =    4.1946 Mbps     0 retrans    126 KB-cwnd
[2024-11-03T16:57:35.161103-0700]     0.2500 MB /   0.50 sec =    4.1934 Mbps     0 retrans    129 KB-cwnd
[2024-11-03T16:57:35.161639-0700]     0.3750 MB /   0.50 sec =    6.2929 Mbps     0 retrans    129 KB-cwnd
[2024-11-03T16:57:35.161778-0700]     0.3125 MB /   0.50 sec =    5.2427 Mbps     0 retrans    129 KB-cwnd
[2024-11-03T16:57:36.318366-0700]     0.3750 MB /   0.50 sec =    6.2905 Mbps     0 retrans    135 KB-cwnd
[2024-11-03T16:57:36.318683-0700]     0.2500 MB /   0.50 sec =    4.1939 Mbps     0 retrans    135 KB-cwnd
[2024-11-03T16:57:37.076546-0700]     0.6250 MB /   0.50 sec =   10.4879 Mbps     0 retrans    296 KB-cwnd
[2024-11-03T16:57:37.077116-0700]     0.5000 MB /   0.50 sec =    8.3890 Mbps     0 retrans    296 KB-cwnd
[2024-11-03T16:57:38.445549-0700]     0.6875 MB /   0.50 sec =   11.5346 Mbps     0 retrans    516 KB-cwnd
[2024-11-03T16:57:38.446034-0700]     0.6875 MB /   0.50 sec =   11.5342 Mbps     0 retrans    516 KB-cwnd
[2024-11-03T16:57:38.684623-0700]     0.6875 MB /   0.50 sec =   11.5337 Mbps     0 retrans    547 KB-cwnd
[2024-11-03T16:57:39.206383-0700]     0.6875 MB /   0.50 sec =   11.5348 Mbps     0 retrans    606 KB-cwnd
[2024-11-03T16:57:39.683145-0700]     0.7500 MB /   0.50 sec =   12.5833 Mbps     0 retrans    655 KB-cwnd
[2024-11-03T16:57:40.239274-0700]     0.6875 MB /   0.50 sec =   11.5340 Mbps     0 retrans    655 KB-cwnd
[2024-11-03T16:57:40.495697-0700]     0.7500 MB /   0.50 sec =   12.5832 Mbps     0 retrans    655 KB-cwnd
[2024-11-03T16:57:41.263533-0700]     0.6875 MB /   0.50 sec =   11.5338 Mbps     0 retrans    655 KB-cwnd
[2024-11-03T16:57:41.551619-0700]     0.6875 MB /   0.50 sec =   11.5347 Mbps     0 retrans    655 KB-cwnd
[2024-11-03T16:57:42.087035-0700]     0.6875 MB /   0.50 sec =   11.5345 Mbps     0 retrans    705 KB-cwnd
[2024-11-03T16:57:42.642390-0700]     0.6250 MB /   0.50 sec =   10.4856 Mbps     0 retrans    719 KB-cwnd
[2024-11-03T16:57:43.133491-0700]     0.7500 MB /   0.50 sec =   12.5712 Mbps     0 retrans    719 KB-cwnd
[2024-11-03T16:57:43.571238-0700]     0.8125 MB /   0.50 sec =   13.6446 Mbps     0 retrans    719 KB-cwnd
[2024-11-03T16:57:44.156412-0700]     0.8750 MB /   0.50 sec =   14.6799 Mbps     0 retrans    719 KB-cwnd
[2024-11-03T16:57:44.518168-0700]     0.9375 MB /   0.50 sec =   15.7282 Mbps     0 retrans    719 KB-cwnd
[2024-11-03T16:57:45.041245-0700]     1.0625 MB /   0.50 sec =   17.8265 Mbps     0 retrans    719 KB-cwnd
[2024-11-03T16:57:45.685156-0700]     1.0625 MB /   0.50 sec =   17.8252 Mbps     1 retrans    606 KB-cwnd
[2024-11-03T16:57:46.141625-0700]     0.8750 MB /   0.50 sec =   14.6806 Mbps     0 retrans    659 KB-cwnd
[2024-11-03T16:57:46.498390-0700]     0.9375 MB /   0.50 sec =   15.7284 Mbps     0 retrans    683 KB-cwnd
[2024-11-03T16:57:47.090329-0700]     0.8750 MB /   0.50 sec =   14.6797 Mbps     0 retrans    683 KB-cwnd
[2024-11-03T16:57:47.673224-0700]     1.0000 MB /   0.50 sec =   16.7772 Mbps     0 retrans    698 KB-cwnd
[2024-11-03T16:57:48.165816-0700]     0.8125 MB /   0.50 sec =   13.6316 Mbps     0 retrans    706 KB-cwnd
[2024-11-03T16:57:48.557010-0700]     0.8750 MB /   0.50 sec =   14.6782 Mbps     0 retrans    706 KB-cwnd
[2024-11-03T16:57:49.116345-0700]     0.9375 MB /   0.50 sec =   15.7307 Mbps     0 retrans    706 KB-cwnd
[2024-11-03T16:57:49.643963-0700]     1.0000 MB /   0.50 sec =   16.7773 Mbps     0 retrans    710 KB-cwnd
[2024-11-03T16:57:50.063823-0700]     0.9375 MB /   0.50 sec =   15.7290 Mbps     0 retrans    710 KB-cwnd
[2024-11-03T16:57:50.690026-0700]     0.8750 MB /   0.50 sec =   14.6798 Mbps     0 retrans    710 KB-cwnd
[2024-11-03T16:57:51.137170-0700]     0.8125 MB /   0.50 sec =   13.6311 Mbps     0 retrans    710 KB-cwnd
[2024-11-03T16:57:51.560174-0700]     0.8750 MB /   0.50 sec =   14.6784 Mbps     0 retrans    710 KB-cwnd
[2024-11-03T16:57:52.051466-0700]     0.7500 MB /   0.50 sec =   12.5844 Mbps     0 retrans    710 KB-cwnd
[2024-11-03T16:57:52.611858-0700]     0.6875 MB /   0.50 sec =   11.5348 Mbps     0 retrans    710 KB-cwnd
[2024-11-03T16:57:53.046970-0700]     0.8125 MB /   0.50 sec =   13.6310 Mbps     0 retrans    710 KB-cwnd
[2024-11-03T16:57:53.571013-0700]     0.7500 MB /   0.50 sec =   12.5831 Mbps     0 retrans    710 KB-cwnd
[2024-11-03T16:57:54.081230-0700]     0.7500 MB /   0.50 sec =   12.5831 Mbps     0 retrans    710 KB-cwnd
[2024-11-03T16:57:54.603415-0700]     0.6875 MB /   0.50 sec =   11.5343 Mbps     0 retrans    710 KB-cwnd
[2024-11-03T16:57:55.128052-0700]     0.6875 MB /   0.50 sec =   11.5342 Mbps     0 retrans    710 KB-cwnd
[2024-11-03T16:57:55.591897-0700]     0.8125 MB /   0.50 sec =   13.6316 Mbps     0 retrans    710 KB-cwnd
[2024-11-03T16:57:56.111981-0700]     0.6875 MB /   0.50 sec =   11.5329 Mbps     0 retrans    710 KB-cwnd
[2024-11-03T16:57:56.603519-0700]     0.7500 MB /   0.50 sec =   12.5842 Mbps     0 retrans    710 KB-cwnd
[2024-11-03T16:57:57.093181-0700]     0.7500 MB /   0.50 sec =   12.5826 Mbps     0 retrans    710 KB-cwnd
[2024-11-03T16:57:57.556304-0700]     0.7500 MB /   0.50 sec =   12.5829 Mbps     0 retrans    710 KB-cwnd
[2024-11-03T16:57:58.069273-0700]     0.7500 MB /   0.50 sec =   12.5756 Mbps     0 retrans    710 KB-cwnd
[2024-11-03T16:57:58.655589-0700]     0.7500 MB /   0.50 sec =   12.5906 Mbps     0 retrans    710 KB-cwnd
[2024-11-03T16:57:59.160993-0700]     0.6875 MB /   0.50 sec =   11.5342 Mbps     0 retrans    710 KB-cwnd
[2024-11-03T16:57:59.630228-0700]     0.7500 MB /   0.50 sec =   12.5826 Mbps     0 retrans    710 KB-cwnd
[2024-11-03T16:58:00.083191-0700]     0.8125 MB /   0.50 sec =   13.6321 Mbps     0 retrans    710 KB-cwnd
[2024-11-03T16:58:00.489636-0700]     0.8125 MB /   0.50 sec =   13.6311 Mbps     0 retrans    710 KB-cwnd
End time: 1730678280782
