Start time: 1730523131869
[2024-11-01T21:52:12.763035-0700] nuttcp-r: v8.1.4: socket
[2024-11-01T21:52:12.763636-0700] nuttcp-r: buflen=65536, nstream=1, port=5101 tcp
[2024-11-01T21:52:12.763682-0700] nuttcp-r: interval reporting every 0.50 seconds
[2024-11-01T21:52:12.763716-0700] nuttcp-r: connect to 54.176.53.206 with RTT=58.007 ms af=inet
[2024-11-01T21:52:12.763750-0700] nuttcp-r: send window size = 1048576, receive window size = 4194304
[2024-11-01T21:52:12.763782-0700] nuttcp-r: available send window = 786432, available receive window = 3145728
[2024-11-01T21:52:12.763813-0700]     1.0625 MB /   0.50 sec =   17.8231 Mbps     0 retrans
[2024-11-01T21:52:13.263423-0700]     4.6250 MB /   0.50 sec =   77.5295 Mbps     0 retrans
[2024-11-01T21:52:13.763018-0700]     3.3125 MB /   0.50 sec =   55.6214 Mbps     0 retrans
[2024-11-01T21:52:14.263468-0700]     4.4375 MB /   0.50 sec =   74.4502 Mbps     0 retrans
[2024-11-01T21:52:14.763323-0700]     4.4375 MB /   0.50 sec =   74.4507 Mbps     0 retrans
[2024-11-01T21:52:15.263208-0700]     4.3125 MB /   0.50 sec =   72.3500 Mbps     0 retrans
[2024-11-01T21:52:15.762992-0700]     4.0000 MB /   0.50 sec =   67.1059 Mbps     0 retrans
[2024-11-01T21:52:16.262946-0700]     3.4375 MB /   0.50 sec =   57.6747 Mbps     0 retrans
[2024-11-01T21:52:16.762988-0700]     3.9375 MB /   0.50 sec =   66.0588 Mbps     0 retrans
[2024-11-01T21:52:17.263212-0700]     3.1875 MB /   0.50 sec =   53.4573 Mbps     0 retrans
[2024-11-01T21:52:17.763365-0700]     3.1875 MB /   0.50 sec =   53.4887 Mbps     0 retrans
[2024-11-01T21:52:18.262984-0700]     4.3750 MB /   0.50 sec =   73.4052 Mbps     0 retrans
[2024-11-01T21:52:18.762977-0700]     3.9375 MB /   0.50 sec =   66.0693 Mbps     0 retrans
[2024-11-01T21:52:19.262943-0700]     4.0000 MB /   0.50 sec =   67.1082 Mbps     0 retrans
[2024-11-01T21:52:19.762978-0700]     3.3125 MB /   0.50 sec =   55.5735 Mbps     0 retrans
[2024-11-01T21:52:20.262961-0700]     3.3125 MB /   0.50 sec =   55.5744 Mbps     0 retrans
[2024-11-01T21:52:20.762957-0700]     3.5625 MB /   0.50 sec =   59.7698 Mbps     0 retrans
[2024-11-01T21:52:21.263052-0700]     3.0000 MB /   0.50 sec =   50.3235 Mbps     0 retrans
[2024-11-01T21:52:21.764069-0700]     1.8750 MB /   0.50 sec =   31.3957 Mbps     0 retrans
[2024-11-01T21:52:22.263167-0700]     4.1875 MB /   0.50 sec =   70.4005 Mbps     0 retrans
[2024-11-01T21:52:22.764248-0700]     2.6250 MB /   0.50 sec =   43.9355 Mbps     0 retrans
[2024-11-01T21:52:23.262876-0700]     0.6250 MB /   0.50 sec =   10.5119 Mbps     0 retrans
[2024-11-01T21:52:23.763052-0700]     4.2500 MB /   0.50 sec =   71.2902 Mbps     0 retrans
[2024-11-01T21:52:24.262967-0700]     3.8750 MB /   0.50 sec =   65.0203 Mbps     0 retrans
[2024-11-01T21:52:24.762956-0700]     3.8750 MB /   0.50 sec =   65.0111 Mbps     0 retrans
[2024-11-01T21:52:25.263394-0700]     2.6250 MB /   0.50 sec =   44.0080 Mbps     0 retrans
[2024-11-01T21:52:25.762949-0700]     5.0000 MB /   0.50 sec =   83.9480 Mbps     0 retrans
[2024-11-01T21:52:26.262981-0700]     3.0000 MB /   0.50 sec =   50.3293 Mbps     0 retrans
[2024-11-01T21:52:26.762967-0700]     4.1875 MB /   0.50 sec =   70.2582 Mbps     0 retrans
[2024-11-01T21:52:27.263051-0700]     3.8750 MB /   0.50 sec =   65.0012 Mbps     0 retrans
[2024-11-01T21:52:27.762877-0700]     4.1250 MB /   0.50 sec =   69.2204 Mbps     0 retrans
[2024-11-01T21:52:28.262964-0700]     4.2500 MB /   0.50 sec =   71.2992 Mbps     0 retrans
[2024-11-01T21:52:28.762981-0700]     2.6875 MB /   0.50 sec =   45.0883 Mbps     0 retrans
[2024-11-01T21:52:29.263042-0700]     4.1250 MB /   0.50 sec =   69.1954 Mbps     0 retrans
[2024-11-01T21:52:29.764198-0700]     3.3750 MB /   0.50 sec =   56.5040 Mbps     0 retrans
[2024-11-01T21:52:30.262978-0700]     4.8750 MB /   0.50 sec =   81.9735 Mbps     0 retrans
[2024-11-01T21:52:30.762946-0700]     4.4375 MB /   0.50 sec =   74.4511 Mbps     0 retrans
[2024-11-01T21:52:31.262965-0700]     4.1250 MB /   0.50 sec =   69.2045 Mbps     0 retrans
[2024-11-01T21:52:31.762980-0700]     4.0625 MB /   0.50 sec =   68.1578 Mbps     0 retrans
[2024-11-01T21:52:32.262940-0700]     3.8125 MB /   0.50 sec =   63.9639 Mbps     0 retrans
[2024-11-01T21:52:32.762966-0700]     4.3750 MB /   0.50 sec =   73.4012 Mbps     0 retrans
[2024-11-01T21:52:33.264368-0700]     3.2500 MB /   0.50 sec =   54.3957 Mbps     0 retrans
[2024-11-01T21:52:33.762955-0700]     3.2500 MB /   0.50 sec =   54.6557 Mbps     0 retrans
[2024-11-01T21:52:34.262986-0700]     4.6250 MB /   0.50 sec =   77.5914 Mbps     0 retrans
[2024-11-01T21:52:34.762939-0700]     4.6875 MB /   0.50 sec =   78.6474 Mbps     0 retrans
[2024-11-01T21:52:35.263117-0700]     4.3125 MB /   0.50 sec =   72.3528 Mbps     0 retrans
[2024-11-01T21:52:35.763364-0700]     5.0625 MB /   0.50 sec =   84.8679 Mbps     0 retrans
[2024-11-01T21:52:36.262950-0700]     4.7500 MB /   0.50 sec =   79.7527 Mbps     0 retrans
[2024-11-01T21:52:36.763110-0700]     4.0625 MB /   0.50 sec =   68.1389 Mbps     0 retrans
[2024-11-01T21:52:37.262981-0700]     4.5000 MB /   0.50 sec =   75.5177 Mbps     0 retrans
[2024-11-01T21:52:37.762988-0700]     4.5625 MB /   0.50 sec =   76.5488 Mbps     0 retrans
[2024-11-01T21:52:38.263348-0700]     4.6875 MB /   0.50 sec =   78.5796 Mbps     0 retrans
[2024-11-01T21:52:38.762954-0700]     4.8750 MB /   0.50 sec =   81.8546 Mbps     0 retrans
[2024-11-01T21:52:39.262928-0700]     4.6250 MB /   0.50 sec =   77.5940 Mbps     0 retrans
[2024-11-01T21:52:39.763007-0700]     4.8125 MB /   0.50 sec =   80.7305 Mbps     0 retrans
[2024-11-01T21:52:40.262978-0700]     4.7500 MB /   0.50 sec =   79.7007 Mbps     0 retrans
[2024-11-01T21:52:40.763276-0700]     3.6875 MB /   0.50 sec =   61.8702 Mbps     0 retrans
[2024-11-01T21:52:41.262995-0700]     2.9375 MB /   0.50 sec =   49.2785 Mbps     0 retrans
[2024-11-01T21:52:41.763069-0700]     0.8125 MB /   0.50 sec =   13.6301 Mbps     0 retrans
[2024-11-01T21:52:42.263337-0700]     3.6250 MB /   0.50 sec =   60.7783 Mbps     0 retrans
[2024-11-01T21:52:42.763053-0700]     2.0000 MB /   0.50 sec =   33.5747 Mbps     0 retrans
[2024-11-01T21:52:43.262946-0700]     4.0625 MB /   0.50 sec =   68.1692 Mbps     0 retrans
[2024-11-01T21:52:43.763055-0700]     2.4375 MB /   0.50 sec =   40.8859 Mbps     0 retrans
[2024-11-01T21:52:44.262992-0700]     0.8125 MB /   0.50 sec =   13.6341 Mbps     0 retrans
[2024-11-01T21:52:44.762974-0700]     2.2500 MB /   0.50 sec =   37.7490 Mbps     0 retrans
[2024-11-01T21:52:45.262952-0700]     2.5625 MB /   0.50 sec =   42.9921 Mbps     0 retrans
[2024-11-01T21:52:45.764106-0700]     2.4375 MB /   0.50 sec =   40.8044 Mbps     0 retrans
[2024-11-01T21:52:46.263186-0700]     3.3125 MB /   0.50 sec =   55.6975 Mbps     0 retrans
[2024-11-01T21:52:46.763710-0700]     2.0625 MB /   0.50 sec =   34.5640 Mbps     0 retrans
[2024-11-01T21:52:47.262982-0700]     3.1250 MB /   0.50 sec =   52.4873 Mbps     0 retrans
[2024-11-01T21:52:47.762994-0700]     2.5625 MB /   0.50 sec =   42.9920 Mbps     0 retrans
[2024-11-01T21:52:48.262939-0700]     2.5000 MB /   0.50 sec =   41.9438 Mbps     0 retrans
[2024-11-01T21:52:48.762955-0700]     2.5000 MB /   0.50 sec =   41.9425 Mbps     0 retrans
[2024-11-01T21:52:49.262998-0700]     2.3125 MB /   0.50 sec =   38.7966 Mbps     0 retrans
[2024-11-01T21:52:49.763471-0700]     2.5625 MB /   0.50 sec =   42.9530 Mbps     0 retrans
[2024-11-01T21:52:50.262937-0700]     2.8125 MB /   0.50 sec =   47.2298 Mbps     0 retrans
[2024-11-01T21:52:50.762943-0700]     2.8125 MB /   0.50 sec =   47.1853 Mbps     0 retrans
[2024-11-01T21:52:51.262965-0700]     2.5625 MB /   0.50 sec =   42.9914 Mbps     0 retrans
[2024-11-01T21:52:51.763264-0700]     2.1250 MB /   0.50 sec =   35.6518 Mbps     0 retrans
[2024-11-01T21:52:52.263370-0700]     1.8750 MB /   0.50 sec =   31.4316 Mbps     0 retrans
[2024-11-01T21:52:52.762988-0700]     1.9375 MB /   0.50 sec =   32.5314 Mbps     0 retrans
[2024-11-01T21:52:53.264120-0700]     1.1250 MB /   0.50 sec =   18.8337 Mbps     0 retrans
[2024-11-01T21:52:53.762949-0700]     3.1875 MB /   0.50 sec =   53.5953 Mbps     0 retrans
[2024-11-01T21:52:54.263200-0700]     1.5625 MB /   0.50 sec =   26.2119 Mbps     0 retrans
[2024-11-01T21:52:54.763060-0700]     2.0625 MB /   0.50 sec =   34.6005 Mbps     0 retrans
[2024-11-01T21:52:55.262957-0700]     2.6875 MB /   0.50 sec =   45.0954 Mbps     0 retrans
[2024-11-01T21:52:55.762996-0700]     2.0000 MB /   0.50 sec =   33.5530 Mbps     0 retrans
[2024-11-01T21:52:56.264057-0700]     1.3125 MB /   0.50 sec =   21.9747 Mbps     0 retrans
[2024-11-01T21:52:56.763017-0700]     3.9375 MB /   0.50 sec =   66.1917 Mbps     0 retrans
[2024-11-01T21:52:57.262967-0700]     2.9375 MB /   0.50 sec =   49.2896 Mbps     0 retrans
[2024-11-01T21:52:57.764055-0700]     2.0625 MB /   0.50 sec =   34.5296 Mbps     0 retrans
[2024-11-01T21:52:58.262953-0700]     1.9375 MB /   0.50 sec =   32.5745 Mbps     0 retrans
[2024-11-01T21:52:58.762989-0700]     4.3125 MB /   0.50 sec =   72.3491 Mbps     0 retrans
[2024-11-01T21:52:59.262946-0700]     3.0000 MB /   0.50 sec =   50.3349 Mbps     0 retrans
[2024-11-01T21:52:59.763146-0700]     3.2500 MB /   0.50 sec =   54.5286 Mbps     0 retrans
[2024-11-01T21:53:00.262966-0700]     2.6875 MB /   0.50 sec =   45.0860 Mbps     0 retrans
[2024-11-01T21:53:00.762964-0700]     3.0625 MB /   0.50 sec =   51.3800 Mbps     0 retrans
[2024-11-01T21:53:01.262941-0700]     3.1250 MB /   0.50 sec =   52.4297 Mbps     0 retrans
[2024-11-01T21:53:01.762967-0700]     2.3750 MB /   0.50 sec =   39.8453 Mbps     0 retrans
[2024-11-01T21:53:02.262972-0700]     3.1250 MB /   0.50 sec =   52.4281 Mbps     0 retrans
[2024-11-01T21:53:02.763329-0700]     2.6250 MB /   0.50 sec =   44.0186 Mbps     0 retrans
[2024-11-01T21:53:03.263686-0700]     3.1875 MB /   0.50 sec =   53.4579 Mbps     0 retrans
[2024-11-01T21:53:03.763009-0700]     3.0625 MB /   0.50 sec =   51.4200 Mbps     0 retrans
[2024-11-01T21:53:04.262963-0700]     3.0625 MB /   0.50 sec =   51.3854 Mbps     0 retrans
[2024-11-01T21:53:04.763194-0700]     1.5000 MB /   0.50 sec =   25.1578 Mbps     0 retrans
[2024-11-01T21:53:05.263240-0700]     2.1875 MB /   0.50 sec =   36.6940 Mbps     0 retrans
[2024-11-01T21:53:05.763974-0700]     2.1250 MB /   0.50 sec =   35.5977 Mbps     0 retrans
[2024-11-01T21:53:06.262980-0700]     4.0625 MB /   0.50 sec =   68.2913 Mbps     0 retrans
[2024-11-01T21:53:06.762941-0700]     2.8750 MB /   0.50 sec =   48.2373 Mbps     0 retrans
[2024-11-01T21:53:07.262963-0700]     1.9375 MB /   0.50 sec =   32.5046 Mbps     0 retrans
[2024-11-01T21:53:07.762978-0700]     4.1250 MB /   0.50 sec =   69.2073 Mbps     0 retrans
[2024-11-01T21:53:08.262974-0700]     3.0000 MB /   0.50 sec =   50.3269 Mbps     0 retrans
[2024-11-01T21:53:08.762954-0700]     3.4375 MB /   0.50 sec =   57.6773 Mbps     0 retrans
[2024-11-01T21:53:09.262943-0700]     4.1250 MB /   0.50 sec =   69.2063 Mbps     0 retrans
[2024-11-01T21:53:09.762931-0700]     4.1875 MB /   0.50 sec =   70.2553 Mbps     0 retrans
[2024-11-01T21:53:10.263015-0700]     4.0625 MB /   0.50 sec =   68.1478 Mbps     0 retrans
[2024-11-01T21:53:10.762969-0700]     4.2500 MB /   0.50 sec =   71.3116 Mbps     0 retrans
[2024-11-01T21:53:11.262934-0700]     4.1250 MB /   0.50 sec =   69.2078 Mbps     0 retrans
[2024-11-01T21:53:11.762984-0700]     4.0000 MB /   0.50 sec =   67.1070 Mbps     0 retrans
[2024-11-01T21:53:12.263030-0700]     3.1875 MB /   0.50 sec =   53.4710 Mbps     0 retrans
[2024-11-01T21:53:12.762944-0700]     3.5000 MB /   0.50 sec =   58.7278 Mbps     0 retrans
[2024-11-01T21:53:13.262970-0700]     2.8750 MB /   0.50 sec =   48.2350 Mbps     0 retrans
[2024-11-01T21:53:13.763109-0700]     2.1875 MB /   0.50 sec =   36.7001 Mbps     0 retrans
[2024-11-01T21:53:14.262947-0700]     2.3125 MB /   0.50 sec =   38.7970 Mbps     0 retrans
[2024-11-01T21:53:14.762953-0700]     3.3750 MB /   0.50 sec =   56.6240 Mbps     0 retrans
[2024-11-01T21:53:15.262956-0700]     2.7500 MB /   0.50 sec =   46.1365 Mbps     0 retrans
[2024-11-01T21:53:15.762935-0700]     2.1875 MB /   0.50 sec =   36.7011 Mbps     0 retrans
[2024-11-01T21:53:16.264119-0700]     1.6250 MB /   0.50 sec =   27.2029 Mbps     0 retrans
[2024-11-01T21:53:16.762964-0700]     1.0625 MB /   0.50 sec =   17.8646 Mbps     0 retrans
[2024-11-01T21:53:17.262938-0700]     2.1875 MB /   0.50 sec =   36.7010 Mbps     0 retrans
[2024-11-01T21:53:17.762948-0700]     2.0625 MB /   0.50 sec =   34.6031 Mbps     0 retrans
[2024-11-01T21:53:18.264071-0700]     1.3125 MB /   0.50 sec =   21.9723 Mbps     0 retrans
[2024-11-01T21:53:18.763168-0700]     0.7500 MB /   0.50 sec =   12.6059 Mbps     0 retrans
[2024-11-01T21:53:19.262984-0700]     1.8125 MB /   0.50 sec =   30.4184 Mbps     0 retrans
[2024-11-01T21:53:19.763029-0700]     1.6875 MB /   0.50 sec =   28.3088 Mbps     0 retrans
[2024-11-01T21:53:20.264120-0700]     0.0625 MB /   0.50 sec =    1.0463 Mbps     0 retrans
[2024-11-01T21:53:20.763184-0700]     1.4375 MB /   0.50 sec =   24.1717 Mbps     0 retrans
[2024-11-01T21:53:21.262971-0700]     2.7500 MB /   0.50 sec =   46.1383 Mbps     0 retrans
[2024-11-01T21:53:21.762942-0700]     2.3750 MB /   0.50 sec =   39.8460 Mbps     0 retrans
[2024-11-01T21:53:22.263044-0700]     1.9375 MB /   0.50 sec =   32.5002 Mbps     0 retrans
[2024-11-01T21:53:22.762963-0700]     1.9375 MB /   0.50 sec =   32.5112 Mbps     0 retrans
[2024-11-01T21:53:23.262975-0700]     2.0625 MB /   0.50 sec =   34.6013 Mbps     0 retrans
[2024-11-01T21:53:23.762985-0700]     2.1875 MB /   0.50 sec =   36.7016 Mbps     0 retrans
[2024-11-01T21:53:24.262941-0700]     1.8750 MB /   0.50 sec =   31.4577 Mbps     0 retrans
[2024-11-01T21:53:24.762976-0700]     2.6250 MB /   0.50 sec =   44.0395 Mbps     0 retrans
[2024-11-01T21:53:25.262993-0700]     2.5625 MB /   0.50 sec =   42.9889 Mbps     0 retrans
[2024-11-01T21:53:25.762950-0700]     2.7500 MB /   0.50 sec =   46.1387 Mbps     0 retrans
[2024-11-01T21:53:26.262960-0700]     2.6875 MB /   0.50 sec =   45.0905 Mbps     0 retrans
[2024-11-01T21:53:26.764128-0700]     2.3750 MB /   0.50 sec =   39.7584 Mbps     0 retrans
[2024-11-01T21:53:27.262936-0700]     2.3125 MB /   0.50 sec =   38.8837 Mbps     0 retrans
[2024-11-01T21:53:27.763023-0700]     2.3125 MB /   0.50 sec =   38.7927 Mbps     0 retrans
[2024-11-01T21:53:28.262953-0700]     2.4375 MB /   0.50 sec =   40.8992 Mbps     0 retrans
[2024-11-01T21:53:28.762957-0700]     3.6250 MB /   0.50 sec =   60.8175 Mbps     0 retrans
[2024-11-01T21:53:29.262967-0700]     2.3750 MB /   0.50 sec =   39.8454 Mbps     0 retrans
[2024-11-01T21:53:29.762969-0700]     2.4375 MB /   0.50 sec =   40.8941 Mbps     0 retrans
[2024-11-01T21:53:30.262934-0700]     3.1875 MB /   0.50 sec =   53.4783 Mbps     0 retrans
[2024-11-01T21:53:30.762947-0700]     3.1875 MB /   0.50 sec =   53.4777 Mbps     0 retrans
[2024-11-01T21:53:31.262919-0700]     3.6250 MB /   0.50 sec =   60.8169 Mbps     0 retrans
[2024-11-01T21:53:31.762935-0700]     2.9375 MB /   0.50 sec =   49.2830 Mbps     0 retrans
[2024-11-01T21:53:32.262957-0700]     2.3750 MB /   0.50 sec =   39.8450 Mbps     0 retrans
[2024-11-01T21:53:32.762973-0700]     3.7500 MB /   0.50 sec =   62.9156 Mbps     0 retrans
[2024-11-01T21:53:33.262955-0700]     3.7500 MB /   0.50 sec =   62.9146 Mbps     0 retrans
[2024-11-01T21:53:33.763217-0700]     3.5625 MB /   0.50 sec =   59.7684 Mbps     0 retrans
[2024-11-01T21:53:34.262948-0700]     2.8125 MB /   0.50 sec =   47.1863 Mbps     0 retrans
[2024-11-01T21:53:34.762951-0700]     2.8750 MB /   0.50 sec =   48.2348 Mbps     0 retrans
[2024-11-01T21:53:35.262944-0700]     4.1875 MB /   0.50 sec =   70.2570 Mbps     0 retrans
[2024-11-01T21:53:35.762950-0700]     4.3750 MB /   0.50 sec =   73.3978 Mbps     0 retrans
[2024-11-01T21:53:36.263126-0700]     4.4375 MB /   0.50 sec =   74.4261 Mbps     0 retrans
[2024-11-01T21:53:36.763035-0700]     4.2500 MB /   0.50 sec =   71.3133 Mbps     0 retrans
[2024-11-01T21:53:37.263062-0700]     2.6875 MB /   0.50 sec =   45.0985 Mbps     0 retrans
[2024-11-01T21:53:37.762992-0700]     5.2500 MB /   0.50 sec =   88.0733 Mbps     0 retrans
[2024-11-01T21:53:38.263116-0700]     3.6250 MB /   0.50 sec =   60.8192 Mbps     0 retrans
[2024-11-01T21:53:38.762958-0700]     4.6875 MB /   0.50 sec =   78.6412 Mbps     0 retrans
[2024-11-01T21:53:39.262968-0700]     1.8750 MB /   0.50 sec =   31.4573 Mbps     0 retrans
[2024-11-01T21:53:39.762976-0700]     4.3125 MB /   0.50 sec =   72.3525 Mbps     0 retrans
[2024-11-01T21:53:40.262941-0700]     4.0625 MB /   0.50 sec =   68.1566 Mbps     0 retrans
[2024-11-01T21:53:40.762954-0700]     4.6875 MB /   0.50 sec =   78.6448 Mbps     0 retrans
[2024-11-01T21:53:41.262958-0700]     4.7500 MB /   0.50 sec =   79.6908 Mbps     0 retrans
[2024-11-01T21:53:41.762935-0700]     4.1250 MB /   0.50 sec =   69.2082 Mbps     0 retrans
[2024-11-01T21:53:42.263030-0700]     3.3750 MB /   0.50 sec =   56.6134 Mbps     0 retrans
[2024-11-01T21:53:42.762954-0700]     4.1250 MB /   0.50 sec =   69.2174 Mbps     0 retrans
[2024-11-01T21:53:43.263192-0700]     4.0625 MB /   0.50 sec =   68.1468 Mbps     0 retrans
[2024-11-01T21:53:43.762964-0700]     4.0625 MB /   0.50 sec =   68.1663 Mbps     0 retrans
[2024-11-01T21:53:44.262969-0700]     3.7500 MB /   0.50 sec =   62.9154 Mbps     0 retrans
[2024-11-01T21:53:44.763027-0700]     4.3750 MB /   0.50 sec =   73.3890 Mbps     0 retrans
[2024-11-01T21:53:45.263030-0700]     4.1250 MB /   0.50 sec =   69.2080 Mbps     0 retrans
[2024-11-01T21:53:45.763001-0700]     3.6875 MB /   0.50 sec =   61.8734 Mbps     0 retrans
[2024-11-01T21:53:46.263014-0700]     3.8125 MB /   0.50 sec =   63.9557 Mbps     0 retrans
[2024-11-01T21:53:46.762938-0700]     3.6875 MB /   0.50 sec =   61.8737 Mbps     0 retrans
[2024-11-01T21:53:47.262948-0700]     4.1250 MB /   0.50 sec =   69.2049 Mbps     0 retrans
[2024-11-01T21:53:47.762953-0700]     3.4375 MB /   0.50 sec =   57.6721 Mbps     0 retrans
[2024-11-01T21:53:48.263000-0700]     3.6875 MB /   0.50 sec =   61.8624 Mbps     0 retrans
[2024-11-01T21:53:48.763103-0700]     4.2500 MB /   0.50 sec =   71.3096 Mbps     0 retrans
[2024-11-01T21:53:49.263888-0700]     3.8125 MB /   0.50 sec =   63.8509 Mbps     0 retrans
[2024-11-01T21:53:49.763152-0700]     1.9375 MB /   0.50 sec =   32.5603 Mbps     0 retrans
[2024-11-01T21:53:50.262955-0700]     4.5000 MB /   0.50 sec =   75.5022 Mbps     0 retrans
[2024-11-01T21:53:50.763562-0700]     4.0000 MB /   0.50 sec =   67.0330 Mbps     0 retrans
[2024-11-01T21:53:51.263449-0700]     4.2500 MB /   0.50 sec =   71.3181 Mbps     0 retrans
[2024-11-01T21:53:51.762936-0700]     3.5000 MB /   0.50 sec =   58.7756 Mbps     0 retrans
[2024-11-01T21:53:52.263053-0700]     2.0625 MB /   0.50 sec =   34.5953 Mbps     0 retrans
[2024-11-01T21:53:52.762956-0700]     4.7500 MB /   0.50 sec =   79.7079 Mbps     0 retrans
[2024-11-01T21:53:53.263060-0700]     3.6875 MB /   0.50 sec =   61.8532 Mbps     0 retrans
[2024-11-01T21:53:53.762987-0700]     3.9375 MB /   0.50 sec =   66.0715 Mbps     0 retrans
[2024-11-01T21:53:54.263013-0700]     3.9375 MB /   0.50 sec =   66.0579 Mbps     0 retrans
[2024-11-01T21:53:54.763186-0700]     4.4375 MB /   0.50 sec =   74.4549 Mbps     0 retrans
[2024-11-01T21:53:55.262951-0700]     4.2500 MB /   0.50 sec =   71.3029 Mbps     0 retrans
[2024-11-01T21:53:55.762990-0700]     4.5625 MB /   0.50 sec =   76.5378 Mbps     0 retrans
[2024-11-01T21:53:56.263090-0700]     4.2500 MB /   0.50 sec =   71.3123 Mbps     0 retrans
[2024-11-01T21:53:56.762955-0700]     4.1250 MB /   0.50 sec =   69.2049 Mbps     0 retrans
[2024-11-01T21:53:57.262937-0700]     4.8125 MB /   0.50 sec =   80.7407 Mbps     0 retrans
[2024-11-01T21:53:57.763025-0700]     4.8125 MB /   0.50 sec =   80.7282 Mbps     0 retrans
[2024-11-01T21:53:58.262954-0700]     4.9375 MB /   0.50 sec =   82.8481 Mbps     0 retrans
[2024-11-01T21:53:58.762970-0700]     4.9375 MB /   0.50 sec =   82.8345 Mbps     0 retrans
[2024-11-01T21:53:59.262969-0700]     4.3125 MB /   0.50 sec =   72.3545 Mbps     0 retrans
[2024-11-01T21:53:59.763695-0700]     2.5000 MB /   0.50 sec =   41.9056 Mbps     0 retrans
[2024-11-01T21:54:00.263378-0700]     4.0000 MB /   0.50 sec =   67.1133 Mbps     0 retrans
[2024-11-01T21:54:00.762995-0700]     4.6875 MB /   0.50 sec =   78.7019 Mbps     0 retrans
[2024-11-01T21:54:01.263003-0700]     3.8750 MB /   0.50 sec =   65.0176 Mbps     0 retrans
[2024-11-01T21:54:01.763359-0700]     3.6875 MB /   0.50 sec =   61.8147 Mbps     0 retrans
[2024-11-01T21:54:02.262981-0700]     4.0000 MB /   0.50 sec =   67.1637 Mbps     0 retrans
[2024-11-01T21:54:02.762986-0700]     4.2500 MB /   0.50 sec =   71.3054 Mbps     0 retrans
[2024-11-01T21:54:03.263129-0700]     3.7500 MB /   0.50 sec =   62.9164 Mbps     0 retrans
[2024-11-01T21:54:03.763066-0700]     3.7500 MB /   0.50 sec =   62.8987 Mbps     0 retrans
[2024-11-01T21:54:04.262970-0700]     3.7500 MB /   0.50 sec =   62.9265 Mbps     0 retrans
[2024-11-01T21:54:04.762943-0700]     3.8125 MB /   0.50 sec =   63.9647 Mbps     0 retrans
[2024-11-01T21:54:05.262932-0700]     2.5625 MB /   0.50 sec =   42.9923 Mbps     0 retrans
[2024-11-01T21:54:05.762928-0700]     3.0625 MB /   0.50 sec =   51.3798 Mbps     0 retrans
[2024-11-01T21:54:06.262947-0700]     3.5000 MB /   0.50 sec =   58.7187 Mbps     0 retrans
[2024-11-01T21:54:06.763046-0700]     3.3750 MB /   0.50 sec =   56.6147 Mbps     0 retrans
[2024-11-01T21:54:07.262949-0700]     3.8750 MB /   0.50 sec =   65.0226 Mbps     0 retrans
[2024-11-01T21:54:07.762939-0700]     4.0000 MB /   0.50 sec =   67.1090 Mbps     0 retrans
[2024-11-01T21:54:08.263081-0700]     4.2500 MB /   0.50 sec =   71.2968 Mbps     0 retrans
[2024-11-01T21:54:08.763072-0700]     3.8125 MB /   0.50 sec =   63.9717 Mbps     0 retrans
[2024-11-01T21:54:09.263307-0700]     4.1250 MB /   0.50 sec =   69.1514 Mbps     0 retrans
[2024-11-01T21:54:09.762949-0700]     5.0000 MB /   0.50 sec =   83.9475 Mbps     0 retrans
[2024-11-01T21:54:10.263019-0700]     2.8750 MB /   0.50 sec =   48.2318 Mbps     0 retrans
[2024-11-01T21:54:10.763193-0700]     3.6875 MB /   0.50 sec =   61.8723 Mbps     0 retrans
[2024-11-01T21:54:11.262966-0700]     5.1250 MB /   0.50 sec =   85.9791 Mbps     0 retrans
[2024-11-01T21:54:11.762953-0700]     4.8750 MB /   0.50 sec =   81.7894 Mbps     0 retrans
[2024-11-01T21:54:12.262952-0700]     5.0625 MB /   0.50 sec =   84.9357 Mbps     0 retrans
[2024-11-01T21:54:12.762980-0700]     3.8750 MB /   0.50 sec =   65.0111 Mbps     0 retrans
End time: 1730523252985
