Start time: 1730915505248
[2024-11-06T11:51:46.144307-0600] nuttcp-r: v8.1.4: socket
[2024-11-06T11:51:46.144936-0600] nuttcp-r: buflen=65536, nstream=1, port=5103 tcp
[2024-11-06T11:51:46.144986-0600] nuttcp-r: interval reporting every 0.50 seconds
[2024-11-06T11:51:46.145018-0600] nuttcp-r: connect to 54.197.223.49 with RTT=67.019 ms af=inet
[2024-11-06T11:51:46.145048-0600] nuttcp-r: send window size = 1048576, receive window size = 1048576
[2024-11-06T11:51:46.145078-0600] nuttcp-r: available send window = 786432, available receive window = 786432
[2024-11-06T11:51:46.145108-0600]     0.2500 MB /   0.50 sec =    4.1937 Mbps     0 retrans     14 KB-cwnd
[2024-11-06T11:51:46.644425-0600]     3.8750 MB /   0.50 sec =   64.9944 Mbps     0 retrans     14 KB-cwnd
[2024-11-06T11:51:47.144808-0600]     4.8125 MB /   0.50 sec =   80.7596 Mbps     0 retrans     14 KB-cwnd
[2024-11-06T11:51:47.644351-0600]     6.8750 MB /   0.50 sec =  115.3325 Mbps     0 retrans     14 KB-cwnd
[2024-11-06T11:51:48.144266-0600]     5.8125 MB /   0.50 sec =   97.5263 Mbps     0 retrans     14 KB-cwnd
[2024-11-06T11:51:48.644432-0600]     7.7500 MB /   0.50 sec =  129.9629 Mbps     0 retrans     14 KB-cwnd
[2024-11-06T11:51:49.144321-0600]     4.5000 MB /   0.50 sec =   75.5274 Mbps     0 retrans     14 KB-cwnd
[2024-11-06T11:51:49.645441-0600]     5.2500 MB /   0.50 sec =   87.9891 Mbps     0 retrans     14 KB-cwnd
[2024-11-06T11:51:50.144163-0600]     3.3750 MB /   0.50 sec =   56.6931 Mbps     0 retrans     14 KB-cwnd
[2024-11-06T11:51:50.644734-0600]     4.3125 MB /   0.50 sec =   72.3004 Mbps     0 retrans     14 KB-cwnd
[2024-11-06T11:51:51.144256-0600]     5.6250 MB /   0.50 sec =   94.4361 Mbps     0 retrans     14 KB-cwnd
[2024-11-06T11:51:51.644405-0600]     5.3750 MB /   0.50 sec =   90.1530 Mbps     0 retrans     14 KB-cwnd
[2024-11-06T11:51:52.144393-0600]     5.6875 MB /   0.50 sec =   95.4250 Mbps     0 retrans     14 KB-cwnd
[2024-11-06T11:51:52.644272-0600]     5.3125 MB /   0.50 sec =   89.1413 Mbps     0 retrans     14 KB-cwnd
[2024-11-06T11:51:53.144254-0600]     8.1250 MB /   0.50 sec =  136.3214 Mbps     0 retrans     14 KB-cwnd
[2024-11-06T11:51:53.645352-0600]     8.9375 MB /   0.50 sec =  149.7894 Mbps     0 retrans     14 KB-cwnd
[2024-11-06T11:51:54.145985-0600]     7.9375 MB /   0.50 sec =  132.8678 Mbps     0 retrans     14 KB-cwnd
[2024-11-06T11:51:54.645477-0600]     5.2500 MB /   0.50 sec =   88.1779 Mbps     0 retrans     14 KB-cwnd
[2024-11-06T11:51:55.145658-0600]     6.6250 MB /   0.50 sec =  111.0948 Mbps     0 retrans     14 KB-cwnd
[2024-11-06T11:51:55.644571-0600]     0.8125 MB /   0.50 sec =   13.6675 Mbps     0 retrans     14 KB-cwnd
[2024-11-06T11:51:56.145214-0600]     3.6875 MB /   0.50 sec =   61.8178 Mbps     0 retrans     14 KB-cwnd
[2024-11-06T11:51:56.644765-0600]     5.7500 MB /   0.50 sec =   96.5460 Mbps     0 retrans     14 KB-cwnd
[2024-11-06T11:51:57.146473-0600]     3.8750 MB /   0.50 sec =   64.7744 Mbps     0 retrans     14 KB-cwnd
[2024-11-06T11:51:57.644223-0600]     2.1250 MB /   0.50 sec =   35.7856 Mbps     0 retrans     14 KB-cwnd
[2024-11-06T11:51:58.144864-0600]     3.3750 MB /   0.50 sec =   56.5554 Mbps     0 retrans     14 KB-cwnd
[2024-11-06T11:51:58.646289-0600]     1.1250 MB /   0.50 sec =   18.8421 Mbps     0 retrans     14 KB-cwnd
[2024-11-06T11:51:59.144974-0600]     5.4375 MB /   0.50 sec =   91.4802 Mbps     0 retrans     14 KB-cwnd
[2024-11-06T11:51:59.644520-0600]     1.5000 MB /   0.50 sec =   25.1522 Mbps     0 retrans     14 KB-cwnd
[2024-11-06T11:52:00.144254-0600]     3.1250 MB /   0.50 sec =   52.4661 Mbps     0 retrans     18 KB-cwnd
[2024-11-06T11:52:00.644712-0600]     1.5000 MB /   0.50 sec =   25.1407 Mbps     0 retrans     18 KB-cwnd
[2024-11-06T11:52:01.145528-0600]     1.3125 MB /   0.50 sec =   21.9883 Mbps     0 retrans     18 KB-cwnd
[2024-11-06T11:52:01.645676-0600]     2.5000 MB /   0.50 sec =   41.9490 Mbps     0 retrans     18 KB-cwnd
[2024-11-06T11:52:02.144341-0600]     2.0625 MB /   0.50 sec =   34.6774 Mbps     0 retrans     18 KB-cwnd
[2024-11-06T11:52:02.644336-0600]     1.8125 MB /   0.50 sec =   30.4130 Mbps     0 retrans     18 KB-cwnd
[2024-11-06T11:52:03.144169-0600]     1.6875 MB /   0.50 sec =   28.3114 Mbps     0 retrans     18 KB-cwnd
[2024-11-06T11:52:03.644261-0600]     1.7500 MB /   0.50 sec =   29.3606 Mbps     0 retrans     18 KB-cwnd
[2024-11-06T11:52:04.144244-0600]     1.5625 MB /   0.50 sec =   26.2123 Mbps     0 retrans     18 KB-cwnd
[2024-11-06T11:52:04.644147-0600]     1.8750 MB /   0.50 sec =   31.4583 Mbps     0 retrans     19 KB-cwnd
[2024-11-06T11:52:05.144390-0600]     1.8125 MB /   0.50 sec =   30.4086 Mbps     0 retrans     19 KB-cwnd
[2024-11-06T11:52:05.644680-0600]     1.7500 MB /   0.50 sec =   29.3396 Mbps     0 retrans     19 KB-cwnd
[2024-11-06T11:52:06.144178-0600]     2.4375 MB /   0.50 sec =   40.9238 Mbps     0 retrans     19 KB-cwnd
[2024-11-06T11:52:06.644348-0600]     2.6875 MB /   0.50 sec =   45.0796 Mbps     0 retrans     19 KB-cwnd
[2024-11-06T11:52:07.144268-0600]     2.5625 MB /   0.50 sec =   42.9975 Mbps     0 retrans     19 KB-cwnd
[2024-11-06T11:52:07.644238-0600]     2.5000 MB /   0.50 sec =   41.9441 Mbps     0 retrans     19 KB-cwnd
[2024-11-06T11:52:08.144595-0600]     3.7500 MB /   0.50 sec =   62.8802 Mbps     0 retrans     19 KB-cwnd
[2024-11-06T11:52:08.645453-0600]     2.5625 MB /   0.50 sec =   42.9635 Mbps     0 retrans     19 KB-cwnd
[2024-11-06T11:52:09.146229-0600]     2.5625 MB /   0.50 sec =   42.8840 Mbps     0 retrans     19 KB-cwnd
[2024-11-06T11:52:09.644318-0600]     3.1875 MB /   0.50 sec =   53.6715 Mbps     0 retrans     22 KB-cwnd
[2024-11-06T11:52:10.144378-0600]     1.1875 MB /   0.50 sec =   19.9227 Mbps     0 retrans     22 KB-cwnd
[2024-11-06T11:52:10.644280-0600]     3.5625 MB /   0.50 sec =   59.7782 Mbps     0 retrans     22 KB-cwnd
[2024-11-06T11:52:11.144295-0600]     3.1250 MB /   0.50 sec =   52.4224 Mbps     0 retrans     22 KB-cwnd
[2024-11-06T11:52:11.644295-0600]     1.3125 MB /   0.50 sec =   22.0222 Mbps     0 retrans     22 KB-cwnd
[2024-11-06T11:52:12.144155-0600]     2.7500 MB /   0.50 sec =   46.1382 Mbps     0 retrans     22 KB-cwnd
[2024-11-06T11:52:12.645584-0600]     2.6875 MB /   0.50 sec =   45.0145 Mbps     0 retrans     22 KB-cwnd
[2024-11-06T11:52:13.144215-0600]     2.5625 MB /   0.50 sec =   43.0637 Mbps     0 retrans     24 KB-cwnd
[2024-11-06T11:52:13.644282-0600]     2.5000 MB /   0.50 sec =   41.9385 Mbps     0 retrans     24 KB-cwnd
[2024-11-06T11:52:14.144289-0600]     2.6875 MB /   0.50 sec =   45.0899 Mbps     0 retrans     24 KB-cwnd
[2024-11-06T11:52:14.644927-0600]     2.6875 MB /   0.50 sec =   45.0611 Mbps     0 retrans     24 KB-cwnd
[2024-11-06T11:52:15.144201-0600]     3.3750 MB /   0.50 sec =   56.6622 Mbps     0 retrans     24 KB-cwnd
[2024-11-06T11:52:15.644257-0600]     4.2500 MB /   0.50 sec =   71.2977 Mbps     0 retrans     24 KB-cwnd
[2024-11-06T11:52:16.145470-0600]     6.0000 MB /   0.50 sec =  100.4297 Mbps     0 retrans     28 KB-cwnd
[2024-11-06T11:52:16.644233-0600]     7.6250 MB /   0.50 sec =  128.2250 Mbps     0 retrans     28 KB-cwnd
[2024-11-06T11:52:17.145159-0600]     5.8750 MB /   0.50 sec =   98.5571 Mbps     0 retrans     28 KB-cwnd
[2024-11-06T11:52:17.646098-0600]     7.3750 MB /   0.50 sec =  123.4246 Mbps     0 retrans     28 KB-cwnd
[2024-11-06T11:52:18.144153-0600]     8.3750 MB /   0.50 sec =  140.8845 Mbps     0 retrans     28 KB-cwnd
[2024-11-06T11:52:18.646618-0600]    10.3750 MB /   0.50 sec =  173.4437 Mbps     0 retrans     28 KB-cwnd
[2024-11-06T11:52:19.144778-0600]     7.8125 MB /   0.50 sec =  131.4079 Mbps     0 retrans     28 KB-cwnd
[2024-11-06T11:52:19.644340-0600]    13.1250 MB /   0.50 sec =  220.3945 Mbps     0 retrans     28 KB-cwnd
[2024-11-06T11:52:20.144312-0600]    14.5000 MB /   0.50 sec =  243.2740 Mbps     0 retrans     31 KB-cwnd
[2024-11-06T11:52:20.644669-0600]    12.3125 MB /   0.50 sec =  206.5781 Mbps     0 retrans     32 KB-cwnd
[2024-11-06T11:52:21.144845-0600]    13.3125 MB /   0.50 sec =  223.3342 Mbps     0 retrans     33 KB-cwnd
[2024-11-06T11:52:21.644253-0600]     5.2500 MB /   0.50 sec =   88.0853 Mbps     0 retrans     33 KB-cwnd
[2024-11-06T11:52:22.144321-0600]    11.5000 MB /   0.50 sec =  192.9241 Mbps     0 retrans     39 KB-cwnd
[2024-11-06T11:52:22.644250-0600]     9.1250 MB /   0.50 sec =  153.0967 Mbps     0 retrans     42 KB-cwnd
[2024-11-06T11:52:23.144820-0600]     9.3750 MB /   0.50 sec =  157.2741 Mbps     0 retrans     42 KB-cwnd
[2024-11-06T11:52:23.644260-0600]    10.6250 MB /   0.50 sec =  178.2579 Mbps     0 retrans     43 KB-cwnd
[2024-11-06T11:52:24.144928-0600]     8.7500 MB /   0.50 sec =  146.7789 Mbps     0 retrans     43 KB-cwnd
[2024-11-06T11:52:24.644311-0600]     7.1250 MB /   0.50 sec =  119.5458 Mbps     0 retrans     46 KB-cwnd
[2024-11-06T11:52:25.144174-0600]     9.0625 MB /   0.50 sec =  152.0852 Mbps     0 retrans     46 KB-cwnd
[2024-11-06T11:52:25.644979-0600]    12.6875 MB /   0.50 sec =  212.7040 Mbps     0 retrans     46 KB-cwnd
[2024-11-06T11:52:26.146929-0600]     9.0000 MB /   0.50 sec =  150.4800 Mbps     0 retrans     49 KB-cwnd
[2024-11-06T11:52:26.644229-0600]     9.7500 MB /   0.50 sec =  164.2549 Mbps  3371 retrans   2098 KB-cwnd
[2024-11-06T11:52:27.146018-0600]     7.8125 MB /   0.50 sec =  130.6344 Mbps     0 retrans   2098 KB-cwnd
[2024-11-06T11:52:27.644245-0600]    11.2500 MB /   0.50 sec =  189.3762 Mbps     0 retrans   2098 KB-cwnd
[2024-11-06T11:52:28.146094-0600]    12.8125 MB /   0.50 sec =  214.1998 Mbps     0 retrans   2098 KB-cwnd
[2024-11-06T11:52:28.644246-0600]    11.6875 MB /   0.50 sec =  196.7768 Mbps     0 retrans   2098 KB-cwnd
[2024-11-06T11:52:29.144275-0600]     9.1250 MB /   0.50 sec =  153.0869 Mbps     0 retrans   2098 KB-cwnd
[2024-11-06T11:52:29.644239-0600]    13.6875 MB /   0.50 sec =  229.6501 Mbps     0 retrans   2098 KB-cwnd
[2024-11-06T11:52:30.145465-0600]    10.3125 MB /   0.50 sec =  172.6122 Mbps     0 retrans   2098 KB-cwnd
[2024-11-06T11:52:30.644218-0600]    11.0625 MB /   0.50 sec =  186.0322 Mbps     0 retrans   2098 KB-cwnd
[2024-11-06T11:52:31.145932-0600]    10.3125 MB /   0.50 sec =  172.4563 Mbps     0 retrans   2098 KB-cwnd
[2024-11-06T11:52:31.644314-0600]    10.9375 MB /   0.50 sec =  184.0792 Mbps     0 retrans   2098 KB-cwnd
[2024-11-06T11:52:32.144791-0600]     8.8750 MB /   0.50 sec =  148.8993 Mbps     0 retrans   2098 KB-cwnd
[2024-11-06T11:52:32.644817-0600]    10.9375 MB /   0.50 sec =  183.4755 Mbps     0 retrans   2098 KB-cwnd
[2024-11-06T11:52:33.146105-0600]     9.6875 MB /   0.50 sec =  161.9911 Mbps  5621 retrans   3653 KB-cwnd
[2024-11-06T11:52:33.644276-0600]    11.1250 MB /   0.50 sec =  187.3028 Mbps     0 retrans   3653 KB-cwnd
[2024-11-06T11:52:34.144306-0600]    10.8125 MB /   0.50 sec =  181.3982 Mbps     0 retrans   3653 KB-cwnd
[2024-11-06T11:52:34.644281-0600]     9.4375 MB /   0.50 sec =  158.3419 Mbps     0 retrans   3653 KB-cwnd
[2024-11-06T11:52:35.144270-0600]    11.6875 MB /   0.50 sec =  196.0743 Mbps     0 retrans   3653 KB-cwnd
[2024-11-06T11:52:35.644195-0600]    15.3125 MB /   0.50 sec =  256.9278 Mbps     0 retrans   3603 KB-cwnd
[2024-11-06T11:52:36.144143-0600]    10.6250 MB /   0.50 sec =  178.2636 Mbps     0 retrans   3603 KB-cwnd
[2024-11-06T11:52:36.644719-0600]     8.7500 MB /   0.50 sec =  146.6531 Mbps    19 retrans   4007 KB-cwnd
[2024-11-06T11:52:37.144768-0600]    12.0000 MB /   0.50 sec =  201.5039 Mbps     0 retrans   4007 KB-cwnd
[2024-11-06T11:52:37.644559-0600]    12.5625 MB /   0.50 sec =  210.7790 Mbps     0 retrans   4007 KB-cwnd
[2024-11-06T11:52:38.144842-0600]    11.3750 MB /   0.50 sec =  190.8340 Mbps     0 retrans   4007 KB-cwnd
[2024-11-06T11:52:38.644894-0600]    11.1250 MB /   0.50 sec =  186.6428 Mbps     0 retrans   4007 KB-cwnd
[2024-11-06T11:52:39.144827-0600]     8.5000 MB /   0.50 sec =  142.4624 Mbps     0 retrans   4007 KB-cwnd
[2024-11-06T11:52:39.644327-0600]    10.1875 MB /   0.50 sec =  171.0838 Mbps   412 retrans   3758 KB-cwnd
[2024-11-06T11:52:40.144284-0600]    13.0625 MB /   0.50 sec =  219.1590 Mbps     0 retrans   3758 KB-cwnd
[2024-11-06T11:52:40.644203-0600]    11.5625 MB /   0.50 sec =  194.0029 Mbps     0 retrans   3758 KB-cwnd
[2024-11-06T11:52:41.144255-0600]     9.3750 MB /   0.50 sec =  157.2789 Mbps     0 retrans   1419 KB-cwnd
[2024-11-06T11:52:41.644404-0600]    10.5000 MB /   0.50 sec =  176.1372 Mbps     1 retrans   1419 KB-cwnd
[2024-11-06T11:52:42.144415-0600]     5.0000 MB /   0.50 sec =   83.8888 Mbps     0 retrans   1419 KB-cwnd
[2024-11-06T11:52:42.644283-0600]     4.4375 MB /   0.50 sec =   74.4572 Mbps     0 retrans   1419 KB-cwnd
[2024-11-06T11:52:43.144250-0600]     4.3750 MB /   0.50 sec =   73.3977 Mbps     0 retrans   1419 KB-cwnd
[2024-11-06T11:52:43.644324-0600]     5.8125 MB /   0.50 sec =   97.5154 Mbps     0 retrans   1419 KB-cwnd
[2024-11-06T11:52:44.144234-0600]     4.6875 MB /   0.50 sec =   78.6520 Mbps    24 retrans   4024 KB-cwnd
[2024-11-06T11:52:44.644278-0600]     1.9375 MB /   0.50 sec =   32.5053 Mbps     0 retrans   4024 KB-cwnd
[2024-11-06T11:52:45.144788-0600]     7.9375 MB /   0.50 sec =  133.1590 Mbps     0 retrans   4024 KB-cwnd
[2024-11-06T11:52:45.644220-0600]     5.3125 MB /   0.50 sec =   89.1247 Mbps     0 retrans   4024 KB-cwnd
[2024-11-06T11:52:46.144234-0600]     3.8125 MB /   0.50 sec =   63.9697 Mbps     0 retrans   4024 KB-cwnd
[2024-11-06T11:52:46.647025-0600]     7.8125 MB /   0.50 sec =  130.6115 Mbps     0 retrans   4024 KB-cwnd
[2024-11-06T11:52:47.144499-0600]     5.2500 MB /   0.50 sec =   88.3594 Mbps     0 retrans   4024 KB-cwnd
[2024-11-06T11:52:47.644226-0600]     7.8750 MB /   0.50 sec =  132.1705 Mbps     0 retrans   4024 KB-cwnd
[2024-11-06T11:52:48.144417-0600]     7.7500 MB /   0.50 sec =  130.0252 Mbps     0 retrans   4024 KB-cwnd
[2024-11-06T11:52:48.646005-0600]     9.2500 MB /   0.50 sec =  154.6859 Mbps     0 retrans   4024 KB-cwnd
[2024-11-06T11:52:49.144580-0600]     5.9375 MB /   0.50 sec =   99.8720 Mbps     0 retrans   4024 KB-cwnd
[2024-11-06T11:52:49.644349-0600]     4.1875 MB /   0.50 sec =   70.2951 Mbps     0 retrans   4024 KB-cwnd
[2024-11-06T11:52:50.144325-0600]     4.8125 MB /   0.50 sec =   80.7383 Mbps    66 retrans   3310 KB-cwnd
[2024-11-06T11:52:50.644501-0600]     3.4375 MB /   0.50 sec =   57.6787 Mbps     0 retrans   3310 KB-cwnd
[2024-11-06T11:52:51.144805-0600]     4.8125 MB /   0.50 sec =   80.7332 Mbps     0 retrans   3323 KB-cwnd
[2024-11-06T11:52:51.644236-0600]     4.6875 MB /   0.50 sec =   78.6388 Mbps     0 retrans   3413 KB-cwnd
[2024-11-06T11:52:52.144314-0600]     2.7500 MB /   0.50 sec =   46.1374 Mbps     0 retrans   3413 KB-cwnd
[2024-11-06T11:52:52.645499-0600]     3.1250 MB /   0.50 sec =   52.3122 Mbps     0 retrans   3413 KB-cwnd
[2024-11-06T11:52:53.144490-0600]     4.3750 MB /   0.50 sec =   73.5426 Mbps     0 retrans   3597 KB-cwnd
[2024-11-06T11:52:53.644475-0600]     2.5000 MB /   0.50 sec =   41.9403 Mbps     0 retrans   3597 KB-cwnd
[2024-11-06T11:52:54.144109-0600]     0.0625 MB /   0.50 sec =    1.0491 Mbps     0 retrans   3597 KB-cwnd
[2024-11-06T11:52:54.645482-0600]     4.6875 MB /   0.50 sec =   78.4579 Mbps     0 retrans   3597 KB-cwnd
[2024-11-06T11:52:55.144592-0600]     3.4375 MB /   0.50 sec =   57.8042 Mbps     0 retrans   3597 KB-cwnd
[2024-11-06T11:52:55.645061-0600]     1.4375 MB /   0.50 sec =   24.1173 Mbps     0 retrans   3597 KB-cwnd
[2024-11-06T11:52:56.144173-0600]     3.4375 MB /   0.50 sec =   57.6733 Mbps     0 retrans   3597 KB-cwnd
[2024-11-06T11:52:56.644195-0600]     0.6875 MB /   0.50 sec =   11.5343 Mbps     0 retrans   3597 KB-cwnd
[2024-11-06T11:52:57.144838-0600]     0.8125 MB /   0.50 sec =   13.6175 Mbps     0 retrans   3597 KB-cwnd
[2024-11-06T11:52:57.644234-0600]     2.7500 MB /   0.50 sec =   46.1845 Mbps     0 retrans   1145 KB-cwnd
[2024-11-06T11:52:58.144544-0600]     2.8750 MB /   0.50 sec =   48.2115 Mbps     0 retrans   1145 KB-cwnd
[2024-11-06T11:52:58.644239-0600]     2.6875 MB /   0.50 sec =   45.1136 Mbps     0 retrans   1145 KB-cwnd
[2024-11-06T11:52:59.144258-0600]     2.7500 MB /   0.50 sec =   46.1334 Mbps     0 retrans   1145 KB-cwnd
[2024-11-06T11:52:59.644280-0600]     2.6875 MB /   0.50 sec =   45.0899 Mbps     0 retrans   1145 KB-cwnd
[2024-11-06T11:53:00.144973-0600]     2.8750 MB /   0.50 sec =   48.2004 Mbps     0 retrans   1145 KB-cwnd
[2024-11-06T11:53:00.644296-0600]     3.5000 MB /   0.50 sec =   58.7573 Mbps     0 retrans   1145 KB-cwnd
[2024-11-06T11:53:01.144231-0600]     4.9375 MB /   0.50 sec =   82.8415 Mbps     0 retrans   1145 KB-cwnd
[2024-11-06T11:53:01.644363-0600]     5.4375 MB /   0.50 sec =   91.2153 Mbps  2742 retrans    849 KB-cwnd
[2024-11-06T11:53:02.144308-0600]     7.5000 MB /   0.50 sec =  125.8304 Mbps     9 retrans    849 KB-cwnd
[2024-11-06T11:53:02.644268-0600]     7.8750 MB /   0.50 sec =  132.1267 Mbps     0 retrans    859 KB-cwnd
[2024-11-06T11:53:03.144252-0600]     7.2500 MB /   0.50 sec =  121.6431 Mbps     0 retrans    869 KB-cwnd
[2024-11-06T11:53:03.644341-0600]     9.6250 MB /   0.50 sec =  161.4678 Mbps     0 retrans    878 KB-cwnd
[2024-11-06T11:53:04.144234-0600]    11.0000 MB /   0.50 sec =  184.5593 Mbps    10 retrans    886 KB-cwnd
[2024-11-06T11:53:04.645909-0600]     9.8125 MB /   0.50 sec =  164.2667 Mbps     0 retrans    896 KB-cwnd
[2024-11-06T11:53:05.144215-0600]     9.0625 MB /   0.50 sec =  152.3815 Mbps     4 retrans    899 KB-cwnd
[2024-11-06T11:53:05.644653-0600]     9.6250 MB /   0.50 sec =  161.4843 Mbps   771 retrans   2061 KB-cwnd
[2024-11-06T11:53:06.144595-0600]     4.8750 MB /   0.50 sec =   81.7605 Mbps     0 retrans   2061 KB-cwnd
[2024-11-06T11:53:06.645048-0600]     6.9375 MB /   0.50 sec =  116.3238 Mbps     0 retrans   2061 KB-cwnd
[2024-11-06T11:53:07.144330-0600]     7.3750 MB /   0.50 sec =  123.8348 Mbps     0 retrans   2061 KB-cwnd
[2024-11-06T11:53:07.644235-0600]     8.1875 MB /   0.50 sec =  137.3769 Mbps     0 retrans   2061 KB-cwnd
[2024-11-06T11:53:08.144291-0600]     6.4375 MB /   0.50 sec =  107.9951 Mbps     0 retrans   2061 KB-cwnd
[2024-11-06T11:53:08.644274-0600]     8.6250 MB /   0.50 sec =  144.7073 Mbps     0 retrans   2061 KB-cwnd
[2024-11-06T11:53:09.144375-0600]     4.3750 MB /   0.50 sec =   73.3937 Mbps     0 retrans   2061 KB-cwnd
[2024-11-06T11:53:09.644274-0600]     4.5625 MB /   0.50 sec =   76.5551 Mbps     0 retrans   2061 KB-cwnd
[2024-11-06T11:53:10.144232-0600]     7.4375 MB /   0.50 sec =  124.7853 Mbps     0 retrans   2061 KB-cwnd
[2024-11-06T11:53:10.645070-0600]     3.0625 MB /   0.50 sec =   51.3755 Mbps     0 retrans   2061 KB-cwnd
[2024-11-06T11:53:11.144310-0600]     4.1250 MB /   0.50 sec =   69.2032 Mbps     0 retrans   2061 KB-cwnd
[2024-11-06T11:53:11.645161-0600]     3.8125 MB /   0.50 sec =   63.8621 Mbps  4376 retrans   1415 KB-cwnd
[2024-11-06T11:53:12.144607-0600]     4.2500 MB /   0.50 sec =   71.4244 Mbps     0 retrans   1415 KB-cwnd
[2024-11-06T11:53:12.644947-0600]     4.0625 MB /   0.50 sec =   68.0627 Mbps     0 retrans   1415 KB-cwnd
[2024-11-06T11:53:13.144286-0600]     5.6250 MB /   0.50 sec =   94.5002 Mbps     0 retrans   1432 KB-cwnd
[2024-11-06T11:53:13.645183-0600]     8.2500 MB /   0.50 sec =  138.3481 Mbps     0 retrans   1436 KB-cwnd
[2024-11-06T11:53:14.144256-0600]     3.3125 MB /   0.50 sec =   55.6005 Mbps     0 retrans   1436 KB-cwnd
[2024-11-06T11:53:14.644768-0600]     6.3750 MB /   0.50 sec =  106.8940 Mbps     0 retrans   1436 KB-cwnd
[2024-11-06T11:53:15.144259-0600]     7.6875 MB /   0.50 sec =  129.0430 Mbps     0 retrans   1436 KB-cwnd
[2024-11-06T11:53:15.644274-0600]     5.6250 MB /   0.50 sec =   94.3756 Mbps     0 retrans   1436 KB-cwnd
[2024-11-06T11:53:16.144220-0600]     7.1875 MB /   0.50 sec =  120.5882 Mbps     0 retrans   1436 KB-cwnd
[2024-11-06T11:53:16.644272-0600]     7.6875 MB /   0.50 sec =  128.9702 Mbps     0 retrans   1436 KB-cwnd
[2024-11-06T11:53:17.144221-0600]     8.5000 MB /   0.50 sec =  142.6126 Mbps     0 retrans   1436 KB-cwnd
[2024-11-06T11:53:17.644603-0600]     9.8750 MB /   0.50 sec =  165.6780 Mbps   274 retrans   3209 KB-cwnd
[2024-11-06T11:53:18.144340-0600]     9.3125 MB /   0.50 sec =  156.2041 Mbps     0 retrans   3209 KB-cwnd
[2024-11-06T11:53:18.644320-0600]     8.8125 MB /   0.50 sec =  147.8522 Mbps     0 retrans   3209 KB-cwnd
[2024-11-06T11:53:19.144713-0600]     2.7500 MB /   0.50 sec =   46.1029 Mbps     0 retrans   3209 KB-cwnd
[2024-11-06T11:53:19.644308-0600]     6.5625 MB /   0.50 sec =  110.1948 Mbps     0 retrans   3209 KB-cwnd
[2024-11-06T11:53:20.144706-0600]    12.3125 MB /   0.50 sec =  206.3973 Mbps     0 retrans   3209 KB-cwnd
[2024-11-06T11:53:20.644334-0600]    11.1875 MB /   0.50 sec =  187.8461 Mbps     0 retrans   3209 KB-cwnd
[2024-11-06T11:53:21.144256-0600]    11.7500 MB /   0.50 sec =  197.1414 Mbps   648 retrans   1433 KB-cwnd
[2024-11-06T11:53:21.646065-0600]     9.5000 MB /   0.50 sec =  159.3734 Mbps     0 retrans   1433 KB-cwnd
[2024-11-06T11:53:22.144324-0600]    14.5000 MB /   0.50 sec =  243.2857 Mbps     0 retrans   1433 KB-cwnd
[2024-11-06T11:53:22.644451-0600]     8.6250 MB /   0.50 sec =  144.6774 Mbps     0 retrans   1433 KB-cwnd
[2024-11-06T11:53:23.146167-0600]     8.1250 MB /   0.50 sec =  135.9527 Mbps     0 retrans   1433 KB-cwnd
[2024-11-06T11:53:23.644588-0600]     6.5000 MB /   0.50 sec =  109.3647 Mbps     0 retrans   1433 KB-cwnd
[2024-11-06T11:53:24.144277-0600]     4.3125 MB /   0.50 sec =   72.3519 Mbps     0 retrans   1978 KB-cwnd
[2024-11-06T11:53:24.645132-0600]     9.3750 MB /   0.50 sec =  157.1792 Mbps     0 retrans   1978 KB-cwnd
[2024-11-06T11:53:25.144233-0600]     8.6250 MB /   0.50 sec =  144.8133 Mbps     0 retrans   1978 KB-cwnd
[2024-11-06T11:53:25.648069-0600]     8.5625 MB /   0.50 sec =  142.8859 Mbps   928 retrans   3359 KB-cwnd
[2024-11-06T11:53:26.144216-0600]     9.8125 MB /   0.50 sec =  165.5089 Mbps     0 retrans   3359 KB-cwnd
[2024-11-06T11:53:26.644344-0600]     1.6250 MB /   0.50 sec =   27.2575 Mbps     0 retrans   3359 KB-cwnd
[2024-11-06T11:53:27.146004-0600]     5.7500 MB /   0.50 sec =   96.1712 Mbps     0 retrans   3359 KB-cwnd
[2024-11-06T11:53:27.644279-0600]     2.7500 MB /   0.50 sec =   46.2896 Mbps     0 retrans   3359 KB-cwnd
[2024-11-06T11:53:28.144267-0600]     5.9375 MB /   0.50 sec =   99.6095 Mbps     0 retrans   3359 KB-cwnd
[2024-11-06T11:53:28.644302-0600]     8.9375 MB /   0.50 sec =  149.9458 Mbps     0 retrans   3359 KB-cwnd
[2024-11-06T11:53:29.144357-0600]     7.5625 MB /   0.50 sec =  126.8579 Mbps     0 retrans   3359 KB-cwnd
[2024-11-06T11:53:29.644324-0600]     3.4375 MB /   0.50 sec =   57.6814 Mbps     0 retrans   3359 KB-cwnd
[2024-11-06T11:53:30.144308-0600]    10.2500 MB /   0.50 sec =  171.9672 Mbps     0 retrans   3359 KB-cwnd
[2024-11-06T11:53:30.646691-0600]     3.5625 MB /   0.50 sec =   59.4959 Mbps     0 retrans   3359 KB-cwnd
[2024-11-06T11:53:31.144254-0600]     5.1875 MB /   0.50 sec =   87.4337 Mbps  1300 retrans   2917 KB-cwnd
[2024-11-06T11:53:31.644786-0600]     6.5000 MB /   0.50 sec =  108.9419 Mbps     0 retrans   3379 KB-cwnd
[2024-11-06T11:53:32.144789-0600]     7.6250 MB /   0.50 sec =  128.0482 Mbps     0 retrans   3382 KB-cwnd
[2024-11-06T11:53:32.645844-0600]     9.0625 MB /   0.50 sec =  151.7243 Mbps     0 retrans   3407 KB-cwnd
[2024-11-06T11:53:33.144689-0600]     5.9375 MB /   0.50 sec =   99.7500 Mbps     0 retrans   3407 KB-cwnd
[2024-11-06T11:53:33.644269-0600]     7.0625 MB /   0.50 sec =  118.5870 Mbps     0 retrans   3407 KB-cwnd
[2024-11-06T11:53:34.144750-0600]     9.5000 MB /   0.50 sec =  159.3804 Mbps     1 retrans   3407 KB-cwnd
[2024-11-06T11:53:34.644196-0600]     8.6875 MB /   0.50 sec =  145.7608 Mbps     0 retrans   3407 KB-cwnd
[2024-11-06T11:53:35.144243-0600]     8.5000 MB /   0.50 sec =  142.5972 Mbps     0 retrans   3407 KB-cwnd
[2024-11-06T11:53:35.644275-0600]     5.3125 MB /   0.50 sec =   89.1209 Mbps     0 retrans   3407 KB-cwnd
[2024-11-06T11:53:36.146138-0600]     1.7500 MB /   0.50 sec =   29.2595 Mbps  1206 retrans   2403 KB-cwnd
[2024-11-06T11:53:36.645456-0600]     3.7500 MB /   0.50 sec =   62.9953 Mbps     0 retrans   2403 KB-cwnd
[2024-11-06T11:53:37.144444-0600]     1.9375 MB /   0.50 sec =   32.5729 Mbps     0 retrans   2403 KB-cwnd
[2024-11-06T11:53:37.644232-0600]     5.8125 MB /   0.50 sec =   97.5408 Mbps     0 retrans   2403 KB-cwnd
[2024-11-06T11:53:38.144273-0600]     6.0625 MB /   0.50 sec =  101.7078 Mbps     0 retrans   2403 KB-cwnd
[2024-11-06T11:53:38.644270-0600]     3.4375 MB /   0.50 sec =   57.6742 Mbps     0 retrans   2403 KB-cwnd
[2024-11-06T11:53:39.144249-0600]     3.9375 MB /   0.50 sec =   66.0594 Mbps     0 retrans   2403 KB-cwnd
[2024-11-06T11:53:39.644145-0600]     4.9375 MB /   0.50 sec =   82.8410 Mbps     0 retrans   2403 KB-cwnd
[2024-11-06T11:53:40.144782-0600]     4.1875 MB /   0.50 sec =   70.1810 Mbps     0 retrans   3149 KB-cwnd
[2024-11-06T11:53:40.644532-0600]     2.1250 MB /   0.50 sec =   35.6733 Mbps     0 retrans   3149 KB-cwnd
[2024-11-06T11:53:41.144143-0600]     4.6250 MB /   0.50 sec =   77.6302 Mbps     0 retrans   3149 KB-cwnd
[2024-11-06T11:53:41.644299-0600]     4.1250 MB /   0.50 sec =   69.1872 Mbps     0 retrans   3149 KB-cwnd
[2024-11-06T11:53:42.144288-0600]     1.9375 MB /   0.50 sec =   32.5113 Mbps     0 retrans   3149 KB-cwnd
[2024-11-06T11:53:42.644277-0600]     7.0000 MB /   0.50 sec =  117.4527 Mbps     0 retrans   3149 KB-cwnd
[2024-11-06T11:53:43.144231-0600]     8.6875 MB /   0.50 sec =  145.7401 Mbps     0 retrans   3149 KB-cwnd
[2024-11-06T11:53:43.645158-0600]    10.9375 MB /   0.50 sec =  183.4847 Mbps  4951 retrans   2757 KB-cwnd
[2024-11-06T11:53:44.144197-0600]    10.1250 MB /   0.50 sec =  169.8938 Mbps     0 retrans   2757 KB-cwnd
[2024-11-06T11:53:44.644287-0600]    12.0000 MB /   0.50 sec =  201.3129 Mbps     0 retrans   2757 KB-cwnd
[2024-11-06T11:53:45.144713-0600]     5.6875 MB /   0.50 sec =   95.3358 Mbps     0 retrans   2757 KB-cwnd
[2024-11-06T11:53:45.644317-0600]     4.6875 MB /   0.50 sec =   78.7110 Mbps     0 retrans   2757 KB-cwnd
[2024-11-06T11:53:46.144649-0600]     8.8750 MB /   0.50 sec =  148.7814 Mbps     0 retrans   2757 KB-cwnd
End time: 1730915626372
