Start time: 1731085791148
[2024-11-08T12:09:51.947418-0500] nuttcp-r: v8.1.4: socket
[2024-11-08T12:09:51.947922-0500] nuttcp-r: buflen=65536, nstream=1, port=5101 tcp
[2024-11-08T12:09:51.947957-0500] nuttcp-r: interval reporting every 0.50 seconds
[2024-11-08T12:09:51.947983-0500] nuttcp-r: connect to 54.197.223.49 with RTT=57.698 ms af=inet
[2024-11-08T12:09:51.948008-0500] nuttcp-r: send window size = 2097152, receive window size = 6291456
[2024-11-08T12:09:51.948031-0500] nuttcp-r: available send window = 1572864, available receive window = 4718592
[2024-11-08T12:09:51.948054-0500]     0.5000 MB /   0.50 sec =    8.3857 Mbps     0 retrans     13 KB-cwnd
[2024-11-08T12:09:52.447326-0500]     1.9375 MB /   0.50 sec =   32.5101 Mbps     0 retrans     13 KB-cwnd
[2024-11-08T12:09:52.947296-0500]    13.5625 MB /   0.50 sec =  227.5565 Mbps     0 retrans     13 KB-cwnd
[2024-11-08T12:09:53.447397-0500]    18.0625 MB /   0.50 sec =  303.0433 Mbps     0 retrans     13 KB-cwnd
[2024-11-08T12:09:53.947137-0500]    26.2500 MB /   0.50 sec =  440.4380 Mbps     0 retrans     13 KB-cwnd
[2024-11-08T12:09:54.447288-0500]    31.2500 MB /   0.50 sec =  524.2503 Mbps     0 retrans     13 KB-cwnd
[2024-11-08T12:09:54.947263-0500]    29.9375 MB /   0.50 sec =  502.2428 Mbps     0 retrans     13 KB-cwnd
[2024-11-08T12:09:55.447264-0500]    44.4375 MB /   0.50 sec =  745.5614 Mbps     0 retrans     26 KB-cwnd
[2024-11-08T12:09:55.947258-0500]    42.3750 MB /   0.50 sec =  710.9160 Mbps     0 retrans     26 KB-cwnd
[2024-11-08T12:09:56.447305-0500]    40.4375 MB /   0.50 sec =  678.3839 Mbps     0 retrans     30 KB-cwnd
[2024-11-08T12:09:56.947256-0500]    42.8750 MB /   0.50 sec =  719.4008 Mbps     0 retrans     43 KB-cwnd
[2024-11-08T12:09:57.447287-0500]    47.2500 MB /   0.50 sec =  792.6125 Mbps     0 retrans     73 KB-cwnd
[2024-11-08T12:09:57.947254-0500]    48.9375 MB /   0.50 sec =  821.1680 Mbps     0 retrans    115 KB-cwnd
[2024-11-08T12:09:58.447140-0500]    50.3750 MB /   0.50 sec =  845.1810 Mbps     0 retrans   9699 KB-cwnd
[2024-11-08T12:09:58.947183-0500]    45.8750 MB /   0.50 sec =  769.6455 Mbps     0 retrans   9699 KB-cwnd
[2024-11-08T12:09:59.447308-0500]    41.3125 MB /   0.50 sec =  693.0838 Mbps     0 retrans   9699 KB-cwnd
[2024-11-08T12:09:59.947433-0500]    46.1250 MB /   0.50 sec =  773.7686 Mbps     0 retrans   9567 KB-cwnd
[2024-11-08T12:10:00.447171-0500]    42.5625 MB /   0.50 sec =  714.1702 Mbps     0 retrans   9567 KB-cwnd
[2024-11-08T12:10:00.947265-0500]    50.1250 MB /   0.50 sec =  840.9596 Mbps     0 retrans   9183 KB-cwnd
[2024-11-08T12:10:01.447324-0500]    46.4375 MB /   0.50 sec =  778.9673 Mbps     0 retrans   9183 KB-cwnd
[2024-11-08T12:10:01.947315-0500]    41.7500 MB /   0.50 sec =  700.4278 Mbps    46 retrans   7895 KB-cwnd
[2024-11-08T12:10:02.447239-0500]    44.0000 MB /   0.50 sec =  738.3171 Mbps    46 retrans   9551 KB-cwnd
[2024-11-08T12:10:02.947256-0500]    37.8750 MB /   0.50 sec =  635.4358 Mbps     0 retrans   9551 KB-cwnd
[2024-11-08T12:10:03.447264-0500]    35.6250 MB /   0.50 sec =  597.6417 Mbps   231 retrans   9032 KB-cwnd
[2024-11-08T12:10:03.947297-0500]    15.6875 MB /   0.50 sec =  263.1878 Mbps     0 retrans   9032 KB-cwnd
[2024-11-08T12:10:04.447259-0500]    29.7500 MB /   0.50 sec =  499.1661 Mbps     0 retrans   9032 KB-cwnd
[2024-11-08T12:10:04.947244-0500]    27.7500 MB /   0.50 sec =  465.5687 Mbps     0 retrans  11561 KB-cwnd
[2024-11-08T12:10:05.447436-0500]    30.7500 MB /   0.50 sec =  515.9025 Mbps     0 retrans  11561 KB-cwnd
[2024-11-08T12:10:05.947224-0500]    35.1875 MB /   0.50 sec =  590.3589 Mbps     0 retrans  11561 KB-cwnd
[2024-11-08T12:10:06.447259-0500]    36.6250 MB /   0.50 sec =  614.4471 Mbps     0 retrans      5 KB-cwnd
[2024-11-08T12:10:06.947249-0500]    40.2500 MB /   0.50 sec =  675.2816 Mbps     0 retrans   7557 KB-cwnd
[2024-11-08T12:10:07.447260-0500]    41.8750 MB /   0.50 sec =  702.5431 Mbps     0 retrans   7557 KB-cwnd
[2024-11-08T12:10:07.947248-0500]    42.2500 MB /   0.50 sec =  708.8501 Mbps     0 retrans   9675 KB-cwnd
[2024-11-08T12:10:08.447129-0500]    36.9375 MB /   0.50 sec =  619.7568 Mbps     0 retrans   9675 KB-cwnd
[2024-11-08T12:10:08.947221-0500]    39.8125 MB /   0.50 sec =  667.9015 Mbps     0 retrans   6968 KB-cwnd
[2024-11-08T12:10:09.447259-0500]    36.6875 MB /   0.50 sec =  615.5227 Mbps     0 retrans   6968 KB-cwnd
[2024-11-08T12:10:09.947332-0500]    39.1250 MB /   0.50 sec =  656.2852 Mbps     0 retrans   6987 KB-cwnd
[2024-11-08T12:10:10.447277-0500]    37.6875 MB /   0.50 sec =  632.3242 Mbps     0 retrans   6987 KB-cwnd
[2024-11-08T12:10:10.947246-0500]    36.5000 MB /   0.50 sec =  612.4272 Mbps     0 retrans   6874 KB-cwnd
[2024-11-08T12:10:11.447296-0500]    35.8125 MB /   0.50 sec =  600.7932 Mbps     0 retrans   6874 KB-cwnd
[2024-11-08T12:10:11.947218-0500]    35.3125 MB /   0.50 sec =  592.4786 Mbps     0 retrans   6753 KB-cwnd
[2024-11-08T12:10:12.447285-0500]    40.2500 MB /   0.50 sec =  675.2586 Mbps     0 retrans   6753 KB-cwnd
[2024-11-08T12:10:12.947291-0500]    36.5000 MB /   0.50 sec =  612.3708 Mbps     0 retrans   6866 KB-cwnd
[2024-11-08T12:10:13.447242-0500]    37.1875 MB /   0.50 sec =  623.9214 Mbps     0 retrans   6866 KB-cwnd
[2024-11-08T12:10:13.947140-0500]    31.4375 MB /   0.50 sec =  527.4801 Mbps     0 retrans   6130 KB-cwnd
[2024-11-08T12:10:14.447200-0500]    33.5625 MB /   0.50 sec =  563.0391 Mbps     0 retrans   6130 KB-cwnd
[2024-11-08T12:10:14.947138-0500]    36.0625 MB /   0.50 sec =  605.0804 Mbps     0 retrans   7022 KB-cwnd
[2024-11-08T12:10:15.447432-0500]     9.2500 MB /   0.50 sec =  155.1334 Mbps     0 retrans   7022 KB-cwnd
[2024-11-08T12:10:15.947298-0500]    31.7500 MB /   0.50 sec =  532.7896 Mbps     0 retrans   7022 KB-cwnd
[2024-11-08T12:10:16.447257-0500]    31.7500 MB /   0.50 sec =  532.6979 Mbps     0 retrans   7436 KB-cwnd
[2024-11-08T12:10:16.947250-0500]    26.6875 MB /   0.50 sec =  447.7634 Mbps     0 retrans   7436 KB-cwnd
[2024-11-08T12:10:17.447413-0500]    32.9375 MB /   0.50 sec =  552.5741 Mbps     0 retrans   7436 KB-cwnd
[2024-11-08T12:10:17.947317-0500]    27.1250 MB /   0.50 sec =  455.0174 Mbps     0 retrans  10105 KB-cwnd
[2024-11-08T12:10:18.447274-0500]    34.0625 MB /   0.50 sec =  571.5597 Mbps     0 retrans      5 KB-cwnd
[2024-11-08T12:10:18.947243-0500]    30.0000 MB /   0.50 sec =  503.3306 Mbps     0 retrans   5936 KB-cwnd
[2024-11-08T12:10:19.447275-0500]    30.3125 MB /   0.50 sec =  508.5461 Mbps     0 retrans   5936 KB-cwnd
[2024-11-08T12:10:19.947283-0500]    35.8750 MB /   0.50 sec =  601.8923 Mbps     0 retrans   5624 KB-cwnd
[2024-11-08T12:10:20.447168-0500]    32.6250 MB /   0.50 sec =  547.3840 Mbps     0 retrans   5624 KB-cwnd
[2024-11-08T12:10:20.947419-0500]    34.9375 MB /   0.50 sec =  586.1364 Mbps   234 retrans   6769 KB-cwnd
[2024-11-08T12:10:21.447258-0500]    31.4375 MB /   0.50 sec =  527.4263 Mbps     0 retrans   6769 KB-cwnd
[2024-11-08T12:10:21.947234-0500]    24.6875 MB /   0.50 sec =  414.1809 Mbps     0 retrans   6769 KB-cwnd
[2024-11-08T12:10:22.447276-0500]    13.0625 MB /   0.50 sec =  219.1506 Mbps     0 retrans   6364 KB-cwnd
[2024-11-08T12:10:22.947274-0500]    32.8750 MB /   0.50 sec =  551.5631 Mbps     0 retrans   6364 KB-cwnd
[2024-11-08T12:10:23.447241-0500]    35.6250 MB /   0.50 sec =  597.7015 Mbps     0 retrans   6071 KB-cwnd
[2024-11-08T12:10:23.947108-0500]    40.5000 MB /   0.50 sec =  679.5316 Mbps     0 retrans   6071 KB-cwnd
[2024-11-08T12:10:24.447318-0500]    41.3750 MB /   0.50 sec =  694.0657 Mbps   132 retrans   8051 KB-cwnd
[2024-11-08T12:10:24.947129-0500]    46.8750 MB /   0.50 sec =  786.5264 Mbps     0 retrans   8084 KB-cwnd
[2024-11-08T12:10:25.447273-0500]    44.6250 MB /   0.50 sec =  748.6189 Mbps     0 retrans   6952 KB-cwnd
[2024-11-08T12:10:25.947253-0500]    44.2500 MB /   0.50 sec =  742.3903 Mbps     0 retrans   6952 KB-cwnd
[2024-11-08T12:10:26.447483-0500]    39.1250 MB /   0.50 sec =  656.3154 Mbps     0 retrans   7804 KB-cwnd
[2024-11-08T12:10:26.947336-0500]    35.0625 MB /   0.50 sec =  588.2347 Mbps     0 retrans   7804 KB-cwnd
[2024-11-08T12:10:27.447265-0500]    37.2500 MB /   0.50 sec =  625.0551 Mbps     0 retrans   8178 KB-cwnd
[2024-11-08T12:10:27.947229-0500]    32.7500 MB /   0.50 sec =  549.4505 Mbps     0 retrans   8178 KB-cwnd
[2024-11-08T12:10:28.447308-0500]    14.1875 MB /   0.50 sec =  238.0120 Mbps     0 retrans   9199 KB-cwnd
[2024-11-08T12:10:28.947260-0500]    37.8750 MB /   0.50 sec =  635.4815 Mbps     0 retrans   9199 KB-cwnd
[2024-11-08T12:10:29.447225-0500]    33.6875 MB /   0.50 sec =  565.1926 Mbps     0 retrans  10333 KB-cwnd
[2024-11-08T12:10:29.947208-0500]    35.3750 MB /   0.50 sec =  593.4940 Mbps     0 retrans  10333 KB-cwnd
[2024-11-08T12:10:30.447154-0500]    39.9375 MB /   0.50 sec =  670.0427 Mbps     0 retrans      5 KB-cwnd
[2024-11-08T12:10:30.947502-0500]    43.8125 MB /   0.50 sec =  734.6991 Mbps     0 retrans      5 KB-cwnd
[2024-11-08T12:10:31.447292-0500]    41.6250 MB /   0.50 sec =  698.6604 Mbps     0 retrans   7611 KB-cwnd
[2024-11-08T12:10:31.947270-0500]    35.5000 MB /   0.50 sec =  595.5745 Mbps     0 retrans   7611 KB-cwnd
[2024-11-08T12:10:32.447392-0500]    47.0625 MB /   0.50 sec =  789.3551 Mbps     0 retrans   8366 KB-cwnd
[2024-11-08T12:10:32.947275-0500]    51.1250 MB /   0.50 sec =  858.0080 Mbps     0 retrans   8336 KB-cwnd
[2024-11-08T12:10:33.447248-0500]    47.0000 MB /   0.50 sec =  788.5323 Mbps     0 retrans   8336 KB-cwnd
[2024-11-08T12:10:33.947132-0500]    40.4375 MB /   0.50 sec =  678.4884 Mbps     0 retrans  12488 KB-cwnd
[2024-11-08T12:10:34.447325-0500]    35.6250 MB /   0.50 sec =  597.5688 Mbps     0 retrans  12400 KB-cwnd
[2024-11-08T12:10:34.947250-0500]    28.9375 MB /   0.50 sec =  485.5402 Mbps     0 retrans   9030 KB-cwnd
[2024-11-08T12:10:35.447271-0500]    34.0625 MB /   0.50 sec =  571.4831 Mbps     0 retrans   9030 KB-cwnd
[2024-11-08T12:10:35.947140-0500]    27.2500 MB /   0.50 sec =  457.2029 Mbps     0 retrans   8836 KB-cwnd
[2024-11-08T12:10:36.447233-0500]    28.6875 MB /   0.50 sec =  481.2704 Mbps     0 retrans   8218 KB-cwnd
[2024-11-08T12:10:36.947297-0500]    26.8125 MB /   0.50 sec =  449.8364 Mbps     0 retrans   8218 KB-cwnd
[2024-11-08T12:10:37.447218-0500]    34.8125 MB /   0.50 sec =  584.0732 Mbps     0 retrans   6976 KB-cwnd
[2024-11-08T12:10:37.947159-0500]    41.7500 MB /   0.50 sec =  700.4810 Mbps     0 retrans   6976 KB-cwnd
[2024-11-08T12:10:38.447346-0500]    48.8125 MB /   0.50 sec =  818.7659 Mbps     0 retrans   6549 KB-cwnd
[2024-11-08T12:10:38.947318-0500]    50.8750 MB /   0.50 sec =  853.5579 Mbps     0 retrans   5923 KB-cwnd
[2024-11-08T12:10:39.447134-0500]    49.0000 MB /   0.50 sec =  822.2431 Mbps     0 retrans   5947 KB-cwnd
[2024-11-08T12:10:39.947428-0500]    51.3750 MB /   0.50 sec =  861.8450 Mbps     0 retrans   8925 KB-cwnd
[2024-11-08T12:10:40.447170-0500]    41.6875 MB /   0.50 sec =  699.4589 Mbps     0 retrans   9277 KB-cwnd
[2024-11-08T12:10:40.947255-0500]    36.0625 MB /   0.50 sec =  604.9981 Mbps     0 retrans   9277 KB-cwnd
[2024-11-08T12:10:41.447265-0500]    40.0000 MB /   0.50 sec =  671.0618 Mbps     0 retrans   9188 KB-cwnd
[2024-11-08T12:10:41.947237-0500]    39.2500 MB /   0.50 sec =  658.5334 Mbps     0 retrans   9188 KB-cwnd
[2024-11-08T12:10:42.447233-0500]    26.8750 MB /   0.50 sec =  450.8778 Mbps     0 retrans   9559 KB-cwnd
[2024-11-08T12:10:42.947240-0500]    37.6875 MB /   0.50 sec =  632.2837 Mbps     0 retrans   9559 KB-cwnd
[2024-11-08T12:10:43.447333-0500]    40.8125 MB /   0.50 sec =  684.6352 Mbps     0 retrans   8471 KB-cwnd
[2024-11-08T12:10:43.947120-0500]    46.9375 MB /   0.50 sec =  787.6649 Mbps     0 retrans   8471 KB-cwnd
[2024-11-08T12:10:44.447249-0500]    42.7500 MB /   0.50 sec =  717.1787 Mbps     0 retrans   7382 KB-cwnd
[2024-11-08T12:10:44.947222-0500]    46.3125 MB /   0.50 sec =  776.9870 Mbps     0 retrans   7649 KB-cwnd
[2024-11-08T12:10:45.447306-0500]    42.1250 MB /   0.50 sec =  706.6413 Mbps    93 retrans   8213 KB-cwnd
[2024-11-08T12:10:45.947139-0500]    37.3125 MB /   0.50 sec =  626.1314 Mbps     0 retrans   8336 KB-cwnd
[2024-11-08T12:10:46.447319-0500]    40.1250 MB /   0.50 sec =  673.0714 Mbps     0 retrans   8406 KB-cwnd
[2024-11-08T12:10:46.947254-0500]    39.8125 MB /   0.50 sec =  667.9830 Mbps   137 retrans   7366 KB-cwnd
[2024-11-08T12:10:47.447283-0500]    45.6250 MB /   0.50 sec =  765.4651 Mbps     0 retrans   7366 KB-cwnd
[2024-11-08T12:10:47.947225-0500]    48.2500 MB /   0.50 sec =  809.5185 Mbps   142 retrans   6869 KB-cwnd
[2024-11-08T12:10:48.447395-0500]    50.1875 MB /   0.50 sec =  842.0234 Mbps     0 retrans   6842 KB-cwnd
[2024-11-08T12:10:48.947308-0500]    48.3750 MB /   0.50 sec =  811.5670 Mbps     0 retrans   6842 KB-cwnd
[2024-11-08T12:10:49.447334-0500]    47.4375 MB /   0.50 sec =  795.8565 Mbps     0 retrans   8022 KB-cwnd
[2024-11-08T12:10:49.947252-0500]    48.1250 MB /   0.50 sec =  807.4294 Mbps     0 retrans   8022 KB-cwnd
[2024-11-08T12:10:50.447213-0500]    49.6250 MB /   0.50 sec =  832.5910 Mbps     0 retrans   7525 KB-cwnd
[2024-11-08T12:10:50.947239-0500]    51.2500 MB /   0.50 sec =  859.8014 Mbps   140 retrans   8471 KB-cwnd
[2024-11-08T12:10:51.447254-0500]    51.0625 MB /   0.50 sec =  856.7037 Mbps    94 retrans   8858 KB-cwnd
[2024-11-08T12:10:51.947290-0500]    45.1875 MB /   0.50 sec =  758.0841 Mbps     0 retrans   8858 KB-cwnd
[2024-11-08T12:10:52.447215-0500]    44.1250 MB /   0.50 sec =  740.3613 Mbps     0 retrans   8581 KB-cwnd
[2024-11-08T12:10:52.947228-0500]    23.3125 MB /   0.50 sec =  391.1095 Mbps     0 retrans   8581 KB-cwnd
[2024-11-08T12:10:53.447259-0500]    45.4375 MB /   0.50 sec =  762.2949 Mbps     0 retrans   8578 KB-cwnd
[2024-11-08T12:10:53.947261-0500]    46.2500 MB /   0.50 sec =  775.9633 Mbps     0 retrans   8578 KB-cwnd
[2024-11-08T12:10:54.447266-0500]    44.0000 MB /   0.50 sec =  738.1355 Mbps     0 retrans  12241 KB-cwnd
[2024-11-08T12:10:54.947294-0500]    39.9375 MB /   0.50 sec =  670.0588 Mbps     0 retrans  12241 KB-cwnd
[2024-11-08T12:10:55.447291-0500]    39.1875 MB /   0.50 sec =  657.4440 Mbps     0 retrans   7240 KB-cwnd
[2024-11-08T12:10:55.947315-0500]    40.4375 MB /   0.50 sec =  678.4762 Mbps     0 retrans   7240 KB-cwnd
[2024-11-08T12:10:56.447256-0500]    43.8125 MB /   0.50 sec =  735.0312 Mbps     0 retrans   7377 KB-cwnd
[2024-11-08T12:10:56.947135-0500]    43.9375 MB /   0.50 sec =  737.2212 Mbps     0 retrans   6452 KB-cwnd
[2024-11-08T12:10:57.447273-0500]    36.4375 MB /   0.50 sec =  611.2672 Mbps     0 retrans   6450 KB-cwnd
[2024-11-08T12:10:57.947270-0500]    33.6250 MB /   0.50 sec =  564.1282 Mbps     0 retrans   6960 KB-cwnd
[2024-11-08T12:10:58.447234-0500]    30.0625 MB /   0.50 sec =  504.3772 Mbps     0 retrans   6960 KB-cwnd
[2024-11-08T12:10:58.947304-0500]    31.3750 MB /   0.50 sec =  526.3473 Mbps     0 retrans   6740 KB-cwnd
[2024-11-08T12:10:59.447275-0500]    30.1875 MB /   0.50 sec =  506.4774 Mbps     0 retrans   7772 KB-cwnd
[2024-11-08T12:10:59.947365-0500]    33.5625 MB /   0.50 sec =  563.1168 Mbps     0 retrans   7772 KB-cwnd
[2024-11-08T12:11:00.447130-0500]    35.7500 MB /   0.50 sec =  599.8239 Mbps     0 retrans   7632 KB-cwnd
[2024-11-08T12:11:00.947264-0500]    33.8750 MB /   0.50 sec =  568.2736 Mbps     0 retrans   7632 KB-cwnd
[2024-11-08T12:11:01.447201-0500]     2.2500 MB /   0.50 sec =   37.7468 Mbps     0 retrans   7632 KB-cwnd
[2024-11-08T12:11:01.947481-0500]     0.0000 MB /   0.50 sec =    0.0000 Mbps     0 retrans   7632 KB-cwnd
[2024-11-08T12:11:02.447522-0500]     0.0000 MB /   0.50 sec =    0.0000 Mbps     0 retrans   7632 KB-cwnd
[2024-11-08T12:11:02.947210-0500]    31.2500 MB /   0.50 sec =  524.4327 Mbps     0 retrans   7602 KB-cwnd
[2024-11-08T12:11:03.447207-0500]    27.6250 MB /   0.50 sec =  463.4697 Mbps     0 retrans   7602 KB-cwnd
[2024-11-08T12:11:03.947301-0500]    33.8750 MB /   0.50 sec =  568.2861 Mbps     0 retrans   6162 KB-cwnd
[2024-11-08T12:11:04.447244-0500]    32.8750 MB /   0.50 sec =  551.5686 Mbps     0 retrans   6286 KB-cwnd
[2024-11-08T12:11:04.947212-0500]    35.5000 MB /   0.50 sec =  595.6531 Mbps     0 retrans   6286 KB-cwnd
[2024-11-08T12:11:05.447247-0500]    36.4375 MB /   0.50 sec =  611.2770 Mbps    13 retrans      5 KB-cwnd
[2024-11-08T12:11:05.947256-0500]    39.4375 MB /   0.50 sec =  661.6131 Mbps     0 retrans      5 KB-cwnd
[2024-11-08T12:11:06.447252-0500]    40.3750 MB /   0.50 sec =  677.4140 Mbps     0 retrans   5821 KB-cwnd
[2024-11-08T12:11:06.947170-0500]    36.6250 MB /   0.50 sec =  614.5012 Mbps     0 retrans   6724 KB-cwnd
[2024-11-08T12:11:07.447279-0500]    37.6875 MB /   0.50 sec =  632.2458 Mbps     0 retrans   6724 KB-cwnd
[2024-11-08T12:11:07.947255-0500]    36.8125 MB /   0.50 sec =  617.6261 Mbps     0 retrans   6579 KB-cwnd
[2024-11-08T12:11:08.447224-0500]    41.3750 MB /   0.50 sec =  694.1615 Mbps     0 retrans   6579 KB-cwnd
[2024-11-08T12:11:08.947243-0500]    44.1875 MB /   0.50 sec =  741.3462 Mbps     0 retrans   7541 KB-cwnd
[2024-11-08T12:11:09.447249-0500]    47.4375 MB /   0.50 sec =  795.8485 Mbps     0 retrans   6775 KB-cwnd
[2024-11-08T12:11:09.947216-0500]    46.3750 MB /   0.50 sec =  778.0527 Mbps     0 retrans   6216 KB-cwnd
[2024-11-08T12:11:10.447249-0500]    47.0625 MB /   0.50 sec =  789.5714 Mbps     0 retrans   6753 KB-cwnd
[2024-11-08T12:11:10.947261-0500]    47.8125 MB /   0.50 sec =  802.1622 Mbps     0 retrans   6777 KB-cwnd
[2024-11-08T12:11:11.447208-0500]    49.6250 MB /   0.50 sec =  832.5827 Mbps     0 retrans   7070 KB-cwnd
[2024-11-08T12:11:11.947211-0500]    52.0625 MB /   0.50 sec =  873.4621 Mbps     0 retrans   7224 KB-cwnd
[2024-11-08T12:11:12.447213-0500]    55.2500 MB /   0.50 sec =  926.9264 Mbps     0 retrans   7224 KB-cwnd
[2024-11-08T12:11:12.947416-0500]    56.7500 MB /   0.50 sec =  952.0708 Mbps     0 retrans   8019 KB-cwnd
[2024-11-08T12:11:13.447251-0500]    22.8750 MB /   0.50 sec =  383.7949 Mbps     0 retrans   8019 KB-cwnd
[2024-11-08T12:11:13.947296-0500]    41.8125 MB /   0.50 sec =  701.4889 Mbps     0 retrans   9543 KB-cwnd
[2024-11-08T12:11:14.447257-0500]    49.0000 MB /   0.50 sec =  822.0655 Mbps     0 retrans   9314 KB-cwnd
[2024-11-08T12:11:14.947161-0500]    44.0000 MB /   0.50 sec =  738.2699 Mbps     0 retrans   9314 KB-cwnd
[2024-11-08T12:11:15.447250-0500]    53.2500 MB /   0.50 sec =  893.3206 Mbps     0 retrans   6554 KB-cwnd
[2024-11-08T12:11:15.947261-0500]    51.8125 MB /   0.50 sec =  869.2886 Mbps     0 retrans   9390 KB-cwnd
[2024-11-08T12:11:16.447344-0500]    44.3750 MB /   0.50 sec =  744.3892 Mbps     0 retrans   9390 KB-cwnd
[2024-11-08T12:11:16.947262-0500]    39.1875 MB /   0.50 sec =  657.5400 Mbps     0 retrans   8250 KB-cwnd
[2024-11-08T12:11:17.447344-0500]    30.9375 MB /   0.50 sec =  518.9673 Mbps     0 retrans   8285 KB-cwnd
[2024-11-08T12:11:17.947320-0500]    30.7500 MB /   0.50 sec =  515.9303 Mbps     0 retrans   8285 KB-cwnd
[2024-11-08T12:11:18.447232-0500]    31.3125 MB /   0.50 sec =  525.3828 Mbps     0 retrans   7686 KB-cwnd
[2024-11-08T12:11:18.947244-0500]    28.7500 MB /   0.50 sec =  482.3421 Mbps     0 retrans   7686 KB-cwnd
[2024-11-08T12:11:19.447322-0500]    31.0000 MB /   0.50 sec =  520.0230 Mbps     0 retrans   7635 KB-cwnd
[2024-11-08T12:11:19.947229-0500]    34.1250 MB /   0.50 sec =  572.6072 Mbps     0 retrans   7637 KB-cwnd
[2024-11-08T12:11:20.447375-0500]    28.9375 MB /   0.50 sec =  485.4101 Mbps     0 retrans   6549 KB-cwnd
[2024-11-08T12:11:20.947474-0500]    31.3750 MB /   0.50 sec =  526.4188 Mbps     0 retrans   6549 KB-cwnd
[2024-11-08T12:11:21.447153-0500]    36.3750 MB /   0.50 sec =  610.3469 Mbps     0 retrans   5135 KB-cwnd
[2024-11-08T12:11:21.947377-0500]    40.8750 MB /   0.50 sec =  685.5959 Mbps     0 retrans   5135 KB-cwnd
[2024-11-08T12:11:22.447323-0500]    41.0000 MB /   0.50 sec =  687.9622 Mbps     0 retrans   6549 KB-cwnd
[2024-11-08T12:11:22.947145-0500]    44.6250 MB /   0.50 sec =  748.7881 Mbps     0 retrans   6549 KB-cwnd
[2024-11-08T12:11:23.447318-0500]    50.1875 MB /   0.50 sec =  841.8584 Mbps     0 retrans   6073 KB-cwnd
[2024-11-08T12:11:23.947238-0500]    24.1875 MB /   0.50 sec =  405.8419 Mbps     0 retrans   6073 KB-cwnd
[2024-11-08T12:11:24.447452-0500]    50.8125 MB /   0.50 sec =  852.5110 Mbps     0 retrans   7643 KB-cwnd
[2024-11-08T12:11:24.947539-0500]    49.6875 MB /   0.50 sec =  833.5229 Mbps     0 retrans   8481 KB-cwnd
[2024-11-08T12:11:25.447180-0500]    42.5000 MB /   0.50 sec =  713.1030 Mbps     0 retrans   8481 KB-cwnd
[2024-11-08T12:11:25.947309-0500]    53.8750 MB /   0.50 sec =  903.8346 Mbps   161 retrans   7745 KB-cwnd
[2024-11-08T12:11:26.447191-0500]    47.1875 MB /   0.50 sec =  791.7525 Mbps     0 retrans   8178 KB-cwnd
[2024-11-08T12:11:26.947137-0500]    42.1875 MB /   0.50 sec =  707.8030 Mbps     0 retrans   8081 KB-cwnd
[2024-11-08T12:11:27.447365-0500]    48.0625 MB /   0.50 sec =  806.1566 Mbps    94 retrans   7511 KB-cwnd
[2024-11-08T12:11:27.947513-0500]    49.9375 MB /   0.50 sec =  837.5710 Mbps     0 retrans   7382 KB-cwnd
[2024-11-08T12:11:28.447234-0500]    54.6250 MB /   0.50 sec =  916.8111 Mbps     0 retrans   7514 KB-cwnd
[2024-11-08T12:11:28.947271-0500]    55.1875 MB /   0.50 sec =  925.9426 Mbps     0 retrans   7361 KB-cwnd
[2024-11-08T12:11:29.447240-0500]    56.6250 MB /   0.50 sec =  950.0327 Mbps     0 retrans   8624 KB-cwnd
[2024-11-08T12:11:29.947152-0500]    58.8750 MB /   0.50 sec =  987.8238 Mbps     0 retrans   8621 KB-cwnd
[2024-11-08T12:11:30.447270-0500]    55.6250 MB /   0.50 sec =  933.1729 Mbps     0 retrans   8868 KB-cwnd
[2024-11-08T12:11:30.947231-0500]    56.6875 MB /   0.50 sec =  951.0508 Mbps     0 retrans   9793 KB-cwnd
[2024-11-08T12:11:31.447261-0500]    58.5000 MB /   0.50 sec =  981.4573 Mbps     0 retrans   9376 KB-cwnd
[2024-11-08T12:11:31.947249-0500]    53.7500 MB /   0.50 sec =  901.7898 Mbps     0 retrans   9379 KB-cwnd
[2024-11-08T12:11:32.447252-0500]    61.8750 MB /   0.50 sec = 1038.0902 Mbps     0 retrans   9486 KB-cwnd
[2024-11-08T12:11:32.947231-0500]    66.1250 MB /   0.50 sec = 1109.4001 Mbps     0 retrans   8949 KB-cwnd
[2024-11-08T12:11:33.447459-0500]    56.9375 MB /   0.50 sec =  955.1419 Mbps     0 retrans   8530 KB-cwnd
[2024-11-08T12:11:33.947273-0500]    30.8125 MB /   0.50 sec =  516.9852 Mbps     0 retrans   8530 KB-cwnd
[2024-11-08T12:11:34.447368-0500]    46.7500 MB /   0.50 sec =  784.3505 Mbps     0 retrans  11717 KB-cwnd
[2024-11-08T12:11:34.947394-0500]    49.0000 MB /   0.50 sec =  822.0885 Mbps     0 retrans  10526 KB-cwnd
[2024-11-08T12:11:35.447428-0500]    58.1250 MB /   0.50 sec =  975.1796 Mbps     0 retrans  14396 KB-cwnd
[2024-11-08T12:11:35.947238-0500]    59.6875 MB /   0.50 sec = 1001.4101 Mbps     0 retrans   9038 KB-cwnd
[2024-11-08T12:11:36.447250-0500]    52.8125 MB /   0.50 sec =  886.0449 Mbps     0 retrans   9277 KB-cwnd
[2024-11-08T12:11:36.947144-0500]    53.6875 MB /   0.50 sec =  900.7628 Mbps     0 retrans   9376 KB-cwnd
[2024-11-08T12:11:37.447232-0500]    46.3125 MB /   0.50 sec =  776.9668 Mbps     0 retrans  10096 KB-cwnd
[2024-11-08T12:11:37.947254-0500]    43.5000 MB /   0.50 sec =  729.7958 Mbps     0 retrans  13647 KB-cwnd
[2024-11-08T12:11:38.447247-0500]    50.7500 MB /   0.50 sec =  851.3875 Mbps     0 retrans  13647 KB-cwnd
[2024-11-08T12:11:38.947301-0500]    47.3125 MB /   0.50 sec =  793.7260 Mbps     0 retrans   9521 KB-cwnd
[2024-11-08T12:11:39.447316-0500]    51.6875 MB /   0.50 sec =  867.1724 Mbps     0 retrans   7914 KB-cwnd
[2024-11-08T12:11:39.947242-0500]    56.1875 MB /   0.50 sec =  942.7848 Mbps     0 retrans   7914 KB-cwnd
[2024-11-08T12:11:40.447219-0500]    52.6875 MB /   0.50 sec =  883.9761 Mbps     0 retrans   8887 KB-cwnd
[2024-11-08T12:11:40.947264-0500]    42.6875 MB /   0.50 sec =  716.1430 Mbps     0 retrans   8315 KB-cwnd
[2024-11-08T12:11:41.447277-0500]    36.7500 MB /   0.50 sec =  616.5590 Mbps     0 retrans   8640 KB-cwnd
[2024-11-08T12:11:41.947220-0500]    41.0000 MB /   0.50 sec =  687.8906 Mbps     0 retrans   8376 KB-cwnd
[2024-11-08T12:11:42.447192-0500]    46.0625 MB /   0.50 sec =  772.8160 Mbps     0 retrans   8376 KB-cwnd
[2024-11-08T12:11:42.947400-0500]    49.6875 MB /   0.50 sec =  833.6046 Mbps     0 retrans   8911 KB-cwnd
[2024-11-08T12:11:43.447278-0500]    49.2500 MB /   0.50 sec =  826.2382 Mbps     0 retrans   9758 KB-cwnd
[2024-11-08T12:11:43.947221-0500]    39.5000 MB /   0.50 sec =  662.7226 Mbps     0 retrans   9758 KB-cwnd
[2024-11-08T12:11:44.447260-0500]    16.6250 MB /   0.50 sec =  278.9151 Mbps     0 retrans   9758 KB-cwnd
[2024-11-08T12:11:44.947239-0500]    26.5000 MB /   0.50 sec =  444.6096 Mbps    46 retrans   3726 KB-cwnd
[2024-11-08T12:11:45.447327-0500]    28.1250 MB /   0.50 sec =  471.8564 Mbps     0 retrans   3726 KB-cwnd
[2024-11-08T12:11:45.947277-0500]    15.3750 MB /   0.50 sec =  257.9332 Mbps     0 retrans   3726 KB-cwnd
[2024-11-08T12:11:46.447186-0500]    23.0625 MB /   0.50 sec =  386.9524 Mbps     0 retrans   8172 KB-cwnd
[2024-11-08T12:11:46.947285-0500]    33.8125 MB /   0.50 sec =  567.2104 Mbps     0 retrans   8172 KB-cwnd
[2024-11-08T12:11:47.447271-0500]    20.1875 MB /   0.50 sec =  338.7192 Mbps     0 retrans   8172 KB-cwnd
[2024-11-08T12:11:47.947207-0500]    37.4375 MB /   0.50 sec =  628.1259 Mbps     0 retrans   7592 KB-cwnd
[2024-11-08T12:11:48.447261-0500]    37.8750 MB /   0.50 sec =  635.4078 Mbps     0 retrans   7654 KB-cwnd
[2024-11-08T12:11:48.947254-0500]    35.9375 MB /   0.50 sec =  602.9469 Mbps     0 retrans   5337 KB-cwnd
[2024-11-08T12:11:49.447173-0500]    36.3125 MB /   0.50 sec =  609.2251 Mbps     0 retrans   5458 KB-cwnd
[2024-11-08T12:11:49.947290-0500]    38.8750 MB /   0.50 sec =  652.1738 Mbps     0 retrans   8712 KB-cwnd
[2024-11-08T12:11:50.447311-0500]    48.5625 MB /   0.50 sec =  814.7126 Mbps     0 retrans   8970 KB-cwnd
[2024-11-08T12:11:50.947151-0500]    50.2500 MB /   0.50 sec =  843.1715 Mbps     0 retrans   8970 KB-cwnd
[2024-11-08T12:11:51.447447-0500]    53.0000 MB /   0.50 sec =  889.1569 Mbps     0 retrans   8097 KB-cwnd
[2024-11-08T12:11:51.947211-0500]    49.3750 MB /   0.50 sec =  828.3784 Mbps     0 retrans   8532 KB-cwnd
End time: 1731085912254
