Start time: 1730579710697
[2024-11-02T13:35:12.344967-0700] nuttcp-t: v8.1.4: socket
[2024-11-02T13:35:12.346123-0700] nuttcp-t: buflen=65536, nstream=1, port=5102 tcp -> 54.176.53.206
[2024-11-02T13:35:12.346268-0700] nuttcp-t: time limit = 120.00 seconds
[2024-11-02T13:35:12.346382-0700] nuttcp-t: connect to 54.176.53.206 with mss=1378, RTT=242.111 ms af=inet
[2024-11-02T13:35:12.346491-0700] nuttcp-t: send window size = 2097152, receive window size = 6291456
[2024-11-02T13:35:12.346592-0700] nuttcp-t: available send window = 1572864, available receive window = 4718592
[2024-11-02T13:35:12.346694-0700] nuttcp-t: initial congestion window = 13 KB (10 packets)
[2024-11-02T13:35:12.346792-0700] nuttcp-r: v6.1.2: socket
[2024-11-02T13:35:12.346890-0700] nuttcp-r: buflen=65536, nstream=1, port=5102 tcp
[2024-11-02T13:35:12.347101-0700] nuttcp-r: interval reporting every 0.50 seconds
[2024-11-02T13:35:12.347211-0700] nuttcp-r: accept from 107.115.44.161
[2024-11-02T13:35:12.347315-0700] nuttcp-r: send window size = 450000000, receive window size = 450000000
[2024-11-02T13:35:12.347413-0700] nuttcp-r: available send window = 225000000, available receive window = 225000000
[2024-11-02T13:35:12.347514-0700]     0.0625 MB /   0.50 sec =    1.0485 Mbps     0 retrans    422 KB-cwnd
[2024-11-02T13:35:12.734563-0700]     0.7500 MB /   0.50 sec =   12.5831 Mbps     0 retrans   1173 KB-cwnd
[2024-11-02T13:35:13.577673-0700]     0.9375 MB /   0.50 sec =   15.7289 Mbps     0 retrans   1945 KB-cwnd
[2024-11-02T13:35:14.655727-0700]     1.1250 MB /   0.50 sec =   18.8744 Mbps     0 retrans   1945 KB-cwnd
[2024-11-02T13:35:14.656180-0700]     1.1875 MB /   0.50 sec =   19.9221 Mbps     0 retrans   1945 KB-cwnd
[2024-11-02T13:35:14.656320-0700]     1.1250 MB /   0.50 sec =   18.8747 Mbps     0 retrans   1945 KB-cwnd
[2024-11-02T13:35:15.924109-0700]     1.1250 MB /   0.50 sec =   18.8745 Mbps     0 retrans   1945 KB-cwnd
[2024-11-02T13:35:15.924459-0700]     1.0000 MB /   0.50 sec =   16.7769 Mbps     0 retrans   1945 KB-cwnd
[2024-11-02T13:35:16.509644-0700]     1.2500 MB /   0.50 sec =   20.9718 Mbps     0 retrans   2185 KB-cwnd
[2024-11-02T13:35:17.098522-0700]     2.3750 MB /   0.50 sec =   39.8465 Mbps     0 retrans   2201 KB-cwnd
[2024-11-02T13:35:17.098748-0700]     2.2500 MB /   0.50 sec =   37.7482 Mbps     0 retrans   2201 KB-cwnd
[2024-11-02T13:35:17.849780-0700]     2.1250 MB /   0.50 sec =   35.6518 Mbps     0 retrans   3580 KB-cwnd
[2024-11-02T13:35:18.353760-0700]     2.3125 MB /   0.50 sec =   38.7975 Mbps     0 retrans   3859 KB-cwnd
[2024-11-02T13:35:18.987625-0700]     1.9375 MB /   0.50 sec =   32.5058 Mbps     0 retrans   3859 KB-cwnd
[2024-11-02T13:35:19.664636-0700]     2.1250 MB /   0.50 sec =   35.6515 Mbps     0 retrans   3859 KB-cwnd
[2024-11-02T13:35:19.665047-0700]     2.0625 MB /   0.50 sec =   34.6028 Mbps     0 retrans   3859 KB-cwnd
[2024-11-02T13:35:20.395216-0700]     1.8125 MB /   0.50 sec =   30.4089 Mbps     0 retrans   3859 KB-cwnd
[2024-11-02T13:35:21.073325-0700]     1.8125 MB /   0.50 sec =   30.4074 Mbps     0 retrans   3859 KB-cwnd
[2024-11-02T13:35:21.073892-0700]     2.0625 MB /   0.50 sec =   34.6043 Mbps     0 retrans   3859 KB-cwnd
[2024-11-02T13:35:21.628565-0700]     2.2500 MB /   0.50 sec =   37.7491 Mbps     0 retrans   3859 KB-cwnd
[2024-11-02T13:35:22.283278-0700]     2.1250 MB /   0.50 sec =   35.6512 Mbps     0 retrans   3859 KB-cwnd
[2024-11-02T13:35:23.169560-0700]     2.1875 MB /   0.50 sec =   36.7007 Mbps     0 retrans   3859 KB-cwnd
[2024-11-02T13:35:34.830453-0700]     1.5625 MB /   0.50 sec =   26.2135 Mbps   341 retrans   2474 KB-cwnd
[2024-11-02T13:35:34.831102-0700]     0.6250 MB /   0.50 sec =   10.4852 Mbps     0 retrans   2474 KB-cwnd
[2024-11-02T13:35:34.831422-0700]     0.0000 MB /   0.50 sec =    0.0000 Mbps     0 retrans   2474 KB-cwnd
[2024-11-02T13:35:34.831658-0700]     0.0000 MB /   0.50 sec =    0.0000 Mbps     0 retrans   2474 KB-cwnd
[2024-11-02T13:35:34.831867-0700]     0.0000 MB /   0.50 sec =    0.0000 Mbps     0 retrans   2474 KB-cwnd
[2024-11-02T13:35:34.832075-0700]     0.4375 MB /   0.50 sec =    7.3397 Mbps     0 retrans   2474 KB-cwnd
[2024-11-02T13:35:34.832396-0700]     0.0000 MB /   0.50 sec =    0.0000 Mbps     0 retrans   2474 KB-cwnd
[2024-11-02T13:35:34.832620-0700]     0.0000 MB /   0.50 sec =    0.0000 Mbps     0 retrans   2474 KB-cwnd
[2024-11-02T13:35:34.832810-0700]     0.0000 MB /   0.50 sec =    0.0000 Mbps     0 retrans   2474 KB-cwnd
[2024-11-02T13:35:34.832994-0700]     0.0000 MB /   0.50 sec =    0.0000 Mbps     0 retrans   2474 KB-cwnd
[2024-11-02T13:35:34.833188-0700]     0.4375 MB /   0.50 sec =    7.3395 Mbps     0 retrans   2474 KB-cwnd
[2024-11-02T13:35:34.833407-0700]     0.1875 MB /   0.50 sec =    3.1460 Mbps     0 retrans   2474 KB-cwnd
[2024-11-02T13:35:34.833667-0700]     0.4375 MB /   0.50 sec =    7.3394 Mbps     0 retrans   2474 KB-cwnd
[2024-11-02T13:35:34.833880-0700]     0.3125 MB /   0.50 sec =    5.2433 Mbps     0 retrans   2474 KB-cwnd
[2024-11-02T13:35:34.834073-0700]     0.2500 MB /   0.50 sec =    4.1942 Mbps     0 retrans   2474 KB-cwnd
[2024-11-02T13:35:34.834257-0700]     0.2500 MB /   0.50 sec =    4.1944 Mbps     0 retrans   2474 KB-cwnd
[2024-11-02T13:35:34.834440-0700]     0.3125 MB /   0.50 sec =    5.2427 Mbps     0 retrans   2474 KB-cwnd
[2024-11-02T13:35:34.834610-0700]     0.3125 MB /   0.50 sec =    5.2428 Mbps     0 retrans   2474 KB-cwnd
[2024-11-02T13:35:34.834790-0700]     0.3125 MB /   0.50 sec =    5.2427 Mbps     0 retrans   2474 KB-cwnd
[2024-11-02T13:35:34.835052-0700]     0.3750 MB /   0.50 sec =    6.2917 Mbps     0 retrans   2474 KB-cwnd
[2024-11-02T13:35:34.835275-0700]     0.3750 MB /   0.50 sec =    6.2914 Mbps     0 retrans   2474 KB-cwnd
[2024-11-02T13:35:34.835542-0700]     0.4375 MB /   0.50 sec =    7.3396 Mbps     0 retrans   2474 KB-cwnd
[2024-11-02T13:35:34.835746-0700]     0.5625 MB /   0.50 sec =    9.4039 Mbps     0 retrans   2474 KB-cwnd
[2024-11-02T13:35:34.835934-0700]     0.5625 MB /   0.50 sec =    9.4708 Mbps     0 retrans   2474 KB-cwnd
[2024-11-02T13:35:35.488479-0700]     0.5000 MB /   0.50 sec =    8.3888 Mbps     0 retrans   2474 KB-cwnd
[2024-11-02T13:35:36.051125-0700]     0.5625 MB /   0.50 sec =    9.4374 Mbps     0 retrans   2474 KB-cwnd
[2024-11-02T13:35:36.051274-0700]     0.6250 MB /   0.50 sec =   10.4857 Mbps     0 retrans   2474 KB-cwnd
[2024-11-02T13:35:36.609857-0700]     0.5625 MB /   0.50 sec =    9.4375 Mbps     0 retrans   2474 KB-cwnd
[2024-11-02T13:35:37.084714-0700]     0.5000 MB /   0.50 sec =    8.3887 Mbps     0 retrans   2474 KB-cwnd
[2024-11-02T13:35:38.327834-0700]     0.0625 MB /   0.50 sec =    1.0485 Mbps    20 retrans   1988 KB-cwnd
[2024-11-02T13:35:38.328242-0700]     1.4375 MB /   0.50 sec =   24.1184 Mbps     0 retrans   1988 KB-cwnd
[2024-11-02T13:35:39.001260-0700]     2.0000 MB /   0.50 sec =   33.5540 Mbps     0 retrans   1988 KB-cwnd
[2024-11-02T13:35:39.795389-0700]     1.9375 MB /   0.50 sec =   32.5055 Mbps     0 retrans   1988 KB-cwnd
[2024-11-02T13:35:39.795894-0700]     1.6875 MB /   0.50 sec =   28.3008 Mbps     0 retrans   1988 KB-cwnd
[2024-11-02T13:35:40.760440-0700]     1.4375 MB /   0.50 sec =   24.1270 Mbps     5 retrans   1274 KB-cwnd
[2024-11-02T13:35:40.761107-0700]     1.4375 MB /   0.50 sec =   24.1163 Mbps     0 retrans   1274 KB-cwnd
[2024-11-02T13:35:41.584386-0700]     1.7500 MB /   0.50 sec =   29.3602 Mbps     0 retrans   1295 KB-cwnd
[2024-11-02T13:35:41.584985-0700]     1.5625 MB /   0.50 sec =   26.2149 Mbps     0 retrans   1295 KB-cwnd
[2024-11-02T13:35:42.323214-0700]     1.6875 MB /   0.50 sec =   28.3119 Mbps     0 retrans   1295 KB-cwnd
[2024-11-02T13:35:42.927747-0700]     2.1250 MB /   0.50 sec =   35.6522 Mbps     0 retrans   1295 KB-cwnd
[2024-11-02T13:35:43.453670-0700]     2.1875 MB /   0.50 sec =   36.6988 Mbps     0 retrans   1295 KB-cwnd
[2024-11-02T13:35:43.968655-0700]     2.5625 MB /   0.50 sec =   42.9918 Mbps     0 retrans   1295 KB-cwnd
[2024-11-02T13:35:44.496266-0700]     2.6250 MB /   0.50 sec =   44.0407 Mbps     0 retrans   1295 KB-cwnd
[2024-11-02T13:35:45.044161-0700]     2.4375 MB /   0.50 sec =   40.8932 Mbps     0 retrans   1295 KB-cwnd
[2024-11-02T13:35:45.044764-0700]     2.4375 MB /   0.50 sec =   40.8944 Mbps     0 retrans   1295 KB-cwnd
[2024-11-02T13:35:45.558177-0700]     2.6250 MB /   0.50 sec =   44.0409 Mbps     0 retrans   1295 KB-cwnd
[2024-11-02T13:35:46.058262-0700]     2.5625 MB /   0.50 sec =   42.9909 Mbps     0 retrans   1295 KB-cwnd
[2024-11-02T13:35:46.581695-0700]     2.6875 MB /   0.50 sec =   45.0888 Mbps     0 retrans   1295 KB-cwnd
[2024-11-02T13:35:47.063327-0700]     2.6875 MB /   0.50 sec =   45.0914 Mbps     0 retrans   1295 KB-cwnd
[2024-11-02T13:35:47.596447-0700]     2.5625 MB /   0.50 sec =   42.9875 Mbps     0 retrans   1295 KB-cwnd
[2024-11-02T13:35:48.128203-0700]     2.5000 MB /   0.50 sec =   41.9461 Mbps     0 retrans   1295 KB-cwnd
[2024-11-02T13:35:48.576659-0700]     2.8750 MB /   0.50 sec =   48.2328 Mbps     0 retrans   1295 KB-cwnd
[2024-11-02T13:35:49.056464-0700]     2.7500 MB /   0.50 sec =   46.1387 Mbps     0 retrans   1295 KB-cwnd
[2024-11-02T13:35:49.624423-0700]     2.5000 MB /   0.50 sec =   41.9417 Mbps     0 retrans   1295 KB-cwnd
[2024-11-02T13:35:50.080416-0700]     2.7500 MB /   0.50 sec =   46.1379 Mbps     0 retrans   1295 KB-cwnd
[2024-11-02T13:35:50.636386-0700]     2.4375 MB /   0.50 sec =   40.8964 Mbps     0 retrans   1295 KB-cwnd
[2024-11-02T13:35:51.156945-0700]     2.4375 MB /   0.50 sec =   40.8927 Mbps     0 retrans   1295 KB-cwnd
[2024-11-02T13:35:51.701210-0700]     2.6250 MB /   0.50 sec =   44.0405 Mbps     0 retrans   1295 KB-cwnd
[2024-11-02T13:35:52.360099-0700]     1.9375 MB /   0.50 sec =   32.5055 Mbps     0 retrans   1295 KB-cwnd
[2024-11-02T13:35:52.949834-0700]     2.1875 MB /   0.50 sec =   36.7009 Mbps     0 retrans   1295 KB-cwnd
[2024-11-02T13:35:53.521235-0700]     2.2500 MB /   0.50 sec =   37.7482 Mbps     0 retrans   1295 KB-cwnd
[2024-11-02T13:35:54.123072-0700]     2.3750 MB /   0.50 sec =   39.8467 Mbps     0 retrans   1295 KB-cwnd
[2024-11-02T13:35:54.123287-0700]     2.1875 MB /   0.50 sec =   36.7001 Mbps     0 retrans   1295 KB-cwnd
[2024-11-02T13:35:54.698128-0700]     2.3125 MB /   0.50 sec =   38.7979 Mbps     0 retrans   1295 KB-cwnd
[2024-11-02T13:35:55.400080-0700]     2.1250 MB /   0.50 sec =   35.6517 Mbps     0 retrans   1295 KB-cwnd
[2024-11-02T13:35:55.959283-0700]     2.1875 MB /   0.50 sec =   36.6987 Mbps     0 retrans   1369 KB-cwnd
[2024-11-02T13:35:56.527597-0700]     2.1875 MB /   0.50 sec =   36.7013 Mbps     0 retrans   1369 KB-cwnd
[2024-11-02T13:35:57.025696-0700]     2.3750 MB /   0.50 sec =   39.8307 Mbps     0 retrans   1369 KB-cwnd
[2024-11-02T13:35:57.537353-0700]     2.5625 MB /   0.50 sec =   43.0080 Mbps     0 retrans   1369 KB-cwnd
[2024-11-02T13:35:57.981519-0700]     2.8125 MB /   0.50 sec =   47.1854 Mbps     0 retrans   1369 KB-cwnd
[2024-11-02T13:35:58.410347-0700]     2.8750 MB /   0.50 sec =   48.2338 Mbps     0 retrans   1369 KB-cwnd
[2024-11-02T13:35:58.900369-0700]     3.0000 MB /   0.50 sec =   50.3322 Mbps     0 retrans   1369 KB-cwnd
[2024-11-02T13:35:59.392412-0700]     2.6250 MB /   0.50 sec =   44.0408 Mbps     0 retrans   1369 KB-cwnd
[2024-11-02T13:35:59.806056-0700]     2.9375 MB /   0.50 sec =   49.2831 Mbps     0 retrans   1369 KB-cwnd
[2024-11-02T13:36:00.221654-0700]     3.1875 MB /   0.50 sec =   53.4776 Mbps     0 retrans   1369 KB-cwnd
[2024-11-02T13:36:00.640174-0700]     3.1875 MB /   0.50 sec =   53.4766 Mbps     0 retrans   1369 KB-cwnd
[2024-11-02T13:36:01.071869-0700]     3.0000 MB /   0.50 sec =   50.3292 Mbps     0 retrans   1369 KB-cwnd
[2024-11-02T13:36:01.951778-0700]     3.2500 MB /   0.50 sec =   54.5291 Mbps     0 retrans   1369 KB-cwnd
[2024-11-02T13:36:02.419759-0700]     2.8125 MB /   0.50 sec =   47.1862 Mbps     0 retrans   1369 KB-cwnd
[2024-11-02T13:36:02.894329-0700]     2.8750 MB /   0.50 sec =   48.2346 Mbps     0 retrans   1369 KB-cwnd
[2024-11-02T13:36:03.484491-0700]     2.7500 MB /   0.50 sec =   46.1372 Mbps     0 retrans   1369 KB-cwnd
[2024-11-02T13:36:04.162152-0700]     2.3750 MB /   0.50 sec =   39.8460 Mbps     0 retrans   1369 KB-cwnd
[2024-11-02T13:36:04.162676-0700]     1.7500 MB /   0.50 sec =   29.3600 Mbps     0 retrans   1369 KB-cwnd
[2024-11-02T13:36:04.820357-0700]     1.9375 MB /   0.50 sec =   32.5053 Mbps     0 retrans   1369 KB-cwnd
[2024-11-02T13:36:05.381199-0700]     2.0625 MB /   0.50 sec =   34.6007 Mbps     0 retrans   1369 KB-cwnd
[2024-11-02T13:36:05.788263-0700]     2.9375 MB /   0.50 sec =   49.2864 Mbps     0 retrans   1369 KB-cwnd
[2024-11-02T13:36:06.234466-0700]     2.9375 MB /   0.50 sec =   49.2838 Mbps     0 retrans   1369 KB-cwnd
[2024-11-02T13:36:06.748143-0700]     2.9375 MB /   0.50 sec =   49.2834 Mbps     0 retrans   1369 KB-cwnd
[2024-11-02T13:36:07.301197-0700]     2.3125 MB /   0.50 sec =   38.7972 Mbps     0 retrans   1369 KB-cwnd
[2024-11-02T13:36:07.747529-0700]     2.7500 MB /   0.50 sec =   46.1298 Mbps     0 retrans   1369 KB-cwnd
[2024-11-02T13:36:08.233492-0700]     2.7500 MB /   0.50 sec =   46.1442 Mbps     0 retrans   1369 KB-cwnd
[2024-11-02T13:36:08.731399-0700]     2.6875 MB /   0.50 sec =   45.0869 Mbps     0 retrans   1369 KB-cwnd
[2024-11-02T13:36:09.289767-0700]     2.5000 MB /   0.50 sec =   41.8739 Mbps     0 retrans   1369 KB-cwnd
[2024-11-02T13:36:09.830341-0700]     2.5000 MB /   0.50 sec =   42.0049 Mbps     0 retrans   1369 KB-cwnd
[2024-11-02T13:36:10.462427-0700]     2.3125 MB /   0.50 sec =   38.8047 Mbps     0 retrans   1369 KB-cwnd
[2024-11-02T13:36:11.050198-0700]     2.1250 MB /   0.50 sec =   35.6509 Mbps     0 retrans   1369 KB-cwnd
[2024-11-02T13:36:11.050743-0700]     2.1875 MB /   0.50 sec =   36.7006 Mbps     0 retrans   1369 KB-cwnd
[2024-11-02T13:36:11.605703-0700]     2.4375 MB /   0.50 sec =   40.8971 Mbps     0 retrans   1369 KB-cwnd
[2024-11-02T13:36:12.158535-0700]     2.3750 MB /   0.50 sec =   39.8457 Mbps     0 retrans   1369 KB-cwnd
[2024-11-02T13:36:12.777960-0700]     2.1875 MB /   0.50 sec =   36.6962 Mbps     2 retrans   1095 KB-cwnd
[2024-11-02T13:36:13.493532-0700]     2.1250 MB /   0.50 sec =   35.6508 Mbps     0 retrans   1126 KB-cwnd
[2024-11-02T13:36:14.161326-0700]     1.9375 MB /   0.50 sec =   32.5094 Mbps     0 retrans   1164 KB-cwnd
[2024-11-02T13:36:14.161481-0700]     2.0000 MB /   0.50 sec =   33.5547 Mbps     0 retrans   1164 KB-cwnd
[2024-11-02T13:36:14.848411-0700]     1.8750 MB /   0.50 sec =   31.4576 Mbps     0 retrans   1164 KB-cwnd
[2024-11-02T13:36:15.566509-0700]     2.0000 MB /   0.50 sec =   33.5541 Mbps     0 retrans   1164 KB-cwnd
[2024-11-02T13:36:15.567058-0700]     1.8125 MB /   0.50 sec =   30.4089 Mbps     0 retrans   1164 KB-cwnd
[2024-11-02T13:36:16.205598-0700]     2.0625 MB /   0.50 sec =   34.6022 Mbps     0 retrans   1164 KB-cwnd
[2024-11-02T13:36:16.794267-0700]     2.2500 MB /   0.50 sec =   37.7462 Mbps     0 retrans   1164 KB-cwnd
[2024-11-02T13:36:17.436364-0700]     2.2500 MB /   0.50 sec =   37.7516 Mbps     0 retrans   1178 KB-cwnd
[2024-11-02T13:36:18.005291-0700]     2.2500 MB /   0.50 sec =   37.7469 Mbps     0 retrans   1199 KB-cwnd
[2024-11-02T13:36:18.515972-0700]     2.3750 MB /   0.50 sec =   39.8449 Mbps     0 retrans   1199 KB-cwnd
[2024-11-02T13:36:19.044395-0700]     2.4375 MB /   0.50 sec =   40.8972 Mbps     0 retrans   1199 KB-cwnd
[2024-11-02T13:36:19.045005-0700]     2.5000 MB /   0.50 sec =   41.9427 Mbps     0 retrans   1199 KB-cwnd
[2024-11-02T13:36:19.545186-0700]     2.6250 MB /   0.50 sec =   44.0416 Mbps     0 retrans   1199 KB-cwnd
[2024-11-02T13:36:20.068187-0700]     2.6250 MB /   0.50 sec =   44.0393 Mbps     0 retrans   1199 KB-cwnd
[2024-11-02T13:36:21.029709-0700]     2.8125 MB /   0.50 sec =   47.1864 Mbps     0 retrans   1199 KB-cwnd
[2024-11-02T13:36:21.547642-0700]     2.6875 MB /   0.50 sec =   45.0891 Mbps     0 retrans   1212 KB-cwnd
[2024-11-02T13:36:22.062553-0700]     2.8750 MB /   0.50 sec =   48.2327 Mbps     0 retrans   1221 KB-cwnd
[2024-11-02T13:36:22.063114-0700]     2.3750 MB /   0.50 sec =   39.8464 Mbps     0 retrans   1221 KB-cwnd
[2024-11-02T13:36:22.562145-0700]     2.5000 MB /   0.50 sec =   41.9435 Mbps     0 retrans   1221 KB-cwnd
[2024-11-02T13:36:23.089492-0700]     2.5625 MB /   0.50 sec =   42.9899 Mbps     0 retrans   1221 KB-cwnd
[2024-11-02T13:36:23.704077-0700]     2.1875 MB /   0.50 sec =   36.7002 Mbps     0 retrans   1221 KB-cwnd
[2024-11-02T13:36:24.344326-0700]     2.1875 MB /   0.50 sec =   36.7017 Mbps     0 retrans   1221 KB-cwnd
[2024-11-02T13:36:25.238612-0700]     2.0000 MB /   0.50 sec =   33.5535 Mbps     0 retrans   1221 KB-cwnd
[2024-11-02T13:36:25.239230-0700]     1.5625 MB /   0.50 sec =   26.2155 Mbps     0 retrans   1221 KB-cwnd
[2024-11-02T13:36:26.060182-0700]     1.3750 MB /   0.50 sec =   23.0685 Mbps     0 retrans   1221 KB-cwnd
[2024-11-02T13:36:26.060743-0700]     1.7500 MB /   0.50 sec =   29.3598 Mbps     0 retrans   1221 KB-cwnd
[2024-11-02T13:36:26.802614-0700]     1.7500 MB /   0.50 sec =   29.3604 Mbps     0 retrans   1221 KB-cwnd
[2024-11-02T13:36:27.551956-0700]     1.6875 MB /   0.50 sec =   28.3103 Mbps     0 retrans   1221 KB-cwnd
[2024-11-02T13:36:27.552601-0700]     1.8125 MB /   0.50 sec =   30.4078 Mbps     0 retrans   1221 KB-cwnd
[2024-11-02T13:36:28.230219-0700]     2.0625 MB /   0.50 sec =   34.6058 Mbps     0 retrans   1221 KB-cwnd
[2024-11-02T13:36:29.034650-0700]     1.9375 MB /   0.50 sec =   32.5055 Mbps    17 retrans    976 KB-cwnd
[2024-11-02T13:36:29.036760-0700]     1.6875 MB /   0.50 sec =   28.3111 Mbps     0 retrans    978 KB-cwnd
[2024-11-02T13:36:29.744329-0700]     1.8750 MB /   0.50 sec =   31.4576 Mbps     0 retrans   1020 KB-cwnd
[2024-11-02T13:36:30.332353-0700]     2.1875 MB /   0.50 sec =   36.6980 Mbps     0 retrans   1020 KB-cwnd
[2024-11-02T13:36:30.939674-0700]     2.1250 MB /   0.50 sec =   35.6535 Mbps     0 retrans   1020 KB-cwnd
[2024-11-02T13:36:31.510234-0700]     2.3750 MB /   0.50 sec =   39.8456 Mbps     0 retrans   1020 KB-cwnd
[2024-11-02T13:36:32.140284-0700]     2.1875 MB /   0.50 sec =   36.6998 Mbps     0 retrans   1020 KB-cwnd
[2024-11-02T13:36:32.140751-0700]     2.1250 MB /   0.50 sec =   35.6523 Mbps     0 retrans   1020 KB-cwnd
[2024-11-02T13:36:32.781436-0700]     2.0625 MB /   0.50 sec =   34.6018 Mbps     0 retrans   1020 KB-cwnd
[2024-11-02T13:36:33.606381-0700]     2.0625 MB /   0.50 sec =   34.6034 Mbps     0 retrans   1020 KB-cwnd
[2024-11-02T13:36:34.240594-0700]     1.7500 MB /   0.50 sec =   29.3611 Mbps     0 retrans   1056 KB-cwnd
[2024-11-02T13:36:34.241111-0700]     1.9375 MB /   0.50 sec =   32.5062 Mbps     0 retrans   1056 KB-cwnd
[2024-11-02T13:36:34.949549-0700]     1.7500 MB /   0.50 sec =   29.3598 Mbps     0 retrans   1060 KB-cwnd
[2024-11-02T13:36:35.688407-0700]     1.8125 MB /   0.50 sec =   30.4092 Mbps     0 retrans   1060 KB-cwnd
[2024-11-02T13:36:35.689136-0700]     1.8125 MB /   0.50 sec =   30.4086 Mbps     0 retrans   1060 KB-cwnd
[2024-11-02T13:36:36.470155-0700]     1.8125 MB /   0.50 sec =   30.4066 Mbps     0 retrans   1060 KB-cwnd
[2024-11-02T13:36:37.161853-0700]     1.7500 MB /   0.50 sec =   29.3607 Mbps     0 retrans   1060 KB-cwnd
[2024-11-02T13:36:37.162222-0700]     1.9375 MB /   0.50 sec =   32.5068 Mbps     0 retrans   1060 KB-cwnd
[2024-11-02T13:36:37.854678-0700]     1.8750 MB /   0.50 sec =   31.4565 Mbps     0 retrans   1060 KB-cwnd
[2024-11-02T13:36:38.536005-0700]     1.9375 MB /   0.50 sec =   32.5066 Mbps     0 retrans   1060 KB-cwnd
[2024-11-02T13:36:38.536678-0700]     1.9375 MB /   0.50 sec =   32.5067 Mbps     0 retrans   1060 KB-cwnd
[2024-11-02T13:36:39.257939-0700]     1.8750 MB /   0.50 sec =   31.4563 Mbps     0 retrans   1060 KB-cwnd
[2024-11-02T13:36:40.769594-0700]     1.8750 MB /   0.50 sec =   31.4571 Mbps     0 retrans   1083 KB-cwnd
[2024-11-02T13:36:40.770197-0700]     1.5625 MB /   0.50 sec =   26.2152 Mbps     0 retrans   1083 KB-cwnd
[2024-11-02T13:36:42.191295-0700]     0.8125 MB /   0.50 sec =   13.6312 Mbps     0 retrans   1090 KB-cwnd
[2024-11-02T13:36:42.191694-0700]     0.6875 MB /   0.50 sec =   11.5341 Mbps     0 retrans   1090 KB-cwnd
[2024-11-02T13:36:42.191828-0700]     0.1250 MB /   0.50 sec =    2.0971 Mbps     0 retrans   1090 KB-cwnd
[2024-11-02T13:36:42.820285-0700]     1.0000 MB /   0.50 sec =   16.7772 Mbps     0 retrans   1091 KB-cwnd
[2024-11-02T13:36:42.820865-0700]     1.8750 MB /   0.50 sec =   31.4345 Mbps     0 retrans   1091 KB-cwnd
[2024-11-02T13:36:43.414597-0700]     1.9375 MB /   0.50 sec =   32.5310 Mbps     0 retrans   1091 KB-cwnd
[2024-11-02T13:36:44.016006-0700]     2.1875 MB /   0.50 sec =   36.6994 Mbps     0 retrans   1091 KB-cwnd
[2024-11-02T13:36:44.657254-0700]     2.2500 MB /   0.50 sec =   37.7493 Mbps     0 retrans   1091 KB-cwnd
[2024-11-02T13:36:44.657801-0700]     2.1250 MB /   0.50 sec =   35.6515 Mbps     0 retrans   1091 KB-cwnd
[2024-11-02T13:36:45.252135-0700]     2.1250 MB /   0.50 sec =   35.6502 Mbps     0 retrans   1091 KB-cwnd
[2024-11-02T13:36:45.815086-0700]     2.2500 MB /   0.50 sec =   37.7504 Mbps     0 retrans   1091 KB-cwnd
[2024-11-02T13:36:46.361195-0700]     2.6875 MB /   0.50 sec =   45.0875 Mbps     0 retrans   1091 KB-cwnd
[2024-11-02T13:36:46.844072-0700]     2.4375 MB /   0.50 sec =   40.8959 Mbps     0 retrans   1091 KB-cwnd
[2024-11-02T13:36:47.310227-0700]     2.8125 MB /   0.50 sec =   47.1827 Mbps     0 retrans   1091 KB-cwnd
[2024-11-02T13:36:47.842224-0700]     2.6875 MB /   0.50 sec =   45.0913 Mbps     0 retrans   1091 KB-cwnd
[2024-11-02T13:36:48.408902-0700]     2.3750 MB /   0.50 sec =   39.8464 Mbps     0 retrans   1091 KB-cwnd
[2024-11-02T13:36:48.902236-0700]     2.5000 MB /   0.50 sec =   41.9433 Mbps     0 retrans   1091 KB-cwnd
[2024-11-02T13:36:49.489756-0700]     2.5625 MB /   0.50 sec =   42.9912 Mbps     0 retrans   1091 KB-cwnd
[2024-11-02T13:36:49.990228-0700]     2.5000 MB /   0.50 sec =   41.9430 Mbps     0 retrans   1092 KB-cwnd
[2024-11-02T13:36:50.441252-0700]     2.7500 MB /   0.50 sec =   46.1291 Mbps     0 retrans   1092 KB-cwnd
[2024-11-02T13:36:50.911534-0700]     2.7500 MB /   0.50 sec =   46.1457 Mbps     0 retrans   1092 KB-cwnd
[2024-11-02T13:36:51.338332-0700]     3.0000 MB /   0.50 sec =   50.3307 Mbps     0 retrans   1092 KB-cwnd
[2024-11-02T13:36:51.802205-0700]     3.0000 MB /   0.50 sec =   50.3329 Mbps     0 retrans   1092 KB-cwnd
[2024-11-02T13:36:52.250170-0700]     2.8125 MB /   0.50 sec =   47.1860 Mbps     0 retrans   1092 KB-cwnd
[2024-11-02T13:36:52.679329-0700]     3.0625 MB /   0.50 sec =   51.3785 Mbps     0 retrans   1094 KB-cwnd
[2024-11-02T13:36:53.154580-0700]     3.1875 MB /   0.50 sec =   53.4775 Mbps     0 retrans   1094 KB-cwnd
[2024-11-02T13:36:53.920862-0700]     3.1250 MB /   0.50 sec =   52.4302 Mbps     0 retrans   1095 KB-cwnd
[2024-11-02T13:36:54.346480-0700]     3.3125 MB /   0.50 sec =   55.5724 Mbps     0 retrans   1095 KB-cwnd
[2024-11-02T13:36:54.771841-0700]     3.1250 MB /   0.50 sec =   52.4307 Mbps     0 retrans   1095 KB-cwnd
[2024-11-02T13:36:55.208236-0700]     3.2500 MB /   0.50 sec =   54.5257 Mbps     0 retrans   1095 KB-cwnd
[2024-11-02T13:36:55.646220-0700]     3.0625 MB /   0.50 sec =   51.3776 Mbps     0 retrans   1095 KB-cwnd
[2024-11-02T13:36:56.464087-0700]     3.3125 MB /   0.50 sec =   55.5761 Mbps     0 retrans   1096 KB-cwnd
[2024-11-02T13:36:56.933842-0700]     3.0625 MB /   0.50 sec =   51.3745 Mbps     0 retrans   1096 KB-cwnd
[2024-11-02T13:36:57.448278-0700]     2.9375 MB /   0.50 sec =   49.2885 Mbps     0 retrans   1096 KB-cwnd
[2024-11-02T13:36:57.828144-0700]     3.0000 MB /   0.50 sec =   50.3328 Mbps     0 retrans   1098 KB-cwnd
[2024-11-02T13:36:58.279877-0700]     2.9375 MB /   0.50 sec =   49.2833 Mbps     0 retrans   1098 KB-cwnd
[2024-11-02T13:36:58.737339-0700]     2.9375 MB /   0.50 sec =   49.2836 Mbps     0 retrans   1098 KB-cwnd
[2024-11-02T13:36:59.228516-0700]     2.7500 MB /   0.50 sec =   46.1370 Mbps     0 retrans   1098 KB-cwnd
[2024-11-02T13:36:59.743832-0700]     2.6250 MB /   0.50 sec =   44.0405 Mbps     0 retrans   1098 KB-cwnd
[2024-11-02T13:37:00.223628-0700]     2.7500 MB /   0.50 sec =   46.1370 Mbps     0 retrans   1098 KB-cwnd
[2024-11-02T13:37:00.690202-0700]     2.8125 MB /   0.50 sec =   47.1850 Mbps     0 retrans   1098 KB-cwnd
[2024-11-02T13:37:01.176127-0700]     2.8125 MB /   0.50 sec =   47.1876 Mbps     0 retrans   1098 KB-cwnd
[2024-11-02T13:37:01.644552-0700]     2.8125 MB /   0.50 sec =   47.1850 Mbps     0 retrans   1098 KB-cwnd
[2024-11-02T13:37:02.105524-0700]     2.8750 MB /   0.50 sec =   48.2345 Mbps     0 retrans   1098 KB-cwnd
[2024-11-02T13:37:02.649208-0700]     2.8125 MB /   0.50 sec =   47.1002 Mbps     0 retrans   1098 KB-cwnd
[2024-11-02T13:37:03.847910-0700]     2.6250 MB /   0.50 sec =   44.1209 Mbps     0 retrans   1099 KB-cwnd
[2024-11-02T13:37:04.624735-0700]     1.3125 MB /   0.50 sec =   22.0198 Mbps     0 retrans   1100 KB-cwnd
[2024-11-02T13:37:04.625350-0700]     0.6875 MB /   0.50 sec =   11.5342 Mbps     0 retrans   1100 KB-cwnd
[2024-11-02T13:37:04.625606-0700]     1.1250 MB /   0.50 sec =   18.8746 Mbps     0 retrans   1100 KB-cwnd
[2024-11-02T13:37:05.537563-0700]     2.8750 MB /   0.50 sec =   48.2344 Mbps     0 retrans   1102 KB-cwnd
[2024-11-02T13:37:06.005112-0700]     2.8125 MB /   0.50 sec =   47.1868 Mbps     0 retrans   1103 KB-cwnd
[2024-11-02T13:37:06.399525-0700]     2.9375 MB /   0.50 sec =   49.2797 Mbps     0 retrans   1103 KB-cwnd
[2024-11-02T13:37:06.840790-0700]     3.0625 MB /   0.50 sec =   51.3828 Mbps     0 retrans   1103 KB-cwnd
[2024-11-02T13:37:07.305825-0700]     2.9375 MB /   0.50 sec =   49.2739 Mbps     0 retrans   1103 KB-cwnd
[2024-11-02T13:37:07.734733-0700]     2.8125 MB /   0.50 sec =   47.1909 Mbps     0 retrans   1103 KB-cwnd
[2024-11-02T13:37:08.214789-0700]     3.0625 MB /   0.50 sec =   51.3820 Mbps     0 retrans   1103 KB-cwnd
[2024-11-02T13:37:08.700672-0700]     2.8125 MB /   0.50 sec =   47.1879 Mbps     0 retrans   1103 KB-cwnd
[2024-11-02T13:37:09.328199-0700]     2.4375 MB /   0.50 sec =   40.8909 Mbps     0 retrans   1107 KB-cwnd
[2024-11-02T13:37:09.950964-0700]     2.4375 MB /   0.50 sec =   40.8976 Mbps     0 retrans   1190 KB-cwnd
[2024-11-02T13:37:10.278582-0700]     2.5000 MB /   0.50 sec =   41.9444 Mbps     0 retrans   1267 KB-cwnd
[2024-11-02T13:37:10.696236-0700]     3.3750 MB /   0.50 sec =   56.6142 Mbps     0 retrans   1267 KB-cwnd
[2024-11-02T13:37:11.092200-0700]     3.2500 MB /   0.50 sec =   54.5332 Mbps     0 retrans   1267 KB-cwnd
[2024-11-02T13:37:11.532116-0700]     3.6875 MB /   0.50 sec =   61.8680 Mbps     0 retrans   1267 KB-cwnd
End time: 1730579831835
