Start time: 1731001230607
[2024-11-07T12:40:31.466337-0500] nuttcp-t: v8.1.4: socket
[2024-11-07T12:40:31.467142-0500] nuttcp-t: buflen=65536, nstream=1, port=5102 tcp -> 54.197.223.49
[2024-11-07T12:40:31.467199-0500] nuttcp-t: time limit = 120.00 seconds
[2024-11-07T12:40:31.467235-0500] nuttcp-t: connect to 54.197.223.49 with mss=1378, RTT=42.864 ms af=inet
[2024-11-07T12:40:31.467267-0500] nuttcp-t: send window size = 1048576, receive window size = 4194304
[2024-11-07T12:40:31.467297-0500] nuttcp-t: available send window = 786432, available receive window = 3145728
[2024-11-07T12:40:31.467329-0500] nuttcp-t: initial congestion window = 13 KB (10 packets)
[2024-11-07T12:40:31.467360-0500] nuttcp-r: v8.1.4: socket
[2024-11-07T12:40:31.467392-0500] nuttcp-r: buflen=65536, nstream=1, port=5102 tcp
[2024-11-07T12:40:31.467425-0500] nuttcp-r: interval reporting every 0.50 seconds
[2024-11-07T12:40:31.467457-0500] nuttcp-r: accept from 166.199.110.82 with af=inet
[2024-11-07T12:40:31.467487-0500] nuttcp-r: send window size = 450000000, receive window size = 450000000
[2024-11-07T12:40:31.467520-0500] nuttcp-r: available send window = 225000000, available receive window = 225000000
[2024-11-07T12:40:31.467566-0500]     1.8750 MB /   0.50 sec =   31.4566 Mbps     0 retrans   1696 KB-cwnd
[2024-11-07T12:40:31.936349-0500]     2.8125 MB /   0.50 sec =   47.1860 Mbps     1 retrans   2058 KB-cwnd
[2024-11-07T12:40:32.547402-0500]     2.8125 MB /   0.50 sec =   47.1550 Mbps     1 retrans   1667 KB-cwnd
[2024-11-07T12:40:32.963080-0500]     2.1875 MB /   0.50 sec =   36.7235 Mbps     3 retrans   1332 KB-cwnd
[2024-11-07T12:40:33.551270-0500]     4.0000 MB /   0.50 sec =   67.1106 Mbps     1 retrans   1064 KB-cwnd
[2024-11-07T12:40:34.038852-0500]     3.1875 MB /   0.50 sec =   53.4749 Mbps     0 retrans   1098 KB-cwnd
[2024-11-07T12:40:34.486258-0500]     2.1875 MB /   0.50 sec =   36.7013 Mbps     0 retrans   1098 KB-cwnd
[2024-11-07T12:40:35.033944-0500]     2.7500 MB /   0.50 sec =   46.1357 Mbps     1 retrans    905 KB-cwnd
[2024-11-07T12:40:35.501841-0500]     3.0000 MB /   0.50 sec =   50.3331 Mbps     0 retrans    905 KB-cwnd
[2024-11-07T12:40:36.013618-0500]     3.4375 MB /   0.50 sec =   57.6723 Mbps     0 retrans    905 KB-cwnd
[2024-11-07T12:40:36.505209-0500]     3.0000 MB /   0.50 sec =   50.3304 Mbps     2 retrans    592 KB-cwnd
[2024-11-07T12:40:37.108459-0500]     3.2500 MB /   0.50 sec =   54.5238 Mbps     2 retrans    427 KB-cwnd
[2024-11-07T12:40:37.547872-0500]     2.3750 MB /   0.50 sec =   39.8480 Mbps     1 retrans    387 KB-cwnd
[2024-11-07T12:40:38.068288-0500]     2.3125 MB /   0.50 sec =   38.7975 Mbps     1 retrans    340 KB-cwnd
[2024-11-07T12:40:38.554864-0500]     2.1875 MB /   0.50 sec =   36.6970 Mbps     0 retrans    345 KB-cwnd
[2024-11-07T12:40:39.058810-0500]     2.1875 MB /   0.50 sec =   36.7031 Mbps     0 retrans    351 KB-cwnd
[2024-11-07T12:40:39.629130-0500]     2.0625 MB /   0.50 sec =   34.6025 Mbps     1 retrans    329 KB-cwnd
[2024-11-07T12:40:39.966235-0500]     2.1875 MB /   0.50 sec =   36.6972 Mbps     1 retrans    336 KB-cwnd
[2024-11-07T12:40:40.540012-0500]     2.9375 MB /   0.50 sec =   49.2885 Mbps     0 retrans    345 KB-cwnd
[2024-11-07T12:40:41.038188-0500]     2.8750 MB /   0.50 sec =   48.2302 Mbps     2 retrans    262 KB-cwnd
[2024-11-07T12:40:41.521937-0500]     2.1875 MB /   0.50 sec =   36.7012 Mbps     0 retrans    271 KB-cwnd
[2024-11-07T12:40:42.037593-0500]     2.4375 MB /   0.50 sec =   40.8928 Mbps     1 retrans    456 KB-cwnd
[2024-11-07T12:40:42.494198-0500]     2.6250 MB /   0.50 sec =   44.0435 Mbps     1 retrans    456 KB-cwnd
[2024-11-07T12:40:42.977915-0500]     3.1875 MB /   0.50 sec =   53.4789 Mbps     1 retrans    430 KB-cwnd
[2024-11-07T12:40:43.457032-0500]     3.0000 MB /   0.50 sec =   50.3279 Mbps     0 retrans    438 KB-cwnd
[2024-11-07T12:40:43.953529-0500]     2.9375 MB /   0.50 sec =   49.2868 Mbps     2 retrans    434 KB-cwnd
[2024-11-07T12:40:44.533910-0500]     2.9375 MB /   0.50 sec =   49.2830 Mbps     1 retrans    387 KB-cwnd
[2024-11-07T12:40:44.958260-0500]     3.2500 MB /   0.50 sec =   54.4835 Mbps     0 retrans    396 KB-cwnd
[2024-11-07T12:40:45.447795-0500]     2.8750 MB /   0.50 sec =   48.2719 Mbps     3 retrans    314 KB-cwnd
[2024-11-07T12:40:46.043914-0500]     3.3125 MB /   0.50 sec =   55.5722 Mbps     1 retrans    279 KB-cwnd
[2024-11-07T12:40:46.519017-0500]     3.0625 MB /   0.50 sec =   51.3822 Mbps     0 retrans    348 KB-cwnd
[2024-11-07T12:40:47.027684-0500]     2.8750 MB /   0.50 sec =   48.2337 Mbps     0 retrans    372 KB-cwnd
[2024-11-07T12:40:47.508050-0500]     2.1875 MB /   0.50 sec =   36.7004 Mbps     1 retrans    543 KB-cwnd
[2024-11-07T12:40:47.950087-0500]     2.6250 MB /   0.50 sec =   44.0415 Mbps     1 retrans    480 KB-cwnd
[2024-11-07T12:40:48.556411-0500]     2.3750 MB /   0.50 sec =   39.8450 Mbps     0 retrans    487 KB-cwnd
[2024-11-07T12:40:48.988109-0500]     2.2500 MB /   0.50 sec =   37.7482 Mbps     0 retrans    492 KB-cwnd
[2024-11-07T12:40:49.467382-0500]     2.5000 MB /   0.50 sec =   41.9417 Mbps     0 retrans    686 KB-cwnd
[2024-11-07T12:40:49.988677-0500]     2.3750 MB /   0.50 sec =   39.8455 Mbps     2 retrans    495 KB-cwnd
[2024-11-07T12:40:50.533023-0500]     3.1875 MB /   0.50 sec =   53.4476 Mbps     1 retrans    441 KB-cwnd
[2024-11-07T12:40:50.964009-0500]     3.4375 MB /   0.50 sec =   57.7073 Mbps     1 retrans    433 KB-cwnd
[2024-11-07T12:40:51.540812-0500]     3.1250 MB /   0.50 sec =   52.4293 Mbps     1 retrans    390 KB-cwnd
[2024-11-07T12:40:52.013829-0500]     2.9375 MB /   0.50 sec =   49.2821 Mbps     1 retrans    363 KB-cwnd
[2024-11-07T12:40:52.474611-0500]     3.1250 MB /   0.50 sec =   52.4295 Mbps     1 retrans    328 KB-cwnd
[2024-11-07T12:40:52.946850-0500]     3.0000 MB /   0.50 sec =   50.3311 Mbps     0 retrans    440 KB-cwnd
[2024-11-07T12:40:53.507687-0500]     3.2500 MB /   0.50 sec =   54.5266 Mbps     1 retrans    792 KB-cwnd
[2024-11-07T12:40:53.965097-0500]     3.0000 MB /   0.50 sec =   50.3308 Mbps     0 retrans    850 KB-cwnd
[2024-11-07T12:40:54.545079-0500]     3.0625 MB /   0.50 sec =   51.3806 Mbps     0 retrans    850 KB-cwnd
[2024-11-07T12:40:55.008610-0500]     3.0000 MB /   0.50 sec =   50.3316 Mbps     0 retrans    850 KB-cwnd
[2024-11-07T12:40:55.467804-0500]     3.1250 MB /   0.50 sec =   52.4284 Mbps     0 retrans    851 KB-cwnd
[2024-11-07T12:40:56.011749-0500]     3.0625 MB /   0.50 sec =   51.3800 Mbps     0 retrans    851 KB-cwnd
[2024-11-07T12:40:56.594355-0500]     3.0000 MB /   0.50 sec =   50.3321 Mbps     1 retrans    683 KB-cwnd
[2024-11-07T12:40:56.947837-0500]     3.0625 MB /   0.50 sec =   51.3794 Mbps     0 retrans    757 KB-cwnd
[2024-11-07T12:40:57.513716-0500]     2.5625 MB /   0.50 sec =   42.9924 Mbps     0 retrans    760 KB-cwnd
[2024-11-07T12:40:57.973792-0500]     2.0625 MB /   0.50 sec =   34.6012 Mbps     2 retrans    609 KB-cwnd
[2024-11-07T12:40:58.494556-0500]     2.4375 MB /   0.50 sec =   40.8962 Mbps     1 retrans    540 KB-cwnd
[2024-11-07T12:40:59.065713-0500]     2.6250 MB /   0.50 sec =   44.0271 Mbps     1 retrans    489 KB-cwnd
[2024-11-07T12:40:59.516123-0500]     2.4375 MB /   0.50 sec =   40.8963 Mbps     0 retrans    532 KB-cwnd
[2024-11-07T12:40:59.947487-0500]     2.4375 MB /   0.50 sec =   40.8791 Mbps     0 retrans    536 KB-cwnd
[2024-11-07T12:41:00.514702-0500]     3.1250 MB /   0.50 sec =   52.4606 Mbps     1 retrans    531 KB-cwnd
[2024-11-07T12:41:00.967977-0500]     3.1250 MB /   0.50 sec =   52.4301 Mbps     1 retrans    472 KB-cwnd
[2024-11-07T12:41:01.532930-0500]     3.1875 MB /   0.50 sec =   53.4616 Mbps     2 retrans    361 KB-cwnd
[2024-11-07T12:41:01.939209-0500]     2.9375 MB /   0.50 sec =   49.2977 Mbps     3 retrans    226 KB-cwnd
[2024-11-07T12:41:02.440939-0500]     2.1250 MB /   0.50 sec =   35.6516 Mbps     1 retrans    208 KB-cwnd
[2024-11-07T12:41:02.942977-0500]     2.1250 MB /   0.50 sec =   35.6515 Mbps     0 retrans    219 KB-cwnd
[2024-11-07T12:41:03.473761-0500]     2.1250 MB /   0.50 sec =   35.6508 Mbps     1 retrans    448 KB-cwnd
[2024-11-07T12:41:04.030790-0500]     3.3750 MB /   0.50 sec =   56.6245 Mbps     0 retrans    555 KB-cwnd
[2024-11-07T12:41:04.442835-0500]     3.4375 MB /   0.50 sec =   57.6731 Mbps     1 retrans    492 KB-cwnd
[2024-11-07T12:41:05.010260-0500]     3.1875 MB /   0.50 sec =   53.4765 Mbps     0 retrans    500 KB-cwnd
[2024-11-07T12:41:05.442071-0500]     2.9375 MB /   0.50 sec =   49.2833 Mbps     1 retrans    483 KB-cwnd
[2024-11-07T12:41:06.009076-0500]     2.5625 MB /   0.50 sec =   42.9884 Mbps     1 retrans    396 KB-cwnd
[2024-11-07T12:41:06.506202-0500]     2.6875 MB /   0.50 sec =   45.0916 Mbps     1 retrans    384 KB-cwnd
[2024-11-07T12:41:07.068105-0500]     2.6250 MB /   0.50 sec =   44.0387 Mbps     0 retrans    392 KB-cwnd
[2024-11-07T12:41:07.512456-0500]     2.3750 MB /   0.50 sec =   39.7794 Mbps     0 retrans    429 KB-cwnd
[2024-11-07T12:41:07.954179-0500]     2.3750 MB /   0.50 sec =   39.9122 Mbps     1 retrans    578 KB-cwnd
[2024-11-07T12:41:08.547065-0500]     2.5000 MB /   0.50 sec =   41.9144 Mbps     0 retrans    600 KB-cwnd
[2024-11-07T12:41:09.039171-0500]     2.5625 MB /   0.50 sec =   43.0233 Mbps     1 retrans    483 KB-cwnd
[2024-11-07T12:41:09.481525-0500]     2.4375 MB /   0.50 sec =   40.8945 Mbps     0 retrans    534 KB-cwnd
[2024-11-07T12:41:09.984018-0500]     2.6875 MB /   0.50 sec =   45.0895 Mbps     0 retrans    540 KB-cwnd
[2024-11-07T12:41:10.483826-0500]     3.1250 MB /   0.50 sec =   52.4278 Mbps     1 retrans    522 KB-cwnd
[2024-11-07T12:41:11.016494-0500]     3.3750 MB /   0.50 sec =   56.6223 Mbps     2 retrans    370 KB-cwnd
[2024-11-07T12:41:11.511913-0500]     3.5000 MB /   0.50 sec =   58.7218 Mbps     0 retrans    396 KB-cwnd
[2024-11-07T12:41:12.034415-0500]     3.3125 MB /   0.50 sec =   55.5743 Mbps     0 retrans    569 KB-cwnd
[2024-11-07T12:41:12.465053-0500]     3.4375 MB /   0.50 sec =   57.6714 Mbps     1 retrans    610 KB-cwnd
[2024-11-07T12:41:12.977231-0500]     3.5000 MB /   0.50 sec =   58.7198 Mbps     0 retrans    617 KB-cwnd
[2024-11-07T12:41:13.548977-0500]     3.1250 MB /   0.50 sec =   52.4286 Mbps     1 retrans    547 KB-cwnd
[2024-11-07T12:41:13.936688-0500]     2.8125 MB /   0.50 sec =   47.1856 Mbps     0 retrans    551 KB-cwnd
[2024-11-07T12:41:14.513993-0500]     2.6250 MB /   0.50 sec =   44.0410 Mbps     1 retrans    488 KB-cwnd
[2024-11-07T12:41:14.963460-0500]     2.4375 MB /   0.50 sec =   40.8945 Mbps     1 retrans    427 KB-cwnd
[2024-11-07T12:41:15.566962-0500]     2.6250 MB /   0.50 sec =   44.0331 Mbps     1 retrans    384 KB-cwnd
[2024-11-07T12:41:15.970196-0500]     2.6875 MB /   0.50 sec =   45.0949 Mbps     1 retrans    345 KB-cwnd
[2024-11-07T12:41:16.443273-0500]     2.6250 MB /   0.50 sec =   44.0342 Mbps     1 retrans    333 KB-cwnd
[2024-11-07T12:41:17.027313-0500]     2.5000 MB /   0.50 sec =   41.9496 Mbps     0 retrans    343 KB-cwnd
[2024-11-07T12:41:17.628162-0500]     1.8750 MB /   0.50 sec =   31.4549 Mbps     0 retrans    596 KB-cwnd
[2024-11-07T12:41:17.948160-0500]     2.1875 MB /   0.50 sec =   36.7034 Mbps     0 retrans    785 KB-cwnd
[2024-11-07T12:41:18.546657-0500]     2.5000 MB /   0.50 sec =   41.9429 Mbps     1 retrans    788 KB-cwnd
[2024-11-07T12:41:18.961105-0500]     2.5625 MB /   0.50 sec =   42.9902 Mbps     0 retrans    845 KB-cwnd
[2024-11-07T12:41:19.537763-0500]     2.5000 MB /   0.50 sec =   41.9430 Mbps     0 retrans    845 KB-cwnd
[2024-11-07T12:41:20.037144-0500]     2.3750 MB /   0.50 sec =   39.8468 Mbps     1 retrans    750 KB-cwnd
[2024-11-07T12:41:20.489918-0500]     3.1875 MB /   0.50 sec =   53.4781 Mbps     0 retrans    754 KB-cwnd
[2024-11-07T12:41:20.957174-0500]     2.9375 MB /   0.50 sec =   49.2834 Mbps     0 retrans    758 KB-cwnd
[2024-11-07T12:41:21.522710-0500]     3.1875 MB /   0.50 sec =   53.4776 Mbps     0 retrans    764 KB-cwnd
[2024-11-07T12:41:21.979324-0500]     3.0625 MB /   0.50 sec =   51.3773 Mbps     0 retrans    924 KB-cwnd
[2024-11-07T12:41:22.484233-0500]     2.6250 MB /   0.50 sec =   44.0414 Mbps     1 retrans    740 KB-cwnd
[2024-11-07T12:41:23.081862-0500]     3.3125 MB /   0.50 sec =   55.5754 Mbps     1 retrans    728 KB-cwnd
[2024-11-07T12:41:23.538834-0500]     2.9375 MB /   0.50 sec =   49.2836 Mbps     0 retrans    807 KB-cwnd
[2024-11-07T12:41:24.037592-0500]     2.7500 MB /   0.50 sec =   46.1362 Mbps     0 retrans    808 KB-cwnd
[2024-11-07T12:41:24.485630-0500]     2.5000 MB /   0.50 sec =   41.9407 Mbps     1 retrans    645 KB-cwnd
[2024-11-07T12:41:24.981823-0500]     3.0000 MB /   0.50 sec =   50.3091 Mbps     0 retrans    718 KB-cwnd
[2024-11-07T12:41:25.535628-0500]     2.9375 MB /   0.50 sec =   49.3078 Mbps     1 retrans    581 KB-cwnd
[2024-11-07T12:41:25.996741-0500]     2.7500 MB /   0.50 sec =   46.1367 Mbps     1 retrans    526 KB-cwnd
[2024-11-07T12:41:26.483900-0500]     3.1875 MB /   0.50 sec =   53.4786 Mbps     0 retrans    571 KB-cwnd
[2024-11-07T12:41:26.994887-0500]     2.8125 MB /   0.50 sec =   47.1827 Mbps     0 retrans    577 KB-cwnd
[2024-11-07T12:41:27.469652-0500]     2.1250 MB /   0.50 sec =   35.6532 Mbps     0 retrans    581 KB-cwnd
[2024-11-07T12:41:27.959774-0500]     2.1250 MB /   0.50 sec =   35.6517 Mbps     1 retrans    555 KB-cwnd
[2024-11-07T12:41:28.627973-0500]     2.3125 MB /   0.50 sec =   38.7979 Mbps     0 retrans    577 KB-cwnd
[2024-11-07T12:41:29.026801-0500]     2.0625 MB /   0.50 sec =   34.6025 Mbps     1 retrans    507 KB-cwnd
[2024-11-07T12:41:29.439887-0500]     1.7500 MB /   0.50 sec =   29.3606 Mbps     1 retrans    410 KB-cwnd
[2024-11-07T12:41:30.033031-0500]     2.8125 MB /   0.50 sec =   47.1869 Mbps     0 retrans    454 KB-cwnd
[2024-11-07T12:41:30.546858-0500]     2.8125 MB /   0.50 sec =   47.1851 Mbps     1 retrans    405 KB-cwnd
[2024-11-07T12:41:31.043807-0500]     2.7500 MB /   0.50 sec =   46.1374 Mbps     0 retrans    411 KB-cwnd
[2024-11-07T12:41:31.511573-0500]     3.0625 MB /   0.50 sec =   51.3802 Mbps     0 retrans    684 KB-cwnd
[2024-11-07T12:41:31.976944-0500]     3.0000 MB /   0.50 sec =   50.3302 Mbps     0 retrans    913 KB-cwnd
[2024-11-07T12:41:32.470842-0500]     3.0000 MB /   0.50 sec =   50.2999 Mbps     1 retrans    886 KB-cwnd
[2024-11-07T12:41:32.958708-0500]     3.0625 MB /   0.50 sec =   51.4117 Mbps     2 retrans    767 KB-cwnd
[2024-11-07T12:41:33.558294-0500]     3.1250 MB /   0.50 sec =   52.4323 Mbps     1 retrans    632 KB-cwnd
[2024-11-07T12:41:34.032991-0500]     3.0625 MB /   0.50 sec =   51.3422 Mbps     1 retrans    613 KB-cwnd
[2024-11-07T12:41:34.484113-0500]     3.1250 MB /   0.50 sec =   52.4668 Mbps     0 retrans    625 KB-cwnd
[2024-11-07T12:41:34.944042-0500]     3.1250 MB /   0.50 sec =   52.4268 Mbps     0 retrans    631 KB-cwnd
[2024-11-07T12:41:35.537767-0500]     3.0000 MB /   0.50 sec =   50.3337 Mbps     0 retrans    666 KB-cwnd
[2024-11-07T12:41:36.007117-0500]     3.0000 MB /   0.50 sec =   50.3313 Mbps     0 retrans    878 KB-cwnd
[2024-11-07T12:41:36.485726-0500]     3.0000 MB /   0.50 sec =   50.2186 Mbps     0 retrans    878 KB-cwnd
[2024-11-07T12:41:36.995565-0500]     2.9375 MB /   0.50 sec =   49.3945 Mbps     0 retrans    878 KB-cwnd
[2024-11-07T12:41:37.665830-0500]     2.3750 MB /   0.50 sec =   39.8455 Mbps     3 retrans    636 KB-cwnd
[2024-11-07T12:41:37.993456-0500]     2.1875 MB /   0.50 sec =   36.7006 Mbps     0 retrans    691 KB-cwnd
[2024-11-07T12:41:38.467833-0500]     2.3125 MB /   0.50 sec =   38.7965 Mbps     1 retrans    578 KB-cwnd
[2024-11-07T12:41:39.030667-0500]     2.3125 MB /   0.50 sec =   38.7979 Mbps     1 retrans    539 KB-cwnd
[2024-11-07T12:41:39.473510-0500]     2.2500 MB /   0.50 sec =   37.7496 Mbps     0 retrans    546 KB-cwnd
[2024-11-07T12:41:39.938055-0500]     2.3750 MB /   0.50 sec =   39.8449 Mbps     0 retrans    551 KB-cwnd
[2024-11-07T12:41:40.489545-0500]     3.0625 MB /   0.50 sec =   51.3799 Mbps     0 retrans    662 KB-cwnd
[2024-11-07T12:41:40.964095-0500]     3.1875 MB /   0.50 sec =   53.4767 Mbps     1 retrans    683 KB-cwnd
[2024-11-07T12:41:41.503988-0500]     3.2500 MB /   0.50 sec =   54.5276 Mbps     0 retrans    690 KB-cwnd
[2024-11-07T12:41:41.962847-0500]     3.1250 MB /   0.50 sec =   52.4206 Mbps     0 retrans    697 KB-cwnd
[2024-11-07T12:41:42.441143-0500]     3.0625 MB /   0.50 sec =   51.3878 Mbps     1 retrans    687 KB-cwnd
[2024-11-07T12:41:43.101936-0500]     3.1250 MB /   0.50 sec =   52.4206 Mbps     1 retrans    558 KB-cwnd
[2024-11-07T12:41:43.513045-0500]     3.0000 MB /   0.50 sec =   50.3402 Mbps     2 retrans    427 KB-cwnd
[2024-11-07T12:41:44.005025-0500]     3.1250 MB /   0.50 sec =   52.4263 Mbps     0 retrans    436 KB-cwnd
[2024-11-07T12:41:44.478139-0500]     2.6250 MB /   0.50 sec =   44.0413 Mbps     2 retrans    333 KB-cwnd
[2024-11-07T12:41:44.959002-0500]     3.0000 MB /   0.50 sec =   50.3311 Mbps     0 retrans    344 KB-cwnd
[2024-11-07T12:41:45.539580-0500]     2.9375 MB /   0.50 sec =   49.2841 Mbps     1 retrans    534 KB-cwnd
[2024-11-07T12:41:46.019049-0500]     3.1250 MB /   0.50 sec =   52.4297 Mbps     1 retrans    559 KB-cwnd
[2024-11-07T12:41:46.467852-0500]     2.9375 MB /   0.50 sec =   49.2825 Mbps     0 retrans    569 KB-cwnd
[2024-11-07T12:41:47.037873-0500]     2.8750 MB /   0.50 sec =   48.2335 Mbps     1 retrans    462 KB-cwnd
[2024-11-07T12:41:47.506122-0500]     2.3750 MB /   0.50 sec =   39.6676 Mbps     0 retrans    566 KB-cwnd
[2024-11-07T12:41:48.070913-0500]     1.9375 MB /   0.50 sec =   32.6525 Mbps     3 retrans    332 KB-cwnd
[2024-11-07T12:41:48.547729-0500]     2.6250 MB /   0.50 sec =   43.9610 Mbps     0 retrans    360 KB-cwnd
[2024-11-07T12:41:49.031467-0500]     2.3125 MB /   0.50 sec =   38.8666 Mbps     0 retrans    367 KB-cwnd
[2024-11-07T12:41:49.508246-0500]     2.2500 MB /   0.50 sec =   37.7502 Mbps     0 retrans    464 KB-cwnd
[2024-11-07T12:41:49.971985-0500]     2.3125 MB /   0.50 sec =   38.7977 Mbps     0 retrans    824 KB-cwnd
[2024-11-07T12:41:50.524352-0500]     3.0000 MB /   0.50 sec =   50.3298 Mbps     2 retrans    824 KB-cwnd
[2024-11-07T12:41:51.041723-0500]     3.0625 MB /   0.50 sec =   51.3804 Mbps     1 retrans    740 KB-cwnd
[2024-11-07T12:41:51.516863-0500]     3.0000 MB /   0.50 sec =   50.3339 Mbps     0 retrans    745 KB-cwnd
[2024-11-07T12:41:52.000630-0500]     3.0000 MB /   0.50 sec =   50.3296 Mbps     0 retrans    749 KB-cwnd
[2024-11-07T12:41:52.459983-0500]     3.0000 MB /   0.50 sec =   50.2882 Mbps     1 retrans    728 KB-cwnd
[2024-11-07T12:41:53.017238-0500]     2.8125 MB /   0.50 sec =   47.2273 Mbps     1 retrans    597 KB-cwnd
[2024-11-07T12:41:53.480154-0500]     3.2500 MB /   0.50 sec =   54.4180 Mbps     0 retrans    662 KB-cwnd
[2024-11-07T12:41:53.941750-0500]     3.1250 MB /   0.50 sec =   52.5307 Mbps     0 retrans    667 KB-cwnd
[2024-11-07T12:41:54.484095-0500]     3.0625 MB /   0.50 sec =   51.3831 Mbps     1 retrans    659 KB-cwnd
[2024-11-07T12:41:54.951481-0500]     3.0625 MB /   0.50 sec =   51.3720 Mbps     0 retrans    666 KB-cwnd
[2024-11-07T12:41:55.541591-0500]     3.1250 MB /   0.50 sec =   52.3875 Mbps     1 retrans    592 KB-cwnd
[2024-11-07T12:41:55.999672-0500]     3.0000 MB /   0.50 sec =   50.3772 Mbps     0 retrans    597 KB-cwnd
[2024-11-07T12:41:56.504451-0500]     3.0000 MB /   0.50 sec =   50.3333 Mbps     1 retrans    528 KB-cwnd
[2024-11-07T12:41:56.947115-0500]     2.7500 MB /   0.50 sec =   46.1385 Mbps     1 retrans    468 KB-cwnd
[2024-11-07T12:41:57.588059-0500]     2.3125 MB /   0.50 sec =   38.7965 Mbps     0 retrans    475 KB-cwnd
[2024-11-07T12:41:58.079645-0500]     2.2500 MB /   0.50 sec =   37.7484 Mbps     1 retrans    387 KB-cwnd
[2024-11-07T12:41:58.548112-0500]     2.1875 MB /   0.50 sec =   36.7004 Mbps     0 retrans    470 KB-cwnd
[2024-11-07T12:41:59.080064-0500]     2.2500 MB /   0.50 sec =   37.7477 Mbps     1 retrans    415 KB-cwnd
[2024-11-07T12:41:59.552474-0500]     2.3750 MB /   0.50 sec =   39.8468 Mbps     2 retrans    297 KB-cwnd
[2024-11-07T12:41:59.952220-0500]     1.8125 MB /   0.50 sec =   30.4027 Mbps     0 retrans    322 KB-cwnd
[2024-11-07T12:42:00.471882-0500]     2.6875 MB /   0.50 sec =   45.0966 Mbps     1 retrans    281 KB-cwnd
[2024-11-07T12:42:00.985688-0500]     2.8750 MB /   0.50 sec =   48.2364 Mbps     0 retrans    329 KB-cwnd
[2024-11-07T12:42:01.466080-0500]     2.8125 MB /   0.50 sec =   47.1393 Mbps     1 retrans    327 KB-cwnd
[2024-11-07T12:42:01.968829-0500]     3.0000 MB /   0.50 sec =   50.3808 Mbps     0 retrans    341 KB-cwnd
[2024-11-07T12:42:02.452465-0500]     3.0625 MB /   0.50 sec =   51.3805 Mbps     0 retrans    814 KB-cwnd
[2024-11-07T12:42:02.972211-0500]     2.4375 MB /   0.50 sec =   40.8927 Mbps     2 retrans    645 KB-cwnd
[2024-11-07T12:42:03.530681-0500]     3.5000 MB /   0.50 sec =   58.7224 Mbps     0 retrans    705 KB-cwnd
[2024-11-07T12:42:03.953924-0500]     2.4375 MB /   0.50 sec =   40.8941 Mbps     1 retrans    567 KB-cwnd
[2024-11-07T12:42:04.442066-0500]     4.0625 MB /   0.50 sec =   68.1581 Mbps     0 retrans    631 KB-cwnd
[2024-11-07T12:42:05.010696-0500]     3.3750 MB /   0.50 sec =   56.6217 Mbps     1 retrans    554 KB-cwnd
[2024-11-07T12:42:05.532719-0500]     3.2500 MB /   0.50 sec =   54.5278 Mbps     2 retrans    499 KB-cwnd
[2024-11-07T12:42:05.999181-0500]     3.3125 MB /   0.50 sec =   55.5730 Mbps     1 retrans    409 KB-cwnd
[2024-11-07T12:42:06.532951-0500]     3.4375 MB /   0.50 sec =   57.6725 Mbps     1 retrans    392 KB-cwnd
[2024-11-07T12:42:06.961751-0500]     3.2500 MB /   0.50 sec =   54.5113 Mbps     0 retrans    401 KB-cwnd
[2024-11-07T12:42:07.567707-0500]     2.5000 MB /   0.50 sec =   41.9543 Mbps     1 retrans    425 KB-cwnd
[2024-11-07T12:42:07.986050-0500]     2.5000 MB /   0.50 sec =   41.9435 Mbps     0 retrans    429 KB-cwnd
[2024-11-07T12:42:08.586832-0500]     2.5000 MB /   0.50 sec =   41.9422 Mbps     0 retrans    437 KB-cwnd
[2024-11-07T12:42:09.053485-0500]     2.3750 MB /   0.50 sec =   39.8458 Mbps     2 retrans    440 KB-cwnd
[2024-11-07T12:42:09.467127-0500]     2.6875 MB /   0.50 sec =   45.0893 Mbps     0 retrans    445 KB-cwnd
[2024-11-07T12:42:09.957583-0500]     2.7500 MB /   0.50 sec =   46.1373 Mbps     0 retrans    452 KB-cwnd
[2024-11-07T12:42:10.487510-0500]     3.3750 MB /   0.50 sec =   56.6223 Mbps     0 retrans    843 KB-cwnd
[2024-11-07T12:42:10.997876-0500]     3.3750 MB /   0.50 sec =   56.6230 Mbps     0 retrans    880 KB-cwnd
[2024-11-07T12:42:11.450607-0500]     2.5000 MB /   0.50 sec =   41.9440 Mbps     3 retrans    658 KB-cwnd
[2024-11-07T12:42:12.137234-0500]     3.8125 MB /   0.50 sec =   63.9615 Mbps     2 retrans    514 KB-cwnd
[2024-11-07T12:42:12.483191-0500]     2.8125 MB /   0.50 sec =   47.1859 Mbps     0 retrans    570 KB-cwnd
[2024-11-07T12:42:13.016592-0500]     2.6250 MB /   0.50 sec =   44.0399 Mbps     0 retrans    575 KB-cwnd
[2024-11-07T12:42:13.506191-0500]     2.7500 MB /   0.50 sec =   46.1380 Mbps     0 retrans    581 KB-cwnd
[2024-11-07T12:42:13.981900-0500]     3.0000 MB /   0.50 sec =   50.3313 Mbps     0 retrans    703 KB-cwnd
[2024-11-07T12:42:14.441241-0500]     3.0625 MB /   0.50 sec =   51.3811 Mbps     0 retrans    923 KB-cwnd
[2024-11-07T12:42:15.040766-0500]     3.1250 MB /   0.50 sec =   52.4261 Mbps     1 retrans    831 KB-cwnd
[2024-11-07T12:42:15.607804-0500]     2.9375 MB /   0.50 sec =   49.2744 Mbps     2 retrans    588 KB-cwnd
[2024-11-07T12:42:16.003118-0500]     2.9375 MB /   0.50 sec =   49.2943 Mbps     1 retrans    542 KB-cwnd
[2024-11-07T12:42:16.471116-0500]     2.8125 MB /   0.50 sec =   47.1861 Mbps     0 retrans    547 KB-cwnd
[2024-11-07T12:42:17.027812-0500]     2.7500 MB /   0.50 sec =   46.1376 Mbps     0 retrans    554 KB-cwnd
[2024-11-07T12:42:17.555899-0500]     2.1250 MB /   0.50 sec =   35.6509 Mbps     3 retrans    340 KB-cwnd
[2024-11-07T12:42:18.064567-0500]     2.1250 MB /   0.50 sec =   35.6518 Mbps     0 retrans    375 KB-cwnd
[2024-11-07T12:42:18.511914-0500]     2.1250 MB /   0.50 sec =   35.6524 Mbps     0 retrans    380 KB-cwnd
[2024-11-07T12:42:18.988340-0500]     2.3125 MB /   0.50 sec =   38.7970 Mbps     0 retrans    394 KB-cwnd
[2024-11-07T12:42:19.490416-0500]     2.1250 MB /   0.50 sec =   35.6517 Mbps     0 retrans    710 KB-cwnd
[2024-11-07T12:42:19.948959-0500]     2.1875 MB /   0.50 sec =   36.6997 Mbps     0 retrans    776 KB-cwnd
[2024-11-07T12:42:20.521733-0500]     3.0000 MB /   0.50 sec =   50.3321 Mbps     1 retrans    842 KB-cwnd
[2024-11-07T12:42:21.083904-0500]     3.0625 MB /   0.50 sec =   51.3783 Mbps     2 retrans    597 KB-cwnd
[2024-11-07T12:42:21.460128-0500]     3.1250 MB /   0.50 sec =   52.4283 Mbps     1 retrans    573 KB-cwnd
[2024-11-07T12:42:22.031048-0500]     3.1875 MB /   0.50 sec =   53.4783 Mbps     0 retrans    586 KB-cwnd
[2024-11-07T12:42:22.494851-0500]     3.0000 MB /   0.50 sec =   50.3318 Mbps     0 retrans    593 KB-cwnd
[2024-11-07T12:42:22.979880-0500]     2.7500 MB /   0.50 sec =   46.1372 Mbps     1 retrans    637 KB-cwnd
[2024-11-07T12:42:23.481911-0500]     3.3750 MB /   0.50 sec =   56.6228 Mbps     1 retrans    668 KB-cwnd
[2024-11-07T12:42:23.988904-0500]     3.0625 MB /   0.50 sec =   51.3805 Mbps     1 retrans    593 KB-cwnd
[2024-11-07T12:42:24.511599-0500]     2.9375 MB /   0.50 sec =   49.2826 Mbps     2 retrans    477 KB-cwnd
[2024-11-07T12:42:25.039933-0500]     3.1875 MB /   0.50 sec =   53.4605 Mbps     0 retrans    531 KB-cwnd
[2024-11-07T12:42:25.497257-0500]     2.9375 MB /   0.50 sec =   49.3008 Mbps     0 retrans    538 KB-cwnd
[2024-11-07T12:42:26.037306-0500]     3.1250 MB /   0.50 sec =   52.4269 Mbps     1 retrans    523 KB-cwnd
[2024-11-07T12:42:26.451026-0500]     2.8750 MB /   0.50 sec =   48.2337 Mbps     1 retrans    469 KB-cwnd
[2024-11-07T12:42:27.027192-0500]     2.5000 MB /   0.50 sec =   41.9407 Mbps     2 retrans    386 KB-cwnd
[2024-11-07T12:42:27.507923-0500]     2.4375 MB /   0.50 sec =   40.8988 Mbps     0 retrans    423 KB-cwnd
[2024-11-07T12:42:27.961787-0500]     2.2500 MB /   0.50 sec =   37.7481 Mbps     1 retrans    374 KB-cwnd
[2024-11-07T12:42:28.577724-0500]     2.2500 MB /   0.50 sec =   37.7491 Mbps     0 retrans    383 KB-cwnd
[2024-11-07T12:42:29.027073-0500]     2.2500 MB /   0.50 sec =   37.7483 Mbps     1 retrans    376 KB-cwnd
[2024-11-07T12:42:29.510760-0500]     2.2500 MB /   0.50 sec =   37.7486 Mbps     0 retrans    382 KB-cwnd
[2024-11-07T12:42:29.974162-0500]     2.2500 MB /   0.50 sec =   37.7498 Mbps     0 retrans    388 KB-cwnd
[2024-11-07T12:42:30.459040-0500]     2.9375 MB /   0.50 sec =   49.2123 Mbps     0 retrans    698 KB-cwnd
[2024-11-07T12:42:30.937089-0500]     2.8125 MB /   0.50 sec =   47.2542 Mbps     1 retrans    718 KB-cwnd
[2024-11-07T12:42:31.237669-0500] nuttcp-t: 669.4545 MB in 120.00 real seconds = 5712.62 KB/sec = 46.7978 Mbps
[2024-11-07T12:42:31.238042-0500] nuttcp-t: retrans = 155 cwnd = 722 KB
[2024-11-07T12:42:31.238185-0500] nuttcp-t: 10712 I/O calls, msec/call = 11.47, calls/sec = 89.27
[2024-11-07T12:42:31.238301-0500] nuttcp-t: 0.0user 1.0sys 2:00real 0% 0i+0d 1318maxrss 0+0pf 915+206csw
[2024-11-07T12:42:31.238416-0500] 
[2024-11-07T12:42:31.238525-0500] nuttcp-r: 669.4545 MB in 120.30 real seconds = 5698.43 KB/sec = 46.6816 Mbps
[2024-11-07T12:42:31.238630-0500] nuttcp-r: 149060 I/O calls, msec/call = 0.83, calls/sec = 1239.07
[2024-11-07T12:42:31.238732-0500] nuttcp-r: 0.2user 3.9sys 2:00real 3% 0i+0d 94maxrss 0+15pf 136003+82csw
End time: 1731001351690
