Start time: 1730663324881
[2024-11-03T12:48:46.390206-0700] nuttcp-t: v8.1.4: socket
[2024-11-03T12:48:46.391580-0700] nuttcp-t: buflen=65536, nstream=1, port=5102 tcp -> 54.176.53.206
[2024-11-03T12:48:46.391729-0700] nuttcp-t: time limit = 120.00 seconds
[2024-11-03T12:48:46.391847-0700] nuttcp-t: connect to 54.176.53.206 with mss=1378, RTT=157.991 ms af=inet
[2024-11-03T12:48:46.391957-0700] nuttcp-t: send window size = 1048576, receive window size = 4194304
[2024-11-03T12:48:46.392064-0700] nuttcp-t: available send window = 786432, available receive window = 3145728
[2024-11-03T12:48:46.392170-0700] nuttcp-t: initial congestion window = 13 KB (10 packets)
[2024-11-03T12:48:46.392273-0700] nuttcp-r: v6.1.2: socket
[2024-11-03T12:48:46.392377-0700] nuttcp-r: buflen=65536, nstream=1, port=5102 tcp
[2024-11-03T12:48:46.392475-0700] nuttcp-r: interval reporting every 0.50 seconds
[2024-11-03T12:48:46.392577-0700] nuttcp-r: accept from 108.147.35.130
[2024-11-03T12:48:46.392766-0700] nuttcp-r: send window size = 450000000, receive window size = 450000000
[2024-11-03T12:48:46.392885-0700] nuttcp-r: available send window = 225000000, available receive window = 225000000
[2024-11-03T12:48:46.392988-0700]     0.1875 MB /   0.50 sec =    3.1456 Mbps     0 retrans    434 KB-cwnd
[2024-11-03T12:48:46.803000-0700]     0.3750 MB /   0.50 sec =    6.2913 Mbps     0 retrans    824 KB-cwnd
[2024-11-03T12:48:47.412487-0700]     0.5625 MB /   0.50 sec =    9.4368 Mbps     0 retrans   1235 KB-cwnd
[2024-11-03T12:48:47.768634-0700]     0.5000 MB /   0.50 sec =    8.3886 Mbps     0 retrans   1321 KB-cwnd
[2024-11-03T12:48:48.429958-0700]     0.5625 MB /   0.50 sec =    9.4375 Mbps     0 retrans   1321 KB-cwnd
[2024-11-03T12:48:48.746865-0700]     0.5625 MB /   0.50 sec =    9.4373 Mbps     0 retrans   1321 KB-cwnd
[2024-11-03T12:48:49.333326-0700]     0.5625 MB /   0.50 sec =    9.4372 Mbps     0 retrans   1321 KB-cwnd
[2024-11-03T12:48:49.898311-0700]     0.6875 MB /   0.50 sec =   11.5344 Mbps     0 retrans   1364 KB-cwnd
[2024-11-03T12:48:50.261493-0700]     0.5000 MB /   0.50 sec =    8.3886 Mbps     0 retrans   1364 KB-cwnd
[2024-11-03T12:48:50.877541-0700]     0.6250 MB /   0.50 sec =   10.4858 Mbps     0 retrans   1383 KB-cwnd
[2024-11-03T12:48:51.176572-0700]     0.5625 MB /   0.50 sec =    9.4372 Mbps     0 retrans   1383 KB-cwnd
[2024-11-03T12:48:51.753896-0700]     0.6250 MB /   0.50 sec =   10.4857 Mbps     0 retrans   1383 KB-cwnd
[2024-11-03T12:48:52.282923-0700]     0.6875 MB /   0.50 sec =   11.5345 Mbps     0 retrans   1383 KB-cwnd
[2024-11-03T12:48:52.794335-0700]     0.7500 MB /   0.50 sec =   12.5828 Mbps     0 retrans   1383 KB-cwnd
[2024-11-03T12:48:53.317989-0700]     0.6875 MB /   0.50 sec =   11.5345 Mbps     0 retrans   1485 KB-cwnd
[2024-11-03T12:48:53.895138-0700]     0.6875 MB /   0.50 sec =   11.5342 Mbps     0 retrans   1485 KB-cwnd
[2024-11-03T12:48:54.217247-0700]     0.5625 MB /   0.50 sec =    9.4372 Mbps     0 retrans   1485 KB-cwnd
[2024-11-03T12:48:54.915818-0700]     0.5000 MB /   0.50 sec =    8.3883 Mbps     0 retrans   1485 KB-cwnd
[2024-11-03T12:48:55.215066-0700]     0.6250 MB /   0.50 sec =   10.4861 Mbps     0 retrans   1489 KB-cwnd
[2024-11-03T12:48:55.723464-0700]     0.6875 MB /   0.50 sec =   11.5339 Mbps     0 retrans   1489 KB-cwnd
[2024-11-03T12:48:56.446531-0700]     0.5625 MB /   0.50 sec =    9.4376 Mbps     0 retrans   1489 KB-cwnd
[2024-11-03T12:48:56.723119-0700]     0.6250 MB /   0.50 sec =   10.4855 Mbps     0 retrans   1489 KB-cwnd
[2024-11-03T12:48:57.257898-0700]     0.7500 MB /   0.50 sec =   12.5830 Mbps     0 retrans   1489 KB-cwnd
[2024-11-03T12:48:57.772476-0700]     0.6250 MB /   0.50 sec =   10.4858 Mbps     0 retrans   1489 KB-cwnd
[2024-11-03T12:48:58.218390-0700]     0.8125 MB /   0.50 sec =   13.6313 Mbps     0 retrans   1547 KB-cwnd
[2024-11-03T12:48:58.802388-0700]     0.6250 MB /   0.50 sec =   10.4858 Mbps     0 retrans   1547 KB-cwnd
[2024-11-03T12:48:59.382019-0700]     0.6250 MB /   0.50 sec =   10.4855 Mbps     0 retrans   1547 KB-cwnd
[2024-11-03T12:48:59.796352-0700]     0.7500 MB /   0.50 sec =   12.5834 Mbps     0 retrans   1547 KB-cwnd
[2024-11-03T12:49:00.229181-0700]     0.9375 MB /   0.50 sec =   15.7288 Mbps     0 retrans   1547 KB-cwnd
[2024-11-03T12:49:00.631961-0700]     0.9375 MB /   0.50 sec =   15.7286 Mbps     0 retrans   1597 KB-cwnd
[2024-11-03T12:49:01.272602-0700]     0.8750 MB /   0.50 sec =   14.6800 Mbps     0 retrans   1671 KB-cwnd
[2024-11-03T12:49:01.775534-0700]     0.8125 MB /   0.50 sec =   13.6311 Mbps     0 retrans   1671 KB-cwnd
[2024-11-03T12:49:02.214201-0700]     0.8125 MB /   0.50 sec =   13.6319 Mbps     0 retrans   1671 KB-cwnd
[2024-11-03T12:49:02.643564-0700]     0.7500 MB /   0.50 sec =   12.5828 Mbps     0 retrans   1671 KB-cwnd
[2024-11-03T12:49:03.316380-0700]     0.8750 MB /   0.50 sec =   14.6802 Mbps     0 retrans   1671 KB-cwnd
[2024-11-03T12:49:03.804546-0700]     0.7500 MB /   0.50 sec =   12.5827 Mbps     0 retrans   1671 KB-cwnd
[2024-11-03T12:49:04.255495-0700]     0.7500 MB /   0.50 sec =   12.5827 Mbps     0 retrans   1671 KB-cwnd
[2024-11-03T12:49:04.749901-0700]     0.6875 MB /   0.50 sec =   11.5343 Mbps     0 retrans   1671 KB-cwnd
[2024-11-03T12:49:05.211584-0700]     0.4375 MB /   0.50 sec =    7.3400 Mbps     0 retrans   1671 KB-cwnd
[2024-11-03T12:49:05.808860-0700]     0.6875 MB /   0.50 sec =   11.5347 Mbps     0 retrans   1671 KB-cwnd
[2024-11-03T12:49:06.531544-0700]     0.5625 MB /   0.50 sec =    9.4372 Mbps     0 retrans   1671 KB-cwnd
[2024-11-03T12:49:06.723059-0700]     0.5000 MB /   0.50 sec =    8.3886 Mbps     0 retrans   1671 KB-cwnd
[2024-11-03T12:49:07.284984-0700]     0.5000 MB /   0.50 sec =    8.3886 Mbps     0 retrans   1671 KB-cwnd
[2024-11-03T12:49:07.783863-0700]     0.4375 MB /   0.50 sec =    7.3400 Mbps     0 retrans   1671 KB-cwnd
[2024-11-03T12:49:08.520563-0700]     0.5000 MB /   0.50 sec =    8.3883 Mbps     0 retrans   1671 KB-cwnd
[2024-11-03T12:49:08.859956-0700]     0.3750 MB /   0.50 sec =    6.2914 Mbps     6 retrans   1336 KB-cwnd
[2024-11-03T12:49:09.154423-0700]     1.3750 MB /   0.50 sec =   23.0695 Mbps     0 retrans   1351 KB-cwnd
[2024-11-03T12:49:09.742278-0700]     1.5000 MB /   0.50 sec =   25.1653 Mbps     0 retrans   1351 KB-cwnd
[2024-11-03T12:49:10.266396-0700]     1.4375 MB /   0.50 sec =   24.1157 Mbps     0 retrans   1351 KB-cwnd
[2024-11-03T12:49:10.743246-0700]     1.1875 MB /   0.50 sec =   19.9239 Mbps     0 retrans   1351 KB-cwnd
[2024-11-03T12:49:11.211729-0700]     1.1875 MB /   0.50 sec =   19.9230 Mbps     0 retrans   1351 KB-cwnd
[2024-11-03T12:49:11.656992-0700]     1.2500 MB /   0.50 sec =   20.9723 Mbps     0 retrans   1351 KB-cwnd
[2024-11-03T12:49:12.133960-0700]     1.1250 MB /   0.50 sec =   18.8744 Mbps     0 retrans   1351 KB-cwnd
[2024-11-03T12:49:12.755015-0700]     1.1250 MB /   0.50 sec =   18.8741 Mbps     0 retrans   1351 KB-cwnd
[2024-11-03T12:49:13.224431-0700]     0.6875 MB /   0.50 sec =   11.5338 Mbps     1 retrans   1080 KB-cwnd
[2024-11-03T12:49:13.721927-0700]     1.5625 MB /   0.50 sec =   26.2154 Mbps     0 retrans   1091 KB-cwnd
[2024-11-03T12:49:14.144483-0700]     1.2500 MB /   0.50 sec =   20.9712 Mbps     0 retrans   1091 KB-cwnd
[2024-11-03T12:49:14.720334-0700]     1.3750 MB /   0.50 sec =   23.0690 Mbps     0 retrans   1091 KB-cwnd
[2024-11-03T12:49:15.199431-0700]     1.1875 MB /   0.50 sec =   19.9232 Mbps     0 retrans   1091 KB-cwnd
[2024-11-03T12:49:15.738037-0700]     1.2500 MB /   0.50 sec =   20.9714 Mbps     0 retrans   1091 KB-cwnd
[2024-11-03T12:49:16.273471-0700]     1.4375 MB /   0.50 sec =   24.1174 Mbps     0 retrans   1091 KB-cwnd
[2024-11-03T12:49:16.644144-0700]     1.3750 MB /   0.50 sec =   23.0683 Mbps     0 retrans   1091 KB-cwnd
[2024-11-03T12:49:17.158505-0700]     1.3125 MB /   0.50 sec =   21.9861 Mbps     0 retrans   1091 KB-cwnd
[2024-11-03T12:49:17.697276-0700]     1.3125 MB /   0.50 sec =   22.0546 Mbps     0 retrans   1091 KB-cwnd
[2024-11-03T12:49:18.295632-0700]     1.3125 MB /   0.50 sec =   22.0200 Mbps     0 retrans   1091 KB-cwnd
[2024-11-03T12:49:18.713998-0700]     1.1875 MB /   0.50 sec =   19.9224 Mbps     0 retrans   1091 KB-cwnd
[2024-11-03T12:49:19.241120-0700]     1.1250 MB /   0.50 sec =   18.8750 Mbps     0 retrans   1091 KB-cwnd
[2024-11-03T12:49:19.634670-0700]     0.9375 MB /   0.50 sec =   15.7278 Mbps     0 retrans   1091 KB-cwnd
[2024-11-03T12:49:20.161154-0700]     0.9375 MB /   0.50 sec =   15.7291 Mbps     0 retrans   1091 KB-cwnd
[2024-11-03T12:49:20.672492-0700]     1.0000 MB /   0.50 sec =   16.7769 Mbps     0 retrans   1091 KB-cwnd
[2024-11-03T12:49:21.285588-0700]     1.0625 MB /   0.50 sec =   17.8258 Mbps     0 retrans   1091 KB-cwnd
[2024-11-03T12:49:21.722034-0700]     0.4375 MB /   0.50 sec =    7.3404 Mbps     0 retrans   1091 KB-cwnd
[2024-11-03T12:49:22.318223-0700]     0.6250 MB /   0.50 sec =   10.4855 Mbps     0 retrans   1091 KB-cwnd
[2024-11-03T12:49:22.783507-0700]     0.4375 MB /   0.50 sec =    7.3394 Mbps     0 retrans   1091 KB-cwnd
[2024-11-03T12:49:23.385350-0700]     0.6250 MB /   0.50 sec =   10.4867 Mbps     0 retrans   1091 KB-cwnd
[2024-11-03T12:49:23.731028-0700]     0.5000 MB /   0.50 sec =    8.3886 Mbps     0 retrans   1091 KB-cwnd
[2024-11-03T12:49:24.271801-0700]     0.9375 MB /   0.50 sec =   15.7284 Mbps     0 retrans   1091 KB-cwnd
[2024-11-03T12:49:24.748337-0700]     0.8125 MB /   0.50 sec =   13.6315 Mbps     0 retrans   1091 KB-cwnd
[2024-11-03T12:49:25.403620-0700]     0.6250 MB /   0.50 sec =   10.4858 Mbps     0 retrans   1091 KB-cwnd
[2024-11-03T12:49:25.932738-0700]     0.4375 MB /   0.50 sec =    7.3402 Mbps     0 retrans   1091 KB-cwnd
[2024-11-03T12:49:26.418632-0700]     0.3750 MB /   0.50 sec =    6.2906 Mbps     0 retrans   1091 KB-cwnd
[2024-11-03T12:49:26.928772-0700]     0.3750 MB /   0.50 sec =    6.2923 Mbps     0 retrans   1091 KB-cwnd
[2024-11-03T12:49:27.504543-0700]     0.3125 MB /   0.50 sec =    5.2428 Mbps     0 retrans   1091 KB-cwnd
[2024-11-03T12:49:27.929007-0700]     0.3750 MB /   0.50 sec =    6.2913 Mbps     0 retrans   1091 KB-cwnd
[2024-11-03T12:49:28.464516-0700]     0.3750 MB /   0.50 sec =    6.2916 Mbps     0 retrans   1091 KB-cwnd
[2024-11-03T12:49:29.332344-0700]     0.3750 MB /   0.50 sec =    6.2914 Mbps     0 retrans   1091 KB-cwnd
[2024-11-03T12:49:29.332958-0700]     0.1875 MB /   0.50 sec =    3.1457 Mbps     0 retrans   1091 KB-cwnd
[2024-11-03T12:49:31.136260-0700]     0.1875 MB /   0.50 sec =    3.1457 Mbps    54 retrans    375 KB-cwnd
[2024-11-03T12:49:31.136447-0700]     0.0000 MB /   0.50 sec =    0.0000 Mbps     0 retrans    375 KB-cwnd
[2024-11-03T12:49:31.136492-0700]     0.0000 MB /   0.50 sec =    0.0000 Mbps     0 retrans    375 KB-cwnd
[2024-11-03T12:49:31.214076-0700]     0.3125 MB /   0.50 sec =    5.2429 Mbps     0 retrans    874 KB-cwnd
[2024-11-03T12:49:31.912601-0700]     0.8125 MB /   0.50 sec =   13.6314 Mbps     0 retrans    911 KB-cwnd
[2024-11-03T12:49:32.698158-0700]     0.3750 MB /   0.50 sec =    6.2912 Mbps     3 retrans    728 KB-cwnd
[2024-11-03T12:49:32.698761-0700]     0.0000 MB /   0.50 sec =    0.0000 Mbps     0 retrans    728 KB-cwnd
[2024-11-03T12:49:33.176382-0700]     1.0625 MB /   0.50 sec =   17.8253 Mbps     0 retrans    767 KB-cwnd
[2024-11-03T12:49:33.759936-0700]     0.6250 MB /   0.50 sec =   10.4867 Mbps     0 retrans    775 KB-cwnd
[2024-11-03T12:49:34.342057-0700]     0.6875 MB /   0.50 sec =   11.5332 Mbps     0 retrans    775 KB-cwnd
[2024-11-03T12:49:34.757415-0700]     0.4375 MB /   0.50 sec =    7.3405 Mbps     0 retrans    775 KB-cwnd
[2024-11-03T12:49:35.255424-0700]     0.6250 MB /   0.50 sec =   10.4858 Mbps     0 retrans    775 KB-cwnd
[2024-11-03T12:49:35.663589-0700]     0.5000 MB /   0.50 sec =    8.3888 Mbps     0 retrans    775 KB-cwnd
[2024-11-03T12:49:36.265838-0700]     0.3750 MB /   0.50 sec =    6.2915 Mbps     0 retrans    775 KB-cwnd
[2024-11-03T12:49:36.821226-0700]     0.3125 MB /   0.50 sec =    5.2429 Mbps     0 retrans    775 KB-cwnd
[2024-11-03T12:49:37.160740-0700]     0.5000 MB /   0.50 sec =    8.3886 Mbps     0 retrans    775 KB-cwnd
[2024-11-03T12:49:37.867980-0700]     0.5000 MB /   0.50 sec =    8.3872 Mbps     0 retrans    775 KB-cwnd
[2024-11-03T12:49:38.170375-0700]     0.5000 MB /   0.50 sec =    8.3896 Mbps     0 retrans    775 KB-cwnd
[2024-11-03T12:49:38.893822-0700]     0.4375 MB /   0.50 sec =    7.3402 Mbps     0 retrans    775 KB-cwnd
[2024-11-03T12:49:39.240530-0700]     0.6250 MB /   0.50 sec =   10.4856 Mbps     0 retrans    775 KB-cwnd
[2024-11-03T12:49:39.879928-0700]     0.9375 MB /   0.50 sec =   15.7291 Mbps     0 retrans    775 KB-cwnd
[2024-11-03T12:49:40.246319-0700]     0.5000 MB /   0.50 sec =    8.3868 Mbps     0 retrans    775 KB-cwnd
[2024-11-03T12:49:40.829036-0700]     0.6250 MB /   0.50 sec =   10.4880 Mbps     0 retrans    775 KB-cwnd
[2024-11-03T12:49:41.182868-0700]     0.5625 MB /   0.50 sec =    9.4373 Mbps     0 retrans    775 KB-cwnd
[2024-11-03T12:49:41.835854-0700]     0.5625 MB /   0.50 sec =    9.4371 Mbps     0 retrans    775 KB-cwnd
[2024-11-03T12:49:42.445822-0700]     0.6875 MB /   0.50 sec =   11.5338 Mbps     0 retrans    775 KB-cwnd
[2024-11-03T12:49:42.694498-0700]     0.6250 MB /   0.50 sec =   10.4861 Mbps     0 retrans    775 KB-cwnd
[2024-11-03T12:49:43.309204-0700]     0.5625 MB /   0.50 sec =    9.4370 Mbps     0 retrans    775 KB-cwnd
[2024-11-03T12:49:43.863441-0700]     0.6250 MB /   0.50 sec =   10.4852 Mbps     0 retrans    775 KB-cwnd
[2024-11-03T12:49:44.437423-0700]     0.7500 MB /   0.50 sec =   12.5839 Mbps     0 retrans    775 KB-cwnd
[2024-11-03T12:49:44.700533-0700]     0.6250 MB /   0.50 sec =   10.4860 Mbps     0 retrans    775 KB-cwnd
[2024-11-03T12:49:45.288992-0700]     0.6250 MB /   0.50 sec =   10.4858 Mbps     0 retrans    775 KB-cwnd
[2024-11-03T12:49:45.715333-0700]     0.7500 MB /   0.50 sec =   12.5828 Mbps     0 retrans    775 KB-cwnd
[2024-11-03T12:49:46.192295-0700]     0.7500 MB /   0.50 sec =   12.5828 Mbps     0 retrans    775 KB-cwnd
[2024-11-03T12:49:46.734415-0700]     0.6875 MB /   0.50 sec =   11.5344 Mbps     0 retrans    775 KB-cwnd
[2024-11-03T12:49:47.214350-0700]     0.8125 MB /   0.50 sec =   13.6315 Mbps     0 retrans    775 KB-cwnd
[2024-11-03T12:49:47.875422-0700]     0.5625 MB /   0.50 sec =    9.4373 Mbps     0 retrans    775 KB-cwnd
[2024-11-03T12:49:48.367268-0700]     0.6875 MB /   0.50 sec =   11.5342 Mbps     0 retrans    775 KB-cwnd
[2024-11-03T12:49:48.972343-0700]     0.7500 MB /   0.50 sec =   12.5830 Mbps     0 retrans    775 KB-cwnd
[2024-11-03T12:49:49.458397-0700]     0.5000 MB /   0.50 sec =    8.3882 Mbps     0 retrans    775 KB-cwnd
[2024-11-03T12:49:49.752124-0700]     0.3750 MB /   0.50 sec =    6.2917 Mbps     0 retrans    775 KB-cwnd
[2024-11-03T12:49:50.285079-0700]     0.6875 MB /   0.50 sec =   11.5341 Mbps     0 retrans    775 KB-cwnd
[2024-11-03T12:49:50.844985-0700]     0.6875 MB /   0.50 sec =   11.5332 Mbps     0 retrans    775 KB-cwnd
[2024-11-03T12:49:51.166511-0700]     0.5625 MB /   0.50 sec =    9.4378 Mbps     0 retrans    775 KB-cwnd
[2024-11-03T12:49:51.647750-0700]     0.6875 MB /   0.50 sec =   11.5351 Mbps     0 retrans    775 KB-cwnd
[2024-11-03T12:49:52.272616-0700]     0.5625 MB /   0.50 sec =    9.4370 Mbps     0 retrans    775 KB-cwnd
[2024-11-03T12:49:52.839470-0700]     0.7500 MB /   0.50 sec =   12.5830 Mbps     0 retrans    775 KB-cwnd
[2024-11-03T12:49:53.259049-0700]     0.5625 MB /   0.50 sec =    9.4371 Mbps     0 retrans    775 KB-cwnd
[2024-11-03T12:49:53.971837-0700]     0.5000 MB /   0.50 sec =    8.3887 Mbps     0 retrans    775 KB-cwnd
[2024-11-03T12:49:54.514875-0700]     0.4375 MB /   0.50 sec =    7.3400 Mbps     0 retrans    775 KB-cwnd
[2024-11-03T12:49:54.959770-0700]     0.3750 MB /   0.50 sec =    6.2915 Mbps     0 retrans    775 KB-cwnd
[2024-11-03T12:49:55.274563-0700]     0.4375 MB /   0.50 sec =    7.3400 Mbps     0 retrans    775 KB-cwnd
[2024-11-03T12:49:55.832119-0700]     0.5625 MB /   0.50 sec =    9.4370 Mbps     0 retrans    775 KB-cwnd
[2024-11-03T12:49:56.333066-0700]     0.7500 MB /   0.50 sec =   12.5831 Mbps     0 retrans    775 KB-cwnd
[2024-11-03T12:49:56.910557-0700]     0.6875 MB /   0.50 sec =   11.5343 Mbps     0 retrans    775 KB-cwnd
[2024-11-03T12:49:57.235279-0700]     0.6250 MB /   0.50 sec =   10.4856 Mbps     0 retrans    775 KB-cwnd
[2024-11-03T12:49:57.710404-0700]     0.7500 MB /   0.50 sec =   12.5831 Mbps     0 retrans    775 KB-cwnd
[2024-11-03T12:49:58.617367-0700]     0.6875 MB /   0.50 sec =   11.5343 Mbps     0 retrans    775 KB-cwnd
[2024-11-03T12:49:58.903574-0700]     0.2500 MB /   0.50 sec =    4.1942 Mbps     0 retrans    775 KB-cwnd
[2024-11-03T12:49:59.186094-0700]     0.5625 MB /   0.50 sec =    9.4368 Mbps     0 retrans    775 KB-cwnd
[2024-11-03T12:49:59.780427-0700]     0.6875 MB /   0.50 sec =   11.5349 Mbps     0 retrans    775 KB-cwnd
[2024-11-03T12:50:00.392150-0700]     0.5000 MB /   0.50 sec =    8.3886 Mbps     0 retrans    775 KB-cwnd
[2024-11-03T12:50:00.720980-0700]     0.6250 MB /   0.50 sec =   10.4859 Mbps     0 retrans    775 KB-cwnd
[2024-11-03T12:50:01.384436-0700]     0.5625 MB /   0.50 sec =    9.4371 Mbps     0 retrans    788 KB-cwnd
[2024-11-03T12:50:01.976155-0700]     0.6250 MB /   0.50 sec =   10.4854 Mbps     0 retrans    800 KB-cwnd
[2024-11-03T12:50:02.386177-0700]     0.5625 MB /   0.50 sec =    9.4367 Mbps     0 retrans    800 KB-cwnd
[2024-11-03T12:50:02.737839-0700]     0.5000 MB /   0.50 sec =    8.3893 Mbps     0 retrans    800 KB-cwnd
[2024-11-03T12:50:03.284538-0700]     0.3750 MB /   0.50 sec =    6.2915 Mbps     0 retrans    800 KB-cwnd
[2024-11-03T12:50:03.924372-0700]     0.3125 MB /   0.50 sec =    5.2428 Mbps     0 retrans    800 KB-cwnd
[2024-11-03T12:50:04.222023-0700]     0.5000 MB /   0.50 sec =    8.3887 Mbps     0 retrans    800 KB-cwnd
[2024-11-03T12:50:04.778874-0700]     0.6875 MB /   0.50 sec =   11.5341 Mbps     0 retrans    800 KB-cwnd
[2024-11-03T12:50:05.191180-0700]     0.5000 MB /   0.50 sec =    8.3883 Mbps     0 retrans    800 KB-cwnd
[2024-11-03T12:50:06.475575-0700]     0.5000 MB /   0.50 sec =    8.3891 Mbps     0 retrans    800 KB-cwnd
[2024-11-03T12:50:06.476232-0700]     0.1250 MB /   0.50 sec =    2.0971 Mbps     0 retrans    800 KB-cwnd
[2024-11-03T12:50:07.494043-0700]     0.2500 MB /   0.50 sec =    4.1944 Mbps     0 retrans    800 KB-cwnd
[2024-11-03T12:50:07.494538-0700]     0.3125 MB /   0.50 sec =    5.2425 Mbps     0 retrans    800 KB-cwnd
[2024-11-03T12:50:08.225406-0700]     0.0625 MB /   0.50 sec =    1.0487 Mbps     0 retrans    800 KB-cwnd
[2024-11-03T12:50:08.446092-0700]     0.5000 MB /   0.50 sec =    8.3886 Mbps     0 retrans    800 KB-cwnd
[2024-11-03T12:50:08.737043-0700]     0.4375 MB /   0.50 sec =    7.3400 Mbps     0 retrans    800 KB-cwnd
[2024-11-03T12:50:09.752943-0700]     0.1875 MB /   0.50 sec =    3.1456 Mbps     0 retrans    800 KB-cwnd
[2024-11-03T12:50:09.753574-0700]     0.1250 MB /   0.50 sec =    2.0972 Mbps     0 retrans    800 KB-cwnd
[2024-11-03T12:50:10.320847-0700]     0.3125 MB /   0.50 sec =    5.2428 Mbps     0 retrans    800 KB-cwnd
[2024-11-03T12:50:10.814043-0700]     0.3750 MB /   0.50 sec =    6.2914 Mbps     0 retrans    800 KB-cwnd
[2024-11-03T12:50:11.387349-0700]     0.3125 MB /   0.50 sec =    5.2430 Mbps     0 retrans    800 KB-cwnd
[2024-11-03T12:50:11.818118-0700]     0.3750 MB /   0.50 sec =    6.2915 Mbps     0 retrans    800 KB-cwnd
[2024-11-03T12:50:12.156202-0700]     0.4375 MB /   0.50 sec =    7.3400 Mbps     0 retrans    800 KB-cwnd
[2024-11-03T12:50:13.604290-0700]     0.3750 MB /   0.50 sec =    6.2915 Mbps     2 retrans    639 KB-cwnd
[2024-11-03T12:50:13.604596-0700]     0.1875 MB /   0.50 sec =    3.1455 Mbps     0 retrans    639 KB-cwnd
[2024-11-03T12:50:13.784381-0700]     0.5000 MB /   0.50 sec =    8.3891 Mbps     0 retrans    663 KB-cwnd
[2024-11-03T12:50:14.214013-0700]     0.8750 MB /   0.50 sec =   14.6802 Mbps     0 retrans    694 KB-cwnd
[2024-11-03T12:50:14.849913-0700]     0.9375 MB /   0.50 sec =   15.7283 Mbps     0 retrans    705 KB-cwnd
[2024-11-03T12:50:15.163826-0700]     0.6250 MB /   0.50 sec =   10.4858 Mbps     0 retrans    705 KB-cwnd
[2024-11-03T12:50:15.809398-0700]     0.5625 MB /   0.50 sec =    9.4373 Mbps     0 retrans    705 KB-cwnd
[2024-11-03T12:50:17.176083-0700]     0.4375 MB /   0.50 sec =    7.3398 Mbps     0 retrans    705 KB-cwnd
[2024-11-03T12:50:17.176833-0700]     0.5000 MB /   0.50 sec =    8.3889 Mbps     0 retrans    705 KB-cwnd
[2024-11-03T12:50:17.177164-0700]     0.6250 MB /   0.50 sec =   10.4853 Mbps     0 retrans    705 KB-cwnd
[2024-11-03T12:50:18.359622-0700]     0.5625 MB /   0.50 sec =    9.4377 Mbps     0 retrans    705 KB-cwnd
[2024-11-03T12:50:18.359897-0700]     0.6250 MB /   0.50 sec =   10.4858 Mbps     0 retrans    705 KB-cwnd
[2024-11-03T12:50:21.263478-0700]     0.5625 MB /   0.50 sec =    9.4372 Mbps     0 retrans    705 KB-cwnd
[2024-11-03T12:50:21.263971-0700]     0.4375 MB /   0.50 sec =    7.3400 Mbps     0 retrans    705 KB-cwnd
[2024-11-03T12:50:21.264202-0700]     0.1875 MB /   0.50 sec =    3.1455 Mbps     0 retrans    705 KB-cwnd
[2024-11-03T12:50:21.264396-0700]     0.0625 MB /   0.50 sec =    1.0485 Mbps     0 retrans    705 KB-cwnd
[2024-11-03T12:50:21.264583-0700]     0.3125 MB /   0.50 sec =    5.2434 Mbps     0 retrans    705 KB-cwnd
[2024-11-03T12:50:21.264885-0700]     0.1875 MB /   0.50 sec =    3.1457 Mbps     0 retrans    705 KB-cwnd
[2024-11-03T12:50:22.476326-0700]     0.4375 MB /   0.50 sec =    7.3400 Mbps     0 retrans    705 KB-cwnd
[2024-11-03T12:50:22.476840-0700]     0.4375 MB /   0.50 sec =    7.3401 Mbps     0 retrans    705 KB-cwnd
[2024-11-03T12:50:27.050388-0700]     0.8125 MB /   0.50 sec =   13.6315 Mbps   366 retrans    613 KB-cwnd
[2024-11-03T12:50:27.051081-0700]     0.8750 MB /   0.50 sec =   14.6799 Mbps     0 retrans    613 KB-cwnd
[2024-11-03T12:50:27.051371-0700]     0.7500 MB /   0.50 sec =   12.5830 Mbps     0 retrans    613 KB-cwnd
[2024-11-03T12:50:27.051619-0700]     0.6250 MB /   0.50 sec =   10.4856 Mbps     0 retrans    613 KB-cwnd
[2024-11-03T12:50:27.051848-0700]     0.0625 MB /   0.50 sec =    1.0485 Mbps     0 retrans    613 KB-cwnd
[2024-11-03T12:50:27.052073-0700]     0.0000 MB /   0.50 sec =    0.0000 Mbps     0 retrans    613 KB-cwnd
[2024-11-03T12:50:27.052286-0700]     0.0000 MB /   0.50 sec =    0.0000 Mbps     0 retrans    613 KB-cwnd
[2024-11-03T12:50:27.052499-0700]     0.0000 MB /   0.50 sec =    0.0000 Mbps     0 retrans    613 KB-cwnd
[2024-11-03T12:50:27.052869-0700]     0.3750 MB /   0.50 sec =    6.2918 Mbps     0 retrans    613 KB-cwnd
[2024-11-03T12:50:28.085961-0700]     0.7500 MB /   0.50 sec =   12.5828 Mbps     1 retrans    508 KB-cwnd
[2024-11-03T12:50:28.086378-0700]     0.1250 MB /   0.50 sec =    2.0971 Mbps     0 retrans    508 KB-cwnd
[2024-11-03T12:50:28.484361-0700]     0.5625 MB /   0.50 sec =    9.4375 Mbps     0 retrans    531 KB-cwnd
[2024-11-03T12:50:28.784260-0700]     0.5000 MB /   0.50 sec =    8.3886 Mbps     0 retrans    546 KB-cwnd
[2024-11-03T12:50:29.504357-0700]     0.5625 MB /   0.50 sec =    9.4369 Mbps     0 retrans    561 KB-cwnd
[2024-11-03T12:50:29.969392-0700]     0.4375 MB /   0.50 sec =    7.3402 Mbps     0 retrans    562 KB-cwnd
[2024-11-03T12:50:30.347438-0700]     0.4375 MB /   0.50 sec =    7.3400 Mbps     0 retrans    562 KB-cwnd
[2024-11-03T12:50:30.756969-0700]     0.5000 MB /   0.50 sec =    8.3886 Mbps     0 retrans    563 KB-cwnd
[2024-11-03T12:50:31.470181-0700]     0.5000 MB /   0.50 sec =    8.3888 Mbps     0 retrans    563 KB-cwnd
[2024-11-03T12:50:31.753320-0700]     0.6250 MB /   0.50 sec =   10.4856 Mbps     0 retrans    565 KB-cwnd
[2024-11-03T12:50:32.136189-0700]     0.4375 MB /   0.50 sec =    7.3398 Mbps     0 retrans    565 KB-cwnd
[2024-11-03T12:50:32.690020-0700]     0.3125 MB /   0.50 sec =    5.2429 Mbps     0 retrans    566 KB-cwnd
[2024-11-03T12:50:33.703797-0700]     0.2500 MB /   0.50 sec =    4.1944 Mbps     2 retrans    460 KB-cwnd
[2024-11-03T12:50:33.703982-0700]     0.1250 MB /   0.50 sec =    2.0971 Mbps     0 retrans    460 KB-cwnd
[2024-11-03T12:50:34.677962-0700]     0.4375 MB /   0.50 sec =    7.3402 Mbps     1 retrans    488 KB-cwnd
[2024-11-03T12:50:34.678515-0700]     0.5625 MB /   0.50 sec =    9.4371 Mbps     0 retrans    488 KB-cwnd
[2024-11-03T12:50:35.587590-0700]     0.6875 MB /   0.50 sec =   11.5343 Mbps     0 retrans    499 KB-cwnd
[2024-11-03T12:50:36.295757-0700]     0.6875 MB /   0.50 sec =   11.5342 Mbps     0 retrans    501 KB-cwnd
[2024-11-03T12:50:36.296236-0700]     0.8125 MB /   0.50 sec =   13.6311 Mbps     0 retrans    501 KB-cwnd
[2024-11-03T12:50:36.831072-0700]     1.0000 MB /   0.50 sec =   16.7781 Mbps     0 retrans    503 KB-cwnd
[2024-11-03T12:50:37.290797-0700]     1.2500 MB /   0.50 sec =   20.9708 Mbps     0 retrans    505 KB-cwnd
[2024-11-03T12:50:37.865512-0700]     1.0625 MB /   0.50 sec =   17.8213 Mbps     0 retrans    507 KB-cwnd
[2024-11-03T12:50:39.876715-0700]     0.8125 MB /   0.50 sec =   13.6344 Mbps    21 retrans    456 KB-cwnd
[2024-11-03T12:50:39.877310-0700]     0.0000 MB /   0.50 sec =    0.0000 Mbps     0 retrans    456 KB-cwnd
[2024-11-03T12:50:39.877557-0700]     0.0000 MB /   0.50 sec =    0.0000 Mbps     0 retrans    456 KB-cwnd
[2024-11-03T12:50:39.877767-0700]     0.5625 MB /   0.50 sec =    9.4377 Mbps     0 retrans    456 KB-cwnd
[2024-11-03T12:50:40.709818-0700]     0.6875 MB /   0.50 sec =   11.5344 Mbps     0 retrans    499 KB-cwnd
[2024-11-03T12:50:40.710403-0700]     0.6875 MB /   0.50 sec =   11.5344 Mbps     0 retrans    499 KB-cwnd
[2024-11-03T12:50:41.896868-0700]     0.5625 MB /   0.50 sec =    9.4369 Mbps     0 retrans    500 KB-cwnd
[2024-11-03T12:50:41.897808-0700]     0.5625 MB /   0.50 sec =    9.4375 Mbps     0 retrans    500 KB-cwnd
[2024-11-03T12:50:42.798367-0700]     0.5000 MB /   0.50 sec =    8.3883 Mbps     0 retrans    501 KB-cwnd
[2024-11-03T12:50:42.798821-0700]     0.6250 MB /   0.50 sec =   10.4858 Mbps     0 retrans    501 KB-cwnd
[2024-11-03T12:50:43.684579-0700]     0.5625 MB /   0.50 sec =    9.4375 Mbps     0 retrans    504 KB-cwnd
[2024-11-03T12:50:43.685361-0700]     0.7500 MB /   0.50 sec =   12.5829 Mbps     0 retrans    504 KB-cwnd
[2024-11-03T12:50:44.635983-0700]     0.5625 MB /   0.50 sec =    9.4371 Mbps     0 retrans    505 KB-cwnd
[2024-11-03T12:50:44.636811-0700]     0.6250 MB /   0.50 sec =   10.4830 Mbps     0 retrans    505 KB-cwnd
[2024-11-03T12:50:45.283526-0700]     0.8750 MB /   0.50 sec =   14.6837 Mbps     0 retrans    508 KB-cwnd
[2024-11-03T12:50:45.627021-0700]     0.8750 MB /   0.50 sec =   14.6802 Mbps     0 retrans    508 KB-cwnd
End time: 1730663446016
