Start time: 1731094225070
[2024-11-08T14:30:26.263382-0500] nuttcp-t: v8.1.4: socket
[2024-11-08T14:30:26.264012-0500] nuttcp-t: buflen=65536, nstream=1, port=5101 tcp -> 54.197.223.49
[2024-11-08T14:30:26.264066-0500] nuttcp-t: time limit = 120.00 seconds
[2024-11-08T14:30:26.264100-0500] nuttcp-t: connect to 54.197.223.49 with mss=1376, RTT=45.289 ms af=inet
[2024-11-08T14:30:26.264128-0500] nuttcp-t: send window size = 2097152, receive window size = 6291456
[2024-11-08T14:30:26.264157-0500] nuttcp-t: available send window = 1572864, available receive window = 4718592
[2024-11-08T14:30:26.264184-0500] nuttcp-t: initial congestion window = 13 KB (10 packets)
[2024-11-08T14:30:26.264211-0500] nuttcp-r: v8.1.4: socket
[2024-11-08T14:30:26.264240-0500] nuttcp-r: buflen=65536, nstream=1, port=5101 tcp
[2024-11-08T14:30:26.264268-0500] nuttcp-r: interval reporting every 0.50 seconds
[2024-11-08T14:30:26.264292-0500] nuttcp-r: accept from 174.234.100.103 with af=inet
[2024-11-08T14:30:26.264318-0500] nuttcp-r: send window size = 450000000, receive window size = 450000000
[2024-11-08T14:30:26.264346-0500] nuttcp-r: available send window = 225000000, available receive window = 225000000
[2024-11-08T14:30:26.264384-0500]     0.2500 MB /   0.50 sec =    4.1941 Mbps     0 retrans    424 KB-cwnd
[2024-11-08T14:30:26.728826-0500]     0.4375 MB /   0.50 sec =    7.3400 Mbps     0 retrans    864 KB-cwnd
[2024-11-08T14:30:27.248845-0500]     0.5625 MB /   0.50 sec =    9.4374 Mbps     0 retrans   1182 KB-cwnd
[2024-11-08T14:30:29.132811-0500]     0.6875 MB /   0.50 sec =   11.5342 Mbps     0 retrans   1230 KB-cwnd
[2024-11-08T14:30:29.133202-0500]     0.5000 MB /   0.50 sec =    8.3886 Mbps     0 retrans   1230 KB-cwnd
[2024-11-08T14:30:29.133340-0500]     0.5625 MB /   0.50 sec =    9.4372 Mbps     0 retrans   1230 KB-cwnd
[2024-11-08T14:30:30.585140-0500]     0.5000 MB /   0.50 sec =    8.3887 Mbps     0 retrans   1371 KB-cwnd
[2024-11-08T14:30:30.585660-0500]     0.6250 MB /   0.50 sec =   10.4856 Mbps     0 retrans   1371 KB-cwnd
[2024-11-08T14:30:30.585807-0500]     0.6875 MB /   0.50 sec =   11.5341 Mbps     0 retrans   1371 KB-cwnd
[2024-11-08T14:30:32.008645-0500]     1.0625 MB /   0.50 sec =   17.8260 Mbps     0 retrans   1604 KB-cwnd
[2024-11-08T14:30:32.009134-0500]     0.8125 MB /   0.50 sec =   13.6316 Mbps     0 retrans   1604 KB-cwnd
[2024-11-08T14:30:32.009281-0500]     0.7500 MB /   0.50 sec =   12.5830 Mbps     0 retrans   1604 KB-cwnd
[2024-11-08T14:30:33.743063-0500]     1.2500 MB /   0.50 sec =   20.9711 Mbps     0 retrans   1604 KB-cwnd
[2024-11-08T14:30:33.743448-0500]     1.0625 MB /   0.50 sec =   17.8253 Mbps     0 retrans   1604 KB-cwnd
[2024-11-08T14:30:33.743578-0500]     0.7500 MB /   0.50 sec =   12.5831 Mbps     0 retrans   1604 KB-cwnd
[2024-11-08T14:30:33.743769-0500]     0.4375 MB /   0.50 sec =    7.3400 Mbps     0 retrans   1604 KB-cwnd
[2024-11-08T14:30:38.282945-0500]     0.5000 MB /   0.50 sec =    8.3883 Mbps     0 retrans   1604 KB-cwnd
[2024-11-08T14:30:38.283303-0500]     0.3125 MB /   0.50 sec =    5.2431 Mbps     0 retrans   1604 KB-cwnd
[2024-11-08T14:30:38.283503-0500]     0.3125 MB /   0.50 sec =    5.2427 Mbps     0 retrans   1604 KB-cwnd
[2024-11-08T14:30:38.283631-0500]     0.2500 MB /   0.50 sec =    4.1944 Mbps     0 retrans   1604 KB-cwnd
[2024-11-08T14:30:38.283809-0500]     0.1875 MB /   0.50 sec =    3.1457 Mbps     0 retrans   1604 KB-cwnd
[2024-11-08T14:30:38.283920-0500]     0.2500 MB /   0.50 sec =    4.1943 Mbps     0 retrans   1604 KB-cwnd
[2024-11-08T14:30:38.284020-0500]     0.3125 MB /   0.50 sec =    5.2429 Mbps     0 retrans   1604 KB-cwnd
[2024-11-08T14:30:38.284189-0500]     0.3125 MB /   0.50 sec =    5.2428 Mbps     0 retrans   1604 KB-cwnd
[2024-11-08T14:30:38.284295-0500]     0.2500 MB /   0.50 sec =    4.1944 Mbps     0 retrans   1604 KB-cwnd
[2024-11-08T14:30:41.472867-0500]     0.3750 MB /   0.50 sec =    6.2913 Mbps     0 retrans   1604 KB-cwnd
[2024-11-08T14:30:41.473293-0500]     0.3125 MB /   0.50 sec =    5.2430 Mbps     0 retrans   1604 KB-cwnd
[2024-11-08T14:30:41.473439-0500]     0.4375 MB /   0.50 sec =    7.3399 Mbps     0 retrans   1604 KB-cwnd
[2024-11-08T14:30:41.473604-0500]     0.4375 MB /   0.50 sec =    7.3401 Mbps     0 retrans   1604 KB-cwnd
[2024-11-08T14:30:41.473717-0500]     0.5000 MB /   0.50 sec =    8.3886 Mbps     0 retrans   1604 KB-cwnd
[2024-11-08T14:30:41.473826-0500]     0.3125 MB /   0.50 sec =    5.2427 Mbps     0 retrans   1604 KB-cwnd
[2024-11-08T14:30:43.363362-0500]     0.5625 MB /   0.50 sec =    9.4374 Mbps     0 retrans   1604 KB-cwnd
[2024-11-08T14:30:43.363930-0500]     0.6250 MB /   0.50 sec =   10.4858 Mbps     0 retrans   1604 KB-cwnd
[2024-11-08T14:30:43.364071-0500]     0.8750 MB /   0.50 sec =   14.6037 Mbps     0 retrans   1604 KB-cwnd
[2024-11-08T14:30:43.364183-0500]     0.7500 MB /   0.50 sec =   12.6494 Mbps     0 retrans   1604 KB-cwnd
[2024-11-08T14:30:45.014238-0500]     0.5625 MB /   0.50 sec =    9.4371 Mbps     0 retrans   1604 KB-cwnd
[2024-11-08T14:30:45.014531-0500]     0.7500 MB /   0.50 sec =   12.5831 Mbps     0 retrans   1604 KB-cwnd
[2024-11-08T14:30:45.014621-0500]     0.6875 MB /   0.50 sec =   11.5151 Mbps     0 retrans   1604 KB-cwnd
[2024-11-08T14:30:46.855108-0500]     1.0625 MB /   0.50 sec =   17.8556 Mbps     0 retrans   1604 KB-cwnd
[2024-11-08T14:30:46.855441-0500]     0.6875 MB /   0.50 sec =   11.5344 Mbps     0 retrans   1604 KB-cwnd
[2024-11-08T14:30:46.855568-0500]     0.6250 MB /   0.50 sec =   10.4854 Mbps     0 retrans   1604 KB-cwnd
[2024-11-08T14:30:46.855676-0500]     0.8125 MB /   0.50 sec =   13.6319 Mbps     0 retrans   1604 KB-cwnd
[2024-11-08T14:30:49.404533-0500]     0.6250 MB /   0.50 sec =   10.4856 Mbps     0 retrans   1604 KB-cwnd
[2024-11-08T14:30:49.404667-0500]     0.5625 MB /   0.50 sec =    9.4369 Mbps     0 retrans   1604 KB-cwnd
[2024-11-08T14:30:49.404697-0500]     0.5000 MB /   0.50 sec =    8.3889 Mbps     0 retrans   1604 KB-cwnd
[2024-11-08T14:30:49.404722-0500]     0.5000 MB /   0.50 sec =    8.3882 Mbps     0 retrans   1604 KB-cwnd
[2024-11-08T14:30:49.404746-0500]     0.5000 MB /   0.50 sec =    8.3891 Mbps     0 retrans   1604 KB-cwnd
[2024-11-08T14:30:50.820537-0500]     0.5625 MB /   0.50 sec =    9.4371 Mbps     0 retrans   1604 KB-cwnd
[2024-11-08T14:30:50.820916-0500]     0.8750 MB /   0.50 sec =   14.6795 Mbps     0 retrans   1604 KB-cwnd
[2024-11-08T14:30:50.821052-0500]     1.1250 MB /   0.50 sec =   18.8757 Mbps     0 retrans   1604 KB-cwnd
[2024-11-08T14:30:51.860964-0500]     1.0000 MB /   0.50 sec =   16.7763 Mbps     0 retrans   1604 KB-cwnd
[2024-11-08T14:30:51.861317-0500]     1.3125 MB /   0.50 sec =   22.0134 Mbps     0 retrans   1604 KB-cwnd
[2024-11-08T14:30:52.605454-0500]     1.8125 MB /   0.50 sec =   30.4197 Mbps     0 retrans   1604 KB-cwnd
[2024-11-08T14:30:53.459078-0500]     1.6875 MB /   0.50 sec =   28.3112 Mbps     0 retrans   1721 KB-cwnd
[2024-11-08T14:30:53.459573-0500]     1.3750 MB /   0.50 sec =   23.0680 Mbps     0 retrans   1721 KB-cwnd
[2024-11-08T14:30:54.156393-0500]     2.0625 MB /   0.50 sec =   34.6033 Mbps     0 retrans   2034 KB-cwnd
[2024-11-08T14:30:54.156881-0500]     1.7500 MB /   0.50 sec =   29.3530 Mbps     0 retrans   2034 KB-cwnd
[2024-11-08T14:30:54.755246-0500]     2.2500 MB /   0.50 sec =   37.7586 Mbps     0 retrans   2811 KB-cwnd
[2024-11-08T14:30:55.367758-0500]     2.1875 MB /   0.50 sec =   36.6994 Mbps     0 retrans   2811 KB-cwnd
[2024-11-08T14:30:56.132672-0500]     2.0625 MB /   0.50 sec =   34.6034 Mbps     0 retrans   2811 KB-cwnd
[2024-11-08T14:30:56.996988-0500]     1.6875 MB /   0.50 sec =   28.3105 Mbps     0 retrans   2811 KB-cwnd
[2024-11-08T14:30:56.997185-0500]     1.5000 MB /   0.50 sec =   25.1664 Mbps     0 retrans   2811 KB-cwnd
[2024-11-08T14:30:57.690722-0500]     1.6250 MB /   0.50 sec =   27.2632 Mbps     0 retrans   2811 KB-cwnd
[2024-11-08T14:30:57.691196-0500]     2.0000 MB /   0.50 sec =   33.5546 Mbps     0 retrans   2811 KB-cwnd
[2024-11-08T14:30:58.448900-0500]     1.6875 MB /   0.50 sec =   28.3116 Mbps     0 retrans   2811 KB-cwnd
[2024-11-08T14:30:59.106569-0500]     1.8750 MB /   0.50 sec =   31.4573 Mbps     0 retrans   2811 KB-cwnd
[2024-11-08T14:30:59.993634-0500]     2.1250 MB /   0.50 sec =   35.6519 Mbps     0 retrans   2811 KB-cwnd
[2024-11-08T14:30:59.994137-0500]     1.5000 MB /   0.50 sec =   25.1651 Mbps     0 retrans   2811 KB-cwnd
[2024-11-08T14:31:00.864972-0500]     1.3750 MB /   0.50 sec =   23.0671 Mbps     0 retrans   2811 KB-cwnd
[2024-11-08T14:31:00.865478-0500]     1.3750 MB /   0.50 sec =   23.0706 Mbps     0 retrans   2811 KB-cwnd
[2024-11-08T14:31:01.537012-0500]     2.0000 MB /   0.50 sec =   33.5542 Mbps     0 retrans   2811 KB-cwnd
[2024-11-08T14:31:02.254547-0500]     2.0625 MB /   0.50 sec =   34.6025 Mbps     0 retrans   2811 KB-cwnd
[2024-11-08T14:31:02.255207-0500]     1.6875 MB /   0.50 sec =   28.3116 Mbps     0 retrans   2811 KB-cwnd
[2024-11-08T14:31:02.883359-0500]     2.0000 MB /   0.50 sec =   33.5548 Mbps     0 retrans   2811 KB-cwnd
[2024-11-08T14:31:03.616757-0500]     2.0000 MB /   0.50 sec =   33.5551 Mbps     0 retrans   2811 KB-cwnd
[2024-11-08T14:31:04.708931-0500]     1.8125 MB /   0.50 sec =   30.4085 Mbps     0 retrans   2811 KB-cwnd
[2024-11-08T14:31:04.709150-0500]     1.1250 MB /   0.50 sec =   18.8740 Mbps     0 retrans   2811 KB-cwnd
[2024-11-08T14:31:04.709188-0500]     1.3750 MB /   0.50 sec =   23.0694 Mbps     0 retrans   2811 KB-cwnd
[2024-11-08T14:31:06.924730-0500]     0.6250 MB /   0.50 sec =   10.4856 Mbps     0 retrans   2811 KB-cwnd
[2024-11-08T14:31:06.924897-0500]     0.5000 MB /   0.50 sec =    8.3886 Mbps     0 retrans   2811 KB-cwnd
[2024-11-08T14:31:06.924929-0500]     0.5000 MB /   0.50 sec =    8.3886 Mbps     0 retrans   2811 KB-cwnd
[2024-11-08T14:31:06.924954-0500]     0.7500 MB /   0.50 sec =   12.5830 Mbps     0 retrans   2811 KB-cwnd
[2024-11-08T14:31:08.372213-0500]     0.6875 MB /   0.50 sec =   11.5341 Mbps     0 retrans   2811 KB-cwnd
[2024-11-08T14:31:08.372730-0500]     0.6875 MB /   0.50 sec =   11.5341 Mbps     0 retrans   2811 KB-cwnd
[2024-11-08T14:31:08.372958-0500]     1.0625 MB /   0.50 sec =   17.8262 Mbps     0 retrans   2811 KB-cwnd
[2024-11-08T14:31:09.355138-0500]     1.2500 MB /   0.50 sec =   20.9714 Mbps     0 retrans   2811 KB-cwnd
[2024-11-08T14:31:09.355631-0500]     1.5625 MB /   0.50 sec =   26.2140 Mbps     0 retrans   2811 KB-cwnd
[2024-11-08T14:31:10.744365-0500]     1.0000 MB /   0.50 sec =   16.7779 Mbps     0 retrans   2811 KB-cwnd
[2024-11-08T14:31:10.744809-0500]     0.8125 MB /   0.50 sec =   13.6308 Mbps     0 retrans   2811 KB-cwnd
[2024-11-08T14:31:10.745020-0500]     1.0000 MB /   0.50 sec =   16.7777 Mbps     0 retrans   2811 KB-cwnd
[2024-11-08T14:31:11.793422-0500]     1.4375 MB /   0.50 sec =   24.1177 Mbps     0 retrans   2811 KB-cwnd
[2024-11-08T14:31:11.793570-0500]     1.1875 MB /   0.50 sec =   19.9221 Mbps     0 retrans   2811 KB-cwnd
[2024-11-08T14:31:12.818447-0500]     1.0625 MB /   0.50 sec =   17.8263 Mbps     0 retrans   2811 KB-cwnd
[2024-11-08T14:31:12.818955-0500]     1.1250 MB /   0.50 sec =   18.8741 Mbps     0 retrans   2811 KB-cwnd
[2024-11-08T14:31:13.520158-0500]     2.1875 MB /   0.50 sec =   36.7014 Mbps     0 retrans   2811 KB-cwnd
[2024-11-08T14:31:14.442340-0500]     2.1250 MB /   0.50 sec =   35.6507 Mbps     0 retrans   2811 KB-cwnd
[2024-11-08T14:31:14.442880-0500]     1.4375 MB /   0.50 sec =   24.1170 Mbps     0 retrans   2811 KB-cwnd
[2024-11-08T14:31:15.624014-0500]     1.3125 MB /   0.50 sec =   22.0203 Mbps     0 retrans   2811 KB-cwnd
[2024-11-08T14:31:15.624428-0500]     1.1250 MB /   0.50 sec =   18.8745 Mbps     0 retrans   2811 KB-cwnd
[2024-11-08T14:31:16.976951-0500]     1.0000 MB /   0.50 sec =   16.7777 Mbps     0 retrans   2811 KB-cwnd
[2024-11-08T14:31:16.977640-0500]     0.8750 MB /   0.50 sec =   14.6797 Mbps     0 retrans   2811 KB-cwnd
[2024-11-08T14:31:16.977898-0500]     1.0000 MB /   0.50 sec =   16.7770 Mbps     0 retrans   2811 KB-cwnd
[2024-11-08T14:31:17.636528-0500]     1.0625 MB /   0.50 sec =   17.8255 Mbps     0 retrans   2811 KB-cwnd
[2024-11-08T14:31:18.250202-0500]     2.3750 MB /   0.50 sec =   39.8471 Mbps     0 retrans   2811 KB-cwnd
[2024-11-08T14:31:18.250693-0500]     2.1250 MB /   0.50 sec =   35.6515 Mbps     0 retrans   2811 KB-cwnd
[2024-11-08T14:31:19.149697-0500]     1.3750 MB /   0.50 sec =   23.0686 Mbps     0 retrans   2811 KB-cwnd
[2024-11-08T14:31:19.150254-0500]     1.7500 MB /   0.50 sec =   29.3608 Mbps     0 retrans   2811 KB-cwnd
[2024-11-08T14:31:19.981744-0500]     1.8750 MB /   0.50 sec =   31.4570 Mbps     0 retrans   2811 KB-cwnd
[2024-11-08T14:31:20.981929-0500]     1.0625 MB /   0.50 sec =   17.8254 Mbps     0 retrans   2811 KB-cwnd
[2024-11-08T14:31:20.982338-0500]     1.3750 MB /   0.50 sec =   23.0690 Mbps     0 retrans   2811 KB-cwnd
[2024-11-08T14:31:21.579208-0500]     1.6250 MB /   0.50 sec =   27.2631 Mbps     0 retrans   2811 KB-cwnd
[2024-11-08T14:31:22.785128-0500]     2.2500 MB /   0.50 sec =   37.7486 Mbps     0 retrans   2811 KB-cwnd
[2024-11-08T14:31:22.785419-0500]     1.0000 MB /   0.50 sec =   16.7772 Mbps     0 retrans   2811 KB-cwnd
[2024-11-08T14:31:22.785510-0500]     1.1250 MB /   0.50 sec =   18.8742 Mbps     0 retrans   2811 KB-cwnd
[2024-11-08T14:31:24.251064-0500]     0.9375 MB /   0.50 sec =   15.7285 Mbps     0 retrans   2811 KB-cwnd
[2024-11-08T14:31:24.251431-0500]     1.1875 MB /   0.50 sec =   19.9236 Mbps     0 retrans   2811 KB-cwnd
[2024-11-08T14:31:24.251563-0500]     0.6875 MB /   0.50 sec =   11.5338 Mbps     0 retrans   2811 KB-cwnd
[2024-11-08T14:31:25.935829-0500]     0.6875 MB /   0.50 sec =   11.5346 Mbps     0 retrans   2811 KB-cwnd
[2024-11-08T14:31:25.936242-0500]     0.8125 MB /   0.50 sec =   13.6315 Mbps     0 retrans   2811 KB-cwnd
[2024-11-08T14:31:25.936375-0500]     0.7500 MB /   0.50 sec =   12.5830 Mbps     0 retrans   2811 KB-cwnd
[2024-11-08T14:31:27.236480-0500]     1.0625 MB /   0.50 sec =   17.8248 Mbps     0 retrans   2811 KB-cwnd
[2024-11-08T14:31:27.236722-0500]     1.1250 MB /   0.50 sec =   18.8753 Mbps     0 retrans   2811 KB-cwnd
[2024-11-08T14:31:27.236808-0500]     0.8750 MB /   0.50 sec =   14.6799 Mbps     0 retrans   2811 KB-cwnd
[2024-11-08T14:31:28.702355-0500]     1.0000 MB /   0.50 sec =   16.7769 Mbps     0 retrans   2811 KB-cwnd
[2024-11-08T14:31:28.702722-0500]     0.8750 MB /   0.50 sec =   14.6760 Mbps     0 retrans   2811 KB-cwnd
[2024-11-08T14:31:28.702851-0500]     0.8750 MB /   0.50 sec =   14.6843 Mbps     0 retrans   2811 KB-cwnd
[2024-11-08T14:31:30.129420-0500]     0.9375 MB /   0.50 sec =   15.7289 Mbps     0 retrans   2811 KB-cwnd
[2024-11-08T14:31:30.129879-0500]     1.0625 MB /   0.50 sec =   17.8260 Mbps     0 retrans   2811 KB-cwnd
[2024-11-08T14:31:31.964828-0500]     0.7500 MB /   0.50 sec =   12.5803 Mbps     0 retrans   2811 KB-cwnd
[2024-11-08T14:31:31.965329-0500]     0.7500 MB /   0.50 sec =   12.5855 Mbps     0 retrans   2811 KB-cwnd
[2024-11-08T14:31:31.965477-0500]     0.5625 MB /   0.50 sec =    9.4368 Mbps     0 retrans   2811 KB-cwnd
[2024-11-08T14:31:31.965594-0500]     0.7500 MB /   0.50 sec =   12.5835 Mbps     0 retrans   2811 KB-cwnd
[2024-11-08T14:31:32.900857-0500]     0.8125 MB /   0.50 sec =   13.6315 Mbps     0 retrans   2811 KB-cwnd
[2024-11-08T14:31:32.901151-0500]     1.5625 MB /   0.50 sec =   26.2147 Mbps     0 retrans   2811 KB-cwnd
[2024-11-08T14:31:34.017828-0500]     1.6250 MB /   0.50 sec =   27.2626 Mbps     0 retrans   2811 KB-cwnd
[2024-11-08T14:31:34.018235-0500]     1.1250 MB /   0.50 sec =   18.8747 Mbps     0 retrans   2811 KB-cwnd
[2024-11-08T14:31:35.416642-0500]     1.0625 MB /   0.50 sec =   17.8257 Mbps     0 retrans   2811 KB-cwnd
[2024-11-08T14:31:35.416932-0500]     0.8750 MB /   0.50 sec =   14.6781 Mbps     0 retrans   2811 KB-cwnd
[2024-11-08T14:31:35.417012-0500]     0.9375 MB /   0.50 sec =   15.7303 Mbps     0 retrans   2811 KB-cwnd
[2024-11-08T14:31:37.095624-0500]     0.8750 MB /   0.50 sec =   14.6804 Mbps     0 retrans   2811 KB-cwnd
[2024-11-08T14:31:37.096100-0500]     0.7500 MB /   0.50 sec =   12.5828 Mbps     0 retrans   2811 KB-cwnd
[2024-11-08T14:31:37.096239-0500]     0.7500 MB /   0.50 sec =   12.5825 Mbps     0 retrans   2811 KB-cwnd
[2024-11-08T14:31:38.330436-0500]     0.9375 MB /   0.50 sec =   15.7285 Mbps     0 retrans   2811 KB-cwnd
[2024-11-08T14:31:38.330864-0500]     1.1250 MB /   0.50 sec =   18.8752 Mbps     0 retrans   2811 KB-cwnd
[2024-11-08T14:31:38.331006-0500]     1.0625 MB /   0.50 sec =   17.8259 Mbps     0 retrans   2811 KB-cwnd
[2024-11-08T14:31:40.133251-0500]     0.8750 MB /   0.50 sec =   14.6798 Mbps     0 retrans   2811 KB-cwnd
[2024-11-08T14:31:40.133678-0500]     0.8125 MB /   0.50 sec =   13.6318 Mbps     0 retrans   2811 KB-cwnd
[2024-11-08T14:31:40.133817-0500]     0.6875 MB /   0.50 sec =   11.5343 Mbps     0 retrans   2811 KB-cwnd
[2024-11-08T14:31:42.021662-0500]     0.6875 MB /   0.50 sec =   11.5342 Mbps     0 retrans   2811 KB-cwnd
[2024-11-08T14:31:42.021858-0500]     0.9375 MB /   0.50 sec =   15.7288 Mbps     0 retrans   2811 KB-cwnd
[2024-11-08T14:31:42.021893-0500]     0.6875 MB /   0.50 sec =   11.5343 Mbps     0 retrans   2811 KB-cwnd
[2024-11-08T14:31:42.021920-0500]     0.5625 MB /   0.50 sec =    9.4320 Mbps     0 retrans   2811 KB-cwnd
[2024-11-08T14:31:44.211283-0500]     0.6250 MB /   0.50 sec =   10.4915 Mbps     1 retrans   3601 KB-cwnd
[2024-11-08T14:31:44.211440-0500]     0.6250 MB /   0.50 sec =   10.4858 Mbps     0 retrans   3601 KB-cwnd
[2024-11-08T14:31:44.211471-0500]     0.5000 MB /   0.50 sec =    8.3881 Mbps     0 retrans   3601 KB-cwnd
[2024-11-08T14:31:44.211495-0500]     0.4375 MB /   0.50 sec =    7.3402 Mbps     0 retrans   3601 KB-cwnd
[2024-11-08T14:31:44.211519-0500]     0.8125 MB /   0.50 sec =   13.6318 Mbps     0 retrans   3601 KB-cwnd
[2024-11-08T14:31:46.830117-0500]     0.6250 MB /   0.50 sec =   10.4857 Mbps     0 retrans   3601 KB-cwnd
[2024-11-08T14:31:46.830555-0500]     0.6250 MB /   0.50 sec =   10.4856 Mbps     0 retrans   3601 KB-cwnd
[2024-11-08T14:31:46.830690-0500]     0.4375 MB /   0.50 sec =    7.3402 Mbps     0 retrans   3601 KB-cwnd
[2024-11-08T14:31:46.830802-0500]     0.4375 MB /   0.50 sec =    7.3398 Mbps     0 retrans   3601 KB-cwnd
[2024-11-08T14:31:46.830907-0500]     0.5000 MB /   0.50 sec =    8.3887 Mbps     0 retrans   3601 KB-cwnd
[2024-11-08T14:31:48.840939-0500]     0.5000 MB /   0.50 sec =    8.3884 Mbps     0 retrans   3601 KB-cwnd
[2024-11-08T14:31:48.841347-0500]     0.5625 MB /   0.50 sec =    9.4379 Mbps     0 retrans   3601 KB-cwnd
[2024-11-08T14:31:48.841487-0500]     1.0625 MB /   0.50 sec =   17.8250 Mbps     0 retrans   3601 KB-cwnd
[2024-11-08T14:31:48.841599-0500]     0.5000 MB /   0.50 sec =    8.3888 Mbps     0 retrans   3601 KB-cwnd
[2024-11-08T14:31:52.080533-0500]     0.2500 MB /   0.50 sec =    4.1941 Mbps     2 retrans   2879 KB-cwnd
[2024-11-08T14:31:52.080912-0500]     0.0000 MB /   0.50 sec =    0.0000 Mbps     0 retrans   2879 KB-cwnd
[2024-11-08T14:31:52.081044-0500]     0.8750 MB /   0.50 sec =   14.5824 Mbps     0 retrans   2879 KB-cwnd
[2024-11-08T14:31:52.081155-0500]     0.5000 MB /   0.50 sec =    8.4463 Mbps     0 retrans   2879 KB-cwnd
[2024-11-08T14:31:52.081257-0500]     0.3750 MB /   0.50 sec =    6.2914 Mbps     0 retrans   2879 KB-cwnd
[2024-11-08T14:31:52.081357-0500]     0.3125 MB /   0.50 sec =    5.2430 Mbps     0 retrans   2879 KB-cwnd
[2024-11-08T14:31:55.585129-0500]     0.5625 MB /   0.50 sec =    9.4368 Mbps     1 retrans   2301 KB-cwnd
[2024-11-08T14:31:55.585500-0500]     0.0000 MB /   0.50 sec =    0.0000 Mbps     0 retrans   2301 KB-cwnd
[2024-11-08T14:31:55.585632-0500]     0.0000 MB /   0.50 sec =    0.0000 Mbps     0 retrans   2301 KB-cwnd
[2024-11-08T14:31:55.585741-0500]     1.0625 MB /   0.50 sec =   17.8263 Mbps     0 retrans   2301 KB-cwnd
[2024-11-08T14:31:55.585844-0500]     0.3125 MB /   0.50 sec =    5.2429 Mbps     0 retrans   2301 KB-cwnd
[2024-11-08T14:31:55.585945-0500]     0.3750 MB /   0.50 sec =    6.2913 Mbps     0 retrans   2301 KB-cwnd
[2024-11-08T14:31:55.586047-0500]     0.5000 MB /   0.50 sec =    8.3881 Mbps     0 retrans   2301 KB-cwnd
[2024-11-08T14:31:58.529800-0500]     0.4375 MB /   0.50 sec =    7.3405 Mbps     0 retrans   2301 KB-cwnd
[2024-11-08T14:31:58.530229-0500]     0.4375 MB /   0.50 sec =    7.3401 Mbps     0 retrans   2301 KB-cwnd
[2024-11-08T14:31:58.530461-0500]     0.3125 MB /   0.50 sec =    5.2422 Mbps     0 retrans   2301 KB-cwnd
[2024-11-08T14:31:58.530600-0500]     0.3750 MB /   0.50 sec =    6.2921 Mbps     0 retrans   2301 KB-cwnd
[2024-11-08T14:31:58.530704-0500]     0.3750 MB /   0.50 sec =    6.2916 Mbps     0 retrans   2301 KB-cwnd
[2024-11-08T14:31:58.530805-0500]     0.5000 MB /   0.50 sec =    8.3870 Mbps     0 retrans   2301 KB-cwnd
[2024-11-08T14:32:00.074262-0500]     0.8750 MB /   0.50 sec =   14.6820 Mbps     0 retrans   2301 KB-cwnd
[2024-11-08T14:32:00.074605-0500]     0.8125 MB /   0.50 sec =   13.6309 Mbps     0 retrans   2301 KB-cwnd
[2024-11-08T14:32:00.074733-0500]     0.8750 MB /   0.50 sec =   14.6592 Mbps     0 retrans   2301 KB-cwnd
[2024-11-08T14:32:02.048062-0500]     0.8750 MB /   0.50 sec =   14.7020 Mbps     0 retrans   2301 KB-cwnd
[2024-11-08T14:32:02.048448-0500]     0.6875 MB /   0.50 sec =   11.5348 Mbps     0 retrans   2301 KB-cwnd
[2024-11-08T14:32:02.048585-0500]     0.8125 MB /   0.50 sec =   13.6310 Mbps     0 retrans   2301 KB-cwnd
[2024-11-08T14:32:02.048696-0500]     0.6250 MB /   0.50 sec =   10.4862 Mbps     0 retrans   2301 KB-cwnd
[2024-11-08T14:32:03.334267-0500]     0.5625 MB /   0.50 sec =    9.4368 Mbps     0 retrans   2301 KB-cwnd
[2024-11-08T14:32:03.334676-0500]     1.0000 MB /   0.50 sec =   16.7775 Mbps     0 retrans   2301 KB-cwnd
[2024-11-08T14:32:03.334828-0500]     0.8750 MB /   0.50 sec =   14.6803 Mbps     0 retrans   2301 KB-cwnd
[2024-11-08T14:32:04.952397-0500]     1.4375 MB /   0.50 sec =   24.1161 Mbps     0 retrans   2301 KB-cwnd
[2024-11-08T14:32:04.952936-0500]     0.7500 MB /   0.50 sec =   12.5833 Mbps     0 retrans   2301 KB-cwnd
[2024-11-08T14:32:04.953083-0500]     0.8125 MB /   0.50 sec =   13.6316 Mbps     0 retrans   2301 KB-cwnd
[2024-11-08T14:32:08.148911-0500]     0.5000 MB /   0.50 sec =    8.3883 Mbps     0 retrans   2301 KB-cwnd
[2024-11-08T14:32:08.149256-0500]     0.5000 MB /   0.50 sec =    8.3889 Mbps     0 retrans   2301 KB-cwnd
[2024-11-08T14:32:08.149389-0500]     0.3750 MB /   0.50 sec =    6.2916 Mbps     0 retrans   2301 KB-cwnd
[2024-11-08T14:32:08.149499-0500]     0.1875 MB /   0.50 sec =    3.1456 Mbps     0 retrans   2301 KB-cwnd
[2024-11-08T14:32:08.149601-0500]     0.3125 MB /   0.50 sec =    5.2430 Mbps     0 retrans   2301 KB-cwnd
[2024-11-08T14:32:08.149701-0500]     0.5000 MB /   0.50 sec =    8.3885 Mbps     0 retrans   2301 KB-cwnd
[2024-11-08T14:32:08.149800-0500]     0.5625 MB /   0.50 sec =    9.4369 Mbps     0 retrans   2301 KB-cwnd
[2024-11-08T14:32:09.832391-0500]     0.6250 MB /   0.50 sec =   10.4859 Mbps     0 retrans   2301 KB-cwnd
[2024-11-08T14:32:09.832957-0500]     0.8125 MB /   0.50 sec =   13.6289 Mbps     0 retrans   2301 KB-cwnd
[2024-11-08T14:32:09.833113-0500]     0.8750 MB /   0.50 sec =   14.6826 Mbps     0 retrans   2301 KB-cwnd
[2024-11-08T14:32:10.852080-0500]     1.0000 MB /   0.50 sec =   16.7774 Mbps     0 retrans   2301 KB-cwnd
[2024-11-08T14:32:10.852584-0500]     1.5000 MB /   0.50 sec =   25.1653 Mbps     0 retrans   2301 KB-cwnd
[2024-11-08T14:32:11.878361-0500]     1.6875 MB /   0.50 sec =   28.3117 Mbps     0 retrans   2301 KB-cwnd
[2024-11-08T14:32:11.878643-0500]     1.1250 MB /   0.50 sec =   18.8748 Mbps     0 retrans   2301 KB-cwnd
[2024-11-08T14:32:13.084853-0500]     0.6875 MB /   0.50 sec =   11.5344 Mbps     0 retrans   2301 KB-cwnd
[2024-11-08T14:32:13.085322-0500]     0.9375 MB /   0.50 sec =   15.7285 Mbps     0 retrans   2301 KB-cwnd
[2024-11-08T14:32:14.475832-0500]     1.6875 MB /   0.50 sec =   28.3118 Mbps     0 retrans   2301 KB-cwnd
[2024-11-08T14:32:14.476183-0500]     0.8750 MB /   0.50 sec =   14.6623 Mbps     0 retrans   2301 KB-cwnd
[2024-11-08T14:32:14.476310-0500]     0.7500 MB /   0.50 sec =   12.5984 Mbps     0 retrans   2301 KB-cwnd
[2024-11-08T14:32:15.267099-0500]     1.1250 MB /   0.50 sec =   18.8730 Mbps     0 retrans   2301 KB-cwnd
[2024-11-08T14:32:15.267491-0500]     1.9375 MB /   0.50 sec =   32.5078 Mbps     0 retrans   2301 KB-cwnd
[2024-11-08T14:32:16.403937-0500]     1.1875 MB /   0.50 sec =   19.9227 Mbps     0 retrans   2301 KB-cwnd
[2024-11-08T14:32:16.404437-0500]     1.1875 MB /   0.50 sec =   19.9223 Mbps     0 retrans   2301 KB-cwnd
[2024-11-08T14:32:17.603907-0500]     1.1875 MB /   0.50 sec =   19.9235 Mbps     0 retrans   2301 KB-cwnd
[2024-11-08T14:32:17.604224-0500]     1.0625 MB /   0.50 sec =   17.8259 Mbps     0 retrans   2301 KB-cwnd
[2024-11-08T14:32:18.395681-0500]     1.1250 MB /   0.50 sec =   18.8749 Mbps     0 retrans   2301 KB-cwnd
[2024-11-08T14:32:18.396132-0500]     1.5625 MB /   0.50 sec =   26.2125 Mbps     0 retrans   2301 KB-cwnd
[2024-11-08T14:32:18.905239-0500]     2.5000 MB /   0.50 sec =   41.9451 Mbps     0 retrans   2301 KB-cwnd
[2024-11-08T14:32:19.275348-0500]     3.0000 MB /   0.50 sec =   50.3322 Mbps     0 retrans   2301 KB-cwnd
[2024-11-08T14:32:20.403917-0500]     2.2500 MB /   0.50 sec =   37.7489 Mbps     0 retrans   2301 KB-cwnd
[2024-11-08T14:32:20.404098-0500]     0.9375 MB /   0.50 sec =   15.7285 Mbps     0 retrans   2301 KB-cwnd
[2024-11-08T14:32:21.846236-0500]     0.9375 MB /   0.50 sec =   15.7289 Mbps     0 retrans   2301 KB-cwnd
[2024-11-08T14:32:21.846788-0500]     0.6875 MB /   0.50 sec =   11.5345 Mbps     0 retrans   2301 KB-cwnd
[2024-11-08T14:32:21.846942-0500]     1.1875 MB /   0.50 sec =   19.9229 Mbps     0 retrans   2301 KB-cwnd
[2024-11-08T14:32:22.847181-0500]     0.8125 MB /   0.50 sec =   13.6309 Mbps     0 retrans   2301 KB-cwnd
[2024-11-08T14:32:22.847543-0500]     1.5625 MB /   0.50 sec =   26.2144 Mbps     0 retrans   2301 KB-cwnd
[2024-11-08T14:32:23.670240-0500]     1.8125 MB /   0.50 sec =   30.4094 Mbps     0 retrans   2301 KB-cwnd
[2024-11-08T14:32:23.670521-0500]     1.5000 MB /   0.50 sec =   25.1647 Mbps     0 retrans   2301 KB-cwnd
[2024-11-08T14:32:24.413274-0500]     1.8750 MB /   0.50 sec =   31.4560 Mbps     0 retrans   2301 KB-cwnd
[2024-11-08T14:32:25.072466-0500]     1.8125 MB /   0.50 sec =   30.4106 Mbps     0 retrans   2301 KB-cwnd
[2024-11-08T14:32:25.613551-0500]     2.0625 MB /   0.50 sec =   34.6027 Mbps     0 retrans   2301 KB-cwnd
[2024-11-08T14:32:25.647153-0500]     2.1250 MB /   0.50 sec =   35.6527 Mbps     0 retrans   2301 KB-cwnd
End time: 1731094346189
