Start time: 1730526224597
[2024-11-01T22:43:45.579064-0700] nuttcp-t: v8.1.4: socket
[2024-11-01T22:43:45.580268-0700] nuttcp-t: buflen=65536, nstream=1, port=5101 tcp -> 54.176.53.206
[2024-11-01T22:43:45.580413-0700] nuttcp-t: time limit = 120.00 seconds
[2024-11-01T22:43:45.580532-0700] nuttcp-t: connect to 54.176.53.206 with mss=1376, RTT=45.102 ms af=inet
[2024-11-01T22:43:45.580644-0700] nuttcp-t: send window size = 2097152, receive window size = 6291456
[2024-11-01T22:43:45.580753-0700] nuttcp-t: available send window = 1572864, available receive window = 4718592
[2024-11-01T22:43:45.580863-0700] nuttcp-t: initial congestion window = 13 KB (10 packets)
[2024-11-01T22:43:45.580971-0700] nuttcp-r: v6.1.2: socket
[2024-11-01T22:43:45.581075-0700] nuttcp-r: buflen=65536, nstream=1, port=5101 tcp
[2024-11-01T22:43:45.581185-0700] nuttcp-r: interval reporting every 0.50 seconds
[2024-11-01T22:43:45.581290-0700] nuttcp-r: accept from 174.227.114.198
[2024-11-01T22:43:45.581394-0700] nuttcp-r: send window size = 450000000, receive window size = 450000000
[2024-11-01T22:43:45.581498-0700] nuttcp-r: available send window = 225000000, available receive window = 225000000
[2024-11-01T22:43:45.581629-0700]     2.0625 MB /   0.50 sec =   34.5993 Mbps     0 retrans   2027 KB-cwnd
[2024-11-01T22:43:46.247132-0700]     3.8750 MB /   0.50 sec =   65.0174 Mbps     0 retrans   2252 KB-cwnd
[2024-11-01T22:43:46.565161-0700]     4.1250 MB /   0.50 sec =   69.2021 Mbps     0 retrans   2326 KB-cwnd
[2024-11-01T22:43:47.189273-0700]     4.1875 MB /   0.50 sec =   70.2592 Mbps     0 retrans   2326 KB-cwnd
[2024-11-01T22:43:47.505022-0700]     4.1250 MB /   0.50 sec =   69.2021 Mbps     0 retrans   2326 KB-cwnd
[2024-11-01T22:43:48.205907-0700]     3.9375 MB /   0.50 sec =   65.9880 Mbps     0 retrans   2326 KB-cwnd
[2024-11-01T22:43:48.542417-0700]     3.8125 MB /   0.50 sec =   64.0347 Mbps     0 retrans   2326 KB-cwnd
[2024-11-01T22:43:49.182606-0700]     4.2500 MB /   0.50 sec =   71.3043 Mbps     0 retrans   2326 KB-cwnd
[2024-11-01T22:43:49.512385-0700]     4.0625 MB /   0.50 sec =   68.1572 Mbps     0 retrans   2326 KB-cwnd
[2024-11-01T22:43:50.179927-0700]     4.0625 MB /   0.50 sec =   68.1574 Mbps     0 retrans   2326 KB-cwnd
[2024-11-01T22:43:50.502840-0700]     4.2500 MB /   0.50 sec =   71.3036 Mbps     0 retrans   2326 KB-cwnd
[2024-11-01T22:43:51.191211-0700]     4.0000 MB /   0.50 sec =   67.1098 Mbps     0 retrans   2326 KB-cwnd
[2024-11-01T22:43:51.530863-0700]     3.8125 MB /   0.50 sec =   63.9564 Mbps     0 retrans   2326 KB-cwnd
[2024-11-01T22:43:52.270346-0700]     3.5625 MB /   0.50 sec =   59.7741 Mbps     0 retrans   2326 KB-cwnd
[2024-11-01T22:43:52.682357-0700]     3.5000 MB /   0.50 sec =   58.7190 Mbps     0 retrans   2326 KB-cwnd
[2024-11-01T22:43:53.043049-0700]     3.6250 MB /   0.50 sec =   60.8180 Mbps     0 retrans   2326 KB-cwnd
[2024-11-01T22:43:53.904936-0700]     3.3750 MB /   0.50 sec =   56.6214 Mbps     0 retrans   2326 KB-cwnd
[2024-11-01T22:43:54.342107-0700]     2.8125 MB /   0.50 sec =   47.1866 Mbps     0 retrans   2326 KB-cwnd
[2024-11-01T22:43:54.768800-0700]     3.1250 MB /   0.50 sec =   52.4300 Mbps     0 retrans   2326 KB-cwnd
[2024-11-01T22:43:55.212351-0700]     3.0000 MB /   0.50 sec =   50.3315 Mbps     0 retrans   2326 KB-cwnd
[2024-11-01T22:43:55.636549-0700]     3.1250 MB /   0.50 sec =   52.4298 Mbps     0 retrans   2326 KB-cwnd
[2024-11-01T22:43:56.070737-0700]     3.0000 MB /   0.50 sec =   50.3304 Mbps     0 retrans   2326 KB-cwnd
[2024-11-01T22:43:56.482977-0700]     3.1875 MB /   0.50 sec =   53.4768 Mbps     0 retrans   2326 KB-cwnd
[2024-11-01T22:43:57.402375-0700]     3.0000 MB /   0.50 sec =   50.3335 Mbps     0 retrans   2326 KB-cwnd
[2024-11-01T22:43:57.864556-0700]     2.8125 MB /   0.50 sec =   47.1854 Mbps     0 retrans   2326 KB-cwnd
[2024-11-01T22:43:58.299871-0700]     3.0000 MB /   0.50 sec =   50.3321 Mbps     0 retrans   2326 KB-cwnd
[2024-11-01T22:43:58.719312-0700]     3.0000 MB /   0.50 sec =   50.3307 Mbps     0 retrans   2326 KB-cwnd
[2024-11-01T22:43:59.173111-0700]     3.0625 MB /   0.50 sec =   51.3793 Mbps     0 retrans   2326 KB-cwnd
[2024-11-01T22:43:59.658798-0700]     2.9375 MB /   0.50 sec =   49.2494 Mbps     0 retrans   2326 KB-cwnd
[2024-11-01T22:44:00.162431-0700]     2.7500 MB /   0.50 sec =   46.1694 Mbps     0 retrans   2326 KB-cwnd
[2024-11-01T22:44:00.630810-0700]     2.6875 MB /   0.50 sec =   45.0889 Mbps     0 retrans   2326 KB-cwnd
[2024-11-01T22:44:01.092448-0700]     2.8125 MB /   0.50 sec =   47.1869 Mbps     0 retrans   2326 KB-cwnd
[2024-11-01T22:44:01.576723-0700]     2.8750 MB /   0.50 sec =   48.2324 Mbps     0 retrans   2326 KB-cwnd
[2024-11-01T22:44:02.035018-0700]     2.8750 MB /   0.50 sec =   48.2356 Mbps     0 retrans   2326 KB-cwnd
[2024-11-01T22:44:02.530932-0700]     2.6250 MB /   0.50 sec =   44.0376 Mbps     0 retrans   2326 KB-cwnd
[2024-11-01T22:44:02.996893-0700]     2.8750 MB /   0.50 sec =   48.2382 Mbps     0 retrans   2326 KB-cwnd
[2024-11-01T22:44:03.462986-0700]     2.8125 MB /   0.50 sec =   47.1855 Mbps     0 retrans   2326 KB-cwnd
[2024-11-01T22:44:04.408051-0700]     2.8750 MB /   0.50 sec =   48.2345 Mbps     0 retrans   2326 KB-cwnd
[2024-11-01T22:44:04.880222-0700]     2.7500 MB /   0.50 sec =   46.1358 Mbps     0 retrans   2326 KB-cwnd
[2024-11-01T22:44:05.372801-0700]     2.8125 MB /   0.50 sec =   47.1863 Mbps     0 retrans   2326 KB-cwnd
[2024-11-01T22:44:05.843418-0700]     2.6875 MB /   0.50 sec =   45.0896 Mbps     0 retrans   2326 KB-cwnd
[2024-11-01T22:44:06.322677-0700]     2.8125 MB /   0.50 sec =   47.1860 Mbps     0 retrans   2326 KB-cwnd
[2024-11-01T22:44:06.822067-0700]     2.7500 MB /   0.50 sec =   46.1384 Mbps     0 retrans   2326 KB-cwnd
[2024-11-01T22:44:07.302913-0700]     2.7500 MB /   0.50 sec =   46.1370 Mbps     0 retrans   2326 KB-cwnd
[2024-11-01T22:44:07.761216-0700]     2.7500 MB /   0.50 sec =   46.1373 Mbps     0 retrans   2326 KB-cwnd
[2024-11-01T22:44:08.290925-0700]     2.8125 MB /   0.50 sec =   47.1864 Mbps     0 retrans   2326 KB-cwnd
[2024-11-01T22:44:08.795233-0700]     2.5000 MB /   0.50 sec =   41.9420 Mbps     0 retrans   2326 KB-cwnd
[2024-11-01T22:44:09.288152-0700]     2.6250 MB /   0.50 sec =   44.0404 Mbps     0 retrans   2326 KB-cwnd
[2024-11-01T22:44:09.784212-0700]     2.8750 MB /   0.50 sec =   48.2320 Mbps     0 retrans   2326 KB-cwnd
[2024-11-01T22:44:10.300895-0700]     2.5000 MB /   0.50 sec =   41.9440 Mbps     0 retrans   2326 KB-cwnd
[2024-11-01T22:44:10.802983-0700]     2.6250 MB /   0.50 sec =   44.0398 Mbps     0 retrans   2326 KB-cwnd
[2024-11-01T22:44:11.278161-0700]     2.6875 MB /   0.50 sec =   45.0898 Mbps     0 retrans   2326 KB-cwnd
[2024-11-01T22:44:11.773254-0700]     2.8125 MB /   0.50 sec =   47.1871 Mbps     0 retrans   2326 KB-cwnd
[2024-11-01T22:44:12.222533-0700]     2.8750 MB /   0.50 sec =   48.2347 Mbps     0 retrans   2326 KB-cwnd
[2024-11-01T22:44:12.764080-0700]     2.6875 MB /   0.50 sec =   45.0880 Mbps     0 retrans   2326 KB-cwnd
[2024-11-01T22:44:13.272303-0700]     2.4375 MB /   0.50 sec =   40.8951 Mbps     0 retrans   2326 KB-cwnd
[2024-11-01T22:44:13.768672-0700]     2.6875 MB /   0.50 sec =   45.0883 Mbps     0 retrans   2326 KB-cwnd
[2024-11-01T22:44:14.340133-0700]     2.4375 MB /   0.50 sec =   40.8949 Mbps     0 retrans   2326 KB-cwnd
[2024-11-01T22:44:14.841259-0700]     2.5625 MB /   0.50 sec =   42.9908 Mbps     0 retrans   2326 KB-cwnd
[2024-11-01T22:44:15.300154-0700]     2.8125 MB /   0.50 sec =   47.1871 Mbps     0 retrans   2326 KB-cwnd
[2024-11-01T22:44:15.816796-0700]     2.7500 MB /   0.50 sec =   46.1361 Mbps     0 retrans   2326 KB-cwnd
[2024-11-01T22:44:16.348057-0700]     2.5000 MB /   0.50 sec =   41.9430 Mbps     0 retrans   2326 KB-cwnd
[2024-11-01T22:44:16.844408-0700]     2.4375 MB /   0.50 sec =   40.8954 Mbps     0 retrans   2326 KB-cwnd
[2024-11-01T22:44:17.306362-0700]     2.8125 MB /   0.50 sec =   47.1864 Mbps     0 retrans   2326 KB-cwnd
[2024-11-01T22:44:17.748502-0700]     2.9375 MB /   0.50 sec =   49.2827 Mbps     0 retrans   2326 KB-cwnd
[2024-11-01T22:44:18.174403-0700]     3.0625 MB /   0.50 sec =   51.3790 Mbps     0 retrans   2326 KB-cwnd
[2024-11-01T22:44:18.594304-0700]     3.1250 MB /   0.50 sec =   52.4301 Mbps     0 retrans   2326 KB-cwnd
[2024-11-01T22:44:19.016289-0700]     3.1875 MB /   0.50 sec =   53.4755 Mbps     0 retrans   2326 KB-cwnd
[2024-11-01T22:44:19.458660-0700]     3.0625 MB /   0.50 sec =   51.3811 Mbps     0 retrans   2326 KB-cwnd
[2024-11-01T22:44:20.377090-0700]     3.0000 MB /   0.50 sec =   50.3298 Mbps     0 retrans   2326 KB-cwnd
[2024-11-01T22:44:20.831001-0700]     2.8750 MB /   0.50 sec =   48.2368 Mbps     0 retrans   2326 KB-cwnd
[2024-11-01T22:44:21.311139-0700]     2.8750 MB /   0.50 sec =   48.2343 Mbps     0 retrans   2326 KB-cwnd
[2024-11-01T22:44:21.824340-0700]     2.7500 MB /   0.50 sec =   46.1380 Mbps     0 retrans   2326 KB-cwnd
[2024-11-01T22:44:22.370515-0700]     2.5000 MB /   0.50 sec =   41.9411 Mbps     0 retrans   2326 KB-cwnd
[2024-11-01T22:44:22.872201-0700]     2.5625 MB /   0.50 sec =   42.9924 Mbps     0 retrans   2326 KB-cwnd
[2024-11-01T22:44:23.384485-0700]     2.6875 MB /   0.50 sec =   45.0885 Mbps     0 retrans   2326 KB-cwnd
[2024-11-01T22:44:23.889233-0700]     2.5625 MB /   0.50 sec =   42.9922 Mbps     0 retrans   2326 KB-cwnd
[2024-11-01T22:44:24.372876-0700]     2.6250 MB /   0.50 sec =   44.0399 Mbps     0 retrans   2326 KB-cwnd
[2024-11-01T22:44:24.892487-0700]     2.8125 MB /   0.50 sec =   47.1873 Mbps     0 retrans   2326 KB-cwnd
[2024-11-01T22:44:25.428130-0700]     2.5625 MB /   0.50 sec =   42.9909 Mbps     0 retrans   2326 KB-cwnd
[2024-11-01T22:44:25.942742-0700]     2.5625 MB /   0.50 sec =   42.9920 Mbps     0 retrans   2326 KB-cwnd
[2024-11-01T22:44:26.475611-0700]     2.5625 MB /   0.50 sec =   42.9905 Mbps     0 retrans   2326 KB-cwnd
[2024-11-01T22:44:26.475937-0700]     2.4375 MB /   0.50 sec =   40.8945 Mbps     0 retrans   2326 KB-cwnd
[2024-11-01T22:44:27.046563-0700]     2.3750 MB /   0.50 sec =   39.8464 Mbps     0 retrans   2326 KB-cwnd
[2024-11-01T22:44:27.656515-0700]     2.1875 MB /   0.50 sec =   36.6994 Mbps     0 retrans   2326 KB-cwnd
[2024-11-01T22:44:28.260796-0700]     2.2500 MB /   0.50 sec =   37.7490 Mbps     0 retrans   2326 KB-cwnd
[2024-11-01T22:44:28.894453-0700]     2.1875 MB /   0.50 sec =   36.6997 Mbps     0 retrans   2326 KB-cwnd
[2024-11-01T22:44:29.533002-0700]     2.1250 MB /   0.50 sec =   35.6524 Mbps     0 retrans   2326 KB-cwnd
[2024-11-01T22:44:29.534899-0700]     2.1250 MB /   0.50 sec =   35.6514 Mbps     0 retrans   2326 KB-cwnd
[2024-11-01T22:44:30.188768-0700]     1.9375 MB /   0.50 sec =   32.5055 Mbps     0 retrans   2326 KB-cwnd
[2024-11-01T22:44:30.848983-0700]     2.0625 MB /   0.50 sec =   34.6033 Mbps     0 retrans   2326 KB-cwnd
[2024-11-01T22:44:31.580742-0700]     2.0000 MB /   0.50 sec =   33.5549 Mbps     0 retrans   2326 KB-cwnd
[2024-11-01T22:44:31.581181-0700]     1.8750 MB /   0.50 sec =   31.4566 Mbps     0 retrans   2326 KB-cwnd
[2024-11-01T22:44:32.358943-0700]     1.8125 MB /   0.50 sec =   30.4082 Mbps     0 retrans   2326 KB-cwnd
[2024-11-01T22:44:33.042439-0700]     1.5625 MB /   0.50 sec =   26.1904 Mbps     0 retrans   2326 KB-cwnd
[2024-11-01T22:44:33.042920-0700]     2.0000 MB /   0.50 sec =   33.5864 Mbps     0 retrans   2326 KB-cwnd
[2024-11-01T22:44:33.636077-0700]     2.1875 MB /   0.50 sec =   36.6994 Mbps     0 retrans   2326 KB-cwnd
[2024-11-01T22:44:34.252188-0700]     2.1250 MB /   0.50 sec =   35.6499 Mbps     0 retrans   2326 KB-cwnd
[2024-11-01T22:44:34.802073-0700]     2.2500 MB /   0.50 sec =   37.7507 Mbps     0 retrans   2326 KB-cwnd
[2024-11-01T22:44:35.366387-0700]     2.5000 MB /   0.50 sec =   41.9438 Mbps     0 retrans   2326 KB-cwnd
[2024-11-01T22:44:35.940862-0700]     2.3125 MB /   0.50 sec =   38.7934 Mbps     0 retrans   2326 KB-cwnd
[2024-11-01T22:44:36.492103-0700]     2.3125 MB /   0.50 sec =   38.8006 Mbps     0 retrans   2326 KB-cwnd
[2024-11-01T22:44:36.492494-0700]     2.4375 MB /   0.50 sec =   40.8925 Mbps     0 retrans   2326 KB-cwnd
[2024-11-01T22:44:37.070091-0700]     2.3125 MB /   0.50 sec =   38.8000 Mbps     0 retrans   2326 KB-cwnd
[2024-11-01T22:44:37.690527-0700]     2.1875 MB /   0.50 sec =   36.6996 Mbps     0 retrans   2326 KB-cwnd
[2024-11-01T22:44:38.282316-0700]     2.1250 MB /   0.50 sec =   35.6519 Mbps     0 retrans   2326 KB-cwnd
[2024-11-01T22:44:38.864353-0700]     2.3125 MB /   0.50 sec =   38.7969 Mbps     0 retrans   2326 KB-cwnd
[2024-11-01T22:44:39.360382-0700]     2.3125 MB /   0.50 sec =   38.7977 Mbps     0 retrans   2326 KB-cwnd
[2024-11-01T22:44:39.867980-0700]     2.6875 MB /   0.50 sec =   45.0885 Mbps     0 retrans   2326 KB-cwnd
[2024-11-01T22:44:40.381119-0700]     2.6250 MB /   0.50 sec =   44.0392 Mbps     0 retrans   2326 KB-cwnd
[2024-11-01T22:44:40.846775-0700]     2.6250 MB /   0.50 sec =   44.0398 Mbps     0 retrans   2326 KB-cwnd
[2024-11-01T22:44:41.309438-0700]     2.8750 MB /   0.50 sec =   48.2280 Mbps     0 retrans   2326 KB-cwnd
[2024-11-01T22:44:41.739489-0700]     2.9375 MB /   0.50 sec =   49.2910 Mbps     0 retrans   2326 KB-cwnd
[2024-11-01T22:44:42.190572-0700]     3.1250 MB /   0.50 sec =   52.4281 Mbps     0 retrans   2326 KB-cwnd
[2024-11-01T22:44:42.642974-0700]     2.9375 MB /   0.50 sec =   49.2813 Mbps     0 retrans   2326 KB-cwnd
[2024-11-01T22:44:43.160348-0700]     2.6250 MB /   0.50 sec =   44.0427 Mbps     0 retrans   2326 KB-cwnd
[2024-11-01T22:44:43.637727-0700]     2.7500 MB /   0.50 sec =   46.1362 Mbps     0 retrans   2326 KB-cwnd
[2024-11-01T22:44:44.106428-0700]     2.8125 MB /   0.50 sec =   47.1852 Mbps     0 retrans   2326 KB-cwnd
[2024-11-01T22:44:44.552952-0700]     2.9375 MB /   0.50 sec =   49.2854 Mbps     0 retrans   2326 KB-cwnd
[2024-11-01T22:44:45.001006-0700]     3.0625 MB /   0.50 sec =   51.3793 Mbps     0 retrans   2326 KB-cwnd
[2024-11-01T22:44:45.852142-0700]     3.1250 MB /   0.50 sec =   52.4288 Mbps     0 retrans   2326 KB-cwnd
[2024-11-01T22:44:46.260194-0700]     3.1875 MB /   0.50 sec =   53.4787 Mbps     0 retrans   2326 KB-cwnd
[2024-11-01T22:44:46.720190-0700]     3.1250 MB /   0.50 sec =   52.4286 Mbps     0 retrans   2326 KB-cwnd
[2024-11-01T22:44:47.271456-0700]     2.6875 MB /   0.50 sec =   45.0877 Mbps     0 retrans   2326 KB-cwnd
[2024-11-01T22:44:47.848074-0700]     2.3750 MB /   0.50 sec =   39.8448 Mbps     0 retrans   2326 KB-cwnd
[2024-11-01T22:44:48.410489-0700]     2.2500 MB /   0.50 sec =   37.7491 Mbps     0 retrans   2326 KB-cwnd
[2024-11-01T22:44:48.983332-0700]     2.4375 MB /   0.50 sec =   40.8918 Mbps     0 retrans   2326 KB-cwnd
[2024-11-01T22:44:48.983546-0700]     2.2500 MB /   0.50 sec =   37.7484 Mbps     0 retrans   2326 KB-cwnd
[2024-11-01T22:44:49.698220-0700]     1.9375 MB /   0.50 sec =   32.5093 Mbps     0 retrans   2326 KB-cwnd
[2024-11-01T22:44:50.374226-0700]     1.9375 MB /   0.50 sec =   32.5057 Mbps     0 retrans   2326 KB-cwnd
[2024-11-01T22:44:51.078714-0700]     1.8750 MB /   0.50 sec =   31.4574 Mbps     0 retrans   2326 KB-cwnd
[2024-11-01T22:44:51.079152-0700]     1.8125 MB /   0.50 sec =   30.4086 Mbps     0 retrans   2326 KB-cwnd
[2024-11-01T22:44:51.784764-0700]     2.0625 MB /   0.50 sec =   34.6027 Mbps     0 retrans   2326 KB-cwnd
[2024-11-01T22:44:52.490764-0700]     1.8125 MB /   0.50 sec =   30.4086 Mbps     0 retrans   2326 KB-cwnd
[2024-11-01T22:44:52.491230-0700]     1.8750 MB /   0.50 sec =   31.4566 Mbps     0 retrans   2326 KB-cwnd
[2024-11-01T22:44:53.156507-0700]     2.0625 MB /   0.50 sec =   34.6046 Mbps     0 retrans   2326 KB-cwnd
[2024-11-01T22:44:53.793818-0700]     2.0625 MB /   0.50 sec =   34.6027 Mbps     0 retrans   2326 KB-cwnd
[2024-11-01T22:44:54.417149-0700]     2.0625 MB /   0.50 sec =   34.6028 Mbps     0 retrans   2326 KB-cwnd
[2024-11-01T22:44:55.010331-0700]     2.1875 MB /   0.50 sec =   36.6993 Mbps     0 retrans   2326 KB-cwnd
[2024-11-01T22:44:55.010739-0700]     2.1875 MB /   0.50 sec =   36.7004 Mbps     0 retrans   2326 KB-cwnd
[2024-11-01T22:44:55.581553-0700]     2.3750 MB /   0.50 sec =   39.8464 Mbps     0 retrans   2326 KB-cwnd
[2024-11-01T22:44:56.106466-0700]     2.4375 MB /   0.50 sec =   40.8948 Mbps     0 retrans   2326 KB-cwnd
[2024-11-01T22:44:56.657709-0700]     2.5000 MB /   0.50 sec =   41.9423 Mbps     0 retrans   2326 KB-cwnd
[2024-11-01T22:44:57.224743-0700]     2.3125 MB /   0.50 sec =   38.7983 Mbps     0 retrans   2326 KB-cwnd
[2024-11-01T22:44:57.780392-0700]     2.4375 MB /   0.50 sec =   40.8933 Mbps     0 retrans   2326 KB-cwnd
[2024-11-01T22:44:58.307227-0700]     2.4375 MB /   0.50 sec =   40.8946 Mbps     0 retrans   2326 KB-cwnd
[2024-11-01T22:44:58.841343-0700]     2.4375 MB /   0.50 sec =   40.8910 Mbps     0 retrans   2326 KB-cwnd
[2024-11-01T22:44:59.486650-0700]     2.5000 MB /   0.50 sec =   41.9456 Mbps     0 retrans   2326 KB-cwnd
[2024-11-01T22:44:59.487188-0700]     2.0000 MB /   0.50 sec =   33.5560 Mbps     0 retrans   2326 KB-cwnd
[2024-11-01T22:45:00.079887-0700]     2.1875 MB /   0.50 sec =   36.6998 Mbps     0 retrans   2326 KB-cwnd
[2024-11-01T22:45:00.650205-0700]     2.3125 MB /   0.50 sec =   38.7695 Mbps     0 retrans   2326 KB-cwnd
[2024-11-01T22:45:01.222141-0700]     2.2500 MB /   0.50 sec =   37.7759 Mbps     0 retrans   2326 KB-cwnd
[2024-11-01T22:45:01.766570-0700]     2.4375 MB /   0.50 sec =   40.8944 Mbps     0 retrans   2326 KB-cwnd
[2024-11-01T22:45:02.338294-0700]     2.3750 MB /   0.50 sec =   39.8441 Mbps     0 retrans   2326 KB-cwnd
[2024-11-01T22:45:02.880950-0700]     2.4375 MB /   0.50 sec =   40.8967 Mbps     0 retrans   2326 KB-cwnd
[2024-11-01T22:45:03.459754-0700]     2.3750 MB /   0.50 sec =   39.8411 Mbps     0 retrans   2326 KB-cwnd
[2024-11-01T22:45:03.460092-0700]     2.2500 MB /   0.50 sec =   37.7521 Mbps     0 retrans   2326 KB-cwnd
[2024-11-01T22:45:04.087731-0700]     2.1250 MB /   0.50 sec =   35.6522 Mbps     0 retrans   2326 KB-cwnd
[2024-11-01T22:45:04.858649-0700]     1.8750 MB /   0.50 sec =   31.4560 Mbps     0 retrans   2326 KB-cwnd
[2024-11-01T22:45:05.596518-0700]     1.6875 MB /   0.50 sec =   28.3123 Mbps     0 retrans   2326 KB-cwnd
[2024-11-01T22:45:05.597056-0700]     1.8125 MB /   0.50 sec =   30.4090 Mbps     0 retrans   2326 KB-cwnd
[2024-11-01T22:45:06.369592-0700]     1.8125 MB /   0.50 sec =   30.4086 Mbps     0 retrans   2326 KB-cwnd
[2024-11-01T22:45:07.130564-0700]     1.6250 MB /   0.50 sec =   27.2630 Mbps     0 retrans   2326 KB-cwnd
[2024-11-01T22:45:07.130955-0700]     1.7500 MB /   0.50 sec =   29.3543 Mbps     0 retrans   2326 KB-cwnd
[2024-11-01T22:45:07.738062-0700]     2.0625 MB /   0.50 sec =   34.6106 Mbps     0 retrans   2326 KB-cwnd
[2024-11-01T22:45:08.336599-0700]     2.1250 MB /   0.50 sec =   35.6492 Mbps     0 retrans   2326 KB-cwnd
[2024-11-01T22:45:08.986802-0700]     2.2500 MB /   0.50 sec =   37.7512 Mbps     0 retrans   2326 KB-cwnd
[2024-11-01T22:45:08.986952-0700]     2.0625 MB /   0.50 sec =   34.5912 Mbps     0 retrans   2326 KB-cwnd
[2024-11-01T22:45:09.567481-0700]     2.1875 MB /   0.50 sec =   36.7129 Mbps     0 retrans   2326 KB-cwnd
[2024-11-01T22:45:10.366961-0700]     2.3125 MB /   0.50 sec =   38.7961 Mbps     3 retrans   2683 KB-cwnd
[2024-11-01T22:45:11.313338-0700]     1.5000 MB /   0.50 sec =   25.1658 Mbps     0 retrans   3018 KB-cwnd
[2024-11-01T22:45:11.313765-0700]     1.3750 MB /   0.50 sec =   23.0685 Mbps     0 retrans   3018 KB-cwnd
[2024-11-01T22:45:12.157551-0700]     1.6875 MB /   0.50 sec =   28.3120 Mbps     0 retrans   3018 KB-cwnd
[2024-11-01T22:45:12.157736-0700]     1.4375 MB /   0.50 sec =   24.1153 Mbps     0 retrans   3018 KB-cwnd
[2024-11-01T22:45:12.814762-0700]     0.6875 MB /   0.50 sec =   11.5350 Mbps     4 retrans   2421 KB-cwnd
[2024-11-01T22:45:13.386861-0700]     3.2500 MB /   0.50 sec =   54.5198 Mbps     0 retrans   2421 KB-cwnd
[2024-11-01T22:45:13.996138-0700]     2.3750 MB /   0.50 sec =   39.8515 Mbps     0 retrans   2421 KB-cwnd
[2024-11-01T22:45:13.996505-0700]     2.1250 MB /   0.50 sec =   35.6505 Mbps     0 retrans   2421 KB-cwnd
[2024-11-01T22:45:14.739898-0700]     2.1250 MB /   0.50 sec =   35.6512 Mbps     0 retrans   2421 KB-cwnd
[2024-11-01T22:45:15.534939-0700]     1.5000 MB /   0.50 sec =   25.1663 Mbps     0 retrans   2421 KB-cwnd
[2024-11-01T22:45:15.535147-0700]     1.7500 MB /   0.50 sec =   29.3601 Mbps     0 retrans   2421 KB-cwnd
[2024-11-01T22:45:16.276850-0700]     1.7500 MB /   0.50 sec =   29.3613 Mbps     0 retrans   2421 KB-cwnd
[2024-11-01T22:45:17.019056-0700]     1.8125 MB /   0.50 sec =   30.4082 Mbps     0 retrans   2421 KB-cwnd
[2024-11-01T22:45:17.019280-0700]     1.7500 MB /   0.50 sec =   29.3604 Mbps     0 retrans   2421 KB-cwnd
[2024-11-01T22:45:17.868785-0700]     1.5625 MB /   0.50 sec =   26.2111 Mbps     0 retrans   2421 KB-cwnd
[2024-11-01T22:45:18.600782-0700]     1.6875 MB /   0.50 sec =   28.3149 Mbps     0 retrans   2421 KB-cwnd
[2024-11-01T22:45:18.601011-0700]     1.7500 MB /   0.50 sec =   29.3597 Mbps     0 retrans   2421 KB-cwnd
[2024-11-01T22:45:19.282406-0700]     2.0000 MB /   0.50 sec =   33.5444 Mbps     0 retrans   2421 KB-cwnd
[2024-11-01T22:45:20.035490-0700]     1.8750 MB /   0.50 sec =   31.4674 Mbps     0 retrans   2421 KB-cwnd
[2024-11-01T22:45:20.035863-0700]     1.7500 MB /   0.50 sec =   29.3485 Mbps     0 retrans   2421 KB-cwnd
[2024-11-01T22:45:20.748469-0700]     1.8750 MB /   0.50 sec =   31.4692 Mbps     0 retrans   2421 KB-cwnd
[2024-11-01T22:45:21.403644-0700]     1.8750 MB /   0.50 sec =   31.4579 Mbps     0 retrans   2421 KB-cwnd
[2024-11-01T22:45:22.081039-0700]     2.1250 MB /   0.50 sec =   35.6512 Mbps     0 retrans   2421 KB-cwnd
[2024-11-01T22:45:22.081563-0700]     2.0000 MB /   0.50 sec =   33.5541 Mbps     0 retrans   2421 KB-cwnd
[2024-11-01T22:45:22.710815-0700]     1.9375 MB /   0.50 sec =   32.5053 Mbps     0 retrans   2421 KB-cwnd
[2024-11-01T22:45:23.411096-0700]     2.0625 MB /   0.50 sec =   34.6034 Mbps     0 retrans   2421 KB-cwnd
[2024-11-01T22:45:24.105656-0700]     1.8750 MB /   0.50 sec =   31.4561 Mbps     0 retrans   2421 KB-cwnd
[2024-11-01T22:45:24.105941-0700]     1.9375 MB /   0.50 sec =   32.5070 Mbps     0 retrans   2421 KB-cwnd
[2024-11-01T22:45:24.798922-0700]     1.9375 MB /   0.50 sec =   32.5068 Mbps     0 retrans   2421 KB-cwnd
[2024-11-01T22:45:25.529437-0700]     1.8125 MB /   0.50 sec =   30.4075 Mbps     0 retrans   2421 KB-cwnd
[2024-11-01T22:45:25.529818-0700]     1.8750 MB /   0.50 sec =   31.4580 Mbps     0 retrans   2421 KB-cwnd
[2024-11-01T22:45:26.224881-0700]     1.8750 MB /   0.50 sec =   31.4580 Mbps     0 retrans   2421 KB-cwnd
[2024-11-01T22:45:26.879585-0700]     1.9375 MB /   0.50 sec =   32.5050 Mbps     0 retrans   2421 KB-cwnd
[2024-11-01T22:45:27.484404-0700]     2.1250 MB /   0.50 sec =   35.6523 Mbps     0 retrans   2421 KB-cwnd
[2024-11-01T22:45:27.484815-0700]     2.1875 MB /   0.50 sec =   36.7005 Mbps     0 retrans   2421 KB-cwnd
[2024-11-01T22:45:28.078708-0700]     2.3125 MB /   0.50 sec =   38.7965 Mbps     0 retrans   2421 KB-cwnd
[2024-11-01T22:45:28.652294-0700]     2.2500 MB /   0.50 sec =   37.7493 Mbps     0 retrans   2421 KB-cwnd
[2024-11-01T22:45:29.232901-0700]     2.3125 MB /   0.50 sec =   38.7970 Mbps     0 retrans   2421 KB-cwnd
[2024-11-01T22:45:29.822771-0700]     2.3125 MB /   0.50 sec =   38.7968 Mbps     0 retrans   2421 KB-cwnd
[2024-11-01T22:45:30.440113-0700]     2.2500 MB /   0.50 sec =   37.7497 Mbps     0 retrans   2421 KB-cwnd
[2024-11-01T22:45:31.056743-0700]     2.1250 MB /   0.50 sec =   35.6510 Mbps     0 retrans   2421 KB-cwnd
[2024-11-01T22:45:31.056998-0700]     2.1250 MB /   0.50 sec =   35.6512 Mbps     0 retrans   2421 KB-cwnd
[2024-11-01T22:45:31.707056-0700]     2.0625 MB /   0.50 sec =   34.6039 Mbps     0 retrans   2421 KB-cwnd
[2024-11-01T22:45:32.344101-0700]     2.0625 MB /   0.50 sec =   34.6026 Mbps     0 retrans   2421 KB-cwnd
[2024-11-01T22:45:32.983271-0700]     2.1250 MB /   0.50 sec =   35.6518 Mbps     0 retrans   2421 KB-cwnd
[2024-11-01T22:45:32.983615-0700]     2.0625 MB /   0.50 sec =   34.6007 Mbps     0 retrans   2421 KB-cwnd
[2024-11-01T22:45:33.632643-0700]     2.0625 MB /   0.50 sec =   34.6041 Mbps     0 retrans   2421 KB-cwnd
[2024-11-01T22:45:34.262969-0700]     2.0625 MB /   0.50 sec =   34.6030 Mbps     0 retrans   2421 KB-cwnd
[2024-11-01T22:45:34.862844-0700]     2.1875 MB /   0.50 sec =   36.7007 Mbps     0 retrans   2421 KB-cwnd
[2024-11-01T22:45:35.476569-0700]     2.1250 MB /   0.50 sec =   35.6503 Mbps     0 retrans   2421 KB-cwnd
[2024-11-01T22:45:35.477110-0700]     2.1875 MB /   0.50 sec =   36.7020 Mbps     0 retrans   2421 KB-cwnd
[2024-11-01T22:45:36.164653-0700]     2.0000 MB /   0.50 sec =   33.5542 Mbps     0 retrans   2421 KB-cwnd
[2024-11-01T22:45:36.806452-0700]     2.0000 MB /   0.50 sec =   33.5545 Mbps     0 retrans   2421 KB-cwnd
[2024-11-01T22:45:37.420293-0700]     2.1250 MB /   0.50 sec =   35.6514 Mbps     0 retrans   2421 KB-cwnd
[2024-11-01T22:45:38.019719-0700]     2.1250 MB /   0.50 sec =   35.6519 Mbps     0 retrans   2421 KB-cwnd
[2024-11-01T22:45:38.019940-0700]     2.2500 MB /   0.50 sec =   37.7483 Mbps     0 retrans   2421 KB-cwnd
[2024-11-01T22:45:38.670180-0700]     2.1250 MB /   0.50 sec =   35.6513 Mbps     0 retrans   2421 KB-cwnd
[2024-11-01T22:45:39.308317-0700]     2.0625 MB /   0.50 sec =   34.6031 Mbps     0 retrans   2421 KB-cwnd
[2024-11-01T22:45:39.940135-0700]     2.1250 MB /   0.50 sec =   35.6517 Mbps     0 retrans   2421 KB-cwnd
[2024-11-01T22:45:40.630388-0700]     2.1250 MB /   0.50 sec =   35.6457 Mbps     0 retrans   2421 KB-cwnd
[2024-11-01T22:45:40.630776-0700]     2.0000 MB /   0.50 sec =   33.5596 Mbps     0 retrans   2421 KB-cwnd
[2024-11-01T22:45:41.274747-0700]     2.0625 MB /   0.50 sec =   34.6042 Mbps     0 retrans   2421 KB-cwnd
[2024-11-01T22:45:41.918881-0700]     2.1250 MB /   0.50 sec =   35.6497 Mbps     0 retrans   2421 KB-cwnd
[2024-11-01T22:45:42.566799-0700]     2.0000 MB /   0.50 sec =   33.5490 Mbps     0 retrans   2421 KB-cwnd
[2024-11-01T22:45:42.567023-0700]     2.0625 MB /   0.50 sec =   34.6101 Mbps     0 retrans   2421 KB-cwnd
[2024-11-01T22:45:43.175120-0700]     2.1250 MB /   0.50 sec =   35.6519 Mbps     0 retrans   2421 KB-cwnd
[2024-11-01T22:45:43.760998-0700]     2.1875 MB /   0.50 sec =   36.6987 Mbps     0 retrans   2421 KB-cwnd
[2024-11-01T22:45:44.312714-0700]     2.3750 MB /   0.50 sec =   39.8462 Mbps     0 retrans   2421 KB-cwnd
[2024-11-01T22:45:44.905047-0700]     2.3750 MB /   0.50 sec =   39.8329 Mbps     0 retrans   2421 KB-cwnd
[2024-11-01T22:45:44.958124-0700]     2.2500 MB /   0.50 sec =   37.7606 Mbps     0 retrans   2421 KB-cwnd
[2024-11-01T22:45:45.455485-0700]     2.2500 MB /   0.50 sec =   37.7483 Mbps     0 retrans   2421 KB-cwnd
End time: 1730526345706
