Start time: 1730526093195
[2024-11-01T22:41:34.043963-0700] nuttcp-r: v8.1.4: socket
[2024-11-01T22:41:34.044541-0700] nuttcp-r: buflen=65536, nstream=1, port=5101 tcp
[2024-11-01T22:41:34.044582-0700] nuttcp-r: interval reporting every 0.50 seconds
[2024-11-01T22:41:34.044609-0700] nuttcp-r: connect to 54.176.53.206 with RTT=54.807 ms af=inet
[2024-11-01T22:41:34.044634-0700] nuttcp-r: send window size = 2097152, receive window size = 6291456
[2024-11-01T22:41:34.044658-0700] nuttcp-r: available send window = 1572864, available receive window = 4718592
[2024-11-01T22:41:34.044684-0700]     1.1875 MB /   0.50 sec =   19.9175 Mbps     0 retrans
[2024-11-01T22:41:34.543903-0700]     6.1875 MB /   0.50 sec =  103.8200 Mbps     0 retrans
[2024-11-01T22:41:35.043794-0700]    33.4375 MB /   0.50 sec =  560.9758 Mbps     0 retrans
[2024-11-01T22:41:35.543767-0700]    45.9375 MB /   0.50 sec =  770.7342 Mbps     0 retrans
[2024-11-01T22:41:36.043679-0700]    43.2500 MB /   0.50 sec =  725.6857 Mbps     0 retrans
[2024-11-01T22:41:36.543793-0700]    36.2500 MB /   0.50 sec =  608.0841 Mbps     0 retrans
[2024-11-01T22:41:37.043758-0700]    41.8750 MB /   0.50 sec =  702.5768 Mbps     0 retrans
[2024-11-01T22:41:37.543744-0700]    39.8750 MB /   0.50 sec =  668.9995 Mbps     0 retrans
[2024-11-01T22:41:38.043754-0700]    36.3125 MB /   0.50 sec =  609.2129 Mbps     0 retrans
[2024-11-01T22:41:38.543847-0700]    38.3125 MB /   0.50 sec =  642.6588 Mbps     0 retrans
[2024-11-01T22:41:39.043850-0700]    35.8125 MB /   0.50 sec =  600.8449 Mbps     0 retrans
[2024-11-01T22:41:39.543844-0700]    45.1250 MB /   0.50 sec =  757.0870 Mbps     0 retrans
[2024-11-01T22:41:40.043645-0700]    40.3125 MB /   0.50 sec =  676.4641 Mbps     0 retrans
[2024-11-01T22:41:40.543770-0700]    41.3125 MB /   0.50 sec =  693.0616 Mbps     0 retrans
[2024-11-01T22:41:41.043801-0700]    46.9375 MB /   0.50 sec =  787.4743 Mbps     0 retrans
[2024-11-01T22:41:41.543895-0700]    45.6875 MB /   0.50 sec =  766.5428 Mbps     0 retrans
[2024-11-01T22:41:42.043788-0700]    44.8125 MB /   0.50 sec =  751.7914 Mbps     0 retrans
[2024-11-01T22:41:42.543783-0700]    42.9375 MB /   0.50 sec =  720.3659 Mbps     0 retrans
[2024-11-01T22:41:43.043758-0700]    46.5625 MB /   0.50 sec =  781.2219 Mbps     0 retrans
[2024-11-01T22:41:43.543835-0700]    47.5000 MB /   0.50 sec =  796.7998 Mbps     0 retrans
[2024-11-01T22:41:44.043820-0700]    46.5000 MB /   0.50 sec =  780.2030 Mbps     0 retrans
[2024-11-01T22:41:44.543638-0700]    42.1250 MB /   0.50 sec =  706.8364 Mbps     0 retrans
[2024-11-01T22:41:45.043640-0700]    33.2500 MB /   0.50 sec =  557.8413 Mbps     0 retrans
[2024-11-01T22:41:45.543903-0700]    36.0625 MB /   0.50 sec =  604.9763 Mbps     0 retrans
[2024-11-01T22:41:46.043782-0700]    48.9375 MB /   0.50 sec =  821.0399 Mbps     0 retrans
[2024-11-01T22:41:46.543752-0700]    45.1875 MB /   0.50 sec =  758.1341 Mbps     0 retrans
[2024-11-01T22:41:47.043834-0700]    47.1875 MB /   0.50 sec =  791.5688 Mbps     0 retrans
[2024-11-01T22:41:47.543807-0700]    46.6875 MB /   0.50 sec =  783.3693 Mbps     0 retrans
[2024-11-01T22:41:48.043799-0700]    44.8750 MB /   0.50 sec =  752.8700 Mbps     0 retrans
[2024-11-01T22:41:48.543810-0700]    47.3125 MB /   0.50 sec =  793.7704 Mbps     0 retrans
[2024-11-01T22:41:49.043748-0700]    46.4375 MB /   0.50 sec =  779.1340 Mbps     0 retrans
[2024-11-01T22:41:49.543812-0700]    47.5625 MB /   0.50 sec =  797.8674 Mbps     0 retrans
[2024-11-01T22:41:50.043667-0700]    52.2500 MB /   0.50 sec =  876.7235 Mbps     0 retrans
[2024-11-01T22:41:50.543759-0700]    52.1875 MB /   0.50 sec =  875.5189 Mbps     0 retrans
[2024-11-01T22:41:51.043898-0700]    54.0625 MB /   0.50 sec =  907.0055 Mbps     0 retrans
[2024-11-01T22:41:51.543840-0700]    53.1875 MB /   0.50 sec =  892.2650 Mbps     0 retrans
[2024-11-01T22:41:52.043784-0700]    50.3125 MB /   0.50 sec =  844.1746 Mbps     0 retrans
[2024-11-01T22:41:52.543786-0700]    51.8125 MB /   0.50 sec =  869.2886 Mbps     0 retrans
[2024-11-01T22:41:53.043757-0700]    48.8125 MB /   0.50 sec =  818.9477 Mbps     0 retrans
[2024-11-01T22:41:53.543814-0700]    47.2500 MB /   0.50 sec =  792.7013 Mbps     0 retrans
[2024-11-01T22:41:54.043748-0700]    41.5000 MB /   0.50 sec =  696.2795 Mbps     0 retrans
[2024-11-01T22:41:54.543750-0700]    41.5625 MB /   0.50 sec =  697.3072 Mbps     0 retrans
[2024-11-01T22:41:55.043784-0700]    35.5000 MB /   0.50 sec =  595.5721 Mbps     0 retrans
[2024-11-01T22:41:55.543705-0700]    14.8750 MB /   0.50 sec =  249.5586 Mbps     0 retrans
[2024-11-01T22:41:56.043732-0700]    38.5000 MB /   0.50 sec =  645.9654 Mbps     0 retrans
[2024-11-01T22:41:56.543796-0700]    40.7500 MB /   0.50 sec =  683.6319 Mbps     0 retrans
[2024-11-01T22:41:57.043716-0700]    40.4375 MB /   0.50 sec =  678.5155 Mbps     0 retrans
[2024-11-01T22:41:57.543796-0700]    37.0625 MB /   0.50 sec =  621.7160 Mbps     0 retrans
[2024-11-01T22:41:58.043764-0700]    36.7500 MB /   0.50 sec =  616.5578 Mbps     0 retrans
[2024-11-01T22:41:58.543704-0700]    43.8125 MB /   0.50 sec =  735.1223 Mbps     0 retrans
[2024-11-01T22:41:59.043770-0700]    42.2500 MB /   0.50 sec =  708.7934 Mbps     0 retrans
[2024-11-01T22:41:59.543762-0700]    41.5625 MB /   0.50 sec =  697.3198 Mbps     0 retrans
[2024-11-01T22:42:00.043765-0700]    39.3125 MB /   0.50 sec =  659.5490 Mbps     0 retrans
[2024-11-01T22:42:00.543780-0700]    40.7500 MB /   0.50 sec =  683.6757 Mbps     0 retrans
[2024-11-01T22:42:01.043675-0700]    44.8750 MB /   0.50 sec =  752.8836 Mbps     0 retrans
[2024-11-01T22:42:01.543757-0700]    47.8750 MB /   0.50 sec =  803.2205 Mbps     0 retrans
[2024-11-01T22:42:02.043679-0700]    51.1875 MB /   0.50 sec =  858.8301 Mbps     0 retrans
[2024-11-01T22:42:02.543732-0700]    52.5625 MB /   0.50 sec =  881.8242 Mbps     0 retrans
[2024-11-01T22:42:03.043747-0700]    52.8750 MB /   0.50 sec =  887.0616 Mbps     0 retrans
[2024-11-01T22:42:03.543927-0700]    49.3125 MB /   0.50 sec =  827.3364 Mbps     0 retrans
[2024-11-01T22:42:04.043798-0700]    49.3125 MB /   0.50 sec =  827.3198 Mbps     0 retrans
[2024-11-01T22:42:04.543786-0700]    49.6875 MB /   0.50 sec =  833.6446 Mbps     0 retrans
[2024-11-01T22:42:05.043699-0700]    43.8750 MB /   0.50 sec =  736.1534 Mbps     0 retrans
[2024-11-01T22:42:05.543686-0700]    44.1875 MB /   0.50 sec =  741.2943 Mbps     0 retrans
[2024-11-01T22:42:06.043763-0700]    18.1250 MB /   0.50 sec =  304.0627 Mbps     0 retrans
[2024-11-01T22:42:06.543687-0700]    41.3750 MB /   0.50 sec =  694.1990 Mbps     0 retrans
[2024-11-01T22:42:07.043858-0700]    42.3125 MB /   0.50 sec =  709.7114 Mbps     0 retrans
[2024-11-01T22:42:07.543764-0700]    40.0000 MB /   0.50 sec =  671.2296 Mbps     0 retrans
[2024-11-01T22:42:08.043733-0700]    38.2500 MB /   0.50 sec =  641.7439 Mbps     0 retrans
[2024-11-01T22:42:08.543629-0700]    42.5625 MB /   0.50 sec =  714.1302 Mbps     0 retrans
[2024-11-01T22:42:09.043794-0700]    36.6875 MB /   0.50 sec =  615.4329 Mbps     0 retrans
[2024-11-01T22:42:09.543797-0700]    42.3750 MB /   0.50 sec =  710.9146 Mbps     0 retrans
[2024-11-01T22:42:10.043900-0700]    42.2500 MB /   0.50 sec =  708.6914 Mbps     0 retrans
[2024-11-01T22:42:10.543773-0700]    49.8750 MB /   0.50 sec =  836.9645 Mbps     0 retrans
[2024-11-01T22:42:11.043874-0700]    44.3750 MB /   0.50 sec =  744.4860 Mbps     0 retrans
[2024-11-01T22:42:11.543743-0700]    38.5625 MB /   0.50 sec =  646.9960 Mbps     0 retrans
[2024-11-01T22:42:12.043632-0700]    39.8750 MB /   0.50 sec =  669.0691 Mbps     0 retrans
[2024-11-01T22:42:12.543765-0700]    44.0625 MB /   0.50 sec =  739.1825 Mbps     0 retrans
[2024-11-01T22:42:13.043839-0700]    46.7500 MB /   0.50 sec =  784.3050 Mbps     0 retrans
[2024-11-01T22:42:13.543746-0700]    43.6875 MB /   0.50 sec =  732.9620 Mbps     0 retrans
[2024-11-01T22:42:14.044154-0700]    46.3125 MB /   0.50 sec =  776.5801 Mbps     0 retrans
[2024-11-01T22:42:14.543818-0700]    44.6875 MB /   0.50 sec =  750.1549 Mbps     0 retrans
[2024-11-01T22:42:15.043728-0700]    48.1250 MB /   0.50 sec =  807.4100 Mbps     0 retrans
[2024-11-01T22:42:15.543635-0700]    44.9375 MB /   0.50 sec =  753.9654 Mbps     0 retrans
[2024-11-01T22:42:16.043873-0700]    35.7500 MB /   0.50 sec =  599.6775 Mbps     0 retrans
[2024-11-01T22:42:16.543785-0700]    24.1250 MB /   0.50 sec =  404.7868 Mbps     0 retrans
[2024-11-01T22:42:17.043715-0700]    45.8125 MB /   0.50 sec =  768.6416 Mbps     0 retrans
[2024-11-01T22:42:17.543784-0700]    47.1875 MB /   0.50 sec =  791.6543 Mbps     0 retrans
[2024-11-01T22:42:18.043733-0700]    53.1875 MB /   0.50 sec =  892.3417 Mbps     0 retrans
[2024-11-01T22:42:18.543791-0700]    55.7500 MB /   0.50 sec =  935.2643 Mbps     0 retrans
[2024-11-01T22:42:19.043645-0700]    55.9375 MB /   0.50 sec =  938.5900 Mbps     0 retrans
[2024-11-01T22:42:19.543863-0700]    49.8750 MB /   0.50 sec =  836.6984 Mbps     0 retrans
[2024-11-01T22:42:20.043923-0700]    53.8125 MB /   0.50 sec =  902.7734 Mbps     0 retrans
[2024-11-01T22:42:20.543761-0700]    52.2500 MB /   0.50 sec =  876.6393 Mbps     0 retrans
[2024-11-01T22:42:21.043750-0700]    50.8125 MB /   0.50 sec =  852.5417 Mbps     0 retrans
[2024-11-01T22:42:21.543694-0700]    49.2500 MB /   0.50 sec =  826.2250 Mbps     0 retrans
[2024-11-01T22:42:22.043815-0700]    50.3750 MB /   0.50 sec =  845.1015 Mbps     0 retrans
[2024-11-01T22:42:22.543793-0700]    57.6875 MB /   0.50 sec =  967.7350 Mbps     0 retrans
[2024-11-01T22:42:23.043734-0700]    53.5000 MB /   0.50 sec =  897.7786 Mbps     0 retrans
[2024-11-01T22:42:23.543832-0700]    50.1250 MB /   0.50 sec =  840.8671 Mbps     0 retrans
[2024-11-01T22:42:24.043739-0700]    53.1250 MB /   0.50 sec =  891.3645 Mbps     0 retrans
[2024-11-01T22:42:24.543773-0700]    54.0625 MB /   0.50 sec =  906.9947 Mbps     0 retrans
[2024-11-01T22:42:25.043672-0700]    47.5000 MB /   0.50 sec =  796.9783 Mbps     0 retrans
[2024-11-01T22:42:25.543973-0700]    52.8125 MB /   0.50 sec =  885.6659 Mbps     0 retrans
[2024-11-01T22:42:26.043618-0700]    49.1250 MB /   0.50 sec =  824.5798 Mbps     0 retrans
[2024-11-01T22:42:26.543753-0700]    27.0000 MB /   0.50 sec =  452.9450 Mbps     0 retrans
[2024-11-01T22:42:27.043642-0700]    40.3125 MB /   0.50 sec =  676.3707 Mbps     0 retrans
[2024-11-01T22:42:27.543636-0700]    47.0625 MB /   0.50 sec =  789.5919 Mbps     0 retrans
[2024-11-01T22:42:28.043751-0700]    47.7500 MB /   0.50 sec =  801.0320 Mbps     0 retrans
[2024-11-01T22:42:28.543725-0700]    47.1875 MB /   0.50 sec =  791.6796 Mbps     0 retrans
[2024-11-01T22:42:29.043637-0700]    42.9375 MB /   0.50 sec =  720.4423 Mbps     0 retrans
[2024-11-01T22:42:29.543635-0700]    42.7500 MB /   0.50 sec =  717.2174 Mbps     0 retrans
[2024-11-01T22:42:30.043738-0700]    42.0000 MB /   0.50 sec =  704.5881 Mbps     0 retrans
[2024-11-01T22:42:30.543758-0700]    45.8750 MB /   0.50 sec =  769.6332 Mbps     0 retrans
[2024-11-01T22:42:31.043695-0700]    50.1250 MB /   0.50 sec =  841.0118 Mbps     0 retrans
[2024-11-01T22:42:31.543729-0700]    49.1875 MB /   0.50 sec =  825.1947 Mbps     0 retrans
[2024-11-01T22:42:32.043741-0700]    51.8125 MB /   0.50 sec =  869.3095 Mbps     0 retrans
[2024-11-01T22:42:32.543780-0700]    51.3125 MB /   0.50 sec =  860.9222 Mbps     0 retrans
[2024-11-01T22:42:33.043649-0700]    54.0625 MB /   0.50 sec =  906.9874 Mbps     0 retrans
[2024-11-01T22:42:33.543689-0700]    51.0000 MB /   0.50 sec =  855.5969 Mbps     0 retrans
[2024-11-01T22:42:34.043776-0700]    56.6875 MB /   0.50 sec =  951.0014 Mbps     0 retrans
[2024-11-01T22:42:34.543727-0700]    60.3125 MB /   0.50 sec = 1011.9163 Mbps     0 retrans
[2024-11-01T22:42:35.043746-0700]    52.2500 MB /   0.50 sec =  876.6113 Mbps     0 retrans
[2024-11-01T22:42:35.543777-0700]    47.6250 MB /   0.50 sec =  798.9622 Mbps     0 retrans
[2024-11-01T22:42:36.043769-0700]    46.2500 MB /   0.50 sec =  775.9633 Mbps     0 retrans
[2024-11-01T22:42:36.543643-0700]    44.8750 MB /   0.50 sec =  752.9664 Mbps     0 retrans
[2024-11-01T22:42:37.043783-0700]    12.5000 MB /   0.50 sec =  209.6733 Mbps     0 retrans
[2024-11-01T22:42:37.543843-0700]    43.1250 MB /   0.50 sec =  723.6260 Mbps     0 retrans
[2024-11-01T22:42:38.043907-0700]    48.0625 MB /   0.50 sec =  806.1421 Mbps     0 retrans
[2024-11-01T22:42:38.543943-0700]    49.6250 MB /   0.50 sec =  832.5061 Mbps     0 retrans
[2024-11-01T22:42:39.043786-0700]    50.9375 MB /   0.50 sec =  854.8271 Mbps     0 retrans
[2024-11-01T22:42:39.543702-0700]    51.1875 MB /   0.50 sec =  858.8576 Mbps     0 retrans
[2024-11-01T22:42:40.043665-0700]    49.0000 MB /   0.50 sec =  822.0770 Mbps     0 retrans
[2024-11-01T22:42:40.543803-0700]    51.7500 MB /   0.50 sec =  868.1515 Mbps     0 retrans
[2024-11-01T22:42:41.043704-0700]    53.1875 MB /   0.50 sec =  892.4274 Mbps     0 retrans
[2024-11-01T22:42:41.543696-0700]    57.8125 MB /   0.50 sec =  969.9386 Mbps     0 retrans
[2024-11-01T22:42:42.043782-0700]    55.6250 MB /   0.50 sec =  933.0815 Mbps     0 retrans
[2024-11-01T22:42:42.543641-0700]    57.5000 MB /   0.50 sec =  964.8790 Mbps     0 retrans
[2024-11-01T22:42:43.043988-0700]    61.5000 MB /   0.50 sec = 1031.7018 Mbps     0 retrans
[2024-11-01T22:42:43.543740-0700]    58.8125 MB /   0.50 sec =  986.7594 Mbps     0 retrans
[2024-11-01T22:42:44.043781-0700]    62.8750 MB /   0.50 sec = 1054.7493 Mbps     0 retrans
[2024-11-01T22:42:44.543733-0700]    58.3125 MB /   0.50 sec =  978.4212 Mbps     0 retrans
[2024-11-01T22:42:45.043846-0700]    58.8125 MB /   0.50 sec =  986.7140 Mbps     0 retrans
[2024-11-01T22:42:45.543722-0700]    52.7500 MB /   0.50 sec =  884.9610 Mbps     0 retrans
[2024-11-01T22:42:46.043663-0700]    54.5625 MB /   0.50 sec =  915.4599 Mbps     0 retrans
[2024-11-01T22:42:46.543818-0700]    46.2500 MB /   0.50 sec =  775.8624 Mbps     0 retrans
[2024-11-01T22:42:47.043824-0700]    41.9375 MB /   0.50 sec =  703.5199 Mbps     0 retrans
[2024-11-01T22:42:47.543764-0700]    22.3750 MB /   0.50 sec =  375.4405 Mbps     0 retrans
[2024-11-01T22:42:48.043914-0700]    50.0625 MB /   0.50 sec =  839.7045 Mbps     0 retrans
[2024-11-01T22:42:48.543714-0700]    49.9375 MB /   0.50 sec =  838.1039 Mbps     0 retrans
[2024-11-01T22:42:49.043955-0700]    53.3125 MB /   0.50 sec =  894.0795 Mbps     0 retrans
[2024-11-01T22:42:49.543666-0700]    53.8125 MB /   0.50 sec =  903.1599 Mbps     0 retrans
[2024-11-01T22:42:50.043752-0700]    44.5000 MB /   0.50 sec =  746.5010 Mbps     0 retrans
[2024-11-01T22:42:50.543773-0700]    45.0625 MB /   0.50 sec =  756.0309 Mbps     0 retrans
[2024-11-01T22:42:51.043760-0700]    42.3750 MB /   0.50 sec =  710.9431 Mbps     0 retrans
[2024-11-01T22:42:51.543724-0700]    37.9375 MB /   0.50 sec =  636.5391 Mbps     0 retrans
[2024-11-01T22:42:52.043682-0700]    34.3750 MB /   0.50 sec =  576.7191 Mbps     0 retrans
[2024-11-01T22:42:52.543787-0700]    35.5625 MB /   0.50 sec =  596.5693 Mbps     0 retrans
[2024-11-01T22:42:53.043640-0700]    19.1875 MB /   0.50 sec =  321.9534 Mbps     0 retrans
[2024-11-01T22:42:53.543714-0700]    18.7500 MB /   0.50 sec =  314.5608 Mbps     0 retrans
[2024-11-01T22:42:54.043863-0700]     8.4375 MB /   0.50 sec =  141.5529 Mbps     0 retrans
[2024-11-01T22:42:54.543716-0700]    35.1250 MB /   0.50 sec =  589.3315 Mbps     0 retrans
[2024-11-01T22:42:55.043735-0700]    42.3125 MB /   0.50 sec =  709.8845 Mbps     0 retrans
[2024-11-01T22:42:55.543788-0700]    45.1875 MB /   0.50 sec =  758.0492 Mbps     0 retrans
[2024-11-01T22:42:56.043754-0700]    51.1250 MB /   0.50 sec =  857.7935 Mbps     0 retrans
[2024-11-01T22:42:56.543647-0700]    52.8125 MB /   0.50 sec =  886.1034 Mbps     0 retrans
[2024-11-01T22:42:57.043834-0700]    55.0000 MB /   0.50 sec =  922.5642 Mbps     0 retrans
[2024-11-01T22:42:57.544333-0700]    31.3750 MB /   0.50 sec =  525.9612 Mbps     0 retrans
[2024-11-01T22:42:58.043803-0700]    43.6875 MB /   0.50 sec =  733.6090 Mbps     0 retrans
[2024-11-01T22:42:58.543786-0700]    43.3125 MB /   0.50 sec =  726.6632 Mbps     0 retrans
[2024-11-01T22:42:59.043788-0700]    54.0625 MB /   0.50 sec =  907.1362 Mbps     0 retrans
[2024-11-01T22:42:59.543799-0700]    56.8125 MB /   0.50 sec =  952.9840 Mbps     0 retrans
[2024-11-01T22:43:00.043735-0700]    56.5000 MB /   0.50 sec =  948.0322 Mbps     0 retrans
[2024-11-01T22:43:00.543709-0700]    57.3750 MB /   0.50 sec =  962.5908 Mbps     0 retrans
[2024-11-01T22:43:01.043747-0700]    56.7500 MB /   0.50 sec =  952.0937 Mbps     0 retrans
[2024-11-01T22:43:01.543719-0700]    53.8125 MB /   0.50 sec =  902.8366 Mbps     0 retrans
[2024-11-01T22:43:02.043716-0700]    48.3750 MB /   0.50 sec =  811.5946 Mbps     0 retrans
[2024-11-01T22:43:02.543706-0700]    52.0000 MB /   0.50 sec =  872.4711 Mbps     0 retrans
[2024-11-01T22:43:03.043755-0700]    57.5000 MB /   0.50 sec =  964.6224 Mbps     0 retrans
[2024-11-01T22:43:03.543684-0700]    52.6250 MB /   0.50 sec =  882.9222 Mbps     0 retrans
[2024-11-01T22:43:04.043738-0700]    55.2500 MB /   0.50 sec =  926.8819 Mbps     0 retrans
[2024-11-01T22:43:04.543734-0700]    51.4375 MB /   0.50 sec =  863.0091 Mbps     0 retrans
[2024-11-01T22:43:05.043724-0700]    54.2500 MB /   0.50 sec =  910.1603 Mbps     0 retrans
[2024-11-01T22:43:05.543813-0700]    52.6875 MB /   0.50 sec =  883.8594 Mbps     0 retrans
[2024-11-01T22:43:06.043758-0700]    47.1250 MB /   0.50 sec =  790.7006 Mbps     0 retrans
[2024-11-01T22:43:06.543746-0700]    54.0000 MB /   0.50 sec =  905.9787 Mbps     0 retrans
[2024-11-01T22:43:07.043760-0700]    57.0625 MB /   0.50 sec =  957.3365 Mbps     0 retrans
[2024-11-01T22:43:07.543725-0700]    57.3750 MB /   0.50 sec =  962.6159 Mbps     0 retrans
[2024-11-01T22:43:08.043620-0700]    23.5000 MB /   0.50 sec =  394.2945 Mbps     0 retrans
[2024-11-01T22:43:08.543772-0700]    58.8125 MB /   0.50 sec =  986.5719 Mbps     0 retrans
[2024-11-01T22:43:09.043709-0700]    59.3750 MB /   0.50 sec =  996.2169 Mbps     0 retrans
[2024-11-01T22:43:09.543781-0700]    57.8125 MB /   0.50 sec =  969.8921 Mbps     0 retrans
[2024-11-01T22:43:10.043651-0700]    57.4375 MB /   0.50 sec =  963.6972 Mbps     0 retrans
[2024-11-01T22:43:10.543726-0700]    53.4375 MB /   0.50 sec =  896.5038 Mbps     0 retrans
[2024-11-01T22:43:11.043901-0700]    55.3750 MB /   0.50 sec =  928.7746 Mbps     0 retrans
[2024-11-01T22:43:11.543771-0700]    54.2500 MB /   0.50 sec =  910.4171 Mbps     0 retrans
[2024-11-01T22:43:12.043636-0700]    50.8750 MB /   0.50 sec =  853.5955 Mbps     0 retrans
[2024-11-01T22:43:12.543822-0700]    46.5625 MB /   0.50 sec =  781.0610 Mbps     0 retrans
[2024-11-01T22:43:13.043809-0700]    45.7500 MB /   0.50 sec =  767.5607 Mbps     0 retrans
[2024-11-01T22:43:13.543635-0700]    50.0000 MB /   0.50 sec =  839.0101 Mbps     0 retrans
[2024-11-01T22:43:14.043761-0700]    46.2500 MB /   0.50 sec =  775.8888 Mbps     0 retrans
[2024-11-01T22:43:14.543796-0700]    49.8750 MB /   0.50 sec =  836.7218 Mbps     0 retrans
[2024-11-01T22:43:15.043756-0700]    50.3750 MB /   0.50 sec =  845.1759 Mbps     0 retrans
[2024-11-01T22:43:15.543630-0700]    54.1875 MB /   0.50 sec =  909.2009 Mbps     0 retrans
[2024-11-01T22:43:16.043855-0700]    53.5000 MB /   0.50 sec =  897.4823 Mbps     0 retrans
[2024-11-01T22:43:16.543705-0700]    56.0625 MB /   0.50 sec =  940.6329 Mbps     0 retrans
[2024-11-01T22:43:17.043760-0700]    54.9375 MB /   0.50 sec =  921.6891 Mbps     0 retrans
[2024-11-01T22:43:17.543768-0700]    52.0625 MB /   0.50 sec =  873.4376 Mbps     0 retrans
[2024-11-01T22:43:18.043929-0700]    39.1250 MB /   0.50 sec =  656.4138 Mbps     0 retrans
[2024-11-01T22:43:18.543797-0700]    32.0625 MB /   0.50 sec =  537.9066 Mbps     0 retrans
[2024-11-01T22:43:19.043833-0700]    47.1875 MB /   0.50 sec =  791.7192 Mbps     0 retrans
[2024-11-01T22:43:19.543761-0700]    45.6250 MB /   0.50 sec =  765.4360 Mbps     0 retrans
[2024-11-01T22:43:20.043756-0700]    50.1250 MB /   0.50 sec =  840.9596 Mbps     0 retrans
[2024-11-01T22:43:20.543764-0700]    48.3750 MB /   0.50 sec =  811.5865 Mbps     0 retrans
[2024-11-01T22:43:21.043796-0700]    48.6250 MB /   0.50 sec =  815.7954 Mbps     0 retrans
[2024-11-01T22:43:21.543793-0700]    46.4375 MB /   0.50 sec =  779.0889 Mbps     0 retrans
[2024-11-01T22:43:22.043698-0700]    41.0625 MB /   0.50 sec =  688.9282 Mbps     0 retrans
[2024-11-01T22:43:22.543750-0700]    34.4375 MB /   0.50 sec =  577.7584 Mbps     0 retrans
[2024-11-01T22:43:23.043739-0700]    35.8125 MB /   0.50 sec =  600.8449 Mbps     0 retrans
[2024-11-01T22:43:23.543715-0700]    44.1875 MB /   0.50 sec =  741.3284 Mbps     0 retrans
[2024-11-01T22:43:24.043723-0700]    46.6250 MB /   0.50 sec =  782.2596 Mbps     0 retrans
[2024-11-01T22:43:24.543781-0700]    46.3750 MB /   0.50 sec =  778.0045 Mbps     0 retrans
[2024-11-01T22:43:25.043719-0700]    48.5625 MB /   0.50 sec =  814.7631 Mbps     0 retrans
[2024-11-01T22:43:25.543756-0700]    51.6875 MB /   0.50 sec =  867.1706 Mbps     0 retrans
[2024-11-01T22:43:26.043816-0700]    48.9375 MB /   0.50 sec =  820.9529 Mbps     0 retrans
[2024-11-01T22:43:26.543640-0700]    46.0000 MB /   0.50 sec =  771.8893 Mbps     0 retrans
[2024-11-01T22:43:27.043710-0700]    50.7500 MB /   0.50 sec =  851.4148 Mbps     0 retrans
[2024-11-01T22:43:27.543869-0700]    50.3125 MB /   0.50 sec =  844.0919 Mbps     0 retrans
[2024-11-01T22:43:28.043722-0700]    52.3125 MB /   0.50 sec =  877.6564 Mbps     0 retrans
[2024-11-01T22:43:28.543702-0700]    21.5000 MB /   0.50 sec =  360.6871 Mbps     0 retrans
[2024-11-01T22:43:29.043728-0700]    42.9375 MB /   0.50 sec =  720.4308 Mbps     0 retrans
[2024-11-01T22:43:29.543743-0700]    48.8750 MB /   0.50 sec =  819.9520 Mbps     0 retrans
[2024-11-01T22:43:30.043701-0700]    50.0625 MB /   0.50 sec =  839.9312 Mbps     0 retrans
[2024-11-01T22:43:30.543744-0700]    47.2500 MB /   0.50 sec =  792.7124 Mbps     0 retrans
[2024-11-01T22:43:31.043699-0700]    50.3125 MB /   0.50 sec =  844.1223 Mbps     0 retrans
[2024-11-01T22:43:31.543697-0700]    51.1875 MB /   0.50 sec =  858.7803 Mbps     0 retrans
[2024-11-01T22:43:32.043729-0700]    50.3750 MB /   0.50 sec =  845.1404 Mbps     0 retrans
[2024-11-01T22:43:32.543740-0700]    52.3125 MB /   0.50 sec =  877.6651 Mbps     0 retrans
[2024-11-01T22:43:33.043728-0700]    51.0000 MB /   0.50 sec =  855.6038 Mbps     0 retrans
[2024-11-01T22:43:33.543711-0700]    49.4375 MB /   0.50 sec =  829.4352 Mbps     0 retrans
[2024-11-01T22:43:34.043651-0700]    53.0625 MB /   0.50 sec =  890.3212 Mbps     0 retrans
End time: 1730526214296
