Start time: 1730527516201
[2024-11-01T23:05:17.143077-0700] nuttcp-r: v8.1.4: socket
[2024-11-01T23:05:17.143665-0700] nuttcp-r: buflen=65536, nstream=1, port=5101 tcp
[2024-11-01T23:05:17.143701-0700] nuttcp-r: interval reporting every 0.50 seconds
[2024-11-01T23:05:17.143760-0700] nuttcp-r: connect to 155.146.118.158 with RTT=44.126 ms af=inet
[2024-11-01T23:05:17.143784-0700] nuttcp-r: send window size = 2097152, receive window size = 6291456
[2024-11-01T23:05:17.143807-0700] nuttcp-r: available send window = 1572864, available receive window = 4718592
[2024-11-01T23:05:17.143846-0700]     1.2500 MB /   0.50 sec =   20.9677 Mbps     0 retrans
[2024-11-01T23:05:17.642910-0700]     7.6875 MB /   0.50 sec =  128.9934 Mbps     0 retrans
[2024-11-01T23:05:18.143005-0700]    29.5000 MB /   0.50 sec =  494.8962 Mbps     0 retrans
[2024-11-01T23:05:18.643296-0700]    32.0000 MB /   0.50 sec =  536.8752 Mbps     0 retrans
[2024-11-01T23:05:19.143352-0700]    24.1875 MB /   0.50 sec =  405.7965 Mbps     0 retrans
[2024-11-01T23:05:19.642994-0700]    31.0625 MB /   0.50 sec =  521.1454 Mbps     0 retrans
[2024-11-01T23:05:20.143125-0700]    32.0000 MB /   0.50 sec =  536.7668 Mbps     0 retrans
[2024-11-01T23:05:20.643123-0700]    19.0625 MB /   0.50 sec =  319.8157 Mbps     0 retrans
[2024-11-01T23:05:21.143027-0700]    18.6875 MB /   0.50 sec =  313.5662 Mbps     0 retrans
[2024-11-01T23:05:21.643006-0700]    20.5000 MB /   0.50 sec =  343.9432 Mbps     0 retrans
[2024-11-01T23:05:22.142996-0700]    27.1250 MB /   0.50 sec =  455.0865 Mbps     0 retrans
[2024-11-01T23:05:22.642984-0700]    28.8750 MB /   0.50 sec =  484.4479 Mbps     0 retrans
[2024-11-01T23:05:23.143156-0700]    27.0625 MB /   0.50 sec =  454.0325 Mbps     0 retrans
[2024-11-01T23:05:23.643141-0700]    36.7500 MB /   0.50 sec =  616.4172 Mbps     0 retrans
[2024-11-01T23:05:24.142919-0700]    35.9375 MB /   0.50 sec =  603.1073 Mbps     0 retrans
[2024-11-01T23:05:24.642992-0700]    35.5000 MB /   0.50 sec =  595.5554 Mbps     0 retrans
[2024-11-01T23:05:25.142978-0700]    30.2500 MB /   0.50 sec =  507.5098 Mbps     0 retrans
[2024-11-01T23:05:25.642979-0700]    25.7500 MB /   0.50 sec =  432.0159 Mbps     0 retrans
[2024-11-01T23:05:26.143012-0700]    25.4375 MB /   0.50 sec =  426.7551 Mbps     0 retrans
[2024-11-01T23:05:26.642995-0700]    30.0625 MB /   0.50 sec =  504.3862 Mbps     0 retrans
[2024-11-01T23:05:27.143000-0700]    30.6875 MB /   0.50 sec =  514.8323 Mbps     0 retrans
[2024-11-01T23:05:27.642976-0700]    21.4375 MB /   0.50 sec =  359.6724 Mbps     0 retrans
[2024-11-01T23:05:28.142965-0700]     8.0000 MB /   0.50 sec =  134.2129 Mbps     0 retrans
[2024-11-01T23:05:28.642958-0700]    13.3125 MB /   0.50 sec =  223.3409 Mbps     0 retrans
[2024-11-01T23:05:29.143067-0700]     3.0625 MB /   0.50 sec =   51.3751 Mbps     0 retrans
[2024-11-01T23:05:29.643004-0700]    11.3125 MB /   0.50 sec =  189.8203 Mbps     0 retrans
[2024-11-01T23:05:30.142995-0700]    12.7500 MB /   0.50 sec =  213.9091 Mbps     0 retrans
[2024-11-01T23:05:30.642972-0700]     8.0625 MB /   0.50 sec =  135.2690 Mbps     0 retrans
[2024-11-01T23:05:31.143194-0700]     3.1875 MB /   0.50 sec =   53.4727 Mbps     0 retrans
[2024-11-01T23:05:31.643085-0700]     3.7500 MB /   0.50 sec =   62.9085 Mbps     0 retrans
[2024-11-01T23:05:32.143076-0700]     0.0000 MB /   0.50 sec =    0.0000 Mbps     0 retrans
[2024-11-01T23:05:32.643062-0700]    13.0000 MB /   0.50 sec =  218.1226 Mbps     0 retrans
[2024-11-01T23:05:33.143055-0700]     0.3750 MB /   0.50 sec =    6.2909 Mbps     0 retrans
[2024-11-01T23:05:33.643041-0700]     4.3125 MB /   0.50 sec =   72.3542 Mbps     0 retrans
[2024-11-01T23:05:34.142936-0700]     0.8750 MB /   0.50 sec =   14.6812 Mbps     0 retrans
[2024-11-01T23:05:34.643022-0700]    17.3750 MB /   0.50 sec =  291.4913 Mbps     0 retrans
[2024-11-01T23:05:35.143014-0700]    16.0625 MB /   0.50 sec =  269.4905 Mbps     0 retrans
[2024-11-01T23:05:35.642998-0700]    18.4375 MB /   0.50 sec =  309.3318 Mbps     0 retrans
[2024-11-01T23:05:36.143251-0700]    20.2500 MB /   0.50 sec =  339.7278 Mbps     0 retrans
[2024-11-01T23:05:36.642976-0700]    14.5625 MB /   0.50 sec =  244.3290 Mbps     0 retrans
[2024-11-01T23:05:37.142983-0700]     9.2500 MB /   0.50 sec =  155.1905 Mbps     0 retrans
[2024-11-01T23:05:37.642972-0700]     9.6875 MB /   0.50 sec =  162.5309 Mbps     0 retrans
[2024-11-01T23:05:38.142922-0700]     8.6250 MB /   0.50 sec =  144.7029 Mbps     0 retrans
[2024-11-01T23:05:38.642963-0700]    10.0000 MB /   0.50 sec =  167.7795 Mbps     0 retrans
[2024-11-01T23:05:39.143167-0700]     5.3125 MB /   0.50 sec =   89.1079 Mbps     0 retrans
[2024-11-01T23:05:39.642955-0700]     7.9375 MB /   0.50 sec =  133.1958 Mbps     0 retrans
[2024-11-01T23:05:40.143160-0700]     7.2500 MB /   0.50 sec =  121.6268 Mbps     0 retrans
[2024-11-01T23:05:40.642944-0700]     7.1875 MB /   0.50 sec =  120.5913 Mbps     0 retrans
[2024-11-01T23:05:41.142912-0700]     7.9375 MB /   0.50 sec =  133.1742 Mbps     0 retrans
[2024-11-01T23:05:41.642970-0700]     9.4375 MB /   0.50 sec =  158.3290 Mbps     0 retrans
[2024-11-01T23:05:42.143101-0700]     8.5000 MB /   0.50 sec =  142.5764 Mbps     0 retrans
[2024-11-01T23:05:42.643025-0700]     5.2500 MB /   0.50 sec =   88.0931 Mbps     0 retrans
[2024-11-01T23:05:43.142915-0700]    11.6875 MB /   0.50 sec =  196.1045 Mbps     0 retrans
[2024-11-01T23:05:43.643049-0700]     5.1250 MB /   0.50 sec =   85.9810 Mbps     0 retrans
[2024-11-01T23:05:44.143239-0700]     2.1250 MB /   0.50 sec =   35.6390 Mbps     0 retrans
[2024-11-01T23:05:44.642943-0700]     0.0000 MB /   0.50 sec =    0.0000 Mbps     0 retrans
[2024-11-01T23:05:45.143280-0700]     0.0000 MB /   0.50 sec =    0.0000 Mbps     0 retrans
[2024-11-01T23:05:45.642984-0700]     0.0625 MB /   0.50 sec =    1.0490 Mbps     0 retrans
[2024-11-01T23:05:46.143150-0700]     0.0000 MB /   0.50 sec =    0.0000 Mbps     0 retrans
[2024-11-01T23:05:46.642967-0700]     0.5625 MB /   0.50 sec =    9.4384 Mbps     0 retrans
[2024-11-01T23:05:47.143093-0700]     2.6250 MB /   0.50 sec =   44.0361 Mbps     0 retrans
[2024-11-01T23:05:47.642937-0700]     4.6875 MB /   0.50 sec =   78.6547 Mbps     0 retrans
[2024-11-01T23:05:48.143041-0700]     0.3125 MB /   0.50 sec =    5.2425 Mbps     0 retrans
[2024-11-01T23:05:48.643015-0700]     0.0000 MB /   0.50 sec =    0.0000 Mbps     0 retrans
[2024-11-01T23:05:49.143145-0700]     0.0000 MB /   0.50 sec =    0.0000 Mbps     0 retrans
[2024-11-01T23:05:49.642968-0700]     0.0000 MB /   0.50 sec =    0.0000 Mbps     0 retrans
[2024-11-01T23:05:50.142949-0700]     1.1250 MB /   0.50 sec =   18.8753 Mbps     0 retrans
[2024-11-01T23:05:50.642926-0700]     0.7500 MB /   0.50 sec =   12.5828 Mbps     0 retrans
[2024-11-01T23:05:51.143112-0700]     1.3125 MB /   0.50 sec =   22.0168 Mbps     0 retrans
[2024-11-01T23:05:51.643036-0700]     0.0625 MB /   0.50 sec =    1.0486 Mbps     0 retrans
[2024-11-01T23:05:52.143119-0700]     0.4375 MB /   0.50 sec =    7.3400 Mbps     0 retrans
[2024-11-01T23:05:52.642932-0700]     2.9375 MB /   0.50 sec =   49.2880 Mbps     0 retrans
[2024-11-01T23:05:53.143123-0700]     2.0625 MB /   0.50 sec =   34.5971 Mbps     0 retrans
[2024-11-01T23:05:53.643007-0700]     2.0000 MB /   0.50 sec =   33.5589 Mbps     0 retrans
[2024-11-01T23:05:54.142920-0700]     3.3125 MB /   0.50 sec =   55.5779 Mbps     0 retrans
[2024-11-01T23:05:54.643023-0700]     2.8750 MB /   0.50 sec =   48.2305 Mbps     0 retrans
[2024-11-01T23:05:55.143246-0700]     4.4375 MB /   0.50 sec =   74.4438 Mbps     0 retrans
[2024-11-01T23:05:55.643001-0700]     2.8750 MB /   0.50 sec =   48.2379 Mbps     0 retrans
[2024-11-01T23:05:56.142995-0700]     7.2500 MB /   0.50 sec =  121.6385 Mbps     0 retrans
[2024-11-01T23:05:56.642985-0700]     8.3125 MB /   0.50 sec =  139.4640 Mbps     0 retrans
[2024-11-01T23:05:57.142988-0700]     7.2500 MB /   0.50 sec =  121.6329 Mbps     0 retrans
[2024-11-01T23:05:57.642928-0700]    10.6875 MB /   0.50 sec =  179.3094 Mbps     0 retrans
[2024-11-01T23:05:58.143089-0700]    12.0625 MB /   0.50 sec =  202.3760 Mbps     0 retrans
[2024-11-01T23:05:58.643010-0700]    14.0000 MB /   0.50 sec =  234.8716 Mbps     0 retrans
[2024-11-01T23:05:59.142938-0700]    15.9375 MB /   0.50 sec =  267.4045 Mbps     0 retrans
[2024-11-01T23:05:59.642952-0700]    14.0000 MB /   0.50 sec =  234.8698 Mbps     0 retrans
[2024-11-01T23:06:00.143047-0700]    15.6250 MB /   0.50 sec =  262.1304 Mbps     0 retrans
[2024-11-01T23:06:00.643011-0700]    18.9375 MB /   0.50 sec =  317.7331 Mbps     0 retrans
[2024-11-01T23:06:01.142994-0700]    20.6250 MB /   0.50 sec =  346.0328 Mbps     0 retrans
[2024-11-01T23:06:01.642908-0700]    16.3750 MB /   0.50 sec =  274.7456 Mbps     0 retrans
[2024-11-01T23:06:02.142965-0700]    21.4375 MB /   0.50 sec =  359.6601 Mbps     0 retrans
[2024-11-01T23:06:02.642996-0700]    26.3125 MB /   0.50 sec =  441.4293 Mbps     0 retrans
[2024-11-01T23:06:03.143001-0700]    28.6250 MB /   0.50 sec =  480.2296 Mbps     0 retrans
[2024-11-01T23:06:03.642972-0700]    15.5625 MB /   0.50 sec =  261.1022 Mbps     0 retrans
[2024-11-01T23:06:04.143024-0700]     4.2500 MB /   0.50 sec =   71.2963 Mbps     0 retrans
[2024-11-01T23:06:04.643088-0700]     9.2500 MB /   0.50 sec =  155.1809 Mbps     0 retrans
[2024-11-01T23:06:05.143006-0700]    26.6250 MB /   0.50 sec =  446.7407 Mbps     0 retrans
[2024-11-01T23:06:05.643005-0700]    17.9375 MB /   0.50 sec =  300.9564 Mbps     0 retrans
[2024-11-01T23:06:06.143165-0700]     4.6250 MB /   0.50 sec =   77.5755 Mbps     0 retrans
[2024-11-01T23:06:06.643135-0700]    11.4375 MB /   0.50 sec =  191.8886 Mbps     0 retrans
[2024-11-01T23:06:07.143095-0700]     3.4375 MB /   0.50 sec =   57.6777 Mbps     0 retrans
[2024-11-01T23:06:07.642994-0700]    10.7500 MB /   0.50 sec =  180.3792 Mbps     0 retrans
[2024-11-01T23:06:08.143032-0700]     4.8750 MB /   0.50 sec =   81.7843 Mbps     0 retrans
[2024-11-01T23:06:08.643002-0700]     9.8125 MB /   0.50 sec =  164.6386 Mbps     0 retrans
[2024-11-01T23:06:09.143061-0700]    13.8750 MB /   0.50 sec =  232.7494 Mbps     0 retrans
[2024-11-01T23:06:09.642975-0700]    15.9375 MB /   0.50 sec =  267.4083 Mbps     0 retrans
[2024-11-01T23:06:10.143049-0700]    12.5000 MB /   0.50 sec =  209.7093 Mbps     0 retrans
[2024-11-01T23:06:10.642909-0700]    12.0625 MB /   0.50 sec =  202.4035 Mbps     0 retrans
[2024-11-01T23:06:11.143051-0700]    13.5000 MB /   0.50 sec =  226.4498 Mbps     0 retrans
[2024-11-01T23:06:11.643062-0700]    14.3750 MB /   0.50 sec =  241.1739 Mbps     0 retrans
[2024-11-01T23:06:12.143108-0700]     7.9375 MB /   0.50 sec =  133.1577 Mbps     0 retrans
[2024-11-01T23:06:12.642996-0700]    14.5000 MB /   0.50 sec =  243.3217 Mbps     0 retrans
[2024-11-01T23:06:13.143133-0700]    16.1875 MB /   0.50 sec =  271.5882 Mbps     0 retrans
[2024-11-01T23:06:13.643044-0700]    18.3750 MB /   0.50 sec =  308.2339 Mbps     0 retrans
[2024-11-01T23:06:14.143062-0700]    14.6250 MB /   0.50 sec =  245.3673 Mbps     0 retrans
[2024-11-01T23:06:14.642988-0700]    14.6250 MB /   0.50 sec =  245.3962 Mbps     0 retrans
[2024-11-01T23:06:15.142954-0700]    20.3750 MB /   0.50 sec =  341.8447 Mbps     0 retrans
[2024-11-01T23:06:15.643041-0700]    19.2500 MB /   0.50 sec =  322.9175 Mbps     0 retrans
[2024-11-01T23:06:16.142904-0700]    15.9375 MB /   0.50 sec =  267.4313 Mbps     0 retrans
[2024-11-01T23:06:16.643006-0700]    20.5625 MB /   0.50 sec =  344.9587 Mbps     0 retrans
[2024-11-01T23:06:17.142991-0700]    12.7500 MB /   0.50 sec =  213.9112 Mbps     0 retrans
[2024-11-01T23:06:17.643047-0700]    15.8125 MB /   0.50 sec =  265.2674 Mbps     0 retrans
[2024-11-01T23:06:18.143094-0700]    13.6875 MB /   0.50 sec =  229.6147 Mbps     0 retrans
[2024-11-01T23:06:18.643119-0700]    13.1875 MB /   0.50 sec =  221.2916 Mbps     0 retrans
[2024-11-01T23:06:19.143033-0700]     8.7500 MB /   0.50 sec =  146.7951 Mbps     0 retrans
[2024-11-01T23:06:19.643029-0700]    16.0625 MB /   0.50 sec =  269.4781 Mbps     0 retrans
[2024-11-01T23:06:20.142986-0700]    14.5625 MB /   0.50 sec =  244.3299 Mbps     0 retrans
[2024-11-01T23:06:20.643035-0700]    13.0000 MB /   0.50 sec =  218.1003 Mbps     0 retrans
[2024-11-01T23:06:21.142989-0700]    13.1250 MB /   0.50 sec =  220.2071 Mbps     0 retrans
[2024-11-01T23:06:21.642895-0700]    13.8125 MB /   0.50 sec =  231.7520 Mbps     0 retrans
[2024-11-01T23:06:22.143000-0700]    15.0625 MB /   0.50 sec =  252.6906 Mbps     0 retrans
[2024-11-01T23:06:22.642987-0700]    14.1875 MB /   0.50 sec =  238.0210 Mbps     0 retrans
[2024-11-01T23:06:23.142903-0700]    17.5625 MB /   0.50 sec =  294.6734 Mbps     0 retrans
[2024-11-01T23:06:23.642991-0700]    21.0625 MB /   0.50 sec =  353.3517 Mbps     0 retrans
[2024-11-01T23:06:24.142954-0700]    19.0625 MB /   0.50 sec =  319.8106 Mbps     0 retrans
[2024-11-01T23:06:24.642994-0700]    23.5000 MB /   0.50 sec =  394.2677 Mbps     0 retrans
[2024-11-01T23:06:25.143007-0700]    25.1250 MB /   0.50 sec =  421.5166 Mbps     0 retrans
[2024-11-01T23:06:25.643021-0700]    26.6875 MB /   0.50 sec =  447.7384 Mbps     0 retrans
[2024-11-01T23:06:26.143097-0700]    24.5625 MB /   0.50 sec =  412.0393 Mbps     0 retrans
[2024-11-01T23:06:26.642993-0700]    31.7500 MB /   0.50 sec =  532.7469 Mbps     0 retrans
[2024-11-01T23:06:27.143033-0700]    36.6250 MB /   0.50 sec =  614.4471 Mbps     0 retrans
[2024-11-01T23:06:27.643013-0700]    32.2500 MB /   0.50 sec =  541.0890 Mbps     0 retrans
[2024-11-01T23:06:28.142992-0700]    32.8125 MB /   0.50 sec =  550.5046 Mbps     0 retrans
[2024-11-01T23:06:28.643013-0700]    22.0625 MB /   0.50 sec =  370.1384 Mbps     0 retrans
[2024-11-01T23:06:29.142999-0700]    18.1875 MB /   0.50 sec =  305.1313 Mbps     0 retrans
[2024-11-01T23:06:29.643020-0700]    14.1875 MB /   0.50 sec =  238.0225 Mbps     0 retrans
[2024-11-01T23:06:30.142981-0700]    25.6875 MB /   0.50 sec =  430.9897 Mbps     0 retrans
[2024-11-01T23:06:30.642996-0700]    29.0625 MB /   0.50 sec =  487.5742 Mbps     0 retrans
[2024-11-01T23:06:31.142994-0700]    29.9375 MB /   0.50 sec =  502.2810 Mbps     0 retrans
[2024-11-01T23:06:31.642996-0700]    34.5000 MB /   0.50 sec =  578.8035 Mbps     0 retrans
[2024-11-01T23:06:32.142897-0700]    36.3750 MB /   0.50 sec =  610.3262 Mbps     0 retrans
[2024-11-01T23:06:32.642982-0700]    34.5625 MB /   0.50 sec =  579.8324 Mbps     0 retrans
[2024-11-01T23:06:33.142995-0700]    41.5000 MB /   0.50 sec =  696.2433 Mbps     0 retrans
[2024-11-01T23:06:33.643004-0700]    40.1250 MB /   0.50 sec =  673.1993 Mbps     0 retrans
[2024-11-01T23:06:34.143096-0700]    43.2500 MB /   0.50 sec =  725.4826 Mbps     0 retrans
[2024-11-01T23:06:34.642973-0700]    35.1250 MB /   0.50 sec =  589.4011 Mbps     0 retrans
[2024-11-01T23:06:35.142990-0700]    44.8125 MB /   0.50 sec =  751.8200 Mbps     0 retrans
[2024-11-01T23:06:35.642985-0700]    46.0625 MB /   0.50 sec =  772.8036 Mbps     0 retrans
[2024-11-01T23:06:36.142999-0700]    51.7500 MB /   0.50 sec =  868.2140 Mbps     0 retrans
[2024-11-01T23:06:36.643021-0700]    51.6875 MB /   0.50 sec =  867.1273 Mbps     0 retrans
[2024-11-01T23:06:37.143067-0700]    37.5625 MB /   0.50 sec =  630.1702 Mbps     0 retrans
[2024-11-01T23:06:37.643044-0700]    46.8750 MB /   0.50 sec =  786.4257 Mbps     0 retrans
[2024-11-01T23:06:38.142985-0700]    38.0625 MB /   0.50 sec =  638.6543 Mbps     0 retrans
[2024-11-01T23:06:38.643090-0700]    34.6250 MB /   0.50 sec =  580.9181 Mbps     0 retrans
[2024-11-01T23:06:39.143038-0700]    40.8750 MB /   0.50 sec =  685.7440 Mbps     0 retrans
[2024-11-01T23:06:39.642976-0700]    38.6875 MB /   0.50 sec =  649.0893 Mbps     0 retrans
[2024-11-01T23:06:40.143049-0700]    48.3750 MB /   0.50 sec =  811.5167 Mbps     0 retrans
[2024-11-01T23:06:40.643021-0700]    39.8125 MB /   0.50 sec =  667.9683 Mbps     0 retrans
[2024-11-01T23:06:41.143004-0700]    32.5625 MB /   0.50 sec =  546.3332 Mbps     0 retrans
[2024-11-01T23:06:41.643110-0700]    41.8125 MB /   0.50 sec =  701.4987 Mbps     0 retrans
[2024-11-01T23:06:42.143028-0700]    14.2500 MB /   0.50 sec =  239.0653 Mbps     0 retrans
[2024-11-01T23:06:42.642997-0700]    14.5625 MB /   0.50 sec =  244.3231 Mbps     0 retrans
[2024-11-01T23:06:43.143139-0700]     0.6875 MB /   0.50 sec =   11.5318 Mbps     0 retrans
[2024-11-01T23:06:43.642973-0700]    20.1875 MB /   0.50 sec =  338.7754 Mbps     0 retrans
[2024-11-01T23:06:44.143033-0700]     1.4375 MB /   0.50 sec =   24.1136 Mbps     0 retrans
[2024-11-01T23:06:44.642947-0700]    16.0625 MB /   0.50 sec =  269.5137 Mbps     0 retrans
[2024-11-01T23:06:45.142989-0700]    28.5000 MB /   0.50 sec =  478.1545 Mbps     0 retrans
[2024-11-01T23:06:45.642911-0700]    25.0000 MB /   0.50 sec =  419.4598 Mbps     0 retrans
[2024-11-01T23:06:46.143006-0700]    22.1875 MB /   0.50 sec =  372.2236 Mbps     0 retrans
[2024-11-01T23:06:46.642992-0700]    24.6250 MB /   0.50 sec =  413.1414 Mbps     0 retrans
[2024-11-01T23:06:47.143008-0700]    22.9375 MB /   0.50 sec =  384.8189 Mbps     0 retrans
[2024-11-01T23:06:47.642984-0700]    28.0000 MB /   0.50 sec =  469.7677 Mbps     0 retrans
[2024-11-01T23:06:48.143114-0700]    27.0000 MB /   0.50 sec =  452.9413 Mbps     0 retrans
[2024-11-01T23:06:48.643006-0700]    13.6875 MB /   0.50 sec =  229.6570 Mbps     0 retrans
[2024-11-01T23:06:49.143129-0700]     2.0000 MB /   0.50 sec =   33.5472 Mbps     0 retrans
[2024-11-01T23:06:49.643014-0700]     0.0000 MB /   0.50 sec =    0.0000 Mbps     0 retrans
[2024-11-01T23:06:50.142986-0700]    33.8750 MB /   0.50 sec =  568.4351 Mbps     0 retrans
[2024-11-01T23:06:50.643020-0700]    36.3750 MB /   0.50 sec =  610.2224 Mbps     0 retrans
[2024-11-01T23:06:51.142995-0700]    40.3125 MB /   0.50 sec =  676.3396 Mbps     0 retrans
[2024-11-01T23:06:51.643007-0700]    47.3125 MB /   0.50 sec =  793.7720 Mbps     0 retrans
[2024-11-01T23:06:52.142956-0700]    44.0625 MB /   0.50 sec =  739.2594 Mbps     0 retrans
[2024-11-01T23:06:52.643015-0700]    13.8125 MB /   0.50 sec =  231.7214 Mbps     0 retrans
[2024-11-01T23:06:53.142992-0700]    34.1875 MB /   0.50 sec =  573.5952 Mbps     0 retrans
[2024-11-01T23:06:53.642999-0700]    33.4375 MB /   0.50 sec =  560.9870 Mbps     0 retrans
[2024-11-01T23:06:54.143097-0700]    39.8125 MB /   0.50 sec =  667.8574 Mbps     0 retrans
[2024-11-01T23:06:54.643029-0700]    44.3125 MB /   0.50 sec =  743.5132 Mbps     0 retrans
[2024-11-01T23:06:55.142995-0700]    46.5000 MB /   0.50 sec =  780.1671 Mbps     0 retrans
[2024-11-01T23:06:55.642895-0700]    49.3750 MB /   0.50 sec =  828.4347 Mbps     0 retrans
[2024-11-01T23:06:56.142995-0700]    52.3125 MB /   0.50 sec =  877.5984 Mbps     0 retrans
[2024-11-01T23:06:56.643127-0700]    50.6875 MB /   0.50 sec =  850.3866 Mbps     0 retrans
[2024-11-01T23:06:57.142919-0700]    46.1250 MB /   0.50 sec =  773.9017 Mbps     0 retrans
[2024-11-01T23:06:57.642903-0700]    52.1250 MB /   0.50 sec =  874.5159 Mbps     0 retrans
[2024-11-01T23:06:58.142989-0700]    47.5000 MB /   0.50 sec =  796.8684 Mbps     0 retrans
[2024-11-01T23:06:58.643043-0700]    44.0000 MB /   0.50 sec =  738.1576 Mbps     0 retrans
[2024-11-01T23:06:59.142998-0700]    53.7500 MB /   0.50 sec =  901.8132 Mbps     0 retrans
[2024-11-01T23:06:59.642952-0700]    51.6250 MB /   0.50 sec =  866.1480 Mbps     0 retrans
[2024-11-01T23:07:00.143019-0700]    46.2500 MB /   0.50 sec =  775.8919 Mbps     0 retrans
[2024-11-01T23:07:00.642992-0700]    49.6875 MB /   0.50 sec =  833.6546 Mbps     0 retrans
[2024-11-01T23:07:01.142971-0700]    36.6250 MB /   0.50 sec =  614.4778 Mbps     0 retrans
[2024-11-01T23:07:01.643700-0700]    34.1875 MB /   0.50 sec =  572.9328 Mbps     0 retrans
[2024-11-01T23:07:02.143008-0700]    36.1875 MB /   0.50 sec =  607.7746 Mbps     0 retrans
[2024-11-01T23:07:02.643090-0700]    15.7500 MB /   0.50 sec =  264.2094 Mbps     0 retrans
[2024-11-01T23:07:03.143060-0700]     0.0000 MB /   0.50 sec =    0.0000 Mbps     0 retrans
[2024-11-01T23:07:03.642998-0700]     0.5000 MB /   0.50 sec =    8.3890 Mbps     0 retrans
[2024-11-01T23:07:04.142930-0700]    28.2500 MB /   0.50 sec =  473.9772 Mbps     0 retrans
[2024-11-01T23:07:04.643003-0700]    34.8750 MB /   0.50 sec =  585.0785 Mbps     0 retrans
[2024-11-01T23:07:05.142884-0700]    33.3750 MB /   0.50 sec =  559.9799 Mbps     0 retrans
[2024-11-01T23:07:05.643005-0700]    38.8750 MB /   0.50 sec =  652.1621 Mbps     0 retrans
[2024-11-01T23:07:06.143017-0700]    38.2500 MB /   0.50 sec =  641.6990 Mbps     0 retrans
[2024-11-01T23:07:06.642981-0700]    37.9375 MB /   0.50 sec =  636.5175 Mbps     0 retrans
[2024-11-01T23:07:07.143014-0700]    33.1250 MB /   0.50 sec =  555.7153 Mbps     0 retrans
[2024-11-01T23:07:07.642996-0700]    40.6250 MB /   0.50 sec =  681.6003 Mbps     0 retrans
[2024-11-01T23:07:08.142980-0700]    41.9375 MB /   0.50 sec =  703.6100 Mbps     0 retrans
[2024-11-01T23:07:08.643011-0700]    36.6875 MB /   0.50 sec =  615.4883 Mbps     0 retrans
[2024-11-01T23:07:09.143038-0700]    38.5625 MB /   0.50 sec =  646.9960 Mbps     0 retrans
[2024-11-01T23:07:09.642914-0700]    41.4375 MB /   0.50 sec =  695.2462 Mbps     0 retrans
[2024-11-01T23:07:10.143026-0700]    39.7500 MB /   0.50 sec =  666.8237 Mbps     0 retrans
[2024-11-01T23:07:10.642889-0700]    42.2500 MB /   0.50 sec =  708.9267 Mbps     0 retrans
[2024-11-01T23:07:11.142995-0700]    34.3125 MB /   0.50 sec =  575.6176 Mbps     0 retrans
[2024-11-01T23:07:11.643089-0700]    29.1250 MB /   0.50 sec =  488.6433 Mbps     0 retrans
[2024-11-01T23:07:12.142979-0700]    29.1875 MB /   0.50 sec =  489.6879 Mbps     0 retrans
[2024-11-01T23:07:12.642988-0700]    26.3125 MB /   0.50 sec =  441.4470 Mbps     0 retrans
[2024-11-01T23:07:13.142952-0700]    23.2500 MB /   0.50 sec =  390.0679 Mbps     0 retrans
[2024-11-01T23:07:13.642997-0700]    30.5000 MB /   0.50 sec =  511.7092 Mbps     0 retrans
[2024-11-01T23:07:14.142969-0700]     9.6250 MB /   0.50 sec =  161.4817 Mbps     0 retrans
[2024-11-01T23:07:14.642996-0700]    21.2500 MB /   0.50 sec =  356.5116 Mbps     0 retrans
[2024-11-01T23:07:15.143001-0700]    19.1875 MB /   0.50 sec =  321.9148 Mbps     0 retrans
[2024-11-01T23:07:15.642978-0700]    23.0625 MB /   0.50 sec =  386.9261 Mbps     0 retrans
[2024-11-01T23:07:16.142921-0700]    26.6875 MB /   0.50 sec =  447.7509 Mbps     0 retrans
[2024-11-01T23:07:16.643008-0700]    24.4375 MB /   0.50 sec =  409.9645 Mbps     0 retrans
[2024-11-01T23:07:17.143106-0700]    23.2500 MB /   0.50 sec =  390.0882 Mbps     0 retrans
End time: 1730527637316
