Start time: 1730852098064
[2024-11-05T18:14:59.032521-0600] nuttcp-t: v8.1.4: socket
[2024-11-05T18:14:59.032964-0600] nuttcp-t: buflen=65536, nstream=1, port=5102 tcp -> 54.197.223.49
[2024-11-05T18:14:59.032989-0600] nuttcp-t: time limit = 120.00 seconds
[2024-11-05T18:14:59.033009-0600] nuttcp-t: connect to 54.197.223.49 with mss=1378, RTT=45.637 ms af=inet
[2024-11-05T18:14:59.033028-0600] nuttcp-t: send window size = 2097152, receive window size = 6291456
[2024-11-05T18:14:59.033046-0600] nuttcp-t: available send window = 1572864, available receive window = 4718592
[2024-11-05T18:14:59.033064-0600] nuttcp-t: initial congestion window = 13 KB (10 packets)
[2024-11-05T18:14:59.033082-0600] nuttcp-r: v8.1.4: socket
[2024-11-05T18:14:59.033100-0600] nuttcp-r: buflen=65536, nstream=1, port=5102 tcp
[2024-11-05T18:14:59.033119-0600] nuttcp-r: interval reporting every 0.50 seconds
[2024-11-05T18:14:59.033137-0600] nuttcp-r: accept from 166.194.135.17 with af=inet
[2024-11-05T18:14:59.033155-0600] nuttcp-r: send window size = 450000000, receive window size = 450000000
[2024-11-05T18:14:59.033173-0600] nuttcp-r: available send window = 225000000, available receive window = 225000000
[2024-11-05T18:14:59.033194-0600]     2.5625 MB /   0.50 sec =   42.9900 Mbps     0 retrans   2307 KB-cwnd
[2024-11-05T18:14:59.817848-0600]     3.8750 MB /   0.50 sec =   65.0121 Mbps     0 retrans   2488 KB-cwnd
[2024-11-05T18:15:00.322466-0600]     2.8125 MB /   0.50 sec =   47.1737 Mbps     0 retrans   2488 KB-cwnd
[2024-11-05T18:15:00.802347-0600]     2.5000 MB /   0.50 sec =   41.9475 Mbps     0 retrans   2488 KB-cwnd
[2024-11-05T18:15:01.149613-0600]     3.2500 MB /   0.50 sec =   54.5328 Mbps     0 retrans   2488 KB-cwnd
[2024-11-05T18:15:01.506813-0600]     3.7500 MB /   0.50 sec =   62.9157 Mbps     0 retrans   2881 KB-cwnd
[2024-11-05T18:15:02.196824-0600]     4.1875 MB /   0.50 sec =   70.2556 Mbps     0 retrans   2881 KB-cwnd
[2024-11-05T18:15:02.551721-0600]     3.5000 MB /   0.50 sec =   58.7179 Mbps     0 retrans   2881 KB-cwnd
[2024-11-05T18:15:03.231822-0600]     3.7500 MB /   0.50 sec =   62.9147 Mbps     0 retrans   2881 KB-cwnd
[2024-11-05T18:15:03.533869-0600]     4.5625 MB /   0.50 sec =   76.5457 Mbps     0 retrans   2881 KB-cwnd
[2024-11-05T18:15:04.155805-0600]     4.4375 MB /   0.50 sec =   74.4492 Mbps     0 retrans   2881 KB-cwnd
[2024-11-05T18:15:04.499757-0600]     3.8750 MB /   0.50 sec =   64.7757 Mbps     0 retrans   2881 KB-cwnd
[2024-11-05T18:15:05.186364-0600]     3.6875 MB /   0.50 sec =   62.0916 Mbps     0 retrans   2881 KB-cwnd
[2024-11-05T18:15:05.477867-0600]     4.5000 MB /   0.50 sec =   75.5009 Mbps     0 retrans   2881 KB-cwnd
[2024-11-05T18:15:06.112151-0600]     4.1250 MB /   0.50 sec =   69.1040 Mbps     0 retrans   3095 KB-cwnd
[2024-11-05T18:15:06.727990-0600]     4.6250 MB /   0.50 sec =   77.7067 Mbps     0 retrans   3095 KB-cwnd
[2024-11-05T18:15:07.047514-0600]     3.8750 MB /   0.50 sec =   65.0109 Mbps     0 retrans   3095 KB-cwnd
[2024-11-05T18:15:07.649824-0600]     4.5625 MB /   0.50 sec =   76.5482 Mbps     0 retrans   3095 KB-cwnd
[2024-11-05T18:15:08.295706-0600]     4.4375 MB /   0.50 sec =   74.4480 Mbps     0 retrans   3095 KB-cwnd
[2024-11-05T18:15:08.591809-0600]     4.0000 MB /   0.50 sec =   66.7407 Mbps     0 retrans   3095 KB-cwnd
[2024-11-05T18:15:09.166557-0600]     4.4375 MB /   0.50 sec =   74.8540 Mbps     1 retrans   2501 KB-cwnd
[2024-11-05T18:15:09.774244-0600]     5.0000 MB /   0.50 sec =   83.8956 Mbps     0 retrans   2501 KB-cwnd
[2024-11-05T18:15:10.047350-0600]     3.8125 MB /   0.50 sec =   63.9642 Mbps     0 retrans   2501 KB-cwnd
[2024-11-05T18:15:10.645821-0600]     5.3125 MB /   0.50 sec =   89.1291 Mbps     0 retrans   2501 KB-cwnd
[2024-11-05T18:15:11.317489-0600]     4.1250 MB /   0.50 sec =   69.0615 Mbps     0 retrans   2501 KB-cwnd
[2024-11-05T18:15:11.717363-0600]     3.9375 MB /   0.50 sec =   66.1955 Mbps     0 retrans   2501 KB-cwnd
[2024-11-05T18:15:12.089862-0600]     3.5000 MB /   0.50 sec =   58.7235 Mbps     0 retrans   2501 KB-cwnd
[2024-11-05T18:15:12.731796-0600]     3.9375 MB /   0.50 sec =   66.0591 Mbps     0 retrans   2501 KB-cwnd
[2024-11-05T18:15:13.083699-0600]     4.3750 MB /   0.50 sec =   73.4000 Mbps     0 retrans   2501 KB-cwnd
[2024-11-05T18:15:13.687861-0600]     4.1250 MB /   0.50 sec =   69.1969 Mbps     0 retrans   2501 KB-cwnd
[2024-11-05T18:15:14.224053-0600]     4.5000 MB /   0.50 sec =   75.5055 Mbps     0 retrans   2501 KB-cwnd
[2024-11-05T18:15:14.513798-0600]     4.8750 MB /   0.50 sec =   81.7911 Mbps     0 retrans   2501 KB-cwnd
[2024-11-05T18:15:15.063781-0600]     5.1250 MB /   0.50 sec =   85.9800 Mbps     0 retrans   2501 KB-cwnd
[2024-11-05T18:15:15.623618-0600]     4.5000 MB /   0.50 sec =   75.4996 Mbps     0 retrans   2501 KB-cwnd
[2024-11-05T18:15:16.162689-0600]     5.3125 MB /   0.50 sec =   89.1306 Mbps     0 retrans   2501 KB-cwnd
[2024-11-05T18:15:16.774395-0600]     5.0000 MB /   0.50 sec =   83.8866 Mbps     0 retrans   2501 KB-cwnd
[2024-11-05T18:15:17.029214-0600]     4.5000 MB /   0.50 sec =   75.4960 Mbps     0 retrans   2501 KB-cwnd
[2024-11-05T18:15:17.635931-0600]     4.5000 MB /   0.50 sec =   75.5002 Mbps     0 retrans   2501 KB-cwnd
[2024-11-05T18:15:18.019505-0600]     3.7500 MB /   0.50 sec =   62.9108 Mbps     0 retrans   2501 KB-cwnd
[2024-11-05T18:15:18.605859-0600]     4.3750 MB /   0.50 sec =   73.2298 Mbps     0 retrans   2501 KB-cwnd
[2024-11-05T18:15:19.132454-0600]     5.1250 MB /   0.50 sec =   86.1861 Mbps     1 retrans   1999 KB-cwnd
[2024-11-05T18:15:19.725696-0600]     4.5000 MB /   0.50 sec =   75.4957 Mbps     0 retrans   1999 KB-cwnd
[2024-11-05T18:15:20.259865-0600]     5.0625 MB /   0.50 sec =   84.8529 Mbps     0 retrans   1999 KB-cwnd
[2024-11-05T18:15:20.577408-0600]     4.5000 MB /   0.50 sec =   75.5727 Mbps     0 retrans   1999 KB-cwnd
[2024-11-05T18:15:21.282004-0600]     3.9375 MB /   0.50 sec =   66.0194 Mbps     0 retrans   1999 KB-cwnd
[2024-11-05T18:15:21.628727-0600]     3.5625 MB /   0.50 sec =   59.8076 Mbps     0 retrans   1999 KB-cwnd
[2024-11-05T18:15:22.305895-0600]     4.3125 MB /   0.50 sec =   72.3332 Mbps     0 retrans   1999 KB-cwnd
[2024-11-05T18:15:22.629826-0600]     3.8750 MB /   0.50 sec =   65.0271 Mbps     0 retrans   1999 KB-cwnd
[2024-11-05T18:15:22.985712-0600]     3.7500 MB /   0.50 sec =   62.9141 Mbps     0 retrans   1999 KB-cwnd
[2024-11-05T18:15:23.643852-0600]     4.1875 MB /   0.50 sec =   70.2467 Mbps     0 retrans   1999 KB-cwnd
[2024-11-05T18:15:24.029820-0600]     3.5625 MB /   0.50 sec =   59.7731 Mbps     0 retrans   1999 KB-cwnd
[2024-11-05T18:15:24.805747-0600]     3.5000 MB /   0.50 sec =   58.7192 Mbps     0 retrans   1999 KB-cwnd
[2024-11-05T18:15:25.181776-0600]     3.5000 MB /   0.50 sec =   58.7208 Mbps     0 retrans   1999 KB-cwnd
[2024-11-05T18:15:25.524159-0600]     3.6875 MB /   0.50 sec =   61.8680 Mbps     0 retrans   1999 KB-cwnd
[2024-11-05T18:15:26.296001-0600]     3.9375 MB /   0.50 sec =   66.0617 Mbps     0 retrans   1999 KB-cwnd
[2024-11-05T18:15:26.735705-0600]     3.1250 MB /   0.50 sec =   52.4287 Mbps     0 retrans   1999 KB-cwnd
[2024-11-05T18:15:27.162372-0600]     3.1250 MB /   0.50 sec =   52.4249 Mbps     0 retrans   1999 KB-cwnd
[2024-11-05T18:15:27.715860-0600]     2.5625 MB /   0.50 sec =   42.9950 Mbps     0 retrans   1999 KB-cwnd
[2024-11-05T18:15:28.106401-0600]     3.0000 MB /   0.50 sec =   50.2661 Mbps     0 retrans   1999 KB-cwnd
[2024-11-05T18:15:28.617646-0600]     3.1250 MB /   0.50 sec =   52.4692 Mbps     0 retrans   1999 KB-cwnd
[2024-11-05T18:15:29.125887-0600]     2.5625 MB /   0.50 sec =   43.0136 Mbps    57 retrans   1643 KB-cwnd
[2024-11-05T18:15:29.716742-0600]     2.9375 MB /   0.50 sec =   49.2821 Mbps     0 retrans   1688 KB-cwnd
[2024-11-05T18:15:30.294009-0600]     3.3750 MB /   0.50 sec =   56.6256 Mbps   294 retrans   1177 KB-cwnd
[2024-11-05T18:15:30.529469-0600]     5.5625 MB /   0.50 sec =   93.3235 Mbps     0 retrans   1308 KB-cwnd
[2024-11-05T18:15:31.047758-0600]     5.2500 MB /   0.50 sec =   88.0790 Mbps     0 retrans   1308 KB-cwnd
[2024-11-05T18:15:31.619842-0600]     4.9375 MB /   0.50 sec =   82.8368 Mbps     0 retrans   1308 KB-cwnd
[2024-11-05T18:15:32.260218-0600]     4.4375 MB /   0.50 sec =   74.4513 Mbps     0 retrans   1308 KB-cwnd
[2024-11-05T18:15:32.575901-0600]     4.0000 MB /   0.50 sec =   67.1074 Mbps     0 retrans   1308 KB-cwnd
[2024-11-05T18:15:33.219976-0600]     4.3125 MB /   0.50 sec =   72.3513 Mbps     0 retrans   1308 KB-cwnd
[2024-11-05T18:15:33.574267-0600]     4.0000 MB /   0.50 sec =   66.6616 Mbps     0 retrans   1308 KB-cwnd
[2024-11-05T18:15:34.297040-0600]     3.5625 MB /   0.50 sec =   60.1714 Mbps     0 retrans   1308 KB-cwnd
[2024-11-05T18:15:34.682517-0600]     3.6875 MB /   0.50 sec =   61.8680 Mbps     0 retrans   1308 KB-cwnd
[2024-11-05T18:15:35.070445-0600]     3.5000 MB /   0.50 sec =   58.7073 Mbps     0 retrans   1308 KB-cwnd
[2024-11-05T18:15:35.794170-0600]     3.6250 MB /   0.50 sec =   60.8316 Mbps     0 retrans   1308 KB-cwnd
[2024-11-05T18:15:36.136525-0600]     3.6875 MB /   0.50 sec =   61.8649 Mbps     0 retrans   1308 KB-cwnd
[2024-11-05T18:15:36.498044-0600]     3.8125 MB /   0.50 sec =   63.9649 Mbps     0 retrans   1308 KB-cwnd
[2024-11-05T18:15:37.157122-0600]     3.9375 MB /   0.50 sec =   66.0592 Mbps     0 retrans   1308 KB-cwnd
[2024-11-05T18:15:37.491968-0600]     4.0625 MB /   0.50 sec =   68.1587 Mbps     0 retrans   1308 KB-cwnd
[2024-11-05T18:15:38.154517-0600]     3.9375 MB /   0.50 sec =   66.0571 Mbps     0 retrans   1308 KB-cwnd
[2024-11-05T18:15:38.500085-0600]     4.0000 MB /   0.50 sec =   67.1093 Mbps     0 retrans   1308 KB-cwnd
[2024-11-05T18:15:39.248624-0600]     3.5625 MB /   0.50 sec =   59.7674 Mbps     0 retrans   1308 KB-cwnd
[2024-11-05T18:15:39.600280-0600]     3.7500 MB /   0.50 sec =   62.9170 Mbps     0 retrans   1308 KB-cwnd
[2024-11-05T18:15:39.976457-0600]     3.5625 MB /   0.50 sec =   59.7687 Mbps     0 retrans   1308 KB-cwnd
[2024-11-05T18:15:40.694340-0600]     3.6875 MB /   0.50 sec =   61.8665 Mbps     0 retrans   1308 KB-cwnd
[2024-11-05T18:15:41.052523-0600]     3.8125 MB /   0.50 sec =   63.9293 Mbps     1 retrans   1060 KB-cwnd
[2024-11-05T18:15:41.758221-0600]     3.9375 MB /   0.50 sec =   66.0945 Mbps     0 retrans   1110 KB-cwnd
[2024-11-05T18:15:42.152263-0600]     3.5000 MB /   0.50 sec =   58.7203 Mbps     0 retrans   1110 KB-cwnd
[2024-11-05T18:15:42.488067-0600]     3.8750 MB /   0.50 sec =   65.0112 Mbps     0 retrans   1150 KB-cwnd
[2024-11-05T18:15:43.225143-0600]     3.5625 MB /   0.50 sec =   59.7679 Mbps     0 retrans   1161 KB-cwnd
[2024-11-05T18:15:43.580933-0600]     3.7500 MB /   0.50 sec =   62.9171 Mbps     0 retrans   1166 KB-cwnd
[2024-11-05T18:15:44.248270-0600]     3.9375 MB /   0.50 sec =   65.9969 Mbps     0 retrans   1166 KB-cwnd
[2024-11-05T18:15:44.554297-0600]     4.2500 MB /   0.50 sec =   71.3680 Mbps     0 retrans   1166 KB-cwnd
[2024-11-05T18:15:45.270151-0600]     4.1875 MB /   0.50 sec =   70.2574 Mbps     0 retrans   1166 KB-cwnd
[2024-11-05T18:15:45.652357-0600]     3.3125 MB /   0.50 sec =   55.5756 Mbps     0 retrans   1166 KB-cwnd
[2024-11-05T18:15:46.105414-0600]     2.4375 MB /   0.50 sec =   40.8932 Mbps   110 retrans   1002 KB-cwnd
[2024-11-05T18:15:46.510934-0600]     6.6250 MB /   0.50 sec =  111.1502 Mbps     0 retrans   1045 KB-cwnd
[2024-11-05T18:15:47.138457-0600]     6.1875 MB /   0.50 sec =  103.7265 Mbps     0 retrans   1139 KB-cwnd
[2024-11-05T18:15:47.547210-0600]     6.6875 MB /   0.50 sec =  112.2163 Mbps     0 retrans   1581 KB-cwnd
[2024-11-05T18:15:48.174385-0600]     6.4375 MB /   0.50 sec =  108.0671 Mbps     0 retrans   1738 KB-cwnd
[2024-11-05T18:15:48.588040-0600]     6.5625 MB /   0.50 sec =  110.1058 Mbps     0 retrans   1738 KB-cwnd
[2024-11-05T18:15:48.982252-0600]     6.8125 MB /   0.50 sec =  114.2948 Mbps     0 retrans   1738 KB-cwnd
[2024-11-05T18:15:49.586473-0600]     6.6250 MB /   0.50 sec =  111.1402 Mbps     0 retrans   1738 KB-cwnd
[2024-11-05T18:15:50.020650-0600]     6.2500 MB /   0.50 sec =  104.8628 Mbps     1 retrans   1484 KB-cwnd
[2024-11-05T18:15:50.476776-0600]     6.1875 MB /   0.50 sec =  103.8099 Mbps     0 retrans   1616 KB-cwnd
[2024-11-05T18:15:51.128093-0600]     6.3750 MB /   0.50 sec =  106.9391 Mbps     0 retrans   1709 KB-cwnd
[2024-11-05T18:15:51.550181-0600]     6.3125 MB /   0.50 sec =  105.9229 Mbps     0 retrans   1709 KB-cwnd
[2024-11-05T18:15:51.988254-0600]     6.1250 MB /   0.50 sec =  102.7625 Mbps     0 retrans   1709 KB-cwnd
[2024-11-05T18:15:52.636653-0600]     6.2500 MB /   0.50 sec =  104.8584 Mbps     0 retrans   1709 KB-cwnd
[2024-11-05T18:15:53.076189-0600]     6.0625 MB /   0.50 sec =  101.7090 Mbps     0 retrans   1709 KB-cwnd
[2024-11-05T18:15:53.508398-0600]     6.4375 MB /   0.50 sec =  108.0040 Mbps     0 retrans   1709 KB-cwnd
[2024-11-05T18:15:54.112500-0600]     6.6250 MB /   0.50 sec =  111.1511 Mbps     0 retrans   1709 KB-cwnd
[2024-11-05T18:15:54.512379-0600]     6.8125 MB /   0.50 sec =  114.2918 Mbps     0 retrans   1709 KB-cwnd
[2024-11-05T18:15:55.130220-0600]     6.6250 MB /   0.50 sec =  111.1488 Mbps     0 retrans   1709 KB-cwnd
[2024-11-05T18:15:55.572332-0600]     6.1875 MB /   0.50 sec =  103.7951 Mbps     0 retrans   1709 KB-cwnd
[2024-11-05T18:15:55.980113-0600]     6.7500 MB /   0.50 sec =  113.2623 Mbps     0 retrans   1729 KB-cwnd
[2024-11-05T18:15:56.591167-0600]     6.3750 MB /   0.50 sec =  106.7575 Mbps     1 retrans   1442 KB-cwnd
[2024-11-05T18:15:57.006076-0600]     6.3750 MB /   0.50 sec =  106.6393 Mbps     0 retrans   1547 KB-cwnd
[2024-11-05T18:15:57.646465-0600]     6.6875 MB /   0.50 sec =  112.7395 Mbps     0 retrans   1547 KB-cwnd
[2024-11-05T18:15:58.066230-0600]     6.5000 MB /   0.50 sec =  109.0530 Mbps     0 retrans   1547 KB-cwnd
[2024-11-05T18:15:58.489739-0600]     6.3125 MB /   0.50 sec =  105.9055 Mbps     0 retrans   1547 KB-cwnd
[2024-11-05T18:15:59.114807-0600]     6.3750 MB /   0.50 sec =  106.9562 Mbps     0 retrans   1547 KB-cwnd
[2024-11-05T18:15:59.540145-0600]     6.7500 MB /   0.50 sec =  113.2460 Mbps     0 retrans   1547 KB-cwnd
[2024-11-05T18:16:00.140387-0600]     6.5000 MB /   0.50 sec =  109.0482 Mbps     0 retrans   1547 KB-cwnd
[2024-11-05T18:16:00.542095-0600]     6.7500 MB /   0.50 sec =  113.2421 Mbps     0 retrans   1548 KB-cwnd
[2024-11-05T18:16:01.152924-0600]     6.6875 MB /   0.50 sec =  112.2030 Mbps     0 retrans   1548 KB-cwnd
[2024-11-05T18:16:01.580987-0600]     6.6875 MB /   0.50 sec =  112.1999 Mbps     0 retrans   1548 KB-cwnd
[2024-11-05T18:16:02.166207-0600]     6.6250 MB /   0.50 sec =  111.1428 Mbps     0 retrans   1548 KB-cwnd
[2024-11-05T18:16:02.568113-0600]     6.8125 MB /   0.50 sec =  114.3016 Mbps     0 retrans   1548 KB-cwnd
[2024-11-05T18:16:03.194305-0600]     6.6875 MB /   0.50 sec =  112.1934 Mbps     1 retrans   1336 KB-cwnd
[2024-11-05T18:16:03.588609-0600]     6.3750 MB /   0.50 sec =  106.9571 Mbps     0 retrans   1384 KB-cwnd
[2024-11-05T18:16:03.990107-0600]     6.5625 MB /   0.50 sec =  110.0901 Mbps     0 retrans   1391 KB-cwnd
[2024-11-05T18:16:04.628310-0600]     6.5000 MB /   0.50 sec =  109.0565 Mbps     0 retrans   1396 KB-cwnd
[2024-11-05T18:16:05.030334-0600]     6.6250 MB /   0.50 sec =  110.7493 Mbps     0 retrans   1478 KB-cwnd
[2024-11-05T18:16:05.628440-0600]     6.6875 MB /   0.50 sec =  112.6129 Mbps     0 retrans   1478 KB-cwnd
[2024-11-05T18:16:06.064607-0600]     6.4375 MB /   0.50 sec =  107.9951 Mbps     0 retrans   1636 KB-cwnd
[2024-11-05T18:16:06.484234-0600]     6.4375 MB /   0.50 sec =  107.8823 Mbps     0 retrans   1636 KB-cwnd
[2024-11-05T18:16:07.108518-0600]     6.7500 MB /   0.50 sec =  113.3666 Mbps     0 retrans   1636 KB-cwnd
[2024-11-05T18:16:07.522167-0600]     6.2500 MB /   0.50 sec =  104.8631 Mbps     0 retrans   1636 KB-cwnd
[2024-11-05T18:16:08.152584-0600]     6.3125 MB /   0.50 sec =  105.8782 Mbps     0 retrans   1636 KB-cwnd
[2024-11-05T18:16:08.584496-0600]     6.4375 MB /   0.50 sec =  108.0133 Mbps     0 retrans   1636 KB-cwnd
[2024-11-05T18:16:09.042882-0600]     6.1875 MB /   0.50 sec =  103.8327 Mbps     0 retrans   1636 KB-cwnd
[2024-11-05T18:16:09.652210-0600]     6.4375 MB /   0.50 sec =  108.0029 Mbps     0 retrans   1636 KB-cwnd
[2024-11-05T18:16:10.072651-0600]     6.6250 MB /   0.50 sec =  111.1508 Mbps     1 retrans   1519 KB-cwnd
[2024-11-05T18:16:10.484380-0600]     6.6250 MB /   0.50 sec =  111.1486 Mbps     0 retrans   1544 KB-cwnd
[2024-11-05T18:16:11.104184-0600]     6.5625 MB /   0.50 sec =  110.1003 Mbps     0 retrans   1617 KB-cwnd
[2024-11-05T18:16:11.514182-0600]     6.6250 MB /   0.50 sec =  111.1493 Mbps     0 retrans   1617 KB-cwnd
[2024-11-05T18:16:12.164503-0600]     6.1875 MB /   0.50 sec =  103.8092 Mbps     0 retrans   1617 KB-cwnd
[2024-11-05T18:16:12.558921-0600]     6.7500 MB /   0.50 sec =  113.1715 Mbps     0 retrans   1617 KB-cwnd
[2024-11-05T18:16:13.152206-0600]     6.7500 MB /   0.50 sec =  113.3126 Mbps     0 retrans   1617 KB-cwnd
[2024-11-05T18:16:13.552135-0600]     6.7500 MB /   0.50 sec =  113.2399 Mbps     0 retrans   1617 KB-cwnd
[2024-11-05T18:16:13.986099-0600]     6.4375 MB /   0.50 sec =  108.0165 Mbps     0 retrans   1617 KB-cwnd
[2024-11-05T18:16:14.601755-0600]     6.5000 MB /   0.50 sec =  109.0512 Mbps     0 retrans   1617 KB-cwnd
[2024-11-05T18:16:15.016299-0600]     6.5000 MB /   0.50 sec =  109.0532 Mbps     0 retrans   1626 KB-cwnd
[2024-11-05T18:16:15.647325-0600]     6.4375 MB /   0.50 sec =  107.9984 Mbps     0 retrans   1626 KB-cwnd
[2024-11-05T18:16:16.064505-0600]     6.5000 MB /   0.50 sec =  109.0560 Mbps     0 retrans   1626 KB-cwnd
[2024-11-05T18:16:16.545225-0600]     6.3750 MB /   0.50 sec =  106.8881 Mbps     1 retrans   1442 KB-cwnd
[2024-11-05T18:16:17.185101-0600]     6.2500 MB /   0.50 sec =  104.9178 Mbps     0 retrans   1442 KB-cwnd
[2024-11-05T18:16:17.618222-0600]     6.2500 MB /   0.50 sec =  104.8622 Mbps     0 retrans   1453 KB-cwnd
[2024-11-05T18:16:18.044818-0600]     6.3750 MB /   0.50 sec =  106.9554 Mbps     0 retrans   1454 KB-cwnd
[2024-11-05T18:16:18.664712-0600]     6.2500 MB /   0.50 sec =  104.8463 Mbps     0 retrans   1458 KB-cwnd
[2024-11-05T18:16:19.067103-0600]     6.8750 MB /   0.50 sec =  115.3484 Mbps     0 retrans   1458 KB-cwnd
[2024-11-05T18:16:19.686022-0600]     6.6875 MB /   0.50 sec =  112.2044 Mbps     0 retrans   1458 KB-cwnd
[2024-11-05T18:16:20.081993-0600]     6.3750 MB /   0.50 sec =  106.9562 Mbps     0 retrans   1462 KB-cwnd
[2024-11-05T18:16:20.489893-0600]     6.8750 MB /   0.50 sec =  115.3408 Mbps     0 retrans   1465 KB-cwnd
[2024-11-05T18:16:21.092441-0600]     6.5625 MB /   0.50 sec =  110.0235 Mbps     0 retrans   1573 KB-cwnd
[2024-11-05T18:16:21.488536-0600]     6.8125 MB /   0.50 sec =  114.3771 Mbps     0 retrans   1573 KB-cwnd
[2024-11-05T18:16:22.108338-0600]     6.4375 MB /   0.50 sec =  107.9992 Mbps     0 retrans   1573 KB-cwnd
[2024-11-05T18:16:22.575598-0600]     6.2500 MB /   0.50 sec =  104.8473 Mbps     0 retrans   1573 KB-cwnd
[2024-11-05T18:16:23.037346-0600]     5.1250 MB /   0.50 sec =   85.9918 Mbps     1 retrans   1324 KB-cwnd
[2024-11-05T18:16:23.656037-0600]     7.5625 MB /   0.50 sec =  126.8818 Mbps     0 retrans   1547 KB-cwnd
[2024-11-05T18:16:24.063412-0600]     6.6875 MB /   0.50 sec =  112.1947 Mbps     0 retrans   1547 KB-cwnd
[2024-11-05T18:16:24.489868-0600]     6.3125 MB /   0.50 sec =  105.9094 Mbps     0 retrans   1563 KB-cwnd
[2024-11-05T18:16:25.106804-0600]     6.4375 MB /   0.50 sec =  108.0010 Mbps     0 retrans   1563 KB-cwnd
[2024-11-05T18:16:25.526240-0600]     6.6875 MB /   0.50 sec =  112.1974 Mbps     0 retrans   1563 KB-cwnd
[2024-11-05T18:16:26.148275-0600]     6.3750 MB /   0.50 sec =  106.9580 Mbps     0 retrans   1563 KB-cwnd
[2024-11-05T18:16:26.572080-0600]     6.4375 MB /   0.50 sec =  107.9981 Mbps     0 retrans   1563 KB-cwnd
[2024-11-05T18:16:27.000293-0600]     6.5000 MB /   0.50 sec =  109.0550 Mbps     0 retrans   1563 KB-cwnd
[2024-11-05T18:16:27.624405-0600]     6.4375 MB /   0.50 sec =  108.0055 Mbps     0 retrans   1563 KB-cwnd
[2024-11-05T18:16:28.024491-0600]     6.8750 MB /   0.50 sec =  115.3408 Mbps     0 retrans   1563 KB-cwnd
[2024-11-05T18:16:28.609033-0600]     6.7500 MB /   0.50 sec =  113.2464 Mbps     0 retrans   1563 KB-cwnd
[2024-11-05T18:16:29.021677-0600]     6.6875 MB /   0.50 sec =  112.1947 Mbps     0 retrans   1563 KB-cwnd
[2024-11-05T18:16:29.652548-0600]     6.1875 MB /   0.50 sec =  103.8119 Mbps     1 retrans   1347 KB-cwnd
[2024-11-05T18:16:30.064431-0600]     6.8750 MB /   0.50 sec =  115.3438 Mbps     0 retrans   1402 KB-cwnd
[2024-11-05T18:16:30.645289-0600]     6.8125 MB /   0.50 sec =  114.2950 Mbps     0 retrans   1410 KB-cwnd
[2024-11-05T18:16:31.050678-0600]     6.5000 MB /   0.50 sec =  109.0519 Mbps     0 retrans   1417 KB-cwnd
[2024-11-05T18:16:31.647595-0600]     6.9375 MB /   0.50 sec =  116.3901 Mbps     0 retrans   1473 KB-cwnd
[2024-11-05T18:16:32.029486-0600]     7.0625 MB /   0.50 sec =  118.4910 Mbps     0 retrans   1624 KB-cwnd
[2024-11-05T18:16:32.624363-0600]     6.6875 MB /   0.50 sec =  112.1981 Mbps     0 retrans   1624 KB-cwnd
[2024-11-05T18:16:33.044445-0600]     6.6250 MB /   0.50 sec =  111.1499 Mbps     0 retrans   1624 KB-cwnd
[2024-11-05T18:16:33.668879-0600]     6.6250 MB /   0.50 sec =  111.1477 Mbps     0 retrans   1750 KB-cwnd
[2024-11-05T18:16:34.022829-0600]     7.1250 MB /   0.50 sec =  119.5386 Mbps     0 retrans   1827 KB-cwnd
[2024-11-05T18:16:34.572321-0600]     7.4375 MB /   0.50 sec =  124.7758 Mbps     0 retrans   1827 KB-cwnd
[2024-11-05T18:16:35.055139-0600]     5.9375 MB /   0.50 sec =   99.6173 Mbps    22 retrans   1540 KB-cwnd
[2024-11-05T18:16:35.626784-0600]     6.9375 MB /   0.50 sec =  116.3903 Mbps     0 retrans   1540 KB-cwnd
[2024-11-05T18:16:36.089378-0600]     6.9375 MB /   0.50 sec =  116.3929 Mbps     1 retrans   1373 KB-cwnd
[2024-11-05T18:16:36.626824-0600]     7.5625 MB /   0.50 sec =  126.8787 Mbps     0 retrans   1384 KB-cwnd
[2024-11-05T18:16:37.144804-0600]     7.8125 MB /   0.50 sec =  131.0696 Mbps     0 retrans   1395 KB-cwnd
[2024-11-05T18:16:37.500699-0600]     7.5000 MB /   0.50 sec =  125.8238 Mbps     0 retrans   1676 KB-cwnd
[2024-11-05T18:16:38.054396-0600]     7.4375 MB /   0.50 sec =  124.7878 Mbps     0 retrans   1726 KB-cwnd
[2024-11-05T18:16:38.619122-0600]     7.0000 MB /   0.50 sec =  117.4349 Mbps     0 retrans   1726 KB-cwnd
[2024-11-05T18:16:39.008567-0600]     7.1875 MB /   0.50 sec =  120.5891 Mbps     0 retrans   1726 KB-cwnd
[2024-11-05T18:16:39.638348-0600]     6.5000 MB /   0.50 sec =  109.0532 Mbps     0 retrans   1726 KB-cwnd
[2024-11-05T18:16:40.057027-0600]     6.5000 MB /   0.50 sec =  109.0506 Mbps     0 retrans   1726 KB-cwnd
[2024-11-05T18:16:40.676553-0600]     6.3750 MB /   0.50 sec =  106.9556 Mbps     0 retrans   1726 KB-cwnd
[2024-11-05T18:16:41.124829-0600]     6.4375 MB /   0.50 sec =  108.0031 Mbps     0 retrans   1726 KB-cwnd
[2024-11-05T18:16:41.546532-0600]     6.1250 MB /   0.50 sec =  102.7592 Mbps     0 retrans   1726 KB-cwnd
[2024-11-05T18:16:41.992330-0600]     6.1250 MB /   0.50 sec =  102.7652 Mbps     0 retrans   1726 KB-cwnd
[2024-11-05T18:16:42.640390-0600]     6.1875 MB /   0.50 sec =  103.8076 Mbps     1 retrans   1504 KB-cwnd
[2024-11-05T18:16:43.088373-0600]     6.0625 MB /   0.50 sec =  101.7109 Mbps     0 retrans   1504 KB-cwnd
[2024-11-05T18:16:43.575932-0600]     5.6250 MB /   0.50 sec =   94.3732 Mbps     0 retrans   1504 KB-cwnd
[2024-11-05T18:16:44.066586-0600]     5.5625 MB /   0.50 sec =   93.3154 Mbps     0 retrans   1504 KB-cwnd
[2024-11-05T18:16:44.536569-0600]     5.6250 MB /   0.50 sec =   94.3805 Mbps     0 retrans   1504 KB-cwnd
[2024-11-05T18:16:45.045004-0600]     5.5625 MB /   0.50 sec =   93.3244 Mbps     0 retrans   1504 KB-cwnd
[2024-11-05T18:16:45.610306-0600]     4.9375 MB /   0.50 sec =   82.8011 Mbps     0 retrans   1504 KB-cwnd
[2024-11-05T18:16:46.134671-0600]     4.8125 MB /   0.50 sec =   80.7601 Mbps     0 retrans   1504 KB-cwnd
[2024-11-05T18:16:46.664132-0600]     5.1250 MB /   0.50 sec =   85.9991 Mbps     0 retrans   1504 KB-cwnd
[2024-11-05T18:16:47.300513-0600]     4.8125 MB /   0.50 sec =   80.7362 Mbps    19 retrans   1207 KB-cwnd
[2024-11-05T18:16:47.525042-0600]     4.1875 MB /   0.50 sec =   70.2213 Mbps     0 retrans   1344 KB-cwnd
[2024-11-05T18:16:48.177294-0600]     6.5000 MB /   0.50 sec =  109.0918 Mbps     0 retrans   1349 KB-cwnd
[2024-11-05T18:16:48.570537-0600]     6.6250 MB /   0.50 sec =  111.1646 Mbps     0 retrans   1353 KB-cwnd
[2024-11-05T18:16:49.163364-0600]     6.8750 MB /   0.50 sec =  115.3436 Mbps     0 retrans   1474 KB-cwnd
[2024-11-05T18:16:49.554720-0600]     7.0625 MB /   0.50 sec =  118.4822 Mbps     0 retrans   1531 KB-cwnd
[2024-11-05T18:16:50.172641-0600]     6.6875 MB /   0.50 sec =  112.2044 Mbps     1 retrans   1504 KB-cwnd
[2024-11-05T18:16:50.574701-0600]     6.6250 MB /   0.50 sec =  111.1473 Mbps     0 retrans   1524 KB-cwnd
[2024-11-05T18:16:51.172621-0600]     6.9375 MB /   0.50 sec =  116.3971 Mbps     0 retrans   1527 KB-cwnd
[2024-11-05T18:16:51.583088-0600]     6.5000 MB /   0.50 sec =  109.0493 Mbps     0 retrans   1527 KB-cwnd
[2024-11-05T18:16:52.010018-0600]     6.5625 MB /   0.50 sec =  110.0974 Mbps     0 retrans   1527 KB-cwnd
[2024-11-05T18:16:52.592367-0600]     6.9375 MB /   0.50 sec =  116.3959 Mbps     0 retrans   1530 KB-cwnd
[2024-11-05T18:16:53.002946-0600]     6.8125 MB /   0.50 sec =  114.2399 Mbps     0 retrans   1531 KB-cwnd
[2024-11-05T18:16:53.606742-0600]     6.6250 MB /   0.50 sec =  111.2009 Mbps     0 retrans   1534 KB-cwnd
[2024-11-05T18:16:54.024795-0600]     6.6250 MB /   0.50 sec =  111.1519 Mbps     0 retrans   1535 KB-cwnd
[2024-11-05T18:16:54.649723-0600]     6.6250 MB /   0.50 sec =  111.1464 Mbps     0 retrans   1535 KB-cwnd
[2024-11-05T18:16:55.047244-0600]     6.8125 MB /   0.50 sec =  114.2943 Mbps     0 retrans   1679 KB-cwnd
[2024-11-05T18:16:55.630598-0600]     7.0625 MB /   0.50 sec =  118.4891 Mbps     0 retrans   1679 KB-cwnd
[2024-11-05T18:16:56.091162-0600]     6.6250 MB /   0.50 sec =  111.1526 Mbps     1 retrans   1352 KB-cwnd
[2024-11-05T18:16:56.497015-0600]     6.9375 MB /   0.50 sec =  116.3905 Mbps     0 retrans   1551 KB-cwnd
[2024-11-05T18:16:57.092658-0600]     6.6875 MB /   0.50 sec =  112.1963 Mbps     0 retrans   1551 KB-cwnd
[2024-11-05T18:16:57.490318-0600]     6.8750 MB /   0.50 sec =  115.3420 Mbps     0 retrans   1663 KB-cwnd
[2024-11-05T18:16:58.070611-0600]     6.8750 MB /   0.50 sec =  115.3466 Mbps     0 retrans   1672 KB-cwnd
[2024-11-05T18:16:58.473081-0600]     6.7500 MB /   0.50 sec =  113.2251 Mbps     0 retrans   1674 KB-cwnd
[2024-11-05T18:16:58.910718-0600] nuttcp-t: 1325.1956 MB in 120.00 real seconds = 11308.32 KB/sec = 92.6377 Mbps
[2024-11-05T18:16:58.911039-0600] nuttcp-t: retrans = 516 cwnd = 1674 KB
[2024-11-05T18:16:58.911166-0600] nuttcp-t: 21204 I/O calls, msec/call = 5.80, calls/sec = 176.70
[2024-11-05T18:16:58.911274-0600] nuttcp-t: 0.0user 0.6sys 2:00real 0% 0i+0d 1330maxrss 0+0pf 491+128csw
[2024-11-05T18:16:58.911377-0600] 
[2024-11-05T18:16:58.911477-0600] nuttcp-r: 1325.1956 MB in 120.41 real seconds = 11269.65 KB/sec = 92.3209 Mbps
[2024-11-05T18:16:58.911576-0600] nuttcp-r: 238895 I/O calls, msec/call = 0.52, calls/sec = 1983.98
[2024-11-05T18:16:58.911855-0600] nuttcp-r: 0.6user 5.8sys 2:00real 5% 0i+0d 94maxrss 0+15pf 213992+160csw
End time: 1730852219142
