Start time: 1731099605380
[2024-11-08T16:00:06.230629-0500] nuttcp-r: v8.1.4: socket
[2024-11-08T16:00:06.231500-0500] nuttcp-r: buflen=65536, nstream=1, port=5101 tcp
[2024-11-08T16:00:06.231565-0500] nuttcp-r: interval reporting every 0.50 seconds
[2024-11-08T16:00:06.231614-0500] nuttcp-r: connect to 54.197.223.49 with RTT=61.630 ms af=inet
[2024-11-08T16:00:06.231660-0500] nuttcp-r: send window size = 2097152, receive window size = 6291456
[2024-11-08T16:00:06.231709-0500] nuttcp-r: available send window = 1572864, available receive window = 4718592
[2024-11-08T16:00:06.231755-0500]     0.8125 MB /   0.50 sec =   13.6323 Mbps     0 retrans     13 KB-cwnd
[2024-11-08T16:00:06.730483-0500]     6.0000 MB /   0.50 sec =  100.6478 Mbps     0 retrans     13 KB-cwnd
[2024-11-08T16:00:07.230397-0500]     8.5000 MB /   0.50 sec =  142.6306 Mbps     0 retrans     13 KB-cwnd
[2024-11-08T16:00:07.730548-0500]     6.6875 MB /   0.50 sec =  112.1848 Mbps     0 retrans     13 KB-cwnd
[2024-11-08T16:00:08.230242-0500]     9.1875 MB /   0.50 sec =  154.1727 Mbps     0 retrans     13 KB-cwnd
[2024-11-08T16:00:08.730411-0500]     9.5625 MB /   0.50 sec =  160.4119 Mbps     0 retrans     13 KB-cwnd
[2024-11-08T16:00:09.230412-0500]     9.5625 MB /   0.50 sec =  160.4321 Mbps     0 retrans     13 KB-cwnd
[2024-11-08T16:00:09.730350-0500]     9.5625 MB /   0.50 sec =  160.4411 Mbps     0 retrans     13 KB-cwnd
[2024-11-08T16:00:10.230549-0500]     8.3125 MB /   0.50 sec =  139.4581 Mbps     0 retrans     13 KB-cwnd
[2024-11-08T16:00:10.730491-0500]     8.8750 MB /   0.50 sec =  148.8641 Mbps     0 retrans     13 KB-cwnd
[2024-11-08T16:00:11.230340-0500]     9.5000 MB /   0.50 sec =  159.4228 Mbps     0 retrans     18 KB-cwnd
[2024-11-08T16:00:11.730374-0500]     8.7500 MB /   0.50 sec =  146.7945 Mbps     0 retrans     26 KB-cwnd
[2024-11-08T16:00:12.230356-0500]     9.1875 MB /   0.50 sec =  154.1431 Mbps     0 retrans     26 KB-cwnd
[2024-11-08T16:00:12.730441-0500]     9.6875 MB /   0.50 sec =  162.5147 Mbps     0 retrans     26 KB-cwnd
[2024-11-08T16:00:13.230365-0500]     9.0625 MB /   0.50 sec =  152.0584 Mbps     0 retrans     26 KB-cwnd
[2024-11-08T16:00:13.730358-0500]    10.9375 MB /   0.50 sec =  183.5004 Mbps     0 retrans     26 KB-cwnd
[2024-11-08T16:00:14.230253-0500]    11.5000 MB /   0.50 sec =  192.9534 Mbps     0 retrans     26 KB-cwnd
[2024-11-08T16:00:14.730476-0500]    10.8125 MB /   0.50 sec =  181.3558 Mbps     0 retrans     29 KB-cwnd
[2024-11-08T16:00:15.230381-0500]    10.3125 MB /   0.50 sec =  173.0566 Mbps     0 retrans     30 KB-cwnd
[2024-11-08T16:00:15.730387-0500]    13.6875 MB /   0.50 sec =  229.6202 Mbps     0 retrans     30 KB-cwnd
[2024-11-08T16:00:16.230604-0500]     7.0625 MB /   0.50 sec =  118.4718 Mbps     0 retrans     33 KB-cwnd
[2024-11-08T16:00:16.730431-0500]    14.1875 MB /   0.50 sec =  238.0320 Mbps     0 retrans     45 KB-cwnd
[2024-11-08T16:00:17.230269-0500]    11.5000 MB /   0.50 sec =  192.9808 Mbps     0 retrans     53 KB-cwnd
[2024-11-08T16:00:17.730379-0500]    11.9375 MB /   0.50 sec =  200.2556 Mbps     0 retrans     53 KB-cwnd
[2024-11-08T16:00:18.230378-0500]    15.6250 MB /   0.50 sec =  262.1508 Mbps     0 retrans     55 KB-cwnd
[2024-11-08T16:00:18.730368-0500]    14.3750 MB /   0.50 sec =  241.1889 Mbps     0 retrans     56 KB-cwnd
[2024-11-08T16:00:19.230462-0500]    15.6250 MB /   0.50 sec =  262.0816 Mbps     0 retrans     57 KB-cwnd
[2024-11-08T16:00:19.730347-0500]    10.3125 MB /   0.50 sec =  173.0493 Mbps     0 retrans     61 KB-cwnd
[2024-11-08T16:00:20.230328-0500]    11.6250 MB /   0.50 sec =  195.0344 Mbps     0 retrans     65 KB-cwnd
[2024-11-08T16:00:20.730458-0500]    14.6250 MB /   0.50 sec =  245.3172 Mbps     0 retrans     68 KB-cwnd
[2024-11-08T16:00:21.230433-0500]    16.3125 MB /   0.50 sec =  273.6844 Mbps     0 retrans     76 KB-cwnd
[2024-11-08T16:00:21.730365-0500]    12.9375 MB /   0.50 sec =  217.0908 Mbps     0 retrans     86 KB-cwnd
[2024-11-08T16:00:22.230359-0500]    14.1250 MB /   0.50 sec =  236.9796 Mbps     0 retrans     92 KB-cwnd
[2024-11-08T16:00:22.730429-0500]    14.6250 MB /   0.50 sec =  245.3226 Mbps     0 retrans     92 KB-cwnd
[2024-11-08T16:00:23.230576-0500]    14.6250 MB /   0.50 sec =  245.3800 Mbps     0 retrans     92 KB-cwnd
[2024-11-08T16:00:23.730400-0500]    15.0625 MB /   0.50 sec =  252.7179 Mbps     0 retrans    126 KB-cwnd
[2024-11-08T16:00:24.230391-0500]    14.8125 MB /   0.50 sec =  248.5249 Mbps     0 retrans    155 KB-cwnd
[2024-11-08T16:00:24.730436-0500]    12.1250 MB /   0.50 sec =  203.4001 Mbps     0 retrans   3061 KB-cwnd
[2024-11-08T16:00:25.230355-0500]    12.8750 MB /   0.50 sec =  216.0373 Mbps     0 retrans   3061 KB-cwnd
[2024-11-08T16:00:25.730382-0500]    12.9375 MB /   0.50 sec =  217.0492 Mbps     0 retrans   3061 KB-cwnd
[2024-11-08T16:00:26.230447-0500]    14.3750 MB /   0.50 sec =  241.1488 Mbps     0 retrans   3061 KB-cwnd
[2024-11-08T16:00:26.730384-0500]     7.0625 MB /   0.50 sec =  118.5005 Mbps     0 retrans   3061 KB-cwnd
[2024-11-08T16:00:27.230278-0500]    13.6250 MB /   0.50 sec =  228.6124 Mbps     0 retrans   3061 KB-cwnd
[2024-11-08T16:00:27.730381-0500]    14.7500 MB /   0.50 sec =  247.4407 Mbps     0 retrans   3061 KB-cwnd
[2024-11-08T16:00:28.230367-0500]    15.7500 MB /   0.50 sec =  264.2475 Mbps     0 retrans   3061 KB-cwnd
[2024-11-08T16:00:28.730471-0500]    15.9375 MB /   0.50 sec =  267.3254 Mbps     0 retrans   3061 KB-cwnd
[2024-11-08T16:00:29.230320-0500]    15.3750 MB /   0.50 sec =  258.0142 Mbps     0 retrans   3061 KB-cwnd
[2024-11-08T16:00:29.730375-0500]    13.7500 MB /   0.50 sec =  230.6807 Mbps     0 retrans   3061 KB-cwnd
[2024-11-08T16:00:30.230357-0500]    16.9375 MB /   0.50 sec =  284.1635 Mbps     0 retrans   4356 KB-cwnd
[2024-11-08T16:00:30.730369-0500]    15.2500 MB /   0.50 sec =  255.8658 Mbps     0 retrans   4356 KB-cwnd
[2024-11-08T16:00:31.230389-0500]    13.0625 MB /   0.50 sec =  219.1335 Mbps     0 retrans   4356 KB-cwnd
[2024-11-08T16:00:31.730331-0500]    13.9375 MB /   0.50 sec =  233.8460 Mbps     0 retrans   4356 KB-cwnd
[2024-11-08T16:00:32.230353-0500]    16.4375 MB /   0.50 sec =  275.7716 Mbps     0 retrans   4356 KB-cwnd
[2024-11-08T16:00:32.730422-0500]    17.0625 MB /   0.50 sec =  286.2286 Mbps     0 retrans   4356 KB-cwnd
[2024-11-08T16:00:33.230378-0500]    16.7500 MB /   0.50 sec =  281.0465 Mbps     0 retrans   4356 KB-cwnd
[2024-11-08T16:00:33.730320-0500]    16.1250 MB /   0.50 sec =  270.5429 Mbps     0 retrans   4359 KB-cwnd
[2024-11-08T16:00:34.230528-0500]    16.2500 MB /   0.50 sec =  272.6276 Mbps     0 retrans   4359 KB-cwnd
[2024-11-08T16:00:34.730345-0500]    16.7500 MB /   0.50 sec =  281.0077 Mbps     0 retrans   4254 KB-cwnd
[2024-11-08T16:00:35.230367-0500]    15.1250 MB /   0.50 sec =  253.7615 Mbps     0 retrans   4254 KB-cwnd
[2024-11-08T16:00:35.730364-0500]    15.4375 MB /   0.50 sec =  258.9972 Mbps     0 retrans   4222 KB-cwnd
[2024-11-08T16:00:36.230263-0500]    13.8125 MB /   0.50 sec =  231.7538 Mbps     0 retrans   4224 KB-cwnd
[2024-11-08T16:00:36.730590-0500]    15.9375 MB /   0.50 sec =  267.2495 Mbps     0 retrans   4429 KB-cwnd
[2024-11-08T16:00:37.230366-0500]     7.3750 MB /   0.50 sec =  123.7854 Mbps     0 retrans   4429 KB-cwnd
[2024-11-08T16:00:37.730436-0500]    12.6250 MB /   0.50 sec =  211.7852 Mbps     0 retrans   4429 KB-cwnd
[2024-11-08T16:00:38.230357-0500]    15.9375 MB /   0.50 sec =  267.4232 Mbps     0 retrans   4429 KB-cwnd
[2024-11-08T16:00:38.730578-0500]    14.2500 MB /   0.50 sec =  238.9745 Mbps     0 retrans   4429 KB-cwnd
[2024-11-08T16:00:39.230342-0500]    10.0625 MB /   0.50 sec =  168.8927 Mbps     0 retrans   4429 KB-cwnd
[2024-11-08T16:00:39.730259-0500]    10.1250 MB /   0.50 sec =  169.8819 Mbps     0 retrans   4305 KB-cwnd
[2024-11-08T16:00:40.230368-0500]    12.0000 MB /   0.50 sec =  201.3109 Mbps     0 retrans   4305 KB-cwnd
[2024-11-08T16:00:40.730524-0500]    11.9375 MB /   0.50 sec =  200.2900 Mbps     0 retrans   4305 KB-cwnd
[2024-11-08T16:00:41.230401-0500]    10.8750 MB /   0.50 sec =  182.4318 Mbps     0 retrans   4305 KB-cwnd
[2024-11-08T16:00:41.730376-0500]     9.1875 MB /   0.50 sec =  154.1471 Mbps     0 retrans   4305 KB-cwnd
[2024-11-08T16:00:42.230356-0500]    13.2500 MB /   0.50 sec =  222.3012 Mbps     0 retrans   4305 KB-cwnd
[2024-11-08T16:00:42.730427-0500]    14.2500 MB /   0.50 sec =  239.0500 Mbps     0 retrans   4668 KB-cwnd
[2024-11-08T16:00:43.230365-0500]    13.8750 MB /   0.50 sec =  232.8058 Mbps     0 retrans   4668 KB-cwnd
[2024-11-08T16:00:43.730413-0500]    12.6250 MB /   0.50 sec =  211.7878 Mbps     0 retrans   4668 KB-cwnd
[2024-11-08T16:00:44.230356-0500]    13.0000 MB /   0.50 sec =  218.1322 Mbps     0 retrans   4668 KB-cwnd
[2024-11-08T16:00:44.730279-0500]    13.2500 MB /   0.50 sec =  222.3101 Mbps     0 retrans   4668 KB-cwnd
[2024-11-08T16:00:45.230238-0500]    11.9375 MB /   0.50 sec =  200.2816 Mbps     0 retrans   4668 KB-cwnd
[2024-11-08T16:00:45.730438-0500]    11.1875 MB /   0.50 sec =  187.6576 Mbps     0 retrans   4434 KB-cwnd
[2024-11-08T16:00:46.230359-0500]    11.2500 MB /   0.50 sec =  188.7667 Mbps     0 retrans   4434 KB-cwnd
[2024-11-08T16:00:46.730452-0500]    11.6875 MB /   0.50 sec =  196.0461 Mbps     0 retrans   4962 KB-cwnd
[2024-11-08T16:00:47.230442-0500]    11.3750 MB /   0.50 sec =  190.8473 Mbps     0 retrans   4962 KB-cwnd
[2024-11-08T16:00:47.730389-0500]    12.8750 MB /   0.50 sec =  216.0317 Mbps     0 retrans   4962 KB-cwnd
[2024-11-08T16:00:48.230363-0500]    12.1250 MB /   0.50 sec =  203.4290 Mbps     0 retrans   4962 KB-cwnd
[2024-11-08T16:00:48.730398-0500]    12.2500 MB /   0.50 sec =  205.5065 Mbps     0 retrans   4216 KB-cwnd
[2024-11-08T16:00:49.230365-0500]    11.4375 MB /   0.50 sec =  191.9067 Mbps     0 retrans   4216 KB-cwnd
[2024-11-08T16:00:49.730368-0500]    11.0000 MB /   0.50 sec =  184.5468 Mbps     0 retrans   4216 KB-cwnd
[2024-11-08T16:00:50.230363-0500]    10.7500 MB /   0.50 sec =  180.3554 Mbps     0 retrans   4216 KB-cwnd
[2024-11-08T16:00:50.730422-0500]    11.2500 MB /   0.50 sec =  188.7195 Mbps     0 retrans   4216 KB-cwnd
[2024-11-08T16:00:51.230369-0500]    11.5625 MB /   0.50 sec =  194.0110 Mbps     0 retrans   4216 KB-cwnd
[2024-11-08T16:00:51.730561-0500]     7.8125 MB /   0.50 sec =  131.0707 Mbps     0 retrans   4216 KB-cwnd
[2024-11-08T16:00:52.230375-0500]     9.3750 MB /   0.50 sec =  157.2823 Mbps     0 retrans   3577 KB-cwnd
[2024-11-08T16:00:52.730500-0500]     5.7500 MB /   0.50 sec =   96.4530 Mbps     0 retrans   3577 KB-cwnd
[2024-11-08T16:00:53.230260-0500]     7.8125 MB /   0.50 sec =  131.1087 Mbps     0 retrans   3577 KB-cwnd
[2024-11-08T16:00:53.730334-0500]     9.0625 MB /   0.50 sec =  152.0356 Mbps     0 retrans   3577 KB-cwnd
[2024-11-08T16:00:54.230350-0500]     9.8750 MB /   0.50 sec =  165.6747 Mbps     0 retrans   3577 KB-cwnd
[2024-11-08T16:00:54.730473-0500]    10.5625 MB /   0.50 sec =  177.1757 Mbps     0 retrans   3577 KB-cwnd
[2024-11-08T16:00:55.230353-0500]     9.6250 MB /   0.50 sec =  161.5088 Mbps     0 retrans   3577 KB-cwnd
[2024-11-08T16:00:55.730351-0500]    10.7500 MB /   0.50 sec =  180.3547 Mbps     0 retrans   4031 KB-cwnd
[2024-11-08T16:00:56.230361-0500]    11.3750 MB /   0.50 sec =  190.8393 Mbps     0 retrans   4031 KB-cwnd
[2024-11-08T16:00:56.730313-0500]    10.5625 MB /   0.50 sec =  177.2093 Mbps     0 retrans   4050 KB-cwnd
[2024-11-08T16:00:57.230510-0500]    11.6875 MB /   0.50 sec =  196.0802 Mbps     0 retrans   4050 KB-cwnd
[2024-11-08T16:00:57.730249-0500]    12.0625 MB /   0.50 sec =  202.3974 Mbps     0 retrans   4050 KB-cwnd
[2024-11-08T16:00:58.230470-0500]     8.0000 MB /   0.50 sec =  134.1796 Mbps     0 retrans   4050 KB-cwnd
[2024-11-08T16:00:58.730380-0500]     8.4375 MB /   0.50 sec =  141.5849 Mbps     0 retrans   4050 KB-cwnd
[2024-11-08T16:00:59.230398-0500]    11.6875 MB /   0.50 sec =  196.0672 Mbps     0 retrans   3273 KB-cwnd
[2024-11-08T16:00:59.730374-0500]    12.1875 MB /   0.50 sec =  204.4907 Mbps     0 retrans   3273 KB-cwnd
[2024-11-08T16:01:00.230415-0500]    11.7500 MB /   0.50 sec =  197.1228 Mbps     0 retrans   3273 KB-cwnd
[2024-11-08T16:01:00.730263-0500]    10.2500 MB /   0.50 sec =  171.9857 Mbps     0 retrans   3273 KB-cwnd
[2024-11-08T16:01:01.230361-0500]     7.5000 MB /   0.50 sec =  125.8226 Mbps     0 retrans   3273 KB-cwnd
[2024-11-08T16:01:01.730358-0500]     6.6250 MB /   0.50 sec =  111.1482 Mbps     0 retrans   3273 KB-cwnd
[2024-11-08T16:01:02.230371-0500]     5.5625 MB /   0.50 sec =   93.3208 Mbps     0 retrans   3273 KB-cwnd
[2024-11-08T16:01:02.730661-0500]     7.1875 MB /   0.50 sec =  120.5633 Mbps     0 retrans   3273 KB-cwnd
[2024-11-08T16:01:03.230250-0500]     8.1875 MB /   0.50 sec =  137.4044 Mbps     0 retrans   3542 KB-cwnd
[2024-11-08T16:01:03.730327-0500]     7.6875 MB /   0.50 sec =  128.9658 Mbps     0 retrans   3542 KB-cwnd
[2024-11-08T16:01:04.230401-0500]     6.9375 MB /   0.50 sec =  116.3780 Mbps     0 retrans   3558 KB-cwnd
[2024-11-08T16:01:04.730433-0500]     7.0625 MB /   0.50 sec =  118.4827 Mbps     0 retrans   3558 KB-cwnd
[2024-11-08T16:01:05.230306-0500]     7.1875 MB /   0.50 sec =  120.6031 Mbps     0 retrans   3563 KB-cwnd
[2024-11-08T16:01:05.730375-0500]     5.1875 MB /   0.50 sec =   87.0304 Mbps     0 retrans   3563 KB-cwnd
[2024-11-08T16:01:06.230440-0500]     7.6875 MB /   0.50 sec =  128.9568 Mbps     0 retrans   3595 KB-cwnd
[2024-11-08T16:01:06.730410-0500]     7.5625 MB /   0.50 sec =  126.8929 Mbps     0 retrans   3595 KB-cwnd
[2024-11-08T16:01:07.230470-0500]     7.3125 MB /   0.50 sec =  122.6908 Mbps     0 retrans   3601 KB-cwnd
[2024-11-08T16:01:07.730282-0500]     7.5000 MB /   0.50 sec =  125.8324 Mbps     0 retrans   3601 KB-cwnd
[2024-11-08T16:01:08.230353-0500]     7.7500 MB /   0.50 sec =  130.0211 Mbps     0 retrans   4412 KB-cwnd
[2024-11-08T16:01:08.730392-0500]     8.6250 MB /   0.50 sec =  144.6887 Mbps     0 retrans   4412 KB-cwnd
[2024-11-08T16:01:09.230393-0500]     8.8750 MB /   0.50 sec =  148.9032 Mbps     0 retrans   4412 KB-cwnd
[2024-11-08T16:01:09.730361-0500]     7.1875 MB /   0.50 sec =  120.5899 Mbps     0 retrans   4412 KB-cwnd
[2024-11-08T16:01:10.230327-0500]     5.3125 MB /   0.50 sec =   89.1331 Mbps     0 retrans   4412 KB-cwnd
[2024-11-08T16:01:10.730403-0500]     6.0000 MB /   0.50 sec =  100.6502 Mbps     0 retrans   4412 KB-cwnd
[2024-11-08T16:01:11.230269-0500]     4.7500 MB /   0.50 sec =   79.7056 Mbps     0 retrans   4412 KB-cwnd
[2024-11-08T16:01:11.730535-0500]     3.1250 MB /   0.50 sec =   52.4195 Mbps     0 retrans   4412 KB-cwnd
[2024-11-08T16:01:12.230332-0500]     4.2500 MB /   0.50 sec =   71.3110 Mbps     0 retrans   4412 KB-cwnd
[2024-11-08T16:01:12.730464-0500]     3.1250 MB /   0.50 sec =   52.4170 Mbps     0 retrans   4412 KB-cwnd
[2024-11-08T16:01:13.230337-0500]     2.7500 MB /   0.50 sec =   46.1486 Mbps     0 retrans   4412 KB-cwnd
[2024-11-08T16:01:13.730239-0500]     1.6250 MB /   0.50 sec =   27.2649 Mbps     0 retrans   4412 KB-cwnd
[2024-11-08T16:01:14.230482-0500]     1.5625 MB /   0.50 sec =   26.2071 Mbps     0 retrans   4412 KB-cwnd
[2024-11-08T16:01:14.730433-0500]     1.7500 MB /   0.50 sec =   29.3618 Mbps     0 retrans   4412 KB-cwnd
[2024-11-08T16:01:15.230570-0500]     2.3750 MB /   0.50 sec =   39.8433 Mbps     0 retrans   4412 KB-cwnd
[2024-11-08T16:01:15.730408-0500]     2.6250 MB /   0.50 sec =   44.0473 Mbps     0 retrans   4412 KB-cwnd
[2024-11-08T16:01:16.230315-0500]     3.2500 MB /   0.50 sec =   54.5314 Mbps     0 retrans   4412 KB-cwnd
[2024-11-08T16:01:16.730474-0500]     4.3750 MB /   0.50 sec =   73.3846 Mbps     0 retrans   2227 KB-cwnd
[2024-11-08T16:01:17.230508-0500]     4.5625 MB /   0.50 sec =   76.5395 Mbps     0 retrans   2227 KB-cwnd
[2024-11-08T16:01:17.730359-0500]     4.6875 MB /   0.50 sec =   78.6616 Mbps     0 retrans   2227 KB-cwnd
[2024-11-08T16:01:18.230435-0500]     5.0625 MB /   0.50 sec =   84.9240 Mbps     0 retrans   2227 KB-cwnd
[2024-11-08T16:01:18.730352-0500]     7.0625 MB /   0.50 sec =  118.5028 Mbps     0 retrans   2227 KB-cwnd
[2024-11-08T16:01:19.230389-0500]     8.3125 MB /   0.50 sec =  139.4640 Mbps     0 retrans   2227 KB-cwnd
[2024-11-08T16:01:19.730339-0500]     6.9375 MB /   0.50 sec =  116.3917 Mbps     0 retrans   2227 KB-cwnd
[2024-11-08T16:01:20.230389-0500]     6.5625 MB /   0.50 sec =  110.0923 Mbps     0 retrans   2227 KB-cwnd
[2024-11-08T16:01:20.730537-0500]     7.3125 MB /   0.50 sec =  122.6719 Mbps     0 retrans   2227 KB-cwnd
[2024-11-08T16:01:21.230327-0500]     8.2500 MB /   0.50 sec =  138.4375 Mbps     0 retrans   2227 KB-cwnd
[2024-11-08T16:01:21.730344-0500]     8.3125 MB /   0.50 sec =  139.4578 Mbps     0 retrans   2227 KB-cwnd
[2024-11-08T16:01:22.230276-0500]     9.0000 MB /   0.50 sec =  151.0034 Mbps     0 retrans   2913 KB-cwnd
[2024-11-08T16:01:22.730292-0500]     9.3125 MB /   0.50 sec =  156.2306 Mbps     0 retrans   2913 KB-cwnd
[2024-11-08T16:01:23.230327-0500]     8.2500 MB /   0.50 sec =  138.4109 Mbps     0 retrans   2926 KB-cwnd
[2024-11-08T16:01:23.730336-0500]     8.3750 MB /   0.50 sec =  140.5092 Mbps     0 retrans   2926 KB-cwnd
[2024-11-08T16:01:24.230396-0500]     8.2500 MB /   0.50 sec =  138.3963 Mbps     0 retrans   2926 KB-cwnd
[2024-11-08T16:01:24.730480-0500]     8.8125 MB /   0.50 sec =  147.8250 Mbps     0 retrans   2926 KB-cwnd
[2024-11-08T16:01:25.230292-0500]     8.4375 MB /   0.50 sec =  141.5994 Mbps     0 retrans   2926 KB-cwnd
[2024-11-08T16:01:25.730479-0500]     8.0625 MB /   0.50 sec =  135.2622 Mbps     0 retrans   2926 KB-cwnd
[2024-11-08T16:01:26.230376-0500]     8.4375 MB /   0.50 sec =  141.5544 Mbps     0 retrans   1553 KB-cwnd
[2024-11-08T16:01:26.730439-0500]     8.1250 MB /   0.50 sec =  136.2961 Mbps     0 retrans   1553 KB-cwnd
[2024-11-08T16:01:27.230278-0500]     2.8125 MB /   0.50 sec =   47.1973 Mbps     0 retrans   1553 KB-cwnd
[2024-11-08T16:01:27.730330-0500]     7.5625 MB /   0.50 sec =  126.8716 Mbps     0 retrans   1553 KB-cwnd
[2024-11-08T16:01:28.230349-0500]     8.1875 MB /   0.50 sec =  137.3593 Mbps     0 retrans   1553 KB-cwnd
[2024-11-08T16:01:28.730420-0500]     7.2500 MB /   0.50 sec =  121.6185 Mbps     0 retrans   1558 KB-cwnd
[2024-11-08T16:01:29.230359-0500]     6.6875 MB /   0.50 sec =  112.2104 Mbps     0 retrans   1558 KB-cwnd
[2024-11-08T16:01:29.730254-0500]     5.7500 MB /   0.50 sec =   96.4781 Mbps     0 retrans   1558 KB-cwnd
[2024-11-08T16:01:30.230482-0500]     5.6250 MB /   0.50 sec =   94.3669 Mbps     0 retrans   1558 KB-cwnd
[2024-11-08T16:01:30.730338-0500]     5.5000 MB /   0.50 sec =   92.2736 Mbps     0 retrans   1558 KB-cwnd
[2024-11-08T16:01:31.230350-0500]     5.2500 MB /   0.50 sec =   88.0799 Mbps     0 retrans   1558 KB-cwnd
[2024-11-08T16:01:31.730303-0500]     4.9375 MB /   0.50 sec =   82.8407 Mbps     0 retrans   2980 KB-cwnd
[2024-11-08T16:01:32.230340-0500]     4.8750 MB /   0.50 sec =   81.7870 Mbps     0 retrans   2980 KB-cwnd
[2024-11-08T16:01:32.730422-0500]     4.5625 MB /   0.50 sec =   76.5408 Mbps     0 retrans   3133 KB-cwnd
[2024-11-08T16:01:33.230232-0500]     5.3125 MB /   0.50 sec =   89.1420 Mbps     0 retrans   3177 KB-cwnd
[2024-11-08T16:01:33.730353-0500]     3.2500 MB /   0.50 sec =   54.5204 Mbps     0 retrans   3206 KB-cwnd
[2024-11-08T16:01:34.230410-0500]     5.0000 MB /   0.50 sec =   83.8787 Mbps     0 retrans   3206 KB-cwnd
[2024-11-08T16:01:34.730337-0500]     5.6250 MB /   0.50 sec =   94.3828 Mbps     0 retrans   2878 KB-cwnd
[2024-11-08T16:01:35.230354-0500]     4.6875 MB /   0.50 sec =   78.6405 Mbps     0 retrans   2878 KB-cwnd
[2024-11-08T16:01:35.730268-0500]     5.6875 MB /   0.50 sec =   95.4294 Mbps     0 retrans   2878 KB-cwnd
[2024-11-08T16:01:36.230418-0500]     4.5000 MB /   0.50 sec =   75.4810 Mbps     0 retrans   2878 KB-cwnd
[2024-11-08T16:01:36.730538-0500]     3.0000 MB /   0.50 sec =   50.3327 Mbps     0 retrans   2878 KB-cwnd
[2024-11-08T16:01:37.230287-0500]     4.6250 MB /   0.50 sec =   77.6041 Mbps     0 retrans   2878 KB-cwnd
[2024-11-08T16:01:37.730458-0500]     2.1875 MB /   0.50 sec =   36.6945 Mbps     0 retrans   2878 KB-cwnd
[2024-11-08T16:01:38.230244-0500]     3.4375 MB /   0.50 sec =   57.6855 Mbps     0 retrans   2878 KB-cwnd
[2024-11-08T16:01:38.730403-0500]     3.7500 MB /   0.50 sec =   62.9047 Mbps     0 retrans   2878 KB-cwnd
[2024-11-08T16:01:39.230339-0500]     4.1875 MB /   0.50 sec =   70.2587 Mbps     0 retrans   2878 KB-cwnd
[2024-11-08T16:01:39.730333-0500]     4.0625 MB /   0.50 sec =   68.1593 Mbps     0 retrans   2878 KB-cwnd
[2024-11-08T16:01:40.230326-0500]     3.8125 MB /   0.50 sec =   63.9635 Mbps     0 retrans   2322 KB-cwnd
[2024-11-08T16:01:40.730385-0500]     3.0000 MB /   0.50 sec =   50.3273 Mbps     0 retrans   2322 KB-cwnd
[2024-11-08T16:01:41.230343-0500]     1.9375 MB /   0.50 sec =   32.5079 Mbps     0 retrans   2322 KB-cwnd
[2024-11-08T16:01:41.730390-0500]     1.6875 MB /   0.50 sec =   28.3092 Mbps     0 retrans   2322 KB-cwnd
[2024-11-08T16:01:42.230247-0500]     1.5000 MB /   0.50 sec =   25.1701 Mbps     0 retrans   2322 KB-cwnd
[2024-11-08T16:01:42.730449-0500]     1.6875 MB /   0.50 sec =   28.3045 Mbps     0 retrans   2322 KB-cwnd
[2024-11-08T16:01:43.230336-0500]     1.3750 MB /   0.50 sec =   23.0726 Mbps     0 retrans   2322 KB-cwnd
[2024-11-08T16:01:43.730330-0500]     2.2500 MB /   0.50 sec =   37.7491 Mbps     0 retrans   2322 KB-cwnd
[2024-11-08T16:01:44.230334-0500]     2.1875 MB /   0.50 sec =   36.7002 Mbps     0 retrans   2322 KB-cwnd
[2024-11-08T16:01:44.730284-0500]     2.3125 MB /   0.50 sec =   38.7985 Mbps     0 retrans   2265 KB-cwnd
[2024-11-08T16:01:45.230339-0500]     2.0000 MB /   0.50 sec =   33.5531 Mbps     0 retrans   2265 KB-cwnd
[2024-11-08T16:01:45.730372-0500]     1.6875 MB /   0.50 sec =   28.3110 Mbps     0 retrans   2265 KB-cwnd
[2024-11-08T16:01:46.230339-0500]     2.2500 MB /   0.50 sec =   37.7494 Mbps     0 retrans   2265 KB-cwnd
[2024-11-08T16:01:46.730424-0500]     2.6875 MB /   0.50 sec =   45.0835 Mbps     0 retrans   2281 KB-cwnd
[2024-11-08T16:01:47.230476-0500]     3.3750 MB /   0.50 sec =   56.6288 Mbps     0 retrans   2281 KB-cwnd
[2024-11-08T16:01:47.730332-0500]     3.8125 MB /   0.50 sec =   63.9643 Mbps     0 retrans   2281 KB-cwnd
[2024-11-08T16:01:48.230270-0500]     4.2500 MB /   0.50 sec =   71.3062 Mbps     0 retrans   2281 KB-cwnd
[2024-11-08T16:01:48.730387-0500]     3.3125 MB /   0.50 sec =   55.5692 Mbps     0 retrans   2281 KB-cwnd
[2024-11-08T16:01:49.230392-0500]     3.5000 MB /   0.50 sec =   58.7165 Mbps     0 retrans   2281 KB-cwnd
[2024-11-08T16:01:49.730371-0500]     2.9375 MB /   0.50 sec =   49.2880 Mbps     0 retrans   2281 KB-cwnd
[2024-11-08T16:01:50.230324-0500]     2.6875 MB /   0.50 sec =   45.0899 Mbps     0 retrans   2281 KB-cwnd
[2024-11-08T16:01:50.730261-0500]     3.2500 MB /   0.50 sec =   54.5292 Mbps     0 retrans   2281 KB-cwnd
[2024-11-08T16:01:51.230399-0500]     2.6875 MB /   0.50 sec =   45.0811 Mbps     0 retrans   2281 KB-cwnd
[2024-11-08T16:01:51.730340-0500]     2.8125 MB /   0.50 sec =   47.1913 Mbps     0 retrans   2281 KB-cwnd
[2024-11-08T16:01:52.230373-0500]     2.6250 MB /   0.50 sec =   44.0379 Mbps     0 retrans   2281 KB-cwnd
[2024-11-08T16:01:52.730439-0500]     2.6875 MB /   0.50 sec =   45.0827 Mbps     0 retrans   2281 KB-cwnd
[2024-11-08T16:01:53.230329-0500]     2.3125 MB /   0.50 sec =   38.8044 Mbps     0 retrans   2281 KB-cwnd
[2024-11-08T16:01:53.730346-0500]     2.1875 MB /   0.50 sec =   36.6996 Mbps     0 retrans   2233 KB-cwnd
[2024-11-08T16:01:54.230345-0500]     1.4375 MB /   0.50 sec =   24.1191 Mbps     0 retrans   2233 KB-cwnd
[2024-11-08T16:01:54.730447-0500]     1.6250 MB /   0.50 sec =   27.2559 Mbps     0 retrans   2233 KB-cwnd
[2024-11-08T16:01:55.230253-0500]     1.5000 MB /   0.50 sec =   25.1725 Mbps     0 retrans   2233 KB-cwnd
[2024-11-08T16:01:55.730524-0500]     0.8750 MB /   0.50 sec =   14.6754 Mbps     0 retrans   2233 KB-cwnd
[2024-11-08T16:01:56.230358-0500]     0.5000 MB /   0.50 sec =    8.3906 Mbps     0 retrans   2233 KB-cwnd
[2024-11-08T16:01:56.730466-0500]     0.8125 MB /   0.50 sec =   13.6292 Mbps     0 retrans   2233 KB-cwnd
[2024-11-08T16:01:57.230337-0500]     0.8125 MB /   0.50 sec =   13.6340 Mbps     0 retrans   2233 KB-cwnd
[2024-11-08T16:01:57.730330-0500]     0.6250 MB /   0.50 sec =   10.4858 Mbps     0 retrans   2233 KB-cwnd
[2024-11-08T16:01:58.230365-0500]     0.2500 MB /   0.50 sec =    4.1942 Mbps     0 retrans   2233 KB-cwnd
[2024-11-08T16:01:58.730467-0500]     0.1875 MB /   0.50 sec =    3.1451 Mbps     0 retrans   2233 KB-cwnd
[2024-11-08T16:01:59.230312-0500]     0.5625 MB /   0.50 sec =    9.4394 Mbps     0 retrans   2233 KB-cwnd
[2024-11-08T16:01:59.730555-0500]     1.0000 MB /   0.50 sec =   16.7758 Mbps     0 retrans   2233 KB-cwnd
[2024-11-08T16:02:00.230335-0500]     1.1875 MB /   0.50 sec =   19.9240 Mbps     0 retrans   2233 KB-cwnd
[2024-11-08T16:02:00.730398-0500]     1.3125 MB /   0.50 sec =   22.0171 Mbps     0 retrans   2233 KB-cwnd
[2024-11-08T16:02:01.230390-0500]     1.6250 MB /   0.50 sec =   27.2636 Mbps     0 retrans   2233 KB-cwnd
[2024-11-08T16:02:01.730358-0500]     2.0625 MB /   0.50 sec =   34.6057 Mbps     0 retrans   2233 KB-cwnd
[2024-11-08T16:02:02.230339-0500]     2.3125 MB /   0.50 sec =   38.7987 Mbps     0 retrans   2233 KB-cwnd
[2024-11-08T16:02:02.730484-0500]     2.1875 MB /   0.50 sec =   36.6923 Mbps     0 retrans   2233 KB-cwnd
[2024-11-08T16:02:03.230352-0500]     2.2500 MB /   0.50 sec =   37.7551 Mbps     0 retrans   2233 KB-cwnd
[2024-11-08T16:02:03.730346-0500]     3.6250 MB /   0.50 sec =   60.8197 Mbps     0 retrans   2233 KB-cwnd
[2024-11-08T16:02:04.230250-0500]     4.1250 MB /   0.50 sec =   69.2110 Mbps     0 retrans   2233 KB-cwnd
[2024-11-08T16:02:04.730439-0500]     5.1875 MB /   0.50 sec =   87.0142 Mbps     0 retrans   2233 KB-cwnd
[2024-11-08T16:02:05.230619-0500]     2.7500 MB /   0.50 sec =   46.1311 Mbps     0 retrans   2233 KB-cwnd
[2024-11-08T16:02:05.730341-0500]     4.5000 MB /   0.50 sec =   75.5183 Mbps     0 retrans   2233 KB-cwnd
[2024-11-08T16:02:06.230370-0500]     5.1250 MB /   0.50 sec =   85.9800 Mbps     0 retrans   2233 KB-cwnd
End time: 1731099726497
