Start time: 1730830866057
[2024-11-05T12:21:06.927034-0600] nuttcp-r: v8.1.4: socket
[2024-11-05T12:21:06.927624-0600] nuttcp-r: buflen=65536, nstream=1, port=5101 tcp
[2024-11-05T12:21:06.927669-0600] nuttcp-r: interval reporting every 0.50 seconds
[2024-11-05T12:21:06.927698-0600] nuttcp-r: connect to 54.197.223.49 with RTT=64.824 ms af=inet
[2024-11-05T12:21:06.927730-0600] nuttcp-r: send window size = 1048576, receive window size = 4194304
[2024-11-05T12:21:06.927758-0600] nuttcp-r: available send window = 786432, available receive window = 3145728
[2024-11-05T12:21:06.927785-0600]     0.7500 MB /   0.50 sec =   12.5803 Mbps     0 retrans     13 KB-cwnd
[2024-11-05T12:21:07.426766-0600]     4.5625 MB /   0.50 sec =   76.5603 Mbps     0 retrans     13 KB-cwnd
[2024-11-05T12:21:07.927073-0600]     5.2500 MB /   0.50 sec =   88.0684 Mbps     0 retrans     13 KB-cwnd
[2024-11-05T12:21:08.427197-0600]     4.0625 MB /   0.50 sec =   68.1619 Mbps     0 retrans     13 KB-cwnd
[2024-11-05T12:21:08.926932-0600]     3.5625 MB /   0.50 sec =   59.7650 Mbps     0 retrans     13 KB-cwnd
[2024-11-05T12:21:09.426866-0600]     3.0000 MB /   0.50 sec =   50.3351 Mbps     0 retrans     13 KB-cwnd
[2024-11-05T12:21:09.926902-0600]     2.0000 MB /   0.50 sec =   33.5538 Mbps     0 retrans     13 KB-cwnd
[2024-11-05T12:21:10.427035-0600]     2.5625 MB /   0.50 sec =   42.9800 Mbps     0 retrans     13 KB-cwnd
[2024-11-05T12:21:10.927044-0600]     2.8125 MB /   0.50 sec =   47.1970 Mbps     0 retrans     13 KB-cwnd
[2024-11-05T12:21:11.427204-0600]     2.8125 MB /   0.50 sec =   47.1567 Mbps     0 retrans     13 KB-cwnd
[2024-11-05T12:21:11.927512-0600]     0.6250 MB /   0.50 sec =   10.4804 Mbps     0 retrans     13 KB-cwnd
[2024-11-05T12:21:12.427221-0600]     4.4375 MB /   0.50 sec =   74.4869 Mbps     0 retrans     13 KB-cwnd
[2024-11-05T12:21:12.926870-0600]     4.6250 MB /   0.50 sec =   77.6459 Mbps     0 retrans     13 KB-cwnd
[2024-11-05T12:21:13.426867-0600]     4.1875 MB /   0.50 sec =   70.2547 Mbps     0 retrans     13 KB-cwnd
[2024-11-05T12:21:13.926883-0600]     4.7500 MB /   0.50 sec =   79.6903 Mbps     0 retrans     13 KB-cwnd
[2024-11-05T12:21:14.426872-0600]     4.8750 MB /   0.50 sec =   81.7896 Mbps     0 retrans     13 KB-cwnd
[2024-11-05T12:21:14.926879-0600]     4.6250 MB /   0.50 sec =   77.5937 Mbps     0 retrans     13 KB-cwnd
[2024-11-05T12:21:15.426866-0600]     5.0000 MB /   0.50 sec =   83.8884 Mbps     0 retrans     13 KB-cwnd
[2024-11-05T12:21:15.926863-0600]     6.6250 MB /   0.50 sec =  111.1491 Mbps     0 retrans     13 KB-cwnd
[2024-11-05T12:21:16.426820-0600]     6.8750 MB /   0.50 sec =  115.3457 Mbps     0 retrans     16 KB-cwnd
[2024-11-05T12:21:16.927616-0600]     3.3125 MB /   0.50 sec =   55.5193 Mbps     0 retrans     16 KB-cwnd
[2024-11-05T12:21:17.426863-0600]     5.6875 MB /   0.50 sec =   95.5102 Mbps     0 retrans     16 KB-cwnd
[2024-11-05T12:21:17.926805-0600]     4.1875 MB /   0.50 sec =   70.2587 Mbps     0 retrans     26 KB-cwnd
[2024-11-05T12:21:18.426874-0600]     5.6250 MB /   0.50 sec =   94.3694 Mbps     0 retrans     26 KB-cwnd
[2024-11-05T12:21:18.926879-0600]     5.5625 MB /   0.50 sec =   93.3207 Mbps     0 retrans     26 KB-cwnd
[2024-11-05T12:21:19.426819-0600]     5.8750 MB /   0.50 sec =   98.5709 Mbps     0 retrans     26 KB-cwnd
[2024-11-05T12:21:19.927249-0600]     5.4375 MB /   0.50 sec =   91.1567 Mbps     0 retrans     26 KB-cwnd
[2024-11-05T12:21:20.426866-0600]     5.5625 MB /   0.50 sec =   93.3929 Mbps     0 retrans     26 KB-cwnd
[2024-11-05T12:21:20.926888-0600]     6.3125 MB /   0.50 sec =  105.9032 Mbps     0 retrans     26 KB-cwnd
[2024-11-05T12:21:21.426870-0600]     7.0625 MB /   0.50 sec =  118.4884 Mbps     0 retrans     26 KB-cwnd
[2024-11-05T12:21:21.926809-0600]     7.0000 MB /   0.50 sec =  117.4473 Mbps     0 retrans     26 KB-cwnd
[2024-11-05T12:21:22.426886-0600]     6.3750 MB /   0.50 sec =  106.9511 Mbps     0 retrans     26 KB-cwnd
[2024-11-05T12:21:22.926869-0600]     5.9375 MB /   0.50 sec =   99.6157 Mbps     0 retrans     26 KB-cwnd
[2024-11-05T12:21:23.426782-0600]     5.5000 MB /   0.50 sec =   92.2804 Mbps     0 retrans     26 KB-cwnd
[2024-11-05T12:21:23.926872-0600]     4.8750 MB /   0.50 sec =   81.7832 Mbps     0 retrans     26 KB-cwnd
[2024-11-05T12:21:24.426859-0600]     4.3750 MB /   0.50 sec =   73.4015 Mbps     0 retrans     26 KB-cwnd
[2024-11-05T12:21:24.926879-0600]     5.0000 MB /   0.50 sec =   83.8827 Mbps     0 retrans     26 KB-cwnd
[2024-11-05T12:21:25.426862-0600]     3.9375 MB /   0.50 sec =   66.0629 Mbps     0 retrans     26 KB-cwnd
[2024-11-05T12:21:25.926834-0600]     4.4375 MB /   0.50 sec =   74.4489 Mbps     0 retrans     26 KB-cwnd
[2024-11-05T12:21:26.426944-0600]     6.1875 MB /   0.50 sec =  103.7947 Mbps     0 retrans     26 KB-cwnd
[2024-11-05T12:21:26.926892-0600]     7.0625 MB /   0.50 sec =  118.4988 Mbps     0 retrans     28 KB-cwnd
[2024-11-05T12:21:27.426781-0600]     7.7500 MB /   0.50 sec =  130.0364 Mbps     0 retrans     29 KB-cwnd
[2024-11-05T12:21:27.926991-0600]     8.5000 MB /   0.50 sec =  142.5715 Mbps     0 retrans     37 KB-cwnd
[2024-11-05T12:21:28.426860-0600]     5.4375 MB /   0.50 sec =   91.2442 Mbps     0 retrans     43 KB-cwnd
[2024-11-05T12:21:28.926783-0600]     5.5000 MB /   0.50 sec =   92.2799 Mbps     0 retrans     43 KB-cwnd
[2024-11-05T12:21:29.426948-0600]     5.1875 MB /   0.50 sec =   87.0160 Mbps     0 retrans     45 KB-cwnd
[2024-11-05T12:21:29.926860-0600]     5.0000 MB /   0.50 sec =   83.8970 Mbps     0 retrans     45 KB-cwnd
[2024-11-05T12:21:30.426818-0600]     4.0625 MB /   0.50 sec =   68.1578 Mbps     0 retrans     45 KB-cwnd
[2024-11-05T12:21:30.926888-0600]     3.5625 MB /   0.50 sec =   59.7672 Mbps     0 retrans     45 KB-cwnd
[2024-11-05T12:21:31.426871-0600]     4.1250 MB /   0.50 sec =   69.2060 Mbps     0 retrans     45 KB-cwnd
[2024-11-05T12:21:31.926892-0600]     1.0000 MB /   0.50 sec =   16.7772 Mbps     0 retrans     45 KB-cwnd
[2024-11-05T12:21:32.426872-0600]     3.8125 MB /   0.50 sec =   63.9635 Mbps     0 retrans     45 KB-cwnd
[2024-11-05T12:21:32.926826-0600]     4.1250 MB /   0.50 sec =   69.2052 Mbps     0 retrans     45 KB-cwnd
[2024-11-05T12:21:33.426880-0600]     4.3750 MB /   0.50 sec =   73.4011 Mbps     0 retrans     45 KB-cwnd
[2024-11-05T12:21:33.927058-0600]     5.0625 MB /   0.50 sec =   84.9297 Mbps     0 retrans     45 KB-cwnd
[2024-11-05T12:21:34.426808-0600]     4.8125 MB /   0.50 sec =   80.7473 Mbps     0 retrans     45 KB-cwnd
[2024-11-05T12:21:34.926932-0600]     5.8125 MB /   0.50 sec =   97.5090 Mbps     0 retrans     45 KB-cwnd
[2024-11-05T12:21:35.426992-0600]     6.2500 MB /   0.50 sec =  104.8473 Mbps     0 retrans     48 KB-cwnd
[2024-11-05T12:21:35.926917-0600]     4.3125 MB /   0.50 sec =   72.3622 Mbps     0 retrans     48 KB-cwnd
[2024-11-05T12:21:36.426880-0600]     4.2500 MB /   0.50 sec =   71.3042 Mbps     0 retrans     48 KB-cwnd
[2024-11-05T12:21:36.926792-0600]     4.2500 MB /   0.50 sec =   71.3073 Mbps     0 retrans     48 KB-cwnd
[2024-11-05T12:21:37.426978-0600]     5.0625 MB /   0.50 sec =   84.9165 Mbps     0 retrans     48 KB-cwnd
[2024-11-05T12:21:37.926877-0600]     6.8750 MB /   0.50 sec =  115.3620 Mbps     0 retrans     52 KB-cwnd
[2024-11-05T12:21:38.426789-0600]     4.5000 MB /   0.50 sec =   75.5005 Mbps     0 retrans     57 KB-cwnd
[2024-11-05T12:21:38.926981-0600]     4.1875 MB /   0.50 sec =   70.2410 Mbps     0 retrans     61 KB-cwnd
[2024-11-05T12:21:39.426884-0600]     3.6250 MB /   0.50 sec =   60.8263 Mbps     0 retrans     61 KB-cwnd
[2024-11-05T12:21:39.927025-0600]     2.8125 MB /   0.50 sec =   47.1856 Mbps     0 retrans     64 KB-cwnd
[2024-11-05T12:21:40.426941-0600]     4.2500 MB /   0.50 sec =   71.2955 Mbps     0 retrans     69 KB-cwnd
[2024-11-05T12:21:40.926792-0600]     1.9375 MB /   0.50 sec =   32.5111 Mbps     0 retrans     69 KB-cwnd
[2024-11-05T12:21:41.427017-0600]     0.5625 MB /   0.50 sec =    9.4346 Mbps     0 retrans     69 KB-cwnd
[2024-11-05T12:21:41.926884-0600]     3.8125 MB /   0.50 sec =   63.9770 Mbps     0 retrans     69 KB-cwnd
[2024-11-05T12:21:42.426867-0600]     4.8125 MB /   0.50 sec =   80.7418 Mbps     0 retrans     69 KB-cwnd
[2024-11-05T12:21:42.926937-0600]     1.6875 MB /   0.50 sec =   28.3095 Mbps     0 retrans     69 KB-cwnd
[2024-11-05T12:21:43.426890-0600]     1.0625 MB /   0.50 sec =   17.8263 Mbps     0 retrans     69 KB-cwnd
[2024-11-05T12:21:43.926932-0600]     0.0000 MB /   0.50 sec =    0.0000 Mbps     0 retrans     69 KB-cwnd
[2024-11-05T12:21:44.426981-0600]     1.4375 MB /   0.50 sec =   24.1145 Mbps     0 retrans     69 KB-cwnd
[2024-11-05T12:21:44.926907-0600]     5.0000 MB /   0.50 sec =   83.8988 Mbps     0 retrans     69 KB-cwnd
[2024-11-05T12:21:45.426887-0600]     3.6250 MB /   0.50 sec =   60.8189 Mbps     0 retrans     76 KB-cwnd
[2024-11-05T12:21:45.926806-0600]     2.5625 MB /   0.50 sec =   42.9939 Mbps     0 retrans     76 KB-cwnd
[2024-11-05T12:21:46.426904-0600]     4.5625 MB /   0.50 sec =   76.5404 Mbps     0 retrans     76 KB-cwnd
[2024-11-05T12:21:46.926845-0600]     4.2500 MB /   0.50 sec =   71.3067 Mbps     0 retrans     76 KB-cwnd
[2024-11-05T12:21:47.426795-0600]     4.4375 MB /   0.50 sec =   74.4522 Mbps     0 retrans     79 KB-cwnd
[2024-11-05T12:21:47.926954-0600]     6.9375 MB /   0.50 sec =  116.3896 Mbps     0 retrans     86 KB-cwnd
[2024-11-05T12:21:48.426968-0600]     2.1875 MB /   0.50 sec =   36.6934 Mbps     0 retrans     86 KB-cwnd
[2024-11-05T12:21:48.926889-0600]     7.5000 MB /   0.50 sec =  125.8460 Mbps     0 retrans     94 KB-cwnd
[2024-11-05T12:21:49.426943-0600]     7.0000 MB /   0.50 sec =  117.4278 Mbps     0 retrans     94 KB-cwnd
[2024-11-05T12:21:49.926803-0600]    10.2500 MB /   0.50 sec =  171.9930 Mbps     0 retrans    102 KB-cwnd
[2024-11-05T12:21:50.426897-0600]     9.8750 MB /   0.50 sec =  165.6644 Mbps     0 retrans    102 KB-cwnd
[2024-11-05T12:21:50.926890-0600]     9.4375 MB /   0.50 sec =  158.3328 Mbps     0 retrans    102 KB-cwnd
[2024-11-05T12:21:51.426776-0600]    10.6875 MB /   0.50 sec =  179.3269 Mbps     3 retrans   2784 KB-cwnd
[2024-11-05T12:21:51.926887-0600]     9.6875 MB /   0.50 sec =  162.5173 Mbps     0 retrans   2784 KB-cwnd
[2024-11-05T12:21:52.426887-0600]    11.5000 MB /   0.50 sec =  192.9353 Mbps     0 retrans   2784 KB-cwnd
[2024-11-05T12:21:52.926787-0600]    11.9375 MB /   0.50 sec =  200.2916 Mbps     0 retrans   2784 KB-cwnd
[2024-11-05T12:21:53.426959-0600]    10.0000 MB /   0.50 sec =  167.7443 Mbps     0 retrans   2784 KB-cwnd
[2024-11-05T12:21:53.926895-0600]    10.8125 MB /   0.50 sec =  181.4196 Mbps     0 retrans   2784 KB-cwnd
[2024-11-05T12:21:54.426938-0600]     9.2500 MB /   0.50 sec =  155.1744 Mbps    28 retrans   1459 KB-cwnd
[2024-11-05T12:21:54.926876-0600]    10.6250 MB /   0.50 sec =  178.2793 Mbps     0 retrans   1459 KB-cwnd
[2024-11-05T12:21:55.426813-0600]     9.5625 MB /   0.50 sec =  160.4398 Mbps     0 retrans   1459 KB-cwnd
[2024-11-05T12:21:55.926914-0600]     9.1250 MB /   0.50 sec =  153.0777 Mbps     0 retrans   1459 KB-cwnd
[2024-11-05T12:21:56.426904-0600]     8.3125 MB /   0.50 sec =  139.4651 Mbps     0 retrans   1459 KB-cwnd
[2024-11-05T12:21:56.926891-0600]    11.0000 MB /   0.50 sec =  184.5505 Mbps     0 retrans   1459 KB-cwnd
[2024-11-05T12:21:57.426888-0600]     9.4375 MB /   0.50 sec =  158.3334 Mbps     0 retrans   1459 KB-cwnd
[2024-11-05T12:21:57.926869-0600]    10.5625 MB /   0.50 sec =  177.2239 Mbps     0 retrans   1459 KB-cwnd
[2024-11-05T12:21:58.426886-0600]     8.8125 MB /   0.50 sec =  147.8392 Mbps     0 retrans   3601 KB-cwnd
[2024-11-05T12:21:58.926879-0600]     6.6875 MB /   0.50 sec =  112.1967 Mbps     0 retrans   3601 KB-cwnd
[2024-11-05T12:21:59.427090-0600]     3.8750 MB /   0.50 sec =   65.0050 Mbps     0 retrans   3601 KB-cwnd
[2024-11-05T12:21:59.926929-0600]     7.0625 MB /   0.50 sec =  118.4891 Mbps     0 retrans   3601 KB-cwnd
[2024-11-05T12:22:00.426813-0600]     6.3125 MB /   0.50 sec =  105.9204 Mbps     0 retrans   3601 KB-cwnd
[2024-11-05T12:22:00.926909-0600]     7.8125 MB /   0.50 sec =  131.0660 Mbps     0 retrans   3601 KB-cwnd
[2024-11-05T12:22:01.426885-0600]     7.1250 MB /   0.50 sec =  119.5405 Mbps     0 retrans   3601 KB-cwnd
[2024-11-05T12:22:01.926828-0600]     6.8750 MB /   0.50 sec =  115.3434 Mbps     0 retrans   3601 KB-cwnd
[2024-11-05T12:22:02.426946-0600]     6.9375 MB /   0.50 sec =  116.3766 Mbps     0 retrans   3601 KB-cwnd
[2024-11-05T12:22:02.926885-0600]     7.9375 MB /   0.50 sec =  133.1870 Mbps     0 retrans   3601 KB-cwnd
[2024-11-05T12:22:03.426838-0600]     9.0625 MB /   0.50 sec =  152.0387 Mbps     0 retrans   3402 KB-cwnd
[2024-11-05T12:22:03.926955-0600]     7.9375 MB /   0.50 sec =  133.1540 Mbps     0 retrans   3402 KB-cwnd
[2024-11-05T12:22:04.426806-0600]     5.9375 MB /   0.50 sec =   99.6342 Mbps     0 retrans   3402 KB-cwnd
[2024-11-05T12:22:04.926892-0600]     4.7500 MB /   0.50 sec =   79.6867 Mbps     0 retrans   3402 KB-cwnd
[2024-11-05T12:22:05.426867-0600]     5.4375 MB /   0.50 sec =   91.2272 Mbps     0 retrans   3402 KB-cwnd
[2024-11-05T12:22:05.926798-0600]     4.8125 MB /   0.50 sec =   80.7431 Mbps     0 retrans   3402 KB-cwnd
[2024-11-05T12:22:06.426899-0600]     3.2500 MB /   0.50 sec =   54.5213 Mbps     0 retrans   3402 KB-cwnd
[2024-11-05T12:22:06.926922-0600]     3.1875 MB /   0.50 sec =   53.4764 Mbps     0 retrans   3402 KB-cwnd
[2024-11-05T12:22:07.427040-0600]     3.0000 MB /   0.50 sec =   50.3351 Mbps     0 retrans   3402 KB-cwnd
[2024-11-05T12:22:07.926969-0600]     1.1875 MB /   0.50 sec =   19.9211 Mbps     0 retrans   3402 KB-cwnd
[2024-11-05T12:22:08.426874-0600]     4.2500 MB /   0.50 sec =   71.3099 Mbps     0 retrans   3402 KB-cwnd
[2024-11-05T12:22:08.926964-0600]     4.0000 MB /   0.50 sec =   67.0995 Mbps     0 retrans   3402 KB-cwnd
[2024-11-05T12:22:09.427056-0600]     3.6875 MB /   0.50 sec =   61.8566 Mbps     0 retrans   3402 KB-cwnd
[2024-11-05T12:22:09.926949-0600]     1.1250 MB /   0.50 sec =   18.8787 Mbps     0 retrans   3402 KB-cwnd
[2024-11-05T12:22:10.426885-0600]     3.3125 MB /   0.50 sec =   55.5781 Mbps     0 retrans   3402 KB-cwnd
[2024-11-05T12:22:10.926808-0600]     2.3750 MB /   0.50 sec =   39.8466 Mbps     0 retrans   3402 KB-cwnd
[2024-11-05T12:22:11.427024-0600]     1.2500 MB /   0.50 sec =   20.9664 Mbps     0 retrans   3402 KB-cwnd
[2024-11-05T12:22:11.926896-0600]     2.8750 MB /   0.50 sec =   48.2450 Mbps     0 retrans   3402 KB-cwnd
[2024-11-05T12:22:12.426999-0600]     2.0625 MB /   0.50 sec =   34.6038 Mbps     0 retrans   3402 KB-cwnd
[2024-11-05T12:22:12.926978-0600]     2.0000 MB /   0.50 sec =   33.5485 Mbps     0 retrans   3504 KB-cwnd
[2024-11-05T12:22:13.426988-0600]     2.5625 MB /   0.50 sec =   42.9909 Mbps     0 retrans   3504 KB-cwnd
[2024-11-05T12:22:13.926861-0600]     3.5000 MB /   0.50 sec =   58.7314 Mbps     0 retrans   3504 KB-cwnd
[2024-11-05T12:22:14.426943-0600]     2.8125 MB /   0.50 sec =   47.1795 Mbps     0 retrans   3504 KB-cwnd
[2024-11-05T12:22:14.926905-0600]     2.5625 MB /   0.50 sec =   42.9964 Mbps     0 retrans   3504 KB-cwnd
[2024-11-05T12:22:15.426870-0600]     4.0000 MB /   0.50 sec =   67.1109 Mbps     0 retrans   3504 KB-cwnd
[2024-11-05T12:22:15.926898-0600]     4.1250 MB /   0.50 sec =   69.2024 Mbps     0 retrans   3504 KB-cwnd
[2024-11-05T12:22:16.426887-0600]     3.5000 MB /   0.50 sec =   58.7215 Mbps     0 retrans   3504 KB-cwnd
[2024-11-05T12:22:16.926931-0600]     3.6875 MB /   0.50 sec =   61.8628 Mbps     0 retrans   3504 KB-cwnd
[2024-11-05T12:22:17.426871-0600]     4.6250 MB /   0.50 sec =   77.6004 Mbps     0 retrans   3504 KB-cwnd
[2024-11-05T12:22:17.926873-0600]     4.6875 MB /   0.50 sec =   78.6426 Mbps     0 retrans   3504 KB-cwnd
[2024-11-05T12:22:18.426878-0600]     4.9375 MB /   0.50 sec =   82.8370 Mbps     0 retrans   3504 KB-cwnd
[2024-11-05T12:22:18.926965-0600]     4.5000 MB /   0.50 sec =   75.4874 Mbps     0 retrans   3504 KB-cwnd
[2024-11-05T12:22:19.426842-0600]     2.6875 MB /   0.50 sec =   45.0950 Mbps     0 retrans   3504 KB-cwnd
[2024-11-05T12:22:19.926882-0600]     2.1250 MB /   0.50 sec =   35.6534 Mbps     0 retrans   3504 KB-cwnd
[2024-11-05T12:22:20.426956-0600]     2.1250 MB /   0.50 sec =   35.6484 Mbps     0 retrans   3504 KB-cwnd
[2024-11-05T12:22:20.926833-0600]     5.6875 MB /   0.50 sec =   95.4240 Mbps     0 retrans   3504 KB-cwnd
[2024-11-05T12:22:21.426895-0600]     6.0000 MB /   0.50 sec =  100.6619 Mbps     0 retrans   3504 KB-cwnd
[2024-11-05T12:22:21.926875-0600]     7.3125 MB /   0.50 sec =  122.6858 Mbps     0 retrans   3598 KB-cwnd
[2024-11-05T12:22:22.426868-0600]     5.1250 MB /   0.50 sec =   85.9829 Mbps     0 retrans   3598 KB-cwnd
[2024-11-05T12:22:22.926905-0600]     4.6875 MB /   0.50 sec =   78.6415 Mbps     0 retrans   3598 KB-cwnd
[2024-11-05T12:22:23.426780-0600]     6.0000 MB /   0.50 sec =  100.6720 Mbps     0 retrans   3598 KB-cwnd
[2024-11-05T12:22:23.926900-0600]     3.9375 MB /   0.50 sec =   66.0537 Mbps     0 retrans   3598 KB-cwnd
[2024-11-05T12:22:24.426878-0600]     3.1875 MB /   0.50 sec =   53.4793 Mbps     0 retrans   3598 KB-cwnd
[2024-11-05T12:22:24.926830-0600]     3.0625 MB /   0.50 sec =   51.3810 Mbps     0 retrans   3598 KB-cwnd
[2024-11-05T12:22:25.426928-0600]     3.3750 MB /   0.50 sec =   56.6160 Mbps     0 retrans   3598 KB-cwnd
[2024-11-05T12:22:25.926823-0600]     3.3125 MB /   0.50 sec =   55.5799 Mbps     0 retrans   3598 KB-cwnd
[2024-11-05T12:22:26.426953-0600]     2.5625 MB /   0.50 sec =   42.9874 Mbps     0 retrans   3598 KB-cwnd
[2024-11-05T12:22:26.926996-0600]     2.5000 MB /   0.50 sec =   41.9405 Mbps     0 retrans   3612 KB-cwnd
[2024-11-05T12:22:27.426839-0600]     0.8750 MB /   0.50 sec =   14.6819 Mbps     0 retrans   3612 KB-cwnd
[2024-11-05T12:22:27.926956-0600]     0.8750 MB /   0.50 sec =   14.6795 Mbps     0 retrans   3612 KB-cwnd
[2024-11-05T12:22:28.427023-0600]     1.3125 MB /   0.50 sec =   22.0218 Mbps     0 retrans   3612 KB-cwnd
[2024-11-05T12:22:28.926941-0600]     1.0000 MB /   0.50 sec =   16.7762 Mbps     0 retrans   3612 KB-cwnd
[2024-11-05T12:22:29.426995-0600]     0.4375 MB /   0.50 sec =    7.3389 Mbps     0 retrans   3612 KB-cwnd
[2024-11-05T12:22:29.926829-0600]     2.1250 MB /   0.50 sec =   35.6588 Mbps     0 retrans   3612 KB-cwnd
[2024-11-05T12:22:30.426804-0600]     1.6875 MB /   0.50 sec =   28.3126 Mbps     0 retrans   3612 KB-cwnd
[2024-11-05T12:22:30.926880-0600]     1.0625 MB /   0.50 sec =   17.8254 Mbps     0 retrans   3612 KB-cwnd
[2024-11-05T12:22:31.426788-0600]     0.5000 MB /   0.50 sec =    8.3891 Mbps     0 retrans   3612 KB-cwnd
[2024-11-05T12:22:31.926906-0600]     1.4375 MB /   0.50 sec =   24.1156 Mbps     0 retrans   3612 KB-cwnd
[2024-11-05T12:22:32.426872-0600]     1.4375 MB /   0.50 sec =   24.1176 Mbps     0 retrans   3612 KB-cwnd
[2024-11-05T12:22:32.926873-0600]     1.9375 MB /   0.50 sec =   32.5051 Mbps     0 retrans   3612 KB-cwnd
[2024-11-05T12:22:33.426890-0600]     1.9375 MB /   0.50 sec =   32.5059 Mbps     0 retrans   3612 KB-cwnd
[2024-11-05T12:22:33.927028-0600]     1.2500 MB /   0.50 sec =   20.9716 Mbps     0 retrans   3612 KB-cwnd
[2024-11-05T12:22:34.426941-0600]     1.1250 MB /   0.50 sec =   18.8721 Mbps     0 retrans   3612 KB-cwnd
[2024-11-05T12:22:34.926821-0600]     1.3750 MB /   0.50 sec =   23.0723 Mbps     0 retrans   3612 KB-cwnd
[2024-11-05T12:22:35.426898-0600]     1.4375 MB /   0.50 sec =   24.1164 Mbps     0 retrans   3612 KB-cwnd
[2024-11-05T12:22:35.926943-0600]     1.4375 MB /   0.50 sec =   24.1145 Mbps     0 retrans   3612 KB-cwnd
[2024-11-05T12:22:36.426914-0600]     1.3125 MB /   0.50 sec =   22.0207 Mbps     0 retrans   3612 KB-cwnd
[2024-11-05T12:22:36.926882-0600]     1.6875 MB /   0.50 sec =   28.3139 Mbps     0 retrans   3612 KB-cwnd
[2024-11-05T12:22:37.426881-0600]     1.5000 MB /   0.50 sec =   25.1660 Mbps     0 retrans   3612 KB-cwnd
[2024-11-05T12:22:37.926857-0600]     2.0000 MB /   0.50 sec =   33.5545 Mbps     0 retrans   3612 KB-cwnd
[2024-11-05T12:22:38.427061-0600]     1.3125 MB /   0.50 sec =   22.0186 Mbps     0 retrans   3612 KB-cwnd
[2024-11-05T12:22:38.926869-0600]     1.8750 MB /   0.50 sec =   31.4596 Mbps    16 retrans   1179 KB-cwnd
[2024-11-05T12:22:39.426898-0600]     1.5000 MB /   0.50 sec =   25.1646 Mbps     0 retrans   1179 KB-cwnd
[2024-11-05T12:22:39.926791-0600]     1.8125 MB /   0.50 sec =   30.4117 Mbps     0 retrans   1179 KB-cwnd
[2024-11-05T12:22:40.426808-0600]     1.6875 MB /   0.50 sec =   28.3114 Mbps     0 retrans   1179 KB-cwnd
[2024-11-05T12:22:40.926948-0600]     1.6875 MB /   0.50 sec =   28.3076 Mbps     0 retrans   1179 KB-cwnd
[2024-11-05T12:22:41.427023-0600]     2.0625 MB /   0.50 sec =   34.6061 Mbps     0 retrans   1179 KB-cwnd
[2024-11-05T12:22:41.926906-0600]     2.3125 MB /   0.50 sec =   38.7961 Mbps     0 retrans   1179 KB-cwnd
[2024-11-05T12:22:42.426868-0600]     1.9375 MB /   0.50 sec =   32.5068 Mbps     0 retrans   1179 KB-cwnd
[2024-11-05T12:22:42.926881-0600]     2.6250 MB /   0.50 sec =   44.0399 Mbps     0 retrans   1179 KB-cwnd
[2024-11-05T12:22:43.426933-0600]     2.3750 MB /   0.50 sec =   39.8424 Mbps     0 retrans   1179 KB-cwnd
[2024-11-05T12:22:43.926912-0600]     1.1250 MB /   0.50 sec =   18.8752 Mbps     0 retrans   1179 KB-cwnd
[2024-11-05T12:22:44.426884-0600]     1.7500 MB /   0.50 sec =   29.3618 Mbps     0 retrans   1179 KB-cwnd
[2024-11-05T12:22:44.926877-0600]     1.4375 MB /   0.50 sec =   24.1173 Mbps     0 retrans   1179 KB-cwnd
[2024-11-05T12:22:45.426790-0600]     2.5625 MB /   0.50 sec =   42.9939 Mbps     0 retrans   1179 KB-cwnd
[2024-11-05T12:22:45.926928-0600]     2.2500 MB /   0.50 sec =   37.7438 Mbps     0 retrans   1179 KB-cwnd
[2024-11-05T12:22:46.426810-0600]     1.5000 MB /   0.50 sec =   25.1681 Mbps     0 retrans   1179 KB-cwnd
[2024-11-05T12:22:46.926945-0600]     1.5625 MB /   0.50 sec =   26.2118 Mbps     0 retrans   1179 KB-cwnd
[2024-11-05T12:22:47.426868-0600]     2.0625 MB /   0.50 sec =   34.6063 Mbps     0 retrans   1179 KB-cwnd
[2024-11-05T12:22:47.926895-0600]     1.4375 MB /   0.50 sec =   24.1177 Mbps     0 retrans   1209 KB-cwnd
[2024-11-05T12:22:48.426953-0600]     0.7500 MB /   0.50 sec =   12.5813 Mbps     0 retrans   1209 KB-cwnd
[2024-11-05T12:22:48.926807-0600]     2.4375 MB /   0.50 sec =   40.9003 Mbps     0 retrans   1209 KB-cwnd
[2024-11-05T12:22:49.426935-0600]     2.0000 MB /   0.50 sec =   33.5490 Mbps     0 retrans   1209 KB-cwnd
[2024-11-05T12:22:49.926933-0600]     3.2500 MB /   0.50 sec =   54.5291 Mbps     0 retrans   1209 KB-cwnd
[2024-11-05T12:22:50.426820-0600]     2.8125 MB /   0.50 sec =   47.1888 Mbps     0 retrans   1209 KB-cwnd
[2024-11-05T12:22:50.926901-0600]     2.6250 MB /   0.50 sec =   44.0383 Mbps     0 retrans   1209 KB-cwnd
[2024-11-05T12:22:51.426886-0600]     3.1875 MB /   0.50 sec =   53.4793 Mbps     0 retrans   1209 KB-cwnd
[2024-11-05T12:22:51.926894-0600]     4.1875 MB /   0.50 sec =   70.2540 Mbps     0 retrans   1209 KB-cwnd
[2024-11-05T12:22:52.426832-0600]     4.1250 MB /   0.50 sec =   69.2078 Mbps     0 retrans   1209 KB-cwnd
[2024-11-05T12:22:52.926909-0600]     4.6875 MB /   0.50 sec =   78.6404 Mbps     0 retrans   1209 KB-cwnd
[2024-11-05T12:22:53.426871-0600]     4.1250 MB /   0.50 sec =   69.2081 Mbps     0 retrans   1209 KB-cwnd
[2024-11-05T12:22:53.926877-0600]     4.0625 MB /   0.50 sec =   68.1568 Mbps     2 retrans   2359 KB-cwnd
[2024-11-05T12:22:54.426879-0600]     3.0000 MB /   0.50 sec =   50.3326 Mbps     0 retrans   2359 KB-cwnd
[2024-11-05T12:22:54.926802-0600]     2.9375 MB /   0.50 sec =   49.2840 Mbps     0 retrans   2359 KB-cwnd
[2024-11-05T12:22:55.426919-0600]     2.6875 MB /   0.50 sec =   45.0860 Mbps     0 retrans   2359 KB-cwnd
[2024-11-05T12:22:55.927051-0600]     2.5625 MB /   0.50 sec =   42.9924 Mbps     0 retrans   2359 KB-cwnd
[2024-11-05T12:22:56.426864-0600]     2.2500 MB /   0.50 sec =   37.7496 Mbps     0 retrans   2359 KB-cwnd
[2024-11-05T12:22:56.926848-0600]     1.4375 MB /   0.50 sec =   24.1172 Mbps     0 retrans   2359 KB-cwnd
[2024-11-05T12:22:57.426789-0600]     1.8125 MB /   0.50 sec =   30.4099 Mbps     0 retrans   2359 KB-cwnd
[2024-11-05T12:22:57.926899-0600]     1.7500 MB /   0.50 sec =   29.3580 Mbps     0 retrans   2359 KB-cwnd
[2024-11-05T12:22:58.426957-0600]     1.6875 MB /   0.50 sec =   28.3088 Mbps     0 retrans   2359 KB-cwnd
[2024-11-05T12:22:58.926887-0600]     1.2500 MB /   0.50 sec =   20.9738 Mbps     0 retrans   2359 KB-cwnd
[2024-11-05T12:22:59.426924-0600]     1.3125 MB /   0.50 sec =   22.0184 Mbps     0 retrans   2359 KB-cwnd
[2024-11-05T12:22:59.926928-0600]     0.7500 MB /   0.50 sec =   12.5833 Mbps     0 retrans   2359 KB-cwnd
[2024-11-05T12:23:00.426935-0600]     1.5000 MB /   0.50 sec =   25.1648 Mbps     0 retrans   2359 KB-cwnd
[2024-11-05T12:23:00.927010-0600]     2.2500 MB /   0.50 sec =   37.7530 Mbps     0 retrans   2359 KB-cwnd
[2024-11-05T12:23:01.426984-0600]     2.3750 MB /   0.50 sec =   39.8402 Mbps     0 retrans   2359 KB-cwnd
[2024-11-05T12:23:01.926832-0600]     2.8125 MB /   0.50 sec =   47.1925 Mbps     0 retrans   2359 KB-cwnd
[2024-11-05T12:23:02.426952-0600]     0.9375 MB /   0.50 sec =   15.7263 Mbps     0 retrans   2359 KB-cwnd
[2024-11-05T12:23:02.926890-0600]     2.5625 MB /   0.50 sec =   42.9982 Mbps     0 retrans   2359 KB-cwnd
[2024-11-05T12:23:03.426876-0600]     2.5000 MB /   0.50 sec =   41.9430 Mbps     0 retrans   2359 KB-cwnd
[2024-11-05T12:23:03.926940-0600]     3.8750 MB /   0.50 sec =   65.0056 Mbps     0 retrans   2359 KB-cwnd
[2024-11-05T12:23:04.426889-0600]     3.9375 MB /   0.50 sec =   66.0653 Mbps     0 retrans   2359 KB-cwnd
[2024-11-05T12:23:04.926924-0600]     3.1250 MB /   0.50 sec =   52.4266 Mbps     0 retrans   2359 KB-cwnd
[2024-11-05T12:23:05.426885-0600]     3.2500 MB /   0.50 sec =   54.5292 Mbps     0 retrans   2359 KB-cwnd
[2024-11-05T12:23:05.926909-0600]     3.6875 MB /   0.50 sec =   61.8640 Mbps     0 retrans   2359 KB-cwnd
[2024-11-05T12:23:06.426880-0600]     3.8750 MB /   0.50 sec =   65.0129 Mbps     0 retrans   2359 KB-cwnd
[2024-11-05T12:23:06.926935-0600]     2.9375 MB /   0.50 sec =   49.2784 Mbps     0 retrans   2359 KB-cwnd
End time: 1730830987177
