Start time: 1730764993068
[2024-11-04T18:03:15.507653-0600] nuttcp-t: v8.1.4: socket
[2024-11-04T18:03:15.508528-0600] nuttcp-t: buflen=65536, nstream=1, port=5101 tcp -> 54.176.53.206
[2024-11-04T18:03:15.508616-0600] nuttcp-t: time limit = 120.00 seconds
[2024-11-04T18:03:15.508684-0600] nuttcp-t: connect to 54.176.53.206 with mss=1376, RTT=102.133 ms af=inet
[2024-11-04T18:03:15.508749-0600] nuttcp-t: send window size = 2097152, receive window size = 6291456
[2024-11-04T18:03:15.508812-0600] nuttcp-t: available send window = 1572864, available receive window = 4718592
[2024-11-04T18:03:15.508968-0600] nuttcp-t: initial congestion window = 13 KB (10 packets)
[2024-11-04T18:03:15.509036-0600] nuttcp-r: v6.1.2: socket
[2024-11-04T18:03:15.509120-0600] nuttcp-r: buflen=65536, nstream=1, port=5101 tcp
[2024-11-04T18:03:15.509187-0600] nuttcp-r: interval reporting every 0.50 seconds
[2024-11-04T18:03:15.509247-0600] nuttcp-r: accept from 174.234.160.40
[2024-11-04T18:03:15.509308-0600] nuttcp-r: send window size = 450000000, receive window size = 450000000
[2024-11-04T18:03:15.509368-0600] nuttcp-r: available send window = 225000000, available receive window = 225000000
[2024-11-04T18:03:15.509437-0600]     0.1875 MB /   0.50 sec =    3.1456 Mbps    11 retrans     29 KB-cwnd
[2024-11-04T18:03:15.509500-0600]     0.2500 MB /   0.50 sec =    4.1942 Mbps     0 retrans     29 KB-cwnd
[2024-11-04T18:03:15.509561-0600]     0.1250 MB /   0.50 sec =    2.0972 Mbps     0 retrans     29 KB-cwnd
[2024-11-04T18:03:21.057461-0600]     0.1875 MB /   0.50 sec =    3.1457 Mbps    57 retrans     92 KB-cwnd
[2024-11-04T18:03:21.057673-0600]     0.1250 MB /   0.50 sec =    2.0972 Mbps     0 retrans     92 KB-cwnd
[2024-11-04T18:03:21.057719-0600]     0.0625 MB /   0.50 sec =    1.0485 Mbps     0 retrans     92 KB-cwnd
[2024-11-04T18:03:21.057755-0600]     0.0625 MB /   0.50 sec =    1.0486 Mbps     0 retrans     92 KB-cwnd
[2024-11-04T18:03:21.057790-0600]     0.0625 MB /   0.50 sec =    1.0486 Mbps     0 retrans     92 KB-cwnd
[2024-11-04T18:03:21.057828-0600]     0.0000 MB /   0.50 sec =    0.0000 Mbps     0 retrans     92 KB-cwnd
[2024-11-04T18:03:21.057862-0600]     0.0000 MB /   0.50 sec =    0.0000 Mbps     0 retrans     92 KB-cwnd
[2024-11-04T18:03:21.057896-0600]     0.0000 MB /   0.50 sec =    0.0000 Mbps     0 retrans     92 KB-cwnd
[2024-11-04T18:03:21.057927-0600]     0.0625 MB /   0.50 sec =    1.0485 Mbps     0 retrans     92 KB-cwnd
[2024-11-04T18:03:21.057959-0600]     0.0625 MB /   0.50 sec =    1.0486 Mbps     0 retrans     92 KB-cwnd
[2024-11-04T18:03:21.057990-0600]     0.0625 MB /   0.50 sec =    1.0484 Mbps     0 retrans     92 KB-cwnd
[2024-11-04T18:03:21.731506-0600]     0.3750 MB /   0.50 sec =    6.2926 Mbps     0 retrans    110 KB-cwnd
[2024-11-04T18:03:23.097217-0600]     0.4375 MB /   0.50 sec =    7.3402 Mbps    65 retrans     24 KB-cwnd
[2024-11-04T18:03:23.097397-0600]     0.3750 MB /   0.50 sec =    6.2915 Mbps     0 retrans     24 KB-cwnd
[2024-11-04T18:03:23.097432-0600]     0.2500 MB /   0.50 sec =    4.1943 Mbps     0 retrans     24 KB-cwnd
[2024-11-04T18:03:25.395727-0600]     0.1250 MB /   0.50 sec =    2.0971 Mbps     7 retrans     26 KB-cwnd
[2024-11-04T18:03:25.396100-0600]     0.1875 MB /   0.50 sec =    3.1457 Mbps     0 retrans     26 KB-cwnd
[2024-11-04T18:03:25.396236-0600]     0.1250 MB /   0.50 sec =    2.0971 Mbps     0 retrans     26 KB-cwnd
[2024-11-04T18:03:25.396364-0600]     0.1250 MB /   0.50 sec =    2.0973 Mbps     0 retrans     26 KB-cwnd
[2024-11-04T18:03:25.396477-0600]     0.1250 MB /   0.50 sec =    2.0970 Mbps     0 retrans     26 KB-cwnd
[2024-11-04T18:03:29.906604-0600]     0.1250 MB /   0.50 sec =    2.0973 Mbps    17 retrans     20 KB-cwnd
[2024-11-04T18:03:29.907000-0600]     0.0625 MB /   0.50 sec =    1.0486 Mbps     0 retrans     20 KB-cwnd
[2024-11-04T18:03:29.907138-0600]     0.1250 MB /   0.50 sec =    2.0970 Mbps     0 retrans     20 KB-cwnd
[2024-11-04T18:03:29.907253-0600]     0.0625 MB /   0.50 sec =    1.0487 Mbps     0 retrans     20 KB-cwnd
[2024-11-04T18:03:29.907359-0600]     0.1250 MB /   0.50 sec =    2.0971 Mbps     0 retrans     20 KB-cwnd
[2024-11-04T18:03:29.907501-0600]     0.0000 MB /   0.50 sec =    0.0000 Mbps     0 retrans     20 KB-cwnd
[2024-11-04T18:03:29.907610-0600]     0.0625 MB /   0.50 sec =    1.0486 Mbps     0 retrans     20 KB-cwnd
[2024-11-04T18:03:29.907713-0600]     0.0625 MB /   0.50 sec =    1.0486 Mbps     0 retrans     20 KB-cwnd
[2024-11-04T18:03:29.907817-0600]     0.0625 MB /   0.50 sec =    1.0485 Mbps     0 retrans     20 KB-cwnd
[2024-11-04T18:03:36.053284-0600]     0.0625 MB /   0.50 sec =    1.0486 Mbps    19 retrans     91 KB-cwnd
[2024-11-04T18:03:36.053686-0600]     0.1250 MB /   0.50 sec =    2.0971 Mbps     0 retrans     91 KB-cwnd
[2024-11-04T18:03:36.053822-0600]     0.0625 MB /   0.50 sec =    1.0486 Mbps     0 retrans     91 KB-cwnd
[2024-11-04T18:03:36.053918-0600]     0.0000 MB /   0.50 sec =    0.0000 Mbps     0 retrans     91 KB-cwnd
[2024-11-04T18:03:36.054008-0600]     0.0625 MB /   0.50 sec =    1.0486 Mbps     0 retrans     91 KB-cwnd
[2024-11-04T18:03:36.054097-0600]     0.0000 MB /   0.50 sec =    0.0000 Mbps     0 retrans     91 KB-cwnd
[2024-11-04T18:03:36.054183-0600]     0.0625 MB /   0.50 sec =    1.0486 Mbps     0 retrans     91 KB-cwnd
[2024-11-04T18:03:36.054268-0600]     0.0000 MB /   0.50 sec =    0.0000 Mbps     0 retrans     91 KB-cwnd
[2024-11-04T18:03:36.054353-0600]     0.0000 MB /   0.50 sec =    0.0000 Mbps     0 retrans     91 KB-cwnd
[2024-11-04T18:03:36.054437-0600]     0.0000 MB /   0.50 sec =    0.0000 Mbps     0 retrans     91 KB-cwnd
[2024-11-04T18:03:36.054521-0600]     0.0625 MB /   0.50 sec =    1.0486 Mbps     0 retrans     91 KB-cwnd
[2024-11-04T18:03:37.664801-0600]     0.0625 MB /   0.50 sec =    1.0485 Mbps    44 retrans     21 KB-cwnd
[2024-11-04T18:03:37.665302-0600]     0.3750 MB /   0.50 sec =    6.2919 Mbps     0 retrans     21 KB-cwnd
[2024-11-04T18:03:37.665478-0600]     0.1875 MB /   0.50 sec =    3.1456 Mbps     0 retrans     21 KB-cwnd
[2024-11-04T18:03:37.665592-0600]     0.2500 MB /   0.50 sec =    4.1944 Mbps     0 retrans     21 KB-cwnd
[2024-11-04T18:03:41.418359-0600]     0.1250 MB /   0.50 sec =    2.0972 Mbps    21 retrans     72 KB-cwnd
[2024-11-04T18:03:41.418805-0600]     0.0625 MB /   0.50 sec =    1.0486 Mbps     0 retrans     72 KB-cwnd
[2024-11-04T18:03:41.418954-0600]     0.0625 MB /   0.50 sec =    1.0486 Mbps     0 retrans     72 KB-cwnd
[2024-11-04T18:03:41.419075-0600]     0.0625 MB /   0.50 sec =    1.0486 Mbps     0 retrans     72 KB-cwnd
[2024-11-04T18:03:41.419186-0600]     0.0625 MB /   0.50 sec =    1.0486 Mbps     0 retrans     72 KB-cwnd
[2024-11-04T18:03:41.419291-0600]     0.0625 MB /   0.50 sec =    1.0486 Mbps     0 retrans     72 KB-cwnd
[2024-11-04T18:03:41.419394-0600]     0.0625 MB /   0.50 sec =    1.0484 Mbps     0 retrans     72 KB-cwnd
[2024-11-04T18:03:41.419500-0600]     0.3125 MB /   0.50 sec =    5.2439 Mbps     0 retrans     72 KB-cwnd
[2024-11-04T18:03:42.933148-0600]     0.3125 MB /   0.50 sec =    5.2428 Mbps    17 retrans     29 KB-cwnd
[2024-11-04T18:03:42.933626-0600]     0.1875 MB /   0.50 sec =    3.1456 Mbps     0 retrans     29 KB-cwnd
[2024-11-04T18:03:50.074026-0600]     0.1875 MB /   0.50 sec =    3.1458 Mbps    42 retrans      8 KB-cwnd
[2024-11-04T18:03:50.074417-0600]     0.1250 MB /   0.50 sec =    2.0971 Mbps     0 retrans      8 KB-cwnd
[2024-11-04T18:03:50.074557-0600]     0.0625 MB /   0.50 sec =    1.0486 Mbps     0 retrans      8 KB-cwnd
[2024-11-04T18:03:50.074676-0600]     0.0000 MB /   0.50 sec =    0.0000 Mbps     0 retrans      8 KB-cwnd
[2024-11-04T18:03:50.074787-0600]     0.0625 MB /   0.50 sec =    1.0487 Mbps     0 retrans      8 KB-cwnd
[2024-11-04T18:03:50.074892-0600]     0.0625 MB /   0.50 sec =    1.0486 Mbps     0 retrans      8 KB-cwnd
[2024-11-04T18:03:50.074997-0600]     0.0000 MB /   0.50 sec =    0.0000 Mbps     0 retrans      8 KB-cwnd
[2024-11-04T18:03:50.075100-0600]     0.0625 MB /   0.50 sec =    1.0486 Mbps     0 retrans      8 KB-cwnd
[2024-11-04T18:03:50.075204-0600]     0.0625 MB /   0.50 sec =    1.0486 Mbps     0 retrans      8 KB-cwnd
[2024-11-04T18:03:50.075351-0600]     0.0000 MB /   0.50 sec =    0.0000 Mbps     0 retrans      8 KB-cwnd
[2024-11-04T18:03:50.075463-0600]     0.0625 MB /   0.50 sec =    1.0486 Mbps     0 retrans      8 KB-cwnd
[2024-11-04T18:03:50.075572-0600]     0.0625 MB /   0.50 sec =    1.0486 Mbps     0 retrans      8 KB-cwnd
[2024-11-04T18:03:50.075676-0600]     0.0000 MB /   0.50 sec =    0.0000 Mbps     0 retrans      8 KB-cwnd
[2024-11-04T18:03:50.075780-0600]     0.0625 MB /   0.50 sec =    1.0486 Mbps     0 retrans      8 KB-cwnd
[2024-11-04T18:03:50.075888-0600]     0.0625 MB /   0.50 sec =    1.0484 Mbps     0 retrans      8 KB-cwnd
[2024-11-04T18:04:01.950447-0600]     0.0000 MB /   0.50 sec =    0.0000 Mbps    36 retrans     14 KB-cwnd
[2024-11-04T18:04:01.950906-0600]     0.0625 MB /   0.50 sec =    1.0486 Mbps     0 retrans     14 KB-cwnd
[2024-11-04T18:04:01.951046-0600]     0.0000 MB /   0.50 sec =    0.0000 Mbps     0 retrans     14 KB-cwnd
[2024-11-04T18:04:01.951158-0600]     0.0000 MB /   0.50 sec =    0.0000 Mbps     0 retrans     14 KB-cwnd
[2024-11-04T18:04:01.951266-0600]     0.0000 MB /   0.50 sec =    0.0000 Mbps     0 retrans     14 KB-cwnd
[2024-11-04T18:04:01.951368-0600]     0.0000 MB /   0.50 sec =    0.0000 Mbps     0 retrans     14 KB-cwnd
[2024-11-04T18:04:01.951469-0600]     0.0000 MB /   0.50 sec =    0.0000 Mbps     0 retrans     14 KB-cwnd
[2024-11-04T18:04:01.951568-0600]     0.0625 MB /   0.50 sec =    1.0486 Mbps     0 retrans     14 KB-cwnd
[2024-11-04T18:04:01.951672-0600]     0.0000 MB /   0.50 sec =    0.0000 Mbps     0 retrans     14 KB-cwnd
[2024-11-04T18:04:01.951776-0600]     0.0625 MB /   0.50 sec =    1.0486 Mbps     0 retrans     14 KB-cwnd
[2024-11-04T18:04:01.951877-0600]     0.0625 MB /   0.50 sec =    1.0486 Mbps     0 retrans     14 KB-cwnd
[2024-11-04T18:04:01.951981-0600]     0.0000 MB /   0.50 sec =    0.0000 Mbps     0 retrans     14 KB-cwnd
[2024-11-04T18:04:01.952080-0600]     0.0625 MB /   0.50 sec =    1.0486 Mbps     0 retrans     14 KB-cwnd
[2024-11-04T18:04:01.952183-0600]     0.0000 MB /   0.50 sec =    0.0000 Mbps     0 retrans     14 KB-cwnd
[2024-11-04T18:04:01.952281-0600]     0.0000 MB /   0.50 sec =    0.0000 Mbps     0 retrans     14 KB-cwnd
[2024-11-04T18:04:01.952384-0600]     0.0625 MB /   0.50 sec =    1.0485 Mbps     0 retrans     14 KB-cwnd
[2024-11-04T18:04:01.952487-0600]     0.0000 MB /   0.50 sec =    0.0000 Mbps     0 retrans     14 KB-cwnd
[2024-11-04T18:04:01.952590-0600]     0.0625 MB /   0.50 sec =    1.0486 Mbps     0 retrans     14 KB-cwnd
[2024-11-04T18:04:01.952693-0600]     0.0000 MB /   0.50 sec =    0.0000 Mbps     0 retrans     14 KB-cwnd
[2024-11-04T18:04:01.952796-0600]     0.0625 MB /   0.50 sec =    1.0486 Mbps     0 retrans     14 KB-cwnd
[2024-11-04T18:04:01.952983-0600]     0.0000 MB /   0.50 sec =    0.0000 Mbps     0 retrans     14 KB-cwnd
[2024-11-04T18:04:01.953091-0600]     0.0625 MB /   0.50 sec =    1.0486 Mbps     0 retrans     14 KB-cwnd
[2024-11-04T18:04:01.953196-0600]     0.0625 MB /   0.50 sec =    1.0484 Mbps     0 retrans     14 KB-cwnd
[2024-11-04T18:04:01.953297-0600]     0.0625 MB /   0.50 sec =    1.0487 Mbps     0 retrans     14 KB-cwnd
[2024-11-04T18:04:07.897030-0600]     0.0000 MB /   0.50 sec =    0.0000 Mbps    29 retrans     13 KB-cwnd
[2024-11-04T18:04:07.897243-0600]     0.0000 MB /   0.50 sec =    0.0000 Mbps     0 retrans     13 KB-cwnd
[2024-11-04T18:04:07.897287-0600]     0.0625 MB /   0.50 sec =    1.0486 Mbps     0 retrans     13 KB-cwnd
[2024-11-04T18:04:07.897324-0600]     0.0625 MB /   0.50 sec =    1.0486 Mbps     0 retrans     13 KB-cwnd
[2024-11-04T18:04:07.897352-0600]     0.0625 MB /   0.50 sec =    1.0486 Mbps     0 retrans     13 KB-cwnd
[2024-11-04T18:04:07.897380-0600]     0.0625 MB /   0.50 sec =    1.0486 Mbps     0 retrans     13 KB-cwnd
[2024-11-04T18:04:07.897408-0600]     0.0625 MB /   0.50 sec =    1.0486 Mbps     0 retrans     13 KB-cwnd
[2024-11-04T18:04:07.897435-0600]     0.1250 MB /   0.50 sec =    2.0972 Mbps     0 retrans     13 KB-cwnd
[2024-11-04T18:04:07.897492-0600]     0.0625 MB /   0.50 sec =    1.0485 Mbps     0 retrans     13 KB-cwnd
[2024-11-04T18:04:07.897522-0600]     0.0625 MB /   0.50 sec =    1.0486 Mbps     0 retrans     13 KB-cwnd
[2024-11-04T18:04:07.897548-0600]     0.0625 MB /   0.50 sec =    1.0486 Mbps     0 retrans     13 KB-cwnd
[2024-11-04T18:04:13.505635-0600]     0.0000 MB /   0.50 sec =    0.0000 Mbps    23 retrans     14 KB-cwnd
[2024-11-04T18:04:13.506111-0600]     0.0625 MB /   0.50 sec =    1.0486 Mbps     0 retrans     14 KB-cwnd
[2024-11-04T18:04:13.506257-0600]     0.0000 MB /   0.50 sec =    0.0000 Mbps     0 retrans     14 KB-cwnd
[2024-11-04T18:04:13.506393-0600]     0.0625 MB /   0.50 sec =    1.0486 Mbps     0 retrans     14 KB-cwnd
[2024-11-04T18:04:13.506505-0600]     0.0000 MB /   0.50 sec =    0.0000 Mbps     0 retrans     14 KB-cwnd
[2024-11-04T18:04:13.506619-0600]     0.0625 MB /   0.50 sec =    1.0486 Mbps     0 retrans     14 KB-cwnd
[2024-11-04T18:04:13.506724-0600]     0.0625 MB /   0.50 sec =    1.0486 Mbps     0 retrans     14 KB-cwnd
[2024-11-04T18:04:13.506828-0600]     0.0625 MB /   0.50 sec =    1.0485 Mbps     0 retrans     14 KB-cwnd
[2024-11-04T18:04:13.506933-0600]     0.1250 MB /   0.50 sec =    2.0972 Mbps     0 retrans     14 KB-cwnd
[2024-11-04T18:04:13.507037-0600]     0.0625 MB /   0.50 sec =    1.0486 Mbps     0 retrans     14 KB-cwnd
[2024-11-04T18:04:13.507138-0600]     0.0625 MB /   0.50 sec =    1.0486 Mbps     0 retrans     14 KB-cwnd
[2024-11-04T18:04:13.507239-0600]     0.1250 MB /   0.50 sec =    2.0971 Mbps     0 retrans     14 KB-cwnd
[2024-11-04T18:04:16.375894-0600]     0.0625 MB /   0.50 sec =    1.0486 Mbps    32 retrans     92 KB-cwnd
[2024-11-04T18:04:16.376263-0600]     0.0625 MB /   0.50 sec =    1.0486 Mbps     0 retrans     92 KB-cwnd
[2024-11-04T18:04:16.376397-0600]     0.0625 MB /   0.50 sec =    1.0486 Mbps     0 retrans     92 KB-cwnd
[2024-11-04T18:04:16.376510-0600]     0.0625 MB /   0.50 sec =    1.0485 Mbps     0 retrans     92 KB-cwnd
[2024-11-04T18:04:16.376620-0600]     0.2500 MB /   0.50 sec =    4.1943 Mbps     0 retrans     92 KB-cwnd
[2024-11-04T18:04:16.376722-0600]     0.1250 MB /   0.50 sec =    2.0972 Mbps     0 retrans     92 KB-cwnd
[2024-11-04T18:04:17.549805-0600]     0.4375 MB /   0.50 sec =    7.3398 Mbps    22 retrans     36 KB-cwnd
[2024-11-04T18:04:17.550165-0600]     0.3125 MB /   0.50 sec =    5.2429 Mbps     0 retrans     36 KB-cwnd
[2024-11-04T18:04:24.397803-0600]     0.1875 MB /   0.50 sec =    3.1459 Mbps    26 retrans      8 KB-cwnd
[2024-11-04T18:04:24.398244-0600]     0.1250 MB /   0.50 sec =    2.0971 Mbps     0 retrans      8 KB-cwnd
[2024-11-04T18:04:24.398392-0600]     0.0625 MB /   0.50 sec =    1.0486 Mbps     0 retrans      8 KB-cwnd
[2024-11-04T18:04:24.398507-0600]     0.0625 MB /   0.50 sec =    1.0486 Mbps     0 retrans      8 KB-cwnd
[2024-11-04T18:04:24.398617-0600]     0.0625 MB /   0.50 sec =    1.0485 Mbps     0 retrans      8 KB-cwnd
[2024-11-04T18:04:24.398728-0600]     0.0625 MB /   0.50 sec =    1.0486 Mbps     0 retrans      8 KB-cwnd
[2024-11-04T18:04:24.398834-0600]     0.0000 MB /   0.50 sec =    0.0000 Mbps     0 retrans      8 KB-cwnd
[2024-11-04T18:04:24.398939-0600]     0.0625 MB /   0.50 sec =    1.0486 Mbps     0 retrans      8 KB-cwnd
[2024-11-04T18:04:24.399041-0600]     0.0625 MB /   0.50 sec =    1.0485 Mbps     0 retrans      8 KB-cwnd
[2024-11-04T18:04:24.399147-0600]     0.0000 MB /   0.50 sec =    0.0000 Mbps     0 retrans      8 KB-cwnd
[2024-11-04T18:04:24.399251-0600]     0.0000 MB /   0.50 sec =    0.0000 Mbps     0 retrans      8 KB-cwnd
[2024-11-04T18:04:24.399352-0600]     0.0625 MB /   0.50 sec =    1.0485 Mbps     0 retrans      8 KB-cwnd
[2024-11-04T18:04:24.399460-0600]     0.0625 MB /   0.50 sec =    1.0486 Mbps     0 retrans      8 KB-cwnd
[2024-11-04T18:04:24.399562-0600]     0.0000 MB /   0.50 sec =    0.0000 Mbps     0 retrans      8 KB-cwnd
[2024-11-04T18:04:38.250875-0600]     0.0000 MB /   0.50 sec =    0.0000 Mbps    43 retrans      6 KB-cwnd
[2024-11-04T18:04:38.251276-0600]     0.0625 MB /   0.50 sec =    1.0486 Mbps     0 retrans      6 KB-cwnd
[2024-11-04T18:04:38.251468-0600]     0.0625 MB /   0.50 sec =    1.0485 Mbps     0 retrans      6 KB-cwnd
[2024-11-04T18:04:38.251594-0600]     0.0000 MB /   0.50 sec =    0.0000 Mbps     0 retrans      6 KB-cwnd
[2024-11-04T18:04:38.251708-0600]     0.0625 MB /   0.50 sec =    1.0486 Mbps     0 retrans      6 KB-cwnd
[2024-11-04T18:04:38.251818-0600]     0.0000 MB /   0.50 sec =    0.0000 Mbps     0 retrans      6 KB-cwnd
[2024-11-04T18:04:38.251933-0600]     0.0000 MB /   0.50 sec =    0.0000 Mbps     0 retrans      6 KB-cwnd
[2024-11-04T18:04:38.252037-0600]     0.0000 MB /   0.50 sec =    0.0000 Mbps     0 retrans      6 KB-cwnd
[2024-11-04T18:04:38.252143-0600]     0.0000 MB /   0.50 sec =    0.0000 Mbps     0 retrans      6 KB-cwnd
[2024-11-04T18:04:38.252248-0600]     0.0000 MB /   0.50 sec =    0.0000 Mbps     0 retrans      6 KB-cwnd
[2024-11-04T18:04:38.252351-0600]     0.0000 MB /   0.50 sec =    0.0000 Mbps     0 retrans      6 KB-cwnd
[2024-11-04T18:04:38.252453-0600]     0.0000 MB /   0.50 sec =    0.0000 Mbps     0 retrans      6 KB-cwnd
[2024-11-04T18:04:38.252556-0600]     0.0625 MB /   0.50 sec =    1.0486 Mbps     0 retrans      6 KB-cwnd
[2024-11-04T18:04:38.252656-0600]     0.0000 MB /   0.50 sec =    0.0000 Mbps     0 retrans      6 KB-cwnd
[2024-11-04T18:04:38.252763-0600]     0.0625 MB /   0.50 sec =    1.0484 Mbps     0 retrans      6 KB-cwnd
[2024-11-04T18:04:38.252995-0600]     0.0625 MB /   0.50 sec =    1.0488 Mbps     0 retrans      6 KB-cwnd
[2024-11-04T18:04:38.253117-0600]     0.0000 MB /   0.50 sec =    0.0000 Mbps     0 retrans      6 KB-cwnd
[2024-11-04T18:04:38.253225-0600]     0.0625 MB /   0.50 sec =    1.0485 Mbps     0 retrans      6 KB-cwnd
[2024-11-04T18:04:38.253329-0600]     0.0000 MB /   0.50 sec =    0.0000 Mbps     0 retrans      6 KB-cwnd
[2024-11-04T18:04:38.253433-0600]     0.0625 MB /   0.50 sec =    1.0486 Mbps     0 retrans      6 KB-cwnd
[2024-11-04T18:04:38.253532-0600]     0.0625 MB /   0.50 sec =    1.0485 Mbps     0 retrans      6 KB-cwnd
[2024-11-04T18:04:38.253633-0600]     0.0000 MB /   0.50 sec =    0.0000 Mbps     0 retrans      6 KB-cwnd
[2024-11-04T18:04:38.253733-0600]     0.0000 MB /   0.50 sec =    0.0000 Mbps     0 retrans      6 KB-cwnd
[2024-11-04T18:04:38.253835-0600]     0.0000 MB /   0.50 sec =    0.0000 Mbps     0 retrans      6 KB-cwnd
[2024-11-04T18:04:38.253933-0600]     0.0625 MB /   0.50 sec =    1.0486 Mbps     0 retrans      6 KB-cwnd
[2024-11-04T18:04:38.254034-0600]     0.0000 MB /   0.50 sec =    0.0000 Mbps     0 retrans      6 KB-cwnd
[2024-11-04T18:04:38.254136-0600]     0.0000 MB /   0.50 sec =    0.0000 Mbps     0 retrans      6 KB-cwnd
[2024-11-04T18:04:42.431663-0600]     0.0625 MB /   0.50 sec =    1.0470 Mbps    62 retrans     32 KB-cwnd
[2024-11-04T18:04:42.431802-0600]     0.0000 MB /   0.50 sec =    0.0000 Mbps     0 retrans     32 KB-cwnd
[2024-11-04T18:04:42.431832-0600]     0.0000 MB /   0.50 sec =    0.0000 Mbps     0 retrans     32 KB-cwnd
[2024-11-04T18:04:42.431859-0600]     0.0625 MB /   0.50 sec =    1.0492 Mbps     0 retrans     32 KB-cwnd
[2024-11-04T18:04:42.431884-0600]     0.0625 MB /   0.50 sec =    1.0486 Mbps     0 retrans     32 KB-cwnd
[2024-11-04T18:04:42.431909-0600]     0.1250 MB /   0.50 sec =    2.0971 Mbps     0 retrans     32 KB-cwnd
[2024-11-04T18:04:42.431932-0600]     0.2500 MB /   0.50 sec =    4.1945 Mbps     0 retrans     32 KB-cwnd
[2024-11-04T18:04:49.235690-0600]     0.1250 MB /   0.50 sec =    2.0970 Mbps    32 retrans     12 KB-cwnd
[2024-11-04T18:04:49.236176-0600]     0.0000 MB /   0.50 sec =    0.0000 Mbps     0 retrans     12 KB-cwnd
[2024-11-04T18:04:49.236329-0600]     0.1250 MB /   0.50 sec =    2.0971 Mbps     0 retrans     12 KB-cwnd
[2024-11-04T18:04:49.236453-0600]     0.0000 MB /   0.50 sec =    0.0000 Mbps     0 retrans     12 KB-cwnd
[2024-11-04T18:04:49.236568-0600]     0.0625 MB /   0.50 sec =    1.0486 Mbps     0 retrans     12 KB-cwnd
[2024-11-04T18:04:49.236682-0600]     0.0625 MB /   0.50 sec =    1.0486 Mbps     0 retrans     12 KB-cwnd
[2024-11-04T18:04:49.236825-0600]     0.1250 MB /   0.50 sec =    2.0971 Mbps     0 retrans     12 KB-cwnd
[2024-11-04T18:04:49.237154-0600]     0.1250 MB /   0.50 sec =    2.0971 Mbps     0 retrans     12 KB-cwnd
[2024-11-04T18:04:49.237220-0600]     0.0625 MB /   0.50 sec =    1.0486 Mbps     0 retrans     12 KB-cwnd
[2024-11-04T18:04:49.237275-0600]     0.0000 MB /   0.50 sec =    0.0000 Mbps     0 retrans     12 KB-cwnd
[2024-11-04T18:04:49.237329-0600]     0.0000 MB /   0.50 sec =    0.0000 Mbps     0 retrans     12 KB-cwnd
[2024-11-04T18:04:49.237379-0600]     0.0625 MB /   0.50 sec =    1.0486 Mbps     0 retrans     12 KB-cwnd
[2024-11-04T18:04:49.237429-0600]     0.0625 MB /   0.50 sec =    1.0486 Mbps     0 retrans     12 KB-cwnd
[2024-11-04T18:04:49.237480-0600]     0.0000 MB /   0.50 sec =    0.0000 Mbps     0 retrans     12 KB-cwnd
[2024-11-04T18:04:49.237532-0600]     0.0000 MB /   0.50 sec =    0.0000 Mbps     0 retrans     12 KB-cwnd
[2024-11-04T18:04:56.740264-0600]     0.0625 MB /   0.50 sec =    1.0486 Mbps    20 retrans     24 KB-cwnd
[2024-11-04T18:04:56.740551-0600]     0.0000 MB /   0.50 sec =    0.0000 Mbps     0 retrans     24 KB-cwnd
[2024-11-04T18:04:56.740619-0600]     0.0000 MB /   0.50 sec =    0.0000 Mbps     0 retrans     24 KB-cwnd
[2024-11-04T18:04:56.740677-0600]     0.0625 MB /   0.50 sec =    1.0486 Mbps     0 retrans     24 KB-cwnd
[2024-11-04T18:04:56.740740-0600]     0.0000 MB /   0.50 sec =    0.0000 Mbps     0 retrans     24 KB-cwnd
[2024-11-04T18:04:56.740793-0600]     0.0000 MB /   0.50 sec =    0.0000 Mbps     0 retrans     24 KB-cwnd
[2024-11-04T18:04:56.740884-0600]     0.0000 MB /   0.50 sec =    0.0000 Mbps     0 retrans     24 KB-cwnd
[2024-11-04T18:04:56.740940-0600]     0.0625 MB /   0.50 sec =    1.0485 Mbps     0 retrans     24 KB-cwnd
[2024-11-04T18:04:56.740991-0600]     0.0000 MB /   0.50 sec =    0.0000 Mbps     0 retrans     24 KB-cwnd
[2024-11-04T18:04:56.741042-0600]     0.0625 MB /   0.50 sec =    1.0487 Mbps     0 retrans     24 KB-cwnd
[2024-11-04T18:04:56.741092-0600]     0.0625 MB /   0.50 sec =    1.0486 Mbps     0 retrans     24 KB-cwnd
[2024-11-04T18:04:56.741144-0600]     0.0000 MB /   0.50 sec =    0.0000 Mbps     0 retrans     24 KB-cwnd
[2024-11-04T18:04:56.741195-0600]     0.0625 MB /   0.50 sec =    1.0486 Mbps     0 retrans     24 KB-cwnd
[2024-11-04T18:04:56.741244-0600]     0.0625 MB /   0.50 sec =    1.0486 Mbps     0 retrans     24 KB-cwnd
[2024-11-04T18:04:56.741292-0600]     0.1875 MB /   0.50 sec =    3.1457 Mbps     0 retrans     24 KB-cwnd
[2024-11-04T18:05:13.664246-0600]     0.1250 MB /   0.50 sec =    2.0972 Mbps    56 retrans     10 KB-cwnd
[2024-11-04T18:05:13.664578-0600]     0.0625 MB /   0.50 sec =    1.0486 Mbps     0 retrans     10 KB-cwnd
[2024-11-04T18:05:13.664709-0600]     0.0625 MB /   0.50 sec =    1.0486 Mbps     0 retrans     10 KB-cwnd
[2024-11-04T18:05:13.664825-0600]     0.0000 MB /   0.50 sec =    0.0000 Mbps     0 retrans     10 KB-cwnd
[2024-11-04T18:05:13.665086-0600]     0.0000 MB /   0.50 sec =    0.0000 Mbps     0 retrans     10 KB-cwnd
[2024-11-04T18:05:13.665320-0600]     0.0625 MB /   0.50 sec =    1.0491 Mbps     0 retrans     10 KB-cwnd
[2024-11-04T18:05:13.665499-0600]     0.0000 MB /   0.50 sec =    0.0000 Mbps     0 retrans     10 KB-cwnd
[2024-11-04T18:05:13.665622-0600]     0.0000 MB /   0.50 sec =    0.0000 Mbps     0 retrans     10 KB-cwnd
[2024-11-04T18:05:13.665734-0600]     0.0000 MB /   0.50 sec =    0.0000 Mbps     0 retrans     10 KB-cwnd
[2024-11-04T18:05:13.665848-0600]     0.0000 MB /   0.50 sec =    0.0000 Mbps     0 retrans     10 KB-cwnd
[2024-11-04T18:05:13.665957-0600]     0.0000 MB /   0.50 sec =    0.0000 Mbps     0 retrans     10 KB-cwnd
[2024-11-04T18:05:13.666060-0600]     0.0625 MB /   0.50 sec =    1.0486 Mbps     0 retrans     10 KB-cwnd
[2024-11-04T18:05:13.666162-0600]     0.0000 MB /   0.50 sec =    0.0000 Mbps     0 retrans     10 KB-cwnd
[2024-11-04T18:05:13.666263-0600]     0.0000 MB /   0.50 sec =    0.0000 Mbps     0 retrans     10 KB-cwnd
[2024-11-04T18:05:13.666522-0600]     0.0000 MB /   0.50 sec =    0.0000 Mbps     0 retrans     10 KB-cwnd
[2024-11-04T18:05:13.666660-0600]     0.0000 MB /   0.50 sec =    0.0000 Mbps     0 retrans     10 KB-cwnd
[2024-11-04T18:05:13.666768-0600]     0.0000 MB /   0.50 sec =    0.0000 Mbps     0 retrans     10 KB-cwnd
[2024-11-04T18:05:13.666872-0600]     0.0625 MB /   0.50 sec =    1.0487 Mbps     0 retrans     10 KB-cwnd
[2024-11-04T18:05:13.666977-0600]     0.0000 MB /   0.50 sec =    0.0000 Mbps     0 retrans     10 KB-cwnd
[2024-11-04T18:05:13.667081-0600]     0.0000 MB /   0.50 sec =    0.0000 Mbps     0 retrans     10 KB-cwnd
[2024-11-04T18:05:13.667184-0600]     0.0000 MB /   0.50 sec =    0.0000 Mbps     0 retrans     10 KB-cwnd
[2024-11-04T18:05:13.667287-0600]     0.0625 MB /   0.50 sec =    1.0486 Mbps     0 retrans     10 KB-cwnd
[2024-11-04T18:05:13.667388-0600]     0.0000 MB /   0.50 sec =    0.0000 Mbps     0 retrans     10 KB-cwnd
[2024-11-04T18:05:13.667620-0600]     0.0625 MB /   0.50 sec =    1.0486 Mbps     0 retrans     10 KB-cwnd
[2024-11-04T18:05:13.667783-0600]     0.0000 MB /   0.50 sec =    0.0000 Mbps     0 retrans     10 KB-cwnd
[2024-11-04T18:05:13.667905-0600]     0.0000 MB /   0.50 sec =    0.0000 Mbps     0 retrans     10 KB-cwnd
[2024-11-04T18:05:13.668014-0600]     0.0625 MB /   0.50 sec =    1.0486 Mbps     0 retrans     10 KB-cwnd
[2024-11-04T18:05:13.668126-0600]     0.0625 MB /   0.50 sec =    1.0486 Mbps     0 retrans     10 KB-cwnd
[2024-11-04T18:05:13.668233-0600]     0.0000 MB /   0.50 sec =    0.0000 Mbps     0 retrans     10 KB-cwnd
[2024-11-04T18:05:13.668336-0600]     0.0000 MB /   0.50 sec =    0.0000 Mbps     0 retrans     10 KB-cwnd
[2024-11-04T18:05:13.668442-0600]     0.0000 MB /   0.50 sec =    0.0000 Mbps     0 retrans     10 KB-cwnd
[2024-11-04T18:05:13.668544-0600]     0.0000 MB /   0.50 sec =    0.0000 Mbps     0 retrans     10 KB-cwnd
[2024-11-04T18:05:13.668758-0600]     0.0625 MB /   0.50 sec =    1.0486 Mbps     0 retrans     10 KB-cwnd
[2024-11-04T18:05:13.668930-0600]     0.0000 MB /   0.50 sec =    0.0000 Mbps     0 retrans     10 KB-cwnd
[2024-11-04T18:05:13.764934-0600]     0.0625 MB /   0.50 sec =    1.0486 Mbps     1 retrans      8 KB-cwnd
End time: 1730765114195
