Start time: 1730511836753
[2024-11-01T18:43:58.012766-0700] nuttcp-t: v8.1.4: socket
[2024-11-01T18:43:58.013471-0700] nuttcp-t: buflen=65536, nstream=1, port=5103 tcp -> 54.176.53.206
[2024-11-01T18:43:58.013534-0700] nuttcp-t: time limit = 120.00 seconds
[2024-11-01T18:43:58.013574-0700] nuttcp-t: connect to 54.176.53.206 with mss=1448, RTT=38.777 ms af=inet
[2024-11-01T18:43:58.013606-0700] nuttcp-t: send window size = 1048576, receive window size = 1048576
[2024-11-01T18:43:58.013643-0700] nuttcp-t: available send window = 786432, available receive window = 786432
[2024-11-01T18:43:58.013672-0700] nuttcp-t: initial congestion window = 14 KB (10 packets)
[2024-11-01T18:43:58.013702-0700] nuttcp-r: v6.1.2: socket
[2024-11-01T18:43:58.013733-0700] nuttcp-r: buflen=65536, nstream=1, port=5103 tcp
[2024-11-01T18:43:58.013762-0700] nuttcp-r: interval reporting every 0.50 seconds
[2024-11-01T18:43:58.013791-0700] nuttcp-r: accept from 98.97.56.94
[2024-11-01T18:43:58.013820-0700] nuttcp-r: send window size = 450000000, receive window size = 450000000
[2024-11-01T18:43:58.013862-0700] nuttcp-r: available send window = 225000000, available receive window = 225000000
[2024-11-01T18:43:58.013897-0700]     0.3125 MB /   0.50 sec =    5.2427 Mbps     9 retrans    238 KB-cwnd
[2024-11-01T18:43:58.559228-0700]     1.0000 MB /   0.50 sec =   16.7767 Mbps    18 retrans    104 KB-cwnd
[2024-11-01T18:43:59.402075-0700]     1.0000 MB /   0.50 sec =   16.7774 Mbps     2 retrans     63 KB-cwnd
[2024-11-01T18:44:00.051768-0700]     0.6250 MB /   0.50 sec =   10.4860 Mbps     0 retrans     69 KB-cwnd
[2024-11-01T18:44:00.052172-0700]     0.5000 MB /   0.50 sec =    8.3884 Mbps     0 retrans     69 KB-cwnd
[2024-11-01T18:44:00.771443-0700]     0.4375 MB /   0.50 sec =    7.3400 Mbps    12 retrans     59 KB-cwnd
[2024-11-01T18:44:01.736092-0700]     0.4375 MB /   0.50 sec =    7.3402 Mbps     3 retrans     42 KB-cwnd
[2024-11-01T18:44:01.736277-0700]     0.2500 MB /   0.50 sec =    4.1942 Mbps     0 retrans     42 KB-cwnd
[2024-11-01T18:44:02.525539-0700]     0.3750 MB /   0.50 sec =    6.2915 Mbps     1 retrans     90 KB-cwnd
[2024-11-01T18:44:02.526002-0700]     0.4375 MB /   0.50 sec =    7.3402 Mbps     0 retrans     90 KB-cwnd
[2024-11-01T18:44:03.490792-0700]     0.7500 MB /   0.50 sec =   12.5827 Mbps    13 retrans     69 KB-cwnd
[2024-11-01T18:44:03.491197-0700]     0.5000 MB /   0.50 sec =    8.3886 Mbps     0 retrans     69 KB-cwnd
[2024-11-01T18:44:04.099765-0700]     0.5625 MB /   0.50 sec =    9.4373 Mbps     4 retrans     56 KB-cwnd
[2024-11-01T18:44:04.735089-0700]     0.5000 MB /   0.50 sec =    8.3887 Mbps     0 retrans     63 KB-cwnd
[2024-11-01T18:44:05.335276-0700]     0.4375 MB /   0.50 sec =    7.3395 Mbps     0 retrans     91 KB-cwnd
[2024-11-01T18:44:05.682904-0700]     0.6875 MB /   0.50 sec =   11.5346 Mbps     1 retrans     98 KB-cwnd
[2024-11-01T18:44:06.089193-0700]     0.8125 MB /   0.50 sec =   13.6316 Mbps     0 retrans    101 KB-cwnd
[2024-11-01T18:44:06.541054-0700]     0.6875 MB /   0.50 sec =   11.5340 Mbps     0 retrans    106 KB-cwnd
[2024-11-01T18:44:07.335042-0700]     0.8125 MB /   0.50 sec =   13.6323 Mbps     3 retrans     77 KB-cwnd
[2024-11-01T18:44:07.892507-0700]     0.6875 MB /   0.50 sec =   11.5340 Mbps     1 retrans     65 KB-cwnd
[2024-11-01T18:44:08.743642-0700]     0.5000 MB /   0.50 sec =    8.3885 Mbps     2 retrans     55 KB-cwnd
[2024-11-01T18:44:08.744080-0700]     0.3750 MB /   0.50 sec =    6.2917 Mbps     0 retrans     55 KB-cwnd
[2024-11-01T18:44:09.676624-0700]     0.3750 MB /   0.50 sec =    6.2913 Mbps     0 retrans     60 KB-cwnd
[2024-11-01T18:44:09.677144-0700]     0.3125 MB /   0.50 sec =    5.2429 Mbps     0 retrans     60 KB-cwnd
[2024-11-01T18:44:10.468867-0700]     0.3750 MB /   0.50 sec =    6.2906 Mbps     9 retrans     55 KB-cwnd
[2024-11-01T18:44:10.469393-0700]     0.3750 MB /   0.50 sec =    6.2922 Mbps     0 retrans     55 KB-cwnd
[2024-11-01T18:44:11.269526-0700]     0.3750 MB /   0.50 sec =    6.2915 Mbps     0 retrans     62 KB-cwnd
[2024-11-01T18:44:11.866669-0700]     0.4375 MB /   0.50 sec =    7.3403 Mbps     2 retrans     56 KB-cwnd
[2024-11-01T18:44:12.804382-0700]     0.5625 MB /   0.50 sec =    9.4368 Mbps     2 retrans     38 KB-cwnd
[2024-11-01T18:44:12.804704-0700]     0.3125 MB /   0.50 sec =    5.2429 Mbps     0 retrans     38 KB-cwnd
[2024-11-01T18:44:14.052894-0700]     0.3125 MB /   0.50 sec =    5.2428 Mbps    11 retrans     31 KB-cwnd
[2024-11-01T18:44:14.053339-0700]     0.1875 MB /   0.50 sec =    3.1458 Mbps     0 retrans     31 KB-cwnd
[2024-11-01T18:44:14.053458-0700]     0.2500 MB /   0.50 sec =    4.1944 Mbps     0 retrans     31 KB-cwnd
[2024-11-01T18:44:15.639098-0700]     0.2500 MB /   0.50 sec =    4.1943 Mbps     8 retrans     24 KB-cwnd
[2024-11-01T18:44:15.639786-0700]     0.2500 MB /   0.50 sec =    4.1944 Mbps     0 retrans     24 KB-cwnd
[2024-11-01T18:44:15.639938-0700]     0.1250 MB /   0.50 sec =    2.0971 Mbps     0 retrans     24 KB-cwnd
[2024-11-01T18:44:17.464642-0700]     0.1875 MB /   0.50 sec =    3.1459 Mbps     8 retrans     26 KB-cwnd
[2024-11-01T18:44:17.464993-0700]     0.1250 MB /   0.50 sec =    2.0971 Mbps     0 retrans     26 KB-cwnd
[2024-11-01T18:44:17.465096-0700]     0.1875 MB /   0.50 sec =    3.1458 Mbps     0 retrans     26 KB-cwnd
[2024-11-01T18:44:17.465186-0700]     0.1875 MB /   0.50 sec =    3.1458 Mbps     0 retrans     26 KB-cwnd
[2024-11-01T18:44:19.128680-0700]     0.1875 MB /   0.50 sec =    3.1457 Mbps     2 retrans     24 KB-cwnd
[2024-11-01T18:44:19.129306-0700]     0.1875 MB /   0.50 sec =    3.1457 Mbps     0 retrans     24 KB-cwnd
[2024-11-01T18:44:19.129452-0700]     0.2500 MB /   0.50 sec =    4.1943 Mbps     0 retrans     24 KB-cwnd
[2024-11-01T18:44:21.262674-0700]     0.1250 MB /   0.50 sec =    2.0971 Mbps    14 retrans     14 KB-cwnd
[2024-11-01T18:44:21.263006-0700]     0.2500 MB /   0.50 sec =    4.1946 Mbps     0 retrans     14 KB-cwnd
[2024-11-01T18:44:21.263100-0700]     0.1250 MB /   0.50 sec =    2.0971 Mbps     0 retrans     14 KB-cwnd
[2024-11-01T18:44:21.263176-0700]     0.1250 MB /   0.50 sec =    2.0971 Mbps     0 retrans     14 KB-cwnd
[2024-11-01T18:44:22.336652-0700]     0.0625 MB /   0.50 sec =    1.0486 Mbps     4 retrans     56 KB-cwnd
[2024-11-01T18:44:22.336956-0700]     0.2500 MB /   0.50 sec =    4.1940 Mbps     0 retrans     56 KB-cwnd
[2024-11-01T18:44:23.225715-0700]     0.5000 MB /   0.50 sec =    8.3888 Mbps     3 retrans     38 KB-cwnd
[2024-11-01T18:44:23.226052-0700]     0.3125 MB /   0.50 sec =    5.2429 Mbps     0 retrans     38 KB-cwnd
[2024-11-01T18:44:24.133487-0700]     0.3125 MB /   0.50 sec =    5.2430 Mbps     0 retrans     65 KB-cwnd
[2024-11-01T18:44:24.134054-0700]     0.3750 MB /   0.50 sec =    6.2915 Mbps     0 retrans     65 KB-cwnd
[2024-11-01T18:44:25.077760-0700]     0.3750 MB /   0.50 sec =    6.2904 Mbps     4 retrans     36 KB-cwnd
[2024-11-01T18:44:25.078009-0700]     0.3125 MB /   0.50 sec =    5.2437 Mbps     0 retrans     36 KB-cwnd
[2024-11-01T18:44:26.264755-0700]     0.2500 MB /   0.50 sec =    4.1940 Mbps     7 retrans     28 KB-cwnd
[2024-11-01T18:44:26.265091-0700]     0.2500 MB /   0.50 sec =    4.1944 Mbps     0 retrans     28 KB-cwnd
[2024-11-01T18:44:27.997579-0700]     0.2500 MB /   0.50 sec =    4.1943 Mbps    14 retrans     16 KB-cwnd
[2024-11-01T18:44:27.997862-0700]     0.2500 MB /   0.50 sec =    4.1943 Mbps     0 retrans     16 KB-cwnd
[2024-11-01T18:44:27.997951-0700]     0.1250 MB /   0.50 sec =    2.0972 Mbps     0 retrans     16 KB-cwnd
[2024-11-01T18:44:27.998027-0700]     0.1250 MB /   0.50 sec =    2.0971 Mbps     0 retrans     16 KB-cwnd
[2024-11-01T18:44:29.839130-0700]     0.1875 MB /   0.50 sec =    3.1456 Mbps     7 retrans     31 KB-cwnd
[2024-11-01T18:44:29.839279-0700]     0.1250 MB /   0.50 sec =    2.0972 Mbps     0 retrans     31 KB-cwnd
[2024-11-01T18:44:29.839318-0700]     0.1875 MB /   0.50 sec =    3.1458 Mbps     0 retrans     31 KB-cwnd
[2024-11-01T18:44:30.285561-0700]     0.2500 MB /   0.50 sec =    4.1944 Mbps    17 retrans     94 KB-cwnd
[2024-11-01T18:44:30.629129-0700]     0.8750 MB /   0.50 sec =   14.6797 Mbps     1 retrans     77 KB-cwnd
[2024-11-01T18:44:31.396417-0700]     0.5625 MB /   0.50 sec =    9.4373 Mbps    24 retrans     39 KB-cwnd
[2024-11-01T18:44:32.630846-0700]     0.3750 MB /   0.50 sec =    6.2915 Mbps    10 retrans     24 KB-cwnd
[2024-11-01T18:44:32.631336-0700]     0.3125 MB /   0.50 sec =    5.2429 Mbps     0 retrans     24 KB-cwnd
[2024-11-01T18:44:32.631612-0700]     0.1875 MB /   0.50 sec =    3.1457 Mbps     0 retrans     24 KB-cwnd
[2024-11-01T18:44:34.164229-0700]     0.1875 MB /   0.50 sec =    3.1456 Mbps     4 retrans    100 KB-cwnd
[2024-11-01T18:44:34.164663-0700]     0.1875 MB /   0.50 sec =    3.1458 Mbps     0 retrans    100 KB-cwnd
[2024-11-01T18:44:34.164778-0700]     0.1875 MB /   0.50 sec =    3.1458 Mbps     0 retrans    100 KB-cwnd
[2024-11-01T18:44:34.505173-0700]     0.6250 MB /   0.50 sec =   10.4850 Mbps     7 retrans     83 KB-cwnd
[2024-11-01T18:44:35.111962-0700]     0.6250 MB /   0.50 sec =   10.4849 Mbps    24 retrans     53 KB-cwnd
[2024-11-01T18:44:35.691371-0700]     0.5000 MB /   0.50 sec =    8.3896 Mbps     0 retrans     60 KB-cwnd
[2024-11-01T18:44:36.224166-0700]     0.5625 MB /   0.50 sec =    9.4376 Mbps     0 retrans     89 KB-cwnd
[2024-11-01T18:44:36.597761-0700]     0.7500 MB /   0.50 sec =   12.5827 Mbps     1 retrans     97 KB-cwnd
[2024-11-01T18:44:37.286498-0700]     0.8750 MB /   0.50 sec =   14.6791 Mbps     0 retrans    104 KB-cwnd
[2024-11-01T18:44:37.710960-0700]     0.8750 MB /   0.50 sec =   14.6795 Mbps     3 retrans     67 KB-cwnd
[2024-11-01T18:44:38.504621-0700]     0.5000 MB /   0.50 sec =    8.3892 Mbps    12 retrans     26 KB-cwnd
[2024-11-01T18:44:38.504820-0700]     0.3750 MB /   0.50 sec =    6.2915 Mbps     0 retrans     26 KB-cwnd
[2024-11-01T18:44:39.759675-0700]     0.2500 MB /   0.50 sec =    4.1943 Mbps     1 retrans     98 KB-cwnd
[2024-11-01T18:44:39.760065-0700]     0.2500 MB /   0.50 sec =    4.1944 Mbps     0 retrans     98 KB-cwnd
[2024-11-01T18:44:40.142750-0700]     0.4375 MB /   0.50 sec =    7.3399 Mbps     2 retrans     84 KB-cwnd
[2024-11-01T18:44:40.672302-0700]     0.7500 MB /   0.50 sec =   12.5831 Mbps     4 retrans     42 KB-cwnd
[2024-11-01T18:44:41.623575-0700]     0.3750 MB /   0.50 sec =    6.2915 Mbps     2 retrans     39 KB-cwnd
[2024-11-01T18:44:41.624135-0700]     0.3750 MB /   0.50 sec =    6.2915 Mbps     0 retrans     39 KB-cwnd
[2024-11-01T18:44:43.363790-0700]     0.3125 MB /   0.50 sec =    5.2396 Mbps     1 retrans     39 KB-cwnd
[2024-11-01T18:44:43.364222-0700]     0.0625 MB /   0.50 sec =    1.0491 Mbps     0 retrans     39 KB-cwnd
[2024-11-01T18:44:43.364340-0700]     0.1875 MB /   0.50 sec =    3.1459 Mbps     0 retrans     39 KB-cwnd
[2024-11-01T18:44:44.830554-0700]     0.1875 MB /   0.50 sec =    3.1458 Mbps     0 retrans     80 KB-cwnd
[2024-11-01T18:44:44.831076-0700]     0.1875 MB /   0.50 sec =    3.1456 Mbps     0 retrans     80 KB-cwnd
[2024-11-01T18:44:44.831229-0700]     0.2500 MB /   0.50 sec =    4.1943 Mbps     0 retrans     80 KB-cwnd
[2024-11-01T18:44:45.431975-0700]     0.3125 MB /   0.50 sec =    5.2428 Mbps     2 retrans    115 KB-cwnd
[2024-11-01T18:44:46.047702-0700]     0.6250 MB /   0.50 sec =   10.4862 Mbps     1 retrans     97 KB-cwnd
[2024-11-01T18:44:46.048120-0700]     0.4375 MB /   0.50 sec =    7.3398 Mbps     0 retrans     97 KB-cwnd
[2024-11-01T18:44:46.702290-0700]     0.5000 MB /   0.50 sec =    8.3886 Mbps     1 retrans     79 KB-cwnd
[2024-11-01T18:44:47.568250-0700]     0.4375 MB /   0.50 sec =    7.3368 Mbps     1 retrans     65 KB-cwnd
[2024-11-01T18:44:47.568765-0700]     0.3750 MB /   0.50 sec =    6.2934 Mbps     0 retrans     65 KB-cwnd
[2024-11-01T18:44:48.517659-0700]     0.3125 MB /   0.50 sec =    5.2437 Mbps     0 retrans     70 KB-cwnd
[2024-11-01T18:44:48.518229-0700]     0.3125 MB /   0.50 sec =    5.2427 Mbps     0 retrans     70 KB-cwnd
[2024-11-01T18:44:49.517256-0700]     0.3125 MB /   0.50 sec =    5.2430 Mbps     0 retrans     76 KB-cwnd
[2024-11-01T18:44:49.517699-0700]     0.3125 MB /   0.50 sec =    5.2428 Mbps     0 retrans     76 KB-cwnd
[2024-11-01T18:44:50.557764-0700]     0.4375 MB /   0.50 sec =    7.3398 Mbps     6 retrans     56 KB-cwnd
[2024-11-01T18:44:50.558156-0700]     0.1875 MB /   0.50 sec =    3.1458 Mbps     0 retrans     56 KB-cwnd
[2024-11-01T18:44:51.898512-0700]     0.2500 MB /   0.50 sec =    4.1945 Mbps     3 retrans     48 KB-cwnd
[2024-11-01T18:44:51.898703-0700]     0.1875 MB /   0.50 sec =    3.1457 Mbps     0 retrans     48 KB-cwnd
[2024-11-01T18:44:53.135634-0700]     0.2500 MB /   0.50 sec =    4.1940 Mbps     0 retrans     63 KB-cwnd
[2024-11-01T18:44:53.136076-0700]     0.2500 MB /   0.50 sec =    4.1942 Mbps     0 retrans     63 KB-cwnd
[2024-11-01T18:44:53.136157-0700]     0.2500 MB /   0.50 sec =    4.1945 Mbps     0 retrans     63 KB-cwnd
[2024-11-01T18:44:53.857249-0700]     0.3750 MB /   0.50 sec =    6.2915 Mbps     4 retrans    114 KB-cwnd
[2024-11-01T18:44:54.452475-0700]     0.5625 MB /   0.50 sec =    9.4371 Mbps     2 retrans     76 KB-cwnd
[2024-11-01T18:44:55.230273-0700]     0.5000 MB /   0.50 sec =    8.3889 Mbps     0 retrans     80 KB-cwnd
[2024-11-01T18:44:55.230760-0700]     0.3750 MB /   0.50 sec =    6.2916 Mbps     0 retrans     80 KB-cwnd
[2024-11-01T18:44:56.023650-0700]     0.3750 MB /   0.50 sec =    6.2914 Mbps     0 retrans     84 KB-cwnd
[2024-11-01T18:44:56.024726-0700]     0.3750 MB /   0.50 sec =    6.2915 Mbps     0 retrans     84 KB-cwnd
[2024-11-01T18:44:56.938381-0700]     0.3750 MB /   0.50 sec =    6.2913 Mbps     1 retrans     70 KB-cwnd
[2024-11-01T18:44:58.556503-0700]     0.3125 MB /   0.50 sec =    5.2429 Mbps    29 retrans     15 KB-cwnd
[2024-11-01T18:44:58.556860-0700]     0.0625 MB /   0.50 sec =    1.0486 Mbps     0 retrans     15 KB-cwnd
[2024-11-01T18:44:58.556975-0700]     0.3125 MB /   0.50 sec =    5.2430 Mbps     0 retrans     15 KB-cwnd
[2024-11-01T18:44:58.557067-0700]     0.1875 MB /   0.50 sec =    3.1456 Mbps     0 retrans     15 KB-cwnd
[2024-11-01T18:45:00.773037-0700]     0.1250 MB /   0.50 sec =    2.0972 Mbps    14 retrans     19 KB-cwnd
[2024-11-01T18:45:00.773573-0700]     0.1250 MB /   0.50 sec =    2.0971 Mbps     0 retrans     19 KB-cwnd
[2024-11-01T18:45:00.773689-0700]     0.1875 MB /   0.50 sec =    3.1455 Mbps     0 retrans     19 KB-cwnd
[2024-11-01T18:45:00.773778-0700]     0.1250 MB /   0.50 sec =    2.0973 Mbps     0 retrans     19 KB-cwnd
[2024-11-01T18:45:02.746739-0700]     0.1250 MB /   0.50 sec =    2.0971 Mbps    22 retrans     31 KB-cwnd
[2024-11-01T18:45:02.747481-0700]     0.1250 MB /   0.50 sec =    2.0971 Mbps     0 retrans     31 KB-cwnd
[2024-11-01T18:45:02.747636-0700]     0.1250 MB /   0.50 sec =    2.0971 Mbps     0 retrans     31 KB-cwnd
[2024-11-01T18:45:02.747717-0700]     0.1875 MB /   0.50 sec =    3.1459 Mbps     0 retrans     31 KB-cwnd
[2024-11-01T18:45:04.727336-0700]     0.2500 MB /   0.50 sec =    4.1943 Mbps    18 retrans      7 KB-cwnd
[2024-11-01T18:45:04.727862-0700]     0.1875 MB /   0.50 sec =    3.1457 Mbps     0 retrans      7 KB-cwnd
[2024-11-01T18:45:04.728014-0700]     0.1250 MB /   0.50 sec =    2.0972 Mbps     0 retrans      7 KB-cwnd
[2024-11-01T18:45:04.728143-0700]     0.1250 MB /   0.50 sec =    2.0972 Mbps     0 retrans      7 KB-cwnd
[2024-11-01T18:45:06.081705-0700]     0.1250 MB /   0.50 sec =    2.0972 Mbps    22 retrans     26 KB-cwnd
[2024-11-01T18:45:06.082056-0700]     0.1875 MB /   0.50 sec =    3.1457 Mbps     0 retrans     26 KB-cwnd
[2024-11-01T18:45:06.082191-0700]     0.3125 MB /   0.50 sec =    5.2428 Mbps     0 retrans     26 KB-cwnd
[2024-11-01T18:45:07.734362-0700]     0.2500 MB /   0.50 sec =    4.1943 Mbps     6 retrans     53 KB-cwnd
[2024-11-01T18:45:07.734847-0700]     0.1875 MB /   0.50 sec =    3.1458 Mbps     0 retrans     53 KB-cwnd
[2024-11-01T18:45:07.734962-0700]     0.1250 MB /   0.50 sec =    2.0971 Mbps     0 retrans     53 KB-cwnd
[2024-11-01T18:45:11.102577-0700]     0.1875 MB /   0.50 sec =    3.1457 Mbps    52 retrans     21 KB-cwnd
[2024-11-01T18:45:11.102873-0700]     0.2500 MB /   0.50 sec =    4.1943 Mbps     0 retrans     21 KB-cwnd
[2024-11-01T18:45:11.102969-0700]     0.0625 MB /   0.50 sec =    1.0486 Mbps     0 retrans     21 KB-cwnd
[2024-11-01T18:45:11.103082-0700]     0.0000 MB /   0.50 sec =    0.0000 Mbps     0 retrans     21 KB-cwnd
[2024-11-01T18:45:11.103163-0700]     0.0625 MB /   0.50 sec =    1.0486 Mbps     0 retrans     21 KB-cwnd
[2024-11-01T18:45:11.103239-0700]     0.0625 MB /   0.50 sec =    1.0486 Mbps     0 retrans     21 KB-cwnd
[2024-11-01T18:45:11.103314-0700]     0.1250 MB /   0.50 sec =    2.0971 Mbps     0 retrans     21 KB-cwnd
[2024-11-01T18:45:14.595321-0700]     0.1250 MB /   0.50 sec =    2.0972 Mbps    27 retrans     15 KB-cwnd
[2024-11-01T18:45:14.595802-0700]     0.1250 MB /   0.50 sec =    2.0972 Mbps     0 retrans     15 KB-cwnd
[2024-11-01T18:45:14.595920-0700]     0.0000 MB /   0.50 sec =    0.0000 Mbps     0 retrans     15 KB-cwnd
[2024-11-01T18:45:14.596014-0700]     0.0625 MB /   0.50 sec =    1.0486 Mbps     0 retrans     15 KB-cwnd
[2024-11-01T18:45:14.596100-0700]     0.1250 MB /   0.50 sec =    2.0971 Mbps     0 retrans     15 KB-cwnd
[2024-11-01T18:45:14.596184-0700]     0.0625 MB /   0.50 sec =    1.0486 Mbps     0 retrans     15 KB-cwnd
[2024-11-01T18:45:14.596266-0700]     0.0625 MB /   0.50 sec =    1.0485 Mbps     0 retrans     15 KB-cwnd
[2024-11-01T18:45:15.906128-0700]     0.1250 MB /   0.50 sec =    2.0971 Mbps     8 retrans     56 KB-cwnd
[2024-11-01T18:45:15.906474-0700]     0.1250 MB /   0.50 sec =    2.0972 Mbps     0 retrans     56 KB-cwnd
[2024-11-01T18:45:17.289776-0700]     0.4375 MB /   0.50 sec =    7.3399 Mbps    28 retrans     18 KB-cwnd
[2024-11-01T18:45:17.289976-0700]     0.3125 MB /   0.50 sec =    5.2430 Mbps     0 retrans     18 KB-cwnd
[2024-11-01T18:45:17.290009-0700]     0.1875 MB /   0.50 sec =    3.1457 Mbps     0 retrans     18 KB-cwnd
[2024-11-01T18:45:18.326626-0700]     0.1875 MB /   0.50 sec =    3.1457 Mbps     6 retrans     70 KB-cwnd
[2024-11-01T18:45:18.327077-0700]     0.2500 MB /   0.50 sec =    4.1942 Mbps     0 retrans     70 KB-cwnd
[2024-11-01T18:45:19.059845-0700]     0.5625 MB /   0.50 sec =    9.4372 Mbps    17 retrans     26 KB-cwnd
[2024-11-01T18:45:19.060276-0700]     0.3125 MB /   0.50 sec =    5.2429 Mbps     0 retrans     26 KB-cwnd
[2024-11-01T18:45:20.937840-0700]     0.1875 MB /   0.50 sec =    3.1457 Mbps     6 retrans     66 KB-cwnd
[2024-11-01T18:45:20.938154-0700]     0.1875 MB /   0.50 sec =    3.1458 Mbps     0 retrans     66 KB-cwnd
[2024-11-01T18:45:20.938219-0700]     0.1250 MB /   0.50 sec =    2.0971 Mbps     0 retrans     66 KB-cwnd
[2024-11-01T18:45:21.586413-0700]     0.1875 MB /   0.50 sec =    3.1456 Mbps    13 retrans     38 KB-cwnd
[2024-11-01T18:45:21.587000-0700]     0.5000 MB /   0.50 sec =    8.3889 Mbps     0 retrans     38 KB-cwnd
[2024-11-01T18:45:22.521761-0700]     0.3750 MB /   0.50 sec =    6.2914 Mbps    13 retrans     18 KB-cwnd
[2024-11-01T18:45:22.521969-0700]     0.3750 MB /   0.50 sec =    6.2913 Mbps     0 retrans     18 KB-cwnd
[2024-11-01T18:45:23.701281-0700]     0.1250 MB /   0.50 sec =    2.0971 Mbps     5 retrans     36 KB-cwnd
[2024-11-01T18:45:23.701660-0700]     0.3125 MB /   0.50 sec =    5.2431 Mbps     0 retrans     36 KB-cwnd
[2024-11-01T18:45:25.122987-0700]     0.3125 MB /   0.50 sec =    5.2427 Mbps    30 retrans     42 KB-cwnd
[2024-11-01T18:45:25.123466-0700]     0.2500 MB /   0.50 sec =    4.1945 Mbps     0 retrans     42 KB-cwnd
[2024-11-01T18:45:25.123589-0700]     0.1875 MB /   0.50 sec =    3.1456 Mbps     0 retrans     42 KB-cwnd
[2024-11-01T18:45:25.906561-0700]     0.3125 MB /   0.50 sec =    5.2431 Mbps    11 retrans     43 KB-cwnd
[2024-11-01T18:45:26.865060-0700]     0.3750 MB /   0.50 sec =    6.2913 Mbps    18 retrans     26 KB-cwnd
[2024-11-01T18:45:26.865350-0700]     0.3125 MB /   0.50 sec =    5.2428 Mbps     0 retrans     26 KB-cwnd
[2024-11-01T18:45:28.237599-0700]     0.3125 MB /   0.50 sec =    5.2429 Mbps     7 retrans     70 KB-cwnd
[2024-11-01T18:45:28.237966-0700]     0.1250 MB /   0.50 sec =    2.0972 Mbps     0 retrans     70 KB-cwnd
[2024-11-01T18:45:28.238085-0700]     0.2500 MB /   0.50 sec =    4.1942 Mbps     0 retrans     70 KB-cwnd
[2024-11-01T18:45:28.801274-0700]     0.5000 MB /   0.50 sec =    8.3884 Mbps    13 retrans     52 KB-cwnd
[2024-11-01T18:45:29.761698-0700]     0.5000 MB /   0.50 sec =    8.3887 Mbps    24 retrans     26 KB-cwnd
[2024-11-01T18:45:29.762183-0700]     0.2500 MB /   0.50 sec =    4.1944 Mbps     0 retrans     26 KB-cwnd
[2024-11-01T18:45:30.941477-0700]     0.3125 MB /   0.50 sec =    5.2429 Mbps     6 retrans     21 KB-cwnd
[2024-11-01T18:45:30.941734-0700]     0.3125 MB /   0.50 sec =    5.2428 Mbps     0 retrans     21 KB-cwnd
[2024-11-01T18:45:35.326567-0700]     0.1875 MB /   0.50 sec =    3.1456 Mbps    23 retrans      5 KB-cwnd
[2024-11-01T18:45:35.326980-0700]     0.1875 MB /   0.50 sec =    3.1457 Mbps     0 retrans      5 KB-cwnd
[2024-11-01T18:45:35.327082-0700]     0.0625 MB /   0.50 sec =    1.0486 Mbps     0 retrans      5 KB-cwnd
[2024-11-01T18:45:35.327167-0700]     0.0625 MB /   0.50 sec =    1.0486 Mbps     0 retrans      5 KB-cwnd
[2024-11-01T18:45:35.327250-0700]     0.0625 MB /   0.50 sec =    1.0486 Mbps     0 retrans      5 KB-cwnd
[2024-11-01T18:45:35.327331-0700]     0.0000 MB /   0.50 sec =    0.0000 Mbps     0 retrans      5 KB-cwnd
[2024-11-01T18:45:35.327495-0700]     0.0625 MB /   0.50 sec =    1.0486 Mbps     0 retrans      5 KB-cwnd
[2024-11-01T18:45:35.327579-0700]     0.0625 MB /   0.50 sec =    1.0486 Mbps     0 retrans      5 KB-cwnd
[2024-11-01T18:45:35.327662-0700]     0.0625 MB /   0.50 sec =    1.0486 Mbps     0 retrans      5 KB-cwnd
[2024-11-01T18:45:39.253980-0700]     0.0625 MB /   0.50 sec =    1.0486 Mbps    17 retrans      8 KB-cwnd
[2024-11-01T18:45:39.254368-0700]     0.1250 MB /   0.50 sec =    2.0971 Mbps     0 retrans      8 KB-cwnd
[2024-11-01T18:45:39.254702-0700]     0.1250 MB /   0.50 sec =    2.0971 Mbps     0 retrans      8 KB-cwnd
[2024-11-01T18:45:39.254819-0700]     0.0625 MB /   0.50 sec =    1.0486 Mbps     0 retrans      8 KB-cwnd
[2024-11-01T18:45:39.254915-0700]     0.0625 MB /   0.50 sec =    1.0486 Mbps     0 retrans      8 KB-cwnd
[2024-11-01T18:45:39.255044-0700]     0.1250 MB /   0.50 sec =    2.0972 Mbps     0 retrans      8 KB-cwnd
[2024-11-01T18:45:39.255174-0700]     0.0625 MB /   0.50 sec =    1.0486 Mbps     0 retrans      8 KB-cwnd
[2024-11-01T18:45:39.255272-0700]     0.0625 MB /   0.50 sec =    1.0486 Mbps     0 retrans      8 KB-cwnd
[2024-11-01T18:45:43.701220-0700]     0.0000 MB /   0.50 sec =    0.0000 Mbps    14 retrans      8 KB-cwnd
[2024-11-01T18:45:43.701461-0700]     0.0625 MB /   0.50 sec =    1.0485 Mbps     0 retrans      8 KB-cwnd
[2024-11-01T18:45:43.701524-0700]     0.0625 MB /   0.50 sec =    1.0486 Mbps     0 retrans      8 KB-cwnd
[2024-11-01T18:45:43.701576-0700]     0.1250 MB /   0.50 sec =    2.0972 Mbps     0 retrans      8 KB-cwnd
[2024-11-01T18:45:43.701626-0700]     0.0625 MB /   0.50 sec =    1.0486 Mbps     0 retrans      8 KB-cwnd
[2024-11-01T18:45:43.701675-0700]     0.0625 MB /   0.50 sec =    1.0486 Mbps     0 retrans      8 KB-cwnd
[2024-11-01T18:45:43.701732-0700]     0.0625 MB /   0.50 sec =    1.0485 Mbps     0 retrans      8 KB-cwnd
[2024-11-01T18:45:43.701781-0700]     0.0625 MB /   0.50 sec =    1.0486 Mbps     0 retrans      8 KB-cwnd
[2024-11-01T18:45:43.701827-0700]     0.0625 MB /   0.50 sec =    1.0485 Mbps     0 retrans      8 KB-cwnd
[2024-11-01T18:45:53.367448-0700]     0.0625 MB /   0.50 sec =    1.0486 Mbps    45 retrans      5 KB-cwnd
[2024-11-01T18:45:53.367835-0700]     0.0625 MB /   0.50 sec =    1.0486 Mbps     0 retrans      5 KB-cwnd
[2024-11-01T18:45:53.367941-0700]     0.0625 MB /   0.50 sec =    1.0486 Mbps     0 retrans      5 KB-cwnd
[2024-11-01T18:45:53.368027-0700]     0.0000 MB /   0.50 sec =    0.0000 Mbps     0 retrans      5 KB-cwnd
[2024-11-01T18:45:53.368107-0700]     0.0000 MB /   0.50 sec =    0.0000 Mbps     0 retrans      5 KB-cwnd
[2024-11-01T18:45:53.368188-0700]     0.0000 MB /   0.50 sec =    0.0000 Mbps     0 retrans      5 KB-cwnd
[2024-11-01T18:45:53.368269-0700]     0.0625 MB /   0.50 sec =    1.0486 Mbps     0 retrans      5 KB-cwnd
[2024-11-01T18:45:53.368375-0700]     0.0000 MB /   0.50 sec =    0.0000 Mbps     0 retrans      5 KB-cwnd
[2024-11-01T18:45:53.368460-0700]     0.0000 MB /   0.50 sec =    0.0000 Mbps     0 retrans      5 KB-cwnd
[2024-11-01T18:45:53.368537-0700]     0.0000 MB /   0.50 sec =    0.0000 Mbps     0 retrans      5 KB-cwnd
[2024-11-01T18:45:53.368613-0700]     0.0625 MB /   0.50 sec =    1.0485 Mbps     0 retrans      5 KB-cwnd
[2024-11-01T18:45:53.368687-0700]     0.0000 MB /   0.50 sec =    0.0000 Mbps     0 retrans      5 KB-cwnd
[2024-11-01T18:45:53.368766-0700]     0.0000 MB /   0.50 sec =    0.0000 Mbps     0 retrans      5 KB-cwnd
[2024-11-01T18:45:53.368844-0700]     0.0625 MB /   0.50 sec =    1.0486 Mbps     0 retrans      5 KB-cwnd
[2024-11-01T18:45:53.368920-0700]     0.0625 MB /   0.50 sec =    1.0485 Mbps     0 retrans      5 KB-cwnd
[2024-11-01T18:45:53.368996-0700]     0.0625 MB /   0.50 sec =    1.0486 Mbps     0 retrans      5 KB-cwnd
[2024-11-01T18:45:53.369074-0700]     0.0625 MB /   0.50 sec =    1.0486 Mbps     0 retrans      5 KB-cwnd
[2024-11-01T18:45:53.369151-0700]     0.0000 MB /   0.50 sec =    0.0000 Mbps     0 retrans      5 KB-cwnd
[2024-11-01T18:45:53.369228-0700]     0.0625 MB /   0.50 sec =    1.0486 Mbps     0 retrans      5 KB-cwnd
[2024-11-01T18:45:57.418354-0700]     0.0625 MB /   0.50 sec =    1.0486 Mbps    19 retrans      4 KB-cwnd
[2024-11-01T18:45:57.418619-0700]     0.0000 MB /   0.50 sec =    0.0000 Mbps     0 retrans      4 KB-cwnd
[2024-11-01T18:45:57.418675-0700]     0.0000 MB /   0.50 sec =    0.0000 Mbps     0 retrans      4 KB-cwnd
[2024-11-01T18:45:57.418725-0700]     0.0000 MB /   0.50 sec =    0.0000 Mbps     0 retrans      4 KB-cwnd
[2024-11-01T18:45:57.418762-0700]     0.0625 MB /   0.50 sec =    1.0486 Mbps     0 retrans      4 KB-cwnd
[2024-11-01T18:45:57.418795-0700]     0.0000 MB /   0.50 sec =    0.0000 Mbps     0 retrans      4 KB-cwnd
[2024-11-01T18:45:57.418827-0700]     0.0000 MB /   0.50 sec =    0.0000 Mbps     0 retrans      4 KB-cwnd
[2024-11-01T18:45:57.418864-0700]     0.0625 MB /   0.50 sec =    1.0486 Mbps     0 retrans      4 KB-cwnd
[2024-11-01T18:45:57.477812-0700]     0.0000 MB /   0.50 sec =    0.0000 Mbps     0 retrans      2 KB-cwnd
End time: 1730511957851
