Start time: 1730913798964
[2024-11-06T11:23:19.975540-0600] nuttcp-t: v8.1.4: socket
[2024-11-06T11:23:19.976091-0600] nuttcp-t: buflen=65536, nstream=1, port=5102 tcp -> 54.197.223.49
[2024-11-06T11:23:19.976170-0600] nuttcp-t: time limit = 120.00 seconds
[2024-11-06T11:23:19.976238-0600] nuttcp-t: connect to 54.197.223.49 with mss=1378, RTT=54.585 ms af=inet
[2024-11-06T11:23:19.976295-0600] nuttcp-t: send window size = 2097152, receive window size = 6291456
[2024-11-06T11:23:19.976377-0600] nuttcp-t: available send window = 1572864, available receive window = 4718592
[2024-11-06T11:23:19.976445-0600] nuttcp-t: initial congestion window = 13 KB (10 packets)
[2024-11-06T11:23:19.976469-0600] nuttcp-r: v8.1.4: socket
[2024-11-06T11:23:19.976492-0600] nuttcp-r: buflen=65536, nstream=1, port=5102 tcp
[2024-11-06T11:23:19.976516-0600] nuttcp-r: interval reporting every 0.50 seconds
[2024-11-06T11:23:19.976540-0600] nuttcp-r: accept from 166.194.135.161 with af=inet
[2024-11-06T11:23:19.976564-0600] nuttcp-r: send window size = 450000000, receive window size = 450000000
[2024-11-06T11:23:19.976593-0600] nuttcp-r: available send window = 225000000, available receive window = 225000000
[2024-11-06T11:23:19.976618-0600]     2.4375 MB /   0.50 sec =   40.8935 Mbps     0 retrans   2799 KB-cwnd
[2024-11-06T11:23:20.457091-0600]     5.5625 MB /   0.50 sec =   93.3223 Mbps     0 retrans   2855 KB-cwnd
[2024-11-06T11:23:20.895074-0600]     5.9375 MB /   0.50 sec =   99.6123 Mbps     0 retrans   3270 KB-cwnd
[2024-11-06T11:23:21.514964-0600]     6.3750 MB /   0.50 sec =  106.9573 Mbps     0 retrans   3270 KB-cwnd
[2024-11-06T11:23:21.934065-0600]     6.5625 MB /   0.50 sec =  110.0166 Mbps     0 retrans   3270 KB-cwnd
[2024-11-06T11:23:22.530989-0600]     6.9375 MB /   0.50 sec =  116.4802 Mbps     0 retrans   3303 KB-cwnd
[2024-11-06T11:23:22.954646-0600]     6.5000 MB /   0.50 sec =  109.0502 Mbps     0 retrans   3303 KB-cwnd
[2024-11-06T11:23:23.385512-0600]     6.4375 MB /   0.50 sec =  107.9023 Mbps     0 retrans   3303 KB-cwnd
[2024-11-06T11:23:24.048407-0600]     6.1250 MB /   0.50 sec =  102.8586 Mbps     0 retrans   3303 KB-cwnd
[2024-11-06T11:23:24.547345-0600]     5.9375 MB /   0.50 sec =   99.6147 Mbps     1 retrans   2663 KB-cwnd
[2024-11-06T11:23:25.075530-0600]     5.0625 MB /   0.50 sec =   84.9352 Mbps     0 retrans   2691 KB-cwnd
[2024-11-06T11:23:25.501210-0600]     5.6250 MB /   0.50 sec =   94.3703 Mbps     0 retrans   2691 KB-cwnd
[2024-11-06T11:23:25.913211-0600]     6.8125 MB /   0.50 sec =  114.2955 Mbps     0 retrans   2691 KB-cwnd
[2024-11-06T11:23:26.343339-0600]     6.1875 MB /   0.50 sec =  103.8072 Mbps     0 retrans   2691 KB-cwnd
[2024-11-06T11:23:27.033096-0600]     6.0000 MB /   0.50 sec =  100.6667 Mbps     0 retrans   2691 KB-cwnd
[2024-11-06T11:23:27.481342-0600]     5.7500 MB /   0.50 sec =   96.4684 Mbps     0 retrans   2691 KB-cwnd
[2024-11-06T11:23:27.931934-0600]     6.0625 MB /   0.50 sec =  101.7098 Mbps     0 retrans   2691 KB-cwnd
[2024-11-06T11:23:28.391151-0600]     5.9375 MB /   0.50 sec =   99.6183 Mbps     0 retrans   2691 KB-cwnd
[2024-11-06T11:23:28.875567-0600]     5.6875 MB /   0.50 sec =   95.4181 Mbps     0 retrans   2691 KB-cwnd
[2024-11-06T11:23:29.419236-0600]     5.0000 MB /   0.50 sec =   83.8857 Mbps     0 retrans   2691 KB-cwnd
[2024-11-06T11:23:29.846636-0600]     5.9375 MB /   0.50 sec =   99.6153 Mbps     0 retrans   2691 KB-cwnd
[2024-11-06T11:23:30.541039-0600]     5.8750 MB /   0.50 sec =   98.5642 Mbps     0 retrans   2691 KB-cwnd
[2024-11-06T11:23:31.013355-0600]     5.7500 MB /   0.50 sec =   96.3988 Mbps     0 retrans   2691 KB-cwnd
[2024-11-06T11:23:31.511403-0600]     5.5625 MB /   0.50 sec =   93.3918 Mbps     0 retrans   2691 KB-cwnd
[2024-11-06T11:23:31.975185-0600]     5.5000 MB /   0.50 sec =   92.2645 Mbps     1 retrans   2188 KB-cwnd
[2024-11-06T11:23:32.539926-0600]     5.8125 MB /   0.50 sec =   97.5265 Mbps     0 retrans   2197 KB-cwnd
[2024-11-06T11:23:33.005741-0600]     5.2500 MB /   0.50 sec =   88.0834 Mbps     0 retrans   2197 KB-cwnd
[2024-11-06T11:23:33.491170-0600]     5.6250 MB /   0.50 sec =   94.3669 Mbps     0 retrans   2197 KB-cwnd
[2024-11-06T11:23:34.011470-0600]     5.4375 MB /   0.50 sec =   91.2290 Mbps     0 retrans   2197 KB-cwnd
[2024-11-06T11:23:34.357533-0600]     4.2500 MB /   0.50 sec =   71.3046 Mbps     0 retrans   2197 KB-cwnd
[2024-11-06T11:23:35.017258-0600]     4.0625 MB /   0.50 sec =   68.1578 Mbps     0 retrans   2197 KB-cwnd
[2024-11-06T11:23:35.569131-0600]     4.4375 MB /   0.50 sec =   74.4480 Mbps     0 retrans   2197 KB-cwnd
[2024-11-06T11:23:35.871602-0600]     4.5625 MB /   0.50 sec =   76.5467 Mbps     0 retrans   2197 KB-cwnd
[2024-11-06T11:23:36.513367-0600]     4.1250 MB /   0.50 sec =   69.2052 Mbps     0 retrans   2197 KB-cwnd
[2024-11-06T11:23:37.189147-0600]     4.1875 MB /   0.50 sec =   70.2568 Mbps     0 retrans   2197 KB-cwnd
[2024-11-06T11:23:37.541552-0600]     3.7500 MB /   0.50 sec =   62.9133 Mbps     0 retrans   2197 KB-cwnd
[2024-11-06T11:23:37.869260-0600]     4.1250 MB /   0.50 sec =   69.1846 Mbps     0 retrans   2197 KB-cwnd
[2024-11-06T11:23:38.469993-0600]     4.8125 MB /   0.50 sec =   80.7668 Mbps     0 retrans   2197 KB-cwnd
[2024-11-06T11:23:39.071199-0600]     4.4375 MB /   0.50 sec =   74.4464 Mbps     0 retrans   2197 KB-cwnd
[2024-11-06T11:23:39.356760-0600]     4.8750 MB /   0.50 sec =   81.6011 Mbps     0 retrans   2197 KB-cwnd
[2024-11-06T11:23:39.879384-0600]     5.0625 MB /   0.50 sec =   84.8301 Mbps     0 retrans   2197 KB-cwnd
[2024-11-06T11:23:40.435421-0600]     4.8125 MB /   0.50 sec =   81.0247 Mbps     0 retrans   2197 KB-cwnd
[2024-11-06T11:23:41.015573-0600]     4.5625 MB /   0.50 sec =   76.5473 Mbps     0 retrans   2197 KB-cwnd
[2024-11-06T11:23:41.557162-0600]     4.9375 MB /   0.50 sec =   82.8345 Mbps     1 retrans   1830 KB-cwnd
[2024-11-06T11:23:42.105300-0600]     4.9375 MB /   0.50 sec =   82.8405 Mbps     0 retrans   1830 KB-cwnd
[2024-11-06T11:23:42.391210-0600]     4.8125 MB /   0.50 sec =   80.7384 Mbps     0 retrans   1830 KB-cwnd
[2024-11-06T11:23:42.974671-0600]     4.6250 MB /   0.50 sec =   77.5990 Mbps     0 retrans   1830 KB-cwnd
[2024-11-06T11:23:43.607420-0600]     4.4375 MB /   0.50 sec =   74.4476 Mbps     0 retrans   1830 KB-cwnd
[2024-11-06T11:23:43.923115-0600]     4.1250 MB /   0.50 sec =   69.0731 Mbps     0 retrans   1830 KB-cwnd
[2024-11-06T11:23:44.525769-0600]     4.3750 MB /   0.50 sec =   73.5418 Mbps     0 retrans   1830 KB-cwnd
[2024-11-06T11:23:44.859371-0600]     4.3125 MB /   0.50 sec =   72.3506 Mbps     0 retrans   1830 KB-cwnd
[2024-11-06T11:23:45.473158-0600]     4.3750 MB /   0.50 sec =   73.4024 Mbps     0 retrans   1830 KB-cwnd
[2024-11-06T11:23:46.137683-0600]     4.0625 MB /   0.50 sec =   68.0005 Mbps     0 retrans   1830 KB-cwnd
[2024-11-06T11:23:46.461015-0600]     4.1250 MB /   0.50 sec =   69.3619 Mbps     0 retrans   1830 KB-cwnd
[2024-11-06T11:23:47.101170-0600]     3.8125 MB /   0.50 sec =   63.9671 Mbps     0 retrans   1830 KB-cwnd
[2024-11-06T11:23:47.413574-0600]     4.6875 MB /   0.50 sec =   78.6416 Mbps     0 retrans   1830 KB-cwnd
[2024-11-06T11:23:48.086489-0600]     4.1250 MB /   0.50 sec =   69.2073 Mbps     0 retrans   1830 KB-cwnd
[2024-11-06T11:23:48.393236-0600]     4.3750 MB /   0.50 sec =   73.4000 Mbps     0 retrans   1830 KB-cwnd
[2024-11-06T11:23:49.150286-0600]     0.6875 MB /   0.50 sec =   11.5345 Mbps   970 retrans   1788 KB-cwnd
[2024-11-06T11:23:49.528942-0600]     3.8750 MB /   0.50 sec =   65.0095 Mbps     0 retrans   1807 KB-cwnd
[2024-11-06T11:23:49.847324-0600]     4.0000 MB /   0.50 sec =   67.1105 Mbps     0 retrans   1807 KB-cwnd
[2024-11-06T11:23:50.825602-0600]     1.3125 MB /   0.50 sec =   22.0197 Mbps    50 retrans   1481 KB-cwnd
[2024-11-06T11:23:51.207733-0600]     2.3750 MB /   0.50 sec =   39.8464 Mbps     0 retrans   1488 KB-cwnd
[2024-11-06T11:23:51.874004-0600]     2.8750 MB /   0.50 sec =   48.2293 Mbps     0 retrans   1488 KB-cwnd
[2024-11-06T11:23:51.874658-0600]     1.8125 MB /   0.50 sec =   30.4117 Mbps     0 retrans   1488 KB-cwnd
[2024-11-06T11:23:52.823797-0600]     2.8750 MB /   0.50 sec =   48.2348 Mbps     1 retrans   1266 KB-cwnd
[2024-11-06T11:23:53.259118-0600]     2.9375 MB /   0.50 sec =   49.2834 Mbps     0 retrans   1301 KB-cwnd
[2024-11-06T11:23:53.803732-0600]     3.0000 MB /   0.50 sec =   50.3319 Mbps     0 retrans   1301 KB-cwnd
[2024-11-06T11:23:54.237588-0600]     2.3125 MB /   0.50 sec =   38.7967 Mbps     0 retrans   1301 KB-cwnd
[2024-11-06T11:23:54.677653-0600]     3.3750 MB /   0.50 sec =   56.6239 Mbps     0 retrans   1301 KB-cwnd
[2024-11-06T11:23:55.069707-0600]     3.0000 MB /   0.50 sec =   50.3310 Mbps     0 retrans   1301 KB-cwnd
[2024-11-06T11:23:55.459370-0600]     3.4375 MB /   0.50 sec =   57.6721 Mbps     0 retrans   1301 KB-cwnd
[2024-11-06T11:23:55.915712-0600]     2.3750 MB /   0.50 sec =   39.8438 Mbps    16 retrans   1059 KB-cwnd
[2024-11-06T11:23:56.728234-0600]     3.8750 MB /   0.50 sec =   65.0151 Mbps     0 retrans   1154 KB-cwnd
[2024-11-06T11:23:57.055739-0600]     3.5625 MB /   0.50 sec =   59.7589 Mbps     0 retrans   1154 KB-cwnd
[2024-11-06T11:23:57.389332-0600]     4.0625 MB /   0.50 sec =   68.1698 Mbps     0 retrans   1154 KB-cwnd
[2024-11-06T11:23:58.046065-0600]     4.1250 MB /   0.50 sec =   69.2053 Mbps     0 retrans   1154 KB-cwnd
[2024-11-06T11:23:58.409604-0600]     3.8750 MB /   0.50 sec =   65.0065 Mbps     0 retrans   1154 KB-cwnd
[2024-11-06T11:23:59.137611-0600]     3.6250 MB /   0.50 sec =   60.8156 Mbps     0 retrans   1162 KB-cwnd
[2024-11-06T11:23:59.455263-0600]     3.8750 MB /   0.50 sec =   65.0191 Mbps     0 retrans   1164 KB-cwnd
[2024-11-06T11:24:00.038887-0600]     4.8125 MB /   0.50 sec =   80.7389 Mbps     0 retrans   1169 KB-cwnd
[2024-11-06T11:24:00.353707-0600]     4.1875 MB /   0.50 sec =   70.2542 Mbps     0 retrans   1170 KB-cwnd
[2024-11-06T11:24:01.203841-0600]     3.5000 MB /   0.50 sec =   58.7206 Mbps     0 retrans   1172 KB-cwnd
[2024-11-06T11:24:01.905176-0600]     3.0625 MB /   0.50 sec =   51.3802 Mbps    24 retrans    937 KB-cwnd
[2024-11-06T11:24:01.905735-0600]     1.5625 MB /   0.50 sec =   26.2145 Mbps     0 retrans    937 KB-cwnd
[2024-11-06T11:24:02.369513-0600]     3.2500 MB /   0.50 sec =   54.5242 Mbps     0 retrans   1072 KB-cwnd
[2024-11-06T11:24:02.873497-0600]     2.6250 MB /   0.50 sec =   44.0412 Mbps     0 retrans   1072 KB-cwnd
[2024-11-06T11:24:03.481330-0600]     2.3125 MB /   0.50 sec =   38.7968 Mbps     0 retrans   1072 KB-cwnd
[2024-11-06T11:24:03.994889-0600]     2.3750 MB /   0.50 sec =   39.8435 Mbps     0 retrans   1072 KB-cwnd
[2024-11-06T11:24:04.493550-0600]     2.8125 MB /   0.50 sec =   47.1896 Mbps     0 retrans   1072 KB-cwnd
[2024-11-06T11:24:04.988162-0600]     2.5625 MB /   0.50 sec =   42.9920 Mbps     0 retrans   1072 KB-cwnd
[2024-11-06T11:24:05.497469-0600]     2.5000 MB /   0.50 sec =   41.9421 Mbps     0 retrans   1072 KB-cwnd
[2024-11-06T11:24:05.959684-0600]     2.9375 MB /   0.50 sec =   49.2827 Mbps     0 retrans   1072 KB-cwnd
[2024-11-06T11:24:06.545724-0600]     1.6250 MB /   0.50 sec =   27.2617 Mbps    25 retrans    925 KB-cwnd
[2024-11-06T11:24:07.033568-0600]     3.4375 MB /   0.50 sec =   57.6758 Mbps     0 retrans    955 KB-cwnd
[2024-11-06T11:24:07.487516-0600]     2.9375 MB /   0.50 sec =   49.2825 Mbps     0 retrans    955 KB-cwnd
[2024-11-06T11:24:07.909564-0600]     2.9375 MB /   0.50 sec =   49.2833 Mbps     0 retrans    956 KB-cwnd
[2024-11-06T11:24:08.379693-0600]     3.0000 MB /   0.50 sec =   50.3323 Mbps     0 retrans    956 KB-cwnd
[2024-11-06T11:24:08.855873-0600]     2.8125 MB /   0.50 sec =   47.1865 Mbps     0 retrans    960 KB-cwnd
[2024-11-06T11:24:09.793706-0600]     2.7500 MB /   0.50 sec =   46.1357 Mbps     0 retrans    963 KB-cwnd
[2024-11-06T11:24:10.299360-0600]     3.0000 MB /   0.50 sec =   50.3321 Mbps     0 retrans    963 KB-cwnd
[2024-11-06T11:24:11.023359-0600]     2.6875 MB /   0.50 sec =   45.0891 Mbps     0 retrans    975 KB-cwnd
[2024-11-06T11:24:11.759227-0600]     2.5625 MB /   0.50 sec =   42.9901 Mbps    41 retrans    902 KB-cwnd
[2024-11-06T11:24:11.759618-0600]     1.3125 MB /   0.50 sec =   22.0205 Mbps     0 retrans    902 KB-cwnd
[2024-11-06T11:24:12.329254-0600]     2.0625 MB /   0.50 sec =   34.6033 Mbps     0 retrans    959 KB-cwnd
[2024-11-06T11:24:12.829236-0600]     2.5625 MB /   0.50 sec =   42.9929 Mbps     0 retrans    966 KB-cwnd
[2024-11-06T11:24:13.419216-0600]     2.5625 MB /   0.50 sec =   42.9908 Mbps     0 retrans    966 KB-cwnd
[2024-11-06T11:24:13.419884-0600]     2.3750 MB /   0.50 sec =   39.8456 Mbps     0 retrans    966 KB-cwnd
[2024-11-06T11:24:13.986046-0600]     2.1875 MB /   0.50 sec =   36.6996 Mbps     0 retrans    966 KB-cwnd
[2024-11-06T11:24:14.561233-0600]     2.1875 MB /   0.50 sec =   36.7013 Mbps     0 retrans    966 KB-cwnd
[2024-11-06T11:24:15.153599-0600]     2.4375 MB /   0.50 sec =   40.8939 Mbps     0 retrans    966 KB-cwnd
[2024-11-06T11:24:15.684937-0600]     2.3750 MB /   0.50 sec =   39.8417 Mbps     0 retrans    966 KB-cwnd
[2024-11-06T11:24:16.247252-0600]     2.5625 MB /   0.50 sec =   42.9970 Mbps     0 retrans    966 KB-cwnd
[2024-11-06T11:24:16.855333-0600]     2.3750 MB /   0.50 sec =   39.8441 Mbps     0 retrans    966 KB-cwnd
[2024-11-06T11:24:16.855927-0600]     2.1875 MB /   0.50 sec =   36.6998 Mbps     0 retrans    966 KB-cwnd
[2024-11-06T11:24:17.529497-0600]     1.9375 MB /   0.50 sec =   32.5065 Mbps     0 retrans    966 KB-cwnd
[2024-11-06T11:24:17.987149-0600]     2.5000 MB /   0.50 sec =   41.9438 Mbps     0 retrans    966 KB-cwnd
[2024-11-06T11:24:18.514983-0600]     2.8750 MB /   0.50 sec =   48.2331 Mbps     0 retrans    966 KB-cwnd
[2024-11-06T11:24:19.035424-0600]     2.2500 MB /   0.50 sec =   37.7505 Mbps     0 retrans    966 KB-cwnd
[2024-11-06T11:24:19.581303-0600]     2.6250 MB /   0.50 sec =   44.0385 Mbps     0 retrans    966 KB-cwnd
[2024-11-06T11:25:19.305310-0600]     2.8750 MB /   0.50 sec =   48.2351 Mbps     7 retrans      1 KB-cwnd
[2024-11-06T11:25:19.305866-0600]     0.7500 MB /   0.50 sec =   12.5829 Mbps     0 retrans      1 KB-cwnd
[2024-11-06T11:25:19.306108-0600]     0.0000 MB /   0.50 sec =    0.0000 Mbps     0 retrans      1 KB-cwnd
[2024-11-06T11:25:19.306306-0600]     0.0000 MB /   0.50 sec =    0.0000 Mbps     0 retrans      1 KB-cwnd
[2024-11-06T11:25:19.306499-0600]     0.0000 MB /   0.50 sec =    0.0000 Mbps     0 retrans      1 KB-cwnd
[2024-11-06T11:25:19.306687-0600]     0.0000 MB /   0.50 sec =    0.0000 Mbps     0 retrans      1 KB-cwnd
[2024-11-06T11:25:19.306990-0600]     0.0000 MB /   0.50 sec =    0.0000 Mbps     0 retrans      1 KB-cwnd
[2024-11-06T11:25:19.307226-0600]     0.0000 MB /   0.50 sec =    0.0000 Mbps     0 retrans      1 KB-cwnd
[2024-11-06T11:25:19.307442-0600]     0.0000 MB /   0.50 sec =    0.0000 Mbps     0 retrans      1 KB-cwnd
[2024-11-06T11:25:19.307760-0600]     0.0000 MB /   0.50 sec =    0.0000 Mbps     0 retrans      1 KB-cwnd
[2024-11-06T11:25:19.308006-0600]     0.0000 MB /   0.50 sec =    0.0000 Mbps     0 retrans      1 KB-cwnd
[2024-11-06T11:25:19.308223-0600]     0.0000 MB /   0.50 sec =    0.0000 Mbps     0 retrans      1 KB-cwnd
[2024-11-06T11:25:19.308441-0600]     0.0000 MB /   0.50 sec =    0.0000 Mbps     0 retrans      1 KB-cwnd
[2024-11-06T11:25:19.308655-0600]     0.0000 MB /   0.50 sec =    0.0000 Mbps     0 retrans      1 KB-cwnd
[2024-11-06T11:25:19.308915-0600]     0.0000 MB /   0.50 sec =    0.0000 Mbps     0 retrans      1 KB-cwnd
[2024-11-06T11:25:19.309147-0600]     0.0000 MB /   0.50 sec =    0.0000 Mbps     0 retrans      1 KB-cwnd
[2024-11-06T11:25:19.309347-0600]     0.0000 MB /   0.50 sec =    0.0000 Mbps     0 retrans      1 KB-cwnd
[2024-11-06T11:25:19.309548-0600]     0.0000 MB /   0.50 sec =    0.0000 Mbps     0 retrans      1 KB-cwnd
[2024-11-06T11:25:19.309764-0600]     0.0000 MB /   0.50 sec =    0.0000 Mbps     0 retrans      1 KB-cwnd
[2024-11-06T11:25:19.309970-0600]     0.0000 MB /   0.50 sec =    0.0000 Mbps     0 retrans      1 KB-cwnd
[2024-11-06T11:25:19.310227-0600]     0.0000 MB /   0.50 sec =    0.0000 Mbps     0 retrans      1 KB-cwnd
[2024-11-06T11:25:19.310448-0600]     0.0000 MB /   0.50 sec =    0.0000 Mbps     0 retrans      1 KB-cwnd
[2024-11-06T11:25:19.310688-0600]     0.0000 MB /   0.50 sec =    0.0000 Mbps     0 retrans      1 KB-cwnd
[2024-11-06T11:25:19.310887-0600]     0.0000 MB /   0.50 sec =    0.0000 Mbps     0 retrans      1 KB-cwnd
[2024-11-06T11:25:19.311070-0600]     0.0000 MB /   0.50 sec =    0.0000 Mbps     0 retrans      1 KB-cwnd
[2024-11-06T11:25:19.311254-0600]     0.0000 MB /   0.50 sec =    0.0000 Mbps     0 retrans      1 KB-cwnd
[2024-11-06T11:25:19.311439-0600]     0.0000 MB /   0.50 sec =    0.0000 Mbps     0 retrans      1 KB-cwnd
[2024-11-06T11:25:19.311708-0600]     0.0000 MB /   0.50 sec =    0.0000 Mbps     0 retrans      1 KB-cwnd
[2024-11-06T11:25:19.311971-0600]     0.0000 MB /   0.50 sec =    0.0000 Mbps     0 retrans      1 KB-cwnd
[2024-11-06T11:25:19.312320-0600]     0.0000 MB /   0.50 sec =    0.0000 Mbps     0 retrans      1 KB-cwnd
[2024-11-06T11:25:19.312559-0600]     0.0000 MB /   0.50 sec =    0.0000 Mbps     0 retrans      1 KB-cwnd
[2024-11-06T11:25:19.312765-0600]     0.0000 MB /   0.50 sec =    0.0000 Mbps     0 retrans      1 KB-cwnd
[2024-11-06T11:25:19.312964-0600]     0.0000 MB /   0.50 sec =    0.0000 Mbps     0 retrans      1 KB-cwnd
[2024-11-06T11:25:19.313158-0600]     0.0000 MB /   0.50 sec =    0.0000 Mbps     0 retrans      1 KB-cwnd
[2024-11-06T11:25:19.313350-0600]     0.0000 MB /   0.50 sec =    0.0000 Mbps     0 retrans      1 KB-cwnd
[2024-11-06T11:25:19.313543-0600]     0.0000 MB /   0.50 sec =    0.0000 Mbps     0 retrans      1 KB-cwnd
[2024-11-06T11:25:19.313758-0600]     0.0000 MB /   0.50 sec =    0.0000 Mbps     0 retrans      1 KB-cwnd
[2024-11-06T11:25:19.314045-0600]     0.0000 MB /   0.50 sec =    0.0000 Mbps     0 retrans      1 KB-cwnd
[2024-11-06T11:25:19.314300-0600]     0.0000 MB /   0.50 sec =    0.0000 Mbps     0 retrans      1 KB-cwnd
[2024-11-06T11:25:19.314510-0600]     0.0000 MB /   0.50 sec =    0.0000 Mbps     0 retrans      1 KB-cwnd
[2024-11-06T11:25:19.314737-0600]     0.0000 MB /   0.50 sec =    0.0000 Mbps     0 retrans      1 KB-cwnd
[2024-11-06T11:25:19.314958-0600]     0.0000 MB /   0.50 sec =    0.0000 Mbps     0 retrans      1 KB-cwnd
[2024-11-06T11:25:19.315171-0600]     0.0000 MB /   0.50 sec =    0.0000 Mbps     0 retrans      1 KB-cwnd
[2024-11-06T11:25:19.315371-0600]     0.0000 MB /   0.50 sec =    0.0000 Mbps     0 retrans      1 KB-cwnd
[2024-11-06T11:25:19.315590-0600]     0.0000 MB /   0.50 sec =    0.0000 Mbps     0 retrans      1 KB-cwnd
[2024-11-06T11:25:19.315961-0600]     0.0000 MB /   0.50 sec =    0.0000 Mbps     0 retrans      1 KB-cwnd
[2024-11-06T11:25:19.316216-0600]     0.0000 MB /   0.50 sec =    0.0000 Mbps     0 retrans      1 KB-cwnd
[2024-11-06T11:25:19.316442-0600]     0.0000 MB /   0.50 sec =    0.0000 Mbps     0 retrans      1 KB-cwnd
[2024-11-06T11:25:19.316643-0600]     0.0000 MB /   0.50 sec =    0.0000 Mbps     0 retrans      1 KB-cwnd
[2024-11-06T11:25:19.316847-0600]     0.0000 MB /   0.50 sec =    0.0000 Mbps     0 retrans      1 KB-cwnd
[2024-11-06T11:25:19.317142-0600]     0.0000 MB /   0.50 sec =    0.0000 Mbps     0 retrans      1 KB-cwnd
[2024-11-06T11:25:19.317380-0600]     0.0000 MB /   0.50 sec =    0.0000 Mbps     0 retrans      1 KB-cwnd
[2024-11-06T11:25:19.317588-0600]     0.0000 MB /   0.50 sec =    0.0000 Mbps     0 retrans      1 KB-cwnd
[2024-11-06T11:25:19.317797-0600]     0.0000 MB /   0.50 sec =    0.0000 Mbps     0 retrans      1 KB-cwnd
[2024-11-06T11:25:19.318007-0600]     0.0000 MB /   0.50 sec =    0.0000 Mbps     0 retrans      1 KB-cwnd
[2024-11-06T11:25:19.318216-0600]     0.0000 MB /   0.50 sec =    0.0000 Mbps     0 retrans      1 KB-cwnd
[2024-11-06T11:25:19.318423-0600]     0.0000 MB /   0.50 sec =    0.0000 Mbps     0 retrans      1 KB-cwnd
[2024-11-06T11:25:19.318684-0600]     0.0000 MB /   0.50 sec =    0.0000 Mbps     0 retrans      1 KB-cwnd
[2024-11-06T11:25:19.318895-0600]     0.0000 MB /   0.50 sec =    0.0000 Mbps     0 retrans      1 KB-cwnd
[2024-11-06T11:25:19.319094-0600]     0.0000 MB /   0.50 sec =    0.0000 Mbps     0 retrans      1 KB-cwnd
[2024-11-06T11:25:19.319327-0600]     0.0000 MB /   0.50 sec =    0.0000 Mbps     0 retrans      1 KB-cwnd
End time: 1730913920052
