Start time: 1730999578092
[2024-11-07T12:12:58.960736-0500] nuttcp-r: v8.1.4: socket
[2024-11-07T12:12:58.961486-0500] nuttcp-r: buflen=65536, nstream=1, port=5101 tcp
[2024-11-07T12:12:58.961570-0500] nuttcp-r: interval reporting every 0.50 seconds
[2024-11-07T12:12:58.961633-0500] nuttcp-r: connect to 54.197.223.49 with RTT=61.911 ms af=inet
[2024-11-07T12:12:58.961692-0500] nuttcp-r: send window size = 2097152, receive window size = 6291456
[2024-11-07T12:12:58.961748-0500] nuttcp-r: available send window = 1572864, available receive window = 4718592
[2024-11-07T12:12:58.961803-0500]     0.1250 MB /   0.50 sec =    2.0967 Mbps     0 retrans     13 KB-cwnd
[2024-11-07T12:12:59.460928-0500]     0.1875 MB /   0.50 sec =    3.1433 Mbps     0 retrans     13 KB-cwnd
[2024-11-07T12:12:59.960984-0500]     0.1250 MB /   0.50 sec =    2.0970 Mbps     0 retrans     13 KB-cwnd
[2024-11-07T12:13:00.460930-0500]     0.8125 MB /   0.50 sec =   13.6437 Mbps     0 retrans     13 KB-cwnd
[2024-11-07T12:13:00.960508-0500]     1.1250 MB /   0.50 sec =   18.8741 Mbps     0 retrans     13 KB-cwnd
[2024-11-07T12:13:01.460658-0500]     1.5625 MB /   0.50 sec =   26.2167 Mbps     0 retrans     13 KB-cwnd
[2024-11-07T12:13:01.961080-0500]     2.1250 MB /   0.50 sec =   35.6185 Mbps     0 retrans     13 KB-cwnd
[2024-11-07T12:13:02.460521-0500]     2.8125 MB /   0.50 sec =   47.2219 Mbps     0 retrans     13 KB-cwnd
[2024-11-07T12:13:02.960479-0500]     3.6250 MB /   0.50 sec =   60.8246 Mbps     0 retrans     13 KB-cwnd
[2024-11-07T12:13:03.460592-0500]     5.1875 MB /   0.50 sec =   87.0167 Mbps     0 retrans     13 KB-cwnd
[2024-11-07T12:13:03.960805-0500]     7.2500 MB /   0.50 sec =  121.5806 Mbps     0 retrans     13 KB-cwnd
[2024-11-07T12:13:04.460940-0500]     9.3125 MB /   0.50 sec =  156.1916 Mbps     0 retrans     13 KB-cwnd
[2024-11-07T12:13:04.960475-0500]    12.5625 MB /   0.50 sec =  210.9570 Mbps     0 retrans     13 KB-cwnd
[2024-11-07T12:13:05.460481-0500]    13.6875 MB /   0.50 sec =  229.6372 Mbps     0 retrans     13 KB-cwnd
[2024-11-07T12:13:05.960796-0500]    11.4375 MB /   0.50 sec =  191.8860 Mbps     0 retrans     13 KB-cwnd
[2024-11-07T12:13:06.460506-0500]    13.6250 MB /   0.50 sec =  228.5877 Mbps     0 retrans     13 KB-cwnd
[2024-11-07T12:13:06.960513-0500]    17.6250 MB /   0.50 sec =  295.6706 Mbps     0 retrans     13 KB-cwnd
[2024-11-07T12:13:07.460485-0500]    12.9375 MB /   0.50 sec =  217.0839 Mbps     0 retrans     13 KB-cwnd
[2024-11-07T12:13:07.960709-0500]    12.3750 MB /   0.50 sec =  207.5064 Mbps     0 retrans     13 KB-cwnd
[2024-11-07T12:13:08.460791-0500]    11.8125 MB /   0.50 sec =  198.1607 Mbps     0 retrans     13 KB-cwnd
[2024-11-07T12:13:08.960485-0500]     8.0000 MB /   0.50 sec =  134.2988 Mbps     0 retrans     13 KB-cwnd
[2024-11-07T12:13:09.460505-0500]     2.5000 MB /   0.50 sec =   41.9454 Mbps     0 retrans     13 KB-cwnd
[2024-11-07T12:13:09.960459-0500]     1.0625 MB /   0.50 sec =   17.8261 Mbps     0 retrans     13 KB-cwnd
[2024-11-07T12:13:10.460768-0500]     0.1250 MB /   0.50 sec =    2.0958 Mbps     0 retrans     13 KB-cwnd
[2024-11-07T12:13:10.960404-0500]     6.6875 MB /   0.50 sec =  112.2733 Mbps     0 retrans     13 KB-cwnd
[2024-11-07T12:13:11.460584-0500]     6.8125 MB /   0.50 sec =  114.2511 Mbps     0 retrans     13 KB-cwnd
[2024-11-07T12:13:11.960384-0500]     6.0000 MB /   0.50 sec =  100.7026 Mbps     0 retrans     13 KB-cwnd
[2024-11-07T12:13:12.460369-0500]     6.1250 MB /   0.50 sec =  102.7613 Mbps     0 retrans     13 KB-cwnd
[2024-11-07T12:13:12.960479-0500]     2.2500 MB /   0.50 sec =   37.7434 Mbps     0 retrans     13 KB-cwnd
[2024-11-07T12:13:13.460447-0500]     0.2500 MB /   0.50 sec =    4.1944 Mbps     0 retrans     13 KB-cwnd
[2024-11-07T12:13:13.960489-0500]     0.0000 MB /   0.50 sec =    0.0000 Mbps     0 retrans     13 KB-cwnd
[2024-11-07T12:13:14.460657-0500]     0.0625 MB /   0.50 sec =    1.0486 Mbps     0 retrans     13 KB-cwnd
[2024-11-07T12:13:14.960566-0500]     0.0000 MB /   0.50 sec =    0.0000 Mbps     0 retrans     13 KB-cwnd
[2024-11-07T12:13:15.460544-0500]     0.0000 MB /   0.50 sec =    0.0000 Mbps     0 retrans     13 KB-cwnd
[2024-11-07T12:13:15.960563-0500]     3.4375 MB /   0.50 sec =   57.6661 Mbps     0 retrans     13 KB-cwnd
[2024-11-07T12:13:16.460618-0500]     1.3750 MB /   0.50 sec =   23.0679 Mbps     0 retrans     13 KB-cwnd
[2024-11-07T12:13:16.960506-0500]     3.1875 MB /   0.50 sec =   53.4869 Mbps     0 retrans     13 KB-cwnd
[2024-11-07T12:13:17.460617-0500]     0.0000 MB /   0.50 sec =    0.0000 Mbps     0 retrans     13 KB-cwnd
[2024-11-07T12:13:17.960385-0500]     6.5000 MB /   0.50 sec =  109.0726 Mbps     0 retrans     16 KB-cwnd
[2024-11-07T12:13:18.460704-0500]     3.8750 MB /   0.50 sec =   64.9970 Mbps     0 retrans     16 KB-cwnd
[2024-11-07T12:13:18.960391-0500]     3.8750 MB /   0.50 sec =   65.0267 Mbps     0 retrans     16 KB-cwnd
[2024-11-07T12:13:19.460546-0500]     7.8750 MB /   0.50 sec =  132.0939 Mbps     0 retrans     16 KB-cwnd
[2024-11-07T12:13:19.960494-0500]     8.5625 MB /   0.50 sec =  143.6690 Mbps     0 retrans     16 KB-cwnd
[2024-11-07T12:13:20.460493-0500]     8.0625 MB /   0.50 sec =  135.2693 Mbps     0 retrans     22 KB-cwnd
[2024-11-07T12:13:20.960430-0500]     8.1875 MB /   0.50 sec =  137.3679 Mbps     0 retrans     25 KB-cwnd
[2024-11-07T12:13:21.460479-0500]     8.9375 MB /   0.50 sec =  149.9422 Mbps     0 retrans     25 KB-cwnd
[2024-11-07T12:13:21.960415-0500]     7.6250 MB /   0.50 sec =  127.9327 Mbps     0 retrans     25 KB-cwnd
[2024-11-07T12:13:22.460478-0500]    10.9375 MB /   0.50 sec =  183.4960 Mbps     0 retrans     25 KB-cwnd
[2024-11-07T12:13:22.960452-0500]     8.0625 MB /   0.50 sec =  135.2674 Mbps     0 retrans     26 KB-cwnd
[2024-11-07T12:13:23.460626-0500]    11.2500 MB /   0.50 sec =  188.7410 Mbps     0 retrans     26 KB-cwnd
[2024-11-07T12:13:23.960541-0500]    10.9375 MB /   0.50 sec =  183.4880 Mbps     0 retrans     26 KB-cwnd
[2024-11-07T12:13:24.460567-0500]    13.7500 MB /   0.50 sec =  230.6586 Mbps     0 retrans     26 KB-cwnd
[2024-11-07T12:13:24.960574-0500]     7.5625 MB /   0.50 sec =  126.8886 Mbps     0 retrans     26 KB-cwnd
[2024-11-07T12:13:25.460408-0500]     7.0000 MB /   0.50 sec =  117.4574 Mbps     0 retrans     26 KB-cwnd
[2024-11-07T12:13:25.960430-0500]     9.5625 MB /   0.50 sec =  160.4283 Mbps     0 retrans     26 KB-cwnd
[2024-11-07T12:13:26.460604-0500]     9.1250 MB /   0.50 sec =  153.0844 Mbps     0 retrans     26 KB-cwnd
[2024-11-07T12:13:26.960476-0500]     7.7500 MB /   0.50 sec =  130.0289 Mbps     0 retrans     26 KB-cwnd
[2024-11-07T12:13:27.460454-0500]     1.8750 MB /   0.50 sec =   31.4577 Mbps     0 retrans     26 KB-cwnd
[2024-11-07T12:13:27.960654-0500]     6.1875 MB /   0.50 sec =  103.7910 Mbps     0 retrans     26 KB-cwnd
[2024-11-07T12:13:28.460514-0500]     2.6250 MB /   0.50 sec =   44.0475 Mbps     0 retrans     26 KB-cwnd
[2024-11-07T12:13:28.961739-0500]     6.2500 MB /   0.50 sec =  104.6026 Mbps     0 retrans     29 KB-cwnd
[2024-11-07T12:13:29.460627-0500]     4.1875 MB /   0.50 sec =   70.4216 Mbps     0 retrans     29 KB-cwnd
[2024-11-07T12:13:29.960496-0500]     4.6250 MB /   0.50 sec =   77.5951 Mbps     0 retrans     29 KB-cwnd
[2024-11-07T12:13:30.460492-0500]     7.6250 MB /   0.50 sec =  127.9299 Mbps     0 retrans     29 KB-cwnd
[2024-11-07T12:13:30.960539-0500]     7.8125 MB /   0.50 sec =  131.0623 Mbps     0 retrans     30 KB-cwnd
[2024-11-07T12:13:31.460506-0500]     9.8125 MB /   0.50 sec =  164.6357 Mbps     0 retrans     30 KB-cwnd
[2024-11-07T12:13:31.960443-0500]     9.4375 MB /   0.50 sec =  158.3388 Mbps     0 retrans     32 KB-cwnd
[2024-11-07T12:13:32.460623-0500]     7.2500 MB /   0.50 sec =  121.6287 Mbps  3939 retrans   4630 KB-cwnd
[2024-11-07T12:13:32.960465-0500]    11.0000 MB /   0.50 sec =  184.5586 Mbps     0 retrans   4630 KB-cwnd
[2024-11-07T12:13:33.460468-0500]     8.6250 MB /   0.50 sec =  144.7067 Mbps     0 retrans   4630 KB-cwnd
[2024-11-07T12:13:33.960426-0500]    12.0000 MB /   0.50 sec =  201.3278 Mbps     0 retrans   4630 KB-cwnd
[2024-11-07T12:13:34.460483-0500]    10.2500 MB /   0.50 sec =  171.9613 Mbps     0 retrans   4595 KB-cwnd
[2024-11-07T12:13:34.960525-0500]    13.7500 MB /   0.50 sec =  230.6383 Mbps     0 retrans   4595 KB-cwnd
[2024-11-07T12:13:35.460496-0500]    12.9375 MB /   0.50 sec =  217.1008 Mbps     0 retrans   4595 KB-cwnd
[2024-11-07T12:13:35.960564-0500]    13.4375 MB /   0.50 sec =  225.4438 Mbps     0 retrans   5974 KB-cwnd
[2024-11-07T12:13:36.460460-0500]    11.9375 MB /   0.50 sec =  200.2808 Mbps     0 retrans   5974 KB-cwnd
[2024-11-07T12:13:36.960467-0500]    16.3750 MB /   0.50 sec =  274.7236 Mbps     0 retrans   5974 KB-cwnd
[2024-11-07T12:13:37.460611-0500]    18.3125 MB /   0.50 sec =  307.1787 Mbps     0 retrans   5974 KB-cwnd
[2024-11-07T12:13:37.960422-0500]    18.7500 MB /   0.50 sec =  314.6445 Mbps     0 retrans   4149 KB-cwnd
[2024-11-07T12:13:38.460502-0500]    11.5000 MB /   0.50 sec =  192.9303 Mbps     0 retrans   4149 KB-cwnd
[2024-11-07T12:13:38.960467-0500]    14.4375 MB /   0.50 sec =  242.2215 Mbps     0 retrans   4149 KB-cwnd
[2024-11-07T12:13:39.460494-0500]     9.0625 MB /   0.50 sec =  152.0414 Mbps     0 retrans   4149 KB-cwnd
[2024-11-07T12:13:39.960367-0500]     4.9375 MB /   0.50 sec =   82.8448 Mbps     0 retrans   4149 KB-cwnd
[2024-11-07T12:13:40.460584-0500]     6.2500 MB /   0.50 sec =  104.8308 Mbps     0 retrans   4149 KB-cwnd
[2024-11-07T12:13:40.960541-0500]     5.2500 MB /   0.50 sec =   88.0895 Mbps     0 retrans   4149 KB-cwnd
[2024-11-07T12:13:41.460556-0500]     0.6875 MB /   0.50 sec =   11.5344 Mbps     0 retrans   4149 KB-cwnd
[2024-11-07T12:13:41.960414-0500]     8.0625 MB /   0.50 sec =  135.2812 Mbps     0 retrans   4149 KB-cwnd
[2024-11-07T12:13:42.460479-0500]    12.0000 MB /   0.50 sec =  201.3165 Mbps     0 retrans   4859 KB-cwnd
[2024-11-07T12:13:42.960402-0500]    13.1875 MB /   0.50 sec =  221.2610 Mbps     0 retrans   4859 KB-cwnd
[2024-11-07T12:13:43.460493-0500]    13.1875 MB /   0.50 sec =  221.2332 Mbps     0 retrans   4859 KB-cwnd
[2024-11-07T12:13:43.960392-0500]    15.8125 MB /   0.50 sec =  265.3141 Mbps     0 retrans   4859 KB-cwnd
[2024-11-07T12:13:44.460424-0500]    12.1250 MB /   0.50 sec =  203.4197 Mbps     0 retrans   4859 KB-cwnd
[2024-11-07T12:13:44.960394-0500]    17.0000 MB /   0.50 sec =  285.2172 Mbps     0 retrans   7516 KB-cwnd
[2024-11-07T12:13:45.460478-0500]    16.2500 MB /   0.50 sec =  272.6134 Mbps     0 retrans   7516 KB-cwnd
[2024-11-07T12:13:45.960387-0500]    15.5000 MB /   0.50 sec =  260.0599 Mbps     0 retrans   7516 KB-cwnd
[2024-11-07T12:13:46.460493-0500]    15.1250 MB /   0.50 sec =  253.7386 Mbps     0 retrans   7516 KB-cwnd
[2024-11-07T12:13:46.960457-0500]    14.8750 MB /   0.50 sec =  249.5676 Mbps     0 retrans   7516 KB-cwnd
[2024-11-07T12:13:47.460488-0500]    10.9375 MB /   0.50 sec =  183.5096 Mbps     0 retrans   5364 KB-cwnd
[2024-11-07T12:13:47.960458-0500]     4.1875 MB /   0.50 sec =   70.2511 Mbps     0 retrans   5364 KB-cwnd
[2024-11-07T12:13:48.460466-0500]     8.1250 MB /   0.50 sec =  136.3162 Mbps     0 retrans   5616 KB-cwnd
[2024-11-07T12:13:48.960399-0500]     8.1875 MB /   0.50 sec =  137.3673 Mbps     0 retrans   5705 KB-cwnd
[2024-11-07T12:13:49.460538-0500]     7.3750 MB /   0.50 sec =  123.7090 Mbps     0 retrans   5705 KB-cwnd
[2024-11-07T12:13:49.960519-0500]    10.8125 MB /   0.50 sec =  181.4178 Mbps     0 retrans   5735 KB-cwnd
[2024-11-07T12:13:50.460499-0500]     7.6875 MB /   0.50 sec =  128.9810 Mbps     0 retrans   5735 KB-cwnd
[2024-11-07T12:13:50.960514-0500]    11.1875 MB /   0.50 sec =  187.6797 Mbps     0 retrans   5735 KB-cwnd
[2024-11-07T12:13:51.460624-0500]    12.5625 MB /   0.50 sec =  210.7398 Mbps     0 retrans   6412 KB-cwnd
[2024-11-07T12:13:51.960447-0500]    12.7500 MB /   0.50 sec =  213.9570 Mbps     0 retrans   6597 KB-cwnd
[2024-11-07T12:13:52.460533-0500]    15.0000 MB /   0.50 sec =  251.6492 Mbps     0 retrans   6597 KB-cwnd
[2024-11-07T12:13:52.960387-0500]    18.5625 MB /   0.50 sec =  311.4601 Mbps     0 retrans   6597 KB-cwnd
[2024-11-07T12:13:53.460648-0500]    24.9375 MB /   0.50 sec =  418.3458 Mbps     0 retrans   7304 KB-cwnd
[2024-11-07T12:13:53.960466-0500]    30.0000 MB /   0.50 sec =  503.3235 Mbps     0 retrans   7304 KB-cwnd
[2024-11-07T12:13:54.460535-0500]    18.1875 MB /   0.50 sec =  305.1155 Mbps     0 retrans   7304 KB-cwnd
[2024-11-07T12:13:54.960540-0500]    24.3750 MB /   0.50 sec =  408.8997 Mbps     0 retrans   4603 KB-cwnd
[2024-11-07T12:13:55.460546-0500]    29.0625 MB /   0.50 sec =  487.6425 Mbps     0 retrans   4603 KB-cwnd
[2024-11-07T12:13:55.960411-0500]    31.1250 MB /   0.50 sec =  522.2295 Mbps     0 retrans   4582 KB-cwnd
[2024-11-07T12:13:56.460506-0500]    21.3125 MB /   0.50 sec =  357.5508 Mbps     0 retrans   7049 KB-cwnd
[2024-11-07T12:13:56.960470-0500]    22.5000 MB /   0.50 sec =  377.4964 Mbps     0 retrans   7049 KB-cwnd
[2024-11-07T12:13:57.460531-0500]    14.1875 MB /   0.50 sec =  238.0129 Mbps     0 retrans   7049 KB-cwnd
[2024-11-07T12:13:57.960530-0500]    11.6250 MB /   0.50 sec =  195.0203 Mbps     0 retrans   7049 KB-cwnd
[2024-11-07T12:13:58.460502-0500]    12.5000 MB /   0.50 sec =  209.7546 Mbps     0 retrans  11889 KB-cwnd
[2024-11-07T12:13:58.960389-0500]     8.8125 MB /   0.50 sec =  147.8480 Mbps     0 retrans  11889 KB-cwnd
[2024-11-07T12:13:59.460506-0500]    10.0625 MB /   0.50 sec =  168.8103 Mbps     0 retrans  11889 KB-cwnd
[2024-11-07T12:13:59.960435-0500]     6.7500 MB /   0.50 sec =  113.2510 Mbps     0 retrans  11889 KB-cwnd
[2024-11-07T12:14:00.460524-0500]     7.1250 MB /   0.50 sec =  119.5353 Mbps     0 retrans  11889 KB-cwnd
[2024-11-07T12:14:00.960460-0500]     6.3125 MB /   0.50 sec =  105.9049 Mbps     0 retrans  11889 KB-cwnd
[2024-11-07T12:14:01.460506-0500]     6.1250 MB /   0.50 sec =  102.7576 Mbps     0 retrans  11889 KB-cwnd
[2024-11-07T12:14:01.960513-0500]     7.9375 MB /   0.50 sec =  133.1681 Mbps     0 retrans  11889 KB-cwnd
[2024-11-07T12:14:02.460501-0500]    10.3125 MB /   0.50 sec =  173.0206 Mbps     0 retrans  11889 KB-cwnd
[2024-11-07T12:14:02.960456-0500]     8.3750 MB /   0.50 sec =  140.5050 Mbps     0 retrans  11945 KB-cwnd
[2024-11-07T12:14:03.460625-0500]     2.7500 MB /   0.50 sec =   46.1291 Mbps     0 retrans  11945 KB-cwnd
[2024-11-07T12:14:03.960385-0500]     8.4375 MB /   0.50 sec =  141.5971 Mbps     0 retrans  11945 KB-cwnd
[2024-11-07T12:14:04.460504-0500]     9.2500 MB /   0.50 sec =  155.1802 Mbps     0 retrans  11945 KB-cwnd
[2024-11-07T12:14:04.960422-0500]     7.9375 MB /   0.50 sec =  133.1718 Mbps     0 retrans  11945 KB-cwnd
[2024-11-07T12:14:05.460488-0500]     7.8750 MB /   0.50 sec =  132.1161 Mbps     0 retrans  11945 KB-cwnd
[2024-11-07T12:14:05.960441-0500]     6.3125 MB /   0.50 sec =  105.9055 Mbps     0 retrans  11945 KB-cwnd
[2024-11-07T12:14:06.460485-0500]     7.8125 MB /   0.50 sec =  131.0728 Mbps     0 retrans  11945 KB-cwnd
[2024-11-07T12:14:06.960404-0500]     7.9375 MB /   0.50 sec =  133.1755 Mbps     0 retrans  11945 KB-cwnd
[2024-11-07T12:14:07.460629-0500]     8.3750 MB /   0.50 sec =  140.5050 Mbps     0 retrans   8092 KB-cwnd
[2024-11-07T12:14:07.960421-0500]     7.5000 MB /   0.50 sec =  125.8324 Mbps     0 retrans   8092 KB-cwnd
[2024-11-07T12:14:08.460516-0500]     8.7500 MB /   0.50 sec =  146.7839 Mbps     0 retrans   8092 KB-cwnd
[2024-11-07T12:14:08.960499-0500]     9.1250 MB /   0.50 sec =  153.0998 Mbps     0 retrans   8092 KB-cwnd
[2024-11-07T12:14:09.460379-0500]     9.6250 MB /   0.50 sec =  161.4939 Mbps     0 retrans   8092 KB-cwnd
[2024-11-07T12:14:09.960489-0500]     9.4375 MB /   0.50 sec =  158.3226 Mbps     0 retrans   8092 KB-cwnd
[2024-11-07T12:14:10.460512-0500]    10.0000 MB /   0.50 sec =  167.7722 Mbps     0 retrans   8092 KB-cwnd
[2024-11-07T12:14:10.960575-0500]     8.1250 MB /   0.50 sec =  136.2933 Mbps     0 retrans   8092 KB-cwnd
[2024-11-07T12:14:11.460460-0500]     9.5625 MB /   0.50 sec =  160.4649 Mbps     0 retrans   3176 KB-cwnd
[2024-11-07T12:14:11.960404-0500]    11.5625 MB /   0.50 sec =  193.9916 Mbps     0 retrans   3176 KB-cwnd
[2024-11-07T12:14:12.460494-0500]    11.5625 MB /   0.50 sec =  193.9772 Mbps     0 retrans   3176 KB-cwnd
[2024-11-07T12:14:12.960568-0500]    12.5000 MB /   0.50 sec =  209.6787 Mbps     0 retrans   3176 KB-cwnd
[2024-11-07T12:14:13.460460-0500]    11.5000 MB /   0.50 sec =  192.9754 Mbps     0 retrans   3176 KB-cwnd
[2024-11-07T12:14:13.960432-0500]     2.6250 MB /   0.50 sec =   44.0380 Mbps     0 retrans   3176 KB-cwnd
[2024-11-07T12:14:14.460628-0500]    12.3125 MB /   0.50 sec =  206.5641 Mbps     0 retrans   3176 KB-cwnd
[2024-11-07T12:14:14.960368-0500]    10.2500 MB /   0.50 sec =  171.9912 Mbps     0 retrans   2975 KB-cwnd
[2024-11-07T12:14:15.460479-0500]    10.6250 MB /   0.50 sec =  178.2447 Mbps     0 retrans   2975 KB-cwnd
[2024-11-07T12:14:15.960412-0500]     9.5625 MB /   0.50 sec =  160.4402 Mbps     0 retrans   2975 KB-cwnd
[2024-11-07T12:14:16.460383-0500]    12.3750 MB /   0.50 sec =  207.6193 Mbps     0 retrans   2975 KB-cwnd
[2024-11-07T12:14:16.960392-0500]    10.7500 MB /   0.50 sec =  180.3533 Mbps     0 retrans   2975 KB-cwnd
[2024-11-07T12:14:17.460469-0500]    12.3125 MB /   0.50 sec =  206.5616 Mbps     0 retrans   2975 KB-cwnd
[2024-11-07T12:14:17.960389-0500]    11.5625 MB /   0.50 sec =  193.9939 Mbps     0 retrans   4609 KB-cwnd
[2024-11-07T12:14:18.460557-0500]    10.1875 MB /   0.50 sec =  170.9073 Mbps     0 retrans   4609 KB-cwnd
[2024-11-07T12:14:18.960408-0500]    11.6250 MB /   0.50 sec =  195.0429 Mbps     0 retrans   4609 KB-cwnd
[2024-11-07T12:14:19.460433-0500]    10.3750 MB /   0.50 sec =  174.0584 Mbps     0 retrans   4609 KB-cwnd
[2024-11-07T12:14:19.960373-0500]    10.1875 MB /   0.50 sec =  170.9281 Mbps     0 retrans   4609 KB-cwnd
[2024-11-07T12:14:20.460504-0500]     9.2500 MB /   0.50 sec =  155.1787 Mbps     0 retrans   4609 KB-cwnd
[2024-11-07T12:14:20.960410-0500]     7.5000 MB /   0.50 sec =  125.8339 Mbps     0 retrans   4627 KB-cwnd
[2024-11-07T12:14:21.460452-0500]     7.5000 MB /   0.50 sec =  125.8311 Mbps     0 retrans   4627 KB-cwnd
[2024-11-07T12:14:21.960532-0500]     6.0625 MB /   0.50 sec =  101.6976 Mbps     0 retrans   4396 KB-cwnd
[2024-11-07T12:14:22.460497-0500]     7.0000 MB /   0.50 sec =  117.4452 Mbps     0 retrans   4396 KB-cwnd
[2024-11-07T12:14:22.960461-0500]     5.3750 MB /   0.50 sec =   90.1824 Mbps     0 retrans   4396 KB-cwnd
[2024-11-07T12:14:23.460487-0500]     2.6875 MB /   0.50 sec =   45.0888 Mbps     0 retrans   4396 KB-cwnd
[2024-11-07T12:14:23.960684-0500]     1.0625 MB /   0.50 sec =   17.8173 Mbps     0 retrans   4396 KB-cwnd
[2024-11-07T12:14:24.460577-0500]     2.8125 MB /   0.50 sec =   47.1996 Mbps     0 retrans   4396 KB-cwnd
[2024-11-07T12:14:24.960499-0500]     0.0000 MB /   0.50 sec =    0.0000 Mbps     0 retrans   4396 KB-cwnd
[2024-11-07T12:14:25.460775-0500]     0.0000 MB /   0.50 sec =    0.0000 Mbps     0 retrans   4396 KB-cwnd
[2024-11-07T12:14:25.960670-0500]     0.0000 MB /   0.50 sec =    0.0000 Mbps     0 retrans   4396 KB-cwnd
[2024-11-07T12:14:26.460427-0500]     0.0000 MB /   0.50 sec =    0.0000 Mbps     0 retrans   4396 KB-cwnd
[2024-11-07T12:14:26.960448-0500]     0.6875 MB /   0.50 sec =   11.5342 Mbps     0 retrans   4396 KB-cwnd
[2024-11-07T12:14:27.460537-0500]     6.3125 MB /   0.50 sec =  105.8992 Mbps     0 retrans   4396 KB-cwnd
[2024-11-07T12:14:27.960490-0500]     6.3750 MB /   0.50 sec =  106.9471 Mbps     0 retrans   4396 KB-cwnd
[2024-11-07T12:14:28.460489-0500]     5.5625 MB /   0.50 sec =   93.3337 Mbps     0 retrans   4396 KB-cwnd
[2024-11-07T12:14:28.960467-0500]     6.2500 MB /   0.50 sec =  104.8532 Mbps     0 retrans   4396 KB-cwnd
[2024-11-07T12:14:29.460458-0500]     6.2500 MB /   0.50 sec =  104.8637 Mbps     0 retrans   4396 KB-cwnd
[2024-11-07T12:14:29.960520-0500]     6.1250 MB /   0.50 sec =  102.7528 Mbps     0 retrans   4396 KB-cwnd
[2024-11-07T12:14:30.460462-0500]     7.9375 MB /   0.50 sec =  133.1809 Mbps     0 retrans   4396 KB-cwnd
[2024-11-07T12:14:30.960549-0500]     7.6875 MB /   0.50 sec =  128.9743 Mbps     0 retrans   4512 KB-cwnd
[2024-11-07T12:14:31.460549-0500]     6.4375 MB /   0.50 sec =  107.9880 Mbps     0 retrans   4512 KB-cwnd
[2024-11-07T12:14:31.960563-0500]     5.3750 MB /   0.50 sec =   90.1739 Mbps     0 retrans   4512 KB-cwnd
[2024-11-07T12:14:32.460443-0500]     0.5625 MB /   0.50 sec =    9.4383 Mbps     0 retrans   4512 KB-cwnd
[2024-11-07T12:14:32.960545-0500]     8.4375 MB /   0.50 sec =  141.5484 Mbps     0 retrans   4512 KB-cwnd
[2024-11-07T12:14:33.460516-0500]     5.8750 MB /   0.50 sec =   98.5748 Mbps     0 retrans   4512 KB-cwnd
[2024-11-07T12:14:33.960493-0500]     5.1250 MB /   0.50 sec =   85.9829 Mbps     0 retrans   4512 KB-cwnd
[2024-11-07T12:14:34.460488-0500]     6.8750 MB /   0.50 sec =  115.3459 Mbps     0 retrans   4512 KB-cwnd
[2024-11-07T12:14:34.960452-0500]     7.5000 MB /   0.50 sec =  125.8231 Mbps     0 retrans   4512 KB-cwnd
[2024-11-07T12:14:35.460551-0500]     6.0625 MB /   0.50 sec =  101.7039 Mbps     0 retrans   4512 KB-cwnd
[2024-11-07T12:14:35.960507-0500]     5.8750 MB /   0.50 sec =   98.5697 Mbps     0 retrans   4512 KB-cwnd
[2024-11-07T12:14:36.460595-0500]     5.4375 MB /   0.50 sec =   91.2184 Mbps     0 retrans   4469 KB-cwnd
[2024-11-07T12:14:36.960423-0500]     5.8750 MB /   0.50 sec =   98.5837 Mbps     0 retrans   3316 KB-cwnd
[2024-11-07T12:14:37.460701-0500]     5.8750 MB /   0.50 sec =   98.5573 Mbps     0 retrans   3316 KB-cwnd
[2024-11-07T12:14:37.960573-0500]     4.3125 MB /   0.50 sec =   72.3436 Mbps     0 retrans   3316 KB-cwnd
[2024-11-07T12:14:38.460524-0500]     6.7500 MB /   0.50 sec =  113.2605 Mbps     0 retrans   3316 KB-cwnd
[2024-11-07T12:14:38.960495-0500]     4.8750 MB /   0.50 sec =   81.7925 Mbps     0 retrans   3316 KB-cwnd
[2024-11-07T12:14:39.460462-0500]     5.3125 MB /   0.50 sec =   89.1334 Mbps     0 retrans   3316 KB-cwnd
[2024-11-07T12:14:39.960453-0500]     0.8750 MB /   0.50 sec =   14.6790 Mbps     0 retrans   3316 KB-cwnd
[2024-11-07T12:14:40.460448-0500]     1.0000 MB /   0.50 sec =   16.7774 Mbps     0 retrans   3316 KB-cwnd
[2024-11-07T12:14:40.960460-0500]     5.6875 MB /   0.50 sec =   95.4239 Mbps     0 retrans   3316 KB-cwnd
[2024-11-07T12:14:41.460410-0500]     2.4375 MB /   0.50 sec =   40.8957 Mbps     0 retrans   3316 KB-cwnd
[2024-11-07T12:14:41.960433-0500]     3.3125 MB /   0.50 sec =   55.5744 Mbps     0 retrans   3316 KB-cwnd
[2024-11-07T12:14:42.460479-0500]     2.9375 MB /   0.50 sec =   49.2829 Mbps     0 retrans   3316 KB-cwnd
[2024-11-07T12:14:42.960522-0500]     3.3750 MB /   0.50 sec =   56.6189 Mbps     0 retrans   3316 KB-cwnd
[2024-11-07T12:14:43.460543-0500]     3.3750 MB /   0.50 sec =   56.6237 Mbps     0 retrans   3316 KB-cwnd
[2024-11-07T12:14:43.960563-0500]     3.8750 MB /   0.50 sec =   65.0012 Mbps     0 retrans   3316 KB-cwnd
[2024-11-07T12:14:44.460651-0500]     1.3750 MB /   0.50 sec =   23.0685 Mbps     0 retrans   3316 KB-cwnd
[2024-11-07T12:14:44.960465-0500]     2.7500 MB /   0.50 sec =   46.1459 Mbps     0 retrans   3316 KB-cwnd
[2024-11-07T12:14:45.460551-0500]     1.5625 MB /   0.50 sec =   26.2122 Mbps     0 retrans   3316 KB-cwnd
[2024-11-07T12:14:45.960478-0500]     2.9375 MB /   0.50 sec =   49.2870 Mbps     0 retrans   3316 KB-cwnd
[2024-11-07T12:14:46.460494-0500]     3.9375 MB /   0.50 sec =   66.0621 Mbps     0 retrans   3316 KB-cwnd
[2024-11-07T12:14:46.960458-0500]     2.1875 MB /   0.50 sec =   36.6992 Mbps  4075 retrans   2915 KB-cwnd
[2024-11-07T12:14:47.460758-0500]     2.4375 MB /   0.50 sec =   40.8882 Mbps     0 retrans   2915 KB-cwnd
[2024-11-07T12:14:47.960410-0500]     2.4375 MB /   0.50 sec =   40.9022 Mbps     0 retrans   2915 KB-cwnd
[2024-11-07T12:14:48.460516-0500]     2.8750 MB /   0.50 sec =   48.2319 Mbps     0 retrans   2915 KB-cwnd
[2024-11-07T12:14:48.960494-0500]     3.3125 MB /   0.50 sec =   55.5756 Mbps     0 retrans   2915 KB-cwnd
[2024-11-07T12:14:49.460484-0500]     3.6875 MB /   0.50 sec =   61.8688 Mbps     0 retrans   2915 KB-cwnd
[2024-11-07T12:14:49.960478-0500]     4.2500 MB /   0.50 sec =   71.3029 Mbps     0 retrans   2915 KB-cwnd
[2024-11-07T12:14:50.460590-0500]     4.0000 MB /   0.50 sec =   67.1094 Mbps     0 retrans   2915 KB-cwnd
[2024-11-07T12:14:50.960388-0500]     2.0000 MB /   0.50 sec =   33.5562 Mbps     0 retrans   2915 KB-cwnd
[2024-11-07T12:14:51.460675-0500]     2.7500 MB /   0.50 sec =   46.1210 Mbps     0 retrans   2883 KB-cwnd
[2024-11-07T12:14:51.960495-0500]     3.0000 MB /   0.50 sec =   50.3405 Mbps     0 retrans   2883 KB-cwnd
[2024-11-07T12:14:52.460508-0500]     1.4375 MB /   0.50 sec =   24.1199 Mbps     0 retrans   2883 KB-cwnd
[2024-11-07T12:14:52.960575-0500]     0.8125 MB /   0.50 sec =   13.6288 Mbps     0 retrans   2883 KB-cwnd
[2024-11-07T12:14:53.460590-0500]     1.4375 MB /   0.50 sec =   24.1172 Mbps     0 retrans   2883 KB-cwnd
[2024-11-07T12:14:53.960432-0500]     1.8125 MB /   0.50 sec =   30.4144 Mbps     0 retrans   2883 KB-cwnd
[2024-11-07T12:14:54.460467-0500]     2.1875 MB /   0.50 sec =   36.7006 Mbps     0 retrans   2883 KB-cwnd
[2024-11-07T12:14:54.960470-0500]     1.3125 MB /   0.50 sec =   22.0180 Mbps     0 retrans   2883 KB-cwnd
[2024-11-07T12:14:55.460625-0500]     0.0625 MB /   0.50 sec =    1.0484 Mbps     0 retrans   2883 KB-cwnd
[2024-11-07T12:14:55.960387-0500]     1.6875 MB /   0.50 sec =   28.3200 Mbps     0 retrans   2883 KB-cwnd
[2024-11-07T12:14:56.460632-0500]     3.5625 MB /   0.50 sec =   59.7557 Mbps     0 retrans   2883 KB-cwnd
[2024-11-07T12:14:56.960634-0500]     0.3125 MB /   0.50 sec =    5.2431 Mbps     0 retrans   2883 KB-cwnd
[2024-11-07T12:14:57.460749-0500]     0.4375 MB /   0.50 sec =    7.3399 Mbps     0 retrans   2883 KB-cwnd
[2024-11-07T12:14:57.960454-0500]     5.4375 MB /   0.50 sec =   91.2414 Mbps     0 retrans   2883 KB-cwnd
[2024-11-07T12:14:58.460468-0500]     3.3125 MB /   0.50 sec =   55.5740 Mbps     0 retrans   2883 KB-cwnd
[2024-11-07T12:14:58.960526-0500]     4.1250 MB /   0.50 sec =   69.1977 Mbps     0 retrans   2883 KB-cwnd
End time: 1730999699211
