Start time: 1730598200938
[2024-11-02T19:43:22.629528-0600] nuttcp-t: v8.1.4: socket
[2024-11-02T19:43:22.630237-0600] nuttcp-t: buflen=65536, nstream=1, port=5103 tcp -> 54.176.53.206
[2024-11-02T19:43:22.630309-0600] nuttcp-t: time limit = 120.00 seconds
[2024-11-02T19:43:22.630351-0600] nuttcp-t: connect to 54.176.53.206 with mss=1448, RTT=46.091 ms af=inet
[2024-11-02T19:43:22.630388-0600] nuttcp-t: send window size = 1048576, receive window size = 1048576
[2024-11-02T19:43:22.630424-0600] nuttcp-t: available send window = 786432, available receive window = 786432
[2024-11-02T19:43:22.630458-0600] nuttcp-t: initial congestion window = 14 KB (10 packets)
[2024-11-02T19:43:22.630492-0600] nuttcp-r: v6.1.2: socket
[2024-11-02T19:43:22.630524-0600] nuttcp-r: buflen=65536, nstream=1, port=5103 tcp
[2024-11-02T19:43:22.630558-0600] nuttcp-r: interval reporting every 0.50 seconds
[2024-11-02T19:43:22.630592-0600] nuttcp-r: accept from 129.222.102.246
[2024-11-02T19:43:22.630635-0600] nuttcp-r: send window size = 450000000, receive window size = 450000000
[2024-11-02T19:43:22.630669-0600] nuttcp-r: available send window = 225000000, available receive window = 225000000
[2024-11-02T19:43:22.630702-0600]     0.1250 MB /   0.50 sec =    2.0970 Mbps     7 retrans      8 KB-cwnd
[2024-11-02T19:43:22.630735-0600]     0.1250 MB /   0.50 sec =    2.0972 Mbps     0 retrans      8 KB-cwnd
[2024-11-02T19:43:25.218424-0600]     0.1250 MB /   0.50 sec =    2.0972 Mbps     9 retrans      4 KB-cwnd
[2024-11-02T19:43:25.218947-0600]     0.0625 MB /   0.50 sec =    1.0486 Mbps     0 retrans      4 KB-cwnd
[2024-11-02T19:43:25.219103-0600]     0.0625 MB /   0.50 sec =    1.0486 Mbps     0 retrans      4 KB-cwnd
[2024-11-02T19:43:25.219226-0600]     0.0625 MB /   0.50 sec =    1.0486 Mbps     0 retrans      4 KB-cwnd
[2024-11-02T19:43:25.219342-0600]     0.0000 MB /   0.50 sec =    0.0000 Mbps     0 retrans      4 KB-cwnd
[2024-11-02T19:43:28.357545-0600]     0.1250 MB /   0.50 sec =    2.0972 Mbps    10 retrans      9 KB-cwnd
[2024-11-02T19:43:28.358072-0600]     0.0000 MB /   0.50 sec =    0.0000 Mbps     0 retrans      9 KB-cwnd
[2024-11-02T19:43:28.358192-0600]     0.0625 MB /   0.50 sec =    1.0486 Mbps     0 retrans      9 KB-cwnd
[2024-11-02T19:43:28.358281-0600]     0.0625 MB /   0.50 sec =    1.0486 Mbps     0 retrans      9 KB-cwnd
[2024-11-02T19:43:28.358362-0600]     0.0625 MB /   0.50 sec =    1.0486 Mbps     0 retrans      9 KB-cwnd
[2024-11-02T19:43:28.358442-0600]     0.0625 MB /   0.50 sec =    1.0485 Mbps     0 retrans      9 KB-cwnd
[2024-11-02T19:43:28.358520-0600]     0.0625 MB /   0.50 sec =    1.0486 Mbps     0 retrans      9 KB-cwnd
[2024-11-02T19:43:30.252876-0600]     0.0625 MB /   0.50 sec =    1.0485 Mbps     5 retrans     19 KB-cwnd
[2024-11-02T19:43:30.253027-0600]     0.0625 MB /   0.50 sec =    1.0487 Mbps     0 retrans     19 KB-cwnd
[2024-11-02T19:43:30.253061-0600]     0.1250 MB /   0.50 sec =    2.0971 Mbps     0 retrans     19 KB-cwnd
[2024-11-02T19:43:32.170372-0600]     0.1250 MB /   0.50 sec =    2.0972 Mbps     7 retrans      8 KB-cwnd
[2024-11-02T19:43:32.170747-0600]     0.1250 MB /   0.50 sec =    2.0972 Mbps     0 retrans      8 KB-cwnd
[2024-11-02T19:43:32.170825-0600]     0.0625 MB /   0.50 sec =    1.0485 Mbps     0 retrans      8 KB-cwnd
[2024-11-02T19:43:32.170888-0600]     0.1250 MB /   0.50 sec =    2.0972 Mbps     0 retrans      8 KB-cwnd
[2024-11-02T19:43:34.572748-0600]     0.1250 MB /   0.50 sec =    2.0972 Mbps     7 retrans     16 KB-cwnd
[2024-11-02T19:43:34.573263-0600]     0.0625 MB /   0.50 sec =    1.0485 Mbps     0 retrans     16 KB-cwnd
[2024-11-02T19:43:34.573412-0600]     0.0625 MB /   0.50 sec =    1.0486 Mbps     0 retrans     16 KB-cwnd
[2024-11-02T19:43:34.573533-0600]     0.0625 MB /   0.50 sec =    1.0486 Mbps     0 retrans     16 KB-cwnd
[2024-11-02T19:43:34.573643-0600]     0.0625 MB /   0.50 sec =    1.0486 Mbps     0 retrans     16 KB-cwnd
[2024-11-02T19:43:36.326428-0600]     0.1875 MB /   0.50 sec =    3.1457 Mbps     7 retrans      5 KB-cwnd
[2024-11-02T19:43:36.326928-0600]     0.0625 MB /   0.50 sec =    1.0486 Mbps     0 retrans      5 KB-cwnd
[2024-11-02T19:43:36.327108-0600]     0.1250 MB /   0.50 sec =    2.0972 Mbps     0 retrans      5 KB-cwnd
[2024-11-02T19:43:36.327232-0600]     0.0625 MB /   0.50 sec =    1.0486 Mbps     0 retrans      5 KB-cwnd
[2024-11-02T19:43:39.406138-0600]     0.0625 MB /   0.50 sec =    1.0486 Mbps     9 retrans     16 KB-cwnd
[2024-11-02T19:43:39.406385-0600]     0.0625 MB /   0.50 sec =    1.0485 Mbps     0 retrans     16 KB-cwnd
[2024-11-02T19:43:39.406424-0600]     0.0625 MB /   0.50 sec =    1.0486 Mbps     0 retrans     16 KB-cwnd
[2024-11-02T19:43:39.406453-0600]     0.0625 MB /   0.50 sec =    1.0485 Mbps     0 retrans     16 KB-cwnd
[2024-11-02T19:43:39.406481-0600]     0.0625 MB /   0.50 sec =    1.0486 Mbps     0 retrans     16 KB-cwnd
[2024-11-02T19:43:39.406510-0600]     0.0625 MB /   0.50 sec =    1.0485 Mbps     0 retrans     16 KB-cwnd
[2024-11-02T19:43:41.464905-0600]     0.1250 MB /   0.50 sec =    2.0974 Mbps     8 retrans     14 KB-cwnd
[2024-11-02T19:43:41.465270-0600]     0.1250 MB /   0.50 sec =    2.0971 Mbps     0 retrans     14 KB-cwnd
[2024-11-02T19:43:41.465399-0600]     0.0625 MB /   0.50 sec =    1.0486 Mbps     0 retrans     14 KB-cwnd
[2024-11-02T19:43:41.465530-0600]     0.0625 MB /   0.50 sec =    1.0486 Mbps     0 retrans     14 KB-cwnd
[2024-11-02T19:43:42.506216-0600]     0.0625 MB /   0.50 sec =    1.0485 Mbps     6 retrans     62 KB-cwnd
[2024-11-02T19:43:42.506781-0600]     0.1250 MB /   0.50 sec =    2.0973 Mbps     0 retrans     62 KB-cwnd
[2024-11-02T19:43:43.047184-0600]     0.4375 MB /   0.50 sec =    7.3400 Mbps     5 retrans     26 KB-cwnd
[2024-11-02T19:43:45.595591-0600]     0.1875 MB /   0.50 sec =    3.1456 Mbps    13 retrans      2 KB-cwnd
[2024-11-02T19:43:45.596007-0600]     0.0625 MB /   0.50 sec =    1.0485 Mbps     0 retrans      2 KB-cwnd
[2024-11-02T19:43:45.596120-0600]     0.0625 MB /   0.50 sec =    1.0486 Mbps     0 retrans      2 KB-cwnd
[2024-11-02T19:43:45.596208-0600]     0.0625 MB /   0.50 sec =    1.0485 Mbps     0 retrans      2 KB-cwnd
[2024-11-02T19:43:45.596290-0600]     0.1250 MB /   0.50 sec =    2.0971 Mbps     0 retrans      2 KB-cwnd
[2024-11-02T19:43:48.323377-0600]     0.0000 MB /   0.50 sec =    0.0000 Mbps     7 retrans     18 KB-cwnd
[2024-11-02T19:43:48.323939-0600]     0.0625 MB /   0.50 sec =    1.0486 Mbps     0 retrans     18 KB-cwnd
[2024-11-02T19:43:48.324092-0600]     0.0625 MB /   0.50 sec =    1.0485 Mbps     0 retrans     18 KB-cwnd
[2024-11-02T19:43:48.324206-0600]     0.0625 MB /   0.50 sec =    1.0486 Mbps     0 retrans     18 KB-cwnd
[2024-11-02T19:43:48.324311-0600]     0.0625 MB /   0.50 sec =    1.0486 Mbps     0 retrans     18 KB-cwnd
[2024-11-02T19:43:48.324416-0600]     0.1250 MB /   0.50 sec =    2.0972 Mbps     0 retrans     18 KB-cwnd
[2024-11-02T19:43:50.203096-0600]     0.1250 MB /   0.50 sec =    2.0972 Mbps     9 retrans      8 KB-cwnd
[2024-11-02T19:43:50.203682-0600]     0.0625 MB /   0.50 sec =    1.0486 Mbps     0 retrans      8 KB-cwnd
[2024-11-02T19:43:50.203826-0600]     0.1250 MB /   0.50 sec =    2.0971 Mbps     0 retrans      8 KB-cwnd
[2024-11-02T19:43:51.788547-0600]     0.0625 MB /   0.50 sec =    1.0486 Mbps     4 retrans     26 KB-cwnd
[2024-11-02T19:43:51.788691-0600]     0.1250 MB /   0.50 sec =    2.0972 Mbps     0 retrans     26 KB-cwnd
[2024-11-02T19:43:51.788725-0600]     0.0625 MB /   0.50 sec =    1.0486 Mbps     0 retrans     26 KB-cwnd
[2024-11-02T19:43:51.788753-0600]     0.1875 MB /   0.50 sec =    3.1457 Mbps     0 retrans     26 KB-cwnd
[2024-11-02T19:43:52.944418-0600]     0.1875 MB /   0.50 sec =    3.1455 Mbps     5 retrans     15 KB-cwnd
[2024-11-02T19:43:52.944775-0600]     0.1250 MB /   0.50 sec =    2.0972 Mbps     0 retrans     15 KB-cwnd
[2024-11-02T19:43:54.626738-0600]     0.1250 MB /   0.50 sec =    2.0972 Mbps     5 retrans     70 KB-cwnd
[2024-11-02T19:43:54.627060-0600]     0.0625 MB /   0.50 sec =    1.0485 Mbps     0 retrans     70 KB-cwnd
[2024-11-02T19:43:54.627115-0600]     0.0625 MB /   0.50 sec =    1.0486 Mbps     0 retrans     70 KB-cwnd
[2024-11-02T19:43:54.957306-0600]     0.4375 MB /   0.50 sec =    7.3399 Mbps    11 retrans     36 KB-cwnd
[2024-11-02T19:43:55.978444-0600]     0.2500 MB /   0.50 sec =    4.1942 Mbps     8 retrans      8 KB-cwnd
[2024-11-02T19:43:55.978642-0600]     0.1875 MB /   0.50 sec =    3.1458 Mbps     0 retrans      8 KB-cwnd
[2024-11-02T19:43:58.643723-0600]     0.0625 MB /   0.50 sec =    1.0486 Mbps     7 retrans     12 KB-cwnd
[2024-11-02T19:43:58.644160-0600]     0.1250 MB /   0.50 sec =    2.0971 Mbps     0 retrans     12 KB-cwnd
[2024-11-02T19:43:58.644271-0600]     0.0625 MB /   0.50 sec =    1.0485 Mbps     0 retrans     12 KB-cwnd
[2024-11-02T19:43:58.644360-0600]     0.0625 MB /   0.50 sec =    1.0486 Mbps     0 retrans     12 KB-cwnd
[2024-11-02T19:43:58.644447-0600]     0.0625 MB /   0.50 sec =    1.0485 Mbps     0 retrans     12 KB-cwnd
[2024-11-02T19:44:00.839371-0600]     0.0625 MB /   0.50 sec =    1.0486 Mbps     9 retrans     15 KB-cwnd
[2024-11-02T19:44:00.839906-0600]     0.1250 MB /   0.50 sec =    2.0972 Mbps     0 retrans     15 KB-cwnd
[2024-11-02T19:44:00.840068-0600]     0.0625 MB /   0.50 sec =    1.0486 Mbps     0 retrans     15 KB-cwnd
[2024-11-02T19:44:00.840213-0600]     0.0625 MB /   0.50 sec =    1.0486 Mbps     0 retrans     15 KB-cwnd
[2024-11-02T19:44:00.840321-0600]     0.0625 MB /   0.50 sec =    1.0485 Mbps     0 retrans     15 KB-cwnd
[2024-11-02T19:44:02.545496-0600]     0.1250 MB /   0.50 sec =    2.0969 Mbps     5 retrans     18 KB-cwnd
[2024-11-02T19:44:02.546085-0600]     0.1250 MB /   0.50 sec =    2.0974 Mbps     0 retrans     18 KB-cwnd
[2024-11-02T19:44:02.546238-0600]     0.0625 MB /   0.50 sec =    1.0486 Mbps     0 retrans     18 KB-cwnd
[2024-11-02T19:44:04.167383-0600]     0.1875 MB /   0.50 sec =    3.1457 Mbps     5 retrans      7 KB-cwnd
[2024-11-02T19:44:04.167579-0600]     0.1250 MB /   0.50 sec =    2.0971 Mbps     0 retrans      7 KB-cwnd
[2024-11-02T19:44:04.167616-0600]     0.0625 MB /   0.50 sec =    1.0486 Mbps     0 retrans      7 KB-cwnd
[2024-11-02T19:44:05.224000-0600]     0.1250 MB /   0.50 sec =    2.0972 Mbps     3 retrans     26 KB-cwnd
[2024-11-02T19:44:05.224191-0600]     0.1250 MB /   0.50 sec =    2.0971 Mbps     0 retrans     26 KB-cwnd
[2024-11-02T19:44:06.324542-0600]     0.2500 MB /   0.50 sec =    4.1942 Mbps     7 retrans     18 KB-cwnd
[2024-11-02T19:44:06.325046-0600]     0.1875 MB /   0.50 sec =    3.1458 Mbps     0 retrans     18 KB-cwnd
[2024-11-02T19:44:06.325197-0600]     0.1250 MB /   0.50 sec =    2.0972 Mbps     0 retrans     18 KB-cwnd
[2024-11-02T19:44:08.595856-0600]     0.1250 MB /   0.50 sec =    2.0971 Mbps     9 retrans     19 KB-cwnd
[2024-11-02T19:44:08.596022-0600]     0.0625 MB /   0.50 sec =    1.0486 Mbps     0 retrans     19 KB-cwnd
[2024-11-02T19:44:08.596052-0600]     0.0625 MB /   0.50 sec =    1.0486 Mbps     0 retrans     19 KB-cwnd
[2024-11-02T19:44:08.596077-0600]     0.0625 MB /   0.50 sec =    1.0486 Mbps     0 retrans     19 KB-cwnd
[2024-11-02T19:44:09.882057-0600]     0.1875 MB /   0.50 sec =    3.1457 Mbps     7 retrans     11 KB-cwnd
[2024-11-02T19:44:09.882525-0600]     0.1875 MB /   0.50 sec =    3.1457 Mbps     0 retrans     11 KB-cwnd
[2024-11-02T19:44:09.882673-0600]     0.0625 MB /   0.50 sec =    1.0486 Mbps     0 retrans     11 KB-cwnd
[2024-11-02T19:44:10.649318-0600]     0.1250 MB /   0.50 sec =    2.0972 Mbps     6 retrans     35 KB-cwnd
[2024-11-02T19:44:11.778158-0600]     0.3750 MB /   0.50 sec =    6.2915 Mbps     5 retrans     15 KB-cwnd
[2024-11-02T19:44:11.778446-0600]     0.1250 MB /   0.50 sec =    2.0971 Mbps     0 retrans     15 KB-cwnd
[2024-11-02T19:44:11.778511-0600]     0.1875 MB /   0.50 sec =    3.1457 Mbps     0 retrans     15 KB-cwnd
[2024-11-02T19:44:14.286589-0600]     0.0625 MB /   0.50 sec =    1.0486 Mbps     8 retrans     12 KB-cwnd
[2024-11-02T19:44:14.286931-0600]     0.0625 MB /   0.50 sec =    1.0486 Mbps     0 retrans     12 KB-cwnd
[2024-11-02T19:44:14.287035-0600]     0.0625 MB /   0.50 sec =    1.0486 Mbps     0 retrans     12 KB-cwnd
[2024-11-02T19:44:14.287147-0600]     0.0625 MB /   0.50 sec =    1.0486 Mbps     0 retrans     12 KB-cwnd
[2024-11-02T19:44:14.287245-0600]     0.0625 MB /   0.50 sec =    1.0486 Mbps     0 retrans     12 KB-cwnd
[2024-11-02T19:44:16.480591-0600]     0.1250 MB /   0.50 sec =    2.0969 Mbps     6 retrans     19 KB-cwnd
[2024-11-02T19:44:16.481143-0600]     0.0625 MB /   0.50 sec =    1.0487 Mbps     0 retrans     19 KB-cwnd
[2024-11-02T19:44:16.481294-0600]     0.1250 MB /   0.50 sec =    2.0972 Mbps     0 retrans     19 KB-cwnd
[2024-11-02T19:44:16.481411-0600]     0.0625 MB /   0.50 sec =    1.0486 Mbps     0 retrans     19 KB-cwnd
[2024-11-02T19:44:17.679782-0600]     0.0625 MB /   0.50 sec =    1.0484 Mbps     7 retrans     18 KB-cwnd
[2024-11-02T19:44:17.680363-0600]     0.2500 MB /   0.50 sec =    4.1945 Mbps     0 retrans     18 KB-cwnd
[2024-11-02T19:44:19.113424-0600]     0.1250 MB /   0.50 sec =    2.0973 Mbps     5 retrans      9 KB-cwnd
[2024-11-02T19:44:19.114244-0600]     0.1250 MB /   0.50 sec =    2.0972 Mbps     0 retrans      9 KB-cwnd
[2024-11-02T19:44:19.114400-0600]     0.1250 MB /   0.50 sec =    2.0971 Mbps     0 retrans      9 KB-cwnd
[2024-11-02T19:44:21.317690-0600]     0.1250 MB /   0.50 sec =    2.0970 Mbps     6 retrans     19 KB-cwnd
[2024-11-02T19:44:21.318321-0600]     0.0625 MB /   0.50 sec =    1.0486 Mbps     0 retrans     19 KB-cwnd
[2024-11-02T19:44:21.318469-0600]     0.0625 MB /   0.50 sec =    1.0486 Mbps     0 retrans     19 KB-cwnd
[2024-11-02T19:44:21.318591-0600]     0.1250 MB /   0.50 sec =    2.0972 Mbps     0 retrans     19 KB-cwnd
[2024-11-02T19:44:21.318705-0600]     0.0625 MB /   0.50 sec =    1.0485 Mbps     0 retrans     19 KB-cwnd
[2024-11-02T19:44:23.661466-0600]     0.1250 MB /   0.50 sec =    2.0972 Mbps     7 retrans      8 KB-cwnd
[2024-11-02T19:44:23.661624-0600]     0.0625 MB /   0.50 sec =    1.0486 Mbps     0 retrans      8 KB-cwnd
[2024-11-02T19:44:23.661659-0600]     0.0625 MB /   0.50 sec =    1.0486 Mbps     0 retrans      8 KB-cwnd
[2024-11-02T19:44:23.661693-0600]     0.0625 MB /   0.50 sec =    1.0486 Mbps     0 retrans      8 KB-cwnd
[2024-11-02T19:44:26.695094-0600]     0.1250 MB /   0.50 sec =    2.0972 Mbps     9 retrans     15 KB-cwnd
[2024-11-02T19:44:26.695618-0600]     0.0625 MB /   0.50 sec =    1.0486 Mbps     0 retrans     15 KB-cwnd
[2024-11-02T19:44:26.695747-0600]     0.0625 MB /   0.50 sec =    1.0485 Mbps     0 retrans     15 KB-cwnd
[2024-11-02T19:44:26.695820-0600]     0.0000 MB /   0.50 sec =    0.0000 Mbps     0 retrans     15 KB-cwnd
[2024-11-02T19:44:26.695889-0600]     0.0625 MB /   0.50 sec =    1.0485 Mbps     0 retrans     15 KB-cwnd
[2024-11-02T19:44:26.695957-0600]     0.0625 MB /   0.50 sec =    1.0486 Mbps     0 retrans     15 KB-cwnd
[2024-11-02T19:44:28.391858-0600]     0.1250 MB /   0.50 sec =    2.0972 Mbps     5 retrans     39 KB-cwnd
[2024-11-02T19:44:28.392373-0600]     0.0625 MB /   0.50 sec =    1.0486 Mbps     0 retrans     39 KB-cwnd
[2024-11-02T19:44:28.392490-0600]     0.1250 MB /   0.50 sec =    2.0972 Mbps     0 retrans     39 KB-cwnd
[2024-11-02T19:44:28.392577-0600]     0.1250 MB /   0.50 sec =    2.0971 Mbps     0 retrans     39 KB-cwnd
[2024-11-02T19:44:29.883630-0600]     0.1875 MB /   0.50 sec =    3.1458 Mbps    11 retrans      8 KB-cwnd
[2024-11-02T19:44:29.883850-0600]     0.1250 MB /   0.50 sec =    2.0971 Mbps     0 retrans      8 KB-cwnd
[2024-11-02T19:44:29.883889-0600]     0.0625 MB /   0.50 sec =    1.0486 Mbps     0 retrans      8 KB-cwnd
[2024-11-02T19:44:31.247297-0600]     0.0625 MB /   0.50 sec =    1.0485 Mbps    10 retrans     14 KB-cwnd
[2024-11-02T19:44:31.247543-0600]     0.2500 MB /   0.50 sec =    4.1943 Mbps     0 retrans     14 KB-cwnd
[2024-11-02T19:44:33.335988-0600]     0.0625 MB /   0.50 sec =    1.0486 Mbps     6 retrans     62 KB-cwnd
[2024-11-02T19:44:33.336432-0600]     0.0625 MB /   0.50 sec =    1.0486 Mbps     0 retrans     62 KB-cwnd
[2024-11-02T19:44:33.336536-0600]     0.0625 MB /   0.50 sec =    1.0486 Mbps     0 retrans     62 KB-cwnd
[2024-11-02T19:44:33.336618-0600]     0.1250 MB /   0.50 sec =    2.0971 Mbps     0 retrans     62 KB-cwnd
[2024-11-02T19:44:33.336720-0600]     0.1250 MB /   0.50 sec =    2.0973 Mbps     0 retrans     62 KB-cwnd
[2024-11-02T19:44:34.203815-0600]     0.2500 MB /   0.50 sec =    4.1943 Mbps    10 retrans     16 KB-cwnd
[2024-11-02T19:44:35.821600-0600]     0.1875 MB /   0.50 sec =    3.1457 Mbps     5 retrans     18 KB-cwnd
[2024-11-02T19:44:35.822242-0600]     0.1250 MB /   0.50 sec =    2.0971 Mbps     0 retrans     18 KB-cwnd
[2024-11-02T19:44:35.822394-0600]     0.0625 MB /   0.50 sec =    1.0486 Mbps     0 retrans     18 KB-cwnd
[2024-11-02T19:44:35.822518-0600]     0.1250 MB /   0.50 sec =    2.0972 Mbps     0 retrans     18 KB-cwnd
[2024-11-02T19:44:37.660651-0600]     0.0625 MB /   0.50 sec =    1.0485 Mbps     6 retrans     18 KB-cwnd
[2024-11-02T19:44:37.661085-0600]     0.0625 MB /   0.50 sec =    1.0486 Mbps     0 retrans     18 KB-cwnd
[2024-11-02T19:44:37.661205-0600]     0.1250 MB /   0.50 sec =    2.0972 Mbps     0 retrans     18 KB-cwnd
[2024-11-02T19:44:40.589080-0600]     0.1875 MB /   0.50 sec =    3.1457 Mbps    11 retrans     12 KB-cwnd
[2024-11-02T19:44:40.589629-0600]     0.0625 MB /   0.50 sec =    1.0486 Mbps     0 retrans     12 KB-cwnd
[2024-11-02T19:44:40.589939-0600]     0.0625 MB /   0.50 sec =    1.0486 Mbps     0 retrans     12 KB-cwnd
[2024-11-02T19:44:40.590070-0600]     0.0000 MB /   0.50 sec =    0.0000 Mbps     0 retrans     12 KB-cwnd
[2024-11-02T19:44:40.590193-0600]     0.1250 MB /   0.50 sec =    2.0972 Mbps     0 retrans     12 KB-cwnd
[2024-11-02T19:44:40.590307-0600]     0.0000 MB /   0.50 sec =    0.0000 Mbps     0 retrans     12 KB-cwnd
[2024-11-02T19:44:42.136008-0600]     0.1250 MB /   0.50 sec =    2.0971 Mbps     3 retrans     26 KB-cwnd
[2024-11-02T19:44:42.136565-0600]     0.0625 MB /   0.50 sec =    1.0486 Mbps     0 retrans     26 KB-cwnd
[2024-11-02T19:44:42.136714-0600]     0.1250 MB /   0.50 sec =    2.0972 Mbps     0 retrans     26 KB-cwnd
[2024-11-02T19:44:43.627534-0600]     0.1875 MB /   0.50 sec =    3.1457 Mbps     7 retrans     15 KB-cwnd
[2024-11-02T19:44:43.627925-0600]     0.1250 MB /   0.50 sec =    2.0972 Mbps     0 retrans     15 KB-cwnd
[2024-11-02T19:44:43.628031-0600]     0.1250 MB /   0.50 sec =    2.0971 Mbps     0 retrans     15 KB-cwnd
[2024-11-02T19:44:46.563795-0600]     0.0625 MB /   0.50 sec =    1.0485 Mbps    13 retrans      4 KB-cwnd
[2024-11-02T19:44:46.564001-0600]     0.0625 MB /   0.50 sec =    1.0486 Mbps     0 retrans      4 KB-cwnd
[2024-11-02T19:44:46.564095-0600]     0.0625 MB /   0.50 sec =    1.0486 Mbps     0 retrans      4 KB-cwnd
[2024-11-02T19:44:46.564164-0600]     0.0625 MB /   0.50 sec =    1.0486 Mbps     0 retrans      4 KB-cwnd
[2024-11-02T19:44:46.564320-0600]     0.0625 MB /   0.50 sec =    1.0486 Mbps     0 retrans      4 KB-cwnd
[2024-11-02T19:44:46.564355-0600]     0.0625 MB /   0.50 sec =    1.0484 Mbps     0 retrans      4 KB-cwnd
[2024-11-02T19:44:48.965201-0600]     0.0625 MB /   0.50 sec =    1.0488 Mbps     7 retrans      8 KB-cwnd
[2024-11-02T19:44:48.965840-0600]     0.0625 MB /   0.50 sec =    1.0486 Mbps     0 retrans      8 KB-cwnd
[2024-11-02T19:44:48.966001-0600]     0.1250 MB /   0.50 sec =    2.0971 Mbps     0 retrans      8 KB-cwnd
[2024-11-02T19:44:48.966123-0600]     0.0625 MB /   0.50 sec =    1.0486 Mbps     0 retrans      8 KB-cwnd
[2024-11-02T19:44:48.966232-0600]     0.0625 MB /   0.50 sec =    1.0486 Mbps     0 retrans      8 KB-cwnd
[2024-11-02T19:44:51.216796-0600]     0.0625 MB /   0.50 sec =    1.0486 Mbps     5 retrans     21 KB-cwnd
[2024-11-02T19:44:51.217189-0600]     0.0625 MB /   0.50 sec =    1.0485 Mbps     0 retrans     21 KB-cwnd
[2024-11-02T19:44:51.217308-0600]     0.0625 MB /   0.50 sec =    1.0486 Mbps     0 retrans     21 KB-cwnd
[2024-11-02T19:44:51.217402-0600]     0.1250 MB /   0.50 sec =    2.0972 Mbps     0 retrans     21 KB-cwnd
[2024-11-02T19:44:53.500661-0600]     0.1250 MB /   0.50 sec =    2.0972 Mbps    12 retrans     15 KB-cwnd
[2024-11-02T19:44:53.501228-0600]     0.1250 MB /   0.50 sec =    2.0964 Mbps     0 retrans     15 KB-cwnd
[2024-11-02T19:44:53.501420-0600]     0.0000 MB /   0.50 sec =    0.0000 Mbps     0 retrans     15 KB-cwnd
[2024-11-02T19:44:53.501548-0600]     0.1250 MB /   0.50 sec =    2.0975 Mbps     0 retrans     15 KB-cwnd
[2024-11-02T19:44:53.501664-0600]     0.0625 MB /   0.50 sec =    1.0485 Mbps     0 retrans     15 KB-cwnd
[2024-11-02T19:44:55.536987-0600]     0.1250 MB /   0.50 sec =    2.0972 Mbps     6 retrans     11 KB-cwnd
[2024-11-02T19:44:55.537583-0600]     0.0625 MB /   0.50 sec =    1.0486 Mbps     0 retrans     11 KB-cwnd
[2024-11-02T19:44:55.537803-0600]     0.1250 MB /   0.50 sec =    2.0972 Mbps     0 retrans     11 KB-cwnd
[2024-11-02T19:44:55.537931-0600]     0.0625 MB /   0.50 sec =    1.0486 Mbps     0 retrans     11 KB-cwnd
[2024-11-02T19:44:57.866163-0600]     0.0625 MB /   0.50 sec =    1.0486 Mbps     6 retrans     16 KB-cwnd
[2024-11-02T19:44:57.866655-0600]     0.1250 MB /   0.50 sec =    2.0971 Mbps     0 retrans     16 KB-cwnd
[2024-11-02T19:44:57.866799-0600]     0.0625 MB /   0.50 sec =    1.0486 Mbps     0 retrans     16 KB-cwnd
[2024-11-02T19:44:57.866916-0600]     0.0625 MB /   0.50 sec =    1.0486 Mbps     0 retrans     16 KB-cwnd
[2024-11-02T19:44:57.867024-0600]     0.0625 MB /   0.50 sec =    1.0486 Mbps     0 retrans     16 KB-cwnd
[2024-11-02T19:44:59.910148-0600]     0.1250 MB /   0.50 sec =    2.0972 Mbps     4 retrans     14 KB-cwnd
[2024-11-02T19:44:59.910645-0600]     0.1250 MB /   0.50 sec =    2.0972 Mbps     0 retrans     14 KB-cwnd
[2024-11-02T19:44:59.910798-0600]     0.0625 MB /   0.50 sec =    1.0485 Mbps     0 retrans     14 KB-cwnd
[2024-11-02T19:44:59.910920-0600]     0.0625 MB /   0.50 sec =    1.0486 Mbps     0 retrans     14 KB-cwnd
[2024-11-02T19:45:02.351254-0600]     0.1250 MB /   0.50 sec =    2.0972 Mbps    10 retrans      7 KB-cwnd
[2024-11-02T19:45:02.351405-0600]     0.0625 MB /   0.50 sec =    1.0486 Mbps     0 retrans      7 KB-cwnd
[2024-11-02T19:45:02.351437-0600]     0.1250 MB /   0.50 sec =    2.0971 Mbps     0 retrans      7 KB-cwnd
[2024-11-02T19:45:02.351463-0600]     0.0000 MB /   0.50 sec =    0.0000 Mbps     0 retrans      7 KB-cwnd
[2024-11-02T19:45:02.351488-0600]     0.0625 MB /   0.50 sec =    1.0485 Mbps     0 retrans      7 KB-cwnd
[2024-11-02T19:45:04.795878-0600]     0.1250 MB /   0.50 sec =    2.0973 Mbps     7 retrans      7 KB-cwnd
[2024-11-02T19:45:04.796259-0600]     0.0625 MB /   0.50 sec =    1.0484 Mbps     0 retrans      7 KB-cwnd
[2024-11-02T19:45:04.796360-0600]     0.1250 MB /   0.50 sec =    2.0974 Mbps     0 retrans      7 KB-cwnd
[2024-11-02T19:45:04.796439-0600]     0.0625 MB /   0.50 sec =    1.0483 Mbps     0 retrans      7 KB-cwnd
[2024-11-02T19:45:04.796588-0600]     0.0000 MB /   0.50 sec =    0.0000 Mbps     0 retrans      7 KB-cwnd
[2024-11-02T19:45:07.608314-0600]     0.0625 MB /   0.50 sec =    1.0486 Mbps     8 retrans      7 KB-cwnd
[2024-11-02T19:45:07.608885-0600]     0.1250 MB /   0.50 sec =    2.0971 Mbps     0 retrans      7 KB-cwnd
[2024-11-02T19:45:07.609041-0600]     0.1250 MB /   0.50 sec =    2.0970 Mbps     0 retrans      7 KB-cwnd
[2024-11-02T19:45:07.609162-0600]     0.0000 MB /   0.50 sec =    0.0000 Mbps     0 retrans      7 KB-cwnd
[2024-11-02T19:45:07.609277-0600]     0.0625 MB /   0.50 sec =    1.0484 Mbps     0 retrans      7 KB-cwnd
[2024-11-02T19:45:11.007473-0600]     0.0625 MB /   0.50 sec =    1.0487 Mbps    12 retrans      7 KB-cwnd
[2024-11-02T19:45:11.007655-0600]     0.0625 MB /   0.50 sec =    1.0486 Mbps     0 retrans      7 KB-cwnd
[2024-11-02T19:45:11.007696-0600]     0.0625 MB /   0.50 sec =    1.0486 Mbps     0 retrans      7 KB-cwnd
[2024-11-02T19:45:11.007733-0600]     0.0625 MB /   0.50 sec =    1.0486 Mbps     0 retrans      7 KB-cwnd
[2024-11-02T19:45:11.007766-0600]     0.0625 MB /   0.50 sec =    1.0485 Mbps     0 retrans      7 KB-cwnd
[2024-11-02T19:45:11.007796-0600]     0.0000 MB /   0.50 sec =    0.0000 Mbps     0 retrans      7 KB-cwnd
[2024-11-02T19:45:11.007861-0600]     0.0625 MB /   0.50 sec =    1.0486 Mbps     0 retrans      7 KB-cwnd
[2024-11-02T19:45:14.418718-0600]     0.0625 MB /   0.50 sec =    1.0486 Mbps    15 retrans      2 KB-cwnd
[2024-11-02T19:45:14.419111-0600]     0.0625 MB /   0.50 sec =    1.0485 Mbps     0 retrans      2 KB-cwnd
[2024-11-02T19:45:14.419225-0600]     0.0625 MB /   0.50 sec =    1.0486 Mbps     0 retrans      2 KB-cwnd
[2024-11-02T19:45:14.419317-0600]     0.0625 MB /   0.50 sec =    1.0486 Mbps     0 retrans      2 KB-cwnd
[2024-11-02T19:45:14.419406-0600]     0.0625 MB /   0.50 sec =    1.0486 Mbps     0 retrans      2 KB-cwnd
[2024-11-02T19:45:14.419489-0600]     0.0000 MB /   0.50 sec =    0.0000 Mbps     0 retrans      2 KB-cwnd
[2024-11-02T19:45:14.419574-0600]     0.0625 MB /   0.50 sec =    1.0486 Mbps     0 retrans      2 KB-cwnd
[2024-11-02T19:45:16.762343-0600]     0.0625 MB /   0.50 sec =    1.0486 Mbps     8 retrans      9 KB-cwnd
[2024-11-02T19:45:16.762917-0600]     0.0625 MB /   0.50 sec =    1.0486 Mbps     0 retrans      9 KB-cwnd
[2024-11-02T19:45:16.763076-0600]     0.0625 MB /   0.50 sec =    1.0485 Mbps     0 retrans      9 KB-cwnd
[2024-11-02T19:45:16.763196-0600]     0.0625 MB /   0.50 sec =    1.0486 Mbps     0 retrans      9 KB-cwnd
[2024-11-02T19:45:19.588136-0600]     0.1875 MB /   0.50 sec =    3.1457 Mbps    11 retrans     14 KB-cwnd
[2024-11-02T19:45:19.588557-0600]     0.0625 MB /   0.50 sec =    1.0485 Mbps     0 retrans     14 KB-cwnd
[2024-11-02T19:45:19.588666-0600]     0.0625 MB /   0.50 sec =    1.0487 Mbps     0 retrans     14 KB-cwnd
[2024-11-02T19:45:19.588758-0600]     0.0625 MB /   0.50 sec =    1.0486 Mbps     0 retrans     14 KB-cwnd
[2024-11-02T19:45:19.588845-0600]     0.0625 MB /   0.50 sec =    1.0486 Mbps     0 retrans     14 KB-cwnd
[2024-11-02T19:45:19.588925-0600]     0.0000 MB /   0.50 sec =    0.0000 Mbps     0 retrans     14 KB-cwnd
[2024-11-02T19:45:21.232134-0600]     0.1250 MB /   0.50 sec =    2.0972 Mbps     5 retrans     21 KB-cwnd
[2024-11-02T19:45:21.232359-0600]     0.0625 MB /   0.50 sec =    1.0486 Mbps     0 retrans     21 KB-cwnd
[2024-11-02T19:45:21.232422-0600]     0.0625 MB /   0.50 sec =    1.0486 Mbps     0 retrans     21 KB-cwnd
[2024-11-02T19:45:21.274023-0600]     0.1250 MB /   0.50 sec =    2.0972 Mbps     0 retrans     31 KB-cwnd
[2024-11-02T19:45:21.772673-0600]     0.3125 MB /   0.50 sec =    5.2379 Mbps     4 retrans     25 KB-cwnd
End time: 1730598322059
