Start time: 1730844978311
[2024-11-05T16:16:19.490338-0600] nuttcp-t: v8.1.4: socket
[2024-11-05T16:16:19.490989-0600] nuttcp-t: buflen=65536, nstream=1, port=5101 tcp -> 54.197.223.49
[2024-11-05T16:16:19.491036-0600] nuttcp-t: time limit = 120.00 seconds
[2024-11-05T16:16:19.491069-0600] nuttcp-t: connect to 54.197.223.49 with mss=1376, RTT=94.872 ms af=inet
[2024-11-05T16:16:19.491100-0600] nuttcp-t: send window size = 2097152, receive window size = 6291456
[2024-11-05T16:16:19.491132-0600] nuttcp-t: available send window = 1572864, available receive window = 4718592
[2024-11-05T16:16:19.491160-0600] nuttcp-t: initial congestion window = 13 KB (10 packets)
[2024-11-05T16:16:19.491190-0600] nuttcp-r: v8.1.4: socket
[2024-11-05T16:16:19.491218-0600] nuttcp-r: buflen=65536, nstream=1, port=5101 tcp
[2024-11-05T16:16:19.491247-0600] nuttcp-r: interval reporting every 0.50 seconds
[2024-11-05T16:16:19.491274-0600] nuttcp-r: accept from 174.234.186.29 with af=inet
[2024-11-05T16:16:19.491301-0600] nuttcp-r: send window size = 450000000, receive window size = 450000000
[2024-11-05T16:16:19.491329-0600] nuttcp-r: available send window = 225000000, available receive window = 225000000
[2024-11-05T16:16:19.491357-0600]     0.1250 MB /   0.50 sec =    2.0971 Mbps     0 retrans    404 KB-cwnd
[2024-11-05T16:16:21.909745-0600]     1.4375 MB /   0.50 sec =   24.1175 Mbps     0 retrans   1944 KB-cwnd
[2024-11-05T16:16:21.910221-0600]     0.6875 MB /   0.50 sec =   11.5195 Mbps     0 retrans   1944 KB-cwnd
[2024-11-05T16:16:21.910377-0600]     0.3125 MB /   0.50 sec =    5.2491 Mbps     0 retrans   1944 KB-cwnd
[2024-11-05T16:16:21.910494-0600]     0.3125 MB /   0.50 sec =    5.2430 Mbps     0 retrans   1944 KB-cwnd
[2024-11-05T16:16:21.910608-0600]     0.2500 MB /   0.50 sec =    4.1943 Mbps     0 retrans   1944 KB-cwnd
[2024-11-05T16:16:26.226365-0600]     0.4375 MB /   0.50 sec =    7.3403 Mbps     0 retrans   1554 KB-cwnd
[2024-11-05T16:16:26.226865-0600]     0.3125 MB /   0.50 sec =    5.2428 Mbps     0 retrans   1554 KB-cwnd
[2024-11-05T16:16:26.227016-0600]     0.3125 MB /   0.50 sec =    5.2429 Mbps     0 retrans   1554 KB-cwnd
[2024-11-05T16:16:26.227133-0600]     0.3125 MB /   0.50 sec =    5.2396 Mbps     0 retrans   1554 KB-cwnd
[2024-11-05T16:16:26.227241-0600]     0.3125 MB /   0.50 sec =    5.2462 Mbps     0 retrans   1554 KB-cwnd
[2024-11-05T16:16:26.227345-0600]     0.3750 MB /   0.50 sec =    6.2915 Mbps     0 retrans   1554 KB-cwnd
[2024-11-05T16:16:26.227447-0600]     0.2500 MB /   0.50 sec =    4.1945 Mbps     0 retrans   1554 KB-cwnd
[2024-11-05T16:16:26.227553-0600]     0.3125 MB /   0.50 sec =    5.2426 Mbps     0 retrans   1554 KB-cwnd
[2024-11-05T16:16:30.690269-0600]     0.3125 MB /   0.50 sec =    5.2408 Mbps     0 retrans   1267 KB-cwnd
[2024-11-05T16:16:30.690718-0600]     0.3125 MB /   0.50 sec =    5.2451 Mbps     0 retrans   1267 KB-cwnd
[2024-11-05T16:16:30.690863-0600]     0.2500 MB /   0.50 sec =    4.1941 Mbps     0 retrans   1267 KB-cwnd
[2024-11-05T16:16:30.690977-0600]     0.3125 MB /   0.50 sec =    5.2429 Mbps     0 retrans   1267 KB-cwnd
[2024-11-05T16:16:30.691083-0600]     0.3125 MB /   0.50 sec =    5.2430 Mbps     0 retrans   1267 KB-cwnd
[2024-11-05T16:16:30.691200-0600]     0.3125 MB /   0.50 sec =    5.2430 Mbps     0 retrans   1267 KB-cwnd
[2024-11-05T16:16:30.691303-0600]     0.3125 MB /   0.50 sec =    5.2429 Mbps     0 retrans   1267 KB-cwnd
[2024-11-05T16:16:30.691403-0600]     0.3125 MB /   0.50 sec =    5.2428 Mbps     0 retrans   1267 KB-cwnd
[2024-11-05T16:16:30.691503-0600]     0.2500 MB /   0.50 sec =    4.1944 Mbps     0 retrans   1267 KB-cwnd
[2024-11-05T16:16:33.675822-0600]     0.3750 MB /   0.50 sec =    6.2915 Mbps     0 retrans   1267 KB-cwnd
[2024-11-05T16:16:33.676349-0600]     0.4375 MB /   0.50 sec =    7.3400 Mbps     0 retrans   1267 KB-cwnd
[2024-11-05T16:16:33.676509-0600]     0.5000 MB /   0.50 sec =    8.3886 Mbps     0 retrans   1267 KB-cwnd
[2024-11-05T16:16:33.676725-0600]     0.5000 MB /   0.50 sec =    8.3884 Mbps     0 retrans   1267 KB-cwnd
[2024-11-05T16:16:33.676858-0600]     0.5000 MB /   0.50 sec =    8.3805 Mbps     0 retrans   1267 KB-cwnd
[2024-11-05T16:16:33.677024-0600]     0.2500 MB /   0.50 sec =    4.1985 Mbps     0 retrans   1267 KB-cwnd
[2024-11-05T16:16:37.635045-0600]     0.2500 MB /   0.50 sec =    4.1823 Mbps     5 retrans   1267 KB-cwnd
[2024-11-05T16:16:37.635402-0600]     0.5000 MB /   0.50 sec =    8.4088 Mbps     0 retrans   1267 KB-cwnd
[2024-11-05T16:16:37.635537-0600]     0.5625 MB /   0.50 sec =    9.4413 Mbps     0 retrans   1267 KB-cwnd
[2024-11-05T16:16:37.635652-0600]     0.3125 MB /   0.50 sec =    5.2430 Mbps     0 retrans   1267 KB-cwnd
[2024-11-05T16:16:37.635758-0600]     0.4375 MB /   0.50 sec =    7.3400 Mbps     0 retrans   1267 KB-cwnd
[2024-11-05T16:16:37.635867-0600]     0.3125 MB /   0.50 sec =    5.2428 Mbps     0 retrans   1267 KB-cwnd
[2024-11-05T16:16:37.635972-0600]     0.3125 MB /   0.50 sec =    5.2430 Mbps     0 retrans   1267 KB-cwnd
[2024-11-05T16:16:37.636073-0600]     0.1250 MB /   0.50 sec =    2.0971 Mbps     0 retrans   1267 KB-cwnd
[2024-11-05T16:16:41.409912-0600]     0.2500 MB /   0.50 sec =    4.1943 Mbps     5 retrans   1267 KB-cwnd
[2024-11-05T16:16:41.410298-0600]     0.3125 MB /   0.50 sec =    5.2428 Mbps     0 retrans   1267 KB-cwnd
[2024-11-05T16:16:41.410432-0600]     0.3750 MB /   0.50 sec =    6.2914 Mbps     0 retrans   1267 KB-cwnd
[2024-11-05T16:16:41.410545-0600]     0.2500 MB /   0.50 sec =    4.1944 Mbps     0 retrans   1267 KB-cwnd
[2024-11-05T16:16:41.410657-0600]     0.1875 MB /   0.50 sec =    3.1456 Mbps     0 retrans   1267 KB-cwnd
[2024-11-05T16:16:41.410779-0600]     0.5000 MB /   0.50 sec =    8.3877 Mbps     0 retrans   1267 KB-cwnd
[2024-11-05T16:16:41.410884-0600]     0.4375 MB /   0.50 sec =    7.3405 Mbps     0 retrans   1267 KB-cwnd
[2024-11-05T16:16:41.410987-0600]     0.3750 MB /   0.50 sec =    6.2915 Mbps     0 retrans   1267 KB-cwnd
[2024-11-05T16:16:45.326809-0600]     0.4375 MB /   0.50 sec =    7.3402 Mbps     0 retrans   1267 KB-cwnd
[2024-11-05T16:16:45.327215-0600]     0.2500 MB /   0.50 sec =    4.1857 Mbps     0 retrans   1267 KB-cwnd
[2024-11-05T16:16:45.327354-0600]     0.4375 MB /   0.50 sec =    7.3556 Mbps     0 retrans   1267 KB-cwnd
[2024-11-05T16:16:45.327469-0600]     0.3750 MB /   0.50 sec =    6.2914 Mbps     0 retrans   1267 KB-cwnd
[2024-11-05T16:16:45.327580-0600]     0.4375 MB /   0.50 sec =    7.3401 Mbps     0 retrans   1267 KB-cwnd
[2024-11-05T16:16:45.327684-0600]     0.3750 MB /   0.50 sec =    6.2915 Mbps     0 retrans   1267 KB-cwnd
[2024-11-05T16:16:45.327787-0600]     0.1875 MB /   0.50 sec =    3.1457 Mbps     0 retrans   1267 KB-cwnd
[2024-11-05T16:16:55.004075-0600]     0.3125 MB /   0.50 sec =    5.2429 Mbps   778 retrans    231 KB-cwnd
[2024-11-05T16:16:55.004497-0600]     0.1250 MB /   0.50 sec =    2.0971 Mbps     0 retrans    231 KB-cwnd
[2024-11-05T16:16:55.004713-0600]     0.0625 MB /   0.50 sec =    1.0486 Mbps     0 retrans    231 KB-cwnd
[2024-11-05T16:16:55.004840-0600]     0.0000 MB /   0.50 sec =    0.0000 Mbps     0 retrans    231 KB-cwnd
[2024-11-05T16:16:55.004949-0600]     0.0000 MB /   0.50 sec =    0.0000 Mbps     0 retrans    231 KB-cwnd
[2024-11-05T16:16:55.005056-0600]     0.0000 MB /   0.50 sec =    0.0000 Mbps     0 retrans    231 KB-cwnd
[2024-11-05T16:16:55.005158-0600]     0.0000 MB /   0.50 sec =    0.0000 Mbps     0 retrans    231 KB-cwnd
[2024-11-05T16:16:55.005260-0600]     0.0000 MB /   0.50 sec =    0.0000 Mbps     0 retrans    231 KB-cwnd
[2024-11-05T16:16:55.005365-0600]     0.5000 MB /   0.50 sec =    8.3883 Mbps     0 retrans    231 KB-cwnd
[2024-11-05T16:16:55.005468-0600]     0.0625 MB /   0.50 sec =    1.0484 Mbps     0 retrans    231 KB-cwnd
[2024-11-05T16:16:55.005570-0600]     0.6250 MB /   0.50 sec =   10.4874 Mbps     0 retrans    231 KB-cwnd
[2024-11-05T16:16:55.005671-0600]     0.2500 MB /   0.50 sec =    4.1943 Mbps     0 retrans    231 KB-cwnd
[2024-11-05T16:16:55.005773-0600]     0.1875 MB /   0.50 sec =    3.1459 Mbps     0 retrans    231 KB-cwnd
[2024-11-05T16:16:55.005874-0600]     0.1250 MB /   0.50 sec =    2.0971 Mbps     0 retrans    231 KB-cwnd
[2024-11-05T16:16:55.006325-0600]     0.1875 MB /   0.50 sec =    3.1458 Mbps     0 retrans    231 KB-cwnd
[2024-11-05T16:16:55.006432-0600]     0.0000 MB /   0.50 sec =    0.0000 Mbps     0 retrans    231 KB-cwnd
[2024-11-05T16:16:55.006535-0600]     0.0000 MB /   0.50 sec =    0.0000 Mbps     0 retrans    231 KB-cwnd
[2024-11-05T16:16:55.006636-0600]     0.0000 MB /   0.50 sec =    0.0000 Mbps     0 retrans    231 KB-cwnd
[2024-11-05T16:16:55.006737-0600]     0.0625 MB /   0.50 sec =    1.0486 Mbps     0 retrans    231 KB-cwnd
[2024-11-05T16:16:55.006838-0600]     0.0000 MB /   0.50 sec =    0.0000 Mbps     0 retrans    231 KB-cwnd
[2024-11-05T16:17:15.960936-0600]     0.5625 MB /   0.50 sec =    9.4388 Mbps   937 retrans    122 KB-cwnd
[2024-11-05T16:17:15.961395-0600]     0.0000 MB /   0.50 sec =    0.0000 Mbps     0 retrans    122 KB-cwnd
[2024-11-05T16:17:15.961537-0600]     0.3750 MB /   0.50 sec =    6.2918 Mbps     0 retrans    122 KB-cwnd
[2024-11-05T16:17:15.961655-0600]     0.0000 MB /   0.50 sec =    0.0000 Mbps     0 retrans    122 KB-cwnd
[2024-11-05T16:17:15.961761-0600]     0.0000 MB /   0.50 sec =    0.0000 Mbps     0 retrans    122 KB-cwnd
[2024-11-05T16:17:15.961864-0600]     0.0000 MB /   0.50 sec =    0.0000 Mbps     0 retrans    122 KB-cwnd
[2024-11-05T16:17:15.961966-0600]     0.4375 MB /   0.50 sec =    7.3314 Mbps     0 retrans    122 KB-cwnd
[2024-11-05T16:17:15.962093-0600]     0.0000 MB /   0.50 sec =    0.0000 Mbps     0 retrans    122 KB-cwnd
[2024-11-05T16:17:15.962194-0600]     0.0625 MB /   0.50 sec =    1.0486 Mbps     0 retrans    122 KB-cwnd
[2024-11-05T16:17:15.962295-0600]     0.2500 MB /   0.50 sec =    4.1942 Mbps     0 retrans    122 KB-cwnd
[2024-11-05T16:17:15.962380-0600]     0.0000 MB /   0.50 sec =    0.0000 Mbps     0 retrans    122 KB-cwnd
[2024-11-05T16:17:15.962468-0600]     0.0000 MB /   0.50 sec =    0.0000 Mbps     0 retrans    122 KB-cwnd
[2024-11-05T16:17:15.962755-0600]     0.0000 MB /   0.50 sec =    0.0000 Mbps     0 retrans    122 KB-cwnd
[2024-11-05T16:17:15.962843-0600]     0.0000 MB /   0.50 sec =    0.0000 Mbps     0 retrans    122 KB-cwnd
[2024-11-05T16:17:15.962926-0600]     0.0000 MB /   0.50 sec =    0.0000 Mbps     0 retrans    122 KB-cwnd
[2024-11-05T16:17:15.963010-0600]     0.5000 MB /   0.50 sec =    8.3889 Mbps     0 retrans    122 KB-cwnd
[2024-11-05T16:17:15.963095-0600]     0.0000 MB /   0.50 sec =    0.0000 Mbps     0 retrans    122 KB-cwnd
[2024-11-05T16:17:15.963190-0600]     0.0000 MB /   0.50 sec =    0.0000 Mbps     0 retrans    122 KB-cwnd
[2024-11-05T16:17:15.963276-0600]     0.0000 MB /   0.50 sec =    0.0000 Mbps     0 retrans    122 KB-cwnd
[2024-11-05T16:17:15.963366-0600]     0.0000 MB /   0.50 sec =    0.0000 Mbps     0 retrans    122 KB-cwnd
[2024-11-05T16:17:15.963454-0600]     0.0000 MB /   0.50 sec =    0.0000 Mbps     0 retrans    122 KB-cwnd
[2024-11-05T16:17:15.963539-0600]     0.0625 MB /   0.50 sec =    1.0486 Mbps     0 retrans    122 KB-cwnd
[2024-11-05T16:17:15.963624-0600]     0.0000 MB /   0.50 sec =    0.0000 Mbps     0 retrans    122 KB-cwnd
[2024-11-05T16:17:15.963710-0600]     0.0000 MB /   0.50 sec =    0.0000 Mbps     0 retrans    122 KB-cwnd
[2024-11-05T16:17:15.963794-0600]     0.1875 MB /   0.50 sec =    3.1463 Mbps     0 retrans    122 KB-cwnd
[2024-11-05T16:17:15.963880-0600]     0.0000 MB /   0.50 sec =    0.0000 Mbps     0 retrans    122 KB-cwnd
[2024-11-05T16:17:15.963971-0600]     0.0625 MB /   0.50 sec =    1.0486 Mbps     0 retrans    122 KB-cwnd
[2024-11-05T16:17:15.964056-0600]     0.0000 MB /   0.50 sec =    0.0000 Mbps     0 retrans    122 KB-cwnd
[2024-11-05T16:17:15.964142-0600]     0.0000 MB /   0.50 sec =    0.0000 Mbps     0 retrans    122 KB-cwnd
[2024-11-05T16:17:15.964234-0600]     0.0000 MB /   0.50 sec =    0.0000 Mbps     0 retrans    122 KB-cwnd
[2024-11-05T16:17:15.964340-0600]     0.0625 MB /   0.50 sec =    1.0486 Mbps     0 retrans    122 KB-cwnd
[2024-11-05T16:17:15.964441-0600]     0.0625 MB /   0.50 sec =    1.0486 Mbps     0 retrans    122 KB-cwnd
[2024-11-05T16:17:15.964584-0600]     0.0625 MB /   0.50 sec =    1.0486 Mbps     0 retrans    122 KB-cwnd
[2024-11-05T16:17:15.964769-0600]     0.1250 MB /   0.50 sec =    2.0972 Mbps     0 retrans    122 KB-cwnd
[2024-11-05T16:17:15.964876-0600]     0.0625 MB /   0.50 sec =    1.0486 Mbps     0 retrans    122 KB-cwnd
[2024-11-05T16:17:15.964978-0600]     0.0000 MB /   0.50 sec =    0.0000 Mbps     0 retrans    122 KB-cwnd
[2024-11-05T16:17:15.965081-0600]     0.0000 MB /   0.50 sec =    0.0000 Mbps     0 retrans    122 KB-cwnd
[2024-11-05T16:17:15.965182-0600]     0.0000 MB /   0.50 sec =    0.0000 Mbps     0 retrans    122 KB-cwnd
[2024-11-05T16:17:15.965285-0600]     0.0000 MB /   0.50 sec =    0.0000 Mbps     0 retrans    122 KB-cwnd
[2024-11-05T16:17:15.965385-0600]     0.0000 MB /   0.50 sec =    0.0000 Mbps     0 retrans    122 KB-cwnd
[2024-11-05T16:17:15.965484-0600]     0.0000 MB /   0.50 sec =    0.0000 Mbps     0 retrans    122 KB-cwnd
[2024-11-05T16:17:15.965585-0600]     0.0625 MB /   0.50 sec =    1.0493 Mbps     0 retrans    122 KB-cwnd
[2024-11-05T16:17:21.544546-0600]     0.3750 MB /   0.50 sec =    6.2915 Mbps     4 retrans    208 KB-cwnd
[2024-11-05T16:17:21.544969-0600]     0.1875 MB /   0.50 sec =    3.1457 Mbps     0 retrans    208 KB-cwnd
[2024-11-05T16:17:21.545105-0600]     0.1250 MB /   0.50 sec =    2.0972 Mbps     0 retrans    208 KB-cwnd
[2024-11-05T16:17:21.545218-0600]     0.1875 MB /   0.50 sec =    3.1457 Mbps     0 retrans    208 KB-cwnd
[2024-11-05T16:17:21.545325-0600]     0.1875 MB /   0.50 sec =    3.1458 Mbps     0 retrans    208 KB-cwnd
[2024-11-05T16:17:21.545427-0600]     0.2500 MB /   0.50 sec =    4.1933 Mbps     0 retrans    208 KB-cwnd
[2024-11-05T16:17:21.545529-0600]     0.1250 MB /   0.50 sec =    2.0977 Mbps     0 retrans    208 KB-cwnd
[2024-11-05T16:17:21.545631-0600]     0.0000 MB /   0.50 sec =    0.0000 Mbps     0 retrans    208 KB-cwnd
[2024-11-05T16:17:21.545733-0600]     0.3750 MB /   0.50 sec =    6.2914 Mbps     0 retrans    208 KB-cwnd
[2024-11-05T16:17:21.545838-0600]     0.2500 MB /   0.50 sec =    4.1942 Mbps     0 retrans    208 KB-cwnd
[2024-11-05T16:17:21.545940-0600]     0.3750 MB /   0.50 sec =    6.2916 Mbps     0 retrans    208 KB-cwnd
[2024-11-05T16:17:30.344188-0600]     0.5000 MB /   0.50 sec =    8.3854 Mbps   150 retrans    145 KB-cwnd
[2024-11-05T16:17:30.344739-0600]     0.0625 MB /   0.50 sec =    1.0490 Mbps     0 retrans    145 KB-cwnd
[2024-11-05T16:17:30.344804-0600]     0.0000 MB /   0.50 sec =    0.0000 Mbps     0 retrans    145 KB-cwnd
[2024-11-05T16:17:30.344852-0600]     0.0000 MB /   0.50 sec =    0.0000 Mbps     0 retrans    145 KB-cwnd
[2024-11-05T16:17:30.344895-0600]     0.0000 MB /   0.50 sec =    0.0000 Mbps     0 retrans    145 KB-cwnd
[2024-11-05T16:17:30.344938-0600]     0.0000 MB /   0.50 sec =    0.0000 Mbps     0 retrans    145 KB-cwnd
[2024-11-05T16:17:30.344981-0600]     0.0000 MB /   0.50 sec =    0.0000 Mbps     0 retrans    145 KB-cwnd
[2024-11-05T16:17:30.345022-0600]     0.2500 MB /   0.50 sec =    4.1935 Mbps     0 retrans    145 KB-cwnd
[2024-11-05T16:17:30.345065-0600]     0.2500 MB /   0.50 sec =    4.1952 Mbps     0 retrans    145 KB-cwnd
[2024-11-05T16:17:30.345106-0600]     0.0625 MB /   0.50 sec =    1.0482 Mbps     0 retrans    145 KB-cwnd
[2024-11-05T16:17:30.345146-0600]     0.1250 MB /   0.50 sec =    2.0979 Mbps     0 retrans    145 KB-cwnd
[2024-11-05T16:17:30.345187-0600]     0.0625 MB /   0.50 sec =    1.0486 Mbps     0 retrans    145 KB-cwnd
[2024-11-05T16:17:30.345258-0600]     0.0625 MB /   0.50 sec =    1.0486 Mbps     0 retrans    145 KB-cwnd
[2024-11-05T16:17:30.345299-0600]     0.1875 MB /   0.50 sec =    3.1456 Mbps     0 retrans    145 KB-cwnd
[2024-11-05T16:17:30.345340-0600]     0.1250 MB /   0.50 sec =    2.0971 Mbps     0 retrans    145 KB-cwnd
[2024-11-05T16:17:30.345380-0600]     0.1875 MB /   0.50 sec =    3.1457 Mbps     0 retrans    145 KB-cwnd
[2024-11-05T16:17:30.345423-0600]     0.4375 MB /   0.50 sec =    7.3407 Mbps     0 retrans    145 KB-cwnd
[2024-11-05T16:17:32.412454-0600]     0.6250 MB /   0.50 sec =   10.4836 Mbps     0 retrans    362 KB-cwnd
[2024-11-05T16:17:32.412919-0600]     0.6250 MB /   0.50 sec =   10.4881 Mbps     0 retrans    362 KB-cwnd
[2024-11-05T16:17:32.413059-0600]     0.5625 MB /   0.50 sec =    9.4370 Mbps     0 retrans    362 KB-cwnd
[2024-11-05T16:17:32.413175-0600]     0.4375 MB /   0.50 sec =    7.3402 Mbps     0 retrans    362 KB-cwnd
[2024-11-05T16:17:32.413282-0600]     0.8125 MB /   0.50 sec =   13.6309 Mbps     0 retrans    362 KB-cwnd
[2024-11-05T16:17:33.228835-0600]     1.2500 MB /   0.50 sec =   20.9726 Mbps     0 retrans    749 KB-cwnd
[2024-11-05T16:17:33.588915-0600]     2.5000 MB /   0.50 sec =   41.9430 Mbps     0 retrans   1096 KB-cwnd
[2024-11-05T16:17:34.112032-0600]     3.2500 MB /   0.50 sec =   54.5246 Mbps     0 retrans   1269 KB-cwnd
[2024-11-05T16:17:34.636930-0600]     2.3750 MB /   0.50 sec =   39.8453 Mbps     0 retrans   1269 KB-cwnd
[2024-11-05T16:17:35.328724-0600]     2.3750 MB /   0.50 sec =   39.8472 Mbps     0 retrans   1269 KB-cwnd
[2024-11-05T16:17:35.799085-0600]     1.8750 MB /   0.50 sec =   31.4564 Mbps     0 retrans   1392 KB-cwnd
[2024-11-05T16:17:36.251478-0600]     2.8750 MB /   0.50 sec =   48.2356 Mbps     0 retrans   1392 KB-cwnd
[2024-11-05T16:17:36.730829-0600]     2.9375 MB /   0.50 sec =   49.2835 Mbps     0 retrans   1392 KB-cwnd
[2024-11-05T16:17:37.163963-0600]     2.8125 MB /   0.50 sec =   47.1858 Mbps     0 retrans   1392 KB-cwnd
[2024-11-05T16:17:37.548902-0600]     3.1250 MB /   0.50 sec =   52.4248 Mbps     0 retrans   1517 KB-cwnd
[2024-11-05T16:17:37.901402-0600]     3.6875 MB /   0.50 sec =   61.8698 Mbps     0 retrans   1533 KB-cwnd
[2024-11-05T16:17:38.737935-0600]     3.3125 MB /   0.50 sec =   55.5727 Mbps     0 retrans   1533 KB-cwnd
[2024-11-05T16:17:39.132990-0600]     3.1875 MB /   0.50 sec =   53.4787 Mbps     0 retrans   1533 KB-cwnd
[2024-11-05T16:17:39.615790-0600]     3.3125 MB /   0.50 sec =   55.5764 Mbps     0 retrans   1533 KB-cwnd
[2024-11-05T16:17:40.058137-0600]     2.6250 MB /   0.50 sec =   44.0398 Mbps     0 retrans   1533 KB-cwnd
[2024-11-05T16:17:40.418721-0600]     3.4375 MB /   0.50 sec =   57.6695 Mbps     0 retrans   1564 KB-cwnd
[2024-11-05T16:17:41.016593-0600]     4.5625 MB /   0.50 sec =   76.5467 Mbps     0 retrans   1709 KB-cwnd
[2024-11-05T16:17:41.587643-0600]     4.5000 MB /   0.50 sec =   75.4979 Mbps     0 retrans   1709 KB-cwnd
[2024-11-05T16:17:41.892560-0600]     4.5000 MB /   0.50 sec =   75.4957 Mbps     0 retrans   1709 KB-cwnd
[2024-11-05T16:17:42.499907-0600]     4.2500 MB /   0.50 sec =   71.3070 Mbps     0 retrans   1709 KB-cwnd
[2024-11-05T16:17:42.875960-0600]     4.1250 MB /   0.50 sec =   69.2042 Mbps     0 retrans   1709 KB-cwnd
[2024-11-05T16:17:43.365524-0600]     2.6875 MB /   0.50 sec =   45.0881 Mbps     0 retrans   1709 KB-cwnd
[2024-11-05T16:17:43.946237-0600]     4.5000 MB /   0.50 sec =   75.4984 Mbps     0 retrans   1709 KB-cwnd
[2024-11-05T16:17:44.791668-0600]     4.0000 MB /   0.50 sec =   67.1094 Mbps     0 retrans   1709 KB-cwnd
[2024-11-05T16:17:45.502673-0600]     2.5000 MB /   0.50 sec =   41.9416 Mbps     0 retrans   1709 KB-cwnd
[2024-11-05T16:17:45.503169-0600]     2.0000 MB /   0.50 sec =   33.5554 Mbps     0 retrans   1709 KB-cwnd
[2024-11-05T16:17:46.285830-0600]     1.5625 MB /   0.50 sec =   26.2149 Mbps     0 retrans   1709 KB-cwnd
[2024-11-05T16:17:47.000723-0600]     1.8125 MB /   0.50 sec =   30.4093 Mbps     0 retrans   1709 KB-cwnd
[2024-11-05T16:17:47.000902-0600]     1.7500 MB /   0.50 sec =   29.3590 Mbps     0 retrans   1709 KB-cwnd
[2024-11-05T16:17:47.461109-0600]     2.6875 MB /   0.50 sec =   45.0854 Mbps     0 retrans   1709 KB-cwnd
[2024-11-05T16:17:48.021269-0600]     2.5625 MB /   0.50 sec =   42.9936 Mbps     0 retrans   1709 KB-cwnd
[2024-11-05T16:17:48.693265-0600]     2.1875 MB /   0.50 sec =   36.7011 Mbps     0 retrans   1709 KB-cwnd
[2024-11-05T16:17:49.647978-0600]     1.6875 MB /   0.50 sec =   28.3109 Mbps     0 retrans   1709 KB-cwnd
[2024-11-05T16:17:49.648383-0600]     1.3750 MB /   0.50 sec =   23.0677 Mbps     0 retrans   1709 KB-cwnd
[2024-11-05T16:17:50.589923-0600]     1.3750 MB /   0.50 sec =   23.0707 Mbps     0 retrans   1709 KB-cwnd
[2024-11-05T16:17:50.590333-0600]     1.3125 MB /   0.50 sec =   22.0202 Mbps     0 retrans   1709 KB-cwnd
[2024-11-05T16:17:51.518314-0600]     1.6250 MB /   0.50 sec =   27.2626 Mbps     0 retrans   1709 KB-cwnd
[2024-11-05T16:17:51.518465-0600]     1.3750 MB /   0.50 sec =   23.0681 Mbps     0 retrans   1709 KB-cwnd
[2024-11-05T16:17:52.583914-0600]     1.1250 MB /   0.50 sec =   18.8744 Mbps     0 retrans   1709 KB-cwnd
[2024-11-05T16:17:52.584280-0600]     1.1875 MB /   0.50 sec =   19.9204 Mbps     0 retrans   1709 KB-cwnd
[2024-11-05T16:17:54.747334-0600]     1.4375 MB /   0.50 sec =   24.1127 Mbps     0 retrans   1709 KB-cwnd
[2024-11-05T16:17:54.747763-0600]     0.9375 MB /   0.50 sec =   15.7323 Mbps     0 retrans   1709 KB-cwnd
[2024-11-05T16:17:54.747904-0600]     0.6875 MB /   0.50 sec =   11.5353 Mbps     0 retrans   1709 KB-cwnd
[2024-11-05T16:17:54.748019-0600]     0.3125 MB /   0.50 sec =    5.2428 Mbps     0 retrans   1709 KB-cwnd
[2024-11-05T16:17:59.953528-0600]     0.1875 MB /   0.50 sec =    3.1457 Mbps   535 retrans   1115 KB-cwnd
[2024-11-05T16:17:59.954081-0600]     0.0625 MB /   0.50 sec =    1.0486 Mbps     0 retrans   1115 KB-cwnd
[2024-11-05T16:17:59.954233-0600]     0.0625 MB /   0.50 sec =    1.0485 Mbps     0 retrans   1115 KB-cwnd
[2024-11-05T16:17:59.954347-0600]     0.0000 MB /   0.50 sec =    0.0000 Mbps     0 retrans   1115 KB-cwnd
[2024-11-05T16:17:59.954459-0600]     0.0000 MB /   0.50 sec =    0.0000 Mbps     0 retrans   1115 KB-cwnd
[2024-11-05T16:17:59.954563-0600]     1.1875 MB /   0.50 sec =   19.9229 Mbps     0 retrans   1115 KB-cwnd
[2024-11-05T16:17:59.954667-0600]     0.1875 MB /   0.50 sec =    3.1449 Mbps     0 retrans   1115 KB-cwnd
[2024-11-05T16:17:59.954770-0600]     0.0625 MB /   0.50 sec =    1.0488 Mbps     0 retrans   1115 KB-cwnd
[2024-11-05T16:17:59.954874-0600]     0.0000 MB /   0.50 sec =    0.0000 Mbps     0 retrans   1115 KB-cwnd
[2024-11-05T16:17:59.954975-0600]     0.0000 MB /   0.50 sec =    0.0000 Mbps     0 retrans   1115 KB-cwnd
[2024-11-05T16:17:59.955076-0600]     0.4375 MB /   0.50 sec =    7.3398 Mbps     0 retrans   1115 KB-cwnd
[2024-11-05T16:18:01.517783-0600]     1.1875 MB /   0.50 sec =   19.9236 Mbps     0 retrans   1144 KB-cwnd
[2024-11-05T16:18:01.517966-0600]     0.8125 MB /   0.50 sec =   13.6199 Mbps     0 retrans   1144 KB-cwnd
[2024-11-05T16:18:01.517998-0600]     0.7500 MB /   0.50 sec =   12.5931 Mbps     0 retrans   1144 KB-cwnd
[2024-11-05T16:18:02.683785-0600]     1.3125 MB /   0.50 sec =   22.0209 Mbps     0 retrans   1144 KB-cwnd
[2024-11-05T16:18:02.683948-0600]     1.3125 MB /   0.50 sec =   22.0198 Mbps     0 retrans   1144 KB-cwnd
[2024-11-05T16:18:05.566178-0600]     0.7500 MB /   0.50 sec =   12.5831 Mbps     0 retrans   1144 KB-cwnd
[2024-11-05T16:18:05.566620-0600]     0.5000 MB /   0.50 sec =    8.3830 Mbps     0 retrans   1144 KB-cwnd
[2024-11-05T16:18:05.566757-0600]     0.5625 MB /   0.50 sec =    9.4435 Mbps     0 retrans   1144 KB-cwnd
[2024-11-05T16:18:05.566877-0600]     0.3125 MB /   0.50 sec =    5.2416 Mbps     0 retrans   1144 KB-cwnd
[2024-11-05T16:18:05.566985-0600]     0.3125 MB /   0.50 sec =    5.2440 Mbps     0 retrans   1144 KB-cwnd
[2024-11-05T16:18:05.567092-0600]     0.5000 MB /   0.50 sec =    8.3888 Mbps     0 retrans   1144 KB-cwnd
[2024-11-05T16:18:08.975876-0600]     0.5000 MB /   0.50 sec =    8.3887 Mbps     0 retrans   1144 KB-cwnd
[2024-11-05T16:18:08.976238-0600]     0.1250 MB /   0.50 sec =    2.0971 Mbps     0 retrans   1144 KB-cwnd
[2024-11-05T16:18:08.976369-0600]     0.1875 MB /   0.50 sec =    3.1457 Mbps     0 retrans   1144 KB-cwnd
[2024-11-05T16:18:08.976492-0600]     0.4375 MB /   0.50 sec =    7.3401 Mbps     0 retrans   1144 KB-cwnd
[2024-11-05T16:18:08.976599-0600]     0.3125 MB /   0.50 sec =    5.2425 Mbps     0 retrans   1144 KB-cwnd
[2024-11-05T16:18:08.976770-0600]     0.5625 MB /   0.50 sec =    9.4379 Mbps     0 retrans   1144 KB-cwnd
[2024-11-05T16:18:08.976918-0600]     0.5625 MB /   0.50 sec =    9.4368 Mbps     0 retrans   1144 KB-cwnd
[2024-11-05T16:18:10.143335-0600]     0.8125 MB /   0.50 sec =   13.6041 Mbps     0 retrans   1144 KB-cwnd
[2024-11-05T16:18:10.143739-0600]     1.1250 MB /   0.50 sec =   18.9131 Mbps     0 retrans   1144 KB-cwnd
[2024-11-05T16:18:12.731941-0600]     1.4375 MB /   0.50 sec =   24.1170 Mbps    22 retrans    745 KB-cwnd
[2024-11-05T16:18:12.732347-0600]     0.9375 MB /   0.50 sec =   15.7284 Mbps     0 retrans    745 KB-cwnd
[2024-11-05T16:18:12.732483-0600]     0.6250 MB /   0.50 sec =   10.4856 Mbps     0 retrans    745 KB-cwnd
[2024-11-05T16:18:12.732597-0600]     0.1250 MB /   0.50 sec =    2.0972 Mbps     0 retrans    745 KB-cwnd
[2024-11-05T16:18:14.711851-0600]     0.0000 MB /   0.50 sec =    0.0000 Mbps     1 retrans    968 KB-cwnd
[2024-11-05T16:18:14.712037-0600]     0.6250 MB /   0.50 sec =   10.4858 Mbps     0 retrans    968 KB-cwnd
[2024-11-05T16:18:14.712073-0600]     1.1250 MB /   0.50 sec =   18.8741 Mbps     0 retrans    968 KB-cwnd
[2024-11-05T16:18:14.712099-0600]     0.1875 MB /   0.50 sec =    3.1458 Mbps     0 retrans    968 KB-cwnd
[2024-11-05T16:18:14.712123-0600]     0.4375 MB /   0.50 sec =    7.3397 Mbps     0 retrans    968 KB-cwnd
[2024-11-05T16:18:16.655881-0600]     1.2500 MB /   0.50 sec =   20.9715 Mbps     0 retrans    968 KB-cwnd
[2024-11-05T16:18:16.656260-0600]     0.7500 MB /   0.50 sec =   12.5835 Mbps     0 retrans    968 KB-cwnd
[2024-11-05T16:18:16.656393-0600]     0.5625 MB /   0.50 sec =    9.4368 Mbps     0 retrans    968 KB-cwnd
[2024-11-05T16:18:16.656518-0600]     0.4375 MB /   0.50 sec =    7.3404 Mbps     0 retrans    968 KB-cwnd
[2024-11-05T16:18:17.417926-0600]     1.4375 MB /   0.50 sec =   24.1160 Mbps     0 retrans   1019 KB-cwnd
[2024-11-05T16:18:17.418452-0600]     1.5625 MB /   0.50 sec =   26.2154 Mbps     0 retrans   1019 KB-cwnd
[2024-11-05T16:18:18.500314-0600]     1.1875 MB /   0.50 sec =   19.9223 Mbps     0 retrans   1021 KB-cwnd
[2024-11-05T16:18:18.500787-0600]     1.3125 MB /   0.50 sec =   22.0187 Mbps     0 retrans   1021 KB-cwnd
[2024-11-05T16:18:18.864149-0600]     0.8125 MB /   0.50 sec =   13.6323 Mbps     0 retrans   1021 KB-cwnd
End time: 1730845099406
