Start time: 1730761897779
[2024-11-04T17:11:38.718110-0600] nuttcp-r: v8.1.4: socket
[2024-11-04T17:11:38.718867-0600] nuttcp-r: buflen=65536, nstream=1, port=5103 tcp
[2024-11-04T17:11:38.718920-0600] nuttcp-r: interval reporting every 0.50 seconds
[2024-11-04T17:11:38.718955-0600] nuttcp-r: connect to 54.176.53.206 with RTT=79.274 ms af=inet
[2024-11-04T17:11:38.718988-0600] nuttcp-r: send window size = 1048576, receive window size = 1048576
[2024-11-04T17:11:38.719018-0600] nuttcp-r: available send window = 786432, available receive window = 786432
[2024-11-04T17:11:38.719051-0600]     0.3125 MB /   0.50 sec =    5.2420 Mbps     0 retrans
[2024-11-04T17:11:39.217693-0600]     3.4375 MB /   0.50 sec =   57.6655 Mbps     0 retrans
[2024-11-04T17:11:39.718125-0600]     5.5625 MB /   0.50 sec =   93.3330 Mbps     0 retrans
[2024-11-04T17:11:40.217623-0600]     6.5000 MB /   0.50 sec =  109.0608 Mbps     0 retrans
[2024-11-04T17:11:40.717640-0600]     6.8750 MB /   0.50 sec =  115.3399 Mbps     0 retrans
[2024-11-04T17:11:41.217616-0600]     7.3750 MB /   0.50 sec =  123.7327 Mbps     0 retrans
[2024-11-04T17:11:41.717565-0600]     6.6250 MB /   0.50 sec =  111.1459 Mbps     0 retrans
[2024-11-04T17:11:42.218088-0600]     3.5625 MB /   0.50 sec =   59.7246 Mbps     0 retrans
[2024-11-04T17:11:42.717644-0600]     3.0625 MB /   0.50 sec =   51.4173 Mbps     0 retrans
[2024-11-04T17:11:43.217596-0600]     0.8125 MB /   0.50 sec =   13.6320 Mbps     0 retrans
[2024-11-04T17:11:43.718208-0600]     6.4375 MB /   0.50 sec =  107.9783 Mbps     0 retrans
[2024-11-04T17:11:44.217719-0600]     5.5625 MB /   0.50 sec =   93.3320 Mbps     0 retrans
[2024-11-04T17:11:44.718697-0600]     6.6875 MB /   0.50 sec =  112.2050 Mbps     0 retrans
[2024-11-04T17:11:45.217569-0600]     7.0625 MB /   0.50 sec =  118.5000 Mbps     0 retrans
[2024-11-04T17:11:45.718260-0600]     6.4375 MB /   0.50 sec =  107.8831 Mbps     0 retrans
[2024-11-04T17:11:46.218570-0600]     7.3750 MB /   0.50 sec =  123.7637 Mbps     0 retrans
[2024-11-04T17:11:46.719174-0600]     5.3125 MB /   0.50 sec =   89.0830 Mbps     0 retrans
[2024-11-04T17:11:47.217642-0600]     5.8750 MB /   0.50 sec =   98.6978 Mbps     0 retrans
[2024-11-04T17:11:47.718012-0600]     5.5000 MB /   0.50 sec =   92.2782 Mbps     0 retrans
[2024-11-04T17:11:48.217735-0600]     7.5625 MB /   0.50 sec =  126.8566 Mbps     0 retrans
[2024-11-04T17:11:48.717648-0600]     8.7500 MB /   0.50 sec =  146.8153 Mbps     0 retrans
[2024-11-04T17:11:49.217778-0600]     7.7500 MB /   0.50 sec =  129.9959 Mbps     0 retrans
[2024-11-04T17:11:49.718033-0600]     6.2500 MB /   0.50 sec =  104.8010 Mbps     0 retrans
[2024-11-04T17:11:50.217735-0600]     6.6875 MB /   0.50 sec =  112.2659 Mbps     0 retrans
[2024-11-04T17:11:50.717704-0600]     8.9375 MB /   0.50 sec =  149.9530 Mbps     0 retrans
[2024-11-04T17:11:51.218839-0600]     9.5625 MB /   0.50 sec =  160.2626 Mbps     0 retrans
[2024-11-04T17:11:51.719481-0600]     6.0000 MB /   0.50 sec =  100.4251 Mbps     0 retrans
[2024-11-04T17:11:52.218128-0600]     9.1875 MB /   0.50 sec =  154.6786 Mbps     0 retrans
[2024-11-04T17:11:52.717695-0600]     9.6250 MB /   0.50 sec =  161.4823 Mbps     0 retrans
[2024-11-04T17:11:53.218363-0600]     9.4375 MB /   0.50 sec =  158.1844 Mbps     0 retrans
[2024-11-04T17:11:53.719876-0600]     0.1875 MB /   0.50 sec =    3.1385 Mbps     0 retrans
[2024-11-04T17:11:54.217694-0600]     2.3750 MB /   0.50 sec =   39.9667 Mbps     0 retrans
[2024-11-04T17:11:54.718060-0600]     7.1875 MB /   0.50 sec =  120.5240 Mbps     0 retrans
[2024-11-04T17:11:55.217654-0600]     7.5000 MB /   0.50 sec =  125.9347 Mbps     0 retrans
[2024-11-04T17:11:55.718235-0600]     4.0000 MB /   0.50 sec =   67.0346 Mbps     0 retrans
[2024-11-04T17:11:56.217619-0600]     3.7500 MB /   0.50 sec =   62.9827 Mbps     0 retrans
[2024-11-04T17:11:56.720025-0600]     7.1875 MB /   0.50 sec =  120.2754 Mbps     0 retrans
[2024-11-04T17:11:57.217938-0600]     2.5625 MB /   0.50 sec =   43.1006 Mbps     0 retrans
[2024-11-04T17:11:57.717984-0600]     7.8125 MB /   0.50 sec =  131.0801 Mbps     0 retrans
[2024-11-04T17:11:58.218621-0600]     8.8125 MB /   0.50 sec =  147.6918 Mbps     0 retrans
[2024-11-04T17:11:58.718129-0600]     9.5625 MB /   0.50 sec =  160.5805 Mbps     0 retrans
[2024-11-04T17:11:59.219877-0600]     7.6250 MB /   0.50 sec =  127.5246 Mbps     0 retrans
[2024-11-04T17:11:59.718544-0600]     7.7500 MB /   0.50 sec =  130.3164 Mbps     0 retrans
[2024-11-04T17:12:00.218738-0600]    11.1250 MB /   0.50 sec =  186.6588 Mbps     0 retrans
[2024-11-04T17:12:00.717698-0600]    12.1875 MB /   0.50 sec =  204.6536 Mbps     0 retrans
[2024-11-04T17:12:01.220102-0600]    12.1875 MB /   0.50 sec =  203.7271 Mbps     0 retrans
[2024-11-04T17:12:01.717633-0600]     6.2500 MB /   0.50 sec =  105.2500 Mbps     0 retrans
[2024-11-04T17:12:02.217807-0600]     6.3125 MB /   0.50 sec =  105.8770 Mbps     0 retrans
[2024-11-04T17:12:02.718834-0600]    11.0000 MB /   0.50 sec =  184.4483 Mbps     0 retrans
[2024-11-04T17:12:03.219249-0600]     8.5000 MB /   0.50 sec =  142.5633 Mbps     0 retrans
[2024-11-04T17:12:03.717496-0600]     2.3750 MB /   0.50 sec =   39.8945 Mbps     0 retrans
[2024-11-04T17:12:04.217741-0600]     5.8125 MB /   0.50 sec =   97.4969 Mbps     0 retrans
[2024-11-04T17:12:04.718983-0600]     8.0000 MB /   0.50 sec =  134.1220 Mbps     0 retrans
[2024-11-04T17:12:05.218355-0600]     8.6875 MB /   0.50 sec =  145.6874 Mbps     0 retrans
[2024-11-04T17:12:05.718052-0600]    10.2500 MB /   0.50 sec =  172.1938 Mbps     0 retrans
[2024-11-04T17:12:06.217650-0600]    12.3750 MB /   0.50 sec =  207.6052 Mbps     0 retrans
[2024-11-04T17:12:06.718448-0600]    12.3750 MB /   0.50 sec =  207.6201 Mbps     0 retrans
[2024-11-04T17:12:07.218560-0600]     9.1875 MB /   0.50 sec =  154.0264 Mbps     0 retrans
[2024-11-04T17:12:07.717491-0600]    10.1875 MB /   0.50 sec =  171.0636 Mbps     0 retrans
[2024-11-04T17:12:08.218369-0600]    11.5000 MB /   0.50 sec =  192.8828 Mbps     0 retrans
[2024-11-04T17:12:08.718079-0600]    11.1875 MB /   0.50 sec =  187.7296 Mbps     0 retrans
[2024-11-04T17:12:09.217683-0600]     9.7500 MB /   0.50 sec =  163.5729 Mbps     0 retrans
[2024-11-04T17:12:09.717637-0600]    12.9375 MB /   0.50 sec =  217.0604 Mbps     0 retrans
[2024-11-04T17:12:10.218120-0600]    13.5000 MB /   0.50 sec =  226.2874 Mbps     0 retrans
[2024-11-04T17:12:10.717681-0600]    10.1875 MB /   0.50 sec =  171.0695 Mbps     0 retrans
[2024-11-04T17:12:11.217521-0600]     9.7500 MB /   0.50 sec =  163.5955 Mbps     0 retrans
[2024-11-04T17:12:11.718135-0600]     5.8750 MB /   0.50 sec =   98.4653 Mbps     0 retrans
[2024-11-04T17:12:12.217724-0600]     5.9375 MB /   0.50 sec =   99.7019 Mbps     0 retrans
[2024-11-04T17:12:12.717679-0600]     8.8125 MB /   0.50 sec =  147.8554 Mbps     0 retrans
[2024-11-04T17:12:13.217675-0600]     8.5625 MB /   0.50 sec =  143.6509 Mbps     0 retrans
[2024-11-04T17:12:13.719979-0600]     7.3125 MB /   0.50 sec =  122.3733 Mbps     0 retrans
[2024-11-04T17:12:14.217644-0600]     8.6250 MB /   0.50 sec =  145.0827 Mbps     0 retrans
[2024-11-04T17:12:14.718132-0600]     9.9375 MB /   0.50 sec =  166.7206 Mbps     0 retrans
[2024-11-04T17:12:15.217670-0600]     7.8125 MB /   0.50 sec =  131.0741 Mbps     0 retrans
[2024-11-04T17:12:15.719886-0600]     2.9375 MB /   0.50 sec =   49.1206 Mbps     0 retrans
[2024-11-04T17:12:16.218306-0600]     9.6250 MB /   0.50 sec =  161.9916 Mbps     0 retrans
[2024-11-04T17:12:16.717666-0600]    11.0625 MB /   0.50 sec =  185.6083 Mbps     0 retrans
[2024-11-04T17:12:17.217701-0600]    10.2500 MB /   0.50 sec =  171.9613 Mbps     0 retrans
[2024-11-04T17:12:17.717752-0600]     8.9375 MB /   0.50 sec =  149.9773 Mbps     0 retrans
[2024-11-04T17:12:18.217597-0600]    10.2500 MB /   0.50 sec =  171.9486 Mbps     0 retrans
[2024-11-04T17:12:18.717498-0600]    11.3125 MB /   0.50 sec =  189.8124 Mbps     0 retrans
[2024-11-04T17:12:19.217644-0600]     6.1250 MB /   0.50 sec =  102.7510 Mbps     0 retrans
[2024-11-04T17:12:19.718130-0600]     8.3125 MB /   0.50 sec =  139.3166 Mbps     0 retrans
[2024-11-04T17:12:20.217679-0600]    11.3125 MB /   0.50 sec =  189.9727 Mbps     0 retrans
[2024-11-04T17:12:20.717633-0600]     9.6250 MB /   0.50 sec =  161.4894 Mbps     0 retrans
[2024-11-04T17:12:21.217572-0600]     8.1250 MB /   0.50 sec =  136.3217 Mbps     0 retrans
[2024-11-04T17:12:21.717629-0600]    11.2500 MB /   0.50 sec =  188.7422 Mbps     0 retrans
[2024-11-04T17:12:22.218196-0600]    11.3125 MB /   0.50 sec =  189.6436 Mbps     0 retrans
[2024-11-04T17:12:22.719926-0600]     8.2500 MB /   0.50 sec =  138.1622 Mbps     0 retrans
[2024-11-04T17:12:23.218967-0600]     6.7500 MB /   0.50 sec =  113.3205 Mbps     0 retrans
[2024-11-04T17:12:23.717710-0600]    11.7500 MB /   0.50 sec =  197.4806 Mbps     0 retrans
[2024-11-04T17:12:24.219637-0600]     7.8125 MB /   0.50 sec =  130.7279 Mbps     0 retrans
[2024-11-04T17:12:24.718884-0600]     6.9375 MB /   0.50 sec =  116.4397 Mbps     0 retrans
[2024-11-04T17:12:25.217666-0600]     9.4375 MB /   0.50 sec =  158.7070 Mbps     0 retrans
[2024-11-04T17:12:25.717951-0600]     8.0000 MB /   0.50 sec =  134.2000 Mbps     0 retrans
[2024-11-04T17:12:26.217566-0600]     7.0000 MB /   0.50 sec =  117.4642 Mbps     0 retrans
[2024-11-04T17:12:26.717655-0600]    10.8750 MB /   0.50 sec =  182.4409 Mbps     0 retrans
[2024-11-04T17:12:27.219504-0600]     5.5625 MB /   0.50 sec =   93.0731 Mbps     0 retrans
[2024-11-04T17:12:27.718125-0600]     4.2500 MB /   0.50 sec =   71.4375 Mbps     0 retrans
[2024-11-04T17:12:28.217664-0600]     6.6250 MB /   0.50 sec =  111.2360 Mbps     0 retrans
[2024-11-04T17:12:28.719939-0600]     0.0000 MB /   0.50 sec =    0.0000 Mbps     0 retrans
[2024-11-04T17:12:29.219049-0600]     0.0000 MB /   0.50 sec =    0.0000 Mbps     0 retrans
[2024-11-04T17:12:29.718173-0600]     2.9375 MB /   0.50 sec =   49.4073 Mbps     0 retrans
[2024-11-04T17:12:30.219237-0600]     1.7500 MB /   0.50 sec =   29.2740 Mbps     0 retrans
[2024-11-04T17:12:30.719965-0600]     3.1875 MB /   0.50 sec =   53.4537 Mbps     0 retrans
[2024-11-04T17:12:31.220376-0600]     1.6875 MB /   0.50 sec =   28.3127 Mbps     0 retrans
[2024-11-04T17:12:31.718969-0600]     4.3125 MB /   0.50 sec =   72.4188 Mbps     0 retrans
[2024-11-04T17:12:32.217523-0600]     3.5625 MB /   0.50 sec =   59.9246 Mbps     0 retrans
[2024-11-04T17:12:32.717569-0600]     3.3750 MB /   0.50 sec =   56.6205 Mbps     0 retrans
[2024-11-04T17:12:33.218076-0600]     3.8125 MB /   0.50 sec =   63.9654 Mbps     0 retrans
[2024-11-04T17:12:33.720047-0600]     2.9375 MB /   0.50 sec =   49.1025 Mbps     0 retrans
[2024-11-04T17:12:34.217847-0600]     4.0625 MB /   0.50 sec =   68.3671 Mbps     0 retrans
[2024-11-04T17:12:34.718293-0600]     4.0000 MB /   0.50 sec =   67.1371 Mbps     0 retrans
[2024-11-04T17:12:35.218160-0600]     4.5000 MB /   0.50 sec =   75.5047 Mbps     0 retrans
[2024-11-04T17:12:35.717583-0600]     3.4375 MB /   0.50 sec =   57.6757 Mbps     0 retrans
[2024-11-04T17:12:36.218081-0600]     3.4375 MB /   0.50 sec =   57.6657 Mbps     0 retrans
[2024-11-04T17:12:36.717619-0600]     3.9375 MB /   0.50 sec =   66.0636 Mbps     0 retrans
[2024-11-04T17:12:37.217658-0600]     3.8750 MB /   0.50 sec =   65.0105 Mbps     0 retrans
[2024-11-04T17:12:37.717625-0600]     3.4375 MB /   0.50 sec =   57.6736 Mbps     0 retrans
[2024-11-04T17:12:38.217709-0600]     3.0625 MB /   0.50 sec =   51.3750 Mbps     0 retrans
[2024-11-04T17:12:38.718056-0600]     3.7500 MB /   0.50 sec =   62.9191 Mbps     0 retrans
[2024-11-04T17:12:39.218148-0600]     3.5625 MB /   0.50 sec =   59.7064 Mbps     0 retrans
[2024-11-04T17:12:39.717629-0600]     3.4375 MB /   0.50 sec =   57.7328 Mbps     0 retrans
[2024-11-04T17:12:40.217654-0600]     3.3125 MB /   0.50 sec =   55.5736 Mbps     0 retrans
[2024-11-04T17:12:40.717523-0600]     3.1875 MB /   0.50 sec =   53.4803 Mbps     0 retrans
[2024-11-04T17:12:41.217525-0600]     3.8125 MB /   0.50 sec =   63.9658 Mbps     0 retrans
[2024-11-04T17:12:41.717660-0600]     3.8750 MB /   0.50 sec =   65.0035 Mbps     0 retrans
[2024-11-04T17:12:42.218188-0600]     2.2500 MB /   0.50 sec =   37.7189 Mbps     0 retrans
[2024-11-04T17:12:42.717602-0600]     2.0000 MB /   0.50 sec =   33.5826 Mbps     0 retrans
[2024-11-04T17:12:43.218060-0600]     0.3125 MB /   0.50 sec =    5.2398 Mbps     0 retrans
[2024-11-04T17:12:43.717551-0600]     4.8125 MB /   0.50 sec =   80.7922 Mbps     0 retrans
[2024-11-04T17:12:44.217546-0600]     5.7500 MB /   0.50 sec =   96.4692 Mbps     0 retrans
[2024-11-04T17:12:44.717621-0600]     7.1250 MB /   0.50 sec =  119.5293 Mbps     0 retrans
[2024-11-04T17:12:45.218458-0600]     7.3750 MB /   0.50 sec =  123.6420 Mbps     0 retrans
[2024-11-04T17:12:45.717612-0600]     7.4375 MB /   0.50 sec =  124.8747 Mbps     0 retrans
[2024-11-04T17:12:46.217599-0600]     8.2500 MB /   0.50 sec =  138.4151 Mbps     0 retrans
[2024-11-04T17:12:46.717541-0600]     9.0000 MB /   0.50 sec =  151.0016 Mbps     0 retrans
[2024-11-04T17:12:47.218416-0600]    10.5000 MB /   0.50 sec =  175.8787 Mbps     0 retrans
[2024-11-04T17:12:47.717982-0600]     5.0000 MB /   0.50 sec =   84.0143 Mbps     0 retrans
[2024-11-04T17:12:48.217593-0600]     3.8750 MB /   0.50 sec =   65.0109 Mbps     0 retrans
[2024-11-04T17:12:48.719902-0600]     0.9375 MB /   0.50 sec =   15.6718 Mbps     0 retrans
[2024-11-04T17:12:49.219612-0600]     3.8750 MB /   0.50 sec =   65.0016 Mbps     0 retrans
[2024-11-04T17:12:49.717576-0600]     5.1875 MB /   0.50 sec =   87.3675 Mbps     0 retrans
[2024-11-04T17:12:50.217792-0600]     7.7500 MB /   0.50 sec =  129.9811 Mbps     0 retrans
[2024-11-04T17:12:50.717716-0600]     7.8750 MB /   0.50 sec =  132.1425 Mbps     0 retrans
[2024-11-04T17:12:51.217619-0600]     7.6250 MB /   0.50 sec =  127.9511 Mbps     0 retrans
[2024-11-04T17:12:51.719599-0600]     2.9375 MB /   0.50 sec =   49.1860 Mbps     0 retrans
[2024-11-04T17:12:52.217672-0600]     6.5625 MB /   0.50 sec =  110.3006 Mbps     0 retrans
[2024-11-04T17:12:52.717629-0600]     2.1250 MB /   0.50 sec =   35.6517 Mbps     0 retrans
[2024-11-04T17:12:53.217656-0600]     4.4375 MB /   0.50 sec =   74.4461 Mbps     0 retrans
[2024-11-04T17:12:53.718060-0600]     9.6250 MB /   0.50 sec =  161.5062 Mbps     0 retrans
[2024-11-04T17:12:54.217582-0600]     9.8125 MB /   0.50 sec =  164.6284 Mbps     0 retrans
[2024-11-04T17:12:54.717675-0600]     9.5000 MB /   0.50 sec =  159.3609 Mbps     0 retrans
[2024-11-04T17:12:55.217660-0600]     7.9375 MB /   0.50 sec =  133.1734 Mbps     0 retrans
[2024-11-04T17:12:55.719015-0600]    10.2500 MB /   0.50 sec =  171.8070 Mbps     0 retrans
[2024-11-04T17:12:56.217551-0600]     8.1250 MB /   0.50 sec =  136.4565 Mbps     0 retrans
[2024-11-04T17:12:56.718285-0600]    11.1875 MB /   0.50 sec =  187.4525 Mbps     0 retrans
[2024-11-04T17:12:57.217860-0600]     5.0000 MB /   0.50 sec =   83.9556 Mbps     0 retrans
[2024-11-04T17:12:57.719767-0600]     5.3125 MB /   0.50 sec =   88.8805 Mbps     0 retrans
[2024-11-04T17:12:58.217750-0600]     5.5000 MB /   0.50 sec =   92.5791 Mbps     0 retrans
[2024-11-04T17:12:58.717815-0600]     5.1875 MB /   0.50 sec =   87.0280 Mbps     0 retrans
[2024-11-04T17:12:59.219274-0600]     4.1250 MB /   0.50 sec =   69.0399 Mbps     0 retrans
[2024-11-04T17:12:59.718129-0600]     6.0625 MB /   0.50 sec =  101.9521 Mbps     0 retrans
[2024-11-04T17:13:00.217674-0600]     5.2500 MB /   0.50 sec =   88.0726 Mbps     0 retrans
[2024-11-04T17:13:00.717582-0600]     5.3125 MB /   0.50 sec =   89.1455 Mbps     0 retrans
[2024-11-04T17:13:01.218167-0600]     6.0000 MB /   0.50 sec =  100.5531 Mbps     0 retrans
[2024-11-04T17:13:01.717496-0600]     6.8125 MB /   0.50 sec =  114.4186 Mbps     0 retrans
[2024-11-04T17:13:02.217616-0600]     8.0000 MB /   0.50 sec =  134.2056 Mbps     0 retrans
[2024-11-04T17:13:02.718201-0600]     8.1875 MB /   0.50 sec =  137.3610 Mbps     0 retrans
[2024-11-04T17:13:03.218309-0600]     6.3750 MB /   0.50 sec =  106.8285 Mbps     0 retrans
[2024-11-04T17:13:03.717639-0600]     9.6250 MB /   0.50 sec =  161.6831 Mbps     0 retrans
[2024-11-04T17:13:04.217630-0600]    11.1875 MB /   0.50 sec =  187.6880 Mbps     0 retrans
[2024-11-04T17:13:04.718368-0600]    11.3750 MB /   0.50 sec =  190.7916 Mbps     0 retrans
[2024-11-04T17:13:05.219318-0600]    10.0000 MB /   0.50 sec =  167.4343 Mbps     0 retrans
[2024-11-04T17:13:05.718127-0600]     9.7500 MB /   0.50 sec =  163.9536 Mbps     0 retrans
[2024-11-04T17:13:06.217676-0600]     7.6875 MB /   0.50 sec =  128.9674 Mbps     0 retrans
[2024-11-04T17:13:06.720511-0600]    10.2500 MB /   0.50 sec =  171.3540 Mbps     0 retrans
[2024-11-04T17:13:07.220084-0600]     8.3750 MB /   0.50 sec =  140.4982 Mbps     0 retrans
[2024-11-04T17:13:07.718156-0600]    10.9375 MB /   0.50 sec =  184.0367 Mbps     0 retrans
[2024-11-04T17:13:08.217747-0600]     7.3750 MB /   0.50 sec =  123.8040 Mbps     0 retrans
[2024-11-04T17:13:08.717655-0600]    10.1875 MB /   0.50 sec =  170.9538 Mbps     0 retrans
[2024-11-04T17:13:09.217620-0600]    13.8750 MB /   0.50 sec =  232.7853 Mbps     0 retrans
[2024-11-04T17:13:09.718565-0600]     7.2500 MB /   0.50 sec =  121.6297 Mbps     0 retrans
[2024-11-04T17:13:10.218269-0600]     8.0000 MB /   0.50 sec =  134.1847 Mbps     0 retrans
[2024-11-04T17:13:10.719769-0600]    10.3125 MB /   0.50 sec =  172.5433 Mbps     0 retrans
[2024-11-04T17:13:11.218162-0600]     9.6875 MB /   0.50 sec =  162.8850 Mbps     0 retrans
[2024-11-04T17:13:11.718147-0600]     9.6875 MB /   0.50 sec =  162.5121 Mbps     0 retrans
[2024-11-04T17:13:12.220564-0600]     4.7500 MB /   0.50 sec =   79.4747 Mbps     0 retrans
[2024-11-04T17:13:12.718201-0600]     4.1250 MB /   0.50 sec =   69.4648 Mbps     0 retrans
[2024-11-04T17:13:13.217609-0600]     0.1250 MB /   0.50 sec =    2.0970 Mbps     0 retrans
[2024-11-04T17:13:13.717515-0600]     6.5625 MB /   0.50 sec =  110.1086 Mbps     0 retrans
[2024-11-04T17:13:14.218597-0600]     7.1875 MB /   0.50 sec =  120.4805 Mbps     0 retrans
[2024-11-04T17:13:14.717698-0600]     7.8125 MB /   0.50 sec =  131.1706 Mbps     0 retrans
[2024-11-04T17:13:15.217558-0600]     6.9375 MB /   0.50 sec =  116.4068 Mbps     0 retrans
[2024-11-04T17:13:15.718164-0600]     8.5625 MB /   0.50 sec =  143.4979 Mbps     0 retrans
[2024-11-04T17:13:16.218090-0600]     8.9375 MB /   0.50 sec =  150.1037 Mbps     0 retrans
[2024-11-04T17:13:16.718165-0600]     8.5625 MB /   0.50 sec =  143.6463 Mbps     0 retrans
[2024-11-04T17:13:17.217638-0600]     6.1250 MB /   0.50 sec =  102.7658 Mbps     0 retrans
[2024-11-04T17:13:17.717672-0600]     1.9375 MB /   0.50 sec =   32.5052 Mbps     0 retrans
[2024-11-04T17:13:18.217807-0600]     1.7500 MB /   0.50 sec =   29.3530 Mbps     0 retrans
[2024-11-04T17:13:18.717795-0600]     0.0625 MB /   0.50 sec =    1.0487 Mbps     0 retrans
[2024-11-04T17:13:19.217693-0600]     4.8750 MB /   0.50 sec =   81.7951 Mbps     0 retrans
[2024-11-04T17:13:19.719943-0600]     1.6250 MB /   0.50 sec =   27.1597 Mbps     0 retrans
[2024-11-04T17:13:20.218179-0600]     4.5625 MB /   0.50 sec =   76.8413 Mbps     0 retrans
[2024-11-04T17:13:20.718304-0600]     8.0000 MB /   0.50 sec =  134.2196 Mbps     0 retrans
[2024-11-04T17:13:21.220164-0600]     6.6250 MB /   0.50 sec =  110.7294 Mbps     0 retrans
[2024-11-04T17:13:21.721346-0600]     7.5625 MB /   0.50 sec =  126.4168 Mbps     0 retrans
[2024-11-04T17:13:22.217590-0600]     5.8125 MB /   0.50 sec =   98.2513 Mbps     0 retrans
[2024-11-04T17:13:22.717671-0600]     4.6250 MB /   0.50 sec =   77.5903 Mbps     0 retrans
[2024-11-04T17:13:23.217653-0600]     1.6250 MB /   0.50 sec =   27.2642 Mbps     0 retrans
[2024-11-04T17:13:23.718532-0600]     8.0625 MB /   0.50 sec =  135.2696 Mbps     0 retrans
[2024-11-04T17:13:24.218024-0600]     6.9375 MB /   0.50 sec =  116.3922 Mbps     0 retrans
[2024-11-04T17:13:24.717645-0600]     7.3750 MB /   0.50 sec =  123.7260 Mbps     0 retrans
[2024-11-04T17:13:25.217680-0600]     7.6250 MB /   0.50 sec =  127.9119 Mbps     0 retrans
[2024-11-04T17:13:25.717617-0600]     8.6875 MB /   0.50 sec =  145.7728 Mbps     0 retrans
[2024-11-04T17:13:26.217616-0600]     7.0625 MB /   0.50 sec =  118.4877 Mbps     0 retrans
[2024-11-04T17:13:26.718127-0600]     5.2500 MB /   0.50 sec =   88.0776 Mbps     0 retrans
[2024-11-04T17:13:27.217860-0600]     5.6875 MB /   0.50 sec =   95.4158 Mbps     0 retrans
[2024-11-04T17:13:27.719924-0600]     6.4375 MB /   0.50 sec =  107.7411 Mbps     0 retrans
[2024-11-04T17:13:28.217632-0600]     7.1875 MB /   0.50 sec =  120.8906 Mbps     0 retrans
[2024-11-04T17:13:28.719601-0600]     7.3750 MB /   0.50 sec =  123.2790 Mbps     0 retrans
[2024-11-04T17:13:29.218159-0600]     6.5625 MB /   0.50 sec =  110.3926 Mbps     0 retrans
[2024-11-04T17:13:29.717693-0600]     9.1250 MB /   0.50 sec =  153.2380 Mbps     0 retrans
[2024-11-04T17:13:30.217737-0600]     9.3125 MB /   0.50 sec =  156.2213 Mbps     0 retrans
[2024-11-04T17:13:30.718110-0600]     9.1250 MB /   0.50 sec =  153.0009 Mbps     0 retrans
[2024-11-04T17:13:31.217933-0600]     8.5625 MB /   0.50 sec =  143.7501 Mbps     0 retrans
[2024-11-04T17:13:31.717573-0600]     3.9375 MB /   0.50 sec =   66.0635 Mbps     0 retrans
[2024-11-04T17:13:32.217554-0600]     6.5625 MB /   0.50 sec =  110.1144 Mbps     0 retrans
[2024-11-04T17:13:32.717725-0600]     8.9375 MB /   0.50 sec =  149.9104 Mbps     0 retrans
[2024-11-04T17:13:33.217511-0600]     8.8125 MB /   0.50 sec =  147.8767 Mbps     0 retrans
[2024-11-04T17:13:33.717642-0600]     7.0625 MB /   0.50 sec =  118.4853 Mbps     0 retrans
[2024-11-04T17:13:34.217705-0600]     9.7500 MB /   0.50 sec =  163.5664 Mbps     0 retrans
[2024-11-04T17:13:34.719001-0600]     9.1250 MB /   0.50 sec =  152.9590 Mbps     0 retrans
[2024-11-04T17:13:35.218523-0600]     8.8750 MB /   0.50 sec =  148.8936 Mbps     0 retrans
[2024-11-04T17:13:35.718720-0600]     9.4375 MB /   0.50 sec =  158.3207 Mbps     0 retrans
[2024-11-04T17:13:36.217627-0600]     9.9375 MB /   0.50 sec =  166.8988 Mbps     0 retrans
[2024-11-04T17:13:36.717657-0600]    10.1875 MB /   0.50 sec =  170.9370 Mbps     0 retrans
[2024-11-04T17:13:37.217642-0600]     9.0625 MB /   0.50 sec =  152.0213 Mbps     0 retrans
[2024-11-04T17:13:37.717668-0600]     7.5625 MB /   0.50 sec =  126.8812 Mbps     0 retrans
[2024-11-04T17:13:38.218260-0600]     9.8750 MB /   0.50 sec =  165.6863 Mbps     0 retrans
[2024-11-04T17:13:38.720197-0600]     6.7500 MB /   0.50 sec =  112.8791 Mbps     0 retrans
End time: 1730762018874
