Start time: 1730744927173
[2024-11-04T11:28:48.073358-0700] nuttcp-r: v8.1.4: socket
[2024-11-04T11:28:48.073808-0700] nuttcp-r: buflen=65536, nstream=1, port=5101 tcp
[2024-11-04T11:28:48.073845-0700] nuttcp-r: interval reporting every 0.50 seconds
[2024-11-04T11:28:48.073871-0700] nuttcp-r: connect to 54.176.53.206 with RTT=58.598 ms af=inet
[2024-11-04T11:28:48.073898-0700] nuttcp-r: send window size = 2097152, receive window size = 6291456
[2024-11-04T11:28:48.073922-0700] nuttcp-r: available send window = 1572864, available receive window = 4718592
[2024-11-04T11:28:48.073946-0700]     0.3750 MB /   0.50 sec =    6.2901 Mbps     0 retrans
[2024-11-04T11:28:48.573298-0700]     2.1875 MB /   0.50 sec =   36.7013 Mbps     0 retrans
[2024-11-04T11:28:49.073477-0700]     6.2500 MB /   0.50 sec =  104.8614 Mbps     0 retrans
[2024-11-04T11:28:49.573607-0700]    20.9375 MB /   0.50 sec =  351.2877 Mbps     0 retrans
[2024-11-04T11:28:50.073233-0700]    15.6875 MB /   0.50 sec =  263.1852 Mbps     0 retrans
[2024-11-04T11:28:50.573792-0700]    15.9375 MB /   0.50 sec =  267.1416 Mbps     0 retrans
[2024-11-04T11:28:51.073271-0700]    21.3125 MB /   0.50 sec =  357.9023 Mbps     0 retrans
[2024-11-04T11:28:51.573316-0700]    21.3125 MB /   0.50 sec =  357.5444 Mbps     0 retrans
[2024-11-04T11:28:52.073281-0700]    20.6250 MB /   0.50 sec =  346.0474 Mbps     0 retrans
[2024-11-04T11:28:52.573259-0700]    21.3750 MB /   0.50 sec =  358.6166 Mbps     0 retrans
[2024-11-04T11:28:53.073320-0700]    20.1875 MB /   0.50 sec =  338.6765 Mbps     0 retrans
[2024-11-04T11:28:53.573387-0700]    22.0000 MB /   0.50 sec =  369.0427 Mbps     0 retrans
[2024-11-04T11:28:54.073944-0700]    24.7500 MB /   0.50 sec =  414.9730 Mbps     0 retrans
[2024-11-04T11:28:54.573721-0700]    25.0625 MB /   0.50 sec =  420.4882 Mbps     0 retrans
[2024-11-04T11:28:55.073732-0700]    28.9375 MB /   0.50 sec =  485.4732 Mbps     0 retrans
[2024-11-04T11:28:55.574336-0700]    17.1875 MB /   0.50 sec =  288.0047 Mbps     0 retrans
[2024-11-04T11:28:56.073495-0700]    12.1250 MB /   0.50 sec =  203.7624 Mbps     0 retrans
[2024-11-04T11:28:56.575100-0700]     3.1250 MB /   0.50 sec =   52.3040 Mbps     0 retrans
[2024-11-04T11:28:57.073663-0700]    12.5000 MB /   0.50 sec =  210.1494 Mbps     0 retrans
[2024-11-04T11:28:57.573415-0700]     0.3750 MB /   0.50 sec =    6.2944 Mbps     0 retrans
[2024-11-04T11:28:58.073613-0700]     0.0000 MB /   0.50 sec =    0.0000 Mbps     0 retrans
[2024-11-04T11:28:58.574829-0700]     0.0000 MB /   0.50 sec =    0.0000 Mbps     0 retrans
[2024-11-04T11:28:59.073475-0700]     7.3125 MB /   0.50 sec =  122.9859 Mbps     0 retrans
[2024-11-04T11:28:59.574211-0700]     0.1250 MB /   0.50 sec =    2.0940 Mbps     0 retrans
[2024-11-04T11:29:00.073400-0700]     2.7500 MB /   0.50 sec =   46.2109 Mbps     0 retrans
[2024-11-04T11:29:00.573404-0700]     0.1875 MB /   0.50 sec =    3.1463 Mbps     0 retrans
[2024-11-04T11:29:01.073188-0700]     3.0625 MB /   0.50 sec =   51.3858 Mbps     0 retrans
[2024-11-04T11:29:01.574568-0700]    13.1875 MB /   0.50 sec =  220.6868 Mbps     0 retrans
[2024-11-04T11:29:02.073684-0700]    20.4375 MB /   0.50 sec =  343.5481 Mbps     0 retrans
[2024-11-04T11:29:02.573263-0700]    19.4375 MB /   0.50 sec =  326.2977 Mbps     0 retrans
[2024-11-04T11:29:03.073644-0700]    23.9375 MB /   0.50 sec =  401.5998 Mbps     0 retrans
[2024-11-04T11:29:03.573622-0700]    16.3750 MB /   0.50 sec =  274.6121 Mbps     0 retrans
[2024-11-04T11:29:04.073512-0700]    19.7500 MB /   0.50 sec =  331.3043 Mbps     0 retrans
[2024-11-04T11:29:04.573206-0700]    21.0000 MB /   0.50 sec =  352.5352 Mbps     0 retrans
[2024-11-04T11:29:05.073593-0700]    14.6875 MB /   0.50 sec =  246.2518 Mbps     0 retrans
[2024-11-04T11:29:05.574289-0700]     0.8125 MB /   0.50 sec =   13.6132 Mbps     0 retrans
[2024-11-04T11:29:06.073571-0700]     0.0000 MB /   0.50 sec =    0.0000 Mbps     0 retrans
[2024-11-04T11:29:06.573234-0700]     2.0625 MB /   0.50 sec =   34.6048 Mbps     0 retrans
[2024-11-04T11:29:07.073354-0700]    10.5625 MB /   0.50 sec =  177.1891 Mbps     0 retrans
[2024-11-04T11:29:07.573411-0700]    12.3750 MB /   0.50 sec =  207.6002 Mbps     0 retrans
[2024-11-04T11:29:08.073381-0700]    13.2500 MB /   0.50 sec =  222.3590 Mbps     0 retrans
[2024-11-04T11:29:08.573377-0700]    18.2500 MB /   0.50 sec =  306.1934 Mbps     0 retrans
[2024-11-04T11:29:09.073756-0700]    18.5625 MB /   0.50 sec =  311.2167 Mbps     0 retrans
[2024-11-04T11:29:09.573680-0700]    20.6250 MB /   0.50 sec =  345.9602 Mbps     0 retrans
[2024-11-04T11:29:10.073308-0700]    20.5625 MB /   0.50 sec =  345.2453 Mbps     0 retrans
[2024-11-04T11:29:10.573287-0700]    22.1875 MB /   0.50 sec =  372.2631 Mbps     0 retrans
[2024-11-04T11:29:11.073273-0700]    22.4375 MB /   0.50 sec =  376.4343 Mbps     0 retrans
[2024-11-04T11:29:11.573270-0700]    24.5625 MB /   0.50 sec =  412.0937 Mbps     0 retrans
[2024-11-04T11:29:12.073283-0700]    29.1875 MB /   0.50 sec =  489.6860 Mbps     0 retrans
[2024-11-04T11:29:12.573267-0700]    28.9375 MB /   0.50 sec =  485.4917 Mbps     0 retrans
[2024-11-04T11:29:13.073647-0700]    19.6250 MB /   0.50 sec =  329.0206 Mbps     0 retrans
[2024-11-04T11:29:13.573444-0700]    11.1250 MB /   0.50 sec =  186.7687 Mbps     0 retrans
[2024-11-04T11:29:14.073265-0700]     1.2500 MB /   0.50 sec =   20.9732 Mbps     0 retrans
[2024-11-04T11:29:14.573499-0700]    21.2500 MB /   0.50 sec =  356.4959 Mbps     0 retrans
[2024-11-04T11:29:15.073369-0700]    15.1875 MB /   0.50 sec =  254.7642 Mbps     0 retrans
[2024-11-04T11:29:15.573366-0700]    13.1250 MB /   0.50 sec =  220.2102 Mbps     0 retrans
[2024-11-04T11:29:16.073295-0700]    23.7500 MB /   0.50 sec =  398.5019 Mbps     0 retrans
[2024-11-04T11:29:16.573242-0700]    19.6250 MB /   0.50 sec =  329.2733 Mbps     0 retrans
[2024-11-04T11:29:17.073327-0700]     5.3125 MB /   0.50 sec =   89.1234 Mbps     0 retrans
[2024-11-04T11:29:17.573457-0700]    20.1875 MB /   0.50 sec =  338.6542 Mbps     0 retrans
[2024-11-04T11:29:18.073409-0700]    26.7500 MB /   0.50 sec =  448.8866 Mbps     0 retrans
[2024-11-04T11:29:18.573281-0700]    21.7500 MB /   0.50 sec =  364.8818 Mbps     0 retrans
[2024-11-04T11:29:19.073252-0700]    16.9375 MB /   0.50 sec =  284.1630 Mbps     0 retrans
[2024-11-04T11:29:19.573274-0700]    16.0625 MB /   0.50 sec =  269.4830 Mbps     0 retrans
[2024-11-04T11:29:20.073309-0700]     8.6875 MB /   0.50 sec =  145.7483 Mbps     0 retrans
[2024-11-04T11:29:20.573373-0700]    12.4375 MB /   0.50 sec =  208.6704 Mbps     0 retrans
[2024-11-04T11:29:21.073301-0700]     1.5625 MB /   0.50 sec =   26.2138 Mbps     0 retrans
[2024-11-04T11:29:21.573462-0700]     0.0000 MB /   0.50 sec =    0.0000 Mbps     0 retrans
[2024-11-04T11:29:22.073328-0700]     0.0000 MB /   0.50 sec =    0.0000 Mbps     0 retrans
[2024-11-04T11:29:22.573341-0700]    11.8750 MB /   0.50 sec =  199.2621 Mbps     0 retrans
[2024-11-04T11:29:23.073290-0700]    15.4375 MB /   0.50 sec =  258.9801 Mbps     0 retrans
[2024-11-04T11:29:23.573194-0700]     8.8750 MB /   0.50 sec =  148.9023 Mbps     0 retrans
[2024-11-04T11:29:24.073366-0700]     6.5000 MB /   0.50 sec =  109.0336 Mbps     0 retrans
[2024-11-04T11:29:24.573426-0700]     3.1875 MB /   0.50 sec =   53.4825 Mbps     0 retrans
[2024-11-04T11:29:25.073710-0700]     4.6250 MB /   0.50 sec =   77.5959 Mbps     0 retrans
[2024-11-04T11:29:25.573342-0700]    15.2500 MB /   0.50 sec =  255.8259 Mbps     0 retrans
[2024-11-04T11:29:26.074323-0700]     0.0000 MB /   0.50 sec =    0.0000 Mbps     0 retrans
[2024-11-04T11:29:26.573335-0700]    22.3125 MB /   0.50 sec =  375.0820 Mbps     0 retrans
[2024-11-04T11:29:27.073333-0700]     9.2500 MB /   0.50 sec =  155.1880 Mbps     0 retrans
[2024-11-04T11:29:27.573304-0700]    17.1250 MB /   0.50 sec =  287.3328 Mbps     0 retrans
[2024-11-04T11:29:28.073248-0700]    16.1250 MB /   0.50 sec =  270.5505 Mbps     0 retrans
[2024-11-04T11:29:28.573349-0700]    13.5625 MB /   0.50 sec =  227.5055 Mbps     0 retrans
[2024-11-04T11:29:29.073455-0700]     5.1250 MB /   0.50 sec =   85.9733 Mbps     0 retrans
[2024-11-04T11:29:29.573320-0700]    18.3125 MB /   0.50 sec =  307.3028 Mbps     0 retrans
[2024-11-04T11:29:30.073188-0700]    12.3750 MB /   0.50 sec =  207.6313 Mbps     0 retrans
[2024-11-04T11:29:30.573315-0700]     9.5625 MB /   0.50 sec =  160.4260 Mbps     0 retrans
[2024-11-04T11:29:31.073317-0700]    19.5000 MB /   0.50 sec =  327.1466 Mbps     0 retrans
[2024-11-04T11:29:31.573409-0700]    21.1250 MB /   0.50 sec =  354.3592 Mbps     0 retrans
[2024-11-04T11:29:32.073316-0700]    16.5625 MB /   0.50 sec =  277.9221 Mbps     0 retrans
[2024-11-04T11:29:32.573380-0700]     5.7500 MB /   0.50 sec =   96.4522 Mbps     0 retrans
[2024-11-04T11:29:33.073394-0700]    14.5000 MB /   0.50 sec =  243.2721 Mbps     0 retrans
[2024-11-04T11:29:33.573302-0700]     0.2500 MB /   0.50 sec =    4.1947 Mbps     0 retrans
[2024-11-04T11:29:34.073278-0700]    19.8750 MB /   0.50 sec =  333.4732 Mbps     0 retrans
[2024-11-04T11:29:34.573407-0700]     0.0000 MB /   0.50 sec =    0.0000 Mbps     0 retrans
[2024-11-04T11:29:35.073466-0700]    20.0000 MB /   0.50 sec =  335.6155 Mbps     0 retrans
[2024-11-04T11:29:35.573224-0700]     7.0625 MB /   0.50 sec =  118.4867 Mbps     0 retrans
[2024-11-04T11:29:36.073275-0700]    16.4375 MB /   0.50 sec =  275.7854 Mbps     0 retrans
[2024-11-04T11:29:36.573245-0700]    13.5000 MB /   0.50 sec =  226.4951 Mbps     0 retrans
[2024-11-04T11:29:37.073308-0700]    18.7500 MB /   0.50 sec =  314.5608 Mbps     0 retrans
[2024-11-04T11:29:37.573448-0700]     0.0625 MB /   0.50 sec =    1.0483 Mbps     0 retrans
[2024-11-04T11:29:38.073296-0700]    15.6250 MB /   0.50 sec =  262.2206 Mbps     0 retrans
[2024-11-04T11:29:38.573342-0700]    14.5625 MB /   0.50 sec =  244.3236 Mbps     0 retrans
[2024-11-04T11:29:39.073227-0700]    11.3750 MB /   0.50 sec =  190.8527 Mbps     0 retrans
[2024-11-04T11:29:39.573369-0700]     0.0625 MB /   0.50 sec =    1.0483 Mbps     0 retrans
[2024-11-04T11:29:40.073539-0700]     9.2500 MB /   0.50 sec =  155.1483 Mbps     0 retrans
[2024-11-04T11:29:40.573348-0700]     3.8125 MB /   0.50 sec =   63.9844 Mbps     0 retrans
[2024-11-04T11:29:41.073168-0700]    10.1875 MB /   0.50 sec =  170.9497 Mbps     0 retrans
[2024-11-04T11:29:41.573399-0700]     0.7500 MB /   0.50 sec =   12.5798 Mbps     0 retrans
[2024-11-04T11:29:42.073314-0700]    11.6250 MB /   0.50 sec =  195.0601 Mbps     0 retrans
[2024-11-04T11:29:42.573266-0700]    15.1250 MB /   0.50 sec =  253.7686 Mbps     0 retrans
[2024-11-04T11:29:43.073328-0700]    14.7500 MB /   0.50 sec =  247.4496 Mbps     0 retrans
[2024-11-04T11:29:43.573348-0700]     7.8750 MB /   0.50 sec =  132.1087 Mbps     0 retrans
[2024-11-04T11:29:44.073573-0700]     0.0000 MB /   0.50 sec =    0.0000 Mbps     0 retrans
[2024-11-04T11:29:44.573491-0700]     0.0000 MB /   0.50 sec =    0.0000 Mbps     0 retrans
[2024-11-04T11:29:45.073400-0700]     0.0000 MB /   0.50 sec =    0.0000 Mbps     0 retrans
[2024-11-04T11:29:45.573624-0700]     0.0000 MB /   0.50 sec =    0.0000 Mbps     0 retrans
[2024-11-04T11:29:46.073322-0700]    11.3125 MB /   0.50 sec =  189.8245 Mbps     0 retrans
[2024-11-04T11:29:46.573184-0700]     0.0000 MB /   0.50 sec =    0.0000 Mbps     0 retrans
[2024-11-04T11:29:47.073357-0700]     4.3750 MB /   0.50 sec =   73.3884 Mbps     0 retrans
[2024-11-04T11:29:47.573477-0700]     0.0000 MB /   0.50 sec =    0.0000 Mbps     0 retrans
[2024-11-04T11:29:48.073278-0700]     8.7500 MB /   0.50 sec =  146.8456 Mbps     0 retrans
[2024-11-04T11:29:48.573309-0700]    14.1875 MB /   0.50 sec =  238.0272 Mbps     0 retrans
[2024-11-04T11:29:49.073231-0700]    14.5625 MB /   0.50 sec =  244.3309 Mbps     0 retrans
[2024-11-04T11:29:49.573302-0700]    19.0625 MB /   0.50 sec =  319.8003 Mbps     0 retrans
[2024-11-04T11:29:50.073206-0700]    20.3750 MB /   0.50 sec =  341.8577 Mbps     0 retrans
[2024-11-04T11:29:50.573432-0700]    25.5000 MB /   0.50 sec =  427.7959 Mbps     0 retrans
[2024-11-04T11:29:51.073288-0700]    28.5000 MB /   0.50 sec =  478.1516 Mbps     0 retrans
[2024-11-04T11:29:51.573334-0700]    22.2500 MB /   0.50 sec =  373.2714 Mbps     0 retrans
[2024-11-04T11:29:52.073224-0700]    24.1250 MB /   0.50 sec =  404.7892 Mbps     0 retrans
[2024-11-04T11:29:52.573313-0700]    22.0000 MB /   0.50 sec =  369.0737 Mbps     0 retrans
[2024-11-04T11:29:53.073310-0700]    31.1250 MB /   0.50 sec =  522.2023 Mbps     0 retrans
[2024-11-04T11:29:53.573322-0700]    30.6250 MB /   0.50 sec =  513.7724 Mbps     0 retrans
[2024-11-04T11:29:54.073406-0700]    22.4375 MB /   0.50 sec =  376.3959 Mbps     0 retrans
[2024-11-04T11:29:54.573295-0700]    21.5625 MB /   0.50 sec =  361.8253 Mbps     0 retrans
[2024-11-04T11:29:55.073622-0700]    26.6875 MB /   0.50 sec =  447.4270 Mbps     0 retrans
[2024-11-04T11:29:55.573357-0700]    25.3125 MB /   0.50 sec =  424.9316 Mbps     0 retrans
[2024-11-04T11:29:56.073346-0700]    29.1250 MB /   0.50 sec =  488.6462 Mbps     0 retrans
[2024-11-04T11:29:56.573316-0700]    24.8125 MB /   0.50 sec =  416.2922 Mbps     0 retrans
[2024-11-04T11:29:57.073870-0700]    20.8125 MB /   0.50 sec =  348.8611 Mbps     0 retrans
[2024-11-04T11:29:57.573281-0700]    22.5625 MB /   0.50 sec =  378.8966 Mbps     0 retrans
[2024-11-04T11:29:58.073320-0700]    25.4375 MB /   0.50 sec =  426.7645 Mbps     0 retrans
[2024-11-04T11:29:58.573297-0700]    24.5000 MB /   0.50 sec =  411.0196 Mbps     0 retrans
[2024-11-04T11:29:59.073281-0700]    36.0625 MB /   0.50 sec =  605.0755 Mbps     0 retrans
[2024-11-04T11:29:59.573274-0700]    31.2500 MB /   0.50 sec =  524.2807 Mbps     0 retrans
[2024-11-04T11:30:00.073409-0700]    24.6875 MB /   0.50 sec =  414.1105 Mbps     0 retrans
[2024-11-04T11:30:00.573392-0700]    19.8750 MB /   0.50 sec =  333.4425 Mbps     0 retrans
[2024-11-04T11:30:01.073503-0700]    25.7500 MB /   0.50 sec =  432.0271 Mbps     0 retrans
[2024-11-04T11:30:01.573286-0700]    30.1875 MB /   0.50 sec =  506.5351 Mbps     0 retrans
[2024-11-04T11:30:02.073238-0700]    17.3750 MB /   0.50 sec =  291.5146 Mbps     0 retrans
[2024-11-04T11:30:02.573288-0700]    19.6875 MB /   0.50 sec =  330.2902 Mbps     0 retrans
[2024-11-04T11:30:03.073195-0700]    13.4375 MB /   0.50 sec =  225.4619 Mbps     0 retrans
[2024-11-04T11:30:03.573313-0700]    23.3125 MB /   0.50 sec =  391.0915 Mbps     0 retrans
[2024-11-04T11:30:04.073399-0700]     8.0000 MB /   0.50 sec =  134.1909 Mbps     0 retrans
[2024-11-04T11:30:04.573311-0700]    15.2500 MB /   0.50 sec =  255.8909 Mbps     0 retrans
[2024-11-04T11:30:05.073329-0700]    23.7500 MB /   0.50 sec =  398.4772 Mbps     0 retrans
[2024-11-04T11:30:05.573415-0700]    20.1250 MB /   0.50 sec =  337.5767 Mbps     0 retrans
[2024-11-04T11:30:06.073293-0700]     8.0625 MB /   0.50 sec =  135.2793 Mbps     0 retrans
[2024-11-04T11:30:06.573519-0700]     7.1250 MB /   0.50 sec =  119.5456 Mbps     0 retrans
[2024-11-04T11:30:07.073384-0700]     7.1250 MB /   0.50 sec =  119.5224 Mbps     0 retrans
[2024-11-04T11:30:07.573289-0700]    10.0000 MB /   0.50 sec =  167.8010 Mbps     0 retrans
[2024-11-04T11:30:08.073272-0700]    15.3125 MB /   0.50 sec =  256.9078 Mbps     0 retrans
[2024-11-04T11:30:08.573296-0700]    16.5000 MB /   0.50 sec =  276.8202 Mbps     0 retrans
[2024-11-04T11:30:09.073269-0700]    20.2500 MB /   0.50 sec =  339.7407 Mbps     0 retrans
[2024-11-04T11:30:09.573202-0700]    10.6250 MB /   0.50 sec =  178.2640 Mbps     0 retrans
[2024-11-04T11:30:10.073391-0700]     7.1875 MB /   0.50 sec =  120.5607 Mbps     0 retrans
[2024-11-04T11:30:10.573406-0700]    10.3125 MB /   0.50 sec =  173.0123 Mbps     0 retrans
[2024-11-04T11:30:11.073304-0700]    13.2500 MB /   0.50 sec =  222.3315 Mbps     0 retrans
[2024-11-04T11:30:11.573325-0700]    14.8750 MB /   0.50 sec =  249.5681 Mbps     0 retrans
[2024-11-04T11:30:12.073397-0700]     4.9375 MB /   0.50 sec =   82.8204 Mbps     0 retrans
[2024-11-04T11:30:12.573436-0700]     7.9375 MB /   0.50 sec =  133.1713 Mbps     0 retrans
[2024-11-04T11:30:13.073384-0700]     0.0000 MB /   0.50 sec =    0.0000 Mbps     0 retrans
[2024-11-04T11:30:13.573560-0700]     0.0000 MB /   0.50 sec =    0.0000 Mbps     0 retrans
[2024-11-04T11:30:14.073302-0700]     9.2500 MB /   0.50 sec =  155.2032 Mbps     0 retrans
[2024-11-04T11:30:14.573381-0700]     4.6875 MB /   0.50 sec =   78.6322 Mbps     0 retrans
[2024-11-04T11:30:15.073441-0700]     0.0000 MB /   0.50 sec =    0.0000 Mbps     0 retrans
[2024-11-04T11:30:15.573264-0700]    12.1250 MB /   0.50 sec =  203.4677 Mbps     0 retrans
[2024-11-04T11:30:16.073554-0700]     1.5000 MB /   0.50 sec =   25.1595 Mbps     0 retrans
[2024-11-04T11:30:16.573246-0700]     6.0000 MB /   0.50 sec =  100.6919 Mbps     0 retrans
[2024-11-04T11:30:17.073314-0700]     7.1250 MB /   0.50 sec =  119.5310 Mbps     0 retrans
[2024-11-04T11:30:17.573342-0700]    10.2500 MB /   0.50 sec =  171.9678 Mbps     0 retrans
[2024-11-04T11:30:18.073318-0700]     8.9375 MB /   0.50 sec =  149.9524 Mbps     0 retrans
[2024-11-04T11:30:18.573288-0700]     3.7500 MB /   0.50 sec =   62.9157 Mbps     0 retrans
[2024-11-04T11:30:19.073211-0700]     5.9375 MB /   0.50 sec =   99.6155 Mbps     0 retrans
[2024-11-04T11:30:19.573341-0700]     8.4375 MB /   0.50 sec =  141.5459 Mbps     0 retrans
[2024-11-04T11:30:20.073381-0700]     0.8125 MB /   0.50 sec =   13.6296 Mbps     0 retrans
[2024-11-04T11:30:20.573489-0700]     2.3750 MB /   0.50 sec =   39.8435 Mbps     0 retrans
[2024-11-04T11:30:21.073483-0700]     8.5000 MB /   0.50 sec =  142.5995 Mbps     0 retrans
[2024-11-04T11:30:21.573323-0700]     0.0000 MB /   0.50 sec =    0.0000 Mbps     0 retrans
[2024-11-04T11:30:22.073385-0700]     5.4375 MB /   0.50 sec =   91.2330 Mbps     0 retrans
[2024-11-04T11:30:22.573411-0700]     2.0625 MB /   0.50 sec =   34.5979 Mbps     0 retrans
[2024-11-04T11:30:23.073298-0700]     4.4375 MB /   0.50 sec =   74.4602 Mbps     0 retrans
[2024-11-04T11:30:23.573378-0700]     0.1250 MB /   0.50 sec =    2.0971 Mbps     0 retrans
[2024-11-04T11:30:24.073269-0700]     5.3125 MB /   0.50 sec =   89.1411 Mbps     0 retrans
[2024-11-04T11:30:24.573416-0700]     2.3750 MB /   0.50 sec =   39.8366 Mbps     0 retrans
[2024-11-04T11:30:25.073464-0700]     0.0000 MB /   0.50 sec =    0.0000 Mbps     0 retrans
[2024-11-04T11:30:25.573519-0700]     0.0000 MB /   0.50 sec =    0.0000 Mbps     0 retrans
[2024-11-04T11:30:26.073496-0700]     5.8125 MB /   0.50 sec =   97.5254 Mbps     0 retrans
[2024-11-04T11:30:26.573516-0700]     4.9375 MB /   0.50 sec =   82.8304 Mbps     0 retrans
[2024-11-04T11:30:27.073386-0700]     0.0000 MB /   0.50 sec =    0.0000 Mbps     0 retrans
[2024-11-04T11:30:27.573187-0700]     4.9375 MB /   0.50 sec =   82.8597 Mbps     0 retrans
[2024-11-04T11:30:28.073257-0700]     2.5625 MB /   0.50 sec =   42.9865 Mbps     0 retrans
[2024-11-04T11:30:28.573185-0700]     7.0000 MB /   0.50 sec =  117.4544 Mbps     0 retrans
[2024-11-04T11:30:29.073336-0700]     6.5000 MB /   0.50 sec =  109.0432 Mbps     0 retrans
[2024-11-04T11:30:29.573279-0700]     7.4375 MB /   0.50 sec =  124.7761 Mbps     0 retrans
[2024-11-04T11:30:30.073305-0700]     8.5000 MB /   0.50 sec =  142.6123 Mbps     0 retrans
[2024-11-04T11:30:30.573317-0700]    10.1875 MB /   0.50 sec =  170.9169 Mbps     0 retrans
[2024-11-04T11:30:31.073647-0700]     7.9375 MB /   0.50 sec =  133.0741 Mbps     0 retrans
[2024-11-04T11:30:31.573542-0700]     0.3750 MB /   0.50 sec =    6.2934 Mbps     0 retrans
[2024-11-04T11:30:32.073319-0700]     8.0625 MB /   0.50 sec =  135.3196 Mbps     0 retrans
[2024-11-04T11:30:32.573450-0700]    11.3750 MB /   0.50 sec =  190.8469 Mbps     0 retrans
[2024-11-04T11:30:33.073307-0700]    10.5625 MB /   0.50 sec =  177.2072 Mbps     0 retrans
[2024-11-04T11:30:33.573337-0700]    13.7500 MB /   0.50 sec =  230.6724 Mbps     0 retrans
[2024-11-04T11:30:34.073265-0700]    13.0000 MB /   0.50 sec =  218.1247 Mbps     0 retrans
[2024-11-04T11:30:34.573307-0700]    16.1875 MB /   0.50 sec =  271.5747 Mbps     0 retrans
[2024-11-04T11:30:35.073245-0700]    16.5000 MB /   0.50 sec =  276.8290 Mbps     0 retrans
[2024-11-04T11:30:35.573306-0700]    15.3750 MB /   0.50 sec =  257.9239 Mbps     0 retrans
[2024-11-04T11:30:36.073275-0700]    10.9375 MB /   0.50 sec =  183.5173 Mbps     0 retrans
[2024-11-04T11:30:36.573317-0700]     1.8750 MB /   0.50 sec =   31.4538 Mbps     0 retrans
[2024-11-04T11:30:37.073330-0700]    13.1875 MB /   0.50 sec =  221.2566 Mbps     0 retrans
[2024-11-04T11:30:37.573461-0700]     3.3750 MB /   0.50 sec =   56.6159 Mbps     0 retrans
[2024-11-04T11:30:38.073184-0700]    19.1875 MB /   0.50 sec =  321.9991 Mbps     0 retrans
[2024-11-04T11:30:38.573346-0700]    16.0625 MB /   0.50 sec =  269.4555 Mbps     0 retrans
[2024-11-04T11:30:39.073319-0700]    14.1875 MB /   0.50 sec =  238.0310 Mbps     0 retrans
[2024-11-04T11:30:39.573177-0700]    13.3125 MB /   0.50 sec =  223.3672 Mbps     0 retrans
[2024-11-04T11:30:40.073303-0700]     5.8750 MB /   0.50 sec =   98.5567 Mbps     0 retrans
[2024-11-04T11:30:40.573486-0700]     2.6875 MB /   0.50 sec =   45.0755 Mbps     0 retrans
[2024-11-04T11:30:41.073175-0700]    11.8125 MB /   0.50 sec =  198.2582 Mbps     0 retrans
[2024-11-04T11:30:41.573564-0700]     1.7500 MB /   0.50 sec =   29.3445 Mbps     0 retrans
[2024-11-04T11:30:42.073421-0700]     6.6250 MB /   0.50 sec =  111.1715 Mbps     0 retrans
[2024-11-04T11:30:42.573327-0700]    13.4375 MB /   0.50 sec =  225.4813 Mbps     0 retrans
[2024-11-04T11:30:43.073306-0700]     8.5000 MB /   0.50 sec =  142.6146 Mbps     0 retrans
[2024-11-04T11:30:43.573262-0700]     4.5625 MB /   0.50 sec =   76.5482 Mbps     0 retrans
[2024-11-04T11:30:44.073539-0700]     3.0000 MB /   0.50 sec =   50.3251 Mbps     0 retrans
[2024-11-04T11:30:44.573311-0700]    10.3750 MB /   0.50 sec =  174.0817 Mbps     0 retrans
[2024-11-04T11:30:45.073249-0700]     6.2500 MB /   0.50 sec =  104.8542 Mbps     0 retrans
[2024-11-04T11:30:45.573378-0700]     8.3125 MB /   0.50 sec =  139.4556 Mbps     0 retrans
[2024-11-04T11:30:46.073297-0700]    11.8750 MB /   0.50 sec =  199.2482 Mbps     0 retrans
[2024-11-04T11:30:46.573173-0700]    11.4375 MB /   0.50 sec =  191.9055 Mbps     0 retrans
[2024-11-04T11:30:47.073333-0700]     9.6250 MB /   0.50 sec =  161.4662 Mbps     0 retrans
[2024-11-04T11:30:47.573424-0700]     3.3750 MB /   0.50 sec =   56.6121 Mbps     0 retrans
[2024-11-04T11:30:48.073389-0700]     8.0625 MB /   0.50 sec =  135.2579 Mbps     0 retrans
End time: 1730745048323
