Start time: 1730506543080
[2024-11-01T17:15:43.924204-0700] nuttcp-t: v8.1.4: socket
[2024-11-01T17:15:43.924718-0700] nuttcp-t: buflen=65536, nstream=1, port=5102 tcp -> 54.176.53.206
[2024-11-01T17:15:43.924755-0700] nuttcp-t: time limit = 120.00 seconds
[2024-11-01T17:15:43.924782-0700] nuttcp-t: connect to 54.176.53.206 with mss=1378, RTT=43.173 ms af=inet
[2024-11-01T17:15:43.924807-0700] nuttcp-t: send window size = 2097152, receive window size = 6291456
[2024-11-01T17:15:43.924832-0700] nuttcp-t: available send window = 1572864, available receive window = 4718592
[2024-11-01T17:15:43.924856-0700] nuttcp-t: initial congestion window = 13 KB (10 packets)
[2024-11-01T17:15:43.924880-0700] nuttcp-r: v6.1.2: socket
[2024-11-01T17:15:43.924906-0700] nuttcp-r: buflen=65536, nstream=1, port=5102 tcp
[2024-11-01T17:15:43.924933-0700] nuttcp-r: interval reporting every 0.50 seconds
[2024-11-01T17:15:43.924957-0700] nuttcp-r: accept from 166.196.78.2
[2024-11-01T17:15:43.924981-0700] nuttcp-r: send window size = 450000000, receive window size = 450000000
[2024-11-01T17:15:43.925006-0700] nuttcp-r: available send window = 225000000, available receive window = 225000000
[2024-11-01T17:15:43.925040-0700]     2.9375 MB /   0.50 sec =   49.2788 Mbps     0 retrans   2437 KB-cwnd
[2024-11-01T17:15:44.570372-0700]     4.5000 MB /   0.50 sec =   75.5000 Mbps     0 retrans   2519 KB-cwnd
[2024-11-01T17:15:44.904714-0700]     3.8125 MB /   0.50 sec =   63.9629 Mbps     0 retrans   2519 KB-cwnd
[2024-11-01T17:15:45.410476-0700]     5.1250 MB /   0.50 sec =   85.9834 Mbps     0 retrans   2581 KB-cwnd
[2024-11-01T17:15:45.936884-0700]     5.3125 MB /   0.50 sec =   89.1258 Mbps     0 retrans   2743 KB-cwnd
[2024-11-01T17:15:46.601632-0700]     4.1250 MB /   0.50 sec =   69.2062 Mbps     0 retrans   2743 KB-cwnd
[2024-11-01T17:15:46.906220-0700]     4.1875 MB /   0.50 sec =   70.2571 Mbps     0 retrans   2743 KB-cwnd
[2024-11-01T17:15:47.580377-0700]     3.9375 MB /   0.50 sec =   66.0528 Mbps     0 retrans   2743 KB-cwnd
[2024-11-01T17:15:47.910238-0700]     3.9375 MB /   0.50 sec =   66.0680 Mbps     0 retrans   2743 KB-cwnd
[2024-11-01T17:15:48.546420-0700]     4.5000 MB /   0.50 sec =   75.4967 Mbps     0 retrans   2743 KB-cwnd
[2024-11-01T17:15:48.900535-0700]     4.1250 MB /   0.50 sec =   69.2032 Mbps     0 retrans   2743 KB-cwnd
[2024-11-01T17:15:49.590660-0700]     3.2500 MB /   0.50 sec =   54.5272 Mbps     1 retrans   2232 KB-cwnd
[2024-11-01T17:15:50.182570-0700]     5.0625 MB /   0.50 sec =   84.9364 Mbps     0 retrans   2232 KB-cwnd
[2024-11-01T17:15:50.457102-0700]     4.5625 MB /   0.50 sec =   76.5459 Mbps     0 retrans   2232 KB-cwnd
[2024-11-01T17:15:50.972475-0700]     5.0625 MB /   0.50 sec =   84.9207 Mbps     0 retrans   2232 KB-cwnd
[2024-11-01T17:15:51.608622-0700]     4.7500 MB /   0.50 sec =   79.7001 Mbps     0 retrans   2232 KB-cwnd
[2024-11-01T17:15:51.958282-0700]     3.7500 MB /   0.50 sec =   62.9167 Mbps     0 retrans   2232 KB-cwnd
[2024-11-01T17:15:52.648552-0700]     3.8750 MB /   0.50 sec =   65.0129 Mbps     0 retrans   2232 KB-cwnd
[2024-11-01T17:15:52.979190-0700]     3.8125 MB /   0.50 sec =   63.9630 Mbps     0 retrans   2232 KB-cwnd
[2024-11-01T17:15:53.664163-0700]     4.1250 MB /   0.50 sec =   69.2071 Mbps     0 retrans   2232 KB-cwnd
[2024-11-01T17:15:54.031636-0700]     3.8125 MB /   0.50 sec =   63.9612 Mbps     0 retrans   2232 KB-cwnd
[2024-11-01T17:15:54.708318-0700]     3.8125 MB /   0.50 sec =   63.9630 Mbps     0 retrans   2232 KB-cwnd
[2024-11-01T17:15:55.012211-0700]     3.8750 MB /   0.50 sec =   65.0139 Mbps     0 retrans   2232 KB-cwnd
[2024-11-01T17:15:55.709525-0700]     4.5000 MB /   0.50 sec =   75.4954 Mbps     0 retrans   2232 KB-cwnd
[2024-11-01T17:15:56.068533-0700]     3.7500 MB /   0.50 sec =   62.9157 Mbps     0 retrans   2232 KB-cwnd
[2024-11-01T17:15:56.384857-0700]     4.1875 MB /   0.50 sec =   70.2521 Mbps     0 retrans   2232 KB-cwnd
[2024-11-01T17:15:56.890590-0700]     5.2500 MB /   0.50 sec =   88.0830 Mbps     0 retrans   2232 KB-cwnd
[2024-11-01T17:15:57.417430-0700]     5.2500 MB /   0.50 sec =   88.0795 Mbps     0 retrans   2232 KB-cwnd
[2024-11-01T17:15:57.882248-0700]     5.7500 MB /   0.50 sec =   96.4711 Mbps     0 retrans   2232 KB-cwnd
[2024-11-01T17:15:58.548360-0700]     6.0625 MB /   0.50 sec =  101.7086 Mbps     0 retrans   2232 KB-cwnd
[2024-11-01T17:15:58.943617-0700]     6.6250 MB /   0.50 sec =  111.1531 Mbps     1 retrans   1840 KB-cwnd
[2024-11-01T17:15:59.580329-0700]     6.3125 MB /   0.50 sec =  105.9060 Mbps     0 retrans   1840 KB-cwnd
[2024-11-01T17:16:00.054446-0700]     6.3125 MB /   0.50 sec =  105.9070 Mbps     0 retrans   1840 KB-cwnd
[2024-11-01T17:16:00.621494-0700]     5.0000 MB /   0.50 sec =   83.8804 Mbps     0 retrans   1840 KB-cwnd
[2024-11-01T17:16:00.910648-0700]     4.7500 MB /   0.50 sec =   79.6923 Mbps     0 retrans   1840 KB-cwnd
[2024-11-01T17:16:01.486624-0700]     4.6875 MB /   0.50 sec =   78.6476 Mbps     0 retrans   1840 KB-cwnd
[2024-11-01T17:16:02.034648-0700]     4.7500 MB /   0.50 sec =   79.6919 Mbps     0 retrans   1840 KB-cwnd
[2024-11-01T17:16:02.503017-0700]     4.8750 MB /   0.50 sec =   81.7811 Mbps     0 retrans   1840 KB-cwnd
[2024-11-01T17:16:02.946628-0700]     6.4375 MB /   0.50 sec =  108.0152 Mbps     0 retrans   1840 KB-cwnd
[2024-11-01T17:16:03.483864-0700]     5.0000 MB /   0.50 sec =   83.8844 Mbps     0 retrans   1840 KB-cwnd
[2024-11-01T17:16:03.966917-0700]     5.6250 MB /   0.50 sec =   94.3700 Mbps     0 retrans   1840 KB-cwnd
[2024-11-01T17:16:04.510853-0700]     5.2500 MB /   0.50 sec =   88.0832 Mbps     0 retrans   1840 KB-cwnd
[2024-11-01T17:16:04.968577-0700]     5.3750 MB /   0.50 sec =   90.1772 Mbps     0 retrans   1840 KB-cwnd
[2024-11-01T17:16:05.412774-0700]     6.4375 MB /   0.50 sec =  108.0020 Mbps     0 retrans   1840 KB-cwnd
[2024-11-01T17:16:06.080720-0700]     5.8750 MB /   0.50 sec =   98.5656 Mbps     0 retrans   1840 KB-cwnd
[2024-11-01T17:16:06.584550-0700]     6.0625 MB /   0.50 sec =  101.7143 Mbps     1 retrans   1473 KB-cwnd
[2024-11-01T17:16:07.064889-0700]     5.8750 MB /   0.50 sec =   98.5650 Mbps     0 retrans   1577 KB-cwnd
[2024-11-01T17:16:07.539028-0700]     5.7500 MB /   0.50 sec =   96.4690 Mbps     0 retrans   1577 KB-cwnd
[2024-11-01T17:16:08.035682-0700]     5.5000 MB /   0.50 sec =   92.2756 Mbps     0 retrans   1577 KB-cwnd
[2024-11-01T17:16:08.490687-0700]     5.6250 MB /   0.50 sec =   94.3647 Mbps     0 retrans   1577 KB-cwnd
[2024-11-01T17:16:08.993839-0700]     5.6875 MB /   0.50 sec =   95.4275 Mbps     0 retrans   1577 KB-cwnd
[2024-11-01T17:16:09.511502-0700]     5.1250 MB /   0.50 sec =   85.9837 Mbps     0 retrans   1577 KB-cwnd
[2024-11-01T17:16:10.049077-0700]     5.3125 MB /   0.50 sec =   89.1282 Mbps     0 retrans   1577 KB-cwnd
[2024-11-01T17:16:10.576961-0700]     4.8750 MB /   0.50 sec =   81.7891 Mbps     0 retrans   1577 KB-cwnd
[2024-11-01T17:16:11.095244-0700]     5.1875 MB /   0.50 sec =   87.0329 Mbps     0 retrans   1577 KB-cwnd
[2024-11-01T17:16:11.615689-0700]     5.1250 MB /   0.50 sec =   85.9745 Mbps     0 retrans   1577 KB-cwnd
[2024-11-01T17:16:11.876860-0700]     5.1875 MB /   0.50 sec =   87.0391 Mbps     0 retrans   1577 KB-cwnd
[2024-11-01T17:16:12.649110-0700]     5.6250 MB /   0.50 sec =   94.3718 Mbps     0 retrans   1577 KB-cwnd
[2024-11-01T17:16:12.894798-0700]     5.0625 MB /   0.50 sec =   84.9355 Mbps     0 retrans   1577 KB-cwnd
[2024-11-01T17:16:13.430800-0700]     5.3125 MB /   0.50 sec =   89.1279 Mbps     0 retrans   1577 KB-cwnd
[2024-11-01T17:16:14.057139-0700]     4.5625 MB /   0.50 sec =   76.5450 Mbps     0 retrans   1644 KB-cwnd
[2024-11-01T17:16:14.554208-0700]     4.5625 MB /   0.50 sec =   76.5465 Mbps     0 retrans   1644 KB-cwnd
[2024-11-01T17:16:15.175137-0700]     5.0625 MB /   0.50 sec =   84.9355 Mbps     1 retrans   1435 KB-cwnd
[2024-11-01T17:16:15.420533-0700]     4.6875 MB /   0.50 sec =   78.6408 Mbps     0 retrans   1466 KB-cwnd
[2024-11-01T17:16:15.968339-0700]     5.0625 MB /   0.50 sec =   84.9387 Mbps     0 retrans   1466 KB-cwnd
[2024-11-01T17:16:16.576343-0700]     4.4375 MB /   0.50 sec =   74.4476 Mbps     0 retrans   1470 KB-cwnd
[2024-11-01T17:16:17.149489-0700]     4.6875 MB /   0.50 sec =   78.6427 Mbps     0 retrans   1470 KB-cwnd
[2024-11-01T17:16:17.456575-0700]     4.5625 MB /   0.50 sec =   76.5464 Mbps     0 retrans   1470 KB-cwnd
[2024-11-01T17:16:18.135879-0700]     4.0625 MB /   0.50 sec =   68.1553 Mbps     0 retrans   1470 KB-cwnd
[2024-11-01T17:16:18.394576-0700]     4.6875 MB /   0.50 sec =   78.6371 Mbps     0 retrans   1472 KB-cwnd
[2024-11-01T17:16:19.019793-0700]     4.2500 MB /   0.50 sec =   71.3104 Mbps     0 retrans   1472 KB-cwnd
[2024-11-01T17:16:19.386240-0700]     4.1250 MB /   0.50 sec =   69.2073 Mbps     0 retrans   1472 KB-cwnd
[2024-11-01T17:16:20.096086-0700]     3.7500 MB /   0.50 sec =   62.9143 Mbps     0 retrans   1472 KB-cwnd
[2024-11-01T17:16:20.438812-0700]     4.1250 MB /   0.50 sec =   69.1940 Mbps     0 retrans   1472 KB-cwnd
[2024-11-01T17:16:21.152513-0700]     4.0625 MB /   0.50 sec =   68.1663 Mbps     0 retrans   1472 KB-cwnd
[2024-11-01T17:16:21.634037-0700]     3.6250 MB /   0.50 sec =   60.7666 Mbps     5 retrans   1184 KB-cwnd
[2024-11-01T17:16:21.917610-0700]     3.8125 MB /   0.50 sec =   64.0190 Mbps     0 retrans   1305 KB-cwnd
[2024-11-01T17:16:22.654712-0700]     3.3750 MB /   0.50 sec =   56.6213 Mbps    14 retrans   1154 KB-cwnd
[2024-11-01T17:16:22.880333-0700]     5.1875 MB /   0.50 sec =   87.0348 Mbps     0 retrans   1176 KB-cwnd
[2024-11-01T17:16:23.574564-0700]     5.8750 MB /   0.50 sec =   98.5679 Mbps     0 retrans   1184 KB-cwnd
[2024-11-01T17:16:24.066706-0700]     5.8750 MB /   0.50 sec =   98.5618 Mbps     0 retrans   1189 KB-cwnd
[2024-11-01T17:16:24.406455-0700]     4.1250 MB /   0.50 sec =   69.2052 Mbps     1 retrans    954 KB-cwnd
[2024-11-01T17:16:24.948626-0700]     5.6250 MB /   0.50 sec =   94.3764 Mbps     0 retrans   1173 KB-cwnd
[2024-11-01T17:16:25.504714-0700]     4.9375 MB /   0.50 sec =   82.8281 Mbps     0 retrans   1181 KB-cwnd
[2024-11-01T17:16:26.111770-0700]     4.7500 MB /   0.50 sec =   79.6333 Mbps     0 retrans   1181 KB-cwnd
[2024-11-01T17:16:26.404462-0700]     4.3125 MB /   0.50 sec =   72.4133 Mbps     0 retrans   1181 KB-cwnd
[2024-11-01T17:16:27.026912-0700]     4.1250 MB /   0.50 sec =   69.1915 Mbps     0 retrans   1182 KB-cwnd
[2024-11-01T17:16:27.597611-0700]     4.8750 MB /   0.50 sec =   81.8063 Mbps     0 retrans   1185 KB-cwnd
[2024-11-01T17:16:27.882394-0700]     4.5000 MB /   0.50 sec =   75.4966 Mbps     0 retrans   1185 KB-cwnd
[2024-11-01T17:16:28.492528-0700]     4.3125 MB /   0.50 sec =   72.3487 Mbps     0 retrans   1185 KB-cwnd
[2024-11-01T17:16:29.016735-0700]     4.9375 MB /   0.50 sec =   82.8416 Mbps     0 retrans   1186 KB-cwnd
[2024-11-01T17:16:29.532628-0700]     5.1875 MB /   0.50 sec =   87.0327 Mbps     0 retrans   1186 KB-cwnd
[2024-11-01T17:16:30.094500-0700]     4.9375 MB /   0.50 sec =   82.8344 Mbps     0 retrans   1189 KB-cwnd
[2024-11-01T17:16:30.621481-0700]     4.9375 MB /   0.50 sec =   82.8347 Mbps     0 retrans   1190 KB-cwnd
[2024-11-01T17:16:30.919743-0700]     4.8125 MB /   0.50 sec =   80.7442 Mbps     0 retrans   1190 KB-cwnd
[2024-11-01T17:16:31.438878-0700]     5.1250 MB /   0.50 sec =   85.9808 Mbps     0 retrans   1192 KB-cwnd
[2024-11-01T17:16:32.024538-0700]     4.8750 MB /   0.50 sec =   81.7893 Mbps     0 retrans   1193 KB-cwnd
[2024-11-01T17:16:32.636522-0700]     4.3750 MB /   0.50 sec =   73.4034 Mbps     0 retrans   1193 KB-cwnd
[2024-11-01T17:16:32.930815-0700]     4.1875 MB /   0.50 sec =   70.2539 Mbps     0 retrans   1193 KB-cwnd
[2024-11-01T17:16:33.526855-0700]     4.6875 MB /   0.50 sec =   78.6429 Mbps     1 retrans    955 KB-cwnd
[2024-11-01T17:16:34.078932-0700]     4.7500 MB /   0.50 sec =   79.6927 Mbps     0 retrans   1184 KB-cwnd
[2024-11-01T17:16:34.689009-0700]     4.6250 MB /   0.50 sec =   77.5903 Mbps     0 retrans   1185 KB-cwnd
[2024-11-01T17:16:34.990617-0700]     4.3125 MB /   0.50 sec =   72.3487 Mbps     0 retrans   1185 KB-cwnd
[2024-11-01T17:16:35.672596-0700]     4.2500 MB /   0.50 sec =   71.3096 Mbps     0 retrans   1185 KB-cwnd
[2024-11-01T17:16:36.082488-0700]     3.5000 MB /   0.50 sec =   58.7201 Mbps     0 retrans   1185 KB-cwnd
[2024-11-01T17:16:36.438095-0700]     3.5625 MB /   0.50 sec =   59.7694 Mbps     0 retrans   1185 KB-cwnd
[2024-11-01T17:16:37.074770-0700]     4.0000 MB /   0.50 sec =   67.1091 Mbps     0 retrans   1186 KB-cwnd
[2024-11-01T17:16:37.659538-0700]     4.6875 MB /   0.50 sec =   78.6427 Mbps     0 retrans   1186 KB-cwnd
[2024-11-01T17:16:37.990926-0700]     4.2500 MB /   0.50 sec =   71.3026 Mbps     0 retrans   1186 KB-cwnd
[2024-11-01T17:16:38.628425-0700]     4.0000 MB /   0.50 sec =   67.1078 Mbps     0 retrans   1186 KB-cwnd
[2024-11-01T17:16:38.928387-0700]     4.5000 MB /   0.50 sec =   75.4984 Mbps     0 retrans   1189 KB-cwnd
[2024-11-01T17:16:39.524450-0700]     4.5625 MB /   0.50 sec =   76.5462 Mbps     0 retrans   1189 KB-cwnd
[2024-11-01T17:16:40.080805-0700]     5.0000 MB /   0.50 sec =   83.8851 Mbps     0 retrans   1190 KB-cwnd
[2024-11-01T17:16:40.631959-0700]     4.8125 MB /   0.50 sec =   80.7420 Mbps     0 retrans   1190 KB-cwnd
[2024-11-01T17:16:40.898758-0700]     5.0000 MB /   0.50 sec =   83.8857 Mbps     0 retrans   1193 KB-cwnd
[2024-11-01T17:16:41.450379-0700]     4.8750 MB /   0.50 sec =   81.7883 Mbps     0 retrans   1193 KB-cwnd
[2024-11-01T17:16:41.960071-0700]     5.3125 MB /   0.50 sec =   89.1300 Mbps     0 retrans   1196 KB-cwnd
[2024-11-01T17:16:42.454565-0700]     5.2500 MB /   0.50 sec =   88.0790 Mbps     0 retrans   1197 KB-cwnd
[2024-11-01T17:16:42.941517-0700]     5.5000 MB /   0.50 sec =   92.2739 Mbps     1 retrans   1154 KB-cwnd
[2024-11-01T17:16:43.431474-0700]     5.8125 MB /   0.50 sec =   97.5207 Mbps     0 retrans   1344 KB-cwnd
[2024-11-01T17:16:44.103007-0700]     6.0625 MB /   0.50 sec =  101.7088 Mbps     0 retrans   1402 KB-cwnd
[2024-11-01T17:16:44.581671-0700]     5.7500 MB /   0.50 sec =   96.4709 Mbps     0 retrans   1402 KB-cwnd
[2024-11-01T17:16:45.078583-0700]     5.5625 MB /   0.50 sec =   93.3087 Mbps     0 retrans   1402 KB-cwnd
[2024-11-01T17:16:45.602326-0700]     5.3125 MB /   0.50 sec =   89.1416 Mbps     0 retrans   1402 KB-cwnd
[2024-11-01T17:16:45.884395-0700]     4.9375 MB /   0.50 sec =   82.8368 Mbps     0 retrans   1402 KB-cwnd
[2024-11-01T17:16:46.420417-0700]     4.9375 MB /   0.50 sec =   82.8390 Mbps     0 retrans   1402 KB-cwnd
[2024-11-01T17:16:46.956964-0700]     5.1875 MB /   0.50 sec =   87.0315 Mbps     0 retrans   1402 KB-cwnd
[2024-11-01T17:16:47.422412-0700]     5.7500 MB /   0.50 sec =   96.4609 Mbps     0 retrans   1402 KB-cwnd
[2024-11-01T17:16:47.888877-0700]     5.8750 MB /   0.50 sec =   98.5750 Mbps     0 retrans   1402 KB-cwnd
[2024-11-01T17:16:48.550942-0700]     6.1250 MB /   0.50 sec =  102.7596 Mbps     0 retrans   1404 KB-cwnd
[2024-11-01T17:16:48.976116-0700]     6.1875 MB /   0.50 sec =  103.8107 Mbps     0 retrans   1404 KB-cwnd
[2024-11-01T17:16:49.458346-0700]     5.7500 MB /   0.50 sec =   96.4640 Mbps     0 retrans   1404 KB-cwnd
[2024-11-01T17:16:49.967670-0700]     5.1250 MB /   0.50 sec =   85.9862 Mbps     0 retrans   1404 KB-cwnd
[2024-11-01T17:16:50.496511-0700]     5.1250 MB /   0.50 sec =   85.9834 Mbps     0 retrans   1404 KB-cwnd
[2024-11-01T17:16:51.000630-0700]     5.3750 MB /   0.50 sec =   90.1781 Mbps     1 retrans   1193 KB-cwnd
[2024-11-01T17:16:51.496708-0700]     5.5000 MB /   0.50 sec =   91.8805 Mbps     0 retrans   1250 KB-cwnd
[2024-11-01T17:16:52.008661-0700]     5.1875 MB /   0.50 sec =   87.4047 Mbps     0 retrans   1250 KB-cwnd
[2024-11-01T17:16:52.498477-0700]     5.3750 MB /   0.50 sec =   90.1797 Mbps     0 retrans   1250 KB-cwnd
[2024-11-01T17:16:53.014389-0700]     5.1875 MB /   0.50 sec =   87.0315 Mbps     0 retrans   1250 KB-cwnd
[2024-11-01T17:16:53.510358-0700]     5.4375 MB /   0.50 sec =   91.2265 Mbps     0 retrans   1256 KB-cwnd
[2024-11-01T17:16:53.992545-0700]     5.6250 MB /   0.50 sec =   94.3673 Mbps     0 retrans   1256 KB-cwnd
[2024-11-01T17:16:54.491402-0700]     5.5000 MB /   0.50 sec =   92.2799 Mbps     0 retrans   1256 KB-cwnd
[2024-11-01T17:16:55.010497-0700]     5.1875 MB /   0.50 sec =   87.0306 Mbps     0 retrans   1259 KB-cwnd
[2024-11-01T17:16:55.533507-0700]     5.0000 MB /   0.50 sec =   83.8869 Mbps     0 retrans   1260 KB-cwnd
[2024-11-01T17:16:56.052304-0700]     5.3125 MB /   0.50 sec =   89.1286 Mbps     0 retrans   1260 KB-cwnd
[2024-11-01T17:16:56.604832-0700]     4.9375 MB /   0.50 sec =   82.8363 Mbps     0 retrans   1260 KB-cwnd
[2024-11-01T17:16:57.134299-0700]     4.9375 MB /   0.50 sec =   82.8378 Mbps     0 retrans   1263 KB-cwnd
[2024-11-01T17:16:57.440805-0700]     4.5625 MB /   0.50 sec =   76.5441 Mbps     0 retrans   1263 KB-cwnd
[2024-11-01T17:16:58.091016-0700]     4.0000 MB /   0.50 sec =   67.1120 Mbps     0 retrans   1263 KB-cwnd
[2024-11-01T17:16:58.388414-0700]     4.5000 MB /   0.50 sec =   75.4961 Mbps     0 retrans   1263 KB-cwnd
[2024-11-01T17:16:59.071019-0700]     3.8750 MB /   0.50 sec =   65.0126 Mbps     0 retrans   1263 KB-cwnd
[2024-11-01T17:16:59.409698-0700]     4.1250 MB /   0.50 sec =   69.2053 Mbps     1 retrans   1053 KB-cwnd
[2024-11-01T17:17:00.113188-0700]     3.6250 MB /   0.50 sec =   60.8149 Mbps     0 retrans   1141 KB-cwnd
[2024-11-01T17:17:00.423244-0700]     4.3125 MB /   0.50 sec =   72.3542 Mbps     0 retrans   1141 KB-cwnd
[2024-11-01T17:17:00.971384-0700]     4.8125 MB /   0.50 sec =   80.6167 Mbps     0 retrans   1223 KB-cwnd
[2024-11-01T17:17:01.511371-0700]     4.7500 MB /   0.50 sec =   79.8147 Mbps     0 retrans   1223 KB-cwnd
[2024-11-01T17:17:02.060667-0700]     4.9375 MB /   0.50 sec =   82.8309 Mbps     0 retrans   1251 KB-cwnd
[2024-11-01T17:17:02.608552-0700]     4.6875 MB /   0.50 sec =   78.6500 Mbps     0 retrans   1251 KB-cwnd
[2024-11-01T17:17:02.906495-0700]     4.7500 MB /   0.50 sec =   79.6927 Mbps     0 retrans   1251 KB-cwnd
[2024-11-01T17:17:03.474419-0700]     4.5625 MB /   0.50 sec =   76.5448 Mbps     0 retrans   1251 KB-cwnd
[2024-11-01T17:17:04.138069-0700]     4.2500 MB /   0.50 sec =   71.3023 Mbps     0 retrans   1251 KB-cwnd
[2024-11-01T17:17:04.446460-0700]     4.1250 MB /   0.50 sec =   69.2070 Mbps     0 retrans   1251 KB-cwnd
[2024-11-01T17:17:05.068338-0700]     4.4375 MB /   0.50 sec =   74.4474 Mbps     0 retrans   1251 KB-cwnd
[2024-11-01T17:17:05.374179-0700]     4.3750 MB /   0.50 sec =   73.3962 Mbps     0 retrans   1251 KB-cwnd
[2024-11-01T17:17:05.987257-0700]     4.4375 MB /   0.50 sec =   74.4537 Mbps     0 retrans   1251 KB-cwnd
[2024-11-01T17:17:06.570948-0700]     4.3750 MB /   0.50 sec =   73.4025 Mbps     0 retrans   1251 KB-cwnd
[2024-11-01T17:17:07.126800-0700]     4.7500 MB /   0.50 sec =   79.6900 Mbps     0 retrans   1251 KB-cwnd
[2024-11-01T17:17:07.405987-0700]     4.7500 MB /   0.50 sec =   79.6910 Mbps     0 retrans   1251 KB-cwnd
[2024-11-01T17:17:07.952407-0700]     4.9375 MB /   0.50 sec =   82.8375 Mbps     0 retrans   1251 KB-cwnd
[2024-11-01T17:17:08.518354-0700]     4.8125 MB /   0.50 sec =   80.7395 Mbps     0 retrans   1255 KB-cwnd
[2024-11-01T17:17:09.166597-0700]     4.6875 MB /   0.50 sec =   78.6438 Mbps     1 retrans   1115 KB-cwnd
[2024-11-01T17:17:09.445728-0700]     4.5000 MB /   0.50 sec =   75.4997 Mbps     0 retrans   1115 KB-cwnd
[2024-11-01T17:17:10.048046-0700]     4.6875 MB /   0.50 sec =   78.6423 Mbps     0 retrans   1120 KB-cwnd
[2024-11-01T17:17:10.400661-0700]     3.8750 MB /   0.50 sec =   65.0122 Mbps     0 retrans   1120 KB-cwnd
[2024-11-01T17:17:11.173024-0700]     3.3750 MB /   0.50 sec =   56.6214 Mbps     0 retrans   1120 KB-cwnd
[2024-11-01T17:17:11.548479-0700]     3.5625 MB /   0.50 sec =   59.7706 Mbps     0 retrans   1120 KB-cwnd
[2024-11-01T17:17:11.934422-0700]     3.4375 MB /   0.50 sec =   57.6718 Mbps     0 retrans   1120 KB-cwnd
[2024-11-01T17:17:12.631323-0700]     3.6875 MB /   0.50 sec =   61.8640 Mbps     0 retrans   1120 KB-cwnd
[2024-11-01T17:17:12.980774-0700]     4.0000 MB /   0.50 sec =   67.1114 Mbps     0 retrans   1120 KB-cwnd
[2024-11-01T17:17:13.638567-0700]     4.0625 MB /   0.50 sec =   68.1572 Mbps     0 retrans   1122 KB-cwnd
[2024-11-01T17:17:14.025420-0700]     3.7500 MB /   0.50 sec =   62.9139 Mbps     0 retrans   1122 KB-cwnd
[2024-11-01T17:17:14.700620-0700]     3.8125 MB /   0.50 sec =   63.9533 Mbps     0 retrans   1122 KB-cwnd
[2024-11-01T17:17:15.037192-0700]     4.0625 MB /   0.50 sec =   68.1621 Mbps     0 retrans   1122 KB-cwnd
[2024-11-01T17:17:15.409442-0700]     3.6875 MB /   0.50 sec =   61.8713 Mbps     0 retrans   1122 KB-cwnd
[2024-11-01T17:17:16.150744-0700]     3.4375 MB /   0.50 sec =   57.6721 Mbps     0 retrans   1122 KB-cwnd
[2024-11-01T17:17:16.482519-0700]     3.9375 MB /   0.50 sec =   66.0603 Mbps     0 retrans   1122 KB-cwnd
[2024-11-01T17:17:17.213409-0700]     3.7500 MB /   0.50 sec =   62.9141 Mbps     0 retrans   1122 KB-cwnd
[2024-11-01T17:17:17.562297-0700]     3.5625 MB /   0.50 sec =   59.7666 Mbps     0 retrans   1122 KB-cwnd
[2024-11-01T17:17:17.918989-0700]     3.8750 MB /   0.50 sec =   65.0142 Mbps     0 retrans   1122 KB-cwnd
[2024-11-01T17:17:18.642804-0700]     3.7500 MB /   0.50 sec =   62.9149 Mbps     0 retrans   1122 KB-cwnd
[2024-11-01T17:17:19.007850-0700]     3.5625 MB /   0.50 sec =   59.7636 Mbps     0 retrans   1122 KB-cwnd
[2024-11-01T17:17:19.424326-0700]     3.3750 MB /   0.50 sec =   56.6273 Mbps     0 retrans   1122 KB-cwnd
[2024-11-01T17:17:20.252595-0700]     3.3125 MB /   0.50 sec =   55.5749 Mbps     1 retrans    901 KB-cwnd
[2024-11-01T17:17:20.654082-0700]     3.3750 MB /   0.50 sec =   56.6236 Mbps     0 retrans    978 KB-cwnd
[2024-11-01T17:17:21.087092-0700]     3.1875 MB /   0.50 sec =   53.4725 Mbps     0 retrans    991 KB-cwnd
[2024-11-01T17:17:21.517139-0700]     3.0625 MB /   0.50 sec =   51.3844 Mbps     0 retrans    991 KB-cwnd
[2024-11-01T17:17:21.909396-0700]     3.3125 MB /   0.50 sec =   55.5567 Mbps     0 retrans    991 KB-cwnd
[2024-11-01T17:17:22.669830-0700]     3.5625 MB /   0.50 sec =   59.7880 Mbps     0 retrans   1001 KB-cwnd
[2024-11-01T17:17:23.071304-0700]     3.3750 MB /   0.50 sec =   56.6221 Mbps     0 retrans   1001 KB-cwnd
[2024-11-01T17:17:23.501497-0700]     3.1875 MB /   0.50 sec =   53.4790 Mbps     0 retrans   1001 KB-cwnd
[2024-11-01T17:17:23.876770-0700]     3.5625 MB /   0.50 sec =   59.7679 Mbps     0 retrans   1002 KB-cwnd
[2024-11-01T17:17:24.709181-0700]     3.3750 MB /   0.50 sec =   56.6229 Mbps     0 retrans   1002 KB-cwnd
[2024-11-01T17:17:25.166881-0700]     2.8750 MB /   0.50 sec =   48.2326 Mbps     0 retrans   1002 KB-cwnd
[2024-11-01T17:17:25.666665-0700]     2.7500 MB /   0.50 sec =   46.1400 Mbps     0 retrans   1002 KB-cwnd
[2024-11-01T17:17:26.150781-0700]     2.8125 MB /   0.50 sec =   47.1858 Mbps     0 retrans   1002 KB-cwnd
[2024-11-01T17:17:26.569877-0700]     2.8750 MB /   0.50 sec =   48.2349 Mbps     0 retrans   1002 KB-cwnd
[2024-11-01T17:17:26.988502-0700]     3.1875 MB /   0.50 sec =   53.4742 Mbps     0 retrans   1003 KB-cwnd
[2024-11-01T17:17:27.400446-0700]     3.3125 MB /   0.50 sec =   55.5772 Mbps     0 retrans   1003 KB-cwnd
[2024-11-01T17:17:28.262713-0700]     3.1875 MB /   0.50 sec =   53.4768 Mbps     0 retrans   1003 KB-cwnd
[2024-11-01T17:17:28.752375-0700]     2.8750 MB /   0.50 sec =   48.2349 Mbps     0 retrans   1003 KB-cwnd
[2024-11-01T17:17:29.199651-0700]     2.8125 MB /   0.50 sec =   47.1863 Mbps     0 retrans   1003 KB-cwnd
[2024-11-01T17:17:29.672400-0700]     2.8750 MB /   0.50 sec =   48.2346 Mbps     0 retrans   1003 KB-cwnd
[2024-11-01T17:17:30.150103-0700]     2.8750 MB /   0.50 sec =   48.2348 Mbps     0 retrans   1003 KB-cwnd
[2024-11-01T17:17:30.590990-0700]     2.9375 MB /   0.50 sec =   49.2823 Mbps     0 retrans   1003 KB-cwnd
[2024-11-01T17:17:31.016767-0700]     3.0625 MB /   0.50 sec =   51.3791 Mbps     0 retrans   1003 KB-cwnd
[2024-11-01T17:17:31.464931-0700]     2.9375 MB /   0.50 sec =   49.2839 Mbps     0 retrans   1003 KB-cwnd
[2024-11-01T17:17:31.909527-0700]     3.0625 MB /   0.50 sec =   51.3788 Mbps     0 retrans   1003 KB-cwnd
[2024-11-01T17:17:32.771503-0700]     3.0000 MB /   0.50 sec =   50.3260 Mbps     0 retrans   1006 KB-cwnd
[2024-11-01T17:17:33.180644-0700]     3.1875 MB /   0.50 sec =   53.4849 Mbps     0 retrans   1006 KB-cwnd
[2024-11-01T17:17:33.612146-0700]     3.1875 MB /   0.50 sec =   53.4776 Mbps     0 retrans   1006 KB-cwnd
[2024-11-01T17:17:34.077008-0700]     2.9375 MB /   0.50 sec =   49.2833 Mbps     0 retrans   1006 KB-cwnd
[2024-11-01T17:17:34.570476-0700]     2.7500 MB /   0.50 sec =   46.1381 Mbps     1 retrans    894 KB-cwnd
[2024-11-01T17:17:34.990848-0700]     3.0000 MB /   0.50 sec =   50.3294 Mbps     0 retrans    897 KB-cwnd
[2024-11-01T17:17:35.452614-0700]     2.9375 MB /   0.50 sec =   49.2843 Mbps     0 retrans    900 KB-cwnd
[2024-11-01T17:17:35.955743-0700]     2.7500 MB /   0.50 sec =   46.1380 Mbps     0 retrans    900 KB-cwnd
[2024-11-01T17:17:36.462460-0700]     2.6250 MB /   0.50 sec =   44.0396 Mbps     0 retrans    902 KB-cwnd
[2024-11-01T17:17:36.966800-0700]     2.5625 MB /   0.50 sec =   42.9896 Mbps     0 retrans    904 KB-cwnd
[2024-11-01T17:17:37.470746-0700]     2.6250 MB /   0.50 sec =   44.0427 Mbps     0 retrans    905 KB-cwnd
[2024-11-01T17:17:38.030696-0700]     2.5000 MB /   0.50 sec =   41.9430 Mbps     0 retrans    905 KB-cwnd
[2024-11-01T17:17:38.533571-0700]     2.4375 MB /   0.50 sec =   40.8930 Mbps     0 retrans    907 KB-cwnd
[2024-11-01T17:17:39.045026-0700]     2.7500 MB /   0.50 sec =   46.1394 Mbps     0 retrans    908 KB-cwnd
[2024-11-01T17:17:39.556687-0700]     2.5625 MB /   0.50 sec =   42.8835 Mbps     0 retrans    908 KB-cwnd
[2024-11-01T17:17:40.087601-0700]     2.4375 MB /   0.50 sec =   40.9965 Mbps     0 retrans    908 KB-cwnd
[2024-11-01T17:17:40.584599-0700]     2.7500 MB /   0.50 sec =   46.1382 Mbps     0 retrans    909 KB-cwnd
[2024-11-01T17:17:41.096568-0700]     2.6250 MB /   0.50 sec =   44.0405 Mbps     0 retrans    909 KB-cwnd
[2024-11-01T17:17:41.620757-0700]     2.4375 MB /   0.50 sec =   40.8941 Mbps     0 retrans    909 KB-cwnd
[2024-11-01T17:17:42.100818-0700]     2.7500 MB /   0.50 sec =   46.1370 Mbps     0 retrans    923 KB-cwnd
[2024-11-01T17:17:42.564614-0700]     2.6875 MB /   0.50 sec =   45.0899 Mbps     0 retrans    923 KB-cwnd
[2024-11-01T17:17:43.016686-0700]     3.0000 MB /   0.50 sec =   50.3312 Mbps     0 retrans   1010 KB-cwnd
[2024-11-01T17:17:43.379586-0700]     3.0625 MB /   0.50 sec =   51.3784 Mbps     0 retrans   1010 KB-cwnd
[2024-11-01T17:17:43.878676-0700]     3.0625 MB /   0.50 sec =   51.3815 Mbps     0 retrans   1111 KB-cwnd
End time: 1730506664222
