Start time: 1730586904172
[2024-11-02T16:35:05.238055-0600] nuttcp-t: v8.1.4: socket
[2024-11-02T16:35:05.238826-0600] nuttcp-t: buflen=65536, nstream=1, port=5103 tcp -> 54.176.53.206
[2024-11-02T16:35:05.238894-0600] nuttcp-t: time limit = 120.00 seconds
[2024-11-02T16:35:05.238939-0600] nuttcp-t: connect to 54.176.53.206 with mss=1448, RTT=61.994 ms af=inet
[2024-11-02T16:35:05.238980-0600] nuttcp-t: send window size = 1048576, receive window size = 1048576
[2024-11-02T16:35:05.239023-0600] nuttcp-t: available send window = 786432, available receive window = 786432
[2024-11-02T16:35:05.239064-0600] nuttcp-t: initial congestion window = 14 KB (10 packets)
[2024-11-02T16:35:05.239105-0600] nuttcp-r: v6.1.2: socket
[2024-11-02T16:35:05.239146-0600] nuttcp-r: buflen=65536, nstream=1, port=5103 tcp
[2024-11-02T16:35:05.239190-0600] nuttcp-r: interval reporting every 0.50 seconds
[2024-11-02T16:35:05.239233-0600] nuttcp-r: accept from 129.222.102.15
[2024-11-02T16:35:05.239274-0600] nuttcp-r: send window size = 450000000, receive window size = 450000000
[2024-11-02T16:35:05.239314-0600] nuttcp-r: available send window = 225000000, available receive window = 225000000
[2024-11-02T16:35:05.239360-0600]     0.1875 MB /   0.50 sec =    3.1448 Mbps    12 retrans    199 KB-cwnd
[2024-11-02T16:35:05.830952-0600]     0.9375 MB /   0.50 sec =   15.7328 Mbps    20 retrans     83 KB-cwnd
[2024-11-02T16:35:06.373435-0600]     0.6875 MB /   0.50 sec =   11.5335 Mbps     4 retrans     42 KB-cwnd
[2024-11-02T16:35:07.254908-0600]     0.4375 MB /   0.50 sec =    7.3405 Mbps     2 retrans     38 KB-cwnd
[2024-11-02T16:35:07.255373-0600]     0.3125 MB /   0.50 sec =    5.2429 Mbps     0 retrans     38 KB-cwnd
[2024-11-02T16:35:08.059947-0600]     0.3750 MB /   0.50 sec =    6.2915 Mbps     0 retrans     45 KB-cwnd
[2024-11-02T16:35:08.911876-0600]     0.3125 MB /   0.50 sec =    5.2429 Mbps     3 retrans     42 KB-cwnd
[2024-11-02T16:35:08.912142-0600]     0.3125 MB /   0.50 sec =    5.2421 Mbps     0 retrans     42 KB-cwnd
[2024-11-02T16:35:09.755835-0600]     0.3125 MB /   0.50 sec =    5.2437 Mbps     1 retrans     38 KB-cwnd
[2024-11-02T16:35:09.756332-0600]     0.3750 MB /   0.50 sec =    6.2904 Mbps     0 retrans     38 KB-cwnd
[2024-11-02T16:35:10.706150-0600]     0.3125 MB /   0.50 sec =    5.2433 Mbps     0 retrans     46 KB-cwnd
[2024-11-02T16:35:10.706657-0600]     0.2500 MB /   0.50 sec =    4.1946 Mbps     0 retrans     46 KB-cwnd
[2024-11-02T16:35:11.515687-0600]     0.3125 MB /   0.50 sec =    5.2429 Mbps     1 retrans     48 KB-cwnd
[2024-11-02T16:35:12.230041-0600]     0.4375 MB /   0.50 sec =    7.3402 Mbps     0 retrans     55 KB-cwnd
[2024-11-02T16:35:12.230712-0600]     0.3750 MB /   0.50 sec =    6.2909 Mbps     0 retrans     55 KB-cwnd
[2024-11-02T16:35:12.790601-0600]     0.4375 MB /   0.50 sec =    7.3407 Mbps     0 retrans     60 KB-cwnd
[2024-11-02T16:35:13.329474-0600]     0.5000 MB /   0.50 sec =    8.3885 Mbps     1 retrans     55 KB-cwnd
[2024-11-02T16:35:13.888916-0600]     0.5000 MB /   0.50 sec =    8.3881 Mbps     0 retrans     60 KB-cwnd
[2024-11-02T16:35:14.417516-0600]     0.5625 MB /   0.50 sec =    9.4372 Mbps     0 retrans     65 KB-cwnd
[2024-11-02T16:35:14.886989-0600]     0.5000 MB /   0.50 sec =    8.3893 Mbps     0 retrans     70 KB-cwnd
[2024-11-02T16:35:15.348574-0600]     0.5625 MB /   0.50 sec =    9.4367 Mbps     4 retrans     66 KB-cwnd
[2024-11-02T16:35:15.793560-0600]     0.6875 MB /   0.50 sec =   11.5348 Mbps     0 retrans     70 KB-cwnd
[2024-11-02T16:35:16.274193-0600]     0.5625 MB /   0.50 sec =    9.4366 Mbps     2 retrans     57 KB-cwnd
[2024-11-02T16:35:16.814518-0600]     0.5625 MB /   0.50 sec =    9.4378 Mbps     0 retrans     63 KB-cwnd
[2024-11-02T16:35:17.286048-0600]     0.5625 MB /   0.50 sec =    9.4370 Mbps     0 retrans     67 KB-cwnd
[2024-11-02T16:35:17.808728-0600]     0.5625 MB /   0.50 sec =    9.4373 Mbps     1 retrans     62 KB-cwnd
[2024-11-02T16:35:18.337264-0600]     0.5000 MB /   0.50 sec =    8.3881 Mbps     0 retrans     66 KB-cwnd
[2024-11-02T16:35:18.874426-0600]     0.5625 MB /   0.50 sec =    9.4377 Mbps     1 retrans     60 KB-cwnd
[2024-11-02T16:35:19.410763-0600]     0.5000 MB /   0.50 sec =    8.3842 Mbps     0 retrans     66 KB-cwnd
[2024-11-02T16:35:19.906340-0600]     0.5625 MB /   0.50 sec =    9.4423 Mbps     0 retrans     70 KB-cwnd
[2024-11-02T16:35:20.372615-0600]     0.6250 MB /   0.50 sec =   10.4858 Mbps     1 retrans     63 KB-cwnd
[2024-11-02T16:35:20.928782-0600]     0.5000 MB /   0.50 sec =    8.3868 Mbps     1 retrans     53 KB-cwnd
[2024-11-02T16:35:21.537631-0600]     0.5000 MB /   0.50 sec =    8.3902 Mbps     0 retrans     59 KB-cwnd
[2024-11-02T16:35:22.088751-0600]     0.4375 MB /   0.50 sec =    7.3401 Mbps     0 retrans     65 KB-cwnd
[2024-11-02T16:35:22.633293-0600]     0.5000 MB /   0.50 sec =    8.3882 Mbps     4 retrans     42 KB-cwnd
[2024-11-02T16:35:22.633675-0600]     0.5625 MB /   0.50 sec =    9.4374 Mbps     0 retrans     42 KB-cwnd
[2024-11-02T16:35:23.372009-0600]     0.3750 MB /   0.50 sec =    6.2914 Mbps     0 retrans     49 KB-cwnd
[2024-11-02T16:35:23.972849-0600]     0.3750 MB /   0.50 sec =    6.2910 Mbps     1 retrans     69 KB-cwnd
[2024-11-02T16:35:24.416389-0600]     0.5625 MB /   0.50 sec =    9.4382 Mbps     1 retrans     59 KB-cwnd
[2024-11-02T16:35:24.988742-0600]     0.5625 MB /   0.50 sec =    9.4366 Mbps     1 retrans     49 KB-cwnd
[2024-11-02T16:35:25.656097-0600]     0.4375 MB /   0.50 sec =    7.3404 Mbps     0 retrans     55 KB-cwnd
[2024-11-02T16:35:25.656318-0600]     0.4375 MB /   0.50 sec =    7.3395 Mbps     0 retrans     55 KB-cwnd
[2024-11-02T16:35:26.304819-0600]     0.4375 MB /   0.50 sec =    7.3406 Mbps     1 retrans     50 KB-cwnd
[2024-11-02T16:35:26.932604-0600]     0.4375 MB /   0.50 sec =    7.3398 Mbps     1 retrans     43 KB-cwnd
[2024-11-02T16:35:27.814067-0600]     0.3750 MB /   0.50 sec =    6.2914 Mbps     1 retrans     43 KB-cwnd
[2024-11-02T16:35:27.814384-0600]     0.3125 MB /   0.50 sec =    5.2427 Mbps     0 retrans     43 KB-cwnd
[2024-11-02T16:35:28.811701-0600]     0.3750 MB /   0.50 sec =    6.2913 Mbps     6 retrans     36 KB-cwnd
[2024-11-02T16:35:28.812040-0600]     0.2500 MB /   0.50 sec =    4.1946 Mbps     0 retrans     36 KB-cwnd
[2024-11-02T16:35:29.779636-0600]     0.2500 MB /   0.50 sec =    4.1942 Mbps     3 retrans     33 KB-cwnd
[2024-11-02T16:35:29.780132-0600]     0.3125 MB /   0.50 sec =    5.2428 Mbps     0 retrans     33 KB-cwnd
[2024-11-02T16:35:30.713161-0600]     0.3125 MB /   0.50 sec =    5.2429 Mbps     2 retrans     32 KB-cwnd
[2024-11-02T16:35:30.713700-0600]     0.2500 MB /   0.50 sec =    4.1944 Mbps     0 retrans     32 KB-cwnd
[2024-11-02T16:35:31.827419-0600]     0.3125 MB /   0.50 sec =    5.2428 Mbps     0 retrans     41 KB-cwnd
[2024-11-02T16:35:31.827884-0600]     0.2500 MB /   0.50 sec =    4.1943 Mbps     0 retrans     41 KB-cwnd
[2024-11-02T16:35:32.728761-0600]     0.2500 MB /   0.50 sec =    4.1942 Mbps     2 retrans     38 KB-cwnd
[2024-11-02T16:35:32.729146-0600]     0.3125 MB /   0.50 sec =    5.2431 Mbps     0 retrans     38 KB-cwnd
[2024-11-02T16:35:33.585712-0600]     0.3750 MB /   0.50 sec =    6.2913 Mbps     2 retrans     35 KB-cwnd
[2024-11-02T16:35:34.692872-0600]     0.3125 MB /   0.50 sec =    5.2425 Mbps     5 retrans     35 KB-cwnd
[2024-11-02T16:35:34.693377-0600]     0.2500 MB /   0.50 sec =    4.1948 Mbps     0 retrans     35 KB-cwnd
[2024-11-02T16:35:34.693491-0600]     0.1875 MB /   0.50 sec =    3.1455 Mbps     0 retrans     35 KB-cwnd
[2024-11-02T16:35:35.726134-0600]     0.3125 MB /   0.50 sec =    5.2428 Mbps     2 retrans     33 KB-cwnd
[2024-11-02T16:35:35.726649-0600]     0.2500 MB /   0.50 sec =    4.1945 Mbps     0 retrans     33 KB-cwnd
[2024-11-02T16:35:36.647487-0600]     0.2500 MB /   0.50 sec =    4.1942 Mbps     0 retrans     42 KB-cwnd
[2024-11-02T16:35:36.648146-0600]     0.3750 MB /   0.50 sec =    6.2917 Mbps     0 retrans     42 KB-cwnd
[2024-11-02T16:35:37.322387-0600]     0.3750 MB /   0.50 sec =    6.2907 Mbps     3 retrans     46 KB-cwnd
[2024-11-02T16:35:38.587744-0600]     0.3125 MB /   0.50 sec =    5.2433 Mbps    14 retrans     26 KB-cwnd
[2024-11-02T16:35:38.588289-0600]     0.2500 MB /   0.50 sec =    4.1945 Mbps     0 retrans     26 KB-cwnd
[2024-11-02T16:35:41.321231-0600]     0.1875 MB /   0.50 sec =    3.1458 Mbps    26 retrans     11 KB-cwnd
[2024-11-02T16:35:41.321711-0600]     0.1875 MB /   0.50 sec =    3.1455 Mbps     3 retrans     11 KB-cwnd
[2024-11-02T16:35:41.321842-0600]     0.0625 MB /   0.50 sec =    1.0486 Mbps     0 retrans     12 KB-cwnd
[2024-11-02T16:35:41.322026-0600]     0.0000 MB /   0.50 sec =    0.0000 Mbps     0 retrans     12 KB-cwnd
[2024-11-02T16:35:41.322121-0600]     0.2500 MB /   0.50 sec =    4.1942 Mbps     0 retrans     12 KB-cwnd
[2024-11-02T16:35:41.322211-0600]     0.0625 MB /   0.50 sec =    1.0487 Mbps     0 retrans     12 KB-cwnd
[2024-11-02T16:35:42.635593-0600]     0.1250 MB /   0.50 sec =    2.0971 Mbps     0 retrans    103 KB-cwnd
[2024-11-02T16:35:42.636029-0600]     0.1875 MB /   0.50 sec =    3.1454 Mbps     0 retrans    103 KB-cwnd
[2024-11-02T16:35:42.636169-0600]     0.2500 MB /   0.50 sec =    4.1949 Mbps     0 retrans    103 KB-cwnd
[2024-11-02T16:35:43.122482-0600]     1.1250 MB /   0.50 sec =   18.8750 Mbps     8 retrans    142 KB-cwnd
[2024-11-02T16:35:43.671749-0600]     1.0000 MB /   0.50 sec =   16.7741 Mbps     1 retrans    120 KB-cwnd
[2024-11-02T16:35:44.241311-0600]     0.9375 MB /   0.50 sec =   15.7309 Mbps     0 retrans    125 KB-cwnd
[2024-11-02T16:35:44.962460-0600]     0.9375 MB /   0.50 sec =   15.7290 Mbps     1 retrans    106 KB-cwnd
[2024-11-02T16:35:45.334787-0600]     0.7500 MB /   0.50 sec =   12.5825 Mbps     0 retrans    108 KB-cwnd
[2024-11-02T16:35:45.707106-0600]     0.6875 MB /   0.50 sec =   11.5344 Mbps     1 retrans     90 KB-cwnd
[2024-11-02T16:35:46.454189-0600]     0.7500 MB /   0.50 sec =   12.5831 Mbps     0 retrans     96 KB-cwnd
[2024-11-02T16:35:46.828510-0600]     0.7500 MB /   0.50 sec =   12.5828 Mbps     0 retrans    100 KB-cwnd
[2024-11-02T16:35:47.180672-0600]     0.7500 MB /   0.50 sec =   12.5814 Mbps     0 retrans    103 KB-cwnd
[2024-11-02T16:35:47.819001-0600]     0.8125 MB /   0.50 sec =   13.6335 Mbps     1 retrans    139 KB-cwnd
[2024-11-02T16:35:48.382464-0600]     1.0625 MB /   0.50 sec =   17.8255 Mbps     1 retrans    124 KB-cwnd
[2024-11-02T16:35:48.655336-0600]     1.0000 MB /   0.50 sec =   16.7775 Mbps     0 retrans    127 KB-cwnd
[2024-11-02T16:35:49.203646-0600]     1.0000 MB /   0.50 sec =   16.7774 Mbps     0 retrans    131 KB-cwnd
[2024-11-02T16:35:49.714166-0600]     1.0625 MB /   0.50 sec =   17.8253 Mbps     0 retrans    135 KB-cwnd
[2024-11-02T16:35:50.213442-0600]     1.1875 MB /   0.50 sec =   19.9231 Mbps     1 retrans    169 KB-cwnd
[2024-11-02T16:35:50.785785-0600]     1.0625 MB /   0.50 sec =   17.8260 Mbps     2 retrans    117 KB-cwnd
[2024-11-02T16:35:51.098051-0600]     0.9375 MB /   0.50 sec =   15.7285 Mbps     0 retrans    120 KB-cwnd
[2024-11-02T16:35:51.667148-0600]     0.9375 MB /   0.50 sec =   15.7269 Mbps     0 retrans    125 KB-cwnd
[2024-11-02T16:35:52.224149-0600]     1.0625 MB /   0.50 sec =   17.8280 Mbps     0 retrans    130 KB-cwnd
[2024-11-02T16:35:52.808102-0600]     0.9375 MB /   0.50 sec =   15.7280 Mbps     2 retrans    100 KB-cwnd
[2024-11-02T16:35:53.167983-0600]     0.8125 MB /   0.50 sec =   13.6305 Mbps     0 retrans    103 KB-cwnd
[2024-11-02T16:35:53.846619-0600]     0.8750 MB /   0.50 sec =   14.6811 Mbps     0 retrans    110 KB-cwnd
[2024-11-02T16:35:54.160657-0600]     0.8125 MB /   0.50 sec =   13.6315 Mbps     0 retrans    111 KB-cwnd
[2024-11-02T16:35:54.777690-0600]     0.9375 MB /   0.50 sec =   15.7281 Mbps     0 retrans    200 KB-cwnd
[2024-11-02T16:35:55.266973-0600]     1.1250 MB /   0.50 sec =   18.8753 Mbps     3 retrans    138 KB-cwnd
[2024-11-02T16:35:55.971819-0600]     1.0000 MB /   0.50 sec =   16.7771 Mbps     3 retrans     97 KB-cwnd
[2024-11-02T16:35:56.335971-0600]     0.6875 MB /   0.50 sec =   11.5346 Mbps     0 retrans    101 KB-cwnd
[2024-11-02T16:35:56.669752-0600]     0.8125 MB /   0.50 sec =   13.6319 Mbps     0 retrans    106 KB-cwnd
[2024-11-02T16:35:57.218346-0600]     0.6250 MB /   0.50 sec =   10.4850 Mbps     1 retrans    147 KB-cwnd
[2024-11-02T16:35:58.104888-0600]     0.7500 MB /   0.50 sec =   12.5833 Mbps    35 retrans     50 KB-cwnd
[2024-11-02T16:35:58.105284-0600]     0.5000 MB /   0.50 sec =    8.3881 Mbps     0 retrans     50 KB-cwnd
[2024-11-02T16:35:58.756201-0600]     0.4375 MB /   0.50 sec =    7.3404 Mbps     2 retrans     49 KB-cwnd
[2024-11-02T16:35:59.358688-0600]     0.5000 MB /   0.50 sec =    8.3876 Mbps     1 retrans     46 KB-cwnd
[2024-11-02T16:36:00.221174-0600]     0.3750 MB /   0.50 sec =    6.2916 Mbps     2 retrans     39 KB-cwnd
[2024-11-02T16:36:00.221731-0600]     0.3125 MB /   0.50 sec =    5.2432 Mbps     0 retrans     39 KB-cwnd
[2024-11-02T16:36:00.832145-0600]     0.3750 MB /   0.50 sec =    6.2915 Mbps     2 retrans     65 KB-cwnd
[2024-11-02T16:36:01.376998-0600]     0.5625 MB /   0.50 sec =    9.4372 Mbps     2 retrans     57 KB-cwnd
[2024-11-02T16:36:01.913386-0600]     0.5000 MB /   0.50 sec =    8.3887 Mbps     1 retrans     55 KB-cwnd
[2024-11-02T16:36:02.610887-0600]     0.5000 MB /   0.50 sec =    8.3888 Mbps     2 retrans     50 KB-cwnd
[2024-11-02T16:36:02.611458-0600]     0.3750 MB /   0.50 sec =    6.2914 Mbps     0 retrans     50 KB-cwnd
[2024-11-02T16:36:03.148796-0600]     0.4375 MB /   0.50 sec =    7.3397 Mbps     3 retrans    132 KB-cwnd
[2024-11-02T16:36:03.941711-0600]     0.9375 MB /   0.50 sec =   15.7286 Mbps     4 retrans     59 KB-cwnd
[2024-11-02T16:36:04.389142-0600]     0.5625 MB /   0.50 sec =    9.4373 Mbps     0 retrans     66 KB-cwnd
[2024-11-02T16:36:04.985629-0600]     0.6250 MB /   0.50 sec =   10.4864 Mbps     3 retrans     49 KB-cwnd
[2024-11-02T16:36:05.652035-0600]     0.3750 MB /   0.50 sec =    6.2913 Mbps     1 retrans     46 KB-cwnd
[2024-11-02T16:36:05.652430-0600]     0.4375 MB /   0.50 sec =    7.3402 Mbps     0 retrans     46 KB-cwnd
[2024-11-02T16:36:06.389391-0600]     0.4375 MB /   0.50 sec =    7.3398 Mbps     2 retrans     33 KB-cwnd
[2024-11-02T16:36:07.205234-0600]     0.3125 MB /   0.50 sec =    5.2422 Mbps     2 retrans     53 KB-cwnd
[2024-11-02T16:36:07.205823-0600]     0.3750 MB /   0.50 sec =    6.2924 Mbps     0 retrans     53 KB-cwnd
[2024-11-02T16:36:07.787496-0600]     0.4375 MB /   0.50 sec =    7.3400 Mbps     1 retrans     50 KB-cwnd
[2024-11-02T16:36:08.344547-0600]     0.5000 MB /   0.50 sec =    8.3887 Mbps     2 retrans     59 KB-cwnd
[2024-11-02T16:36:08.930636-0600]     0.4375 MB /   0.50 sec =    7.3400 Mbps     1 retrans     55 KB-cwnd
[2024-11-02T16:36:09.649015-0600]     0.5000 MB /   0.50 sec =    8.3887 Mbps     4 retrans     42 KB-cwnd
[2024-11-02T16:36:09.649574-0600]     0.3750 MB /   0.50 sec =    6.2913 Mbps     0 retrans     42 KB-cwnd
[2024-11-02T16:36:10.211384-0600]     0.4375 MB /   0.50 sec =    7.3400 Mbps     1 retrans    113 KB-cwnd
[2024-11-02T16:36:11.146671-0600]     0.6875 MB /   0.50 sec =   11.5348 Mbps     8 retrans     39 KB-cwnd
[2024-11-02T16:36:11.147278-0600]     0.5000 MB /   0.50 sec =    8.3882 Mbps     0 retrans     39 KB-cwnd
[2024-11-02T16:36:11.869831-0600]     0.3750 MB /   0.50 sec =    6.2917 Mbps     0 retrans     49 KB-cwnd
[2024-11-02T16:36:12.555579-0600]     0.4375 MB /   0.50 sec =    7.3396 Mbps     1 retrans     84 KB-cwnd
[2024-11-02T16:36:13.183810-0600]     0.4375 MB /   0.50 sec =    7.3405 Mbps     0 retrans     89 KB-cwnd
[2024-11-02T16:36:13.183999-0600]     0.5000 MB /   0.50 sec =    8.3887 Mbps     0 retrans     89 KB-cwnd
[2024-11-02T16:36:13.725499-0600]     0.4375 MB /   0.50 sec =    7.3398 Mbps     0 retrans     94 KB-cwnd
[2024-11-02T16:36:14.225859-0600]     0.5625 MB /   0.50 sec =    9.4372 Mbps     1 retrans    117 KB-cwnd
[2024-11-02T16:36:14.645328-0600]     0.6875 MB /   0.50 sec =   11.5344 Mbps     1 retrans    104 KB-cwnd
[2024-11-02T16:36:15.218820-0600]     0.5000 MB /   0.50 sec =    8.3873 Mbps     1 retrans     87 KB-cwnd
[2024-11-02T16:36:15.780764-0600]     0.4375 MB /   0.50 sec =    7.3413 Mbps     0 retrans     93 KB-cwnd
[2024-11-02T16:36:16.340662-0600]     0.5000 MB /   0.50 sec =    8.3885 Mbps     0 retrans     97 KB-cwnd
[2024-11-02T16:36:16.763880-0600]     0.6250 MB /   0.50 sec =   10.4844 Mbps     1 retrans    115 KB-cwnd
[2024-11-02T16:36:17.254484-0600]     0.6250 MB /   0.50 sec =   10.4874 Mbps     1 retrans    100 KB-cwnd
[2024-11-02T16:36:17.674438-0600]     0.6250 MB /   0.50 sec =   10.4853 Mbps     0 retrans    104 KB-cwnd
[2024-11-02T16:36:18.167254-0600]     0.5625 MB /   0.50 sec =    9.4375 Mbps     0 retrans    108 KB-cwnd
[2024-11-02T16:36:19.003408-0600]     0.6875 MB /   0.50 sec =   11.5343 Mbps     2 retrans    103 KB-cwnd
[2024-11-02T16:36:19.418660-0600]     0.6875 MB /   0.50 sec =   11.5341 Mbps     0 retrans    107 KB-cwnd
[2024-11-02T16:36:19.904774-0600]     0.5625 MB /   0.50 sec =    9.4351 Mbps     0 retrans    111 KB-cwnd
[2024-11-02T16:36:20.319370-0600]     0.6875 MB /   0.50 sec =   11.5369 Mbps     1 retrans     94 KB-cwnd
[2024-11-02T16:36:20.974953-0600]     0.5625 MB /   0.50 sec =    9.4372 Mbps     1 retrans     86 KB-cwnd
[2024-11-02T16:36:21.634044-0600]     0.3750 MB /   0.50 sec =    6.2911 Mbps     0 retrans     91 KB-cwnd
[2024-11-02T16:36:21.634598-0600]     0.4375 MB /   0.50 sec =    7.3405 Mbps     0 retrans     91 KB-cwnd
[2024-11-02T16:36:22.150725-0600]     0.5625 MB /   0.50 sec =    9.4354 Mbps     0 retrans     96 KB-cwnd
[2024-11-02T16:36:22.652356-0600]     0.5625 MB /   0.50 sec =    9.4387 Mbps     1 retrans    104 KB-cwnd
[2024-11-02T16:36:23.673135-0600]     0.6250 MB /   0.50 sec =   10.4858 Mbps     2 retrans     90 KB-cwnd
[2024-11-02T16:36:23.673698-0600]     0.5000 MB /   0.50 sec =    8.3890 Mbps     0 retrans     90 KB-cwnd
[2024-11-02T16:36:24.176666-0600]     0.5000 MB /   0.50 sec =    8.3885 Mbps     0 retrans     96 KB-cwnd
[2024-11-02T16:36:24.672875-0600]     0.6250 MB /   0.50 sec =   10.4861 Mbps     0 retrans    100 KB-cwnd
[2024-11-02T16:36:25.115475-0600]     0.5625 MB /   0.50 sec =    9.4370 Mbps     1 retrans    111 KB-cwnd
[2024-11-02T16:36:26.017123-0600]     0.6250 MB /   0.50 sec =   10.4852 Mbps     1 retrans    103 KB-cwnd
[2024-11-02T16:36:26.538850-0600]     0.6250 MB /   0.50 sec =   10.4795 Mbps     0 retrans    107 KB-cwnd
[2024-11-02T16:36:27.174371-0600]     0.5000 MB /   0.50 sec =    8.3939 Mbps     1 retrans    117 KB-cwnd
[2024-11-02T16:36:27.174933-0600]     0.5625 MB /   0.50 sec =    9.4369 Mbps     0 retrans    117 KB-cwnd
[2024-11-02T16:36:27.967879-0600]     0.7500 MB /   0.50 sec =   12.5831 Mbps     4 retrans     90 KB-cwnd
[2024-11-02T16:36:28.439093-0600]     0.6875 MB /   0.50 sec =   11.5349 Mbps     0 retrans     94 KB-cwnd
[2024-11-02T16:36:28.833554-0600]     0.6875 MB /   0.50 sec =   11.5339 Mbps     0 retrans    100 KB-cwnd
[2024-11-02T16:36:29.237258-0600]     0.6875 MB /   0.50 sec =   11.5342 Mbps     1 retrans     93 KB-cwnd
[2024-11-02T16:36:29.799044-0600]     0.5625 MB /   0.50 sec =    9.4371 Mbps     1 retrans     76 KB-cwnd
[2024-11-02T16:36:30.258278-0600]     0.5000 MB /   0.50 sec =    8.3886 Mbps     0 retrans     83 KB-cwnd
[2024-11-02T16:36:30.746000-0600]     0.6250 MB /   0.50 sec =   10.4862 Mbps     1 retrans     70 KB-cwnd
[2024-11-02T16:36:31.184860-0600]     0.6250 MB /   0.50 sec =   10.4841 Mbps     0 retrans     82 KB-cwnd
[2024-11-02T16:36:31.663259-0600]     0.6250 MB /   0.50 sec =   10.4878 Mbps     0 retrans     87 KB-cwnd
[2024-11-02T16:36:32.496091-0600]     0.6250 MB /   0.50 sec =   10.4855 Mbps     5 retrans     83 KB-cwnd
[2024-11-02T16:36:32.953558-0600]     0.6875 MB /   0.50 sec =   11.5339 Mbps     0 retrans     89 KB-cwnd
[2024-11-02T16:36:33.437560-0600]     0.6250 MB /   0.50 sec =   10.4845 Mbps     2 retrans     73 KB-cwnd
[2024-11-02T16:36:33.935849-0600]     0.5625 MB /   0.50 sec =    9.4388 Mbps     0 retrans     80 KB-cwnd
[2024-11-02T16:36:34.438302-0600]     0.5625 MB /   0.50 sec =    9.4370 Mbps     0 retrans     86 KB-cwnd
[2024-11-02T16:36:34.955378-0600]     0.5625 MB /   0.50 sec =    9.4368 Mbps     4 retrans    120 KB-cwnd
[2024-11-02T16:36:35.231290-0600]     0.7500 MB /   0.50 sec =   12.5835 Mbps     1 retrans    104 KB-cwnd
[2024-11-02T16:36:36.048751-0600]     0.7500 MB /   0.50 sec =   12.5827 Mbps     2 retrans     90 KB-cwnd
[2024-11-02T16:36:36.437839-0600]     0.6250 MB /   0.50 sec =   10.4857 Mbps     0 retrans     96 KB-cwnd
[2024-11-02T16:36:36.884963-0600]     0.6875 MB /   0.50 sec =   11.5340 Mbps     4 retrans     67 KB-cwnd
[2024-11-02T16:36:37.402068-0600]     0.6250 MB /   0.50 sec =   10.4862 Mbps     0 retrans     74 KB-cwnd
[2024-11-02T16:36:37.942506-0600]     0.5000 MB /   0.50 sec =    8.3883 Mbps     0 retrans     80 KB-cwnd
[2024-11-02T16:36:38.319476-0600]     0.5625 MB /   0.50 sec =    9.4366 Mbps     2 retrans    124 KB-cwnd
[2024-11-02T16:36:38.645657-0600]     0.9375 MB /   0.50 sec =   15.7301 Mbps     3 retrans    113 KB-cwnd
[2024-11-02T16:36:39.430546-0600]     0.6875 MB /   0.50 sec =   11.5344 Mbps     1 retrans     97 KB-cwnd
[2024-11-02T16:36:39.802478-0600]     0.7500 MB /   0.50 sec =   12.5828 Mbps     1 retrans     87 KB-cwnd
[2024-11-02T16:36:40.266657-0600]     0.6250 MB /   0.50 sec =   10.4855 Mbps     0 retrans     96 KB-cwnd
[2024-11-02T16:36:40.668454-0600]     0.5625 MB /   0.50 sec =    9.4372 Mbps     1 retrans     77 KB-cwnd
[2024-11-02T16:36:41.115411-0600]     0.6875 MB /   0.50 sec =   11.5345 Mbps     0 retrans     83 KB-cwnd
[2024-11-02T16:36:42.035470-0600]     0.6875 MB /   0.50 sec =   11.5337 Mbps     1 retrans     91 KB-cwnd
[2024-11-02T16:36:42.435928-0600]     0.5625 MB /   0.50 sec =    9.4376 Mbps     3 retrans     83 KB-cwnd
[2024-11-02T16:36:42.992846-0600]     0.7500 MB /   0.50 sec =   12.5828 Mbps     9 retrans     53 KB-cwnd
[2024-11-02T16:36:43.635061-0600]     0.4375 MB /   0.50 sec =    7.3403 Mbps     3 retrans     48 KB-cwnd
[2024-11-02T16:36:43.635361-0600]     0.4375 MB /   0.50 sec =    7.3399 Mbps     0 retrans     48 KB-cwnd
[2024-11-02T16:36:44.517322-0600]     0.3125 MB /   0.50 sec =    5.2427 Mbps     1 retrans     46 KB-cwnd
[2024-11-02T16:36:45.376842-0600]     0.3125 MB /   0.50 sec =    5.2428 Mbps     5 retrans    110 KB-cwnd
[2024-11-02T16:36:45.377071-0600]     0.3750 MB /   0.50 sec =    6.2909 Mbps     0 retrans    110 KB-cwnd
[2024-11-02T16:36:45.862471-0600]     0.5625 MB /   0.50 sec =    9.4381 Mbps     2 retrans     70 KB-cwnd
[2024-11-02T16:36:46.423911-0600]     0.5000 MB /   0.50 sec =    8.3890 Mbps     3 retrans     60 KB-cwnd
[2024-11-02T16:36:47.014734-0600]     0.5625 MB /   0.50 sec =    9.4373 Mbps     1 retrans     52 KB-cwnd
[2024-11-02T16:36:47.656972-0600]     0.4375 MB /   0.50 sec =    7.3397 Mbps     2 retrans     45 KB-cwnd
[2024-11-02T16:36:47.657557-0600]     0.3750 MB /   0.50 sec =    6.2916 Mbps     0 retrans     45 KB-cwnd
[2024-11-02T16:36:48.431579-0600]     0.4375 MB /   0.50 sec =    7.3400 Mbps     1 retrans     42 KB-cwnd
[2024-11-02T16:36:49.363764-0600]     0.3125 MB /   0.50 sec =    5.2426 Mbps     1 retrans     42 KB-cwnd
[2024-11-02T16:36:49.364201-0600]     0.2500 MB /   0.50 sec =    4.1944 Mbps     0 retrans     42 KB-cwnd
[2024-11-02T16:36:49.797683-0600]     0.3750 MB /   0.50 sec =    6.2914 Mbps     2 retrans     98 KB-cwnd
[2024-11-02T16:36:50.167537-0600]     0.8750 MB /   0.50 sec =   14.6800 Mbps     2 retrans     82 KB-cwnd
[2024-11-02T16:36:50.671688-0600]     0.5625 MB /   0.50 sec =    9.4372 Mbps     2 retrans     67 KB-cwnd
[2024-11-02T16:36:51.231672-0600]     0.5000 MB /   0.50 sec =    8.3886 Mbps     1 retrans     57 KB-cwnd
[2024-11-02T16:36:51.874764-0600]     0.4375 MB /   0.50 sec =    7.3402 Mbps     3 retrans     50 KB-cwnd
[2024-11-02T16:36:52.642369-0600]     0.3750 MB /   0.50 sec =    6.2913 Mbps     0 retrans     98 KB-cwnd
[2024-11-02T16:36:52.642715-0600]     0.4375 MB /   0.50 sec =    7.3401 Mbps     0 retrans     98 KB-cwnd
[2024-11-02T16:36:53.349143-0600]     0.8125 MB /   0.50 sec =   13.6317 Mbps     7 retrans     72 KB-cwnd
[2024-11-02T16:36:53.895265-0600]     0.5625 MB /   0.50 sec =    9.4360 Mbps     0 retrans     77 KB-cwnd
[2024-11-02T16:36:54.343160-0600]     0.6250 MB /   0.50 sec =   10.4871 Mbps     4 retrans     72 KB-cwnd
[2024-11-02T16:36:54.875142-0600]     0.5000 MB /   0.50 sec =    8.3887 Mbps     3 retrans     62 KB-cwnd
[2024-11-02T16:36:55.683668-0600]     0.5000 MB /   0.50 sec =    8.3883 Mbps    12 retrans     31 KB-cwnd
[2024-11-02T16:36:55.684190-0600]     0.3125 MB /   0.50 sec =    5.2430 Mbps     0 retrans     31 KB-cwnd
[2024-11-02T16:36:56.598921-0600]     0.2500 MB /   0.50 sec =    4.1943 Mbps     5 retrans    117 KB-cwnd
[2024-11-02T16:36:56.599277-0600]     0.3125 MB /   0.50 sec =    5.2429 Mbps     0 retrans    117 KB-cwnd
[2024-11-02T16:36:57.463348-0600]     0.9375 MB /   0.50 sec =   15.7287 Mbps     2 retrans     83 KB-cwnd
[2024-11-02T16:36:57.961547-0600]     0.4375 MB /   0.50 sec =    7.3402 Mbps     1 retrans     67 KB-cwnd
[2024-11-02T16:36:58.652904-0600]     0.5625 MB /   0.50 sec =    9.4372 Mbps     1 retrans     57 KB-cwnd
[2024-11-02T16:36:58.653262-0600]     0.3750 MB /   0.50 sec =    6.2914 Mbps     0 retrans     57 KB-cwnd
[2024-11-02T16:36:59.326354-0600]     0.4375 MB /   0.50 sec =    7.3403 Mbps     0 retrans     66 KB-cwnd
[2024-11-02T16:37:00.192456-0600]     0.3750 MB /   0.50 sec =    6.2902 Mbps     8 retrans     48 KB-cwnd
[2024-11-02T16:37:00.192975-0600]     0.3125 MB /   0.50 sec =    5.2438 Mbps     0 retrans     48 KB-cwnd
[2024-11-02T16:37:01.127351-0600]     0.2500 MB /   0.50 sec =    4.1942 Mbps     2 retrans     48 KB-cwnd
[2024-11-02T16:37:01.127895-0600]     0.3125 MB /   0.50 sec =    5.2429 Mbps     0 retrans     48 KB-cwnd
[2024-11-02T16:37:01.989360-0600]     0.3125 MB /   0.50 sec =    5.2428 Mbps     1 retrans     46 KB-cwnd
[2024-11-02T16:37:02.970949-0600]     0.3125 MB /   0.50 sec =    5.2429 Mbps     3 retrans     33 KB-cwnd
[2024-11-02T16:37:02.971494-0600]     0.3125 MB /   0.50 sec =    5.2429 Mbps     0 retrans     33 KB-cwnd
[2024-11-02T16:37:04.082248-0600]     0.2500 MB /   0.50 sec =    4.1943 Mbps     6 retrans     80 KB-cwnd
[2024-11-02T16:37:04.082659-0600]     0.1875 MB /   0.50 sec =    3.1458 Mbps     0 retrans     80 KB-cwnd
[2024-11-02T16:37:04.553143-0600]     0.4375 MB /   0.50 sec =    7.3397 Mbps     0 retrans     90 KB-cwnd
[2024-11-02T16:37:04.602162-0600]     0.5000 MB /   0.50 sec =    8.3889 Mbps     0 retrans     91 KB-cwnd
[2024-11-02T16:37:05.105237-0600]     0.3750 MB /   0.50 sec =    6.2914 Mbps     3 retrans     57 KB-cwnd
End time: 1730587025295
