Start time: 1730586772705
[2024-11-02T16:32:53.539978-0600] nuttcp-r: v8.1.4: socket
[2024-11-02T16:32:53.540684-0600] nuttcp-r: buflen=65536, nstream=1, port=5103 tcp
[2024-11-02T16:32:53.540756-0600] nuttcp-r: interval reporting every 0.50 seconds
[2024-11-02T16:32:53.540808-0600] nuttcp-r: connect to 54.176.53.206 with RTT=52.730 ms af=inet
[2024-11-02T16:32:53.540860-0600] nuttcp-r: send window size = 1048576, receive window size = 1048576
[2024-11-02T16:32:53.540905-0600] nuttcp-r: available send window = 786432, available receive window = 786432
[2024-11-02T16:32:53.540952-0600]     1.5000 MB /   0.50 sec =   25.1621 Mbps     0 retrans
[2024-11-02T16:32:54.040455-0600]     6.6250 MB /   0.50 sec =  111.0471 Mbps     0 retrans
[2024-11-02T16:32:54.539916-0600]     6.5625 MB /   0.50 sec =  110.2067 Mbps     0 retrans
[2024-11-02T16:32:55.040429-0600]     5.2500 MB /   0.50 sec =   88.0781 Mbps     0 retrans
[2024-11-02T16:32:55.540404-0600]     2.3125 MB /   0.50 sec =   38.7966 Mbps     0 retrans
[2024-11-02T16:32:56.039940-0600]     2.1250 MB /   0.50 sec =   35.6507 Mbps     0 retrans
[2024-11-02T16:32:56.539904-0600]     3.6875 MB /   0.50 sec =   61.8698 Mbps     0 retrans
[2024-11-02T16:32:57.042224-0600]     5.8125 MB /   0.50 sec =   97.1610 Mbps     0 retrans
[2024-11-02T16:32:57.539922-0600]     7.0000 MB /   0.50 sec =  117.8710 Mbps     0 retrans
[2024-11-02T16:32:58.040426-0600]     5.6250 MB /   0.50 sec =   94.2930 Mbps     0 retrans
[2024-11-02T16:32:58.541667-0600]     8.8125 MB /   0.50 sec =  147.6251 Mbps     0 retrans
[2024-11-02T16:32:59.040601-0600]     9.1250 MB /   0.50 sec =  153.2466 Mbps     0 retrans
[2024-11-02T16:32:59.539961-0600]     9.7500 MB /   0.50 sec =  163.8082 Mbps     0 retrans
[2024-11-02T16:33:00.039998-0600]     8.5000 MB /   0.50 sec =  142.5861 Mbps     0 retrans
[2024-11-02T16:33:00.540058-0600]     9.8750 MB /   0.50 sec =  165.6893 Mbps     0 retrans
[2024-11-02T16:33:01.040288-0600]     9.0625 MB /   0.50 sec =  151.9353 Mbps     0 retrans
[2024-11-02T16:33:01.540055-0600]     8.4375 MB /   0.50 sec =  141.6476 Mbps     0 retrans
[2024-11-02T16:33:02.039834-0600]    10.5000 MB /   0.50 sec =  176.1763 Mbps     0 retrans
[2024-11-02T16:33:02.540979-0600]     6.7500 MB /   0.50 sec =  113.1234 Mbps     0 retrans
[2024-11-02T16:33:03.040242-0600]    12.0625 MB /   0.50 sec =  202.5984 Mbps     0 retrans
[2024-11-02T16:33:03.539927-0600]    12.6875 MB /   0.50 sec =  212.8388 Mbps     0 retrans
[2024-11-02T16:33:04.039930-0600]    11.8125 MB /   0.50 sec =  198.1908 Mbps     0 retrans
[2024-11-02T16:33:04.541952-0600]     8.1875 MB /   0.50 sec =  136.9887 Mbps     0 retrans
[2024-11-02T16:33:05.039922-0600]     9.6875 MB /   0.50 sec =  162.9798 Mbps     0 retrans
[2024-11-02T16:33:05.540343-0600]    12.3750 MB /   0.50 sec =  207.6205 Mbps     0 retrans
[2024-11-02T16:33:06.039930-0600]    13.1250 MB /   0.50 sec =  220.1886 Mbps     0 retrans
[2024-11-02T16:33:06.540040-0600]    10.8750 MB /   0.50 sec =  182.4300 Mbps     0 retrans
[2024-11-02T16:33:07.040353-0600]    11.3750 MB /   0.50 sec =  190.8748 Mbps     0 retrans
[2024-11-02T16:33:07.540328-0600]    11.2500 MB /   0.50 sec =  188.7493 Mbps     0 retrans
[2024-11-02T16:33:08.040103-0600]     9.8125 MB /   0.50 sec =  164.5728 Mbps     0 retrans
[2024-11-02T16:33:08.540492-0600]    13.0000 MB /   0.50 sec =  218.1566 Mbps     0 retrans
[2024-11-02T16:33:09.039881-0600]    11.6875 MB /   0.50 sec =  196.0837 Mbps     0 retrans
[2024-11-02T16:33:09.540012-0600]     9.7500 MB /   0.50 sec =  163.5595 Mbps     0 retrans
[2024-11-02T16:33:10.040437-0600]    12.3750 MB /   0.50 sec =  207.6492 Mbps     0 retrans
[2024-11-02T16:33:10.540486-0600]    12.5625 MB /   0.50 sec =  210.7638 Mbps     0 retrans
[2024-11-02T16:33:11.040755-0600]     8.3750 MB /   0.50 sec =  140.5024 Mbps     0 retrans
[2024-11-02T16:33:11.542512-0600]     4.9375 MB /   0.50 sec =   82.6362 Mbps     0 retrans
[2024-11-02T16:33:12.042041-0600]    12.3125 MB /   0.50 sec =  206.4811 Mbps     0 retrans
[2024-11-02T16:33:12.540617-0600]     3.6250 MB /   0.50 sec =   60.9524 Mbps     0 retrans
[2024-11-02T16:33:13.040301-0600]    10.0625 MB /   0.50 sec =  168.9407 Mbps     0 retrans
[2024-11-02T16:33:13.540799-0600]    10.6250 MB /   0.50 sec =  178.2572 Mbps     0 retrans
[2024-11-02T16:33:14.039919-0600]    11.6875 MB /   0.50 sec =  196.0802 Mbps     0 retrans
[2024-11-02T16:33:14.540011-0600]    11.3750 MB /   0.50 sec =  190.8195 Mbps     0 retrans
[2024-11-02T16:33:15.040062-0600]    12.4375 MB /   0.50 sec =  208.6433 Mbps     0 retrans
[2024-11-02T16:33:15.539973-0600]    11.6875 MB /   0.50 sec =  196.1241 Mbps     0 retrans
[2024-11-02T16:33:16.039960-0600]    12.6875 MB /   0.50 sec =  212.8503 Mbps     0 retrans
[2024-11-02T16:33:16.540384-0600]    12.5000 MB /   0.50 sec =  209.7299 Mbps     0 retrans
[2024-11-02T16:33:17.039955-0600]    12.9375 MB /   0.50 sec =  217.0513 Mbps     0 retrans
[2024-11-02T16:33:17.539919-0600]    11.7500 MB /   0.50 sec =  197.1406 Mbps     0 retrans
[2024-11-02T16:33:18.040334-0600]    12.0000 MB /   0.50 sec =  201.3206 Mbps     0 retrans
[2024-11-02T16:33:18.539928-0600]    11.8750 MB /   0.50 sec =  199.2274 Mbps     0 retrans
[2024-11-02T16:33:19.040351-0600]    11.7500 MB /   0.50 sec =  197.1358 Mbps     0 retrans
[2024-11-02T16:33:19.540662-0600]    11.3125 MB /   0.50 sec =  189.4940 Mbps     0 retrans
[2024-11-02T16:33:20.042563-0600]     8.1875 MB /   0.50 sec =  137.2103 Mbps     0 retrans
[2024-11-02T16:33:20.540097-0600]     9.9375 MB /   0.50 sec =  167.1183 Mbps     0 retrans
[2024-11-02T16:33:21.040433-0600]     5.8125 MB /   0.50 sec =   97.5482 Mbps     0 retrans
[2024-11-02T16:33:21.540371-0600]     8.2500 MB /   0.50 sec =  138.3075 Mbps     0 retrans
[2024-11-02T16:33:22.039802-0600]    12.0625 MB /   0.50 sec =  202.5461 Mbps     0 retrans
[2024-11-02T16:33:22.540435-0600]    12.1875 MB /   0.50 sec =  204.4633 Mbps     0 retrans
[2024-11-02T16:33:23.040469-0600]    12.4375 MB /   0.50 sec =  208.4515 Mbps     0 retrans
[2024-11-02T16:33:23.540339-0600]    12.1875 MB /   0.50 sec =  204.6754 Mbps     0 retrans
[2024-11-02T16:33:24.039988-0600]    11.8125 MB /   0.50 sec =  198.1916 Mbps     0 retrans
[2024-11-02T16:33:24.539938-0600]    12.2500 MB /   0.50 sec =  205.5135 Mbps     0 retrans
[2024-11-02T16:33:25.039879-0600]    11.5000 MB /   0.50 sec =  192.9445 Mbps     0 retrans
[2024-11-02T16:33:25.539871-0600]    10.0000 MB /   0.50 sec =  167.7681 Mbps     0 retrans
[2024-11-02T16:33:26.039962-0600]     5.1875 MB /   0.50 sec =   87.0252 Mbps     0 retrans
[2024-11-02T16:33:26.541981-0600]    12.6875 MB /   0.50 sec =  212.2285 Mbps     0 retrans
[2024-11-02T16:33:27.040900-0600]    10.8750 MB /   0.50 sec =  182.8259 Mbps     0 retrans
[2024-11-02T16:33:27.539981-0600]     5.7500 MB /   0.50 sec =   96.5485 Mbps     0 retrans
[2024-11-02T16:33:28.040884-0600]    11.6250 MB /   0.50 sec =  194.8917 Mbps     0 retrans
[2024-11-02T16:33:28.541551-0600]    11.6250 MB /   0.50 sec =  194.7629 Mbps     0 retrans
[2024-11-02T16:33:29.039940-0600]    10.9375 MB /   0.50 sec =  183.9257 Mbps     0 retrans
[2024-11-02T16:33:29.540051-0600]     9.9375 MB /   0.50 sec =  166.6972 Mbps     0 retrans
[2024-11-02T16:33:30.040364-0600]    11.3750 MB /   0.50 sec =  190.8729 Mbps     0 retrans
[2024-11-02T16:33:30.539940-0600]     7.9375 MB /   0.50 sec =  133.1633 Mbps     0 retrans
[2024-11-02T16:33:31.040824-0600]    11.1875 MB /   0.50 sec =  187.5271 Mbps     0 retrans
[2024-11-02T16:33:31.540407-0600]     9.1875 MB /   0.50 sec =  154.2690 Mbps     0 retrans
[2024-11-02T16:33:32.040370-0600]    11.5625 MB /   0.50 sec =  193.8431 Mbps     0 retrans
[2024-11-02T16:33:32.539921-0600]     7.8750 MB /   0.50 sec =  132.2301 Mbps     0 retrans
[2024-11-02T16:33:33.039955-0600]     9.0000 MB /   0.50 sec =  150.9983 Mbps     0 retrans
[2024-11-02T16:33:33.540219-0600]     7.5000 MB /   0.50 sec =  125.8306 Mbps     0 retrans
[2024-11-02T16:33:34.040486-0600]     9.7500 MB /   0.50 sec =  163.5664 Mbps     0 retrans
[2024-11-02T16:33:34.539848-0600]     8.8750 MB /   0.50 sec =  148.9121 Mbps     0 retrans
[2024-11-02T16:33:35.039892-0600]    10.7500 MB /   0.50 sec =  180.3482 Mbps     0 retrans
[2024-11-02T16:33:35.540800-0600]    11.1875 MB /   0.50 sec =  187.5496 Mbps     0 retrans
[2024-11-02T16:33:36.040011-0600]    10.5000 MB /   0.50 sec =  176.2810 Mbps     0 retrans
[2024-11-02T16:33:36.542695-0600]    10.8125 MB /   0.50 sec =  180.8052 Mbps     0 retrans
[2024-11-02T16:33:37.039986-0600]     7.6250 MB /   0.50 sec =  128.3558 Mbps     0 retrans
[2024-11-02T16:33:37.539922-0600]     5.5000 MB /   0.50 sec =   92.2786 Mbps     0 retrans
[2024-11-02T16:33:38.041281-0600]    12.6250 MB /   0.50 sec =  211.6075 Mbps     0 retrans
[2024-11-02T16:33:38.540383-0600]     8.6875 MB /   0.50 sec =  145.8907 Mbps     0 retrans
[2024-11-02T16:33:39.040568-0600]    10.3750 MB /   0.50 sec =  174.0612 Mbps     0 retrans
[2024-11-02T16:33:39.542637-0600]     2.4375 MB /   0.50 sec =   40.6828 Mbps     0 retrans
[2024-11-02T16:33:40.039905-0600]     5.3125 MB /   0.50 sec =   89.6021 Mbps     0 retrans
[2024-11-02T16:33:40.539936-0600]     8.4375 MB /   0.50 sec =  141.5450 Mbps     0 retrans
[2024-11-02T16:33:41.039977-0600]     9.8750 MB /   0.50 sec =  165.6664 Mbps     0 retrans
[2024-11-02T16:33:41.540617-0600]     9.6250 MB /   0.50 sec =  161.3039 Mbps     0 retrans
[2024-11-02T16:33:42.039952-0600]     8.5000 MB /   0.50 sec =  142.7700 Mbps     0 retrans
[2024-11-02T16:33:42.539853-0600]     7.4375 MB /   0.50 sec =  124.7895 Mbps     0 retrans
[2024-11-02T16:33:43.042202-0600]     9.4375 MB /   0.50 sec =  157.8000 Mbps     0 retrans
[2024-11-02T16:33:43.540487-0600]    13.3125 MB /   0.50 sec =  224.0907 Mbps     0 retrans
[2024-11-02T16:33:44.040339-0600]    11.9375 MB /   0.50 sec =  200.1167 Mbps     0 retrans
[2024-11-02T16:33:44.542032-0600]    11.0625 MB /   0.50 sec =  185.2342 Mbps     0 retrans
[2024-11-02T16:33:45.040954-0600]    13.3750 MB /   0.50 sec =  224.7981 Mbps     0 retrans
[2024-11-02T16:33:45.540226-0600]     8.3125 MB /   0.50 sec =  139.5270 Mbps     0 retrans
[2024-11-02T16:33:46.042066-0600]    10.8750 MB /   0.50 sec =  181.9678 Mbps     0 retrans
[2024-11-02T16:33:46.541231-0600]     6.8750 MB /   0.50 sec =  115.5435 Mbps     0 retrans
[2024-11-02T16:33:47.040846-0600]     8.3125 MB /   0.50 sec =  139.5413 Mbps     0 retrans
[2024-11-02T16:33:47.541846-0600]     1.8125 MB /   0.50 sec =   30.3263 Mbps     0 retrans
[2024-11-02T16:33:48.039860-0600]     8.0625 MB /   0.50 sec =  135.7635 Mbps     0 retrans
[2024-11-02T16:33:48.539872-0600]     8.6875 MB /   0.50 sec =  145.7433 Mbps     0 retrans
[2024-11-02T16:33:49.041753-0600]     2.9375 MB /   0.50 sec =   49.1511 Mbps     0 retrans
[2024-11-02T16:33:49.540489-0600]     7.5625 MB /   0.50 sec =  127.0851 Mbps     0 retrans
[2024-11-02T16:33:50.040661-0600]    10.0000 MB /   0.50 sec =  167.8964 Mbps     0 retrans
[2024-11-02T16:33:50.541681-0600]     0.0000 MB /   0.50 sec =    0.0000 Mbps     0 retrans
[2024-11-02T16:33:51.041790-0600]     0.0000 MB /   0.50 sec =    0.0000 Mbps     0 retrans
[2024-11-02T16:33:51.541343-0600]     0.0000 MB /   0.50 sec =    0.0000 Mbps     0 retrans
[2024-11-02T16:33:52.041472-0600]     1.2500 MB /   0.50 sec =   20.9803 Mbps     0 retrans
[2024-11-02T16:33:52.540931-0600]     0.4375 MB /   0.50 sec =    7.3499 Mbps     0 retrans
[2024-11-02T16:33:53.039898-0600]     8.0000 MB /   0.50 sec =  134.3489 Mbps     0 retrans
[2024-11-02T16:33:53.542943-0600]     0.5625 MB /   0.50 sec =    9.3832 Mbps     0 retrans
[2024-11-02T16:33:54.041575-0600]     0.0000 MB /   0.50 sec =    0.0000 Mbps     0 retrans
[2024-11-02T16:33:54.541586-0600]     0.0000 MB /   0.50 sec =    0.0000 Mbps     0 retrans
[2024-11-02T16:33:55.041601-0600]     0.0000 MB /   0.50 sec =    0.0000 Mbps     0 retrans
[2024-11-02T16:33:55.542534-0600]     0.0000 MB /   0.50 sec =    0.0000 Mbps     0 retrans
[2024-11-02T16:33:56.042447-0600]     0.0000 MB /   0.50 sec =    0.0000 Mbps     0 retrans
[2024-11-02T16:33:56.541283-0600]     0.3750 MB /   0.50 sec =    6.3054 Mbps     0 retrans
[2024-11-02T16:33:57.041431-0600]     0.0000 MB /   0.50 sec =    0.0000 Mbps     0 retrans
[2024-11-02T16:33:57.541641-0600]     0.0000 MB /   0.50 sec =    0.0000 Mbps     0 retrans
[2024-11-02T16:33:58.039917-0600]     0.0000 MB /   0.50 sec =    0.0000 Mbps     0 retrans
[2024-11-02T16:33:58.541355-0600]     0.0000 MB /   0.50 sec =    0.0000 Mbps     0 retrans
[2024-11-02T16:33:59.039976-0600]     0.0000 MB /   0.50 sec =    0.0000 Mbps     0 retrans
[2024-11-02T16:33:59.541829-0600]     0.0000 MB /   0.50 sec =    0.0000 Mbps     0 retrans
[2024-11-02T16:34:00.040501-0600]     0.0000 MB /   0.50 sec =    0.0000 Mbps     0 retrans
[2024-11-02T16:34:00.541357-0600]     0.0000 MB /   0.50 sec =    0.0000 Mbps     0 retrans
[2024-11-02T16:34:01.041424-0600]     0.0000 MB /   0.50 sec =    0.0000 Mbps     0 retrans
[2024-11-02T16:34:01.541349-0600]     0.0000 MB /   0.50 sec =    0.0000 Mbps     0 retrans
[2024-11-02T16:34:02.042562-0600]     0.0000 MB /   0.50 sec =    0.0000 Mbps     0 retrans
[2024-11-02T16:34:02.541418-0600]     0.0000 MB /   0.50 sec =    0.0000 Mbps     0 retrans
[2024-11-02T16:34:03.042536-0600]     0.0000 MB /   0.50 sec =    0.0000 Mbps     0 retrans
[2024-11-02T16:34:03.541765-0600]     0.0000 MB /   0.50 sec =    0.0000 Mbps     0 retrans
[2024-11-02T16:34:04.040305-0600]     0.0000 MB /   0.50 sec =    0.0000 Mbps     0 retrans
[2024-11-02T16:34:04.539926-0600]     2.4375 MB /   0.50 sec =   40.9161 Mbps     0 retrans
[2024-11-02T16:34:05.039887-0600]     8.9375 MB /   0.50 sec =  149.9554 Mbps     0 retrans
[2024-11-02T16:34:05.540291-0600]     9.5000 MB /   0.50 sec =  159.3775 Mbps     0 retrans
[2024-11-02T16:34:06.042646-0600]    10.4375 MB /   0.50 sec =  174.5446 Mbps     0 retrans
[2024-11-02T16:34:06.540320-0600]     9.0625 MB /   0.50 sec =  152.5359 Mbps     0 retrans
[2024-11-02T16:34:07.041823-0600]     7.5625 MB /   0.50 sec =  126.5096 Mbps     0 retrans
[2024-11-02T16:34:07.540586-0600]     5.3750 MB /   0.50 sec =   90.4385 Mbps     0 retrans
[2024-11-02T16:34:08.041621-0600]     1.4375 MB /   0.50 sec =   24.0563 Mbps     0 retrans
[2024-11-02T16:34:08.541379-0600]     2.5000 MB /   0.50 sec =   41.9322 Mbps     0 retrans
[2024-11-02T16:34:09.039819-0600]     0.0000 MB /   0.50 sec =    0.0000 Mbps     0 retrans
[2024-11-02T16:34:09.541327-0600]     0.0000 MB /   0.50 sec =    0.0000 Mbps     0 retrans
[2024-11-02T16:34:10.039966-0600]     1.3750 MB /   0.50 sec =   23.1298 Mbps     0 retrans
[2024-11-02T16:34:10.540015-0600]     0.0000 MB /   0.50 sec =    0.0000 Mbps     0 retrans
[2024-11-02T16:34:11.040062-0600]     0.0625 MB /   0.50 sec =    1.0486 Mbps     0 retrans
[2024-11-02T16:34:11.539903-0600]     2.3125 MB /   0.50 sec =   38.7978 Mbps     0 retrans
[2024-11-02T16:34:12.040334-0600]     2.8125 MB /   0.50 sec =   47.1486 Mbps     0 retrans
[2024-11-02T16:34:12.540373-0600]     3.6875 MB /   0.50 sec =   61.8644 Mbps     0 retrans
[2024-11-02T16:34:13.039961-0600]     4.5625 MB /   0.50 sec =   76.5983 Mbps     0 retrans
[2024-11-02T16:34:13.540193-0600]     6.0000 MB /   0.50 sec =  100.6810 Mbps     0 retrans
[2024-11-02T16:34:14.040414-0600]     7.5625 MB /   0.50 sec =  126.8617 Mbps     0 retrans
[2024-11-02T16:34:14.540356-0600]     9.4375 MB /   0.50 sec =  158.3362 Mbps     0 retrans
[2024-11-02T16:34:15.039992-0600]     9.8750 MB /   0.50 sec =  165.6747 Mbps     0 retrans
[2024-11-02T16:34:15.540895-0600]    13.0000 MB /   0.50 sec =  218.1038 Mbps     0 retrans
[2024-11-02T16:34:16.039791-0600]    15.6250 MB /   0.50 sec =  262.1802 Mbps     0 retrans
[2024-11-02T16:34:16.540817-0600]    15.0000 MB /   0.50 sec =  251.4320 Mbps     0 retrans
[2024-11-02T16:34:17.039829-0600]    10.1875 MB /   0.50 sec =  171.0698 Mbps     0 retrans
[2024-11-02T16:34:17.539974-0600]    12.1250 MB /   0.50 sec =  203.4237 Mbps     0 retrans
[2024-11-02T16:34:18.039991-0600]    12.1250 MB /   0.50 sec =  203.4221 Mbps     0 retrans
[2024-11-02T16:34:18.540346-0600]    10.6875 MB /   0.50 sec =  179.2993 Mbps     0 retrans
[2024-11-02T16:34:19.041589-0600]    10.1250 MB /   0.50 sec =  169.3265 Mbps     0 retrans
[2024-11-02T16:34:19.539937-0600]     7.9375 MB /   0.50 sec =  133.5951 Mbps     0 retrans
[2024-11-02T16:34:20.039955-0600]    11.9375 MB /   0.50 sec =  200.2708 Mbps     0 retrans
[2024-11-02T16:34:20.539994-0600]    12.1250 MB /   0.50 sec =  203.4164 Mbps     0 retrans
[2024-11-02T16:34:21.040732-0600]    12.8750 MB /   0.50 sec =  215.8599 Mbps     0 retrans
[2024-11-02T16:34:21.540406-0600]    11.8750 MB /   0.50 sec =  199.3794 Mbps     0 retrans
[2024-11-02T16:34:22.039943-0600]     6.7500 MB /   0.50 sec =  113.2467 Mbps     0 retrans
[2024-11-02T16:34:22.540449-0600]     9.2500 MB /   0.50 sec =  155.1858 Mbps     0 retrans
[2024-11-02T16:34:23.039832-0600]    11.3750 MB /   0.50 sec =  190.8538 Mbps     0 retrans
[2024-11-02T16:34:23.541874-0600]    10.7500 MB /   0.50 sec =  179.8712 Mbps     0 retrans
[2024-11-02T16:34:24.040945-0600]     6.3750 MB /   0.50 sec =  107.1240 Mbps     0 retrans
[2024-11-02T16:34:24.542073-0600]    12.1875 MB /   0.50 sec =  204.0438 Mbps     0 retrans
[2024-11-02T16:34:25.039828-0600]    13.3750 MB /   0.50 sec =  225.1206 Mbps     0 retrans
[2024-11-02T16:34:25.540382-0600]    14.5000 MB /   0.50 sec =  243.1874 Mbps     0 retrans
[2024-11-02T16:34:26.042072-0600]    12.1250 MB /   0.50 sec =  202.8566 Mbps     0 retrans
[2024-11-02T16:34:26.541469-0600]    14.5625 MB /   0.50 sec =  244.5305 Mbps     0 retrans
[2024-11-02T16:34:27.041694-0600]     7.6875 MB /   0.50 sec =  128.9289 Mbps     0 retrans
[2024-11-02T16:34:27.539988-0600]     7.4375 MB /   0.50 sec =  125.0945 Mbps     0 retrans
[2024-11-02T16:34:28.040616-0600]     5.6250 MB /   0.50 sec =   94.3237 Mbps     0 retrans
[2024-11-02T16:34:28.541135-0600]     9.2500 MB /   0.50 sec =  155.1018 Mbps     0 retrans
[2024-11-02T16:34:29.039927-0600]     9.7500 MB /   0.50 sec =  163.7655 Mbps     0 retrans
[2024-11-02T16:34:29.541479-0600]     9.5000 MB /   0.50 sec =  159.2106 Mbps     0 retrans
[2024-11-02T16:34:30.039802-0600]    10.8750 MB /   0.50 sec =  182.6586 Mbps     0 retrans
[2024-11-02T16:34:30.542252-0600]     8.1875 MB /   0.50 sec =  136.9381 Mbps     0 retrans
[2024-11-02T16:34:31.041055-0600]    11.1250 MB /   0.50 sec =  186.8072 Mbps     0 retrans
[2024-11-02T16:34:31.541330-0600]    12.0000 MB /   0.50 sec =  201.5717 Mbps     0 retrans
[2024-11-02T16:34:32.039920-0600]     7.4375 MB /   0.50 sec =  124.8974 Mbps     0 retrans
[2024-11-02T16:34:32.540277-0600]     5.8750 MB /   0.50 sec =   98.5665 Mbps     0 retrans
[2024-11-02T16:34:33.039959-0600]     5.8750 MB /   0.50 sec =   98.5624 Mbps     0 retrans
[2024-11-02T16:34:33.540714-0600]    10.1250 MB /   0.50 sec =  169.8798 Mbps     0 retrans
[2024-11-02T16:34:34.039856-0600]    11.7500 MB /   0.50 sec =  197.1398 Mbps     0 retrans
[2024-11-02T16:34:34.541340-0600]    13.8125 MB /   0.50 sec =  231.4950 Mbps     0 retrans
[2024-11-02T16:34:35.039848-0600]     9.3125 MB /   0.50 sec =  156.3989 Mbps     0 retrans
[2024-11-02T16:34:35.539916-0600]    11.4375 MB /   0.50 sec =  191.8852 Mbps     0 retrans
[2024-11-02T16:34:36.039842-0600]    12.8750 MB /   0.50 sec =  216.0123 Mbps     0 retrans
[2024-11-02T16:34:36.540406-0600]    10.8125 MB /   0.50 sec =  181.2217 Mbps     0 retrans
[2024-11-02T16:34:37.040000-0600]     5.3750 MB /   0.50 sec =   90.2582 Mbps     0 retrans
[2024-11-02T16:34:37.540606-0600]     5.8750 MB /   0.50 sec =   98.5372 Mbps     0 retrans
[2024-11-02T16:34:38.039972-0600]     0.6875 MB /   0.50 sec =   11.5382 Mbps     0 retrans
[2024-11-02T16:34:38.540221-0600]     6.8125 MB /   0.50 sec =  114.2210 Mbps     0 retrans
[2024-11-02T16:34:39.039833-0600]     7.5625 MB /   0.50 sec =  126.9699 Mbps     0 retrans
[2024-11-02T16:34:39.539969-0600]     8.3750 MB /   0.50 sec =  140.4968 Mbps     0 retrans
[2024-11-02T16:34:40.040062-0600]    10.0625 MB /   0.50 sec =  168.7958 Mbps     0 retrans
[2024-11-02T16:34:40.540786-0600]     9.8125 MB /   0.50 sec =  164.3917 Mbps     0 retrans
[2024-11-02T16:34:41.040149-0600]     6.4375 MB /   0.50 sec =  108.1877 Mbps     0 retrans
[2024-11-02T16:34:41.540401-0600]     7.7500 MB /   0.50 sec =  130.0122 Mbps     0 retrans
[2024-11-02T16:34:42.040307-0600]     8.8750 MB /   0.50 sec =  148.8924 Mbps     0 retrans
[2024-11-02T16:34:42.540902-0600]     8.6250 MB /   0.50 sec =  144.5589 Mbps     0 retrans
[2024-11-02T16:34:43.039854-0600]    10.3750 MB /   0.50 sec =  174.2501 Mbps     0 retrans
[2024-11-02T16:34:43.541369-0600]    12.6250 MB /   0.50 sec =  211.5619 Mbps     0 retrans
[2024-11-02T16:34:44.040821-0600]    12.4375 MB /   0.50 sec =  208.8868 Mbps     0 retrans
[2024-11-02T16:34:44.540934-0600]    12.7500 MB /   0.50 sec =  213.7278 Mbps     0 retrans
[2024-11-02T16:34:45.041527-0600]     9.2500 MB /   0.50 sec =  155.0444 Mbps     0 retrans
[2024-11-02T16:34:45.540131-0600]     0.9375 MB /   0.50 sec =   15.7537 Mbps     0 retrans
[2024-11-02T16:34:46.040634-0600]     4.0625 MB /   0.50 sec =   68.1749 Mbps     0 retrans
[2024-11-02T16:34:46.539898-0600]     9.0625 MB /   0.50 sec =  152.0554 Mbps     0 retrans
[2024-11-02T16:34:47.040038-0600]    10.7500 MB /   0.50 sec =  180.3630 Mbps     0 retrans
[2024-11-02T16:34:47.540311-0600]    14.1250 MB /   0.50 sec =  236.8593 Mbps     0 retrans
[2024-11-02T16:34:48.039792-0600]    14.9375 MB /   0.50 sec =  250.7345 Mbps     0 retrans
[2024-11-02T16:34:48.539884-0600]    16.7500 MB /   0.50 sec =  280.9712 Mbps     0 retrans
[2024-11-02T16:34:49.039939-0600]     8.5000 MB /   0.50 sec =  142.6135 Mbps     0 retrans
[2024-11-02T16:34:49.540734-0600]    13.0625 MB /   0.50 sec =  219.0061 Mbps     0 retrans
[2024-11-02T16:34:50.040307-0600]    10.3125 MB /   0.50 sec =  173.1355 Mbps     0 retrans
[2024-11-02T16:34:50.540544-0600]    11.2500 MB /   0.50 sec =  188.6282 Mbps     0 retrans
[2024-11-02T16:34:51.043050-0600]    10.2500 MB /   0.50 sec =  171.0034 Mbps     0 retrans
[2024-11-02T16:34:51.540323-0600]    10.3750 MB /   0.50 sec =  175.0161 Mbps     0 retrans
[2024-11-02T16:34:52.039971-0600]    10.0000 MB /   0.50 sec =  167.9051 Mbps     0 retrans
[2024-11-02T16:34:52.539912-0600]    10.8750 MB /   0.50 sec =  182.4544 Mbps     0 retrans
[2024-11-02T16:34:53.039922-0600]    12.1250 MB /   0.50 sec =  203.4205 Mbps     0 retrans
[2024-11-02T16:34:53.539935-0600]    11.5625 MB /   0.50 sec =  193.9974 Mbps     0 retrans
End time: 1730586893803
