Start time: 1730845704905
[2024-11-05T16:28:25.854562-0600] nuttcp-r: v8.1.4: socket
[2024-11-05T16:28:25.855528-0600] nuttcp-r: buflen=65536, nstream=1, port=5101 tcp
[2024-11-05T16:28:25.855622-0600] nuttcp-r: interval reporting every 0.50 seconds
[2024-11-05T16:28:25.855690-0600] nuttcp-r: connect to 54.197.223.49 with RTT=84.656 ms af=inet
[2024-11-05T16:28:25.855754-0600] nuttcp-r: send window size = 2097152, receive window size = 6291456
[2024-11-05T16:28:25.855817-0600] nuttcp-r: available send window = 1572864, available receive window = 4718592
[2024-11-05T16:28:25.855878-0600]     0.2500 MB /   0.50 sec =    4.1936 Mbps     0 retrans     13 KB-cwnd
[2024-11-05T16:28:26.354585-0600]     0.3750 MB /   0.50 sec =    6.2901 Mbps     0 retrans     13 KB-cwnd
[2024-11-05T16:28:26.854683-0600]     1.3750 MB /   0.50 sec =   23.0732 Mbps     0 retrans     13 KB-cwnd
[2024-11-05T16:28:27.355231-0600]     1.7500 MB /   0.50 sec =   29.3309 Mbps     0 retrans     13 KB-cwnd
[2024-11-05T16:28:27.854931-0600]     2.0625 MB /   0.50 sec =   34.6078 Mbps     0 retrans     13 KB-cwnd
[2024-11-05T16:28:28.355072-0600]     2.6875 MB /   0.50 sec =   45.0829 Mbps     0 retrans     13 KB-cwnd
[2024-11-05T16:28:28.854509-0600]     3.2500 MB /   0.50 sec =   54.5811 Mbps     0 retrans     13 KB-cwnd
[2024-11-05T16:28:29.354466-0600]     3.8125 MB /   0.50 sec =   63.9660 Mbps     0 retrans     13 KB-cwnd
[2024-11-05T16:28:29.854522-0600]     4.6875 MB /   0.50 sec =   78.6357 Mbps     0 retrans     13 KB-cwnd
[2024-11-05T16:28:30.354521-0600]     4.4375 MB /   0.50 sec =   74.4447 Mbps     0 retrans     13 KB-cwnd
[2024-11-05T16:28:30.854425-0600]     6.1875 MB /   0.50 sec =  103.8254 Mbps     0 retrans     13 KB-cwnd
[2024-11-05T16:28:31.354459-0600]     8.0625 MB /   0.50 sec =  135.2514 Mbps     0 retrans     13 KB-cwnd
[2024-11-05T16:28:31.854439-0600]    10.1875 MB /   0.50 sec =  170.9374 Mbps     0 retrans     13 KB-cwnd
[2024-11-05T16:28:32.354405-0600]    13.0000 MB /   0.50 sec =  218.1021 Mbps     0 retrans     13 KB-cwnd
[2024-11-05T16:28:32.854930-0600]    16.5625 MB /   0.50 sec =  277.6760 Mbps     0 retrans     13 KB-cwnd
[2024-11-05T16:28:33.354462-0600]    19.7500 MB /   0.50 sec =  331.5775 Mbps     0 retrans     13 KB-cwnd
[2024-11-05T16:28:33.854477-0600]    25.3750 MB /   0.50 sec =  425.6801 Mbps     0 retrans     14 KB-cwnd
[2024-11-05T16:28:34.354455-0600]    30.7500 MB /   0.50 sec =  515.9479 Mbps     0 retrans     26 KB-cwnd
[2024-11-05T16:28:34.854413-0600]    37.4375 MB /   0.50 sec =  628.1096 Mbps     0 retrans     26 KB-cwnd
[2024-11-05T16:28:35.355128-0600]    38.1250 MB /   0.50 sec =  638.9745 Mbps     0 retrans     26 KB-cwnd
[2024-11-05T16:28:35.854480-0600]    35.1250 MB /   0.50 sec =  589.8778 Mbps     0 retrans     26 KB-cwnd
[2024-11-05T16:28:36.354738-0600]    24.5625 MB /   0.50 sec =  411.9322 Mbps     0 retrans     26 KB-cwnd
[2024-11-05T16:28:36.854445-0600]    39.9375 MB /   0.50 sec =  670.2116 Mbps     0 retrans     29 KB-cwnd
[2024-11-05T16:28:37.354987-0600]    40.9375 MB /   0.50 sec =  686.2792 Mbps     0 retrans     32 KB-cwnd
[2024-11-05T16:28:37.854653-0600]    38.5000 MB /   0.50 sec =  646.4542 Mbps     0 retrans     41 KB-cwnd
[2024-11-05T16:28:38.355016-0600]    51.8125 MB /   0.50 sec =  868.4913 Mbps    85 retrans  19995 KB-cwnd
[2024-11-05T16:28:38.854410-0600]    31.0625 MB /   0.50 sec =  521.6880 Mbps     0 retrans  17845 KB-cwnd
[2024-11-05T16:28:39.354635-0600]    37.5625 MB /   0.50 sec =  629.9712 Mbps     0 retrans  17845 KB-cwnd
[2024-11-05T16:28:39.854544-0600]    29.3125 MB /   0.50 sec =  491.8599 Mbps     0 retrans  17845 KB-cwnd
[2024-11-05T16:28:40.356502-0600]    42.0625 MB /   0.50 sec =  703.6454 Mbps     0 retrans  17587 KB-cwnd
[2024-11-05T16:28:40.854873-0600]    39.3125 MB /   0.50 sec =  661.0708 Mbps  1567 retrans  17404 KB-cwnd
[2024-11-05T16:28:41.354333-0600]    41.7500 MB /   0.50 sec =  701.0517 Mbps     0 retrans  19933 KB-cwnd
[2024-11-05T16:28:41.854604-0600]    40.0000 MB /   0.50 sec =  670.9102 Mbps  2983 retrans  19049 KB-cwnd
[2024-11-05T16:28:42.354645-0600]    43.5000 MB /   0.50 sec =  729.7987 Mbps     0 retrans  19051 KB-cwnd
[2024-11-05T16:28:42.854398-0600]    36.3125 MB /   0.50 sec =  609.3738 Mbps   623 retrans  18570 KB-cwnd
[2024-11-05T16:28:43.354423-0600]    43.5000 MB /   0.50 sec =  729.7943 Mbps     0 retrans  18570 KB-cwnd
[2024-11-05T16:28:43.854575-0600]    28.0625 MB /   0.50 sec =  470.6638 Mbps  1023 retrans  19656 KB-cwnd
[2024-11-05T16:28:44.354475-0600]    45.3750 MB /   0.50 sec =  761.4794 Mbps     0 retrans  19656 KB-cwnd
[2024-11-05T16:28:44.854887-0600]    41.9375 MB /   0.50 sec =  703.5227 Mbps  1667 retrans  17028 KB-cwnd
[2024-11-05T16:28:45.354662-0600]    30.3750 MB /   0.50 sec =  509.6314 Mbps     0 retrans  17028 KB-cwnd
[2024-11-05T16:28:45.854610-0600]    11.6250 MB /   0.50 sec =  194.9973 Mbps     0 retrans  17028 KB-cwnd
[2024-11-05T16:28:46.354439-0600]    33.3750 MB /   0.50 sec =  560.0987 Mbps   471 retrans   7944 KB-cwnd
[2024-11-05T16:28:46.854557-0600]    42.2500 MB /   0.50 sec =  708.8742 Mbps    21 retrans   7348 KB-cwnd
[2024-11-05T16:28:47.355833-0600]    33.0000 MB /   0.50 sec =  552.1066 Mbps  1097 retrans  17971 KB-cwnd
[2024-11-05T16:28:47.854867-0600]    31.5625 MB /   0.50 sec =  530.9868 Mbps     0 retrans  17971 KB-cwnd
[2024-11-05T16:28:48.354836-0600]    47.7500 MB /   0.50 sec =  800.6653 Mbps  2090 retrans  16251 KB-cwnd
[2024-11-05T16:28:48.854912-0600]    44.6875 MB /   0.50 sec =  749.6689 Mbps     0 retrans  16460 KB-cwnd
[2024-11-05T16:28:49.354789-0600]    28.4375 MB /   0.50 sec =  477.0563 Mbps     0 retrans  16460 KB-cwnd
[2024-11-05T16:28:49.854433-0600]    50.7500 MB /   0.50 sec =  852.0487 Mbps  1462 retrans  18275 KB-cwnd
[2024-11-05T16:28:50.354755-0600]    37.8750 MB /   0.50 sec =  635.4625 Mbps     0 retrans  18275 KB-cwnd
[2024-11-05T16:28:50.854429-0600]    34.6875 MB /   0.50 sec =  581.9492 Mbps  1105 retrans  17463 KB-cwnd
[2024-11-05T16:28:51.354671-0600]    38.1875 MB /   0.50 sec =  640.5698 Mbps     0 retrans  17463 KB-cwnd
[2024-11-05T16:28:51.854402-0600]    37.7500 MB /   0.50 sec =  633.4590 Mbps     0 retrans  18269 KB-cwnd
[2024-11-05T16:28:52.354478-0600]    40.8750 MB /   0.50 sec =  685.7180 Mbps     0 retrans  18269 KB-cwnd
[2024-11-05T16:28:52.854423-0600]    44.4375 MB /   0.50 sec =  745.5897 Mbps   129 retrans  16479 KB-cwnd
[2024-11-05T16:28:53.354441-0600]    48.2500 MB /   0.50 sec =  809.4651 Mbps     0 retrans  16479 KB-cwnd
[2024-11-05T16:28:53.854404-0600]    34.5000 MB /   0.50 sec =  578.8429 Mbps     0 retrans  14044 KB-cwnd
[2024-11-05T16:28:54.354841-0600]    33.4375 MB /   0.50 sec =  560.8861 Mbps     0 retrans  14044 KB-cwnd
[2024-11-05T16:28:54.854475-0600]    24.8125 MB /   0.50 sec =  416.3438 Mbps     0 retrans  13743 KB-cwnd
[2024-11-05T16:28:55.354437-0600]    33.5000 MB /   0.50 sec =  562.0469 Mbps     0 retrans  13757 KB-cwnd
[2024-11-05T16:28:55.854409-0600]    30.8750 MB /   0.50 sec =  518.0038 Mbps     0 retrans  15606 KB-cwnd
[2024-11-05T16:28:56.354445-0600]    40.0000 MB /   0.50 sec =  671.0792 Mbps     0 retrans  15603 KB-cwnd
[2024-11-05T16:28:56.854453-0600]    43.3750 MB /   0.50 sec =  727.7001 Mbps  1225 retrans  17189 KB-cwnd
[2024-11-05T16:28:57.354401-0600]    41.5000 MB /   0.50 sec =  696.2767 Mbps     0 retrans  17189 KB-cwnd
[2024-11-05T16:28:57.854429-0600]    40.9375 MB /   0.50 sec =  686.8132 Mbps   390 retrans  16563 KB-cwnd
[2024-11-05T16:28:58.354435-0600]    41.6250 MB /   0.50 sec =  698.3558 Mbps     0 retrans  16563 KB-cwnd
[2024-11-05T16:28:58.854411-0600]    43.6875 MB /   0.50 sec =  732.9561 Mbps    49 retrans  17842 KB-cwnd
[2024-11-05T16:28:59.354449-0600]    44.6875 MB /   0.50 sec =  749.6944 Mbps     0 retrans  15609 KB-cwnd
[2024-11-05T16:28:59.854798-0600]    42.7500 MB /   0.50 sec =  717.1371 Mbps     0 retrans  15609 KB-cwnd
[2024-11-05T16:29:00.354691-0600]    41.7500 MB /   0.50 sec =  700.5020 Mbps     0 retrans  16388 KB-cwnd
[2024-11-05T16:29:00.854465-0600]    32.0000 MB /   0.50 sec =  536.8827 Mbps     0 retrans  16388 KB-cwnd
[2024-11-05T16:29:01.354461-0600]    40.8750 MB /   0.50 sec =  685.7632 Mbps     0 retrans  15410 KB-cwnd
[2024-11-05T16:29:01.854441-0600]    37.8750 MB /   0.50 sec =  635.4777 Mbps     0 retrans  15410 KB-cwnd
[2024-11-05T16:29:02.354446-0600]    35.8125 MB /   0.50 sec =  600.8389 Mbps     5 retrans  15127 KB-cwnd
[2024-11-05T16:29:02.854454-0600]    45.2500 MB /   0.50 sec =  759.1174 Mbps     0 retrans  15127 KB-cwnd
[2024-11-05T16:29:03.354506-0600]    24.1250 MB /   0.50 sec =  404.7366 Mbps  1033 retrans  17689 KB-cwnd
[2024-11-05T16:29:03.854417-0600]    26.3125 MB /   0.50 sec =  441.4973 Mbps     0 retrans  17686 KB-cwnd
[2024-11-05T16:29:04.354930-0600]    38.4375 MB /   0.50 sec =  644.8162 Mbps   734 retrans  17992 KB-cwnd
[2024-11-05T16:29:04.854414-0600]    28.6250 MB /   0.50 sec =  480.2930 Mbps     0 retrans  18323 KB-cwnd
[2024-11-05T16:29:05.354927-0600]    43.8750 MB /   0.50 sec =  735.6928 Mbps     0 retrans  18323 KB-cwnd
[2024-11-05T16:29:05.854797-0600]    36.3125 MB /   0.50 sec =  609.1094 Mbps  1994 retrans  18776 KB-cwnd
[2024-11-05T16:29:06.354449-0600]    36.2500 MB /   0.50 sec =  608.5977 Mbps     0 retrans  18881 KB-cwnd
[2024-11-05T16:29:06.854406-0600]    38.8125 MB /   0.50 sec =  651.1943 Mbps  2156 retrans   9966 KB-cwnd
[2024-11-05T16:29:07.354421-0600]    45.8750 MB /   0.50 sec =  769.6563 Mbps     0 retrans  19997 KB-cwnd
[2024-11-05T16:29:07.854419-0600]    38.4375 MB /   0.50 sec =  644.8717 Mbps     7 retrans   7518 KB-cwnd
[2024-11-05T16:29:08.354417-0600]    36.6250 MB /   0.50 sec =  614.4618 Mbps   612 retrans   6589 KB-cwnd
[2024-11-05T16:29:08.854417-0600]    36.1250 MB /   0.50 sec =  606.0769 Mbps     8 retrans   6460 KB-cwnd
[2024-11-05T16:29:09.354431-0600]    32.3125 MB /   0.50 sec =  542.0975 Mbps   146 retrans  20462 KB-cwnd
[2024-11-05T16:29:09.854384-0600]    30.0000 MB /   0.50 sec =  503.3416 Mbps     0 retrans  20462 KB-cwnd
[2024-11-05T16:29:10.354428-0600]    50.0625 MB /   0.50 sec =  839.8875 Mbps  2933 retrans  18688 KB-cwnd
[2024-11-05T16:29:10.854429-0600]    36.6875 MB /   0.50 sec =  615.5227 Mbps     0 retrans  18688 KB-cwnd
[2024-11-05T16:29:11.354518-0600]    41.4375 MB /   0.50 sec =  695.1030 Mbps   732 retrans  18180 KB-cwnd
[2024-11-05T16:29:11.854587-0600]    28.3125 MB /   0.50 sec =  475.0676 Mbps     0 retrans  18180 KB-cwnd
[2024-11-05T16:29:12.354576-0600]    30.9375 MB /   0.50 sec =  519.0524 Mbps     0 retrans  18180 KB-cwnd
[2024-11-05T16:29:12.854407-0600]    39.0000 MB /   0.50 sec =  654.3232 Mbps   914 retrans  10303 KB-cwnd
[2024-11-05T16:29:13.354426-0600]    35.8750 MB /   0.50 sec =  601.8634 Mbps     0 retrans  11597 KB-cwnd
[2024-11-05T16:29:13.854391-0600]    28.1250 MB /   0.50 sec =  471.8715 Mbps     0 retrans  15926 KB-cwnd
[2024-11-05T16:29:14.354461-0600]    41.9375 MB /   0.50 sec =  703.5649 Mbps   571 retrans  11033 KB-cwnd
[2024-11-05T16:29:14.854423-0600]    33.2500 MB /   0.50 sec =  557.8558 Mbps  2505 retrans  14880 KB-cwnd
[2024-11-05T16:29:15.354414-0600]    31.7500 MB /   0.50 sec =  532.6809 Mbps     0 retrans  14880 KB-cwnd
[2024-11-05T16:29:15.854453-0600]    36.9375 MB /   0.50 sec =  619.6911 Mbps     0 retrans  16028 KB-cwnd
[2024-11-05T16:29:16.354454-0600]    29.0625 MB /   0.50 sec =  487.5878 Mbps     0 retrans  16028 KB-cwnd
[2024-11-05T16:29:16.854417-0600]    37.0625 MB /   0.50 sec =  621.8242 Mbps     0 retrans  16068 KB-cwnd
[2024-11-05T16:29:17.354400-0600]    26.9375 MB /   0.50 sec =  451.9381 Mbps     0 retrans  16068 KB-cwnd
[2024-11-05T16:29:17.854423-0600]    35.5625 MB /   0.50 sec =  596.6290 Mbps     0 retrans  16170 KB-cwnd
[2024-11-05T16:29:18.354570-0600]    30.2500 MB /   0.50 sec =  507.3150 Mbps     0 retrans  16173 KB-cwnd
[2024-11-05T16:29:18.855225-0600]    31.1875 MB /   0.50 sec =  523.0229 Mbps     0 retrans  16173 KB-cwnd
[2024-11-05T16:29:19.354468-0600]    25.0625 MB /   0.50 sec =  420.7996 Mbps     0 retrans  16767 KB-cwnd
[2024-11-05T16:29:19.854507-0600]    24.6875 MB /   0.50 sec =  414.1635 Mbps     0 retrans  16767 KB-cwnd
[2024-11-05T16:29:20.354547-0600]    20.5625 MB /   0.50 sec =  344.9636 Mbps     0 retrans  16767 KB-cwnd
[2024-11-05T16:29:20.854488-0600]    19.1250 MB /   0.50 sec =  320.8848 Mbps     0 retrans  17517 KB-cwnd
[2024-11-05T16:29:21.354526-0600]    16.1250 MB /   0.50 sec =  270.5261 Mbps     0 retrans  17517 KB-cwnd
[2024-11-05T16:29:21.854427-0600]    28.4375 MB /   0.50 sec =  477.1593 Mbps     0 retrans  17517 KB-cwnd
[2024-11-05T16:29:22.354429-0600]    24.8125 MB /   0.50 sec =  416.2722 Mbps     0 retrans  13488 KB-cwnd
[2024-11-05T16:29:22.854488-0600]     6.1875 MB /   0.50 sec =  103.8049 Mbps     0 retrans  13488 KB-cwnd
[2024-11-05T16:29:23.354462-0600]     0.0000 MB /   0.50 sec =    0.0000 Mbps     0 retrans  13488 KB-cwnd
[2024-11-05T16:29:23.854395-0600]     0.5000 MB /   0.50 sec =    8.3890 Mbps     0 retrans  13488 KB-cwnd
[2024-11-05T16:29:24.354460-0600]    30.2500 MB /   0.50 sec =  507.4905 Mbps     0 retrans  13722 KB-cwnd
[2024-11-05T16:29:24.854464-0600]    29.7500 MB /   0.50 sec =  499.0922 Mbps     0 retrans  13827 KB-cwnd
[2024-11-05T16:29:25.354473-0600]    18.1875 MB /   0.50 sec =  305.1503 Mbps   393 retrans      5 KB-cwnd
[2024-11-05T16:29:25.854457-0600]    23.2500 MB /   0.50 sec =  390.0734 Mbps     0 retrans      5 KB-cwnd
[2024-11-05T16:29:26.354425-0600]    32.3750 MB /   0.50 sec =  543.1732 Mbps     0 retrans      5 KB-cwnd
[2024-11-05T16:29:26.854404-0600]    26.0000 MB /   0.50 sec =  436.2198 Mbps     0 retrans  15031 KB-cwnd
[2024-11-05T16:29:27.354445-0600]    27.6250 MB /   0.50 sec =  463.4252 Mbps     0 retrans  15031 KB-cwnd
[2024-11-05T16:29:27.854488-0600]     1.7500 MB /   0.50 sec =   29.3607 Mbps     0 retrans  15031 KB-cwnd
[2024-11-05T16:29:28.354425-0600]    17.6250 MB /   0.50 sec =  295.7298 Mbps     0 retrans  15031 KB-cwnd
[2024-11-05T16:29:28.854452-0600]     1.5000 MB /   0.50 sec =   25.1641 Mbps     0 retrans  15031 KB-cwnd
[2024-11-05T16:29:29.354357-0600]    28.4375 MB /   0.50 sec =  477.1374 Mbps  2660 retrans  16415 KB-cwnd
[2024-11-05T16:29:29.854463-0600]    34.2500 MB /   0.50 sec =  574.5737 Mbps     0 retrans  16415 KB-cwnd
[2024-11-05T16:29:30.354431-0600]    37.6875 MB /   0.50 sec =  632.2901 Mbps     0 retrans  13416 KB-cwnd
[2024-11-05T16:29:30.854411-0600]    33.1250 MB /   0.50 sec =  555.7708 Mbps     0 retrans  13416 KB-cwnd
[2024-11-05T16:29:31.354439-0600]    36.4375 MB /   0.50 sec =  611.3112 Mbps    72 retrans  11145 KB-cwnd
[2024-11-05T16:29:31.854437-0600]    41.1875 MB /   0.50 sec =  690.9881 Mbps     0 retrans  11145 KB-cwnd
[2024-11-05T16:29:32.354534-0600]    21.1250 MB /   0.50 sec =  354.3662 Mbps     0 retrans  12066 KB-cwnd
[2024-11-05T16:29:32.854486-0600]    17.6250 MB /   0.50 sec =  295.7316 Mbps     0 retrans  12066 KB-cwnd
[2024-11-05T16:29:33.354414-0600]    34.5000 MB /   0.50 sec =  578.8545 Mbps     0 retrans  12244 KB-cwnd
[2024-11-05T16:29:33.854559-0600]    38.1250 MB /   0.50 sec =  639.6672 Mbps     0 retrans  16189 KB-cwnd
[2024-11-05T16:29:34.354543-0600]     4.1250 MB /   0.50 sec =   69.2019 Mbps     0 retrans  16189 KB-cwnd
[2024-11-05T16:29:34.854521-0600]    41.2500 MB /   0.50 sec =  692.0145 Mbps     0 retrans  15039 KB-cwnd
[2024-11-05T16:29:35.354434-0600]    38.5000 MB /   0.50 sec =  645.9616 Mbps     0 retrans  15039 KB-cwnd
[2024-11-05T16:29:35.854824-0600]    38.0625 MB /   0.50 sec =  638.2649 Mbps   327 retrans  16474 KB-cwnd
[2024-11-05T16:29:36.354911-0600]    38.9375 MB /   0.50 sec =  653.0030 Mbps     0 retrans  16474 KB-cwnd
[2024-11-05T16:29:36.854855-0600]    42.7500 MB /   0.50 sec =  717.8577 Mbps     0 retrans  19962 KB-cwnd
[2024-11-05T16:29:37.354468-0600]    45.2500 MB /   0.50 sec =  759.1766 Mbps     0 retrans  19962 KB-cwnd
[2024-11-05T16:29:37.854425-0600]    35.1875 MB /   0.50 sec =  590.3566 Mbps   621 retrans  18054 KB-cwnd
[2024-11-05T16:29:38.354639-0600]    38.2500 MB /   0.50 sec =  641.6900 Mbps     0 retrans  18054 KB-cwnd
[2024-11-05T16:29:38.854432-0600]    40.6875 MB /   0.50 sec =  682.6585 Mbps     0 retrans  18097 KB-cwnd
[2024-11-05T16:29:39.354467-0600]    37.8125 MB /   0.50 sec =  634.3847 Mbps     0 retrans  18097 KB-cwnd
[2024-11-05T16:29:39.854405-0600]    38.5000 MB /   0.50 sec =  645.9344 Mbps     0 retrans  19186 KB-cwnd
[2024-11-05T16:29:40.354607-0600]    35.6875 MB /   0.50 sec =  598.7261 Mbps     0 retrans  20809 KB-cwnd
[2024-11-05T16:29:40.855500-0600]    37.8125 MB /   0.50 sec =  633.0944 Mbps    67 retrans  19704 KB-cwnd
[2024-11-05T16:29:41.354475-0600]    32.3125 MB /   0.50 sec =  543.2720 Mbps     0 retrans  19704 KB-cwnd
[2024-11-05T16:29:41.854485-0600]    38.4375 MB /   0.50 sec =  644.7853 Mbps     0 retrans  19597 KB-cwnd
[2024-11-05T16:29:42.354440-0600]    13.6875 MB /   0.50 sec =  229.6450 Mbps     0 retrans  19597 KB-cwnd
[2024-11-05T16:29:42.854438-0600]    16.8750 MB /   0.50 sec =  283.1234 Mbps     0 retrans  19597 KB-cwnd
[2024-11-05T16:29:43.354633-0600]    13.9375 MB /   0.50 sec =  233.7805 Mbps     0 retrans  19597 KB-cwnd
[2024-11-05T16:29:43.854428-0600]    26.5625 MB /   0.50 sec =  445.7464 Mbps   563 retrans  17643 KB-cwnd
[2024-11-05T16:29:44.354438-0600]    25.3125 MB /   0.50 sec =  424.6639 Mbps     0 retrans  17643 KB-cwnd
[2024-11-05T16:29:44.854441-0600]    20.5625 MB /   0.50 sec =  344.9891 Mbps     0 retrans  17643 KB-cwnd
[2024-11-05T16:29:45.354413-0600]    28.5000 MB /   0.50 sec =  478.1564 Mbps     0 retrans  17471 KB-cwnd
[2024-11-05T16:29:45.854424-0600]    26.0000 MB /   0.50 sec =  436.2041 Mbps     0 retrans  17471 KB-cwnd
[2024-11-05T16:29:46.354420-0600]    22.1250 MB /   0.50 sec =  371.1937 Mbps     0 retrans  17471 KB-cwnd
[2024-11-05T16:29:46.855504-0600]     3.8750 MB /   0.50 sec =   64.9325 Mbps     0 retrans  17471 KB-cwnd
[2024-11-05T16:29:47.354449-0600]    27.0000 MB /   0.50 sec =  453.5245 Mbps   225 retrans  14692 KB-cwnd
[2024-11-05T16:29:47.854889-0600]    15.8750 MB /   0.50 sec =  266.2222 Mbps     0 retrans  14692 KB-cwnd
[2024-11-05T16:29:48.354714-0600]    21.6250 MB /   0.50 sec =  362.7587 Mbps     0 retrans  14692 KB-cwnd
[2024-11-05T16:29:48.854436-0600]    31.8750 MB /   0.50 sec =  535.0884 Mbps     0 retrans  11876 KB-cwnd
[2024-11-05T16:29:49.354446-0600]    24.8125 MB /   0.50 sec =  416.2847 Mbps     0 retrans  11876 KB-cwnd
[2024-11-05T16:29:49.854435-0600]    28.5625 MB /   0.50 sec =  479.2059 Mbps     0 retrans  12009 KB-cwnd
[2024-11-05T16:29:50.355494-0600]    16.5625 MB /   0.50 sec =  277.2975 Mbps     1 retrans  12397 KB-cwnd
[2024-11-05T16:29:50.854411-0600]    19.5000 MB /   0.50 sec =  327.8389 Mbps     0 retrans  12397 KB-cwnd
[2024-11-05T16:29:51.354446-0600]    27.2500 MB /   0.50 sec =  457.1691 Mbps     0 retrans  12397 KB-cwnd
[2024-11-05T16:29:51.854628-0600]    29.2500 MB /   0.50 sec =  490.5795 Mbps     1 retrans  13085 KB-cwnd
[2024-11-05T16:29:52.354448-0600]     1.0625 MB /   0.50 sec =   17.8307 Mbps     0 retrans  13085 KB-cwnd
[2024-11-05T16:29:52.854506-0600]    35.7500 MB /   0.50 sec =  599.7615 Mbps     0 retrans  13085 KB-cwnd
[2024-11-05T16:29:53.354405-0600]    34.1875 MB /   0.50 sec =  573.6250 Mbps     0 retrans      5 KB-cwnd
[2024-11-05T16:29:53.854469-0600]    39.5000 MB /   0.50 sec =  662.6550 Mbps     0 retrans      5 KB-cwnd
[2024-11-05T16:29:54.355462-0600]    28.7500 MB /   0.50 sec =  481.4129 Mbps     0 retrans  16950 KB-cwnd
[2024-11-05T16:29:54.854619-0600]     1.7500 MB /   0.50 sec =   29.4179 Mbps     0 retrans  16950 KB-cwnd
[2024-11-05T16:29:55.355482-0600]     0.0625 MB /   0.50 sec =    1.0465 Mbps     0 retrans  16950 KB-cwnd
[2024-11-05T16:29:55.854471-0600]     4.5000 MB /   0.50 sec =   75.6524 Mbps     0 retrans  16950 KB-cwnd
[2024-11-05T16:29:56.354409-0600]    17.8750 MB /   0.50 sec =  299.8945 Mbps     0 retrans  16950 KB-cwnd
[2024-11-05T16:29:56.854485-0600]    16.0000 MB /   0.50 sec =  268.4054 Mbps     0 retrans  16950 KB-cwnd
[2024-11-05T16:29:57.354426-0600]     5.5000 MB /   0.50 sec =   92.2832 Mbps     0 retrans  16950 KB-cwnd
[2024-11-05T16:29:57.854443-0600]    21.7500 MB /   0.50 sec =  364.8928 Mbps     1 retrans  13633 KB-cwnd
[2024-11-05T16:29:58.354414-0600]    24.1250 MB /   0.50 sec =  404.7665 Mbps     0 retrans  13633 KB-cwnd
[2024-11-05T16:29:58.854512-0600]    27.6875 MB /   0.50 sec =  464.4421 Mbps     0 retrans  13633 KB-cwnd
[2024-11-05T16:29:59.354499-0600]    14.5625 MB /   0.50 sec =  244.3250 Mbps     0 retrans  13633 KB-cwnd
[2024-11-05T16:29:59.854669-0600]    14.3125 MB /   0.50 sec =  240.0860 Mbps     0 retrans  12803 KB-cwnd
[2024-11-05T16:30:00.355018-0600]     1.5000 MB /   0.50 sec =   25.1472 Mbps     0 retrans  12803 KB-cwnd
[2024-11-05T16:30:00.854437-0600]    20.3125 MB /   0.50 sec =  341.1379 Mbps     0 retrans  12803 KB-cwnd
[2024-11-05T16:30:01.354445-0600]    25.5000 MB /   0.50 sec =  427.8122 Mbps     0 retrans  12803 KB-cwnd
[2024-11-05T16:30:01.854556-0600]     4.0625 MB /   0.50 sec =   68.1437 Mbps     0 retrans  12803 KB-cwnd
[2024-11-05T16:30:02.354742-0600]    15.9375 MB /   0.50 sec =  267.3692 Mbps 10103 retrans  14810 KB-cwnd
[2024-11-05T16:30:02.854450-0600]    18.3125 MB /   0.50 sec =  307.3207 Mbps     0 retrans  14810 KB-cwnd
[2024-11-05T16:30:03.354978-0600]    15.5000 MB /   0.50 sec =  259.8836 Mbps     0 retrans  14810 KB-cwnd
[2024-11-05T16:30:03.854895-0600]     4.5625 MB /   0.50 sec =   76.5269 Mbps     0 retrans  14810 KB-cwnd
[2024-11-05T16:30:04.354431-0600]    23.8750 MB /   0.50 sec =  400.9072 Mbps     0 retrans  14810 KB-cwnd
[2024-11-05T16:30:04.854428-0600]    26.2500 MB /   0.50 sec =  440.4063 Mbps   763 retrans   5607 KB-cwnd
[2024-11-05T16:30:05.354508-0600]    32.3125 MB /   0.50 sec =  542.1550 Mbps     0 retrans   5651 KB-cwnd
[2024-11-05T16:30:05.854421-0600]    39.5000 MB /   0.50 sec =  662.6497 Mbps   516 retrans  11104 KB-cwnd
[2024-11-05T16:30:06.354339-0600]    38.5000 MB /   0.50 sec =  645.9693 Mbps     0 retrans  11104 KB-cwnd
[2024-11-05T16:30:06.854448-0600]    35.9375 MB /   0.50 sec =  602.8757 Mbps  1175 retrans  12437 KB-cwnd
[2024-11-05T16:30:07.354406-0600]    35.3750 MB /   0.50 sec =  593.5023 Mbps     0 retrans  12437 KB-cwnd
[2024-11-05T16:30:07.854467-0600]    25.2500 MB /   0.50 sec =  423.5934 Mbps     0 retrans  13206 KB-cwnd
[2024-11-05T16:30:08.354431-0600]    34.5625 MB /   0.50 sec =  579.8973 Mbps     0 retrans  13206 KB-cwnd
[2024-11-05T16:30:08.854479-0600]    36.9375 MB /   0.50 sec =  619.6886 Mbps     0 retrans  19352 KB-cwnd
[2024-11-05T16:30:09.354408-0600]    23.4375 MB /   0.50 sec =  393.2388 Mbps     0 retrans  19352 KB-cwnd
[2024-11-05T16:30:09.854413-0600]    35.8750 MB /   0.50 sec =  601.8814 Mbps     0 retrans  19352 KB-cwnd
[2024-11-05T16:30:10.354417-0600]    33.3750 MB /   0.50 sec =  559.9362 Mbps   409 retrans  16041 KB-cwnd
[2024-11-05T16:30:10.854446-0600]    35.0625 MB /   0.50 sec =  588.2358 Mbps     0 retrans  16041 KB-cwnd
[2024-11-05T16:30:11.354706-0600]    38.3125 MB /   0.50 sec =  642.3994 Mbps     0 retrans  18086 KB-cwnd
[2024-11-05T16:30:11.854877-0600]    31.4375 MB /   0.50 sec =  527.4759 Mbps     0 retrans  18086 KB-cwnd
[2024-11-05T16:30:12.354910-0600]    35.6875 MB /   0.50 sec =  598.4951 Mbps    84 retrans  16995 KB-cwnd
[2024-11-05T16:30:12.854409-0600]    32.8750 MB /   0.50 sec =  552.0754 Mbps     0 retrans  16995 KB-cwnd
[2024-11-05T16:30:13.354417-0600]    40.3750 MB /   0.50 sec =  677.3733 Mbps     0 retrans  17189 KB-cwnd
[2024-11-05T16:30:13.854404-0600]    25.4375 MB /   0.50 sec =  426.7756 Mbps     0 retrans  17189 KB-cwnd
[2024-11-05T16:30:14.354778-0600]    31.2500 MB /   0.50 sec =  524.3037 Mbps     0 retrans  16530 KB-cwnd
[2024-11-05T16:30:14.854420-0600]    23.7500 MB /   0.50 sec =  398.4437 Mbps     0 retrans  16530 KB-cwnd
[2024-11-05T16:30:15.354544-0600]    28.6875 MB /   0.50 sec =  481.2059 Mbps     0 retrans  16530 KB-cwnd
[2024-11-05T16:30:15.854893-0600]    20.9375 MB /   0.50 sec =  351.3137 Mbps     0 retrans  14660 KB-cwnd
[2024-11-05T16:30:16.354418-0600]    33.1875 MB /   0.50 sec =  556.8317 Mbps     0 retrans  16356 KB-cwnd
[2024-11-05T16:30:16.854408-0600]    34.1875 MB /   0.50 sec =  573.5757 Mbps     0 retrans  16356 KB-cwnd
[2024-11-05T16:30:17.354467-0600]    28.1875 MB /   0.50 sec =  472.9399 Mbps     0 retrans  18637 KB-cwnd
[2024-11-05T16:30:17.854431-0600]    29.1250 MB /   0.50 sec =  488.5993 Mbps     0 retrans  18637 KB-cwnd
[2024-11-05T16:30:18.354528-0600]     6.5000 MB /   0.50 sec =  109.0290 Mbps     0 retrans  18637 KB-cwnd
[2024-11-05T16:30:18.855932-0600]    11.3750 MB /   0.50 sec =  190.4801 Mbps     0 retrans  18637 KB-cwnd
[2024-11-05T16:30:19.354592-0600]     2.1250 MB /   0.50 sec =   35.7212 Mbps     0 retrans  18637 KB-cwnd
[2024-11-05T16:30:19.854786-0600]     0.6875 MB /   0.50 sec =   11.5324 Mbps     0 retrans  18637 KB-cwnd
[2024-11-05T16:30:20.354518-0600]    11.3750 MB /   0.50 sec =  190.8710 Mbps   651 retrans  17165 KB-cwnd
[2024-11-05T16:30:20.854415-0600]    11.5625 MB /   0.50 sec =  194.0199 Mbps     0 retrans  17165 KB-cwnd
[2024-11-05T16:30:21.354420-0600]     9.1875 MB /   0.50 sec =  154.1410 Mbps     0 retrans  17165 KB-cwnd
[2024-11-05T16:30:21.854462-0600]     8.1250 MB /   0.50 sec =  136.3067 Mbps     0 retrans  17165 KB-cwnd
[2024-11-05T16:30:22.354545-0600]     4.3750 MB /   0.50 sec =   73.3880 Mbps     0 retrans  17165 KB-cwnd
[2024-11-05T16:30:22.854549-0600]    10.1250 MB /   0.50 sec =  169.9162 Mbps     0 retrans  17165 KB-cwnd
[2024-11-05T16:30:23.354336-0600]     9.0625 MB /   0.50 sec =  152.0453 Mbps     0 retrans  17165 KB-cwnd
[2024-11-05T16:30:23.854893-0600]     8.0000 MB /   0.50 sec =  134.1319 Mbps     0 retrans  17165 KB-cwnd
[2024-11-05T16:30:24.354911-0600]     3.2500 MB /   0.50 sec =   54.5080 Mbps     0 retrans  17165 KB-cwnd
[2024-11-05T16:30:24.854694-0600]     0.0000 MB /   0.50 sec =    0.0000 Mbps     0 retrans  17165 KB-cwnd
[2024-11-05T16:30:25.355579-0600]     0.0000 MB /   0.50 sec =    0.0000 Mbps     0 retrans  17165 KB-cwnd
[2024-11-05T16:30:25.854471-0600]     6.7500 MB /   0.50 sec =  113.4907 Mbps     0 retrans  16826 KB-cwnd
End time: 1730845826009
