Start time: 1730504601560
[2024-11-01T16:43:22.330936-0700] nuttcp-r: v8.1.4: socket
[2024-11-01T16:43:22.332504-0700] nuttcp-r: buflen=65536, nstream=1, port=5101 tcp
[2024-11-01T16:43:22.332645-0700] nuttcp-r: interval reporting every 0.50 seconds
[2024-11-01T16:43:22.332757-0700] nuttcp-r: connect to 161.188.33.234 with RTT=21.804 ms af=inet
[2024-11-01T16:43:22.332864-0700] nuttcp-r: send window size = 2097152, receive window size = 6291456
[2024-11-01T16:43:22.333097-0700] nuttcp-r: available send window = 1572864, available receive window = 4718592
[2024-11-01T16:43:22.333225-0700]     1.5000 MB /   0.50 sec =   25.1603 Mbps     0 retrans
[2024-11-01T16:43:22.830881-0700]     6.4375 MB /   0.50 sec =  108.0124 Mbps     0 retrans
[2024-11-01T16:43:23.331044-0700]     6.2500 MB /   0.50 sec =  104.8461 Mbps     0 retrans
[2024-11-01T16:43:23.831430-0700]     7.1875 MB /   0.50 sec =  120.5723 Mbps     0 retrans
[2024-11-01T16:43:24.330911-0700]     8.1875 MB /   0.50 sec =  137.3879 Mbps     0 retrans
[2024-11-01T16:43:24.830857-0700]     7.1250 MB /   0.50 sec =  119.5508 Mbps     0 retrans
[2024-11-01T16:43:25.330763-0700]     3.9375 MB /   0.50 sec =   66.0635 Mbps     0 retrans
[2024-11-01T16:43:25.831229-0700]     9.8125 MB /   0.50 sec =  164.4952 Mbps     0 retrans
[2024-11-01T16:43:26.330821-0700]    13.6250 MB /   0.50 sec =  228.7611 Mbps     0 retrans
[2024-11-01T16:43:26.831836-0700]    15.5000 MB /   0.50 sec =  259.5449 Mbps     0 retrans
[2024-11-01T16:43:27.330810-0700]    20.3750 MB /   0.50 sec =  342.5030 Mbps     0 retrans
[2024-11-01T16:43:27.831036-0700]    20.5625 MB /   0.50 sec =  344.9256 Mbps     0 retrans
[2024-11-01T16:43:28.330972-0700]    19.5625 MB /   0.50 sec =  328.1734 Mbps     0 retrans
[2024-11-01T16:43:28.830979-0700]     5.8750 MB /   0.50 sec =   98.5644 Mbps     0 retrans
[2024-11-01T16:43:29.331032-0700]    26.2500 MB /   0.50 sec =  440.3834 Mbps     0 retrans
[2024-11-01T16:43:29.831937-0700]    30.1875 MB /   0.50 sec =  505.5431 Mbps     0 retrans
[2024-11-01T16:43:30.331888-0700]    29.2500 MB /   0.50 sec =  490.7552 Mbps     0 retrans
[2024-11-01T16:43:30.830973-0700]    29.6250 MB /   0.50 sec =  498.0680 Mbps     0 retrans
[2024-11-01T16:43:31.332265-0700]    29.8125 MB /   0.50 sec =  498.7951 Mbps     0 retrans
[2024-11-01T16:43:31.830841-0700]    23.5625 MB /   0.50 sec =  396.3882 Mbps     0 retrans
[2024-11-01T16:43:32.330843-0700]    17.8125 MB /   0.50 sec =  298.8561 Mbps     0 retrans
[2024-11-01T16:43:32.830850-0700]    10.6875 MB /   0.50 sec =  179.3040 Mbps     0 retrans
[2024-11-01T16:43:33.330819-0700]    21.6875 MB /   0.50 sec =  363.8573 Mbps     0 retrans
[2024-11-01T16:43:33.830995-0700]    20.3125 MB /   0.50 sec =  340.6857 Mbps     0 retrans
[2024-11-01T16:43:34.331026-0700]    19.8750 MB /   0.50 sec =  333.4425 Mbps     0 retrans
[2024-11-01T16:43:34.830884-0700]    22.4375 MB /   0.50 sec =  376.5050 Mbps     0 retrans
[2024-11-01T16:43:35.330863-0700]    26.8750 MB /   0.50 sec =  450.9373 Mbps     0 retrans
[2024-11-01T16:43:35.830999-0700]    30.3750 MB /   0.50 sec =  509.4724 Mbps     0 retrans
[2024-11-01T16:43:36.331191-0700]    27.0000 MB /   0.50 sec =  452.8979 Mbps     0 retrans
[2024-11-01T16:43:36.832098-0700]    27.1875 MB /   0.50 sec =  455.2337 Mbps     0 retrans
[2024-11-01T16:43:37.330832-0700]    28.7500 MB /   0.50 sec =  483.5248 Mbps     0 retrans
[2024-11-01T16:43:37.830981-0700]    30.6875 MB /   0.50 sec =  514.8271 Mbps     0 retrans
[2024-11-01T16:43:38.330902-0700]    30.6875 MB /   0.50 sec =  514.8117 Mbps     0 retrans
[2024-11-01T16:43:38.830851-0700]    25.8125 MB /   0.50 sec =  433.1121 Mbps     0 retrans
[2024-11-01T16:43:39.330944-0700]    25.8750 MB /   0.50 sec =  434.0428 Mbps     0 retrans
[2024-11-01T16:43:39.830930-0700]    26.1250 MB /   0.50 sec =  438.3056 Mbps     0 retrans
[2024-11-01T16:43:40.330837-0700]    28.3750 MB /   0.50 sec =  476.1449 Mbps     0 retrans
[2024-11-01T16:43:40.830925-0700]    29.5000 MB /   0.50 sec =  494.8299 Mbps     0 retrans
[2024-11-01T16:43:41.330876-0700]    29.3125 MB /   0.50 sec =  491.8569 Mbps     0 retrans
[2024-11-01T16:43:41.830929-0700]    29.9375 MB /   0.50 sec =  502.2117 Mbps     0 retrans
[2024-11-01T16:43:42.331049-0700]    28.0000 MB /   0.50 sec =  469.8128 Mbps     0 retrans
[2024-11-01T16:43:42.830844-0700]    33.3750 MB /   0.50 sec =  559.9609 Mbps     0 retrans
[2024-11-01T16:43:43.330810-0700]    25.6250 MB /   0.50 sec =  429.9205 Mbps     0 retrans
[2024-11-01T16:43:43.831354-0700]    26.0625 MB /   0.50 sec =  437.1320 Mbps     0 retrans
[2024-11-01T16:43:44.330737-0700]    27.0000 MB /   0.50 sec =  453.1371 Mbps     0 retrans
[2024-11-01T16:43:44.830816-0700]    28.6250 MB /   0.50 sec =  480.2267 Mbps     0 retrans
[2024-11-01T16:43:45.330976-0700]    24.9375 MB /   0.50 sec =  418.3818 Mbps     0 retrans
[2024-11-01T16:43:45.830912-0700]    27.3750 MB /   0.50 sec =  459.2634 Mbps     0 retrans
[2024-11-01T16:43:46.330784-0700]    26.0625 MB /   0.50 sec =  437.2492 Mbps     0 retrans
[2024-11-01T16:43:46.830835-0700]    12.6250 MB /   0.50 sec =  211.8153 Mbps     0 retrans
[2024-11-01T16:43:47.330839-0700]    17.8750 MB /   0.50 sec =  299.8885 Mbps     0 retrans
[2024-11-01T16:43:47.830920-0700]    27.7500 MB /   0.50 sec =  465.4961 Mbps     0 retrans
[2024-11-01T16:43:48.330914-0700]    26.9375 MB /   0.50 sec =  451.9453 Mbps     0 retrans
[2024-11-01T16:43:48.830837-0700]    30.6875 MB /   0.50 sec =  514.9219 Mbps     0 retrans
[2024-11-01T16:43:49.330894-0700]    29.9375 MB /   0.50 sec =  502.2589 Mbps     0 retrans
[2024-11-01T16:43:49.831007-0700]    28.5625 MB /   0.50 sec =  479.0555 Mbps     0 retrans
[2024-11-01T16:43:50.330928-0700]    34.4375 MB /   0.50 sec =  577.9711 Mbps     0 retrans
[2024-11-01T16:43:50.830824-0700]    33.1250 MB /   0.50 sec =  555.7386 Mbps     0 retrans
[2024-11-01T16:43:51.331014-0700]    29.1875 MB /   0.50 sec =  489.6605 Mbps     0 retrans
[2024-11-01T16:43:51.830818-0700]    29.2500 MB /   0.50 sec =  490.7159 Mbps     0 retrans
[2024-11-01T16:43:52.330863-0700]    28.8750 MB /   0.50 sec =  484.4566 Mbps     0 retrans
[2024-11-01T16:43:52.830852-0700]    30.2500 MB /   0.50 sec =  507.5159 Mbps     0 retrans
[2024-11-01T16:43:53.330838-0700]    32.1875 MB /   0.50 sec =  540.0350 Mbps     0 retrans
[2024-11-01T16:43:53.830978-0700]    29.9375 MB /   0.50 sec =  502.1253 Mbps     0 retrans
[2024-11-01T16:43:54.330812-0700]    34.5625 MB /   0.50 sec =  580.0400 Mbps     0 retrans
[2024-11-01T16:43:54.830833-0700]    29.9375 MB /   0.50 sec =  502.2548 Mbps     0 retrans
[2024-11-01T16:43:55.330925-0700]    29.4375 MB /   0.50 sec =  493.8033 Mbps     0 retrans
[2024-11-01T16:43:55.830932-0700]    29.0625 MB /   0.50 sec =  487.5732 Mbps     0 retrans
[2024-11-01T16:43:56.330828-0700]    25.2500 MB /   0.50 sec =  423.7120 Mbps     0 retrans
[2024-11-01T16:43:56.830858-0700]    24.0625 MB /   0.50 sec =  403.6775 Mbps     0 retrans
[2024-11-01T16:43:57.330750-0700]    37.3125 MB /   0.50 sec =  626.0462 Mbps     0 retrans
[2024-11-01T16:43:57.830929-0700]    24.3125 MB /   0.50 sec =  407.8602 Mbps     0 retrans
[2024-11-01T16:43:58.330849-0700]    28.0625 MB /   0.50 sec =  470.8351 Mbps     0 retrans
[2024-11-01T16:43:58.830941-0700]    29.5000 MB /   0.50 sec =  494.9388 Mbps     0 retrans
[2024-11-01T16:43:59.330824-0700]    27.3125 MB /   0.50 sec =  458.2250 Mbps     0 retrans
[2024-11-01T16:43:59.830845-0700]    24.5000 MB /   0.50 sec =  411.0336 Mbps     0 retrans
[2024-11-01T16:44:00.330971-0700]     5.3125 MB /   0.50 sec =   89.1097 Mbps     0 retrans
[2024-11-01T16:44:00.830830-0700]    31.5000 MB /   0.50 sec =  528.6081 Mbps     0 retrans
[2024-11-01T16:44:01.330810-0700]    25.0625 MB /   0.50 sec =  420.4790 Mbps     0 retrans
[2024-11-01T16:44:01.830830-0700]    32.5625 MB /   0.50 sec =  546.2983 Mbps     0 retrans
[2024-11-01T16:44:02.330854-0700]    27.5000 MB /   0.50 sec =  461.3614 Mbps     0 retrans
[2024-11-01T16:44:02.830864-0700]    36.4375 MB /   0.50 sec =  611.3015 Mbps     0 retrans
[2024-11-01T16:44:03.330855-0700]    31.3750 MB /   0.50 sec =  526.3978 Mbps     0 retrans
[2024-11-01T16:44:03.830910-0700]    33.3750 MB /   0.50 sec =  559.8690 Mbps     0 retrans
[2024-11-01T16:44:04.330848-0700]    29.4375 MB /   0.50 sec =  493.9623 Mbps     0 retrans
[2024-11-01T16:44:04.830810-0700]    26.8125 MB /   0.50 sec =  449.8445 Mbps     0 retrans
[2024-11-01T16:44:05.330841-0700]    27.2500 MB /   0.50 sec =  457.1490 Mbps     0 retrans
[2024-11-01T16:44:05.830944-0700]    28.1250 MB /   0.50 sec =  471.7790 Mbps     0 retrans
[2024-11-01T16:44:06.330889-0700]    27.3750 MB /   0.50 sec =  459.3204 Mbps     0 retrans
[2024-11-01T16:44:06.830863-0700]    28.8750 MB /   0.50 sec =  484.4896 Mbps     0 retrans
[2024-11-01T16:44:07.330723-0700]    23.9375 MB /   0.50 sec =  401.6432 Mbps     0 retrans
[2024-11-01T16:44:07.831108-0700]    21.3750 MB /   0.50 sec =  358.4811 Mbps     0 retrans
[2024-11-01T16:44:08.330949-0700]     4.1250 MB /   0.50 sec =   69.2131 Mbps     0 retrans
[2024-11-01T16:44:08.830854-0700]    25.5000 MB /   0.50 sec =  427.8995 Mbps     0 retrans
[2024-11-01T16:44:09.330878-0700]    25.7500 MB /   0.50 sec =  431.9649 Mbps     0 retrans
[2024-11-01T16:44:09.831026-0700]    30.5625 MB /   0.50 sec =  512.6870 Mbps     0 retrans
[2024-11-01T16:44:10.330822-0700]    26.6875 MB /   0.50 sec =  447.8593 Mbps     0 retrans
[2024-11-01T16:44:10.830809-0700]    31.5625 MB /   0.50 sec =  529.5383 Mbps     0 retrans
[2024-11-01T16:44:11.330892-0700]    23.6875 MB /   0.50 sec =  397.3579 Mbps     0 retrans
[2024-11-01T16:44:11.830945-0700]    30.6875 MB /   0.50 sec =  514.8086 Mbps     0 retrans
[2024-11-01T16:44:12.330869-0700]    16.3750 MB /   0.50 sec =  274.7769 Mbps     0 retrans
[2024-11-01T16:44:12.830746-0700]    12.5000 MB /   0.50 sec =  209.7311 Mbps     0 retrans
[2024-11-01T16:44:13.330840-0700]    18.1875 MB /   0.50 sec =  305.1075 Mbps     0 retrans
[2024-11-01T16:44:13.830899-0700]    23.1250 MB /   0.50 sec =  387.9367 Mbps     0 retrans
[2024-11-01T16:44:14.330835-0700]    22.0625 MB /   0.50 sec =  370.1895 Mbps     0 retrans
[2024-11-01T16:44:14.830867-0700]    27.4375 MB /   0.50 sec =  460.2742 Mbps     0 retrans
[2024-11-01T16:44:15.330825-0700]    30.2500 MB /   0.50 sec =  507.5666 Mbps     0 retrans
[2024-11-01T16:44:15.830908-0700]    28.6250 MB /   0.50 sec =  480.1777 Mbps     0 retrans
[2024-11-01T16:44:16.330874-0700]    22.4375 MB /   0.50 sec =  376.4501 Mbps     0 retrans
[2024-11-01T16:44:16.830832-0700]    28.0625 MB /   0.50 sec =  470.8671 Mbps     0 retrans
[2024-11-01T16:44:17.330847-0700]    27.7500 MB /   0.50 sec =  465.5631 Mbps     0 retrans
[2024-11-01T16:44:17.831031-0700]    27.1250 MB /   0.50 sec =  454.9810 Mbps     0 retrans
[2024-11-01T16:44:18.330829-0700]    25.8750 MB /   0.50 sec =  434.2312 Mbps     0 retrans
[2024-11-01T16:44:18.830787-0700]    24.0625 MB /   0.50 sec =  403.6590 Mbps     0 retrans
[2024-11-01T16:44:19.330845-0700]    27.9375 MB /   0.50 sec =  468.7425 Mbps     0 retrans
[2024-11-01T16:44:19.830804-0700]    23.1875 MB /   0.50 sec =  389.0404 Mbps     0 retrans
[2024-11-01T16:44:20.330816-0700]    19.2500 MB /   0.50 sec =  322.9485 Mbps     0 retrans
[2024-11-01T16:44:20.830837-0700]    19.6875 MB /   0.50 sec =  330.2942 Mbps     0 retrans
[2024-11-01T16:44:21.330856-0700]    14.3750 MB /   0.50 sec =  241.1706 Mbps     0 retrans
[2024-11-01T16:44:21.830881-0700]    22.3125 MB /   0.50 sec =  374.3064 Mbps     0 retrans
[2024-11-01T16:44:22.330821-0700]    19.5625 MB /   0.50 sec =  328.2430 Mbps     0 retrans
[2024-11-01T16:44:22.830865-0700]    26.0625 MB /   0.50 sec =  437.2466 Mbps     0 retrans
[2024-11-01T16:44:23.330883-0700]    22.2500 MB /   0.50 sec =  373.2610 Mbps     0 retrans
[2024-11-01T16:44:23.830868-0700]    21.1250 MB /   0.50 sec =  354.4286 Mbps     0 retrans
[2024-11-01T16:44:24.330913-0700]    24.6250 MB /   0.50 sec =  413.1067 Mbps     0 retrans
[2024-11-01T16:44:24.830863-0700]    33.5000 MB /   0.50 sec =  562.0828 Mbps     0 retrans
[2024-11-01T16:44:25.330807-0700]    22.5000 MB /   0.50 sec =  377.5206 Mbps     0 retrans
[2024-11-01T16:44:25.830950-0700]    19.9375 MB /   0.50 sec =  334.4095 Mbps     0 retrans
[2024-11-01T16:44:26.330975-0700]    24.3750 MB /   0.50 sec =  409.0273 Mbps     0 retrans
[2024-11-01T16:44:26.830868-0700]    31.1875 MB /   0.50 sec =  523.2635 Mbps     0 retrans
[2024-11-01T16:44:27.330847-0700]    26.3125 MB /   0.50 sec =  441.4320 Mbps     0 retrans
[2024-11-01T16:44:27.830939-0700]    23.5000 MB /   0.50 sec =  394.2023 Mbps     0 retrans
[2024-11-01T16:44:28.330938-0700]    22.6875 MB /   0.50 sec =  380.6673 Mbps     0 retrans
[2024-11-01T16:44:28.830801-0700]    26.3125 MB /   0.50 sec =  441.5044 Mbps     0 retrans
[2024-11-01T16:44:29.330979-0700]    12.2500 MB /   0.50 sec =  205.4671 Mbps     0 retrans
[2024-11-01T16:44:29.830923-0700]    28.9375 MB /   0.50 sec =  485.5402 Mbps     0 retrans
[2024-11-01T16:44:30.330793-0700]    27.1875 MB /   0.50 sec =  456.2200 Mbps     0 retrans
[2024-11-01T16:44:30.831060-0700]    34.3750 MB /   0.50 sec =  576.4609 Mbps     0 retrans
[2024-11-01T16:44:31.330822-0700]    40.9375 MB /   0.50 sec =  687.0894 Mbps     0 retrans
[2024-11-01T16:44:31.831364-0700]    29.5625 MB /   0.50 sec =  495.4730 Mbps     0 retrans
[2024-11-01T16:44:32.330855-0700]    35.5625 MB /   0.50 sec =  597.2382 Mbps     0 retrans
[2024-11-01T16:44:32.831166-0700]    38.7500 MB /   0.50 sec =  650.0846 Mbps     0 retrans
[2024-11-01T16:44:33.330847-0700]    35.4375 MB /   0.50 sec =  594.5688 Mbps     0 retrans
[2024-11-01T16:44:33.831236-0700]    30.1875 MB /   0.50 sec =  506.2516 Mbps     0 retrans
[2024-11-01T16:44:34.330995-0700]    35.3750 MB /   0.50 sec =  593.5902 Mbps     0 retrans
[2024-11-01T16:44:34.830831-0700]    33.6250 MB /   0.50 sec =  564.2908 Mbps     0 retrans
[2024-11-01T16:44:35.331016-0700]    19.2500 MB /   0.50 sec =  322.8716 Mbps     0 retrans
[2024-11-01T16:44:35.830757-0700]    16.3750 MB /   0.50 sec =  274.8072 Mbps     0 retrans
[2024-11-01T16:44:36.330895-0700]    36.7500 MB /   0.50 sec =  616.4961 Mbps     0 retrans
[2024-11-01T16:44:36.830816-0700]    80.2500 MB /   0.50 sec = 1346.4982 Mbps     0 retrans
[2024-11-01T16:44:37.330804-0700]    56.5625 MB /   0.50 sec =  948.9727 Mbps     0 retrans
[2024-11-01T16:44:37.831009-0700]     2.4375 MB /   0.50 sec =   40.8803 Mbps     0 retrans
[2024-11-01T16:44:38.330907-0700]     3.6875 MB /   0.50 sec =   61.8780 Mbps     0 retrans
[2024-11-01T16:44:38.831000-0700]     0.0000 MB /   0.50 sec =    0.0000 Mbps     0 retrans
[2024-11-01T16:44:39.330869-0700]     0.0000 MB /   0.50 sec =    0.0000 Mbps     0 retrans
[2024-11-01T16:44:39.830909-0700]     7.4375 MB /   0.50 sec =  124.7663 Mbps     0 retrans
[2024-11-01T16:44:40.330857-0700]     1.4375 MB /   0.50 sec =   24.1203 Mbps     0 retrans
[2024-11-01T16:44:40.830846-0700]     2.1875 MB /   0.50 sec =   36.6995 Mbps     0 retrans
[2024-11-01T16:44:41.330888-0700]     1.6250 MB /   0.50 sec =   27.2607 Mbps     0 retrans
[2024-11-01T16:44:41.830944-0700]     2.2500 MB /   0.50 sec =   37.7449 Mbps     0 retrans
[2024-11-01T16:44:42.330873-0700]     2.1875 MB /   0.50 sec =   36.7087 Mbps     0 retrans
[2024-11-01T16:44:42.830803-0700]     2.0000 MB /   0.50 sec =   33.5554 Mbps     0 retrans
[2024-11-01T16:44:43.330863-0700]     3.5000 MB /   0.50 sec =   58.7186 Mbps     0 retrans
[2024-11-01T16:44:43.831000-0700]     4.5000 MB /   0.50 sec =   75.4984 Mbps     0 retrans
[2024-11-01T16:44:44.330874-0700]     6.1875 MB /   0.50 sec =  103.8045 Mbps     0 retrans
[2024-11-01T16:44:44.830865-0700]     7.7500 MB /   0.50 sec =  130.0247 Mbps     0 retrans
[2024-11-01T16:44:45.330837-0700]    11.1875 MB /   0.50 sec =  187.6966 Mbps     0 retrans
[2024-11-01T16:44:45.830956-0700]    13.7500 MB /   0.50 sec =  230.6401 Mbps     0 retrans
[2024-11-01T16:44:46.330864-0700]    18.6875 MB /   0.50 sec =  313.5876 Mbps     0 retrans
[2024-11-01T16:44:46.830755-0700]    21.0625 MB /   0.50 sec =  353.3913 Mbps     0 retrans
[2024-11-01T16:44:47.331011-0700]     9.6250 MB /   0.50 sec =  161.4710 Mbps     0 retrans
[2024-11-01T16:44:47.830876-0700]    21.1250 MB /   0.50 sec =  354.4003 Mbps     0 retrans
[2024-11-01T16:44:48.330900-0700]    22.5625 MB /   0.50 sec =  378.5057 Mbps     0 retrans
[2024-11-01T16:44:48.830848-0700]    31.1875 MB /   0.50 sec =  523.3116 Mbps     0 retrans
[2024-11-01T16:44:49.330846-0700]    27.5625 MB /   0.50 sec =  462.4266 Mbps     0 retrans
[2024-11-01T16:44:49.830884-0700]    30.3125 MB /   0.50 sec =  508.5248 Mbps     0 retrans
[2024-11-01T16:44:50.330959-0700]    27.2500 MB /   0.50 sec =  457.1865 Mbps     0 retrans
[2024-11-01T16:44:50.830881-0700]    29.4375 MB /   0.50 sec =  493.8813 Mbps     0 retrans
[2024-11-01T16:44:51.330819-0700]    28.4375 MB /   0.50 sec =  477.1326 Mbps     0 retrans
[2024-11-01T16:44:51.831125-0700]    21.8125 MB /   0.50 sec =  365.8755 Mbps     0 retrans
[2024-11-01T16:44:52.330759-0700]    26.1250 MB /   0.50 sec =  438.4179 Mbps     0 retrans
[2024-11-01T16:44:52.830822-0700]    22.3750 MB /   0.50 sec =  375.3707 Mbps     0 retrans
[2024-11-01T16:44:53.330840-0700]    26.6250 MB /   0.50 sec =  446.6889 Mbps     0 retrans
[2024-11-01T16:44:53.831034-0700]    20.5000 MB /   0.50 sec =  343.8119 Mbps     0 retrans
[2024-11-01T16:44:54.330838-0700]    27.4375 MB /   0.50 sec =  460.4851 Mbps     0 retrans
[2024-11-01T16:44:54.830918-0700]    24.7500 MB /   0.50 sec =  415.1771 Mbps     0 retrans
[2024-11-01T16:44:55.330969-0700]    22.6875 MB /   0.50 sec =  380.6019 Mbps     0 retrans
[2024-11-01T16:44:55.830993-0700]    24.5000 MB /   0.50 sec =  411.0007 Mbps     0 retrans
[2024-11-01T16:44:56.330847-0700]    29.8125 MB /   0.50 sec =  500.3369 Mbps     0 retrans
[2024-11-01T16:44:56.830849-0700]    30.0000 MB /   0.50 sec =  503.3145 Mbps     0 retrans
[2024-11-01T16:44:57.330904-0700]    29.1250 MB /   0.50 sec =  488.5641 Mbps     0 retrans
[2024-11-01T16:44:57.830789-0700]    31.5000 MB /   0.50 sec =  528.5669 Mbps     0 retrans
[2024-11-01T16:44:58.330867-0700]    12.4375 MB /   0.50 sec =  208.6587 Mbps     0 retrans
[2024-11-01T16:44:58.830844-0700]    21.1250 MB /   0.50 sec =  354.4137 Mbps     0 retrans
[2024-11-01T16:44:59.330932-0700]    22.0625 MB /   0.50 sec =  370.0955 Mbps     0 retrans
[2024-11-01T16:44:59.831139-0700]    20.5000 MB /   0.50 sec =  343.8167 Mbps     0 retrans
[2024-11-01T16:45:00.331088-0700]     2.9375 MB /   0.50 sec =   49.3008 Mbps     0 retrans
[2024-11-01T16:45:00.830892-0700]    16.3125 MB /   0.50 sec =  273.6909 Mbps     0 retrans
[2024-11-01T16:45:01.330879-0700]    14.4375 MB /   0.50 sec =  242.2157 Mbps     0 retrans
[2024-11-01T16:45:01.831017-0700]    21.5000 MB /   0.50 sec =  360.6467 Mbps     0 retrans
[2024-11-01T16:45:02.330911-0700]    16.9375 MB /   0.50 sec =  284.2312 Mbps     0 retrans
[2024-11-01T16:45:02.830892-0700]     8.5625 MB /   0.50 sec =  143.6489 Mbps     0 retrans
[2024-11-01T16:45:03.330758-0700]    16.3750 MB /   0.50 sec =  274.7731 Mbps     0 retrans
[2024-11-01T16:45:03.831090-0700]    13.4375 MB /   0.50 sec =  225.3523 Mbps     0 retrans
[2024-11-01T16:45:04.330814-0700]     3.6250 MB /   0.50 sec =   60.8399 Mbps     0 retrans
[2024-11-01T16:45:04.830877-0700]     9.1875 MB /   0.50 sec =  154.1311 Mbps     0 retrans
[2024-11-01T16:45:05.330948-0700]    11.3125 MB /   0.50 sec =  189.7740 Mbps     0 retrans
[2024-11-01T16:45:05.830994-0700]    10.2500 MB /   0.50 sec =  171.9427 Mbps     0 retrans
[2024-11-01T16:45:06.330834-0700]     5.8125 MB /   0.50 sec =   97.5462 Mbps     0 retrans
[2024-11-01T16:45:06.830852-0700]    10.1875 MB /   0.50 sec =  170.9107 Mbps     0 retrans
[2024-11-01T16:45:07.331129-0700]    13.2500 MB /   0.50 sec =  222.2506 Mbps     0 retrans
[2024-11-01T16:45:07.830902-0700]    14.1875 MB /   0.50 sec =  238.0553 Mbps     0 retrans
[2024-11-01T16:45:08.330765-0700]    11.5000 MB /   0.50 sec =  192.9735 Mbps     0 retrans
[2024-11-01T16:45:08.830797-0700]    11.0000 MB /   0.50 sec =  184.5346 Mbps     0 retrans
[2024-11-01T16:45:09.330892-0700]    12.0000 MB /   0.50 sec =  201.3222 Mbps     0 retrans
[2024-11-01T16:45:09.830895-0700]    12.4375 MB /   0.50 sec =  208.6478 Mbps     0 retrans
[2024-11-01T16:45:10.331036-0700]    10.6250 MB /   0.50 sec =  178.2262 Mbps     0 retrans
[2024-11-01T16:45:10.830828-0700]    13.8125 MB /   0.50 sec =  231.8085 Mbps     0 retrans
[2024-11-01T16:45:11.330908-0700]    10.1875 MB /   0.50 sec =  170.8916 Mbps     0 retrans
[2024-11-01T16:45:11.830851-0700]     9.6875 MB /   0.50 sec =  162.5429 Mbps     0 retrans
[2024-11-01T16:45:12.330917-0700]     9.7500 MB /   0.50 sec =  163.5641 Mbps     0 retrans
[2024-11-01T16:45:12.830797-0700]     8.2500 MB /   0.50 sec =  138.4350 Mbps     0 retrans
[2024-11-01T16:45:13.330867-0700]     9.2500 MB /   0.50 sec =  155.1796 Mbps     0 retrans
[2024-11-01T16:45:13.830922-0700]     9.2500 MB /   0.50 sec =  155.1694 Mbps     0 retrans
[2024-11-01T16:45:14.330910-0700]     7.1250 MB /   0.50 sec =  119.5393 Mbps     0 retrans
[2024-11-01T16:45:14.830941-0700]     2.1875 MB /   0.50 sec =   36.7002 Mbps     0 retrans
[2024-11-01T16:45:15.330887-0700]     8.8750 MB /   0.50 sec =  148.9103 Mbps     0 retrans
[2024-11-01T16:45:15.830889-0700]     8.8750 MB /   0.50 sec =  148.8895 Mbps     0 retrans
[2024-11-01T16:45:16.330820-0700]     4.3750 MB /   0.50 sec =   73.4110 Mbps     0 retrans
[2024-11-01T16:45:16.830826-0700]     4.7500 MB /   0.50 sec =   79.6926 Mbps     0 retrans
[2024-11-01T16:45:17.330834-0700]     4.4375 MB /   0.50 sec =   74.4461 Mbps     0 retrans
[2024-11-01T16:45:17.830961-0700]    12.1875 MB /   0.50 sec =  204.4261 Mbps     0 retrans
[2024-11-01T16:45:18.330891-0700]    12.0625 MB /   0.50 sec =  202.3986 Mbps     0 retrans
[2024-11-01T16:45:18.830848-0700]    12.3750 MB /   0.50 sec =  207.6413 Mbps     0 retrans
[2024-11-01T16:45:19.330936-0700]    15.5625 MB /   0.50 sec =  261.0505 Mbps     0 retrans
[2024-11-01T16:45:19.830777-0700]    16.1875 MB /   0.50 sec =  271.6409 Mbps     0 retrans
[2024-11-01T16:45:20.330904-0700]    20.0000 MB /   0.50 sec =  335.5101 Mbps     0 retrans
[2024-11-01T16:45:20.830995-0700]    20.6250 MB /   0.50 sec =  346.0495 Mbps     0 retrans
[2024-11-01T16:45:21.330837-0700]    21.1250 MB /   0.50 sec =  354.4215 Mbps     0 retrans
[2024-11-01T16:45:21.830916-0700]    22.3750 MB /   0.50 sec =  375.3925 Mbps     0 retrans
[2024-11-01T16:45:22.330828-0700]    28.3750 MB /   0.50 sec =  476.0497 Mbps     0 retrans
End time: 1730504722710
