Start time: 1730504733064
[2024-11-01T16:45:34.566619-0700] nuttcp-t: v8.1.4: socket
[2024-11-01T16:45:34.567713-0700] nuttcp-t: buflen=65536, nstream=1, port=5101 tcp -> 161.188.33.234
[2024-11-01T16:45:34.567819-0700] nuttcp-t: time limit = 120.00 seconds
[2024-11-01T16:45:34.567898-0700] nuttcp-t: connect to 161.188.33.234 with mss=1376, RTT=217.801 ms af=inet
[2024-11-01T16:45:34.567974-0700] nuttcp-t: send window size = 2097152, receive window size = 6291456
[2024-11-01T16:45:34.568051-0700] nuttcp-t: available send window = 1572864, available receive window = 4718592
[2024-11-01T16:45:34.568123-0700] nuttcp-t: initial congestion window = 13 KB (10 packets)
[2024-11-01T16:45:34.568195-0700] nuttcp-r: v6.1.2: socket
[2024-11-01T16:45:34.568267-0700] nuttcp-r: buflen=65536, nstream=1, port=5101 tcp
[2024-11-01T16:45:34.568346-0700] nuttcp-r: interval reporting every 0.50 seconds
[2024-11-01T16:45:34.568419-0700] nuttcp-r: accept from 174.218.103.182
[2024-11-01T16:45:34.568490-0700] nuttcp-r: send window size = 450000000, receive window size = 450000000
[2024-11-01T16:45:34.568561-0700] nuttcp-r: available send window = 225000000, available receive window = 225000000
[2024-11-01T16:45:34.568643-0700]     1.1875 MB /   0.50 sec =   19.9219 Mbps     0 retrans   3096 KB-cwnd
[2024-11-01T16:45:34.568715-0700]     1.6250 MB /   0.50 sec =   27.2609 Mbps     0 retrans   3096 KB-cwnd
[2024-11-01T16:45:35.234826-0700]     1.8750 MB /   0.50 sec =   31.4604 Mbps     0 retrans   3538 KB-cwnd
[2024-11-01T16:45:36.382480-0700]     2.0000 MB /   0.50 sec =   33.5450 Mbps     4 retrans   2836 KB-cwnd
[2024-11-01T16:45:36.382758-0700]     0.6875 MB /   0.50 sec =   11.5370 Mbps     0 retrans   2836 KB-cwnd
[2024-11-01T16:45:37.220801-0700]     2.4375 MB /   0.50 sec =   40.8963 Mbps     0 retrans   2844 KB-cwnd
[2024-11-01T16:45:37.221172-0700]     1.6250 MB /   0.50 sec =   27.2631 Mbps     0 retrans   2844 KB-cwnd
[2024-11-01T16:45:38.141706-0700]     1.5000 MB /   0.50 sec =   25.1639 Mbps     0 retrans   2844 KB-cwnd
[2024-11-01T16:45:38.142035-0700]     1.4375 MB /   0.50 sec =   24.1186 Mbps     0 retrans   2844 KB-cwnd
[2024-11-01T16:45:39.218445-0700]     1.2500 MB /   0.50 sec =   20.9664 Mbps     0 retrans   2844 KB-cwnd
[2024-11-01T16:45:39.218931-0700]     1.2500 MB /   0.50 sec =   20.9779 Mbps     0 retrans   2844 KB-cwnd
[2024-11-01T16:45:40.381693-0700]     1.0625 MB /   0.50 sec =   17.8246 Mbps     0 retrans   2844 KB-cwnd
[2024-11-01T16:45:40.382065-0700]     1.2500 MB /   0.50 sec =   20.9713 Mbps     0 retrans   2844 KB-cwnd
[2024-11-01T16:45:41.336909-0700]     1.1875 MB /   0.50 sec =   19.9241 Mbps     0 retrans   2844 KB-cwnd
[2024-11-01T16:45:41.337437-0700]     1.2500 MB /   0.50 sec =   20.9706 Mbps     0 retrans   2844 KB-cwnd
[2024-11-01T16:45:42.354352-0700]     1.4375 MB /   0.50 sec =   24.1111 Mbps     3 retrans   2274 KB-cwnd
[2024-11-01T16:45:42.354788-0700]     0.0000 MB /   0.50 sec =    0.0000 Mbps     0 retrans   2274 KB-cwnd
[2024-11-01T16:45:43.366280-0700]     2.6875 MB /   0.50 sec =   45.0899 Mbps     0 retrans   2274 KB-cwnd
[2024-11-01T16:45:43.366741-0700]     1.2500 MB /   0.50 sec =   20.9763 Mbps     0 retrans   2274 KB-cwnd
[2024-11-01T16:45:44.428791-0700]     1.4375 MB /   0.50 sec =   24.1113 Mbps     0 retrans   2274 KB-cwnd
[2024-11-01T16:45:44.429318-0700]     1.1875 MB /   0.50 sec =   19.9229 Mbps     0 retrans   2274 KB-cwnd
[2024-11-01T16:45:45.443575-0700]     1.1875 MB /   0.50 sec =   19.9277 Mbps     0 retrans   2274 KB-cwnd
[2024-11-01T16:45:45.443993-0700]     1.3125 MB /   0.50 sec =   22.0146 Mbps     0 retrans   2274 KB-cwnd
[2024-11-01T16:45:46.350236-0700]     1.3750 MB /   0.50 sec =   23.0743 Mbps     0 retrans   2274 KB-cwnd
[2024-11-01T16:45:46.350418-0700]     1.5000 MB /   0.50 sec =   25.1600 Mbps     0 retrans   2274 KB-cwnd
[2024-11-01T16:45:46.879875-0700]     1.3125 MB /   0.50 sec =   22.0210 Mbps     0 retrans   2304 KB-cwnd
[2024-11-01T16:45:47.056029-0700]     4.5625 MB /   0.50 sec =   76.5655 Mbps     0 retrans   2500 KB-cwnd
[2024-11-01T16:45:47.970795-0700]     3.6250 MB /   0.50 sec =   60.8144 Mbps     0 retrans   2500 KB-cwnd
[2024-11-01T16:45:48.819130-0700]     2.8125 MB /   0.50 sec =   47.1865 Mbps    14 retrans   2000 KB-cwnd
[2024-11-01T16:45:48.819287-0700]     0.4375 MB /   0.50 sec =    7.3385 Mbps     0 retrans   2000 KB-cwnd
[2024-11-01T16:45:49.055018-0700]    12.1250 MB /   0.50 sec =  203.4661 Mbps     3 retrans   2246 KB-cwnd
[2024-11-01T16:45:49.551530-0700]    22.2500 MB /   0.50 sec =  373.2945 Mbps     0 retrans   3535 KB-cwnd
[2024-11-01T16:45:50.085224-0700]    25.2500 MB /   0.50 sec =  423.6408 Mbps     0 retrans   4142 KB-cwnd
[2024-11-01T16:45:50.730013-0700]    23.6875 MB /   0.50 sec =  397.3920 Mbps     0 retrans   4473 KB-cwnd
[2024-11-01T16:45:51.079744-0700]    11.4375 MB /   0.50 sec =  191.8898 Mbps     0 retrans   4473 KB-cwnd
[2024-11-01T16:45:51.586473-0700]    18.9375 MB /   0.50 sec =  317.7325 Mbps     0 retrans   4473 KB-cwnd
[2024-11-01T16:45:52.047738-0700]    21.5000 MB /   0.50 sec =  360.5991 Mbps     0 retrans   4473 KB-cwnd
[2024-11-01T16:45:52.561039-0700]    25.4375 MB /   0.50 sec =  426.8789 Mbps     0 retrans   4473 KB-cwnd
[2024-11-01T16:45:53.206798-0700]    13.7500 MB /   0.50 sec =  230.6904 Mbps     0 retrans   4473 KB-cwnd
[2024-11-01T16:45:53.723265-0700]     3.3125 MB /   0.50 sec =   55.5581 Mbps     0 retrans   4559 KB-cwnd
[2024-11-01T16:45:54.095807-0700]    14.0625 MB /   0.50 sec =  236.0080 Mbps     0 retrans   4816 KB-cwnd
[2024-11-01T16:45:54.630972-0700]    10.9375 MB /   0.50 sec =  183.4502 Mbps     0 retrans   4816 KB-cwnd
[2024-11-01T16:45:55.064753-0700]    15.2500 MB /   0.50 sec =  255.9135 Mbps     0 retrans   4816 KB-cwnd
[2024-11-01T16:45:55.577942-0700]    18.8125 MB /   0.50 sec =  315.6334 Mbps     0 retrans   4816 KB-cwnd
[2024-11-01T16:45:56.035471-0700]    18.1250 MB /   0.50 sec =  304.0044 Mbps     0 retrans   4816 KB-cwnd
[2024-11-01T16:45:56.579550-0700]    16.0625 MB /   0.50 sec =  269.5476 Mbps     0 retrans   4816 KB-cwnd
[2024-11-01T16:45:57.070715-0700]    16.7500 MB /   0.50 sec =  280.9869 Mbps     0 retrans   4816 KB-cwnd
[2024-11-01T16:45:57.598809-0700]    19.0000 MB /   0.50 sec =  318.7983 Mbps     0 retrans   4816 KB-cwnd
[2024-11-01T16:45:58.048757-0700]    13.6875 MB /   0.50 sec =  229.6404 Mbps     0 retrans   4816 KB-cwnd
[2024-11-01T16:45:58.636813-0700]     6.2500 MB /   0.50 sec =  104.8566 Mbps     0 retrans   4816 KB-cwnd
[2024-11-01T16:45:59.294821-0700]     5.1875 MB /   0.50 sec =   87.0069 Mbps     0 retrans   4816 KB-cwnd
[2024-11-01T16:45:59.663517-0700]     3.8750 MB /   0.50 sec =   65.0299 Mbps     0 retrans   4816 KB-cwnd
[2024-11-01T16:46:00.094783-0700]     7.4375 MB /   0.50 sec =  124.7813 Mbps     0 retrans   4816 KB-cwnd
[2024-11-01T16:46:00.532617-0700]    13.1875 MB /   0.50 sec =  221.2491 Mbps     0 retrans   4816 KB-cwnd
[2024-11-01T16:46:01.036573-0700]     8.2500 MB /   0.50 sec =  138.4120 Mbps     0 retrans   4816 KB-cwnd
[2024-11-01T16:46:01.600854-0700]     4.8750 MB /   0.50 sec =   81.7879 Mbps     0 retrans   4816 KB-cwnd
[2024-11-01T16:46:02.076881-0700]     5.5000 MB /   0.50 sec =   92.2741 Mbps     0 retrans   4816 KB-cwnd
[2024-11-01T16:46:02.722685-0700]     4.3750 MB /   0.50 sec =   73.4050 Mbps     0 retrans   4816 KB-cwnd
[2024-11-01T16:46:03.032767-0700]     3.9375 MB /   0.50 sec =   66.0567 Mbps     0 retrans   4816 KB-cwnd
[2024-11-01T16:46:03.528797-0700]     8.4375 MB /   0.50 sec =  141.5654 Mbps     0 retrans   4816 KB-cwnd
[2024-11-01T16:46:04.154982-0700]     8.3125 MB /   0.50 sec =  139.4614 Mbps     0 retrans   4816 KB-cwnd
[2024-11-01T16:46:04.691482-0700]    11.5625 MB /   0.50 sec =  193.9788 Mbps     0 retrans   4816 KB-cwnd
[2024-11-01T16:46:05.216870-0700]     8.0625 MB /   0.50 sec =  135.2644 Mbps     0 retrans   4816 KB-cwnd
[2024-11-01T16:46:05.768683-0700]     5.7500 MB /   0.50 sec =   96.4688 Mbps     0 retrans   4816 KB-cwnd
[2024-11-01T16:46:06.215047-0700]     5.9375 MB /   0.50 sec =   99.6157 Mbps     0 retrans   4816 KB-cwnd
[2024-11-01T16:46:06.704532-0700]     7.3125 MB /   0.50 sec =  122.6594 Mbps     0 retrans   4816 KB-cwnd
[2024-11-01T16:46:07.056847-0700]     7.7500 MB /   0.50 sec =  130.0492 Mbps     0 retrans   4816 KB-cwnd
[2024-11-01T16:46:07.646646-0700]     7.3125 MB /   0.50 sec =  122.6817 Mbps     0 retrans   4816 KB-cwnd
[2024-11-01T16:46:08.195058-0700]     6.8750 MB /   0.50 sec =  115.3171 Mbps     0 retrans   4816 KB-cwnd
[2024-11-01T16:46:08.530646-0700]     8.1250 MB /   0.50 sec =  136.3503 Mbps     0 retrans   4816 KB-cwnd
[2024-11-01T16:46:09.072588-0700]    10.3750 MB /   0.50 sec =  174.0121 Mbps     0 retrans   4816 KB-cwnd
[2024-11-01T16:46:09.597199-0700]     8.5625 MB /   0.50 sec =  143.6555 Mbps     0 retrans   4816 KB-cwnd
[2024-11-01T16:46:10.234909-0700]     4.5625 MB /   0.50 sec =   76.5650 Mbps     0 retrans   4816 KB-cwnd
[2024-11-01T16:46:10.591076-0700]     3.7500 MB /   0.50 sec =   62.9185 Mbps     0 retrans   4816 KB-cwnd
[2024-11-01T16:46:11.186847-0700]     4.7500 MB /   0.50 sec =   79.6880 Mbps     0 retrans   4816 KB-cwnd
[2024-11-01T16:46:11.878872-0700]     3.8750 MB /   0.50 sec =   65.0118 Mbps     0 retrans   4816 KB-cwnd
[2024-11-01T16:46:12.136790-0700]     4.3125 MB /   0.50 sec =   72.3549 Mbps     0 retrans   4816 KB-cwnd
[2024-11-01T16:46:12.808540-0700]     4.8125 MB /   0.50 sec =   80.7363 Mbps     0 retrans   4816 KB-cwnd
[2024-11-01T16:46:13.247044-0700]     3.2500 MB /   0.50 sec =   54.5262 Mbps     0 retrans   4816 KB-cwnd
[2024-11-01T16:46:13.529451-0700]     3.8750 MB /   0.50 sec =   65.0108 Mbps     0 retrans   4816 KB-cwnd
[2024-11-01T16:46:14.053028-0700]     5.1875 MB /   0.50 sec =   87.0308 Mbps     0 retrans   4816 KB-cwnd
[2024-11-01T16:46:14.865732-0700]     3.3125 MB /   0.50 sec =   55.5605 Mbps     0 retrans   4816 KB-cwnd
[2024-11-01T16:46:15.278604-0700]     3.1250 MB /   0.50 sec =   52.4291 Mbps     0 retrans   4816 KB-cwnd
[2024-11-01T16:46:15.692689-0700]     3.1250 MB /   0.50 sec =   52.4432 Mbps     0 retrans   4816 KB-cwnd
[2024-11-01T16:46:16.191282-0700]     5.3750 MB /   0.50 sec =   90.1779 Mbps     0 retrans   4816 KB-cwnd
[2024-11-01T16:46:16.697660-0700]     4.6250 MB /   0.50 sec =   77.5943 Mbps     0 retrans   4816 KB-cwnd
[2024-11-01T16:46:17.115166-0700]     6.6875 MB /   0.50 sec =  112.1994 Mbps     0 retrans   4816 KB-cwnd
[2024-11-01T16:46:17.598773-0700]     8.2500 MB /   0.50 sec =  138.4090 Mbps     0 retrans   4816 KB-cwnd
[2024-11-01T16:46:18.061071-0700]     6.7500 MB /   0.50 sec =  113.2476 Mbps     0 retrans   4816 KB-cwnd
[2024-11-01T16:46:18.579149-0700]     5.3750 MB /   0.50 sec =   90.1532 Mbps     0 retrans   4816 KB-cwnd
[2024-11-01T16:46:19.072756-0700]     5.3125 MB /   0.50 sec =   89.1302 Mbps     0 retrans   4816 KB-cwnd
[2024-11-01T16:46:19.657231-0700]     7.3750 MB /   0.50 sec =  123.7639 Mbps     0 retrans   4816 KB-cwnd
[2024-11-01T16:46:20.059518-0700]     7.2500 MB /   0.50 sec =  121.6334 Mbps     0 retrans   4816 KB-cwnd
[2024-11-01T16:46:20.750046-0700]     3.8750 MB /   0.50 sec =   65.0076 Mbps     0 retrans   4816 KB-cwnd
[2024-11-01T16:46:21.150954-0700]     3.4375 MB /   0.50 sec =   57.6753 Mbps     0 retrans   4816 KB-cwnd
[2024-11-01T16:46:21.622790-0700]     2.8125 MB /   0.50 sec =   47.1863 Mbps     0 retrans   4816 KB-cwnd
[2024-11-01T16:46:22.126723-0700]     2.7500 MB /   0.50 sec =   46.1368 Mbps     0 retrans   4816 KB-cwnd
[2024-11-01T16:46:22.814955-0700]     3.3750 MB /   0.50 sec =   56.6097 Mbps     0 retrans   4816 KB-cwnd
[2024-11-01T16:46:23.130730-0700]     4.1875 MB /   0.50 sec =   70.2703 Mbps     0 retrans   4816 KB-cwnd
[2024-11-01T16:46:23.733114-0700]     4.7500 MB /   0.50 sec =   79.6938 Mbps     0 retrans   4816 KB-cwnd
[2024-11-01T16:46:24.123205-0700]     3.7500 MB /   0.50 sec =   62.8977 Mbps     0 retrans   4816 KB-cwnd
[2024-11-01T16:46:24.862207-0700]     3.5625 MB /   0.50 sec =   59.7852 Mbps     0 retrans   4816 KB-cwnd
[2024-11-01T16:46:25.255077-0700]     3.5625 MB /   0.50 sec =   59.7627 Mbps     0 retrans   4816 KB-cwnd
[2024-11-01T16:46:25.764646-0700]     4.3750 MB /   0.50 sec =   73.4052 Mbps     0 retrans   4816 KB-cwnd
[2024-11-01T16:46:26.062984-0700]     4.9375 MB /   0.50 sec =   82.8382 Mbps     0 retrans   4816 KB-cwnd
[2024-11-01T16:46:26.664867-0700]     9.0625 MB /   0.50 sec =  152.0475 Mbps     0 retrans   4816 KB-cwnd
[2024-11-01T16:46:27.521022-0700]     4.8750 MB /   0.50 sec =   81.7876 Mbps     0 retrans   4816 KB-cwnd
[2024-11-01T16:46:28.086692-0700]     2.5625 MB /   0.50 sec =   42.9838 Mbps     0 retrans   4816 KB-cwnd
[2024-11-01T16:46:28.087262-0700]     2.3750 MB /   0.50 sec =   39.8429 Mbps     0 retrans   4816 KB-cwnd
[2024-11-01T16:46:28.542636-0700]     2.8125 MB /   0.50 sec =   47.1977 Mbps     0 retrans   4816 KB-cwnd
[2024-11-01T16:46:29.447172-0700]     3.1875 MB /   0.50 sec =   53.4809 Mbps     0 retrans   4816 KB-cwnd
[2024-11-01T16:46:30.080690-0700]     2.6250 MB /   0.50 sec =   44.0378 Mbps     0 retrans   4816 KB-cwnd
[2024-11-01T16:46:30.081278-0700]     2.0625 MB /   0.50 sec =   34.6042 Mbps     0 retrans   4816 KB-cwnd
[2024-11-01T16:46:30.846933-0700]     3.3750 MB /   0.50 sec =   56.6069 Mbps     0 retrans   4816 KB-cwnd
[2024-11-01T16:46:31.416609-0700]     3.5000 MB /   0.50 sec =   58.7351 Mbps     0 retrans   4816 KB-cwnd
[2024-11-01T16:46:32.174848-0700]     1.9375 MB /   0.50 sec =   32.5061 Mbps     0 retrans   4816 KB-cwnd
[2024-11-01T16:46:32.175339-0700]     1.8125 MB /   0.50 sec =   30.4083 Mbps     0 retrans   4816 KB-cwnd
[2024-11-01T16:46:32.850724-0700]     1.8125 MB /   0.50 sec =   30.4010 Mbps     0 retrans   4816 KB-cwnd
[2024-11-01T16:46:33.290490-0700]     2.3750 MB /   0.50 sec =   39.8565 Mbps     0 retrans   4816 KB-cwnd
[2024-11-01T16:46:33.696480-0700]     3.1250 MB /   0.50 sec =   52.4275 Mbps     0 retrans   4816 KB-cwnd
[2024-11-01T16:46:34.111374-0700]     3.3125 MB /   0.50 sec =   55.5764 Mbps     0 retrans   4816 KB-cwnd
[2024-11-01T16:46:34.567515-0700]     3.0000 MB /   0.50 sec =   50.3334 Mbps     0 retrans   4816 KB-cwnd
[2024-11-01T16:46:35.113263-0700]     2.3750 MB /   0.50 sec =   39.8444 Mbps     0 retrans   4816 KB-cwnd
[2024-11-01T16:46:35.552834-0700]     2.8125 MB /   0.50 sec =   47.1764 Mbps     0 retrans   4816 KB-cwnd
[2024-11-01T16:46:36.412660-0700]     3.4375 MB /   0.50 sec =   57.6703 Mbps     0 retrans   4816 KB-cwnd
[2024-11-01T16:46:36.800676-0700]     3.0000 MB /   0.50 sec =   50.3431 Mbps     0 retrans   4816 KB-cwnd
[2024-11-01T16:46:37.410802-0700]     3.0000 MB /   0.50 sec =   50.3307 Mbps     0 retrans   4816 KB-cwnd
[2024-11-01T16:46:37.797513-0700]     2.3750 MB /   0.50 sec =   39.8378 Mbps     0 retrans   4816 KB-cwnd
[2024-11-01T16:46:38.133730-0700]     3.3750 MB /   0.50 sec =   56.6210 Mbps     0 retrans   4816 KB-cwnd
[2024-11-01T16:46:38.949195-0700]     4.2500 MB /   0.50 sec =   71.3214 Mbps     0 retrans   4816 KB-cwnd
[2024-11-01T16:46:39.462875-0700]     2.8750 MB /   0.50 sec =   48.2360 Mbps     0 retrans   4816 KB-cwnd
[2024-11-01T16:46:40.178594-0700]     2.5625 MB /   0.50 sec =   42.9903 Mbps     0 retrans   4816 KB-cwnd
[2024-11-01T16:46:40.178958-0700]     1.6250 MB /   0.50 sec =   27.2563 Mbps     0 retrans   4816 KB-cwnd
[2024-11-01T16:46:41.078155-0700]     2.1875 MB /   0.50 sec =   36.6991 Mbps     0 retrans   4816 KB-cwnd
[2024-11-01T16:46:41.078796-0700]     1.0000 MB /   0.50 sec =   16.7770 Mbps     0 retrans   4816 KB-cwnd
[2024-11-01T16:46:42.388785-0700]     0.3750 MB /   0.50 sec =    6.2920 Mbps     2 retrans   3851 KB-cwnd
[2024-11-01T16:46:42.389484-0700]     0.0000 MB /   0.50 sec =    0.0000 Mbps     0 retrans   3851 KB-cwnd
[2024-11-01T16:46:43.810921-0700]     2.7500 MB /   0.50 sec =   46.1463 Mbps     0 retrans   3851 KB-cwnd
[2024-11-01T16:46:43.811470-0700]     0.8750 MB /   0.50 sec =   14.6754 Mbps     0 retrans   3851 KB-cwnd
[2024-11-01T16:46:43.811736-0700]     1.0000 MB /   0.50 sec =   16.7792 Mbps     0 retrans   3851 KB-cwnd
[2024-11-01T16:46:45.080607-0700]     0.9375 MB /   0.50 sec =   15.7285 Mbps     0 retrans   3851 KB-cwnd
[2024-11-01T16:46:45.081115-0700]     1.0625 MB /   0.50 sec =   17.8298 Mbps     0 retrans   3851 KB-cwnd
[2024-11-01T16:46:45.081272-0700]     1.0625 MB /   0.50 sec =   17.8258 Mbps     0 retrans   3851 KB-cwnd
[2024-11-01T16:46:46.342777-0700]     1.0625 MB /   0.50 sec =   17.8257 Mbps     0 retrans   3851 KB-cwnd
[2024-11-01T16:46:46.342986-0700]     1.0625 MB /   0.50 sec =   17.8260 Mbps     0 retrans   3851 KB-cwnd
[2024-11-01T16:46:47.034592-0700]     1.1875 MB /   0.50 sec =   19.9235 Mbps     0 retrans   3851 KB-cwnd
[2024-11-01T16:46:47.034982-0700]     2.1250 MB /   0.50 sec =   35.6494 Mbps     0 retrans   3851 KB-cwnd
[2024-11-01T16:46:47.640775-0700]     2.1875 MB /   0.50 sec =   36.7010 Mbps     0 retrans   3851 KB-cwnd
[2024-11-01T16:46:48.261047-0700]     2.1250 MB /   0.50 sec =   35.6518 Mbps     0 retrans   3851 KB-cwnd
[2024-11-01T16:46:48.836572-0700]     2.1250 MB /   0.50 sec =   35.6515 Mbps     0 retrans   3851 KB-cwnd
[2024-11-01T16:46:49.352928-0700]     2.5625 MB /   0.50 sec =   42.9908 Mbps     0 retrans   3851 KB-cwnd
[2024-11-01T16:46:49.942859-0700]     2.5000 MB /   0.50 sec =   41.9440 Mbps     0 retrans   3851 KB-cwnd
[2024-11-01T16:46:50.486877-0700]     2.5000 MB /   0.50 sec =   41.9426 Mbps     0 retrans   3851 KB-cwnd
[2024-11-01T16:46:51.184898-0700]     2.1250 MB /   0.50 sec =   35.6517 Mbps     0 retrans   3851 KB-cwnd
[2024-11-01T16:46:51.185542-0700]     2.0000 MB /   0.50 sec =   33.5526 Mbps     0 retrans   3851 KB-cwnd
[2024-11-01T16:46:51.952824-0700]     1.6875 MB /   0.50 sec =   28.3129 Mbps     0 retrans   3851 KB-cwnd
[2024-11-01T16:46:52.361593-0700]     2.0000 MB /   0.50 sec =   33.5548 Mbps     0 retrans   3851 KB-cwnd
[2024-11-01T16:46:52.708846-0700]     3.5625 MB /   0.50 sec =   59.7688 Mbps     0 retrans   3851 KB-cwnd
[2024-11-01T16:46:53.306725-0700]     3.0625 MB /   0.50 sec =   51.3787 Mbps     0 retrans   3851 KB-cwnd
[2024-11-01T16:46:53.885272-0700]     1.8750 MB /   0.50 sec =   31.4583 Mbps     0 retrans   3851 KB-cwnd
[2024-11-01T16:46:54.412812-0700]     2.5625 MB /   0.50 sec =   42.9907 Mbps     0 retrans   3851 KB-cwnd
[2024-11-01T16:46:55.194650-0700]     2.4375 MB /   0.50 sec =   40.8945 Mbps     0 retrans   3851 KB-cwnd
[2024-11-01T16:46:55.195210-0700]     1.6875 MB /   0.50 sec =   28.3126 Mbps     0 retrans   3851 KB-cwnd
[2024-11-01T16:46:55.808562-0700]     2.2500 MB /   0.50 sec =   37.7479 Mbps     0 retrans   3851 KB-cwnd
[2024-11-01T16:46:57.061231-0700]     1.5000 MB /   0.50 sec =   25.1659 Mbps     1 retrans   3851 KB-cwnd
[2024-11-01T16:46:57.061413-0700]     1.0000 MB /   0.50 sec =   16.7767 Mbps     0 retrans   3851 KB-cwnd
[2024-11-01T16:46:57.061461-0700]     1.0625 MB /   0.50 sec =   17.8216 Mbps     0 retrans   3851 KB-cwnd
[2024-11-01T16:46:58.147002-0700]     0.0625 MB /   0.50 sec =    1.0486 Mbps     2 retrans   2206 KB-cwnd
[2024-11-01T16:46:58.147522-0700]     2.2500 MB /   0.50 sec =   37.7578 Mbps     0 retrans   2206 KB-cwnd
[2024-11-01T16:46:59.435059-0700]     1.1250 MB /   0.50 sec =   18.8748 Mbps     0 retrans   2206 KB-cwnd
[2024-11-01T16:46:59.435586-0700]     1.0000 MB /   0.50 sec =   16.7729 Mbps     0 retrans   2206 KB-cwnd
[2024-11-01T16:47:00.822415-0700]     1.0625 MB /   0.50 sec =   17.8260 Mbps     6 retrans   1764 KB-cwnd
[2024-11-01T16:47:00.822700-0700]     1.0625 MB /   0.50 sec =   17.8268 Mbps     0 retrans   1764 KB-cwnd
[2024-11-01T16:47:00.822761-0700]     0.5000 MB /   0.50 sec =    8.3886 Mbps     0 retrans   1764 KB-cwnd
[2024-11-01T16:47:01.802744-0700]     1.2500 MB /   0.50 sec =   20.9756 Mbps     8 retrans   1428 KB-cwnd
[2024-11-01T16:47:01.803272-0700]     0.5000 MB /   0.50 sec =    8.3870 Mbps     0 retrans   1428 KB-cwnd
[2024-11-01T16:47:02.290463-0700]     3.0625 MB /   0.50 sec =   51.3815 Mbps     0 retrans   1568 KB-cwnd
[2024-11-01T16:47:02.858759-0700]     2.7500 MB /   0.50 sec =   46.1457 Mbps     0 retrans   1578 KB-cwnd
[2024-11-01T16:47:03.752664-0700]     1.8125 MB /   0.50 sec =   30.4000 Mbps     0 retrans   1580 KB-cwnd
[2024-11-01T16:47:03.753271-0700]     1.5625 MB /   0.50 sec =   26.2165 Mbps     0 retrans   1580 KB-cwnd
[2024-11-01T16:47:04.719134-0700]     1.5000 MB /   0.50 sec =   25.1658 Mbps     0 retrans   1581 KB-cwnd
[2024-11-01T16:47:04.719625-0700]     1.3750 MB /   0.50 sec =   23.0686 Mbps     0 retrans   1581 KB-cwnd
[2024-11-01T16:47:05.440613-0700]     1.6250 MB /   0.50 sec =   27.2632 Mbps     0 retrans   1582 KB-cwnd
[2024-11-01T16:47:06.056879-0700]     2.0000 MB /   0.50 sec =   33.5624 Mbps     0 retrans   1582 KB-cwnd
[2024-11-01T16:47:06.057417-0700]     2.1250 MB /   0.50 sec =   35.6485 Mbps     0 retrans   1582 KB-cwnd
[2024-11-01T16:47:06.722985-0700]     2.1875 MB /   0.50 sec =   36.6926 Mbps     0 retrans   1582 KB-cwnd
[2024-11-01T16:47:07.480407-0700]     1.6875 MB /   0.50 sec =   28.3187 Mbps     0 retrans   1582 KB-cwnd
[2024-11-01T16:47:08.345195-0700]     1.7500 MB /   0.50 sec =   29.3551 Mbps     0 retrans   1582 KB-cwnd
[2024-11-01T16:47:08.345731-0700]     1.5000 MB /   0.50 sec =   25.1694 Mbps     0 retrans   1582 KB-cwnd
[2024-11-01T16:47:09.636564-0700]     1.8125 MB /   0.50 sec =   30.4096 Mbps     6 retrans   1265 KB-cwnd
[2024-11-01T16:47:09.636758-0700]     1.3125 MB /   0.50 sec =   22.0146 Mbps     0 retrans   1265 KB-cwnd
[2024-11-01T16:47:09.636797-0700]     0.6250 MB /   0.50 sec =   10.4862 Mbps     0 retrans   1265 KB-cwnd
[2024-11-01T16:47:10.435121-0700]     1.8750 MB /   0.50 sec =   31.4550 Mbps     0 retrans   1275 KB-cwnd
[2024-11-01T16:47:11.509402-0700]     0.9375 MB /   0.50 sec =   15.7289 Mbps     0 retrans   1275 KB-cwnd
[2024-11-01T16:47:11.509805-0700]     1.3125 MB /   0.50 sec =   22.0260 Mbps     0 retrans   1275 KB-cwnd
[2024-11-01T16:47:12.459657-0700]     1.1875 MB /   0.50 sec =   19.9176 Mbps     0 retrans   1275 KB-cwnd
[2024-11-01T16:47:12.460288-0700]     1.4375 MB /   0.50 sec =   24.1180 Mbps     0 retrans   1275 KB-cwnd
[2024-11-01T16:47:13.457216-0700]     1.4375 MB /   0.50 sec =   24.1160 Mbps     0 retrans   1275 KB-cwnd
[2024-11-01T16:47:13.457692-0700]     1.3125 MB /   0.50 sec =   22.0203 Mbps     0 retrans   1275 KB-cwnd
[2024-11-01T16:47:14.372864-0700]     1.3125 MB /   0.50 sec =   22.0252 Mbps     0 retrans   1275 KB-cwnd
[2024-11-01T16:47:14.373453-0700]     1.4375 MB /   0.50 sec =   24.1150 Mbps     0 retrans   1275 KB-cwnd
[2024-11-01T16:47:15.359307-0700]     1.5625 MB /   0.50 sec =   26.2108 Mbps     0 retrans   1275 KB-cwnd
[2024-11-01T16:47:15.359858-0700]     1.3750 MB /   0.50 sec =   23.0748 Mbps     0 retrans   1275 KB-cwnd
[2024-11-01T16:47:16.507150-0700]     1.1250 MB /   0.50 sec =   18.8704 Mbps     6 retrans   1033 KB-cwnd
[2024-11-01T16:47:16.507570-0700]     1.2500 MB /   0.50 sec =   20.9707 Mbps     0 retrans   1033 KB-cwnd
[2024-11-01T16:47:17.428546-0700]     1.2500 MB /   0.50 sec =   20.9724 Mbps     0 retrans   1033 KB-cwnd
[2024-11-01T16:47:17.428755-0700]     1.5000 MB /   0.50 sec =   25.1711 Mbps     0 retrans   1033 KB-cwnd
[2024-11-01T16:47:18.450936-0700]     1.3125 MB /   0.50 sec =   22.0149 Mbps     0 retrans   1033 KB-cwnd
[2024-11-01T16:47:18.451403-0700]     1.4375 MB /   0.50 sec =   24.1174 Mbps     0 retrans   1033 KB-cwnd
[2024-11-01T16:47:19.734574-0700]     1.1875 MB /   0.50 sec =   19.9223 Mbps     0 retrans   1041 KB-cwnd
[2024-11-01T16:47:19.734948-0700]     1.1250 MB /   0.50 sec =   18.8794 Mbps     0 retrans   1041 KB-cwnd
[2024-11-01T16:47:19.735092-0700]     1.1875 MB /   0.50 sec =   19.9223 Mbps     0 retrans   1041 KB-cwnd
[2024-11-01T16:47:20.159134-0700]     2.0000 MB /   0.50 sec =   33.5467 Mbps     0 retrans   1142 KB-cwnd
[2024-11-01T16:47:20.633833-0700]     2.8750 MB /   0.50 sec =   48.2347 Mbps     0 retrans   1142 KB-cwnd
[2024-11-01T16:47:21.118685-0700]     2.8750 MB /   0.50 sec =   48.2349 Mbps     0 retrans   1142 KB-cwnd
[2024-11-01T16:47:21.604568-0700]     2.5625 MB /   0.50 sec =   42.9902 Mbps     0 retrans   1142 KB-cwnd
[2024-11-01T16:47:22.072941-0700]     3.0000 MB /   0.50 sec =   50.3457 Mbps     0 retrans   1142 KB-cwnd
[2024-11-01T16:47:22.854840-0700]     1.2500 MB /   0.50 sec =   20.9687 Mbps     0 retrans   1152 KB-cwnd
[2024-11-01T16:47:23.441153-0700]     2.5000 MB /   0.50 sec =   41.9487 Mbps     0 retrans   1152 KB-cwnd
[2024-11-01T16:47:24.102901-0700]     2.1250 MB /   0.50 sec =   35.6370 Mbps     0 retrans   1152 KB-cwnd
[2024-11-01T16:47:24.103037-0700]     2.0000 MB /   0.50 sec =   33.5672 Mbps     0 retrans   1152 KB-cwnd
[2024-11-01T16:47:24.740728-0700]     2.0000 MB /   0.50 sec =   33.5432 Mbps     0 retrans   1152 KB-cwnd
[2024-11-01T16:47:25.385098-0700]     2.1250 MB /   0.50 sec =   35.6643 Mbps     0 retrans   1152 KB-cwnd
[2024-11-01T16:47:26.046962-0700]     2.1250 MB /   0.50 sec =   35.6523 Mbps     0 retrans   1152 KB-cwnd
[2024-11-01T16:47:26.047399-0700]     1.9375 MB /   0.50 sec =   32.4988 Mbps     0 retrans   1152 KB-cwnd
[2024-11-01T16:47:26.630860-0700]     2.2500 MB /   0.50 sec =   37.7468 Mbps    15 retrans    958 KB-cwnd
[2024-11-01T16:47:27.066690-0700]     3.0625 MB /   0.50 sec =   51.3932 Mbps     0 retrans   1030 KB-cwnd
[2024-11-01T16:47:27.920693-0700]     3.1875 MB /   0.50 sec =   53.4627 Mbps     0 retrans   1030 KB-cwnd
[2024-11-01T16:47:28.345528-0700]     3.0625 MB /   0.50 sec =   51.3799 Mbps     0 retrans   1030 KB-cwnd
[2024-11-01T16:47:28.774768-0700]     3.1875 MB /   0.50 sec =   53.4924 Mbps     0 retrans   1030 KB-cwnd
[2024-11-01T16:47:29.278687-0700]     2.8125 MB /   0.50 sec =   47.1872 Mbps     0 retrans   1030 KB-cwnd
[2024-11-01T16:47:29.754763-0700]     2.6875 MB /   0.50 sec =   45.0873 Mbps     0 retrans   1030 KB-cwnd
[2024-11-01T16:47:30.246580-0700]     2.6875 MB /   0.50 sec =   45.0875 Mbps     0 retrans   1030 KB-cwnd
[2024-11-01T16:47:30.744446-0700]     2.7500 MB /   0.50 sec =   46.1384 Mbps     0 retrans   1030 KB-cwnd
[2024-11-01T16:47:31.202991-0700]     2.8750 MB /   0.50 sec =   48.2351 Mbps     0 retrans   1030 KB-cwnd
[2024-11-01T16:47:31.770319-0700]     2.6250 MB /   0.50 sec =   44.0282 Mbps     0 retrans   1030 KB-cwnd
[2024-11-01T16:47:32.308063-0700]     2.1250 MB /   0.50 sec =   35.6609 Mbps     0 retrans   1030 KB-cwnd
[2024-11-01T16:47:32.843929-0700]     2.6250 MB /   0.50 sec =   44.0285 Mbps     0 retrans   1030 KB-cwnd
[2024-11-01T16:47:33.326896-0700]     2.6250 MB /   0.50 sec =   44.0405 Mbps     0 retrans   1034 KB-cwnd
[2024-11-01T16:47:33.535529-0700]     2.8750 MB /   0.50 sec =   48.2459 Mbps     0 retrans   1034 KB-cwnd
[2024-11-01T16:47:34.034622-0700]     2.8125 MB /   0.50 sec =   47.1872 Mbps     0 retrans   1034 KB-cwnd
End time: 1730504854181
