Start time: 1730827622264
[2024-11-05T11:27:03.078654-0600] nuttcp-r: v8.1.4: socket
[2024-11-05T11:27:03.079668-0600] nuttcp-r: buflen=65536, nstream=1, port=5103 tcp
[2024-11-05T11:27:03.079778-0600] nuttcp-r: interval reporting every 0.50 seconds
[2024-11-05T11:27:03.079859-0600] nuttcp-r: connect to 54.197.223.49 with RTT=49.511 ms af=inet
[2024-11-05T11:27:03.079938-0600] nuttcp-r: send window size = 1048576, receive window size = 1048576
[2024-11-05T11:27:03.080014-0600] nuttcp-r: available send window = 786432, available receive window = 786432
[2024-11-05T11:27:03.080088-0600]     3.2500 MB /   0.50 sec =   54.5212 Mbps     0 retrans     14 KB-cwnd
[2024-11-05T11:27:03.578779-0600]     8.9375 MB /   0.50 sec =  149.9137 Mbps     0 retrans     14 KB-cwnd
[2024-11-05T11:27:04.078304-0600]     7.6250 MB /   0.50 sec =  127.9485 Mbps     0 retrans     14 KB-cwnd
[2024-11-05T11:27:04.579607-0600]     9.3125 MB /   0.50 sec =  155.9555 Mbps     0 retrans     14 KB-cwnd
[2024-11-05T11:27:05.078540-0600]     8.2500 MB /   0.50 sec =  138.6613 Mbps     0 retrans     14 KB-cwnd
[2024-11-05T11:27:05.578287-0600]     7.2500 MB /   0.50 sec =  121.6217 Mbps     0 retrans     14 KB-cwnd
[2024-11-05T11:27:06.078258-0600]     3.8750 MB /   0.50 sec =   65.0206 Mbps     0 retrans     14 KB-cwnd
[2024-11-05T11:27:06.578094-0600]     5.1875 MB /   0.50 sec =   87.0370 Mbps     0 retrans     14 KB-cwnd
[2024-11-05T11:27:07.078252-0600]     5.5625 MB /   0.50 sec =   93.3147 Mbps     0 retrans     14 KB-cwnd
[2024-11-05T11:27:07.578115-0600]     6.1875 MB /   0.50 sec =  103.8136 Mbps     0 retrans     14 KB-cwnd
[2024-11-05T11:27:08.078278-0600]    11.3750 MB /   0.50 sec =  190.8240 Mbps     0 retrans     14 KB-cwnd
[2024-11-05T11:27:08.578321-0600]     7.2500 MB /   0.50 sec =  121.6246 Mbps     0 retrans     14 KB-cwnd
[2024-11-05T11:27:09.078306-0600]     8.2500 MB /   0.50 sec =  138.4159 Mbps     0 retrans     14 KB-cwnd
[2024-11-05T11:27:09.578333-0600]    10.8750 MB /   0.50 sec =  182.4340 Mbps     0 retrans     14 KB-cwnd
[2024-11-05T11:27:10.078181-0600]     5.6875 MB /   0.50 sec =   95.4445 Mbps     0 retrans     14 KB-cwnd
[2024-11-05T11:27:10.578385-0600]     7.4375 MB /   0.50 sec =  124.7411 Mbps     0 retrans     15 KB-cwnd
[2024-11-05T11:27:11.078205-0600]     3.8125 MB /   0.50 sec =   63.9790 Mbps     0 retrans     15 KB-cwnd
[2024-11-05T11:27:11.578528-0600]     2.0625 MB /   0.50 sec =   34.5787 Mbps     0 retrans     15 KB-cwnd
[2024-11-05T11:27:12.080306-0600]     3.7500 MB /   0.50 sec =   62.7604 Mbps     0 retrans     15 KB-cwnd
[2024-11-05T11:27:12.578160-0600]    11.3125 MB /   0.50 sec =  190.4115 Mbps     0 retrans     24 KB-cwnd
[2024-11-05T11:27:13.078222-0600]     8.8750 MB /   0.50 sec =  148.8886 Mbps     0 retrans     28 KB-cwnd
[2024-11-05T11:27:13.578743-0600]    11.7500 MB /   0.50 sec =  197.1280 Mbps     0 retrans     28 KB-cwnd
[2024-11-05T11:27:14.078267-0600]    10.8125 MB /   0.50 sec =  181.3997 Mbps     0 retrans     28 KB-cwnd
[2024-11-05T11:27:14.578277-0600]    10.5625 MB /   0.50 sec =  177.2072 Mbps     0 retrans     28 KB-cwnd
[2024-11-05T11:27:15.078215-0600]    11.4375 MB /   0.50 sec =  191.9044 Mbps     0 retrans     28 KB-cwnd
[2024-11-05T11:27:15.578229-0600]    11.7500 MB /   0.50 sec =  197.1236 Mbps     0 retrans     28 KB-cwnd
[2024-11-05T11:27:16.078264-0600]    11.8750 MB /   0.50 sec =  199.2302 Mbps     0 retrans     28 KB-cwnd
[2024-11-05T11:27:16.578225-0600]    13.0000 MB /   0.50 sec =  218.1077 Mbps     0 retrans     31 KB-cwnd
[2024-11-05T11:27:17.078302-0600]    12.1875 MB /   0.50 sec =  204.4551 Mbps     0 retrans     31 KB-cwnd
[2024-11-05T11:27:17.578375-0600]    14.6250 MB /   0.50 sec =  245.2800 Mbps     0 retrans     42 KB-cwnd
[2024-11-05T11:27:18.078338-0600]    14.9375 MB /   0.50 sec =  250.6979 Mbps     0 retrans     45 KB-cwnd
[2024-11-05T11:27:18.578254-0600]    14.5000 MB /   0.50 sec =  243.2395 Mbps     0 retrans     56 KB-cwnd
[2024-11-05T11:27:19.078264-0600]     7.3125 MB /   0.50 sec =  122.6989 Mbps     0 retrans     56 KB-cwnd
[2024-11-05T11:27:19.578227-0600]    12.1250 MB /   0.50 sec =  203.4457 Mbps     0 retrans     56 KB-cwnd
[2024-11-05T11:27:20.080093-0600]    11.6875 MB /   0.50 sec =  195.5600 Mbps     0 retrans     56 KB-cwnd
[2024-11-05T11:27:20.578770-0600]    12.0625 MB /   0.50 sec =  202.9141 Mbps     0 retrans     56 KB-cwnd
[2024-11-05T11:27:21.078513-0600]    14.2500 MB /   0.50 sec =  239.0787 Mbps     0 retrans     65 KB-cwnd
[2024-11-05T11:27:21.578276-0600]    14.8750 MB /   0.50 sec =  249.5541 Mbps     0 retrans     67 KB-cwnd
[2024-11-05T11:27:22.078680-0600]    10.4375 MB /   0.50 sec =  174.9558 Mbps     0 retrans     67 KB-cwnd
[2024-11-05T11:27:22.578286-0600]    13.3125 MB /   0.50 sec =  223.5291 Mbps     0 retrans     76 KB-cwnd
[2024-11-05T11:27:23.078229-0600]    12.5625 MB /   0.50 sec =  210.7768 Mbps     0 retrans     79 KB-cwnd
[2024-11-05T11:27:23.579104-0600]    14.9375 MB /   0.50 sec =  250.6057 Mbps     0 retrans     87 KB-cwnd
[2024-11-05T11:27:24.078496-0600]    15.6875 MB /   0.50 sec =  263.2126 Mbps  1304 retrans   3011 KB-cwnd
[2024-11-05T11:27:24.579011-0600]     8.0000 MB /   0.50 sec =  134.1008 Mbps     0 retrans   3034 KB-cwnd
[2024-11-05T11:27:25.078242-0600]    12.3125 MB /   0.50 sec =  206.7394 Mbps     0 retrans   3034 KB-cwnd
[2024-11-05T11:27:25.578116-0600]    18.6875 MB /   0.50 sec =  313.5481 Mbps     0 retrans   3034 KB-cwnd
[2024-11-05T11:27:26.078734-0600]    14.2500 MB /   0.50 sec =  238.8403 Mbps     0 retrans   3034 KB-cwnd
[2024-11-05T11:27:26.578160-0600]    15.2500 MB /   0.50 sec =  256.0933 Mbps     0 retrans   3034 KB-cwnd
[2024-11-05T11:27:27.078311-0600]     9.8750 MB /   0.50 sec =  165.6574 Mbps     0 retrans   3034 KB-cwnd
[2024-11-05T11:27:27.578514-0600]     9.4375 MB /   0.50 sec =  158.3514 Mbps     0 retrans   3034 KB-cwnd
[2024-11-05T11:27:28.080799-0600]     9.1250 MB /   0.50 sec =  152.5150 Mbps     0 retrans   3034 KB-cwnd
[2024-11-05T11:27:28.580666-0600]     8.9375 MB /   0.50 sec =  149.9713 Mbps     0 retrans   3034 KB-cwnd
[2024-11-05T11:27:29.078247-0600]    11.4375 MB /   0.50 sec =  192.5901 Mbps     0 retrans   3034 KB-cwnd
[2024-11-05T11:27:29.578303-0600]    10.9375 MB /   0.50 sec =  183.4744 Mbps     0 retrans   3034 KB-cwnd
[2024-11-05T11:27:30.078222-0600]    12.9375 MB /   0.50 sec =  217.0782 Mbps    13 retrans   4674 KB-cwnd
[2024-11-05T11:27:30.578656-0600]    14.1875 MB /   0.50 sec =  238.0401 Mbps     0 retrans   4674 KB-cwnd
[2024-11-05T11:27:31.078667-0600]    13.7500 MB /   0.50 sec =  230.6697 Mbps     0 retrans   4674 KB-cwnd
[2024-11-05T11:27:31.578462-0600]    13.6250 MB /   0.50 sec =  228.5160 Mbps     0 retrans   4674 KB-cwnd
[2024-11-05T11:27:32.078693-0600]    10.6250 MB /   0.50 sec =  178.3282 Mbps     0 retrans   4674 KB-cwnd
[2024-11-05T11:27:32.579569-0600]    12.9375 MB /   0.50 sec =  216.4936 Mbps     0 retrans   4674 KB-cwnd
[2024-11-05T11:27:33.078117-0600]    11.8750 MB /   0.50 sec =  199.7476 Mbps     4 retrans   4851 KB-cwnd
[2024-11-05T11:27:33.579078-0600]    11.0625 MB /   0.50 sec =  185.4355 Mbps     0 retrans   4851 KB-cwnd
[2024-11-05T11:27:34.078586-0600]    11.8125 MB /   0.50 sec =  198.1920 Mbps     0 retrans   4851 KB-cwnd
[2024-11-05T11:27:34.578185-0600]     6.1250 MB /   0.50 sec =  102.8433 Mbps     0 retrans   4851 KB-cwnd
[2024-11-05T11:27:35.078488-0600]     6.0625 MB /   0.50 sec =  101.6677 Mbps     0 retrans   4851 KB-cwnd
[2024-11-05T11:27:35.578230-0600]     6.2500 MB /   0.50 sec =  104.8952 Mbps     0 retrans   4851 KB-cwnd
[2024-11-05T11:27:36.078572-0600]    11.0625 MB /   0.50 sec =  185.6065 Mbps     0 retrans   4851 KB-cwnd
[2024-11-05T11:27:36.579032-0600]    14.1250 MB /   0.50 sec =  236.8034 Mbps   329 retrans   4618 KB-cwnd
[2024-11-05T11:27:37.078677-0600]    10.0625 MB /   0.50 sec =  168.9441 Mbps     0 retrans   4618 KB-cwnd
[2024-11-05T11:27:37.578227-0600]    11.9375 MB /   0.50 sec =  200.2708 Mbps     0 retrans   4618 KB-cwnd
[2024-11-05T11:27:38.078548-0600]    13.5625 MB /   0.50 sec =  227.5364 Mbps     0 retrans   4618 KB-cwnd
[2024-11-05T11:27:38.578585-0600]    13.3750 MB /   0.50 sec =  224.2486 Mbps     0 retrans   4618 KB-cwnd
[2024-11-05T11:27:39.080285-0600]    13.2500 MB /   0.50 sec =  221.9700 Mbps     0 retrans   4618 KB-cwnd
[2024-11-05T11:27:39.578652-0600]    13.2500 MB /   0.50 sec =  222.7775 Mbps    19 retrans   4157 KB-cwnd
[2024-11-05T11:27:40.080269-0600]    11.6875 MB /   0.50 sec =  195.4964 Mbps     0 retrans   4157 KB-cwnd
[2024-11-05T11:27:40.578256-0600]    12.8750 MB /   0.50 sec =  216.6497 Mbps     0 retrans   1228 KB-cwnd
[2024-11-05T11:27:41.080630-0600]    15.5625 MB /   0.50 sec =  260.1625 Mbps     1 retrans   1228 KB-cwnd
[2024-11-05T11:27:41.578616-0600]    12.3750 MB /   0.50 sec =  208.2127 Mbps     1 retrans   1228 KB-cwnd
[2024-11-05T11:27:42.079005-0600]     9.1250 MB /   0.50 sec =  153.1411 Mbps  4083 retrans   3591 KB-cwnd
[2024-11-05T11:27:42.578231-0600]    13.6250 MB /   0.50 sec =  228.6961 Mbps     0 retrans   3591 KB-cwnd
[2024-11-05T11:27:43.078773-0600]    15.0000 MB /   0.50 sec =  251.6371 Mbps     0 retrans   3591 KB-cwnd
[2024-11-05T11:27:43.579730-0600]    13.1250 MB /   0.50 sec =  219.9863 Mbps     0 retrans   3591 KB-cwnd
[2024-11-05T11:27:44.078718-0600]    14.0625 MB /   0.50 sec =  236.1809 Mbps     0 retrans   3591 KB-cwnd
[2024-11-05T11:27:44.578263-0600]    14.3750 MB /   0.50 sec =  241.1691 Mbps    17 retrans   4222 KB-cwnd
[2024-11-05T11:27:45.078234-0600]    14.8125 MB /   0.50 sec =  248.5234 Mbps     0 retrans   4222 KB-cwnd
[2024-11-05T11:27:45.578253-0600]    15.0625 MB /   0.50 sec =  252.6891 Mbps     0 retrans   4222 KB-cwnd
[2024-11-05T11:27:46.078112-0600]    13.2500 MB /   0.50 sec =  222.3275 Mbps     0 retrans   4222 KB-cwnd
[2024-11-05T11:27:46.578721-0600]    14.7500 MB /   0.50 sec =  247.2098 Mbps     0 retrans   4222 KB-cwnd
[2024-11-05T11:27:47.078811-0600]    13.6875 MB /   0.50 sec =  229.8390 Mbps    17 retrans   3868 KB-cwnd
[2024-11-05T11:27:47.578247-0600]    12.2500 MB /   0.50 sec =  205.5308 Mbps     0 retrans   3868 KB-cwnd
[2024-11-05T11:27:48.078085-0600]    14.1250 MB /   0.50 sec =  237.0076 Mbps     0 retrans   3868 KB-cwnd
[2024-11-05T11:27:48.578737-0600]    13.5625 MB /   0.50 sec =  227.3150 Mbps     0 retrans   3868 KB-cwnd
[2024-11-05T11:27:49.078154-0600]    11.1250 MB /   0.50 sec =  186.8281 Mbps     0 retrans   3868 KB-cwnd
[2024-11-05T11:27:49.578410-0600]    11.9375 MB /   0.50 sec =  200.1987 Mbps     0 retrans   3868 KB-cwnd
[2024-11-05T11:27:50.078106-0600]    12.1250 MB /   0.50 sec =  203.5047 Mbps   131 retrans   4247 KB-cwnd
[2024-11-05T11:27:50.578243-0600]    11.4375 MB /   0.50 sec =  191.8330 Mbps     0 retrans   4247 KB-cwnd
[2024-11-05T11:27:51.079213-0600]     6.0000 MB /   0.50 sec =  100.5523 Mbps     0 retrans   4247 KB-cwnd
[2024-11-05T11:27:51.581373-0600]    14.1250 MB /   0.50 sec =  236.4028 Mbps     0 retrans   4247 KB-cwnd
[2024-11-05T11:27:52.079382-0600]    13.5625 MB /   0.50 sec =  228.1534 Mbps     0 retrans   4247 KB-cwnd
[2024-11-05T11:27:52.578739-0600]    15.0625 MB /   0.50 sec =  252.9623 Mbps     0 retrans   4247 KB-cwnd
[2024-11-05T11:27:53.078311-0600]    15.1875 MB /   0.50 sec =  254.7902 Mbps     1 retrans   4259 KB-cwnd
[2024-11-05T11:27:53.578265-0600]    14.9375 MB /   0.50 sec =  250.6162 Mbps     0 retrans   4259 KB-cwnd
[2024-11-05T11:27:54.078905-0600]    15.5000 MB /   0.50 sec =  259.9091 Mbps     0 retrans   4259 KB-cwnd
[2024-11-05T11:27:54.580749-0600]    14.0625 MB /   0.50 sec =  235.2009 Mbps     0 retrans   4259 KB-cwnd
[2024-11-05T11:27:55.078234-0600]    14.0000 MB /   0.50 sec =  235.7618 Mbps     0 retrans   4259 KB-cwnd
[2024-11-05T11:27:55.579232-0600]    13.4375 MB /   0.50 sec =  225.2123 Mbps     3 retrans   3668 KB-cwnd
[2024-11-05T11:27:56.078721-0600]    15.0000 MB /   0.50 sec =  251.9147 Mbps     0 retrans   3668 KB-cwnd
[2024-11-05T11:27:56.578263-0600]    13.5625 MB /   0.50 sec =  227.5296 Mbps     0 retrans   3668 KB-cwnd
[2024-11-05T11:27:57.078415-0600]    10.1250 MB /   0.50 sec =  169.7973 Mbps     0 retrans   3668 KB-cwnd
[2024-11-05T11:27:57.578225-0600]    13.2500 MB /   0.50 sec =  222.4000 Mbps     0 retrans   3668 KB-cwnd
[2024-11-05T11:27:58.080585-0600]    12.6250 MB /   0.50 sec =  211.0585 Mbps     3 retrans   4137 KB-cwnd
[2024-11-05T11:27:58.578609-0600]    10.5000 MB /   0.50 sec =  176.7990 Mbps     0 retrans   4137 KB-cwnd
[2024-11-05T11:27:59.078767-0600]    13.4375 MB /   0.50 sec =  225.4303 Mbps     0 retrans   4137 KB-cwnd
[2024-11-05T11:27:59.578231-0600]    13.3125 MB /   0.50 sec =  223.3512 Mbps     0 retrans   4321 KB-cwnd
[2024-11-05T11:28:00.078899-0600]    15.2500 MB /   0.50 sec =  255.8592 Mbps     0 retrans   4321 KB-cwnd
[2024-11-05T11:28:00.580017-0600]    11.3750 MB /   0.50 sec =  190.3357 Mbps     0 retrans   4321 KB-cwnd
[2024-11-05T11:28:01.078771-0600]    14.1250 MB /   0.50 sec =  237.5664 Mbps     3 retrans   4072 KB-cwnd
[2024-11-05T11:28:01.578242-0600]    13.8125 MB /   0.50 sec =  231.7715 Mbps     0 retrans   4072 KB-cwnd
[2024-11-05T11:28:02.078287-0600]    10.1875 MB /   0.50 sec =  170.9049 Mbps     0 retrans   4072 KB-cwnd
[2024-11-05T11:28:02.578630-0600]    13.0625 MB /   0.50 sec =  219.1633 Mbps     0 retrans   4072 KB-cwnd
[2024-11-05T11:28:03.078216-0600]    11.6875 MB /   0.50 sec =  196.0872 Mbps     0 retrans   4072 KB-cwnd
[2024-11-05T11:28:03.578680-0600]    12.0625 MB /   0.50 sec =  202.2037 Mbps     0 retrans   4072 KB-cwnd
[2024-11-05T11:28:04.078384-0600]    15.3125 MB /   0.50 sec =  257.0631 Mbps    25 retrans   4437 KB-cwnd
[2024-11-05T11:28:04.578355-0600]     7.8125 MB /   0.50 sec =  131.0780 Mbps     0 retrans   4437 KB-cwnd
[2024-11-05T11:28:05.078723-0600]    10.7500 MB /   0.50 sec =  180.3832 Mbps     0 retrans   4437 KB-cwnd
[2024-11-05T11:28:05.578844-0600]    13.8750 MB /   0.50 sec =  232.7848 Mbps     0 retrans   4437 KB-cwnd
[2024-11-05T11:28:06.078276-0600]     8.9375 MB /   0.50 sec =  149.9362 Mbps     0 retrans   4437 KB-cwnd
[2024-11-05T11:28:06.578283-0600]    10.4375 MB /   0.50 sec =  175.1115 Mbps     0 retrans   4437 KB-cwnd
[2024-11-05T11:28:07.078634-0600]    10.0625 MB /   0.50 sec =  168.6989 Mbps     6 retrans   4421 KB-cwnd
[2024-11-05T11:28:07.578166-0600]    12.6250 MB /   0.50 sec =  212.0023 Mbps     0 retrans   4421 KB-cwnd
[2024-11-05T11:28:08.078814-0600]    13.7500 MB /   0.50 sec =  230.6613 Mbps     0 retrans   4423 KB-cwnd
[2024-11-05T11:28:08.578111-0600]    13.6250 MB /   0.50 sec =  228.6156 Mbps     0 retrans   4423 KB-cwnd
[2024-11-05T11:28:09.078548-0600]    11.2500 MB /   0.50 sec =  188.7203 Mbps     0 retrans   4423 KB-cwnd
[2024-11-05T11:28:09.578102-0600]    10.0000 MB /   0.50 sec =  167.7933 Mbps     0 retrans   4259 KB-cwnd
[2024-11-05T11:28:10.078936-0600]    13.8125 MB /   0.50 sec =  231.6366 Mbps     7 retrans   4127 KB-cwnd
[2024-11-05T11:28:10.578715-0600]    10.8750 MB /   0.50 sec =  182.5106 Mbps     0 retrans   4167 KB-cwnd
[2024-11-05T11:28:11.078317-0600]    12.0000 MB /   0.50 sec =  201.2996 Mbps     0 retrans   4167 KB-cwnd
[2024-11-05T11:28:11.578610-0600]     9.6875 MB /   0.50 sec =  162.4406 Mbps     0 retrans   4298 KB-cwnd
[2024-11-05T11:28:12.078201-0600]     2.0000 MB /   0.50 sec =   33.5789 Mbps     0 retrans   4298 KB-cwnd
[2024-11-05T11:28:12.578288-0600]    14.8750 MB /   0.50 sec =  249.5516 Mbps     0 retrans   4298 KB-cwnd
[2024-11-05T11:28:13.078273-0600]    16.5000 MB /   0.50 sec =  276.8174 Mbps     5 retrans   3091 KB-cwnd
[2024-11-05T11:28:13.580068-0600]    12.0000 MB /   0.50 sec =  200.6432 Mbps     0 retrans   3091 KB-cwnd
[2024-11-05T11:28:14.078284-0600]    13.0625 MB /   0.50 sec =  219.8952 Mbps     0 retrans   3091 KB-cwnd
[2024-11-05T11:28:14.578147-0600]    14.6250 MB /   0.50 sec =  245.3820 Mbps     0 retrans   3091 KB-cwnd
[2024-11-05T11:28:15.079129-0600]    14.6875 MB /   0.50 sec =  246.1928 Mbps     0 retrans   3091 KB-cwnd
[2024-11-05T11:28:15.578344-0600]     9.9375 MB /   0.50 sec =  166.8738 Mbps     0 retrans   3091 KB-cwnd
[2024-11-05T11:28:16.080602-0600]    14.5000 MB /   0.50 sec =  242.3970 Mbps     7 retrans   3702 KB-cwnd
[2024-11-05T11:28:16.578240-0600]    15.6875 MB /   0.50 sec =  264.1430 Mbps     0 retrans   3702 KB-cwnd
[2024-11-05T11:28:17.078254-0600]    13.7500 MB /   0.50 sec =  230.6821 Mbps     0 retrans   3702 KB-cwnd
[2024-11-05T11:28:17.578265-0600]    15.6875 MB /   0.50 sec =  263.1857 Mbps     0 retrans   3702 KB-cwnd
[2024-11-05T11:28:18.078721-0600]    16.3125 MB /   0.50 sec =  273.4437 Mbps    47 retrans   4954 KB-cwnd
[2024-11-05T11:28:18.578620-0600]    10.0625 MB /   0.50 sec =  168.8383 Mbps     0 retrans   4954 KB-cwnd
[2024-11-05T11:28:19.078652-0600]    10.6875 MB /   0.50 sec =  179.3051 Mbps     0 retrans   4954 KB-cwnd
[2024-11-05T11:28:19.578232-0600]     8.1250 MB /   0.50 sec =  136.4180 Mbps     0 retrans   4954 KB-cwnd
[2024-11-05T11:28:20.078661-0600]    17.4375 MB /   0.50 sec =  292.5697 Mbps     0 retrans   4954 KB-cwnd
[2024-11-05T11:28:20.578258-0600]    14.5000 MB /   0.50 sec =  243.2623 Mbps     0 retrans   4954 KB-cwnd
[2024-11-05T11:28:21.078675-0600]    15.0000 MB /   0.50 sec =  251.6643 Mbps    79 retrans   4459 KB-cwnd
[2024-11-05T11:28:21.578270-0600]    16.0000 MB /   0.50 sec =  268.4333 Mbps     0 retrans   4403 KB-cwnd
[2024-11-05T11:28:22.078241-0600]    15.6875 MB /   0.50 sec =  263.1978 Mbps     0 retrans   4403 KB-cwnd
[2024-11-05T11:28:22.578942-0600]    16.4375 MB /   0.50 sec =  275.7821 Mbps     0 retrans   4403 KB-cwnd
[2024-11-05T11:28:23.078730-0600]    17.5625 MB /   0.50 sec =  294.6363 Mbps     0 retrans   4403 KB-cwnd
[2024-11-05T11:28:23.578754-0600]    12.4375 MB /   0.50 sec =  208.6679 Mbps     5 retrans   5206 KB-cwnd
[2024-11-05T11:28:24.078092-0600]     7.5000 MB /   0.50 sec =  125.8412 Mbps     0 retrans   5206 KB-cwnd
[2024-11-05T11:28:24.578862-0600]    10.2500 MB /   0.50 sec =  171.8541 Mbps     0 retrans   5206 KB-cwnd
[2024-11-05T11:28:25.078747-0600]    15.6875 MB /   0.50 sec =  263.3537 Mbps     0 retrans   5234 KB-cwnd
[2024-11-05T11:28:25.578277-0600]     3.5000 MB /   0.50 sec =   58.7219 Mbps     0 retrans   5234 KB-cwnd
[2024-11-05T11:28:26.080839-0600]     5.0625 MB /   0.50 sec =   84.6474 Mbps     0 retrans   5234 KB-cwnd
[2024-11-05T11:28:26.578298-0600]     9.6250 MB /   0.50 sec =  162.0134 Mbps     0 retrans   5234 KB-cwnd
[2024-11-05T11:28:27.078225-0600]     7.6250 MB /   0.50 sec =  127.9319 Mbps     0 retrans   5234 KB-cwnd
[2024-11-05T11:28:27.581202-0600]     2.8750 MB /   0.50 sec =   47.9992 Mbps   491 retrans   4833 KB-cwnd
[2024-11-05T11:28:28.080167-0600]     0.0000 MB /   0.50 sec =    0.0000 Mbps     0 retrans   4833 KB-cwnd
[2024-11-05T11:28:28.579299-0600]     0.3125 MB /   0.50 sec =    5.2518 Mbps     0 retrans   4833 KB-cwnd
[2024-11-05T11:28:29.078189-0600]     3.5625 MB /   0.50 sec =   59.8284 Mbps     0 retrans   4833 KB-cwnd
[2024-11-05T11:28:29.578202-0600]     5.0000 MB /   0.50 sec =   83.8849 Mbps     0 retrans   4833 KB-cwnd
[2024-11-05T11:28:30.078466-0600]     6.5000 MB /   0.50 sec =  109.0560 Mbps     0 retrans   4833 KB-cwnd
[2024-11-05T11:28:30.578714-0600]     8.0000 MB /   0.50 sec =  134.1992 Mbps     0 retrans   4833 KB-cwnd
[2024-11-05T11:28:31.078601-0600]    10.3750 MB /   0.50 sec =  174.0737 Mbps     0 retrans   4833 KB-cwnd
[2024-11-05T11:28:31.579209-0600]     9.7500 MB /   0.50 sec =  163.4324 Mbps     0 retrans   4833 KB-cwnd
[2024-11-05T11:28:32.078196-0600]    11.2500 MB /   0.50 sec =  188.9232 Mbps     0 retrans   4833 KB-cwnd
[2024-11-05T11:28:32.578241-0600]     9.0625 MB /   0.50 sec =  152.0380 Mbps     0 retrans   4833 KB-cwnd
[2024-11-05T11:28:33.078711-0600]     9.8750 MB /   0.50 sec =  165.6806 Mbps     4 retrans   4847 KB-cwnd
[2024-11-05T11:28:33.578491-0600]     7.1250 MB /   0.50 sec =  119.4753 Mbps     0 retrans   4847 KB-cwnd
[2024-11-05T11:28:34.078773-0600]     8.5000 MB /   0.50 sec =  142.6771 Mbps     0 retrans   4847 KB-cwnd
[2024-11-05T11:28:34.578245-0600]    10.3125 MB /   0.50 sec =  173.0178 Mbps     0 retrans   4847 KB-cwnd
[2024-11-05T11:28:35.078196-0600]     7.8750 MB /   0.50 sec =  132.1251 Mbps     0 retrans   4847 KB-cwnd
[2024-11-05T11:28:35.578092-0600]     5.6875 MB /   0.50 sec =   95.4263 Mbps     0 retrans   4847 KB-cwnd
[2024-11-05T11:28:36.078736-0600]     9.3125 MB /   0.50 sec =  156.0683 Mbps     0 retrans   4847 KB-cwnd
[2024-11-05T11:28:36.578150-0600]    10.8750 MB /   0.50 sec =  182.6367 Mbps     0 retrans   4847 KB-cwnd
[2024-11-05T11:28:37.078249-0600]     4.7500 MB /   0.50 sec =   79.6846 Mbps     0 retrans   4847 KB-cwnd
[2024-11-05T11:28:37.578230-0600]     8.6250 MB /   0.50 sec =  144.7122 Mbps  6129 retrans    958 KB-cwnd
[2024-11-05T11:28:38.078422-0600]     3.5000 MB /   0.50 sec =   58.7235 Mbps     0 retrans    958 KB-cwnd
[2024-11-05T11:28:38.579592-0600]     2.8125 MB /   0.50 sec =   47.0642 Mbps     0 retrans    958 KB-cwnd
[2024-11-05T11:28:39.078122-0600]     4.3750 MB /   0.50 sec =   73.5918 Mbps     0 retrans    967 KB-cwnd
[2024-11-05T11:28:39.578144-0600]     5.1875 MB /   0.50 sec =   87.0315 Mbps     0 retrans    967 KB-cwnd
[2024-11-05T11:28:40.078773-0600]     4.3125 MB /   0.50 sec =   72.3431 Mbps     0 retrans    967 KB-cwnd
[2024-11-05T11:28:40.578838-0600]     4.6875 MB /   0.50 sec =   78.6350 Mbps     0 retrans    967 KB-cwnd
[2024-11-05T11:28:41.078189-0600]     5.6250 MB /   0.50 sec =   94.3871 Mbps     5 retrans    967 KB-cwnd
[2024-11-05T11:28:41.578287-0600]     7.1250 MB /   0.50 sec =  119.5453 Mbps     0 retrans    967 KB-cwnd
[2024-11-05T11:28:42.078124-0600]     5.5000 MB /   0.50 sec =   92.2751 Mbps     6 retrans    967 KB-cwnd
[2024-11-05T11:28:42.578335-0600]     4.8125 MB /   0.50 sec =   80.7313 Mbps     0 retrans    967 KB-cwnd
[2024-11-05T11:28:43.078723-0600]     9.6250 MB /   0.50 sec =  161.3429 Mbps     0 retrans    967 KB-cwnd
[2024-11-05T11:28:43.578182-0600]    10.1250 MB /   0.50 sec =  170.0274 Mbps   382 retrans   3557 KB-cwnd
[2024-11-05T11:28:44.078282-0600]    12.0625 MB /   0.50 sec =  202.3545 Mbps     0 retrans   3557 KB-cwnd
[2024-11-05T11:28:44.578505-0600]    15.3125 MB /   0.50 sec =  256.7563 Mbps     0 retrans   3557 KB-cwnd
[2024-11-05T11:28:45.078723-0600]    12.6875 MB /   0.50 sec =  212.9644 Mbps     0 retrans   3557 KB-cwnd
[2024-11-05T11:28:45.578558-0600]    11.3125 MB /   0.50 sec =  189.8219 Mbps     0 retrans   3557 KB-cwnd
[2024-11-05T11:28:46.078803-0600]     6.6875 MB /   0.50 sec =  112.1595 Mbps     0 retrans   3557 KB-cwnd
[2024-11-05T11:28:46.578249-0600]    12.3125 MB /   0.50 sec =  206.6323 Mbps   618 retrans   3931 KB-cwnd
[2024-11-05T11:28:47.078228-0600]    10.7500 MB /   0.50 sec =  180.3616 Mbps     0 retrans   3931 KB-cwnd
[2024-11-05T11:28:47.579168-0600]     5.5625 MB /   0.50 sec =   93.3164 Mbps     0 retrans   3931 KB-cwnd
[2024-11-05T11:28:48.078628-0600]     8.7500 MB /   0.50 sec =  146.7217 Mbps     0 retrans   3931 KB-cwnd
[2024-11-05T11:28:48.579135-0600]     9.8125 MB /   0.50 sec =  164.6162 Mbps     0 retrans   3931 KB-cwnd
[2024-11-05T11:28:49.078236-0600]    13.5625 MB /   0.50 sec =  227.6863 Mbps     0 retrans   3931 KB-cwnd
[2024-11-05T11:28:49.578221-0600]    13.8750 MB /   0.50 sec =  232.8002 Mbps     0 retrans   3931 KB-cwnd
[2024-11-05T11:28:50.079704-0600]    11.3750 MB /   0.50 sec =  190.4341 Mbps  2465 retrans   2723 KB-cwnd
[2024-11-05T11:28:50.578192-0600]    11.3125 MB /   0.50 sec =  190.1703 Mbps     0 retrans   2723 KB-cwnd
[2024-11-05T11:28:51.079895-0600]    11.8125 MB /   0.50 sec =  197.5680 Mbps     0 retrans   2794 KB-cwnd
[2024-11-05T11:28:51.578209-0600]    12.1875 MB /   0.50 sec =  205.1440 Mbps     0 retrans   2794 KB-cwnd
[2024-11-05T11:28:52.078546-0600]    14.0625 MB /   0.50 sec =  235.9244 Mbps     0 retrans   2836 KB-cwnd
[2024-11-05T11:28:52.580254-0600]    11.6250 MB /   0.50 sec =  194.4332 Mbps     0 retrans   2836 KB-cwnd
[2024-11-05T11:28:53.080070-0600]    10.2500 MB /   0.50 sec =  171.9025 Mbps   832 retrans   3868 KB-cwnd
[2024-11-05T11:28:53.578506-0600]     4.6250 MB /   0.50 sec =   77.8319 Mbps     0 retrans   3868 KB-cwnd
[2024-11-05T11:28:54.078236-0600]    10.1250 MB /   0.50 sec =  169.9301 Mbps     0 retrans   3868 KB-cwnd
[2024-11-05T11:28:54.578070-0600]    11.5625 MB /   0.50 sec =  194.0095 Mbps     0 retrans   3868 KB-cwnd
[2024-11-05T11:28:55.078669-0600]    13.1250 MB /   0.50 sec =  219.9832 Mbps     0 retrans   3868 KB-cwnd
[2024-11-05T11:28:55.578357-0600]     8.1875 MB /   0.50 sec =  137.4916 Mbps     0 retrans   3868 KB-cwnd
[2024-11-05T11:28:56.078845-0600]     9.4375 MB /   0.50 sec =  158.1670 Mbps     0 retrans   3868 KB-cwnd
[2024-11-05T11:28:56.578780-0600]    13.8125 MB /   0.50 sec =  231.9677 Mbps  1602 retrans   4225 KB-cwnd
[2024-11-05T11:28:57.078215-0600]    12.1875 MB /   0.50 sec =  204.4621 Mbps     0 retrans   4225 KB-cwnd
[2024-11-05T11:28:57.579193-0600]    12.5625 MB /   0.50 sec =  210.6062 Mbps     0 retrans   4168 KB-cwnd
[2024-11-05T11:28:58.078896-0600]    15.5000 MB /   0.50 sec =  260.1931 Mbps     0 retrans   4168 KB-cwnd
[2024-11-05T11:28:58.578719-0600]    15.1875 MB /   0.50 sec =  254.8600 Mbps     0 retrans   4168 KB-cwnd
[2024-11-05T11:28:59.078749-0600]    13.1875 MB /   0.50 sec =  221.0572 Mbps    45 retrans      5 KB-cwnd
[2024-11-05T11:28:59.578139-0600]    15.5000 MB /   0.50 sec =  260.3056 Mbps     0 retrans      5 KB-cwnd
[2024-11-05T11:29:00.078288-0600]    13.5625 MB /   0.50 sec =  227.5119 Mbps     0 retrans      5 KB-cwnd
[2024-11-05T11:29:00.579380-0600]    13.0625 MB /   0.50 sec =  218.8836 Mbps     0 retrans      5 KB-cwnd
[2024-11-05T11:29:01.078232-0600]    12.5000 MB /   0.50 sec =  209.9756 Mbps     0 retrans      5 KB-cwnd
[2024-11-05T11:29:01.578214-0600]    13.8125 MB /   0.50 sec =  231.7399 Mbps     0 retrans      5 KB-cwnd
[2024-11-05T11:29:02.078221-0600]    13.5000 MB /   0.50 sec =  226.4879 Mbps   899 retrans   4575 KB-cwnd
[2024-11-05T11:29:02.578627-0600]    14.4375 MB /   0.50 sec =  242.0313 Mbps     0 retrans   4575 KB-cwnd
[2024-11-05T11:29:03.078857-0600]    12.8750 MB /   0.50 sec =  216.1523 Mbps     0 retrans   4575 KB-cwnd
End time: 1730827743357
