Start time: 1730758502442
[2024-11-04T16:15:03.355552-0600] nuttcp-r: v8.1.4: socket
[2024-11-04T16:15:03.356663-0600] nuttcp-r: buflen=65536, nstream=1, port=5103 tcp
[2024-11-04T16:15:03.356809-0600] nuttcp-r: interval reporting every 0.50 seconds
[2024-11-04T16:15:03.356931-0600] nuttcp-r: connect to 54.176.53.206 with RTT=83.459 ms af=inet
[2024-11-04T16:15:03.357051-0600] nuttcp-r: send window size = 1048576, receive window size = 1048576
[2024-11-04T16:15:03.357166-0600] nuttcp-r: available send window = 786432, available receive window = 786432
[2024-11-04T16:15:03.357278-0600]     0.3125 MB /   0.50 sec =    5.2251 Mbps     0 retrans
[2024-11-04T16:15:03.854268-0600]     2.6875 MB /   0.50 sec =   45.1992 Mbps     0 retrans
[2024-11-04T16:15:04.353249-0600]     4.3125 MB /   0.50 sec =   72.4208 Mbps     0 retrans
[2024-11-04T16:15:04.853263-0600]     5.6250 MB /   0.50 sec =   94.3694 Mbps     0 retrans
[2024-11-04T16:15:05.353446-0600]     6.6250 MB /   0.50 sec =  111.1493 Mbps     0 retrans
[2024-11-04T16:15:05.853472-0600]     6.1875 MB /   0.50 sec =  103.7881 Mbps     0 retrans
[2024-11-04T16:15:06.353272-0600]     4.6875 MB /   0.50 sec =   78.6608 Mbps     0 retrans
[2024-11-04T16:15:06.854748-0600]     6.4375 MB /   0.50 sec =  107.9105 Mbps     0 retrans
[2024-11-04T16:15:07.353247-0600]     7.5000 MB /   0.50 sec =  125.9362 Mbps     0 retrans
[2024-11-04T16:15:07.854055-0600]     7.2500 MB /   0.50 sec =  121.5855 Mbps     0 retrans
[2024-11-04T16:15:08.353319-0600]    10.2500 MB /   0.50 sec =  172.0281 Mbps     0 retrans
[2024-11-04T16:15:08.856235-0600]     5.8750 MB /   0.50 sec =   98.2208 Mbps     0 retrans
[2024-11-04T16:15:09.353427-0600]     4.0625 MB /   0.50 sec =   68.3953 Mbps     0 retrans
[2024-11-04T16:15:09.854271-0600]     9.4375 MB /   0.50 sec =  158.0234 Mbps     0 retrans
[2024-11-04T16:15:10.353447-0600]     7.8125 MB /   0.50 sec =  131.3186 Mbps     0 retrans
[2024-11-04T16:15:10.853364-0600]     8.4375 MB /   0.50 sec =  141.5730 Mbps     0 retrans
[2024-11-04T16:15:11.353417-0600]     9.5625 MB /   0.50 sec =  160.4305 Mbps     0 retrans
[2024-11-04T16:15:11.853263-0600]    10.3750 MB /   0.50 sec =  174.0772 Mbps     0 retrans
[2024-11-04T16:15:12.353281-0600]     4.3125 MB /   0.50 sec =   72.3480 Mbps     0 retrans
[2024-11-04T16:15:12.856750-0600]     3.3125 MB /   0.50 sec =   55.3129 Mbps     0 retrans
[2024-11-04T16:15:13.353271-0600]     8.9375 MB /   0.50 sec =  150.6608 Mbps     0 retrans
[2024-11-04T16:15:13.853357-0600]     9.3750 MB /   0.50 sec =  157.2814 Mbps     0 retrans
[2024-11-04T16:15:14.353916-0600]     4.8125 MB /   0.50 sec =   80.6539 Mbps     0 retrans
[2024-11-04T16:15:14.853414-0600]     6.4375 MB /   0.50 sec =  108.1088 Mbps     0 retrans
[2024-11-04T16:15:15.353397-0600]     5.6250 MB /   0.50 sec =   94.3769 Mbps     0 retrans
[2024-11-04T16:15:15.853378-0600]     2.7500 MB /   0.50 sec =   46.1410 Mbps     0 retrans
[2024-11-04T16:15:16.354379-0600]     4.5000 MB /   0.50 sec =   75.4225 Mbps     0 retrans
[2024-11-04T16:15:16.853396-0600]     5.6250 MB /   0.50 sec =   94.4601 Mbps     0 retrans
[2024-11-04T16:15:17.353453-0600]     5.6250 MB /   0.50 sec =   94.3792 Mbps     0 retrans
[2024-11-04T16:15:17.853705-0600]     5.6875 MB /   0.50 sec =   95.3542 Mbps     0 retrans
[2024-11-04T16:15:18.354736-0600]     6.2500 MB /   0.50 sec =  104.9172 Mbps     0 retrans
[2024-11-04T16:15:18.853375-0600]     5.4375 MB /   0.50 sec =   91.2199 Mbps     0 retrans
[2024-11-04T16:15:19.353294-0600]     6.5625 MB /   0.50 sec =  110.1188 Mbps     0 retrans
[2024-11-04T16:15:19.853559-0600]     6.6875 MB /   0.50 sec =  112.1606 Mbps     0 retrans
[2024-11-04T16:15:20.353758-0600]     7.6875 MB /   0.50 sec =  129.0143 Mbps     0 retrans
[2024-11-04T16:15:20.853218-0600]     7.7500 MB /   0.50 sec =  130.0380 Mbps     0 retrans
[2024-11-04T16:15:21.353385-0600]     4.9375 MB /   0.50 sec =   82.8239 Mbps     0 retrans
[2024-11-04T16:15:21.854253-0600]     8.3750 MB /   0.50 sec =  140.5142 Mbps     0 retrans
[2024-11-04T16:15:22.355258-0600]     8.3125 MB /   0.50 sec =  138.9595 Mbps     0 retrans
[2024-11-04T16:15:22.853400-0600]     6.9375 MB /   0.50 sec =  116.8127 Mbps     0 retrans
[2024-11-04T16:15:23.353277-0600]     8.0625 MB /   0.50 sec =  135.2801 Mbps     0 retrans
[2024-11-04T16:15:23.853785-0600]    10.3750 MB /   0.50 sec =  174.0493 Mbps     0 retrans
[2024-11-04T16:15:24.353796-0600]     8.6250 MB /   0.50 sec =  144.7078 Mbps     0 retrans
[2024-11-04T16:15:24.853412-0600]     8.5000 MB /   0.50 sec =  142.5989 Mbps     0 retrans
[2024-11-04T16:15:25.353880-0600]    10.5625 MB /   0.50 sec =  177.0518 Mbps     0 retrans
[2024-11-04T16:15:25.854204-0600]     8.3750 MB /   0.50 sec =  140.6377 Mbps     0 retrans
[2024-11-04T16:15:26.355791-0600]     6.5000 MB /   0.50 sec =  108.6605 Mbps     0 retrans
[2024-11-04T16:15:26.853784-0600]     2.5625 MB /   0.50 sec =   43.1483 Mbps     0 retrans
[2024-11-04T16:15:27.354031-0600]     0.2500 MB /   0.50 sec =    4.1904 Mbps     0 retrans
[2024-11-04T16:15:27.855228-0600]     0.8125 MB /   0.50 sec =   13.5955 Mbps     0 retrans
[2024-11-04T16:15:28.353236-0600]     2.8750 MB /   0.50 sec =   48.4091 Mbps     0 retrans
[2024-11-04T16:15:28.853933-0600]     4.6875 MB /   0.50 sec =   78.5541 Mbps     0 retrans
[2024-11-04T16:15:29.353435-0600]     6.8750 MB /   0.50 sec =  115.4748 Mbps     0 retrans
[2024-11-04T16:15:29.854229-0600]     7.9375 MB /   0.50 sec =  133.1569 Mbps     0 retrans
[2024-11-04T16:15:30.353285-0600]     8.4375 MB /   0.50 sec =  141.5663 Mbps     0 retrans
[2024-11-04T16:15:30.854465-0600]     8.1250 MB /   0.50 sec =  136.1727 Mbps     0 retrans
[2024-11-04T16:15:31.353478-0600]     6.0625 MB /   0.50 sec =  101.8074 Mbps     0 retrans
[2024-11-04T16:15:31.853886-0600]     9.6875 MB /   0.50 sec =  162.5416 Mbps     0 retrans
[2024-11-04T16:15:32.353842-0600]     8.6875 MB /   0.50 sec =  145.7521 Mbps     0 retrans
[2024-11-04T16:15:32.853876-0600]     9.8125 MB /   0.50 sec =  164.6218 Mbps     0 retrans
[2024-11-04T16:15:33.354346-0600]     9.3750 MB /   0.50 sec =  157.1560 Mbps     0 retrans
[2024-11-04T16:15:33.853980-0600]     8.5000 MB /   0.50 sec =  142.6902 Mbps     0 retrans
[2024-11-04T16:15:34.353266-0600]     3.2500 MB /   0.50 sec =   54.5428 Mbps     0 retrans
[2024-11-04T16:15:34.853254-0600]     2.6250 MB /   0.50 sec =   44.0403 Mbps     0 retrans
[2024-11-04T16:15:35.353216-0600]     6.3125 MB /   0.50 sec =  105.9108 Mbps     0 retrans
[2024-11-04T16:15:35.855888-0600]     7.5000 MB /   0.50 sec =  125.3353 Mbps     0 retrans
[2024-11-04T16:15:36.353419-0600]     7.4375 MB /   0.50 sec =  125.2721 Mbps     0 retrans
[2024-11-04T16:15:36.855594-0600]     5.7500 MB /   0.50 sec =   96.1366 Mbps     0 retrans
[2024-11-04T16:15:37.353356-0600]     8.3125 MB /   0.50 sec =  139.9429 Mbps     0 retrans
[2024-11-04T16:15:37.853344-0600]    10.8750 MB /   0.50 sec =  182.4395 Mbps     0 retrans
[2024-11-04T16:15:38.353705-0600]     8.1875 MB /   0.50 sec =  137.2657 Mbps     0 retrans
[2024-11-04T16:15:38.854210-0600]     4.2500 MB /   0.50 sec =   71.3458 Mbps     0 retrans
[2024-11-04T16:15:39.354942-0600]     1.6250 MB /   0.50 sec =   27.1848 Mbps     0 retrans
[2024-11-04T16:15:39.853578-0600]     6.5000 MB /   0.50 sec =  109.3533 Mbps     0 retrans
[2024-11-04T16:15:40.353616-0600]     6.5000 MB /   0.50 sec =  109.0824 Mbps     0 retrans
[2024-11-04T16:15:40.853922-0600]     5.5625 MB /   0.50 sec =   93.2295 Mbps     0 retrans
[2024-11-04T16:15:41.353803-0600]     7.1250 MB /   0.50 sec =  119.5441 Mbps     0 retrans
[2024-11-04T16:15:41.854282-0600]     8.1250 MB /   0.50 sec =  136.4262 Mbps     0 retrans
[2024-11-04T16:15:42.353384-0600]     1.6875 MB /   0.50 sec =   28.3138 Mbps     0 retrans
[2024-11-04T16:15:42.853833-0600]     6.6875 MB /   0.50 sec =  112.1990 Mbps     0 retrans
[2024-11-04T16:15:43.353271-0600]     6.8125 MB /   0.50 sec =  114.3030 Mbps     0 retrans
[2024-11-04T16:15:43.854360-0600]     8.4375 MB /   0.50 sec =  141.4146 Mbps     0 retrans
[2024-11-04T16:15:44.353364-0600]     8.8750 MB /   0.50 sec =  149.0403 Mbps     0 retrans
[2024-11-04T16:15:44.853292-0600]     9.5000 MB /   0.50 sec =  159.3934 Mbps     0 retrans
[2024-11-04T16:15:45.353427-0600]     7.3125 MB /   0.50 sec =  122.6741 Mbps     0 retrans
[2024-11-04T16:15:45.853891-0600]    10.3125 MB /   0.50 sec =  172.8508 Mbps     0 retrans
[2024-11-04T16:15:46.353976-0600]    11.2500 MB /   0.50 sec =  188.9111 Mbps     0 retrans
[2024-11-04T16:15:46.853258-0600]    10.5625 MB /   0.50 sec =  177.2398 Mbps     0 retrans
[2024-11-04T16:15:47.353407-0600]    11.1875 MB /   0.50 sec =  187.6748 Mbps     0 retrans
[2024-11-04T16:15:47.853443-0600]    10.3125 MB /   0.50 sec =  173.0012 Mbps     0 retrans
[2024-11-04T16:15:48.354917-0600]     8.6875 MB /   0.50 sec =  145.3796 Mbps     0 retrans
[2024-11-04T16:15:48.853660-0600]    10.9375 MB /   0.50 sec =  183.9817 Mbps     0 retrans
[2024-11-04T16:15:49.353422-0600]     7.7500 MB /   0.50 sec =  130.0232 Mbps     0 retrans
[2024-11-04T16:15:49.854351-0600]     7.8750 MB /   0.50 sec =  132.0060 Mbps     0 retrans
[2024-11-04T16:15:50.353415-0600]     4.8125 MB /   0.50 sec =   80.8047 Mbps     0 retrans
[2024-11-04T16:15:50.853215-0600]    11.3750 MB /   0.50 sec =  190.8794 Mbps     0 retrans
[2024-11-04T16:15:51.354844-0600]     8.5625 MB /   0.50 sec =  143.2970 Mbps     0 retrans
[2024-11-04T16:15:51.855037-0600]     3.1875 MB /   0.50 sec =   53.4642 Mbps     0 retrans
[2024-11-04T16:15:52.354907-0600]     6.0000 MB /   0.50 sec =  100.8377 Mbps     0 retrans
[2024-11-04T16:15:52.853864-0600]     8.9375 MB /   0.50 sec =  149.9545 Mbps     0 retrans
[2024-11-04T16:15:53.353412-0600]     9.7500 MB /   0.50 sec =  163.7147 Mbps     0 retrans
[2024-11-04T16:15:53.855395-0600]     4.5625 MB /   0.50 sec =   76.2681 Mbps     0 retrans
[2024-11-04T16:15:54.353406-0600]    11.8750 MB /   0.50 sec =  199.9721 Mbps     0 retrans
[2024-11-04T16:15:54.853859-0600]    12.8750 MB /   0.50 sec =  215.9980 Mbps     0 retrans
[2024-11-04T16:15:55.353908-0600]     8.3125 MB /   0.50 sec =  139.3191 Mbps     0 retrans
[2024-11-04T16:15:55.853273-0600]     6.8750 MB /   0.50 sec =  115.4664 Mbps     0 retrans
[2024-11-04T16:15:56.353613-0600]     6.3125 MB /   0.50 sec =  105.8607 Mbps     0 retrans
[2024-11-04T16:15:56.853498-0600]     6.5000 MB /   0.50 sec =  109.0929 Mbps     0 retrans
[2024-11-04T16:15:57.353688-0600]     7.8750 MB /   0.50 sec =  132.1330 Mbps     0 retrans
[2024-11-04T16:15:57.853441-0600]     9.6875 MB /   0.50 sec =  162.5036 Mbps     0 retrans
[2024-11-04T16:15:58.353344-0600]    10.3125 MB /   0.50 sec =  173.0268 Mbps     0 retrans
[2024-11-04T16:15:58.853408-0600]    11.8125 MB /   0.50 sec =  198.1840 Mbps     0 retrans
[2024-11-04T16:15:59.355771-0600]    12.5625 MB /   0.50 sec =  210.0182 Mbps     0 retrans
[2024-11-04T16:15:59.856209-0600]     6.3125 MB /   0.50 sec =  105.9058 Mbps     0 retrans
[2024-11-04T16:16:00.353305-0600]    14.3750 MB /   0.50 sec =  242.0288 Mbps     0 retrans
[2024-11-04T16:16:00.853400-0600]    12.9375 MB /   0.50 sec =  217.0648 Mbps     0 retrans
[2024-11-04T16:16:01.353295-0600]     7.7500 MB /   0.50 sec =  130.0198 Mbps     0 retrans
[2024-11-04T16:16:01.853401-0600]    11.6875 MB /   0.50 sec =  196.0782 Mbps     0 retrans
[2024-11-04T16:16:02.353397-0600]    13.1250 MB /   0.50 sec =  220.1939 Mbps     0 retrans
[2024-11-04T16:16:02.853313-0600]    11.5625 MB /   0.50 sec =  194.0129 Mbps     0 retrans
[2024-11-04T16:16:03.353799-0600]    13.6250 MB /   0.50 sec =  228.3772 Mbps     0 retrans
[2024-11-04T16:16:03.853242-0600]    14.0625 MB /   0.50 sec =  236.1383 Mbps     0 retrans
[2024-11-04T16:16:04.353242-0600]    11.8125 MB /   0.50 sec =  198.1864 Mbps     0 retrans
[2024-11-04T16:16:04.853349-0600]    14.6875 MB /   0.50 sec =  246.3966 Mbps     0 retrans
[2024-11-04T16:16:05.353424-0600]     6.1875 MB /   0.50 sec =  103.8018 Mbps     0 retrans
[2024-11-04T16:16:05.853388-0600]    11.5625 MB /   0.50 sec =  194.0001 Mbps     0 retrans
[2024-11-04T16:16:06.353244-0600]    10.8750 MB /   0.50 sec =  182.4665 Mbps     0 retrans
[2024-11-04T16:16:06.853426-0600]    12.6250 MB /   0.50 sec =  211.7878 Mbps     0 retrans
[2024-11-04T16:16:07.354945-0600]     9.8125 MB /   0.50 sec =  164.1897 Mbps     0 retrans
[2024-11-04T16:16:07.854866-0600]     7.2500 MB /   0.50 sec =  121.8446 Mbps     0 retrans
[2024-11-04T16:16:08.353919-0600]    12.5625 MB /   0.50 sec =  210.7638 Mbps     0 retrans
[2024-11-04T16:16:08.853297-0600]    10.0625 MB /   0.50 sec =  168.9941 Mbps     0 retrans
[2024-11-04T16:16:09.353401-0600]     8.3125 MB /   0.50 sec =  139.4536 Mbps     0 retrans
[2024-11-04T16:16:09.853452-0600]    10.6250 MB /   0.50 sec =  178.2116 Mbps     0 retrans
[2024-11-04T16:16:10.356260-0600]    11.7500 MB /   0.50 sec =  196.2683 Mbps     0 retrans
[2024-11-04T16:16:10.853391-0600]    12.0000 MB /   0.50 sec =  202.2675 Mbps     0 retrans
[2024-11-04T16:16:11.353364-0600]    10.3750 MB /   0.50 sec =  174.0647 Mbps     0 retrans
[2024-11-04T16:16:11.853454-0600]    13.1875 MB /   0.50 sec =  221.2371 Mbps     0 retrans
[2024-11-04T16:16:12.353488-0600]     5.6875 MB /   0.50 sec =   95.4336 Mbps     0 retrans
[2024-11-04T16:16:12.854916-0600]    12.9375 MB /   0.50 sec =  216.8336 Mbps     0 retrans
[2024-11-04T16:16:13.353618-0600]    10.5000 MB /   0.50 sec =  176.3385 Mbps     0 retrans
[2024-11-04T16:16:13.853981-0600]     8.1250 MB /   0.50 sec =  136.2416 Mbps     0 retrans
[2024-11-04T16:16:14.355165-0600]    10.8750 MB /   0.50 sec =  182.0964 Mbps     0 retrans
[2024-11-04T16:16:14.853384-0600]    13.3125 MB /   0.50 sec =  223.8818 Mbps     0 retrans
[2024-11-04T16:16:15.353314-0600]     9.8750 MB /   0.50 sec =  165.6724 Mbps     0 retrans
[2024-11-04T16:16:15.854547-0600]    14.6875 MB /   0.50 sec =  246.2297 Mbps     0 retrans
[2024-11-04T16:16:16.353641-0600]    11.1250 MB /   0.50 sec =  186.6992 Mbps     0 retrans
[2024-11-04T16:16:16.853393-0600]     5.1250 MB /   0.50 sec =   86.0271 Mbps     0 retrans
[2024-11-04T16:16:17.353873-0600]     7.4375 MB /   0.50 sec =  124.7778 Mbps     0 retrans
[2024-11-04T16:16:17.853358-0600]    11.6875 MB /   0.50 sec =  196.0880 Mbps     0 retrans
[2024-11-04T16:16:18.353295-0600]     7.8750 MB /   0.50 sec =  132.1267 Mbps     0 retrans
[2024-11-04T16:16:18.853366-0600]     7.0625 MB /   0.50 sec =  118.4943 Mbps     0 retrans
[2024-11-04T16:16:19.356171-0600]     8.6875 MB /   0.50 sec =  145.2382 Mbps     0 retrans
[2024-11-04T16:16:19.853395-0600]     7.8125 MB /   0.50 sec =  131.5260 Mbps     0 retrans
[2024-11-04T16:16:20.353874-0600]     5.3125 MB /   0.50 sec =   89.0453 Mbps     0 retrans
[2024-11-04T16:16:20.853330-0600]     9.6250 MB /   0.50 sec =  161.6368 Mbps     0 retrans
[2024-11-04T16:16:21.353348-0600]     5.5625 MB /   0.50 sec =   93.3244 Mbps     0 retrans
[2024-11-04T16:16:21.853700-0600]     7.6875 MB /   0.50 sec =  128.9715 Mbps     0 retrans
[2024-11-04T16:16:22.353373-0600]     9.5625 MB /   0.50 sec =  160.4318 Mbps     0 retrans
[2024-11-04T16:16:22.854289-0600]     8.5625 MB /   0.50 sec =  143.5298 Mbps     0 retrans
[2024-11-04T16:16:23.353563-0600]     8.7500 MB /   0.50 sec =  146.9279 Mbps     0 retrans
[2024-11-04T16:16:23.853842-0600]     8.8125 MB /   0.50 sec =  147.8501 Mbps     0 retrans
[2024-11-04T16:16:24.353629-0600]    10.5625 MB /   0.50 sec =  177.2115 Mbps     0 retrans
[2024-11-04T16:16:24.855646-0600]    11.3125 MB /   0.50 sec =  189.1239 Mbps     0 retrans
[2024-11-04T16:16:25.353317-0600]     8.2500 MB /   0.50 sec =  138.9060 Mbps     0 retrans
[2024-11-04T16:16:25.854558-0600]    11.6875 MB /   0.50 sec =  195.8608 Mbps     0 retrans
[2024-11-04T16:16:26.353880-0600]     7.8750 MB /   0.50 sec =  132.2497 Mbps     0 retrans
[2024-11-04T16:16:26.853362-0600]     8.5625 MB /   0.50 sec =  143.6704 Mbps     0 retrans
[2024-11-04T16:16:27.353232-0600]     6.4375 MB /   0.50 sec =  108.0152 Mbps     0 retrans
[2024-11-04T16:16:27.854058-0600]    11.3750 MB /   0.50 sec =  190.6868 Mbps     0 retrans
[2024-11-04T16:16:28.353627-0600]    10.7500 MB /   0.50 sec =  180.4164 Mbps     0 retrans
[2024-11-04T16:16:28.855120-0600]    11.7500 MB /   0.50 sec =  196.7223 Mbps     0 retrans
[2024-11-04T16:16:29.353320-0600]    13.3750 MB /   0.50 sec =  224.9568 Mbps     0 retrans
[2024-11-04T16:16:29.854381-0600]    12.1250 MB /   0.50 sec =  203.2376 Mbps     0 retrans
[2024-11-04T16:16:30.353452-0600]    10.7500 MB /   0.50 sec =  180.5240 Mbps     0 retrans
[2024-11-04T16:16:30.853374-0600]    11.9375 MB /   0.50 sec =  200.2708 Mbps     0 retrans
[2024-11-04T16:16:31.354459-0600]    12.5000 MB /   0.50 sec =  209.4881 Mbps     0 retrans
[2024-11-04T16:16:31.855864-0600]    10.3750 MB /   0.50 sec =  173.6043 Mbps     0 retrans
[2024-11-04T16:16:32.353362-0600]    12.0625 MB /   0.50 sec =  203.1320 Mbps     0 retrans
[2024-11-04T16:16:32.853444-0600]    12.0625 MB /   0.50 sec =  202.3772 Mbps     0 retrans
[2024-11-04T16:16:33.354774-0600]    11.1250 MB /   0.50 sec =  186.4027 Mbps     0 retrans
[2024-11-04T16:16:33.854369-0600]    10.6875 MB /   0.50 sec =  179.3585 Mbps     0 retrans
[2024-11-04T16:16:34.353241-0600]     9.3125 MB /   0.50 sec =  156.4042 Mbps     0 retrans
[2024-11-04T16:16:34.854280-0600]     9.5625 MB /   0.50 sec =  160.2735 Mbps     0 retrans
[2024-11-04T16:16:35.353323-0600]    11.0000 MB /   0.50 sec =  184.7360 Mbps     0 retrans
[2024-11-04T16:16:35.854429-0600]    10.3125 MB /   0.50 sec =  172.8166 Mbps     0 retrans
[2024-11-04T16:16:36.353260-0600]     8.6875 MB /   0.50 sec =  145.9126 Mbps     0 retrans
[2024-11-04T16:16:36.853951-0600]    11.9375 MB /   0.50 sec =  200.2420 Mbps     0 retrans
[2024-11-04T16:16:37.355375-0600]     8.2500 MB /   0.50 sec =  138.0063 Mbps     0 retrans
[2024-11-04T16:16:37.853343-0600]    10.6875 MB /   0.50 sec =  179.8706 Mbps     0 retrans
[2024-11-04T16:16:38.353350-0600]    11.9375 MB /   0.50 sec =  200.2624 Mbps     0 retrans
[2024-11-04T16:16:38.853660-0600]    10.3125 MB /   0.50 sec =  173.0227 Mbps     0 retrans
[2024-11-04T16:16:39.353505-0600]    11.5625 MB /   0.50 sec =  193.9866 Mbps     0 retrans
[2024-11-04T16:16:39.854246-0600]    10.6250 MB /   0.50 sec =  178.2376 Mbps     0 retrans
[2024-11-04T16:16:40.353342-0600]     9.8750 MB /   0.50 sec =  165.6912 Mbps     0 retrans
[2024-11-04T16:16:40.853298-0600]    11.6250 MB /   0.50 sec =  195.0503 Mbps     0 retrans
[2024-11-04T16:16:41.353351-0600]    12.7500 MB /   0.50 sec =  213.8877 Mbps     0 retrans
[2024-11-04T16:16:41.853550-0600]    14.5625 MB /   0.50 sec =  244.3079 Mbps     0 retrans
[2024-11-04T16:16:42.353610-0600]     9.5000 MB /   0.50 sec =  159.4068 Mbps     0 retrans
[2024-11-04T16:16:42.855236-0600]    12.8125 MB /   0.50 sec =  214.7142 Mbps     0 retrans
[2024-11-04T16:16:43.353866-0600]    13.7500 MB /   0.50 sec =  230.9176 Mbps     0 retrans
[2024-11-04T16:16:43.855391-0600]    10.5000 MB /   0.50 sec =  175.6234 Mbps     0 retrans
[2024-11-04T16:16:44.353433-0600]     7.6875 MB /   0.50 sec =  129.3712 Mbps     0 retrans
[2024-11-04T16:16:44.853618-0600]    10.9375 MB /   0.50 sec =  183.4128 Mbps     0 retrans
[2024-11-04T16:16:45.353255-0600]    17.0000 MB /   0.50 sec =  285.3828 Mbps     0 retrans
[2024-11-04T16:16:45.855519-0600]    15.1875 MB /   0.50 sec =  253.9699 Mbps     0 retrans
[2024-11-04T16:16:46.355080-0600]    14.2500 MB /   0.50 sec =  239.0782 Mbps     0 retrans
[2024-11-04T16:16:46.853866-0600]    15.6875 MB /   0.50 sec =  264.0364 Mbps     0 retrans
[2024-11-04T16:16:47.353425-0600]    17.1250 MB /   0.50 sec =  287.3035 Mbps     0 retrans
[2024-11-04T16:16:47.853404-0600]    16.0000 MB /   0.50 sec =  268.4505 Mbps     0 retrans
[2024-11-04T16:16:48.354221-0600]    15.4375 MB /   0.50 sec =  258.7499 Mbps     0 retrans
[2024-11-04T16:16:48.854846-0600]    13.8750 MB /   0.50 sec =  232.7168 Mbps     0 retrans
[2024-11-04T16:16:49.353596-0600]    12.5625 MB /   0.50 sec =  211.0364 Mbps     0 retrans
[2024-11-04T16:16:49.853917-0600]    12.3750 MB /   0.50 sec =  207.5998 Mbps     0 retrans
[2024-11-04T16:16:50.354201-0600]    17.0625 MB /   0.50 sec =  286.0399 Mbps     0 retrans
[2024-11-04T16:16:50.854127-0600]    13.3125 MB /   0.50 sec =  223.5201 Mbps     0 retrans
[2024-11-04T16:16:51.353463-0600]     5.8125 MB /   0.50 sec =   97.5123 Mbps     0 retrans
[2024-11-04T16:16:51.855659-0600]     0.0000 MB /   0.50 sec =    0.0000 Mbps     0 retrans
[2024-11-04T16:16:52.353969-0600]     0.8125 MB /   0.50 sec =   13.6610 Mbps     0 retrans
[2024-11-04T16:16:52.853449-0600]    11.6875 MB /   0.50 sec =  196.2592 Mbps     0 retrans
[2024-11-04T16:16:53.353407-0600]    10.5625 MB /   0.50 sec =  177.2349 Mbps     0 retrans
[2024-11-04T16:16:53.853409-0600]     8.0625 MB /   0.50 sec =  135.2625 Mbps     0 retrans
[2024-11-04T16:16:54.353363-0600]    11.9375 MB /   0.50 sec =  200.2896 Mbps     0 retrans
[2024-11-04T16:16:54.853653-0600]    11.9375 MB /   0.50 sec =  200.1831 Mbps     0 retrans
[2024-11-04T16:16:55.353328-0600]     6.6250 MB /   0.50 sec =  111.2087 Mbps     0 retrans
[2024-11-04T16:16:55.853856-0600]     6.8750 MB /   0.50 sec =  115.2401 Mbps     0 retrans
[2024-11-04T16:16:56.353381-0600]     7.0000 MB /   0.50 sec =  117.5432 Mbps     0 retrans
[2024-11-04T16:16:56.854353-0600]     7.9375 MB /   0.50 sec =  133.0327 Mbps     0 retrans
[2024-11-04T16:16:57.353203-0600]     4.2500 MB /   0.50 sec =   71.3797 Mbps     0 retrans
[2024-11-04T16:16:57.853840-0600]    10.1250 MB /   0.50 sec =  169.8333 Mbps     0 retrans
[2024-11-04T16:16:58.353315-0600]     7.8125 MB /   0.50 sec =  131.0990 Mbps     0 retrans
[2024-11-04T16:16:58.856184-0600]    10.7500 MB /   0.50 sec =  179.7028 Mbps     0 retrans
[2024-11-04T16:16:59.353357-0600]    10.6875 MB /   0.50 sec =  179.9511 Mbps     0 retrans
[2024-11-04T16:16:59.854484-0600]    11.6250 MB /   0.50 sec =  194.8201 Mbps     0 retrans
[2024-11-04T16:17:00.356182-0600]     9.5000 MB /   0.50 sec =  159.0004 Mbps     0 retrans
[2024-11-04T16:17:00.856196-0600]     0.6875 MB /   0.50 sec =   11.5344 Mbps     0 retrans
[2024-11-04T16:17:01.353452-0600]     9.1250 MB /   0.50 sec =  153.5974 Mbps     0 retrans
[2024-11-04T16:17:01.853876-0600]     8.1875 MB /   0.50 sec =  137.3824 Mbps     0 retrans
[2024-11-04T16:17:02.353757-0600]     9.1250 MB /   0.50 sec =  152.9838 Mbps     0 retrans
[2024-11-04T16:17:02.853252-0600]     8.0000 MB /   0.50 sec =  134.3268 Mbps     0 retrans
[2024-11-04T16:17:03.353586-0600]     9.6875 MB /   0.50 sec =  162.5280 Mbps     0 retrans
End time: 1730758623510
