Start time: 1730839819664
[2024-11-05T14:50:20.934443-0600] nuttcp-t: v8.1.4: socket
[2024-11-05T14:50:20.935046-0600] nuttcp-t: buflen=65536, nstream=1, port=5102 tcp -> 54.197.223.49
[2024-11-05T14:50:20.935086-0600] nuttcp-t: time limit = 120.00 seconds
[2024-11-05T14:50:20.935113-0600] nuttcp-t: connect to 54.197.223.49 with mss=1378, RTT=132.604 ms af=inet
[2024-11-05T14:50:20.935138-0600] nuttcp-t: send window size = 1048576, receive window size = 4194304
[2024-11-05T14:50:20.935164-0600] nuttcp-t: available send window = 786432, available receive window = 3145728
[2024-11-05T14:50:20.935189-0600] nuttcp-t: initial congestion window = 13 KB (10 packets)
[2024-11-05T14:50:20.935214-0600] nuttcp-r: v8.1.4: socket
[2024-11-05T14:50:20.935238-0600] nuttcp-r: buflen=65536, nstream=1, port=5102 tcp
[2024-11-05T14:50:20.935262-0600] nuttcp-r: interval reporting every 0.50 seconds
[2024-11-05T14:50:20.935286-0600] nuttcp-r: accept from 166.199.111.162 with af=inet
[2024-11-05T14:50:20.935310-0600] nuttcp-r: send window size = 450000000, receive window size = 450000000
[2024-11-05T14:50:20.935336-0600] nuttcp-r: available send window = 225000000, available receive window = 225000000
[2024-11-05T14:50:20.935366-0600]     0.2500 MB /   0.50 sec =    4.1942 Mbps     0 retrans    411 KB-cwnd
[2024-11-05T14:50:21.706262-0600]     0.5000 MB /   0.50 sec =    8.3886 Mbps     0 retrans   1154 KB-cwnd
[2024-11-05T14:50:22.098151-0600]     0.4375 MB /   0.50 sec =    7.3399 Mbps     0 retrans   1216 KB-cwnd
[2024-11-05T14:50:22.466085-0600]     0.5000 MB /   0.50 sec =    8.3887 Mbps     0 retrans   1229 KB-cwnd
[2024-11-05T14:50:23.112225-0600]     0.5625 MB /   0.50 sec =    9.4374 Mbps     0 retrans   1246 KB-cwnd
[2024-11-05T14:50:23.518414-0600]     0.5000 MB /   0.50 sec =    8.3883 Mbps     0 retrans   1246 KB-cwnd
[2024-11-05T14:50:23.928764-0600]     0.4375 MB /   0.50 sec =    7.3402 Mbps     0 retrans   1246 KB-cwnd
[2024-11-05T14:50:24.344928-0600]     0.4375 MB /   0.50 sec =    7.3402 Mbps     0 retrans   1246 KB-cwnd
[2024-11-05T14:50:24.956876-0600]     0.5625 MB /   0.50 sec =    9.4371 Mbps     0 retrans   1246 KB-cwnd
[2024-11-05T14:50:25.512277-0600]     0.6250 MB /   0.50 sec =   10.4858 Mbps     0 retrans   1270 KB-cwnd
[2024-11-05T14:50:26.070302-0600]     0.6250 MB /   0.50 sec =   10.4856 Mbps     0 retrans   1299 KB-cwnd
[2024-11-05T14:50:26.376324-0600]     0.6250 MB /   0.50 sec =   10.4854 Mbps     0 retrans   1299 KB-cwnd
[2024-11-05T14:50:26.904446-0600]     0.6875 MB /   0.50 sec =   11.5343 Mbps     0 retrans   1299 KB-cwnd
[2024-11-05T14:50:27.462111-0600]     0.6875 MB /   0.50 sec =   11.5344 Mbps     0 retrans   1299 KB-cwnd
[2024-11-05T14:50:28.081248-0600]     0.6250 MB /   0.50 sec =   10.4859 Mbps     0 retrans   1299 KB-cwnd
[2024-11-05T14:50:28.620352-0600]     0.6250 MB /   0.50 sec =   10.4858 Mbps     0 retrans   1328 KB-cwnd
[2024-11-05T14:50:28.936185-0600]     0.6250 MB /   0.50 sec =   10.4857 Mbps     0 retrans   1328 KB-cwnd
[2024-11-05T14:50:29.604716-0600]     0.5625 MB /   0.50 sec =    9.4373 Mbps     0 retrans   1328 KB-cwnd
[2024-11-05T14:50:29.940379-0600]     0.5625 MB /   0.50 sec =    9.4285 Mbps     0 retrans   1328 KB-cwnd
[2024-11-05T14:50:30.526331-0600]     0.5625 MB /   0.50 sec =    9.4461 Mbps     0 retrans   1328 KB-cwnd
[2024-11-05T14:50:31.138382-0600]     0.6250 MB /   0.50 sec =   10.4660 Mbps     0 retrans   1328 KB-cwnd
[2024-11-05T14:50:31.499737-0600]     0.5000 MB /   0.50 sec =    8.4043 Mbps     0 retrans   1328 KB-cwnd
[2024-11-05T14:50:31.890120-0600]     0.5000 MB /   0.50 sec =    8.3888 Mbps     0 retrans   1328 KB-cwnd
[2024-11-05T14:50:32.488369-0600]     0.3125 MB /   0.50 sec =    5.2428 Mbps     0 retrans   1328 KB-cwnd
[2024-11-05T14:50:33.278078-0600]     0.1875 MB /   0.50 sec =    3.1457 Mbps     8 retrans   1061 KB-cwnd
[2024-11-05T14:50:35.346325-0600]     0.6250 MB /   0.50 sec =   10.4859 Mbps    32 retrans    854 KB-cwnd
[2024-11-05T14:50:35.346851-0600]     0.5625 MB /   0.50 sec =    9.4365 Mbps     0 retrans    854 KB-cwnd
[2024-11-05T14:50:35.347002-0600]     0.1875 MB /   0.50 sec =    3.1459 Mbps     0 retrans    854 KB-cwnd
[2024-11-05T14:50:35.347424-0600]     0.8125 MB /   0.50 sec =   13.6313 Mbps     0 retrans    854 KB-cwnd
[2024-11-05T14:50:35.347538-0600]     0.5625 MB /   0.50 sec =    9.4372 Mbps     0 retrans    854 KB-cwnd
[2024-11-05T14:50:36.790311-0600]     0.6875 MB /   0.50 sec =   11.5346 Mbps     0 retrans    854 KB-cwnd
[2024-11-05T14:50:36.790775-0600]     0.7500 MB /   0.50 sec =   12.5827 Mbps     0 retrans    854 KB-cwnd
[2024-11-05T14:50:38.377037-0600]     0.7500 MB /   0.50 sec =   12.5827 Mbps     0 retrans    854 KB-cwnd
[2024-11-05T14:50:38.377465-0600]     0.7500 MB /   0.50 sec =   12.5833 Mbps     0 retrans    854 KB-cwnd
[2024-11-05T14:50:38.377602-0600]     0.6875 MB /   0.50 sec =   11.5345 Mbps     0 retrans    854 KB-cwnd
[2024-11-05T14:50:38.377715-0600]     0.6250 MB /   0.50 sec =   10.4856 Mbps     0 retrans    854 KB-cwnd
[2024-11-05T14:50:40.252348-0600]     0.6250 MB /   0.50 sec =   10.4859 Mbps     0 retrans    854 KB-cwnd
[2024-11-05T14:50:40.254326-0600]     0.5625 MB /   0.50 sec =    9.4369 Mbps     0 retrans    854 KB-cwnd
[2024-11-05T14:50:40.254580-0600]     0.6250 MB /   0.50 sec =   10.4857 Mbps     0 retrans    854 KB-cwnd
[2024-11-05T14:50:41.996208-0600]     0.6250 MB /   0.50 sec =   10.4857 Mbps     0 retrans    854 KB-cwnd
[2024-11-05T14:50:41.996668-0600]     0.5000 MB /   0.50 sec =    8.3888 Mbps     0 retrans    854 KB-cwnd
[2024-11-05T14:50:41.998713-0600]     0.6250 MB /   0.50 sec =   10.4856 Mbps     0 retrans    854 KB-cwnd
[2024-11-05T14:50:41.998924-0600]     0.6875 MB /   0.50 sec =   11.5344 Mbps     0 retrans    854 KB-cwnd
[2024-11-05T14:50:43.664380-0600]     0.5625 MB /   0.50 sec =    9.4375 Mbps     0 retrans    854 KB-cwnd
[2024-11-05T14:50:43.664913-0600]     0.6875 MB /   0.50 sec =   11.5343 Mbps     0 retrans    854 KB-cwnd
[2024-11-05T14:50:43.665165-0600]     0.6875 MB /   0.50 sec =   11.5335 Mbps     0 retrans    854 KB-cwnd
[2024-11-05T14:50:45.707729-0600]     0.6875 MB /   0.50 sec =   11.5348 Mbps     0 retrans    854 KB-cwnd
[2024-11-05T14:50:45.707918-0600]     0.5625 MB /   0.50 sec =    9.4366 Mbps     0 retrans    854 KB-cwnd
[2024-11-05T14:50:45.707951-0600]     0.5000 MB /   0.50 sec =    8.3892 Mbps     0 retrans    854 KB-cwnd
[2024-11-05T14:50:45.707984-0600]     0.5000 MB /   0.50 sec =    8.3888 Mbps     0 retrans    854 KB-cwnd
[2024-11-05T14:50:48.466151-0600]     0.5000 MB /   0.50 sec =    8.3886 Mbps     0 retrans    854 KB-cwnd
[2024-11-05T14:50:48.466599-0600]     0.3750 MB /   0.50 sec =    6.2914 Mbps     0 retrans    854 KB-cwnd
[2024-11-05T14:50:48.466736-0600]     0.3750 MB /   0.50 sec =    6.2913 Mbps     0 retrans    854 KB-cwnd
[2024-11-05T14:50:48.466864-0600]     0.3750 MB /   0.50 sec =    6.2914 Mbps     0 retrans    854 KB-cwnd
[2024-11-05T14:50:48.466979-0600]     0.3750 MB /   0.50 sec =    6.2915 Mbps     0 retrans    854 KB-cwnd
[2024-11-05T14:50:48.467089-0600]     0.4375 MB /   0.50 sec =    7.3399 Mbps     0 retrans    854 KB-cwnd
[2024-11-05T14:50:50.902135-0600]     0.4375 MB /   0.50 sec =    7.3402 Mbps     0 retrans    854 KB-cwnd
[2024-11-05T14:50:50.902654-0600]     0.5000 MB /   0.50 sec =    8.3885 Mbps     0 retrans    854 KB-cwnd
[2024-11-05T14:50:50.902887-0600]     0.4375 MB /   0.50 sec =    7.3403 Mbps     0 retrans    854 KB-cwnd
[2024-11-05T14:50:50.904626-0600]     0.5000 MB /   0.50 sec =    8.3884 Mbps     0 retrans    854 KB-cwnd
[2024-11-05T14:50:50.904839-0600]     0.3750 MB /   0.50 sec =    6.2915 Mbps     0 retrans    854 KB-cwnd
[2024-11-05T14:50:53.614351-0600]     0.4375 MB /   0.50 sec =    7.3400 Mbps     1 retrans    690 KB-cwnd
[2024-11-05T14:50:53.614746-0600]     0.2500 MB /   0.50 sec =    4.1943 Mbps     0 retrans    690 KB-cwnd
[2024-11-05T14:50:53.614896-0600]     0.3750 MB /   0.50 sec =    6.2914 Mbps     0 retrans    690 KB-cwnd
[2024-11-05T14:50:53.615013-0600]     0.3750 MB /   0.50 sec =    6.2916 Mbps     0 retrans    690 KB-cwnd
[2024-11-05T14:50:53.615122-0600]     0.1875 MB /   0.50 sec =    3.1456 Mbps     0 retrans    690 KB-cwnd
[2024-11-05T14:50:55.262438-0600]     0.9375 MB /   0.50 sec =   15.7291 Mbps     0 retrans    709 KB-cwnd
[2024-11-05T14:50:55.262839-0600]     0.6250 MB /   0.50 sec =   10.4860 Mbps     0 retrans    709 KB-cwnd
[2024-11-05T14:50:55.262977-0600]     0.6875 MB /   0.50 sec =   11.5343 Mbps     0 retrans    709 KB-cwnd
[2024-11-05T14:50:57.045866-0600]     0.5625 MB /   0.50 sec =    9.4369 Mbps     0 retrans    709 KB-cwnd
[2024-11-05T14:50:57.046399-0600]     0.6250 MB /   0.50 sec =   10.4851 Mbps     0 retrans    709 KB-cwnd
[2024-11-05T14:50:57.046557-0600]     0.5625 MB /   0.50 sec =    9.3917 Mbps     0 retrans    709 KB-cwnd
[2024-11-05T14:50:57.046678-0600]     0.6875 MB /   0.50 sec =   11.5915 Mbps     0 retrans    709 KB-cwnd
[2024-11-05T14:50:58.725857-0600]     0.5625 MB /   0.50 sec =    9.3933 Mbps     0 retrans    709 KB-cwnd
[2024-11-05T14:50:58.726272-0600]     0.6250 MB /   0.50 sec =   10.5348 Mbps     0 retrans    709 KB-cwnd
[2024-11-05T14:50:58.726403-0600]     0.6875 MB /   0.50 sec =   11.5345 Mbps     0 retrans    709 KB-cwnd
[2024-11-05T14:51:00.258736-0600]     0.6875 MB /   0.50 sec =   11.5342 Mbps     0 retrans    709 KB-cwnd
[2024-11-05T14:51:00.259436-0600]     0.6875 MB /   0.50 sec =   11.5343 Mbps     0 retrans    709 KB-cwnd
[2024-11-05T14:51:00.259708-0600]     0.6875 MB /   0.50 sec =   11.5344 Mbps     0 retrans    709 KB-cwnd
[2024-11-05T14:51:01.662433-0600]     0.7500 MB /   0.50 sec =   12.5829 Mbps     0 retrans    709 KB-cwnd
[2024-11-05T14:51:01.662855-0600]     0.7500 MB /   0.50 sec =   12.5830 Mbps     0 retrans    709 KB-cwnd
[2024-11-05T14:51:01.662991-0600]     0.8125 MB /   0.50 sec =   13.6295 Mbps     0 retrans    709 KB-cwnd
[2024-11-05T14:51:03.222449-0600]     0.7500 MB /   0.50 sec =   12.5847 Mbps     0 retrans    709 KB-cwnd
[2024-11-05T14:51:03.223106-0600]     0.7500 MB /   0.50 sec =   12.5792 Mbps     0 retrans    709 KB-cwnd
[2024-11-05T14:51:03.223353-0600]     0.7500 MB /   0.50 sec =   12.5866 Mbps     0 retrans    709 KB-cwnd
[2024-11-05T14:51:04.983966-0600]     0.5625 MB /   0.50 sec =    9.4370 Mbps     0 retrans    709 KB-cwnd
[2024-11-05T14:51:04.984324-0600]     0.6875 MB /   0.50 sec =   11.5345 Mbps     0 retrans    709 KB-cwnd
[2024-11-05T14:51:04.984449-0600]     0.6250 MB /   0.50 sec =   10.4853 Mbps     0 retrans    709 KB-cwnd
[2024-11-05T14:51:04.984556-0600]     0.6250 MB /   0.50 sec =   10.4864 Mbps     0 retrans    709 KB-cwnd
[2024-11-05T14:51:07.029285-0600]     0.5625 MB /   0.50 sec =    9.4367 Mbps     0 retrans    709 KB-cwnd
[2024-11-05T14:51:07.029708-0600]     0.5000 MB /   0.50 sec =    8.3889 Mbps     0 retrans    709 KB-cwnd
[2024-11-05T14:51:07.029840-0600]     0.5000 MB /   0.50 sec =    8.3885 Mbps     0 retrans    709 KB-cwnd
[2024-11-05T14:51:07.030050-0600]     0.5625 MB /   0.50 sec =    9.4374 Mbps     0 retrans    709 KB-cwnd
[2024-11-05T14:51:09.106518-0600]     0.5000 MB /   0.50 sec =    8.3884 Mbps     0 retrans    709 KB-cwnd
[2024-11-05T14:51:09.109032-0600]     0.5625 MB /   0.50 sec =    9.4373 Mbps     0 retrans    709 KB-cwnd
[2024-11-05T14:51:09.109278-0600]     0.4375 MB /   0.50 sec =    7.3053 Mbps     0 retrans    709 KB-cwnd
[2024-11-05T14:51:09.109413-0600]     0.5625 MB /   0.50 sec =    9.4817 Mbps     0 retrans    709 KB-cwnd
[2024-11-05T14:51:11.079908-0600]     0.5625 MB /   0.50 sec =    9.4355 Mbps     0 retrans    709 KB-cwnd
[2024-11-05T14:51:11.080286-0600]     0.6250 MB /   0.50 sec =   10.4867 Mbps     0 retrans    709 KB-cwnd
[2024-11-05T14:51:11.080415-0600]     0.4375 MB /   0.50 sec =    7.3409 Mbps     0 retrans    709 KB-cwnd
[2024-11-05T14:51:11.080517-0600]     0.5000 MB /   0.50 sec =    8.3886 Mbps     0 retrans    709 KB-cwnd
[2024-11-05T14:51:12.755336-0600]     0.6250 MB /   0.50 sec =   10.4857 Mbps     0 retrans    709 KB-cwnd
[2024-11-05T14:51:12.755800-0600]     0.7500 MB /   0.50 sec =   12.5830 Mbps     0 retrans    709 KB-cwnd
[2024-11-05T14:51:12.755944-0600]     0.6250 MB /   0.50 sec =   10.4843 Mbps     0 retrans    709 KB-cwnd
[2024-11-05T14:51:14.376935-0600]     0.6250 MB /   0.50 sec =   10.4875 Mbps     0 retrans    709 KB-cwnd
[2024-11-05T14:51:14.377475-0600]     0.5625 MB /   0.50 sec =    9.4369 Mbps     0 retrans    709 KB-cwnd
[2024-11-05T14:51:14.377621-0600]     0.6875 MB /   0.50 sec =   11.5329 Mbps     0 retrans    709 KB-cwnd
[2024-11-05T14:51:14.377741-0600]     0.7500 MB /   0.50 sec =   12.5841 Mbps     0 retrans    709 KB-cwnd
[2024-11-05T14:51:15.872146-0600]     0.6875 MB /   0.50 sec =   11.5338 Mbps     0 retrans    709 KB-cwnd
[2024-11-05T14:51:15.872551-0600]     0.7500 MB /   0.50 sec =   12.5844 Mbps     0 retrans    709 KB-cwnd
[2024-11-05T14:51:15.872682-0600]     0.7500 MB /   0.50 sec =   12.5808 Mbps     0 retrans    709 KB-cwnd
[2024-11-05T14:51:17.292117-0600]     0.8125 MB /   0.50 sec =   13.6327 Mbps     0 retrans    709 KB-cwnd
[2024-11-05T14:51:17.292581-0600]     0.7500 MB /   0.50 sec =   12.5834 Mbps     0 retrans    709 KB-cwnd
[2024-11-05T14:51:19.259550-0600]     0.6875 MB /   0.50 sec =   11.5344 Mbps     0 retrans    709 KB-cwnd
[2024-11-05T14:51:19.259965-0600]     0.6250 MB /   0.50 sec =   10.4859 Mbps     0 retrans    709 KB-cwnd
[2024-11-05T14:51:19.260106-0600]     0.5000 MB /   0.50 sec =    8.3886 Mbps     0 retrans    709 KB-cwnd
[2024-11-05T14:51:19.260220-0600]     0.5625 MB /   0.50 sec =    9.4318 Mbps     0 retrans    709 KB-cwnd
[2024-11-05T14:51:20.995560-0600]     0.5625 MB /   0.50 sec =    9.4425 Mbps     0 retrans    709 KB-cwnd
[2024-11-05T14:51:20.995989-0600]     0.5625 MB /   0.50 sec =    9.4373 Mbps     0 retrans    709 KB-cwnd
[2024-11-05T14:51:20.996129-0600]     0.6250 MB /   0.50 sec =   10.4849 Mbps     0 retrans    709 KB-cwnd
[2024-11-05T14:51:20.996244-0600]     0.6875 MB /   0.50 sec =   11.5352 Mbps     0 retrans    709 KB-cwnd
[2024-11-05T14:51:22.774024-0600]     0.6875 MB /   0.50 sec =   11.5336 Mbps     0 retrans    709 KB-cwnd
[2024-11-05T14:51:22.774493-0600]     0.6875 MB /   0.50 sec =   11.5352 Mbps     0 retrans    709 KB-cwnd
[2024-11-05T14:51:22.774634-0600]     0.5625 MB /   0.50 sec =    9.4364 Mbps     0 retrans    709 KB-cwnd
[2024-11-05T14:51:24.559070-0600]     0.5625 MB /   0.50 sec =    9.4359 Mbps     0 retrans    709 KB-cwnd
[2024-11-05T14:51:24.559506-0600]     0.5625 MB /   0.50 sec =    9.4394 Mbps     0 retrans    709 KB-cwnd
[2024-11-05T14:51:24.559659-0600]     0.6250 MB /   0.50 sec =   10.4855 Mbps     0 retrans    709 KB-cwnd
[2024-11-05T14:51:24.559776-0600]     0.6250 MB /   0.50 sec =   10.4859 Mbps     0 retrans    709 KB-cwnd
[2024-11-05T14:51:26.211738-0600]     0.6250 MB /   0.50 sec =   10.4859 Mbps     0 retrans    709 KB-cwnd
[2024-11-05T14:51:26.212274-0600]     0.6875 MB /   0.50 sec =   11.5342 Mbps     0 retrans    709 KB-cwnd
[2024-11-05T14:51:26.212419-0600]     0.6250 MB /   0.50 sec =   10.4840 Mbps     0 retrans    709 KB-cwnd
[2024-11-05T14:51:28.414140-0600]     0.6250 MB /   0.50 sec =   10.4869 Mbps     0 retrans    709 KB-cwnd
[2024-11-05T14:51:28.414597-0600]     0.5000 MB /   0.50 sec =    8.3891 Mbps     0 retrans    709 KB-cwnd
[2024-11-05T14:51:28.414734-0600]     0.4375 MB /   0.50 sec =    7.3400 Mbps     0 retrans    709 KB-cwnd
[2024-11-05T14:51:28.414848-0600]     0.5000 MB /   0.50 sec =    8.3886 Mbps     0 retrans    709 KB-cwnd
[2024-11-05T14:51:28.414954-0600]     0.5000 MB /   0.50 sec =    8.3887 Mbps     0 retrans    709 KB-cwnd
[2024-11-05T14:51:31.769853-0600]     0.5000 MB /   0.50 sec =    8.3883 Mbps     0 retrans    709 KB-cwnd
[2024-11-05T14:51:31.770400-0600]     0.3750 MB /   0.50 sec =    6.2917 Mbps     0 retrans    709 KB-cwnd
[2024-11-05T14:51:31.770543-0600]     0.4375 MB /   0.50 sec =    7.3396 Mbps     0 retrans    709 KB-cwnd
[2024-11-05T14:51:31.770658-0600]     0.3125 MB /   0.50 sec =    5.2431 Mbps     0 retrans    709 KB-cwnd
[2024-11-05T14:51:31.770768-0600]     0.2500 MB /   0.50 sec =    4.1943 Mbps     0 retrans    709 KB-cwnd
[2024-11-05T14:51:31.770875-0600]     0.2500 MB /   0.50 sec =    4.1938 Mbps     0 retrans    709 KB-cwnd
[2024-11-05T14:51:34.940059-0600]     0.3125 MB /   0.50 sec =    5.2436 Mbps     0 retrans    709 KB-cwnd
[2024-11-05T14:51:34.941626-0600]     0.2500 MB /   0.50 sec =    4.1929 Mbps     0 retrans    709 KB-cwnd
[2024-11-05T14:51:34.941836-0600]     0.3125 MB /   0.50 sec =    5.2447 Mbps     0 retrans    709 KB-cwnd
[2024-11-05T14:51:34.942063-0600]     0.3125 MB /   0.50 sec =    5.2429 Mbps     0 retrans    709 KB-cwnd
[2024-11-05T14:51:34.942182-0600]     0.2500 MB /   0.50 sec =    4.1943 Mbps     0 retrans    709 KB-cwnd
[2024-11-05T14:51:34.942286-0600]     0.3750 MB /   0.50 sec =    6.2913 Mbps     0 retrans    709 KB-cwnd
[2024-11-05T14:51:34.942412-0600]     0.4375 MB /   0.50 sec =    7.3401 Mbps     0 retrans    709 KB-cwnd
[2024-11-05T14:51:37.598036-0600]     0.4375 MB /   0.50 sec =    7.3402 Mbps     0 retrans    709 KB-cwnd
[2024-11-05T14:51:37.598248-0600]     0.3750 MB /   0.50 sec =    6.2913 Mbps     0 retrans    709 KB-cwnd
[2024-11-05T14:51:37.598284-0600]     0.3750 MB /   0.50 sec =    6.2915 Mbps     0 retrans    709 KB-cwnd
[2024-11-05T14:51:37.598313-0600]     0.4375 MB /   0.50 sec =    7.3400 Mbps     0 retrans    709 KB-cwnd
[2024-11-05T14:51:37.598346-0600]     0.3750 MB /   0.50 sec =    6.2915 Mbps     0 retrans    709 KB-cwnd
[2024-11-05T14:51:39.548068-0600]     0.5625 MB /   0.50 sec =    9.4374 Mbps     0 retrans    709 KB-cwnd
[2024-11-05T14:51:39.548463-0600]     0.5000 MB /   0.50 sec =    8.3884 Mbps     0 retrans    709 KB-cwnd
[2024-11-05T14:51:39.548597-0600]     0.5625 MB /   0.50 sec =    9.4371 Mbps     0 retrans    709 KB-cwnd
[2024-11-05T14:51:39.548723-0600]     0.5625 MB /   0.50 sec =    9.4372 Mbps     0 retrans    709 KB-cwnd
[2024-11-05T14:51:41.395892-0600]     0.6250 MB /   0.50 sec =   10.4861 Mbps     0 retrans    709 KB-cwnd
[2024-11-05T14:51:41.396358-0600]     0.5625 MB /   0.50 sec =    9.4358 Mbps     0 retrans    709 KB-cwnd
[2024-11-05T14:51:41.396494-0600]     0.5625 MB /   0.50 sec =    9.4386 Mbps     0 retrans    709 KB-cwnd
[2024-11-05T14:51:41.396607-0600]     0.5625 MB /   0.50 sec =    9.4350 Mbps     0 retrans    709 KB-cwnd
[2024-11-05T14:51:43.047042-0600]     0.6875 MB /   0.50 sec =   11.5329 Mbps     0 retrans    709 KB-cwnd
[2024-11-05T14:51:43.047730-0600]     0.7500 MB /   0.50 sec =   12.5866 Mbps     0 retrans    709 KB-cwnd
[2024-11-05T14:51:43.047866-0600]     0.6250 MB /   0.50 sec =   10.4861 Mbps     0 retrans    709 KB-cwnd
[2024-11-05T14:51:44.770041-0600]     0.5625 MB /   0.50 sec =    9.4371 Mbps     0 retrans    709 KB-cwnd
[2024-11-05T14:51:44.770452-0600]     0.6250 MB /   0.50 sec =   10.4856 Mbps     0 retrans    709 KB-cwnd
[2024-11-05T14:51:44.770589-0600]     0.6250 MB /   0.50 sec =   10.4859 Mbps     0 retrans    709 KB-cwnd
[2024-11-05T14:51:46.788196-0600]     0.6250 MB /   0.50 sec =   10.4842 Mbps     0 retrans    709 KB-cwnd
[2024-11-05T14:51:46.788759-0600]     0.6875 MB /   0.50 sec =   11.5351 Mbps     0 retrans    709 KB-cwnd
[2024-11-05T14:51:46.789004-0600]     0.5625 MB /   0.50 sec =    9.4380 Mbps     0 retrans    709 KB-cwnd
[2024-11-05T14:51:46.790158-0600]     0.4375 MB /   0.50 sec =    7.3398 Mbps     0 retrans    709 KB-cwnd
[2024-11-05T14:51:48.338760-0600]     0.5000 MB /   0.50 sec =    8.3889 Mbps     0 retrans    709 KB-cwnd
[2024-11-05T14:51:48.339337-0600]     0.6250 MB /   0.50 sec =   10.4861 Mbps     0 retrans    709 KB-cwnd
[2024-11-05T14:51:48.339488-0600]     0.7500 MB /   0.50 sec =   12.5822 Mbps     0 retrans    709 KB-cwnd
[2024-11-05T14:51:48.339607-0600]     0.7500 MB /   0.50 sec =   12.5833 Mbps     0 retrans    709 KB-cwnd
[2024-11-05T14:51:49.646301-0600]     0.7500 MB /   0.50 sec =   12.5829 Mbps     0 retrans    709 KB-cwnd
[2024-11-05T14:51:49.646845-0600]     0.8125 MB /   0.50 sec =   13.6315 Mbps     0 retrans    709 KB-cwnd
[2024-11-05T14:51:51.041800-0600]     0.9375 MB /   0.50 sec =   15.7285 Mbps     0 retrans    709 KB-cwnd
[2024-11-05T14:51:51.042221-0600]     0.8750 MB /   0.50 sec =   14.6706 Mbps     0 retrans    709 KB-cwnd
[2024-11-05T14:51:51.042361-0600]     0.7500 MB /   0.50 sec =   12.5912 Mbps     0 retrans    709 KB-cwnd
[2024-11-05T14:51:54.285114-0600]     0.5000 MB /   0.50 sec =    8.3876 Mbps     0 retrans    709 KB-cwnd
[2024-11-05T14:51:54.285637-0600]     0.4375 MB /   0.50 sec =    7.3410 Mbps     0 retrans    709 KB-cwnd
[2024-11-05T14:51:54.285774-0600]     0.3125 MB /   0.50 sec =    5.2425 Mbps     0 retrans    709 KB-cwnd
[2024-11-05T14:51:54.285889-0600]     0.3750 MB /   0.50 sec =    6.2919 Mbps     0 retrans    709 KB-cwnd
[2024-11-05T14:51:54.286144-0600]     0.2500 MB /   0.50 sec =    4.1942 Mbps     0 retrans    709 KB-cwnd
[2024-11-05T14:51:54.286258-0600]     0.2500 MB /   0.50 sec =    4.1943 Mbps     0 retrans    709 KB-cwnd
[2024-11-05T14:51:55.911500-0600]     0.3750 MB /   0.50 sec =    6.2914 Mbps     0 retrans    709 KB-cwnd
[2024-11-05T14:51:55.911737-0600]     0.5625 MB /   0.50 sec =    9.4374 Mbps     0 retrans    709 KB-cwnd
[2024-11-05T14:51:55.911782-0600]     0.6250 MB /   0.50 sec =   10.4857 Mbps     0 retrans    709 KB-cwnd
[2024-11-05T14:51:55.911817-0600]     0.7500 MB /   0.50 sec =   12.5828 Mbps     0 retrans    709 KB-cwnd
[2024-11-05T14:51:57.436048-0600]     0.6250 MB /   0.50 sec =   10.4840 Mbps     0 retrans    709 KB-cwnd
[2024-11-05T14:51:57.436419-0600]     0.6250 MB /   0.50 sec =   10.4872 Mbps     0 retrans    709 KB-cwnd
[2024-11-05T14:51:57.436554-0600]     0.8125 MB /   0.50 sec =   13.6321 Mbps     0 retrans    709 KB-cwnd
[2024-11-05T14:51:58.619756-0600]     1.0000 MB /   0.50 sec =   16.7769 Mbps     0 retrans    709 KB-cwnd
[2024-11-05T14:51:58.619930-0600]     0.8125 MB /   0.50 sec =   13.6314 Mbps     0 retrans    709 KB-cwnd
[2024-11-05T14:51:59.967187-0600]     1.0000 MB /   0.50 sec =   16.7776 Mbps     0 retrans    709 KB-cwnd
[2024-11-05T14:51:59.967436-0600]     0.7500 MB /   0.50 sec =   12.5829 Mbps     0 retrans    709 KB-cwnd
[2024-11-05T14:51:59.967500-0600]     0.8125 MB /   0.50 sec =   13.6306 Mbps     0 retrans    709 KB-cwnd
[2024-11-05T14:52:01.136294-0600]     0.8750 MB /   0.50 sec =   14.6783 Mbps     0 retrans    734 KB-cwnd
[2024-11-05T14:52:01.136837-0600]     0.9375 MB /   0.50 sec =   15.7304 Mbps     0 retrans    734 KB-cwnd
[2024-11-05T14:52:02.393198-0600]     0.9375 MB /   0.50 sec =   15.7285 Mbps     0 retrans    742 KB-cwnd
[2024-11-05T14:52:02.393715-0600]     0.8750 MB /   0.50 sec =   14.6805 Mbps     0 retrans    742 KB-cwnd
[2024-11-05T14:52:02.393854-0600]     0.8125 MB /   0.50 sec =   13.6316 Mbps     0 retrans    742 KB-cwnd
[2024-11-05T14:52:03.825624-0600]     0.8125 MB /   0.50 sec =   13.6325 Mbps     0 retrans    742 KB-cwnd
[2024-11-05T14:52:03.826175-0600]     0.6875 MB /   0.50 sec =   11.5334 Mbps     0 retrans    742 KB-cwnd
[2024-11-05T14:52:05.789728-0600]     0.8125 MB /   0.50 sec =   13.6325 Mbps     1 retrans    643 KB-cwnd
[2024-11-05T14:52:05.790281-0600]     0.5000 MB /   0.50 sec =    8.3887 Mbps     0 retrans    643 KB-cwnd
[2024-11-05T14:52:05.790420-0600]     0.1875 MB /   0.50 sec =    3.1456 Mbps     0 retrans    643 KB-cwnd
[2024-11-05T14:52:05.790533-0600]     0.6250 MB /   0.50 sec =   10.4221 Mbps     0 retrans    643 KB-cwnd
[2024-11-05T14:52:06.879376-0600]     0.9375 MB /   0.50 sec =   15.8252 Mbps     0 retrans    658 KB-cwnd
[2024-11-05T14:52:06.879851-0600]     1.0000 MB /   0.50 sec =   16.7773 Mbps     0 retrans    658 KB-cwnd
[2024-11-05T14:52:06.879987-0600]     1.0000 MB /   0.50 sec =   16.7772 Mbps     0 retrans    658 KB-cwnd
[2024-11-05T14:52:08.026342-0600]     0.8750 MB /   0.50 sec =   14.6801 Mbps     0 retrans    658 KB-cwnd
[2024-11-05T14:52:08.026818-0600]     1.0625 MB /   0.50 sec =   17.8125 Mbps     0 retrans    658 KB-cwnd
[2024-11-05T14:52:09.295358-0600]     0.7500 MB /   0.50 sec =   12.5924 Mbps     0 retrans    658 KB-cwnd
[2024-11-05T14:52:09.295965-0600]     0.8750 MB /   0.50 sec =   14.6704 Mbps     0 retrans    658 KB-cwnd
[2024-11-05T14:52:10.542316-0600]     1.0000 MB /   0.50 sec =   16.7882 Mbps     0 retrans    658 KB-cwnd
[2024-11-05T14:52:10.542869-0600]     1.0000 MB /   0.50 sec =   16.7774 Mbps     0 retrans    658 KB-cwnd
[2024-11-05T14:52:10.543150-0600]     0.7500 MB /   0.50 sec =   12.5828 Mbps     0 retrans    658 KB-cwnd
[2024-11-05T14:52:12.218065-0600]     0.7500 MB /   0.50 sec =   12.5822 Mbps     0 retrans    658 KB-cwnd
[2024-11-05T14:52:12.218628-0600]     0.6875 MB /   0.50 sec =   11.5350 Mbps     0 retrans    658 KB-cwnd
[2024-11-05T14:52:12.218872-0600]     0.5625 MB /   0.50 sec =    9.4370 Mbps     0 retrans    658 KB-cwnd
[2024-11-05T14:52:13.496161-0600]     0.6875 MB /   0.50 sec =   11.5343 Mbps     0 retrans    658 KB-cwnd
[2024-11-05T14:52:13.496723-0600]     0.7500 MB /   0.50 sec =   12.5829 Mbps     0 retrans    658 KB-cwnd
[2024-11-05T14:52:13.496965-0600]     0.9375 MB /   0.50 sec =   15.7289 Mbps     0 retrans    658 KB-cwnd
[2024-11-05T14:52:14.658236-0600]     0.9375 MB /   0.50 sec =   15.7115 Mbps     0 retrans    659 KB-cwnd
[2024-11-05T14:52:14.658629-0600]     0.8750 MB /   0.50 sec =   14.6962 Mbps     0 retrans    659 KB-cwnd
[2024-11-05T14:52:15.736281-0600]     1.0625 MB /   0.50 sec =   17.8260 Mbps     0 retrans    659 KB-cwnd
[2024-11-05T14:52:15.736807-0600]     1.0000 MB /   0.50 sec =   16.7771 Mbps     0 retrans    659 KB-cwnd
[2024-11-05T14:52:16.868403-0600]     1.0000 MB /   0.50 sec =   16.7772 Mbps     0 retrans    659 KB-cwnd
[2024-11-05T14:52:16.868877-0600]     1.0000 MB /   0.50 sec =   16.7774 Mbps     0 retrans    659 KB-cwnd
[2024-11-05T14:52:16.869024-0600]     0.8750 MB /   0.50 sec =   14.6797 Mbps     0 retrans    659 KB-cwnd
[2024-11-05T14:52:17.896079-0600]     0.9375 MB /   0.50 sec =   15.7290 Mbps     0 retrans    660 KB-cwnd
[2024-11-05T14:52:17.896607-0600]     1.1875 MB /   0.50 sec =   19.9221 Mbps     0 retrans    660 KB-cwnd
[2024-11-05T14:52:18.810437-0600]     1.1250 MB /   0.50 sec =   18.8644 Mbps     0 retrans    663 KB-cwnd
[2024-11-05T14:52:19.894207-0600]     1.1875 MB /   0.50 sec =   19.9338 Mbps     0 retrans    664 KB-cwnd
[2024-11-05T14:52:19.894573-0600]     1.0000 MB /   0.50 sec =   16.7771 Mbps     0 retrans    664 KB-cwnd
[2024-11-05T14:52:19.894702-0600]     1.0625 MB /   0.50 sec =   17.8260 Mbps     0 retrans    664 KB-cwnd
[2024-11-05T14:52:20.338448-0600]     0.3750 MB /   0.50 sec =    6.2912 Mbps     0 retrans    664 KB-cwnd
End time: 1730839940796
