Start time: 1730588936150
[2024-11-02T17:08:56.967664-0600] nuttcp-r: v8.1.4: socket
[2024-11-02T17:08:56.968751-0600] nuttcp-r: buflen=65536, nstream=1, port=5103 tcp
[2024-11-02T17:08:56.968868-0600] nuttcp-r: interval reporting every 0.50 seconds
[2024-11-02T17:08:56.968959-0600] nuttcp-r: connect to 54.176.53.206 with RTT=43.454 ms af=inet
[2024-11-02T17:08:56.969044-0600] nuttcp-r: send window size = 1048576, receive window size = 1048576
[2024-11-02T17:08:56.969125-0600] nuttcp-r: available send window = 786432, available receive window = 786432
[2024-11-02T17:08:56.969209-0600]     2.8125 MB /   0.50 sec =   47.1798 Mbps     0 retrans
[2024-11-02T17:08:57.467446-0600]     4.6875 MB /   0.50 sec =   78.6438 Mbps     0 retrans
[2024-11-02T17:08:57.967097-0600]     7.6250 MB /   0.50 sec =  127.9324 Mbps     0 retrans
[2024-11-02T17:08:58.467100-0600]     8.8750 MB /   0.50 sec =  148.8960 Mbps     0 retrans
[2024-11-02T17:08:58.967432-0600]     8.2500 MB /   0.50 sec =  138.3263 Mbps     0 retrans
[2024-11-02T17:08:59.467158-0600]     9.0000 MB /   0.50 sec =  151.0880 Mbps     0 retrans
[2024-11-02T17:08:59.967110-0600]     9.0625 MB /   0.50 sec =  152.0478 Mbps     0 retrans
[2024-11-02T17:09:00.467657-0600]     9.0625 MB /   0.50 sec =  152.0320 Mbps     0 retrans
[2024-11-02T17:09:00.967179-0600]     8.6250 MB /   0.50 sec =  144.7081 Mbps     0 retrans
[2024-11-02T17:09:01.467129-0600]     8.5625 MB /   0.50 sec =  143.6607 Mbps     0 retrans
[2024-11-02T17:09:01.967114-0600]     8.1875 MB /   0.50 sec =  137.3637 Mbps     0 retrans
[2024-11-02T17:09:02.467860-0600]     6.7500 MB /   0.50 sec =  113.2295 Mbps     0 retrans
[2024-11-02T17:09:02.967737-0600]     6.6250 MB /   0.50 sec =  111.1508 Mbps     0 retrans
[2024-11-02T17:09:03.467640-0600]     7.6250 MB /   0.50 sec =  127.9368 Mbps     0 retrans
[2024-11-02T17:09:03.967214-0600]     8.6250 MB /   0.50 sec =  144.7032 Mbps     0 retrans
[2024-11-02T17:09:04.467198-0600]     9.1250 MB /   0.50 sec =  153.0863 Mbps     0 retrans
[2024-11-02T17:09:04.967179-0600]     9.5000 MB /   0.50 sec =  159.3931 Mbps     0 retrans
[2024-11-02T17:09:05.467418-0600]     4.4375 MB /   0.50 sec =   74.3989 Mbps     0 retrans
[2024-11-02T17:09:05.968028-0600]     8.6250 MB /   0.50 sec =  144.6882 Mbps     0 retrans
[2024-11-02T17:09:06.467609-0600]     7.1875 MB /   0.50 sec =  120.5766 Mbps     0 retrans
[2024-11-02T17:09:06.968819-0600]     6.5000 MB /   0.50 sec =  109.0203 Mbps     0 retrans
[2024-11-02T17:09:07.470427-0600]     2.9375 MB /   0.50 sec =   49.0740 Mbps     0 retrans
[2024-11-02T17:09:07.969102-0600]     0.0000 MB /   0.50 sec =    0.0000 Mbps     0 retrans
[2024-11-02T17:09:08.469225-0600]     0.0000 MB /   0.50 sec =    0.0000 Mbps     0 retrans
[2024-11-02T17:09:08.970604-0600]     0.0000 MB /   0.50 sec =    0.0000 Mbps     0 retrans
[2024-11-02T17:09:09.468567-0600]     0.0000 MB /   0.50 sec =    0.0000 Mbps     0 retrans
[2024-11-02T17:09:09.967574-0600]     0.0000 MB /   0.50 sec =    0.0000 Mbps     0 retrans
[2024-11-02T17:09:10.468841-0600]     0.0000 MB /   0.50 sec =    0.0000 Mbps     0 retrans
[2024-11-02T17:09:10.969319-0600]     0.0000 MB /   0.50 sec =    0.0000 Mbps     0 retrans
[2024-11-02T17:09:11.468809-0600]     0.0000 MB /   0.50 sec =    0.0000 Mbps     0 retrans
[2024-11-02T17:09:11.968490-0600]     0.0000 MB /   0.50 sec =    0.0000 Mbps     0 retrans
[2024-11-02T17:09:12.468682-0600]     0.0000 MB /   0.50 sec =    0.0000 Mbps     0 retrans
[2024-11-02T17:09:12.968479-0600]     0.0000 MB /   0.50 sec =    0.0000 Mbps     0 retrans
[2024-11-02T17:09:13.468610-0600]     0.0000 MB /   0.50 sec =    0.0000 Mbps     0 retrans
[2024-11-02T17:09:13.969278-0600]     0.0000 MB /   0.50 sec =    0.0000 Mbps     0 retrans
[2024-11-02T17:09:14.468445-0600]     0.0000 MB /   0.50 sec =    0.0000 Mbps     0 retrans
[2024-11-02T17:09:14.968656-0600]     0.0000 MB /   0.50 sec =    0.0000 Mbps     0 retrans
[2024-11-02T17:09:15.468815-0600]     0.0000 MB /   0.50 sec =    0.0000 Mbps     0 retrans
[2024-11-02T17:09:15.967543-0600]     0.0000 MB /   0.50 sec =    0.0000 Mbps     0 retrans
[2024-11-02T17:09:16.468581-0600]     0.0000 MB /   0.50 sec =    0.0000 Mbps     0 retrans
[2024-11-02T17:09:16.970847-0600]     0.0000 MB /   0.50 sec =    0.0000 Mbps     0 retrans
[2024-11-02T17:09:17.468746-0600]     0.0000 MB /   0.50 sec =    0.0000 Mbps     0 retrans
[2024-11-02T17:09:17.967390-0600]     0.0000 MB /   0.50 sec =    0.0000 Mbps     0 retrans
[2024-11-02T17:09:18.467382-0600]     0.0000 MB /   0.50 sec =    0.0000 Mbps     0 retrans
[2024-11-02T17:09:18.967343-0600]     0.0000 MB /   0.50 sec =    0.0000 Mbps     0 retrans
[2024-11-02T17:09:19.468604-0600]     0.0000 MB /   0.50 sec =    0.0000 Mbps     0 retrans
[2024-11-02T17:09:19.967278-0600]     0.0000 MB /   0.50 sec =    0.0000 Mbps     0 retrans
[2024-11-02T17:09:20.468785-0600]     0.0000 MB /   0.50 sec =    0.0000 Mbps     0 retrans
[2024-11-02T17:09:20.969276-0600]     0.0000 MB /   0.50 sec =    0.0000 Mbps     0 retrans
[2024-11-02T17:09:21.467507-0600]     0.0000 MB /   0.50 sec =    0.0000 Mbps     0 retrans
[2024-11-02T17:09:21.969664-0600]     0.0000 MB /   0.50 sec =    0.0000 Mbps     0 retrans
[2024-11-02T17:09:22.467212-0600]     0.0000 MB /   0.50 sec =    0.0000 Mbps     0 retrans
[2024-11-02T17:09:22.967137-0600]     0.1250 MB /   0.50 sec =    2.0976 Mbps     0 retrans
[2024-11-02T17:09:23.467220-0600]     6.3750 MB /   0.50 sec =  106.9456 Mbps     0 retrans
[2024-11-02T17:09:23.968045-0600]     8.7500 MB /   0.50 sec =  146.7085 Mbps     0 retrans
[2024-11-02T17:09:24.468096-0600]     9.6250 MB /   0.50 sec =  161.4549 Mbps     0 retrans
[2024-11-02T17:09:24.967620-0600]     9.5000 MB /   0.50 sec =  159.3775 Mbps     0 retrans
[2024-11-02T17:09:25.467191-0600]     8.0625 MB /   0.50 sec =  135.3901 Mbps     0 retrans
[2024-11-02T17:09:25.967163-0600]     2.6250 MB /   0.50 sec =   44.0391 Mbps     0 retrans
[2024-11-02T17:09:26.468915-0600]     6.7500 MB /   0.50 sec =  112.8694 Mbps     0 retrans
[2024-11-02T17:09:26.967156-0600]     8.6875 MB /   0.50 sec =  146.2423 Mbps     0 retrans
[2024-11-02T17:09:27.467568-0600]     3.3750 MB /   0.50 sec =   56.6246 Mbps     0 retrans
[2024-11-02T17:09:27.967770-0600]     8.5000 MB /   0.50 sec =  142.4508 Mbps     0 retrans
[2024-11-02T17:09:28.468828-0600]     6.4375 MB /   0.50 sec =  107.7822 Mbps     0 retrans
[2024-11-02T17:09:28.967181-0600]    10.9375 MB /   0.50 sec =  184.0729 Mbps     0 retrans
[2024-11-02T17:09:29.467260-0600]     9.5000 MB /   0.50 sec =  159.3603 Mbps     0 retrans
[2024-11-02T17:09:29.967111-0600]    10.8125 MB /   0.50 sec =  181.4410 Mbps     0 retrans
[2024-11-02T17:09:30.467813-0600]    10.6875 MB /   0.50 sec =  179.0623 Mbps     0 retrans
[2024-11-02T17:09:30.968270-0600]     6.9375 MB /   0.50 sec =  116.4639 Mbps     0 retrans
[2024-11-02T17:09:31.468241-0600]     9.1875 MB /   0.50 sec =  154.0744 Mbps     0 retrans
[2024-11-02T17:09:31.967110-0600]     4.7500 MB /   0.50 sec =   79.7827 Mbps     0 retrans
[2024-11-02T17:09:32.468024-0600]     4.6250 MB /   0.50 sec =   77.5324 Mbps     0 retrans
[2024-11-02T17:09:32.967059-0600]     8.5625 MB /   0.50 sec =  143.7777 Mbps     0 retrans
[2024-11-02T17:09:33.469085-0600]     9.3125 MB /   0.50 sec =  155.8230 Mbps     0 retrans
[2024-11-02T17:09:33.967212-0600]    12.0000 MB /   0.50 sec =  201.8308 Mbps     0 retrans
[2024-11-02T17:09:34.467781-0600]    12.5625 MB /   0.50 sec =  210.7579 Mbps     0 retrans
[2024-11-02T17:09:34.967246-0600]    11.1875 MB /   0.50 sec =  187.6989 Mbps     0 retrans
[2024-11-02T17:09:35.469302-0600]     9.8125 MB /   0.50 sec =  164.1062 Mbps     0 retrans
[2024-11-02T17:09:35.968119-0600]     8.9375 MB /   0.50 sec =  150.3083 Mbps     0 retrans
[2024-11-02T17:09:36.468967-0600]     7.6250 MB /   0.50 sec =  127.5966 Mbps     0 retrans
[2024-11-02T17:09:36.967205-0600]     6.1250 MB /   0.50 sec =  103.1063 Mbps     0 retrans
[2024-11-02T17:09:37.467188-0600]     8.6875 MB /   0.50 sec =  145.7564 Mbps     0 retrans
[2024-11-02T17:09:37.967703-0600]    10.6875 MB /   0.50 sec =  179.3065 Mbps     0 retrans
[2024-11-02T17:09:38.467531-0600]     4.8750 MB /   0.50 sec =   81.7356 Mbps     0 retrans
[2024-11-02T17:09:38.967609-0600]     4.6875 MB /   0.50 sec =   78.6333 Mbps     0 retrans
[2024-11-02T17:09:39.467187-0600]     6.6875 MB /   0.50 sec =  112.2872 Mbps     0 retrans
[2024-11-02T17:09:39.967211-0600]     6.4375 MB /   0.50 sec =  108.0055 Mbps     0 retrans
[2024-11-02T17:09:40.467271-0600]     4.8125 MB /   0.50 sec =   80.7295 Mbps     0 retrans
[2024-11-02T17:09:40.967571-0600]     9.3125 MB /   0.50 sec =  156.2619 Mbps     0 retrans
[2024-11-02T17:09:41.467160-0600]     9.6250 MB /   0.50 sec =  161.4813 Mbps     0 retrans
[2024-11-02T17:09:41.967934-0600]     8.1250 MB /   0.50 sec =  136.2193 Mbps     0 retrans
[2024-11-02T17:09:42.468312-0600]     0.4375 MB /   0.50 sec =    7.3345 Mbps     0 retrans
[2024-11-02T17:09:42.970299-0600]     2.3125 MB /   0.50 sec =   38.8478 Mbps     0 retrans
[2024-11-02T17:09:43.467114-0600]     4.3125 MB /   0.50 sec =   72.3677 Mbps     0 retrans
[2024-11-02T17:09:43.967116-0600]     6.5625 MB /   0.50 sec =  110.0985 Mbps     0 retrans
[2024-11-02T17:09:44.467152-0600]     6.5000 MB /   0.50 sec =  109.0486 Mbps     0 retrans
[2024-11-02T17:09:44.967160-0600]     7.8750 MB /   0.50 sec =  132.1171 Mbps     0 retrans
[2024-11-02T17:09:45.467200-0600]     7.0625 MB /   0.50 sec =  118.4675 Mbps     0 retrans
[2024-11-02T17:09:45.967497-0600]     7.1875 MB /   0.50 sec =  120.5279 Mbps     0 retrans
[2024-11-02T17:09:46.467088-0600]     5.8125 MB /   0.50 sec =   97.5892 Mbps     0 retrans
[2024-11-02T17:09:46.967636-0600]     9.0625 MB /   0.50 sec =  152.0326 Mbps     0 retrans
[2024-11-02T17:09:47.468464-0600]     8.8125 MB /   0.50 sec =  147.5662 Mbps     0 retrans
[2024-11-02T17:09:47.969580-0600]     6.7500 MB /   0.50 sec =  113.0606 Mbps     0 retrans
[2024-11-02T17:09:48.467466-0600]     5.9375 MB /   0.50 sec =   99.9191 Mbps     0 retrans
[2024-11-02T17:09:48.967189-0600]     0.8125 MB /   0.50 sec =   13.6383 Mbps     0 retrans
[2024-11-02T17:09:49.467176-0600]     4.5625 MB /   0.50 sec =   76.5485 Mbps     0 retrans
[2024-11-02T17:09:49.967900-0600]     5.1250 MB /   0.50 sec =   85.9798 Mbps     0 retrans
[2024-11-02T17:09:50.467080-0600]     8.4375 MB /   0.50 sec =  141.5716 Mbps     0 retrans
[2024-11-02T17:09:50.967700-0600]     4.7500 MB /   0.50 sec =   79.6064 Mbps     0 retrans
[2024-11-02T17:09:51.467273-0600]     5.5000 MB /   0.50 sec =   92.3735 Mbps     0 retrans
[2024-11-02T17:09:51.967474-0600]     5.5000 MB /   0.50 sec =   92.2710 Mbps     0 retrans
[2024-11-02T17:09:52.467664-0600]     8.7500 MB /   0.50 sec =  146.6724 Mbps     0 retrans
[2024-11-02T17:09:52.968371-0600]     7.8125 MB /   0.50 sec =  130.9777 Mbps     0 retrans
[2024-11-02T17:09:53.467591-0600]     1.2500 MB /   0.50 sec =   20.9868 Mbps     0 retrans
[2024-11-02T17:09:53.967159-0600]     3.7500 MB /   0.50 sec =   62.9688 Mbps     0 retrans
[2024-11-02T17:09:54.468242-0600]     3.2500 MB /   0.50 sec =   54.4146 Mbps     0 retrans
[2024-11-02T17:09:54.967259-0600]     3.9375 MB /   0.50 sec =   66.1898 Mbps     0 retrans
[2024-11-02T17:09:55.467631-0600]     3.6250 MB /   0.50 sec =   60.7716 Mbps     0 retrans
[2024-11-02T17:09:55.967660-0600]     2.1250 MB /   0.50 sec =   35.6474 Mbps     0 retrans
[2024-11-02T17:09:56.467175-0600]     5.7500 MB /   0.50 sec =   96.5586 Mbps     0 retrans
[2024-11-02T17:09:56.969099-0600]     0.0625 MB /   0.50 sec =    1.0447 Mbps     0 retrans
[2024-11-02T17:09:57.467161-0600]     0.8125 MB /   0.50 sec =   13.6826 Mbps     0 retrans
[2024-11-02T17:09:57.969511-0600]     3.4375 MB /   0.50 sec =   57.4679 Mbps     0 retrans
[2024-11-02T17:09:58.467219-0600]     5.0000 MB /   0.50 sec =   84.1795 Mbps     0 retrans
[2024-11-02T17:09:58.967402-0600]     5.6250 MB /   0.50 sec =   94.3724 Mbps     0 retrans
[2024-11-02T17:09:59.467378-0600]     7.1875 MB /   0.50 sec =  120.5865 Mbps     0 retrans
[2024-11-02T17:09:59.968609-0600]     9.0000 MB /   0.50 sec =  150.8308 Mbps     0 retrans
[2024-11-02T17:10:00.467796-0600]    11.1875 MB /   0.50 sec =  187.7984 Mbps     0 retrans
[2024-11-02T17:10:00.967349-0600]    10.1875 MB /   0.50 sec =  170.9712 Mbps     0 retrans
[2024-11-02T17:10:01.467754-0600]    14.6875 MB /   0.50 sec =  246.4740 Mbps     0 retrans
[2024-11-02T17:10:01.967209-0600]    14.3750 MB /   0.50 sec =  241.1657 Mbps     0 retrans
[2024-11-02T17:10:02.468279-0600]    17.3125 MB /   0.50 sec =  290.1752 Mbps     0 retrans
[2024-11-02T17:10:02.968237-0600]    15.8750 MB /   0.50 sec =  266.3554 Mbps     0 retrans
[2024-11-02T17:10:03.467209-0600]    16.3750 MB /   0.50 sec =  274.9937 Mbps     0 retrans
[2024-11-02T17:10:03.967233-0600]    19.0625 MB /   0.50 sec =  319.8150 Mbps     0 retrans
[2024-11-02T17:10:04.467429-0600]    12.3750 MB /   0.50 sec =  207.6164 Mbps     0 retrans
[2024-11-02T17:10:04.967241-0600]     5.5625 MB /   0.50 sec =   93.3158 Mbps     0 retrans
[2024-11-02T17:10:05.467175-0600]    11.0000 MB /   0.50 sec =  184.5619 Mbps     0 retrans
[2024-11-02T17:10:05.968146-0600]    10.6875 MB /   0.50 sec =  179.1417 Mbps     0 retrans
[2024-11-02T17:10:06.467380-0600]    13.4375 MB /   0.50 sec =  225.5656 Mbps     0 retrans
[2024-11-02T17:10:06.968408-0600]    12.3750 MB /   0.50 sec =  207.4202 Mbps     0 retrans
[2024-11-02T17:10:07.467372-0600]    11.9375 MB /   0.50 sec =  200.4653 Mbps     0 retrans
[2024-11-02T17:10:07.968056-0600]    12.3750 MB /   0.50 sec =  207.5101 Mbps     0 retrans
[2024-11-02T17:10:08.467079-0600]    13.2500 MB /   0.50 sec =  222.5193 Mbps     0 retrans
[2024-11-02T17:10:08.968148-0600]    13.0000 MB /   0.50 sec =  217.8794 Mbps     0 retrans
[2024-11-02T17:10:09.467214-0600]    14.5625 MB /   0.50 sec =  244.5422 Mbps     0 retrans
[2024-11-02T17:10:09.967737-0600]    14.4375 MB /   0.50 sec =  241.9960 Mbps     0 retrans
[2024-11-02T17:10:10.467191-0600]    16.8125 MB /   0.50 sec =  282.3425 Mbps     0 retrans
[2024-11-02T17:10:10.968270-0600]    13.5625 MB /   0.50 sec =  227.3191 Mbps     0 retrans
[2024-11-02T17:10:11.467185-0600]    14.6250 MB /   0.50 sec =  245.6188 Mbps     0 retrans
[2024-11-02T17:10:11.967146-0600]    16.3750 MB /   0.50 sec =  274.7176 Mbps     0 retrans
[2024-11-02T17:10:12.467515-0600]     2.8750 MB /   0.50 sec =   48.2054 Mbps     0 retrans
[2024-11-02T17:10:12.967641-0600]     5.9375 MB /   0.50 sec =   99.5904 Mbps     0 retrans
[2024-11-02T17:10:13.467075-0600]     7.5000 MB /   0.50 sec =  125.9425 Mbps     0 retrans
[2024-11-02T17:10:13.968316-0600]     5.5625 MB /   0.50 sec =   93.1171 Mbps     0 retrans
[2024-11-02T17:10:14.467590-0600]     8.8125 MB /   0.50 sec =  148.1731 Mbps     0 retrans
[2024-11-02T17:10:14.967269-0600]     8.8750 MB /   0.50 sec =  148.8963 Mbps     0 retrans
[2024-11-02T17:10:15.467743-0600]     7.1250 MB /   0.50 sec =  119.5219 Mbps     0 retrans
[2024-11-02T17:10:15.967681-0600]     4.8750 MB /   0.50 sec =   81.7927 Mbps     0 retrans
[2024-11-02T17:10:16.467989-0600]     3.6250 MB /   0.50 sec =   60.7698 Mbps     0 retrans
[2024-11-02T17:10:16.967647-0600]     5.4375 MB /   0.50 sec =   91.3004 Mbps     0 retrans
[2024-11-02T17:10:17.467063-0600]     6.7500 MB /   0.50 sec =  113.2573 Mbps     0 retrans
[2024-11-02T17:10:17.967134-0600]     6.5000 MB /   0.50 sec =  109.0456 Mbps     0 retrans
[2024-11-02T17:10:18.467067-0600]     9.8125 MB /   0.50 sec =  164.6337 Mbps     0 retrans
[2024-11-02T17:10:18.968250-0600]     8.1875 MB /   0.50 sec =  137.0854 Mbps     0 retrans
[2024-11-02T17:10:19.467685-0600]    10.0625 MB /   0.50 sec =  169.1516 Mbps     0 retrans
[2024-11-02T17:10:19.967631-0600]    10.1250 MB /   0.50 sec =  169.8707 Mbps     0 retrans
[2024-11-02T17:10:20.467173-0600]     8.1875 MB /   0.50 sec =  137.3668 Mbps     0 retrans
[2024-11-02T17:10:20.967223-0600]     5.1250 MB /   0.50 sec =   85.9786 Mbps     0 retrans
[2024-11-02T17:10:21.467707-0600]     7.5625 MB /   0.50 sec =  126.8764 Mbps     0 retrans
[2024-11-02T17:10:21.967413-0600]     8.6875 MB /   0.50 sec =  145.7392 Mbps     0 retrans
[2024-11-02T17:10:22.467208-0600]     7.1875 MB /   0.50 sec =  120.6096 Mbps     0 retrans
[2024-11-02T17:10:22.967961-0600]     3.7500 MB /   0.50 sec =   62.9081 Mbps     0 retrans
[2024-11-02T17:10:23.467597-0600]     4.6875 MB /   0.50 sec =   78.6412 Mbps     0 retrans
[2024-11-02T17:10:23.968426-0600]     7.5000 MB /   0.50 sec =  125.7376 Mbps     0 retrans
[2024-11-02T17:10:24.468781-0600]     5.8750 MB /   0.50 sec =   98.3378 Mbps     0 retrans
[2024-11-02T17:10:24.967159-0600]     7.6875 MB /   0.50 sec =  129.3837 Mbps     0 retrans
[2024-11-02T17:10:25.467612-0600]     5.8750 MB /   0.50 sec =   98.5464 Mbps     0 retrans
[2024-11-02T17:10:25.967417-0600]     2.2500 MB /   0.50 sec =   37.7433 Mbps     0 retrans
[2024-11-02T17:10:26.467107-0600]     1.2500 MB /   0.50 sec =   20.9781 Mbps     0 retrans
[2024-11-02T17:10:26.967574-0600]     4.0000 MB /   0.50 sec =   67.0591 Mbps     0 retrans
[2024-11-02T17:10:27.467233-0600]     4.1875 MB /   0.50 sec =   70.3068 Mbps     0 retrans
[2024-11-02T17:10:27.967573-0600]     7.8750 MB /   0.50 sec =  132.0134 Mbps     0 retrans
[2024-11-02T17:10:28.468045-0600]     9.7500 MB /   0.50 sec =  163.7101 Mbps     0 retrans
[2024-11-02T17:10:28.967224-0600]    13.0625 MB /   0.50 sec =  219.1476 Mbps     0 retrans
[2024-11-02T17:10:29.467196-0600]    15.2500 MB /   0.50 sec =  255.8510 Mbps     0 retrans
[2024-11-02T17:10:29.967280-0600]    12.3750 MB /   0.50 sec =  207.5948 Mbps     0 retrans
[2024-11-02T17:10:30.467193-0600]     9.4375 MB /   0.50 sec =  158.3518 Mbps     0 retrans
[2024-11-02T17:10:30.967204-0600]     9.5000 MB /   0.50 sec =  159.3823 Mbps     0 retrans
[2024-11-02T17:10:31.467637-0600]    13.7500 MB /   0.50 sec =  230.6853 Mbps     0 retrans
[2024-11-02T17:10:31.967155-0600]    11.0625 MB /   0.50 sec =  185.6135 Mbps     0 retrans
[2024-11-02T17:10:32.468166-0600]    13.6250 MB /   0.50 sec =  228.3630 Mbps     0 retrans
[2024-11-02T17:10:32.967473-0600]    11.5625 MB /   0.50 sec =  194.0999 Mbps     0 retrans
[2024-11-02T17:10:33.467675-0600]    12.6875 MB /   0.50 sec =  212.9401 Mbps     0 retrans
[2024-11-02T17:10:33.967615-0600]    10.4375 MB /   0.50 sec =  175.1101 Mbps     0 retrans
[2024-11-02T17:10:34.467158-0600]    10.8125 MB /   0.50 sec =  181.4022 Mbps     0 retrans
[2024-11-02T17:10:34.967676-0600]    13.3750 MB /   0.50 sec =  224.3966 Mbps     0 retrans
[2024-11-02T17:10:35.467195-0600]    12.3750 MB /   0.50 sec =  207.6131 Mbps     0 retrans
[2024-11-02T17:10:35.967399-0600]    12.4375 MB /   0.50 sec =  208.6854 Mbps     0 retrans
[2024-11-02T17:10:36.468034-0600]     9.7500 MB /   0.50 sec =  163.4340 Mbps     0 retrans
[2024-11-02T17:10:36.967843-0600]    10.9375 MB /   0.50 sec =  183.6301 Mbps     0 retrans
[2024-11-02T17:10:37.469364-0600]    12.0000 MB /   0.50 sec =  200.6916 Mbps     0 retrans
[2024-11-02T17:10:37.967618-0600]     5.3125 MB /   0.50 sec =   89.4241 Mbps     0 retrans
[2024-11-02T17:10:38.467217-0600]    13.3750 MB /   0.50 sec =  224.3845 Mbps     0 retrans
[2024-11-02T17:10:38.967079-0600]    13.3125 MB /   0.50 sec =  223.3663 Mbps     0 retrans
[2024-11-02T17:10:39.468056-0600]    13.8750 MB /   0.50 sec =  232.5787 Mbps     0 retrans
[2024-11-02T17:10:39.967264-0600]    13.4375 MB /   0.50 sec =  225.5905 Mbps     0 retrans
[2024-11-02T17:10:40.469456-0600]    14.7500 MB /   0.50 sec =  246.6593 Mbps     0 retrans
[2024-11-02T17:10:40.967620-0600]    14.8125 MB /   0.50 sec =  249.3723 Mbps     0 retrans
[2024-11-02T17:10:41.469115-0600]    10.8750 MB /   0.50 sec =  181.9609 Mbps     0 retrans
[2024-11-02T17:10:41.967038-0600]    13.6875 MB /   0.50 sec =  230.2769 Mbps     0 retrans
[2024-11-02T17:10:42.468020-0600]     6.9375 MB /   0.50 sec =  116.3131 Mbps     0 retrans
[2024-11-02T17:10:42.967548-0600]    10.8750 MB /   0.50 sec =  182.4216 Mbps     0 retrans
[2024-11-02T17:10:43.467142-0600]    12.6250 MB /   0.50 sec =  211.9743 Mbps     0 retrans
[2024-11-02T17:10:43.967746-0600]    10.8125 MB /   0.50 sec =  181.2235 Mbps     0 retrans
[2024-11-02T17:10:44.467164-0600]    12.4375 MB /   0.50 sec =  208.8768 Mbps     0 retrans
[2024-11-02T17:10:44.967205-0600]     9.6250 MB /   0.50 sec =  161.4784 Mbps     0 retrans
[2024-11-02T17:10:45.467126-0600]    10.0000 MB /   0.50 sec =  167.7748 Mbps     0 retrans
[2024-11-02T17:10:45.967242-0600]     9.3750 MB /   0.50 sec =  157.2773 Mbps     0 retrans
[2024-11-02T17:10:46.467638-0600]    10.0000 MB /   0.50 sec =  167.7772 Mbps     0 retrans
[2024-11-02T17:10:46.968379-0600]    10.6250 MB /   0.50 sec =  177.8581 Mbps     0 retrans
[2024-11-02T17:10:47.467163-0600]    10.2500 MB /   0.50 sec =  172.3522 Mbps     0 retrans
[2024-11-02T17:10:47.967226-0600]     9.1875 MB /   0.50 sec =  154.1367 Mbps     0 retrans
[2024-11-02T17:10:48.467102-0600]    12.0000 MB /   0.50 sec =  201.3483 Mbps     0 retrans
[2024-11-02T17:10:48.967395-0600]    11.5625 MB /   0.50 sec =  193.9098 Mbps     0 retrans
[2024-11-02T17:10:49.467530-0600]    12.8750 MB /   0.50 sec =  215.9194 Mbps     0 retrans
[2024-11-02T17:10:49.967140-0600]    11.3125 MB /   0.50 sec =  189.9324 Mbps     0 retrans
[2024-11-02T17:10:50.467164-0600]    13.4375 MB /   0.50 sec =  225.4393 Mbps     0 retrans
[2024-11-02T17:10:50.967171-0600]    11.3125 MB /   0.50 sec =  189.7930 Mbps     0 retrans
[2024-11-02T17:10:51.467161-0600]    12.8750 MB /   0.50 sec =  216.0123 Mbps     0 retrans
[2024-11-02T17:10:51.968320-0600]    12.0625 MB /   0.50 sec =  201.9184 Mbps     0 retrans
[2024-11-02T17:10:52.467149-0600]    12.3750 MB /   0.50 sec =  208.0850 Mbps     0 retrans
[2024-11-02T17:10:52.967140-0600]    12.0625 MB /   0.50 sec =  202.3768 Mbps     0 retrans
[2024-11-02T17:10:53.467077-0600]     7.8750 MB /   0.50 sec =  132.1274 Mbps     0 retrans
[2024-11-02T17:10:53.967595-0600]    12.8125 MB /   0.50 sec =  214.9460 Mbps     0 retrans
[2024-11-02T17:10:54.468725-0600]     8.5625 MB /   0.50 sec =  143.2372 Mbps     0 retrans
[2024-11-02T17:10:54.967994-0600]    13.1875 MB /   0.50 sec =  221.7342 Mbps     0 retrans
[2024-11-02T17:10:55.468104-0600]    11.5625 MB /   0.50 sec =  193.9598 Mbps     0 retrans
[2024-11-02T17:10:55.967048-0600]     7.3125 MB /   0.50 sec =  122.8001 Mbps     0 retrans
[2024-11-02T17:10:56.467175-0600]    13.5000 MB /   0.50 sec =  226.4766 Mbps     0 retrans
[2024-11-02T17:10:56.967578-0600]    11.5000 MB /   0.50 sec =  192.7915 Mbps     0 retrans
End time: 1730589057274
