Start time: 1730672281318
[2024-11-03T15:18:02.425083-0700] nuttcp-r: v8.1.4: socket
[2024-11-03T15:18:02.425557-0700] nuttcp-r: buflen=65536, nstream=1, port=5101 tcp
[2024-11-03T15:18:02.425592-0700] nuttcp-r: interval reporting every 0.50 seconds
[2024-11-03T15:18:02.425619-0700] nuttcp-r: connect to 54.176.53.206 with RTT=141.476 ms af=inet
[2024-11-03T15:18:02.425644-0700] nuttcp-r: send window size = 1048576, receive window size = 4194304
[2024-11-03T15:18:02.425668-0700] nuttcp-r: available send window = 786432, available receive window = 3145728
[2024-11-03T15:18:02.425692-0700]     0.2500 MB /   0.50 sec =    4.1940 Mbps     0 retrans
[2024-11-03T15:18:02.925262-0700]     0.0625 MB /   0.50 sec =    1.0483 Mbps     0 retrans
[2024-11-03T15:18:03.425269-0700]     0.4375 MB /   0.50 sec =    7.3396 Mbps     0 retrans
[2024-11-03T15:18:03.924789-0700]     1.0625 MB /   0.50 sec =   17.8304 Mbps     0 retrans
[2024-11-03T15:18:04.426257-0700]     0.3750 MB /   0.50 sec =    6.2787 Mbps     0 retrans
[2024-11-03T15:18:04.925087-0700]     0.1875 MB /   0.50 sec =    3.1516 Mbps     0 retrans
[2024-11-03T15:18:05.425077-0700]     0.0625 MB /   0.50 sec =    1.0484 Mbps     0 retrans
[2024-11-03T15:18:05.924884-0700]     0.3750 MB /   0.50 sec =    6.2939 Mbps     0 retrans
[2024-11-03T15:18:06.426323-0700]     0.0625 MB /   0.50 sec =    1.0456 Mbps     0 retrans
[2024-11-03T15:18:06.925900-0700]     0.4375 MB /   0.50 sec =    7.3458 Mbps     0 retrans
[2024-11-03T15:18:07.425075-0700]     0.0625 MB /   0.50 sec =    1.0504 Mbps     0 retrans
[2024-11-03T15:18:07.925248-0700]     0.1875 MB /   0.50 sec =    3.1443 Mbps     0 retrans
[2024-11-03T15:18:08.424908-0700]     0.6875 MB /   0.50 sec =   11.5416 Mbps     0 retrans
[2024-11-03T15:18:08.925950-0700]     0.1250 MB /   0.50 sec =    2.0931 Mbps     0 retrans
[2024-11-03T15:18:09.424846-0700]     0.0000 MB /   0.50 sec =    0.0000 Mbps     0 retrans
[2024-11-03T15:18:09.924842-0700]     0.3750 MB /   0.50 sec =    6.2915 Mbps     0 retrans
[2024-11-03T15:18:10.424885-0700]     0.4375 MB /   0.50 sec =    7.3397 Mbps     0 retrans
[2024-11-03T15:18:10.924903-0700]     0.3125 MB /   0.50 sec =    5.2430 Mbps     0 retrans
[2024-11-03T15:18:11.424927-0700]     0.0625 MB /   0.50 sec =    1.0485 Mbps     0 retrans
[2024-11-03T15:18:11.925674-0700]     0.2500 MB /   0.50 sec =    4.1908 Mbps     0 retrans
[2024-11-03T15:18:12.425375-0700]     0.3750 MB /   0.50 sec =    6.2912 Mbps     0 retrans
[2024-11-03T15:18:12.924842-0700]     0.0625 MB /   0.50 sec =    1.0495 Mbps     0 retrans
[2024-11-03T15:18:13.424956-0700]     0.1250 MB /   0.50 sec =    2.0973 Mbps     0 retrans
[2024-11-03T15:18:13.924902-0700]     0.2500 MB /   0.50 sec =    4.1939 Mbps     0 retrans
[2024-11-03T15:18:14.424843-0700]     0.7500 MB /   0.50 sec =   12.5835 Mbps     0 retrans
[2024-11-03T15:18:14.924901-0700]     0.3750 MB /   0.50 sec =    6.2910 Mbps     0 retrans
[2024-11-03T15:18:15.426127-0700]     0.0000 MB /   0.50 sec =    0.0000 Mbps     0 retrans
[2024-11-03T15:18:15.925954-0700]     0.0625 MB /   0.50 sec =    1.0489 Mbps     0 retrans
[2024-11-03T15:18:16.425091-0700]     0.0000 MB /   0.50 sec =    0.0000 Mbps     0 retrans
[2024-11-03T15:18:16.925039-0700]     0.1250 MB /   0.50 sec =    2.0973 Mbps     0 retrans
[2024-11-03T15:18:17.425044-0700]     0.2500 MB /   0.50 sec =    4.1944 Mbps     0 retrans
[2024-11-03T15:18:17.924979-0700]     0.0625 MB /   0.50 sec =    1.0486 Mbps     0 retrans
[2024-11-03T15:18:18.426059-0700]     0.1875 MB /   0.50 sec =    3.1394 Mbps     0 retrans
[2024-11-03T15:18:18.924935-0700]     0.0625 MB /   0.50 sec =    1.0509 Mbps     0 retrans
[2024-11-03T15:18:19.426541-0700]     0.0625 MB /   0.50 sec =    1.0452 Mbps     0 retrans
[2024-11-03T15:18:19.924967-0700]     0.0000 MB /   0.50 sec =    0.0000 Mbps     0 retrans
[2024-11-03T15:18:20.425936-0700]     0.2500 MB /   0.50 sec =    4.1864 Mbps     0 retrans
[2024-11-03T15:18:20.924825-0700]     0.4375 MB /   0.50 sec =    7.3555 Mbps     0 retrans
[2024-11-03T15:18:21.426008-0700]     0.1875 MB /   0.50 sec =    3.1389 Mbps     0 retrans
[2024-11-03T15:18:21.924979-0700]     0.0000 MB /   0.50 sec =    0.0000 Mbps     0 retrans
[2024-11-03T15:18:22.425890-0700]     0.4375 MB /   0.50 sec =    7.3270 Mbps     0 retrans
[2024-11-03T15:18:22.924787-0700]     0.1875 MB /   0.50 sec =    3.1521 Mbps     0 retrans
[2024-11-03T15:18:23.425539-0700]     0.1875 MB /   0.50 sec =    3.1431 Mbps     0 retrans
[2024-11-03T15:18:23.925070-0700]     0.3750 MB /   0.50 sec =    6.2932 Mbps     0 retrans
[2024-11-03T15:18:24.424932-0700]     0.1875 MB /   0.50 sec =    3.1473 Mbps     0 retrans
[2024-11-03T15:18:24.925901-0700]     0.2500 MB /   0.50 sec =    4.1856 Mbps     0 retrans
[2024-11-03T15:18:25.424882-0700]     0.1875 MB /   0.50 sec =    3.1520 Mbps     0 retrans
[2024-11-03T15:18:25.924943-0700]     0.2500 MB /   0.50 sec =    4.1938 Mbps     0 retrans
[2024-11-03T15:18:26.424867-0700]     0.1875 MB /   0.50 sec =    3.1460 Mbps     0 retrans
[2024-11-03T15:18:26.924994-0700]     0.2500 MB /   0.50 sec =    4.1938 Mbps     0 retrans
[2024-11-03T15:18:27.424819-0700]     0.2500 MB /   0.50 sec =    4.1955 Mbps     0 retrans
[2024-11-03T15:18:27.924980-0700]     0.1875 MB /   0.50 sec =    3.1447 Mbps     0 retrans
[2024-11-03T15:18:28.425819-0700]     0.5000 MB /   0.50 sec =    8.3749 Mbps     0 retrans
[2024-11-03T15:18:28.924705-0700]     0.3750 MB /   0.50 sec =    6.3041 Mbps     0 retrans
[2024-11-03T15:18:29.425137-0700]     0.4375 MB /   0.50 sec =    7.3346 Mbps     0 retrans
[2024-11-03T15:18:29.924828-0700]     0.5000 MB /   0.50 sec =    8.3938 Mbps     0 retrans
[2024-11-03T15:18:30.425946-0700]     0.2500 MB /   0.50 sec =    4.1855 Mbps     0 retrans
[2024-11-03T15:18:30.924791-0700]     0.6250 MB /   0.50 sec =   10.5084 Mbps     0 retrans
[2024-11-03T15:18:31.426014-0700]     0.1875 MB /   0.50 sec =    3.1386 Mbps     0 retrans
[2024-11-03T15:18:31.924791-0700]     0.6250 MB /   0.50 sec =   10.5097 Mbps     0 retrans
[2024-11-03T15:18:32.424804-0700]     0.5625 MB /   0.50 sec =    9.4371 Mbps     0 retrans
[2024-11-03T15:18:32.924777-0700]     0.6875 MB /   0.50 sec =   11.5345 Mbps     0 retrans
[2024-11-03T15:18:33.425842-0700]     0.3125 MB /   0.50 sec =    5.2322 Mbps     0 retrans
[2024-11-03T15:18:33.924822-0700]     0.5000 MB /   0.50 sec =    8.4047 Mbps     0 retrans
[2024-11-03T15:18:34.425168-0700]     0.3750 MB /   0.50 sec =    6.2891 Mbps     0 retrans
[2024-11-03T15:18:34.925122-0700]     0.4375 MB /   0.50 sec =    7.3415 Mbps     0 retrans
[2024-11-03T15:18:35.425001-0700]     0.0000 MB /   0.50 sec =    0.0000 Mbps     0 retrans
[2024-11-03T15:18:35.925118-0700]     0.2500 MB /   0.50 sec =    4.1944 Mbps     0 retrans
[2024-11-03T15:18:36.424992-0700]     1.0000 MB /   0.50 sec =   16.7769 Mbps     0 retrans
[2024-11-03T15:18:36.924934-0700]     0.5625 MB /   0.50 sec =    9.4379 Mbps     0 retrans
[2024-11-03T15:18:37.425960-0700]     0.5625 MB /   0.50 sec =    9.4190 Mbps     0 retrans
[2024-11-03T15:18:37.924843-0700]     0.3125 MB /   0.50 sec =    5.2540 Mbps     0 retrans
[2024-11-03T15:18:38.425807-0700]     0.8750 MB /   0.50 sec =   14.6526 Mbps     0 retrans
[2024-11-03T15:18:38.924961-0700]     0.6250 MB /   0.50 sec =   10.5068 Mbps     0 retrans
[2024-11-03T15:18:39.425823-0700]     0.5000 MB /   0.50 sec =    8.3718 Mbps     0 retrans
[2024-11-03T15:18:39.924919-0700]     0.0625 MB /   0.50 sec =    1.0506 Mbps     0 retrans
[2024-11-03T15:18:40.425028-0700]     0.6250 MB /   0.50 sec =   10.4828 Mbps     0 retrans
[2024-11-03T15:18:40.925052-0700]     0.4375 MB /   0.50 sec =    7.3382 Mbps     0 retrans
[2024-11-03T15:18:41.425035-0700]     0.0000 MB /   0.50 sec =    0.0000 Mbps     0 retrans
[2024-11-03T15:18:41.924958-0700]     0.3750 MB /   0.50 sec =    6.2917 Mbps     0 retrans
[2024-11-03T15:18:42.425948-0700]     0.3750 MB /   0.50 sec =    6.2795 Mbps     0 retrans
[2024-11-03T15:18:42.924773-0700]     0.8125 MB /   0.50 sec =   13.6614 Mbps     0 retrans
[2024-11-03T15:18:43.425003-0700]     0.7500 MB /   0.50 sec =   12.5785 Mbps     0 retrans
[2024-11-03T15:18:43.925788-0700]     0.1875 MB /   0.50 sec =    3.1407 Mbps     0 retrans
[2024-11-03T15:18:44.424833-0700]     0.3750 MB /   0.50 sec =    6.3032 Mbps     0 retrans
[2024-11-03T15:18:44.924848-0700]     0.5625 MB /   0.50 sec =    9.4365 Mbps     0 retrans
[2024-11-03T15:18:45.424823-0700]     0.5625 MB /   0.50 sec =    9.4380 Mbps     0 retrans
[2024-11-03T15:18:45.924846-0700]     1.1875 MB /   0.50 sec =   19.9213 Mbps     0 retrans
[2024-11-03T15:18:46.424948-0700]     0.3125 MB /   0.50 sec =    5.2431 Mbps     0 retrans
[2024-11-03T15:18:46.924838-0700]     1.4375 MB /   0.50 sec =   24.1168 Mbps     0 retrans
[2024-11-03T15:18:47.425993-0700]     0.1875 MB /   0.50 sec =    3.1391 Mbps     0 retrans
[2024-11-03T15:18:47.925916-0700]     1.1250 MB /   0.50 sec =   18.8743 Mbps     0 retrans
[2024-11-03T15:18:48.424869-0700]     1.2500 MB /   0.50 sec =   21.0152 Mbps     0 retrans
[2024-11-03T15:18:48.924824-0700]     1.0625 MB /   0.50 sec =   17.8268 Mbps     0 retrans
[2024-11-03T15:18:49.425771-0700]     0.4375 MB /   0.50 sec =    7.3266 Mbps     0 retrans
[2024-11-03T15:18:49.924890-0700]     1.5625 MB /   0.50 sec =   26.2649 Mbps     0 retrans
[2024-11-03T15:18:50.424989-0700]     1.0000 MB /   0.50 sec =   16.7728 Mbps     0 retrans
[2024-11-03T15:18:50.924924-0700]     0.0000 MB /   0.50 sec =    0.0000 Mbps     0 retrans
[2024-11-03T15:18:51.425829-0700]     0.0000 MB /   0.50 sec =    0.0000 Mbps     0 retrans
[2024-11-03T15:18:51.925307-0700]     0.1250 MB /   0.50 sec =    2.0993 Mbps     0 retrans
[2024-11-03T15:18:52.424983-0700]     0.8125 MB /   0.50 sec =   13.6399 Mbps     0 retrans
[2024-11-03T15:18:52.925078-0700]     0.0000 MB /   0.50 sec =    0.0000 Mbps     0 retrans
[2024-11-03T15:18:53.426347-0700]     1.5625 MB /   0.50 sec =   26.1429 Mbps     0 retrans
[2024-11-03T15:18:53.924788-0700]     0.0000 MB /   0.50 sec =    0.0000 Mbps     0 retrans
[2024-11-03T15:18:54.425027-0700]     1.0000 MB /   0.50 sec =   16.7716 Mbps     0 retrans
[2024-11-03T15:18:54.924837-0700]     0.8125 MB /   0.50 sec =   13.6355 Mbps     0 retrans
[2024-11-03T15:18:55.425883-0700]     0.0625 MB /   0.50 sec =    1.0464 Mbps     0 retrans
[2024-11-03T15:18:55.924955-0700]     0.2500 MB /   0.50 sec =    4.2020 Mbps     0 retrans
[2024-11-03T15:18:56.424945-0700]     1.9375 MB /   0.50 sec =   32.5159 Mbps     0 retrans
[2024-11-03T15:18:56.925110-0700]     0.1250 MB /   0.50 sec =    2.0962 Mbps     0 retrans
[2024-11-03T15:18:57.425046-0700]     0.5625 MB /   0.50 sec =    9.4405 Mbps     0 retrans
[2024-11-03T15:18:57.924993-0700]     0.6250 MB /   0.50 sec =   10.4834 Mbps     0 retrans
[2024-11-03T15:18:58.425779-0700]     0.1875 MB /   0.50 sec =    3.1406 Mbps     0 retrans
[2024-11-03T15:18:58.925012-0700]     0.8750 MB /   0.50 sec =   14.7036 Mbps     0 retrans
[2024-11-03T15:18:59.424819-0700]     0.8750 MB /   0.50 sec =   14.6845 Mbps     0 retrans
[2024-11-03T15:18:59.925873-0700]     0.1875 MB /   0.50 sec =    3.1392 Mbps     0 retrans
[2024-11-03T15:19:00.425773-0700]     0.0625 MB /   0.50 sec =    1.0488 Mbps     0 retrans
[2024-11-03T15:19:00.924792-0700]     0.3750 MB /   0.50 sec =    6.3034 Mbps     0 retrans
[2024-11-03T15:19:01.425835-0700]     1.0000 MB /   0.50 sec =   16.7445 Mbps     0 retrans
[2024-11-03T15:19:01.924920-0700]     0.6875 MB /   0.50 sec =   11.5532 Mbps     0 retrans
[2024-11-03T15:19:02.426218-0700]     0.2500 MB /   0.50 sec =    4.1843 Mbps     0 retrans
[2024-11-03T15:19:02.924926-0700]     0.8125 MB /   0.50 sec =   13.6656 Mbps     0 retrans
[2024-11-03T15:19:03.425862-0700]     0.1875 MB /   0.50 sec =    3.1401 Mbps     0 retrans
[2024-11-03T15:19:03.925005-0700]     0.6250 MB /   0.50 sec =   10.5033 Mbps     0 retrans
[2024-11-03T15:19:04.425023-0700]     0.0000 MB /   0.50 sec =    0.0000 Mbps     0 retrans
[2024-11-03T15:19:04.924973-0700]     0.6250 MB /   0.50 sec =   10.4866 Mbps     0 retrans
[2024-11-03T15:19:05.424814-0700]     0.8125 MB /   0.50 sec =   13.6351 Mbps     0 retrans
[2024-11-03T15:19:05.925184-0700]     0.1250 MB /   0.50 sec =    2.0964 Mbps     0 retrans
[2024-11-03T15:19:06.425927-0700]     0.3125 MB /   0.50 sec =    5.2335 Mbps     0 retrans
[2024-11-03T15:19:06.924991-0700]     0.1250 MB /   0.50 sec =    2.1010 Mbps     0 retrans
[2024-11-03T15:19:07.424950-0700]     0.1875 MB /   0.50 sec =    3.1459 Mbps     0 retrans
[2024-11-03T15:19:07.924974-0700]     0.3750 MB /   0.50 sec =    6.2912 Mbps     0 retrans
[2024-11-03T15:19:08.425978-0700]     0.1875 MB /   0.50 sec =    3.1397 Mbps     0 retrans
[2024-11-03T15:19:08.924871-0700]     0.6250 MB /   0.50 sec =   10.5078 Mbps     0 retrans
[2024-11-03T15:19:09.425056-0700]     0.1250 MB /   0.50 sec =    2.0966 Mbps     0 retrans
[2024-11-03T15:19:09.924938-0700]     0.1875 MB /   0.50 sec =    3.1461 Mbps     0 retrans
[2024-11-03T15:19:10.425996-0700]     0.3125 MB /   0.50 sec =    5.2326 Mbps     0 retrans
[2024-11-03T15:19:10.925908-0700]     0.3125 MB /   0.50 sec =    5.2433 Mbps     0 retrans
[2024-11-03T15:19:11.425021-0700]     0.1875 MB /   0.50 sec =    3.1513 Mbps     0 retrans
[2024-11-03T15:19:11.924948-0700]     0.4375 MB /   0.50 sec =    7.3411 Mbps     0 retrans
[2024-11-03T15:19:12.425070-0700]     0.0000 MB /   0.50 sec =    0.0000 Mbps     0 retrans
[2024-11-03T15:19:12.925227-0700]     0.3125 MB /   0.50 sec =    5.2418 Mbps     0 retrans
[2024-11-03T15:19:13.425284-0700]     0.5625 MB /   0.50 sec =    9.4345 Mbps     0 retrans
[2024-11-03T15:19:13.925809-0700]     0.2500 MB /   0.50 sec =    4.1898 Mbps     0 retrans
[2024-11-03T15:19:14.424940-0700]     0.0625 MB /   0.50 sec =    1.0504 Mbps     0 retrans
[2024-11-03T15:19:14.924940-0700]     0.0000 MB /   0.50 sec =    0.0000 Mbps     0 retrans
[2024-11-03T15:19:15.425060-0700]     0.0625 MB /   0.50 sec =    1.0484 Mbps     0 retrans
[2024-11-03T15:19:15.925940-0700]     0.0000 MB /   0.50 sec =    0.0000 Mbps     0 retrans
[2024-11-03T15:19:16.426006-0700]     0.0000 MB /   0.50 sec =    0.0000 Mbps     0 retrans
[2024-11-03T15:19:16.924981-0700]     0.0000 MB /   0.50 sec =    0.0000 Mbps     0 retrans
[2024-11-03T15:19:17.425915-0700]     0.0000 MB /   0.50 sec =    0.0000 Mbps     0 retrans
[2024-11-03T15:19:17.925986-0700]     0.0000 MB /   0.50 sec =    0.0000 Mbps     0 retrans
[2024-11-03T15:19:18.425055-0700]     0.0000 MB /   0.50 sec =    0.0000 Mbps     0 retrans
[2024-11-03T15:19:18.925937-0700]     0.0000 MB /   0.50 sec =    0.0000 Mbps     0 retrans
[2024-11-03T15:19:19.425959-0700]     0.0000 MB /   0.50 sec =    0.0000 Mbps     0 retrans
[2024-11-03T15:19:19.924957-0700]     0.3125 MB /   0.50 sec =    5.2528 Mbps     0 retrans
[2024-11-03T15:19:20.424861-0700]     0.1250 MB /   0.50 sec =    2.0974 Mbps     0 retrans
[2024-11-03T15:19:20.924787-0700]     0.1875 MB /   0.50 sec =    3.1461 Mbps     0 retrans
[2024-11-03T15:19:21.425913-0700]     0.0000 MB /   0.50 sec =    0.0000 Mbps     0 retrans
[2024-11-03T15:19:21.925008-0700]     0.0625 MB /   0.50 sec =    1.0504 Mbps     0 retrans
[2024-11-03T15:19:22.425925-0700]     0.0625 MB /   0.50 sec =    1.0468 Mbps     0 retrans
[2024-11-03T15:19:22.924987-0700]     0.0000 MB /   0.50 sec =    0.0000 Mbps     0 retrans
[2024-11-03T15:19:23.425891-0700]     0.2500 MB /   0.50 sec =    4.1867 Mbps     0 retrans
[2024-11-03T15:19:23.924928-0700]     0.0625 MB /   0.50 sec =    1.0509 Mbps     0 retrans
[2024-11-03T15:19:24.426010-0700]     0.0625 MB /   0.50 sec =    1.0461 Mbps     0 retrans
[2024-11-03T15:19:24.925932-0700]     0.0625 MB /   0.50 sec =    1.0487 Mbps     0 retrans
[2024-11-03T15:19:25.426121-0700]     0.0625 MB /   0.50 sec =    1.0483 Mbps     0 retrans
[2024-11-03T15:19:25.924997-0700]     0.0625 MB /   0.50 sec =    1.0508 Mbps     0 retrans
[2024-11-03T15:19:26.425009-0700]     0.0625 MB /   0.50 sec =    1.0484 Mbps     0 retrans
[2024-11-03T15:19:26.926129-0700]     0.1250 MB /   0.50 sec =    2.0928 Mbps     0 retrans
[2024-11-03T15:19:27.424990-0700]     0.0625 MB /   0.50 sec =    1.0510 Mbps     0 retrans
[2024-11-03T15:19:27.924952-0700]     0.0625 MB /   0.50 sec =    1.0486 Mbps     0 retrans
[2024-11-03T15:19:28.424845-0700]     0.0625 MB /   0.50 sec =    1.0488 Mbps     0 retrans
[2024-11-03T15:19:28.924816-0700]     0.0625 MB /   0.50 sec =    1.0486 Mbps     0 retrans
[2024-11-03T15:19:29.425237-0700]     0.0625 MB /   0.50 sec =    1.0480 Mbps     0 retrans
[2024-11-03T15:19:29.925196-0700]     0.0000 MB /   0.50 sec =    0.0000 Mbps     0 retrans
[2024-11-03T15:19:30.424852-0700]     0.1250 MB /   0.50 sec =    2.0986 Mbps     0 retrans
[2024-11-03T15:19:30.924808-0700]     0.0625 MB /   0.50 sec =    1.0486 Mbps     0 retrans
[2024-11-03T15:19:31.424850-0700]     0.1875 MB /   0.50 sec =    3.1457 Mbps     0 retrans
[2024-11-03T15:19:31.924817-0700]     0.1875 MB /   0.50 sec =    3.1457 Mbps     0 retrans
[2024-11-03T15:19:32.424881-0700]     0.1875 MB /   0.50 sec =    3.1454 Mbps     0 retrans
[2024-11-03T15:19:32.924809-0700]     0.1250 MB /   0.50 sec =    2.0975 Mbps     0 retrans
[2024-11-03T15:19:33.425956-0700]     0.1875 MB /   0.50 sec =    3.1390 Mbps     0 retrans
[2024-11-03T15:19:33.925051-0700]     0.1875 MB /   0.50 sec =    3.1506 Mbps     0 retrans
[2024-11-03T15:19:34.426477-0700]     0.2500 MB /   0.50 sec =    4.1836 Mbps     0 retrans
[2024-11-03T15:19:34.924990-0700]     0.1875 MB /   0.50 sec =    3.1546 Mbps     0 retrans
[2024-11-03T15:19:35.424806-0700]     0.3125 MB /   0.50 sec =    5.2447 Mbps     0 retrans
[2024-11-03T15:19:35.924799-0700]     0.3125 MB /   0.50 sec =    5.2429 Mbps     0 retrans
[2024-11-03T15:19:36.424851-0700]     0.3750 MB /   0.50 sec =    6.2913 Mbps     0 retrans
[2024-11-03T15:19:36.924761-0700]     0.3125 MB /   0.50 sec =    5.2428 Mbps     0 retrans
[2024-11-03T15:19:37.425190-0700]     0.4375 MB /   0.50 sec =    7.3347 Mbps     0 retrans
[2024-11-03T15:19:37.924792-0700]     0.3750 MB /   0.50 sec =    6.2962 Mbps     0 retrans
[2024-11-03T15:19:38.424807-0700]     0.4375 MB /   0.50 sec =    7.3400 Mbps     0 retrans
[2024-11-03T15:19:38.924983-0700]     0.1250 MB /   0.50 sec =    2.0966 Mbps     0 retrans
[2024-11-03T15:19:39.425411-0700]     0.3125 MB /   0.50 sec =    5.2404 Mbps     0 retrans
[2024-11-03T15:19:39.926412-0700]     0.0625 MB /   0.50 sec =    1.0465 Mbps     0 retrans
[2024-11-03T15:19:40.424830-0700]     0.5000 MB /   0.50 sec =    8.4119 Mbps     0 retrans
[2024-11-03T15:19:40.924784-0700]     0.3125 MB /   0.50 sec =    5.2430 Mbps     0 retrans
[2024-11-03T15:19:41.426005-0700]     0.1875 MB /   0.50 sec =    3.1386 Mbps     0 retrans
[2024-11-03T15:19:41.924749-0700]     0.5000 MB /   0.50 sec =    8.4079 Mbps     0 retrans
[2024-11-03T15:19:42.425920-0700]     0.3750 MB /   0.50 sec =    6.2778 Mbps     0 retrans
[2024-11-03T15:19:42.924837-0700]     0.5625 MB /   0.50 sec =    9.4574 Mbps     0 retrans
[2024-11-03T15:19:43.425025-0700]     0.2500 MB /   0.50 sec =    4.1930 Mbps     0 retrans
[2024-11-03T15:19:43.924984-0700]     0.5000 MB /   0.50 sec =    8.3887 Mbps     0 retrans
[2024-11-03T15:19:44.424821-0700]     0.3750 MB /   0.50 sec =    6.2934 Mbps     0 retrans
[2024-11-03T15:19:44.925729-0700]     0.4375 MB /   0.50 sec =    7.3329 Mbps     0 retrans
[2024-11-03T15:19:45.425210-0700]     0.5625 MB /   0.50 sec =    9.4389 Mbps     0 retrans
[2024-11-03T15:19:45.924937-0700]     0.5000 MB /   0.50 sec =    8.3932 Mbps     0 retrans
[2024-11-03T15:19:46.425007-0700]     0.3125 MB /   0.50 sec =    5.2426 Mbps     0 retrans
[2024-11-03T15:19:46.924921-0700]     0.1250 MB /   0.50 sec =    2.0973 Mbps     0 retrans
[2024-11-03T15:19:47.425014-0700]     0.6875 MB /   0.50 sec =   11.5334 Mbps     0 retrans
[2024-11-03T15:19:47.925083-0700]     0.3750 MB /   0.50 sec =    6.2911 Mbps     0 retrans
[2024-11-03T15:19:48.426254-0700]     0.5625 MB /   0.50 sec =    9.4146 Mbps     0 retrans
[2024-11-03T15:19:48.924844-0700]     0.0000 MB /   0.50 sec =    0.0000 Mbps     0 retrans
[2024-11-03T15:19:49.424892-0700]     0.4375 MB /   0.50 sec =    7.3398 Mbps     0 retrans
[2024-11-03T15:19:49.924803-0700]     0.3125 MB /   0.50 sec =    5.2432 Mbps     0 retrans
[2024-11-03T15:19:50.424902-0700]     0.2500 MB /   0.50 sec =    4.1939 Mbps     0 retrans
[2024-11-03T15:19:50.924864-0700]     0.0625 MB /   0.50 sec =    1.0486 Mbps     0 retrans
[2024-11-03T15:19:51.424895-0700]     0.1250 MB /   0.50 sec =    2.0971 Mbps     0 retrans
[2024-11-03T15:19:51.924790-0700]     0.3750 MB /   0.50 sec =    6.2921 Mbps     0 retrans
[2024-11-03T15:19:52.424924-0700]     0.4375 MB /   0.50 sec =    7.3390 Mbps     0 retrans
[2024-11-03T15:19:52.924827-0700]     0.6250 MB /   0.50 sec =   10.4866 Mbps     0 retrans
[2024-11-03T15:19:53.424822-0700]     0.4375 MB /   0.50 sec =    7.3403 Mbps     0 retrans
[2024-11-03T15:19:53.924716-0700]     0.7500 MB /   0.50 sec =   12.5837 Mbps     0 retrans
[2024-11-03T15:19:54.425139-0700]     0.6250 MB /   0.50 sec =   10.4782 Mbps     0 retrans
[2024-11-03T15:19:54.925044-0700]     0.7500 MB /   0.50 sec =   12.5919 Mbps     0 retrans
[2024-11-03T15:19:55.425248-0700]     0.7500 MB /   0.50 sec =   12.5718 Mbps     0 retrans
[2024-11-03T15:19:55.924991-0700]     0.2500 MB /   0.50 sec =    4.1965 Mbps     0 retrans
[2024-11-03T15:19:56.425846-0700]     0.6250 MB /   0.50 sec =   10.4680 Mbps     0 retrans
[2024-11-03T15:19:56.924992-0700]     0.8750 MB /   0.50 sec =   14.7051 Mbps     0 retrans
[2024-11-03T15:19:57.424960-0700]     0.7500 MB /   0.50 sec =   12.5838 Mbps     0 retrans
[2024-11-03T15:19:57.925773-0700]     1.0625 MB /   0.50 sec =   17.7962 Mbps     0 retrans
[2024-11-03T15:19:58.424837-0700]     0.8750 MB /   0.50 sec =   14.7075 Mbps     0 retrans
[2024-11-03T15:19:58.924965-0700]     1.0000 MB /   0.50 sec =   16.7728 Mbps     0 retrans
[2024-11-03T15:19:59.425164-0700]     1.6875 MB /   0.50 sec =   28.3073 Mbps     0 retrans
[2024-11-03T15:19:59.924783-0700]     0.6875 MB /   0.50 sec =   11.5397 Mbps     0 retrans
[2024-11-03T15:20:00.425002-0700]     0.6250 MB /   0.50 sec =   10.4844 Mbps     0 retrans
[2024-11-03T15:20:00.925591-0700]     1.4375 MB /   0.50 sec =   24.0981 Mbps     0 retrans
[2024-11-03T15:20:01.425436-0700]     0.6250 MB /   0.50 sec =   10.4864 Mbps     0 retrans
[2024-11-03T15:20:01.924764-0700]     1.3125 MB /   0.50 sec =   22.0392 Mbps     0 retrans
End time: 1730672402457
