Start time: 1730498249978
[2024-11-01T14:57:30.935233-0700] nuttcp-r: v8.1.4: socket
[2024-11-01T14:57:30.935715-0700] nuttcp-r: buflen=65536, nstream=1, port=5101 tcp
[2024-11-01T14:57:30.935748-0700] nuttcp-r: interval reporting every 0.50 seconds
[2024-11-01T14:57:30.935774-0700] nuttcp-r: connect to 54.176.53.206 with RTT=43.197 ms af=inet
[2024-11-01T14:57:30.935798-0700] nuttcp-r: send window size = 2097152, receive window size = 6291456
[2024-11-01T14:57:30.935819-0700] nuttcp-r: available send window = 1572864, available receive window = 4718592
[2024-11-01T14:57:30.935841-0700]     2.3125 MB /   0.50 sec =   38.7937 Mbps     0 retrans
[2024-11-01T14:57:31.435375-0700]     7.9375 MB /   0.50 sec =  133.1678 Mbps     0 retrans
[2024-11-01T14:57:31.935276-0700]    14.7500 MB /   0.50 sec =  247.4644 Mbps     0 retrans
[2024-11-01T14:57:32.435776-0700]    14.5625 MB /   0.50 sec =  244.3207 Mbps     0 retrans
[2024-11-01T14:57:32.935294-0700]    16.0000 MB /   0.50 sec =  268.4344 Mbps     0 retrans
[2024-11-01T14:57:33.435625-0700]    14.0000 MB /   0.50 sec =  234.8810 Mbps     0 retrans
[2024-11-01T14:57:33.935361-0700]    15.7500 MB /   0.50 sec =  264.2380 Mbps     0 retrans
[2024-11-01T14:57:34.435270-0700]    19.0625 MB /   0.50 sec =  319.8202 Mbps     0 retrans
[2024-11-01T14:57:34.935354-0700]    17.4375 MB /   0.50 sec =  292.5685 Mbps     0 retrans
[2024-11-01T14:57:35.435271-0700]    16.5625 MB /   0.50 sec =  277.8599 Mbps     0 retrans
[2024-11-01T14:57:35.935611-0700]    14.8750 MB /   0.50 sec =  249.5421 Mbps     0 retrans
[2024-11-01T14:57:36.435574-0700]    15.1875 MB /   0.50 sec =  254.6573 Mbps     0 retrans
[2024-11-01T14:57:36.935261-0700]    14.3125 MB /   0.50 sec =  240.2767 Mbps     0 retrans
[2024-11-01T14:57:37.435258-0700]    18.4375 MB /   0.50 sec =  309.3287 Mbps     0 retrans
[2024-11-01T14:57:37.935417-0700]    17.6875 MB /   0.50 sec =  296.7464 Mbps     0 retrans
[2024-11-01T14:57:38.435205-0700]    16.5000 MB /   0.50 sec =  276.8374 Mbps     0 retrans
[2024-11-01T14:57:38.935255-0700]    14.6875 MB /   0.50 sec =  246.4075 Mbps     0 retrans
[2024-11-01T14:57:39.435254-0700]    16.5625 MB /   0.50 sec =  277.8710 Mbps     0 retrans
[2024-11-01T14:57:39.935248-0700]    18.2500 MB /   0.50 sec =  306.1842 Mbps     0 retrans
[2024-11-01T14:57:40.435262-0700]    18.8750 MB /   0.50 sec =  316.6668 Mbps     0 retrans
[2024-11-01T14:57:40.935203-0700]    17.3750 MB /   0.50 sec =  291.5187 Mbps     0 retrans
[2024-11-01T14:57:41.435339-0700]    18.7500 MB /   0.50 sec =  314.5772 Mbps     0 retrans
[2024-11-01T14:57:41.935257-0700]     6.6250 MB /   0.50 sec =  111.1433 Mbps     0 retrans
[2024-11-01T14:57:42.435340-0700]    18.0000 MB /   0.50 sec =  301.9802 Mbps     0 retrans
[2024-11-01T14:57:42.935301-0700]    13.6875 MB /   0.50 sec =  229.6221 Mbps     0 retrans
[2024-11-01T14:57:43.435259-0700]    15.7500 MB /   0.50 sec =  264.2660 Mbps     0 retrans
[2024-11-01T14:57:43.935257-0700]    15.8750 MB /   0.50 sec =  266.3388 Mbps     0 retrans
[2024-11-01T14:57:44.435264-0700]    15.3750 MB /   0.50 sec =  257.9497 Mbps     0 retrans
[2024-11-01T14:57:44.935249-0700]    15.5625 MB /   0.50 sec =  261.0975 Mbps     0 retrans
[2024-11-01T14:57:45.435263-0700]    16.0000 MB /   0.50 sec =  268.4328 Mbps     0 retrans
[2024-11-01T14:57:45.935188-0700]    15.8125 MB /   0.50 sec =  265.3056 Mbps     0 retrans
[2024-11-01T14:57:46.435274-0700]    15.8125 MB /   0.50 sec =  265.2701 Mbps     0 retrans
[2024-11-01T14:57:46.935248-0700]    14.8125 MB /   0.50 sec =  248.5279 Mbps     0 retrans
[2024-11-01T14:57:47.435584-0700]    15.1250 MB /   0.50 sec =  253.5759 Mbps     0 retrans
[2024-11-01T14:57:47.935353-0700]    17.1250 MB /   0.50 sec =  287.4582 Mbps     0 retrans
[2024-11-01T14:57:48.435294-0700]    17.1875 MB /   0.50 sec =  288.3913 Mbps     0 retrans
[2024-11-01T14:57:48.935319-0700]    17.9375 MB /   0.50 sec =  300.9118 Mbps     0 retrans
[2024-11-01T14:57:49.435271-0700]    17.5000 MB /   0.50 sec =  293.6377 Mbps     0 retrans
[2024-11-01T14:57:49.935263-0700]    20.3750 MB /   0.50 sec =  341.8365 Mbps     0 retrans
[2024-11-01T14:57:50.435274-0700]    19.3125 MB /   0.50 sec =  324.0035 Mbps     0 retrans
[2024-11-01T14:57:50.935273-0700]    22.4375 MB /   0.50 sec =  376.4441 Mbps     0 retrans
[2024-11-01T14:57:51.435251-0700]    20.4375 MB /   0.50 sec =  342.8878 Mbps     0 retrans
[2024-11-01T14:57:51.935264-0700]    18.1875 MB /   0.50 sec =  305.1368 Mbps     0 retrans
[2024-11-01T14:57:52.435811-0700]    14.0625 MB /   0.50 sec =  235.6944 Mbps     0 retrans
[2024-11-01T14:57:52.935306-0700]    11.8750 MB /   0.50 sec =  199.4045 Mbps     0 retrans
[2024-11-01T14:57:53.435239-0700]    22.2500 MB /   0.50 sec =  373.3558 Mbps     0 retrans
[2024-11-01T14:57:53.935253-0700]    19.0625 MB /   0.50 sec =  319.7626 Mbps     0 retrans
[2024-11-01T14:57:54.435345-0700]    22.1875 MB /   0.50 sec =  372.2564 Mbps     0 retrans
[2024-11-01T14:57:54.935259-0700]    22.8125 MB /   0.50 sec =  382.7563 Mbps     0 retrans
[2024-11-01T14:57:55.435218-0700]    20.0625 MB /   0.50 sec =  336.5929 Mbps     0 retrans
[2024-11-01T14:57:55.935368-0700]    25.0625 MB /   0.50 sec =  420.4117 Mbps     0 retrans
[2024-11-01T14:57:56.435274-0700]    21.8750 MB /   0.50 sec =  367.0552 Mbps     0 retrans
[2024-11-01T14:57:56.935389-0700]    19.4375 MB /   0.50 sec =  326.0250 Mbps     0 retrans
[2024-11-01T14:57:57.435312-0700]    21.4375 MB /   0.50 sec =  359.7436 Mbps     0 retrans
[2024-11-01T14:57:57.935277-0700]    20.0000 MB /   0.50 sec =  335.5645 Mbps     0 retrans
[2024-11-01T14:57:58.437951-0700]    18.3750 MB /   0.50 sec =  306.7537 Mbps     0 retrans
[2024-11-01T14:57:58.935591-0700]    15.8750 MB /   0.50 sec =  267.4767 Mbps     0 retrans
[2024-11-01T14:57:59.435348-0700]    15.8125 MB /   0.50 sec =  265.4373 Mbps     0 retrans
[2024-11-01T14:57:59.935279-0700]    14.0625 MB /   0.50 sec =  235.9659 Mbps     0 retrans
[2024-11-01T14:58:00.435272-0700]    16.3750 MB /   0.50 sec =  274.7242 Mbps     0 retrans
[2024-11-01T14:58:00.935438-0700]    15.3125 MB /   0.50 sec =  256.8426 Mbps     0 retrans
[2024-11-01T14:58:01.435901-0700]    18.5000 MB /   0.50 sec =  310.4499 Mbps     0 retrans
[2024-11-01T14:58:01.935341-0700]    20.0000 MB /   0.50 sec =  335.5202 Mbps     0 retrans
[2024-11-01T14:58:02.435508-0700]    21.7500 MB /   0.50 sec =  364.9300 Mbps     0 retrans
[2024-11-01T14:58:02.935294-0700]    20.7500 MB /   0.50 sec =  348.1224 Mbps     0 retrans
[2024-11-01T14:58:03.435220-0700]    22.0625 MB /   0.50 sec =  370.1718 Mbps     0 retrans
[2024-11-01T14:58:03.935280-0700]     5.7500 MB /   0.50 sec =   96.4630 Mbps     0 retrans
[2024-11-01T14:58:04.435303-0700]    16.8125 MB /   0.50 sec =  282.0619 Mbps     0 retrans
[2024-11-01T14:58:04.935381-0700]    15.1875 MB /   0.50 sec =  254.7663 Mbps     0 retrans
[2024-11-01T14:58:05.435400-0700]    18.6875 MB /   0.50 sec =  313.5838 Mbps     0 retrans
[2024-11-01T14:58:05.935289-0700]    13.1250 MB /   0.50 sec =  220.1988 Mbps     0 retrans
[2024-11-01T14:58:06.435292-0700]    13.1875 MB /   0.50 sec =  221.2385 Mbps     0 retrans
[2024-11-01T14:58:06.935305-0700]    20.6250 MB /   0.50 sec =  346.0432 Mbps     0 retrans
[2024-11-01T14:58:07.435279-0700]    20.5625 MB /   0.50 sec =  344.9836 Mbps     0 retrans
[2024-11-01T14:58:07.935309-0700]    21.1875 MB /   0.50 sec =  355.4331 Mbps     0 retrans
[2024-11-01T14:58:08.435289-0700]    24.1250 MB /   0.50 sec =  404.7771 Mbps     0 retrans
[2024-11-01T14:58:08.935267-0700]    20.3125 MB /   0.50 sec =  340.8015 Mbps     0 retrans
[2024-11-01T14:58:09.435274-0700]    21.4375 MB /   0.50 sec =  359.6623 Mbps     0 retrans
[2024-11-01T14:58:09.935361-0700]    20.0000 MB /   0.50 sec =  335.4886 Mbps     0 retrans
[2024-11-01T14:58:10.435288-0700]    18.6875 MB /   0.50 sec =  313.5688 Mbps     0 retrans
[2024-11-01T14:58:10.935258-0700]    21.4375 MB /   0.50 sec =  359.6702 Mbps     0 retrans
[2024-11-01T14:58:11.435202-0700]    20.0000 MB /   0.50 sec =  335.5551 Mbps     0 retrans
[2024-11-01T14:58:11.935272-0700]    21.0625 MB /   0.50 sec =  353.3567 Mbps     0 retrans
[2024-11-01T14:58:12.435313-0700]    24.5625 MB /   0.50 sec =  412.0780 Mbps     0 retrans
[2024-11-01T14:58:12.935285-0700]    25.8750 MB /   0.50 sec =  434.1270 Mbps     0 retrans
[2024-11-01T14:58:13.435391-0700]    25.4375 MB /   0.50 sec =  426.6911 Mbps     0 retrans
[2024-11-01T14:58:13.935429-0700]    20.5000 MB /   0.50 sec =  343.9887 Mbps     0 retrans
[2024-11-01T14:58:14.435264-0700]    25.1250 MB /   0.50 sec =  421.5360 Mbps     0 retrans
[2024-11-01T14:58:14.935281-0700]    18.1250 MB /   0.50 sec =  304.0852 Mbps     0 retrans
[2024-11-01T14:58:15.435242-0700]    18.8125 MB /   0.50 sec =  315.6283 Mbps     0 retrans
[2024-11-01T14:58:15.935338-0700]    19.3125 MB /   0.50 sec =  323.9523 Mbps     0 retrans
[2024-11-01T14:58:16.435326-0700]    14.8750 MB /   0.50 sec =  249.5751 Mbps     0 retrans
[2024-11-01T14:58:16.935294-0700]    21.9375 MB /   0.50 sec =  368.0811 Mbps     0 retrans
[2024-11-01T14:58:17.435257-0700]    16.0625 MB /   0.50 sec =  269.4921 Mbps     0 retrans
[2024-11-01T14:58:17.935269-0700]    17.1875 MB /   0.50 sec =  288.3572 Mbps     0 retrans
[2024-11-01T14:58:18.435208-0700]    20.1875 MB /   0.50 sec =  338.7016 Mbps     0 retrans
[2024-11-01T14:58:18.935246-0700]    20.3750 MB /   0.50 sec =  341.8283 Mbps     0 retrans
[2024-11-01T14:58:19.435269-0700]    24.8125 MB /   0.50 sec =  416.2772 Mbps     0 retrans
[2024-11-01T14:58:19.935254-0700]    21.0000 MB /   0.50 sec =  352.3244 Mbps     0 retrans
[2024-11-01T14:58:20.435269-0700]    24.0625 MB /   0.50 sec =  403.6993 Mbps     0 retrans
[2024-11-01T14:58:20.935278-0700]    20.5625 MB /   0.50 sec =  344.9822 Mbps     0 retrans
[2024-11-01T14:58:21.435254-0700]    23.1250 MB /   0.50 sec =  387.9762 Mbps     0 retrans
[2024-11-01T14:58:21.935431-0700]    25.6875 MB /   0.50 sec =  430.9596 Mbps     0 retrans
[2024-11-01T14:58:22.435274-0700]    26.0000 MB /   0.50 sec =  436.2041 Mbps     0 retrans
[2024-11-01T14:58:22.935286-0700]    29.2500 MB /   0.50 sec =  490.7336 Mbps     0 retrans
[2024-11-01T14:58:23.435273-0700]    29.2500 MB /   0.50 sec =  490.7365 Mbps     0 retrans
[2024-11-01T14:58:23.935266-0700]    29.7500 MB /   0.50 sec =  499.1212 Mbps     0 retrans
[2024-11-01T14:58:24.435379-0700]    18.8750 MB /   0.50 sec =  316.6744 Mbps     0 retrans
[2024-11-01T14:58:24.935197-0700]    19.5000 MB /   0.50 sec =  327.1603 Mbps     0 retrans
[2024-11-01T14:58:25.435259-0700]    19.0625 MB /   0.50 sec =  319.8125 Mbps     0 retrans
[2024-11-01T14:58:25.935296-0700]    17.7500 MB /   0.50 sec =  297.7878 Mbps     0 retrans
[2024-11-01T14:58:26.435465-0700]    17.0625 MB /   0.50 sec =  286.2618 Mbps     0 retrans
[2024-11-01T14:58:26.935292-0700]    20.7500 MB /   0.50 sec =  348.1286 Mbps     0 retrans
[2024-11-01T14:58:27.435331-0700]    21.0625 MB /   0.50 sec =  353.3320 Mbps     0 retrans
[2024-11-01T14:58:27.935277-0700]    23.9375 MB /   0.50 sec =  401.6464 Mbps     0 retrans
[2024-11-01T14:58:28.435306-0700]    21.8750 MB /   0.50 sec =  367.0016 Mbps     0 retrans
[2024-11-01T14:58:28.935248-0700]    23.9375 MB /   0.50 sec =  401.6142 Mbps     0 retrans
[2024-11-01T14:58:29.435272-0700]    26.7500 MB /   0.50 sec =  448.7726 Mbps     0 retrans
[2024-11-01T14:58:29.935324-0700]    25.0000 MB /   0.50 sec =  419.3901 Mbps     0 retrans
[2024-11-01T14:58:30.435275-0700]    30.9375 MB /   0.50 sec =  519.1074 Mbps     0 retrans
[2024-11-01T14:58:30.935251-0700]    25.5625 MB /   0.50 sec =  428.8744 Mbps     0 retrans
[2024-11-01T14:58:31.435180-0700]    22.6875 MB /   0.50 sec =  380.6529 Mbps     0 retrans
[2024-11-01T14:58:31.935276-0700]    20.5625 MB /   0.50 sec =  344.9594 Mbps     0 retrans
[2024-11-01T14:58:32.435237-0700]    15.1875 MB /   0.50 sec =  254.8080 Mbps     0 retrans
[2024-11-01T14:58:32.935290-0700]    17.1250 MB /   0.50 sec =  287.3012 Mbps     0 retrans
[2024-11-01T14:58:33.435446-0700]    14.6250 MB /   0.50 sec =  245.3447 Mbps     0 retrans
[2024-11-01T14:58:33.935271-0700]    17.0625 MB /   0.50 sec =  286.2870 Mbps     0 retrans
[2024-11-01T14:58:34.435318-0700]    17.7500 MB /   0.50 sec =  297.7872 Mbps     0 retrans
[2024-11-01T14:58:34.935265-0700]    21.9375 MB /   0.50 sec =  368.0664 Mbps     0 retrans
[2024-11-01T14:58:35.435261-0700]    23.5000 MB /   0.50 sec =  394.2630 Mbps     0 retrans
[2024-11-01T14:58:35.935274-0700]    28.0625 MB /   0.50 sec =  470.8031 Mbps     0 retrans
[2024-11-01T14:58:36.435306-0700]    32.5625 MB /   0.50 sec =  546.2950 Mbps     0 retrans
[2024-11-01T14:58:36.935175-0700]    24.2500 MB /   0.50 sec =  406.8874 Mbps     0 retrans
[2024-11-01T14:58:37.435282-0700]    12.5000 MB /   0.50 sec =  209.6980 Mbps     0 retrans
[2024-11-01T14:58:37.935311-0700]    36.1250 MB /   0.50 sec =  606.0697 Mbps     0 retrans
[2024-11-01T14:58:38.435275-0700]    29.4375 MB /   0.50 sec =  493.8961 Mbps     0 retrans
[2024-11-01T14:58:38.935294-0700]    34.5000 MB /   0.50 sec =  578.7758 Mbps     0 retrans
[2024-11-01T14:58:39.435288-0700]    26.7500 MB /   0.50 sec =  448.8219 Mbps     0 retrans
[2024-11-01T14:58:39.935424-0700]    32.4375 MB /   0.50 sec =  544.1914 Mbps     0 retrans
[2024-11-01T14:58:40.435291-0700]    28.3750 MB /   0.50 sec =  476.0668 Mbps     0 retrans
[2024-11-01T14:58:40.935256-0700]    28.6250 MB /   0.50 sec =  480.2584 Mbps     0 retrans
[2024-11-01T14:58:41.435253-0700]    24.2500 MB /   0.50 sec =  406.8483 Mbps     0 retrans
[2024-11-01T14:58:41.935282-0700]    23.7500 MB /   0.50 sec =  398.4477 Mbps     0 retrans
[2024-11-01T14:58:42.435285-0700]    26.1250 MB /   0.50 sec =  438.3056 Mbps     0 retrans
[2024-11-01T14:58:42.935206-0700]    21.1875 MB /   0.50 sec =  355.4779 Mbps     0 retrans
[2024-11-01T14:58:43.435265-0700]    25.5625 MB /   0.50 sec =  428.8607 Mbps     0 retrans
[2024-11-01T14:58:43.935277-0700]    27.0625 MB /   0.50 sec =  454.0316 Mbps     0 retrans
[2024-11-01T14:58:44.435327-0700]    29.0000 MB /   0.50 sec =  486.4789 Mbps     0 retrans
[2024-11-01T14:58:44.935267-0700]    31.8125 MB /   0.50 sec =  533.7946 Mbps     0 retrans
[2024-11-01T14:58:45.435261-0700]    27.8125 MB /   0.50 sec =  466.6117 Mbps     0 retrans
[2024-11-01T14:58:45.935250-0700]    29.1250 MB /   0.50 sec =  488.6423 Mbps     0 retrans
[2024-11-01T14:58:46.435280-0700]    21.8125 MB /   0.50 sec =  365.9245 Mbps     0 retrans
[2024-11-01T14:58:46.935288-0700]    22.3125 MB /   0.50 sec =  374.3626 Mbps     0 retrans
[2024-11-01T14:58:47.435266-0700]    22.5625 MB /   0.50 sec =  378.5443 Mbps     0 retrans
[2024-11-01T14:58:47.935254-0700]    10.3125 MB /   0.50 sec =  173.0119 Mbps     0 retrans
[2024-11-01T14:58:48.435416-0700]    20.7500 MB /   0.50 sec =  348.1279 Mbps     0 retrans
[2024-11-01T14:58:48.935275-0700]    23.8125 MB /   0.50 sec =  399.4971 Mbps     0 retrans
[2024-11-01T14:58:49.435263-0700]    23.3125 MB /   0.50 sec =  391.1267 Mbps     0 retrans
[2024-11-01T14:58:49.935279-0700]    25.0000 MB /   0.50 sec =  419.4279 Mbps     0 retrans
[2024-11-01T14:58:50.435294-0700]    22.3750 MB /   0.50 sec =  375.3910 Mbps     0 retrans
[2024-11-01T14:58:50.935313-0700]    20.9375 MB /   0.50 sec =  351.2406 Mbps     0 retrans
[2024-11-01T14:58:51.435269-0700]    19.8750 MB /   0.50 sec =  333.4778 Mbps     0 retrans
[2024-11-01T14:58:51.935267-0700]    21.6875 MB /   0.50 sec =  363.8588 Mbps     0 retrans
[2024-11-01T14:58:52.435372-0700]    24.6250 MB /   0.50 sec =  413.0778 Mbps     0 retrans
[2024-11-01T14:58:52.935267-0700]    23.9375 MB /   0.50 sec =  401.6576 Mbps     0 retrans
[2024-11-01T14:58:53.435308-0700]    20.6250 MB /   0.50 sec =  346.0045 Mbps     0 retrans
[2024-11-01T14:58:53.935306-0700]    21.8125 MB /   0.50 sec =  365.9808 Mbps     0 retrans
[2024-11-01T14:58:54.435280-0700]    21.1250 MB /   0.50 sec =  354.4272 Mbps     0 retrans
[2024-11-01T14:58:54.935300-0700]    16.7500 MB /   0.50 sec =  280.9914 Mbps     0 retrans
[2024-11-01T14:58:55.435282-0700]    17.6875 MB /   0.50 sec =  296.7719 Mbps     0 retrans
[2024-11-01T14:58:55.935416-0700]    17.9375 MB /   0.50 sec =  300.9419 Mbps     0 retrans
[2024-11-01T14:58:56.435257-0700]    13.8750 MB /   0.50 sec =  232.7885 Mbps     0 retrans
[2024-11-01T14:58:56.935316-0700]    16.0000 MB /   0.50 sec =  268.4032 Mbps     0 retrans
[2024-11-01T14:58:57.435295-0700]    13.0625 MB /   0.50 sec =  219.1655 Mbps     0 retrans
[2024-11-01T14:58:57.935263-0700]    14.8750 MB /   0.50 sec =  249.5726 Mbps     0 retrans
[2024-11-01T14:58:58.435297-0700]    15.1875 MB /   0.50 sec =  254.8024 Mbps     0 retrans
[2024-11-01T14:58:58.935247-0700]    15.1250 MB /   0.50 sec =  253.7610 Mbps     0 retrans
[2024-11-01T14:58:59.435305-0700]    16.1250 MB /   0.50 sec =  270.5045 Mbps     0 retrans
[2024-11-01T14:58:59.935288-0700]    12.2500 MB /   0.50 sec =  205.5369 Mbps     0 retrans
[2024-11-01T14:59:00.435287-0700]    17.6250 MB /   0.50 sec =  295.6984 Mbps     0 retrans
[2024-11-01T14:59:00.935211-0700]    18.9375 MB /   0.50 sec =  317.7319 Mbps     0 retrans
[2024-11-01T14:59:01.435356-0700]    21.6250 MB /   0.50 sec =  362.7442 Mbps     0 retrans
[2024-11-01T14:59:01.935403-0700]    20.2500 MB /   0.50 sec =  339.7903 Mbps     0 retrans
[2024-11-01T14:59:02.435263-0700]    13.8125 MB /   0.50 sec =  231.7316 Mbps     0 retrans
[2024-11-01T14:59:02.935254-0700]    17.6875 MB /   0.50 sec =  296.7535 Mbps     0 retrans
[2024-11-01T14:59:03.435300-0700]    20.1250 MB /   0.50 sec =  337.6219 Mbps     0 retrans
[2024-11-01T14:59:03.935506-0700]    16.8125 MB /   0.50 sec =  281.9592 Mbps     0 retrans
[2024-11-01T14:59:04.435293-0700]    19.8125 MB /   0.50 sec =  332.5363 Mbps     0 retrans
[2024-11-01T14:59:04.935318-0700]    21.5000 MB /   0.50 sec =  360.7000 Mbps     0 retrans
[2024-11-01T14:59:05.435267-0700]    23.0000 MB /   0.50 sec =  385.8914 Mbps     0 retrans
[2024-11-01T14:59:05.935338-0700]    19.0625 MB /   0.50 sec =  319.7843 Mbps     0 retrans
[2024-11-01T14:59:06.435277-0700]    18.9375 MB /   0.50 sec =  317.7554 Mbps     0 retrans
[2024-11-01T14:59:06.935273-0700]    18.5000 MB /   0.50 sec =  310.3723 Mbps     0 retrans
[2024-11-01T14:59:07.435270-0700]    20.7500 MB /   0.50 sec =  348.1210 Mbps     0 retrans
[2024-11-01T14:59:07.935280-0700]    21.8125 MB /   0.50 sec =  365.9545 Mbps     0 retrans
[2024-11-01T14:59:08.435511-0700]    22.1250 MB /   0.50 sec =  371.1491 Mbps     0 retrans
[2024-11-01T14:59:08.935266-0700]    19.4375 MB /   0.50 sec =  326.1534 Mbps     0 retrans
[2024-11-01T14:59:09.435256-0700]    24.7500 MB /   0.50 sec =  415.2394 Mbps     0 retrans
[2024-11-01T14:59:09.935278-0700]    22.6875 MB /   0.50 sec =  380.6255 Mbps     0 retrans
[2024-11-01T14:59:10.435266-0700]    10.9375 MB /   0.50 sec =  183.5026 Mbps     0 retrans
[2024-11-01T14:59:10.935247-0700]    21.5625 MB /   0.50 sec =  361.7616 Mbps     0 retrans
[2024-11-01T14:59:11.435281-0700]    21.1250 MB /   0.50 sec =  354.4137 Mbps     0 retrans
[2024-11-01T14:59:11.935327-0700]    21.1250 MB /   0.50 sec =  354.4081 Mbps     0 retrans
[2024-11-01T14:59:12.435213-0700]    18.9375 MB /   0.50 sec =  317.7370 Mbps     0 retrans
[2024-11-01T14:59:12.935277-0700]    20.9375 MB /   0.50 sec =  351.2687 Mbps     0 retrans
[2024-11-01T14:59:13.435255-0700]    21.5000 MB /   0.50 sec =  360.7116 Mbps     0 retrans
[2024-11-01T14:59:13.935251-0700]    29.7500 MB /   0.50 sec =  499.1082 Mbps     0 retrans
[2024-11-01T14:59:14.435293-0700]    23.9375 MB /   0.50 sec =  401.6062 Mbps     0 retrans
[2024-11-01T14:59:14.935259-0700]    21.3125 MB /   0.50 sec =  357.5737 Mbps     0 retrans
[2024-11-01T14:59:15.435415-0700]    24.1250 MB /   0.50 sec =  404.7479 Mbps     0 retrans
[2024-11-01T14:59:15.935261-0700]    22.3125 MB /   0.50 sec =  374.3431 Mbps     0 retrans
[2024-11-01T14:59:16.435259-0700]    25.4375 MB /   0.50 sec =  426.7670 Mbps     0 retrans
[2024-11-01T14:59:16.935267-0700]    24.0000 MB /   0.50 sec =  402.6508 Mbps     0 retrans
[2024-11-01T14:59:17.435292-0700]    21.0000 MB /   0.50 sec =  352.3208 Mbps     0 retrans
[2024-11-01T14:59:17.935295-0700]    12.6875 MB /   0.50 sec =  212.8584 Mbps     0 retrans
[2024-11-01T14:59:18.435275-0700]    13.8125 MB /   0.50 sec =  231.7385 Mbps     0 retrans
[2024-11-01T14:59:18.935239-0700]    14.6250 MB /   0.50 sec =  245.3727 Mbps     0 retrans
[2024-11-01T14:59:19.435263-0700]    19.5625 MB /   0.50 sec =  328.1971 Mbps     0 retrans
[2024-11-01T14:59:19.935297-0700]    21.4375 MB /   0.50 sec =  359.6573 Mbps     0 retrans
[2024-11-01T14:59:20.435266-0700]    26.6250 MB /   0.50 sec =  446.7005 Mbps     0 retrans
[2024-11-01T14:59:20.935251-0700]    26.0625 MB /   0.50 sec =  437.2614 Mbps     0 retrans
[2024-11-01T14:59:21.435280-0700]    29.3750 MB /   0.50 sec =  492.8179 Mbps     0 retrans
[2024-11-01T14:59:21.935275-0700]    27.3750 MB /   0.50 sec =  459.2735 Mbps     0 retrans
[2024-11-01T14:59:22.435283-0700]    23.0000 MB /   0.50 sec =  385.8659 Mbps     0 retrans
[2024-11-01T14:59:22.935323-0700]    14.8750 MB /   0.50 sec =  249.5516 Mbps     0 retrans
[2024-11-01T14:59:23.435205-0700]    10.0000 MB /   0.50 sec =  167.7926 Mbps     0 retrans
[2024-11-01T14:59:23.935492-0700]    16.1250 MB /   0.50 sec =  270.4845 Mbps     0 retrans
[2024-11-01T14:59:24.435386-0700]    18.0625 MB /   0.50 sec =  303.0179 Mbps     0 retrans
[2024-11-01T14:59:24.935257-0700]    17.4375 MB /   0.50 sec =  292.6159 Mbps     0 retrans
[2024-11-01T14:59:25.435257-0700]    21.8750 MB /   0.50 sec =  367.0001 Mbps     0 retrans
[2024-11-01T14:59:25.935378-0700]    22.5000 MB /   0.50 sec =  377.3960 Mbps     0 retrans
[2024-11-01T14:59:26.435271-0700]    22.7500 MB /   0.50 sec =  381.7702 Mbps     0 retrans
[2024-11-01T14:59:26.935249-0700]    26.3125 MB /   0.50 sec =  441.4576 Mbps     0 retrans
[2024-11-01T14:59:27.435273-0700]    22.8125 MB /   0.50 sec =  382.7203 Mbps     0 retrans
[2024-11-01T14:59:27.935311-0700]    23.1250 MB /   0.50 sec =  387.9522 Mbps     0 retrans
[2024-11-01T14:59:28.435272-0700]    28.4375 MB /   0.50 sec =  477.1355 Mbps     0 retrans
[2024-11-01T14:59:28.935247-0700]    24.1875 MB /   0.50 sec =  405.8030 Mbps     0 retrans
[2024-11-01T14:59:29.435262-0700]    19.0625 MB /   0.50 sec =  319.8150 Mbps     0 retrans
[2024-11-01T14:59:29.935261-0700]    15.5625 MB /   0.50 sec =  261.0923 Mbps     0 retrans
[2024-11-01T14:59:30.435268-0700]    20.0000 MB /   0.50 sec =  335.5450 Mbps     0 retrans
[2024-11-01T14:59:30.935334-0700]    22.1875 MB /   0.50 sec =  372.2102 Mbps     0 retrans
End time: 1730498371142
