Start time: 1730521953293
[2024-11-01T21:32:34.194110-0700] nuttcp-r: v8.1.4: socket
[2024-11-01T21:32:34.195219-0700] nuttcp-r: buflen=65536, nstream=1, port=5103 tcp
[2024-11-01T21:32:34.195322-0700] nuttcp-r: interval reporting every 0.50 seconds
[2024-11-01T21:32:34.195414-0700] nuttcp-r: connect to 54.176.53.206 with RTT=52.988 ms af=inet
[2024-11-01T21:32:34.195500-0700] nuttcp-r: send window size = 1048576, receive window size = 1048576
[2024-11-01T21:32:34.195587-0700] nuttcp-r: available send window = 786432, available receive window = 786432
[2024-11-01T21:32:34.195669-0700]     0.3750 MB /   0.50 sec =    6.2858 Mbps     0 retrans
[2024-11-01T21:32:34.693760-0700]     1.0000 MB /   0.50 sec =   16.7885 Mbps     0 retrans
[2024-11-01T21:32:35.193449-0700]     1.4375 MB /   0.50 sec =   24.1166 Mbps     0 retrans
[2024-11-01T21:32:35.693929-0700]     2.0625 MB /   0.50 sec =   34.6034 Mbps     0 retrans
[2024-11-01T21:32:36.193725-0700]     2.0625 MB /   0.50 sec =   34.5781 Mbps     0 retrans
[2024-11-01T21:32:36.693310-0700]     2.5625 MB /   0.50 sec =   43.0292 Mbps     0 retrans
[2024-11-01T21:32:37.193370-0700]     2.8750 MB /   0.50 sec =   48.2287 Mbps     0 retrans
[2024-11-01T21:32:37.693598-0700]     2.2500 MB /   0.50 sec =   37.7337 Mbps     0 retrans
[2024-11-01T21:32:38.193330-0700]     2.9375 MB /   0.50 sec =   49.3066 Mbps     0 retrans
[2024-11-01T21:32:38.693968-0700]     3.9375 MB /   0.50 sec =   66.0539 Mbps     0 retrans
[2024-11-01T21:32:39.193354-0700]     2.8125 MB /   0.50 sec =   47.1885 Mbps     0 retrans
[2024-11-01T21:32:39.693660-0700]     3.1875 MB /   0.50 sec =   53.4759 Mbps     0 retrans
[2024-11-01T21:32:40.193908-0700]     3.8750 MB /   0.50 sec =   64.9433 Mbps     0 retrans
[2024-11-01T21:32:40.693390-0700]     0.5625 MB /   0.50 sec =    9.4474 Mbps     0 retrans
[2024-11-01T21:32:41.193354-0700]     2.7500 MB /   0.50 sec =   46.1386 Mbps     0 retrans
[2024-11-01T21:32:41.693815-0700]     4.7500 MB /   0.50 sec =   79.6254 Mbps     0 retrans
[2024-11-01T21:32:42.193408-0700]     5.0625 MB /   0.50 sec =   84.9996 Mbps     0 retrans
[2024-11-01T21:32:42.693436-0700]     6.2500 MB /   0.50 sec =  104.8666 Mbps     0 retrans
[2024-11-01T21:32:43.193612-0700]     4.8750 MB /   0.50 sec =   81.7548 Mbps     0 retrans
[2024-11-01T21:32:43.693840-0700]     1.3750 MB /   0.50 sec =   23.0779 Mbps     0 retrans
[2024-11-01T21:32:44.193385-0700]     2.1875 MB /   0.50 sec =   36.6996 Mbps     0 retrans
[2024-11-01T21:32:44.693337-0700]     4.0625 MB /   0.50 sec =   68.1587 Mbps     0 retrans
[2024-11-01T21:32:45.193474-0700]     3.6875 MB /   0.50 sec =   61.8510 Mbps     0 retrans
[2024-11-01T21:32:45.693402-0700]     5.8125 MB /   0.50 sec =   97.5367 Mbps     0 retrans
[2024-11-01T21:32:46.193374-0700]     4.8125 MB /   0.50 sec =   80.7407 Mbps     0 retrans
[2024-11-01T21:32:46.693418-0700]     5.0000 MB /   0.50 sec =   83.8816 Mbps     0 retrans
[2024-11-01T21:32:47.193561-0700]     6.3125 MB /   0.50 sec =  105.8873 Mbps     0 retrans
[2024-11-01T21:32:47.693308-0700]     7.4375 MB /   0.50 sec =  124.8205 Mbps     0 retrans
[2024-11-01T21:32:48.193983-0700]     7.0000 MB /   0.50 sec =  117.3070 Mbps     0 retrans
[2024-11-01T21:32:48.693254-0700]     1.3750 MB /   0.50 sec =   23.0957 Mbps     0 retrans
[2024-11-01T21:32:49.193932-0700]     4.4375 MB /   0.50 sec =   74.4389 Mbps     0 retrans
[2024-11-01T21:32:49.693425-0700]     1.1875 MB /   0.50 sec =   19.9180 Mbps     0 retrans
[2024-11-01T21:32:50.193800-0700]     4.8125 MB /   0.50 sec =   80.7673 Mbps     0 retrans
[2024-11-01T21:32:50.695015-0700]     3.9375 MB /   0.50 sec =   65.8957 Mbps     0 retrans
[2024-11-01T21:32:51.193890-0700]     1.8125 MB /   0.50 sec =   30.4546 Mbps     0 retrans
[2024-11-01T21:32:51.693346-0700]     0.4375 MB /   0.50 sec =    7.3473 Mbps     0 retrans
[2024-11-01T21:32:52.193355-0700]     3.0000 MB /   0.50 sec =   50.3312 Mbps     0 retrans
[2024-11-01T21:32:52.693663-0700]     2.1875 MB /   0.50 sec =   36.6854 Mbps     0 retrans
[2024-11-01T21:32:53.193445-0700]     3.6875 MB /   0.50 sec =   61.8839 Mbps     0 retrans
[2024-11-01T21:32:53.693283-0700]     4.2500 MB /   0.50 sec =   71.3149 Mbps     0 retrans
[2024-11-01T21:32:54.193858-0700]     5.3125 MB /   0.50 sec =   89.0362 Mbps     0 retrans
[2024-11-01T21:32:54.693345-0700]     5.5000 MB /   0.50 sec =   92.3635 Mbps     0 retrans
[2024-11-01T21:32:55.193408-0700]     6.7500 MB /   0.50 sec =  113.2399 Mbps     0 retrans
[2024-11-01T21:32:55.693846-0700]     3.6875 MB /   0.50 sec =   61.8733 Mbps     0 retrans
[2024-11-01T21:32:56.193363-0700]     3.5000 MB /   0.50 sec =   58.7178 Mbps     0 retrans
[2024-11-01T21:32:56.695345-0700]     1.6875 MB /   0.50 sec =   28.2325 Mbps     0 retrans
[2024-11-01T21:32:57.193385-0700]     4.1250 MB /   0.50 sec =   69.4012 Mbps     0 retrans
[2024-11-01T21:32:57.693351-0700]     5.9375 MB /   0.50 sec =   99.6097 Mbps     0 retrans
[2024-11-01T21:32:58.193836-0700]     7.3125 MB /   0.50 sec =  122.5733 Mbps     0 retrans
[2024-11-01T21:32:58.693922-0700]     8.8125 MB /   0.50 sec =  147.8347 Mbps     0 retrans
[2024-11-01T21:32:59.193914-0700]     8.9375 MB /   0.50 sec =  149.9710 Mbps     0 retrans
[2024-11-01T21:32:59.693859-0700]    11.4375 MB /   0.50 sec =  192.0573 Mbps     0 retrans
[2024-11-01T21:33:00.193723-0700]     9.7500 MB /   0.50 sec =  163.4500 Mbps     0 retrans
[2024-11-01T21:33:00.693353-0700]     3.0000 MB /   0.50 sec =   50.3708 Mbps     0 retrans
[2024-11-01T21:33:01.193360-0700]     6.8750 MB /   0.50 sec =  115.3422 Mbps     0 retrans
[2024-11-01T21:33:01.693319-0700]     2.4375 MB /   0.50 sec =   40.8954 Mbps     0 retrans
[2024-11-01T21:33:02.193214-0700]     6.4375 MB /   0.50 sec =  108.0092 Mbps     0 retrans
[2024-11-01T21:33:02.693479-0700]     9.4375 MB /   0.50 sec =  158.2989 Mbps     0 retrans
[2024-11-01T21:33:03.194188-0700]    10.5000 MB /   0.50 sec =  176.0460 Mbps     0 retrans
[2024-11-01T21:33:03.693346-0700]    12.1875 MB /   0.50 sec =  204.6471 Mbps     0 retrans
[2024-11-01T21:33:04.193378-0700]    11.7500 MB /   0.50 sec =  197.1145 Mbps     0 retrans
[2024-11-01T21:33:04.693413-0700]    12.3125 MB /   0.50 sec =  206.5567 Mbps     0 retrans
[2024-11-01T21:33:05.193856-0700]    11.9375 MB /   0.50 sec =  200.3045 Mbps     0 retrans
[2024-11-01T21:33:05.693279-0700]    10.7500 MB /   0.50 sec =  180.3594 Mbps     0 retrans
[2024-11-01T21:33:06.193883-0700]    10.6875 MB /   0.50 sec =  179.1349 Mbps     0 retrans
[2024-11-01T21:33:06.693452-0700]    10.2500 MB /   0.50 sec =  172.1031 Mbps     0 retrans
[2024-11-01T21:33:07.193501-0700]    13.0000 MB /   0.50 sec =  218.0698 Mbps     0 retrans
[2024-11-01T21:33:07.693871-0700]    10.8750 MB /   0.50 sec =  182.4041 Mbps     0 retrans
[2024-11-01T21:33:08.193905-0700]     1.6250 MB /   0.50 sec =   27.2517 Mbps     0 retrans
[2024-11-01T21:33:08.693325-0700]    14.0000 MB /   0.50 sec =  235.1194 Mbps     0 retrans
[2024-11-01T21:33:09.193424-0700]     9.8750 MB /   0.50 sec =  165.6465 Mbps     0 retrans
[2024-11-01T21:33:09.693409-0700]     4.6250 MB /   0.50 sec =   77.5999 Mbps     0 retrans
[2024-11-01T21:33:10.193437-0700]    11.4375 MB /   0.50 sec =  191.8806 Mbps     0 retrans
[2024-11-01T21:33:10.694382-0700]    11.0625 MB /   0.50 sec =  185.4526 Mbps     0 retrans
[2024-11-01T21:33:11.193579-0700]     7.1875 MB /   0.50 sec =  120.6620 Mbps     0 retrans
[2024-11-01T21:33:11.693365-0700]    15.5000 MB /   0.50 sec =  260.1129 Mbps     0 retrans
[2024-11-01T21:33:12.193464-0700]     8.6875 MB /   0.50 sec =  145.7355 Mbps     0 retrans
[2024-11-01T21:33:12.693367-0700]     7.5000 MB /   0.50 sec =  125.8412 Mbps     0 retrans
[2024-11-01T21:33:13.193312-0700]     8.1875 MB /   0.50 sec =  137.3690 Mbps     0 retrans
[2024-11-01T21:33:13.693342-0700]     5.6875 MB /   0.50 sec =   95.4174 Mbps     0 retrans
[2024-11-01T21:33:14.193498-0700]     3.4375 MB /   0.50 sec =   57.6636 Mbps     0 retrans
[2024-11-01T21:33:14.693339-0700]     8.0625 MB /   0.50 sec =  135.2855 Mbps     0 retrans
[2024-11-01T21:33:15.194625-0700]     9.5000 MB /   0.50 sec =  159.0077 Mbps     0 retrans
[2024-11-01T21:33:15.693373-0700]     8.9375 MB /   0.50 sec =  150.2948 Mbps     0 retrans
[2024-11-01T21:33:16.193380-0700]     7.3750 MB /   0.50 sec =  123.7317 Mbps     0 retrans
[2024-11-01T21:33:16.693649-0700]    10.2500 MB /   0.50 sec =  171.9816 Mbps     0 retrans
[2024-11-01T21:33:17.193521-0700]     6.9375 MB /   0.50 sec =  116.3663 Mbps     0 retrans
[2024-11-01T21:33:17.693904-0700]     8.9375 MB /   0.50 sec =  149.9668 Mbps     0 retrans
[2024-11-01T21:33:18.195060-0700]    10.0000 MB /   0.50 sec =  167.3771 Mbps     0 retrans
[2024-11-01T21:33:18.693427-0700]     5.5625 MB /   0.50 sec =   93.5407 Mbps     0 retrans
[2024-11-01T21:33:19.195160-0700]     4.5625 MB /   0.50 sec =   76.3128 Mbps     0 retrans
[2024-11-01T21:33:19.694131-0700]    10.5625 MB /   0.50 sec =  177.7668 Mbps     0 retrans
[2024-11-01T21:33:20.193760-0700]     9.4375 MB /   0.50 sec =  158.3274 Mbps     0 retrans
[2024-11-01T21:33:20.693867-0700]    11.7500 MB /   0.50 sec =  197.1185 Mbps     0 retrans
[2024-11-01T21:33:21.193480-0700]     7.3125 MB /   0.50 sec =  122.6819 Mbps     0 retrans
[2024-11-01T21:33:21.695499-0700]     9.1875 MB /   0.50 sec =  153.6717 Mbps     0 retrans
[2024-11-01T21:33:22.194008-0700]    11.0000 MB /   0.50 sec =  184.9422 Mbps     0 retrans
[2024-11-01T21:33:22.693380-0700]     5.1875 MB /   0.50 sec =   87.1240 Mbps     0 retrans
[2024-11-01T21:33:23.193413-0700]    10.8125 MB /   0.50 sec =  181.4051 Mbps     0 retrans
[2024-11-01T21:33:23.693942-0700]     4.6250 MB /   0.50 sec =   77.5193 Mbps     0 retrans
[2024-11-01T21:33:24.193388-0700]     7.0625 MB /   0.50 sec =  118.6013 Mbps     0 retrans
[2024-11-01T21:33:24.695601-0700]     8.5000 MB /   0.50 sec =  142.1585 Mbps     0 retrans
[2024-11-01T21:33:25.195226-0700]    10.6875 MB /   0.50 sec =  179.2316 Mbps     0 retrans
[2024-11-01T21:33:25.694461-0700]     8.3750 MB /   0.50 sec =  140.7129 Mbps     0 retrans
[2024-11-01T21:33:26.193868-0700]     6.8125 MB /   0.50 sec =  114.5328 Mbps     0 retrans
[2024-11-01T21:33:26.694549-0700]     3.1250 MB /   0.50 sec =   52.3151 Mbps     0 retrans
[2024-11-01T21:33:27.193519-0700]     3.3125 MB /   0.50 sec =   55.6921 Mbps     0 retrans
[2024-11-01T21:33:27.693397-0700]    10.5000 MB /   0.50 sec =  176.1446 Mbps     0 retrans
[2024-11-01T21:33:28.193464-0700]    11.1875 MB /   0.50 sec =  187.7203 Mbps     0 retrans
[2024-11-01T21:33:28.693707-0700]    10.7500 MB /   0.50 sec =  180.3702 Mbps     0 retrans
[2024-11-01T21:33:29.194130-0700]     6.8750 MB /   0.50 sec =  115.1821 Mbps     0 retrans
[2024-11-01T21:33:29.694243-0700]    11.9375 MB /   0.50 sec =  200.4392 Mbps     0 retrans
[2024-11-01T21:33:30.193418-0700]    10.3750 MB /   0.50 sec =  174.1496 Mbps     0 retrans
[2024-11-01T21:33:30.694761-0700]    10.5625 MB /   0.50 sec =  176.7710 Mbps     0 retrans
[2024-11-01T21:33:31.193322-0700]    11.7500 MB /   0.50 sec =  197.6438 Mbps     0 retrans
[2024-11-01T21:33:31.693844-0700]     9.8750 MB /   0.50 sec =  165.6734 Mbps     0 retrans
[2024-11-01T21:33:32.193581-0700]     5.5000 MB /   0.50 sec =   92.2422 Mbps     0 retrans
[2024-11-01T21:33:32.694139-0700]     6.6250 MB /   0.50 sec =  111.1093 Mbps     0 retrans
[2024-11-01T21:33:33.193422-0700]     5.5000 MB /   0.50 sec =   92.3327 Mbps     0 retrans
[2024-11-01T21:33:33.693348-0700]     8.5625 MB /   0.50 sec =  143.6733 Mbps     0 retrans
[2024-11-01T21:33:34.194252-0700]     4.8125 MB /   0.50 sec =   80.5979 Mbps     0 retrans
[2024-11-01T21:33:34.694480-0700]     6.6875 MB /   0.50 sec =  112.2688 Mbps     0 retrans
[2024-11-01T21:33:35.193351-0700]     8.8125 MB /   0.50 sec =  148.0055 Mbps     0 retrans
[2024-11-01T21:33:35.693222-0700]     4.8125 MB /   0.50 sec =   80.7487 Mbps     0 retrans
[2024-11-01T21:33:36.193916-0700]     8.1875 MB /   0.50 sec =  137.2186 Mbps     0 retrans
[2024-11-01T21:33:36.693380-0700]     9.1875 MB /   0.50 sec =  154.2888 Mbps     0 retrans
[2024-11-01T21:33:37.193454-0700]    11.5000 MB /   0.50 sec =  192.9160 Mbps     0 retrans
[2024-11-01T21:33:37.693437-0700]    12.9375 MB /   0.50 sec =  217.0622 Mbps     0 retrans
[2024-11-01T21:33:38.193790-0700]    10.6875 MB /   0.50 sec =  179.1843 Mbps     0 retrans
[2024-11-01T21:33:38.693894-0700]    10.6250 MB /   0.50 sec =  178.3860 Mbps     0 retrans
[2024-11-01T21:33:39.193318-0700]     9.6250 MB /   0.50 sec =  161.4904 Mbps     0 retrans
[2024-11-01T21:33:39.693343-0700]    14.6250 MB /   0.50 sec =  245.3653 Mbps     0 retrans
[2024-11-01T21:33:40.194476-0700]    12.6250 MB /   0.50 sec =  211.3550 Mbps     0 retrans
[2024-11-01T21:33:40.693379-0700]    12.3750 MB /   0.50 sec =  208.0712 Mbps     0 retrans
[2024-11-01T21:33:41.193697-0700]    12.2500 MB /   0.50 sec =  205.3829 Mbps     0 retrans
[2024-11-01T21:33:41.693294-0700]     9.9375 MB /   0.50 sec =  166.8400 Mbps     0 retrans
[2024-11-01T21:33:42.193986-0700]     7.3750 MB /   0.50 sec =  123.5829 Mbps     0 retrans
[2024-11-01T21:33:42.694248-0700]    11.3750 MB /   0.50 sec =  190.9233 Mbps     0 retrans
[2024-11-01T21:33:43.195278-0700]     8.9375 MB /   0.50 sec =  149.5050 Mbps     0 retrans
[2024-11-01T21:33:43.693425-0700]     7.3750 MB /   0.50 sec =  124.1788 Mbps     0 retrans
[2024-11-01T21:33:44.195295-0700]     6.4375 MB /   0.50 sec =  107.6114 Mbps     0 retrans
[2024-11-01T21:33:44.693254-0700]    15.1250 MB /   0.50 sec =  254.7228 Mbps     0 retrans
[2024-11-01T21:33:45.195099-0700]    13.5625 MB /   0.50 sec =  226.8107 Mbps     0 retrans
[2024-11-01T21:33:45.693892-0700]    13.3125 MB /   0.50 sec =  224.0529 Mbps     0 retrans
[2024-11-01T21:33:46.193884-0700]    11.5625 MB /   0.50 sec =  193.9877 Mbps     0 retrans
[2024-11-01T21:33:46.693368-0700]    11.2500 MB /   0.50 sec =  188.7429 Mbps     0 retrans
[2024-11-01T21:33:47.194010-0700]     6.8125 MB /   0.50 sec =  114.1516 Mbps     0 retrans
[2024-11-01T21:33:47.694590-0700]    14.3750 MB /   0.50 sec =  240.9099 Mbps     0 retrans
[2024-11-01T21:33:48.193912-0700]    15.7500 MB /   0.50 sec =  264.8434 Mbps     0 retrans
[2024-11-01T21:33:48.693719-0700]    14.6250 MB /   0.50 sec =  245.3830 Mbps     0 retrans
[2024-11-01T21:33:49.194014-0700]    12.9375 MB /   0.50 sec =  217.0452 Mbps     0 retrans
[2024-11-01T21:33:49.693419-0700]    15.6875 MB /   0.50 sec =  263.1915 Mbps     0 retrans
[2024-11-01T21:33:50.193465-0700]    13.8750 MB /   0.50 sec =  232.7755 Mbps     0 retrans
[2024-11-01T21:33:50.693444-0700]    12.9375 MB /   0.50 sec =  217.0587 Mbps     0 retrans
[2024-11-01T21:33:51.194377-0700]     8.6875 MB /   0.50 sec =  145.6094 Mbps     0 retrans
[2024-11-01T21:33:51.695690-0700]    11.5625 MB /   0.50 sec =  193.5117 Mbps     0 retrans
[2024-11-01T21:33:52.193282-0700]    13.4375 MB /   0.50 sec =  226.2438 Mbps     0 retrans
[2024-11-01T21:33:52.693390-0700]    14.6875 MB /   0.50 sec =  246.3976 Mbps     0 retrans
[2024-11-01T21:33:53.194663-0700]    12.1250 MB /   0.50 sec =  202.9379 Mbps     0 retrans
[2024-11-01T21:33:53.693439-0700]    15.7500 MB /   0.50 sec =  264.8551 Mbps     0 retrans
[2024-11-01T21:33:54.195812-0700]    14.2500 MB /   0.50 sec =  238.2125 Mbps     0 retrans
[2024-11-01T21:33:54.693375-0700]    14.0000 MB /   0.50 sec =  235.7604 Mbps     0 retrans
[2024-11-01T21:33:55.195668-0700]    13.5625 MB /   0.50 sec =  226.8039 Mbps     0 retrans
[2024-11-01T21:33:55.694392-0700]    14.6875 MB /   0.50 sec =  246.9666 Mbps     0 retrans
[2024-11-01T21:33:56.195204-0700]     6.0000 MB /   0.50 sec =  100.4435 Mbps     0 retrans
[2024-11-01T21:33:56.695176-0700]    10.8750 MB /   0.50 sec =  182.6042 Mbps     0 retrans
[2024-11-01T21:33:57.195361-0700]     8.5625 MB /   0.50 sec =  143.5627 Mbps     0 retrans
[2024-11-01T21:33:57.693781-0700]     3.2500 MB /   0.50 sec =   54.6456 Mbps     0 retrans
[2024-11-01T21:33:58.193349-0700]     9.8750 MB /   0.50 sec =  165.8063 Mbps     0 retrans
[2024-11-01T21:33:58.693321-0700]     9.1250 MB /   0.50 sec =  153.1047 Mbps     0 retrans
[2024-11-01T21:33:59.195044-0700]     3.0625 MB /   0.50 sec =   51.2329 Mbps     0 retrans
[2024-11-01T21:33:59.694093-0700]     3.9375 MB /   0.50 sec =   66.2502 Mbps     0 retrans
[2024-11-01T21:34:00.193837-0700]     8.3125 MB /   0.50 sec =  139.3271 Mbps     0 retrans
[2024-11-01T21:34:00.693327-0700]     8.8125 MB /   0.50 sec =  147.9886 Mbps     0 retrans
[2024-11-01T21:34:01.193350-0700]     2.8125 MB /   0.50 sec =   47.1854 Mbps     0 retrans
[2024-11-01T21:34:01.693868-0700]     8.8125 MB /   0.50 sec =  147.7077 Mbps     0 retrans
[2024-11-01T21:34:02.193388-0700]     8.3750 MB /   0.50 sec =  140.6420 Mbps     0 retrans
[2024-11-01T21:34:02.695718-0700]     7.6875 MB /   0.50 sec =  128.5166 Mbps     0 retrans
[2024-11-01T21:34:03.195229-0700]     3.1875 MB /   0.50 sec =   53.4786 Mbps     0 retrans
[2024-11-01T21:34:03.694559-0700]     4.2500 MB /   0.50 sec =   71.3986 Mbps     0 retrans
[2024-11-01T21:34:04.193378-0700]     9.6875 MB /   0.50 sec =  162.8811 Mbps     0 retrans
[2024-11-01T21:34:04.693348-0700]     8.0625 MB /   0.50 sec =  135.2731 Mbps     0 retrans
[2024-11-01T21:34:05.195101-0700]     7.4375 MB /   0.50 sec =  124.4875 Mbps     0 retrans
[2024-11-01T21:34:05.693949-0700]     0.0625 MB /   0.50 sec =    1.0510 Mbps     0 retrans
[2024-11-01T21:34:06.193862-0700]     3.5000 MB /   0.50 sec =   58.6630 Mbps     0 retrans
[2024-11-01T21:34:06.694155-0700]     0.6250 MB /   0.50 sec =   10.4957 Mbps     0 retrans
[2024-11-01T21:34:07.193406-0700]     1.8750 MB /   0.50 sec =   31.4578 Mbps     0 retrans
[2024-11-01T21:34:07.693340-0700]     6.8750 MB /   0.50 sec =  115.3530 Mbps     0 retrans
[2024-11-01T21:34:08.193381-0700]     4.3750 MB /   0.50 sec =   73.3958 Mbps     0 retrans
[2024-11-01T21:34:08.693366-0700]     3.4375 MB /   0.50 sec =   57.6727 Mbps     0 retrans
[2024-11-01T21:34:09.193299-0700]     5.1250 MB /   0.50 sec =   85.9884 Mbps     0 retrans
[2024-11-01T21:34:09.693697-0700]     8.6875 MB /   0.50 sec =  145.7512 Mbps     0 retrans
[2024-11-01T21:34:10.193379-0700]     6.5000 MB /   0.50 sec =  109.0445 Mbps     0 retrans
[2024-11-01T21:34:10.693682-0700]     6.3750 MB /   0.50 sec =  106.9562 Mbps     0 retrans
[2024-11-01T21:34:11.194772-0700]     3.5625 MB /   0.50 sec =   59.6105 Mbps     0 retrans
[2024-11-01T21:34:11.693240-0700]     1.8750 MB /   0.50 sec =   31.5445 Mbps     0 retrans
[2024-11-01T21:34:12.194786-0700]     0.7500 MB /   0.50 sec =   12.5490 Mbps     0 retrans
[2024-11-01T21:34:12.693279-0700]     0.0000 MB /   0.50 sec =    0.0000 Mbps     0 retrans
[2024-11-01T21:34:13.193889-0700]     8.8125 MB /   0.50 sec =  147.7110 Mbps     0 retrans
[2024-11-01T21:34:13.693950-0700]    10.6250 MB /   0.50 sec =  178.4160 Mbps     0 retrans
[2024-11-01T21:34:14.194289-0700]    10.0625 MB /   0.50 sec =  168.6619 Mbps     0 retrans
[2024-11-01T21:34:14.693397-0700]    10.9375 MB /   0.50 sec =  183.6764 Mbps     0 retrans
[2024-11-01T21:34:15.193883-0700]    12.6250 MB /   0.50 sec =  211.6134 Mbps     0 retrans
[2024-11-01T21:34:15.693875-0700]    13.9375 MB /   0.50 sec =  234.0506 Mbps     0 retrans
[2024-11-01T21:34:16.193796-0700]    12.8125 MB /   0.50 sec =  214.9521 Mbps     0 retrans
[2024-11-01T21:34:16.693249-0700]    11.6250 MB /   0.50 sec =  195.0543 Mbps     0 retrans
[2024-11-01T21:34:17.193409-0700]     7.4375 MB /   0.50 sec =  124.7691 Mbps     0 retrans
[2024-11-01T21:34:17.695274-0700]    12.2500 MB /   0.50 sec =  204.9949 Mbps     0 retrans
[2024-11-01T21:34:18.193382-0700]    15.0625 MB /   0.50 sec =  253.3534 Mbps     0 retrans
[2024-11-01T21:34:18.693941-0700]    14.0000 MB /   0.50 sec =  234.6422 Mbps     0 retrans
[2024-11-01T21:34:19.195586-0700]    14.4375 MB /   0.50 sec =  241.7241 Mbps     0 retrans
[2024-11-01T21:34:19.693425-0700]     7.6875 MB /   0.50 sec =  129.3764 Mbps     0 retrans
[2024-11-01T21:34:20.193393-0700]     8.8750 MB /   0.50 sec =  148.8918 Mbps     0 retrans
[2024-11-01T21:34:20.693413-0700]    10.0000 MB /   0.50 sec =  167.7614 Mbps     0 retrans
[2024-11-01T21:34:21.194683-0700]    11.8750 MB /   0.50 sec =  199.0050 Mbps     0 retrans
[2024-11-01T21:34:21.693813-0700]     9.6875 MB /   0.50 sec =  162.7275 Mbps     0 retrans
[2024-11-01T21:34:22.193418-0700]    10.4375 MB /   0.50 sec =  175.1080 Mbps     0 retrans
[2024-11-01T21:34:22.693423-0700]    14.3125 MB /   0.50 sec =  240.1023 Mbps     0 retrans
[2024-11-01T21:34:23.195157-0700]     7.1875 MB /   0.50 sec =  120.1867 Mbps     0 retrans
[2024-11-01T21:34:23.694311-0700]    11.2500 MB /   0.50 sec =  189.1557 Mbps     0 retrans
[2024-11-01T21:34:24.194691-0700]    13.5625 MB /   0.50 sec =  227.2592 Mbps     0 retrans
[2024-11-01T21:34:24.693869-0700]    13.2500 MB /   0.50 sec =  222.8477 Mbps     0 retrans
[2024-11-01T21:34:25.193311-0700]    11.1250 MB /   0.50 sec =  186.6630 Mbps     0 retrans
[2024-11-01T21:34:25.693371-0700]    12.0000 MB /   0.50 sec =  201.3250 Mbps     0 retrans
[2024-11-01T21:34:26.195233-0700]    12.6250 MB /   0.50 sec =  211.1982 Mbps     0 retrans
[2024-11-01T21:34:26.693904-0700]    13.8750 MB /   0.50 sec =  233.4534 Mbps     0 retrans
[2024-11-01T21:34:27.193403-0700]     9.8750 MB /   0.50 sec =  165.6717 Mbps     0 retrans
[2024-11-01T21:34:27.695223-0700]    11.1875 MB /   0.50 sec =  187.1960 Mbps     0 retrans
[2024-11-01T21:34:28.193459-0700]     8.7500 MB /   0.50 sec =  147.1910 Mbps     0 retrans
[2024-11-01T21:34:28.693643-0700]     4.6875 MB /   0.50 sec =   78.6528 Mbps     0 retrans
[2024-11-01T21:34:29.193382-0700]     3.0000 MB /   0.50 sec =   50.3241 Mbps     0 retrans
[2024-11-01T21:34:29.693380-0700]     7.8750 MB /   0.50 sec =  132.1322 Mbps     0 retrans
[2024-11-01T21:34:30.193819-0700]     7.5625 MB /   0.50 sec =  126.7606 Mbps     0 retrans
[2024-11-01T21:34:30.693289-0700]     7.5000 MB /   0.50 sec =  125.9500 Mbps     0 retrans
[2024-11-01T21:34:31.193921-0700]     8.5625 MB /   0.50 sec =  143.4896 Mbps     0 retrans
[2024-11-01T21:34:31.693931-0700]    10.0000 MB /   0.50 sec =  167.7916 Mbps     0 retrans
[2024-11-01T21:34:32.193731-0700]    11.2500 MB /   0.50 sec =  188.9300 Mbps     0 retrans
[2024-11-01T21:34:32.694559-0700]    11.8750 MB /   0.50 sec =  198.9259 Mbps     0 retrans
[2024-11-01T21:34:33.194293-0700]    14.8750 MB /   0.50 sec =  249.7329 Mbps     0 retrans
[2024-11-01T21:34:33.693867-0700]    13.7500 MB /   0.50 sec =  230.6627 Mbps     0 retrans
[2024-11-01T21:34:34.193647-0700]    16.1250 MB /   0.50 sec =  270.6642 Mbps     0 retrans
End time: 1730522074414
