Start time: 1731007931848
[2024-11-07T14:32:12.814120-0500] nuttcp-r: v8.1.4: socket
[2024-11-07T14:32:12.814820-0500] nuttcp-r: buflen=65536, nstream=1, port=5103 tcp
[2024-11-07T14:32:12.814883-0500] nuttcp-r: interval reporting every 0.50 seconds
[2024-11-07T14:32:12.814921-0500] nuttcp-r: connect to 54.197.223.49 with RTT=69.205 ms af=inet
[2024-11-07T14:32:12.814957-0500] nuttcp-r: send window size = 1048576, receive window size = 1048576
[2024-11-07T14:32:12.814989-0500] nuttcp-r: available send window = 786432, available receive window = 786432
[2024-11-07T14:32:12.815018-0500]     0.8125 MB /   0.50 sec =   13.6282 Mbps     0 retrans     14 KB-cwnd
[2024-11-07T14:32:13.314789-0500]     0.9375 MB /   0.50 sec =   15.7124 Mbps     0 retrans     14 KB-cwnd
[2024-11-07T14:32:13.815146-0500]     3.8750 MB /   0.50 sec =   64.9470 Mbps     0 retrans     14 KB-cwnd
[2024-11-07T14:32:14.313674-0500]     6.7500 MB /   0.50 sec =  113.4888 Mbps     0 retrans     14 KB-cwnd
[2024-11-07T14:32:14.814048-0500]     8.0000 MB /   0.50 sec =  134.2244 Mbps     0 retrans     14 KB-cwnd
[2024-11-07T14:32:15.313621-0500]     5.8125 MB /   0.50 sec =   97.5139 Mbps     0 retrans     14 KB-cwnd
[2024-11-07T14:32:15.813654-0500]     4.7500 MB /   0.50 sec =   79.6900 Mbps     0 retrans     14 KB-cwnd
[2024-11-07T14:32:16.313745-0500]     7.2500 MB /   0.50 sec =  121.6202 Mbps     0 retrans     14 KB-cwnd
[2024-11-07T14:32:16.813508-0500]     7.8125 MB /   0.50 sec =  131.1008 Mbps     0 retrans     14 KB-cwnd
[2024-11-07T14:32:17.313637-0500]     7.6875 MB /   0.50 sec =  128.9429 Mbps     0 retrans     14 KB-cwnd
[2024-11-07T14:32:17.814236-0500]     7.3125 MB /   0.50 sec =  122.5755 Mbps     0 retrans     14 KB-cwnd
[2024-11-07T14:32:18.313728-0500]     8.8125 MB /   0.50 sec =  147.9981 Mbps     0 retrans     15 KB-cwnd
[2024-11-07T14:32:18.813650-0500]     7.7500 MB /   0.50 sec =  130.0276 Mbps     0 retrans     28 KB-cwnd
[2024-11-07T14:32:19.313517-0500]     4.8125 MB /   0.50 sec =   80.7478 Mbps     0 retrans     28 KB-cwnd
[2024-11-07T14:32:19.815534-0500]     7.5000 MB /   0.50 sec =  125.3640 Mbps     0 retrans     28 KB-cwnd
[2024-11-07T14:32:20.313644-0500]     3.7500 MB /   0.50 sec =   63.1410 Mbps     0 retrans     28 KB-cwnd
[2024-11-07T14:32:20.813495-0500]     5.6875 MB /   0.50 sec =   95.4324 Mbps     0 retrans     28 KB-cwnd
[2024-11-07T14:32:21.315108-0500]     2.8750 MB /   0.50 sec =   48.0981 Mbps     0 retrans     28 KB-cwnd
[2024-11-07T14:32:21.813778-0500]     4.0000 MB /   0.50 sec =   67.2910 Mbps     0 retrans     28 KB-cwnd
[2024-11-07T14:32:22.313613-0500]     6.0625 MB /   0.50 sec =  101.7155 Mbps     0 retrans     28 KB-cwnd
[2024-11-07T14:32:22.815078-0500]     5.2500 MB /   0.50 sec =   87.9560 Mbps     0 retrans     28 KB-cwnd
[2024-11-07T14:32:23.313630-0500]     6.8750 MB /   0.50 sec =  115.5071 Mbps     0 retrans     28 KB-cwnd
[2024-11-07T14:32:23.814194-0500]     7.4375 MB /   0.50 sec =  124.7835 Mbps     0 retrans     28 KB-cwnd
[2024-11-07T14:32:24.313580-0500]     8.1875 MB /   0.50 sec =  137.3629 Mbps     0 retrans     28 KB-cwnd
[2024-11-07T14:32:24.813661-0500]     4.4375 MB /   0.50 sec =   74.4450 Mbps     0 retrans     28 KB-cwnd
[2024-11-07T14:32:25.313629-0500]     5.3750 MB /   0.50 sec =   90.1851 Mbps     0 retrans     28 KB-cwnd
[2024-11-07T14:32:25.814013-0500]     7.0000 MB /   0.50 sec =  117.4368 Mbps     0 retrans     29 KB-cwnd
[2024-11-07T14:32:26.313644-0500]     7.8125 MB /   0.50 sec =  131.0720 Mbps     0 retrans     29 KB-cwnd
[2024-11-07T14:32:26.814139-0500]     9.6250 MB /   0.50 sec =  161.3152 Mbps     0 retrans     36 KB-cwnd
[2024-11-07T14:32:27.313726-0500]     1.6875 MB /   0.50 sec =   28.3364 Mbps     0 retrans     36 KB-cwnd
[2024-11-07T14:32:27.813735-0500]     7.2500 MB /   0.50 sec =  121.6355 Mbps     0 retrans     36 KB-cwnd
[2024-11-07T14:32:28.313613-0500]     9.2500 MB /   0.50 sec =  155.2128 Mbps     0 retrans     38 KB-cwnd
[2024-11-07T14:32:28.813688-0500]     6.5000 MB /   0.50 sec =  109.0449 Mbps     0 retrans     38 KB-cwnd
[2024-11-07T14:32:29.313624-0500]     8.2500 MB /   0.50 sec =  138.4192 Mbps     0 retrans     42 KB-cwnd
[2024-11-07T14:32:29.813709-0500]     8.0000 MB /   0.50 sec =  134.2067 Mbps     0 retrans     42 KB-cwnd
[2024-11-07T14:32:30.314186-0500]     5.0625 MB /   0.50 sec =   84.8591 Mbps     0 retrans     43 KB-cwnd
[2024-11-07T14:32:30.815708-0500]    10.5625 MB /   0.50 sec =  176.8094 Mbps     0 retrans     43 KB-cwnd
[2024-11-07T14:32:31.313715-0500]     9.0000 MB /   0.50 sec =  151.4700 Mbps     0 retrans     49 KB-cwnd
[2024-11-07T14:32:31.814044-0500]     3.5000 MB /   0.50 sec =   58.7275 Mbps     0 retrans     49 KB-cwnd
[2024-11-07T14:32:32.313555-0500]     5.1250 MB /   0.50 sec =   85.9853 Mbps     0 retrans     49 KB-cwnd
[2024-11-07T14:32:32.815043-0500]     3.1250 MB /   0.50 sec =   52.2874 Mbps     0 retrans     56 KB-cwnd
[2024-11-07T14:32:33.313703-0500]     6.9375 MB /   0.50 sec =  116.6937 Mbps     0 retrans     56 KB-cwnd
[2024-11-07T14:32:33.814585-0500]     6.3750 MB /   0.50 sec =  106.8846 Mbps     0 retrans     56 KB-cwnd
[2024-11-07T14:32:34.313566-0500]     7.4375 MB /   0.50 sec =  124.8757 Mbps     0 retrans     56 KB-cwnd
[2024-11-07T14:32:34.814805-0500]     8.0625 MB /   0.50 sec =  135.1285 Mbps     0 retrans     56 KB-cwnd
[2024-11-07T14:32:35.313670-0500]     8.6250 MB /   0.50 sec =  144.8428 Mbps     0 retrans     56 KB-cwnd
[2024-11-07T14:32:35.813936-0500]     6.0000 MB /   0.50 sec =  100.5989 Mbps     0 retrans     56 KB-cwnd
[2024-11-07T14:32:36.314125-0500]     4.3125 MB /   0.50 sec =   72.3930 Mbps     0 retrans     56 KB-cwnd
[2024-11-07T14:32:36.813647-0500]    10.0000 MB /   0.50 sec =  167.7856 Mbps     0 retrans     56 KB-cwnd
[2024-11-07T14:32:37.313794-0500]     5.3125 MB /   0.50 sec =   89.1332 Mbps     0 retrans     56 KB-cwnd
[2024-11-07T14:32:37.814213-0500]     5.3125 MB /   0.50 sec =   89.0294 Mbps     0 retrans     56 KB-cwnd
[2024-11-07T14:32:38.313818-0500]     3.3750 MB /   0.50 sec =   56.6676 Mbps     0 retrans     56 KB-cwnd
[2024-11-07T14:32:38.813647-0500]     3.8125 MB /   0.50 sec =   63.9805 Mbps     0 retrans     56 KB-cwnd
[2024-11-07T14:32:39.313581-0500]     4.9375 MB /   0.50 sec =   82.8474 Mbps     0 retrans     56 KB-cwnd
[2024-11-07T14:32:39.814590-0500]     8.5000 MB /   0.50 sec =  142.4744 Mbps     0 retrans     59 KB-cwnd
[2024-11-07T14:32:40.313988-0500]     4.0625 MB /   0.50 sec =   68.1641 Mbps     0 retrans     59 KB-cwnd
[2024-11-07T14:32:40.814007-0500]     3.5000 MB /   0.50 sec =   58.7208 Mbps     0 retrans     59 KB-cwnd
[2024-11-07T14:32:41.313594-0500]     3.8750 MB /   0.50 sec =   65.0601 Mbps     0 retrans     59 KB-cwnd
[2024-11-07T14:32:41.814987-0500]     4.9375 MB /   0.50 sec =   82.7505 Mbps     0 retrans     59 KB-cwnd
[2024-11-07T14:32:42.313714-0500]     2.9375 MB /   0.50 sec =   49.3291 Mbps     0 retrans     59 KB-cwnd
[2024-11-07T14:32:42.814817-0500]     9.6250 MB /   0.50 sec =  161.1655 Mbps     0 retrans     62 KB-cwnd
[2024-11-07T14:32:43.313727-0500]     7.6875 MB /   0.50 sec =  129.2188 Mbps     0 retrans     62 KB-cwnd
[2024-11-07T14:32:43.813758-0500]     2.6250 MB /   0.50 sec =   44.0409 Mbps     0 retrans     62 KB-cwnd
[2024-11-07T14:32:44.314189-0500]     3.1250 MB /   0.50 sec =   52.4305 Mbps     0 retrans     65 KB-cwnd
[2024-11-07T14:32:44.813835-0500]     3.5000 MB /   0.50 sec =   58.6970 Mbps     0 retrans     65 KB-cwnd
[2024-11-07T14:32:45.313858-0500]     3.3125 MB /   0.50 sec =   55.6069 Mbps     0 retrans     65 KB-cwnd
[2024-11-07T14:32:45.814255-0500]     4.5000 MB /   0.50 sec =   75.4848 Mbps     0 retrans     65 KB-cwnd
[2024-11-07T14:32:46.313562-0500]     4.6250 MB /   0.50 sec =   77.6052 Mbps     0 retrans     67 KB-cwnd
[2024-11-07T14:32:46.813650-0500]     4.8750 MB /   0.50 sec =   81.7847 Mbps     0 retrans     67 KB-cwnd
[2024-11-07T14:32:47.313655-0500]     2.4375 MB /   0.50 sec =   40.8931 Mbps     0 retrans     67 KB-cwnd
[2024-11-07T14:32:47.813699-0500]     6.1875 MB /   0.50 sec =  103.7945 Mbps     0 retrans     67 KB-cwnd
[2024-11-07T14:32:48.313687-0500]     6.7500 MB /   0.50 sec =  113.2462 Mbps  3495 retrans   2894 KB-cwnd
[2024-11-07T14:32:48.813629-0500]     4.1875 MB /   0.50 sec =   70.2672 Mbps     0 retrans   2894 KB-cwnd
[2024-11-07T14:32:49.314570-0500]     4.7500 MB /   0.50 sec =   79.5511 Mbps     0 retrans   2894 KB-cwnd
[2024-11-07T14:32:49.814132-0500]     6.8750 MB /   0.50 sec =  115.4426 Mbps     0 retrans   2921 KB-cwnd
[2024-11-07T14:32:50.314236-0500]     6.8750 MB /   0.50 sec =  115.4528 Mbps     0 retrans   2921 KB-cwnd
[2024-11-07T14:32:50.813655-0500]     5.4375 MB /   0.50 sec =   91.2203 Mbps     0 retrans   2921 KB-cwnd
[2024-11-07T14:32:51.313626-0500]     3.5000 MB /   0.50 sec =   58.7203 Mbps     0 retrans   2921 KB-cwnd
[2024-11-07T14:32:51.813557-0500]     2.0625 MB /   0.50 sec =   34.6061 Mbps     0 retrans   2921 KB-cwnd
[2024-11-07T14:32:52.313642-0500]     3.3750 MB /   0.50 sec =   56.6163 Mbps     0 retrans   2921 KB-cwnd
[2024-11-07T14:32:52.815940-0500]     5.2500 MB /   0.50 sec =   87.7756 Mbps     0 retrans   3175 KB-cwnd
[2024-11-07T14:32:53.313580-0500]     4.5000 MB /   0.50 sec =   75.7658 Mbps     0 retrans   3175 KB-cwnd
[2024-11-07T14:32:53.815387-0500]     6.0000 MB /   0.50 sec =  100.3328 Mbps     0 retrans   3175 KB-cwnd
[2024-11-07T14:32:54.313665-0500]     6.0000 MB /   0.50 sec =  100.9942 Mbps     0 retrans   3175 KB-cwnd
[2024-11-07T14:32:54.815016-0500]     6.1250 MB /   0.50 sec =  102.6578 Mbps     0 retrans   3175 KB-cwnd
[2024-11-07T14:32:55.314201-0500]     6.3125 MB /   0.50 sec =  105.8945 Mbps     0 retrans   3175 KB-cwnd
[2024-11-07T14:32:55.815193-0500]     0.0000 MB /   0.50 sec =    0.0000 Mbps     0 retrans   3175 KB-cwnd
[2024-11-07T14:32:56.314603-0500]     3.8750 MB /   0.50 sec =   65.1944 Mbps     0 retrans   3175 KB-cwnd
[2024-11-07T14:32:56.813609-0500]     3.9375 MB /   0.50 sec =   66.0698 Mbps     0 retrans   3175 KB-cwnd
[2024-11-07T14:32:57.313800-0500]     3.9375 MB /   0.50 sec =   66.0300 Mbps     0 retrans   3175 KB-cwnd
[2024-11-07T14:32:57.815451-0500]     5.6250 MB /   0.50 sec =   94.0877 Mbps     0 retrans   3175 KB-cwnd
[2024-11-07T14:32:58.313716-0500]     7.0000 MB /   0.50 sec =  117.8362 Mbps     0 retrans   3175 KB-cwnd
[2024-11-07T14:32:58.813959-0500]     6.5625 MB /   0.50 sec =  110.1190 Mbps     0 retrans   3175 KB-cwnd
[2024-11-07T14:32:59.313639-0500]     9.2500 MB /   0.50 sec =  155.1824 Mbps     0 retrans   3175 KB-cwnd
[2024-11-07T14:32:59.813650-0500]     7.1250 MB /   0.50 sec =  119.5360 Mbps     0 retrans   3175 KB-cwnd
[2024-11-07T14:33:00.313624-0500]     8.6875 MB /   0.50 sec =  145.7427 Mbps     0 retrans   3175 KB-cwnd
[2024-11-07T14:33:00.813995-0500]     7.8125 MB /   0.50 sec =  130.9910 Mbps     0 retrans   3175 KB-cwnd
[2024-11-07T14:33:01.313662-0500]     6.6250 MB /   0.50 sec =  111.2198 Mbps 10027 retrans   1507 KB-cwnd
[2024-11-07T14:33:01.814228-0500]    10.1875 MB /   0.50 sec =  170.8940 Mbps     0 retrans   1507 KB-cwnd
[2024-11-07T14:33:02.313985-0500]     9.5625 MB /   0.50 sec =  160.3459 Mbps     0 retrans   1511 KB-cwnd
[2024-11-07T14:33:02.815365-0500]     6.2500 MB /   0.50 sec =  104.6076 Mbps     0 retrans   2203 KB-cwnd
[2024-11-07T14:33:03.313550-0500]    10.0625 MB /   0.50 sec =  169.3562 Mbps     0 retrans   2203 KB-cwnd
[2024-11-07T14:33:03.815445-0500]     7.8750 MB /   0.50 sec =  131.7835 Mbps     0 retrans   2203 KB-cwnd
[2024-11-07T14:33:04.314284-0500]     8.0000 MB /   0.50 sec =  134.4202 Mbps     0 retrans   2203 KB-cwnd
[2024-11-07T14:33:04.813653-0500]     3.6250 MB /   0.50 sec =   60.8766 Mbps     1 retrans   1235 KB-cwnd
[2024-11-07T14:33:05.313697-0500]     2.4375 MB /   0.50 sec =   40.8901 Mbps     0 retrans   1235 KB-cwnd
[2024-11-07T14:33:05.813615-0500]     4.3125 MB /   0.50 sec =   72.3630 Mbps     0 retrans   1235 KB-cwnd
[2024-11-07T14:33:06.313556-0500]     5.1250 MB /   0.50 sec =   85.9879 Mbps     0 retrans   1235 KB-cwnd
[2024-11-07T14:33:06.814581-0500]     5.2500 MB /   0.50 sec =   88.0677 Mbps   946 retrans   2285 KB-cwnd
[2024-11-07T14:33:07.313917-0500]     4.5625 MB /   0.50 sec =   76.5555 Mbps     0 retrans   2285 KB-cwnd
[2024-11-07T14:33:07.814686-0500]     9.3125 MB /   0.50 sec =  156.0877 Mbps     0 retrans   2285 KB-cwnd
[2024-11-07T14:33:08.313682-0500]     9.9375 MB /   0.50 sec =  166.8671 Mbps     0 retrans   2285 KB-cwnd
[2024-11-07T14:33:08.814346-0500]     5.5625 MB /   0.50 sec =   93.2122 Mbps     0 retrans   2285 KB-cwnd
[2024-11-07T14:33:09.314447-0500]     4.1250 MB /   0.50 sec =   69.1958 Mbps     0 retrans   2289 KB-cwnd
[2024-11-07T14:33:09.814115-0500]     9.0000 MB /   0.50 sec =  151.0629 Mbps     0 retrans   2289 KB-cwnd
[2024-11-07T14:33:10.313665-0500]     8.7500 MB /   0.50 sec =  146.9388 Mbps     0 retrans   2302 KB-cwnd
[2024-11-07T14:33:10.813647-0500]     4.7500 MB /   0.50 sec =   79.6910 Mbps     0 retrans   2302 KB-cwnd
[2024-11-07T14:33:11.313671-0500]     6.8125 MB /   0.50 sec =  114.2927 Mbps     0 retrans   2302 KB-cwnd
[2024-11-07T14:33:11.815465-0500]     8.0000 MB /   0.50 sec =  133.7507 Mbps  1908 retrans   2994 KB-cwnd
[2024-11-07T14:33:12.313619-0500]     0.0000 MB /   0.50 sec =    0.0000 Mbps     0 retrans   2994 KB-cwnd
[2024-11-07T14:33:12.814977-0500]     3.1250 MB /   0.50 sec =   52.3868 Mbps     0 retrans   2994 KB-cwnd
[2024-11-07T14:33:13.313533-0500]     4.8750 MB /   0.50 sec =   81.8606 Mbps     0 retrans   2994 KB-cwnd
[2024-11-07T14:33:13.813606-0500]     8.9375 MB /   0.50 sec =  149.9440 Mbps     0 retrans   2994 KB-cwnd
[2024-11-07T14:33:14.313643-0500]     9.8750 MB /   0.50 sec =  165.6664 Mbps     0 retrans   2994 KB-cwnd
[2024-11-07T14:33:14.813578-0500]     9.5000 MB /   0.50 sec =  159.3915 Mbps     0 retrans   2994 KB-cwnd
[2024-11-07T14:33:15.313721-0500]     3.4375 MB /   0.50 sec =   57.6628 Mbps     0 retrans   2994 KB-cwnd
[2024-11-07T14:33:15.813533-0500]     8.0625 MB /   0.50 sec =  135.2907 Mbps     0 retrans   2994 KB-cwnd
[2024-11-07T14:33:16.313746-0500]     3.0000 MB /   0.50 sec =   50.3221 Mbps     0 retrans   2994 KB-cwnd
[2024-11-07T14:33:16.813582-0500]     6.7500 MB /   0.50 sec =  113.2643 Mbps     0 retrans   2904 KB-cwnd
[2024-11-07T14:33:17.313547-0500]     6.9375 MB /   0.50 sec =  116.3933 Mbps     0 retrans   2904 KB-cwnd
[2024-11-07T14:33:17.813605-0500]     9.5625 MB /   0.50 sec =  160.4283 Mbps   398 retrans   2026 KB-cwnd
[2024-11-07T14:33:18.313491-0500]     8.3750 MB /   0.50 sec =  140.5171 Mbps     0 retrans   2026 KB-cwnd
[2024-11-07T14:33:18.814114-0500]     7.5000 MB /   0.50 sec =  125.7117 Mbps     0 retrans   2026 KB-cwnd
[2024-11-07T14:33:19.313678-0500]     6.2500 MB /   0.50 sec =  104.9458 Mbps     0 retrans   2026 KB-cwnd
[2024-11-07T14:33:19.813689-0500]     9.0000 MB /   0.50 sec =  150.9856 Mbps     0 retrans   2026 KB-cwnd
[2024-11-07T14:33:20.313557-0500]     4.9375 MB /   0.50 sec =   82.8446 Mbps     0 retrans   2026 KB-cwnd
[2024-11-07T14:33:20.820558-0500]     7.4375 MB /   0.50 sec =  123.7686 Mbps     0 retrans   2026 KB-cwnd
[2024-11-07T14:33:21.314527-0500]     7.3125 MB /   0.50 sec =  123.6902 Mbps     0 retrans   2026 KB-cwnd
[2024-11-07T14:33:21.814543-0500]     3.8125 MB /   0.50 sec =   63.9107 Mbps     0 retrans   2026 KB-cwnd
[2024-11-07T14:33:22.313525-0500]    10.0625 MB /   0.50 sec =  168.9715 Mbps     0 retrans   2026 KB-cwnd
[2024-11-07T14:33:22.814576-0500]     6.9375 MB /   0.50 sec =  116.2833 Mbps   343 retrans   2938 KB-cwnd
[2024-11-07T14:33:23.313634-0500]     6.9375 MB /   0.50 sec =  116.5024 Mbps     0 retrans   2938 KB-cwnd
[2024-11-07T14:33:23.813667-0500]     7.7500 MB /   0.50 sec =  130.0089 Mbps     0 retrans   2938 KB-cwnd
[2024-11-07T14:33:24.313630-0500]    10.3125 MB /   0.50 sec =  173.0251 Mbps     0 retrans   2938 KB-cwnd
[2024-11-07T14:33:24.813568-0500]     9.4375 MB /   0.50 sec =  158.3432 Mbps     0 retrans   2938 KB-cwnd
[2024-11-07T14:33:25.313658-0500]     9.5000 MB /   0.50 sec =  159.3753 Mbps     0 retrans   2938 KB-cwnd
[2024-11-07T14:33:25.813641-0500]    10.0625 MB /   0.50 sec =  168.8207 Mbps     0 retrans   2938 KB-cwnd
[2024-11-07T14:33:26.313625-0500]     9.1250 MB /   0.50 sec =  153.0673 Mbps     0 retrans   2938 KB-cwnd
[2024-11-07T14:33:26.813663-0500]     3.6250 MB /   0.50 sec =   60.8259 Mbps  2245 retrans   3453 KB-cwnd
[2024-11-07T14:33:27.314445-0500]     0.9375 MB /   0.50 sec =   15.7290 Mbps     0 retrans   3453 KB-cwnd
[2024-11-07T14:33:27.814114-0500]     5.9375 MB /   0.50 sec =   99.6141 Mbps     0 retrans   3453 KB-cwnd
[2024-11-07T14:33:28.313505-0500]     3.0625 MB /   0.50 sec =   51.3836 Mbps     0 retrans   3453 KB-cwnd
[2024-11-07T14:33:28.813598-0500]     8.4375 MB /   0.50 sec =  141.5529 Mbps     0 retrans   3453 KB-cwnd
[2024-11-07T14:33:29.313487-0500]     6.9375 MB /   0.50 sec =  116.3973 Mbps     0 retrans   3453 KB-cwnd
[2024-11-07T14:33:29.814143-0500]     7.6875 MB /   0.50 sec =  128.8370 Mbps     0 retrans   3453 KB-cwnd
[2024-11-07T14:33:30.314104-0500]     8.6875 MB /   0.50 sec =  145.8994 Mbps     0 retrans   3453 KB-cwnd
[2024-11-07T14:33:30.813636-0500]     6.3750 MB /   0.50 sec =  106.9528 Mbps     0 retrans   3453 KB-cwnd
[2024-11-07T14:33:31.313664-0500]     7.3750 MB /   0.50 sec =  123.7255 Mbps     0 retrans   3453 KB-cwnd
[2024-11-07T14:33:31.813948-0500]     4.6250 MB /   0.50 sec =   77.5911 Mbps     0 retrans   3453 KB-cwnd
[2024-11-07T14:33:32.313611-0500]     9.7500 MB /   0.50 sec =  163.5785 Mbps   719 retrans   2765 KB-cwnd
[2024-11-07T14:33:32.813596-0500]     9.7500 MB /   0.50 sec =  163.5945 Mbps     0 retrans   2765 KB-cwnd
[2024-11-07T14:33:33.313610-0500]     9.1875 MB /   0.50 sec =  154.1382 Mbps     0 retrans   2765 KB-cwnd
[2024-11-07T14:33:33.813662-0500]     9.9375 MB /   0.50 sec =  166.7202 Mbps     0 retrans   2765 KB-cwnd
[2024-11-07T14:33:34.313764-0500]     4.9375 MB /   0.50 sec =   82.8324 Mbps     0 retrans   2765 KB-cwnd
[2024-11-07T14:33:34.813688-0500]     7.0000 MB /   0.50 sec =  117.4433 Mbps     0 retrans   2729 KB-cwnd
[2024-11-07T14:33:35.314197-0500]     6.7500 MB /   0.50 sec =  113.2394 Mbps     0 retrans   2746 KB-cwnd
[2024-11-07T14:33:35.816044-0500]     4.7500 MB /   0.50 sec =   79.4116 Mbps     0 retrans   2746 KB-cwnd
[2024-11-07T14:33:36.313673-0500]     6.1250 MB /   0.50 sec =  103.1330 Mbps     0 retrans   2746 KB-cwnd
[2024-11-07T14:33:36.813638-0500]     6.6875 MB /   0.50 sec =  112.2019 Mbps     0 retrans   2746 KB-cwnd
[2024-11-07T14:33:37.313640-0500]     7.0625 MB /   0.50 sec =  118.4704 Mbps    16 retrans   3320 KB-cwnd
[2024-11-07T14:33:37.814065-0500]     7.3750 MB /   0.50 sec =  123.6509 Mbps     0 retrans   3320 KB-cwnd
[2024-11-07T14:33:38.313653-0500]     4.7500 MB /   0.50 sec =   79.7591 Mbps     0 retrans   3320 KB-cwnd
[2024-11-07T14:33:38.813568-0500]     4.4375 MB /   0.50 sec =   74.4496 Mbps     0 retrans   3320 KB-cwnd
[2024-11-07T14:33:39.314159-0500]     4.2500 MB /   0.50 sec =   71.2328 Mbps     0 retrans   3342 KB-cwnd
[2024-11-07T14:33:39.813705-0500]     6.6875 MB /   0.50 sec =  112.3030 Mbps     0 retrans   3342 KB-cwnd
[2024-11-07T14:33:40.313516-0500]     8.3750 MB /   0.50 sec =  140.5168 Mbps     0 retrans   3342 KB-cwnd
[2024-11-07T14:33:40.815000-0500]     6.2500 MB /   0.50 sec =  104.8347 Mbps     0 retrans   3342 KB-cwnd
[2024-11-07T14:33:41.313651-0500]     6.3125 MB /   0.50 sec =  105.9327 Mbps     0 retrans   3342 KB-cwnd
[2024-11-07T14:33:41.814917-0500]     2.0625 MB /   0.50 sec =   34.5984 Mbps     0 retrans   3342 KB-cwnd
[2024-11-07T14:33:42.313757-0500]     0.0000 MB /   0.50 sec =    0.0000 Mbps     0 retrans   3342 KB-cwnd
[2024-11-07T14:33:42.813989-0500]     6.8125 MB /   0.50 sec =  114.3160 Mbps     0 retrans   3342 KB-cwnd
[2024-11-07T14:33:43.314162-0500]     4.2500 MB /   0.50 sec =   71.2975 Mbps     0 retrans   3342 KB-cwnd
[2024-11-07T14:33:43.813676-0500]     7.7500 MB /   0.50 sec =  130.0263 Mbps  2536 retrans   3028 KB-cwnd
[2024-11-07T14:33:44.314090-0500]     5.8750 MB /   0.50 sec =   98.4799 Mbps     0 retrans   3028 KB-cwnd
[2024-11-07T14:33:44.813906-0500]     6.6875 MB /   0.50 sec =  112.2344 Mbps     0 retrans   3028 KB-cwnd
[2024-11-07T14:33:45.313671-0500]     6.0625 MB /   0.50 sec =  101.7644 Mbps     0 retrans   3028 KB-cwnd
[2024-11-07T14:33:45.814083-0500]     8.8750 MB /   0.50 sec =  148.7797 Mbps     0 retrans   3028 KB-cwnd
[2024-11-07T14:33:46.313719-0500]     5.9375 MB /   0.50 sec =   99.7063 Mbps     0 retrans   3028 KB-cwnd
[2024-11-07T14:33:46.813532-0500]     9.5000 MB /   0.50 sec =  159.3874 Mbps     0 retrans   3028 KB-cwnd
[2024-11-07T14:33:47.313630-0500]     7.2500 MB /   0.50 sec =  121.6248 Mbps     0 retrans   3028 KB-cwnd
[2024-11-07T14:33:47.814389-0500]     7.1250 MB /   0.50 sec =  119.4540 Mbps     0 retrans   3028 KB-cwnd
[2024-11-07T14:33:48.313497-0500]     5.0000 MB /   0.50 sec =   83.9522 Mbps     0 retrans   3028 KB-cwnd
[2024-11-07T14:33:48.813632-0500]     6.1250 MB /   0.50 sec =  102.7506 Mbps     0 retrans   3028 KB-cwnd
[2024-11-07T14:33:49.313669-0500]     3.3750 MB /   0.50 sec =   56.6246 Mbps   979 retrans   2649 KB-cwnd
[2024-11-07T14:33:49.813769-0500]     7.3750 MB /   0.50 sec =  123.6973 Mbps     0 retrans   2649 KB-cwnd
[2024-11-07T14:33:50.313592-0500]     6.3750 MB /   0.50 sec =  106.9853 Mbps     0 retrans   2649 KB-cwnd
[2024-11-07T14:33:50.813623-0500]     5.5625 MB /   0.50 sec =   93.3236 Mbps     0 retrans   2649 KB-cwnd
[2024-11-07T14:33:51.313920-0500]     6.8750 MB /   0.50 sec =  115.3441 Mbps     0 retrans   2659 KB-cwnd
[2024-11-07T14:33:51.813582-0500]     5.6250 MB /   0.50 sec =   94.3722 Mbps     0 retrans   2683 KB-cwnd
[2024-11-07T14:33:52.313659-0500]     6.4375 MB /   0.50 sec =  107.9966 Mbps     0 retrans   2683 KB-cwnd
[2024-11-07T14:33:52.814425-0500]     7.8125 MB /   0.50 sec =  131.0704 Mbps     0 retrans   2683 KB-cwnd
[2024-11-07T14:33:53.313590-0500]     3.2500 MB /   0.50 sec =   54.5272 Mbps     0 retrans   2706 KB-cwnd
[2024-11-07T14:33:53.813989-0500]     3.5000 MB /   0.50 sec =   58.6744 Mbps     0 retrans   2706 KB-cwnd
[2024-11-07T14:33:54.313994-0500]     2.5625 MB /   0.50 sec =   43.0012 Mbps     0 retrans   2706 KB-cwnd
[2024-11-07T14:33:54.813943-0500]     6.7500 MB /   0.50 sec =  113.3201 Mbps     0 retrans   2706 KB-cwnd
[2024-11-07T14:33:55.314954-0500]     5.7500 MB /   0.50 sec =   96.3749 Mbps     0 retrans   2706 KB-cwnd
[2024-11-07T14:33:55.813928-0500]     3.0625 MB /   0.50 sec =   51.4007 Mbps  2708 retrans   3079 KB-cwnd
[2024-11-07T14:33:56.314161-0500]     2.6875 MB /   0.50 sec =   45.1042 Mbps     0 retrans   3079 KB-cwnd
[2024-11-07T14:33:56.814606-0500]     5.2500 MB /   0.50 sec =   88.0121 Mbps     0 retrans   3079 KB-cwnd
[2024-11-07T14:33:57.313628-0500]     1.8750 MB /   0.50 sec =   31.4861 Mbps     0 retrans   3079 KB-cwnd
[2024-11-07T14:33:57.813898-0500]     0.8750 MB /   0.50 sec =   14.6752 Mbps     0 retrans   3079 KB-cwnd
[2024-11-07T14:33:58.313854-0500]     0.0000 MB /   0.50 sec =    0.0000 Mbps     0 retrans   3079 KB-cwnd
[2024-11-07T14:33:58.813685-0500]     2.5000 MB /   0.50 sec =   41.9597 Mbps     0 retrans   3079 KB-cwnd
[2024-11-07T14:33:59.313568-0500]     5.8125 MB /   0.50 sec =   97.5293 Mbps     0 retrans   3079 KB-cwnd
[2024-11-07T14:33:59.813966-0500]     7.1875 MB /   0.50 sec =  120.5836 Mbps     0 retrans   3079 KB-cwnd
[2024-11-07T14:34:00.314232-0500]     6.7500 MB /   0.50 sec =  113.1220 Mbps     0 retrans   3079 KB-cwnd
[2024-11-07T14:34:00.814097-0500]     8.2500 MB /   0.50 sec =  138.4356 Mbps     0 retrans   3079 KB-cwnd
[2024-11-07T14:34:01.313628-0500]     5.8750 MB /   0.50 sec =   98.6559 Mbps     0 retrans   3079 KB-cwnd
[2024-11-07T14:34:01.814021-0500]     7.1875 MB /   0.50 sec =  120.5788 Mbps     0 retrans   3079 KB-cwnd
[2024-11-07T14:34:02.313651-0500]     7.6875 MB /   0.50 sec =  128.9797 Mbps     0 retrans   3079 KB-cwnd
[2024-11-07T14:34:02.815197-0500]     5.2500 MB /   0.50 sec =   87.8739 Mbps     0 retrans   3079 KB-cwnd
[2024-11-07T14:34:03.314100-0500]     7.1875 MB /   0.50 sec =  120.7669 Mbps  2356 retrans   2918 KB-cwnd
[2024-11-07T14:34:03.813727-0500]     7.6250 MB /   0.50 sec =  128.0292 Mbps     0 retrans   2918 KB-cwnd
[2024-11-07T14:34:04.313621-0500]     7.8750 MB /   0.50 sec =  132.1346 Mbps     0 retrans   2918 KB-cwnd
[2024-11-07T14:34:04.815291-0500]     3.7500 MB /   0.50 sec =   62.7141 Mbps     0 retrans   2918 KB-cwnd
[2024-11-07T14:34:05.313625-0500]     8.3750 MB /   0.50 sec =  140.9563 Mbps     0 retrans   2918 KB-cwnd
[2024-11-07T14:34:05.813962-0500]     8.4375 MB /   0.50 sec =  141.4658 Mbps     0 retrans   2918 KB-cwnd
[2024-11-07T14:34:06.313648-0500]     9.3125 MB /   0.50 sec =  156.3404 Mbps     0 retrans   2918 KB-cwnd
[2024-11-07T14:34:06.813668-0500]     8.7500 MB /   0.50 sec =  146.7959 Mbps     0 retrans   2918 KB-cwnd
[2024-11-07T14:34:07.313715-0500]     5.5625 MB /   0.50 sec =   93.3173 Mbps     0 retrans   2918 KB-cwnd
[2024-11-07T14:34:07.814261-0500]     4.7500 MB /   0.50 sec =   79.6106 Mbps     0 retrans   2918 KB-cwnd
[2024-11-07T14:34:08.313528-0500]     5.5000 MB /   0.50 sec =   92.3837 Mbps   459 retrans   2474 KB-cwnd
[2024-11-07T14:34:08.814166-0500]     6.2500 MB /   0.50 sec =  104.7424 Mbps     0 retrans   2474 KB-cwnd
[2024-11-07T14:34:09.314127-0500]     5.4375 MB /   0.50 sec =   91.3215 Mbps     0 retrans   2474 KB-cwnd
[2024-11-07T14:34:09.813669-0500]     2.8750 MB /   0.50 sec =   48.2334 Mbps     0 retrans   2474 KB-cwnd
[2024-11-07T14:34:10.314041-0500]     3.1875 MB /   0.50 sec =   53.4813 Mbps     0 retrans   2474 KB-cwnd
[2024-11-07T14:34:10.815534-0500]     4.9375 MB /   0.50 sec =   82.6189 Mbps     0 retrans   2474 KB-cwnd
[2024-11-07T14:34:11.313667-0500]     1.3750 MB /   0.50 sec =   23.1246 Mbps     0 retrans   2474 KB-cwnd
[2024-11-07T14:34:11.813797-0500]     3.3750 MB /   0.50 sec =   56.6359 Mbps     0 retrans   2451 KB-cwnd
[2024-11-07T14:34:12.313635-0500]     3.1250 MB /   0.50 sec =   52.4248 Mbps     0 retrans   2451 KB-cwnd
[2024-11-07T14:34:12.814582-0500]     4.6250 MB /   0.50 sec =   77.5255 Mbps     0 retrans   2451 KB-cwnd
End time: 1731008052955
