Start time: 1730509954867
[2024-11-01T18:12:35.800805-0700] nuttcp-r: v8.1.4: socket
[2024-11-01T18:12:35.801188-0700] nuttcp-r: buflen=65536, nstream=1, port=5102 tcp
[2024-11-01T18:12:35.801221-0700] nuttcp-r: interval reporting every 0.50 seconds
[2024-11-01T18:12:35.801247-0700] nuttcp-r: connect to 54.176.53.206 with RTT=33.392 ms af=inet
[2024-11-01T18:12:35.801271-0700] nuttcp-r: send window size = 2097152, receive window size = 6291456
[2024-11-01T18:12:35.801293-0700] nuttcp-r: available send window = 1572864, available receive window = 4718592
[2024-11-01T18:12:35.801316-0700]     1.5625 MB /   0.50 sec =   26.2136 Mbps     0 retrans
[2024-11-01T18:12:36.300902-0700]    16.0000 MB /   0.50 sec =  268.4220 Mbps     0 retrans
[2024-11-01T18:12:36.800848-0700]    22.0625 MB /   0.50 sec =  370.1429 Mbps     0 retrans
[2024-11-01T18:12:37.300839-0700]    25.7500 MB /   0.50 sec =  432.0107 Mbps     0 retrans
[2024-11-01T18:12:37.801087-0700]    26.5000 MB /   0.50 sec =  444.4318 Mbps     0 retrans
[2024-11-01T18:12:38.301277-0700]    31.1250 MB /   0.50 sec =  522.0624 Mbps     0 retrans
[2024-11-01T18:12:38.800858-0700]    37.8125 MB /   0.50 sec =  634.7795 Mbps     0 retrans
[2024-11-01T18:12:39.300831-0700]    38.5625 MB /   0.50 sec =  646.9675 Mbps     0 retrans
[2024-11-01T18:12:39.800929-0700]    38.8750 MB /   0.50 sec =  652.1073 Mbps     0 retrans
[2024-11-01T18:12:40.300984-0700]    37.5625 MB /   0.50 sec =  630.1425 Mbps     0 retrans
[2024-11-01T18:12:40.800847-0700]    42.0625 MB /   0.50 sec =  705.8695 Mbps     0 retrans
[2024-11-01T18:12:41.301253-0700]    40.6250 MB /   0.50 sec =  681.0595 Mbps     0 retrans
[2024-11-01T18:12:41.801185-0700]    32.1250 MB /   0.50 sec =  539.0123 Mbps     0 retrans
[2024-11-01T18:12:42.300879-0700]    33.8750 MB /   0.50 sec =  568.6455 Mbps     0 retrans
[2024-11-01T18:12:42.800803-0700]    38.8750 MB /   0.50 sec =  652.3017 Mbps     0 retrans
[2024-11-01T18:12:43.300918-0700]    36.5625 MB /   0.50 sec =  613.4084 Mbps     0 retrans
[2024-11-01T18:12:43.800831-0700]    36.6250 MB /   0.50 sec =  614.4766 Mbps     0 retrans
[2024-11-01T18:12:44.300859-0700]    34.3125 MB /   0.50 sec =  575.6463 Mbps     0 retrans
[2024-11-01T18:12:44.800834-0700]    38.8125 MB /   0.50 sec =  651.1748 Mbps     0 retrans
[2024-11-01T18:12:45.300828-0700]    36.8125 MB /   0.50 sec =  617.6076 Mbps     0 retrans
[2024-11-01T18:12:45.800817-0700]    40.6875 MB /   0.50 sec =  682.6407 Mbps     0 retrans
[2024-11-01T18:12:46.300907-0700]    31.9375 MB /   0.50 sec =  535.7302 Mbps     0 retrans
[2024-11-01T18:12:46.800819-0700]    46.0000 MB /   0.50 sec =  771.8801 Mbps     0 retrans
[2024-11-01T18:12:47.300967-0700]    40.5625 MB /   0.50 sec =  680.4959 Mbps     0 retrans
[2024-11-01T18:12:47.800838-0700]    38.9375 MB /   0.50 sec =  653.2877 Mbps     0 retrans
[2024-11-01T18:12:48.300861-0700]    39.3750 MB /   0.50 sec =  660.6068 Mbps     0 retrans
[2024-11-01T18:12:48.800913-0700]    39.5000 MB /   0.50 sec =  662.7424 Mbps     0 retrans
[2024-11-01T18:12:49.300830-0700]    37.2500 MB /   0.50 sec =  624.9151 Mbps     0 retrans
[2024-11-01T18:12:49.800830-0700]    39.6875 MB /   0.50 sec =  665.8165 Mbps     0 retrans
[2024-11-01T18:12:50.300841-0700]    39.3125 MB /   0.50 sec =  659.5662 Mbps     0 retrans
[2024-11-01T18:12:50.800853-0700]    38.1250 MB /   0.50 sec =  639.6237 Mbps     0 retrans
[2024-11-01T18:12:51.300816-0700]    39.7500 MB /   0.50 sec =  666.9143 Mbps     0 retrans
[2024-11-01T18:12:51.800821-0700]    39.8125 MB /   0.50 sec =  667.9376 Mbps     0 retrans
[2024-11-01T18:12:52.300882-0700]    38.1250 MB /   0.50 sec =  639.5636 Mbps     0 retrans
[2024-11-01T18:12:52.800934-0700]    18.2500 MB /   0.50 sec =  306.2209 Mbps     0 retrans
[2024-11-01T18:12:53.300850-0700]    38.3750 MB /   0.50 sec =  643.8025 Mbps     0 retrans
[2024-11-01T18:12:53.800873-0700]    37.5625 MB /   0.50 sec =  630.2030 Mbps     0 retrans
[2024-11-01T18:12:54.300746-0700]    39.0625 MB /   0.50 sec =  655.3993 Mbps     0 retrans
[2024-11-01T18:12:54.800851-0700]    31.8125 MB /   0.50 sec =  533.6846 Mbps     0 retrans
[2024-11-01T18:12:55.300906-0700]    21.7500 MB /   0.50 sec =  364.8680 Mbps     0 retrans
[2024-11-01T18:12:55.800842-0700]    37.5000 MB /   0.50 sec =  629.2236 Mbps     0 retrans
[2024-11-01T18:12:56.300842-0700]    39.3125 MB /   0.50 sec =  659.5569 Mbps     0 retrans
[2024-11-01T18:12:56.800815-0700]    39.2500 MB /   0.50 sec =  658.5110 Mbps     0 retrans
[2024-11-01T18:12:57.300857-0700]    39.6250 MB /   0.50 sec =  664.7653 Mbps     0 retrans
[2024-11-01T18:12:57.800827-0700]    40.1875 MB /   0.50 sec =  674.2667 Mbps     0 retrans
[2024-11-01T18:12:58.300820-0700]    39.0625 MB /   0.50 sec =  655.3574 Mbps     0 retrans
[2024-11-01T18:12:58.800840-0700]    39.9375 MB /   0.50 sec =  670.0374 Mbps     0 retrans
[2024-11-01T18:12:59.300840-0700]    38.6250 MB /   0.50 sec =  648.0213 Mbps     0 retrans
[2024-11-01T18:12:59.800751-0700]    39.5000 MB /   0.50 sec =  662.7385 Mbps     0 retrans
[2024-11-01T18:13:00.300870-0700]    38.9375 MB /   0.50 sec =  653.2145 Mbps     0 retrans
[2024-11-01T18:13:00.801022-0700]    34.6250 MB /   0.50 sec =  580.9192 Mbps     0 retrans
[2024-11-01T18:13:01.300824-0700]    37.7500 MB /   0.50 sec =  633.3462 Mbps     0 retrans
[2024-11-01T18:13:01.800767-0700]    40.0000 MB /   0.50 sec =  671.0994 Mbps     0 retrans
[2024-11-01T18:13:02.300876-0700]    37.1250 MB /   0.50 sec =  622.8031 Mbps     0 retrans
[2024-11-01T18:13:02.800862-0700]    23.8125 MB /   0.50 sec =  399.5003 Mbps     0 retrans
[2024-11-01T18:13:03.300872-0700]    26.8750 MB /   0.50 sec =  450.9129 Mbps     0 retrans
[2024-11-01T18:13:03.800862-0700]    35.2500 MB /   0.50 sec =  591.3992 Mbps     0 retrans
[2024-11-01T18:13:04.300818-0700]    35.8125 MB /   0.50 sec =  600.8461 Mbps     0 retrans
[2024-11-01T18:13:04.800875-0700]    37.4375 MB /   0.50 sec =  628.0606 Mbps     0 retrans
[2024-11-01T18:13:05.300838-0700]    35.9375 MB /   0.50 sec =  602.9650 Mbps     0 retrans
[2024-11-01T18:13:05.800865-0700]    35.8750 MB /   0.50 sec =  601.8694 Mbps     0 retrans
[2024-11-01T18:13:06.300860-0700]    37.5000 MB /   0.50 sec =  629.1531 Mbps     0 retrans
[2024-11-01T18:13:06.800814-0700]    35.0625 MB /   0.50 sec =  588.2605 Mbps     0 retrans
[2024-11-01T18:13:07.300738-0700]    34.6250 MB /   0.50 sec =  580.9413 Mbps     0 retrans
[2024-11-01T18:13:07.801019-0700]    37.7500 MB /   0.50 sec =  633.2690 Mbps     0 retrans
[2024-11-01T18:13:08.300844-0700]    35.8125 MB /   0.50 sec =  600.8545 Mbps     0 retrans
[2024-11-01T18:13:08.800853-0700]    39.8125 MB /   0.50 sec =  667.9296 Mbps     0 retrans
[2024-11-01T18:13:09.300891-0700]    30.0625 MB /   0.50 sec =  504.3540 Mbps     0 retrans
[2024-11-01T18:13:09.800852-0700]    25.8125 MB /   0.50 sec =  433.0879 Mbps     0 retrans
[2024-11-01T18:13:10.300887-0700]    37.6250 MB /   0.50 sec =  631.2036 Mbps     0 retrans
[2024-11-01T18:13:10.800861-0700]    38.4375 MB /   0.50 sec =  644.8962 Mbps     0 retrans
[2024-11-01T18:13:11.300816-0700]    39.3125 MB /   0.50 sec =  659.5767 Mbps     0 retrans
[2024-11-01T18:13:11.800885-0700]    40.3125 MB /   0.50 sec =  676.3004 Mbps     0 retrans
[2024-11-01T18:13:12.300978-0700]    35.3125 MB /   0.50 sec =  592.4407 Mbps     0 retrans
[2024-11-01T18:13:12.800836-0700]    39.6250 MB /   0.50 sec =  664.8078 Mbps     0 retrans
[2024-11-01T18:13:13.300835-0700]    36.1250 MB /   0.50 sec =  606.0951 Mbps     0 retrans
[2024-11-01T18:13:13.800828-0700]    40.6875 MB /   0.50 sec =  682.6298 Mbps     0 retrans
[2024-11-01T18:13:14.300864-0700]    38.7500 MB /   0.50 sec =  650.1028 Mbps     0 retrans
[2024-11-01T18:13:14.800829-0700]    40.7500 MB /   0.50 sec =  683.6770 Mbps     0 retrans
[2024-11-01T18:13:15.300854-0700]    40.3125 MB /   0.50 sec =  676.3072 Mbps     0 retrans
[2024-11-01T18:13:15.800836-0700]    39.5000 MB /   0.50 sec =  662.7279 Mbps     0 retrans
[2024-11-01T18:13:16.301093-0700]    38.1875 MB /   0.50 sec =  640.6453 Mbps     0 retrans
[2024-11-01T18:13:16.800829-0700]    41.7500 MB /   0.50 sec =  700.4838 Mbps     0 retrans
[2024-11-01T18:13:17.300904-0700]    39.6250 MB /   0.50 sec =  664.7360 Mbps     0 retrans
[2024-11-01T18:13:17.800907-0700]    40.7500 MB /   0.50 sec =  683.6620 Mbps     0 retrans
[2024-11-01T18:13:18.300822-0700]    40.6875 MB /   0.50 sec =  682.7035 Mbps     0 retrans
[2024-11-01T18:13:18.800960-0700]    40.4375 MB /   0.50 sec =  678.4300 Mbps     0 retrans
[2024-11-01T18:13:19.300828-0700]    39.6875 MB /   0.50 sec =  665.8364 Mbps     0 retrans
[2024-11-01T18:13:19.800853-0700]    40.1250 MB /   0.50 sec =  673.1454 Mbps     0 retrans
[2024-11-01T18:13:20.300848-0700]    18.5625 MB /   0.50 sec =  311.4439 Mbps     0 retrans
[2024-11-01T18:13:20.800840-0700]    36.3125 MB /   0.50 sec =  609.2153 Mbps     0 retrans
[2024-11-01T18:13:21.300811-0700]    42.7500 MB /   0.50 sec =  717.2518 Mbps     0 retrans
[2024-11-01T18:13:21.800828-0700]    39.1875 MB /   0.50 sec =  657.4545 Mbps     0 retrans
[2024-11-01T18:13:22.300839-0700]    40.6875 MB /   0.50 sec =  682.6134 Mbps     0 retrans
[2024-11-01T18:13:22.800885-0700]    36.3750 MB /   0.50 sec =  610.2102 Mbps     0 retrans
[2024-11-01T18:13:23.300873-0700]    39.9375 MB /   0.50 sec =  670.0897 Mbps     0 retrans
[2024-11-01T18:13:23.800850-0700]    37.7500 MB /   0.50 sec =  633.3437 Mbps     0 retrans
[2024-11-01T18:13:24.300934-0700]    38.1250 MB /   0.50 sec =  639.5585 Mbps     0 retrans
[2024-11-01T18:13:24.801007-0700]    39.4375 MB /   0.50 sec =  661.5535 Mbps     0 retrans
[2024-11-01T18:13:25.300834-0700]    39.1250 MB /   0.50 sec =  656.5924 Mbps     0 retrans
[2024-11-01T18:13:25.800866-0700]    39.1875 MB /   0.50 sec =  657.4401 Mbps     0 retrans
[2024-11-01T18:13:26.300775-0700]    38.2500 MB /   0.50 sec =  641.7773 Mbps     0 retrans
[2024-11-01T18:13:26.800821-0700]    38.8125 MB /   0.50 sec =  651.1410 Mbps     0 retrans
[2024-11-01T18:13:27.300845-0700]    38.3750 MB /   0.50 sec =  643.7999 Mbps     0 retrans
[2024-11-01T18:13:27.801002-0700]    37.4375 MB /   0.50 sec =  628.1046 Mbps     0 retrans
[2024-11-01T18:13:28.300819-0700]    37.9375 MB /   0.50 sec =  636.5035 Mbps     0 retrans
[2024-11-01T18:13:28.800864-0700]    37.9375 MB /   0.50 sec =  636.4653 Mbps     0 retrans
[2024-11-01T18:13:29.300826-0700]    36.0625 MB /   0.50 sec =  605.0477 Mbps     0 retrans
[2024-11-01T18:13:29.800999-0700]    35.6875 MB /   0.50 sec =  598.6794 Mbps     0 retrans
[2024-11-01T18:13:30.300865-0700]    31.6875 MB /   0.50 sec =  531.6589 Mbps     0 retrans
[2024-11-01T18:13:30.800818-0700]    25.3750 MB /   0.50 sec =  425.7380 Mbps     0 retrans
[2024-11-01T18:13:31.300837-0700]    37.2500 MB /   0.50 sec =  624.9300 Mbps     0 retrans
[2024-11-01T18:13:31.800842-0700]    29.1250 MB /   0.50 sec =  488.6345 Mbps     0 retrans
[2024-11-01T18:13:32.300826-0700]    34.3125 MB /   0.50 sec =  575.6878 Mbps     0 retrans
[2024-11-01T18:13:32.800885-0700]    31.6875 MB /   0.50 sec =  531.5844 Mbps     0 retrans
[2024-11-01T18:13:33.300894-0700]    36.6250 MB /   0.50 sec =  614.4729 Mbps     0 retrans
[2024-11-01T18:13:33.800815-0700]    36.8125 MB /   0.50 sec =  617.6631 Mbps     0 retrans
[2024-11-01T18:13:34.300967-0700]    35.6250 MB /   0.50 sec =  597.6788 Mbps     0 retrans
[2024-11-01T18:13:34.800871-0700]    30.8125 MB /   0.50 sec =  516.9397 Mbps     0 retrans
[2024-11-01T18:13:35.300944-0700]    15.0625 MB /   0.50 sec =  252.6593 Mbps     0 retrans
[2024-11-01T18:13:35.800906-0700]    17.0000 MB /   0.50 sec =  285.2361 Mbps     0 retrans
[2024-11-01T18:13:36.300848-0700]    24.5000 MB /   0.50 sec =  411.0837 Mbps     0 retrans
[2024-11-01T18:13:36.800736-0700]    23.1875 MB /   0.50 sec =  389.0559 Mbps     0 retrans
[2024-11-01T18:13:37.300836-0700]    25.2500 MB /   0.50 sec =  423.5967 Mbps     0 retrans
[2024-11-01T18:13:37.800777-0700]    20.6250 MB /   0.50 sec =  346.0252 Mbps     0 retrans
[2024-11-01T18:13:38.300902-0700]    22.8125 MB /   0.50 sec =  382.7065 Mbps     0 retrans
[2024-11-01T18:13:38.800825-0700]    19.2500 MB /   0.50 sec =  322.9853 Mbps     0 retrans
[2024-11-01T18:13:39.300843-0700]    19.4375 MB /   0.50 sec =  326.0921 Mbps     0 retrans
[2024-11-01T18:13:39.800849-0700]    22.5625 MB /   0.50 sec =  378.5435 Mbps     0 retrans
[2024-11-01T18:13:40.300882-0700]    18.3750 MB /   0.50 sec =  308.2511 Mbps     0 retrans
[2024-11-01T18:13:40.800895-0700]     8.5000 MB /   0.50 sec =  142.6115 Mbps     0 retrans
[2024-11-01T18:13:41.300924-0700]    16.1875 MB /   0.50 sec =  271.5627 Mbps     0 retrans
[2024-11-01T18:13:41.800851-0700]    16.4375 MB /   0.50 sec =  275.8158 Mbps     0 retrans
[2024-11-01T18:13:42.300738-0700]    16.6875 MB /   0.50 sec =  279.9911 Mbps     0 retrans
[2024-11-01T18:13:42.800837-0700]    17.3750 MB /   0.50 sec =  291.4831 Mbps     0 retrans
[2024-11-01T18:13:43.300814-0700]    17.5625 MB /   0.50 sec =  294.6522 Mbps     0 retrans
[2024-11-01T18:13:43.800837-0700]    19.3125 MB /   0.50 sec =  324.0035 Mbps     0 retrans
[2024-11-01T18:13:44.300845-0700]    16.5625 MB /   0.50 sec =  277.8738 Mbps     0 retrans
[2024-11-01T18:13:44.801097-0700]     2.3125 MB /   0.50 sec =   38.7887 Mbps     0 retrans
[2024-11-01T18:13:45.300921-0700]     2.3125 MB /   0.50 sec =   38.7998 Mbps     0 retrans
[2024-11-01T18:13:45.800968-0700]     0.8750 MB /   0.50 sec =   14.6792 Mbps     0 retrans
[2024-11-01T18:13:46.300969-0700]     0.0000 MB /   0.50 sec =    0.0000 Mbps     0 retrans
[2024-11-01T18:13:46.800839-0700]     8.3125 MB /   0.50 sec =  139.4921 Mbps     0 retrans
[2024-11-01T18:13:47.300973-0700]     1.6875 MB /   0.50 sec =   28.3054 Mbps     0 retrans
[2024-11-01T18:13:47.800793-0700]     2.5000 MB /   0.50 sec =   41.9513 Mbps     0 retrans
[2024-11-01T18:13:48.301059-0700]     3.9375 MB /   0.50 sec =   66.0502 Mbps     0 retrans
[2024-11-01T18:13:48.800990-0700]     0.1875 MB /   0.50 sec =    3.1455 Mbps     0 retrans
[2024-11-01T18:13:49.300911-0700]     5.1875 MB /   0.50 sec =   87.0414 Mbps     0 retrans
[2024-11-01T18:13:49.800834-0700]     0.1250 MB /   0.50 sec =    2.0973 Mbps     0 retrans
[2024-11-01T18:13:50.300958-0700]     4.8125 MB /   0.50 sec =   80.7326 Mbps     0 retrans
[2024-11-01T18:13:50.800958-0700]     3.6250 MB /   0.50 sec =   60.8186 Mbps     0 retrans
[2024-11-01T18:13:51.300885-0700]     1.7500 MB /   0.50 sec =   29.3644 Mbps     0 retrans
[2024-11-01T18:13:51.800869-0700]     4.4375 MB /   0.50 sec =   74.4483 Mbps     0 retrans
[2024-11-01T18:13:52.300874-0700]     5.6250 MB /   0.50 sec =   94.3737 Mbps     0 retrans
[2024-11-01T18:13:52.800861-0700]     6.7500 MB /   0.50 sec =  113.2460 Mbps     0 retrans
[2024-11-01T18:13:53.300840-0700]     7.8750 MB /   0.50 sec =  132.1222 Mbps     0 retrans
[2024-11-01T18:13:53.800840-0700]    10.0000 MB /   0.50 sec =  167.7718 Mbps     0 retrans
[2024-11-01T18:13:54.300857-0700]    12.6250 MB /   0.50 sec =  211.8136 Mbps     0 retrans
[2024-11-01T18:13:54.800845-0700]    15.5625 MB /   0.50 sec =  261.0923 Mbps     0 retrans
[2024-11-01T18:13:55.300995-0700]    16.1875 MB /   0.50 sec =  271.5850 Mbps     0 retrans
[2024-11-01T18:13:55.800915-0700]    20.7500 MB /   0.50 sec =  348.0785 Mbps     0 retrans
[2024-11-01T18:13:56.300833-0700]    22.0625 MB /   0.50 sec =  370.1992 Mbps     0 retrans
[2024-11-01T18:13:56.800843-0700]    13.8125 MB /   0.50 sec =  231.7330 Mbps     0 retrans
[2024-11-01T18:13:57.300917-0700]    11.1250 MB /   0.50 sec =  186.6338 Mbps     0 retrans
[2024-11-01T18:13:57.800832-0700]    25.3125 MB /   0.50 sec =  424.7107 Mbps     0 retrans
[2024-11-01T18:13:58.300875-0700]    26.5625 MB /   0.50 sec =  445.6350 Mbps     0 retrans
[2024-11-01T18:13:58.800894-0700]    25.9375 MB /   0.50 sec =  435.1399 Mbps     0 retrans
[2024-11-01T18:13:59.301053-0700]    26.3125 MB /   0.50 sec =  441.4531 Mbps     0 retrans
[2024-11-01T18:13:59.800822-0700]    25.1875 MB /   0.50 sec =  422.6040 Mbps     0 retrans
[2024-11-01T18:14:00.300831-0700]    33.5000 MB /   0.50 sec =  562.0300 Mbps     0 retrans
[2024-11-01T18:14:00.800865-0700]    28.1250 MB /   0.50 sec =  471.8366 Mbps     0 retrans
[2024-11-01T18:14:01.301076-0700]     0.5625 MB /   0.50 sec =    9.4353 Mbps     0 retrans
[2024-11-01T18:14:01.800885-0700]     0.0000 MB /   0.50 sec =    0.0000 Mbps     0 retrans
[2024-11-01T18:14:02.300835-0700]     0.3750 MB /   0.50 sec =    6.2914 Mbps     0 retrans
[2024-11-01T18:14:02.800876-0700]    14.7500 MB /   0.50 sec =  247.4753 Mbps     0 retrans
[2024-11-01T18:14:03.300903-0700]     5.8750 MB /   0.50 sec =   98.5600 Mbps     0 retrans
[2024-11-01T18:14:03.801004-0700]    10.8125 MB /   0.50 sec =  181.3750 Mbps     0 retrans
[2024-11-01T18:14:04.300966-0700]     0.0000 MB /   0.50 sec =    0.0000 Mbps     0 retrans
[2024-11-01T18:14:04.800902-0700]     6.3750 MB /   0.50 sec =  106.9644 Mbps     0 retrans
[2024-11-01T18:14:05.300781-0700]    21.0625 MB /   0.50 sec =  353.4337 Mbps     0 retrans
[2024-11-01T18:14:05.801012-0700]    21.8125 MB /   0.50 sec =  365.9245 Mbps     0 retrans
[2024-11-01T18:14:06.300751-0700]    23.5625 MB /   0.50 sec =  395.3487 Mbps     0 retrans
[2024-11-01T18:14:06.800885-0700]    22.5000 MB /   0.50 sec =  377.4624 Mbps     0 retrans
[2024-11-01T18:14:07.300957-0700]    25.0625 MB /   0.50 sec =  420.4075 Mbps     0 retrans
[2024-11-01T18:14:07.800843-0700]    27.2500 MB /   0.50 sec =  457.2541 Mbps     0 retrans
[2024-11-01T18:14:08.300858-0700]    28.0000 MB /   0.50 sec =  469.7404 Mbps     0 retrans
[2024-11-01T18:14:08.800826-0700]    18.5000 MB /   0.50 sec =  310.3959 Mbps     0 retrans
[2024-11-01T18:14:09.300982-0700]     0.4375 MB /   0.50 sec =    7.3383 Mbps     0 retrans
[2024-11-01T18:14:09.800870-0700]    32.0000 MB /   0.50 sec =  536.9933 Mbps     0 retrans
[2024-11-01T18:14:10.300841-0700]    34.6250 MB /   0.50 sec =  580.9158 Mbps     0 retrans
[2024-11-01T18:14:10.801015-0700]    30.4375 MB /   0.50 sec =  510.6555 Mbps     0 retrans
[2024-11-01T18:14:11.300972-0700]    28.3125 MB /   0.50 sec =  474.9099 Mbps     0 retrans
[2024-11-01T18:14:11.800745-0700]     7.4375 MB /   0.50 sec =  124.8132 Mbps     0 retrans
[2024-11-01T18:14:12.300859-0700]    19.6250 MB /   0.50 sec =  329.2292 Mbps     0 retrans
[2024-11-01T18:14:12.800841-0700]    19.7500 MB /   0.50 sec =  331.3527 Mbps     0 retrans
[2024-11-01T18:14:13.300849-0700]    14.8750 MB /   0.50 sec =  249.5511 Mbps     0 retrans
[2024-11-01T18:14:13.800840-0700]    21.8125 MB /   0.50 sec =  365.9750 Mbps     0 retrans
[2024-11-01T18:14:14.300816-0700]    21.0000 MB /   0.50 sec =  352.3236 Mbps     0 retrans
[2024-11-01T18:14:14.800830-0700]    19.2500 MB /   0.50 sec =  322.9562 Mbps     0 retrans
[2024-11-01T18:14:15.300838-0700]    24.3750 MB /   0.50 sec =  408.9471 Mbps     0 retrans
[2024-11-01T18:14:15.800829-0700]    22.8125 MB /   0.50 sec =  382.7241 Mbps     0 retrans
[2024-11-01T18:14:16.300871-0700]    26.6875 MB /   0.50 sec =  447.7303 Mbps     0 retrans
[2024-11-01T18:14:16.800848-0700]    29.0625 MB /   0.50 sec =  487.6015 Mbps     0 retrans
[2024-11-01T18:14:17.300917-0700]    21.8125 MB /   0.50 sec =  365.9552 Mbps     0 retrans
[2024-11-01T18:14:17.800873-0700]    24.2500 MB /   0.50 sec =  406.8361 Mbps     0 retrans
[2024-11-01T18:14:18.300846-0700]    31.6875 MB /   0.50 sec =  531.6291 Mbps     0 retrans
[2024-11-01T18:14:18.800827-0700]    30.8125 MB /   0.50 sec =  516.9645 Mbps     0 retrans
[2024-11-01T18:14:19.301064-0700]    26.5000 MB /   0.50 sec =  444.5438 Mbps     0 retrans
[2024-11-01T18:14:19.800847-0700]    26.9375 MB /   0.50 sec =  451.9905 Mbps     0 retrans
[2024-11-01T18:14:20.300887-0700]    18.9375 MB /   0.50 sec =  317.6918 Mbps     0 retrans
[2024-11-01T18:14:20.800853-0700]    32.5000 MB /   0.50 sec =  545.2890 Mbps     0 retrans
[2024-11-01T18:14:21.300812-0700]    26.1250 MB /   0.50 sec =  438.3241 Mbps     0 retrans
[2024-11-01T18:14:21.800831-0700]    22.9375 MB /   0.50 sec =  384.8220 Mbps     0 retrans
[2024-11-01T18:14:22.300831-0700]    25.3750 MB /   0.50 sec =  425.7219 Mbps     0 retrans
[2024-11-01T18:14:22.800845-0700]    21.6250 MB /   0.50 sec =  362.8051 Mbps     0 retrans
[2024-11-01T18:14:23.300836-0700]    25.6250 MB /   0.50 sec =  429.9153 Mbps     0 retrans
[2024-11-01T18:14:23.800869-0700]    20.5625 MB /   0.50 sec =  344.9705 Mbps     0 retrans
[2024-11-01T18:14:24.300819-0700]    12.0625 MB /   0.50 sec =  202.3849 Mbps     0 retrans
[2024-11-01T18:14:24.800976-0700]    23.5625 MB /   0.50 sec =  395.3084 Mbps     0 retrans
[2024-11-01T18:14:25.300838-0700]    24.8125 MB /   0.50 sec =  416.2780 Mbps     0 retrans
[2024-11-01T18:14:25.800932-0700]    22.7500 MB /   0.50 sec =  381.6916 Mbps     0 retrans
[2024-11-01T18:14:26.300836-0700]    20.5625 MB /   0.50 sec =  344.9787 Mbps     0 retrans
[2024-11-01T18:14:26.800828-0700]    20.6250 MB /   0.50 sec =  346.0308 Mbps     0 retrans
[2024-11-01T18:14:27.300856-0700]    19.9375 MB /   0.50 sec =  334.4924 Mbps     0 retrans
[2024-11-01T18:14:27.800852-0700]    23.6250 MB /   0.50 sec =  396.3657 Mbps     0 retrans
[2024-11-01T18:14:28.300806-0700]    19.8750 MB /   0.50 sec =  333.4525 Mbps     0 retrans
[2024-11-01T18:14:28.800876-0700]    19.3750 MB /   0.50 sec =  325.0527 Mbps     0 retrans
[2024-11-01T18:14:29.300855-0700]    19.5625 MB /   0.50 sec =  328.1912 Mbps     0 retrans
[2024-11-01T18:14:29.800951-0700]    21.8750 MB /   0.50 sec =  367.0067 Mbps     0 retrans
[2024-11-01T18:14:30.300968-0700]     8.6250 MB /   0.50 sec =  144.6748 Mbps     0 retrans
[2024-11-01T18:14:30.800836-0700]    15.8750 MB /   0.50 sec =  266.3910 Mbps     0 retrans
[2024-11-01T18:14:31.300773-0700]    20.9375 MB /   0.50 sec =  351.3011 Mbps     0 retrans
[2024-11-01T18:14:31.800879-0700]    27.6250 MB /   0.50 sec =  463.4224 Mbps     0 retrans
[2024-11-01T18:14:32.301055-0700]    27.3125 MB /   0.50 sec =  458.2534 Mbps     0 retrans
[2024-11-01T18:14:32.800961-0700]     2.6250 MB /   0.50 sec =   44.0301 Mbps     0 retrans
[2024-11-01T18:14:33.300867-0700]    22.0625 MB /   0.50 sec =  370.2058 Mbps     0 retrans
[2024-11-01T18:14:33.800820-0700]    26.3125 MB /   0.50 sec =  441.4849 Mbps     0 retrans
[2024-11-01T18:14:34.300880-0700]    16.5625 MB /   0.50 sec =  277.8532 Mbps     0 retrans
[2024-11-01T18:14:34.800845-0700]    13.0625 MB /   0.50 sec =  219.1625 Mbps     0 retrans
[2024-11-01T18:14:35.300839-0700]    24.0625 MB /   0.50 sec =  403.6929 Mbps     0 retrans
[2024-11-01T18:14:35.800850-0700]    25.8750 MB /   0.50 sec =  434.1165 Mbps     0 retrans
End time: 1730510075994
