Start time: 1731014969553
[2024-11-07T16:29:30.818739-0500] nuttcp-t: v8.1.4: socket
[2024-11-07T16:29:30.819391-0500] nuttcp-t: buflen=65536, nstream=1, port=5101 tcp -> 54.197.223.49
[2024-11-07T16:29:30.819437-0500] nuttcp-t: time limit = 120.00 seconds
[2024-11-07T16:29:30.819470-0500] nuttcp-t: connect to 54.197.223.49 with mss=1376, RTT=39.721 ms af=inet
[2024-11-07T16:29:30.819501-0500] nuttcp-t: send window size = 2097152, receive window size = 6291456
[2024-11-07T16:29:30.819533-0500] nuttcp-t: available send window = 1572864, available receive window = 4718592
[2024-11-07T16:29:30.819563-0500] nuttcp-t: initial congestion window = 13 KB (10 packets)
[2024-11-07T16:29:30.819592-0500] nuttcp-r: v8.1.4: socket
[2024-11-07T16:29:30.819621-0500] nuttcp-r: buflen=65536, nstream=1, port=5101 tcp
[2024-11-07T16:29:30.819650-0500] nuttcp-r: interval reporting every 0.50 seconds
[2024-11-07T16:29:30.819679-0500] nuttcp-r: accept from 174.234.252.69 with af=inet
[2024-11-07T16:29:30.819709-0500] nuttcp-r: send window size = 450000000, receive window size = 450000000
[2024-11-07T16:29:30.819738-0500] nuttcp-r: available send window = 225000000, available receive window = 225000000
[2024-11-07T16:29:30.819773-0500]     1.1875 MB /   0.50 sec =   19.9224 Mbps     0 retrans   1761 KB-cwnd
[2024-11-07T16:29:31.406065-0500]     2.0625 MB /   0.50 sec =   34.6023 Mbps     0 retrans   1830 KB-cwnd
[2024-11-07T16:29:31.406455-0500]     2.3125 MB /   0.50 sec =   38.7974 Mbps     0 retrans   1830 KB-cwnd
[2024-11-07T16:29:31.964204-0500]     2.3750 MB /   0.50 sec =   39.8462 Mbps     0 retrans   2006 KB-cwnd
[2024-11-07T16:29:32.574177-0500]     2.2500 MB /   0.50 sec =   37.7490 Mbps     0 retrans   2006 KB-cwnd
[2024-11-07T16:29:33.112540-0500]     2.3125 MB /   0.50 sec =   38.7958 Mbps     0 retrans   2155 KB-cwnd
[2024-11-07T16:29:33.671446-0500]     2.5000 MB /   0.50 sec =   41.9436 Mbps     0 retrans   2155 KB-cwnd
[2024-11-07T16:29:34.232836-0500]     2.3125 MB /   0.50 sec =   38.7981 Mbps     0 retrans   2155 KB-cwnd
[2024-11-07T16:29:34.783199-0500]     2.3750 MB /   0.50 sec =   39.8413 Mbps     0 retrans   2155 KB-cwnd
[2024-11-07T16:29:35.377679-0500]     2.3750 MB /   0.50 sec =   39.8487 Mbps     0 retrans   2155 KB-cwnd
[2024-11-07T16:29:35.378160-0500]     2.2500 MB /   0.50 sec =   37.7486 Mbps     0 retrans   2155 KB-cwnd
[2024-11-07T16:29:35.944052-0500]     2.3750 MB /   0.50 sec =   39.8460 Mbps     0 retrans   2155 KB-cwnd
[2024-11-07T16:29:36.489808-0500]     2.4375 MB /   0.50 sec =   40.8958 Mbps     0 retrans   2155 KB-cwnd
[2024-11-07T16:29:37.079806-0500]     2.2500 MB /   0.50 sec =   37.7370 Mbps     0 retrans   2155 KB-cwnd
[2024-11-07T16:29:37.672035-0500]     2.1250 MB /   0.50 sec =   35.6626 Mbps     0 retrans   2155 KB-cwnd
[2024-11-07T16:29:38.268555-0500]     2.1875 MB /   0.50 sec =   36.6980 Mbps     0 retrans   2155 KB-cwnd
[2024-11-07T16:29:38.866040-0500]     2.3750 MB /   0.50 sec =   39.8482 Mbps     0 retrans   2539 KB-cwnd
[2024-11-07T16:29:39.508643-0500]     2.2500 MB /   0.50 sec =   37.7490 Mbps     0 retrans   2539 KB-cwnd
[2024-11-07T16:29:39.508812-0500]     2.1875 MB /   0.50 sec =   36.6980 Mbps     0 retrans   2539 KB-cwnd
[2024-11-07T16:29:40.091136-0500]     2.1875 MB /   0.50 sec =   36.6958 Mbps     0 retrans   2539 KB-cwnd
[2024-11-07T16:29:40.865971-0500]     2.1250 MB /   0.50 sec =   35.6569 Mbps     0 retrans   2539 KB-cwnd
[2024-11-07T16:29:41.535376-0500]     1.9375 MB /   0.50 sec =   32.5074 Mbps     0 retrans   2539 KB-cwnd
[2024-11-07T16:29:41.535993-0500]     1.7500 MB /   0.50 sec =   29.3597 Mbps     0 retrans   2539 KB-cwnd
[2024-11-07T16:29:42.240808-0500]     2.0000 MB /   0.50 sec =   33.5491 Mbps     0 retrans   2539 KB-cwnd
[2024-11-07T16:29:42.934146-0500]     2.1250 MB /   0.50 sec =   35.6573 Mbps     0 retrans   2539 KB-cwnd
[2024-11-07T16:29:42.934668-0500]     1.6875 MB /   0.50 sec =   28.3116 Mbps     0 retrans   2539 KB-cwnd
[2024-11-07T16:29:43.689875-0500]     2.3125 MB /   0.50 sec =   38.7958 Mbps     0 retrans   2539 KB-cwnd
[2024-11-07T16:29:44.330296-0500]     2.1250 MB /   0.50 sec =   35.6520 Mbps     0 retrans   2539 KB-cwnd
[2024-11-07T16:29:45.067811-0500]     2.0000 MB /   0.50 sec =   33.5553 Mbps     0 retrans   2539 KB-cwnd
[2024-11-07T16:29:45.068041-0500]     1.5625 MB /   0.50 sec =   26.2150 Mbps     0 retrans   2539 KB-cwnd
[2024-11-07T16:29:45.822481-0500]     2.4375 MB /   0.50 sec =   40.8932 Mbps     0 retrans   2539 KB-cwnd
[2024-11-07T16:29:46.535751-0500]     1.6875 MB /   0.50 sec =   28.3106 Mbps     0 retrans   2539 KB-cwnd
[2024-11-07T16:29:46.536228-0500]     1.8750 MB /   0.50 sec =   31.4590 Mbps     0 retrans   2539 KB-cwnd
[2024-11-07T16:29:47.297841-0500]     1.6875 MB /   0.50 sec =   28.3109 Mbps     0 retrans   2539 KB-cwnd
[2024-11-07T16:29:48.020630-0500]     1.6875 MB /   0.50 sec =   28.2128 Mbps     0 retrans   2539 KB-cwnd
[2024-11-07T16:29:48.021232-0500]     2.0625 MB /   0.50 sec =   34.7232 Mbps     0 retrans   2539 KB-cwnd
[2024-11-07T16:29:48.631688-0500]     1.8125 MB /   0.50 sec =   30.4104 Mbps     0 retrans   2539 KB-cwnd
[2024-11-07T16:29:49.244274-0500]     2.6250 MB /   0.50 sec =   44.0399 Mbps     0 retrans   2995 KB-cwnd
[2024-11-07T16:29:49.913690-0500]     2.0000 MB /   0.50 sec =   33.5489 Mbps     0 retrans   2995 KB-cwnd
[2024-11-07T16:29:49.914188-0500]     2.1875 MB /   0.50 sec =   36.7059 Mbps     0 retrans   2995 KB-cwnd
[2024-11-07T16:29:50.521900-0500]     2.1875 MB /   0.50 sec =   36.7002 Mbps     0 retrans   2995 KB-cwnd
[2024-11-07T16:29:51.386368-0500]     2.0625 MB /   0.50 sec =   34.5995 Mbps     1 retrans   3007 KB-cwnd
[2024-11-07T16:29:51.386766-0500]     0.5000 MB /   0.50 sec =    8.3893 Mbps     0 retrans   3007 KB-cwnd
[2024-11-07T16:29:52.769923-0500]     1.1250 MB /   0.50 sec =   18.8744 Mbps     2 retrans   2403 KB-cwnd
[2024-11-07T16:29:52.770120-0500]     1.8125 MB /   0.50 sec =   30.4098 Mbps     0 retrans   2403 KB-cwnd
[2024-11-07T16:29:54.068876-0500]     0.9375 MB /   0.50 sec =   15.7284 Mbps     3 retrans   1921 KB-cwnd
[2024-11-07T16:29:54.069106-0500]     1.0625 MB /   0.50 sec =   17.8200 Mbps     0 retrans   1921 KB-cwnd
[2024-11-07T16:29:54.069145-0500]     0.6875 MB /   0.50 sec =   11.5381 Mbps     0 retrans   1921 KB-cwnd
[2024-11-07T16:29:55.211670-0500]     0.8125 MB /   0.50 sec =   13.6314 Mbps     5 retrans   1664 KB-cwnd
[2024-11-07T16:29:55.212004-0500]     1.7500 MB /   0.50 sec =   29.3604 Mbps     0 retrans   1664 KB-cwnd
[2024-11-07T16:29:56.425818-0500]     0.9375 MB /   0.50 sec =   15.7290 Mbps    20 retrans   1062 KB-cwnd
[2024-11-07T16:29:56.426377-0500]     0.0000 MB /   0.50 sec =    0.0000 Mbps     0 retrans   1062 KB-cwnd
[2024-11-07T16:29:56.426614-0500]     1.7500 MB /   0.50 sec =   29.3598 Mbps     0 retrans   1062 KB-cwnd
[2024-11-07T16:29:57.512948-0500]     1.0000 MB /   0.50 sec =   16.7776 Mbps    20 retrans    693 KB-cwnd
[2024-11-07T16:29:57.513487-0500]     1.8125 MB /   0.50 sec =   30.4089 Mbps     0 retrans    693 KB-cwnd
[2024-11-07T16:29:59.319672-0500]     1.1250 MB /   0.50 sec =   18.8740 Mbps    96 retrans    456 KB-cwnd
[2024-11-07T16:29:59.319935-0500]     0.8750 MB /   0.50 sec =   14.6752 Mbps     0 retrans    456 KB-cwnd
[2024-11-07T16:29:59.320000-0500]     0.1250 MB /   0.50 sec =    2.0977 Mbps     0 retrans    456 KB-cwnd
[2024-11-07T16:30:01.062468-0500]     1.4375 MB /   0.50 sec =   24.1171 Mbps     8 retrans    256 KB-cwnd
[2024-11-07T16:30:01.063043-0500]     0.9375 MB /   0.50 sec =   15.7301 Mbps     0 retrans    256 KB-cwnd
[2024-11-07T16:30:01.063282-0500]     0.8125 MB /   0.50 sec =   13.6308 Mbps     0 retrans    256 KB-cwnd
[2024-11-07T16:30:01.063505-0500]     0.6875 MB /   0.50 sec =   11.5351 Mbps     0 retrans    256 KB-cwnd
[2024-11-07T16:30:03.101786-0500]     0.8125 MB /   0.50 sec =   13.6314 Mbps    15 retrans    145 KB-cwnd
[2024-11-07T16:30:03.102305-0500]     0.5000 MB /   0.50 sec =    8.3882 Mbps     0 retrans    145 KB-cwnd
[2024-11-07T16:30:03.102474-0500]     0.5000 MB /   0.50 sec =    8.3890 Mbps     0 retrans    145 KB-cwnd
[2024-11-07T16:30:03.102596-0500]     0.8750 MB /   0.50 sec =   14.6805 Mbps     0 retrans    145 KB-cwnd
[2024-11-07T16:30:05.303353-0500]     0.3125 MB /   0.50 sec =    5.2430 Mbps    13 retrans    137 KB-cwnd
[2024-11-07T16:30:05.303632-0500]     0.7500 MB /   0.50 sec =   12.5823 Mbps     0 retrans    137 KB-cwnd
[2024-11-07T16:30:05.303690-0500]     0.4375 MB /   0.50 sec =    7.3401 Mbps     0 retrans    137 KB-cwnd
[2024-11-07T16:30:05.303741-0500]     0.6875 MB /   0.50 sec =   11.5347 Mbps     0 retrans    137 KB-cwnd
[2024-11-07T16:30:06.265260-0500]     0.8125 MB /   0.50 sec =   13.6315 Mbps     1 retrans    618 KB-cwnd
[2024-11-07T16:30:06.265611-0500]     2.2500 MB /   0.50 sec =   37.7465 Mbps     0 retrans    618 KB-cwnd
[2024-11-07T16:30:07.592432-0500]     1.3125 MB /   0.50 sec =   22.0198 Mbps    19 retrans    393 KB-cwnd
[2024-11-07T16:30:07.592922-0500]     0.8125 MB /   0.50 sec =   13.6323 Mbps     0 retrans    393 KB-cwnd
[2024-11-07T16:30:07.593178-0500]     0.6250 MB /   0.50 sec =   10.4857 Mbps     0 retrans    393 KB-cwnd
[2024-11-07T16:30:08.736251-0500]     1.2500 MB /   0.50 sec =   20.9718 Mbps     4 retrans    322 KB-cwnd
[2024-11-07T16:30:08.736440-0500]     1.9375 MB /   0.50 sec =   32.5046 Mbps     0 retrans    322 KB-cwnd
[2024-11-07T16:30:11.719168-0500]     0.6250 MB /   0.50 sec =   10.4863 Mbps    20 retrans     98 KB-cwnd
[2024-11-07T16:30:11.719615-0500]     0.5625 MB /   0.50 sec =    9.4355 Mbps     0 retrans     98 KB-cwnd
[2024-11-07T16:30:11.719749-0500]     0.3750 MB /   0.50 sec =    6.2926 Mbps     0 retrans     98 KB-cwnd
[2024-11-07T16:30:11.719875-0500]     0.5625 MB /   0.50 sec =    9.4371 Mbps     0 retrans     98 KB-cwnd
[2024-11-07T16:30:11.719985-0500]     0.2500 MB /   0.50 sec =    4.1943 Mbps     0 retrans     98 KB-cwnd
[2024-11-07T16:30:11.720092-0500]     0.2500 MB /   0.50 sec =    4.1942 Mbps     0 retrans     98 KB-cwnd
[2024-11-07T16:30:13.317598-0500]     0.6875 MB /   0.50 sec =   11.5338 Mbps     4 retrans    216 KB-cwnd
[2024-11-07T16:30:13.318242-0500]     0.8750 MB /   0.50 sec =   14.6811 Mbps     0 retrans    216 KB-cwnd
[2024-11-07T16:30:13.318495-0500]     0.3750 MB /   0.50 sec =    6.2912 Mbps     0 retrans    216 KB-cwnd
[2024-11-07T16:30:14.748283-0500]     1.4375 MB /   0.50 sec =   24.1182 Mbps     4 retrans    185 KB-cwnd
[2024-11-07T16:30:14.748794-0500]     0.8750 MB /   0.50 sec =   14.6800 Mbps     0 retrans    185 KB-cwnd
[2024-11-07T16:30:14.748938-0500]     1.0000 MB /   0.50 sec =   16.7769 Mbps     0 retrans    185 KB-cwnd
[2024-11-07T16:30:16.576158-0500]     1.0000 MB /   0.50 sec =   16.7776 Mbps     9 retrans    141 KB-cwnd
[2024-11-07T16:30:16.576679-0500]     0.6250 MB /   0.50 sec =   10.4858 Mbps     0 retrans    141 KB-cwnd
[2024-11-07T16:30:16.576849-0500]     0.3125 MB /   0.50 sec =    5.2420 Mbps     0 retrans    141 KB-cwnd
[2024-11-07T16:30:16.576971-0500]     1.0625 MB /   0.50 sec =   17.8286 Mbps     0 retrans    141 KB-cwnd
[2024-11-07T16:30:18.020030-0500]     0.8750 MB /   0.50 sec =   14.6800 Mbps     0 retrans    712 KB-cwnd
[2024-11-07T16:30:18.020326-0500]     0.6250 MB /   0.50 sec =   10.4860 Mbps     0 retrans    712 KB-cwnd
[2024-11-07T16:30:18.020461-0500]     1.1250 MB /   0.50 sec =   18.8737 Mbps     0 retrans    712 KB-cwnd
[2024-11-07T16:30:19.094478-0500]     1.3125 MB /   0.50 sec =   22.0207 Mbps     0 retrans    712 KB-cwnd
[2024-11-07T16:30:19.095109-0500]     1.0625 MB /   0.50 sec =   17.8258 Mbps     0 retrans    712 KB-cwnd
[2024-11-07T16:30:19.779219-0500]     1.5625 MB /   0.50 sec =   26.2145 Mbps     0 retrans    940 KB-cwnd
[2024-11-07T16:30:20.215733-0500]     2.4375 MB /   0.50 sec =   40.8941 Mbps     0 retrans   1183 KB-cwnd
[2024-11-07T16:30:20.835562-0500]     2.9375 MB /   0.50 sec =   49.2844 Mbps     0 retrans   1183 KB-cwnd
[2024-11-07T16:30:21.347573-0500]     2.4375 MB /   0.50 sec =   40.8880 Mbps     0 retrans   1183 KB-cwnd
[2024-11-07T16:30:22.151947-0500]     2.6250 MB /   0.50 sec =   44.0466 Mbps     0 retrans   1183 KB-cwnd
[2024-11-07T16:30:22.152510-0500]     1.8125 MB /   0.50 sec =   30.4029 Mbps     0 retrans   1183 KB-cwnd
[2024-11-07T16:30:22.931197-0500]     1.2500 MB /   0.50 sec =   20.9758 Mbps     0 retrans   1183 KB-cwnd
[2024-11-07T16:30:22.931627-0500]     2.0000 MB /   0.50 sec =   33.5541 Mbps     0 retrans   1183 KB-cwnd
[2024-11-07T16:30:23.699328-0500]     1.8125 MB /   0.50 sec =   30.4085 Mbps     0 retrans   1183 KB-cwnd
[2024-11-07T16:30:24.607337-0500]     1.7500 MB /   0.50 sec =   29.3601 Mbps    10 retrans    946 KB-cwnd
[2024-11-07T16:30:24.607984-0500]     1.6250 MB /   0.50 sec =   27.2630 Mbps     0 retrans    946 KB-cwnd
[2024-11-07T16:30:25.878827-0500]     1.6250 MB /   0.50 sec =   27.2630 Mbps    11 retrans    616 KB-cwnd
[2024-11-07T16:30:25.879205-0500]     1.2500 MB /   0.50 sec =   20.9717 Mbps     0 retrans    616 KB-cwnd
[2024-11-07T16:30:25.879340-0500]     0.5625 MB /   0.50 sec =    9.4370 Mbps     0 retrans    616 KB-cwnd
[2024-11-07T16:30:26.911683-0500]     2.5000 MB /   0.50 sec =   41.9435 Mbps     6 retrans    501 KB-cwnd
[2024-11-07T16:30:26.911887-0500]     0.7500 MB /   0.50 sec =   12.5737 Mbps     0 retrans    501 KB-cwnd
[2024-11-07T16:30:28.405218-0500]     1.9375 MB /   0.50 sec =   32.5264 Mbps    16 retrans    431 KB-cwnd
[2024-11-07T16:30:28.405732-0500]     0.0000 MB /   0.50 sec =    0.0000 Mbps     0 retrans    431 KB-cwnd
[2024-11-07T16:30:28.405950-0500]     1.1250 MB /   0.50 sec =   18.8767 Mbps     0 retrans    431 KB-cwnd
[2024-11-07T16:30:29.853905-0500]     0.6250 MB /   0.50 sec =   10.4854 Mbps    20 retrans    291 KB-cwnd
[2024-11-07T16:30:29.854387-0500]     1.3125 MB /   0.50 sec =   22.0203 Mbps     0 retrans    291 KB-cwnd
[2024-11-07T16:30:31.192233-0500]     0.9375 MB /   0.50 sec =   15.7288 Mbps     8 retrans    223 KB-cwnd
[2024-11-07T16:30:31.192615-0500]     0.8750 MB /   0.50 sec =   14.6801 Mbps     0 retrans    223 KB-cwnd
[2024-11-07T16:30:31.192746-0500]     0.7500 MB /   0.50 sec =   12.5827 Mbps     0 retrans    223 KB-cwnd
[2024-11-07T16:30:32.411053-0500]     1.3750 MB /   0.50 sec =   23.0692 Mbps     5 retrans    217 KB-cwnd
[2024-11-07T16:30:32.411360-0500]     1.3125 MB /   0.50 sec =   22.0198 Mbps     0 retrans    217 KB-cwnd
[2024-11-07T16:30:32.411453-0500]     0.7500 MB /   0.50 sec =   12.5827 Mbps     0 retrans    217 KB-cwnd
[2024-11-07T16:30:34.254032-0500]     1.2500 MB /   0.50 sec =   20.9710 Mbps    14 retrans    137 KB-cwnd
[2024-11-07T16:30:34.254150-0500]     0.6250 MB /   0.50 sec =   10.4862 Mbps     0 retrans    138 KB-cwnd
[2024-11-07T16:30:34.254179-0500]     0.8750 MB /   0.50 sec =   14.6762 Mbps     0 retrans    138 KB-cwnd
[2024-11-07T16:30:35.663300-0500]     0.4375 MB /   0.50 sec =    7.3418 Mbps     3 retrans    147 KB-cwnd
[2024-11-07T16:30:35.663536-0500]     1.1875 MB /   0.50 sec =   19.8127 Mbps     0 retrans    147 KB-cwnd
[2024-11-07T16:30:35.663584-0500]     0.6875 MB /   0.50 sec =   11.5987 Mbps     0 retrans    147 KB-cwnd
[2024-11-07T16:30:38.365190-0500]     0.8750 MB /   0.50 sec =   14.6801 Mbps    18 retrans     77 KB-cwnd
[2024-11-07T16:30:38.365636-0500]     0.6250 MB /   0.50 sec =   10.4861 Mbps     0 retrans     77 KB-cwnd
[2024-11-07T16:30:38.365785-0500]     0.3750 MB /   0.50 sec =    6.2864 Mbps     0 retrans     77 KB-cwnd
[2024-11-07T16:30:38.365900-0500]     0.4375 MB /   0.50 sec =    7.3459 Mbps     0 retrans     77 KB-cwnd
[2024-11-07T16:30:38.366006-0500]     0.3125 MB /   0.50 sec =    5.2429 Mbps     0 retrans     77 KB-cwnd
[2024-11-07T16:30:42.327048-0500]     0.5625 MB /   0.50 sec =    9.4371 Mbps    12 retrans    201 KB-cwnd
[2024-11-07T16:30:42.327514-0500]     0.2500 MB /   0.50 sec =    4.1944 Mbps     0 retrans    201 KB-cwnd
[2024-11-07T16:30:42.327672-0500]     0.4375 MB /   0.50 sec =    7.3400 Mbps     0 retrans    201 KB-cwnd
[2024-11-07T16:30:42.327790-0500]     0.1875 MB /   0.50 sec =    3.1456 Mbps     0 retrans    201 KB-cwnd
[2024-11-07T16:30:42.327899-0500]     0.3750 MB /   0.50 sec =    6.2917 Mbps     0 retrans    201 KB-cwnd
[2024-11-07T16:30:42.328002-0500]     0.2500 MB /   0.50 sec =    4.1934 Mbps     0 retrans    201 KB-cwnd
[2024-11-07T16:30:42.328138-0500]     0.2500 MB /   0.50 sec =    4.1953 Mbps     0 retrans    201 KB-cwnd
[2024-11-07T16:30:42.328242-0500]     0.4375 MB /   0.50 sec =    7.3396 Mbps     0 retrans    201 KB-cwnd
[2024-11-07T16:30:43.390441-0500]     0.6250 MB /   0.50 sec =   10.4862 Mbps     1 retrans    438 KB-cwnd
[2024-11-07T16:30:43.390996-0500]     1.7500 MB /   0.50 sec =   29.2212 Mbps     0 retrans    438 KB-cwnd
[2024-11-07T16:30:43.391160-0500]     0.6250 MB /   0.50 sec =   10.5353 Mbps     0 retrans    438 KB-cwnd
[2024-11-07T16:30:44.741321-0500]     2.0625 MB /   0.50 sec =   34.6051 Mbps     5 retrans    349 KB-cwnd
[2024-11-07T16:30:44.741831-0500]     0.9375 MB /   0.50 sec =   15.7290 Mbps     0 retrans    349 KB-cwnd
[2024-11-07T16:30:45.687321-0500]     0.8750 MB /   0.50 sec =   14.6801 Mbps     0 retrans    392 KB-cwnd
[2024-11-07T16:30:45.687741-0500]     1.2500 MB /   0.50 sec =   20.9716 Mbps     0 retrans    392 KB-cwnd
[2024-11-07T16:30:46.795533-0500]     1.6250 MB /   0.50 sec =   27.2623 Mbps    11 retrans    387 KB-cwnd
[2024-11-07T16:30:46.796029-0500]     1.3125 MB /   0.50 sec =   22.0199 Mbps     0 retrans    387 KB-cwnd
[2024-11-07T16:30:48.110118-0500]     1.0625 MB /   0.50 sec =   17.8260 Mbps    11 retrans    292 KB-cwnd
[2024-11-07T16:30:48.110690-0500]     0.8750 MB /   0.50 sec =   14.6799 Mbps     0 retrans    292 KB-cwnd
[2024-11-07T16:30:48.110948-0500]     1.0000 MB /   0.50 sec =   16.7771 Mbps     0 retrans    292 KB-cwnd
[2024-11-07T16:30:49.800003-0500]     1.1875 MB /   0.50 sec =   19.9227 Mbps    10 retrans    188 KB-cwnd
[2024-11-07T16:30:49.800455-0500]     0.8125 MB /   0.50 sec =   13.6291 Mbps     0 retrans    188 KB-cwnd
[2024-11-07T16:30:49.800597-0500]     0.7500 MB /   0.50 sec =   12.5763 Mbps     0 retrans    188 KB-cwnd
[2024-11-07T16:30:52.237410-0500]     0.5625 MB /   0.50 sec =    9.4428 Mbps    19 retrans    106 KB-cwnd
[2024-11-07T16:30:52.237826-0500]     0.5000 MB /   0.50 sec =    8.3897 Mbps     0 retrans    106 KB-cwnd
[2024-11-07T16:30:52.237974-0500]     0.4375 MB /   0.50 sec =    7.3399 Mbps     0 retrans    106 KB-cwnd
[2024-11-07T16:30:52.238089-0500]     0.4375 MB /   0.50 sec =    7.3394 Mbps     0 retrans    106 KB-cwnd
[2024-11-07T16:30:52.238200-0500]     0.6250 MB /   0.50 sec =   10.4871 Mbps     0 retrans    106 KB-cwnd
[2024-11-07T16:30:54.780585-0500]     0.6875 MB /   0.50 sec =   11.5341 Mbps    10 retrans     91 KB-cwnd
[2024-11-07T16:30:54.781271-0500]     0.8125 MB /   0.50 sec =   13.6316 Mbps     0 retrans     91 KB-cwnd
[2024-11-07T16:30:54.781534-0500]     0.3750 MB /   0.50 sec =    6.2914 Mbps     0 retrans     91 KB-cwnd
[2024-11-07T16:30:54.781746-0500]     0.3750 MB /   0.50 sec =    6.2914 Mbps     0 retrans     91 KB-cwnd
[2024-11-07T16:30:54.781946-0500]     0.5625 MB /   0.50 sec =    9.4376 Mbps     0 retrans     91 KB-cwnd
[2024-11-07T16:30:58.116775-0500]     0.4375 MB /   0.50 sec =    7.3398 Mbps    20 retrans     59 KB-cwnd
[2024-11-07T16:30:58.117530-0500]     0.3750 MB /   0.50 sec =    6.2916 Mbps     0 retrans     59 KB-cwnd
[2024-11-07T16:30:58.117707-0500]     0.6250 MB /   0.50 sec =   10.4857 Mbps     0 retrans     59 KB-cwnd
[2024-11-07T16:30:58.117830-0500]     0.2500 MB /   0.50 sec =    4.1942 Mbps     0 retrans     59 KB-cwnd
[2024-11-07T16:30:58.117939-0500]     0.4375 MB /   0.50 sec =    7.3399 Mbps     0 retrans     59 KB-cwnd
[2024-11-07T16:30:58.118045-0500]     0.3125 MB /   0.50 sec =    5.2430 Mbps     0 retrans     59 KB-cwnd
[2024-11-07T16:30:58.118148-0500]     0.3125 MB /   0.50 sec =    5.2430 Mbps     0 retrans     59 KB-cwnd
[2024-11-07T16:31:01.817776-0500]     0.5000 MB /   0.50 sec =    8.3885 Mbps     8 retrans     53 KB-cwnd
[2024-11-07T16:31:01.818329-0500]     0.1875 MB /   0.50 sec =    3.1457 Mbps     0 retrans     53 KB-cwnd
[2024-11-07T16:31:01.818483-0500]     0.3750 MB /   0.50 sec =    6.2595 Mbps     0 retrans     53 KB-cwnd
[2024-11-07T16:31:01.818617-0500]     0.2500 MB /   0.50 sec =    4.2158 Mbps     0 retrans     53 KB-cwnd
[2024-11-07T16:31:01.818730-0500]     0.5625 MB /   0.50 sec =    9.4374 Mbps     0 retrans     53 KB-cwnd
[2024-11-07T16:31:01.818885-0500]     0.5000 MB /   0.50 sec =    8.3885 Mbps     0 retrans     53 KB-cwnd
[2024-11-07T16:31:01.818998-0500]     0.3125 MB /   0.50 sec =    5.2428 Mbps     0 retrans     53 KB-cwnd
[2024-11-07T16:31:06.190916-0500]     0.2500 MB /   0.50 sec =    4.1945 Mbps     9 retrans    645 KB-cwnd
[2024-11-07T16:31:06.191366-0500]     0.1875 MB /   0.50 sec =    3.1456 Mbps     0 retrans    645 KB-cwnd
[2024-11-07T16:31:06.191606-0500]     0.1875 MB /   0.50 sec =    3.1457 Mbps     0 retrans    645 KB-cwnd
[2024-11-07T16:31:06.191719-0500]     0.1250 MB /   0.50 sec =    2.0971 Mbps     0 retrans    645 KB-cwnd
[2024-11-07T16:31:06.191825-0500]     0.1875 MB /   0.50 sec =    3.1460 Mbps     0 retrans    645 KB-cwnd
[2024-11-07T16:31:06.191927-0500]     0.2500 MB /   0.50 sec =    4.1944 Mbps     0 retrans    645 KB-cwnd
[2024-11-07T16:31:06.192116-0500]     0.2500 MB /   0.50 sec =    4.1941 Mbps     0 retrans    645 KB-cwnd
[2024-11-07T16:31:06.192218-0500]     0.0625 MB /   0.50 sec =    1.0486 Mbps     0 retrans    645 KB-cwnd
[2024-11-07T16:31:06.192321-0500]     0.5000 MB /   0.50 sec =    8.3886 Mbps     0 retrans    645 KB-cwnd
[2024-11-07T16:31:07.016466-0500]     1.3750 MB /   0.50 sec =   23.0341 Mbps     0 retrans    698 KB-cwnd
[2024-11-07T16:31:07.016918-0500]     1.7500 MB /   0.50 sec =   29.4047 Mbps     0 retrans    698 KB-cwnd
[2024-11-07T16:31:07.858543-0500]     1.4375 MB /   0.50 sec =   24.1153 Mbps     0 retrans    698 KB-cwnd
[2024-11-07T16:31:09.499039-0500]     1.6250 MB /   0.50 sec =   27.2654 Mbps    13 retrans    417 KB-cwnd
[2024-11-07T16:31:09.499557-0500]     1.0000 MB /   0.50 sec =   16.7765 Mbps     0 retrans    417 KB-cwnd
[2024-11-07T16:31:09.499801-0500]     0.6250 MB /   0.50 sec =   10.4862 Mbps     0 retrans    417 KB-cwnd
[2024-11-07T16:31:09.500014-0500]     0.8125 MB /   0.50 sec =   13.6264 Mbps     0 retrans    417 KB-cwnd
[2024-11-07T16:31:10.897405-0500]     0.9375 MB /   0.50 sec =   15.7341 Mbps     5 retrans    339 KB-cwnd
[2024-11-07T16:31:10.897873-0500]     0.8125 MB /   0.50 sec =   13.6316 Mbps     0 retrans    339 KB-cwnd
[2024-11-07T16:31:10.898011-0500]     1.3125 MB /   0.50 sec =   22.0204 Mbps     0 retrans    339 KB-cwnd
[2024-11-07T16:31:12.911799-0500]     0.7500 MB /   0.50 sec =   12.5828 Mbps    15 retrans    176 KB-cwnd
[2024-11-07T16:31:12.912332-0500]     0.8750 MB /   0.50 sec =   14.6801 Mbps     0 retrans    176 KB-cwnd
[2024-11-07T16:31:12.912578-0500]     0.5625 MB /   0.50 sec =    9.4374 Mbps     0 retrans    176 KB-cwnd
[2024-11-07T16:31:12.912788-0500]     0.3750 MB /   0.50 sec =    6.2914 Mbps     0 retrans    176 KB-cwnd
[2024-11-07T16:31:14.606840-0500]     1.3125 MB /   0.50 sec =   22.0197 Mbps     7 retrans    141 KB-cwnd
[2024-11-07T16:31:14.607327-0500]     0.5625 MB /   0.50 sec =    9.4371 Mbps     0 retrans    141 KB-cwnd
[2024-11-07T16:31:14.607489-0500]     0.4375 MB /   0.50 sec =    7.3402 Mbps     0 retrans    141 KB-cwnd
[2024-11-07T16:31:17.782549-0500]     0.6875 MB /   0.50 sec =   11.5180 Mbps    22 retrans     67 KB-cwnd
[2024-11-07T16:31:17.783071-0500]     0.3750 MB /   0.50 sec =    6.3005 Mbps     0 retrans     67 KB-cwnd
[2024-11-07T16:31:17.783293-0500]     0.3750 MB /   0.50 sec =    6.2912 Mbps     0 retrans     67 KB-cwnd
[2024-11-07T16:31:17.783478-0500]     0.6250 MB /   0.50 sec =   10.4859 Mbps     0 retrans     67 KB-cwnd
[2024-11-07T16:31:17.783652-0500]     0.5000 MB /   0.50 sec =    8.3887 Mbps     0 retrans     67 KB-cwnd
[2024-11-07T16:31:17.783836-0500]     0.2500 MB /   0.50 sec =    4.1943 Mbps     0 retrans     67 KB-cwnd
[2024-11-07T16:31:22.368802-0500]     0.5000 MB /   0.50 sec =    8.3882 Mbps     9 retrans    387 KB-cwnd
[2024-11-07T16:31:22.369317-0500]     0.1875 MB /   0.50 sec =    3.1459 Mbps     0 retrans    387 KB-cwnd
[2024-11-07T16:31:22.369480-0500]     0.1875 MB /   0.50 sec =    3.1455 Mbps     0 retrans    387 KB-cwnd
[2024-11-07T16:31:22.369607-0500]     0.2500 MB /   0.50 sec =    4.1947 Mbps     0 retrans    387 KB-cwnd
[2024-11-07T16:31:22.369761-0500]     0.3750 MB /   0.50 sec =    6.2902 Mbps     0 retrans    387 KB-cwnd
[2024-11-07T16:31:22.369873-0500]     0.1250 MB /   0.50 sec =    2.0975 Mbps     0 retrans    387 KB-cwnd
[2024-11-07T16:31:22.369980-0500]     0.1875 MB /   0.50 sec =    3.1458 Mbps     0 retrans    387 KB-cwnd
[2024-11-07T16:31:22.370085-0500]     0.2500 MB /   0.50 sec =    4.1904 Mbps     0 retrans    387 KB-cwnd
[2024-11-07T16:31:22.370189-0500]     0.2500 MB /   0.50 sec =    4.1980 Mbps     0 retrans    387 KB-cwnd
[2024-11-07T16:31:23.822798-0500]     0.7500 MB /   0.50 sec =   12.5635 Mbps     4 retrans    330 KB-cwnd
[2024-11-07T16:31:23.823590-0500]     0.7500 MB /   0.50 sec =   12.6024 Mbps     0 retrans    330 KB-cwnd
[2024-11-07T16:31:23.823868-0500]     0.5625 MB /   0.50 sec =    9.4374 Mbps     0 retrans    330 KB-cwnd
[2024-11-07T16:31:25.223021-0500]     1.4375 MB /   0.50 sec =   24.1176 Mbps     9 retrans    248 KB-cwnd
[2024-11-07T16:31:25.223385-0500]     1.2500 MB /   0.50 sec =   20.9711 Mbps     0 retrans    248 KB-cwnd
[2024-11-07T16:31:25.223532-0500]     0.8125 MB /   0.50 sec =   13.6317 Mbps     0 retrans    248 KB-cwnd
[2024-11-07T16:31:26.840236-0500]     0.8750 MB /   0.50 sec =   14.6799 Mbps     3 retrans    192 KB-cwnd
[2024-11-07T16:31:26.840605-0500]     0.7500 MB /   0.50 sec =   12.5831 Mbps     0 retrans    192 KB-cwnd
[2024-11-07T16:31:26.840737-0500]     0.5625 MB /   0.50 sec =    9.4371 Mbps     0 retrans    192 KB-cwnd
[2024-11-07T16:31:29.833675-0500]     1.0625 MB /   0.50 sec =   17.8261 Mbps    15 retrans     79 KB-cwnd
[2024-11-07T16:31:29.834167-0500]     0.4375 MB /   0.50 sec =    7.3401 Mbps     0 retrans     79 KB-cwnd
[2024-11-07T16:31:29.834316-0500]     0.5625 MB /   0.50 sec =    9.4368 Mbps     0 retrans     79 KB-cwnd
[2024-11-07T16:31:29.834435-0500]     0.4375 MB /   0.50 sec =    7.3402 Mbps     0 retrans     79 KB-cwnd
[2024-11-07T16:31:29.834546-0500]     0.2500 MB /   0.50 sec =    4.1943 Mbps     0 retrans     79 KB-cwnd
[2024-11-07T16:31:29.834651-0500]     0.5625 MB /   0.50 sec =    9.4373 Mbps     0 retrans     79 KB-cwnd
[2024-11-07T16:31:29.875962-0500]     0.3125 MB /   0.50 sec =    5.2428 Mbps     0 retrans     79 KB-cwnd
[2024-11-07T16:31:30.542432-0500]     0.3750 MB /   0.50 sec =    6.2915 Mbps     0 retrans     83 KB-cwnd
End time: 1731015090694
