Start time: 1731002425850
[2024-11-07T13:00:26.707864-0500] nuttcp-r: v8.1.4: socket
[2024-11-07T13:00:26.708815-0500] nuttcp-r: buflen=65536, nstream=1, port=5103 tcp
[2024-11-07T13:00:26.708899-0500] nuttcp-r: interval reporting every 0.50 seconds
[2024-11-07T13:00:26.708967-0500] nuttcp-r: connect to 54.197.223.49 with RTT=53.246 ms af=inet
[2024-11-07T13:00:26.709024-0500] nuttcp-r: send window size = 1048576, receive window size = 1048576
[2024-11-07T13:00:26.709081-0500] nuttcp-r: available send window = 786432, available receive window = 786432
[2024-11-07T13:00:26.709136-0500]     0.3125 MB /   0.50 sec =    5.2374 Mbps     0 retrans     14 KB-cwnd
[2024-11-07T13:00:27.207338-0500]     0.1875 MB /   0.50 sec =    3.1464 Mbps     0 retrans     14 KB-cwnd
[2024-11-07T13:00:27.709127-0500]     0.0000 MB /   0.50 sec =    0.0000 Mbps     0 retrans     14 KB-cwnd
[2024-11-07T13:00:28.209986-0500]     0.0000 MB /   0.50 sec =    0.0000 Mbps     0 retrans     14 KB-cwnd
[2024-11-07T13:00:28.706863-0500]     0.1875 MB /   0.50 sec =    3.1610 Mbps     0 retrans     14 KB-cwnd
[2024-11-07T13:00:29.207523-0500]     0.5000 MB /   0.50 sec =    8.3836 Mbps     0 retrans     14 KB-cwnd
[2024-11-07T13:00:29.708744-0500]     0.5625 MB /   0.50 sec =    9.4102 Mbps     0 retrans     14 KB-cwnd
[2024-11-07T13:00:30.206876-0500]     0.6250 MB /   0.50 sec =   10.5222 Mbps     0 retrans     14 KB-cwnd
[2024-11-07T13:00:30.708277-0500]     0.7500 MB /   0.50 sec =   12.5503 Mbps     0 retrans     14 KB-cwnd
[2024-11-07T13:00:31.206854-0500]     0.8125 MB /   0.50 sec =   13.6663 Mbps     0 retrans     14 KB-cwnd
[2024-11-07T13:00:31.707003-0500]     0.9375 MB /   0.50 sec =   15.7253 Mbps     0 retrans     14 KB-cwnd
[2024-11-07T13:00:32.206988-0500]     1.0625 MB /   0.50 sec =   17.8258 Mbps     0 retrans     14 KB-cwnd
[2024-11-07T13:00:32.706944-0500]     1.3750 MB /   0.50 sec =   23.0727 Mbps     0 retrans     14 KB-cwnd
[2024-11-07T13:00:33.206947-0500]     1.3750 MB /   0.50 sec =   23.0702 Mbps     0 retrans     14 KB-cwnd
[2024-11-07T13:00:33.709052-0500]     1.5625 MB /   0.50 sec =   26.1319 Mbps     0 retrans     14 KB-cwnd
[2024-11-07T13:00:34.207198-0500]     1.6250 MB /   0.50 sec =   27.3349 Mbps     0 retrans     14 KB-cwnd
[2024-11-07T13:00:34.707887-0500]     1.6875 MB /   0.50 sec =   28.3027 Mbps     0 retrans     14 KB-cwnd
[2024-11-07T13:00:35.207378-0500]     2.1875 MB /   0.50 sec =   36.7281 Mbps     0 retrans     14 KB-cwnd
[2024-11-07T13:00:35.706943-0500]     2.3125 MB /   0.50 sec =   38.7983 Mbps     0 retrans     14 KB-cwnd
[2024-11-07T13:00:36.206919-0500]     2.0625 MB /   0.50 sec =   34.6043 Mbps     0 retrans     14 KB-cwnd
[2024-11-07T13:00:36.707416-0500]     1.4375 MB /   0.50 sec =   24.0954 Mbps     0 retrans     14 KB-cwnd
[2024-11-07T13:00:37.206969-0500]     2.5625 MB /   0.50 sec =   43.0289 Mbps     0 retrans     14 KB-cwnd
[2024-11-07T13:00:37.706974-0500]     2.5000 MB /   0.50 sec =   41.9441 Mbps     0 retrans     14 KB-cwnd
[2024-11-07T13:00:38.208604-0500]     2.7500 MB /   0.50 sec =   46.0323 Mbps     0 retrans     14 KB-cwnd
[2024-11-07T13:00:38.707066-0500]     3.3125 MB /   0.50 sec =   55.6934 Mbps     0 retrans     14 KB-cwnd
[2024-11-07T13:00:39.209369-0500]     3.3125 MB /   0.50 sec =   55.4087 Mbps     0 retrans     14 KB-cwnd
[2024-11-07T13:00:39.706954-0500]     2.6250 MB /   0.50 sec =   44.1771 Mbps     0 retrans     14 KB-cwnd
[2024-11-07T13:00:40.208755-0500]     3.2500 MB /   0.50 sec =   54.3835 Mbps     0 retrans     14 KB-cwnd
[2024-11-07T13:00:40.708159-0500]     3.3125 MB /   0.50 sec =   55.5961 Mbps     0 retrans     14 KB-cwnd
[2024-11-07T13:00:41.208040-0500]     2.9375 MB /   0.50 sec =   49.2916 Mbps     0 retrans     14 KB-cwnd
[2024-11-07T13:00:41.707211-0500]     3.6250 MB /   0.50 sec =   60.9482 Mbps     0 retrans     14 KB-cwnd
[2024-11-07T13:00:42.206955-0500]     2.1250 MB /   0.50 sec =   35.6497 Mbps     0 retrans     14 KB-cwnd
[2024-11-07T13:00:42.706940-0500]     1.6875 MB /   0.50 sec =   28.3122 Mbps     0 retrans     14 KB-cwnd
[2024-11-07T13:00:43.206928-0500]     5.5625 MB /   0.50 sec =   93.3231 Mbps     0 retrans     14 KB-cwnd
[2024-11-07T13:00:43.707378-0500]     5.5000 MB /   0.50 sec =   92.2732 Mbps     0 retrans     14 KB-cwnd
[2024-11-07T13:00:44.206916-0500]     6.0000 MB /   0.50 sec =  100.6651 Mbps     0 retrans     14 KB-cwnd
[2024-11-07T13:00:44.706974-0500]     6.4375 MB /   0.50 sec =  107.9977 Mbps     0 retrans     14 KB-cwnd
[2024-11-07T13:00:45.207251-0500]     8.3750 MB /   0.50 sec =  140.5165 Mbps     0 retrans     14 KB-cwnd
[2024-11-07T13:00:45.707488-0500]     6.6875 MB /   0.50 sec =  112.1976 Mbps     0 retrans     15 KB-cwnd
[2024-11-07T13:00:46.207379-0500]     8.4375 MB /   0.50 sec =  141.5433 Mbps     0 retrans     19 KB-cwnd
[2024-11-07T13:00:46.708473-0500]     5.8750 MB /   0.50 sec =   98.2858 Mbps     0 retrans     19 KB-cwnd
[2024-11-07T13:00:47.206916-0500]     8.1250 MB /   0.50 sec =  136.7168 Mbps     0 retrans     21 KB-cwnd
[2024-11-07T13:00:47.706958-0500]     6.8125 MB /   0.50 sec =  114.2895 Mbps     0 retrans     25 KB-cwnd
[2024-11-07T13:00:48.207453-0500]     6.6875 MB /   0.50 sec =  112.1718 Mbps     0 retrans     25 KB-cwnd
[2024-11-07T13:00:48.707361-0500]     8.1250 MB /   0.50 sec =  136.2408 Mbps     0 retrans     25 KB-cwnd
[2024-11-07T13:00:49.206970-0500]     8.4375 MB /   0.50 sec =  141.6637 Mbps     0 retrans     25 KB-cwnd
[2024-11-07T13:00:49.706964-0500]     6.5000 MB /   0.50 sec =  109.0604 Mbps     0 retrans     26 KB-cwnd
[2024-11-07T13:00:50.207603-0500]     7.3125 MB /   0.50 sec =  122.5351 Mbps     0 retrans     26 KB-cwnd
[2024-11-07T13:00:50.708747-0500]     5.8750 MB /   0.50 sec =   98.4384 Mbps     0 retrans     26 KB-cwnd
[2024-11-07T13:00:51.209261-0500]     6.9375 MB /   0.50 sec =  116.2640 Mbps     0 retrans     28 KB-cwnd
[2024-11-07T13:00:51.707325-0500]     7.0000 MB /   0.50 sec =  117.8632 Mbps     0 retrans     28 KB-cwnd
[2024-11-07T13:00:52.207427-0500]     7.1875 MB /   0.50 sec =  120.5877 Mbps     0 retrans     28 KB-cwnd
[2024-11-07T13:00:52.708705-0500]     8.0625 MB /   0.50 sec =  134.8147 Mbps     0 retrans     28 KB-cwnd
[2024-11-07T13:00:53.206986-0500]     7.0625 MB /   0.50 sec =  118.8878 Mbps     0 retrans     29 KB-cwnd
[2024-11-07T13:00:53.706964-0500]     6.5000 MB /   0.50 sec =  109.0512 Mbps     0 retrans     32 KB-cwnd
[2024-11-07T13:00:54.207155-0500]     9.1250 MB /   0.50 sec =  153.0746 Mbps     0 retrans     36 KB-cwnd
[2024-11-07T13:00:54.706837-0500]     7.9375 MB /   0.50 sec =  133.1862 Mbps     0 retrans     39 KB-cwnd
[2024-11-07T13:00:55.206942-0500]     6.1875 MB /   0.50 sec =  103.8080 Mbps     0 retrans     46 KB-cwnd
[2024-11-07T13:00:55.708957-0500]     6.8125 MB /   0.50 sec =  113.9593 Mbps     0 retrans     50 KB-cwnd
[2024-11-07T13:00:56.207938-0500]     8.6250 MB /   0.50 sec =  144.9772 Mbps     0 retrans     53 KB-cwnd
[2024-11-07T13:00:56.708658-0500]     7.5000 MB /   0.50 sec =  125.5399 Mbps     0 retrans     53 KB-cwnd
[2024-11-07T13:00:57.208276-0500]     5.3125 MB /   0.50 sec =   89.2575 Mbps     0 retrans     55 KB-cwnd
[2024-11-07T13:00:57.708557-0500]     6.8125 MB /   0.50 sec =  114.2600 Mbps     0 retrans     56 KB-cwnd
[2024-11-07T13:00:58.207300-0500]     8.9375 MB /   0.50 sec =  150.1806 Mbps     0 retrans     56 KB-cwnd
[2024-11-07T13:00:58.706862-0500]    11.3125 MB /   0.50 sec =  189.9263 Mbps     0 retrans     56 KB-cwnd
[2024-11-07T13:00:59.206934-0500]    11.0000 MB /   0.50 sec =  184.5217 Mbps     0 retrans     59 KB-cwnd
[2024-11-07T13:00:59.706948-0500]     8.0625 MB /   0.50 sec =  135.2769 Mbps     0 retrans     59 KB-cwnd
[2024-11-07T13:01:00.207898-0500]     5.2500 MB /   0.50 sec =   88.0827 Mbps     0 retrans     60 KB-cwnd
[2024-11-07T13:01:00.708604-0500]     7.8750 MB /   0.50 sec =  131.8014 Mbps     0 retrans     60 KB-cwnd
[2024-11-07T13:01:01.206924-0500]     5.5000 MB /   0.50 sec =   92.4987 Mbps     0 retrans     62 KB-cwnd
[2024-11-07T13:01:01.706896-0500]     8.6250 MB /   0.50 sec =  144.7029 Mbps     0 retrans     66 KB-cwnd
[2024-11-07T13:01:02.206931-0500]     6.3750 MB /   0.50 sec =  106.9569 Mbps     0 retrans     66 KB-cwnd
[2024-11-07T13:01:02.706886-0500]     4.7500 MB /   0.50 sec =   79.6921 Mbps     0 retrans     66 KB-cwnd
[2024-11-07T13:01:03.207037-0500]     3.3750 MB /   0.50 sec =   56.6147 Mbps     0 retrans     66 KB-cwnd
[2024-11-07T13:01:03.707639-0500]     8.5625 MB /   0.50 sec =  143.5771 Mbps     0 retrans     67 KB-cwnd
[2024-11-07T13:01:04.206948-0500]     8.2500 MB /   0.50 sec =  138.5095 Mbps     0 retrans     70 KB-cwnd
[2024-11-07T13:01:04.707026-0500]     8.1875 MB /   0.50 sec =  137.3376 Mbps     0 retrans     73 KB-cwnd
[2024-11-07T13:01:05.207037-0500]     7.5625 MB /   0.50 sec =  126.8807 Mbps     0 retrans     73 KB-cwnd
[2024-11-07T13:01:05.707933-0500]     7.6875 MB /   0.50 sec =  128.8666 Mbps     0 retrans     76 KB-cwnd
[2024-11-07T13:01:06.207074-0500]    10.0000 MB /   0.50 sec =  167.9122 Mbps     0 retrans     83 KB-cwnd
[2024-11-07T13:01:06.707123-0500]     7.0625 MB /   0.50 sec =  118.4659 Mbps     0 retrans     84 KB-cwnd
[2024-11-07T13:01:07.207143-0500]     8.6250 MB /   0.50 sec =  144.7018 Mbps     0 retrans     84 KB-cwnd
[2024-11-07T13:01:07.706879-0500]     6.6250 MB /   0.50 sec =  111.1931 Mbps  1522 retrans   3390 KB-cwnd
[2024-11-07T13:01:08.206963-0500]     4.2500 MB /   0.50 sec =   71.2976 Mbps     0 retrans   3390 KB-cwnd
[2024-11-07T13:01:08.707425-0500]     8.1875 MB /   0.50 sec =  137.2350 Mbps     0 retrans   3351 KB-cwnd
[2024-11-07T13:01:09.206939-0500]     5.0000 MB /   0.50 sec =   83.9689 Mbps     0 retrans   3351 KB-cwnd
[2024-11-07T13:01:09.706967-0500]     7.0625 MB /   0.50 sec =  118.4853 Mbps     0 retrans   3351 KB-cwnd
[2024-11-07T13:01:10.207092-0500]     5.8125 MB /   0.50 sec =   97.4996 Mbps     0 retrans   3351 KB-cwnd
[2024-11-07T13:01:10.706966-0500]     6.9375 MB /   0.50 sec =  116.4073 Mbps     0 retrans   3351 KB-cwnd
[2024-11-07T13:01:11.206964-0500]     5.3750 MB /   0.50 sec =   90.1810 Mbps     0 retrans   3351 KB-cwnd
[2024-11-07T13:01:11.707003-0500]     4.0625 MB /   0.50 sec =   68.1512 Mbps     0 retrans   3351 KB-cwnd
[2024-11-07T13:01:12.207071-0500]     0.0000 MB /   0.50 sec =    0.0000 Mbps     0 retrans   3351 KB-cwnd
[2024-11-07T13:01:12.707557-0500]     0.0000 MB /   0.50 sec =    0.0000 Mbps     0 retrans   3351 KB-cwnd
[2024-11-07T13:01:13.206973-0500]     1.0000 MB /   0.50 sec =   16.7948 Mbps     0 retrans   3351 KB-cwnd
[2024-11-07T13:01:13.707205-0500]     5.7500 MB /   0.50 sec =   96.4761 Mbps     0 retrans   3351 KB-cwnd
[2024-11-07T13:01:14.206880-0500]     6.5625 MB /   0.50 sec =  110.1049 Mbps     0 retrans   3351 KB-cwnd
[2024-11-07T13:01:14.706790-0500]     7.0625 MB /   0.50 sec =  118.4900 Mbps     0 retrans   3351 KB-cwnd
[2024-11-07T13:01:15.206994-0500]     7.6250 MB /   0.50 sec =  127.9109 Mbps     0 retrans   3351 KB-cwnd
[2024-11-07T13:01:15.706930-0500]     6.5625 MB /   0.50 sec =  110.1055 Mbps     0 retrans   3351 KB-cwnd
[2024-11-07T13:01:16.207350-0500]     5.8125 MB /   0.50 sec =   97.5191 Mbps     0 retrans   3351 KB-cwnd
[2024-11-07T13:01:16.707047-0500]     8.8125 MB /   0.50 sec =  147.8528 Mbps     0 retrans   3351 KB-cwnd
[2024-11-07T13:01:17.207013-0500]     8.7500 MB /   0.50 sec =  146.7569 Mbps     0 retrans   3371 KB-cwnd
[2024-11-07T13:01:17.707025-0500]     9.0625 MB /   0.50 sec =  152.0569 Mbps     0 retrans   3371 KB-cwnd
[2024-11-07T13:01:18.206903-0500]     8.5625 MB /   0.50 sec =  143.6831 Mbps     0 retrans   3371 KB-cwnd
[2024-11-07T13:01:18.706974-0500]     9.5000 MB /   0.50 sec =  159.3772 Mbps     0 retrans   3371 KB-cwnd
[2024-11-07T13:01:19.207555-0500]     3.2500 MB /   0.50 sec =   54.4917 Mbps     0 retrans   3371 KB-cwnd
[2024-11-07T13:01:19.706960-0500]     8.0625 MB /   0.50 sec =  135.3537 Mbps  2608 retrans   3167 KB-cwnd
[2024-11-07T13:01:20.206876-0500]     9.1875 MB /   0.50 sec =  154.1456 Mbps     0 retrans   3167 KB-cwnd
[2024-11-07T13:01:20.706899-0500]     7.3750 MB /   0.50 sec =  123.7297 Mbps     0 retrans   3167 KB-cwnd
[2024-11-07T13:01:21.206935-0500]    10.1875 MB /   0.50 sec =  170.9182 Mbps     0 retrans   3167 KB-cwnd
[2024-11-07T13:01:21.707457-0500]     8.0625 MB /   0.50 sec =  135.1269 Mbps     0 retrans   3167 KB-cwnd
[2024-11-07T13:01:22.206881-0500]     7.3750 MB /   0.50 sec =  123.8630 Mbps     0 retrans   3167 KB-cwnd
[2024-11-07T13:01:22.708207-0500]     5.7500 MB /   0.50 sec =   96.2884 Mbps     0 retrans   3167 KB-cwnd
[2024-11-07T13:01:23.207706-0500]     8.5000 MB /   0.50 sec =  142.7499 Mbps     0 retrans   3167 KB-cwnd
[2024-11-07T13:01:23.707401-0500]     4.3750 MB /   0.50 sec =   73.3962 Mbps     0 retrans   3167 KB-cwnd
[2024-11-07T13:01:24.206982-0500]     7.0625 MB /   0.50 sec =  118.5875 Mbps  3235 retrans   2350 KB-cwnd
[2024-11-07T13:01:24.707230-0500]     6.0625 MB /   0.50 sec =  101.6728 Mbps     0 retrans   2350 KB-cwnd
[2024-11-07T13:01:25.207299-0500]     7.9375 MB /   0.50 sec =  133.2051 Mbps     0 retrans   2457 KB-cwnd
[2024-11-07T13:01:25.707013-0500]     9.3125 MB /   0.50 sec =  156.2456 Mbps     0 retrans   2457 KB-cwnd
[2024-11-07T13:01:26.206904-0500]     7.6250 MB /   0.50 sec =  127.9444 Mbps     0 retrans   2457 KB-cwnd
[2024-11-07T13:01:26.706961-0500]    10.1875 MB /   0.50 sec =  170.9066 Mbps     0 retrans   2457 KB-cwnd
[2024-11-07T13:01:27.207237-0500]     4.0625 MB /   0.50 sec =   68.1264 Mbps     0 retrans   2457 KB-cwnd
[2024-11-07T13:01:27.708360-0500]     2.5000 MB /   0.50 sec =   41.8541 Mbps     0 retrans   2457 KB-cwnd
[2024-11-07T13:01:28.206928-0500]     3.0625 MB /   0.50 sec =   51.5148 Mbps     0 retrans   2457 KB-cwnd
[2024-11-07T13:01:28.707507-0500]     1.7500 MB /   0.50 sec =   29.3547 Mbps     0 retrans   2457 KB-cwnd
[2024-11-07T13:01:29.208498-0500]     3.4375 MB /   0.50 sec =   57.5087 Mbps     0 retrans   2457 KB-cwnd
[2024-11-07T13:01:29.707490-0500]     3.5000 MB /   0.50 sec =   58.8982 Mbps     0 retrans   2457 KB-cwnd
[2024-11-07T13:01:30.206940-0500]     2.9375 MB /   0.50 sec =   49.2816 Mbps     0 retrans   2457 KB-cwnd
[2024-11-07T13:01:30.708004-0500]     3.1875 MB /   0.50 sec =   53.3684 Mbps     0 retrans   2457 KB-cwnd
[2024-11-07T13:01:31.206951-0500]     3.8750 MB /   0.50 sec =   65.1459 Mbps     0 retrans   2457 KB-cwnd
[2024-11-07T13:01:31.706913-0500]     2.8125 MB /   0.50 sec =   47.1870 Mbps  1301 retrans   2788 KB-cwnd
[2024-11-07T13:01:32.207945-0500]     2.9375 MB /   0.50 sec =   49.2200 Mbps     0 retrans   2788 KB-cwnd
[2024-11-07T13:01:32.707502-0500]     2.5000 MB /   0.50 sec =   41.9513 Mbps     0 retrans   2788 KB-cwnd
[2024-11-07T13:01:33.206940-0500]     3.3750 MB /   0.50 sec =   56.6821 Mbps     0 retrans   2788 KB-cwnd
[2024-11-07T13:01:33.706998-0500]     2.3750 MB /   0.50 sec =   39.8460 Mbps     0 retrans   2788 KB-cwnd
[2024-11-07T13:01:34.206944-0500]     1.9375 MB /   0.50 sec =   32.5067 Mbps     0 retrans   2788 KB-cwnd
[2024-11-07T13:01:34.706878-0500]     2.1250 MB /   0.50 sec =   35.6531 Mbps     0 retrans   2788 KB-cwnd
[2024-11-07T13:01:35.206923-0500]     2.5625 MB /   0.50 sec =   42.9925 Mbps     0 retrans   2805 KB-cwnd
[2024-11-07T13:01:35.707304-0500]     3.0000 MB /   0.50 sec =   50.2933 Mbps     0 retrans   2805 KB-cwnd
[2024-11-07T13:01:36.207546-0500]     2.4375 MB /   0.50 sec =   40.9197 Mbps     0 retrans   2805 KB-cwnd
[2024-11-07T13:01:36.707455-0500]     2.6250 MB /   0.50 sec =   44.0010 Mbps     0 retrans   2805 KB-cwnd
[2024-11-07T13:01:37.206962-0500]     2.6875 MB /   0.50 sec =   45.1331 Mbps     0 retrans   2805 KB-cwnd
[2024-11-07T13:01:37.706992-0500]     2.6250 MB /   0.50 sec =   44.0371 Mbps     0 retrans   2805 KB-cwnd
[2024-11-07T13:01:38.207956-0500]     2.6250 MB /   0.50 sec =   44.0036 Mbps     0 retrans   2805 KB-cwnd
[2024-11-07T13:01:38.706882-0500]     2.1250 MB /   0.50 sec =   35.6856 Mbps     0 retrans   2805 KB-cwnd
[2024-11-07T13:01:39.207412-0500]     2.8125 MB /   0.50 sec =   47.1411 Mbps     0 retrans   2805 KB-cwnd
[2024-11-07T13:01:39.706958-0500]     1.1250 MB /   0.50 sec =   18.8908 Mbps     0 retrans   2805 KB-cwnd
[2024-11-07T13:01:40.206958-0500]     2.2500 MB /   0.50 sec =   37.7492 Mbps     0 retrans   2805 KB-cwnd
[2024-11-07T13:01:40.708143-0500]     2.4375 MB /   0.50 sec =   40.8005 Mbps     0 retrans   2805 KB-cwnd
[2024-11-07T13:01:41.206989-0500]     2.4375 MB /   0.50 sec =   40.9856 Mbps     0 retrans   2805 KB-cwnd
[2024-11-07T13:01:41.707048-0500]     2.2500 MB /   0.50 sec =   37.7472 Mbps     0 retrans   2805 KB-cwnd
[2024-11-07T13:01:42.207185-0500]     1.1875 MB /   0.50 sec =   19.9168 Mbps     0 retrans   2805 KB-cwnd
[2024-11-07T13:01:42.708355-0500]     1.0625 MB /   0.50 sec =   17.7863 Mbps     0 retrans   2805 KB-cwnd
[2024-11-07T13:01:43.207829-0500]     0.8750 MB /   0.50 sec =   14.7180 Mbps     0 retrans   2805 KB-cwnd
[2024-11-07T13:01:43.707340-0500]     1.5000 MB /   0.50 sec =   25.1670 Mbps     0 retrans   2805 KB-cwnd
[2024-11-07T13:01:44.207032-0500]     1.8125 MB /   0.50 sec =   30.4053 Mbps     0 retrans   2805 KB-cwnd
[2024-11-07T13:01:44.707800-0500]     1.8750 MB /   0.50 sec =   31.4344 Mbps     0 retrans   2805 KB-cwnd
[2024-11-07T13:01:45.206978-0500]     2.4375 MB /   0.50 sec =   40.9274 Mbps     0 retrans   2805 KB-cwnd
[2024-11-07T13:01:45.707345-0500]     2.6250 MB /   0.50 sec =   44.0083 Mbps     0 retrans   2805 KB-cwnd
[2024-11-07T13:01:46.207719-0500]     2.5625 MB /   0.50 sec =   43.0238 Mbps     0 retrans   2805 KB-cwnd
[2024-11-07T13:01:46.708607-0500]     0.0000 MB /   0.50 sec =    0.0000 Mbps     0 retrans   2805 KB-cwnd
[2024-11-07T13:01:47.208757-0500]     0.0000 MB /   0.50 sec =    0.0000 Mbps     0 retrans   2805 KB-cwnd
[2024-11-07T13:01:47.706946-0500]     0.3750 MB /   0.50 sec =    6.3071 Mbps     0 retrans   2805 KB-cwnd
[2024-11-07T13:01:48.207912-0500]     2.3750 MB /   0.50 sec =   39.8105 Mbps     0 retrans   2805 KB-cwnd
[2024-11-07T13:01:48.707020-0500]     3.4375 MB /   0.50 sec =   57.7146 Mbps    90 retrans   2941 KB-cwnd
[2024-11-07T13:01:49.207460-0500]     3.3125 MB /   0.50 sec =   55.5271 Mbps     0 retrans   2941 KB-cwnd
[2024-11-07T13:01:49.706947-0500]     4.0000 MB /   0.50 sec =   67.1756 Mbps     0 retrans   2941 KB-cwnd
[2024-11-07T13:01:50.206937-0500]     4.6250 MB /   0.50 sec =   77.5973 Mbps     0 retrans   2941 KB-cwnd
[2024-11-07T13:01:50.706934-0500]     5.6875 MB /   0.50 sec =   95.4176 Mbps     0 retrans   2941 KB-cwnd
[2024-11-07T13:01:51.207269-0500]     6.6250 MB /   0.50 sec =  111.1519 Mbps     0 retrans   2941 KB-cwnd
[2024-11-07T13:01:51.707026-0500]     8.1250 MB /   0.50 sec =  136.2966 Mbps     0 retrans   2941 KB-cwnd
[2024-11-07T13:01:52.206993-0500]    10.0625 MB /   0.50 sec =  168.8349 Mbps     0 retrans   2941 KB-cwnd
[2024-11-07T13:01:52.707528-0500]    11.3125 MB /   0.50 sec =  189.6883 Mbps     0 retrans   2941 KB-cwnd
[2024-11-07T13:01:53.207988-0500]    10.7500 MB /   0.50 sec =  180.2938 Mbps     0 retrans   2941 KB-cwnd
[2024-11-07T13:01:53.706959-0500]    11.8125 MB /   0.50 sec =  198.3522 Mbps  2207 retrans   1255 KB-cwnd
[2024-11-07T13:01:54.206932-0500]    10.1250 MB /   0.50 sec =  169.8809 Mbps     0 retrans   1255 KB-cwnd
[2024-11-07T13:01:54.707412-0500]    12.1250 MB /   0.50 sec =  203.4144 Mbps     0 retrans   1255 KB-cwnd
[2024-11-07T13:01:55.207581-0500]    12.2500 MB /   0.50 sec =  205.5324 Mbps     0 retrans   1241 KB-cwnd
[2024-11-07T13:01:55.706960-0500]     5.8750 MB /   0.50 sec =   98.5648 Mbps     0 retrans   1241 KB-cwnd
[2024-11-07T13:01:56.207035-0500]     7.1875 MB /   0.50 sec =  120.5694 Mbps     0 retrans   1241 KB-cwnd
[2024-11-07T13:01:56.707169-0500]     7.3125 MB /   0.50 sec =  122.6618 Mbps     0 retrans   1241 KB-cwnd
[2024-11-07T13:01:57.207091-0500]     6.0625 MB /   0.50 sec =  101.7304 Mbps     0 retrans   1241 KB-cwnd
[2024-11-07T13:01:57.708692-0500]     8.9375 MB /   0.50 sec =  149.5703 Mbps  1804 retrans    797 KB-cwnd
[2024-11-07T13:01:58.207245-0500]     5.0000 MB /   0.50 sec =   84.1122 Mbps     0 retrans    797 KB-cwnd
[2024-11-07T13:01:58.706922-0500]     9.9375 MB /   0.50 sec =  166.7172 Mbps     0 retrans    797 KB-cwnd
[2024-11-07T13:01:59.206896-0500]    11.6875 MB /   0.50 sec =  196.0931 Mbps     0 retrans    786 KB-cwnd
[2024-11-07T13:01:59.707383-0500]    12.1250 MB /   0.50 sec =  203.2286 Mbps     0 retrans    786 KB-cwnd
[2024-11-07T13:02:00.206903-0500]    10.3750 MB /   0.50 sec =  174.2222 Mbps     0 retrans    786 KB-cwnd
[2024-11-07T13:02:00.708156-0500]     6.5625 MB /   0.50 sec =  109.8421 Mbps     0 retrans    789 KB-cwnd
[2024-11-07T13:02:01.207128-0500]     6.0625 MB /   0.50 sec =  101.9308 Mbps     0 retrans    797 KB-cwnd
[2024-11-07T13:02:01.708793-0500]     4.6875 MB /   0.50 sec =   78.3869 Mbps     1 retrans   3286 KB-cwnd
[2024-11-07T13:02:02.206863-0500]     7.1875 MB /   0.50 sec =  121.0144 Mbps     0 retrans   3286 KB-cwnd
[2024-11-07T13:02:02.706930-0500]    10.5000 MB /   0.50 sec =  176.1456 Mbps     0 retrans   3286 KB-cwnd
[2024-11-07T13:02:03.206895-0500]    11.3125 MB /   0.50 sec =  189.8082 Mbps     0 retrans   3286 KB-cwnd
[2024-11-07T13:02:03.707377-0500]    11.5000 MB /   0.50 sec =  192.7722 Mbps     0 retrans   3286 KB-cwnd
[2024-11-07T13:02:04.206926-0500]    11.0000 MB /   0.50 sec =  184.7016 Mbps     0 retrans   3286 KB-cwnd
[2024-11-07T13:02:04.706952-0500]    11.0625 MB /   0.50 sec =  185.5887 Mbps     0 retrans   3286 KB-cwnd
[2024-11-07T13:02:05.207361-0500]    12.3750 MB /   0.50 sec =  207.6102 Mbps   260 retrans   3272 KB-cwnd
[2024-11-07T13:02:05.707149-0500]    12.1875 MB /   0.50 sec =  204.4143 Mbps     0 retrans   3272 KB-cwnd
[2024-11-07T13:02:06.207269-0500]    11.5625 MB /   0.50 sec =  193.9280 Mbps     0 retrans   3272 KB-cwnd
[2024-11-07T13:02:06.706924-0500]     7.6875 MB /   0.50 sec =  129.0600 Mbps     0 retrans   3272 KB-cwnd
[2024-11-07T13:02:07.209177-0500]    11.3750 MB /   0.50 sec =  190.1453 Mbps     0 retrans   3272 KB-cwnd
[2024-11-07T13:02:07.706992-0500]    10.5625 MB /   0.50 sec =  177.8432 Mbps     0 retrans   3272 KB-cwnd
[2024-11-07T13:02:08.207309-0500]    13.1250 MB /   0.50 sec =  220.0566 Mbps  3133 retrans   3077 KB-cwnd
[2024-11-07T13:02:08.706881-0500]     6.2500 MB /   0.50 sec =  104.9365 Mbps     0 retrans   3077 KB-cwnd
[2024-11-07T13:02:09.206830-0500]     6.0000 MB /   0.50 sec =  100.6689 Mbps     0 retrans   3077 KB-cwnd
[2024-11-07T13:02:09.706955-0500]     9.7500 MB /   0.50 sec =  163.5553 Mbps     0 retrans   3077 KB-cwnd
[2024-11-07T13:02:10.207015-0500]     9.6250 MB /   0.50 sec =  161.4607 Mbps     0 retrans   3077 KB-cwnd
[2024-11-07T13:02:10.707928-0500]     9.0625 MB /   0.50 sec =  151.8616 Mbps     0 retrans   3093 KB-cwnd
[2024-11-07T13:02:11.206849-0500]     6.8125 MB /   0.50 sec =  114.4608 Mbps     0 retrans   3093 KB-cwnd
[2024-11-07T13:02:11.706856-0500]    10.0625 MB /   0.50 sec =  168.8170 Mbps     0 retrans   3093 KB-cwnd
[2024-11-07T13:02:12.207497-0500]     4.5625 MB /   0.50 sec =   76.4658 Mbps     0 retrans   3093 KB-cwnd
[2024-11-07T13:02:12.706913-0500]     5.3750 MB /   0.50 sec =   90.2689 Mbps     0 retrans   3093 KB-cwnd
[2024-11-07T13:02:13.206946-0500]     5.8125 MB /   0.50 sec =   97.5203 Mbps  1474 retrans   3851 KB-cwnd
[2024-11-07T13:02:13.708531-0500]     5.0625 MB /   0.50 sec =   84.6752 Mbps     0 retrans   3851 KB-cwnd
[2024-11-07T13:02:14.206831-0500]     2.9375 MB /   0.50 sec =   49.4375 Mbps     0 retrans   3851 KB-cwnd
[2024-11-07T13:02:14.706954-0500]     5.0000 MB /   0.50 sec =   83.8748 Mbps     0 retrans   3851 KB-cwnd
[2024-11-07T13:02:15.206899-0500]     5.5000 MB /   0.50 sec =   92.2841 Mbps     0 retrans   3851 KB-cwnd
[2024-11-07T13:02:15.707411-0500]     5.8750 MB /   0.50 sec =   98.4704 Mbps     0 retrans   3851 KB-cwnd
[2024-11-07T13:02:16.207135-0500]     8.0000 MB /   0.50 sec =  134.3397 Mbps     0 retrans   3851 KB-cwnd
[2024-11-07T13:02:16.707044-0500]     7.8125 MB /   0.50 sec =  131.0500 Mbps     0 retrans   3851 KB-cwnd
[2024-11-07T13:02:17.207593-0500]    10.0000 MB /   0.50 sec =  167.8034 Mbps     0 retrans   3851 KB-cwnd
[2024-11-07T13:02:17.707053-0500]     5.3750 MB /   0.50 sec =   90.1597 Mbps     0 retrans   3851 KB-cwnd
[2024-11-07T13:02:18.206947-0500]     5.8125 MB /   0.50 sec =   97.5318 Mbps     0 retrans   3851 KB-cwnd
[2024-11-07T13:02:18.706957-0500]     6.1875 MB /   0.50 sec =  103.8119 Mbps   552 retrans   3696 KB-cwnd
[2024-11-07T13:02:19.206846-0500]     7.0625 MB /   0.50 sec =  118.4948 Mbps     0 retrans   3696 KB-cwnd
[2024-11-07T13:02:19.707035-0500]     6.0625 MB /   0.50 sec =  101.6940 Mbps     0 retrans   3696 KB-cwnd
[2024-11-07T13:02:20.207385-0500]     6.6875 MB /   0.50 sec =  112.2131 Mbps     0 retrans   3696 KB-cwnd
[2024-11-07T13:02:20.706956-0500]     8.0000 MB /   0.50 sec =  134.2142 Mbps     0 retrans   3696 KB-cwnd
[2024-11-07T13:02:21.207036-0500]     7.1875 MB /   0.50 sec =  120.5884 Mbps     0 retrans   3696 KB-cwnd
[2024-11-07T13:02:21.706931-0500]     5.8750 MB /   0.50 sec =   98.5659 Mbps     0 retrans   3696 KB-cwnd
[2024-11-07T13:02:22.206917-0500]     6.0625 MB /   0.50 sec =  101.7147 Mbps     0 retrans   3696 KB-cwnd
[2024-11-07T13:02:22.706863-0500]     6.2500 MB /   0.50 sec =  104.8637 Mbps     0 retrans   3696 KB-cwnd
[2024-11-07T13:02:23.206916-0500]     6.4375 MB /   0.50 sec =  107.9997 Mbps     0 retrans   3696 KB-cwnd
[2024-11-07T13:02:23.707303-0500]     6.8750 MB /   0.50 sec =  115.3295 Mbps     0 retrans   3696 KB-cwnd
[2024-11-07T13:02:24.206963-0500]     7.5000 MB /   0.50 sec =  125.8281 Mbps  1674 retrans   2672 KB-cwnd
[2024-11-07T13:02:24.706934-0500]     7.1875 MB /   0.50 sec =  120.5971 Mbps     0 retrans   2672 KB-cwnd
[2024-11-07T13:02:25.207449-0500]     8.8750 MB /   0.50 sec =  148.7630 Mbps     0 retrans   2672 KB-cwnd
[2024-11-07T13:02:25.706961-0500]     6.3125 MB /   0.50 sec =  106.0003 Mbps     0 retrans   2672 KB-cwnd
[2024-11-07T13:02:26.206943-0500]     8.0625 MB /   0.50 sec =  135.2696 Mbps     0 retrans   2672 KB-cwnd
[2024-11-07T13:02:26.706914-0500]     7.8750 MB /   0.50 sec =  132.1203 Mbps     0 retrans   2672 KB-cwnd
End time: 1731002546989
