Start time: 1730932150487
[2024-11-06T17:29:12.234146-0500] nuttcp-t: v8.1.4: socket
[2024-11-06T17:29:12.235560-0500] nuttcp-t: buflen=65536, nstream=1, port=5102 tcp -> 54.197.223.49
[2024-11-06T17:29:12.235715-0500] nuttcp-t: time limit = 120.00 seconds
[2024-11-06T17:29:12.235832-0500] nuttcp-t: connect to 54.197.223.49 with mss=1358, RTT=95.173 ms af=inet
[2024-11-06T17:29:12.235946-0500] nuttcp-t: send window size = 2097152, receive window size = 6291456
[2024-11-06T17:29:12.236054-0500] nuttcp-t: available send window = 1572864, available receive window = 4718592
[2024-11-06T17:29:12.236160-0500] nuttcp-t: initial congestion window = 13 KB (10 packets)
[2024-11-06T17:29:12.236265-0500] nuttcp-r: v8.1.4: socket
[2024-11-06T17:29:12.236385-0500] nuttcp-r: buflen=65536, nstream=1, port=5102 tcp
[2024-11-06T17:29:12.236491-0500] nuttcp-r: interval reporting every 0.50 seconds
[2024-11-06T17:29:12.236597-0500] nuttcp-r: accept from 166.196.113.2 with af=inet
[2024-11-06T17:29:12.236699-0500] nuttcp-r: send window size = 450000000, receive window size = 450000000
[2024-11-06T17:29:12.236804-0500] nuttcp-r: available send window = 225000000, available receive window = 225000000
[2024-11-06T17:29:12.236906-0500]     0.0000 MB /   0.50 sec =    0.0000 Mbps     0 retrans    408 KB-cwnd
[2024-11-06T17:29:12.237009-0500]     0.2500 MB /   0.50 sec =    4.1942 Mbps     0 retrans    408 KB-cwnd
[2024-11-06T17:29:12.709473-0500]     0.4375 MB /   0.50 sec =    7.3400 Mbps     0 retrans    818 KB-cwnd
[2024-11-06T17:29:15.067783-0500]     0.5000 MB /   0.50 sec =    8.3888 Mbps     0 retrans   1392 KB-cwnd
[2024-11-06T17:29:15.068095-0500]     0.2500 MB /   0.50 sec =    4.1943 Mbps     0 retrans   1392 KB-cwnd
[2024-11-06T17:29:15.068227-0500]     0.4375 MB /   0.50 sec =    7.3399 Mbps     0 retrans   1392 KB-cwnd
[2024-11-06T17:29:15.068326-0500]     0.5000 MB /   0.50 sec =    8.3889 Mbps     0 retrans   1392 KB-cwnd
[2024-11-06T17:29:20.046784-0500]     0.6875 MB /   0.50 sec =   11.5339 Mbps    15 retrans    620 KB-cwnd
[2024-11-06T17:29:20.047119-0500]     0.3750 MB /   0.50 sec =    6.2916 Mbps     0 retrans    620 KB-cwnd
[2024-11-06T17:29:20.047233-0500]     0.3750 MB /   0.50 sec =    6.2901 Mbps     0 retrans    620 KB-cwnd
[2024-11-06T17:29:20.047338-0500]     0.5000 MB /   0.50 sec =    8.3905 Mbps     0 retrans    620 KB-cwnd
[2024-11-06T17:29:20.047430-0500]     0.1875 MB /   0.50 sec =    3.1457 Mbps     0 retrans    620 KB-cwnd
[2024-11-06T17:29:20.047517-0500]     0.0000 MB /   0.50 sec =    0.0000 Mbps     0 retrans    620 KB-cwnd
[2024-11-06T17:29:20.047611-0500]     0.0000 MB /   0.50 sec =    0.0000 Mbps     0 retrans    620 KB-cwnd
[2024-11-06T17:29:20.047714-0500]     0.0000 MB /   0.50 sec =    0.0000 Mbps     0 retrans    620 KB-cwnd
[2024-11-06T17:29:20.047819-0500]     0.5625 MB /   0.50 sec =    9.4371 Mbps     0 retrans    620 KB-cwnd
[2024-11-06T17:29:20.047920-0500]     0.2500 MB /   0.50 sec =    4.1941 Mbps     0 retrans    620 KB-cwnd
[2024-11-06T17:29:22.207872-0500]     0.4375 MB /   0.50 sec =    7.3404 Mbps     0 retrans   1139 KB-cwnd
[2024-11-06T17:29:22.208310-0500]     0.6875 MB /   0.50 sec =   11.5340 Mbps     0 retrans   1139 KB-cwnd
[2024-11-06T17:29:22.208447-0500]     0.5000 MB /   0.50 sec =    8.3887 Mbps     0 retrans   1139 KB-cwnd
[2024-11-06T17:29:22.208572-0500]     0.5000 MB /   0.50 sec =    8.3885 Mbps     0 retrans   1139 KB-cwnd
[2024-11-06T17:29:22.208685-0500]     0.6875 MB /   0.50 sec =   11.5342 Mbps     0 retrans   1139 KB-cwnd
[2024-11-06T17:29:25.574006-0500]     0.5000 MB /   0.50 sec =    8.3889 Mbps     0 retrans   1139 KB-cwnd
[2024-11-06T17:29:25.574633-0500]     0.5625 MB /   0.50 sec =    9.4369 Mbps     0 retrans   1139 KB-cwnd
[2024-11-06T17:29:25.574774-0500]     0.3750 MB /   0.50 sec =    6.2907 Mbps     0 retrans   1139 KB-cwnd
[2024-11-06T17:29:25.574885-0500]     0.3750 MB /   0.50 sec =    6.2922 Mbps     0 retrans   1139 KB-cwnd
[2024-11-06T17:29:25.574990-0500]     0.3750 MB /   0.50 sec =    6.2878 Mbps     0 retrans   1139 KB-cwnd
[2024-11-06T17:29:25.575094-0500]     0.3125 MB /   0.50 sec =    5.2460 Mbps     0 retrans   1139 KB-cwnd
[2024-11-06T17:29:30.639526-0500]     0.2500 MB /   0.50 sec =    4.1942 Mbps     3 retrans    824 KB-cwnd
[2024-11-06T17:29:30.639887-0500]     0.4375 MB /   0.50 sec =    7.3401 Mbps     0 retrans    824 KB-cwnd
[2024-11-06T17:29:30.640034-0500]     0.3125 MB /   0.50 sec =    5.2429 Mbps     0 retrans    824 KB-cwnd
[2024-11-06T17:29:30.640152-0500]     0.3125 MB /   0.50 sec =    5.2429 Mbps     0 retrans    824 KB-cwnd
[2024-11-06T17:29:30.640260-0500]     0.2500 MB /   0.50 sec =    4.1942 Mbps     0 retrans    824 KB-cwnd
[2024-11-06T17:29:30.640366-0500]     0.2500 MB /   0.50 sec =    4.1942 Mbps     0 retrans    824 KB-cwnd
[2024-11-06T17:29:30.640467-0500]     0.2500 MB /   0.50 sec =    4.1944 Mbps     0 retrans    824 KB-cwnd
[2024-11-06T17:29:30.640567-0500]     0.2500 MB /   0.50 sec =    4.1943 Mbps     0 retrans    824 KB-cwnd
[2024-11-06T17:29:30.640667-0500]     0.1875 MB /   0.50 sec =    3.1458 Mbps     0 retrans    824 KB-cwnd
[2024-11-06T17:29:30.640770-0500]     0.2500 MB /   0.50 sec =    4.1927 Mbps     0 retrans    824 KB-cwnd
[2024-11-06T17:29:30.640867-0500]     0.0625 MB /   0.50 sec =    1.0490 Mbps     0 retrans    824 KB-cwnd
[2024-11-06T17:29:31.504092-0500]     2.0000 MB /   0.50 sec =   33.5452 Mbps     0 retrans    916 KB-cwnd
[2024-11-06T17:29:33.127626-0500]     1.1250 MB /   0.50 sec =   18.8794 Mbps    11 retrans    755 KB-cwnd
[2024-11-06T17:29:33.127804-0500]     0.2500 MB /   0.50 sec =    4.1943 Mbps     0 retrans    755 KB-cwnd
[2024-11-06T17:29:33.127850-0500]     1.6250 MB /   0.50 sec =   27.2637 Mbps     0 retrans    755 KB-cwnd
[2024-11-06T17:29:34.771161-0500]     0.6250 MB /   0.50 sec =   10.4856 Mbps     8 retrans    656 KB-cwnd
[2024-11-06T17:29:34.771657-0500]     0.1875 MB /   0.50 sec =    3.1456 Mbps     0 retrans    656 KB-cwnd
[2024-11-06T17:29:34.771802-0500]     1.3750 MB /   0.50 sec =   23.0699 Mbps     0 retrans    656 KB-cwnd
[2024-11-06T17:29:34.771921-0500]     0.7500 MB /   0.50 sec =   12.5827 Mbps     0 retrans    656 KB-cwnd
[2024-11-06T17:29:36.863866-0500]     0.8125 MB /   0.50 sec =   13.6297 Mbps     0 retrans    669 KB-cwnd
[2024-11-06T17:29:36.864385-0500]     0.7500 MB /   0.50 sec =   12.5843 Mbps     0 retrans    669 KB-cwnd
[2024-11-06T17:29:36.864535-0500]     0.6250 MB /   0.50 sec =   10.4860 Mbps     0 retrans    669 KB-cwnd
[2024-11-06T17:29:36.864650-0500]     0.6250 MB /   0.50 sec =   10.4859 Mbps     0 retrans    669 KB-cwnd
[2024-11-06T17:29:39.005983-0500]     0.6875 MB /   0.50 sec =   11.5343 Mbps     0 retrans    671 KB-cwnd
[2024-11-06T17:29:39.006454-0500]     0.5625 MB /   0.50 sec =    9.4372 Mbps     0 retrans    671 KB-cwnd
[2024-11-06T17:29:39.006589-0500]     0.6875 MB /   0.50 sec =   11.5338 Mbps     0 retrans    671 KB-cwnd
[2024-11-06T17:29:39.006717-0500]     0.4375 MB /   0.50 sec =    7.3398 Mbps     0 retrans    671 KB-cwnd
[2024-11-06T17:29:41.115638-0500]     0.4375 MB /   0.50 sec =    7.3218 Mbps     0 retrans    673 KB-cwnd
[2024-11-06T17:29:41.116164-0500]     0.6250 MB /   0.50 sec =   10.5127 Mbps     0 retrans    673 KB-cwnd
[2024-11-06T17:29:41.116322-0500]     0.8125 MB /   0.50 sec =   13.6313 Mbps     0 retrans    673 KB-cwnd
[2024-11-06T17:29:41.116440-0500]     0.7500 MB /   0.50 sec =   12.5831 Mbps     0 retrans    673 KB-cwnd
[2024-11-06T17:29:42.353418-0500]     0.7500 MB /   0.50 sec =   12.5827 Mbps     0 retrans    676 KB-cwnd
[2024-11-06T17:29:42.353870-0500]     0.8750 MB /   0.50 sec =   14.6801 Mbps     0 retrans    676 KB-cwnd
[2024-11-06T17:29:42.354012-0500]     0.9375 MB /   0.50 sec =   15.7290 Mbps     0 retrans    676 KB-cwnd
[2024-11-06T17:29:44.680670-0500]     0.6875 MB /   0.50 sec =   11.5342 Mbps     0 retrans    677 KB-cwnd
[2024-11-06T17:29:44.680909-0500]     0.5625 MB /   0.50 sec =    9.4371 Mbps     0 retrans    677 KB-cwnd
[2024-11-06T17:29:44.680958-0500]     0.7500 MB /   0.50 sec =   12.5828 Mbps     0 retrans    677 KB-cwnd
[2024-11-06T17:29:44.680995-0500]     0.6875 MB /   0.50 sec =   11.5344 Mbps     0 retrans    677 KB-cwnd
[2024-11-06T17:29:44.681057-0500]     0.3125 MB /   0.50 sec =    5.2429 Mbps     0 retrans    677 KB-cwnd
[2024-11-06T17:29:46.165655-0500]     0.8750 MB /   0.50 sec =   14.6803 Mbps     0 retrans    680 KB-cwnd
[2024-11-06T17:29:46.165914-0500]     0.7500 MB /   0.50 sec =   12.5827 Mbps     0 retrans    680 KB-cwnd
[2024-11-06T17:29:46.165972-0500]     0.8750 MB /   0.50 sec =   14.6800 Mbps     0 retrans    680 KB-cwnd
[2024-11-06T17:29:47.816203-0500]     0.8125 MB /   0.50 sec =   13.6314 Mbps     0 retrans    682 KB-cwnd
[2024-11-06T17:29:47.816672-0500]     0.7500 MB /   0.50 sec =   12.5831 Mbps     0 retrans    682 KB-cwnd
[2024-11-06T17:29:47.816827-0500]     0.8750 MB /   0.50 sec =   14.6801 Mbps     0 retrans    682 KB-cwnd
[2024-11-06T17:29:49.659234-0500]     0.8750 MB /   0.50 sec =   14.6801 Mbps     0 retrans    688 KB-cwnd
[2024-11-06T17:29:49.659778-0500]     0.7500 MB /   0.50 sec =   12.5828 Mbps     0 retrans    688 KB-cwnd
[2024-11-06T17:29:49.659933-0500]     0.7500 MB /   0.50 sec =   12.5830 Mbps     0 retrans    688 KB-cwnd
[2024-11-06T17:29:49.660054-0500]     0.6250 MB /   0.50 sec =   10.4859 Mbps     0 retrans    688 KB-cwnd
[2024-11-06T17:29:52.519421-0500]     0.5625 MB /   0.50 sec =    9.4370 Mbps     3 retrans    506 KB-cwnd
[2024-11-06T17:29:52.519874-0500]     0.6250 MB /   0.50 sec =   10.4857 Mbps     0 retrans    506 KB-cwnd
[2024-11-06T17:29:52.520019-0500]     0.5000 MB /   0.50 sec =    8.3887 Mbps     0 retrans    506 KB-cwnd
[2024-11-06T17:29:52.520135-0500]     0.1875 MB /   0.50 sec =    3.1455 Mbps     0 retrans    506 KB-cwnd
[2024-11-06T17:29:52.520243-0500]     0.8125 MB /   0.50 sec =   13.6325 Mbps     0 retrans    506 KB-cwnd
[2024-11-06T17:29:54.944983-0500]     0.3125 MB /   0.50 sec =    5.2429 Mbps    13 retrans    454 KB-cwnd
[2024-11-06T17:29:54.945468-0500]     0.2500 MB /   0.50 sec =    4.1944 Mbps     0 retrans    454 KB-cwnd
[2024-11-06T17:29:54.945631-0500]     1.0000 MB /   0.50 sec =   16.7767 Mbps     0 retrans    454 KB-cwnd
[2024-11-06T17:29:54.945750-0500]     0.6250 MB /   0.50 sec =   10.4861 Mbps     0 retrans    454 KB-cwnd
[2024-11-06T17:29:54.945857-0500]     0.4375 MB /   0.50 sec =    7.3400 Mbps     0 retrans    454 KB-cwnd
[2024-11-06T17:29:57.625311-0500]     0.3750 MB /   0.50 sec =    6.2912 Mbps     2 retrans    399 KB-cwnd
[2024-11-06T17:29:57.625918-0500]     0.5625 MB /   0.50 sec =    9.4372 Mbps     0 retrans    399 KB-cwnd
[2024-11-06T17:29:57.626172-0500]     0.4375 MB /   0.50 sec =    7.3403 Mbps     0 retrans    399 KB-cwnd
[2024-11-06T17:29:57.626300-0500]     0.5625 MB /   0.50 sec =    9.4372 Mbps     0 retrans    399 KB-cwnd
[2024-11-06T17:29:57.626412-0500]     0.5000 MB /   0.50 sec =    8.3882 Mbps     0 retrans    399 KB-cwnd
[2024-11-06T17:29:57.626521-0500]     0.5000 MB /   0.50 sec =    8.3889 Mbps     0 retrans    399 KB-cwnd
[2024-11-06T17:29:59.979090-0500]     0.5000 MB /   0.50 sec =    8.3888 Mbps     0 retrans    403 KB-cwnd
[2024-11-06T17:29:59.979315-0500]     0.5000 MB /   0.50 sec =    8.3883 Mbps     0 retrans    403 KB-cwnd
[2024-11-06T17:29:59.979359-0500]     0.5625 MB /   0.50 sec =    9.4371 Mbps     0 retrans    403 KB-cwnd
[2024-11-06T17:29:59.979395-0500]     0.6250 MB /   0.50 sec =   10.4845 Mbps     0 retrans    403 KB-cwnd
[2024-11-06T17:30:02.419475-0500]     0.5625 MB /   0.50 sec =    9.4382 Mbps     0 retrans    408 KB-cwnd
[2024-11-06T17:30:02.419823-0500]     0.6250 MB /   0.50 sec =   10.4858 Mbps     0 retrans    408 KB-cwnd
[2024-11-06T17:30:02.419967-0500]     0.5000 MB /   0.50 sec =    8.3834 Mbps     0 retrans    408 KB-cwnd
[2024-11-06T17:30:02.420078-0500]     0.5625 MB /   0.50 sec =    9.4432 Mbps     0 retrans    408 KB-cwnd
[2024-11-06T17:30:02.420183-0500]     0.5000 MB /   0.50 sec =    8.3885 Mbps     0 retrans    408 KB-cwnd
[2024-11-06T17:30:05.934800-0500]     0.5000 MB /   0.50 sec =    8.3887 Mbps     0 retrans    423 KB-cwnd
[2024-11-06T17:30:05.935243-0500]     0.5625 MB /   0.50 sec =    9.4367 Mbps     0 retrans    423 KB-cwnd
[2024-11-06T17:30:05.935403-0500]     0.3750 MB /   0.50 sec =    6.2916 Mbps     0 retrans    423 KB-cwnd
[2024-11-06T17:30:05.935506-0500]     0.4375 MB /   0.50 sec =    7.3401 Mbps     0 retrans    423 KB-cwnd
[2024-11-06T17:30:05.935597-0500]     0.3125 MB /   0.50 sec =    5.2426 Mbps     0 retrans    423 KB-cwnd
[2024-11-06T17:30:05.935689-0500]     0.3125 MB /   0.50 sec =    5.2432 Mbps     0 retrans    423 KB-cwnd
[2024-11-06T17:30:05.935782-0500]     0.3750 MB /   0.50 sec =    6.2913 Mbps     0 retrans    423 KB-cwnd
[2024-11-06T17:30:10.219408-0500]     0.3125 MB /   0.50 sec =    5.2425 Mbps     1 retrans    513 KB-cwnd
[2024-11-06T17:30:10.219945-0500]     0.2500 MB /   0.50 sec =    4.1945 Mbps     0 retrans    513 KB-cwnd
[2024-11-06T17:30:10.220104-0500]     0.4375 MB /   0.50 sec =    7.3403 Mbps     0 retrans    513 KB-cwnd
[2024-11-06T17:30:10.220221-0500]     0.3125 MB /   0.50 sec =    5.2428 Mbps     0 retrans    513 KB-cwnd
[2024-11-06T17:30:10.220330-0500]     0.0000 MB /   0.50 sec =    0.0000 Mbps     0 retrans    513 KB-cwnd
[2024-11-06T17:30:10.220438-0500]     0.6250 MB /   0.50 sec =   10.4856 Mbps     0 retrans    513 KB-cwnd
[2024-11-06T17:30:10.220544-0500]     0.1875 MB /   0.50 sec =    3.1457 Mbps     0 retrans    513 KB-cwnd
[2024-11-06T17:30:10.220647-0500]     0.2500 MB /   0.50 sec =    4.1944 Mbps     0 retrans    513 KB-cwnd
[2024-11-06T17:30:10.220748-0500]     0.3750 MB /   0.50 sec =    6.2912 Mbps     0 retrans    513 KB-cwnd
[2024-11-06T17:30:12.860281-0500]     0.3750 MB /   0.50 sec =    6.2918 Mbps     0 retrans    533 KB-cwnd
[2024-11-06T17:30:12.860801-0500]     0.4375 MB /   0.50 sec =    7.3364 Mbps     0 retrans    533 KB-cwnd
[2024-11-06T17:30:12.860944-0500]     0.5625 MB /   0.50 sec =    9.4418 Mbps     0 retrans    533 KB-cwnd
[2024-11-06T17:30:12.861062-0500]     0.5000 MB /   0.50 sec =    8.3885 Mbps     0 retrans    533 KB-cwnd
[2024-11-06T17:30:12.861170-0500]     0.5000 MB /   0.50 sec =    8.3888 Mbps     0 retrans    533 KB-cwnd
[2024-11-06T17:30:15.301344-0500]     0.5625 MB /   0.50 sec =    9.4371 Mbps     0 retrans    537 KB-cwnd
[2024-11-06T17:30:15.301554-0500]     0.5625 MB /   0.50 sec =    9.4371 Mbps     0 retrans    537 KB-cwnd
[2024-11-06T17:30:15.301604-0500]     0.5625 MB /   0.50 sec =    9.4372 Mbps     0 retrans    537 KB-cwnd
[2024-11-06T17:30:15.301652-0500]     0.5625 MB /   0.50 sec =    9.4373 Mbps     0 retrans    537 KB-cwnd
[2024-11-06T17:30:15.301691-0500]     0.4375 MB /   0.50 sec =    7.3400 Mbps     0 retrans    537 KB-cwnd
[2024-11-06T17:30:17.365871-0500]     0.5625 MB /   0.50 sec =    9.4370 Mbps     0 retrans    541 KB-cwnd
[2024-11-06T17:30:17.366396-0500]     0.6250 MB /   0.50 sec =   10.4857 Mbps     0 retrans    541 KB-cwnd
[2024-11-06T17:30:17.366563-0500]     0.6875 MB /   0.50 sec =   11.5343 Mbps     0 retrans    541 KB-cwnd
[2024-11-06T17:30:17.366679-0500]     0.6250 MB /   0.50 sec =   10.4858 Mbps     0 retrans    541 KB-cwnd
[2024-11-06T17:30:19.594065-0500]     0.6875 MB /   0.50 sec =   11.5345 Mbps     0 retrans    545 KB-cwnd
[2024-11-06T17:30:19.594288-0500]     0.6250 MB /   0.50 sec =   10.4858 Mbps     0 retrans    545 KB-cwnd
[2024-11-06T17:30:19.594337-0500]     0.6875 MB /   0.50 sec =   11.5343 Mbps     0 retrans    545 KB-cwnd
[2024-11-06T17:30:19.594382-0500]     0.6875 MB /   0.50 sec =   11.5342 Mbps     0 retrans    545 KB-cwnd
[2024-11-06T17:30:21.528031-0500]     0.6250 MB /   0.50 sec =   10.4858 Mbps     0 retrans    712 KB-cwnd
[2024-11-06T17:30:21.528605-0500]     0.6250 MB /   0.50 sec =   10.4854 Mbps     0 retrans    712 KB-cwnd
[2024-11-06T17:30:21.528761-0500]     0.5625 MB /   0.50 sec =    9.4311 Mbps     0 retrans    712 KB-cwnd
[2024-11-06T17:30:21.528879-0500]     0.5000 MB /   0.50 sec =    8.3941 Mbps     0 retrans    712 KB-cwnd
[2024-11-06T17:30:23.737398-0500]     0.6875 MB /   0.50 sec =   11.5346 Mbps     0 retrans    851 KB-cwnd
[2024-11-06T17:30:23.737626-0500]     0.6250 MB /   0.50 sec =   10.4862 Mbps     0 retrans    851 KB-cwnd
[2024-11-06T17:30:23.737693-0500]     0.6250 MB /   0.50 sec =   10.4829 Mbps     0 retrans    851 KB-cwnd
[2024-11-06T17:30:23.737734-0500]     0.6250 MB /   0.50 sec =   10.4777 Mbps     0 retrans    851 KB-cwnd
[2024-11-06T17:30:23.737770-0500]     0.5000 MB /   0.50 sec =    8.3969 Mbps     0 retrans    851 KB-cwnd
[2024-11-06T17:30:25.999315-0500]     0.5000 MB /   0.50 sec =    8.3888 Mbps     0 retrans    851 KB-cwnd
[2024-11-06T17:30:25.999509-0500]     0.5625 MB /   0.50 sec =    9.4373 Mbps     0 retrans    851 KB-cwnd
[2024-11-06T17:30:25.999562-0500]     0.6875 MB /   0.50 sec =   11.5340 Mbps     0 retrans    851 KB-cwnd
[2024-11-06T17:30:25.999601-0500]     0.6250 MB /   0.50 sec =   10.4857 Mbps     0 retrans    851 KB-cwnd
[2024-11-06T17:30:28.312791-0500]     0.5625 MB /   0.50 sec =    9.4371 Mbps     0 retrans    851 KB-cwnd
[2024-11-06T17:30:28.313248-0500]     0.6250 MB /   0.50 sec =   10.4862 Mbps     0 retrans    851 KB-cwnd
[2024-11-06T17:30:28.313384-0500]     0.5000 MB /   0.50 sec =    8.3880 Mbps     0 retrans    851 KB-cwnd
[2024-11-06T17:30:28.313494-0500]     0.5000 MB /   0.50 sec =    8.3883 Mbps     0 retrans    851 KB-cwnd
[2024-11-06T17:30:28.313601-0500]     0.5625 MB /   0.50 sec =    9.4383 Mbps     0 retrans    851 KB-cwnd
[2024-11-06T17:30:30.732852-0500]     0.6250 MB /   0.50 sec =   10.4850 Mbps     0 retrans    851 KB-cwnd
[2024-11-06T17:30:30.733280-0500]     0.5625 MB /   0.50 sec =    9.4377 Mbps     0 retrans    851 KB-cwnd
[2024-11-06T17:30:30.733406-0500]     0.5625 MB /   0.50 sec =    9.4372 Mbps     0 retrans    851 KB-cwnd
[2024-11-06T17:30:30.733514-0500]     0.5625 MB /   0.50 sec =    9.4367 Mbps     0 retrans    851 KB-cwnd
[2024-11-06T17:30:30.733617-0500]     0.5000 MB /   0.50 sec =    8.3870 Mbps     0 retrans    851 KB-cwnd
[2024-11-06T17:30:33.185619-0500]     0.5625 MB /   0.50 sec =    9.4391 Mbps     0 retrans    883 KB-cwnd
[2024-11-06T17:30:33.185975-0500]     0.5625 MB /   0.50 sec =    9.4369 Mbps     0 retrans    883 KB-cwnd
[2024-11-06T17:30:33.186197-0500]     0.5000 MB /   0.50 sec =    8.3889 Mbps     0 retrans    883 KB-cwnd
[2024-11-06T17:30:33.186322-0500]     0.5000 MB /   0.50 sec =    8.3886 Mbps     0 retrans    883 KB-cwnd
[2024-11-06T17:30:33.186428-0500]     0.5625 MB /   0.50 sec =    9.4374 Mbps     0 retrans    883 KB-cwnd
[2024-11-06T17:30:35.044874-0500]     0.8125 MB /   0.50 sec =   13.6319 Mbps     0 retrans    924 KB-cwnd
[2024-11-06T17:30:35.045363-0500]     0.6875 MB /   0.50 sec =   11.5339 Mbps     0 retrans    924 KB-cwnd
[2024-11-06T17:30:35.045509-0500]     0.6875 MB /   0.50 sec =   11.5346 Mbps     0 retrans    924 KB-cwnd
[2024-11-06T17:30:38.017033-0500]     0.5625 MB /   0.50 sec =    9.4370 Mbps     0 retrans    976 KB-cwnd
[2024-11-06T17:30:38.017447-0500]     0.3750 MB /   0.50 sec =    6.2916 Mbps     0 retrans    976 KB-cwnd
[2024-11-06T17:30:38.017562-0500]     0.4375 MB /   0.50 sec =    7.3401 Mbps     0 retrans    976 KB-cwnd
[2024-11-06T17:30:38.017669-0500]     0.3125 MB /   0.50 sec =    5.2427 Mbps     0 retrans    976 KB-cwnd
[2024-11-06T17:30:38.017773-0500]     0.5000 MB /   0.50 sec =    8.3889 Mbps     0 retrans    976 KB-cwnd
[2024-11-06T17:30:38.017878-0500]     0.4375 MB /   0.50 sec =    7.3400 Mbps     0 retrans    976 KB-cwnd
[2024-11-06T17:30:40.617487-0500]     0.6250 MB /   0.50 sec =   10.4857 Mbps     8 retrans    806 KB-cwnd
[2024-11-06T17:30:40.617921-0500]     0.5000 MB /   0.50 sec =    8.3887 Mbps     0 retrans    806 KB-cwnd
[2024-11-06T17:30:40.618167-0500]     0.5000 MB /   0.50 sec =    8.3886 Mbps     0 retrans    806 KB-cwnd
[2024-11-06T17:30:40.618304-0500]     0.5625 MB /   0.50 sec =    9.4371 Mbps     0 retrans    806 KB-cwnd
[2024-11-06T17:30:40.618419-0500]     0.5000 MB /   0.50 sec =    8.3885 Mbps     0 retrans    806 KB-cwnd
[2024-11-06T17:30:40.618527-0500]     0.0000 MB /   0.50 sec =    0.0000 Mbps     0 retrans    806 KB-cwnd
[2024-11-06T17:30:43.395614-0500]     1.0625 MB /   0.50 sec =   17.8266 Mbps     0 retrans    808 KB-cwnd
[2024-11-06T17:30:43.396071-0500]     0.5625 MB /   0.50 sec =    9.4372 Mbps     0 retrans    808 KB-cwnd
[2024-11-06T17:30:43.396276-0500]     0.5000 MB /   0.50 sec =    8.3885 Mbps     0 retrans    808 KB-cwnd
[2024-11-06T17:30:43.396401-0500]     0.5000 MB /   0.50 sec =    8.3887 Mbps     0 retrans    808 KB-cwnd
[2024-11-06T17:30:43.396511-0500]     0.3750 MB /   0.50 sec =    6.2913 Mbps     0 retrans    808 KB-cwnd
[2024-11-06T17:30:46.973300-0500]     0.5000 MB /   0.50 sec =    8.3887 Mbps     0 retrans    808 KB-cwnd
[2024-11-06T17:30:46.973511-0500]     0.4375 MB /   0.50 sec =    7.3402 Mbps     0 retrans    808 KB-cwnd
[2024-11-06T17:30:46.973561-0500]     0.3750 MB /   0.50 sec =    6.2914 Mbps     0 retrans    808 KB-cwnd
[2024-11-06T17:30:46.973600-0500]     0.3125 MB /   0.50 sec =    5.2428 Mbps     0 retrans    808 KB-cwnd
[2024-11-06T17:30:46.973643-0500]     0.2500 MB /   0.50 sec =    4.1939 Mbps     0 retrans    808 KB-cwnd
[2024-11-06T17:30:46.973681-0500]     0.3750 MB /   0.50 sec =    6.2923 Mbps     0 retrans    808 KB-cwnd
[2024-11-06T17:30:46.973717-0500]     0.3125 MB /   0.50 sec =    5.2429 Mbps     0 retrans    808 KB-cwnd
[2024-11-06T17:30:50.903938-0500]     0.4375 MB /   0.50 sec =    7.3398 Mbps     0 retrans    808 KB-cwnd
[2024-11-06T17:30:50.904308-0500]     0.3125 MB /   0.50 sec =    5.2430 Mbps     0 retrans    808 KB-cwnd
[2024-11-06T17:30:50.904443-0500]     0.3125 MB /   0.50 sec =    5.2427 Mbps     0 retrans    808 KB-cwnd
[2024-11-06T17:30:50.904632-0500]     0.3125 MB /   0.50 sec =    5.2424 Mbps     0 retrans    808 KB-cwnd
[2024-11-06T17:30:50.904969-0500]     0.3125 MB /   0.50 sec =    5.2436 Mbps     0 retrans    808 KB-cwnd
[2024-11-06T17:30:50.905297-0500]     0.4375 MB /   0.50 sec =    7.3399 Mbps     0 retrans    808 KB-cwnd
[2024-11-06T17:30:50.905397-0500]     0.3125 MB /   0.50 sec =    5.2430 Mbps     0 retrans    808 KB-cwnd
[2024-11-06T17:30:50.905498-0500]     0.3750 MB /   0.50 sec =    6.2911 Mbps     0 retrans    808 KB-cwnd
[2024-11-06T17:30:56.313976-0500]     0.3125 MB /   0.50 sec =    5.2427 Mbps     0 retrans    808 KB-cwnd
[2024-11-06T17:30:56.314732-0500]     0.1875 MB /   0.50 sec =    3.1460 Mbps     0 retrans    808 KB-cwnd
[2024-11-06T17:30:56.314937-0500]     0.1875 MB /   0.50 sec =    3.1457 Mbps     0 retrans    808 KB-cwnd
[2024-11-06T17:30:56.315122-0500]     0.2500 MB /   0.50 sec =    4.1943 Mbps     0 retrans    808 KB-cwnd
[2024-11-06T17:30:56.315294-0500]     0.3750 MB /   0.50 sec =    6.2914 Mbps     0 retrans    808 KB-cwnd
[2024-11-06T17:30:56.315469-0500]     0.2500 MB /   0.50 sec =    4.1943 Mbps     0 retrans    808 KB-cwnd
[2024-11-06T17:30:56.315649-0500]     0.1875 MB /   0.50 sec =    3.1458 Mbps     0 retrans    808 KB-cwnd
[2024-11-06T17:30:56.315812-0500]     0.0625 MB /   0.50 sec =    1.0485 Mbps     0 retrans    808 KB-cwnd
[2024-11-06T17:30:56.315963-0500]     0.2500 MB /   0.50 sec =    4.1944 Mbps     0 retrans    808 KB-cwnd
[2024-11-06T17:30:56.316113-0500]     0.3125 MB /   0.50 sec =    5.2426 Mbps     0 retrans    808 KB-cwnd
[2024-11-06T17:30:56.316261-0500]     0.3125 MB /   0.50 sec =    5.2433 Mbps     0 retrans    808 KB-cwnd
[2024-11-06T17:30:58.291046-0500]     0.3750 MB /   0.50 sec =    6.2912 Mbps     0 retrans    808 KB-cwnd
[2024-11-06T17:30:58.291513-0500]     0.2500 MB /   0.50 sec =    4.1939 Mbps     0 retrans    808 KB-cwnd
[2024-11-06T17:30:58.291653-0500]     0.5625 MB /   0.50 sec =    9.3841 Mbps     0 retrans    808 KB-cwnd
[2024-11-06T17:30:58.291766-0500]     1.1250 MB /   0.50 sec =   18.9842 Mbps     0 retrans    808 KB-cwnd
[2024-11-06T17:31:02.229164-0500]     0.9375 MB /   0.50 sec =   15.7283 Mbps     7 retrans    645 KB-cwnd
[2024-11-06T17:31:02.229574-0500]     0.5000 MB /   0.50 sec =    8.3886 Mbps     0 retrans    645 KB-cwnd
[2024-11-06T17:31:02.229712-0500]     1.0000 MB /   0.50 sec =   16.7772 Mbps     0 retrans    645 KB-cwnd
[2024-11-06T17:31:02.229822-0500]     0.5000 MB /   0.50 sec =    8.3886 Mbps     0 retrans    645 KB-cwnd
[2024-11-06T17:31:02.229927-0500]     0.0625 MB /   0.50 sec =    1.0485 Mbps     0 retrans    645 KB-cwnd
[2024-11-06T17:31:02.230156-0500]     0.0000 MB /   0.50 sec =    0.0000 Mbps     0 retrans    645 KB-cwnd
[2024-11-06T17:31:02.230276-0500]     0.0000 MB /   0.50 sec =    0.0000 Mbps     0 retrans    645 KB-cwnd
[2024-11-06T17:31:02.230382-0500]     0.0000 MB /   0.50 sec =    0.0000 Mbps     0 retrans    645 KB-cwnd
[2024-11-06T17:31:11.025428-0500]     0.6250 MB /   0.50 sec =   10.4858 Mbps     0 retrans    672 KB-cwnd
[2024-11-06T17:31:11.025799-0500]     0.1250 MB /   0.50 sec =    2.0971 Mbps     0 retrans    672 KB-cwnd
[2024-11-06T17:31:11.025954-0500]     0.1250 MB /   0.50 sec =    2.0972 Mbps     0 retrans    672 KB-cwnd
[2024-11-06T17:31:11.026141-0500]     0.2500 MB /   0.50 sec =    4.1943 Mbps     0 retrans    672 KB-cwnd
[2024-11-06T17:31:11.026218-0500]     0.1250 MB /   0.50 sec =    2.0972 Mbps     0 retrans    672 KB-cwnd
[2024-11-06T17:31:11.026267-0500]     0.1875 MB /   0.50 sec =    3.1456 Mbps     0 retrans    672 KB-cwnd
[2024-11-06T17:31:11.026316-0500]     0.1250 MB /   0.50 sec =    2.0968 Mbps     0 retrans    672 KB-cwnd
[2024-11-06T17:31:11.026367-0500]     0.0625 MB /   0.50 sec =    1.0443 Mbps     0 retrans    672 KB-cwnd
[2024-11-06T17:31:11.026416-0500]     0.0625 MB /   0.50 sec =    1.0531 Mbps     0 retrans    672 KB-cwnd
[2024-11-06T17:31:11.026466-0500]     0.1250 MB /   0.50 sec =    2.0971 Mbps     0 retrans    672 KB-cwnd
[2024-11-06T17:31:11.026514-0500]     0.0625 MB /   0.50 sec =    1.0486 Mbps     0 retrans    672 KB-cwnd
[2024-11-06T17:31:11.026560-0500]     0.1250 MB /   0.50 sec =    2.0940 Mbps     0 retrans    672 KB-cwnd
[2024-11-06T17:31:11.026606-0500]     0.0625 MB /   0.50 sec =    1.0501 Mbps     0 retrans    672 KB-cwnd
[2024-11-06T17:31:11.026661-0500]     0.1250 MB /   0.50 sec =    2.0972 Mbps     0 retrans    672 KB-cwnd
[2024-11-06T17:31:11.026707-0500]     0.1250 MB /   0.50 sec =    2.0972 Mbps     0 retrans    672 KB-cwnd
[2024-11-06T17:31:11.026752-0500]     0.2500 MB /   0.50 sec =    4.1943 Mbps     0 retrans    672 KB-cwnd
[2024-11-06T17:31:11.026798-0500]     0.1875 MB /   0.50 sec =    3.1450 Mbps     0 retrans    672 KB-cwnd
[2024-11-06T17:31:11.113347-0500]     0.2500 MB /   0.50 sec =    4.1954 Mbps     0 retrans    672 KB-cwnd
End time: 1730932271605
