Start time: 1730524621027
[2024-11-01T22:17:02.088712-0700] nuttcp-r: v8.1.4: socket
[2024-11-01T22:17:02.089732-0700] nuttcp-r: buflen=65536, nstream=1, port=5101 tcp
[2024-11-01T22:17:02.089840-0700] nuttcp-r: interval reporting every 0.50 seconds
[2024-11-01T22:17:02.090023-0700] nuttcp-r: connect to 54.176.53.206 with RTT=63.980 ms af=inet
[2024-11-01T22:17:02.090109-0700] nuttcp-r: send window size = 1048576, receive window size = 4194304
[2024-11-01T22:17:02.090186-0700] nuttcp-r: available send window = 786432, available receive window = 3145728
[2024-11-01T22:17:02.090262-0700]     0.8750 MB /   0.50 sec =   14.6774 Mbps     0 retrans
[2024-11-01T22:17:02.589423-0700]     6.5000 MB /   0.50 sec =  108.8910 Mbps     0 retrans
[2024-11-01T22:17:03.088621-0700]    12.6250 MB /   0.50 sec =  212.1424 Mbps     0 retrans
[2024-11-01T22:17:03.588642-0700]    10.6875 MB /   0.50 sec =  179.3022 Mbps     0 retrans
[2024-11-01T22:17:04.088525-0700]    10.3125 MB /   0.50 sec =  173.0278 Mbps     0 retrans
[2024-11-01T22:17:04.588612-0700]     9.5625 MB /   0.50 sec =  160.4225 Mbps     0 retrans
[2024-11-01T22:17:05.088559-0700]     9.6875 MB /   0.50 sec =  162.5309 Mbps     0 retrans
[2024-11-01T22:17:05.588858-0700]     7.0625 MB /   0.50 sec =  118.4666 Mbps     0 retrans
[2024-11-01T22:17:06.088622-0700]     9.5000 MB /   0.50 sec =  159.4103 Mbps     0 retrans
[2024-11-01T22:17:06.588595-0700]     7.5000 MB /   0.50 sec =  125.8148 Mbps     0 retrans
[2024-11-01T22:17:07.088791-0700]     6.9375 MB /   0.50 sec =  116.3798 Mbps     0 retrans
[2024-11-01T22:17:07.588744-0700]     6.3750 MB /   0.50 sec =  106.9548 Mbps     0 retrans
[2024-11-01T22:17:08.088609-0700]     8.5625 MB /   0.50 sec =  143.6859 Mbps     0 retrans
[2024-11-01T22:17:08.588702-0700]     5.8750 MB /   0.50 sec =   98.5516 Mbps     0 retrans
[2024-11-01T22:17:09.088603-0700]     9.4375 MB /   0.50 sec =  158.3587 Mbps     0 retrans
[2024-11-01T22:17:09.588632-0700]     5.4375 MB /   0.50 sec =   91.2228 Mbps     0 retrans
[2024-11-01T22:17:10.088570-0700]     7.1250 MB /   0.50 sec =  119.5408 Mbps     0 retrans
[2024-11-01T22:17:10.588592-0700]     7.3750 MB /   0.50 sec =  123.7364 Mbps     0 retrans
[2024-11-01T22:17:11.088733-0700]     6.0000 MB /   0.50 sec =  100.6434 Mbps     0 retrans
[2024-11-01T22:17:11.588677-0700]     6.7500 MB /   0.50 sec =  113.2528 Mbps     0 retrans
[2024-11-01T22:17:12.088611-0700]     6.4375 MB /   0.50 sec =  108.0165 Mbps     0 retrans
[2024-11-01T22:17:12.588601-0700]     5.9375 MB /   0.50 sec =   99.6201 Mbps     0 retrans
[2024-11-01T22:17:13.088633-0700]     6.1875 MB /   0.50 sec =  103.7995 Mbps     0 retrans
[2024-11-01T22:17:13.588516-0700]     6.3750 MB /   0.50 sec =  106.9659 Mbps     0 retrans
[2024-11-01T22:17:14.088623-0700]     6.0000 MB /   0.50 sec =  100.6546 Mbps     0 retrans
[2024-11-01T22:17:14.588598-0700]     5.2500 MB /   0.50 sec =   88.0832 Mbps     0 retrans
[2024-11-01T22:17:15.088593-0700]     7.5625 MB /   0.50 sec =  126.8714 Mbps     0 retrans
[2024-11-01T22:17:15.588703-0700]     5.8750 MB /   0.50 sec =   98.5543 Mbps     0 retrans
[2024-11-01T22:17:16.088789-0700]     6.1875 MB /   0.50 sec =  103.7989 Mbps     0 retrans
[2024-11-01T22:17:16.588608-0700]     9.0000 MB /   0.50 sec =  151.0348 Mbps     0 retrans
[2024-11-01T22:17:17.088579-0700]     6.9375 MB /   0.50 sec =  116.3891 Mbps     0 retrans
[2024-11-01T22:17:17.588675-0700]     8.5625 MB /   0.50 sec =  143.6377 Mbps     0 retrans
[2024-11-01T22:17:18.088561-0700]     7.3125 MB /   0.50 sec =  122.6969 Mbps     0 retrans
[2024-11-01T22:17:18.588770-0700]     8.3125 MB /   0.50 sec =  139.4634 Mbps     0 retrans
[2024-11-01T22:17:19.088584-0700]     6.8750 MB /   0.50 sec =  115.3360 Mbps     0 retrans
[2024-11-01T22:17:19.588637-0700]     9.5000 MB /   0.50 sec =  159.3877 Mbps     0 retrans
[2024-11-01T22:17:20.088678-0700]     7.1875 MB /   0.50 sec =  120.5766 Mbps     0 retrans
[2024-11-01T22:17:20.588612-0700]    10.2500 MB /   0.50 sec =  171.9881 Mbps     0 retrans
[2024-11-01T22:17:21.088642-0700]     8.4375 MB /   0.50 sec =  141.5572 Mbps     0 retrans
[2024-11-01T22:17:21.588617-0700]     8.8125 MB /   0.50 sec =  147.8483 Mbps     0 retrans
[2024-11-01T22:17:22.088530-0700]     4.1250 MB /   0.50 sec =   69.2111 Mbps     0 retrans
[2024-11-01T22:17:22.588669-0700]     7.2500 MB /   0.50 sec =  121.6112 Mbps     0 retrans
[2024-11-01T22:17:23.088679-0700]     8.3125 MB /   0.50 sec =  139.4623 Mbps     0 retrans
[2024-11-01T22:17:23.588564-0700]     8.3125 MB /   0.50 sec =  139.4709 Mbps     0 retrans
[2024-11-01T22:17:24.088664-0700]     9.5000 MB /   0.50 sec =  159.3826 Mbps     0 retrans
[2024-11-01T22:17:24.588761-0700]     7.3125 MB /   0.50 sec =  122.6584 Mbps     0 retrans
[2024-11-01T22:17:25.088631-0700]     9.6875 MB /   0.50 sec =  162.5676 Mbps     0 retrans
[2024-11-01T22:17:25.588559-0700]     7.7500 MB /   0.50 sec =  130.0265 Mbps     0 retrans
[2024-11-01T22:17:26.088603-0700]    11.5000 MB /   0.50 sec =  192.9376 Mbps     0 retrans
[2024-11-01T22:17:26.588633-0700]     7.7500 MB /   0.50 sec =  130.0198 Mbps     0 retrans
[2024-11-01T22:17:27.088648-0700]     8.8125 MB /   0.50 sec =  147.8460 Mbps     0 retrans
[2024-11-01T22:17:27.588623-0700]     9.5625 MB /   0.50 sec =  160.4341 Mbps     0 retrans
[2024-11-01T22:17:28.088748-0700]     7.3125 MB /   0.50 sec =  122.6633 Mbps     0 retrans
[2024-11-01T22:17:28.588630-0700]    10.5625 MB /   0.50 sec =  177.2381 Mbps     0 retrans
[2024-11-01T22:17:29.088595-0700]     8.7500 MB /   0.50 sec =  146.7915 Mbps     0 retrans
[2024-11-01T22:17:29.588645-0700]    10.1250 MB /   0.50 sec =  169.8822 Mbps     0 retrans
[2024-11-01T22:17:30.088564-0700]     8.8750 MB /   0.50 sec =  148.9002 Mbps     0 retrans
[2024-11-01T22:17:30.588780-0700]     5.7500 MB /   0.50 sec =   96.4441 Mbps     0 retrans
[2024-11-01T22:17:31.088608-0700]    11.1250 MB /   0.50 sec =  186.6954 Mbps     0 retrans
[2024-11-01T22:17:31.588688-0700]     4.7500 MB /   0.50 sec =   79.6803 Mbps     0 retrans
[2024-11-01T22:17:32.088604-0700]    10.5000 MB /   0.50 sec =  176.1879 Mbps     0 retrans
[2024-11-01T22:17:32.588600-0700]     8.3750 MB /   0.50 sec =  140.5089 Mbps     0 retrans
[2024-11-01T22:17:33.088601-0700]     8.6875 MB /   0.50 sec =  145.7526 Mbps     0 retrans
[2024-11-01T22:17:33.588634-0700]    10.3750 MB /   0.50 sec =  174.0577 Mbps     0 retrans
[2024-11-01T22:17:34.088690-0700]     7.6250 MB /   0.50 sec =  127.9109 Mbps     0 retrans
[2024-11-01T22:17:34.588589-0700]     8.0625 MB /   0.50 sec =  135.2744 Mbps     0 retrans
[2024-11-01T22:17:35.088561-0700]    10.7500 MB /   0.50 sec =  180.3778 Mbps     0 retrans
[2024-11-01T22:17:35.588685-0700]     5.3750 MB /   0.50 sec =   90.1620 Mbps     0 retrans
[2024-11-01T22:17:36.088566-0700]     9.6250 MB /   0.50 sec =  161.4962 Mbps     0 retrans
[2024-11-01T22:17:36.588753-0700]     9.1875 MB /   0.50 sec =  154.1447 Mbps     0 retrans
[2024-11-01T22:17:37.088615-0700]     9.0625 MB /   0.50 sec =  152.0414 Mbps     0 retrans
[2024-11-01T22:17:37.588625-0700]    10.4375 MB /   0.50 sec =  175.1153 Mbps     0 retrans
[2024-11-01T22:17:38.088630-0700]     9.3125 MB /   0.50 sec =  156.2344 Mbps     0 retrans
[2024-11-01T22:17:38.588650-0700]     9.3125 MB /   0.50 sec =  156.2253 Mbps     0 retrans
[2024-11-01T22:17:39.088648-0700]     9.0000 MB /   0.50 sec =  151.0052 Mbps     0 retrans
[2024-11-01T22:17:39.588606-0700]     9.3125 MB /   0.50 sec =  156.2463 Mbps     0 retrans
[2024-11-01T22:17:40.088533-0700]     9.8750 MB /   0.50 sec =  165.6767 Mbps     0 retrans
[2024-11-01T22:17:40.588726-0700]     8.2500 MB /   0.50 sec =  138.3832 Mbps     0 retrans
[2024-11-01T22:17:41.088674-0700]     8.9375 MB /   0.50 sec =  149.9542 Mbps     0 retrans
[2024-11-01T22:17:41.588639-0700]    10.1875 MB /   0.50 sec =  170.9493 Mbps     0 retrans
[2024-11-01T22:17:42.088705-0700]     4.2500 MB /   0.50 sec =   71.2905 Mbps     0 retrans
[2024-11-01T22:17:42.588627-0700]     6.8125 MB /   0.50 sec =  114.3039 Mbps     0 retrans
[2024-11-01T22:17:43.088604-0700]    11.0000 MB /   0.50 sec =  184.5582 Mbps     0 retrans
[2024-11-01T22:17:43.588603-0700]     8.3125 MB /   0.50 sec =  139.4617 Mbps     0 retrans
[2024-11-01T22:17:44.088641-0700]    12.6875 MB /   0.50 sec =  212.8528 Mbps     0 retrans
[2024-11-01T22:17:44.588856-0700]     7.4375 MB /   0.50 sec =  124.7636 Mbps     0 retrans
[2024-11-01T22:17:45.088744-0700]    10.1875 MB /   0.50 sec =  170.9069 Mbps     0 retrans
[2024-11-01T22:17:45.588552-0700]     7.8125 MB /   0.50 sec =  131.0972 Mbps     0 retrans
[2024-11-01T22:17:46.088666-0700]     7.9375 MB /   0.50 sec =  133.1652 Mbps     0 retrans
[2024-11-01T22:17:46.588587-0700]    10.5000 MB /   0.50 sec =  176.1749 Mbps     0 retrans
[2024-11-01T22:17:47.088602-0700]     7.5000 MB /   0.50 sec =  125.8183 Mbps     0 retrans
[2024-11-01T22:17:47.588789-0700]     8.5625 MB /   0.50 sec =  143.6230 Mbps     0 retrans
[2024-11-01T22:17:48.088734-0700]     5.9375 MB /   0.50 sec =   99.6215 Mbps     0 retrans
[2024-11-01T22:17:48.588728-0700]     8.6875 MB /   0.50 sec =  145.7550 Mbps     0 retrans
[2024-11-01T22:17:49.088644-0700]    10.5000 MB /   0.50 sec =  176.1914 Mbps     0 retrans
[2024-11-01T22:17:49.588603-0700]     8.8750 MB /   0.50 sec =  148.9026 Mbps     0 retrans
[2024-11-01T22:17:50.088564-0700]     8.8750 MB /   0.50 sec =  148.8924 Mbps     0 retrans
[2024-11-01T22:17:50.588643-0700]     8.8750 MB /   0.50 sec =  148.8975 Mbps     0 retrans
[2024-11-01T22:17:51.088685-0700]     7.0625 MB /   0.50 sec =  118.4777 Mbps     0 retrans
[2024-11-01T22:17:51.588718-0700]     7.3750 MB /   0.50 sec =  123.7248 Mbps     0 retrans
[2024-11-01T22:17:52.088673-0700]     9.9375 MB /   0.50 sec =  166.7436 Mbps     0 retrans
[2024-11-01T22:17:52.588623-0700]     8.0625 MB /   0.50 sec =  135.2709 Mbps     0 retrans
[2024-11-01T22:17:53.088611-0700]     9.7500 MB /   0.50 sec =  163.5841 Mbps     0 retrans
[2024-11-01T22:17:53.588726-0700]     6.9375 MB /   0.50 sec =  116.3694 Mbps     0 retrans
[2024-11-01T22:17:54.088651-0700]     8.7500 MB /   0.50 sec =  146.8130 Mbps     0 retrans
[2024-11-01T22:17:54.588521-0700]    10.7500 MB /   0.50 sec =  180.3857 Mbps     0 retrans
[2024-11-01T22:17:55.088805-0700]     6.6875 MB /   0.50 sec =  112.1577 Mbps     0 retrans
[2024-11-01T22:17:55.588721-0700]     9.1875 MB /   0.50 sec =  154.1533 Mbps     0 retrans
[2024-11-01T22:17:56.088630-0700]     8.6875 MB /   0.50 sec =  145.7818 Mbps     0 retrans
[2024-11-01T22:17:56.588692-0700]     9.0000 MB /   0.50 sec =  150.9747 Mbps     0 retrans
[2024-11-01T22:17:57.088560-0700]     9.3750 MB /   0.50 sec =  157.3040 Mbps     0 retrans
[2024-11-01T22:17:57.588619-0700]    10.8750 MB /   0.50 sec =  182.4522 Mbps     0 retrans
[2024-11-01T22:17:58.088676-0700]     8.8750 MB /   0.50 sec =  148.8823 Mbps     0 retrans
[2024-11-01T22:17:58.588723-0700]     8.1875 MB /   0.50 sec =  137.3536 Mbps     0 retrans
[2024-11-01T22:17:59.088636-0700]     8.6250 MB /   0.50 sec =  144.7414 Mbps     0 retrans
[2024-11-01T22:17:59.588683-0700]     8.6250 MB /   0.50 sec =  144.6766 Mbps     0 retrans
[2024-11-01T22:18:00.088613-0700]     9.0625 MB /   0.50 sec =  152.0621 Mbps     0 retrans
[2024-11-01T22:18:00.588603-0700]     8.5625 MB /   0.50 sec =  143.6558 Mbps     0 retrans
[2024-11-01T22:18:01.088601-0700]     9.1875 MB /   0.50 sec =  154.1407 Mbps     0 retrans
[2024-11-01T22:18:01.588610-0700]     9.1250 MB /   0.50 sec =  153.0918 Mbps     0 retrans
[2024-11-01T22:18:02.088676-0700]     7.4375 MB /   0.50 sec =  124.7643 Mbps     0 retrans
[2024-11-01T22:18:02.588562-0700]     9.3125 MB /   0.50 sec =  156.2534 Mbps     0 retrans
[2024-11-01T22:18:03.088826-0700]     8.3125 MB /   0.50 sec =  139.4230 Mbps     0 retrans
[2024-11-01T22:18:03.588645-0700]     9.1250 MB /   0.50 sec =  153.1325 Mbps     0 retrans
[2024-11-01T22:18:04.088653-0700]     9.0000 MB /   0.50 sec =  150.9916 Mbps     0 retrans
[2024-11-01T22:18:04.588571-0700]     8.3750 MB /   0.50 sec =  140.5126 Mbps     0 retrans
[2024-11-01T22:18:05.088677-0700]     8.4375 MB /   0.50 sec =  141.5524 Mbps     0 retrans
[2024-11-01T22:18:05.588663-0700]     7.8750 MB /   0.50 sec =  132.1148 Mbps     0 retrans
[2024-11-01T22:18:06.088700-0700]     8.1875 MB /   0.50 sec =  137.3585 Mbps     0 retrans
[2024-11-01T22:18:06.588701-0700]     9.0000 MB /   0.50 sec =  150.9949 Mbps     0 retrans
[2024-11-01T22:18:07.088669-0700]     9.3750 MB /   0.50 sec =  157.2902 Mbps     0 retrans
[2024-11-01T22:18:07.588754-0700]     4.3750 MB /   0.50 sec =   73.3953 Mbps     0 retrans
[2024-11-01T22:18:08.088555-0700]     7.4375 MB /   0.50 sec =  124.8030 Mbps     0 retrans
[2024-11-01T22:18:08.588609-0700]     8.1875 MB /   0.50 sec =  137.3668 Mbps     0 retrans
[2024-11-01T22:18:09.088748-0700]     6.3750 MB /   0.50 sec =  106.9291 Mbps     0 retrans
[2024-11-01T22:18:09.588781-0700]     9.3125 MB /   0.50 sec =  156.2588 Mbps     0 retrans
[2024-11-01T22:18:10.088621-0700]     5.8125 MB /   0.50 sec =   97.5174 Mbps     0 retrans
[2024-11-01T22:18:10.588713-0700]     8.0000 MB /   0.50 sec =  134.2083 Mbps     0 retrans
[2024-11-01T22:18:11.088592-0700]    10.1875 MB /   0.50 sec =  170.9493 Mbps     0 retrans
[2024-11-01T22:18:11.588601-0700]     8.6250 MB /   0.50 sec =  144.7026 Mbps     0 retrans
[2024-11-01T22:18:12.088774-0700]     7.6250 MB /   0.50 sec =  127.8943 Mbps     0 retrans
[2024-11-01T22:18:12.588594-0700]     8.6875 MB /   0.50 sec =  145.7806 Mbps     0 retrans
[2024-11-01T22:18:13.088633-0700]     6.5000 MB /   0.50 sec =  109.0567 Mbps     0 retrans
[2024-11-01T22:18:13.588505-0700]    10.6250 MB /   0.50 sec =  178.2733 Mbps     0 retrans
[2024-11-01T22:18:14.088655-0700]     7.0000 MB /   0.50 sec =  117.4267 Mbps     0 retrans
[2024-11-01T22:18:14.588589-0700]     9.2500 MB /   0.50 sec =  155.1868 Mbps     0 retrans
[2024-11-01T22:18:15.088705-0700]     9.3125 MB /   0.50 sec =  156.2206 Mbps     0 retrans
[2024-11-01T22:18:15.588636-0700]     8.5000 MB /   0.50 sec =  142.6297 Mbps     0 retrans
[2024-11-01T22:18:16.088619-0700]     7.5000 MB /   0.50 sec =  125.8286 Mbps     0 retrans
[2024-11-01T22:18:16.588721-0700]     5.6875 MB /   0.50 sec =   95.4015 Mbps     0 retrans
[2024-11-01T22:18:17.088610-0700]    11.4375 MB /   0.50 sec =  191.9251 Mbps     0 retrans
[2024-11-01T22:18:17.588680-0700]     8.3125 MB /   0.50 sec =  139.4444 Mbps     0 retrans
[2024-11-01T22:18:18.088728-0700]     9.0000 MB /   0.50 sec =  150.9798 Mbps     0 retrans
[2024-11-01T22:18:18.588593-0700]    10.6250 MB /   0.50 sec =  178.3004 Mbps     0 retrans
[2024-11-01T22:18:19.088569-0700]     8.0625 MB /   0.50 sec =  135.2595 Mbps     0 retrans
[2024-11-01T22:18:19.588665-0700]     8.0625 MB /   0.50 sec =  135.2568 Mbps     0 retrans
[2024-11-01T22:18:20.088795-0700]     8.6250 MB /   0.50 sec =  144.6766 Mbps     0 retrans
[2024-11-01T22:18:20.588684-0700]     5.3750 MB /   0.50 sec =   90.1938 Mbps     0 retrans
[2024-11-01T22:18:21.088523-0700]    11.4375 MB /   0.50 sec =  191.9243 Mbps     0 retrans
[2024-11-01T22:18:21.588671-0700]     8.9375 MB /   0.50 sec =  149.9182 Mbps     0 retrans
[2024-11-01T22:18:22.088603-0700]    10.1250 MB /   0.50 sec =  169.8921 Mbps     0 retrans
[2024-11-01T22:18:22.588603-0700]     6.5000 MB /   0.50 sec =  109.0510 Mbps     0 retrans
[2024-11-01T22:18:23.088637-0700]     8.3750 MB /   0.50 sec =  140.5072 Mbps     0 retrans
[2024-11-01T22:18:23.588707-0700]     4.8125 MB /   0.50 sec =   80.7258 Mbps     0 retrans
[2024-11-01T22:18:24.088590-0700]    11.9375 MB /   0.50 sec =  200.3193 Mbps     0 retrans
[2024-11-01T22:18:24.588578-0700]     6.9375 MB /   0.50 sec =  116.3845 Mbps     0 retrans
[2024-11-01T22:18:25.088765-0700]     6.0625 MB /   0.50 sec =  101.6913 Mbps     0 retrans
[2024-11-01T22:18:25.588877-0700]     6.1875 MB /   0.50 sec =  103.8109 Mbps     0 retrans
[2024-11-01T22:18:26.088646-0700]     5.2500 MB /   0.50 sec =   88.0978 Mbps     0 retrans
[2024-11-01T22:18:26.588680-0700]     6.1250 MB /   0.50 sec =  102.7477 Mbps     0 retrans
[2024-11-01T22:18:27.088661-0700]     9.0625 MB /   0.50 sec =  152.0499 Mbps     0 retrans
[2024-11-01T22:18:27.588592-0700]     7.5000 MB /   0.50 sec =  125.8455 Mbps     0 retrans
[2024-11-01T22:18:28.088605-0700]     7.8125 MB /   0.50 sec =  131.0710 Mbps     0 retrans
[2024-11-01T22:18:28.588596-0700]     7.6875 MB /   0.50 sec =  128.9738 Mbps     0 retrans
[2024-11-01T22:18:29.088635-0700]     8.4375 MB /   0.50 sec =  141.5501 Mbps     0 retrans
[2024-11-01T22:18:29.588683-0700]     6.0625 MB /   0.50 sec =  101.7037 Mbps     0 retrans
[2024-11-01T22:18:30.088512-0700]     9.2500 MB /   0.50 sec =  155.2228 Mbps     0 retrans
[2024-11-01T22:18:30.588684-0700]     5.0625 MB /   0.50 sec =   84.9167 Mbps     0 retrans
[2024-11-01T22:18:31.088588-0700]     8.3125 MB /   0.50 sec =  139.4693 Mbps     0 retrans
[2024-11-01T22:18:31.588652-0700]     8.0625 MB /   0.50 sec =  135.2687 Mbps     0 retrans
[2024-11-01T22:18:32.088608-0700]     6.3750 MB /   0.50 sec =  106.9524 Mbps     0 retrans
[2024-11-01T22:18:32.588665-0700]     9.2500 MB /   0.50 sec =  155.1905 Mbps     0 retrans
[2024-11-01T22:18:33.088686-0700]     6.1250 MB /   0.50 sec =  102.7537 Mbps     0 retrans
[2024-11-01T22:18:33.588598-0700]     6.1875 MB /   0.50 sec =  103.8229 Mbps     0 retrans
[2024-11-01T22:18:34.088592-0700]     9.1250 MB /   0.50 sec =  153.0979 Mbps     0 retrans
[2024-11-01T22:18:34.588594-0700]     8.3125 MB /   0.50 sec =  139.4581 Mbps     0 retrans
[2024-11-01T22:18:35.088704-0700]     7.0625 MB /   0.50 sec =  118.4694 Mbps     0 retrans
[2024-11-01T22:18:35.588652-0700]     3.9375 MB /   0.50 sec =   66.0670 Mbps     0 retrans
[2024-11-01T22:18:36.088619-0700]     9.3125 MB /   0.50 sec =  156.2447 Mbps     0 retrans
[2024-11-01T22:18:36.588514-0700]     6.8750 MB /   0.50 sec =  115.3526 Mbps     0 retrans
[2024-11-01T22:18:37.088756-0700]     7.9375 MB /   0.50 sec =  133.1258 Mbps     0 retrans
[2024-11-01T22:18:37.588614-0700]     6.9375 MB /   0.50 sec =  116.4199 Mbps     0 retrans
[2024-11-01T22:18:38.088771-0700]     6.1250 MB /   0.50 sec =  102.7387 Mbps     0 retrans
[2024-11-01T22:18:38.588624-0700]    11.2500 MB /   0.50 sec =  188.7841 Mbps     0 retrans
[2024-11-01T22:18:39.088541-0700]     8.2500 MB /   0.50 sec =  138.4190 Mbps     0 retrans
[2024-11-01T22:18:39.588596-0700]     7.0625 MB /   0.50 sec =  118.4851 Mbps     0 retrans
[2024-11-01T22:18:40.088609-0700]     9.1250 MB /   0.50 sec =  153.0893 Mbps     0 retrans
[2024-11-01T22:18:40.588591-0700]     9.8750 MB /   0.50 sec =  165.6777 Mbps     0 retrans
[2024-11-01T22:18:41.088587-0700]     3.0625 MB /   0.50 sec =   51.3764 Mbps     0 retrans
[2024-11-01T22:18:41.588781-0700]     7.4375 MB /   0.50 sec =  124.7838 Mbps     0 retrans
[2024-11-01T22:18:42.088615-0700]     5.9375 MB /   0.50 sec =   99.6089 Mbps     0 retrans
[2024-11-01T22:18:42.588734-0700]     8.5000 MB /   0.50 sec =  142.5955 Mbps     0 retrans
[2024-11-01T22:18:43.088543-0700]     8.6875 MB /   0.50 sec =  145.7850 Mbps     0 retrans
[2024-11-01T22:18:43.588726-0700]     7.9375 MB /   0.50 sec =  133.1364 Mbps     0 retrans
[2024-11-01T22:18:44.088767-0700]     7.7500 MB /   0.50 sec =  130.0156 Mbps     0 retrans
[2024-11-01T22:18:44.588742-0700]     4.3125 MB /   0.50 sec =   72.3533 Mbps     0 retrans
[2024-11-01T22:18:45.088644-0700]     6.8750 MB /   0.50 sec =  115.3646 Mbps     0 retrans
[2024-11-01T22:18:45.588614-0700]    10.8125 MB /   0.50 sec =  181.4109 Mbps     0 retrans
[2024-11-01T22:18:46.088672-0700]     6.1250 MB /   0.50 sec =  102.7475 Mbps     0 retrans
[2024-11-01T22:18:46.588587-0700]     7.1250 MB /   0.50 sec =  119.5467 Mbps     0 retrans
[2024-11-01T22:18:47.088664-0700]     8.7500 MB /   0.50 sec =  146.7918 Mbps     0 retrans
[2024-11-01T22:18:47.588570-0700]     5.2500 MB /   0.50 sec =   88.0892 Mbps     0 retrans
[2024-11-01T22:18:48.088741-0700]    10.6875 MB /   0.50 sec =  179.3108 Mbps     0 retrans
[2024-11-01T22:18:48.588716-0700]     7.6250 MB /   0.50 sec =  127.8999 Mbps     0 retrans
[2024-11-01T22:18:49.088700-0700]     6.8750 MB /   0.50 sec =  115.3473 Mbps     0 retrans
[2024-11-01T22:18:49.588605-0700]     8.0625 MB /   0.50 sec =  135.2893 Mbps     0 retrans
[2024-11-01T22:18:50.088589-0700]     7.5000 MB /   0.50 sec =  125.8286 Mbps     0 retrans
[2024-11-01T22:18:50.588610-0700]     8.3750 MB /   0.50 sec =  140.5064 Mbps     0 retrans
[2024-11-01T22:18:51.088680-0700]     8.2500 MB /   0.50 sec =  138.3960 Mbps     0 retrans
[2024-11-01T22:18:51.588660-0700]     8.8125 MB /   0.50 sec =  147.8519 Mbps     0 retrans
[2024-11-01T22:18:52.088586-0700]     6.5625 MB /   0.50 sec =  110.1060 Mbps     0 retrans
[2024-11-01T22:18:52.588762-0700]     6.2500 MB /   0.50 sec =  104.8402 Mbps     0 retrans
[2024-11-01T22:18:53.088543-0700]    11.6875 MB /   0.50 sec =  196.1394 Mbps     0 retrans
[2024-11-01T22:18:53.588718-0700]     6.3750 MB /   0.50 sec =  106.9308 Mbps     0 retrans
[2024-11-01T22:18:54.088689-0700]     7.8125 MB /   0.50 sec =  131.0751 Mbps     0 retrans
[2024-11-01T22:18:54.588593-0700]     8.8750 MB /   0.50 sec =  148.9216 Mbps     0 retrans
[2024-11-01T22:18:55.088665-0700]     8.5625 MB /   0.50 sec =  143.6351 Mbps     0 retrans
[2024-11-01T22:18:55.588726-0700]    10.2500 MB /   0.50 sec =  171.9902 Mbps     0 retrans
[2024-11-01T22:18:56.088600-0700]     8.6250 MB /   0.50 sec =  144.7038 Mbps     0 retrans
[2024-11-01T22:18:56.588746-0700]     8.6875 MB /   0.50 sec =  145.7203 Mbps     0 retrans
[2024-11-01T22:18:57.088745-0700]     8.7500 MB /   0.50 sec =  146.7962 Mbps     0 retrans
[2024-11-01T22:18:57.588604-0700]    10.2500 MB /   0.50 sec =  171.9947 Mbps     0 retrans
[2024-11-01T22:18:58.088610-0700]     8.7500 MB /   0.50 sec =  146.8141 Mbps     0 retrans
[2024-11-01T22:18:58.588724-0700]     5.7500 MB /   0.50 sec =   96.4458 Mbps     0 retrans
[2024-11-01T22:18:59.088616-0700]    10.1250 MB /   0.50 sec =  169.9023 Mbps     0 retrans
[2024-11-01T22:18:59.588629-0700]     9.7500 MB /   0.50 sec =  163.5762 Mbps     0 retrans
[2024-11-01T22:19:00.088585-0700]     6.9375 MB /   0.50 sec =  116.3968 Mbps     0 retrans
[2024-11-01T22:19:00.588746-0700]     7.0625 MB /   0.50 sec =  118.4659 Mbps     0 retrans
[2024-11-01T22:19:01.088726-0700]    10.8125 MB /   0.50 sec =  181.4015 Mbps     0 retrans
[2024-11-01T22:19:01.588595-0700]     9.1875 MB /   0.50 sec =  154.1730 Mbps     0 retrans
[2024-11-01T22:19:02.088668-0700]     7.9375 MB /   0.50 sec =  133.1505 Mbps     0 retrans
End time: 1730524742171
