Start time: 1730655955839
[2024-11-03T10:45:56.725740-0700] nuttcp-r: v8.1.4: socket
[2024-11-03T10:45:56.726426-0700] nuttcp-r: buflen=65536, nstream=1, port=5101 tcp
[2024-11-03T10:45:56.726473-0700] nuttcp-r: interval reporting every 0.50 seconds
[2024-11-03T10:45:56.726504-0700] nuttcp-r: connect to 54.176.53.206 with RTT=52.239 ms af=inet
[2024-11-03T10:45:56.726533-0700] nuttcp-r: send window size = 1048576, receive window size = 4194304
[2024-11-03T10:45:56.726561-0700] nuttcp-r: available send window = 786432, available receive window = 3145728
[2024-11-03T10:45:56.726587-0700]     0.5000 MB /   0.50 sec =    8.3874 Mbps     0 retrans
[2024-11-03T10:45:57.226202-0700]     1.2500 MB /   0.50 sec =   20.9706 Mbps     0 retrans
[2024-11-03T10:45:57.725506-0700]     1.2500 MB /   0.50 sec =   20.9734 Mbps     0 retrans
[2024-11-03T10:45:58.225515-0700]     1.9375 MB /   0.50 sec =   32.5080 Mbps     0 retrans
[2024-11-03T10:45:58.725604-0700]     2.0625 MB /   0.50 sec =   34.6026 Mbps     0 retrans
[2024-11-03T10:45:59.225496-0700]     2.5000 MB /   0.50 sec =   41.9429 Mbps     0 retrans
[2024-11-03T10:45:59.725504-0700]     2.5625 MB /   0.50 sec =   42.9914 Mbps     0 retrans
[2024-11-03T10:46:00.225519-0700]     2.8125 MB /   0.50 sec =   47.1855 Mbps     0 retrans
[2024-11-03T10:46:00.725482-0700]     2.6875 MB /   0.50 sec =   45.0878 Mbps     0 retrans
[2024-11-03T10:46:01.225969-0700]     3.3125 MB /   0.50 sec =   55.5278 Mbps     0 retrans
[2024-11-03T10:46:01.725583-0700]     1.5625 MB /   0.50 sec =   26.2348 Mbps     0 retrans
[2024-11-03T10:46:02.226804-0700]     3.1875 MB /   0.50 sec =   53.3674 Mbps     0 retrans
[2024-11-03T10:46:02.725559-0700]     0.6250 MB /   0.50 sec =   10.5076 Mbps     0 retrans
[2024-11-03T10:46:03.225728-0700]     1.3750 MB /   0.50 sec =   23.0702 Mbps     0 retrans
[2024-11-03T10:46:03.725758-0700]     1.8750 MB /   0.50 sec =   31.4555 Mbps     0 retrans
[2024-11-03T10:46:04.225553-0700]     1.3125 MB /   0.50 sec =   22.0204 Mbps     0 retrans
[2024-11-03T10:46:04.725716-0700]     1.1875 MB /   0.50 sec =   19.9231 Mbps     0 retrans
[2024-11-03T10:46:05.225619-0700]     1.3125 MB /   0.50 sec =   22.0174 Mbps     0 retrans
[2024-11-03T10:46:05.725556-0700]     1.3750 MB /   0.50 sec =   23.0713 Mbps     0 retrans
[2024-11-03T10:46:06.225586-0700]     1.2500 MB /   0.50 sec =   20.9712 Mbps     0 retrans
[2024-11-03T10:46:06.725591-0700]     1.1875 MB /   0.50 sec =   19.9227 Mbps     0 retrans
[2024-11-03T10:46:07.225560-0700]     0.5000 MB /   0.50 sec =    8.3888 Mbps     0 retrans
[2024-11-03T10:46:07.725608-0700]     1.4375 MB /   0.50 sec =   24.1165 Mbps     0 retrans
[2024-11-03T10:46:08.225594-0700]     1.0000 MB /   0.50 sec =   16.7774 Mbps     0 retrans
[2024-11-03T10:46:08.725625-0700]     0.8125 MB /   0.50 sec =   13.6300 Mbps     0 retrans
[2024-11-03T10:46:09.226157-0700]     1.1875 MB /   0.50 sec =   19.9082 Mbps     0 retrans
[2024-11-03T10:46:09.725570-0700]     1.1250 MB /   0.50 sec =   18.8907 Mbps     0 retrans
[2024-11-03T10:46:10.226041-0700]     1.1250 MB /   0.50 sec =   18.8715 Mbps     0 retrans
[2024-11-03T10:46:10.725570-0700]     1.3125 MB /   0.50 sec =   22.0238 Mbps     0 retrans
[2024-11-03T10:46:11.225721-0700]     1.0625 MB /   0.50 sec =   17.8209 Mbps     0 retrans
[2024-11-03T10:46:11.725757-0700]     1.0000 MB /   0.50 sec =   16.7812 Mbps     0 retrans
[2024-11-03T10:46:12.225709-0700]     1.0625 MB /   0.50 sec =   17.8271 Mbps     0 retrans
[2024-11-03T10:46:12.725538-0700]     1.1250 MB /   0.50 sec =   18.8736 Mbps     0 retrans
[2024-11-03T10:46:13.225741-0700]     1.0000 MB /   0.50 sec =   16.7721 Mbps     0 retrans
[2024-11-03T10:46:13.725559-0700]     1.6250 MB /   0.50 sec =   27.2709 Mbps     0 retrans
[2024-11-03T10:46:14.225534-0700]     1.3750 MB /   0.50 sec =   23.0688 Mbps     0 retrans
[2024-11-03T10:46:14.725578-0700]     1.3125 MB /   0.50 sec =   22.0199 Mbps     0 retrans
[2024-11-03T10:46:15.225544-0700]     1.1250 MB /   0.50 sec =   18.8747 Mbps     0 retrans
[2024-11-03T10:46:15.725658-0700]     1.2500 MB /   0.50 sec =   20.9715 Mbps     0 retrans
[2024-11-03T10:46:16.225528-0700]     1.1250 MB /   0.50 sec =   18.8746 Mbps     0 retrans
[2024-11-03T10:46:16.725570-0700]     1.0625 MB /   0.50 sec =   17.8255 Mbps     0 retrans
[2024-11-03T10:46:17.225538-0700]     1.0625 MB /   0.50 sec =   17.8259 Mbps     0 retrans
[2024-11-03T10:46:17.725721-0700]     1.0000 MB /   0.50 sec =   16.7771 Mbps     0 retrans
[2024-11-03T10:46:18.225950-0700]     1.0000 MB /   0.50 sec =   16.7642 Mbps     0 retrans
[2024-11-03T10:46:18.725558-0700]     1.0000 MB /   0.50 sec =   16.7903 Mbps     0 retrans
[2024-11-03T10:46:19.225592-0700]     1.3125 MB /   0.50 sec =   22.0194 Mbps     0 retrans
[2024-11-03T10:46:19.725607-0700]     1.1250 MB /   0.50 sec =   18.8747 Mbps     0 retrans
[2024-11-03T10:46:20.225563-0700]     1.4375 MB /   0.50 sec =   24.1172 Mbps     0 retrans
[2024-11-03T10:46:20.725571-0700]     1.3750 MB /   0.50 sec =   23.0689 Mbps     0 retrans
[2024-11-03T10:46:21.225590-0700]     1.6875 MB /   0.50 sec =   28.3117 Mbps     0 retrans
[2024-11-03T10:46:21.725746-0700]     1.8125 MB /   0.50 sec =   30.4080 Mbps     0 retrans
[2024-11-03T10:46:22.225572-0700]     1.6875 MB /   0.50 sec =   28.3100 Mbps     0 retrans
[2024-11-03T10:46:22.725711-0700]     1.9375 MB /   0.50 sec =   32.5000 Mbps     0 retrans
[2024-11-03T10:46:23.226127-0700]     1.9375 MB /   0.50 sec =   32.4964 Mbps     0 retrans
[2024-11-03T10:46:23.725895-0700]     1.6875 MB /   0.50 sec =   28.3076 Mbps     0 retrans
[2024-11-03T10:46:24.226739-0700]     0.8750 MB /   0.50 sec =   14.6576 Mbps     0 retrans
[2024-11-03T10:46:24.725583-0700]     1.1250 MB /   0.50 sec =   18.9161 Mbps     0 retrans
[2024-11-03T10:46:25.225555-0700]     1.1875 MB /   0.50 sec =   19.9234 Mbps     0 retrans
[2024-11-03T10:46:25.725677-0700]     0.9375 MB /   0.50 sec =   15.7288 Mbps     0 retrans
[2024-11-03T10:46:26.226951-0700]     0.6875 MB /   0.50 sec =   11.5034 Mbps     0 retrans
[2024-11-03T10:46:26.725794-0700]     1.1250 MB /   0.50 sec =   18.9223 Mbps     0 retrans
[2024-11-03T10:46:27.225564-0700]     2.0000 MB /   0.50 sec =   33.5589 Mbps     0 retrans
[2024-11-03T10:46:27.736149-0700]     2.4375 MB /   0.51 sec =   40.0820 Mbps     0 retrans
[2024-11-03T10:46:28.225568-0700]     2.4375 MB /   0.49 sec =   41.7409 Mbps     0 retrans
[2024-11-03T10:46:28.725559-0700]     2.6875 MB /   0.50 sec =   45.0884 Mbps     0 retrans
[2024-11-03T10:46:29.225617-0700]     1.8750 MB /   0.50 sec =   31.4568 Mbps     0 retrans
[2024-11-03T10:46:29.725612-0700]     1.7500 MB /   0.50 sec =   29.3586 Mbps     0 retrans
[2024-11-03T10:46:30.225693-0700]     1.3125 MB /   0.50 sec =   22.0158 Mbps     0 retrans
[2024-11-03T10:46:30.725590-0700]     1.3125 MB /   0.50 sec =   22.0259 Mbps     0 retrans
[2024-11-03T10:46:31.225610-0700]     0.5625 MB /   0.50 sec =    9.4363 Mbps     0 retrans
[2024-11-03T10:46:31.725900-0700]     0.3125 MB /   0.50 sec =    5.2409 Mbps     0 retrans
[2024-11-03T10:46:32.225869-0700]     2.6875 MB /   0.50 sec =   45.0877 Mbps     0 retrans
[2024-11-03T10:46:32.725999-0700]     2.1250 MB /   0.50 sec =   35.6390 Mbps     0 retrans
[2024-11-03T10:46:33.225545-0700]     1.5625 MB /   0.50 sec =   26.2369 Mbps     0 retrans
[2024-11-03T10:46:33.726778-0700]     1.7500 MB /   0.50 sec =   29.2922 Mbps     0 retrans
[2024-11-03T10:46:34.225921-0700]     1.8125 MB /   0.50 sec =   30.4749 Mbps     0 retrans
[2024-11-03T10:46:34.725634-0700]     2.7500 MB /   0.50 sec =   46.1391 Mbps     0 retrans
[2024-11-03T10:46:35.225574-0700]     1.5000 MB /   0.50 sec =   25.1678 Mbps     0 retrans
[2024-11-03T10:46:35.725773-0700]     2.8125 MB /   0.50 sec =   47.1711 Mbps     0 retrans
[2024-11-03T10:46:36.225763-0700]     0.6875 MB /   0.50 sec =   11.5345 Mbps     0 retrans
[2024-11-03T10:46:36.725642-0700]     2.9375 MB /   0.50 sec =   49.2933 Mbps     0 retrans
[2024-11-03T10:46:37.225591-0700]     1.4375 MB /   0.50 sec =   24.1190 Mbps     0 retrans
[2024-11-03T10:46:37.725778-0700]     1.4375 MB /   0.50 sec =   24.1184 Mbps     0 retrans
[2024-11-03T10:46:38.226894-0700]     2.1250 MB /   0.50 sec =   35.5601 Mbps     0 retrans
[2024-11-03T10:46:38.725557-0700]     1.8125 MB /   0.50 sec =   30.4875 Mbps     0 retrans
[2024-11-03T10:46:39.225776-0700]     0.5625 MB /   0.50 sec =    9.4375 Mbps     0 retrans
[2024-11-03T10:46:39.726696-0700]     0.7500 MB /   0.50 sec =   12.5558 Mbps     0 retrans
[2024-11-03T10:46:40.225554-0700]     1.6250 MB /   0.50 sec =   27.3206 Mbps     0 retrans
[2024-11-03T10:46:40.725789-0700]     0.5625 MB /   0.50 sec =    9.4341 Mbps     0 retrans
[2024-11-03T10:46:41.225565-0700]     2.2500 MB /   0.50 sec =   37.7609 Mbps     0 retrans
[2024-11-03T10:46:41.725583-0700]     2.0000 MB /   0.50 sec =   33.5532 Mbps     0 retrans
[2024-11-03T10:46:42.225779-0700]     1.6250 MB /   0.50 sec =   27.2547 Mbps     0 retrans
[2024-11-03T10:46:42.725731-0700]     1.2500 MB /   0.50 sec =   20.9727 Mbps     0 retrans
[2024-11-03T10:46:43.225508-0700]     1.0000 MB /   0.50 sec =   16.7824 Mbps     0 retrans
[2024-11-03T10:46:43.726560-0700]     2.4375 MB /   0.50 sec =   40.8154 Mbps     0 retrans
[2024-11-03T10:46:44.225652-0700]     1.8125 MB /   0.50 sec =   30.4617 Mbps     0 retrans
[2024-11-03T10:46:44.725568-0700]     1.1250 MB /   0.50 sec =   18.8773 Mbps     0 retrans
[2024-11-03T10:46:45.225578-0700]     2.2500 MB /   0.50 sec =   37.7496 Mbps     0 retrans
[2024-11-03T10:46:45.726718-0700]     0.9375 MB /   0.50 sec =   15.6948 Mbps     0 retrans
[2024-11-03T10:46:46.225564-0700]     1.8750 MB /   0.50 sec =   31.5254 Mbps     0 retrans
[2024-11-03T10:46:46.725590-0700]     1.2500 MB /   0.50 sec =   20.9704 Mbps     0 retrans
[2024-11-03T10:46:47.225610-0700]     1.0625 MB /   0.50 sec =   17.8240 Mbps     0 retrans
[2024-11-03T10:46:47.725665-0700]     1.5000 MB /   0.50 sec =   25.1674 Mbps     0 retrans
[2024-11-03T10:46:48.226948-0700]     1.2500 MB /   0.50 sec =   20.9175 Mbps     0 retrans
[2024-11-03T10:46:48.725680-0700]     2.1250 MB /   0.50 sec =   35.7477 Mbps     0 retrans
[2024-11-03T10:46:49.227014-0700]     1.3125 MB /   0.50 sec =   21.9584 Mbps     0 retrans
[2024-11-03T10:46:49.725653-0700]     1.1875 MB /   0.50 sec =   19.9752 Mbps     0 retrans
[2024-11-03T10:46:50.225687-0700]     1.5625 MB /   0.50 sec =   26.2123 Mbps     0 retrans
[2024-11-03T10:46:50.725528-0700]     1.4375 MB /   0.50 sec =   24.1236 Mbps     0 retrans
[2024-11-03T10:46:51.225542-0700]     1.1875 MB /   0.50 sec =   19.9226 Mbps     0 retrans
[2024-11-03T10:46:51.725532-0700]     1.3125 MB /   0.50 sec =   22.0206 Mbps     0 retrans
[2024-11-03T10:46:52.225529-0700]     1.7500 MB /   0.50 sec =   29.3597 Mbps     0 retrans
[2024-11-03T10:46:52.725584-0700]     1.5000 MB /   0.50 sec =   25.1653 Mbps     0 retrans
[2024-11-03T10:46:53.225511-0700]     1.6250 MB /   0.50 sec =   27.2645 Mbps     0 retrans
[2024-11-03T10:46:53.725547-0700]     1.9375 MB /   0.50 sec =   32.5046 Mbps     0 retrans
[2024-11-03T10:46:54.225848-0700]     1.5625 MB /   0.50 sec =   26.2136 Mbps     0 retrans
[2024-11-03T10:46:54.725990-0700]     1.6250 MB /   0.50 sec =   27.2407 Mbps     0 retrans
[2024-11-03T10:46:55.225653-0700]     1.8125 MB /   0.50 sec =   30.4284 Mbps     0 retrans
[2024-11-03T10:46:55.725731-0700]     1.9375 MB /   0.50 sec =   32.5092 Mbps     0 retrans
[2024-11-03T10:46:56.225656-0700]     1.6250 MB /   0.50 sec =   27.2600 Mbps     0 retrans
[2024-11-03T10:46:56.725673-0700]     2.3125 MB /   0.50 sec =   38.8075 Mbps     0 retrans
[2024-11-03T10:46:57.225568-0700]     2.1250 MB /   0.50 sec =   35.6489 Mbps     0 retrans
[2024-11-03T10:46:57.725525-0700]     2.1250 MB /   0.50 sec =   35.6526 Mbps     0 retrans
[2024-11-03T10:46:58.225556-0700]     2.3750 MB /   0.50 sec =   39.8453 Mbps     0 retrans
[2024-11-03T10:46:58.725758-0700]     2.3125 MB /   0.50 sec =   38.7946 Mbps     0 retrans
[2024-11-03T10:46:59.225929-0700]     2.5625 MB /   0.50 sec =   42.9636 Mbps     0 retrans
[2024-11-03T10:46:59.725658-0700]     2.1250 MB /   0.50 sec =   35.6703 Mbps     0 retrans
[2024-11-03T10:47:00.225715-0700]     2.4375 MB /   0.50 sec =   40.9022 Mbps     0 retrans
[2024-11-03T10:47:00.725554-0700]     2.6250 MB /   0.50 sec =   44.0405 Mbps     0 retrans
[2024-11-03T10:47:01.225704-0700]     3.1250 MB /   0.50 sec =   52.4323 Mbps     0 retrans
[2024-11-03T10:47:01.725765-0700]     2.6875 MB /   0.50 sec =   45.0876 Mbps     0 retrans
[2024-11-03T10:47:02.225540-0700]     2.5625 MB /   0.50 sec =   42.9906 Mbps     0 retrans
[2024-11-03T10:47:02.725554-0700]     2.7500 MB /   0.50 sec =   46.1362 Mbps     0 retrans
[2024-11-03T10:47:03.225555-0700]     4.0625 MB /   0.50 sec =   68.1573 Mbps     0 retrans
[2024-11-03T10:47:03.725594-0700]     3.6250 MB /   0.50 sec =   60.8166 Mbps     0 retrans
[2024-11-03T10:47:04.225556-0700]     2.9375 MB /   0.50 sec =   49.2845 Mbps     0 retrans
[2024-11-03T10:47:04.725702-0700]     1.9375 MB /   0.50 sec =   32.4989 Mbps     0 retrans
[2024-11-03T10:47:05.225589-0700]     2.1250 MB /   0.50 sec =   35.6584 Mbps     0 retrans
[2024-11-03T10:47:05.725556-0700]     2.2500 MB /   0.50 sec =   37.7496 Mbps     0 retrans
[2024-11-03T10:47:06.225773-0700]     2.4375 MB /   0.50 sec =   40.8941 Mbps     0 retrans
[2024-11-03T10:47:06.725557-0700]     2.7500 MB /   0.50 sec =   46.1378 Mbps     0 retrans
[2024-11-03T10:47:07.225589-0700]     2.0625 MB /   0.50 sec =   34.6022 Mbps     0 retrans
[2024-11-03T10:47:07.725639-0700]     1.8125 MB /   0.50 sec =   30.4093 Mbps     0 retrans
[2024-11-03T10:47:08.225591-0700]     2.3125 MB /   0.50 sec =   38.7966 Mbps     0 retrans
[2024-11-03T10:47:08.725665-0700]     2.2500 MB /   0.50 sec =   37.7519 Mbps     0 retrans
[2024-11-03T10:47:09.225597-0700]     2.5000 MB /   0.50 sec =   41.9397 Mbps     0 retrans
[2024-11-03T10:47:09.725707-0700]     1.4375 MB /   0.50 sec =   24.1164 Mbps     0 retrans
[2024-11-03T10:47:10.225880-0700]     1.4375 MB /   0.50 sec =   24.1029 Mbps     0 retrans
[2024-11-03T10:47:10.725623-0700]     1.4375 MB /   0.50 sec =   24.1297 Mbps     0 retrans
[2024-11-03T10:47:11.225524-0700]     1.2500 MB /   0.50 sec =   20.9745 Mbps     0 retrans
[2024-11-03T10:47:11.725610-0700]     1.1875 MB /   0.50 sec =   19.9221 Mbps     0 retrans
[2024-11-03T10:47:12.225603-0700]     1.2500 MB /   0.50 sec =   20.9719 Mbps     0 retrans
[2024-11-03T10:47:12.725603-0700]     1.1250 MB /   0.50 sec =   18.8740 Mbps     0 retrans
[2024-11-03T10:47:13.225579-0700]     1.1250 MB /   0.50 sec =   18.8743 Mbps     0 retrans
[2024-11-03T10:47:13.725859-0700]     0.5625 MB /   0.50 sec =    9.4376 Mbps     0 retrans
[2024-11-03T10:47:14.225713-0700]     1.3750 MB /   0.50 sec =   23.0686 Mbps     0 retrans
[2024-11-03T10:47:14.726001-0700]     0.9375 MB /   0.50 sec =   15.7154 Mbps     0 retrans
[2024-11-03T10:47:15.225656-0700]     0.8750 MB /   0.50 sec =   14.6903 Mbps     0 retrans
[2024-11-03T10:47:15.725636-0700]     0.9375 MB /   0.50 sec =   15.7290 Mbps     0 retrans
[2024-11-03T10:47:16.225643-0700]     0.5625 MB /   0.50 sec =    9.4374 Mbps     0 retrans
[2024-11-03T10:47:16.725622-0700]     0.5625 MB /   0.50 sec =    9.4367 Mbps     0 retrans
[2024-11-03T10:47:17.225629-0700]     0.4375 MB /   0.50 sec =    7.3399 Mbps     0 retrans
[2024-11-03T10:47:17.725786-0700]     0.3125 MB /   0.50 sec =    5.2431 Mbps     0 retrans
[2024-11-03T10:47:18.225612-0700]     0.5625 MB /   0.50 sec =    9.4378 Mbps     0 retrans
[2024-11-03T10:47:18.725574-0700]     0.5625 MB /   0.50 sec =    9.4377 Mbps     0 retrans
[2024-11-03T10:47:19.225595-0700]     0.5000 MB /   0.50 sec =    8.3884 Mbps     0 retrans
[2024-11-03T10:47:19.725609-0700]     0.4375 MB /   0.50 sec =    7.3400 Mbps     0 retrans
[2024-11-03T10:47:20.225585-0700]     0.2500 MB /   0.50 sec =    4.1944 Mbps     0 retrans
[2024-11-03T10:47:20.725609-0700]     0.3750 MB /   0.50 sec =    6.2912 Mbps     0 retrans
[2024-11-03T10:47:21.225612-0700]     0.5000 MB /   0.50 sec =    8.3881 Mbps     0 retrans
[2024-11-03T10:47:21.725606-0700]     0.4375 MB /   0.50 sec =    7.3406 Mbps     0 retrans
[2024-11-03T10:47:22.225745-0700]     0.3750 MB /   0.50 sec =    6.2916 Mbps     0 retrans
[2024-11-03T10:47:22.725603-0700]     0.3750 MB /   0.50 sec =    6.2912 Mbps     0 retrans
[2024-11-03T10:47:23.225588-0700]     0.3750 MB /   0.50 sec =    6.2918 Mbps     0 retrans
[2024-11-03T10:47:23.725646-0700]     0.3125 MB /   0.50 sec =    5.2420 Mbps     0 retrans
[2024-11-03T10:47:24.225584-0700]     0.4375 MB /   0.50 sec =    7.3412 Mbps     0 retrans
[2024-11-03T10:47:24.725659-0700]     0.5000 MB /   0.50 sec =    8.3878 Mbps     0 retrans
[2024-11-03T10:47:25.225593-0700]     0.5625 MB /   0.50 sec =    9.4380 Mbps     0 retrans
[2024-11-03T10:47:25.725782-0700]     0.5000 MB /   0.50 sec =    8.3889 Mbps     0 retrans
[2024-11-03T10:47:26.226061-0700]     0.4375 MB /   0.50 sec =    7.3329 Mbps     0 retrans
[2024-11-03T10:47:26.725591-0700]     0.3125 MB /   0.50 sec =    5.2477 Mbps     0 retrans
[2024-11-03T10:47:27.225589-0700]     0.5000 MB /   0.50 sec =    8.3887 Mbps     0 retrans
[2024-11-03T10:47:27.725603-0700]     0.5000 MB /   0.50 sec =    8.3885 Mbps     0 retrans
[2024-11-03T10:47:28.225549-0700]     0.5000 MB /   0.50 sec =    8.3888 Mbps     0 retrans
[2024-11-03T10:47:28.725601-0700]     0.5000 MB /   0.50 sec =    8.3884 Mbps     0 retrans
[2024-11-03T10:47:29.225569-0700]     0.6250 MB /   0.50 sec =   10.4858 Mbps     0 retrans
[2024-11-03T10:47:29.725665-0700]     0.5000 MB /   0.50 sec =    8.3875 Mbps     0 retrans
[2024-11-03T10:47:30.225783-0700]     0.1875 MB /   0.50 sec =    3.1464 Mbps     0 retrans
[2024-11-03T10:47:30.725617-0700]     0.3750 MB /   0.50 sec =    6.2910 Mbps     0 retrans
[2024-11-03T10:47:31.225601-0700]     0.2500 MB /   0.50 sec =    4.1944 Mbps     0 retrans
[2024-11-03T10:47:31.725789-0700]     0.0625 MB /   0.50 sec =    1.0482 Mbps     0 retrans
[2024-11-03T10:47:32.225605-0700]     0.4375 MB /   0.50 sec =    7.3425 Mbps     0 retrans
[2024-11-03T10:47:32.725607-0700]     0.3750 MB /   0.50 sec =    6.2916 Mbps     0 retrans
[2024-11-03T10:47:33.225597-0700]     0.3125 MB /   0.50 sec =    5.2428 Mbps     0 retrans
[2024-11-03T10:47:33.725861-0700]     0.2500 MB /   0.50 sec =    4.1943 Mbps     0 retrans
[2024-11-03T10:47:34.226002-0700]     0.3125 MB /   0.50 sec =    5.2390 Mbps     0 retrans
[2024-11-03T10:47:34.726670-0700]     0.3750 MB /   0.50 sec =    6.2830 Mbps     0 retrans
[2024-11-03T10:47:35.225602-0700]     0.1250 MB /   0.50 sec =    2.1015 Mbps     0 retrans
[2024-11-03T10:47:35.725574-0700]     0.3125 MB /   0.50 sec =    5.2430 Mbps     0 retrans
[2024-11-03T10:47:36.225757-0700]     0.4375 MB /   0.50 sec =    7.3403 Mbps     0 retrans
[2024-11-03T10:47:36.725631-0700]     0.3750 MB /   0.50 sec =    6.2908 Mbps     0 retrans
[2024-11-03T10:47:37.225599-0700]     0.4375 MB /   0.50 sec =    7.3407 Mbps     0 retrans
[2024-11-03T10:47:37.725611-0700]     0.3750 MB /   0.50 sec =    6.2912 Mbps     0 retrans
[2024-11-03T10:47:38.225574-0700]     0.2500 MB /   0.50 sec =    4.1945 Mbps     0 retrans
[2024-11-03T10:47:38.725638-0700]     0.1875 MB /   0.50 sec =    3.1454 Mbps     0 retrans
[2024-11-03T10:47:39.225728-0700]     0.0000 MB /   0.50 sec =    0.0000 Mbps     0 retrans
[2024-11-03T10:47:39.726693-0700]     0.0000 MB /   0.50 sec =    0.0000 Mbps     0 retrans
[2024-11-03T10:47:40.225727-0700]     0.0000 MB /   0.50 sec =    0.0000 Mbps     0 retrans
[2024-11-03T10:47:40.726698-0700]     0.4375 MB /   0.50 sec =    7.3265 Mbps     0 retrans
[2024-11-03T10:47:41.225568-0700]     0.6250 MB /   0.50 sec =   10.5080 Mbps     0 retrans
[2024-11-03T10:47:41.725581-0700]     0.3750 MB /   0.50 sec =    6.2914 Mbps     0 retrans
[2024-11-03T10:47:42.225568-0700]     0.3125 MB /   0.50 sec =    5.2429 Mbps     0 retrans
[2024-11-03T10:47:42.725623-0700]     0.2500 MB /   0.50 sec =    4.1945 Mbps     0 retrans
[2024-11-03T10:47:43.225832-0700]     0.1250 MB /   0.50 sec =    2.0963 Mbps     0 retrans
[2024-11-03T10:47:43.725463-0700]     0.3750 MB /   0.50 sec =    6.2941 Mbps     0 retrans
[2024-11-03T10:47:44.226060-0700]     0.5000 MB /   0.50 sec =    8.3804 Mbps     0 retrans
[2024-11-03T10:47:44.725505-0700]     0.5625 MB /   0.50 sec =    9.4463 Mbps     0 retrans
[2024-11-03T10:47:45.226008-0700]     0.6875 MB /   0.50 sec =   11.5240 Mbps     0 retrans
[2024-11-03T10:47:45.725669-0700]     0.7500 MB /   0.50 sec =   12.5920 Mbps     0 retrans
[2024-11-03T10:47:46.225591-0700]     0.9375 MB /   0.50 sec =   15.7306 Mbps     0 retrans
[2024-11-03T10:47:46.725599-0700]     0.4375 MB /   0.50 sec =    7.3401 Mbps     0 retrans
[2024-11-03T10:47:47.226637-0700]     0.8750 MB /   0.50 sec =   14.6496 Mbps     0 retrans
[2024-11-03T10:47:47.725630-0700]     1.1250 MB /   0.50 sec =   18.9126 Mbps     0 retrans
[2024-11-03T10:47:48.225721-0700]     1.1250 MB /   0.50 sec =   18.8753 Mbps     0 retrans
[2024-11-03T10:47:48.725607-0700]     1.3125 MB /   0.50 sec =   22.0197 Mbps     0 retrans
[2024-11-03T10:47:49.225998-0700]     1.5000 MB /   0.50 sec =   25.1535 Mbps     0 retrans
[2024-11-03T10:47:49.726042-0700]     1.9375 MB /   0.50 sec =   32.4939 Mbps     0 retrans
[2024-11-03T10:47:50.225556-0700]     1.6250 MB /   0.50 sec =   27.2874 Mbps     0 retrans
[2024-11-03T10:47:50.725555-0700]     2.1875 MB /   0.50 sec =   36.6999 Mbps     0 retrans
[2024-11-03T10:47:51.225567-0700]     1.3750 MB /   0.50 sec =   23.0684 Mbps     0 retrans
[2024-11-03T10:47:51.726769-0700]     0.3750 MB /   0.50 sec =    6.2773 Mbps     0 retrans
[2024-11-03T10:47:52.225584-0700]     2.2500 MB /   0.50 sec =   37.8326 Mbps     0 retrans
[2024-11-03T10:47:52.725720-0700]     1.3125 MB /   0.50 sec =   22.0206 Mbps     0 retrans
[2024-11-03T10:47:53.225594-0700]     1.0625 MB /   0.50 sec =   17.8242 Mbps     0 retrans
[2024-11-03T10:47:53.725634-0700]     1.4375 MB /   0.50 sec =   24.1186 Mbps     0 retrans
[2024-11-03T10:47:54.225592-0700]     1.2500 MB /   0.50 sec =   20.9718 Mbps     0 retrans
[2024-11-03T10:47:54.726734-0700]     1.5000 MB /   0.50 sec =   25.1107 Mbps     0 retrans
[2024-11-03T10:47:55.226836-0700]     1.1250 MB /   0.50 sec =   18.8762 Mbps     0 retrans
[2024-11-03T10:47:55.725803-0700]     1.2500 MB /   0.50 sec =   21.0087 Mbps     0 retrans
[2024-11-03T10:47:56.225691-0700]     1.6250 MB /   0.50 sec =   27.2746 Mbps     0 retrans
[2024-11-03T10:47:56.726768-0700]     1.4375 MB /   0.50 sec =   24.0613 Mbps     0 retrans
End time: 1730656076973
