Start time: 1730676739213
[2024-11-03T16:32:20.387277-0700] nuttcp-r: v8.1.4: socket
[2024-11-03T16:32:20.388105-0700] nuttcp-r: buflen=65536, nstream=1, port=5102 tcp
[2024-11-03T16:32:20.388168-0700] nuttcp-r: interval reporting every 0.50 seconds
[2024-11-03T16:32:20.388211-0700] nuttcp-r: connect to 54.176.53.206 with RTT=129.928 ms af=inet
[2024-11-03T16:32:20.388252-0700] nuttcp-r: send window size = 2097152, receive window size = 6291456
[2024-11-03T16:32:20.388291-0700] nuttcp-r: available send window = 1572864, available receive window = 4718592
[2024-11-03T16:32:20.388330-0700]     0.0625 MB /   0.50 sec =    1.0484 Mbps     0 retrans
[2024-11-03T16:32:20.887094-0700]     0.1875 MB /   0.50 sec =    3.1457 Mbps     0 retrans
[2024-11-03T16:32:21.387761-0700]     0.2500 MB /   0.50 sec =    4.1912 Mbps     0 retrans
[2024-11-03T16:32:21.887300-0700]     0.3750 MB /   0.50 sec =    6.2966 Mbps     0 retrans
[2024-11-03T16:32:22.387653-0700]     0.5000 MB /   0.50 sec =    8.3884 Mbps     0 retrans
[2024-11-03T16:32:22.886933-0700]     0.5000 MB /   0.50 sec =    8.3889 Mbps     0 retrans
[2024-11-03T16:32:23.387032-0700]     0.5625 MB /   0.50 sec =    9.4358 Mbps     0 retrans
[2024-11-03T16:32:23.886920-0700]     0.6250 MB /   0.50 sec =   10.4875 Mbps     0 retrans
[2024-11-03T16:32:24.386942-0700]     0.6875 MB /   0.50 sec =   11.5340 Mbps     0 retrans
[2024-11-03T16:32:24.886927-0700]     0.6875 MB /   0.50 sec =   11.5346 Mbps     0 retrans
[2024-11-03T16:32:25.386964-0700]     0.6250 MB /   0.50 sec =   10.4856 Mbps     0 retrans
[2024-11-03T16:32:25.887124-0700]     0.2500 MB /   0.50 sec =    4.1929 Mbps     0 retrans
[2024-11-03T16:32:26.386837-0700]     0.7500 MB /   0.50 sec =   12.5879 Mbps     0 retrans
[2024-11-03T16:32:26.887258-0700]     0.7500 MB /   0.50 sec =   12.5740 Mbps     0 retrans
[2024-11-03T16:32:27.387123-0700]     0.5625 MB /   0.50 sec =    9.4433 Mbps     0 retrans
[2024-11-03T16:32:27.886852-0700]     1.0000 MB /   0.50 sec =   16.7781 Mbps     0 retrans
[2024-11-03T16:32:28.387215-0700]     1.0000 MB /   0.50 sec =   16.7735 Mbps     0 retrans
[2024-11-03T16:32:28.886905-0700]     0.8125 MB /   0.50 sec =   13.6343 Mbps     0 retrans
[2024-11-03T16:32:29.386955-0700]     0.8125 MB /   0.50 sec =   13.6307 Mbps     0 retrans
[2024-11-03T16:32:29.886934-0700]     0.8750 MB /   0.50 sec =   14.6791 Mbps     0 retrans
[2024-11-03T16:32:30.386906-0700]     0.8750 MB /   0.50 sec =   14.6818 Mbps     0 retrans
[2024-11-03T16:32:30.887197-0700]     0.5000 MB /   0.50 sec =    8.3854 Mbps     0 retrans
[2024-11-03T16:32:31.386997-0700]     0.1875 MB /   0.50 sec =    3.1465 Mbps     0 retrans
[2024-11-03T16:32:31.886858-0700]     1.0000 MB /   0.50 sec =   16.7795 Mbps     0 retrans
[2024-11-03T16:32:32.386999-0700]     0.1875 MB /   0.50 sec =    3.1454 Mbps     0 retrans
[2024-11-03T16:32:32.886929-0700]     0.0000 MB /   0.50 sec =    0.0000 Mbps     0 retrans
[2024-11-03T16:32:33.387123-0700]     0.0000 MB /   0.50 sec =    0.0000 Mbps     0 retrans
[2024-11-03T16:32:33.887001-0700]     0.0000 MB /   0.50 sec =    0.0000 Mbps     0 retrans
[2024-11-03T16:32:34.387096-0700]     0.0000 MB /   0.50 sec =    0.0000 Mbps     0 retrans
[2024-11-03T16:32:34.886925-0700]     0.1875 MB /   0.50 sec =    3.1458 Mbps     0 retrans
[2024-11-03T16:32:35.387050-0700]     0.0000 MB /   0.50 sec =    0.0000 Mbps     0 retrans
[2024-11-03T16:32:35.886949-0700]     0.0000 MB /   0.50 sec =    0.0000 Mbps     0 retrans
[2024-11-03T16:32:36.387010-0700]     0.1250 MB /   0.50 sec =    2.0971 Mbps     0 retrans
[2024-11-03T16:32:36.886954-0700]     0.2500 MB /   0.50 sec =    4.1945 Mbps     0 retrans
[2024-11-03T16:32:37.386896-0700]     0.2500 MB /   0.50 sec =    4.1947 Mbps     0 retrans
[2024-11-03T16:32:37.887105-0700]     0.0625 MB /   0.50 sec =    1.0485 Mbps     0 retrans
[2024-11-03T16:32:38.386914-0700]     0.0000 MB /   0.50 sec =    0.0000 Mbps     0 retrans
[2024-11-03T16:32:38.886951-0700]     1.3125 MB /   0.50 sec =   22.0215 Mbps     0 retrans
[2024-11-03T16:32:39.386978-0700]     0.9375 MB /   0.50 sec =   15.7286 Mbps     0 retrans
[2024-11-03T16:32:39.886915-0700]     1.4375 MB /   0.50 sec =   24.1179 Mbps     0 retrans
[2024-11-03T16:32:40.386942-0700]     1.4375 MB /   0.50 sec =   24.1175 Mbps     0 retrans
[2024-11-03T16:32:40.886906-0700]     1.6250 MB /   0.50 sec =   27.2633 Mbps     0 retrans
[2024-11-03T16:32:41.386924-0700]     1.5625 MB /   0.50 sec =   26.2134 Mbps     0 retrans
[2024-11-03T16:32:41.886913-0700]     1.7500 MB /   0.50 sec =   29.3612 Mbps     0 retrans
[2024-11-03T16:32:42.386912-0700]     1.8750 MB /   0.50 sec =   31.4573 Mbps     0 retrans
[2024-11-03T16:32:42.886907-0700]     1.8750 MB /   0.50 sec =   31.4574 Mbps     0 retrans
[2024-11-03T16:32:43.386932-0700]     2.2500 MB /   0.50 sec =   37.7469 Mbps     0 retrans
[2024-11-03T16:32:43.886815-0700]     1.9375 MB /   0.50 sec =   32.5092 Mbps     0 retrans
[2024-11-03T16:32:44.386998-0700]     2.9375 MB /   0.50 sec =   49.2724 Mbps     0 retrans
[2024-11-03T16:32:44.886907-0700]     2.6250 MB /   0.50 sec =   44.0472 Mbps     0 retrans
[2024-11-03T16:32:45.387064-0700]     3.1875 MB /   0.50 sec =   53.4749 Mbps     0 retrans
[2024-11-03T16:32:45.886888-0700]     3.1875 MB /   0.50 sec =   53.4792 Mbps     0 retrans
[2024-11-03T16:32:46.386934-0700]     3.6250 MB /   0.50 sec =   60.8163 Mbps     0 retrans
[2024-11-03T16:32:46.886903-0700]     3.6875 MB /   0.50 sec =   61.8669 Mbps     0 retrans
[2024-11-03T16:32:47.386953-0700]     3.9375 MB /   0.50 sec =   66.0582 Mbps     0 retrans
[2024-11-03T16:32:47.886906-0700]     4.3125 MB /   0.50 sec =   72.3558 Mbps     0 retrans
[2024-11-03T16:32:48.386990-0700]     4.4375 MB /   0.50 sec =   74.4415 Mbps     0 retrans
[2024-11-03T16:32:48.886975-0700]     5.0625 MB /   0.50 sec =   84.9311 Mbps     0 retrans
[2024-11-03T16:32:49.386841-0700]     2.1250 MB /   0.50 sec =   35.6575 Mbps     0 retrans
[2024-11-03T16:32:49.886909-0700]     0.7500 MB /   0.50 sec =   12.5826 Mbps     0 retrans
[2024-11-03T16:32:50.386951-0700]     1.7500 MB /   0.50 sec =   29.3587 Mbps     0 retrans
[2024-11-03T16:32:50.887076-0700]     3.4375 MB /   0.50 sec =   57.6635 Mbps     0 retrans
[2024-11-03T16:32:51.386960-0700]     3.3125 MB /   0.50 sec =   55.5802 Mbps     0 retrans
[2024-11-03T16:32:51.886979-0700]     2.6875 MB /   0.50 sec =   45.0869 Mbps     0 retrans
[2024-11-03T16:32:52.386928-0700]     2.6875 MB /   0.50 sec =   45.0927 Mbps     0 retrans
[2024-11-03T16:32:52.886911-0700]     2.8750 MB /   0.50 sec =   48.2358 Mbps     0 retrans
[2024-11-03T16:32:53.386949-0700]     2.8750 MB /   0.50 sec =   48.2334 Mbps     0 retrans
[2024-11-03T16:32:53.886916-0700]     3.5625 MB /   0.50 sec =   59.7691 Mbps     0 retrans
[2024-11-03T16:32:54.386959-0700]     3.4375 MB /   0.50 sec =   57.6714 Mbps     0 retrans
[2024-11-03T16:32:54.886939-0700]     2.8750 MB /   0.50 sec =   48.2358 Mbps     0 retrans
[2024-11-03T16:32:55.386833-0700]     3.0625 MB /   0.50 sec =   51.3838 Mbps     0 retrans
[2024-11-03T16:32:55.886846-0700]     2.7500 MB /   0.50 sec =   46.1363 Mbps     0 retrans
[2024-11-03T16:32:56.386996-0700]     2.8750 MB /   0.50 sec =   48.2257 Mbps     0 retrans
[2024-11-03T16:32:56.886928-0700]     3.4375 MB /   0.50 sec =   57.6780 Mbps     0 retrans
[2024-11-03T16:32:57.386997-0700]     2.8750 MB /   0.50 sec =   48.2364 Mbps     0 retrans
[2024-11-03T16:32:57.886898-0700]     3.3750 MB /   0.50 sec =   56.6227 Mbps     0 retrans
[2024-11-03T16:32:58.387108-0700]     3.3125 MB /   0.50 sec =   55.5723 Mbps     0 retrans
[2024-11-03T16:32:58.886909-0700]     3.6875 MB /   0.50 sec =   61.8685 Mbps     0 retrans
[2024-11-03T16:32:59.386987-0700]     3.3125 MB /   0.50 sec =   55.5680 Mbps     0 retrans
[2024-11-03T16:32:59.887080-0700]     2.8125 MB /   0.50 sec =   47.1799 Mbps     0 retrans
[2024-11-03T16:33:00.386917-0700]     0.8750 MB /   0.50 sec =   14.6836 Mbps     0 retrans
[2024-11-03T16:33:00.886907-0700]     2.9375 MB /   0.50 sec =   49.2830 Mbps     0 retrans
[2024-11-03T16:33:01.386823-0700]     3.0625 MB /   0.50 sec =   51.3832 Mbps     0 retrans
[2024-11-03T16:33:01.886919-0700]     4.8125 MB /   0.50 sec =   80.7357 Mbps     0 retrans
[2024-11-03T16:33:02.386923-0700]     4.4375 MB /   0.50 sec =   74.4470 Mbps     0 retrans
[2024-11-03T16:33:02.886903-0700]     4.4375 MB /   0.50 sec =   74.4520 Mbps     0 retrans
[2024-11-03T16:33:03.386946-0700]     4.6875 MB /   0.50 sec =   78.6391 Mbps     0 retrans
[2024-11-03T16:33:03.886902-0700]     2.8750 MB /   0.50 sec =   48.2367 Mbps     0 retrans
[2024-11-03T16:33:04.386935-0700]     4.2500 MB /   0.50 sec =   71.3020 Mbps     0 retrans
[2024-11-03T16:33:04.886902-0700]     4.2500 MB /   0.50 sec =   71.3040 Mbps     0 retrans
[2024-11-03T16:33:05.387103-0700]     4.3750 MB /   0.50 sec =   73.3962 Mbps     0 retrans
[2024-11-03T16:33:05.886853-0700]     5.3750 MB /   0.50 sec =   90.1858 Mbps     0 retrans
[2024-11-03T16:33:06.386925-0700]     3.9375 MB /   0.50 sec =   66.0559 Mbps     0 retrans
[2024-11-03T16:33:06.886817-0700]     5.2500 MB /   0.50 sec =   88.0890 Mbps     0 retrans
[2024-11-03T16:33:07.387021-0700]     5.3125 MB /   0.50 sec =   89.1145 Mbps     0 retrans
[2024-11-03T16:33:07.886887-0700]     5.3125 MB /   0.50 sec =   89.1384 Mbps     0 retrans
[2024-11-03T16:33:08.386915-0700]     5.2500 MB /   0.50 sec =   88.0795 Mbps     0 retrans
[2024-11-03T16:33:08.886911-0700]     5.8125 MB /   0.50 sec =   97.5168 Mbps     0 retrans
[2024-11-03T16:33:09.387125-0700]     5.7500 MB /   0.50 sec =   96.4620 Mbps     0 retrans
[2024-11-03T16:33:09.886914-0700]     5.2500 MB /   0.50 sec =   88.0871 Mbps     0 retrans
[2024-11-03T16:33:10.386972-0700]     6.2500 MB /   0.50 sec =  104.8440 Mbps     0 retrans
[2024-11-03T16:33:10.886902-0700]     6.9375 MB /   0.50 sec =  116.4080 Mbps     0 retrans
[2024-11-03T16:33:11.386847-0700]     5.6250 MB /   0.50 sec =   94.3749 Mbps     0 retrans
[2024-11-03T16:33:11.886934-0700]     8.1875 MB /   0.50 sec =  137.3536 Mbps     0 retrans
[2024-11-03T16:33:12.386927-0700]     7.6250 MB /   0.50 sec =  127.9263 Mbps     0 retrans
[2024-11-03T16:33:12.886909-0700]     6.8125 MB /   0.50 sec =  114.3000 Mbps     0 retrans
[2024-11-03T16:33:13.386911-0700]     6.3750 MB /   0.50 sec =  106.9528 Mbps     0 retrans
[2024-11-03T16:33:13.886910-0700]     6.0625 MB /   0.50 sec =  101.7131 Mbps     0 retrans
[2024-11-03T16:33:14.387022-0700]     6.5000 MB /   0.50 sec =  109.0316 Mbps     0 retrans
[2024-11-03T16:33:14.886961-0700]     6.5625 MB /   0.50 sec =  110.1073 Mbps     0 retrans
[2024-11-03T16:33:15.386912-0700]     7.4375 MB /   0.50 sec =  124.7958 Mbps     0 retrans
[2024-11-03T16:33:15.886877-0700]     6.8750 MB /   0.50 sec =  115.3496 Mbps     0 retrans
[2024-11-03T16:33:16.386965-0700]     7.1875 MB /   0.50 sec =  120.5725 Mbps     0 retrans
[2024-11-03T16:33:16.886845-0700]     1.3125 MB /   0.50 sec =   22.0223 Mbps     0 retrans
[2024-11-03T16:33:17.387020-0700]     0.1250 MB /   0.50 sec =    2.0967 Mbps     0 retrans
[2024-11-03T16:33:17.886910-0700]     4.2500 MB /   0.50 sec =   71.3160 Mbps     0 retrans
[2024-11-03T16:33:18.386998-0700]     1.7500 MB /   0.50 sec =   29.3550 Mbps     0 retrans
[2024-11-03T16:33:18.887044-0700]     1.3750 MB /   0.50 sec =   23.0673 Mbps     0 retrans
[2024-11-03T16:33:19.387065-0700]     1.1250 MB /   0.50 sec =   18.8780 Mbps     0 retrans
[2024-11-03T16:33:19.886919-0700]     2.8125 MB /   0.50 sec =   47.1872 Mbps     0 retrans
[2024-11-03T16:33:20.386903-0700]     4.4375 MB /   0.50 sec =   74.4498 Mbps     0 retrans
[2024-11-03T16:33:20.887027-0700]     4.5000 MB /   0.50 sec =   75.4825 Mbps     0 retrans
[2024-11-03T16:33:21.386945-0700]     4.3125 MB /   0.50 sec =   72.3635 Mbps     0 retrans
[2024-11-03T16:33:21.886888-0700]     4.4375 MB /   0.50 sec =   74.4522 Mbps     0 retrans
[2024-11-03T16:33:22.386845-0700]     5.0625 MB /   0.50 sec =   84.9362 Mbps     0 retrans
[2024-11-03T16:33:22.886951-0700]     5.9375 MB /   0.50 sec =   99.6087 Mbps     0 retrans
[2024-11-03T16:33:23.386952-0700]     5.1250 MB /   0.50 sec =   85.9803 Mbps     0 retrans
[2024-11-03T16:33:23.886916-0700]     5.8125 MB /   0.50 sec =   97.5248 Mbps     0 retrans
[2024-11-03T16:33:24.386913-0700]     5.0625 MB /   0.50 sec =   84.9340 Mbps     0 retrans
[2024-11-03T16:33:24.886913-0700]     5.1250 MB /   0.50 sec =   85.9829 Mbps     0 retrans
[2024-11-03T16:33:25.386968-0700]     4.5000 MB /   0.50 sec =   75.4935 Mbps     0 retrans
[2024-11-03T16:33:25.886873-0700]     5.1250 MB /   0.50 sec =   85.9942 Mbps     0 retrans
[2024-11-03T16:33:26.386910-0700]     6.0625 MB /   0.50 sec =  101.7054 Mbps     0 retrans
[2024-11-03T16:33:26.886916-0700]     4.6875 MB /   0.50 sec =   78.6432 Mbps     0 retrans
[2024-11-03T16:33:27.386908-0700]     3.3750 MB /   0.50 sec =   56.6224 Mbps     0 retrans
[2024-11-03T16:33:27.886859-0700]     4.2500 MB /   0.50 sec =   71.3054 Mbps     0 retrans
[2024-11-03T16:33:28.386945-0700]     5.2500 MB /   0.50 sec =   88.0746 Mbps     0 retrans
[2024-11-03T16:33:28.886981-0700]     3.2500 MB /   0.50 sec =   54.5212 Mbps     0 retrans
[2024-11-03T16:33:29.386911-0700]     3.1875 MB /   0.50 sec =   53.4840 Mbps     0 retrans
[2024-11-03T16:33:29.887004-0700]     1.4375 MB /   0.50 sec =   24.1138 Mbps     0 retrans
[2024-11-03T16:33:30.387021-0700]     2.0000 MB /   0.50 sec =   33.5534 Mbps     0 retrans
[2024-11-03T16:33:30.886903-0700]     5.3125 MB /   0.50 sec =   89.1455 Mbps     0 retrans
[2024-11-03T16:33:31.387003-0700]     4.1875 MB /   0.50 sec =   70.2425 Mbps     0 retrans
[2024-11-03T16:33:31.886928-0700]     4.0000 MB /   0.50 sec =   67.1189 Mbps     0 retrans
[2024-11-03T16:33:32.386928-0700]     5.0000 MB /   0.50 sec =   83.8861 Mbps     0 retrans
[2024-11-03T16:33:32.886910-0700]     4.5625 MB /   0.50 sec =   76.5464 Mbps     0 retrans
[2024-11-03T16:33:33.386928-0700]     4.5625 MB /   0.50 sec =   76.5456 Mbps     0 retrans
[2024-11-03T16:33:33.886931-0700]     4.3750 MB /   0.50 sec =   73.4003 Mbps     0 retrans
[2024-11-03T16:33:34.386857-0700]     4.0625 MB /   0.50 sec =   68.1561 Mbps     0 retrans
[2024-11-03T16:33:34.886915-0700]     5.0000 MB /   0.50 sec =   83.8888 Mbps     0 retrans
[2024-11-03T16:33:35.386978-0700]     4.6875 MB /   0.50 sec =   78.6336 Mbps     0 retrans
[2024-11-03T16:33:35.886989-0700]     3.6875 MB /   0.50 sec =   61.8650 Mbps     0 retrans
[2024-11-03T16:33:36.387047-0700]     5.4375 MB /   0.50 sec =   91.2352 Mbps     0 retrans
[2024-11-03T16:33:36.886912-0700]     5.0625 MB /   0.50 sec =   84.9369 Mbps     0 retrans
[2024-11-03T16:33:37.386951-0700]     4.8750 MB /   0.50 sec =   81.7881 Mbps     0 retrans
[2024-11-03T16:33:37.886975-0700]     4.5625 MB /   0.50 sec =   76.5376 Mbps     0 retrans
[2024-11-03T16:33:38.386915-0700]     3.7500 MB /   0.50 sec =   62.9227 Mbps     0 retrans
[2024-11-03T16:33:38.886927-0700]     3.4375 MB /   0.50 sec =   57.6712 Mbps     0 retrans
[2024-11-03T16:33:39.386943-0700]     2.3750 MB /   0.50 sec =   39.8447 Mbps     0 retrans
[2024-11-03T16:33:39.886813-0700]     3.9375 MB /   0.50 sec =   66.0674 Mbps     0 retrans
[2024-11-03T16:33:40.387001-0700]     3.0000 MB /   0.50 sec =   50.3211 Mbps     0 retrans
[2024-11-03T16:33:40.887085-0700]     2.1250 MB /   0.50 sec =   35.6494 Mbps     0 retrans
[2024-11-03T16:33:41.387037-0700]     2.3750 MB /   0.50 sec =   39.8454 Mbps     0 retrans
[2024-11-03T16:33:41.886911-0700]     2.1875 MB /   0.50 sec =   36.7082 Mbps     0 retrans
[2024-11-03T16:33:42.387061-0700]     3.1250 MB /   0.50 sec =   52.4264 Mbps     0 retrans
[2024-11-03T16:33:42.887000-0700]     0.3125 MB /   0.50 sec =    5.2423 Mbps     0 retrans
[2024-11-03T16:33:43.387024-0700]     6.8750 MB /   0.50 sec =  115.3378 Mbps     0 retrans
[2024-11-03T16:33:43.886919-0700]     4.1250 MB /   0.50 sec =   69.2192 Mbps     0 retrans
[2024-11-03T16:33:44.386933-0700]     3.8125 MB /   0.50 sec =   63.9620 Mbps     0 retrans
[2024-11-03T16:33:44.886918-0700]     2.8125 MB /   0.50 sec =   47.1862 Mbps     0 retrans
[2024-11-03T16:33:45.386886-0700]     1.7500 MB /   0.50 sec =   29.3585 Mbps     0 retrans
[2024-11-03T16:33:45.886967-0700]     0.0000 MB /   0.50 sec =    0.0000 Mbps     0 retrans
[2024-11-03T16:33:46.386817-0700]     7.3125 MB /   0.50 sec =  122.7124 Mbps     0 retrans
[2024-11-03T16:33:46.886924-0700]     3.0625 MB /   0.50 sec =   51.3755 Mbps     0 retrans
[2024-11-03T16:33:47.386986-0700]     2.6250 MB /   0.50 sec =   44.0368 Mbps     0 retrans
[2024-11-03T16:33:47.886911-0700]     2.7500 MB /   0.50 sec =   46.1422 Mbps     0 retrans
[2024-11-03T16:33:48.386929-0700]     3.4375 MB /   0.50 sec =   57.6698 Mbps     0 retrans
[2024-11-03T16:33:48.887040-0700]     4.1875 MB /   0.50 sec =   70.2556 Mbps     0 retrans
[2024-11-03T16:33:49.386927-0700]     3.8125 MB /   0.50 sec =   63.9620 Mbps     0 retrans
[2024-11-03T16:33:49.886996-0700]     4.0625 MB /   0.50 sec =   68.1472 Mbps     0 retrans
[2024-11-03T16:33:50.386978-0700]     3.6875 MB /   0.50 sec =   61.8690 Mbps     0 retrans
[2024-11-03T16:33:50.886900-0700]     3.5625 MB /   0.50 sec =   59.7717 Mbps     0 retrans
[2024-11-03T16:33:51.387119-0700]     3.1250 MB /   0.50 sec =   52.4186 Mbps     0 retrans
[2024-11-03T16:33:51.886830-0700]     0.1875 MB /   0.50 sec =    3.1468 Mbps     0 retrans
[2024-11-03T16:33:52.386909-0700]     2.3750 MB /   0.50 sec =   39.8436 Mbps     0 retrans
[2024-11-03T16:33:52.886901-0700]     3.2500 MB /   0.50 sec =   54.5261 Mbps     0 retrans
[2024-11-03T16:33:53.386994-0700]     3.5000 MB /   0.50 sec =   58.7106 Mbps     0 retrans
[2024-11-03T16:33:53.886975-0700]     4.1250 MB /   0.50 sec =   69.2073 Mbps     0 retrans
[2024-11-03T16:33:54.386914-0700]     3.5000 MB /   0.50 sec =   58.7281 Mbps     0 retrans
[2024-11-03T16:33:54.886982-0700]     3.8125 MB /   0.50 sec =   63.9541 Mbps     0 retrans
[2024-11-03T16:33:55.386909-0700]     3.3125 MB /   0.50 sec =   55.5824 Mbps     0 retrans
[2024-11-03T16:33:55.886979-0700]     3.1875 MB /   0.50 sec =   53.4743 Mbps     0 retrans
[2024-11-03T16:33:56.386915-0700]     3.7500 MB /   0.50 sec =   62.9201 Mbps     0 retrans
[2024-11-03T16:33:56.886910-0700]     3.3125 MB /   0.50 sec =   55.5732 Mbps     0 retrans
[2024-11-03T16:33:57.386826-0700]     3.8125 MB /   0.50 sec =   63.9663 Mbps     0 retrans
[2024-11-03T16:33:57.886931-0700]     3.6875 MB /   0.50 sec =   61.8603 Mbps     0 retrans
[2024-11-03T16:33:58.387018-0700]     3.0000 MB /   0.50 sec =   50.3333 Mbps     0 retrans
[2024-11-03T16:33:58.886922-0700]     3.7500 MB /   0.50 sec =   62.9152 Mbps     0 retrans
[2024-11-03T16:33:59.386911-0700]     3.6250 MB /   0.50 sec =   60.8173 Mbps     0 retrans
[2024-11-03T16:33:59.886883-0700]     3.0625 MB /   0.50 sec =   51.3803 Mbps     0 retrans
[2024-11-03T16:34:00.386909-0700]     3.6875 MB /   0.50 sec =   61.8664 Mbps     0 retrans
[2024-11-03T16:34:00.886896-0700]     3.1875 MB /   0.50 sec =   53.4776 Mbps     0 retrans
[2024-11-03T16:34:01.386982-0700]     3.3125 MB /   0.50 sec =   55.5661 Mbps     0 retrans
[2024-11-03T16:34:01.886889-0700]     2.5625 MB /   0.50 sec =   42.9951 Mbps     0 retrans
[2024-11-03T16:34:02.387006-0700]     0.3750 MB /   0.50 sec =    6.2918 Mbps     0 retrans
[2024-11-03T16:34:02.886934-0700]     3.5000 MB /   0.50 sec =   58.7201 Mbps     0 retrans
[2024-11-03T16:34:03.386943-0700]     3.2500 MB /   0.50 sec =   54.5236 Mbps     0 retrans
[2024-11-03T16:34:03.886958-0700]     3.6875 MB /   0.50 sec =   61.8659 Mbps     0 retrans
[2024-11-03T16:34:04.386937-0700]     3.3750 MB /   0.50 sec =   56.6251 Mbps     0 retrans
[2024-11-03T16:34:04.886907-0700]     3.2500 MB /   0.50 sec =   54.5266 Mbps     0 retrans
[2024-11-03T16:34:05.386932-0700]     3.4375 MB /   0.50 sec =   57.6706 Mbps     0 retrans
[2024-11-03T16:34:05.886910-0700]     2.9375 MB /   0.50 sec =   49.2846 Mbps     0 retrans
[2024-11-03T16:34:06.386901-0700]     2.8750 MB /   0.50 sec =   48.2369 Mbps     0 retrans
[2024-11-03T16:34:06.886942-0700]     3.0625 MB /   0.50 sec =   51.3761 Mbps     0 retrans
[2024-11-03T16:34:07.386925-0700]     2.8125 MB /   0.50 sec =   47.1870 Mbps     0 retrans
[2024-11-03T16:34:07.886897-0700]     2.3125 MB /   0.50 sec =   38.7976 Mbps     0 retrans
[2024-11-03T16:34:08.386923-0700]     2.6250 MB /   0.50 sec =   44.0391 Mbps     0 retrans
[2024-11-03T16:34:08.886931-0700]     2.6250 MB /   0.50 sec =   44.0408 Mbps     0 retrans
[2024-11-03T16:34:09.386864-0700]     2.7500 MB /   0.50 sec =   46.1389 Mbps     0 retrans
[2024-11-03T16:34:09.886900-0700]     2.9375 MB /   0.50 sec =   49.2821 Mbps     0 retrans
[2024-11-03T16:34:10.386942-0700]     2.7500 MB /   0.50 sec =   46.1349 Mbps     0 retrans
[2024-11-03T16:34:10.886895-0700]     3.0000 MB /   0.50 sec =   50.3345 Mbps     0 retrans
[2024-11-03T16:34:11.386930-0700]     2.4375 MB /   0.50 sec =   40.8936 Mbps     0 retrans
[2024-11-03T16:34:11.886839-0700]     2.6250 MB /   0.50 sec =   44.0422 Mbps     0 retrans
[2024-11-03T16:34:12.387019-0700]     2.3125 MB /   0.50 sec =   38.7882 Mbps     0 retrans
[2024-11-03T16:34:12.886955-0700]     1.1875 MB /   0.50 sec =   19.9268 Mbps     0 retrans
[2024-11-03T16:34:13.387034-0700]     0.8750 MB /   0.50 sec =   14.6797 Mbps     0 retrans
[2024-11-03T16:34:13.886915-0700]     2.7500 MB /   0.50 sec =   46.1387 Mbps     0 retrans
[2024-11-03T16:34:14.387012-0700]     2.1875 MB /   0.50 sec =   36.6938 Mbps     0 retrans
[2024-11-03T16:34:14.886899-0700]     2.1875 MB /   0.50 sec =   36.7065 Mbps     0 retrans
[2024-11-03T16:34:15.386924-0700]     1.8750 MB /   0.50 sec =   31.4573 Mbps     0 retrans
[2024-11-03T16:34:15.886912-0700]     1.5625 MB /   0.50 sec =   26.2144 Mbps     0 retrans
[2024-11-03T16:34:16.386914-0700]     2.0625 MB /   0.50 sec =   34.6028 Mbps     0 retrans
[2024-11-03T16:34:16.886942-0700]     2.1250 MB /   0.50 sec =   35.6510 Mbps     0 retrans
[2024-11-03T16:34:17.386842-0700]     2.5625 MB /   0.50 sec =   42.9936 Mbps     0 retrans
[2024-11-03T16:34:17.887057-0700]     3.1250 MB /   0.50 sec =   52.4261 Mbps     0 retrans
[2024-11-03T16:34:18.386910-0700]     2.3750 MB /   0.50 sec =   39.8472 Mbps     0 retrans
[2024-11-03T16:34:18.886909-0700]     2.3125 MB /   0.50 sec =   38.7971 Mbps     0 retrans
[2024-11-03T16:34:19.386936-0700]     2.4375 MB /   0.50 sec =   40.8927 Mbps     0 retrans
[2024-11-03T16:34:19.886975-0700]     3.1875 MB /   0.50 sec =   53.4730 Mbps     0 retrans
End time: 1730676860365
