Start time: 1730580545890
[2024-11-02T13:49:06.720817-0700] nuttcp-r: v8.1.4: socket
[2024-11-02T13:49:06.721746-0700] nuttcp-r: buflen=65536, nstream=1, port=5102 tcp
[2024-11-02T13:49:06.721844-0700] nuttcp-r: interval reporting every 0.50 seconds
[2024-11-02T13:49:06.721918-0700] nuttcp-r: connect to 54.176.53.206 with RTT=45.525 ms af=inet
[2024-11-02T13:49:06.721989-0700] nuttcp-r: send window size = 2097152, receive window size = 6291456
[2024-11-02T13:49:06.722057-0700] nuttcp-r: available send window = 1572864, available receive window = 4718592
[2024-11-02T13:49:06.722124-0700]     1.1250 MB /   0.50 sec =   18.8717 Mbps     0 retrans
[2024-11-02T13:49:07.220832-0700]     5.6250 MB /   0.50 sec =   94.3777 Mbps     0 retrans
[2024-11-02T13:49:07.720833-0700]     6.1875 MB /   0.50 sec =  103.7959 Mbps     0 retrans
[2024-11-02T13:49:08.220816-0700]     7.6875 MB /   0.50 sec =  128.9813 Mbps     0 retrans
[2024-11-02T13:49:08.720719-0700]     7.5000 MB /   0.50 sec =  125.8339 Mbps     0 retrans
[2024-11-02T13:49:09.220780-0700]     6.6875 MB /   0.50 sec =  112.1970 Mbps     0 retrans
[2024-11-02T13:49:09.720784-0700]     8.4375 MB /   0.50 sec =  141.5595 Mbps     0 retrans
[2024-11-02T13:49:10.220723-0700]     7.6250 MB /   0.50 sec =  127.9273 Mbps     0 retrans
[2024-11-02T13:49:10.721094-0700]     7.1250 MB /   0.50 sec =  119.4989 Mbps     0 retrans
[2024-11-02T13:49:11.221090-0700]     8.2500 MB /   0.50 sec =  138.3561 Mbps     0 retrans
[2024-11-02T13:49:11.721110-0700]     7.5625 MB /   0.50 sec =  126.8670 Mbps     0 retrans
[2024-11-02T13:49:12.220715-0700]     6.1250 MB /   0.50 sec =  102.8403 Mbps     0 retrans
[2024-11-02T13:49:12.720723-0700]     8.1250 MB /   0.50 sec =  136.3187 Mbps     0 retrans
[2024-11-02T13:49:13.220763-0700]     7.1250 MB /   0.50 sec =  119.5281 Mbps     0 retrans
[2024-11-02T13:49:13.720721-0700]     8.4375 MB /   0.50 sec =  141.5730 Mbps     0 retrans
[2024-11-02T13:49:14.220727-0700]     6.7500 MB /   0.50 sec =  113.2421 Mbps     0 retrans
[2024-11-02T13:49:14.720777-0700]     7.6875 MB /   0.50 sec =  128.9627 Mbps     0 retrans
[2024-11-02T13:49:15.220874-0700]     8.6875 MB /   0.50 sec =  145.7631 Mbps     0 retrans
[2024-11-02T13:49:15.720883-0700]     7.8125 MB /   0.50 sec =  131.0838 Mbps     0 retrans
[2024-11-02T13:49:16.220726-0700]     9.1250 MB /   0.50 sec =  153.0832 Mbps     0 retrans
[2024-11-02T13:49:16.720718-0700]     8.9375 MB /   0.50 sec =  149.9467 Mbps     0 retrans
[2024-11-02T13:49:17.220798-0700]     7.3750 MB /   0.50 sec =  123.7146 Mbps     0 retrans
[2024-11-02T13:49:17.720723-0700]     7.5000 MB /   0.50 sec =  125.8457 Mbps     0 retrans
[2024-11-02T13:49:18.220731-0700]     6.6250 MB /   0.50 sec =  111.1453 Mbps     0 retrans
[2024-11-02T13:49:18.720752-0700]     6.3750 MB /   0.50 sec =  106.9539 Mbps     0 retrans
[2024-11-02T13:49:19.220735-0700]     6.2500 MB /   0.50 sec =  104.8607 Mbps     0 retrans
[2024-11-02T13:49:19.720729-0700]     4.0625 MB /   0.50 sec =   68.1570 Mbps     0 retrans
[2024-11-02T13:49:20.220710-0700]     2.1250 MB /   0.50 sec =   35.6527 Mbps     0 retrans
[2024-11-02T13:49:20.720759-0700]     4.6250 MB /   0.50 sec =   77.5918 Mbps     0 retrans
[2024-11-02T13:49:21.220914-0700]     4.1875 MB /   0.50 sec =   70.2425 Mbps     0 retrans
[2024-11-02T13:49:21.720726-0700]     2.8750 MB /   0.50 sec =   48.2440 Mbps     0 retrans
[2024-11-02T13:49:22.220727-0700]     6.4375 MB /   0.50 sec =  108.0035 Mbps     0 retrans
[2024-11-02T13:49:22.720806-0700]     6.1250 MB /   0.50 sec =  102.7440 Mbps     0 retrans
[2024-11-02T13:49:23.220800-0700]     6.6875 MB /   0.50 sec =  112.1985 Mbps     0 retrans
[2024-11-02T13:49:23.720917-0700]     6.8750 MB /   0.50 sec =  115.3648 Mbps     0 retrans
[2024-11-02T13:49:24.220850-0700]     7.6250 MB /   0.50 sec =  127.8948 Mbps     0 retrans
[2024-11-02T13:49:24.720728-0700]     6.0000 MB /   0.50 sec =  100.6856 Mbps     0 retrans
[2024-11-02T13:49:25.220712-0700]     7.3125 MB /   0.50 sec =  122.6827 Mbps     0 retrans
[2024-11-02T13:49:25.720766-0700]     9.2500 MB /   0.50 sec =  155.1753 Mbps     0 retrans
[2024-11-02T13:49:26.220824-0700]    10.3125 MB /   0.50 sec =  173.0258 Mbps     0 retrans
[2024-11-02T13:49:26.720725-0700]     7.8125 MB /   0.50 sec =  131.0759 Mbps     0 retrans
[2024-11-02T13:49:27.220717-0700]     6.6875 MB /   0.50 sec =  112.1882 Mbps     0 retrans
[2024-11-02T13:49:27.720748-0700]    10.3750 MB /   0.50 sec =  174.0751 Mbps     0 retrans
[2024-11-02T13:49:28.220706-0700]     8.0000 MB /   0.50 sec =  134.2209 Mbps     0 retrans
[2024-11-02T13:49:28.720741-0700]     9.5000 MB /   0.50 sec =  159.3778 Mbps     0 retrans
[2024-11-02T13:49:29.220701-0700]    10.6250 MB /   0.50 sec =  178.2668 Mbps     0 retrans
[2024-11-02T13:49:29.720714-0700]     9.6250 MB /   0.50 sec =  161.4781 Mbps     0 retrans
[2024-11-02T13:49:30.220714-0700]     9.3750 MB /   0.50 sec =  157.2880 Mbps     0 retrans
[2024-11-02T13:49:30.720736-0700]     8.5625 MB /   0.50 sec =  143.6500 Mbps     0 retrans
[2024-11-02T13:49:31.220716-0700]     8.1250 MB /   0.50 sec =  136.3168 Mbps     0 retrans
[2024-11-02T13:49:31.720707-0700]     6.1250 MB /   0.50 sec =  102.7619 Mbps     0 retrans
[2024-11-02T13:49:32.221185-0700]     5.8750 MB /   0.50 sec =   98.5494 Mbps     0 retrans
[2024-11-02T13:49:32.722273-0700]     2.7500 MB /   0.50 sec =   46.0104 Mbps     0 retrans
[2024-11-02T13:49:33.220879-0700]     5.6250 MB /   0.50 sec =   94.6471 Mbps     0 retrans
[2024-11-02T13:49:33.720720-0700]     6.2500 MB /   0.50 sec =  104.8582 Mbps     0 retrans
[2024-11-02T13:49:34.220730-0700]     7.6875 MB /   0.50 sec =  128.9754 Mbps     0 retrans
[2024-11-02T13:49:34.720771-0700]     8.2500 MB /   0.50 sec =  138.3979 Mbps     0 retrans
[2024-11-02T13:49:35.220733-0700]     9.2500 MB /   0.50 sec =  155.2020 Mbps     0 retrans
[2024-11-02T13:49:35.721256-0700]    10.4375 MB /   0.50 sec =  174.9631 Mbps     0 retrans
[2024-11-02T13:49:36.220722-0700]     9.0000 MB /   0.50 sec =  151.1288 Mbps     0 retrans
[2024-11-02T13:49:36.720731-0700]     6.7500 MB /   0.50 sec =  113.2421 Mbps     0 retrans
[2024-11-02T13:49:37.221836-0700]     4.0625 MB /   0.50 sec =   68.0338 Mbps     0 retrans
[2024-11-02T13:49:37.720731-0700]     9.1250 MB /   0.50 sec =  153.3728 Mbps     0 retrans
[2024-11-02T13:49:38.220709-0700]     7.0000 MB /   0.50 sec =  117.4422 Mbps     0 retrans
[2024-11-02T13:49:38.720720-0700]     7.1875 MB /   0.50 sec =  120.5853 Mbps     0 retrans
[2024-11-02T13:49:39.220740-0700]     8.7500 MB /   0.50 sec =  146.7980 Mbps     0 retrans
[2024-11-02T13:49:39.720710-0700]     9.3125 MB /   0.50 sec =  156.2425 Mbps     0 retrans
[2024-11-02T13:49:40.220718-0700]    10.0625 MB /   0.50 sec =  168.8211 Mbps     0 retrans
[2024-11-02T13:49:40.720735-0700]     9.2500 MB /   0.50 sec =  155.1855 Mbps     0 retrans
[2024-11-02T13:49:41.220671-0700]     8.5000 MB /   0.50 sec =  142.6126 Mbps     0 retrans
[2024-11-02T13:49:41.721046-0700]     7.0000 MB /   0.50 sec =  117.3635 Mbps     0 retrans
[2024-11-02T13:49:42.220720-0700]     8.2500 MB /   0.50 sec =  138.4990 Mbps     0 retrans
[2024-11-02T13:49:42.720728-0700]     6.9375 MB /   0.50 sec =  116.3910 Mbps     0 retrans
[2024-11-02T13:49:43.220865-0700]     8.3750 MB /   0.50 sec =  140.5106 Mbps     0 retrans
[2024-11-02T13:49:43.720722-0700]     9.5625 MB /   0.50 sec =  160.4312 Mbps     0 retrans
[2024-11-02T13:49:44.220745-0700]     5.4375 MB /   0.50 sec =   91.2252 Mbps     0 retrans
[2024-11-02T13:49:44.720739-0700]     9.3750 MB /   0.50 sec =  157.2842 Mbps     0 retrans
[2024-11-02T13:49:45.220781-0700]    11.2500 MB /   0.50 sec =  188.7244 Mbps     0 retrans
[2024-11-02T13:49:45.720736-0700]    11.1250 MB /   0.50 sec =  186.6641 Mbps     0 retrans
[2024-11-02T13:49:46.220774-0700]     7.0000 MB /   0.50 sec =  117.4384 Mbps     0 retrans
[2024-11-02T13:49:46.720754-0700]    11.6875 MB /   0.50 sec =  196.0829 Mbps     0 retrans
[2024-11-02T13:49:47.220792-0700]     7.2500 MB /   0.50 sec =  121.6258 Mbps     0 retrans
[2024-11-02T13:49:47.721590-0700]     6.1875 MB /   0.50 sec =  103.7316 Mbps     0 retrans
[2024-11-02T13:49:48.221269-0700]     9.0000 MB /   0.50 sec =  150.9789 Mbps     0 retrans
[2024-11-02T13:49:48.720732-0700]     8.2500 MB /   0.50 sec =  138.5461 Mbps     0 retrans
[2024-11-02T13:49:49.220725-0700]     8.1875 MB /   0.50 sec =  137.3648 Mbps     0 retrans
[2024-11-02T13:49:49.720737-0700]     9.4375 MB /   0.50 sec =  158.3321 Mbps     0 retrans
[2024-11-02T13:49:50.220769-0700]     7.7500 MB /   0.50 sec =  130.0138 Mbps     0 retrans
[2024-11-02T13:49:50.720733-0700]     7.2500 MB /   0.50 sec =  121.6441 Mbps     0 retrans
[2024-11-02T13:49:51.220812-0700]     8.9375 MB /   0.50 sec =  149.9275 Mbps     0 retrans
[2024-11-02T13:49:51.720740-0700]     8.3125 MB /   0.50 sec =  139.4762 Mbps     0 retrans
[2024-11-02T13:49:52.220958-0700]     7.1250 MB /   0.50 sec =  119.5317 Mbps     0 retrans
[2024-11-02T13:49:52.720784-0700]     7.0625 MB /   0.50 sec =  118.4950 Mbps     0 retrans
[2024-11-02T13:49:53.220645-0700]     7.2500 MB /   0.50 sec =  121.6458 Mbps     0 retrans
[2024-11-02T13:49:53.720710-0700]     7.8750 MB /   0.50 sec =  132.1142 Mbps     0 retrans
[2024-11-02T13:49:54.220821-0700]     7.4375 MB /   0.50 sec =  124.7638 Mbps     0 retrans
[2024-11-02T13:49:54.721103-0700]     3.8125 MB /   0.50 sec =   63.9232 Mbps     0 retrans
[2024-11-02T13:49:55.220718-0700]     8.0000 MB /   0.50 sec =  134.3177 Mbps     0 retrans
[2024-11-02T13:49:55.720788-0700]     7.4375 MB /   0.50 sec =  124.7653 Mbps     0 retrans
[2024-11-02T13:49:56.220870-0700]     8.3125 MB /   0.50 sec =  139.4757 Mbps     0 retrans
[2024-11-02T13:49:56.720721-0700]     7.1875 MB /   0.50 sec =  120.5872 Mbps     0 retrans
[2024-11-02T13:49:57.220732-0700]     7.5000 MB /   0.50 sec =  125.8294 Mbps     0 retrans
[2024-11-02T13:49:57.720724-0700]     7.5625 MB /   0.50 sec =  126.8790 Mbps     0 retrans
[2024-11-02T13:49:58.220816-0700]     8.5625 MB /   0.50 sec =  143.6302 Mbps     0 retrans
[2024-11-02T13:49:58.720754-0700]     8.1250 MB /   0.50 sec =  136.3334 Mbps     0 retrans
[2024-11-02T13:49:59.220733-0700]     9.4375 MB /   0.50 sec =  158.3356 Mbps     0 retrans
[2024-11-02T13:49:59.721153-0700]    10.8125 MB /   0.50 sec =  181.3971 Mbps     0 retrans
[2024-11-02T13:50:00.220724-0700]    10.0000 MB /   0.50 sec =  167.7799 Mbps     0 retrans
[2024-11-02T13:50:00.721112-0700]    11.6250 MB /   0.50 sec =  194.8901 Mbps     0 retrans
[2024-11-02T13:50:01.220729-0700]    11.8125 MB /   0.50 sec =  198.3328 Mbps     0 retrans
[2024-11-02T13:50:01.720712-0700]     9.3750 MB /   0.50 sec =  157.2855 Mbps     0 retrans
[2024-11-02T13:50:02.221170-0700]     7.3750 MB /   0.50 sec =  123.6536 Mbps     0 retrans
[2024-11-02T13:50:02.722145-0700]     8.1250 MB /   0.50 sec =  136.0610 Mbps     0 retrans
[2024-11-02T13:50:03.221209-0700]     7.3125 MB /   0.50 sec =  122.9734 Mbps     0 retrans
[2024-11-02T13:50:03.720728-0700]     8.1250 MB /   0.50 sec =  136.3361 Mbps     0 retrans
[2024-11-02T13:50:04.220912-0700]    10.6875 MB /   0.50 sec =  179.3097 Mbps     0 retrans
[2024-11-02T13:50:04.720883-0700]     6.8750 MB /   0.50 sec =  115.3364 Mbps     0 retrans
[2024-11-02T13:50:05.220643-0700]     7.5625 MB /   0.50 sec =  126.8873 Mbps     0 retrans
[2024-11-02T13:50:05.720744-0700]    10.3750 MB /   0.50 sec =  174.0560 Mbps     0 retrans
[2024-11-02T13:50:06.220724-0700]     9.5000 MB /   0.50 sec =  159.3842 Mbps     0 retrans
[2024-11-02T13:50:06.720928-0700]     9.3750 MB /   0.50 sec =  157.2650 Mbps     0 retrans
[2024-11-02T13:50:07.220800-0700]     7.3125 MB /   0.50 sec =  122.6873 Mbps     0 retrans
[2024-11-02T13:50:07.720718-0700]     7.0000 MB /   0.50 sec =  117.4532 Mbps     0 retrans
[2024-11-02T13:50:08.220716-0700]     6.8750 MB /   0.50 sec =  115.3434 Mbps     0 retrans
[2024-11-02T13:50:08.720721-0700]     6.8125 MB /   0.50 sec =  114.2946 Mbps     0 retrans
[2024-11-02T13:50:09.220757-0700]     7.1875 MB /   0.50 sec =  120.5797 Mbps     0 retrans
[2024-11-02T13:50:09.720757-0700]     4.8750 MB /   0.50 sec =   81.7889 Mbps     0 retrans
[2024-11-02T13:50:10.220742-0700]     4.7500 MB /   0.50 sec =   79.6956 Mbps     0 retrans
[2024-11-02T13:50:10.720807-0700]     4.0625 MB /   0.50 sec =   68.1621 Mbps     0 retrans
[2024-11-02T13:50:11.220725-0700]     8.9375 MB /   0.50 sec =  149.9362 Mbps     0 retrans
[2024-11-02T13:50:11.721186-0700]     8.5000 MB /   0.50 sec =  142.5405 Mbps     0 retrans
[2024-11-02T13:50:12.220967-0700]     5.6875 MB /   0.50 sec =   95.4491 Mbps     0 retrans
[2024-11-02T13:50:12.720728-0700]     5.8125 MB /   0.50 sec =   97.5332 Mbps     0 retrans
[2024-11-02T13:50:13.220715-0700]     5.6875 MB /   0.50 sec =   95.4216 Mbps     0 retrans
[2024-11-02T13:50:13.720764-0700]     6.4375 MB /   0.50 sec =  107.9917 Mbps     0 retrans
[2024-11-02T13:50:14.220767-0700]     7.6250 MB /   0.50 sec =  127.9316 Mbps     0 retrans
[2024-11-02T13:50:14.720738-0700]     7.6875 MB /   0.50 sec =  128.9813 Mbps     0 retrans
[2024-11-02T13:50:15.220726-0700]     3.5000 MB /   0.50 sec =   58.7201 Mbps     0 retrans
[2024-11-02T13:50:15.720838-0700]     7.6250 MB /   0.50 sec =  127.9081 Mbps     0 retrans
[2024-11-02T13:50:16.220937-0700]     7.3125 MB /   0.50 sec =  122.7038 Mbps     0 retrans
[2024-11-02T13:50:16.721223-0700]     7.3125 MB /   0.50 sec =  122.5635 Mbps     0 retrans
[2024-11-02T13:50:17.220727-0700]     5.6250 MB /   0.50 sec =   94.4551 Mbps     0 retrans
[2024-11-02T13:50:17.720862-0700]     7.0000 MB /   0.50 sec =  117.4309 Mbps     0 retrans
[2024-11-02T13:50:18.220793-0700]     7.3750 MB /   0.50 sec =  123.7342 Mbps     0 retrans
[2024-11-02T13:50:18.720710-0700]     8.0625 MB /   0.50 sec =  135.2866 Mbps     0 retrans
[2024-11-02T13:50:19.220799-0700]    10.2500 MB /   0.50 sec =  171.9561 Mbps     0 retrans
[2024-11-02T13:50:19.720739-0700]     8.8125 MB /   0.50 sec =  147.8551 Mbps     0 retrans
[2024-11-02T13:50:20.221160-0700]     9.8125 MB /   0.50 sec =  164.4952 Mbps     0 retrans
[2024-11-02T13:50:20.720793-0700]    11.6875 MB /   0.50 sec =  196.2211 Mbps     0 retrans
[2024-11-02T13:50:21.220687-0700]    10.1250 MB /   0.50 sec =  169.8928 Mbps     0 retrans
[2024-11-02T13:50:21.721155-0700]    11.3125 MB /   0.50 sec =  189.6910 Mbps     0 retrans
[2024-11-02T13:50:22.221090-0700]     7.4375 MB /   0.50 sec =  124.7566 Mbps     0 retrans
[2024-11-02T13:50:22.720784-0700]     6.6875 MB /   0.50 sec =  112.2632 Mbps     0 retrans
[2024-11-02T13:50:23.220720-0700]     8.0000 MB /   0.50 sec =  134.2344 Mbps     0 retrans
[2024-11-02T13:50:23.721172-0700]     7.0625 MB /   0.50 sec =  118.4384 Mbps     0 retrans
[2024-11-02T13:50:24.220818-0700]    10.0625 MB /   0.50 sec =  168.8724 Mbps     0 retrans
[2024-11-02T13:50:24.720795-0700]     9.1875 MB /   0.50 sec =  154.1382 Mbps     0 retrans
[2024-11-02T13:50:25.220723-0700]    11.4375 MB /   0.50 sec =  191.9144 Mbps     0 retrans
[2024-11-02T13:50:25.720720-0700]    12.1875 MB /   0.50 sec =  204.4719 Mbps     0 retrans
[2024-11-02T13:50:26.220744-0700]     9.7500 MB /   0.50 sec =  163.5782 Mbps     0 retrans
[2024-11-02T13:50:26.720734-0700]     9.4375 MB /   0.50 sec =  158.3340 Mbps     0 retrans
[2024-11-02T13:50:27.220754-0700]     6.9375 MB /   0.50 sec =  116.3882 Mbps     0 retrans
[2024-11-02T13:50:27.720776-0700]     6.3750 MB /   0.50 sec =  106.9485 Mbps     0 retrans
[2024-11-02T13:50:28.220952-0700]     6.9375 MB /   0.50 sec =  116.3631 Mbps     0 retrans
[2024-11-02T13:50:28.720841-0700]     6.8750 MB /   0.50 sec =  115.3644 Mbps     0 retrans
[2024-11-02T13:50:29.220912-0700]     8.3125 MB /   0.50 sec =  139.4877 Mbps     0 retrans
[2024-11-02T13:50:29.722287-0700]     8.8125 MB /   0.50 sec =  147.4637 Mbps     0 retrans
[2024-11-02T13:50:30.220739-0700]    10.4375 MB /   0.50 sec =  175.5630 Mbps     0 retrans
[2024-11-02T13:50:30.720725-0700]    11.0625 MB /   0.50 sec =  185.6013 Mbps     0 retrans
[2024-11-02T13:50:31.220735-0700]    10.8125 MB /   0.50 sec =  181.4000 Mbps     0 retrans
[2024-11-02T13:50:31.720742-0700]    11.6250 MB /   0.50 sec =  195.0332 Mbps     0 retrans
[2024-11-02T13:50:32.220771-0700]     7.3125 MB /   0.50 sec =  122.6726 Mbps     0 retrans
[2024-11-02T13:50:32.720740-0700]     6.8125 MB /   0.50 sec =  114.3058 Mbps     0 retrans
[2024-11-02T13:50:33.220731-0700]     7.1250 MB /   0.50 sec =  119.5391 Mbps     0 retrans
[2024-11-02T13:50:33.720819-0700]     6.7500 MB /   0.50 sec =  113.2276 Mbps     0 retrans
[2024-11-02T13:50:34.220714-0700]     7.7500 MB /   0.50 sec =  130.0489 Mbps     0 retrans
[2024-11-02T13:50:34.720713-0700]     9.0625 MB /   0.50 sec =  152.0399 Mbps     0 retrans
[2024-11-02T13:50:35.220977-0700]     9.1250 MB /   0.50 sec =  153.0624 Mbps     0 retrans
[2024-11-02T13:50:35.721110-0700]     9.1875 MB /   0.50 sec =  154.0510 Mbps     0 retrans
[2024-11-02T13:50:36.221013-0700]     9.0000 MB /   0.50 sec =  151.0916 Mbps     0 retrans
[2024-11-02T13:50:36.721115-0700]     9.0625 MB /   0.50 sec =  151.9451 Mbps     0 retrans
[2024-11-02T13:50:37.220731-0700]     7.2500 MB /   0.50 sec =  121.7278 Mbps     0 retrans
[2024-11-02T13:50:37.720741-0700]     6.5625 MB /   0.50 sec =  110.0996 Mbps     0 retrans
[2024-11-02T13:50:38.220783-0700]     6.9375 MB /   0.50 sec =  116.3826 Mbps     0 retrans
[2024-11-02T13:50:38.720785-0700]     6.1250 MB /   0.50 sec =  102.7613 Mbps     0 retrans
[2024-11-02T13:50:39.220876-0700]     6.1250 MB /   0.50 sec =  102.7452 Mbps     0 retrans
[2024-11-02T13:50:39.720796-0700]     4.0625 MB /   0.50 sec =   68.1655 Mbps     0 retrans
[2024-11-02T13:50:40.220874-0700]     8.5000 MB /   0.50 sec =  142.6229 Mbps     0 retrans
[2024-11-02T13:50:40.720761-0700]     8.7500 MB /   0.50 sec =  146.7918 Mbps     0 retrans
[2024-11-02T13:50:41.220745-0700]     7.9375 MB /   0.50 sec =  133.1763 Mbps     0 retrans
[2024-11-02T13:50:41.720738-0700]     8.1875 MB /   0.50 sec =  137.3651 Mbps     0 retrans
[2024-11-02T13:50:42.221178-0700]     6.3750 MB /   0.50 sec =  106.8667 Mbps     0 retrans
[2024-11-02T13:50:42.722119-0700]     3.1250 MB /   0.50 sec =   52.3400 Mbps     0 retrans
[2024-11-02T13:50:43.220770-0700]     6.5625 MB /   0.50 sec =  110.3693 Mbps     0 retrans
[2024-11-02T13:50:43.720726-0700]     4.3125 MB /   0.50 sec =   72.3578 Mbps     0 retrans
[2024-11-02T13:50:44.220742-0700]     4.5000 MB /   0.50 sec =   75.4957 Mbps     0 retrans
[2024-11-02T13:50:44.720739-0700]     4.9375 MB /   0.50 sec =   82.8385 Mbps     0 retrans
[2024-11-02T13:50:45.221015-0700]     5.2500 MB /   0.50 sec =   88.0302 Mbps     0 retrans
[2024-11-02T13:50:45.721589-0700]     0.6875 MB /   0.50 sec =   11.5227 Mbps     0 retrans
[2024-11-02T13:50:46.220726-0700]     5.1875 MB /   0.50 sec =   87.1701 Mbps     0 retrans
[2024-11-02T13:50:46.721086-0700]     4.0625 MB /   0.50 sec =   68.1246 Mbps     0 retrans
[2024-11-02T13:50:47.221364-0700]     2.1875 MB /   0.50 sec =   36.6850 Mbps     0 retrans
[2024-11-02T13:50:47.720755-0700]     0.4375 MB /   0.50 sec =    7.3464 Mbps     0 retrans
[2024-11-02T13:50:48.220837-0700]     1.0625 MB /   0.50 sec =   17.8226 Mbps     0 retrans
[2024-11-02T13:50:48.720877-0700]     1.5000 MB /   0.50 sec =   25.1707 Mbps     0 retrans
[2024-11-02T13:50:49.220707-0700]     1.6250 MB /   0.50 sec =   27.2639 Mbps     0 retrans
[2024-11-02T13:50:49.720877-0700]     1.0000 MB /   0.50 sec =   16.7769 Mbps     0 retrans
[2024-11-02T13:50:50.220862-0700]     0.0625 MB /   0.50 sec =    1.0483 Mbps     0 retrans
[2024-11-02T13:50:50.720703-0700]     0.0625 MB /   0.50 sec =    1.0488 Mbps     0 retrans
[2024-11-02T13:50:51.220890-0700]     0.9375 MB /   0.50 sec =   15.7242 Mbps     0 retrans
[2024-11-02T13:50:51.720720-0700]     0.7500 MB /   0.50 sec =   12.5863 Mbps     0 retrans
[2024-11-02T13:50:52.220862-0700]     1.2500 MB /   0.50 sec =   20.9703 Mbps     0 retrans
[2024-11-02T13:50:52.720720-0700]     0.7500 MB /   0.50 sec =   12.5838 Mbps     0 retrans
[2024-11-02T13:50:53.220748-0700]     1.1875 MB /   0.50 sec =   19.9212 Mbps     0 retrans
[2024-11-02T13:50:53.720980-0700]     0.1250 MB /   0.50 sec =    2.0967 Mbps     0 retrans
[2024-11-02T13:50:54.220921-0700]     0.0000 MB /   0.50 sec =    0.0000 Mbps     0 retrans
[2024-11-02T13:50:54.720899-0700]     0.0000 MB /   0.50 sec =    0.0000 Mbps     0 retrans
[2024-11-02T13:50:55.221002-0700]     1.0000 MB /   0.50 sec =   16.7777 Mbps     0 retrans
[2024-11-02T13:50:55.720899-0700]     0.0000 MB /   0.50 sec =    0.0000 Mbps     0 retrans
[2024-11-02T13:50:56.220916-0700]     0.0000 MB /   0.50 sec =    0.0000 Mbps     0 retrans
[2024-11-02T13:50:56.721714-0700]     0.0000 MB /   0.50 sec =    0.0000 Mbps     0 retrans
[2024-11-02T13:50:57.222158-0700]     9.9375 MB /   0.50 sec =  166.7159 Mbps     0 retrans
[2024-11-02T13:50:57.720849-0700]     2.5625 MB /   0.50 sec =   43.0789 Mbps     0 retrans
[2024-11-02T13:50:58.221030-0700]     1.9375 MB /   0.50 sec =   32.4839 Mbps     0 retrans
[2024-11-02T13:50:58.720739-0700]     1.6875 MB /   0.50 sec =   28.3293 Mbps     0 retrans
[2024-11-02T13:50:59.220705-0700]     1.6875 MB /   0.50 sec =   28.3120 Mbps     0 retrans
[2024-11-02T13:50:59.720873-0700]     1.3125 MB /   0.50 sec =   22.0142 Mbps     0 retrans
[2024-11-02T13:51:00.220720-0700]     2.1250 MB /   0.50 sec =   35.6606 Mbps     0 retrans
[2024-11-02T13:51:00.720703-0700]     2.2500 MB /   0.50 sec =   37.7496 Mbps     0 retrans
[2024-11-02T13:51:01.221057-0700]     1.3125 MB /   0.50 sec =   22.0129 Mbps     0 retrans
[2024-11-02T13:51:01.720729-0700]     1.8750 MB /   0.50 sec =   31.4666 Mbps     0 retrans
[2024-11-02T13:51:02.220707-0700]     2.6875 MB /   0.50 sec =   45.0894 Mbps     0 retrans
[2024-11-02T13:51:02.720739-0700]     2.2500 MB /   0.50 sec =   37.7482 Mbps     0 retrans
[2024-11-02T13:51:03.220826-0700]     1.5000 MB /   0.50 sec =   25.1674 Mbps     0 retrans
[2024-11-02T13:51:03.720736-0700]     2.0000 MB /   0.50 sec =   33.5524 Mbps     0 retrans
[2024-11-02T13:51:04.220750-0700]     2.2500 MB /   0.50 sec =   37.7490 Mbps     0 retrans
[2024-11-02T13:51:04.720886-0700]     0.9375 MB /   0.50 sec =   15.7269 Mbps     0 retrans
[2024-11-02T13:51:05.220790-0700]     2.6875 MB /   0.50 sec =   45.0884 Mbps     0 retrans
[2024-11-02T13:51:05.720737-0700]     2.6875 MB /   0.50 sec =   45.0942 Mbps     0 retrans
[2024-11-02T13:51:06.220885-0700]     1.3125 MB /   0.50 sec =   22.0145 Mbps     0 retrans
[2024-11-02T13:51:06.721165-0700]     0.6875 MB /   0.50 sec =   11.5331 Mbps     0 retrans
End time: 1730580667015
