Start time: 1730571572072
[2024-11-02T11:19:33.916044-0700] nuttcp-r: v8.1.4: socket
[2024-11-02T11:19:33.916656-0700] nuttcp-r: buflen=65536, nstream=1, port=5103 tcp
[2024-11-02T11:19:33.916711-0700] nuttcp-r: interval reporting every 0.50 seconds
[2024-11-02T11:19:33.916747-0700] nuttcp-r: connect to 54.176.53.206 with RTT=36.235 ms af=inet
[2024-11-02T11:19:33.916778-0700] nuttcp-r: send window size = 1048576, receive window size = 1048576
[2024-11-02T11:19:33.916809-0700] nuttcp-r: available send window = 786432, available receive window = 786432
[2024-11-02T11:19:33.916838-0700]     4.9375 MB /   0.50 sec =   82.8243 Mbps     0 retrans
[2024-11-02T11:19:34.417923-0700]     8.3750 MB /   0.50 sec =  140.0931 Mbps     0 retrans
[2024-11-02T11:19:34.916360-0700]    10.0625 MB /   0.50 sec =  169.3304 Mbps     0 retrans
[2024-11-02T11:19:35.416020-0700]    12.9375 MB /   0.50 sec =  217.0479 Mbps     0 retrans
[2024-11-02T11:19:35.915847-0700]    13.8125 MB /   0.50 sec =  231.7594 Mbps     0 retrans
[2024-11-02T11:19:36.415964-0700]    12.1250 MB /   0.50 sec =  203.4152 Mbps     0 retrans
[2024-11-02T11:19:36.916065-0700]    13.0000 MB /   0.50 sec =  218.1151 Mbps     0 retrans
[2024-11-02T11:19:37.416544-0700]     9.6875 MB /   0.50 sec =  162.5231 Mbps     0 retrans
[2024-11-02T11:19:37.916156-0700]    12.5625 MB /   0.50 sec =  210.6799 Mbps     0 retrans
[2024-11-02T11:19:38.416448-0700]    13.3125 MB /   0.50 sec =  223.4334 Mbps     0 retrans
[2024-11-02T11:19:38.916047-0700]    14.8125 MB /   0.50 sec =  248.4802 Mbps     0 retrans
[2024-11-02T11:19:39.416518-0700]    15.8750 MB /   0.50 sec =  266.0956 Mbps     0 retrans
[2024-11-02T11:19:39.916303-0700]    10.6875 MB /   0.50 sec =  179.4917 Mbps     0 retrans
[2024-11-02T11:19:40.416072-0700]    16.6875 MB /   0.50 sec =  279.9821 Mbps     0 retrans
[2024-11-02T11:19:40.916644-0700]    16.7500 MB /   0.50 sec =  280.9908 Mbps     0 retrans
[2024-11-02T11:19:41.415894-0700]    13.5000 MB /   0.50 sec =  226.5015 Mbps     0 retrans
[2024-11-02T11:19:41.916493-0700]    15.6875 MB /   0.50 sec =  262.9433 Mbps     0 retrans
[2024-11-02T11:19:42.416772-0700]     1.5625 MB /   0.50 sec =   26.2199 Mbps     0 retrans
[2024-11-02T11:19:42.915857-0700]     2.1875 MB /   0.50 sec =   36.7285 Mbps     0 retrans
[2024-11-02T11:19:43.419158-0700]     3.4375 MB /   0.50 sec =   57.3860 Mbps     0 retrans
[2024-11-02T11:19:43.918288-0700]     0.5625 MB /   0.50 sec =    9.4512 Mbps     0 retrans
[2024-11-02T11:19:44.416190-0700]     0.5625 MB /   0.50 sec =    9.4698 Mbps     0 retrans
[2024-11-02T11:19:44.917765-0700]     1.1250 MB /   0.50 sec =   18.8094 Mbps     0 retrans
[2024-11-02T11:19:45.416013-0700]     1.0000 MB /   0.50 sec =   16.8352 Mbps     0 retrans
[2024-11-02T11:19:45.915939-0700]     2.1875 MB /   0.50 sec =   36.7029 Mbps     0 retrans
[2024-11-02T11:19:46.415995-0700]     0.5625 MB /   0.50 sec =    9.4364 Mbps     0 retrans
[2024-11-02T11:19:46.915998-0700]     0.5625 MB /   0.50 sec =    9.4368 Mbps     0 retrans
[2024-11-02T11:19:47.415963-0700]     1.5625 MB /   0.50 sec =   26.2165 Mbps     0 retrans
[2024-11-02T11:19:47.916026-0700]     0.6250 MB /   0.50 sec =   10.4852 Mbps     0 retrans
[2024-11-02T11:19:48.418688-0700]     0.0000 MB /   0.50 sec =    0.0000 Mbps     0 retrans
[2024-11-02T11:19:48.916039-0700]     0.1250 MB /   0.50 sec =    2.1078 Mbps     0 retrans
[2024-11-02T11:19:49.416950-0700]     0.6875 MB /   0.50 sec =   11.5247 Mbps     0 retrans
[2024-11-02T11:19:49.916461-0700]     1.2500 MB /   0.50 sec =   20.9706 Mbps     0 retrans
[2024-11-02T11:19:50.415887-0700]     0.7500 MB /   0.50 sec =   12.5960 Mbps     0 retrans
[2024-11-02T11:19:50.916155-0700]     1.0625 MB /   0.50 sec =   17.8159 Mbps     0 retrans
[2024-11-02T11:19:51.416847-0700]     1.7500 MB /   0.50 sec =   29.3743 Mbps     0 retrans
[2024-11-02T11:19:51.916425-0700]     1.0000 MB /   0.50 sec =   16.7627 Mbps     0 retrans
[2024-11-02T11:19:52.415845-0700]     2.2500 MB /   0.50 sec =   37.7852 Mbps     0 retrans
[2024-11-02T11:19:52.917336-0700]     2.5625 MB /   0.50 sec =   42.9000 Mbps     0 retrans
[2024-11-02T11:19:53.416855-0700]     3.0625 MB /   0.50 sec =   51.4732 Mbps     0 retrans
[2024-11-02T11:19:53.916243-0700]     3.0625 MB /   0.50 sec =   51.3940 Mbps     0 retrans
[2024-11-02T11:19:54.416024-0700]     2.4375 MB /   0.50 sec =   40.8914 Mbps     0 retrans
[2024-11-02T11:19:54.915951-0700]     2.0000 MB /   0.50 sec =   33.5564 Mbps     0 retrans
[2024-11-02T11:19:55.415954-0700]     0.8750 MB /   0.50 sec =   14.6802 Mbps     0 retrans
[2024-11-02T11:19:55.916021-0700]     1.2500 MB /   0.50 sec =   20.9712 Mbps     0 retrans
[2024-11-02T11:19:56.415935-0700]     3.1250 MB /   0.50 sec =   52.4329 Mbps     0 retrans
[2024-11-02T11:19:56.916466-0700]     3.4375 MB /   0.50 sec =   57.6113 Mbps     0 retrans
[2024-11-02T11:19:57.416588-0700]     3.8125 MB /   0.50 sec =   63.9547 Mbps     0 retrans
[2024-11-02T11:19:57.915953-0700]     4.7500 MB /   0.50 sec =   79.7800 Mbps     0 retrans
[2024-11-02T11:19:58.416954-0700]     6.0000 MB /   0.50 sec =  100.5728 Mbps     0 retrans
[2024-11-02T11:19:58.915980-0700]     5.8125 MB /   0.50 sec =   97.6025 Mbps     0 retrans
[2024-11-02T11:19:59.416029-0700]     5.2500 MB /   0.50 sec =   88.0878 Mbps     0 retrans
[2024-11-02T11:19:59.918274-0700]     5.5625 MB /   0.50 sec =   93.0846 Mbps     0 retrans
[2024-11-02T11:20:00.415953-0700]     7.4375 MB /   0.50 sec =  125.0950 Mbps     0 retrans
[2024-11-02T11:20:00.917457-0700]     9.2500 MB /   0.50 sec =  155.0395 Mbps     0 retrans
[2024-11-02T11:20:01.418320-0700]    10.7500 MB /   0.50 sec =  179.8938 Mbps     0 retrans
[2024-11-02T11:20:01.917061-0700]    15.6250 MB /   0.50 sec =  262.8163 Mbps     0 retrans
[2024-11-02T11:20:02.419816-0700]    11.6250 MB /   0.50 sec =  193.6990 Mbps     0 retrans
[2024-11-02T11:20:02.917554-0700]    10.1250 MB /   0.50 sec =  171.0062 Mbps     0 retrans
[2024-11-02T11:20:03.415986-0700]     9.6250 MB /   0.50 sec =  161.6689 Mbps     0 retrans
[2024-11-02T11:20:03.917135-0700]     7.8125 MB /   0.50 sec =  130.9078 Mbps     0 retrans
[2024-11-02T11:20:04.416415-0700]     2.4375 MB /   0.50 sec =   40.9080 Mbps     0 retrans
[2024-11-02T11:20:04.917138-0700]     1.7500 MB /   0.50 sec =   29.3238 Mbps     0 retrans
[2024-11-02T11:20:05.415969-0700]     2.5625 MB /   0.50 sec =   43.0875 Mbps     0 retrans
[2024-11-02T11:20:05.916500-0700]     3.6875 MB /   0.50 sec =   61.8505 Mbps     0 retrans
[2024-11-02T11:20:06.415864-0700]     3.3750 MB /   0.50 sec =   56.6405 Mbps     0 retrans
[2024-11-02T11:20:06.918099-0700]     2.1250 MB /   0.50 sec =   35.5052 Mbps     0 retrans
[2024-11-02T11:20:07.416793-0700]     0.0000 MB /   0.50 sec =    0.0000 Mbps     0 retrans
[2024-11-02T11:20:07.916443-0700]     0.0625 MB /   0.50 sec =    1.0478 Mbps     0 retrans
[2024-11-02T11:20:08.415978-0700]     0.5000 MB /   0.50 sec =    8.3961 Mbps     0 retrans
[2024-11-02T11:20:08.915936-0700]     1.8750 MB /   0.50 sec =   31.4563 Mbps     0 retrans
[2024-11-02T11:20:09.416143-0700]     2.2500 MB /   0.50 sec =   37.7480 Mbps     0 retrans
[2024-11-02T11:20:09.916353-0700]     2.7500 MB /   0.50 sec =   46.1385 Mbps     0 retrans
[2024-11-02T11:20:10.416211-0700]     2.6875 MB /   0.50 sec =   45.0670 Mbps     0 retrans
[2024-11-02T11:20:10.916421-0700]     2.5625 MB /   0.50 sec =   42.9822 Mbps     0 retrans
[2024-11-02T11:20:11.415885-0700]     5.1875 MB /   0.50 sec =   87.0942 Mbps     0 retrans
[2024-11-02T11:20:11.915892-0700]     2.8125 MB /   0.50 sec =   47.1858 Mbps     0 retrans
[2024-11-02T11:20:12.415894-0700]     1.0625 MB /   0.50 sec =   17.8261 Mbps     0 retrans
[2024-11-02T11:20:12.916480-0700]     3.1250 MB /   0.50 sec =   52.4167 Mbps     0 retrans
[2024-11-02T11:20:13.417490-0700]     5.0000 MB /   0.50 sec =   83.8123 Mbps     0 retrans
[2024-11-02T11:20:13.917006-0700]     3.0000 MB /   0.50 sec =   50.3315 Mbps     0 retrans
[2024-11-02T11:20:14.416523-0700]     6.6875 MB /   0.50 sec =  112.2017 Mbps     0 retrans
[2024-11-02T11:20:14.916792-0700]     6.0625 MB /   0.50 sec =  101.8125 Mbps     0 retrans
[2024-11-02T11:20:15.417707-0700]     4.0625 MB /   0.50 sec =   67.9395 Mbps     0 retrans
[2024-11-02T11:20:15.916045-0700]     1.0000 MB /   0.50 sec =   16.8306 Mbps     0 retrans
[2024-11-02T11:20:16.416450-0700]     6.6875 MB /   0.50 sec =  112.2044 Mbps     0 retrans
[2024-11-02T11:20:16.916407-0700]     7.3750 MB /   0.50 sec =  123.7327 Mbps     0 retrans
[2024-11-02T11:20:17.416454-0700]     9.0625 MB /   0.50 sec =  151.9132 Mbps     0 retrans
[2024-11-02T11:20:17.916425-0700]     8.2500 MB /   0.50 sec =  138.4090 Mbps     0 retrans
[2024-11-02T11:20:18.416778-0700]     6.2500 MB /   0.50 sec =  104.8790 Mbps     0 retrans
[2024-11-02T11:20:18.916483-0700]     3.3750 MB /   0.50 sec =   56.6030 Mbps     0 retrans
[2024-11-02T11:20:19.415959-0700]     4.9375 MB /   0.50 sec =   82.9226 Mbps     0 retrans
[2024-11-02T11:20:19.915850-0700]     2.4375 MB /   0.50 sec =   40.8978 Mbps     0 retrans
[2024-11-02T11:20:20.416007-0700]     4.6250 MB /   0.50 sec =   77.5893 Mbps     0 retrans
[2024-11-02T11:20:20.915923-0700]     6.3750 MB /   0.50 sec =  106.9488 Mbps     0 retrans
[2024-11-02T11:20:21.416066-0700]     7.9375 MB /   0.50 sec =  133.1574 Mbps     0 retrans
[2024-11-02T11:20:21.915997-0700]     4.1250 MB /   0.50 sec =   69.2125 Mbps     0 retrans
[2024-11-02T11:20:22.415828-0700]     4.5625 MB /   0.50 sec =   76.5549 Mbps     0 retrans
[2024-11-02T11:20:22.917557-0700]     6.5000 MB /   0.50 sec =  108.7229 Mbps     0 retrans
[2024-11-02T11:20:23.416781-0700]     5.1875 MB /   0.50 sec =   87.2916 Mbps     0 retrans
[2024-11-02T11:20:23.916012-0700]     1.0000 MB /   0.50 sec =   16.7752 Mbps     0 retrans
[2024-11-02T11:20:24.417635-0700]     2.3125 MB /   0.50 sec =   38.7051 Mbps     0 retrans
[2024-11-02T11:20:24.915963-0700]     5.5625 MB /   0.50 sec =   93.5558 Mbps     0 retrans
[2024-11-02T11:20:25.415943-0700]     0.9375 MB /   0.50 sec =   15.7287 Mbps     0 retrans
[2024-11-02T11:20:25.915876-0700]     4.6250 MB /   0.50 sec =   77.5987 Mbps     0 retrans
[2024-11-02T11:20:26.416814-0700]     1.8125 MB /   0.50 sec =   30.4065 Mbps     0 retrans
[2024-11-02T11:20:26.915855-0700]     2.9375 MB /   0.50 sec =   49.2868 Mbps     0 retrans
[2024-11-02T11:20:27.415983-0700]     0.1250 MB /   0.50 sec =    2.0970 Mbps     0 retrans
[2024-11-02T11:20:27.916040-0700]     2.6250 MB /   0.50 sec =   44.0344 Mbps     0 retrans
[2024-11-02T11:20:28.416369-0700]     4.5000 MB /   0.50 sec =   75.5089 Mbps     0 retrans
[2024-11-02T11:20:28.916547-0700]     4.4375 MB /   0.50 sec =   74.3614 Mbps     0 retrans
[2024-11-02T11:20:29.416964-0700]     5.7500 MB /   0.50 sec =   96.4879 Mbps     0 retrans
[2024-11-02T11:20:29.915966-0700]     4.4375 MB /   0.50 sec =   74.5183 Mbps     0 retrans
[2024-11-02T11:20:30.417274-0700]     2.8125 MB /   0.50 sec =   47.0729 Mbps     0 retrans
[2024-11-02T11:20:30.916432-0700]     2.5625 MB /   0.50 sec =   43.0766 Mbps     0 retrans
[2024-11-02T11:20:31.416072-0700]     3.2500 MB /   0.50 sec =   54.5344 Mbps     0 retrans
[2024-11-02T11:20:31.916180-0700]     5.0000 MB /   0.50 sec =   83.8903 Mbps     0 retrans
[2024-11-02T11:20:32.416013-0700]     2.3125 MB /   0.50 sec =   38.8053 Mbps     0 retrans
[2024-11-02T11:20:32.915961-0700]     0.0625 MB /   0.50 sec =    1.0485 Mbps     0 retrans
[2024-11-02T11:20:33.416455-0700]     0.1250 MB /   0.50 sec =    2.0955 Mbps     0 retrans
[2024-11-02T11:20:33.915995-0700]     0.6875 MB /   0.50 sec =   11.5441 Mbps     0 retrans
[2024-11-02T11:20:34.416994-0700]     0.9375 MB /   0.50 sec =   15.7265 Mbps     0 retrans
[2024-11-02T11:20:34.915881-0700]     1.1875 MB /   0.50 sec =   19.9272 Mbps     0 retrans
[2024-11-02T11:20:35.415838-0700]     1.6250 MB /   0.50 sec =   27.2638 Mbps     0 retrans
[2024-11-02T11:20:35.916269-0700]     2.1875 MB /   0.50 sec =   36.6996 Mbps     0 retrans
[2024-11-02T11:20:36.415953-0700]     1.8750 MB /   0.50 sec =   31.4582 Mbps     0 retrans
[2024-11-02T11:20:36.916715-0700]     2.5625 MB /   0.50 sec =   42.9289 Mbps     0 retrans
[2024-11-02T11:20:37.415923-0700]     2.5625 MB /   0.50 sec =   43.0515 Mbps     0 retrans
[2024-11-02T11:20:37.915902-0700]     4.3125 MB /   0.50 sec =   72.3548 Mbps     0 retrans
[2024-11-02T11:20:38.415905-0700]     4.6250 MB /   0.50 sec =   77.5925 Mbps     0 retrans
[2024-11-02T11:20:38.915880-0700]     4.8125 MB /   0.50 sec =   80.7436 Mbps     0 retrans
[2024-11-02T11:20:39.416337-0700]     6.5625 MB /   0.50 sec =  110.0813 Mbps     0 retrans
[2024-11-02T11:20:39.916140-0700]     6.1875 MB /   0.50 sec =  103.7868 Mbps     0 retrans
[2024-11-02T11:20:40.416240-0700]     7.4375 MB /   0.50 sec =  124.7391 Mbps     0 retrans
[2024-11-02T11:20:40.916340-0700]     6.8125 MB /   0.50 sec =  114.3748 Mbps     0 retrans
[2024-11-02T11:20:41.416060-0700]     6.0625 MB /   0.50 sec =  101.6974 Mbps     0 retrans
[2024-11-02T11:20:41.916387-0700]     9.8125 MB /   0.50 sec =  164.6412 Mbps     0 retrans
[2024-11-02T11:20:42.415932-0700]     4.8750 MB /   0.50 sec =   81.7888 Mbps     0 retrans
[2024-11-02T11:20:42.916500-0700]     5.6250 MB /   0.50 sec =   94.3701 Mbps     0 retrans
[2024-11-02T11:20:43.416039-0700]     8.9375 MB /   0.50 sec =  149.9542 Mbps     0 retrans
[2024-11-02T11:20:43.915970-0700]     8.1875 MB /   0.50 sec =  137.3591 Mbps     0 retrans
[2024-11-02T11:20:44.415840-0700]     8.3125 MB /   0.50 sec =  139.4718 Mbps     0 retrans
[2024-11-02T11:20:44.915954-0700]     6.9375 MB /   0.50 sec =  116.3863 Mbps     0 retrans
[2024-11-02T11:20:45.417319-0700]     0.7500 MB /   0.50 sec =   12.5512 Mbps     0 retrans
[2024-11-02T11:20:45.916329-0700]     7.8750 MB /   0.50 sec =  132.4408 Mbps     0 retrans
[2024-11-02T11:20:46.415883-0700]     8.5000 MB /   0.50 sec =  142.6254 Mbps     0 retrans
[2024-11-02T11:20:46.916724-0700]     9.8750 MB /   0.50 sec =  165.6631 Mbps     0 retrans
[2024-11-02T11:20:47.416928-0700]    10.4375 MB /   0.50 sec =  174.9537 Mbps     0 retrans
[2024-11-02T11:20:47.915965-0700]     8.5000 MB /   0.50 sec =  142.7385 Mbps     0 retrans
[2024-11-02T11:20:48.416984-0700]     9.3750 MB /   0.50 sec =  157.1365 Mbps     0 retrans
[2024-11-02T11:20:48.916398-0700]     7.6875 MB /   0.50 sec =  128.9903 Mbps     0 retrans
[2024-11-02T11:20:49.417628-0700]     7.0000 MB /   0.50 sec =  117.2660 Mbps     0 retrans
[2024-11-02T11:20:49.915951-0700]     9.0000 MB /   0.50 sec =  151.3455 Mbps     0 retrans
[2024-11-02T11:20:50.416623-0700]     9.1250 MB /   0.50 sec =  153.0802 Mbps     0 retrans
[2024-11-02T11:20:50.916114-0700]     8.0625 MB /   0.50 sec =  135.2641 Mbps     0 retrans
[2024-11-02T11:20:51.416024-0700]     4.0000 MB /   0.50 sec =   67.1079 Mbps     0 retrans
[2024-11-02T11:20:51.915999-0700]     7.2500 MB /   0.50 sec =  121.6518 Mbps     0 retrans
[2024-11-02T11:20:52.416492-0700]     8.0000 MB /   0.50 sec =  134.1874 Mbps     0 retrans
[2024-11-02T11:20:52.915968-0700]     9.5625 MB /   0.50 sec =  160.4697 Mbps     0 retrans
[2024-11-02T11:20:53.416017-0700]     9.1875 MB /   0.50 sec =  154.1320 Mbps     0 retrans
[2024-11-02T11:20:53.918956-0700]     9.8125 MB /   0.50 sec =  164.0330 Mbps     0 retrans
[2024-11-02T11:20:54.416242-0700]    13.0000 MB /   0.50 sec =  218.9186 Mbps     0 retrans
[2024-11-02T11:20:54.916434-0700]     7.3750 MB /   0.50 sec =  123.6066 Mbps     0 retrans
[2024-11-02T11:20:55.416046-0700]     3.0000 MB /   0.50 sec =   50.3752 Mbps     0 retrans
[2024-11-02T11:20:55.915952-0700]     5.6250 MB /   0.50 sec =   94.3792 Mbps     0 retrans
[2024-11-02T11:20:56.415949-0700]     9.1250 MB /   0.50 sec =  153.1013 Mbps     0 retrans
[2024-11-02T11:20:56.915980-0700]     8.1250 MB /   0.50 sec =  136.3075 Mbps     0 retrans
[2024-11-02T11:20:57.417857-0700]     0.6875 MB /   0.50 sec =   11.4931 Mbps     0 retrans
[2024-11-02T11:20:57.916254-0700]     8.0000 MB /   0.50 sec =  134.7078 Mbps     0 retrans
[2024-11-02T11:20:58.416013-0700]    10.0625 MB /   0.50 sec =  168.8184 Mbps     0 retrans
[2024-11-02T11:20:58.916491-0700]    11.8750 MB /   0.50 sec =  199.2163 Mbps     0 retrans
[2024-11-02T11:20:59.416020-0700]    13.1250 MB /   0.50 sec =  220.1895 Mbps     0 retrans
[2024-11-02T11:20:59.917053-0700]    13.8750 MB /   0.50 sec =  232.5685 Mbps     0 retrans
[2024-11-02T11:21:00.415963-0700]    11.6875 MB /   0.50 sec =  196.2800 Mbps     0 retrans
[2024-11-02T11:21:00.916347-0700]    13.6875 MB /   0.50 sec =  229.6253 Mbps     0 retrans
[2024-11-02T11:21:01.416072-0700]     7.8750 MB /   0.50 sec =  132.0823 Mbps     0 retrans
[2024-11-02T11:21:01.915972-0700]    14.7500 MB /   0.50 sec =  247.5397 Mbps     0 retrans
[2024-11-02T11:21:02.418308-0700]    14.3125 MB /   0.50 sec =  239.2902 Mbps     0 retrans
[2024-11-02T11:21:02.916039-0700]     7.0625 MB /   0.50 sec =  118.8940 Mbps     0 retrans
[2024-11-02T11:21:03.415946-0700]    10.1250 MB /   0.50 sec =  169.8945 Mbps     0 retrans
[2024-11-02T11:21:03.915902-0700]     8.7500 MB /   0.50 sec =  146.8030 Mbps     0 retrans
[2024-11-02T11:21:04.416011-0700]     7.5625 MB /   0.50 sec =  126.8625 Mbps     0 retrans
[2024-11-02T11:21:04.915978-0700]     5.5625 MB /   0.50 sec =   93.3248 Mbps     0 retrans
[2024-11-02T11:21:05.415985-0700]     3.4375 MB /   0.50 sec =   57.6704 Mbps     0 retrans
[2024-11-02T11:21:05.916240-0700]     5.3125 MB /   0.50 sec =   89.0841 Mbps     0 retrans
[2024-11-02T11:21:06.416376-0700]     6.8750 MB /   0.50 sec =  115.3122 Mbps     0 retrans
[2024-11-02T11:21:06.915961-0700]     7.2500 MB /   0.50 sec =  121.7390 Mbps     0 retrans
[2024-11-02T11:21:07.415996-0700]     5.8125 MB /   0.50 sec =   97.4981 Mbps     0 retrans
[2024-11-02T11:21:07.918289-0700]     6.0625 MB /   0.50 sec =  101.6495 Mbps     0 retrans
[2024-11-02T11:21:08.416322-0700]     3.6875 MB /   0.50 sec =   61.9160 Mbps     0 retrans
[2024-11-02T11:21:08.915867-0700]     8.4375 MB /   0.50 sec =  141.5671 Mbps     0 retrans
[2024-11-02T11:21:09.416458-0700]     9.8125 MB /   0.50 sec =  164.6096 Mbps     0 retrans
[2024-11-02T11:21:09.916314-0700]    10.3750 MB /   0.50 sec =  174.0692 Mbps     0 retrans
[2024-11-02T11:21:10.416177-0700]    11.0625 MB /   0.50 sec =  185.5920 Mbps     0 retrans
[2024-11-02T11:21:10.916721-0700]    11.0625 MB /   0.50 sec =  185.4796 Mbps     0 retrans
[2024-11-02T11:21:11.416521-0700]    11.9375 MB /   0.50 sec =  200.2127 Mbps     0 retrans
[2024-11-02T11:21:11.916022-0700]     8.5625 MB /   0.50 sec =  143.7633 Mbps     0 retrans
[2024-11-02T11:21:12.415980-0700]     0.0000 MB /   0.50 sec =    0.0000 Mbps     0 retrans
[2024-11-02T11:21:12.915971-0700]     5.4375 MB /   0.50 sec =   91.2247 Mbps     0 retrans
[2024-11-02T11:21:13.417206-0700]     6.6250 MB /   0.50 sec =  110.8936 Mbps     0 retrans
[2024-11-02T11:21:13.915963-0700]     6.6875 MB /   0.50 sec =  112.4583 Mbps     0 retrans
[2024-11-02T11:21:14.415996-0700]     4.8125 MB /   0.50 sec =   80.7395 Mbps     0 retrans
[2024-11-02T11:21:14.915886-0700]    10.2500 MB /   0.50 sec =  171.9788 Mbps     0 retrans
[2024-11-02T11:21:15.416581-0700]    10.3750 MB /   0.50 sec =  173.8463 Mbps     0 retrans
[2024-11-02T11:21:15.916007-0700]    11.4375 MB /   0.50 sec =  192.0892 Mbps     0 retrans
[2024-11-02T11:21:16.415983-0700]     7.5000 MB /   0.50 sec =  125.8455 Mbps     0 retrans
[2024-11-02T11:21:16.915883-0700]     8.3750 MB /   0.50 sec =  140.5224 Mbps     0 retrans
[2024-11-02T11:21:17.417150-0700]     4.4375 MB /   0.50 sec =   74.2795 Mbps     0 retrans
[2024-11-02T11:21:17.916046-0700]     1.3750 MB /   0.50 sec =   23.1189 Mbps     0 retrans
[2024-11-02T11:21:18.416497-0700]     5.5625 MB /   0.50 sec =   93.3266 Mbps     0 retrans
[2024-11-02T11:21:18.916372-0700]     9.5000 MB /   0.50 sec =  159.2676 Mbps     0 retrans
[2024-11-02T11:21:19.416541-0700]     8.0625 MB /   0.50 sec =  135.2257 Mbps     0 retrans
[2024-11-02T11:21:19.916055-0700]     8.1250 MB /   0.50 sec =  136.4442 Mbps     0 retrans
[2024-11-02T11:21:20.416472-0700]     9.1250 MB /   0.50 sec =  153.1001 Mbps     0 retrans
[2024-11-02T11:21:20.916007-0700]     6.8750 MB /   0.50 sec =  115.3394 Mbps     0 retrans
[2024-11-02T11:21:21.416025-0700]    10.1875 MB /   0.50 sec =  170.9169 Mbps     0 retrans
[2024-11-02T11:21:21.916519-0700]     9.8750 MB /   0.50 sec =  165.6912 Mbps     0 retrans
[2024-11-02T11:21:22.416415-0700]    11.2500 MB /   0.50 sec =  188.7399 Mbps     0 retrans
[2024-11-02T11:21:22.916464-0700]     9.6875 MB /   0.50 sec =  162.5202 Mbps     0 retrans
[2024-11-02T11:21:23.415893-0700]     5.8125 MB /   0.50 sec =   97.5232 Mbps     0 retrans
[2024-11-02T11:21:23.916908-0700]    14.1875 MB /   0.50 sec =  237.8370 Mbps     0 retrans
[2024-11-02T11:21:24.415981-0700]    13.9375 MB /   0.50 sec =  234.0108 Mbps     0 retrans
[2024-11-02T11:21:24.916932-0700]     4.2500 MB /   0.50 sec =   71.1799 Mbps     0 retrans
[2024-11-02T11:21:25.416895-0700]     9.1875 MB /   0.50 sec =  154.1441 Mbps     0 retrans
[2024-11-02T11:21:25.916722-0700]    12.3750 MB /   0.50 sec =  207.8130 Mbps     0 retrans
[2024-11-02T11:21:26.415987-0700]    13.6250 MB /   0.50 sec =  228.7318 Mbps     0 retrans
[2024-11-02T11:21:26.916538-0700]    10.8125 MB /   0.50 sec =  181.4370 Mbps     0 retrans
[2024-11-02T11:21:27.416090-0700]     1.8125 MB /   0.50 sec =   30.4044 Mbps     0 retrans
[2024-11-02T11:21:27.916408-0700]    13.4375 MB /   0.50 sec =  225.4862 Mbps     0 retrans
[2024-11-02T11:21:28.415975-0700]    13.1250 MB /   0.50 sec =  220.1948 Mbps     0 retrans
[2024-11-02T11:21:28.916864-0700]     8.1875 MB /   0.50 sec =  137.3613 Mbps     0 retrans
[2024-11-02T11:21:29.415938-0700]    14.3750 MB /   0.50 sec =  241.1788 Mbps     0 retrans
[2024-11-02T11:21:29.916038-0700]    12.3750 MB /   0.50 sec =  207.5948 Mbps     0 retrans
[2024-11-02T11:21:30.416462-0700]    11.3125 MB /   0.50 sec =  189.6352 Mbps     0 retrans
[2024-11-02T11:21:30.916096-0700]    12.8750 MB /   0.50 sec =  216.2194 Mbps     0 retrans
[2024-11-02T11:21:31.416082-0700]     6.1250 MB /   0.50 sec =  102.7376 Mbps     0 retrans
[2024-11-02T11:21:31.916154-0700]    12.0000 MB /   0.50 sec =  201.2602 Mbps     0 retrans
[2024-11-02T11:21:32.416530-0700]     9.0000 MB /   0.50 sec =  151.0599 Mbps     0 retrans
[2024-11-02T11:21:32.916467-0700]     7.1875 MB /   0.50 sec =  120.4718 Mbps     0 retrans
End time: 1730571693180
