Start time: 1730589511896
[2024-11-02T17:18:33.048653-0600] nuttcp-t: v8.1.4: socket
[2024-11-02T17:18:33.049945-0600] nuttcp-t: buflen=65536, nstream=1, port=5101 tcp -> 54.176.53.206
[2024-11-02T17:18:33.050075-0600] nuttcp-t: time limit = 120.00 seconds
[2024-11-02T17:18:33.050173-0600] nuttcp-t: connect to 54.176.53.206 with mss=1376, RTT=60.353 ms af=inet
[2024-11-02T17:18:33.050266-0600] nuttcp-t: send window size = 1048576, receive window size = 4194304
[2024-11-02T17:18:33.050439-0600] nuttcp-t: available send window = 786432, available receive window = 3145728
[2024-11-02T17:18:33.050537-0600] nuttcp-t: initial congestion window = 13 KB (10 packets)
[2024-11-02T17:18:33.050632-0600] nuttcp-r: v6.1.2: socket
[2024-11-02T17:18:33.050723-0600] nuttcp-r: buflen=65536, nstream=1, port=5101 tcp
[2024-11-02T17:18:33.050814-0600] nuttcp-r: interval reporting every 0.50 seconds
[2024-11-02T17:18:33.050903-0600] nuttcp-r: accept from 174.201.35.130
[2024-11-02T17:18:33.050992-0600] nuttcp-r: send window size = 450000000, receive window size = 450000000
[2024-11-02T17:18:33.051082-0600] nuttcp-r: available send window = 225000000, available receive window = 225000000
[2024-11-02T17:18:33.051171-0600]     0.4375 MB /   0.50 sec =    7.3397 Mbps     0 retrans    855 KB-cwnd
[2024-11-02T17:18:33.408064-0600]     0.9375 MB /   0.50 sec =   15.7285 Mbps     0 retrans   1380 KB-cwnd
[2024-11-02T17:18:34.184600-0600]     0.7500 MB /   0.50 sec =   12.5832 Mbps     0 retrans   1409 KB-cwnd
[2024-11-02T17:18:34.559852-0600]     1.0625 MB /   0.50 sec =   17.8257 Mbps     0 retrans   1441 KB-cwnd
[2024-11-02T17:18:35.013641-0600]     0.8125 MB /   0.50 sec =   13.6312 Mbps     0 retrans   1441 KB-cwnd
[2024-11-02T17:18:35.424109-0600]     0.8125 MB /   0.50 sec =   13.6317 Mbps     0 retrans   1441 KB-cwnd
[2024-11-02T17:18:36.195456-0600]     0.9375 MB /   0.50 sec =   15.7288 Mbps     0 retrans   1441 KB-cwnd
[2024-11-02T17:18:36.620338-0600]     0.8125 MB /   0.50 sec =   13.6315 Mbps     0 retrans   1441 KB-cwnd
[2024-11-02T17:18:36.943376-0600]     0.9375 MB /   0.50 sec =   15.7285 Mbps     0 retrans   1441 KB-cwnd
[2024-11-02T17:18:37.607394-0600]     1.0625 MB /   0.50 sec =   17.8261 Mbps     0 retrans   1443 KB-cwnd
[2024-11-02T17:18:37.915919-0600]     1.0000 MB /   0.50 sec =   16.7765 Mbps     0 retrans   1448 KB-cwnd
[2024-11-02T17:18:38.571784-0600]     1.1250 MB /   0.50 sec =   18.8748 Mbps     0 retrans   1448 KB-cwnd
[2024-11-02T17:18:38.877403-0600]     1.0000 MB /   0.50 sec =   16.7772 Mbps     0 retrans   1448 KB-cwnd
[2024-11-02T17:18:39.519336-0600]     1.1250 MB /   0.50 sec =   18.8746 Mbps     0 retrans   1510 KB-cwnd
[2024-11-02T17:18:39.916040-0600]     0.8125 MB /   0.50 sec =   13.6310 Mbps     0 retrans   1510 KB-cwnd
[2024-11-02T17:18:40.611485-0600]     1.0000 MB /   0.50 sec =   16.7532 Mbps     0 retrans   1510 KB-cwnd
[2024-11-02T17:18:40.939624-0600]     0.9375 MB /   0.50 sec =   15.7513 Mbps     0 retrans   1510 KB-cwnd
[2024-11-02T17:18:41.368966-0600]     0.8750 MB /   0.50 sec =   14.6803 Mbps     0 retrans   1510 KB-cwnd
[2024-11-02T17:18:41.854630-0600]     0.6875 MB /   0.50 sec =   11.5344 Mbps     0 retrans   1510 KB-cwnd
[2024-11-02T17:18:42.796044-0600]     0.8125 MB /   0.50 sec =   13.6312 Mbps     0 retrans   1510 KB-cwnd
[2024-11-02T17:18:43.276325-0600]     0.6875 MB /   0.50 sec =   11.5334 Mbps     0 retrans   1510 KB-cwnd
[2024-11-02T17:18:43.692224-0600]     0.6875 MB /   0.50 sec =   11.5357 Mbps     0 retrans   1510 KB-cwnd
[2024-11-02T17:18:43.995100-0600]     1.0000 MB /   0.50 sec =   16.7774 Mbps     0 retrans   1510 KB-cwnd
[2024-11-02T17:18:44.604955-0600]     1.1875 MB /   0.50 sec =   19.9223 Mbps     0 retrans   1510 KB-cwnd
[2024-11-02T17:18:44.876434-0600]     1.1250 MB /   0.50 sec =   18.8748 Mbps     0 retrans   1510 KB-cwnd
[2024-11-02T17:18:45.501080-0600]     1.1250 MB /   0.50 sec =   18.8744 Mbps     0 retrans   1510 KB-cwnd
[2024-11-02T17:18:46.221374-0600]     0.9375 MB /   0.50 sec =   15.7285 Mbps     0 retrans   1510 KB-cwnd
[2024-11-02T17:18:46.543683-0600]     0.9375 MB /   0.50 sec =   15.7282 Mbps     0 retrans   1510 KB-cwnd
[2024-11-02T17:18:46.944188-0600]     0.9375 MB /   0.50 sec =   15.7285 Mbps     0 retrans   1510 KB-cwnd
[2024-11-02T17:18:47.598473-0600]     0.9375 MB /   0.50 sec =   15.7293 Mbps     0 retrans   1510 KB-cwnd
[2024-11-02T17:18:47.964984-0600]     1.0625 MB /   0.50 sec =   17.8255 Mbps     0 retrans   1510 KB-cwnd
[2024-11-02T17:18:48.602122-0600]     1.0000 MB /   0.50 sec =   16.7771 Mbps     0 retrans   1510 KB-cwnd
[2024-11-02T17:18:48.984713-0600]     1.0000 MB /   0.50 sec =   16.7772 Mbps     0 retrans   1510 KB-cwnd
[2024-11-02T17:18:49.607722-0600]     0.9375 MB /   0.50 sec =   15.7291 Mbps     0 retrans   1510 KB-cwnd
[2024-11-02T17:18:49.875494-0600]     1.1250 MB /   0.50 sec =   18.8745 Mbps     0 retrans   1510 KB-cwnd
[2024-11-02T17:18:50.490171-0600]     1.1875 MB /   0.50 sec =   19.9228 Mbps     0 retrans   1510 KB-cwnd
[2024-11-02T17:18:50.877408-0600]     0.8750 MB /   0.50 sec =   14.6796 Mbps     0 retrans   1510 KB-cwnd
[2024-11-02T17:18:51.715051-0600]     0.9375 MB /   0.50 sec =   15.7290 Mbps     0 retrans   1510 KB-cwnd
[2024-11-02T17:18:52.130606-0600]     0.7500 MB /   0.50 sec =   12.5828 Mbps     0 retrans   1510 KB-cwnd
[2024-11-02T17:18:52.538080-0600]     0.8125 MB /   0.50 sec =   13.6313 Mbps     0 retrans   1510 KB-cwnd
[2024-11-02T17:18:52.947884-0600]     0.7500 MB /   0.50 sec =   12.5832 Mbps     0 retrans   1510 KB-cwnd
[2024-11-02T17:18:53.397858-0600]     0.8125 MB /   0.50 sec =   13.6311 Mbps     0 retrans   1510 KB-cwnd
[2024-11-02T17:18:54.116124-0600]     0.9375 MB /   0.50 sec =   15.7292 Mbps     0 retrans   1510 KB-cwnd
[2024-11-02T17:18:54.536792-0600]     0.8750 MB /   0.50 sec =   14.6802 Mbps     0 retrans   1510 KB-cwnd
[2024-11-02T17:18:54.875208-0600]     0.9375 MB /   0.50 sec =   15.7279 Mbps     0 retrans   1510 KB-cwnd
[2024-11-02T17:18:55.539114-0600]     1.0000 MB /   0.50 sec =   16.7779 Mbps     0 retrans   1510 KB-cwnd
[2024-11-02T17:18:55.854180-0600]     1.0625 MB /   0.50 sec =   17.8257 Mbps     0 retrans   1510 KB-cwnd
[2024-11-02T17:18:56.542066-0600]     1.0625 MB /   0.50 sec =   17.8249 Mbps     0 retrans   1510 KB-cwnd
[2024-11-02T17:18:56.864271-0600]     0.9375 MB /   0.50 sec =   15.7294 Mbps     0 retrans   1510 KB-cwnd
[2024-11-02T17:18:57.556109-0600]     1.0000 MB /   0.50 sec =   16.7767 Mbps     0 retrans   1639 KB-cwnd
[2024-11-02T17:18:57.898473-0600]     1.0625 MB /   0.50 sec =   17.8255 Mbps     0 retrans   1639 KB-cwnd
[2024-11-02T17:18:58.543062-0600]     1.0000 MB /   0.50 sec =   16.7779 Mbps     0 retrans   1639 KB-cwnd
[2024-11-02T17:18:58.868084-0600]     1.0625 MB /   0.50 sec =   17.8259 Mbps     0 retrans   1639 KB-cwnd
[2024-11-02T17:18:59.435618-0600]     1.1875 MB /   0.50 sec =   19.9225 Mbps     0 retrans   1639 KB-cwnd
[2024-11-02T17:18:59.980082-0600]     1.2500 MB /   0.50 sec =   20.9720 Mbps     0 retrans   1639 KB-cwnd
[2024-11-02T17:19:00.539104-0600]     1.3125 MB /   0.50 sec =   22.0143 Mbps     0 retrans   1639 KB-cwnd
[2024-11-02T17:19:01.019570-0600]     1.4375 MB /   0.50 sec =   24.1234 Mbps     0 retrans   1639 KB-cwnd
[2024-11-02T17:19:01.585947-0600]     1.3750 MB /   0.50 sec =   23.0689 Mbps     0 retrans   1639 KB-cwnd
[2024-11-02T17:19:01.887623-0600]     1.1875 MB /   0.50 sec =   19.9229 Mbps     0 retrans   1639 KB-cwnd
[2024-11-02T17:19:02.456186-0600]     1.1875 MB /   0.50 sec =   19.9219 Mbps     0 retrans   1639 KB-cwnd
[2024-11-02T17:19:03.076457-0600]     1.0625 MB /   0.50 sec =   17.8269 Mbps     0 retrans   1639 KB-cwnd
[2024-11-02T17:19:03.383338-0600]     1.0625 MB /   0.50 sec =   17.8256 Mbps     0 retrans   1639 KB-cwnd
[2024-11-02T17:19:04.049001-0600]     0.9375 MB /   0.50 sec =   15.7286 Mbps     0 retrans   1639 KB-cwnd
[2024-11-02T17:19:04.462310-0600]     1.6250 MB /   0.50 sec =   27.2619 Mbps     0 retrans   1832 KB-cwnd
[2024-11-02T17:19:04.854238-0600]     1.8125 MB /   0.50 sec =   30.4082 Mbps     0 retrans   1832 KB-cwnd
[2024-11-02T17:19:05.444191-0600]     2.9375 MB /   0.50 sec =   49.2843 Mbps     0 retrans   2199 KB-cwnd
[2024-11-02T17:19:05.950871-0600]     2.1875 MB /   0.50 sec =   36.6994 Mbps     0 retrans   2199 KB-cwnd
[2024-11-02T17:19:06.737822-0600]     1.9375 MB /   0.50 sec =   32.5077 Mbps     0 retrans   2199 KB-cwnd
[2024-11-02T17:19:07.755585-0600]     0.6875 MB /   0.50 sec =   11.5342 Mbps     0 retrans   2199 KB-cwnd
[2024-11-02T17:19:07.756130-0600]     0.3125 MB /   0.50 sec =    5.2427 Mbps     0 retrans   2199 KB-cwnd
[2024-11-02T17:19:08.661805-0600]     0.3125 MB /   0.50 sec =    5.2431 Mbps     0 retrans   2199 KB-cwnd
[2024-11-02T17:19:08.662561-0600]     0.3750 MB /   0.50 sec =    6.2912 Mbps     0 retrans   2199 KB-cwnd
[2024-11-02T17:19:09.653164-0600]     0.3750 MB /   0.50 sec =    6.2917 Mbps     0 retrans   2199 KB-cwnd
[2024-11-02T17:19:09.653339-0600]     0.3750 MB /   0.50 sec =    6.2914 Mbps     0 retrans   2199 KB-cwnd
[2024-11-02T17:19:10.569603-0600]     0.3750 MB /   0.50 sec =    6.2909 Mbps     0 retrans   2199 KB-cwnd
[2024-11-02T17:19:10.569806-0600]     0.3750 MB /   0.50 sec =    6.2920 Mbps     0 retrans   2199 KB-cwnd
[2024-11-02T17:19:11.490618-0600]     0.3125 MB /   0.50 sec =    5.2428 Mbps     0 retrans   2199 KB-cwnd
[2024-11-02T17:19:11.491227-0600]     0.3750 MB /   0.50 sec =    6.2915 Mbps     0 retrans   2199 KB-cwnd
[2024-11-02T17:19:12.445999-0600]     0.3750 MB /   0.50 sec =    6.2913 Mbps     0 retrans   2199 KB-cwnd
[2024-11-02T17:19:12.446550-0600]     0.3125 MB /   0.50 sec =    5.2429 Mbps     0 retrans   2199 KB-cwnd
[2024-11-02T17:19:13.341242-0600]     0.3750 MB /   0.50 sec =    6.2916 Mbps     0 retrans   2199 KB-cwnd
[2024-11-02T17:19:14.305113-0600]     0.3750 MB /   0.50 sec =    6.2910 Mbps     0 retrans   2199 KB-cwnd
[2024-11-02T17:19:14.305799-0600]     0.3125 MB /   0.50 sec =    5.2434 Mbps     0 retrans   2199 KB-cwnd
[2024-11-02T17:19:17.893553-0600]     0.3750 MB /   0.50 sec =    6.2902 Mbps    74 retrans   1758 KB-cwnd
[2024-11-02T17:19:17.894174-0600]     0.1875 MB /   0.50 sec =    3.1463 Mbps     0 retrans   1758 KB-cwnd
[2024-11-02T17:19:17.894566-0600]     0.1875 MB /   0.50 sec =    3.1457 Mbps     0 retrans   1758 KB-cwnd
[2024-11-02T17:19:17.894871-0600]     0.1250 MB /   0.50 sec =    2.0971 Mbps     0 retrans   1758 KB-cwnd
[2024-11-02T17:19:17.895092-0600]     0.0000 MB /   0.50 sec =    0.0000 Mbps     0 retrans   1758 KB-cwnd
[2024-11-02T17:19:17.895287-0600]     0.0000 MB /   0.50 sec =    0.0000 Mbps     0 retrans   1758 KB-cwnd
[2024-11-02T17:19:17.895474-0600]     0.1250 MB /   0.50 sec =    2.0971 Mbps     0 retrans   1758 KB-cwnd
[2024-11-02T17:19:17.895657-0600]     0.2500 MB /   0.50 sec =    4.1850 Mbps     0 retrans   1758 KB-cwnd
[2024-11-02T17:19:18.636017-0600]     0.6250 MB /   0.50 sec =   10.5093 Mbps     0 retrans   1775 KB-cwnd
[2024-11-02T17:19:19.722676-0600]     0.2500 MB /   0.50 sec =    4.1944 Mbps     0 retrans   1775 KB-cwnd
[2024-11-02T17:19:19.723212-0600]     0.3750 MB /   0.50 sec =    6.2915 Mbps     0 retrans   1775 KB-cwnd
[2024-11-02T17:19:21.178123-0600]     0.2500 MB /   0.50 sec =    4.1943 Mbps     0 retrans   1775 KB-cwnd
[2024-11-02T17:19:21.178728-0600]     0.2500 MB /   0.50 sec =    4.1943 Mbps     0 retrans   1775 KB-cwnd
[2024-11-02T17:19:21.179001-0600]     0.1875 MB /   0.50 sec =    3.1457 Mbps     0 retrans   1775 KB-cwnd
[2024-11-02T17:19:22.980660-0600]     0.2500 MB /   0.50 sec =    4.1943 Mbps     0 retrans   1775 KB-cwnd
[2024-11-02T17:19:22.981140-0600]     0.1875 MB /   0.50 sec =    3.1457 Mbps     0 retrans   1775 KB-cwnd
[2024-11-02T17:19:22.981356-0600]     0.2500 MB /   0.50 sec =    4.1942 Mbps     0 retrans   1775 KB-cwnd
[2024-11-02T17:19:22.981560-0600]     0.1250 MB /   0.50 sec =    2.0972 Mbps     0 retrans   1775 KB-cwnd
[2024-11-02T17:19:31.727026-0600]     0.0625 MB /   0.50 sec =    1.0486 Mbps   416 retrans   1424 KB-cwnd
[2024-11-02T17:19:31.727531-0600]     0.0625 MB /   0.50 sec =    1.0485 Mbps     0 retrans   1424 KB-cwnd
[2024-11-02T17:19:31.727760-0600]     0.0000 MB /   0.50 sec =    0.0000 Mbps     0 retrans   1424 KB-cwnd
[2024-11-02T17:19:31.728003-0600]     0.0000 MB /   0.50 sec =    0.0000 Mbps     0 retrans   1424 KB-cwnd
[2024-11-02T17:19:31.728211-0600]     0.0000 MB /   0.50 sec =    0.0000 Mbps     0 retrans   1424 KB-cwnd
[2024-11-02T17:19:31.728455-0600]     0.0000 MB /   0.50 sec =    0.0000 Mbps     0 retrans   1424 KB-cwnd
[2024-11-02T17:19:31.728657-0600]     0.0000 MB /   0.50 sec =    0.0000 Mbps     0 retrans   1424 KB-cwnd
[2024-11-02T17:19:31.728854-0600]     0.0000 MB /   0.50 sec =    0.0000 Mbps     0 retrans   1424 KB-cwnd
[2024-11-02T17:19:31.729039-0600]     0.0000 MB /   0.50 sec =    0.0000 Mbps     0 retrans   1424 KB-cwnd
[2024-11-02T17:19:31.729217-0600]     0.0000 MB /   0.50 sec =    0.0000 Mbps     0 retrans   1424 KB-cwnd
[2024-11-02T17:19:31.729388-0600]     0.0000 MB /   0.50 sec =    0.0000 Mbps     0 retrans   1424 KB-cwnd
[2024-11-02T17:19:31.729628-0600]     0.0625 MB /   0.50 sec =    1.0486 Mbps     0 retrans   1424 KB-cwnd
[2024-11-02T17:19:31.729846-0600]     0.0625 MB /   0.50 sec =    1.0485 Mbps     0 retrans   1424 KB-cwnd
[2024-11-02T17:19:31.730090-0600]     0.0625 MB /   0.50 sec =    1.0486 Mbps     0 retrans   1424 KB-cwnd
[2024-11-02T17:19:31.730305-0600]     0.0625 MB /   0.50 sec =    1.0486 Mbps     0 retrans   1424 KB-cwnd
[2024-11-02T17:19:31.730946-0600]     0.1250 MB /   0.50 sec =    2.0972 Mbps     0 retrans   1424 KB-cwnd
[2024-11-02T17:19:31.731195-0600]     0.1875 MB /   0.50 sec =    3.1457 Mbps     0 retrans   1424 KB-cwnd
[2024-11-02T17:19:34.153452-0600]     0.1250 MB /   0.50 sec =    2.0972 Mbps    46 retrans   1148 KB-cwnd
[2024-11-02T17:19:34.154150-0600]     0.1250 MB /   0.50 sec =    2.0971 Mbps     0 retrans   1148 KB-cwnd
[2024-11-02T17:19:34.154497-0600]     0.1250 MB /   0.50 sec =    2.0971 Mbps     0 retrans   1148 KB-cwnd
[2024-11-02T17:19:34.154835-0600]     0.0000 MB /   0.50 sec =    0.0000 Mbps     0 retrans   1148 KB-cwnd
[2024-11-02T17:19:34.155127-0600]     0.0000 MB /   0.50 sec =    0.0000 Mbps     0 retrans   1148 KB-cwnd
[2024-11-02T17:19:34.909567-0600]     0.5625 MB /   0.50 sec =    9.4277 Mbps     0 retrans   1170 KB-cwnd
[2024-11-02T17:19:34.910060-0600]     0.3750 MB /   0.50 sec =    6.2979 Mbps     0 retrans   1170 KB-cwnd
[2024-11-02T17:19:35.651439-0600]     0.5000 MB /   0.50 sec =    8.3886 Mbps     0 retrans   1170 KB-cwnd
[2024-11-02T17:19:36.379047-0600]     0.4375 MB /   0.50 sec =    7.3400 Mbps     0 retrans   1170 KB-cwnd
[2024-11-02T17:19:37.006887-0600]     0.5000 MB /   0.50 sec =    8.3883 Mbps     0 retrans   1170 KB-cwnd
[2024-11-02T17:19:37.007117-0600]     0.4375 MB /   0.50 sec =    7.3402 Mbps     0 retrans   1170 KB-cwnd
[2024-11-02T17:19:37.688078-0600]     0.5000 MB /   0.50 sec =    8.3886 Mbps     0 retrans   1170 KB-cwnd
[2024-11-02T17:19:38.099515-0600]     0.5625 MB /   0.50 sec =    9.4373 Mbps     0 retrans   1170 KB-cwnd
[2024-11-02T17:19:38.631736-0600]     0.6875 MB /   0.50 sec =   11.5344 Mbps     0 retrans   1170 KB-cwnd
[2024-11-02T17:19:39.253127-0600]     0.6875 MB /   0.50 sec =   11.5343 Mbps     0 retrans   1170 KB-cwnd
[2024-11-02T17:19:39.913061-0600]     0.5625 MB /   0.50 sec =    9.4373 Mbps     0 retrans   1170 KB-cwnd
[2024-11-02T17:19:39.913693-0600]     0.4375 MB /   0.50 sec =    7.3399 Mbps     0 retrans   1170 KB-cwnd
[2024-11-02T17:19:40.510297-0600]     0.5625 MB /   0.50 sec =    9.4374 Mbps     0 retrans   1170 KB-cwnd
[2024-11-02T17:19:40.978645-0600]     0.6875 MB /   0.50 sec =   11.5344 Mbps     0 retrans   1170 KB-cwnd
[2024-11-02T17:19:41.494156-0600]     0.6875 MB /   0.50 sec =   11.5339 Mbps     0 retrans   1170 KB-cwnd
[2024-11-02T17:19:41.967269-0600]     0.7500 MB /   0.50 sec =   12.5832 Mbps     0 retrans   1170 KB-cwnd
[2024-11-02T17:19:42.471735-0600]     0.6875 MB /   0.50 sec =   11.5343 Mbps     0 retrans   1170 KB-cwnd
[2024-11-02T17:19:43.040080-0600]     0.5625 MB /   0.50 sec =    9.4372 Mbps     0 retrans   1170 KB-cwnd
[2024-11-02T17:19:43.789867-0600]     0.5625 MB /   0.50 sec =    9.4373 Mbps     0 retrans   1170 KB-cwnd
[2024-11-02T17:19:45.043045-0600]     0.3750 MB /   0.50 sec =    6.2882 Mbps     0 retrans   1170 KB-cwnd
[2024-11-02T17:19:45.043580-0600]     0.3125 MB /   0.50 sec =    5.2452 Mbps     0 retrans   1170 KB-cwnd
[2024-11-02T17:19:45.043884-0600]     0.3125 MB /   0.50 sec =    5.2432 Mbps     0 retrans   1170 KB-cwnd
[2024-11-02T17:19:46.476294-0600]     0.2500 MB /   0.50 sec =    4.1944 Mbps     0 retrans   1170 KB-cwnd
[2024-11-02T17:19:46.476880-0600]     0.2500 MB /   0.50 sec =    4.1943 Mbps     0 retrans   1170 KB-cwnd
[2024-11-02T17:19:46.477140-0600]     0.1875 MB /   0.50 sec =    3.1457 Mbps     0 retrans   1170 KB-cwnd
[2024-11-02T17:19:48.331855-0600]     0.2500 MB /   0.50 sec =    4.1942 Mbps     0 retrans   1170 KB-cwnd
[2024-11-02T17:19:48.332418-0600]     0.2500 MB /   0.50 sec =    4.1943 Mbps     0 retrans   1170 KB-cwnd
[2024-11-02T17:19:48.332644-0600]     0.1250 MB /   0.50 sec =    2.0972 Mbps     0 retrans   1170 KB-cwnd
[2024-11-02T17:19:49.923639-0600]     0.1875 MB /   0.50 sec =    3.1455 Mbps     0 retrans   1170 KB-cwnd
[2024-11-02T17:19:49.924196-0600]     0.1250 MB /   0.50 sec =    2.0972 Mbps     0 retrans   1170 KB-cwnd
[2024-11-02T17:19:49.924433-0600]     0.2500 MB /   0.50 sec =    4.1945 Mbps     0 retrans   1170 KB-cwnd
[2024-11-02T17:19:49.924641-0600]     0.2500 MB /   0.50 sec =    4.1941 Mbps     0 retrans   1170 KB-cwnd
[2024-11-02T17:19:50.984143-0600]     0.2500 MB /   0.50 sec =    4.1944 Mbps     0 retrans   1170 KB-cwnd
[2024-11-02T17:19:50.984697-0600]     0.3125 MB /   0.50 sec =    5.2430 Mbps     0 retrans   1170 KB-cwnd
[2024-11-02T17:19:51.854419-0600]     0.3125 MB /   0.50 sec =    5.2428 Mbps     0 retrans   1170 KB-cwnd
[2024-11-02T17:19:51.854969-0600]     0.3750 MB /   0.50 sec =    6.2913 Mbps     0 retrans   1170 KB-cwnd
[2024-11-02T17:19:52.693991-0600]     0.3750 MB /   0.50 sec =    6.2915 Mbps     0 retrans   1170 KB-cwnd
[2024-11-02T17:19:53.604173-0600]     0.4375 MB /   0.50 sec =    7.3398 Mbps     0 retrans   1170 KB-cwnd
[2024-11-02T17:19:53.604730-0600]     0.3750 MB /   0.50 sec =    6.2918 Mbps     0 retrans   1170 KB-cwnd
[2024-11-02T17:19:54.286525-0600]     0.3750 MB /   0.50 sec =    6.2915 Mbps     0 retrans   1170 KB-cwnd
[2024-11-02T17:19:54.903494-0600]     0.5625 MB /   0.50 sec =    9.4370 Mbps     0 retrans   1170 KB-cwnd
[2024-11-02T17:19:54.903996-0600]     0.5000 MB /   0.50 sec =    8.3887 Mbps     0 retrans   1170 KB-cwnd
[2024-11-02T17:19:55.917159-0600]     0.7500 MB /   0.50 sec =   12.5829 Mbps     0 retrans   1170 KB-cwnd
[2024-11-02T17:19:55.917655-0600]     0.6250 MB /   0.50 sec =   10.4853 Mbps     0 retrans   1170 KB-cwnd
[2024-11-02T17:19:56.603325-0600]     0.5000 MB /   0.50 sec =    8.3885 Mbps     0 retrans   1170 KB-cwnd
[2024-11-02T17:19:57.458633-0600]     0.4375 MB /   0.50 sec =    7.3404 Mbps     0 retrans   1170 KB-cwnd
[2024-11-02T17:19:57.459263-0600]     0.3750 MB /   0.50 sec =    6.2915 Mbps     0 retrans   1170 KB-cwnd
[2024-11-02T17:19:58.635981-0600]     0.3125 MB /   0.50 sec =    5.2429 Mbps     0 retrans   1170 KB-cwnd
[2024-11-02T17:19:58.636491-0600]     0.2500 MB /   0.50 sec =    4.1943 Mbps     0 retrans   1170 KB-cwnd
[2024-11-02T17:19:59.088736-0600]     0.5000 MB /   0.50 sec =    8.3885 Mbps     0 retrans   1170 KB-cwnd
[2024-11-02T17:19:59.634112-0600]     0.6875 MB /   0.50 sec =   11.5340 Mbps     0 retrans   1170 KB-cwnd
[2024-11-02T17:20:00.045483-0600]     0.6875 MB /   0.50 sec =   11.5349 Mbps     0 retrans   1170 KB-cwnd
[2024-11-02T17:20:00.396648-0600]     0.9375 MB /   0.50 sec =   15.7284 Mbps     0 retrans   1170 KB-cwnd
[2024-11-02T17:20:01.255082-0600]     0.8125 MB /   0.50 sec =   13.6312 Mbps     0 retrans   1170 KB-cwnd
[2024-11-02T17:20:01.492158-0600]     1.1875 MB /   0.50 sec =   19.9186 Mbps     0 retrans   1170 KB-cwnd
[2024-11-02T17:20:02.086606-0600]     1.1875 MB /   0.50 sec =   19.9277 Mbps     0 retrans   1170 KB-cwnd
[2024-11-02T17:20:02.765979-0600]     0.7500 MB /   0.50 sec =   12.5830 Mbps     0 retrans   1170 KB-cwnd
[2024-11-02T17:20:03.635913-0600]     0.3750 MB /   0.50 sec =    6.2914 Mbps     0 retrans   1170 KB-cwnd
[2024-11-02T17:20:03.636520-0600]     0.5000 MB /   0.50 sec =    8.3886 Mbps     0 retrans   1170 KB-cwnd
[2024-11-02T17:20:04.168230-0600]     0.3750 MB /   0.50 sec =    6.2915 Mbps     0 retrans   1170 KB-cwnd
[2024-11-02T17:20:04.577028-0600]     0.7500 MB /   0.50 sec =   12.5832 Mbps     0 retrans   1170 KB-cwnd
[2024-11-02T17:20:05.092447-0600]     0.7500 MB /   0.50 sec =   12.5829 Mbps     0 retrans   1170 KB-cwnd
[2024-11-02T17:20:05.548321-0600]     0.6875 MB /   0.50 sec =   11.5338 Mbps     0 retrans   1170 KB-cwnd
[2024-11-02T17:20:06.267122-0600]     0.5000 MB /   0.50 sec =    8.3891 Mbps     0 retrans   1170 KB-cwnd
[2024-11-02T17:20:06.963785-0600]     0.5000 MB /   0.50 sec =    8.3885 Mbps     0 retrans   1170 KB-cwnd
[2024-11-02T17:20:06.964467-0600]     0.4375 MB /   0.50 sec =    7.3398 Mbps     0 retrans   1170 KB-cwnd
[2024-11-02T17:20:07.544004-0600]     0.6250 MB /   0.50 sec =   10.4860 Mbps     0 retrans   1170 KB-cwnd
[2024-11-02T17:20:08.095618-0600]     0.5625 MB /   0.50 sec =    9.4371 Mbps     0 retrans   1170 KB-cwnd
[2024-11-02T17:20:08.691926-0600]     0.6250 MB /   0.50 sec =   10.4859 Mbps     0 retrans   1170 KB-cwnd
[2024-11-02T17:20:09.531756-0600]     0.5000 MB /   0.50 sec =    8.3881 Mbps     0 retrans   1170 KB-cwnd
[2024-11-02T17:20:09.532352-0600]     0.5000 MB /   0.50 sec =    8.3890 Mbps     0 retrans   1170 KB-cwnd
[2024-11-02T17:20:10.055112-0600]     0.5000 MB /   0.50 sec =    8.3889 Mbps     0 retrans   1170 KB-cwnd
[2024-11-02T17:20:10.648376-0600]     0.5000 MB /   0.50 sec =    8.3885 Mbps     0 retrans   1170 KB-cwnd
[2024-11-02T17:20:11.174143-0600]     0.6250 MB /   0.50 sec =   10.4852 Mbps     0 retrans   1170 KB-cwnd
[2024-11-02T17:20:11.681627-0600]     0.6250 MB /   0.50 sec =   10.4858 Mbps     0 retrans   1170 KB-cwnd
[2024-11-02T17:20:12.324471-0600]     0.6250 MB /   0.50 sec =   10.4862 Mbps     0 retrans   1170 KB-cwnd
[2024-11-02T17:20:12.888501-0600]     0.5000 MB /   0.50 sec =    8.3885 Mbps     0 retrans   1170 KB-cwnd
[2024-11-02T17:20:12.889179-0600]     0.5625 MB /   0.50 sec =    9.4370 Mbps     0 retrans   1170 KB-cwnd
[2024-11-02T17:20:13.445317-0600]     0.6250 MB /   0.50 sec =   10.4862 Mbps     0 retrans   1170 KB-cwnd
[2024-11-02T17:20:14.024457-0600]     0.5625 MB /   0.50 sec =    9.4372 Mbps     0 retrans   1170 KB-cwnd
[2024-11-02T17:20:14.555266-0600]     0.5625 MB /   0.50 sec =    9.4373 Mbps     0 retrans   1170 KB-cwnd
[2024-11-02T17:20:14.982086-0600]     0.7500 MB /   0.50 sec =   12.5829 Mbps     0 retrans   1170 KB-cwnd
[2024-11-02T17:20:15.603265-0600]     0.6250 MB /   0.50 sec =   10.4854 Mbps     0 retrans   1170 KB-cwnd
[2024-11-02T17:20:16.165644-0600]     0.5625 MB /   0.50 sec =    9.4374 Mbps     0 retrans   1170 KB-cwnd
[2024-11-02T17:20:16.654995-0600]     0.6875 MB /   0.50 sec =   11.5342 Mbps     0 retrans   1170 KB-cwnd
[2024-11-02T17:20:17.261868-0600]     0.6250 MB /   0.50 sec =   10.4861 Mbps     0 retrans   1170 KB-cwnd
[2024-11-02T17:20:17.693976-0600]     0.6250 MB /   0.50 sec =   10.4854 Mbps     0 retrans   1170 KB-cwnd
[2024-11-02T17:20:18.165724-0600]     0.8750 MB /   0.50 sec =   14.6804 Mbps     0 retrans   1170 KB-cwnd
[2024-11-02T17:20:18.670563-0600]     0.6875 MB /   0.50 sec =   11.5344 Mbps     0 retrans   1170 KB-cwnd
[2024-11-02T17:20:19.079569-0600]     0.6875 MB /   0.50 sec =   11.5341 Mbps     0 retrans   1170 KB-cwnd
[2024-11-02T17:20:19.592796-0600]     0.8125 MB /   0.50 sec =   13.6317 Mbps     0 retrans   1170 KB-cwnd
[2024-11-02T17:20:20.079029-0600]     0.6875 MB /   0.50 sec =   11.5340 Mbps     0 retrans   1170 KB-cwnd
[2024-11-02T17:20:20.523121-0600]     0.7500 MB /   0.50 sec =   12.5832 Mbps     0 retrans   1170 KB-cwnd
[2024-11-02T17:20:20.983550-0600]     0.7500 MB /   0.50 sec =   12.5829 Mbps     0 retrans   1170 KB-cwnd
[2024-11-02T17:20:21.562940-0600]     0.5625 MB /   0.50 sec =    9.4368 Mbps     0 retrans   1170 KB-cwnd
[2024-11-02T17:20:21.995307-0600]     0.6875 MB /   0.50 sec =   11.5348 Mbps     0 retrans   1170 KB-cwnd
[2024-11-02T17:20:22.775420-0600]     0.9375 MB /   0.50 sec =   15.7286 Mbps     0 retrans   1170 KB-cwnd
[2024-11-02T17:20:23.215519-0600]     0.8125 MB /   0.50 sec =   13.6316 Mbps     0 retrans   1170 KB-cwnd
[2024-11-02T17:20:23.672050-0600]     0.7500 MB /   0.50 sec =   12.5829 Mbps     0 retrans   1170 KB-cwnd
[2024-11-02T17:20:24.188253-0600]     0.7500 MB /   0.50 sec =   12.5829 Mbps     0 retrans   1170 KB-cwnd
[2024-11-02T17:20:24.726944-0600]     0.6250 MB /   0.50 sec =   10.4857 Mbps     0 retrans   1170 KB-cwnd
[2024-11-02T17:20:25.332246-0600]     0.6250 MB /   0.50 sec =   10.4859 Mbps     0 retrans   1170 KB-cwnd
[2024-11-02T17:20:26.029203-0600]     0.5625 MB /   0.50 sec =    9.4371 Mbps     0 retrans   1170 KB-cwnd
[2024-11-02T17:20:26.029640-0600]     0.4375 MB /   0.50 sec =    7.3401 Mbps     0 retrans   1170 KB-cwnd
[2024-11-02T17:20:26.562044-0600]     0.6250 MB /   0.50 sec =   10.4855 Mbps     0 retrans   1170 KB-cwnd
[2024-11-02T17:20:27.295632-0600]     0.5000 MB /   0.50 sec =    8.3888 Mbps     0 retrans   1170 KB-cwnd
[2024-11-02T17:20:27.841010-0600]     0.4375 MB /   0.50 sec =    7.3398 Mbps     0 retrans   1170 KB-cwnd
[2024-11-02T17:20:28.476315-0600]     0.6250 MB /   0.50 sec =   10.4860 Mbps     0 retrans   1170 KB-cwnd
[2024-11-02T17:20:28.477028-0600]     0.5000 MB /   0.50 sec =    8.3885 Mbps     0 retrans   1170 KB-cwnd
[2024-11-02T17:20:29.107756-0600]     0.5625 MB /   0.50 sec =    9.4354 Mbps     0 retrans   1170 KB-cwnd
[2024-11-02T17:20:29.688386-0600]     0.6250 MB /   0.50 sec =   10.4875 Mbps     0 retrans   1170 KB-cwnd
[2024-11-02T17:20:30.253925-0600]     0.5625 MB /   0.50 sec =    9.4372 Mbps     0 retrans   1170 KB-cwnd
[2024-11-02T17:20:30.794056-0600]     0.5625 MB /   0.50 sec =    9.4374 Mbps     0 retrans   1170 KB-cwnd
[2024-11-02T17:20:31.306147-0600]     0.5625 MB /   0.50 sec =    9.4366 Mbps     0 retrans   1170 KB-cwnd
[2024-11-02T17:20:31.786296-0600]     0.6250 MB /   0.50 sec =   10.4866 Mbps     0 retrans   1170 KB-cwnd
[2024-11-02T17:20:32.294704-0600]     0.7500 MB /   0.50 sec =   12.5829 Mbps     0 retrans   1170 KB-cwnd
[2024-11-02T17:20:32.385881-0600]     0.6250 MB /   0.50 sec =   10.4857 Mbps     0 retrans   1170 KB-cwnd
[2024-11-02T17:20:32.851611-0600]     0.6250 MB /   0.50 sec =   10.4858 Mbps     0 retrans   1170 KB-cwnd
End time: 1730589633031
