Start time: 1730589380380
[2024-11-02T17:16:21.433621-0600] nuttcp-r: v8.1.4: socket
[2024-11-02T17:16:21.434017-0600] nuttcp-r: buflen=65536, nstream=1, port=5101 tcp
[2024-11-02T17:16:21.434052-0600] nuttcp-r: interval reporting every 0.50 seconds
[2024-11-02T17:16:21.434076-0600] nuttcp-r: connect to 54.176.53.206 with RTT=62.502 ms af=inet
[2024-11-02T17:16:21.434101-0600] nuttcp-r: send window size = 1048576, receive window size = 4194304
[2024-11-02T17:16:21.434124-0600] nuttcp-r: available send window = 786432, available receive window = 3145728
[2024-11-02T17:16:21.434148-0600]     0.7500 MB /   0.50 sec =   12.5820 Mbps     0 retrans
[2024-11-02T17:16:21.933746-0600]     3.8750 MB /   0.50 sec =   65.0047 Mbps     0 retrans
[2024-11-02T17:16:22.433742-0600]     4.2500 MB /   0.50 sec =   71.3010 Mbps     0 retrans
[2024-11-02T17:16:22.934145-0600]     5.5000 MB /   0.50 sec =   92.2850 Mbps     0 retrans
[2024-11-02T17:16:23.434109-0600]     5.7500 MB /   0.50 sec =   96.4559 Mbps     0 retrans
[2024-11-02T17:16:23.934637-0600]     4.7500 MB /   0.50 sec =   79.5537 Mbps     0 retrans
[2024-11-02T17:16:24.433683-0600]     6.0000 MB /   0.50 sec =  100.8521 Mbps     0 retrans
[2024-11-02T17:16:24.933773-0600]     5.3125 MB /   0.50 sec =   89.1119 Mbps     0 retrans
[2024-11-02T17:16:25.433714-0600]     4.3750 MB /   0.50 sec =   73.4074 Mbps     0 retrans
[2024-11-02T17:16:25.933753-0600]     4.4375 MB /   0.50 sec =   74.4476 Mbps     0 retrans
[2024-11-02T17:16:26.435294-0600]     4.1250 MB /   0.50 sec =   69.0442 Mbps     0 retrans
[2024-11-02T17:16:26.933584-0600]     5.0625 MB /   0.50 sec =   85.1499 Mbps     0 retrans
[2024-11-02T17:16:27.434079-0600]     4.4375 MB /   0.50 sec =   74.3876 Mbps     0 retrans
[2024-11-02T17:16:27.933662-0600]     3.5000 MB /   0.50 sec =   58.7646 Mbps     0 retrans
[2024-11-02T17:16:28.433749-0600]     3.8750 MB /   0.50 sec =   65.0053 Mbps     0 retrans
[2024-11-02T17:16:28.933705-0600]     4.3750 MB /   0.50 sec =   73.4033 Mbps     0 retrans
[2024-11-02T17:16:29.433760-0600]     4.0625 MB /   0.50 sec =   68.1510 Mbps     0 retrans
[2024-11-02T17:16:29.933666-0600]     4.7500 MB /   0.50 sec =   79.7047 Mbps     0 retrans
[2024-11-02T17:16:30.433717-0600]     5.3750 MB /   0.50 sec =   90.1685 Mbps     0 retrans
[2024-11-02T17:16:30.933733-0600]     5.1875 MB /   0.50 sec =   87.0288 Mbps     0 retrans
[2024-11-02T17:16:31.433863-0600]     5.8125 MB /   0.50 sec =   97.5016 Mbps     0 retrans
[2024-11-02T17:16:31.933708-0600]     1.9375 MB /   0.50 sec =   32.5131 Mbps     0 retrans
[2024-11-02T17:16:32.433778-0600]     4.6875 MB /   0.50 sec =   78.6259 Mbps     0 retrans
[2024-11-02T17:16:32.933978-0600]     4.3125 MB /   0.50 sec =   72.3325 Mbps     0 retrans
[2024-11-02T17:16:33.433768-0600]     3.3750 MB /   0.50 sec =   56.6460 Mbps     0 retrans
[2024-11-02T17:16:33.933687-0600]     2.8750 MB /   0.50 sec =   48.2400 Mbps     0 retrans
[2024-11-02T17:16:34.433755-0600]     3.4375 MB /   0.50 sec =   57.6663 Mbps     0 retrans
[2024-11-02T17:16:34.933803-0600]     2.6250 MB /   0.50 sec =   44.0451 Mbps     0 retrans
[2024-11-02T17:16:35.433735-0600]     3.6250 MB /   0.50 sec =   60.8114 Mbps     0 retrans
[2024-11-02T17:16:35.933683-0600]     4.0000 MB /   0.50 sec =   67.1162 Mbps     0 retrans
[2024-11-02T17:16:36.433814-0600]     2.3750 MB /   0.50 sec =   39.8421 Mbps     0 retrans
[2024-11-02T17:16:36.934010-0600]     3.3125 MB /   0.50 sec =   55.5444 Mbps     0 retrans
[2024-11-02T17:16:37.434678-0600]     4.1875 MB /   0.50 sec =   70.1639 Mbps     0 retrans
[2024-11-02T17:16:37.933600-0600]     4.7500 MB /   0.50 sec =   79.8507 Mbps     0 retrans
[2024-11-02T17:16:38.433802-0600]     4.9375 MB /   0.50 sec =   82.8140 Mbps     0 retrans
[2024-11-02T17:16:38.933820-0600]     5.1875 MB /   0.50 sec =   87.0318 Mbps     0 retrans
[2024-11-02T17:16:39.433722-0600]     5.0000 MB /   0.50 sec =   83.8978 Mbps     0 retrans
[2024-11-02T17:16:39.933842-0600]     4.8125 MB /   0.50 sec =   80.7463 Mbps     0 retrans
[2024-11-02T17:16:40.434054-0600]     5.5000 MB /   0.50 sec =   92.2090 Mbps     0 retrans
[2024-11-02T17:16:40.933665-0600]     4.7500 MB /   0.50 sec =   79.7498 Mbps     0 retrans
[2024-11-02T17:16:41.433831-0600]     5.8750 MB /   0.50 sec =   98.5427 Mbps     0 retrans
[2024-11-02T17:16:41.933676-0600]     3.9375 MB /   0.50 sec =   66.0763 Mbps     0 retrans
[2024-11-02T17:16:42.433918-0600]     4.6250 MB /   0.50 sec =   77.5808 Mbps     0 retrans
[2024-11-02T17:16:42.933743-0600]     5.2500 MB /   0.50 sec =   88.0938 Mbps     0 retrans
[2024-11-02T17:16:43.434115-0600]     4.9375 MB /   0.50 sec =   82.8016 Mbps     0 retrans
[2024-11-02T17:16:43.934086-0600]     5.1875 MB /   0.50 sec =   87.0010 Mbps     0 retrans
[2024-11-02T17:16:44.433734-0600]     5.1875 MB /   0.50 sec =   87.0917 Mbps     0 retrans
[2024-11-02T17:16:44.933691-0600]     5.8750 MB /   0.50 sec =   98.5740 Mbps     0 retrans
[2024-11-02T17:16:45.433784-0600]     5.0625 MB /   0.50 sec =   84.9206 Mbps     0 retrans
[2024-11-02T17:16:45.933666-0600]     5.8125 MB /   0.50 sec =   97.5382 Mbps     0 retrans
[2024-11-02T17:16:46.433800-0600]     5.4375 MB /   0.50 sec =   91.2088 Mbps     0 retrans
[2024-11-02T17:16:46.933668-0600]     3.8125 MB /   0.50 sec =   63.9750 Mbps     0 retrans
[2024-11-02T17:16:47.433724-0600]     5.1875 MB /   0.50 sec =   87.0233 Mbps     0 retrans
[2024-11-02T17:16:47.933836-0600]     3.4375 MB /   0.50 sec =   57.6610 Mbps     0 retrans
[2024-11-02T17:16:48.433765-0600]     4.1250 MB /   0.50 sec =   69.2135 Mbps     0 retrans
[2024-11-02T17:16:48.933836-0600]     3.8125 MB /   0.50 sec =   63.9727 Mbps     0 retrans
[2024-11-02T17:16:49.434015-0600]     4.5000 MB /   0.50 sec =   75.4505 Mbps     0 retrans
[2024-11-02T17:16:49.933683-0600]     3.9375 MB /   0.50 sec =   66.1015 Mbps     0 retrans
[2024-11-02T17:16:50.433761-0600]     5.7500 MB /   0.50 sec =   96.4609 Mbps     0 retrans
[2024-11-02T17:16:50.933712-0600]     5.0000 MB /   0.50 sec =   83.8916 Mbps     0 retrans
[2024-11-02T17:16:51.433760-0600]     5.5625 MB /   0.50 sec =   93.3128 Mbps     0 retrans
[2024-11-02T17:16:51.934667-0600]     2.8125 MB /   0.50 sec =   47.1025 Mbps     0 retrans
[2024-11-02T17:16:52.433703-0600]     7.7500 MB /   0.50 sec =  130.2657 Mbps     0 retrans
[2024-11-02T17:16:52.933685-0600]     5.1250 MB /   0.50 sec =   85.9875 Mbps     0 retrans
[2024-11-02T17:16:53.433703-0600]     5.9375 MB /   0.50 sec =   99.6139 Mbps     0 retrans
[2024-11-02T17:16:53.933667-0600]     5.7500 MB /   0.50 sec =   96.4703 Mbps     0 retrans
[2024-11-02T17:16:54.434071-0600]     6.4375 MB /   0.50 sec =  107.9843 Mbps     0 retrans
[2024-11-02T17:16:54.933956-0600]     6.1250 MB /   0.50 sec =  102.7249 Mbps     0 retrans
[2024-11-02T17:16:55.433763-0600]     6.6875 MB /   0.50 sec =  112.2401 Mbps     0 retrans
[2024-11-02T17:16:55.933882-0600]     5.8125 MB /   0.50 sec =   97.5209 Mbps     0 retrans
[2024-11-02T17:16:56.433821-0600]     5.6250 MB /   0.50 sec =   94.3633 Mbps     0 retrans
[2024-11-02T17:16:56.933672-0600]     3.6250 MB /   0.50 sec =   60.8299 Mbps     0 retrans
[2024-11-02T17:16:57.433703-0600]     5.8125 MB /   0.50 sec =   97.5172 Mbps     0 retrans
[2024-11-02T17:16:57.933749-0600]     6.4375 MB /   0.50 sec =  107.9912 Mbps     0 retrans
[2024-11-02T17:16:58.433771-0600]     2.6250 MB /   0.50 sec =   44.0391 Mbps     0 retrans
[2024-11-02T17:16:58.933996-0600]     5.3750 MB /   0.50 sec =   90.1894 Mbps     0 retrans
[2024-11-02T17:16:59.433933-0600]     4.6250 MB /   0.50 sec =   77.5681 Mbps     0 retrans
[2024-11-02T17:16:59.933721-0600]     6.1250 MB /   0.50 sec =  102.7859 Mbps     0 retrans
[2024-11-02T17:17:00.433753-0600]     4.7500 MB /   0.50 sec =   79.6908 Mbps     0 retrans
[2024-11-02T17:17:00.933738-0600]     5.0625 MB /   0.50 sec =   84.9343 Mbps     0 retrans
[2024-11-02T17:17:01.433740-0600]     4.3750 MB /   0.50 sec =   73.3999 Mbps     0 retrans
[2024-11-02T17:17:01.933678-0600]     5.2500 MB /   0.50 sec =   88.0911 Mbps     0 retrans
[2024-11-02T17:17:02.433750-0600]     5.8125 MB /   0.50 sec =   97.5065 Mbps     0 retrans
[2024-11-02T17:17:02.934088-0600]     4.8125 MB /   0.50 sec =   80.6892 Mbps     0 retrans
[2024-11-02T17:17:03.434245-0600]     5.3750 MB /   0.50 sec =   90.1509 Mbps     0 retrans
[2024-11-02T17:17:03.933683-0600]     3.5625 MB /   0.50 sec =   59.8312 Mbps     0 retrans
[2024-11-02T17:17:04.434143-0600]     1.3750 MB /   0.50 sec =   23.0541 Mbps     0 retrans
[2024-11-02T17:17:04.934150-0600]     5.1875 MB /   0.50 sec =   87.0299 Mbps     0 retrans
[2024-11-02T17:17:05.433736-0600]     4.3750 MB /   0.50 sec =   73.4409 Mbps     0 retrans
[2024-11-02T17:17:05.933737-0600]     3.9375 MB /   0.50 sec =   66.0587 Mbps     0 retrans
[2024-11-02T17:17:06.433730-0600]     5.6875 MB /   0.50 sec =   95.4229 Mbps     0 retrans
[2024-11-02T17:17:06.933700-0600]     4.8750 MB /   0.50 sec =   81.7940 Mbps     0 retrans
[2024-11-02T17:17:07.433693-0600]     5.2500 MB /   0.50 sec =   88.0836 Mbps     0 retrans
[2024-11-02T17:17:07.934684-0600]     3.3750 MB /   0.50 sec =   56.5131 Mbps     0 retrans
[2024-11-02T17:17:08.433688-0600]     5.0625 MB /   0.50 sec =   85.1009 Mbps     0 retrans
[2024-11-02T17:17:08.933885-0600]     4.0000 MB /   0.50 sec =   67.1097 Mbps     0 retrans
[2024-11-02T17:17:09.433754-0600]     5.5625 MB /   0.50 sec =   93.3121 Mbps     0 retrans
[2024-11-02T17:17:09.933725-0600]     5.6250 MB /   0.50 sec =   94.3715 Mbps     0 retrans
[2024-11-02T17:17:10.433766-0600]     5.9375 MB /   0.50 sec =   99.6123 Mbps     0 retrans
[2024-11-02T17:17:10.933687-0600]     6.9375 MB /   0.50 sec =  116.4043 Mbps     0 retrans
[2024-11-02T17:17:11.433861-0600]     3.1875 MB /   0.50 sec =   53.4625 Mbps     0 retrans
[2024-11-02T17:17:11.933687-0600]     5.6250 MB /   0.50 sec =   94.4007 Mbps     0 retrans
[2024-11-02T17:17:12.433841-0600]     2.8125 MB /   0.50 sec =   47.1842 Mbps     0 retrans
[2024-11-02T17:17:12.934010-0600]     3.2500 MB /   0.50 sec =   54.4918 Mbps     0 retrans
[2024-11-02T17:17:13.433680-0600]     4.3750 MB /   0.50 sec =   73.4450 Mbps     0 retrans
[2024-11-02T17:17:13.933999-0600]     3.9375 MB /   0.50 sec =   66.0232 Mbps     0 retrans
[2024-11-02T17:17:14.433738-0600]     4.3125 MB /   0.50 sec =   72.3887 Mbps     0 retrans
[2024-11-02T17:17:14.933716-0600]     5.3750 MB /   0.50 sec =   90.1810 Mbps     0 retrans
[2024-11-02T17:17:15.433698-0600]     5.0000 MB /   0.50 sec =   83.8916 Mbps     0 retrans
[2024-11-02T17:17:15.933673-0600]     4.8750 MB /   0.50 sec =   81.7889 Mbps     0 retrans
[2024-11-02T17:17:16.433742-0600]     6.0625 MB /   0.50 sec =  101.7013 Mbps     0 retrans
[2024-11-02T17:17:16.934005-0600]     3.2500 MB /   0.50 sec =   54.5149 Mbps     0 retrans
[2024-11-02T17:17:17.433724-0600]     3.8750 MB /   0.50 sec =   65.0252 Mbps     0 retrans
[2024-11-02T17:17:17.933829-0600]     4.0625 MB /   0.50 sec =   68.1633 Mbps     0 retrans
[2024-11-02T17:17:18.433746-0600]     5.3125 MB /   0.50 sec =   89.1231 Mbps     0 retrans
[2024-11-02T17:17:18.933613-0600]     4.5625 MB /   0.50 sec =   76.5554 Mbps     0 retrans
[2024-11-02T17:17:19.433780-0600]     4.9375 MB /   0.50 sec =   82.8231 Mbps     0 retrans
[2024-11-02T17:17:19.933666-0600]     6.0625 MB /   0.50 sec =  101.7263 Mbps     0 retrans
[2024-11-02T17:17:20.433741-0600]     6.6250 MB /   0.50 sec =  111.1328 Mbps     0 retrans
[2024-11-02T17:17:20.933739-0600]     5.1875 MB /   0.50 sec =   87.0335 Mbps     0 retrans
[2024-11-02T17:17:21.433861-0600]     4.4375 MB /   0.50 sec =   74.4368 Mbps     0 retrans
[2024-11-02T17:17:21.933745-0600]     3.2500 MB /   0.50 sec =   54.5348 Mbps     0 retrans
[2024-11-02T17:17:22.433754-0600]     4.1250 MB /   0.50 sec =   69.2068 Mbps     0 retrans
[2024-11-02T17:17:22.933737-0600]     3.5625 MB /   0.50 sec =   59.7672 Mbps     0 retrans
[2024-11-02T17:17:23.434165-0600]     4.3125 MB /   0.50 sec =   72.3072 Mbps     0 retrans
[2024-11-02T17:17:23.934119-0600]     4.6875 MB /   0.50 sec =   78.6355 Mbps     0 retrans
[2024-11-02T17:17:24.433751-0600]     5.0625 MB /   0.50 sec =   84.9959 Mbps     0 retrans
[2024-11-02T17:17:24.933748-0600]     6.3750 MB /   0.50 sec =  106.9562 Mbps     0 retrans
[2024-11-02T17:17:25.434648-0600]     6.2500 MB /   0.50 sec =  104.7585 Mbps     0 retrans
[2024-11-02T17:17:25.933693-0600]     6.9375 MB /   0.50 sec =  116.5131 Mbps     0 retrans
[2024-11-02T17:17:26.433753-0600]     3.8750 MB /   0.50 sec =   65.0065 Mbps     0 retrans
[2024-11-02T17:17:26.933669-0600]     4.6875 MB /   0.50 sec =   78.6544 Mbps     0 retrans
[2024-11-02T17:17:27.433740-0600]     4.0625 MB /   0.50 sec =   68.1480 Mbps     0 retrans
[2024-11-02T17:17:27.933678-0600]     3.6250 MB /   0.50 sec =   60.8230 Mbps     0 retrans
[2024-11-02T17:17:28.433762-0600]     4.1875 MB /   0.50 sec =   70.2473 Mbps     0 retrans
[2024-11-02T17:17:28.933804-0600]     4.3125 MB /   0.50 sec =   72.3636 Mbps     0 retrans
[2024-11-02T17:17:29.433764-0600]     5.2500 MB /   0.50 sec =   88.0637 Mbps     0 retrans
[2024-11-02T17:17:29.933727-0600]     4.5625 MB /   0.50 sec =   76.5480 Mbps     0 retrans
[2024-11-02T17:17:30.433687-0600]     4.5625 MB /   0.50 sec =   76.5534 Mbps     0 retrans
[2024-11-02T17:17:30.933807-0600]     3.1250 MB /   0.50 sec =   52.4291 Mbps     0 retrans
[2024-11-02T17:17:31.433735-0600]     5.0625 MB /   0.50 sec =   84.9265 Mbps     0 retrans
[2024-11-02T17:17:31.933723-0600]     4.0625 MB /   0.50 sec =   68.1578 Mbps     0 retrans
[2024-11-02T17:17:32.433772-0600]     4.4375 MB /   0.50 sec =   74.4474 Mbps     0 retrans
[2024-11-02T17:17:32.933686-0600]     4.6250 MB /   0.50 sec =   77.6018 Mbps     0 retrans
[2024-11-02T17:17:33.433768-0600]     4.3750 MB /   0.50 sec =   73.3921 Mbps     0 retrans
[2024-11-02T17:17:33.933681-0600]     4.2500 MB /   0.50 sec =   71.3122 Mbps     0 retrans
[2024-11-02T17:17:34.434010-0600]     4.1875 MB /   0.50 sec =   70.2233 Mbps     0 retrans
[2024-11-02T17:17:34.934041-0600]     3.6875 MB /   0.50 sec =   61.8497 Mbps     0 retrans
[2024-11-02T17:17:35.433696-0600]     2.3750 MB /   0.50 sec =   39.8738 Mbps     0 retrans
[2024-11-02T17:17:35.933721-0600]     1.4375 MB /   0.50 sec =   24.1150 Mbps     0 retrans
[2024-11-02T17:17:36.433761-0600]     3.0000 MB /   0.50 sec =   50.3319 Mbps     0 retrans
[2024-11-02T17:17:36.933691-0600]     4.0625 MB /   0.50 sec =   68.1643 Mbps     0 retrans
[2024-11-02T17:17:37.433752-0600]     4.3125 MB /   0.50 sec =   72.3448 Mbps     0 retrans
[2024-11-02T17:17:37.933670-0600]     5.3750 MB /   0.50 sec =   90.1862 Mbps     0 retrans
[2024-11-02T17:17:38.433690-0600]     5.3750 MB /   0.50 sec =   90.1766 Mbps     0 retrans
[2024-11-02T17:17:38.933681-0600]     5.7500 MB /   0.50 sec =   96.4700 Mbps     0 retrans
[2024-11-02T17:17:39.433790-0600]     6.3125 MB /   0.50 sec =  105.8918 Mbps     0 retrans
[2024-11-02T17:17:39.933795-0600]     5.3750 MB /   0.50 sec =   90.1611 Mbps     0 retrans
[2024-11-02T17:17:40.434195-0600]     5.8750 MB /   0.50 sec =   98.5192 Mbps     0 retrans
[2024-11-02T17:17:40.933616-0600]     5.5625 MB /   0.50 sec =   93.4025 Mbps     0 retrans
[2024-11-02T17:17:41.434204-0600]     4.6250 MB /   0.50 sec =   77.5196 Mbps     0 retrans
[2024-11-02T17:17:41.933686-0600]     4.6875 MB /   0.50 sec =   78.7158 Mbps     0 retrans
[2024-11-02T17:17:42.433777-0600]     5.2500 MB /   0.50 sec =   88.0696 Mbps     0 retrans
[2024-11-02T17:17:42.933671-0600]     5.9375 MB /   0.50 sec =   99.6261 Mbps     0 retrans
[2024-11-02T17:17:43.433775-0600]     5.8750 MB /   0.50 sec =   98.5525 Mbps     0 retrans
[2024-11-02T17:17:43.933725-0600]     3.0625 MB /   0.50 sec =   51.3829 Mbps     0 retrans
[2024-11-02T17:17:44.433752-0600]     3.3750 MB /   0.50 sec =   56.6227 Mbps     0 retrans
[2024-11-02T17:17:44.933735-0600]     4.0000 MB /   0.50 sec =   67.1087 Mbps     0 retrans
[2024-11-02T17:17:45.434039-0600]     4.0625 MB /   0.50 sec =   68.1337 Mbps     0 retrans
[2024-11-02T17:17:45.934009-0600]     4.3750 MB /   0.50 sec =   73.3853 Mbps     0 retrans
[2024-11-02T17:17:46.433857-0600]     3.3750 MB /   0.50 sec =   56.6607 Mbps     0 retrans
[2024-11-02T17:17:46.933685-0600]     2.8750 MB /   0.50 sec =   48.2348 Mbps     0 retrans
[2024-11-02T17:17:47.433722-0600]     2.7500 MB /   0.50 sec =   46.1322 Mbps     0 retrans
[2024-11-02T17:17:47.933692-0600]     4.4375 MB /   0.50 sec =   74.4550 Mbps     0 retrans
[2024-11-02T17:17:48.433813-0600]     1.3125 MB /   0.50 sec =   22.0163 Mbps     0 retrans
[2024-11-02T17:17:48.933673-0600]     3.1250 MB /   0.50 sec =   52.4383 Mbps     0 retrans
[2024-11-02T17:17:49.433790-0600]     3.2500 MB /   0.50 sec =   54.5180 Mbps     0 retrans
[2024-11-02T17:17:49.934645-0600]     2.8125 MB /   0.50 sec =   47.1044 Mbps     0 retrans
[2024-11-02T17:17:50.433757-0600]     3.1250 MB /   0.50 sec =   52.5206 Mbps     0 retrans
[2024-11-02T17:17:50.933790-0600]     3.3125 MB /   0.50 sec =   55.5855 Mbps     0 retrans
[2024-11-02T17:17:51.433756-0600]     1.5625 MB /   0.50 sec =   26.2100 Mbps     0 retrans
[2024-11-02T17:17:51.933698-0600]     1.8125 MB /   0.50 sec =   30.4097 Mbps     0 retrans
[2024-11-02T17:17:52.433775-0600]     2.1875 MB /   0.50 sec =   36.6983 Mbps     0 retrans
[2024-11-02T17:17:52.933726-0600]     3.0000 MB /   0.50 sec =   50.3336 Mbps     0 retrans
[2024-11-02T17:17:53.433918-0600]     2.4375 MB /   0.50 sec =   40.8928 Mbps     0 retrans
[2024-11-02T17:17:53.933686-0600]     3.4375 MB /   0.50 sec =   57.6776 Mbps     0 retrans
[2024-11-02T17:17:54.433737-0600]     3.3125 MB /   0.50 sec =   55.5703 Mbps     0 retrans
[2024-11-02T17:17:54.933667-0600]     4.1250 MB /   0.50 sec =   69.2128 Mbps     0 retrans
[2024-11-02T17:17:55.433728-0600]     4.6250 MB /   0.50 sec =   77.5869 Mbps     0 retrans
[2024-11-02T17:17:55.933670-0600]     4.9375 MB /   0.50 sec =   82.8451 Mbps     0 retrans
[2024-11-02T17:17:56.433819-0600]     4.1875 MB /   0.50 sec =   70.2547 Mbps     0 retrans
[2024-11-02T17:17:56.934153-0600]     3.5000 MB /   0.50 sec =   58.6689 Mbps     0 retrans
[2024-11-02T17:17:57.433724-0600]     4.7500 MB /   0.50 sec =   79.7533 Mbps     0 retrans
[2024-11-02T17:17:57.933680-0600]     4.0000 MB /   0.50 sec =   67.1153 Mbps     0 retrans
[2024-11-02T17:17:58.433744-0600]     2.5625 MB /   0.50 sec =   42.9877 Mbps     0 retrans
[2024-11-02T17:17:58.933671-0600]     2.7500 MB /   0.50 sec =   46.1418 Mbps     0 retrans
[2024-11-02T17:17:59.433823-0600]     3.0625 MB /   0.50 sec =   51.3689 Mbps     0 retrans
[2024-11-02T17:17:59.933747-0600]     2.7500 MB /   0.50 sec =   46.1428 Mbps     0 retrans
[2024-11-02T17:18:00.433693-0600]     3.7500 MB /   0.50 sec =   62.9203 Mbps     0 retrans
[2024-11-02T17:18:00.933794-0600]     1.3125 MB /   0.50 sec =   22.0203 Mbps     0 retrans
[2024-11-02T17:18:01.433745-0600]     2.3125 MB /   0.50 sec =   38.7932 Mbps     0 retrans
[2024-11-02T17:18:01.933727-0600]     2.9375 MB /   0.50 sec =   49.2835 Mbps     0 retrans
[2024-11-02T17:18:02.433738-0600]     3.4375 MB /   0.50 sec =   57.6716 Mbps     0 retrans
[2024-11-02T17:18:02.933758-0600]     2.0625 MB /   0.50 sec =   34.6052 Mbps     0 retrans
[2024-11-02T17:18:03.433761-0600]     3.0000 MB /   0.50 sec =   50.3267 Mbps     0 retrans
[2024-11-02T17:18:03.933677-0600]     2.1250 MB /   0.50 sec =   35.6568 Mbps     0 retrans
[2024-11-02T17:18:04.433748-0600]     3.0625 MB /   0.50 sec =   51.3739 Mbps     0 retrans
[2024-11-02T17:18:04.933707-0600]     3.5625 MB /   0.50 sec =   59.7712 Mbps     0 retrans
[2024-11-02T17:18:05.435054-0600]     0.5000 MB /   0.50 sec =    8.3701 Mbps     0 retrans
[2024-11-02T17:18:05.933739-0600]     4.0000 MB /   0.50 sec =   67.2591 Mbps     0 retrans
[2024-11-02T17:18:06.433866-0600]     3.5000 MB /   0.50 sec =   58.7095 Mbps     0 retrans
[2024-11-02T17:18:06.934017-0600]     3.3125 MB /   0.50 sec =   55.5511 Mbps     0 retrans
[2024-11-02T17:18:07.433759-0600]     3.4375 MB /   0.50 sec =   57.7034 Mbps     0 retrans
[2024-11-02T17:18:07.933674-0600]     4.8125 MB /   0.50 sec =   80.7494 Mbps     0 retrans
[2024-11-02T17:18:08.433772-0600]     4.3750 MB /   0.50 sec =   73.3918 Mbps     0 retrans
[2024-11-02T17:18:08.933668-0600]     4.3125 MB /   0.50 sec =   72.3604 Mbps     0 retrans
[2024-11-02T17:18:09.433761-0600]     3.3125 MB /   0.50 sec =   55.5677 Mbps     0 retrans
[2024-11-02T17:18:09.933683-0600]     3.6250 MB /   0.50 sec =   60.8241 Mbps     0 retrans
[2024-11-02T17:18:10.433744-0600]     4.0625 MB /   0.50 sec =   68.1484 Mbps     0 retrans
[2024-11-02T17:18:10.933661-0600]     5.2500 MB /   0.50 sec =   88.0936 Mbps     0 retrans
[2024-11-02T17:18:11.433770-0600]     4.7500 MB /   0.50 sec =   79.6805 Mbps     0 retrans
[2024-11-02T17:18:11.933666-0600]     4.8125 MB /   0.50 sec =   80.7512 Mbps     0 retrans
[2024-11-02T17:18:12.433764-0600]     5.2500 MB /   0.50 sec =   88.0689 Mbps     0 retrans
[2024-11-02T17:18:12.933863-0600]     4.5000 MB /   0.50 sec =   75.4997 Mbps     0 retrans
[2024-11-02T17:18:13.433745-0600]     4.3750 MB /   0.50 sec =   73.3996 Mbps     0 retrans
[2024-11-02T17:18:13.933730-0600]     4.0625 MB /   0.50 sec =   68.1583 Mbps     0 retrans
[2024-11-02T17:18:14.433880-0600]     3.7500 MB /   0.50 sec =   62.9025 Mbps     0 retrans
[2024-11-02T17:18:14.933659-0600]     5.1875 MB /   0.50 sec =   87.0583 Mbps     0 retrans
[2024-11-02T17:18:15.433746-0600]     3.0625 MB /   0.50 sec =   51.3771 Mbps     0 retrans
[2024-11-02T17:18:15.933680-0600]     3.2500 MB /   0.50 sec =   54.5287 Mbps     0 retrans
[2024-11-02T17:18:16.433875-0600]     2.5625 MB /   0.50 sec =   42.9898 Mbps     0 retrans
[2024-11-02T17:18:16.933763-0600]     3.1875 MB /   0.50 sec =   53.4706 Mbps     0 retrans
[2024-11-02T17:18:17.433782-0600]     5.0625 MB /   0.50 sec =   84.9398 Mbps     0 retrans
[2024-11-02T17:18:17.933667-0600]     4.7500 MB /   0.50 sec =   79.7001 Mbps     0 retrans
[2024-11-02T17:18:18.433755-0600]     4.5000 MB /   0.50 sec =   75.4886 Mbps     0 retrans
[2024-11-02T17:18:18.933733-0600]     3.8750 MB /   0.50 sec =   65.0126 Mbps     0 retrans
[2024-11-02T17:18:19.433678-0600]     5.3125 MB /   0.50 sec =   89.1384 Mbps     0 retrans
[2024-11-02T17:18:19.933666-0600]     3.6875 MB /   0.50 sec =   61.8667 Mbps     0 retrans
[2024-11-02T17:18:20.433768-0600]     4.6875 MB /   0.50 sec =   78.6320 Mbps     0 retrans
[2024-11-02T17:18:20.933673-0600]     4.0000 MB /   0.50 sec =   67.1184 Mbps     0 retrans
[2024-11-02T17:18:21.433793-0600]     4.2500 MB /   0.50 sec =   71.2906 Mbps     0 retrans
End time: 1730589501517
