Start time: 1730524303875
[2024-11-01T22:11:44.784346-0700] nuttcp-t: v8.1.4: socket
[2024-11-01T22:11:44.784897-0700] nuttcp-t: buflen=65536, nstream=1, port=5103 tcp -> 54.176.53.206
[2024-11-01T22:11:44.784956-0700] nuttcp-t: time limit = 120.00 seconds
[2024-11-01T22:11:44.784996-0700] nuttcp-t: connect to 54.176.53.206 with mss=1448, RTT=47.968 ms af=inet
[2024-11-01T22:11:44.785029-0700] nuttcp-t: send window size = 1048576, receive window size = 1048576
[2024-11-01T22:11:44.785059-0700] nuttcp-t: available send window = 786432, available receive window = 786432
[2024-11-01T22:11:44.785085-0700] nuttcp-t: initial congestion window = 14 KB (10 packets)
[2024-11-01T22:11:44.785116-0700] nuttcp-r: v6.1.2: socket
[2024-11-01T22:11:44.785144-0700] nuttcp-r: buflen=65536, nstream=1, port=5103 tcp
[2024-11-01T22:11:44.785175-0700] nuttcp-r: interval reporting every 0.50 seconds
[2024-11-01T22:11:44.785202-0700] nuttcp-r: accept from 98.97.141.3
[2024-11-01T22:11:44.785228-0700] nuttcp-r: send window size = 450000000, receive window size = 450000000
[2024-11-01T22:11:44.785252-0700] nuttcp-r: available send window = 225000000, available receive window = 225000000
[2024-11-01T22:11:44.785279-0700]     1.1250 MB /   0.50 sec =   18.8726 Mbps    14 retrans    185 KB-cwnd
[2024-11-01T22:11:45.283721-0700]     1.6875 MB /   0.50 sec =   28.3131 Mbps     9 retrans     82 KB-cwnd
[2024-11-01T22:11:45.732191-0700]     0.9375 MB /   0.50 sec =   15.7281 Mbps     0 retrans     86 KB-cwnd
[2024-11-01T22:11:46.577047-0700]     0.8125 MB /   0.50 sec =   13.6317 Mbps     1 retrans     84 KB-cwnd
[2024-11-01T22:11:47.017272-0700]     0.8750 MB /   0.50 sec =   14.6804 Mbps     0 retrans     90 KB-cwnd
[2024-11-01T22:11:47.465097-0700]     0.8750 MB /   0.50 sec =   14.6799 Mbps     1 retrans     76 KB-cwnd
[2024-11-01T22:11:47.911054-0700]     0.8750 MB /   0.50 sec =   14.6802 Mbps     0 retrans     89 KB-cwnd
[2024-11-01T22:11:48.370008-0700]     0.7500 MB /   0.50 sec =   12.5830 Mbps     1 retrans     73 KB-cwnd
[2024-11-01T22:11:48.888751-0700]     0.8125 MB /   0.50 sec =   13.6312 Mbps     0 retrans     79 KB-cwnd
[2024-11-01T22:11:49.405675-0700]     0.6875 MB /   0.50 sec =   11.5342 Mbps     0 retrans     84 KB-cwnd
[2024-11-01T22:11:49.815420-0700]     0.8125 MB /   0.50 sec =   13.6318 Mbps     1 retrans     96 KB-cwnd
[2024-11-01T22:11:50.248688-0700]     0.9375 MB /   0.50 sec =   15.7285 Mbps     1 retrans     79 KB-cwnd
[2024-11-01T22:11:50.707497-0700]     0.8125 MB /   0.50 sec =   13.6313 Mbps     0 retrans     84 KB-cwnd
[2024-11-01T22:11:51.567601-0700]     0.8125 MB /   0.50 sec =   13.6317 Mbps     1 retrans     83 KB-cwnd
[2024-11-01T22:11:52.025242-0700]     0.9375 MB /   0.50 sec =   15.7276 Mbps     1 retrans     72 KB-cwnd
[2024-11-01T22:11:52.558490-0700]     0.8125 MB /   0.50 sec =   13.6321 Mbps     0 retrans     77 KB-cwnd
[2024-11-01T22:11:53.061367-0700]     0.6875 MB /   0.50 sec =   11.5342 Mbps     0 retrans     82 KB-cwnd
[2024-11-01T22:11:53.496429-0700]     0.8125 MB /   0.50 sec =   13.6318 Mbps     1 retrans     83 KB-cwnd
[2024-11-01T22:11:53.932862-0700]     0.8125 MB /   0.50 sec =   13.6319 Mbps     1 retrans     77 KB-cwnd
[2024-11-01T22:11:54.430540-0700]     0.8125 MB /   0.50 sec =   13.6311 Mbps     0 retrans     82 KB-cwnd
[2024-11-01T22:11:54.865833-0700]     0.8125 MB /   0.50 sec =   13.6319 Mbps     0 retrans     87 KB-cwnd
[2024-11-01T22:11:55.267369-0700]     0.9375 MB /   0.50 sec =   15.7286 Mbps     2 retrans     91 KB-cwnd
[2024-11-01T22:11:55.703633-0700]     0.8125 MB /   0.50 sec =   13.6311 Mbps     1 retrans     82 KB-cwnd
[2024-11-01T22:11:56.581071-0700]     0.8750 MB /   0.50 sec =   14.6801 Mbps     0 retrans     91 KB-cwnd
[2024-11-01T22:11:57.102675-0700]     0.8750 MB /   0.50 sec =   14.6806 Mbps     2 retrans     65 KB-cwnd
[2024-11-01T22:12:05.832648-0700]     0.6250 MB /   0.50 sec =   10.4854 Mbps   100 retrans     15 KB-cwnd
[2024-11-01T22:12:05.833114-0700]     0.2500 MB /   0.50 sec =    4.1942 Mbps     0 retrans     15 KB-cwnd
[2024-11-01T22:12:05.833262-0700]     0.0625 MB /   0.50 sec =    1.0485 Mbps     0 retrans     15 KB-cwnd
[2024-11-01T22:12:05.833467-0700]     0.0000 MB /   0.50 sec =    0.0000 Mbps     0 retrans     15 KB-cwnd
[2024-11-01T22:12:05.833590-0700]     0.0625 MB /   0.50 sec =    1.0486 Mbps     0 retrans     15 KB-cwnd
[2024-11-01T22:12:05.833700-0700]     0.0000 MB /   0.50 sec =    0.0000 Mbps     0 retrans     15 KB-cwnd
[2024-11-01T22:12:05.833806-0700]     0.0000 MB /   0.50 sec =    0.0000 Mbps     0 retrans     15 KB-cwnd
[2024-11-01T22:12:05.833915-0700]     0.0000 MB /   0.50 sec =    0.0000 Mbps     0 retrans     15 KB-cwnd
[2024-11-01T22:12:05.834024-0700]     0.0000 MB /   0.50 sec =    0.0000 Mbps     0 retrans     15 KB-cwnd
[2024-11-01T22:12:05.834131-0700]     0.0625 MB /   0.50 sec =    1.0483 Mbps     0 retrans     15 KB-cwnd
[2024-11-01T22:12:05.834269-0700]     0.0625 MB /   0.50 sec =    1.0486 Mbps     0 retrans     15 KB-cwnd
[2024-11-01T22:12:05.834427-0700]     0.0625 MB /   0.50 sec =    1.0488 Mbps     0 retrans     15 KB-cwnd
[2024-11-01T22:12:05.834534-0700]     0.0000 MB /   0.50 sec =    0.0000 Mbps     0 retrans     15 KB-cwnd
[2024-11-01T22:12:05.834643-0700]     0.0000 MB /   0.50 sec =    0.0000 Mbps     0 retrans     15 KB-cwnd
[2024-11-01T22:12:05.834753-0700]     0.0000 MB /   0.50 sec =    0.0000 Mbps     0 retrans     15 KB-cwnd
[2024-11-01T22:12:05.834864-0700]     0.0000 MB /   0.50 sec =    0.0000 Mbps     0 retrans     15 KB-cwnd
[2024-11-01T22:12:05.834977-0700]     0.0000 MB /   0.50 sec =    0.0000 Mbps     0 retrans     15 KB-cwnd
[2024-11-01T22:12:05.835177-0700]     0.0625 MB /   0.50 sec =    1.0485 Mbps     0 retrans     15 KB-cwnd
[2024-11-01T22:12:13.234807-0700]     0.0625 MB /   0.50 sec =    1.0486 Mbps    45 retrans    189 KB-cwnd
[2024-11-01T22:12:13.235442-0700]     0.0625 MB /   0.50 sec =    1.0486 Mbps     0 retrans    189 KB-cwnd
[2024-11-01T22:12:13.235549-0700]     0.0000 MB /   0.50 sec =    0.0000 Mbps     0 retrans    189 KB-cwnd
[2024-11-01T22:12:13.235625-0700]     0.0000 MB /   0.50 sec =    0.0000 Mbps     0 retrans    189 KB-cwnd
[2024-11-01T22:12:13.235695-0700]     0.0000 MB /   0.50 sec =    0.0000 Mbps     0 retrans    189 KB-cwnd
[2024-11-01T22:12:13.235759-0700]     0.0625 MB /   0.50 sec =    1.0486 Mbps     0 retrans    189 KB-cwnd
[2024-11-01T22:12:13.235822-0700]     0.0625 MB /   0.50 sec =    1.0486 Mbps     0 retrans    189 KB-cwnd
[2024-11-01T22:12:13.235885-0700]     0.0625 MB /   0.50 sec =    1.0485 Mbps     0 retrans    189 KB-cwnd
[2024-11-01T22:12:13.235948-0700]     0.0625 MB /   0.50 sec =    1.0486 Mbps     0 retrans    189 KB-cwnd
[2024-11-01T22:12:13.236010-0700]     0.0000 MB /   0.50 sec =    0.0000 Mbps     0 retrans    189 KB-cwnd
[2024-11-01T22:12:13.236077-0700]     0.0000 MB /   0.50 sec =    0.0000 Mbps     0 retrans    189 KB-cwnd
[2024-11-01T22:12:13.236137-0700]     0.0000 MB /   0.50 sec =    0.0000 Mbps     0 retrans    189 KB-cwnd
[2024-11-01T22:12:13.236200-0700]     0.0000 MB /   0.50 sec =    0.0000 Mbps     0 retrans    189 KB-cwnd
[2024-11-01T22:12:13.236260-0700]     0.0625 MB /   0.50 sec =    1.0486 Mbps     0 retrans    189 KB-cwnd
[2024-11-01T22:12:13.236322-0700]     0.3125 MB /   0.50 sec =    5.2429 Mbps     0 retrans    189 KB-cwnd
[2024-11-01T22:12:13.916287-0700]     1.0625 MB /   0.50 sec =   17.8258 Mbps     3 retrans    132 KB-cwnd
[2024-11-01T22:12:14.260875-0700]     1.0625 MB /   0.50 sec =   17.8259 Mbps     0 retrans    135 KB-cwnd
[2024-11-01T22:12:14.952705-0700]     1.1250 MB /   0.50 sec =   18.8741 Mbps     2 retrans    123 KB-cwnd
[2024-11-01T22:12:15.324281-0700]     1.0000 MB /   0.50 sec =   16.7773 Mbps     0 retrans    131 KB-cwnd
[2024-11-01T22:12:16.047600-0700]     1.0625 MB /   0.50 sec =   17.8247 Mbps     1 retrans    110 KB-cwnd
[2024-11-01T22:12:16.550041-0700]     1.0000 MB /   0.50 sec =   16.7769 Mbps     0 retrans    115 KB-cwnd
[2024-11-01T22:12:16.957936-0700]     0.7500 MB /   0.50 sec =   12.5835 Mbps     0 retrans    118 KB-cwnd
[2024-11-01T22:12:17.352804-0700]     0.9375 MB /   0.50 sec =   15.7291 Mbps     0 retrans    123 KB-cwnd
[2024-11-01T22:12:17.808573-0700]     0.9375 MB /   0.50 sec =   15.7282 Mbps     1 retrans    114 KB-cwnd
[2024-11-01T22:12:18.213391-0700]     0.8750 MB /   0.50 sec =   14.6796 Mbps     0 retrans    117 KB-cwnd
[2024-11-01T22:12:18.981599-0700]     0.9375 MB /   0.50 sec =   15.7296 Mbps     0 retrans    124 KB-cwnd
[2024-11-01T22:12:19.362056-0700]     1.0000 MB /   0.50 sec =   16.7703 Mbps     0 retrans    130 KB-cwnd
[2024-11-01T22:12:19.691961-0700]     1.1250 MB /   0.50 sec =   18.8821 Mbps     1 retrans    147 KB-cwnd
[2024-11-01T22:12:20.455440-0700]     0.9375 MB /   0.50 sec =   15.7283 Mbps     1 retrans    127 KB-cwnd
[2024-11-01T22:12:20.834133-0700]     1.0000 MB /   0.50 sec =   16.7772 Mbps     0 retrans    130 KB-cwnd
[2024-11-01T22:12:21.380701-0700]     0.8750 MB /   0.50 sec =   14.6802 Mbps     0 retrans    134 KB-cwnd
[2024-11-01T22:12:21.921204-0700]     0.6875 MB /   0.50 sec =   11.5342 Mbps     0 retrans    139 KB-cwnd
[2024-11-01T22:12:22.380514-0700]     0.7500 MB /   0.50 sec =   12.5833 Mbps     2 retrans    138 KB-cwnd
[2024-11-01T22:12:22.859627-0700]     0.8125 MB /   0.50 sec =   13.6309 Mbps     0 retrans    141 KB-cwnd
[2024-11-01T22:12:23.352631-0700]     0.8125 MB /   0.50 sec =   13.6318 Mbps     0 retrans    144 KB-cwnd
[2024-11-01T22:12:23.846235-0700]     0.7500 MB /   0.50 sec =   12.5824 Mbps     0 retrans    148 KB-cwnd
[2024-11-01T22:12:24.267300-0700]     0.8750 MB /   0.50 sec =   14.6811 Mbps     1 retrans    138 KB-cwnd
[2024-11-01T22:12:25.061994-0700]     1.0000 MB /   0.50 sec =   16.7767 Mbps     1 retrans    118 KB-cwnd
[2024-11-01T22:12:25.444151-0700]     0.9375 MB /   0.50 sec =   15.7288 Mbps     0 retrans    123 KB-cwnd
[2024-11-01T22:12:25.863401-0700]     0.9375 MB /   0.50 sec =   15.7277 Mbps     0 retrans    125 KB-cwnd
[2024-11-01T22:12:26.243231-0700]     0.9375 MB /   0.50 sec =   15.7298 Mbps     0 retrans    130 KB-cwnd
[2024-11-01T22:12:26.992377-0700]     1.0625 MB /   0.50 sec =   17.8245 Mbps     1 retrans    141 KB-cwnd
[2024-11-01T22:12:28.776559-0700]     0.6250 MB /   0.50 sec =   10.4862 Mbps    52 retrans     43 KB-cwnd
[2024-11-01T22:12:28.776983-0700]     0.0000 MB /   0.50 sec =    0.0000 Mbps     0 retrans     43 KB-cwnd
[2024-11-01T22:12:28.777095-0700]     0.3750 MB /   0.50 sec =    6.2915 Mbps     0 retrans     43 KB-cwnd
[2024-11-01T22:12:28.777183-0700]     0.3125 MB /   0.50 sec =    5.2431 Mbps     0 retrans     43 KB-cwnd
[2024-11-01T22:12:30.669855-0700]     0.1875 MB /   0.50 sec =    3.1457 Mbps     6 retrans     24 KB-cwnd
[2024-11-01T22:12:30.670141-0700]     0.1875 MB /   0.50 sec =    3.1457 Mbps     0 retrans     24 KB-cwnd
[2024-11-01T22:12:30.670239-0700]     0.1875 MB /   0.50 sec =    3.1457 Mbps     0 retrans     24 KB-cwnd
[2024-11-01T22:12:32.292485-0700]     0.1875 MB /   0.50 sec =    3.1458 Mbps     9 retrans     25 KB-cwnd
[2024-11-01T22:12:32.292719-0700]     0.1875 MB /   0.50 sec =    3.1458 Mbps     0 retrans     25 KB-cwnd
[2024-11-01T22:12:32.292783-0700]     0.2500 MB /   0.50 sec =    4.1942 Mbps     0 retrans     25 KB-cwnd
[2024-11-01T22:12:32.292837-0700]     0.2500 MB /   0.50 sec =    4.1942 Mbps     0 retrans     25 KB-cwnd
[2024-11-01T22:12:34.053929-0700]     0.1875 MB /   0.50 sec =    3.1457 Mbps    16 retrans     26 KB-cwnd
[2024-11-01T22:12:34.054472-0700]     0.1875 MB /   0.50 sec =    3.1458 Mbps     0 retrans     26 KB-cwnd
[2024-11-01T22:12:34.054620-0700]     0.1875 MB /   0.50 sec =    3.1457 Mbps     0 retrans     26 KB-cwnd
[2024-11-01T22:12:35.834511-0700]     0.3125 MB /   0.50 sec =    5.2429 Mbps    27 retrans     21 KB-cwnd
[2024-11-01T22:12:35.835111-0700]     0.1250 MB /   0.50 sec =    2.0971 Mbps     0 retrans     21 KB-cwnd
[2024-11-01T22:12:35.835279-0700]     0.1875 MB /   0.50 sec =    3.1458 Mbps     0 retrans     21 KB-cwnd
[2024-11-01T22:12:35.835408-0700]     0.2500 MB /   0.50 sec =    4.1941 Mbps     0 retrans     21 KB-cwnd
[2024-11-01T22:12:37.673434-0700]     0.2500 MB /   0.50 sec =    4.1945 Mbps    10 retrans     24 KB-cwnd
[2024-11-01T22:12:37.673901-0700]     0.1875 MB /   0.50 sec =    3.1456 Mbps     0 retrans     24 KB-cwnd
[2024-11-01T22:12:37.674030-0700]     0.1875 MB /   0.50 sec =    3.1459 Mbps     0 retrans     24 KB-cwnd
[2024-11-01T22:12:39.881972-0700]     0.2500 MB /   0.50 sec =    4.1942 Mbps    30 retrans     29 KB-cwnd
[2024-11-01T22:12:39.882431-0700]     0.1250 MB /   0.50 sec =    2.0968 Mbps     0 retrans     29 KB-cwnd
[2024-11-01T22:12:39.882578-0700]     0.1250 MB /   0.50 sec =    2.0975 Mbps     0 retrans     29 KB-cwnd
[2024-11-01T22:12:39.882689-0700]     0.1875 MB /   0.50 sec =    3.1457 Mbps     0 retrans     29 KB-cwnd
[2024-11-01T22:12:39.882796-0700]     0.1875 MB /   0.50 sec =    3.1457 Mbps     0 retrans     29 KB-cwnd
[2024-11-01T22:12:41.493381-0700]     0.2500 MB /   0.50 sec =    4.1944 Mbps    12 retrans     29 KB-cwnd
[2024-11-01T22:12:41.493852-0700]     0.1875 MB /   0.50 sec =    3.1456 Mbps     0 retrans     29 KB-cwnd
[2024-11-01T22:12:41.494001-0700]     0.2500 MB /   0.50 sec =    4.1943 Mbps     0 retrans     29 KB-cwnd
[2024-11-01T22:12:43.187633-0700]     0.1875 MB /   0.50 sec =    3.1459 Mbps    12 retrans     98 KB-cwnd
[2024-11-01T22:12:43.188079-0700]     0.1250 MB /   0.50 sec =    2.0972 Mbps     0 retrans     98 KB-cwnd
[2024-11-01T22:12:43.188194-0700]     0.1250 MB /   0.50 sec =    2.0971 Mbps     0 retrans     98 KB-cwnd
[2024-11-01T22:12:43.188288-0700]     0.5625 MB /   0.50 sec =    9.4368 Mbps     0 retrans     98 KB-cwnd
[2024-11-01T22:12:43.756660-0700]     0.7500 MB /   0.50 sec =   12.5835 Mbps     1 retrans     82 KB-cwnd
[2024-11-01T22:12:44.391689-0700]     0.5625 MB /   0.50 sec =    9.4366 Mbps     0 retrans     89 KB-cwnd
[2024-11-01T22:12:45.011483-0700]     0.6250 MB /   0.50 sec =   10.4863 Mbps     5 retrans     79 KB-cwnd
[2024-11-01T22:12:45.555806-0700]     0.6875 MB /   0.50 sec =   11.5344 Mbps     1 retrans     74 KB-cwnd
[2024-11-01T22:12:46.368336-0700]     0.6250 MB /   0.50 sec =   10.4855 Mbps     3 retrans     67 KB-cwnd
[2024-11-01T22:12:46.368821-0700]     0.4375 MB /   0.50 sec =    7.3400 Mbps     0 retrans     67 KB-cwnd
[2024-11-01T22:12:47.018314-0700]     0.4375 MB /   0.50 sec =    7.3400 Mbps     3 retrans    130 KB-cwnd
[2024-11-01T22:12:47.425975-0700]     0.8125 MB /   0.50 sec =   13.6307 Mbps     2 retrans    124 KB-cwnd
[2024-11-01T22:12:47.856066-0700]     0.8125 MB /   0.50 sec =   13.6323 Mbps     2 retrans    104 KB-cwnd
[2024-11-01T22:12:48.455348-0700]     0.8125 MB /   0.50 sec =   13.6314 Mbps     1 retrans     89 KB-cwnd
[2024-11-01T22:12:49.051578-0700]     0.6250 MB /   0.50 sec =   10.4856 Mbps     0 retrans     96 KB-cwnd
[2024-11-01T22:12:49.695443-0700]     0.6875 MB /   0.50 sec =   11.5345 Mbps     0 retrans    101 KB-cwnd
[2024-11-01T22:12:49.695940-0700]     0.5625 MB /   0.50 sec =    9.4370 Mbps     0 retrans    101 KB-cwnd
[2024-11-01T22:12:50.678198-0700]     0.7500 MB /   0.50 sec =   12.5834 Mbps    23 retrans    113 KB-cwnd
[2024-11-01T22:12:51.174384-0700]     0.8125 MB /   0.50 sec =   13.6315 Mbps     1 retrans    101 KB-cwnd
[2024-11-01T22:12:51.744005-0700]     0.7500 MB /   0.50 sec =   12.5825 Mbps     1 retrans     90 KB-cwnd
[2024-11-01T22:12:51.744591-0700]     0.6875 MB /   0.50 sec =   11.5343 Mbps     0 retrans     90 KB-cwnd
[2024-11-01T22:12:52.375509-0700]     0.6250 MB /   0.50 sec =   10.4858 Mbps     1 retrans     76 KB-cwnd
[2024-11-01T22:12:53.292358-0700]     0.5000 MB /   0.50 sec =    8.3886 Mbps    24 retrans     53 KB-cwnd
[2024-11-01T22:12:53.292568-0700]     0.4375 MB /   0.50 sec =    7.3400 Mbps     0 retrans     53 KB-cwnd
[2024-11-01T22:12:55.915363-0700]     0.3750 MB /   0.50 sec =    6.2914 Mbps    27 retrans      8 KB-cwnd
[2024-11-01T22:12:55.915959-0700]     0.1250 MB /   0.50 sec =    2.0972 Mbps     0 retrans      8 KB-cwnd
[2024-11-01T22:12:55.916077-0700]     0.1875 MB /   0.50 sec =    3.1456 Mbps     0 retrans      8 KB-cwnd
[2024-11-01T22:12:55.916166-0700]     0.0625 MB /   0.50 sec =    1.0486 Mbps     0 retrans      8 KB-cwnd
[2024-11-01T22:12:55.916247-0700]     0.0625 MB /   0.50 sec =    1.0486 Mbps     0 retrans      8 KB-cwnd
[2024-11-01T22:12:58.265103-0700]     0.0000 MB /   0.50 sec =    0.0000 Mbps    14 retrans     49 KB-cwnd
[2024-11-01T22:12:58.265601-0700]     0.0625 MB /   0.50 sec =    1.0486 Mbps     0 retrans     49 KB-cwnd
[2024-11-01T22:12:58.265721-0700]     0.0625 MB /   0.50 sec =    1.0486 Mbps     0 retrans     49 KB-cwnd
[2024-11-01T22:12:58.265815-0700]     0.1250 MB /   0.50 sec =    2.0970 Mbps     0 retrans     49 KB-cwnd
[2024-11-01T22:12:58.265902-0700]     0.4375 MB /   0.50 sec =    7.3405 Mbps     0 retrans     49 KB-cwnd
[2024-11-01T22:12:59.205418-0700]     0.4375 MB /   0.50 sec =    7.3400 Mbps     9 retrans     38 KB-cwnd
[2024-11-01T22:12:59.205860-0700]     0.3750 MB /   0.50 sec =    6.2914 Mbps     0 retrans     38 KB-cwnd
[2024-11-01T22:13:00.275143-0700]     0.3125 MB /   0.50 sec =    5.2430 Mbps     3 retrans     63 KB-cwnd
[2024-11-01T22:13:00.275593-0700]     0.3750 MB /   0.50 sec =    6.2913 Mbps     0 retrans     63 KB-cwnd
[2024-11-01T22:13:00.964016-0700]     0.5000 MB /   0.50 sec =    8.3876 Mbps     3 retrans     60 KB-cwnd
[2024-11-01T22:13:01.838779-0700]     0.5000 MB /   0.50 sec =    8.3890 Mbps     4 retrans     48 KB-cwnd
[2024-11-01T22:13:01.839609-0700]     0.4375 MB /   0.50 sec =    7.3408 Mbps     0 retrans     48 KB-cwnd
[2024-11-01T22:13:02.711094-0700]     0.3750 MB /   0.50 sec =    6.2912 Mbps     7 retrans     43 KB-cwnd
[2024-11-01T22:13:02.711413-0700]     0.4375 MB /   0.50 sec =    7.3396 Mbps     0 retrans     43 KB-cwnd
[2024-11-01T22:13:03.699807-0700]     0.3750 MB /   0.50 sec =    6.2921 Mbps     7 retrans     43 KB-cwnd
[2024-11-01T22:13:03.699982-0700]     0.3750 MB /   0.50 sec =    6.2911 Mbps     0 retrans     43 KB-cwnd
[2024-11-01T22:13:04.640066-0700]     0.4375 MB /   0.50 sec =    7.3397 Mbps     0 retrans     72 KB-cwnd
[2024-11-01T22:13:05.589195-0700]     0.3750 MB /   0.50 sec =    6.2918 Mbps     5 retrans     49 KB-cwnd
[2024-11-01T22:13:05.589465-0700]     0.3750 MB /   0.50 sec =    6.2917 Mbps     0 retrans     49 KB-cwnd
[2024-11-01T22:13:06.462052-0700]     0.3750 MB /   0.50 sec =    6.2913 Mbps    10 retrans     49 KB-cwnd
[2024-11-01T22:13:06.462264-0700]     0.5000 MB /   0.50 sec =    8.3885 Mbps     0 retrans     49 KB-cwnd
[2024-11-01T22:13:07.371218-0700]     0.3750 MB /   0.50 sec =    6.2916 Mbps     9 retrans     52 KB-cwnd
[2024-11-01T22:13:07.371736-0700]     0.4375 MB /   0.50 sec =    7.3397 Mbps     0 retrans     52 KB-cwnd
[2024-11-01T22:13:08.170576-0700]     0.4375 MB /   0.50 sec =    7.3402 Mbps     1 retrans     50 KB-cwnd
[2024-11-01T22:13:08.955732-0700]     0.4375 MB /   0.50 sec =    7.3402 Mbps     0 retrans     62 KB-cwnd
[2024-11-01T22:13:08.956103-0700]     0.5000 MB /   0.50 sec =    8.3886 Mbps     0 retrans     62 KB-cwnd
[2024-11-01T22:13:09.727191-0700]     0.5000 MB /   0.50 sec =    8.3886 Mbps     1 retrans     60 KB-cwnd
[2024-11-01T22:13:09.727558-0700]     0.4375 MB /   0.50 sec =    7.3401 Mbps     0 retrans     60 KB-cwnd
[2024-11-01T22:13:10.582325-0700]     0.4375 MB /   0.50 sec =    7.3399 Mbps     5 retrans     57 KB-cwnd
[2024-11-01T22:13:11.359923-0700]     0.5000 MB /   0.50 sec =    8.3885 Mbps    14 retrans     45 KB-cwnd
[2024-11-01T22:13:11.360414-0700]     0.5000 MB /   0.50 sec =    8.3888 Mbps     0 retrans     45 KB-cwnd
[2024-11-01T22:13:16.897849-0700]     0.3750 MB /   0.50 sec =    6.2910 Mbps    37 retrans     43 KB-cwnd
[2024-11-01T22:13:16.898429-0700]     0.2500 MB /   0.50 sec =    4.1944 Mbps     0 retrans     43 KB-cwnd
[2024-11-01T22:13:16.898572-0700]     0.0000 MB /   0.50 sec =    0.0000 Mbps     0 retrans     43 KB-cwnd
[2024-11-01T22:13:16.898678-0700]     0.0000 MB /   0.50 sec =    0.0000 Mbps     0 retrans     43 KB-cwnd
[2024-11-01T22:13:16.898829-0700]     0.0000 MB /   0.50 sec =    0.0000 Mbps     0 retrans     43 KB-cwnd
[2024-11-01T22:13:16.898919-0700]     0.0000 MB /   0.50 sec =    0.0000 Mbps     0 retrans     43 KB-cwnd
[2024-11-01T22:13:16.899085-0700]     0.0000 MB /   0.50 sec =    0.0000 Mbps     0 retrans     43 KB-cwnd
[2024-11-01T22:13:16.899195-0700]     0.0000 MB /   0.50 sec =    0.0000 Mbps     0 retrans     43 KB-cwnd
[2024-11-01T22:13:16.899336-0700]     0.0000 MB /   0.50 sec =    0.0000 Mbps     0 retrans     43 KB-cwnd
[2024-11-01T22:13:16.899413-0700]     0.0000 MB /   0.50 sec =    0.0000 Mbps     0 retrans     43 KB-cwnd
[2024-11-01T22:13:16.899479-0700]     0.1250 MB /   0.50 sec =    2.0971 Mbps     0 retrans     43 KB-cwnd
[2024-11-01T22:13:18.446049-0700]     0.3750 MB /   0.50 sec =    6.2916 Mbps    11 retrans     29 KB-cwnd
[2024-11-01T22:13:18.446575-0700]     0.2500 MB /   0.50 sec =    4.1944 Mbps     0 retrans     29 KB-cwnd
[2024-11-01T22:13:18.446725-0700]     0.1250 MB /   0.50 sec =    2.0971 Mbps     0 retrans     29 KB-cwnd
[2024-11-01T22:13:19.431450-0700]     0.1875 MB /   0.50 sec =    3.1456 Mbps     4 retrans     72 KB-cwnd
[2024-11-01T22:13:19.431856-0700]     0.2500 MB /   0.50 sec =    4.1943 Mbps     0 retrans     72 KB-cwnd
[2024-11-01T22:13:20.028171-0700]     0.8125 MB /   0.50 sec =   13.6321 Mbps     8 retrans     65 KB-cwnd
[2024-11-01T22:13:20.598980-0700]     0.5625 MB /   0.50 sec =    9.4364 Mbps     0 retrans     80 KB-cwnd
[2024-11-01T22:13:21.010872-0700]     0.6875 MB /   0.50 sec =   11.5353 Mbps    16 retrans     67 KB-cwnd
[2024-11-01T22:13:21.609466-0700]     0.8125 MB /   0.50 sec =   13.6289 Mbps     2 retrans     60 KB-cwnd
[2024-11-01T22:13:22.513747-0700]     0.6250 MB /   0.50 sec =   10.4878 Mbps     1 retrans     55 KB-cwnd
[2024-11-01T22:13:22.514226-0700]     0.3750 MB /   0.50 sec =    6.2910 Mbps     0 retrans     55 KB-cwnd
[2024-11-01T22:13:23.177354-0700]     0.4375 MB /   0.50 sec =    7.3404 Mbps     3 retrans     69 KB-cwnd
[2024-11-01T22:13:23.703353-0700]     0.6250 MB /   0.50 sec =   10.4858 Mbps     0 retrans     77 KB-cwnd
[2024-11-01T22:13:24.237407-0700]     0.6875 MB /   0.50 sec =   11.5345 Mbps     5 retrans     74 KB-cwnd
[2024-11-01T22:13:24.238015-0700]     0.6875 MB /   0.50 sec =   11.5324 Mbps     0 retrans     74 KB-cwnd
[2024-11-01T22:13:24.753040-0700]     0.7500 MB /   0.50 sec =   12.5849 Mbps     5 retrans     66 KB-cwnd
[2024-11-01T22:13:25.556220-0700]     0.4375 MB /   0.50 sec =    7.3398 Mbps     2 retrans     63 KB-cwnd
[2024-11-01T22:13:26.285214-0700]     0.5000 MB /   0.50 sec =    8.3888 Mbps     2 retrans    123 KB-cwnd
[2024-11-01T22:13:26.285600-0700]     0.5625 MB /   0.50 sec =    9.4371 Mbps     0 retrans    123 KB-cwnd
[2024-11-01T22:13:27.338781-0700]     0.8750 MB /   0.50 sec =   14.6804 Mbps    64 retrans     53 KB-cwnd
[2024-11-01T22:13:27.339140-0700]     0.5000 MB /   0.50 sec =    8.3884 Mbps     0 retrans     53 KB-cwnd
[2024-11-01T22:13:28.568420-0700]     0.5000 MB /   0.50 sec =    8.3888 Mbps    36 retrans     41 KB-cwnd
[2024-11-01T22:13:28.568837-0700]     0.1250 MB /   0.50 sec =    2.0970 Mbps     0 retrans     41 KB-cwnd
[2024-11-01T22:13:29.562759-0700]     0.3750 MB /   0.50 sec =    6.2919 Mbps    20 retrans     56 KB-cwnd
[2024-11-01T22:13:29.563152-0700]     0.3125 MB /   0.50 sec =    5.2423 Mbps     0 retrans     56 KB-cwnd
[2024-11-01T22:13:30.282806-0700]     0.5000 MB /   0.50 sec =    8.3892 Mbps     0 retrans     66 KB-cwnd
[2024-11-01T22:13:30.283401-0700]     0.5625 MB /   0.50 sec =    9.4375 Mbps     0 retrans     66 KB-cwnd
[2024-11-01T22:13:30.702835-0700]     0.7500 MB /   0.50 sec =   12.5823 Mbps     3 retrans    117 KB-cwnd
[2024-11-01T22:13:31.493577-0700]     1.0625 MB /   0.50 sec =   17.8260 Mbps     0 retrans    128 KB-cwnd
[2024-11-01T22:13:31.869916-0700]     1.1250 MB /   0.50 sec =   18.8747 Mbps     1 retrans    114 KB-cwnd
[2024-11-01T22:13:32.255634-0700]     1.0000 MB /   0.50 sec =   16.7718 Mbps     0 retrans    131 KB-cwnd
[2024-11-01T22:13:32.894285-0700]     1.1250 MB /   0.50 sec =   18.8811 Mbps     0 retrans    139 KB-cwnd
[2024-11-01T22:13:33.228640-0700]     1.1875 MB /   0.50 sec =   19.9200 Mbps     1 retrans    137 KB-cwnd
[2024-11-01T22:13:33.962978-0700]     1.0625 MB /   0.50 sec =   17.8283 Mbps     1 retrans    120 KB-cwnd
[2024-11-01T22:13:34.318083-0700]     0.9375 MB /   0.50 sec =   15.7285 Mbps     0 retrans    125 KB-cwnd
[2024-11-01T22:13:35.016860-0700]     1.0000 MB /   0.50 sec =   16.7765 Mbps     1 retrans    123 KB-cwnd
[2024-11-01T22:13:35.382999-0700]     1.1250 MB /   0.50 sec =   18.8753 Mbps     0 retrans    128 KB-cwnd
[2024-11-01T22:13:35.776171-0700]     0.9375 MB /   0.50 sec =   15.7280 Mbps     2 retrans    107 KB-cwnd
[2024-11-01T22:13:36.254169-0700]     0.8750 MB /   0.50 sec =   14.6805 Mbps     0 retrans    114 KB-cwnd
[2024-11-01T22:13:36.764162-0700]     0.7500 MB /   0.50 sec =   12.5821 Mbps     0 retrans    120 KB-cwnd
[2024-11-01T22:13:37.195185-0700]     0.9375 MB /   0.50 sec =   15.7292 Mbps     5 retrans    147 KB-cwnd
[2024-11-01T22:13:38.244885-0700]     0.8125 MB /   0.50 sec =   13.6313 Mbps     5 retrans     87 KB-cwnd
[2024-11-01T22:13:38.245426-0700]     0.5000 MB /   0.50 sec =    8.3888 Mbps     0 retrans     87 KB-cwnd
[2024-11-01T22:13:38.958618-0700]     0.6250 MB /   0.50 sec =   10.4861 Mbps     0 retrans     94 KB-cwnd
[2024-11-01T22:13:39.485797-0700]     0.5625 MB /   0.50 sec =    9.4369 Mbps     0 retrans    100 KB-cwnd
[2024-11-01T22:13:39.890850-0700]     0.7500 MB /   0.50 sec =   12.5828 Mbps     1 retrans    165 KB-cwnd
[2024-11-01T22:13:40.222909-0700]     1.1875 MB /   0.50 sec =   19.9238 Mbps     1 retrans    141 KB-cwnd
[2024-11-01T22:13:40.930716-0700]     1.1250 MB /   0.50 sec =   18.8741 Mbps     1 retrans    123 KB-cwnd
[2024-11-01T22:13:41.309927-0700]     1.0000 MB /   0.50 sec =   16.7774 Mbps     1 retrans    104 KB-cwnd
[2024-11-01T22:13:41.696235-0700]     0.9375 MB /   0.50 sec =   15.7279 Mbps     0 retrans    110 KB-cwnd
[2024-11-01T22:13:42.533288-0700]     0.8125 MB /   0.50 sec =   13.6321 Mbps     3 retrans    255 KB-cwnd
[2024-11-01T22:13:42.870906-0700]     1.2500 MB /   0.50 sec =   20.9705 Mbps     8 retrans    162 KB-cwnd
[2024-11-01T22:13:43.233344-0700]     1.0625 MB /   0.50 sec =   17.8268 Mbps     2 retrans    145 KB-cwnd
[2024-11-01T22:13:44.031348-0700]     1.0000 MB /   0.50 sec =   16.7772 Mbps     0 retrans    154 KB-cwnd
[2024-11-01T22:13:44.184256-0700]     0.9375 MB /   0.50 sec =   15.7270 Mbps     0 retrans    155 KB-cwnd
[2024-11-01T22:13:44.715198-0700]     0.8750 MB /   0.50 sec =   14.6811 Mbps    28 retrans     98 KB-cwnd
End time: 1730524424971
