Start time: 1730760667326
[2024-11-04T16:51:08.391443-0600] nuttcp-r: v8.1.4: socket
[2024-11-04T16:51:08.392520-0600] nuttcp-r: buflen=65536, nstream=1, port=5101 tcp
[2024-11-04T16:51:08.392657-0600] nuttcp-r: interval reporting every 0.50 seconds
[2024-11-04T16:51:08.392769-0600] nuttcp-r: connect to 54.176.53.206 with RTT=105.069 ms af=inet
[2024-11-04T16:51:08.392956-0600] nuttcp-r: send window size = 1048576, receive window size = 4194304
[2024-11-04T16:51:08.393069-0600] nuttcp-r: available send window = 786432, available receive window = 3145728
[2024-11-04T16:51:08.393173-0600]     0.0000 MB /   0.50 sec =    0.0000 Mbps    -1 retrans
[2024-11-04T16:51:08.891291-0600]     0.3125 MB /   0.50 sec =    5.2439 Mbps     1 retrans
[2024-11-04T16:51:09.391210-0600]     0.7500 MB /   0.50 sec =   12.5831 Mbps     0 retrans
[2024-11-04T16:51:09.893068-0600]     1.0625 MB /   0.50 sec =   17.7788 Mbps     0 retrans
[2024-11-04T16:51:10.391646-0600]     1.0000 MB /   0.50 sec =   16.8203 Mbps     0 retrans
[2024-11-04T16:51:10.891374-0600]     0.6250 MB /   0.50 sec =   10.4851 Mbps     0 retrans
[2024-11-04T16:51:11.391361-0600]     0.6875 MB /   0.50 sec =   11.5346 Mbps     0 retrans
[2024-11-04T16:51:11.891353-0600]     1.4375 MB /   0.50 sec =   24.1171 Mbps     0 retrans
[2024-11-04T16:51:12.391317-0600]     0.1875 MB /   0.50 sec =    3.1460 Mbps     0 retrans
[2024-11-04T16:51:12.891475-0600]     0.6250 MB /   0.50 sec =   10.4856 Mbps     0 retrans
[2024-11-04T16:51:13.391362-0600]     0.5000 MB /   0.50 sec =    8.3883 Mbps     0 retrans
[2024-11-04T16:51:13.891270-0600]     2.2500 MB /   0.50 sec =   37.7519 Mbps     0 retrans
[2024-11-04T16:51:14.391414-0600]     0.6875 MB /   0.50 sec =   11.5324 Mbps     0 retrans
[2024-11-04T16:51:14.891300-0600]     0.4375 MB /   0.50 sec =    7.3411 Mbps     0 retrans
[2024-11-04T16:51:15.391491-0600]     0.0000 MB /   0.50 sec =    0.0000 Mbps     0 retrans
[2024-11-04T16:51:15.891637-0600]     0.5000 MB /   0.50 sec =    8.3837 Mbps     0 retrans
[2024-11-04T16:51:16.392031-0600]     0.5000 MB /   0.50 sec =    8.3879 Mbps     0 retrans
[2024-11-04T16:51:16.891401-0600]     0.2500 MB /   0.50 sec =    4.1964 Mbps     0 retrans
[2024-11-04T16:51:17.391308-0600]     2.5625 MB /   0.50 sec =   42.9970 Mbps     0 retrans
[2024-11-04T16:51:17.891272-0600]     1.2500 MB /   0.50 sec =   20.9720 Mbps     0 retrans
[2024-11-04T16:51:18.391259-0600]     1.8125 MB /   0.50 sec =   30.4117 Mbps     0 retrans
[2024-11-04T16:51:18.891258-0600]     1.6250 MB /   0.50 sec =   27.2630 Mbps     0 retrans
[2024-11-04T16:51:19.391448-0600]     1.3125 MB /   0.50 sec =   22.0201 Mbps     0 retrans
[2024-11-04T16:51:19.891293-0600]     2.5000 MB /   0.50 sec =   41.9425 Mbps     0 retrans
[2024-11-04T16:51:20.391270-0600]     2.0625 MB /   0.50 sec =   34.6034 Mbps     0 retrans
[2024-11-04T16:51:20.891363-0600]     2.0000 MB /   0.50 sec =   33.5486 Mbps     0 retrans
[2024-11-04T16:51:21.391210-0600]     2.5625 MB /   0.50 sec =   42.9993 Mbps     0 retrans
[2024-11-04T16:51:21.891535-0600]     1.8125 MB /   0.50 sec =   30.4022 Mbps     0 retrans
[2024-11-04T16:51:22.391255-0600]     3.8750 MB /   0.50 sec =   65.0256 Mbps     0 retrans
[2024-11-04T16:51:22.891259-0600]     2.4375 MB /   0.50 sec =   40.8945 Mbps     0 retrans
[2024-11-04T16:51:23.391255-0600]     2.0625 MB /   0.50 sec =   34.6028 Mbps     0 retrans
[2024-11-04T16:51:23.891830-0600]     3.2500 MB /   0.50 sec =   54.4692 Mbps     0 retrans
[2024-11-04T16:51:24.391381-0600]     2.6250 MB /   0.50 sec =   44.0777 Mbps     0 retrans
[2024-11-04T16:51:24.891182-0600]     3.0000 MB /   0.50 sec =   50.3438 Mbps     0 retrans
[2024-11-04T16:51:25.391409-0600]     1.4375 MB /   0.50 sec =   24.1098 Mbps     0 retrans
[2024-11-04T16:51:25.891268-0600]     5.1875 MB /   0.50 sec =   87.0539 Mbps     0 retrans
[2024-11-04T16:51:26.391175-0600]     2.5000 MB /   0.50 sec =   41.9462 Mbps     0 retrans
[2024-11-04T16:51:26.891236-0600]     2.7500 MB /   0.50 sec =   46.1317 Mbps     0 retrans
[2024-11-04T16:51:27.391432-0600]     0.5625 MB /   0.50 sec =    9.4351 Mbps     0 retrans
[2024-11-04T16:51:27.891350-0600]     3.3750 MB /   0.50 sec =   56.6298 Mbps     0 retrans
[2024-11-04T16:51:28.391420-0600]     1.0625 MB /   0.50 sec =   17.8239 Mbps     0 retrans
[2024-11-04T16:51:28.891462-0600]     2.5625 MB /   0.50 sec =   42.9912 Mbps     0 retrans
[2024-11-04T16:51:29.391189-0600]     2.8750 MB /   0.50 sec =   48.2484 Mbps     0 retrans
[2024-11-04T16:51:29.891384-0600]     1.0000 MB /   0.50 sec =   16.7736 Mbps     0 retrans
[2024-11-04T16:51:30.391675-0600]     0.0000 MB /   0.50 sec =    0.0000 Mbps     0 retrans
[2024-11-04T16:51:30.891369-0600]     0.0000 MB /   0.50 sec =    0.0000 Mbps     0 retrans
[2024-11-04T16:51:31.391413-0600]     2.8750 MB /   0.50 sec =   48.2323 Mbps     0 retrans
[2024-11-04T16:51:31.891272-0600]     3.8750 MB /   0.50 sec =   65.0260 Mbps     0 retrans
[2024-11-04T16:51:32.391219-0600]     2.6875 MB /   0.50 sec =   45.0887 Mbps     0 retrans
[2024-11-04T16:51:32.891392-0600]     2.0625 MB /   0.50 sec =   34.5976 Mbps     0 retrans
[2024-11-04T16:51:33.391267-0600]     2.2500 MB /   0.50 sec =   37.7553 Mbps     0 retrans
[2024-11-04T16:51:33.891246-0600]     3.3125 MB /   0.50 sec =   55.5759 Mbps     0 retrans
[2024-11-04T16:51:34.391240-0600]     3.0000 MB /   0.50 sec =   50.3318 Mbps     0 retrans
[2024-11-04T16:51:34.891360-0600]     3.7500 MB /   0.50 sec =   62.9016 Mbps     0 retrans
[2024-11-04T16:51:35.391259-0600]     4.4375 MB /   0.50 sec =   74.4630 Mbps     0 retrans
[2024-11-04T16:51:35.891179-0600]     3.7500 MB /   0.50 sec =   62.9177 Mbps     0 retrans
[2024-11-04T16:51:36.391446-0600]     2.5000 MB /   0.50 sec =   41.9389 Mbps     0 retrans
[2024-11-04T16:51:36.891266-0600]     1.6250 MB /   0.50 sec =   27.2642 Mbps     0 retrans
[2024-11-04T16:51:37.391344-0600]     3.5000 MB /   0.50 sec =   58.7122 Mbps     0 retrans
[2024-11-04T16:51:37.891274-0600]     3.7500 MB /   0.50 sec =   62.9156 Mbps     0 retrans
[2024-11-04T16:51:38.391289-0600]     4.2500 MB /   0.50 sec =   71.3102 Mbps     0 retrans
[2024-11-04T16:51:38.891336-0600]     1.1250 MB /   0.50 sec =   18.8726 Mbps     0 retrans
[2024-11-04T16:51:39.391285-0600]     3.0000 MB /   0.50 sec =   50.3345 Mbps     0 retrans
[2024-11-04T16:51:39.891331-0600]     2.3125 MB /   0.50 sec =   38.7946 Mbps     0 retrans
[2024-11-04T16:51:40.391281-0600]     1.9375 MB /   0.50 sec =   32.5103 Mbps     0 retrans
[2024-11-04T16:51:40.891352-0600]     0.6875 MB /   0.50 sec =   11.5326 Mbps     0 retrans
[2024-11-04T16:51:41.391408-0600]     0.3750 MB /   0.50 sec =    6.2909 Mbps     0 retrans
[2024-11-04T16:51:41.891256-0600]     4.2500 MB /   0.50 sec =   71.3204 Mbps     0 retrans
[2024-11-04T16:51:42.391288-0600]     1.8750 MB /   0.50 sec =   31.4569 Mbps     0 retrans
[2024-11-04T16:51:42.891457-0600]     1.0625 MB /   0.50 sec =   17.8243 Mbps     0 retrans
[2024-11-04T16:51:43.391383-0600]     0.0000 MB /   0.50 sec =    0.0000 Mbps     0 retrans
[2024-11-04T16:51:43.891266-0600]     1.5625 MB /   0.50 sec =   26.2195 Mbps     0 retrans
[2024-11-04T16:51:44.391269-0600]     2.1250 MB /   0.50 sec =   35.6522 Mbps     0 retrans
[2024-11-04T16:51:44.891253-0600]     1.0625 MB /   0.50 sec =   17.8265 Mbps     0 retrans
[2024-11-04T16:51:45.391418-0600]     0.2500 MB /   0.50 sec =    4.1932 Mbps     0 retrans
[2024-11-04T16:51:45.891363-0600]     0.0000 MB /   0.50 sec =    0.0000 Mbps     0 retrans
[2024-11-04T16:51:46.391328-0600]     1.3750 MB /   0.50 sec =   23.0689 Mbps     0 retrans
[2024-11-04T16:51:46.891216-0600]     3.3750 MB /   0.50 sec =   56.6321 Mbps     0 retrans
[2024-11-04T16:51:47.391325-0600]     2.5000 MB /   0.50 sec =   41.9378 Mbps     0 retrans
[2024-11-04T16:51:47.891252-0600]     2.1875 MB /   0.50 sec =   36.7044 Mbps     0 retrans
[2024-11-04T16:51:48.391349-0600]     2.1250 MB /   0.50 sec =   35.6460 Mbps     0 retrans
[2024-11-04T16:51:48.891192-0600]     2.2500 MB /   0.50 sec =   37.7557 Mbps     0 retrans
[2024-11-04T16:51:49.391338-0600]     2.1875 MB /   0.50 sec =   36.6944 Mbps     0 retrans
[2024-11-04T16:51:49.891277-0600]     2.5625 MB /   0.50 sec =   42.9960 Mbps     0 retrans
[2024-11-04T16:51:50.391404-0600]     2.5625 MB /   0.50 sec =   42.9931 Mbps     0 retrans
[2024-11-04T16:51:50.891252-0600]     3.0000 MB /   0.50 sec =   50.3317 Mbps     0 retrans
[2024-11-04T16:51:51.391242-0600]     3.2500 MB /   0.50 sec =   54.5263 Mbps     0 retrans
[2024-11-04T16:51:51.891253-0600]     3.2500 MB /   0.50 sec =   54.5250 Mbps     0 retrans
[2024-11-04T16:51:52.391267-0600]     2.8125 MB /   0.50 sec =   47.1860 Mbps     0 retrans
[2024-11-04T16:51:52.891266-0600]     1.6875 MB /   0.50 sec =   28.3116 Mbps     0 retrans
[2024-11-04T16:51:53.391229-0600]     0.6250 MB /   0.50 sec =   10.4859 Mbps     0 retrans
[2024-11-04T16:51:53.891287-0600]     3.1250 MB /   0.50 sec =   52.4268 Mbps     0 retrans
[2024-11-04T16:51:54.391298-0600]     2.6875 MB /   0.50 sec =   45.0888 Mbps     0 retrans
[2024-11-04T16:51:54.891252-0600]     1.4375 MB /   0.50 sec =   24.1178 Mbps     0 retrans
[2024-11-04T16:51:55.391374-0600]     1.7500 MB /   0.50 sec =   29.3542 Mbps     0 retrans
[2024-11-04T16:51:55.891423-0600]     3.1875 MB /   0.50 sec =   53.4879 Mbps     0 retrans
[2024-11-04T16:51:56.391226-0600]     3.3125 MB /   0.50 sec =   55.5779 Mbps     0 retrans
[2024-11-04T16:51:56.891206-0600]     2.6250 MB /   0.50 sec =   44.0390 Mbps     0 retrans
[2024-11-04T16:51:57.391254-0600]     3.0000 MB /   0.50 sec =   50.3305 Mbps     0 retrans
[2024-11-04T16:51:57.891263-0600]     3.3125 MB /   0.50 sec =   55.5741 Mbps     0 retrans
[2024-11-04T16:51:58.391336-0600]     2.6250 MB /   0.50 sec =   44.0354 Mbps     0 retrans
[2024-11-04T16:51:58.891381-0600]     3.3750 MB /   0.50 sec =   56.6189 Mbps     0 retrans
[2024-11-04T16:51:59.391425-0600]     0.5625 MB /   0.50 sec =    9.4367 Mbps     0 retrans
[2024-11-04T16:51:59.891397-0600]     1.9375 MB /   0.50 sec =   32.5065 Mbps     0 retrans
[2024-11-04T16:52:00.391282-0600]     2.1250 MB /   0.50 sec =   35.6588 Mbps     0 retrans
[2024-11-04T16:52:00.891171-0600]     1.6250 MB /   0.50 sec =   27.2654 Mbps     0 retrans
[2024-11-04T16:52:01.391259-0600]     1.8125 MB /   0.50 sec =   30.4068 Mbps     0 retrans
[2024-11-04T16:52:01.891335-0600]     1.0625 MB /   0.50 sec =   17.8227 Mbps     0 retrans
[2024-11-04T16:52:02.391384-0600]     0.3125 MB /   0.50 sec =    5.2428 Mbps     0 retrans
[2024-11-04T16:52:02.891369-0600]     0.9375 MB /   0.50 sec =   15.7296 Mbps     0 retrans
[2024-11-04T16:52:03.391407-0600]     1.0000 MB /   0.50 sec =   16.7761 Mbps     0 retrans
[2024-11-04T16:52:03.891437-0600]     1.1875 MB /   0.50 sec =   19.9261 Mbps     0 retrans
[2024-11-04T16:52:04.391269-0600]     0.8750 MB /   0.50 sec =   14.6805 Mbps     0 retrans
[2024-11-04T16:52:04.891336-0600]     0.6875 MB /   0.50 sec =   11.5328 Mbps     0 retrans
[2024-11-04T16:52:05.391349-0600]     0.8750 MB /   0.50 sec =   14.6797 Mbps     0 retrans
[2024-11-04T16:52:05.891418-0600]     0.8125 MB /   0.50 sec =   13.6301 Mbps     0 retrans
[2024-11-04T16:52:06.391220-0600]     0.2500 MB /   0.50 sec =    4.1953 Mbps     0 retrans
[2024-11-04T16:52:06.891335-0600]     1.5000 MB /   0.50 sec =   25.1634 Mbps     0 retrans
[2024-11-04T16:52:07.391252-0600]     2.8125 MB /   0.50 sec =   47.1921 Mbps     0 retrans
[2024-11-04T16:52:07.891277-0600]     1.8125 MB /   0.50 sec =   30.4085 Mbps     0 retrans
[2024-11-04T16:52:08.391169-0600]     1.1250 MB /   0.50 sec =   18.8761 Mbps     0 retrans
[2024-11-04T16:52:08.891261-0600]     1.2500 MB /   0.50 sec =   20.9698 Mbps     0 retrans
[2024-11-04T16:52:09.391372-0600]     0.3125 MB /   0.50 sec =    5.2421 Mbps     0 retrans
[2024-11-04T16:52:09.891263-0600]     2.0625 MB /   0.50 sec =   34.6081 Mbps     0 retrans
[2024-11-04T16:52:10.391380-0600]     0.6875 MB /   0.50 sec =   11.5320 Mbps     0 retrans
[2024-11-04T16:52:10.891497-0600]     0.0000 MB /   0.50 sec =    0.0000 Mbps     0 retrans
[2024-11-04T16:52:11.391375-0600]     0.1250 MB /   0.50 sec =    2.0971 Mbps     0 retrans
[2024-11-04T16:52:11.891196-0600]     1.1875 MB /   0.50 sec =   19.9266 Mbps     0 retrans
[2024-11-04T16:52:12.391361-0600]     0.4375 MB /   0.50 sec =    7.3399 Mbps     0 retrans
[2024-11-04T16:52:12.891255-0600]     2.0625 MB /   0.50 sec =   34.6038 Mbps     0 retrans
[2024-11-04T16:52:13.391260-0600]     1.3750 MB /   0.50 sec =   23.0695 Mbps     0 retrans
[2024-11-04T16:52:13.891362-0600]     1.5000 MB /   0.50 sec =   25.1626 Mbps     0 retrans
[2024-11-04T16:52:14.391267-0600]     1.8125 MB /   0.50 sec =   30.4116 Mbps     0 retrans
[2024-11-04T16:52:14.891275-0600]     1.8125 MB /   0.50 sec =   30.4085 Mbps     0 retrans
[2024-11-04T16:52:15.391281-0600]     2.0625 MB /   0.50 sec =   34.6033 Mbps     0 retrans
[2024-11-04T16:52:15.891538-0600]     1.9375 MB /   0.50 sec =   32.4984 Mbps     0 retrans
[2024-11-04T16:52:16.391283-0600]     1.8125 MB /   0.50 sec =   30.4153 Mbps     0 retrans
[2024-11-04T16:52:16.891273-0600]     3.0625 MB /   0.50 sec =   51.3795 Mbps     0 retrans
[2024-11-04T16:52:17.391338-0600]     2.6875 MB /   0.50 sec =   45.0860 Mbps     0 retrans
[2024-11-04T16:52:17.891254-0600]     2.5000 MB /   0.50 sec =   41.9469 Mbps     0 retrans
[2024-11-04T16:52:18.391193-0600]     3.2500 MB /   0.50 sec =   54.5292 Mbps     0 retrans
[2024-11-04T16:52:18.891261-0600]     1.7500 MB /   0.50 sec =   29.3584 Mbps     0 retrans
[2024-11-04T16:52:19.391271-0600]     2.2500 MB /   0.50 sec =   37.7484 Mbps     0 retrans
[2024-11-04T16:52:19.891298-0600]     2.3125 MB /   0.50 sec =   38.7934 Mbps     0 retrans
[2024-11-04T16:52:20.391276-0600]     3.7500 MB /   0.50 sec =   62.9203 Mbps     0 retrans
[2024-11-04T16:52:20.891261-0600]     2.6875 MB /   0.50 sec =   45.0896 Mbps     0 retrans
[2024-11-04T16:52:21.391294-0600]     0.1875 MB /   0.50 sec =    3.1457 Mbps     0 retrans
[2024-11-04T16:52:21.891231-0600]     3.1250 MB /   0.50 sec =   52.4268 Mbps     0 retrans
[2024-11-04T16:52:22.391338-0600]     0.6250 MB /   0.50 sec =   10.4848 Mbps     0 retrans
[2024-11-04T16:52:22.891250-0600]     2.3750 MB /   0.50 sec =   39.8522 Mbps     0 retrans
[2024-11-04T16:52:23.391283-0600]     3.3125 MB /   0.50 sec =   55.5735 Mbps     0 retrans
[2024-11-04T16:52:23.891184-0600]     2.5000 MB /   0.50 sec =   41.9463 Mbps     0 retrans
[2024-11-04T16:52:24.391465-0600]     3.2500 MB /   0.50 sec =   54.5207 Mbps     0 retrans
[2024-11-04T16:52:24.891331-0600]     1.7500 MB /   0.50 sec =   29.3569 Mbps     0 retrans
[2024-11-04T16:52:25.391451-0600]     1.3750 MB /   0.50 sec =   23.0716 Mbps     0 retrans
[2024-11-04T16:52:25.891385-0600]     0.0625 MB /   0.50 sec =    1.0484 Mbps     0 retrans
[2024-11-04T16:52:26.391352-0600]     0.7500 MB /   0.50 sec =   12.5833 Mbps     0 retrans
[2024-11-04T16:52:26.891267-0600]     1.4375 MB /   0.50 sec =   24.1213 Mbps     0 retrans
[2024-11-04T16:52:27.391233-0600]     0.9375 MB /   0.50 sec =   15.7279 Mbps     0 retrans
[2024-11-04T16:52:27.891372-0600]     4.7500 MB /   0.50 sec =   79.6935 Mbps     0 retrans
[2024-11-04T16:52:28.391293-0600]     3.8750 MB /   0.50 sec =   65.0122 Mbps     0 retrans
[2024-11-04T16:52:28.891464-0600]     3.4375 MB /   0.50 sec =   57.6652 Mbps     0 retrans
[2024-11-04T16:52:29.391274-0600]     3.6875 MB /   0.50 sec =   61.8676 Mbps     0 retrans
[2024-11-04T16:52:29.891275-0600]     3.0625 MB /   0.50 sec =   51.3842 Mbps     0 retrans
[2024-11-04T16:52:30.391285-0600]     4.7500 MB /   0.50 sec =   79.6927 Mbps     0 retrans
[2024-11-04T16:52:30.891306-0600]     3.3125 MB /   0.50 sec =   55.5693 Mbps     0 retrans
[2024-11-04T16:52:31.391340-0600]     5.3125 MB /   0.50 sec =   89.1259 Mbps     0 retrans
[2024-11-04T16:52:31.891282-0600]     3.8125 MB /   0.50 sec =   63.9697 Mbps     0 retrans
[2024-11-04T16:52:32.391187-0600]     5.3750 MB /   0.50 sec =   90.1873 Mbps     0 retrans
[2024-11-04T16:52:32.891331-0600]     5.6875 MB /   0.50 sec =   95.4023 Mbps     0 retrans
[2024-11-04T16:52:33.391268-0600]     5.9375 MB /   0.50 sec =   99.6265 Mbps     0 retrans
[2024-11-04T16:52:33.891336-0600]     4.8125 MB /   0.50 sec =   80.7290 Mbps     0 retrans
[2024-11-04T16:52:34.391235-0600]     5.9375 MB /   0.50 sec =   99.6295 Mbps     0 retrans
[2024-11-04T16:52:34.891175-0600]     5.6875 MB /   0.50 sec =   95.4263 Mbps     0 retrans
[2024-11-04T16:52:35.391520-0600]     4.9375 MB /   0.50 sec =   82.8140 Mbps     0 retrans
[2024-11-04T16:52:35.891261-0600]     5.8125 MB /   0.50 sec =   97.5382 Mbps     0 retrans
[2024-11-04T16:52:36.391355-0600]     4.1875 MB /   0.50 sec =   70.2546 Mbps     0 retrans
[2024-11-04T16:52:36.891275-0600]     5.7500 MB /   0.50 sec =   96.4684 Mbps     0 retrans
[2024-11-04T16:52:37.391466-0600]     4.0625 MB /   0.50 sec =   68.1574 Mbps     0 retrans
[2024-11-04T16:52:37.891314-0600]     4.5625 MB /   0.50 sec =   76.5382 Mbps     0 retrans
[2024-11-04T16:52:38.391270-0600]     6.4375 MB /   0.50 sec =  108.0167 Mbps     0 retrans
[2024-11-04T16:52:38.891352-0600]     5.7500 MB /   0.50 sec =   96.4592 Mbps     0 retrans
[2024-11-04T16:52:39.391461-0600]     6.3125 MB /   0.50 sec =  105.9102 Mbps     0 retrans
[2024-11-04T16:52:39.891235-0600]     6.0000 MB /   0.50 sec =  100.6748 Mbps     0 retrans
[2024-11-04T16:52:40.391388-0600]     7.1250 MB /   0.50 sec =  119.5329 Mbps     0 retrans
[2024-11-04T16:52:40.891375-0600]     5.1875 MB /   0.50 sec =   87.0156 Mbps     0 retrans
[2024-11-04T16:52:41.391232-0600]     7.5000 MB /   0.50 sec =  125.8518 Mbps     0 retrans
[2024-11-04T16:52:41.891422-0600]     4.5625 MB /   0.50 sec =   76.5262 Mbps     0 retrans
[2024-11-04T16:52:42.391326-0600]     2.8125 MB /   0.50 sec =   47.1961 Mbps     0 retrans
[2024-11-04T16:52:42.891254-0600]     3.9375 MB /   0.50 sec =   66.0625 Mbps     0 retrans
[2024-11-04T16:52:43.391320-0600]     4.8750 MB /   0.50 sec =   81.7875 Mbps     0 retrans
[2024-11-04T16:52:43.891258-0600]     5.3750 MB /   0.50 sec =   90.1792 Mbps     0 retrans
[2024-11-04T16:52:44.391447-0600]     6.5000 MB /   0.50 sec =  109.0471 Mbps     0 retrans
[2024-11-04T16:52:44.891347-0600]     6.2500 MB /   0.50 sec =  104.8528 Mbps     0 retrans
[2024-11-04T16:52:45.391315-0600]     5.0000 MB /   0.50 sec =   83.8899 Mbps     0 retrans
[2024-11-04T16:52:45.891318-0600]     5.5625 MB /   0.50 sec =   93.3182 Mbps     0 retrans
[2024-11-04T16:52:46.391311-0600]     5.8750 MB /   0.50 sec =   98.5721 Mbps     0 retrans
[2024-11-04T16:52:46.891274-0600]     1.4375 MB /   0.50 sec =   24.1177 Mbps     0 retrans
[2024-11-04T16:52:47.391437-0600]     0.0000 MB /   0.50 sec =    0.0000 Mbps     0 retrans
[2024-11-04T16:52:47.891290-0600]     0.8750 MB /   0.50 sec =   14.6833 Mbps     0 retrans
[2024-11-04T16:52:48.391292-0600]     5.8750 MB /   0.50 sec =   98.5699 Mbps     0 retrans
[2024-11-04T16:52:48.891260-0600]     1.3125 MB /   0.50 sec =   22.0205 Mbps     0 retrans
[2024-11-04T16:52:49.391309-0600]     0.1875 MB /   0.50 sec =    3.1452 Mbps     0 retrans
[2024-11-04T16:52:49.891407-0600]     0.0000 MB /   0.50 sec =    0.0000 Mbps     0 retrans
[2024-11-04T16:52:50.391453-0600]     1.6875 MB /   0.50 sec =   28.3108 Mbps     0 retrans
[2024-11-04T16:52:50.891406-0600]     7.5000 MB /   0.50 sec =  125.8639 Mbps     0 retrans
[2024-11-04T16:52:51.391163-0600]     5.5625 MB /   0.50 sec =   93.3298 Mbps     0 retrans
[2024-11-04T16:52:51.891370-0600]     5.5000 MB /   0.50 sec =   92.2518 Mbps     0 retrans
[2024-11-04T16:52:52.391341-0600]     5.4375 MB /   0.50 sec =   91.2318 Mbps     0 retrans
[2024-11-04T16:52:52.891268-0600]     6.5000 MB /   0.50 sec =  109.0622 Mbps     0 retrans
[2024-11-04T16:52:53.391293-0600]     6.5625 MB /   0.50 sec =  110.1022 Mbps     0 retrans
[2024-11-04T16:52:53.891319-0600]     6.8750 MB /   0.50 sec =  115.3309 Mbps     0 retrans
[2024-11-04T16:52:54.391273-0600]     6.3125 MB /   0.50 sec =  105.9191 Mbps     0 retrans
[2024-11-04T16:52:54.891220-0600]     5.3750 MB /   0.50 sec =   90.1752 Mbps     0 retrans
[2024-11-04T16:52:55.391284-0600]     7.2500 MB /   0.50 sec =  121.6375 Mbps     0 retrans
[2024-11-04T16:52:55.891397-0600]     4.0000 MB /   0.50 sec =   67.1089 Mbps     0 retrans
[2024-11-04T16:52:56.391258-0600]     5.3750 MB /   0.50 sec =   90.1777 Mbps     0 retrans
[2024-11-04T16:52:56.891339-0600]     2.4375 MB /   0.50 sec =   40.8895 Mbps     0 retrans
[2024-11-04T16:52:57.391273-0600]     6.8125 MB /   0.50 sec =  114.3055 Mbps     0 retrans
[2024-11-04T16:52:57.891380-0600]     4.2500 MB /   0.50 sec =   71.2906 Mbps     0 retrans
[2024-11-04T16:52:58.391563-0600]     6.0000 MB /   0.50 sec =  100.6627 Mbps     0 retrans
[2024-11-04T16:52:58.891264-0600]     1.0000 MB /   0.50 sec =   16.7806 Mbps     0 retrans
[2024-11-04T16:52:59.391289-0600]     5.3125 MB /   0.50 sec =   89.1277 Mbps     0 retrans
[2024-11-04T16:52:59.891320-0600]     3.3750 MB /   0.50 sec =   56.6162 Mbps     0 retrans
[2024-11-04T16:53:00.391371-0600]     4.6250 MB /   0.50 sec =   77.5931 Mbps     0 retrans
[2024-11-04T16:53:00.891290-0600]     5.0000 MB /   0.50 sec =   83.8967 Mbps     0 retrans
[2024-11-04T16:53:01.391171-0600]     5.1875 MB /   0.50 sec =   87.0391 Mbps     0 retrans
[2024-11-04T16:53:01.891386-0600]     4.1250 MB /   0.50 sec =   69.1875 Mbps     0 retrans
[2024-11-04T16:53:02.391334-0600]     6.1875 MB /   0.50 sec =  103.8186 Mbps     0 retrans
[2024-11-04T16:53:02.891327-0600]     4.5625 MB /   0.50 sec =   76.5445 Mbps     0 retrans
[2024-11-04T16:53:03.391291-0600]     4.0000 MB /   0.50 sec =   67.1171 Mbps     0 retrans
[2024-11-04T16:53:03.891262-0600]     3.7500 MB /   0.50 sec =   62.9159 Mbps     0 retrans
[2024-11-04T16:53:04.391277-0600]     3.8125 MB /   0.50 sec =   63.9626 Mbps     0 retrans
[2024-11-04T16:53:04.891362-0600]     0.4375 MB /   0.50 sec =    7.3391 Mbps     0 retrans
[2024-11-04T16:53:05.391435-0600]     0.0000 MB /   0.50 sec =    0.0000 Mbps     0 retrans
[2024-11-04T16:53:05.891249-0600]     1.6875 MB /   0.50 sec =   28.3177 Mbps     0 retrans
[2024-11-04T16:53:06.391537-0600]     5.6250 MB /   0.50 sec =   94.3649 Mbps     0 retrans
[2024-11-04T16:53:06.891259-0600]     3.0000 MB /   0.50 sec =   50.3373 Mbps     0 retrans
[2024-11-04T16:53:07.391383-0600]     1.3750 MB /   0.50 sec =   23.0654 Mbps     0 retrans
[2024-11-04T16:53:07.891320-0600]     0.0625 MB /   0.50 sec =    1.0486 Mbps     0 retrans
End time: 1730760788464
