Start time: 1730760798847
[2024-11-04T16:53:20.269496-0600] nuttcp-t: v8.1.4: socket
[2024-11-04T16:53:20.270224-0600] nuttcp-t: buflen=65536, nstream=1, port=5101 tcp -> 54.176.53.206
[2024-11-04T16:53:20.270278-0600] nuttcp-t: time limit = 120.00 seconds
[2024-11-04T16:53:20.270317-0600] nuttcp-t: connect to 54.176.53.206 with mss=1376, RTT=101.313 ms af=inet
[2024-11-04T16:53:20.270356-0600] nuttcp-t: send window size = 1048576, receive window size = 4194304
[2024-11-04T16:53:20.270392-0600] nuttcp-t: available send window = 786432, available receive window = 3145728
[2024-11-04T16:53:20.270430-0600] nuttcp-t: initial congestion window = 13 KB (10 packets)
[2024-11-04T16:53:20.270464-0600] nuttcp-r: v6.1.2: socket
[2024-11-04T16:53:20.270498-0600] nuttcp-r: buflen=65536, nstream=1, port=5101 tcp
[2024-11-04T16:53:20.270533-0600] nuttcp-r: interval reporting every 0.50 seconds
[2024-11-04T16:53:20.270567-0600] nuttcp-r: accept from 174.234.160.40
[2024-11-04T16:53:20.270601-0600] nuttcp-r: send window size = 450000000, receive window size = 450000000
[2024-11-04T16:53:20.270636-0600] nuttcp-r: available send window = 225000000, available receive window = 225000000
[2024-11-04T16:53:20.270679-0600]     0.3125 MB /   0.50 sec =    5.2427 Mbps    16 retrans    301 KB-cwnd
[2024-11-04T16:53:20.535689-0600]     1.1250 MB /   0.50 sec =   18.8744 Mbps     0 retrans    338 KB-cwnd
[2024-11-04T16:53:21.101330-0600]     1.2500 MB /   0.50 sec =   20.9713 Mbps     0 retrans    344 KB-cwnd
[2024-11-04T16:53:21.615410-0600]     1.2500 MB /   0.50 sec =   20.9714 Mbps     0 retrans    346 KB-cwnd
[2024-11-04T16:53:22.201372-0600]     1.4375 MB /   0.50 sec =   24.1171 Mbps    10 retrans    280 KB-cwnd
[2024-11-04T16:53:22.708111-0600]     1.3125 MB /   0.50 sec =   22.0206 Mbps     0 retrans    341 KB-cwnd
[2024-11-04T16:53:23.182635-0600]     1.3750 MB /   0.50 sec =   23.0690 Mbps     0 retrans    345 KB-cwnd
[2024-11-04T16:53:23.758189-0600]     1.2500 MB /   0.50 sec =   20.9711 Mbps     0 retrans    348 KB-cwnd
[2024-11-04T16:53:24.044068-0600]     1.2500 MB /   0.50 sec =   20.9719 Mbps     0 retrans    349 KB-cwnd
[2024-11-04T16:53:24.604346-0600]     1.2500 MB /   0.50 sec =   20.9718 Mbps     0 retrans    353 KB-cwnd
[2024-11-04T16:53:25.324040-0600]     1.0625 MB /   0.50 sec =   17.8253 Mbps     0 retrans    358 KB-cwnd
[2024-11-04T16:53:25.681661-0600]     0.8125 MB /   0.50 sec =   13.6199 Mbps     0 retrans    381 KB-cwnd
[2024-11-04T16:53:26.021254-0600]     1.0000 MB /   0.50 sec =   16.7912 Mbps     0 retrans    462 KB-cwnd
[2024-11-04T16:53:26.610466-0600]     1.1875 MB /   0.50 sec =   19.9214 Mbps     0 retrans    628 KB-cwnd
[2024-11-04T16:53:27.233443-0600]     0.5625 MB /   0.50 sec =    9.4379 Mbps     6 retrans    536 KB-cwnd
[2024-11-04T16:53:27.631924-0600]     1.0625 MB /   0.50 sec =   17.8263 Mbps     0 retrans    587 KB-cwnd
[2024-11-04T16:53:28.301035-0600]     1.0000 MB /   0.50 sec =   16.7769 Mbps     0 retrans    647 KB-cwnd
[2024-11-04T16:53:28.711254-0600]     0.8750 MB /   0.50 sec =   14.6803 Mbps     0 retrans    657 KB-cwnd
[2024-11-04T16:53:29.175006-0600]     0.7500 MB /   0.50 sec =   12.5822 Mbps     0 retrans    661 KB-cwnd
[2024-11-04T16:53:29.765995-0600]     1.1875 MB /   0.50 sec =   19.9243 Mbps     0 retrans    662 KB-cwnd
[2024-11-04T16:53:30.171852-0600]     0.8750 MB /   0.50 sec =   14.6796 Mbps     0 retrans    662 KB-cwnd
[2024-11-04T16:53:30.679693-0600]     0.6875 MB /   0.50 sec =   11.5347 Mbps     0 retrans    663 KB-cwnd
[2024-11-04T16:53:31.547559-0600]     1.0000 MB /   0.50 sec =   16.7768 Mbps     0 retrans    665 KB-cwnd
[2024-11-04T16:53:31.548182-0600]     0.6250 MB /   0.50 sec =   10.4860 Mbps     0 retrans    665 KB-cwnd
[2024-11-04T16:53:32.276532-0600]     0.5000 MB /   0.50 sec =    8.3884 Mbps    13 retrans    392 KB-cwnd
[2024-11-04T16:53:32.721400-0600]     1.0625 MB /   0.50 sec =   17.8263 Mbps     0 retrans    565 KB-cwnd
[2024-11-04T16:53:33.067639-0600]     1.0625 MB /   0.50 sec =   17.8257 Mbps     0 retrans    581 KB-cwnd
[2024-11-04T16:53:33.769188-0600]     1.0625 MB /   0.50 sec =   17.8257 Mbps     0 retrans    588 KB-cwnd
[2024-11-04T16:53:34.075811-0600]     0.9375 MB /   0.50 sec =   15.7285 Mbps     0 retrans    589 KB-cwnd
[2024-11-04T16:53:34.713201-0600]     1.0625 MB /   0.50 sec =   17.8249 Mbps     0 retrans    591 KB-cwnd
[2024-11-04T16:53:35.096212-0600]     1.0625 MB /   0.50 sec =   17.8265 Mbps     0 retrans    591 KB-cwnd
[2024-11-04T16:53:35.611637-0600]     0.5625 MB /   0.50 sec =    9.4374 Mbps     0 retrans    592 KB-cwnd
[2024-11-04T16:53:36.310277-0600]     0.7500 MB /   0.50 sec =   12.5317 Mbps    14 retrans    473 KB-cwnd
[2024-11-04T16:53:36.777527-0600]     1.0000 MB /   0.50 sec =   16.8106 Mbps     3 retrans    395 KB-cwnd
[2024-11-04T16:53:37.145436-0600]     0.7500 MB /   0.50 sec =   12.6090 Mbps    12 retrans    323 KB-cwnd
[2024-11-04T16:53:37.673198-0600]     0.8125 MB /   0.50 sec =   13.6311 Mbps     0 retrans    345 KB-cwnd
[2024-11-04T16:53:38.635477-0600]     0.5000 MB /   0.50 sec =    8.3892 Mbps     0 retrans    353 KB-cwnd
[2024-11-04T16:53:38.636177-0600]     0.3750 MB /   0.50 sec =    6.2914 Mbps     0 retrans    353 KB-cwnd
[2024-11-04T16:53:39.137126-0600]     0.4375 MB /   0.50 sec =    7.3399 Mbps     0 retrans    354 KB-cwnd
[2024-11-04T16:53:39.815482-0600]     0.8750 MB /   0.50 sec =   14.6802 Mbps     0 retrans    356 KB-cwnd
[2024-11-04T16:53:40.197461-0600]     1.0000 MB /   0.50 sec =   16.7775 Mbps     0 retrans    357 KB-cwnd
[2024-11-04T16:53:40.818027-0600]     1.0625 MB /   0.50 sec =   17.8258 Mbps     0 retrans    360 KB-cwnd
[2024-11-04T16:53:41.094976-0600]     1.1250 MB /   0.50 sec =   18.8737 Mbps     0 retrans    361 KB-cwnd
[2024-11-04T16:53:41.667172-0600]     1.1875 MB /   0.50 sec =   19.9233 Mbps     0 retrans    364 KB-cwnd
[2024-11-04T16:53:42.185842-0600]     0.8750 MB /   0.50 sec =   14.6796 Mbps    14 retrans    296 KB-cwnd
[2024-11-04T16:53:43.905398-0600]     0.6875 MB /   0.50 sec =   11.5347 Mbps     0 retrans    341 KB-cwnd
[2024-11-04T16:53:43.905948-0600]     0.1875 MB /   0.50 sec =    3.1458 Mbps     0 retrans    341 KB-cwnd
[2024-11-04T16:53:43.906197-0600]     0.1250 MB /   0.50 sec =    2.0971 Mbps     0 retrans    341 KB-cwnd
[2024-11-04T16:53:44.425643-0600]     0.2500 MB /   0.50 sec =    4.1941 Mbps     0 retrans    353 KB-cwnd
[2024-11-04T16:53:44.689540-0600]     0.6875 MB /   0.50 sec =   11.5344 Mbps     0 retrans    356 KB-cwnd
[2024-11-04T16:53:45.009543-0600]     1.1250 MB /   0.50 sec =   18.8743 Mbps     2 retrans    290 KB-cwnd
[2024-11-04T16:53:46.065653-0600]     0.9375 MB /   0.50 sec =   15.7290 Mbps     1 retrans    248 KB-cwnd
[2024-11-04T16:53:46.065951-0600]     0.2500 MB /   0.50 sec =    4.1941 Mbps     0 retrans    248 KB-cwnd
[2024-11-04T16:53:47.014294-0600]     1.1250 MB /   0.50 sec =   18.8755 Mbps     2 retrans    215 KB-cwnd
[2024-11-04T16:53:47.014547-0600]     0.6250 MB /   0.50 sec =   10.4855 Mbps     0 retrans    215 KB-cwnd
[2024-11-04T16:53:47.817871-0600]     0.8750 MB /   0.50 sec =   14.6800 Mbps     0 retrans    233 KB-cwnd
[2024-11-04T16:53:48.193540-0600]     0.8125 MB /   0.50 sec =   13.6314 Mbps     0 retrans    235 KB-cwnd
[2024-11-04T16:53:48.527355-0600]     0.9375 MB /   0.50 sec =   15.7287 Mbps     0 retrans    237 KB-cwnd
[2024-11-04T16:53:49.253894-0600]     0.9375 MB /   0.50 sec =   15.7293 Mbps     0 retrans    240 KB-cwnd
[2024-11-04T16:53:49.589803-0600]     0.9375 MB /   0.50 sec =   15.7284 Mbps     0 retrans    243 KB-cwnd
[2024-11-04T16:53:50.257265-0600]     1.0625 MB /   0.50 sec =   17.8259 Mbps     0 retrans    272 KB-cwnd
[2024-11-04T16:53:50.591520-0600]     0.9375 MB /   0.50 sec =   15.7286 Mbps     0 retrans    440 KB-cwnd
[2024-11-04T16:53:51.121318-0600]     0.9375 MB /   0.50 sec =   15.7222 Mbps    31 retrans    455 KB-cwnd
[2024-11-04T16:53:51.639408-0600]     1.7500 MB /   0.50 sec =   29.3648 Mbps     0 retrans    560 KB-cwnd
[2024-11-04T16:53:52.119152-0600]     1.1875 MB /   0.50 sec =   19.9276 Mbps     8 retrans    448 KB-cwnd
[2024-11-04T16:53:52.687278-0600]     2.1250 MB /   0.50 sec =   35.6516 Mbps     0 retrans    497 KB-cwnd
[2024-11-04T16:53:53.135343-0600]     1.5625 MB /   0.50 sec =   26.2148 Mbps     0 retrans    501 KB-cwnd
[2024-11-04T16:53:53.653923-0600]     1.5625 MB /   0.50 sec =   26.2147 Mbps     0 retrans    503 KB-cwnd
[2024-11-04T16:53:54.201469-0600]     1.0625 MB /   0.50 sec =   17.8257 Mbps     0 retrans    506 KB-cwnd
[2024-11-04T16:53:54.599195-0600]     1.6250 MB /   0.50 sec =   27.2630 Mbps     0 retrans    509 KB-cwnd
[2024-11-04T16:53:55.017468-0600]     1.5000 MB /   0.50 sec =   25.1649 Mbps     0 retrans    564 KB-cwnd
[2024-11-04T16:53:55.625281-0600]     1.6875 MB /   0.50 sec =   28.3129 Mbps     0 retrans    842 KB-cwnd
[2024-11-04T16:53:56.048506-0600]     1.6875 MB /   0.50 sec =   28.3112 Mbps     0 retrans    959 KB-cwnd
[2024-11-04T16:53:56.684039-0600]     1.6250 MB /   0.50 sec =   27.2629 Mbps     1 retrans    901 KB-cwnd
[2024-11-04T16:53:57.221728-0600]     1.7500 MB /   0.50 sec =   29.3601 Mbps    17 retrans    744 KB-cwnd
[2024-11-04T16:53:57.553385-0600]     1.6875 MB /   0.50 sec =   28.3109 Mbps     0 retrans    815 KB-cwnd
[2024-11-04T16:53:58.061115-0600]     2.2500 MB /   0.50 sec =   37.7493 Mbps     0 retrans    823 KB-cwnd
[2024-11-04T16:53:58.573537-0600]     2.0000 MB /   0.50 sec =   33.5550 Mbps     0 retrans    825 KB-cwnd
[2024-11-04T16:53:59.081698-0600]     2.0625 MB /   0.50 sec =   34.6021 Mbps     0 retrans    829 KB-cwnd
[2024-11-04T16:53:59.623562-0600]     1.8750 MB /   0.50 sec =   31.4575 Mbps     0 retrans    831 KB-cwnd
[2024-11-04T16:54:00.201470-0600]     1.8125 MB /   0.50 sec =   30.4091 Mbps     0 retrans    834 KB-cwnd
[2024-11-04T16:54:00.599582-0600]     1.6875 MB /   0.50 sec =   28.3114 Mbps     0 retrans    860 KB-cwnd
[2024-11-04T16:54:01.199217-0600]     1.7500 MB /   0.50 sec =   29.3591 Mbps     0 retrans    994 KB-cwnd
[2024-11-04T16:54:01.577838-0600]     1.8125 MB /   0.50 sec =   30.4078 Mbps     0 retrans    994 KB-cwnd
[2024-11-04T16:54:02.151751-0600]     1.3125 MB /   0.50 sec =   22.0208 Mbps    46 retrans    795 KB-cwnd
[2024-11-04T16:54:02.517082-0600]     2.1875 MB /   0.50 sec =   36.7002 Mbps     0 retrans    941 KB-cwnd
[2024-11-04T16:54:03.153260-0600]     1.7500 MB /   0.50 sec =   29.3611 Mbps     0 retrans    959 KB-cwnd
[2024-11-04T16:54:03.535121-0600]     1.6250 MB /   0.50 sec =   27.2626 Mbps     0 retrans    959 KB-cwnd
[2024-11-04T16:54:04.192352-0600]     1.6250 MB /   0.50 sec =   27.2627 Mbps     0 retrans    959 KB-cwnd
[2024-11-04T16:54:04.589405-0600]     1.6875 MB /   0.50 sec =   28.3118 Mbps     0 retrans    959 KB-cwnd
[2024-11-04T16:54:05.071441-0600]     1.2500 MB /   0.50 sec =   20.9706 Mbps     5 retrans    769 KB-cwnd
[2024-11-04T16:54:05.629745-0600]     2.3125 MB /   0.50 sec =   38.7989 Mbps     0 retrans    853 KB-cwnd
[2024-11-04T16:54:06.083555-0600]     1.5625 MB /   0.50 sec =   26.2135 Mbps     0 retrans    854 KB-cwnd
[2024-11-04T16:54:06.711046-0600]     1.6875 MB /   0.50 sec =   28.3127 Mbps     0 retrans    857 KB-cwnd
[2024-11-04T16:54:07.193738-0600]     1.5625 MB /   0.50 sec =   26.2061 Mbps     2 retrans    689 KB-cwnd
[2024-11-04T16:54:07.587135-0600]     1.8125 MB /   0.50 sec =   30.3677 Mbps     0 retrans    757 KB-cwnd
[2024-11-04T16:54:08.023126-0600]     1.5625 MB /   0.50 sec =   26.2586 Mbps     0 retrans    764 KB-cwnd
[2024-11-04T16:54:08.641688-0600]     1.6875 MB /   0.50 sec =   28.3112 Mbps     0 retrans    767 KB-cwnd
[2024-11-04T16:54:09.037131-0600]     1.6875 MB /   0.50 sec =   28.3109 Mbps     0 retrans    769 KB-cwnd
[2024-11-04T16:54:09.675304-0600]     1.6250 MB /   0.50 sec =   27.2636 Mbps     0 retrans    772 KB-cwnd
[2024-11-04T16:54:10.095238-0600]     1.6250 MB /   0.50 sec =   27.2631 Mbps     0 retrans    774 KB-cwnd
[2024-11-04T16:54:10.531379-0600]     1.5625 MB /   0.50 sec =   26.2135 Mbps     0 retrans    776 KB-cwnd
[2024-11-04T16:54:11.041190-0600]     1.2500 MB /   0.50 sec =   20.9719 Mbps     6 retrans    630 KB-cwnd
[2024-11-04T16:54:11.589629-0600]     2.5625 MB /   0.50 sec =   42.9928 Mbps     0 retrans    775 KB-cwnd
[2024-11-04T16:54:12.483933-0600]     1.5625 MB /   0.50 sec =   26.1970 Mbps     8 retrans    670 KB-cwnd
[2024-11-04T16:54:12.671284-0600]     1.5625 MB /   0.50 sec =   26.2313 Mbps     0 retrans    688 KB-cwnd
[2024-11-04T16:54:13.041526-0600]     1.8125 MB /   0.50 sec =   30.4081 Mbps     0 retrans    692 KB-cwnd
[2024-11-04T16:54:13.537719-0600]     1.0000 MB /   0.50 sec =   16.7775 Mbps     3 retrans    553 KB-cwnd
[2024-11-04T16:54:14.187378-0600]     2.1875 MB /   0.50 sec =   36.7007 Mbps     0 retrans    614 KB-cwnd
[2024-11-04T16:54:14.616081-0600]     1.3750 MB /   0.50 sec =   23.0681 Mbps     0 retrans    616 KB-cwnd
[2024-11-04T16:54:15.103520-0600]     1.5625 MB /   0.50 sec =   26.2149 Mbps     0 retrans    619 KB-cwnd
[2024-11-04T16:54:15.571778-0600]     1.2500 MB /   0.50 sec =   20.9681 Mbps     0 retrans    620 KB-cwnd
[2024-11-04T16:54:16.077316-0600]     1.1250 MB /   0.50 sec =   18.8759 Mbps    22 retrans    503 KB-cwnd
[2024-11-04T16:54:16.573993-0600]     1.8125 MB /   0.50 sec =   30.4107 Mbps     0 retrans    610 KB-cwnd
[2024-11-04T16:54:17.145068-0600]     1.2500 MB /   0.50 sec =   20.9715 Mbps    14 retrans    491 KB-cwnd
[2024-11-04T16:54:17.617761-0600]     1.6875 MB /   0.50 sec =   28.3113 Mbps    24 retrans    421 KB-cwnd
[2024-11-04T16:54:18.067520-0600]     1.4375 MB /   0.50 sec =   24.1178 Mbps     0 retrans    434 KB-cwnd
[2024-11-04T16:54:18.571516-0600]     1.5000 MB /   0.50 sec =   25.1643 Mbps     0 retrans    438 KB-cwnd
[2024-11-04T16:54:19.215100-0600]     1.4375 MB /   0.50 sec =   24.1173 Mbps     0 retrans    443 KB-cwnd
[2024-11-04T16:54:19.567450-0600]     1.7500 MB /   0.50 sec =   29.3612 Mbps     0 retrans    446 KB-cwnd
[2024-11-04T16:54:20.147264-0600]     1.8125 MB /   0.50 sec =   30.4100 Mbps     0 retrans    675 KB-cwnd
[2024-11-04T16:54:20.559369-0600]     1.7500 MB /   0.50 sec =   29.3593 Mbps     0 retrans    850 KB-cwnd
[2024-11-04T16:54:21.116159-0600]     1.0000 MB /   0.50 sec =   16.7765 Mbps    26 retrans    729 KB-cwnd
[2024-11-04T16:54:21.587338-0600]     1.8125 MB /   0.50 sec =   30.4090 Mbps     0 retrans    857 KB-cwnd
[2024-11-04T16:54:22.319153-0600]     0.7500 MB /   0.50 sec =   12.5830 Mbps    22 retrans    700 KB-cwnd
[2024-11-04T16:54:22.521519-0600]     1.6875 MB /   0.50 sec =   28.3123 Mbps     0 retrans    744 KB-cwnd
[2024-11-04T16:54:23.061097-0600]     1.8750 MB /   0.50 sec =   31.4568 Mbps     0 retrans    775 KB-cwnd
[2024-11-04T16:54:23.691358-0600]     1.6250 MB /   0.50 sec =   27.2640 Mbps     0 retrans    779 KB-cwnd
[2024-11-04T16:54:24.196526-0600]     1.5625 MB /   0.50 sec =   26.2135 Mbps     2 retrans    669 KB-cwnd
[2024-11-04T16:54:24.563528-0600]     1.7500 MB /   0.50 sec =   29.3587 Mbps     0 retrans    690 KB-cwnd
[2024-11-04T16:54:25.185489-0600]     1.6250 MB /   0.50 sec =   27.0736 Mbps     0 retrans    693 KB-cwnd
[2024-11-04T16:54:25.567552-0600]     1.7500 MB /   0.50 sec =   29.5689 Mbps     0 retrans    696 KB-cwnd
[2024-11-04T16:54:26.153097-0600]     1.7500 MB /   0.50 sec =   29.3577 Mbps     0 retrans    698 KB-cwnd
[2024-11-04T16:54:26.531376-0600]     1.7500 MB /   0.50 sec =   29.3491 Mbps     0 retrans    701 KB-cwnd
[2024-11-04T16:54:27.185426-0600]     1.1250 MB /   0.50 sec =   18.8824 Mbps    55 retrans    407 KB-cwnd
[2024-11-04T16:54:27.606232-0600]     2.1875 MB /   0.50 sec =   36.7010 Mbps     0 retrans    495 KB-cwnd
[2024-11-04T16:54:28.079330-0600]     1.4375 MB /   0.50 sec =   24.1172 Mbps     0 retrans    497 KB-cwnd
[2024-11-04T16:54:28.673472-0600]     1.6875 MB /   0.50 sec =   28.3119 Mbps     0 retrans    502 KB-cwnd
[2024-11-04T16:54:29.119422-0600]     1.3125 MB /   0.50 sec =   22.0200 Mbps    36 retrans    413 KB-cwnd
[2024-11-04T16:54:29.517744-0600]     1.8750 MB /   0.50 sec =   31.4570 Mbps     0 retrans    444 KB-cwnd
[2024-11-04T16:54:30.222066-0600]     1.6250 MB /   0.50 sec =   27.2631 Mbps     7 retrans    391 KB-cwnd
[2024-11-04T16:54:30.671556-0600]     1.4375 MB /   0.50 sec =   24.1176 Mbps     0 retrans    395 KB-cwnd
[2024-11-04T16:54:31.141243-0600]     1.2500 MB /   0.50 sec =   20.9709 Mbps    16 retrans    331 KB-cwnd
[2024-11-04T16:54:31.593538-0600]     1.6875 MB /   0.50 sec =   28.3104 Mbps     0 retrans    350 KB-cwnd
[2024-11-04T16:54:32.118298-0600]     1.1875 MB /   0.50 sec =   19.9237 Mbps    20 retrans    292 KB-cwnd
[2024-11-04T16:54:32.653415-0600]     1.4375 MB /   0.50 sec =   24.1178 Mbps     0 retrans    310 KB-cwnd
[2024-11-04T16:54:33.175326-0600]     1.3750 MB /   0.50 sec =   23.0683 Mbps     0 retrans    314 KB-cwnd
[2024-11-04T16:54:33.697755-0600]     1.2500 MB /   0.50 sec =   20.9719 Mbps     0 retrans    319 KB-cwnd
[2024-11-04T16:54:34.215352-0600]     1.3750 MB /   0.50 sec =   23.0691 Mbps     0 retrans    404 KB-cwnd
[2024-11-04T16:54:34.617181-0600]     1.5625 MB /   0.50 sec =   26.2134 Mbps     0 retrans    653 KB-cwnd
[2024-11-04T16:54:35.254303-0600]     1.7500 MB /   0.50 sec =   29.3611 Mbps     0 retrans    896 KB-cwnd
[2024-11-04T16:54:35.669140-0600]     1.4375 MB /   0.50 sec =   24.1172 Mbps     0 retrans    971 KB-cwnd
[2024-11-04T16:54:36.057581-0600]     1.2500 MB /   0.50 sec =   20.9709 Mbps     5 retrans    821 KB-cwnd
[2024-11-04T16:54:36.617305-0600]     2.2500 MB /   0.50 sec =   37.7493 Mbps     0 retrans    984 KB-cwnd
[2024-11-04T16:54:37.273620-0600]     1.8125 MB /   0.50 sec =   30.4095 Mbps    14 retrans    788 KB-cwnd
[2024-11-04T16:54:37.633730-0600]     1.8750 MB /   0.50 sec =   31.4571 Mbps     0 retrans    866 KB-cwnd
[2024-11-04T16:54:38.181544-0600]     1.8750 MB /   0.50 sec =   31.4572 Mbps     0 retrans    877 KB-cwnd
[2024-11-04T16:54:38.655131-0600]     1.5625 MB /   0.50 sec =   26.2136 Mbps     0 retrans    878 KB-cwnd
[2024-11-04T16:54:39.187242-0600]     1.6875 MB /   0.50 sec =   28.3114 Mbps     0 retrans    881 KB-cwnd
[2024-11-04T16:54:39.635256-0600]     1.6875 MB /   0.50 sec =   28.3092 Mbps     0 retrans    881 KB-cwnd
[2024-11-04T16:54:40.230941-0600]     1.1250 MB /   0.50 sec =   18.8763 Mbps     0 retrans    881 KB-cwnd
[2024-11-04T16:54:40.806121-0600]     1.1875 MB /   0.50 sec =   19.9227 Mbps     0 retrans    881 KB-cwnd
[2024-11-04T16:54:41.031267-0600]     1.2500 MB /   0.50 sec =   20.9719 Mbps     0 retrans    881 KB-cwnd
[2024-11-04T16:54:41.626016-0600]     1.2500 MB /   0.50 sec =   20.9717 Mbps     0 retrans    881 KB-cwnd
[2024-11-04T16:54:42.235430-0600]     0.6875 MB /   0.50 sec =   11.5342 Mbps     5 retrans    704 KB-cwnd
[2024-11-04T16:54:42.565399-0600]     1.3750 MB /   0.50 sec =   23.0685 Mbps     0 retrans    755 KB-cwnd
[2024-11-04T16:54:43.079896-0600]     1.2500 MB /   0.50 sec =   20.9721 Mbps     0 retrans    778 KB-cwnd
[2024-11-04T16:54:43.689445-0600]     1.6875 MB /   0.50 sec =   28.3116 Mbps     0 retrans    784 KB-cwnd
[2024-11-04T16:54:44.145281-0600]     1.6250 MB /   0.50 sec =   27.2617 Mbps     0 retrans    787 KB-cwnd
[2024-11-04T16:54:44.561602-0600]     1.4375 MB /   0.50 sec =   24.1182 Mbps     0 retrans    788 KB-cwnd
[2024-11-04T16:54:45.071736-0600]     0.8750 MB /   0.50 sec =   14.6799 Mbps     4 retrans    638 KB-cwnd
[2024-11-04T16:54:45.613795-0600]     1.9375 MB /   0.50 sec =   32.5063 Mbps     0 retrans    701 KB-cwnd
[2024-11-04T16:54:46.243500-0600]     1.1875 MB /   0.50 sec =   19.9225 Mbps     0 retrans    702 KB-cwnd
[2024-11-04T16:54:46.573321-0600]     0.9375 MB /   0.50 sec =   15.7286 Mbps     0 retrans    704 KB-cwnd
[2024-11-04T16:54:47.149909-0600]     0.8125 MB /   0.50 sec =   13.6315 Mbps    18 retrans    563 KB-cwnd
[2024-11-04T16:54:47.711406-0600]     1.5625 MB /   0.50 sec =   26.2149 Mbps     0 retrans    624 KB-cwnd
[2024-11-04T16:54:48.315695-0600]     1.1875 MB /   0.50 sec =   19.9227 Mbps     0 retrans    626 KB-cwnd
[2024-11-04T16:54:48.597261-0600]     1.1250 MB /   0.50 sec =   18.8743 Mbps     0 retrans    627 KB-cwnd
[2024-11-04T16:54:49.105166-0600]     1.2500 MB /   0.50 sec =   20.9710 Mbps     0 retrans    630 KB-cwnd
[2024-11-04T16:54:49.659861-0600]     1.3750 MB /   0.50 sec =   23.0694 Mbps     0 retrans    631 KB-cwnd
[2024-11-04T16:54:50.325729-0600]     1.0000 MB /   0.50 sec =   16.7775 Mbps     0 retrans    634 KB-cwnd
[2024-11-04T16:54:50.639596-0600]     1.0625 MB /   0.50 sec =   17.8227 Mbps     0 retrans    635 KB-cwnd
[2024-11-04T16:54:51.139257-0600]     1.2500 MB /   0.50 sec =   20.9751 Mbps     0 retrans    636 KB-cwnd
[2024-11-04T16:54:51.753597-0600]     1.1250 MB /   0.50 sec =   18.8742 Mbps     0 retrans    645 KB-cwnd
[2024-11-04T16:54:52.216142-0600]     1.3125 MB /   0.50 sec =   22.0204 Mbps     0 retrans    768 KB-cwnd
[2024-11-04T16:54:52.547437-0600]     1.2500 MB /   0.50 sec =   20.9712 Mbps     0 retrans    830 KB-cwnd
[2024-11-04T16:54:53.051250-0600]     1.3125 MB /   0.50 sec =   22.0195 Mbps     0 retrans    927 KB-cwnd
[2024-11-04T16:54:53.583439-0600]     1.2500 MB /   0.50 sec =   20.9726 Mbps     0 retrans    927 KB-cwnd
[2024-11-04T16:54:54.089852-0600]     1.3750 MB /   0.50 sec =   23.0684 Mbps     0 retrans    927 KB-cwnd
[2024-11-04T16:54:54.629800-0600]     1.1875 MB /   0.50 sec =   19.9227 Mbps     0 retrans    927 KB-cwnd
[2024-11-04T16:54:55.261760-0600]     1.1250 MB /   0.50 sec =   18.8735 Mbps     0 retrans    927 KB-cwnd
[2024-11-04T16:54:55.709307-0600]     0.8750 MB /   0.50 sec =   14.6810 Mbps     0 retrans    927 KB-cwnd
[2024-11-04T16:54:56.013143-0600]     1.0000 MB /   0.50 sec =   16.7772 Mbps     0 retrans    927 KB-cwnd
[2024-11-04T16:54:56.651520-0600]     1.0625 MB /   0.50 sec =   17.8257 Mbps     0 retrans    927 KB-cwnd
[2024-11-04T16:54:57.197095-0600]     0.8125 MB /   0.50 sec =   13.6305 Mbps    18 retrans    740 KB-cwnd
[2024-11-04T16:54:57.731084-0600]     1.4375 MB /   0.50 sec =   24.1187 Mbps     0 retrans    808 KB-cwnd
[2024-11-04T16:54:58.183383-0600]     0.9375 MB /   0.50 sec =   15.7283 Mbps     0 retrans    808 KB-cwnd
[2024-11-04T16:54:58.531732-0600]     0.8750 MB /   0.50 sec =   14.6801 Mbps     0 retrans    808 KB-cwnd
[2024-11-04T16:54:59.369499-0600]     0.9375 MB /   0.50 sec =   15.7290 Mbps     0 retrans    808 KB-cwnd
[2024-11-04T16:54:59.629697-0600]     0.8750 MB /   0.50 sec =   14.6796 Mbps     0 retrans    808 KB-cwnd
[2024-11-04T16:55:00.333443-0600]     1.0625 MB /   0.50 sec =   17.8266 Mbps     0 retrans    808 KB-cwnd
[2024-11-04T16:55:00.871130-0600]     0.6875 MB /   0.50 sec =   11.5337 Mbps     0 retrans    808 KB-cwnd
[2024-11-04T16:55:01.645194-0600]     0.6250 MB /   0.50 sec =   10.4849 Mbps     9 retrans    666 KB-cwnd
[2024-11-04T16:55:01.645696-0600]     0.5000 MB /   0.50 sec =    8.3896 Mbps     0 retrans    666 KB-cwnd
[2024-11-04T16:55:02.241160-0600]     0.6875 MB /   0.50 sec =   11.5339 Mbps     7 retrans    546 KB-cwnd
[2024-11-04T16:55:02.599492-0600]     1.1875 MB /   0.50 sec =   19.9243 Mbps     0 retrans    588 KB-cwnd
[2024-11-04T16:55:03.425293-0600]     0.9375 MB /   0.50 sec =   15.7284 Mbps     0 retrans    606 KB-cwnd
[2024-11-04T16:55:04.735857-0600]     0.6875 MB /   0.50 sec =   11.5345 Mbps     0 retrans    607 KB-cwnd
[2024-11-04T16:55:04.736391-0600]     0.3125 MB /   0.50 sec =    5.2429 Mbps     0 retrans    607 KB-cwnd
[2024-11-04T16:55:04.736630-0600]     0.2500 MB /   0.50 sec =    4.1941 Mbps     0 retrans    607 KB-cwnd
[2024-11-04T16:55:05.649948-0600]     0.1875 MB /   0.50 sec =    3.1458 Mbps     3 retrans    499 KB-cwnd
[2024-11-04T16:55:05.650471-0600]     0.5000 MB /   0.50 sec =    8.3887 Mbps     0 retrans    499 KB-cwnd
[2024-11-04T16:55:06.297415-0600]     0.5000 MB /   0.50 sec =    8.3886 Mbps     0 retrans    525 KB-cwnd
[2024-11-04T16:55:07.339621-0600]     0.3750 MB /   0.50 sec =    6.2914 Mbps     7 retrans    424 KB-cwnd
[2024-11-04T16:55:07.340327-0600]     0.1875 MB /   0.50 sec =    3.1457 Mbps     0 retrans    424 KB-cwnd
[2024-11-04T16:55:08.171467-0600]     0.6250 MB /   0.50 sec =   10.4860 Mbps     0 retrans    459 KB-cwnd
[2024-11-04T16:55:08.172015-0600]     0.3750 MB /   0.50 sec =    6.2914 Mbps     0 retrans    459 KB-cwnd
[2024-11-04T16:55:08.637588-0600]     0.5625 MB /   0.50 sec =    9.4371 Mbps     0 retrans    468 KB-cwnd
[2024-11-04T16:55:09.229969-0600]     0.6250 MB /   0.50 sec =   10.4856 Mbps     0 retrans    560 KB-cwnd
[2024-11-04T16:55:09.761279-0600]     0.5625 MB /   0.50 sec =    9.4373 Mbps     0 retrans    643 KB-cwnd
[2024-11-04T16:55:10.101506-0600]     0.8750 MB /   0.50 sec =   14.6805 Mbps     0 retrans    714 KB-cwnd
[2024-11-04T16:55:11.188387-0600]     1.0000 MB /   0.50 sec =   16.7769 Mbps     1 retrans    653 KB-cwnd
[2024-11-04T16:55:11.189070-0600]     0.1875 MB /   0.50 sec =    3.1457 Mbps     0 retrans    653 KB-cwnd
[2024-11-04T16:55:11.545712-0600]     0.9375 MB /   0.50 sec =   15.7288 Mbps     0 retrans    708 KB-cwnd
[2024-11-04T16:55:12.111856-0600]     0.5000 MB /   0.50 sec =    8.3847 Mbps    33 retrans    587 KB-cwnd
[2024-11-04T16:55:12.693929-0600]     1.3125 MB /   0.50 sec =   22.0307 Mbps     0 retrans    631 KB-cwnd
[2024-11-04T16:55:13.257519-0600]     1.0625 MB /   0.50 sec =   17.8250 Mbps     0 retrans    651 KB-cwnd
[2024-11-04T16:55:13.513547-0600]     1.2500 MB /   0.50 sec =   20.9722 Mbps     0 retrans    653 KB-cwnd
[2024-11-04T16:55:14.022749-0600]     0.6875 MB /   0.50 sec =   11.5337 Mbps    16 retrans    417 KB-cwnd
[2024-11-04T16:55:14.683828-0600]     1.5625 MB /   0.50 sec =   26.2149 Mbps     0 retrans    460 KB-cwnd
[2024-11-04T16:55:15.307607-0600]     1.1875 MB /   0.50 sec =   19.9238 Mbps     7 retrans    404 KB-cwnd
[2024-11-04T16:55:15.611673-0600]     1.0000 MB /   0.50 sec =   16.7727 Mbps     0 retrans    405 KB-cwnd
[2024-11-04T16:55:16.177781-0600]     1.2500 MB /   0.50 sec =   20.9774 Mbps     0 retrans    408 KB-cwnd
[2024-11-04T16:55:16.511611-0600]     1.1875 MB /   0.50 sec =   19.9228 Mbps     0 retrans    411 KB-cwnd
[2024-11-04T16:55:17.152054-0600]     1.0000 MB /   0.50 sec =   16.7762 Mbps    18 retrans    329 KB-cwnd
[2024-11-04T16:55:17.659368-0600]     1.5000 MB /   0.50 sec =   25.1669 Mbps     0 retrans    362 KB-cwnd
[2024-11-04T16:55:18.159783-0600]     1.2500 MB /   0.50 sec =   20.9716 Mbps     0 retrans    366 KB-cwnd
[2024-11-04T16:55:18.739703-0600]     1.2500 MB /   0.50 sec =   20.9716 Mbps     0 retrans    369 KB-cwnd
[2024-11-04T16:55:19.283467-0600]     1.1875 MB /   0.50 sec =   19.9229 Mbps     0 retrans    373 KB-cwnd
[2024-11-04T16:55:19.513640-0600]     1.1250 MB /   0.50 sec =   18.8745 Mbps     0 retrans    374 KB-cwnd
End time: 1730760919954
