Start time: 1731102777254
[2024-11-08T16:52:58.046820-0500] nuttcp-r: v8.1.4: socket
[2024-11-08T16:52:58.047672-0500] nuttcp-r: buflen=65536, nstream=1, port=5103 tcp
[2024-11-08T16:52:58.047799-0500] nuttcp-r: interval reporting every 0.50 seconds
[2024-11-08T16:52:58.047891-0500] nuttcp-r: connect to 54.197.223.49 with RTT=71.410 ms af=inet
[2024-11-08T16:52:58.047977-0500] nuttcp-r: send window size = 1048576, receive window size = 1048576
[2024-11-08T16:52:58.048059-0500] nuttcp-r: available send window = 786432, available receive window = 786432
[2024-11-08T16:52:58.048141-0500]     1.8750 MB /   0.50 sec =   31.4536 Mbps     0 retrans     14 KB-cwnd
[2024-11-08T16:52:58.546916-0500]     8.8750 MB /   0.50 sec =  148.8909 Mbps     0 retrans     14 KB-cwnd
[2024-11-08T16:52:59.047095-0500]     7.9375 MB /   0.50 sec =  133.1713 Mbps     0 retrans     14 KB-cwnd
[2024-11-08T16:52:59.546414-0500]    10.3125 MB /   0.50 sec =  173.0272 Mbps     0 retrans     14 KB-cwnd
[2024-11-08T16:53:00.046704-0500]    11.0000 MB /   0.50 sec =  184.5435 Mbps     0 retrans     14 KB-cwnd
[2024-11-08T16:53:00.546614-0500]     9.6250 MB /   0.50 sec =  161.4368 Mbps     0 retrans     14 KB-cwnd
[2024-11-08T16:53:01.047138-0500]     7.1875 MB /   0.50 sec =  120.5935 Mbps     0 retrans     14 KB-cwnd
[2024-11-08T16:53:01.546500-0500]     9.1875 MB /   0.50 sec =  154.1706 Mbps     0 retrans     14 KB-cwnd
[2024-11-08T16:53:02.046896-0500]     8.1875 MB /   0.50 sec =  137.2504 Mbps     0 retrans     28 KB-cwnd
[2024-11-08T16:53:02.546493-0500]     8.3125 MB /   0.50 sec =  139.5700 Mbps     0 retrans     28 KB-cwnd
[2024-11-08T16:53:03.047085-0500]     9.9375 MB /   0.50 sec =  166.5534 Mbps     0 retrans     28 KB-cwnd
[2024-11-08T16:53:03.546486-0500]     9.3750 MB /   0.50 sec =  157.4533 Mbps     0 retrans     28 KB-cwnd
[2024-11-08T16:53:04.046545-0500]    10.8750 MB /   0.50 sec =  182.4333 Mbps     0 retrans     28 KB-cwnd
[2024-11-08T16:53:04.546490-0500]    12.3125 MB /   0.50 sec =  206.5980 Mbps     0 retrans     28 KB-cwnd
[2024-11-08T16:53:05.046336-0500]    12.5625 MB /   0.50 sec =  210.7735 Mbps     0 retrans     28 KB-cwnd
[2024-11-08T16:53:05.547175-0500]     7.0625 MB /   0.50 sec =  118.3414 Mbps     0 retrans     28 KB-cwnd
[2024-11-08T16:53:06.046557-0500]    11.8125 MB /   0.50 sec =  198.3808 Mbps     0 retrans     33 KB-cwnd
[2024-11-08T16:53:06.546470-0500]    14.1875 MB /   0.50 sec =  238.0715 Mbps     0 retrans     33 KB-cwnd
[2024-11-08T16:53:07.046953-0500]    12.8750 MB /   0.50 sec =  215.9954 Mbps     0 retrans     36 KB-cwnd
[2024-11-08T16:53:07.547067-0500]    11.9375 MB /   0.50 sec =  200.1443 Mbps     0 retrans     39 KB-cwnd
[2024-11-08T16:53:08.046481-0500]    11.0000 MB /   0.50 sec =  184.6835 Mbps     0 retrans     39 KB-cwnd
[2024-11-08T16:53:08.546503-0500]     8.8125 MB /   0.50 sec =  147.8383 Mbps     0 retrans     41 KB-cwnd
[2024-11-08T16:53:09.046453-0500]     8.6875 MB /   0.50 sec =  145.7611 Mbps     0 retrans     41 KB-cwnd
[2024-11-08T16:53:09.546497-0500]     3.2500 MB /   0.50 sec =   54.5243 Mbps     0 retrans     41 KB-cwnd
[2024-11-08T16:53:10.046496-0500]    10.7500 MB /   0.50 sec =  180.3533 Mbps     0 retrans     41 KB-cwnd
[2024-11-08T16:53:10.546449-0500]    11.9375 MB /   0.50 sec =  200.2840 Mbps     0 retrans     53 KB-cwnd
[2024-11-08T16:53:11.046543-0500]    12.6875 MB /   0.50 sec =  212.8443 Mbps     0 retrans     53 KB-cwnd
[2024-11-08T16:53:11.546496-0500]    11.7500 MB /   0.50 sec =  197.1414 Mbps     0 retrans     56 KB-cwnd
[2024-11-08T16:53:12.048003-0500]     6.6875 MB /   0.50 sec =  111.8761 Mbps     0 retrans     56 KB-cwnd
[2024-11-08T16:53:12.547750-0500]    12.8750 MB /   0.50 sec =  216.1290 Mbps     0 retrans     56 KB-cwnd
[2024-11-08T16:53:13.047423-0500]    16.6250 MB /   0.50 sec =  279.3307 Mbps     0 retrans     62 KB-cwnd
[2024-11-08T16:53:13.547522-0500]    17.5000 MB /   0.50 sec =  293.5402 Mbps     0 retrans     62 KB-cwnd
[2024-11-08T16:53:14.047035-0500]    16.5625 MB /   0.50 sec =  277.8649 Mbps     0 retrans     76 KB-cwnd
[2024-11-08T16:53:14.546493-0500]    16.3750 MB /   0.50 sec =  275.0212 Mbps     0 retrans     79 KB-cwnd
[2024-11-08T16:53:15.046526-0500]    15.6875 MB /   0.50 sec =  263.1805 Mbps     0 retrans     82 KB-cwnd
[2024-11-08T16:53:15.547199-0500]    17.6875 MB /   0.50 sec =  296.3795 Mbps     0 retrans    103 KB-cwnd
[2024-11-08T16:53:16.046938-0500]    17.8125 MB /   0.50 sec =  298.9709 Mbps     0 retrans    104 KB-cwnd
[2024-11-08T16:53:16.546547-0500]    14.8750 MB /   0.50 sec =  249.7079 Mbps   202 retrans   2763 KB-cwnd
[2024-11-08T16:53:17.047525-0500]    19.5000 MB /   0.50 sec =  326.9595 Mbps     0 retrans   2763 KB-cwnd
[2024-11-08T16:53:17.546453-0500]    13.1250 MB /   0.50 sec =  220.4051 Mbps     0 retrans   2763 KB-cwnd
[2024-11-08T16:53:18.047323-0500]    14.2500 MB /   0.50 sec =  238.8785 Mbps     0 retrans   2763 KB-cwnd
[2024-11-08T16:53:18.546431-0500]    18.3750 MB /   0.50 sec =  308.5374 Mbps     0 retrans   2763 KB-cwnd
[2024-11-08T16:53:19.046948-0500]    13.6250 MB /   0.50 sec =  228.3690 Mbps     0 retrans   2763 KB-cwnd
[2024-11-08T16:53:19.548644-0500]    15.8750 MB /   0.50 sec =  265.7038 Mbps     0 retrans   2763 KB-cwnd
[2024-11-08T16:53:20.047276-0500]    16.2500 MB /   0.50 sec =  273.3152 Mbps     0 retrans   2763 KB-cwnd
[2024-11-08T16:53:20.546422-0500]    17.6875 MB /   0.50 sec =  296.9983 Mbps     0 retrans   2763 KB-cwnd
[2024-11-08T16:53:21.047451-0500]    17.7500 MB /   0.50 sec =  297.4808 Mbps  1153 retrans   1514 KB-cwnd
[2024-11-08T16:53:21.546590-0500]    16.0000 MB /   0.50 sec =  268.6735 Mbps     1 retrans   1514 KB-cwnd
[2024-11-08T16:53:22.046938-0500]    17.0000 MB /   0.50 sec =  285.2634 Mbps     0 retrans   1514 KB-cwnd
[2024-11-08T16:53:22.546543-0500]    14.6250 MB /   0.50 sec =  245.3462 Mbps     0 retrans   1514 KB-cwnd
[2024-11-08T16:53:23.046545-0500]    17.1250 MB /   0.50 sec =  287.2851 Mbps     2 retrans   3190 KB-cwnd
[2024-11-08T16:53:23.546436-0500]    15.2500 MB /   0.50 sec =  255.9027 Mbps     0 retrans   3221 KB-cwnd
[2024-11-08T16:53:24.047495-0500]    15.5000 MB /   0.50 sec =  259.7788 Mbps     0 retrans   3221 KB-cwnd
[2024-11-08T16:53:24.546487-0500]    17.0625 MB /   0.50 sec =  286.5369 Mbps     0 retrans   3221 KB-cwnd
[2024-11-08T16:53:25.046984-0500]    18.9375 MB /   0.50 sec =  317.7230 Mbps     4 retrans   3767 KB-cwnd
[2024-11-08T16:53:25.546601-0500]    17.5000 MB /   0.50 sec =  293.5467 Mbps     0 retrans   3588 KB-cwnd
[2024-11-08T16:53:26.046495-0500]    17.0625 MB /   0.50 sec =  286.2853 Mbps     0 retrans   3588 KB-cwnd
[2024-11-08T16:53:26.546525-0500]    15.1250 MB /   0.50 sec =  253.7711 Mbps     0 retrans   3625 KB-cwnd
[2024-11-08T16:53:27.048167-0500]    12.3125 MB /   0.50 sec =  206.0901 Mbps     0 retrans   3625 KB-cwnd
[2024-11-08T16:53:27.546561-0500]     0.1875 MB /   0.50 sec =    3.1527 Mbps     0 retrans   3625 KB-cwnd
[2024-11-08T16:53:28.046393-0500]     7.5625 MB /   0.50 sec =  126.9021 Mbps     1 retrans   3455 KB-cwnd
[2024-11-08T16:53:28.546981-0500]     6.6250 MB /   0.50 sec =  111.1408 Mbps     0 retrans   3455 KB-cwnd
[2024-11-08T16:53:29.046810-0500]     9.9375 MB /   0.50 sec =  166.6110 Mbps     0 retrans   3455 KB-cwnd
[2024-11-08T16:53:29.546429-0500]     8.3125 MB /   0.50 sec =  139.5603 Mbps     0 retrans   3455 KB-cwnd
[2024-11-08T16:53:30.047987-0500]     4.9375 MB /   0.50 sec =   82.6712 Mbps     0 retrans   3455 KB-cwnd
[2024-11-08T16:53:30.547314-0500]     2.1250 MB /   0.50 sec =   35.6911 Mbps     0 retrans   3455 KB-cwnd
[2024-11-08T16:53:31.046529-0500]     6.3125 MB /   0.50 sec =  105.9956 Mbps     0 retrans   3455 KB-cwnd
[2024-11-08T16:53:31.547558-0500]     4.9375 MB /   0.50 sec =   82.6751 Mbps     0 retrans   3455 KB-cwnd
[2024-11-08T16:53:32.046832-0500]     0.3750 MB /   0.50 sec =    6.3022 Mbps     0 retrans   3455 KB-cwnd
[2024-11-08T16:53:32.546643-0500]     4.0000 MB /   0.50 sec =   67.1152 Mbps     0 retrans   3455 KB-cwnd
[2024-11-08T16:53:33.046565-0500]     6.7500 MB /   0.50 sec =  113.2523 Mbps     0 retrans   3455 KB-cwnd
[2024-11-08T16:53:33.547135-0500]     3.7500 MB /   0.50 sec =   62.8572 Mbps     0 retrans   3455 KB-cwnd
[2024-11-08T16:53:34.046530-0500]     8.2500 MB /   0.50 sec =  138.5495 Mbps     0 retrans   3455 KB-cwnd
[2024-11-08T16:53:34.546485-0500]     8.6875 MB /   0.50 sec =  145.7623 Mbps     4 retrans   3806 KB-cwnd
[2024-11-08T16:53:35.047005-0500]     9.5000 MB /   0.50 sec =  159.3676 Mbps     0 retrans   3806 KB-cwnd
[2024-11-08T16:53:35.547037-0500]     6.6250 MB /   0.50 sec =  111.1579 Mbps     0 retrans   3806 KB-cwnd
[2024-11-08T16:53:36.048018-0500]     3.6875 MB /   0.50 sec =   61.6886 Mbps     0 retrans   3806 KB-cwnd
[2024-11-08T16:53:36.547437-0500]     2.4375 MB /   0.50 sec =   40.9779 Mbps     0 retrans   3806 KB-cwnd
[2024-11-08T16:53:37.048395-0500]     1.8125 MB /   0.50 sec =   30.3252 Mbps     0 retrans   3806 KB-cwnd
[2024-11-08T16:53:37.546573-0500]     1.6875 MB /   0.50 sec =   28.4140 Mbps     0 retrans   3806 KB-cwnd
[2024-11-08T16:53:38.046517-0500]     1.9375 MB /   0.50 sec =   32.5042 Mbps     0 retrans   3806 KB-cwnd
[2024-11-08T16:53:38.546635-0500]     1.1250 MB /   0.50 sec =   18.8675 Mbps     0 retrans   3806 KB-cwnd
[2024-11-08T16:53:39.046829-0500]     1.4375 MB /   0.50 sec =   24.1162 Mbps     0 retrans   3806 KB-cwnd
[2024-11-08T16:53:39.546608-0500]     2.7500 MB /   0.50 sec =   46.1462 Mbps     0 retrans   3806 KB-cwnd
[2024-11-08T16:53:40.046372-0500]     2.1875 MB /   0.50 sec =   36.7129 Mbps     0 retrans   3806 KB-cwnd
[2024-11-08T16:53:40.546971-0500]     2.5625 MB /   0.50 sec =   42.9473 Mbps     0 retrans   3806 KB-cwnd
[2024-11-08T16:53:41.046493-0500]     3.3750 MB /   0.50 sec =   56.6769 Mbps     0 retrans   3806 KB-cwnd
[2024-11-08T16:53:41.546975-0500]     4.0000 MB /   0.50 sec =   67.1101 Mbps     0 retrans   3806 KB-cwnd
[2024-11-08T16:53:42.046985-0500]     4.6250 MB /   0.50 sec =   77.5946 Mbps     0 retrans   3806 KB-cwnd
[2024-11-08T16:53:42.546982-0500]     6.0000 MB /   0.50 sec =  100.6629 Mbps     0 retrans   3806 KB-cwnd
[2024-11-08T16:53:43.046702-0500]     7.1250 MB /   0.50 sec =  119.4884 Mbps     0 retrans   3806 KB-cwnd
[2024-11-08T16:53:43.546518-0500]     7.8125 MB /   0.50 sec =  131.1208 Mbps   628 retrans   2369 KB-cwnd
[2024-11-08T16:53:44.046508-0500]     9.0000 MB /   0.50 sec =  150.9877 Mbps     0 retrans   2369 KB-cwnd
[2024-11-08T16:53:44.546502-0500]    10.1250 MB /   0.50 sec =  169.8785 Mbps     0 retrans   2369 KB-cwnd
[2024-11-08T16:53:45.046887-0500]    14.3125 MB /   0.50 sec =  239.9363 Mbps     0 retrans   2369 KB-cwnd
[2024-11-08T16:53:45.546517-0500]    14.9375 MB /   0.50 sec =  250.7988 Mbps     0 retrans   2369 KB-cwnd
[2024-11-08T16:53:46.047987-0500]    14.5625 MB /   0.50 sec =  243.6142 Mbps     0 retrans   2369 KB-cwnd
[2024-11-08T16:53:46.546994-0500]    16.5625 MB /   0.50 sec =  278.6831 Mbps  4646 retrans   2454 KB-cwnd
[2024-11-08T16:53:47.047216-0500]    18.2500 MB /   0.50 sec =  305.9884 Mbps     0 retrans   2454 KB-cwnd
[2024-11-08T16:53:47.546780-0500]    14.7500 MB /   0.50 sec =  247.6447 Mbps     0 retrans   2454 KB-cwnd
[2024-11-08T16:53:48.048785-0500]    13.1250 MB /   0.50 sec =  219.4286 Mbps     0 retrans   2471 KB-cwnd
[2024-11-08T16:53:48.546486-0500]    14.5625 MB /   0.50 sec =  245.1650 Mbps  4088 retrans   1942 KB-cwnd
[2024-11-08T16:53:49.046568-0500]    16.8125 MB /   0.50 sec =  282.0179 Mbps     0 retrans   1942 KB-cwnd
[2024-11-08T16:53:49.546461-0500]    10.4375 MB /   0.50 sec =  175.1504 Mbps     0 retrans   1942 KB-cwnd
[2024-11-08T16:53:50.046454-0500]    10.3750 MB /   0.50 sec =  174.0674 Mbps     0 retrans   1942 KB-cwnd
[2024-11-08T16:53:50.546915-0500]    17.1250 MB /   0.50 sec =  287.3006 Mbps     0 retrans   1942 KB-cwnd
[2024-11-08T16:53:51.046461-0500]    18.1250 MB /   0.50 sec =  304.0743 Mbps     8 retrans   3300 KB-cwnd
[2024-11-08T16:53:51.547034-0500]    13.1250 MB /   0.50 sec =  220.1895 Mbps     0 retrans   3300 KB-cwnd
[2024-11-08T16:53:52.046984-0500]    15.8125 MB /   0.50 sec =  265.3125 Mbps     0 retrans   3328 KB-cwnd
[2024-11-08T16:53:52.547339-0500]    16.8125 MB /   0.50 sec =  281.8516 Mbps     0 retrans   3328 KB-cwnd
[2024-11-08T16:53:53.048462-0500]    14.5000 MB /   0.50 sec =  242.7187 Mbps     0 retrans   3369 KB-cwnd
[2024-11-08T16:53:53.547118-0500]     8.3750 MB /   0.50 sec =  140.7752 Mbps     0 retrans   3369 KB-cwnd
[2024-11-08T16:53:54.046440-0500]     6.0625 MB /   0.50 sec =  101.8308 Mbps     6 retrans   2893 KB-cwnd
[2024-11-08T16:53:54.546953-0500]     9.2500 MB /   0.50 sec =  155.1722 Mbps     0 retrans   2893 KB-cwnd
[2024-11-08T16:53:55.047090-0500]    10.2500 MB /   0.50 sec =  171.9558 Mbps     0 retrans   2893 KB-cwnd
[2024-11-08T16:53:55.546405-0500]    12.8125 MB /   0.50 sec =  215.0037 Mbps     0 retrans   2924 KB-cwnd
[2024-11-08T16:53:56.047006-0500]    15.1250 MB /   0.50 sec =  253.4776 Mbps     0 retrans   2924 KB-cwnd
[2024-11-08T16:53:56.546523-0500]    13.2500 MB /   0.50 sec =  222.5157 Mbps     0 retrans   3108 KB-cwnd
[2024-11-08T16:53:57.048184-0500]     8.5000 MB /   0.50 sec =  142.1585 Mbps     2 retrans   3390 KB-cwnd
[2024-11-08T16:53:57.546366-0500]    10.8750 MB /   0.50 sec =  183.0534 Mbps     0 retrans   3390 KB-cwnd
[2024-11-08T16:53:58.046877-0500]    14.6250 MB /   0.50 sec =  245.3261 Mbps     0 retrans   3390 KB-cwnd
[2024-11-08T16:53:58.546496-0500]    15.2500 MB /   0.50 sec =  255.8699 Mbps     0 retrans   3390 KB-cwnd
[2024-11-08T16:53:59.047327-0500]    13.5625 MB /   0.50 sec =  227.3514 Mbps     0 retrans   3390 KB-cwnd
[2024-11-08T16:53:59.546725-0500]    11.1875 MB /   0.50 sec =  187.7871 Mbps     0 retrans   3390 KB-cwnd
[2024-11-08T16:54:00.046430-0500]    15.0000 MB /   0.50 sec =  251.7524 Mbps     3 retrans   1425 KB-cwnd
[2024-11-08T16:54:00.546957-0500]    14.0000 MB /   0.50 sec =  234.8707 Mbps     0 retrans   1438 KB-cwnd
[2024-11-08T16:54:01.047030-0500]    16.5000 MB /   0.50 sec =  276.5646 Mbps     0 retrans   1438 KB-cwnd
[2024-11-08T16:54:01.547887-0500]    14.8750 MB /   0.50 sec =  249.3696 Mbps     0 retrans   1439 KB-cwnd
[2024-11-08T16:54:02.046503-0500]    15.5625 MB /   0.50 sec =  261.5379 Mbps     5 retrans   3226 KB-cwnd
[2024-11-08T16:54:02.546536-0500]    16.8750 MB /   0.50 sec =  283.1110 Mbps     0 retrans   3226 KB-cwnd
[2024-11-08T16:54:03.046811-0500]    17.0000 MB /   0.50 sec =  285.2458 Mbps     0 retrans   1783 KB-cwnd
[2024-11-08T16:54:03.546491-0500]    15.8125 MB /   0.50 sec =  265.2770 Mbps    44 retrans   1783 KB-cwnd
[2024-11-08T16:54:04.047417-0500]    14.7500 MB /   0.50 sec =  247.2498 Mbps    25 retrans   1783 KB-cwnd
[2024-11-08T16:54:04.546453-0500]     4.3125 MB /   0.50 sec =   72.4159 Mbps     0 retrans   1783 KB-cwnd
[2024-11-08T16:54:05.046886-0500]    12.7500 MB /   0.50 sec =  213.8915 Mbps   159 retrans   3625 KB-cwnd
[2024-11-08T16:54:05.546606-0500]    11.7500 MB /   0.50 sec =  197.1110 Mbps     0 retrans   3625 KB-cwnd
[2024-11-08T16:54:06.046999-0500]    12.4375 MB /   0.50 sec =  208.6938 Mbps     0 retrans   3625 KB-cwnd
[2024-11-08T16:54:06.546969-0500]    12.4375 MB /   0.50 sec =  208.6591 Mbps     0 retrans   3625 KB-cwnd
[2024-11-08T16:54:07.046714-0500]    15.2500 MB /   0.50 sec =  255.7830 Mbps     0 retrans   3625 KB-cwnd
[2024-11-08T16:54:07.546481-0500]    15.5625 MB /   0.50 sec =  261.1774 Mbps    23 retrans   3987 KB-cwnd
[2024-11-08T16:54:08.046970-0500]    13.5000 MB /   0.50 sec =  226.5010 Mbps     0 retrans   3987 KB-cwnd
[2024-11-08T16:54:08.546426-0500]    16.5625 MB /   0.50 sec =  277.8788 Mbps     0 retrans   3987 KB-cwnd
[2024-11-08T16:54:09.046553-0500]    16.5000 MB /   0.50 sec =  276.7787 Mbps     0 retrans   3987 KB-cwnd
[2024-11-08T16:54:09.547013-0500]    15.4375 MB /   0.50 sec =  259.0097 Mbps     0 retrans   3987 KB-cwnd
[2024-11-08T16:54:10.046499-0500]    13.4375 MB /   0.50 sec =  225.4583 Mbps     3 retrans   3218 KB-cwnd
[2024-11-08T16:54:10.546728-0500]    14.7500 MB /   0.50 sec =  247.4738 Mbps     0 retrans   3218 KB-cwnd
[2024-11-08T16:54:11.046387-0500]    13.8750 MB /   0.50 sec =  232.7927 Mbps     0 retrans   3235 KB-cwnd
[2024-11-08T16:54:11.546468-0500]    15.3125 MB /   0.50 sec =  256.8826 Mbps     0 retrans   3235 KB-cwnd
[2024-11-08T16:54:12.047054-0500]     9.1875 MB /   0.50 sec =  153.9916 Mbps     0 retrans   3235 KB-cwnd
[2024-11-08T16:54:12.547088-0500]    13.9375 MB /   0.50 sec =  233.8133 Mbps     5 retrans   3636 KB-cwnd
[2024-11-08T16:54:13.047146-0500]    15.5625 MB /   0.50 sec =  261.1393 Mbps     0 retrans   3636 KB-cwnd
[2024-11-08T16:54:13.546991-0500]    15.9375 MB /   0.50 sec =  267.6224 Mbps     0 retrans   3636 KB-cwnd
[2024-11-08T16:54:14.046540-0500]    16.1875 MB /   0.50 sec =  271.5681 Mbps     0 retrans   3636 KB-cwnd
[2024-11-08T16:54:14.546553-0500]    15.6875 MB /   0.50 sec =  263.1715 Mbps     0 retrans   3636 KB-cwnd
[2024-11-08T16:54:15.047203-0500]    15.6875 MB /   0.50 sec =  262.8903 Mbps     2 retrans   3733 KB-cwnd
[2024-11-08T16:54:15.547011-0500]    16.5000 MB /   0.50 sec =  276.9182 Mbps     0 retrans   3733 KB-cwnd
[2024-11-08T16:54:16.046997-0500]    16.5000 MB /   0.50 sec =  276.8180 Mbps     0 retrans   3733 KB-cwnd
[2024-11-08T16:54:16.547035-0500]    14.3750 MB /   0.50 sec =  241.3786 Mbps     0 retrans   3761 KB-cwnd
[2024-11-08T16:54:17.046458-0500]    14.3750 MB /   0.50 sec =  241.2038 Mbps     4 retrans   3922 KB-cwnd
[2024-11-08T16:54:17.548689-0500]    14.5625 MB /   0.50 sec =  243.5034 Mbps     0 retrans   3922 KB-cwnd
[2024-11-08T16:54:18.046477-0500]    11.8750 MB /   0.50 sec =  199.8915 Mbps     0 retrans   3922 KB-cwnd
[2024-11-08T16:54:18.547601-0500]    15.1875 MB /   0.50 sec =  254.5515 Mbps     0 retrans   3922 KB-cwnd
[2024-11-08T16:54:19.047101-0500]    13.1250 MB /   0.50 sec =  220.1869 Mbps     0 retrans   3953 KB-cwnd
[2024-11-08T16:54:19.547580-0500]    14.2500 MB /   0.50 sec =  239.0925 Mbps     1 retrans   4315 KB-cwnd
[2024-11-08T16:54:20.046992-0500]    14.3125 MB /   0.50 sec =  240.1508 Mbps     0 retrans   4315 KB-cwnd
[2024-11-08T16:54:20.547023-0500]    15.3750 MB /   0.50 sec =  258.1743 Mbps     0 retrans   4315 KB-cwnd
[2024-11-08T16:54:21.047401-0500]    15.8125 MB /   0.50 sec =  265.0724 Mbps     0 retrans   4315 KB-cwnd
[2024-11-08T16:54:21.546945-0500]    11.0625 MB /   0.50 sec =  185.5824 Mbps     0 retrans   4315 KB-cwnd
[2024-11-08T16:54:22.047305-0500]    15.5625 MB /   0.50 sec =  261.3160 Mbps     4 retrans   3419 KB-cwnd
[2024-11-08T16:54:22.546598-0500]    12.5000 MB /   0.50 sec =  209.6837 Mbps     0 retrans   3419 KB-cwnd
[2024-11-08T16:54:23.046447-0500]    11.1250 MB /   0.50 sec =  186.6962 Mbps     0 retrans   3419 KB-cwnd
[2024-11-08T16:54:23.546546-0500]     8.5000 MB /   0.50 sec =  142.5975 Mbps     0 retrans   3419 KB-cwnd
[2024-11-08T16:54:24.046606-0500]    14.6250 MB /   0.50 sec =  245.3373 Mbps     0 retrans   3419 KB-cwnd
[2024-11-08T16:54:24.546906-0500]    12.4375 MB /   0.50 sec =  208.5232 Mbps     0 retrans   3419 KB-cwnd
[2024-11-08T16:54:25.046524-0500]    12.8125 MB /   0.50 sec =  215.1298 Mbps     6 retrans   3342 KB-cwnd
[2024-11-08T16:54:25.546954-0500]    13.8750 MB /   0.50 sec =  232.7932 Mbps     0 retrans   3291 KB-cwnd
[2024-11-08T16:54:26.046476-0500]    12.2500 MB /   0.50 sec =  205.5209 Mbps     0 retrans   3291 KB-cwnd
[2024-11-08T16:54:26.546929-0500]    11.0000 MB /   0.50 sec =  184.5457 Mbps     0 retrans   3291 KB-cwnd
[2024-11-08T16:54:27.046497-0500]     7.7500 MB /   0.50 sec =  130.0247 Mbps     0 retrans   3323 KB-cwnd
[2024-11-08T16:54:27.546551-0500]    15.6875 MB /   0.50 sec =  263.1873 Mbps     0 retrans   3323 KB-cwnd
[2024-11-08T16:54:28.047081-0500]    16.2500 MB /   0.50 sec =  272.6298 Mbps     5 retrans   3860 KB-cwnd
[2024-11-08T16:54:28.546531-0500]    17.2500 MB /   0.50 sec =  289.4041 Mbps     0 retrans   3860 KB-cwnd
[2024-11-08T16:54:29.046949-0500]    17.3125 MB /   0.50 sec =  290.1944 Mbps     0 retrans   3546 KB-cwnd
[2024-11-08T16:54:29.547134-0500]    18.4375 MB /   0.50 sec =  309.2532 Mbps     0 retrans   3546 KB-cwnd
[2024-11-08T16:54:30.047028-0500]    17.1250 MB /   0.50 sec =  287.6406 Mbps   405 retrans   3289 KB-cwnd
[2024-11-08T16:54:30.547497-0500]    17.8750 MB /   0.50 sec =  299.5949 Mbps     0 retrans   3289 KB-cwnd
[2024-11-08T16:54:31.047509-0500]    19.5000 MB /   0.50 sec =  327.1917 Mbps     0 retrans   3289 KB-cwnd
[2024-11-08T16:54:31.547095-0500]    19.5000 MB /   0.50 sec =  327.4039 Mbps     0 retrans   3198 KB-cwnd
[2024-11-08T16:54:32.046335-0500]    19.3750 MB /   0.50 sec =  325.1398 Mbps   514 retrans   3509 KB-cwnd
[2024-11-08T16:54:32.546483-0500]    19.0000 MB /   0.50 sec =  318.7575 Mbps     0 retrans   3509 KB-cwnd
[2024-11-08T16:54:33.046958-0500]    18.8750 MB /   0.50 sec =  316.6706 Mbps     0 retrans   3509 KB-cwnd
[2024-11-08T16:54:33.546347-0500]    18.8750 MB /   0.50 sec =  316.6712 Mbps     0 retrans   3509 KB-cwnd
[2024-11-08T16:54:34.046482-0500]    20.2500 MB /   0.50 sec =  339.7318 Mbps     5 retrans   3809 KB-cwnd
[2024-11-08T16:54:34.546949-0500]    17.3125 MB /   0.50 sec =  290.4062 Mbps     0 retrans   3809 KB-cwnd
[2024-11-08T16:54:35.046478-0500]    19.3750 MB /   0.50 sec =  325.0995 Mbps     0 retrans   3809 KB-cwnd
[2024-11-08T16:54:35.546424-0500]    17.5000 MB /   0.50 sec =  293.5972 Mbps     2 retrans   3622 KB-cwnd
[2024-11-08T16:54:36.046896-0500]    16.9375 MB /   0.50 sec =  283.9523 Mbps     0 retrans   3622 KB-cwnd
[2024-11-08T16:54:36.546909-0500]    16.3750 MB /   0.50 sec =  274.9441 Mbps     0 retrans   3622 KB-cwnd
[2024-11-08T16:54:37.046825-0500]    18.1250 MB /   0.50 sec =  304.0810 Mbps     0 retrans   3622 KB-cwnd
[2024-11-08T16:54:37.546921-0500]    19.2500 MB /   0.50 sec =  322.9065 Mbps     1 retrans   4202 KB-cwnd
[2024-11-08T16:54:38.047264-0500]    16.9375 MB /   0.50 sec =  284.0090 Mbps     0 retrans   4202 KB-cwnd
[2024-11-08T16:54:38.546938-0500]    16.3750 MB /   0.50 sec =  274.8990 Mbps     0 retrans   4202 KB-cwnd
[2024-11-08T16:54:39.046849-0500]    18.8125 MB /   0.50 sec =  315.4536 Mbps     0 retrans   4202 KB-cwnd
[2024-11-08T16:54:39.546452-0500]    17.7500 MB /   0.50 sec =  297.9905 Mbps     3 retrans   3704 KB-cwnd
[2024-11-08T16:54:40.046505-0500]    19.1250 MB /   0.50 sec =  320.8206 Mbps     0 retrans   3620 KB-cwnd
[2024-11-08T16:54:40.546403-0500]     9.0625 MB /   0.50 sec =  152.0651 Mbps     0 retrans   3620 KB-cwnd
[2024-11-08T16:54:41.046465-0500]    17.3750 MB /   0.50 sec =  291.4896 Mbps     0 retrans   3620 KB-cwnd
[2024-11-08T16:54:41.546499-0500]    18.1250 MB /   0.50 sec =  304.0974 Mbps     0 retrans   3620 KB-cwnd
[2024-11-08T16:54:42.048546-0500]    13.0000 MB /   0.50 sec =  217.4211 Mbps     6 retrans   4015 KB-cwnd
[2024-11-08T16:54:42.548427-0500]     0.0000 MB /   0.50 sec =    0.0000 Mbps     0 retrans   4015 KB-cwnd
[2024-11-08T16:54:43.047875-0500]     0.0000 MB /   0.50 sec =    0.0000 Mbps     0 retrans   4015 KB-cwnd
[2024-11-08T16:54:43.547447-0500]     6.6875 MB /   0.50 sec =  112.3997 Mbps     0 retrans   4015 KB-cwnd
[2024-11-08T16:54:44.047529-0500]     6.5000 MB /   0.50 sec =  108.9961 Mbps     0 retrans   4015 KB-cwnd
[2024-11-08T16:54:44.547533-0500]     5.3750 MB /   0.50 sec =   90.1226 Mbps     0 retrans   4041 KB-cwnd
[2024-11-08T16:54:45.046490-0500]     7.5000 MB /   0.50 sec =  126.0793 Mbps     0 retrans   4041 KB-cwnd
[2024-11-08T16:54:45.546755-0500]     8.6250 MB /   0.50 sec =  144.7046 Mbps     0 retrans   4041 KB-cwnd
[2024-11-08T16:54:46.047049-0500]     8.1875 MB /   0.50 sec =  137.3481 Mbps     0 retrans   4041 KB-cwnd
[2024-11-08T16:54:46.546553-0500]     7.8125 MB /   0.50 sec =  131.0741 Mbps     0 retrans   4041 KB-cwnd
[2024-11-08T16:54:47.047422-0500]     9.6250 MB /   0.50 sec =  161.3568 Mbps     0 retrans   4041 KB-cwnd
[2024-11-08T16:54:47.546540-0500]     7.3125 MB /   0.50 sec =  122.7897 Mbps     0 retrans   4041 KB-cwnd
[2024-11-08T16:54:48.046487-0500]     3.3125 MB /   0.50 sec =   55.5752 Mbps     3 retrans   3948 KB-cwnd
[2024-11-08T16:54:48.546568-0500]     0.7500 MB /   0.50 sec =   12.5819 Mbps     0 retrans   3948 KB-cwnd
[2024-11-08T16:54:49.046689-0500]     5.4375 MB /   0.50 sec =   91.2330 Mbps     0 retrans   3948 KB-cwnd
[2024-11-08T16:54:49.547330-0500]     6.1875 MB /   0.50 sec =  103.7372 Mbps     0 retrans   3948 KB-cwnd
[2024-11-08T16:54:50.046824-0500]     7.8125 MB /   0.50 sec =  131.1622 Mbps     0 retrans   3948 KB-cwnd
[2024-11-08T16:54:50.546511-0500]     3.3125 MB /   0.50 sec =   55.5735 Mbps     0 retrans   3948 KB-cwnd
[2024-11-08T16:54:51.046480-0500]     4.8750 MB /   0.50 sec =   81.7886 Mbps     0 retrans   3948 KB-cwnd
[2024-11-08T16:54:51.546491-0500]     2.5625 MB /   0.50 sec =   42.9920 Mbps     0 retrans   3948 KB-cwnd
[2024-11-08T16:54:52.046498-0500]     7.0000 MB /   0.50 sec =  117.4375 Mbps     0 retrans   3948 KB-cwnd
[2024-11-08T16:54:52.546412-0500]     2.6250 MB /   0.50 sec =   44.0441 Mbps     0 retrans   3948 KB-cwnd
[2024-11-08T16:54:53.046443-0500]     2.4375 MB /   0.50 sec =   40.8943 Mbps     0 retrans   3948 KB-cwnd
[2024-11-08T16:54:53.546472-0500]     8.8125 MB /   0.50 sec =  147.8436 Mbps     0 retrans   3874 KB-cwnd
[2024-11-08T16:54:54.046974-0500]     9.5625 MB /   0.50 sec =  160.2904 Mbps     0 retrans   3834 KB-cwnd
[2024-11-08T16:54:54.548536-0500]     5.0000 MB /   0.50 sec =   83.7058 Mbps     0 retrans   3834 KB-cwnd
[2024-11-08T16:54:55.049000-0500]     6.1250 MB /   0.50 sec =  102.6812 Mbps  1808 retrans   1968 KB-cwnd
[2024-11-08T16:54:55.546439-0500]     7.4375 MB /   0.50 sec =  125.2600 Mbps     0 retrans   1968 KB-cwnd
[2024-11-08T16:54:56.046506-0500]     3.4375 MB /   0.50 sec =   57.6689 Mbps     0 retrans   1968 KB-cwnd
[2024-11-08T16:54:56.546500-0500]     6.4375 MB /   0.50 sec =  108.0029 Mbps     0 retrans   2170 KB-cwnd
[2024-11-08T16:54:57.048610-0500]     5.7500 MB /   0.50 sec =   96.1005 Mbps     0 retrans   2242 KB-cwnd
[2024-11-08T16:54:57.546506-0500]     0.0000 MB /   0.50 sec =    0.0000 Mbps     0 retrans   2242 KB-cwnd
[2024-11-08T16:54:58.047511-0500]     0.0000 MB /   0.50 sec =    0.0000 Mbps     0 retrans   2242 KB-cwnd
End time: 1731102898338
