Start time: 1730839360303
[2024-11-05T14:42:41.439421-0600] nuttcp-t: v8.1.4: socket
[2024-11-05T14:42:41.440018-0600] nuttcp-t: buflen=65536, nstream=1, port=5101 tcp -> 54.197.223.49
[2024-11-05T14:42:41.440061-0600] nuttcp-t: time limit = 120.00 seconds
[2024-11-05T14:42:41.440090-0600] nuttcp-t: connect to 54.197.223.49 with mss=1376, RTT=85.559 ms af=inet
[2024-11-05T14:42:41.440116-0600] nuttcp-t: send window size = 2097152, receive window size = 6291456
[2024-11-05T14:42:41.440142-0600] nuttcp-t: available send window = 1572864, available receive window = 4718592
[2024-11-05T14:42:41.440169-0600] nuttcp-t: initial congestion window = 13 KB (10 packets)
[2024-11-05T14:42:41.440193-0600] nuttcp-r: v8.1.4: socket
[2024-11-05T14:42:41.440217-0600] nuttcp-r: buflen=65536, nstream=1, port=5101 tcp
[2024-11-05T14:42:41.440242-0600] nuttcp-r: interval reporting every 0.50 seconds
[2024-11-05T14:42:41.440267-0600] nuttcp-r: accept from 174.234.186.29 with af=inet
[2024-11-05T14:42:41.440296-0600] nuttcp-r: send window size = 450000000, receive window size = 450000000
[2024-11-05T14:42:41.440322-0600] nuttcp-r: available send window = 225000000, available receive window = 225000000
[2024-11-05T14:42:41.440347-0600]     0.8125 MB /   0.50 sec =   13.6303 Mbps     0 retrans   1224 KB-cwnd
[2024-11-05T14:42:41.903387-0600]     2.1875 MB /   0.50 sec =   36.7013 Mbps     0 retrans   2084 KB-cwnd
[2024-11-05T14:42:42.477863-0600]     2.3125 MB /   0.50 sec =   38.7962 Mbps     0 retrans   2084 KB-cwnd
[2024-11-05T14:42:43.077516-0600]     2.0625 MB /   0.50 sec =   34.6047 Mbps     0 retrans   2084 KB-cwnd
[2024-11-05T14:42:43.635685-0600]     2.5000 MB /   0.50 sec =   41.9420 Mbps     0 retrans   2141 KB-cwnd
[2024-11-05T14:42:44.221679-0600]     2.3125 MB /   0.50 sec =   38.7987 Mbps     0 retrans   2141 KB-cwnd
[2024-11-05T14:42:44.767070-0600]     2.3125 MB /   0.50 sec =   38.7967 Mbps     0 retrans   2168 KB-cwnd
[2024-11-05T14:42:45.343882-0600]     2.4375 MB /   0.50 sec =   40.8954 Mbps     0 retrans   2168 KB-cwnd
[2024-11-05T14:42:45.879197-0600]     2.3125 MB /   0.50 sec =   38.7779 Mbps     0 retrans   2199 KB-cwnd
[2024-11-05T14:42:45.879359-0600]     2.4375 MB /   0.50 sec =   40.8646 Mbps     0 retrans   2199 KB-cwnd
[2024-11-05T14:42:46.417406-0600]     2.5000 MB /   0.50 sec =   41.9926 Mbps     0 retrans   2199 KB-cwnd
[2024-11-05T14:42:46.937174-0600]     2.6250 MB /   0.50 sec =   44.0405 Mbps     0 retrans   2265 KB-cwnd
[2024-11-05T14:42:47.457821-0600]     2.5625 MB /   0.50 sec =   42.9927 Mbps     0 retrans   2265 KB-cwnd
[2024-11-05T14:42:47.967340-0600]     2.6250 MB /   0.50 sec =   44.0392 Mbps     0 retrans   2265 KB-cwnd
[2024-11-05T14:42:48.538807-0600]     2.5000 MB /   0.50 sec =   41.9441 Mbps     0 retrans   2265 KB-cwnd
[2024-11-05T14:42:49.104846-0600]     2.1250 MB /   0.50 sec =   35.6510 Mbps     0 retrans   2265 KB-cwnd
[2024-11-05T14:42:50.367304-0600]     2.4375 MB /   0.50 sec =   40.8950 Mbps     0 retrans   2265 KB-cwnd
[2024-11-05T14:42:50.367482-0600]     0.8125 MB /   0.50 sec =   13.6308 Mbps     0 retrans   2265 KB-cwnd
[2024-11-05T14:42:50.367518-0600]     0.6875 MB /   0.50 sec =   11.5349 Mbps     0 retrans   2265 KB-cwnd
[2024-11-05T14:42:52.517895-0600]     0.5000 MB /   0.50 sec =    8.3885 Mbps     0 retrans   2265 KB-cwnd
[2024-11-05T14:42:52.518204-0600]     0.5000 MB /   0.50 sec =    8.3885 Mbps     0 retrans   2265 KB-cwnd
[2024-11-05T14:42:52.518289-0600]     0.4375 MB /   0.50 sec =    7.3395 Mbps     0 retrans   2265 KB-cwnd
[2024-11-05T14:42:52.518353-0600]     0.8750 MB /   0.50 sec =   14.6754 Mbps     0 retrans   2265 KB-cwnd
[2024-11-05T14:42:55.848189-0600]     0.6875 MB /   0.50 sec =   11.5387 Mbps    12 retrans   1455 KB-cwnd
[2024-11-05T14:42:55.848546-0600]     0.4375 MB /   0.50 sec =    7.3402 Mbps     0 retrans   1455 KB-cwnd
[2024-11-05T14:42:55.848768-0600]     0.1875 MB /   0.50 sec =    3.1458 Mbps     0 retrans   1455 KB-cwnd
[2024-11-05T14:42:55.848891-0600]     0.0000 MB /   0.50 sec =    0.0000 Mbps     0 retrans   1455 KB-cwnd
[2024-11-05T14:42:55.848996-0600]     0.0000 MB /   0.50 sec =    0.0000 Mbps     0 retrans   1455 KB-cwnd
[2024-11-05T14:42:55.849132-0600]     1.1250 MB /   0.50 sec =   18.8744 Mbps     0 retrans   1455 KB-cwnd
[2024-11-05T14:42:56.745453-0600]     0.6250 MB /   0.50 sec =   10.4860 Mbps     2 retrans   1208 KB-cwnd
[2024-11-05T14:42:56.745879-0600]     1.1250 MB /   0.50 sec =   18.8743 Mbps     0 retrans   1208 KB-cwnd
[2024-11-05T14:42:57.535115-0600]     1.8750 MB /   0.50 sec =   31.4567 Mbps     0 retrans   1208 KB-cwnd
[2024-11-05T14:42:57.535649-0600]     1.8125 MB /   0.50 sec =   30.4103 Mbps     0 retrans   1208 KB-cwnd
[2024-11-05T14:42:58.368025-0600]     1.5625 MB /   0.50 sec =   26.2126 Mbps     0 retrans   1208 KB-cwnd
[2024-11-05T14:42:58.368396-0600]     1.6250 MB /   0.50 sec =   27.2622 Mbps     0 retrans   1208 KB-cwnd
[2024-11-05T14:42:59.435940-0600]     1.2500 MB /   0.50 sec =   20.9727 Mbps     0 retrans   1208 KB-cwnd
[2024-11-05T14:42:59.436379-0600]     1.2500 MB /   0.50 sec =   20.9724 Mbps     0 retrans   1208 KB-cwnd
[2024-11-05T14:43:00.339285-0600]     1.3750 MB /   0.50 sec =   23.0679 Mbps     0 retrans   1208 KB-cwnd
[2024-11-05T14:43:01.247485-0600]     1.4375 MB /   0.50 sec =   24.1175 Mbps     0 retrans   1208 KB-cwnd
[2024-11-05T14:43:01.248042-0600]     1.3750 MB /   0.50 sec =   23.0535 Mbps     0 retrans   1208 KB-cwnd
[2024-11-05T14:43:02.141230-0600]     1.6250 MB /   0.50 sec =   27.2797 Mbps     0 retrans   1208 KB-cwnd
[2024-11-05T14:43:02.141511-0600]     1.4375 MB /   0.50 sec =   24.1187 Mbps     0 retrans   1208 KB-cwnd
[2024-11-05T14:43:03.001247-0600]     1.5000 MB /   0.50 sec =   25.1654 Mbps     0 retrans   1208 KB-cwnd
[2024-11-05T14:43:03.001456-0600]     1.5625 MB /   0.50 sec =   26.2145 Mbps     0 retrans   1208 KB-cwnd
[2024-11-05T14:43:03.721349-0600]     1.6875 MB /   0.50 sec =   28.3118 Mbps     0 retrans   1208 KB-cwnd
[2024-11-05T14:43:04.343548-0600]     2.0625 MB /   0.50 sec =   34.5924 Mbps     0 retrans   1208 KB-cwnd
[2024-11-05T14:43:04.997299-0600]     2.1250 MB /   0.50 sec =   35.6606 Mbps     0 retrans   1208 KB-cwnd
[2024-11-05T14:43:04.997658-0600]     2.1250 MB /   0.50 sec =   35.6507 Mbps     0 retrans   1208 KB-cwnd
[2024-11-05T14:43:05.571641-0600]     2.0625 MB /   0.50 sec =   34.6054 Mbps     0 retrans   1208 KB-cwnd
[2024-11-05T14:43:06.231870-0600]     2.3125 MB /   0.50 sec =   38.7974 Mbps     0 retrans   1208 KB-cwnd
[2024-11-05T14:43:06.975211-0600]     1.8750 MB /   0.50 sec =   31.4570 Mbps     0 retrans   1208 KB-cwnd
[2024-11-05T14:43:06.975412-0600]     1.8750 MB /   0.50 sec =   31.4578 Mbps     0 retrans   1208 KB-cwnd
[2024-11-05T14:43:07.599532-0600]     1.9375 MB /   0.50 sec =   32.5051 Mbps     0 retrans   1208 KB-cwnd
[2024-11-05T14:43:08.496420-0600]     1.9375 MB /   0.50 sec =   32.5062 Mbps     0 retrans   1208 KB-cwnd
[2024-11-05T14:43:08.497009-0600]     1.3750 MB /   0.50 sec =   23.0571 Mbps     0 retrans   1208 KB-cwnd
[2024-11-05T14:43:09.164542-0600]     1.8125 MB /   0.50 sec =   30.4223 Mbps     0 retrans   1208 KB-cwnd
[2024-11-05T14:43:10.187455-0600]     2.0625 MB /   0.50 sec =   34.6052 Mbps     0 retrans   1208 KB-cwnd
[2024-11-05T14:43:10.187889-0600]     1.0625 MB /   0.50 sec =   17.8076 Mbps     0 retrans   1208 KB-cwnd
[2024-11-05T14:43:10.915548-0600]     1.4375 MB /   0.50 sec =   24.1417 Mbps     0 retrans   1208 KB-cwnd
[2024-11-05T14:43:10.915953-0600]     1.8125 MB /   0.50 sec =   30.4068 Mbps     0 retrans   1208 KB-cwnd
[2024-11-05T14:43:11.601950-0600]     1.8750 MB /   0.50 sec =   31.4595 Mbps     0 retrans   1208 KB-cwnd
[2024-11-05T14:43:12.257338-0600]     2.0625 MB /   0.50 sec =   34.6025 Mbps     0 retrans   1208 KB-cwnd
[2024-11-05T14:43:12.925360-0600]     2.0625 MB /   0.50 sec =   34.6026 Mbps     0 retrans   1208 KB-cwnd
[2024-11-05T14:43:12.925757-0600]     1.8750 MB /   0.50 sec =   31.4578 Mbps     0 retrans   1208 KB-cwnd
[2024-11-05T14:43:13.781283-0600]     1.8750 MB /   0.50 sec =   31.4575 Mbps     0 retrans   1208 KB-cwnd
[2024-11-05T14:43:15.057389-0600]     1.3125 MB /   0.50 sec =   22.0197 Mbps     0 retrans   1208 KB-cwnd
[2024-11-05T14:43:15.057789-0600]     1.1875 MB /   0.50 sec =   19.9232 Mbps     0 retrans   1208 KB-cwnd
[2024-11-05T14:43:15.057923-0600]     1.0000 MB /   0.50 sec =   16.7772 Mbps     0 retrans   1208 KB-cwnd
[2024-11-05T14:43:19.991133-0600]     0.6875 MB /   0.50 sec =   11.5344 Mbps   194 retrans    784 KB-cwnd
[2024-11-05T14:43:19.991506-0600]     0.5000 MB /   0.50 sec =    8.3886 Mbps     0 retrans    784 KB-cwnd
[2024-11-05T14:43:19.991640-0600]     0.2500 MB /   0.50 sec =    4.1942 Mbps     0 retrans    784 KB-cwnd
[2024-11-05T14:43:19.991750-0600]     0.0625 MB /   0.50 sec =    1.0485 Mbps     0 retrans    784 KB-cwnd
[2024-11-05T14:43:19.991851-0600]     0.0625 MB /   0.50 sec =    1.0486 Mbps     0 retrans    784 KB-cwnd
[2024-11-05T14:43:19.991952-0600]     0.5625 MB /   0.50 sec =    9.4370 Mbps     0 retrans    784 KB-cwnd
[2024-11-05T14:43:19.992054-0600]     0.0625 MB /   0.50 sec =    1.0481 Mbps     0 retrans    784 KB-cwnd
[2024-11-05T14:43:19.992154-0600]     0.0000 MB /   0.50 sec =    0.0000 Mbps     0 retrans    784 KB-cwnd
[2024-11-05T14:43:19.992255-0600]     0.1250 MB /   0.50 sec =    2.0971 Mbps     0 retrans    784 KB-cwnd
[2024-11-05T14:43:19.992353-0600]     0.1875 MB /   0.50 sec =    3.1458 Mbps     0 retrans    784 KB-cwnd
[2024-11-05T14:43:20.825707-0600]     1.3750 MB /   0.50 sec =   23.0682 Mbps     0 retrans    870 KB-cwnd
[2024-11-05T14:43:21.451228-0600]     1.8750 MB /   0.50 sec =   31.4570 Mbps     0 retrans    874 KB-cwnd
[2024-11-05T14:43:21.451409-0600]     2.2500 MB /   0.50 sec =   37.7490 Mbps     0 retrans    874 KB-cwnd
[2024-11-05T14:43:22.365378-0600]     2.0625 MB /   0.50 sec =   34.6040 Mbps     0 retrans    878 KB-cwnd
[2024-11-05T14:43:22.365787-0600]     0.9375 MB /   0.50 sec =   15.7282 Mbps     0 retrans    878 KB-cwnd
[2024-11-05T14:43:23.910886-0600]     0.6250 MB /   0.50 sec =   10.4861 Mbps     0 retrans    880 KB-cwnd
[2024-11-05T14:43:23.911141-0600]     0.3750 MB /   0.50 sec =    6.2912 Mbps     0 retrans    880 KB-cwnd
[2024-11-05T14:43:23.911192-0600]     1.4375 MB /   0.50 sec =   24.1176 Mbps     0 retrans    880 KB-cwnd
[2024-11-05T14:43:24.473567-0600]     2.2500 MB /   0.50 sec =   37.7164 Mbps     0 retrans    898 KB-cwnd
[2024-11-05T14:43:25.263061-0600]     2.1250 MB /   0.50 sec =   35.6748 Mbps     0 retrans   1156 KB-cwnd
[2024-11-05T14:43:26.400956-0600]     1.3125 MB /   0.50 sec =   22.0192 Mbps     0 retrans   1156 KB-cwnd
[2024-11-05T14:43:26.401352-0600]     1.0625 MB /   0.50 sec =   17.8289 Mbps     0 retrans   1156 KB-cwnd
[2024-11-05T14:43:26.401483-0600]     1.3125 MB /   0.50 sec =   22.0218 Mbps     0 retrans   1156 KB-cwnd
[2024-11-05T14:43:27.486686-0600]     1.1875 MB /   0.50 sec =   19.9231 Mbps     0 retrans   1156 KB-cwnd
[2024-11-05T14:43:27.487057-0600]     1.3125 MB /   0.50 sec =   22.0197 Mbps     0 retrans   1156 KB-cwnd
[2024-11-05T14:43:28.878714-0600]     1.0000 MB /   0.50 sec =   16.7766 Mbps     0 retrans   1156 KB-cwnd
[2024-11-05T14:43:28.879133-0600]     1.1875 MB /   0.50 sec =   19.9243 Mbps     0 retrans   1156 KB-cwnd
[2024-11-05T14:43:28.879263-0600]     0.6875 MB /   0.50 sec =   11.5337 Mbps     0 retrans   1156 KB-cwnd
[2024-11-05T14:43:35.101237-0600]     0.3125 MB /   0.50 sec =    5.2431 Mbps   370 retrans    779 KB-cwnd
[2024-11-05T14:43:35.104301-0600]     0.3750 MB /   0.50 sec =    6.2913 Mbps     0 retrans    779 KB-cwnd
[2024-11-05T14:43:35.104537-0600]     0.0000 MB /   0.50 sec =    0.0000 Mbps     0 retrans    779 KB-cwnd
[2024-11-05T14:43:35.104571-0600]     0.0000 MB /   0.50 sec =    0.0000 Mbps     0 retrans    779 KB-cwnd
[2024-11-05T14:43:35.104598-0600]     0.0000 MB /   0.50 sec =    0.0000 Mbps     0 retrans    779 KB-cwnd
[2024-11-05T14:43:35.104716-0600]     0.0000 MB /   0.50 sec =    0.0000 Mbps     0 retrans    779 KB-cwnd
[2024-11-05T14:43:35.104774-0600]     0.0000 MB /   0.50 sec =    0.0000 Mbps     0 retrans    779 KB-cwnd
[2024-11-05T14:43:35.104934-0600]     0.9375 MB /   0.50 sec =   15.7278 Mbps     0 retrans    779 KB-cwnd
[2024-11-05T14:43:35.105074-0600]     0.2500 MB /   0.50 sec =    4.1944 Mbps     0 retrans    779 KB-cwnd
[2024-11-05T14:43:35.105181-0600]     0.2500 MB /   0.50 sec =    4.1942 Mbps     0 retrans    779 KB-cwnd
[2024-11-05T14:43:35.105291-0600]     0.2500 MB /   0.50 sec =    4.1943 Mbps     0 retrans    779 KB-cwnd
[2024-11-05T14:43:35.105397-0600]     0.3125 MB /   0.50 sec =    5.2431 Mbps     0 retrans    779 KB-cwnd
[2024-11-05T14:43:39.083380-0600]     0.3750 MB /   0.50 sec =    6.2915 Mbps     0 retrans    779 KB-cwnd
[2024-11-05T14:43:39.083592-0600]     0.4375 MB /   0.50 sec =    7.3400 Mbps     0 retrans    779 KB-cwnd
[2024-11-05T14:43:39.083628-0600]     0.3125 MB /   0.50 sec =    5.2396 Mbps     0 retrans    779 KB-cwnd
[2024-11-05T14:43:39.083654-0600]     0.3125 MB /   0.50 sec =    5.2462 Mbps     0 retrans    779 KB-cwnd
[2024-11-05T14:43:39.083678-0600]     0.3750 MB /   0.50 sec =    6.2915 Mbps     0 retrans    779 KB-cwnd
[2024-11-05T14:43:39.083707-0600]     0.2500 MB /   0.50 sec =    4.1942 Mbps     0 retrans    779 KB-cwnd
[2024-11-05T14:43:39.083732-0600]     0.3125 MB /   0.50 sec =    5.2430 Mbps     0 retrans    779 KB-cwnd
[2024-11-05T14:43:39.083755-0600]     0.3125 MB /   0.50 sec =    5.2424 Mbps     0 retrans    779 KB-cwnd
[2024-11-05T14:43:43.789413-0600]     0.2500 MB /   0.50 sec =    4.1946 Mbps     0 retrans    779 KB-cwnd
[2024-11-05T14:43:43.789947-0600]     0.3750 MB /   0.50 sec =    6.2914 Mbps     0 retrans    779 KB-cwnd
[2024-11-05T14:43:43.790099-0600]     0.3750 MB /   0.50 sec =    6.2915 Mbps     0 retrans    779 KB-cwnd
[2024-11-05T14:43:43.790230-0600]     0.2500 MB /   0.50 sec =    4.1940 Mbps     0 retrans    779 KB-cwnd
[2024-11-05T14:43:43.790340-0600]     0.2500 MB /   0.50 sec =    4.1946 Mbps     0 retrans    779 KB-cwnd
[2024-11-05T14:43:43.790446-0600]     0.3750 MB /   0.50 sec =    6.2913 Mbps     0 retrans    779 KB-cwnd
[2024-11-05T14:43:43.790547-0600]     0.2500 MB /   0.50 sec =    4.1944 Mbps     0 retrans    779 KB-cwnd
[2024-11-05T14:43:43.790648-0600]     0.1875 MB /   0.50 sec =    3.1457 Mbps     0 retrans    779 KB-cwnd
[2024-11-05T14:43:43.790747-0600]     0.1875 MB /   0.50 sec =    3.1457 Mbps     0 retrans    779 KB-cwnd
[2024-11-05T14:43:46.475465-0600]     0.3750 MB /   0.50 sec =    6.2914 Mbps     0 retrans    779 KB-cwnd
[2024-11-05T14:43:46.475866-0600]     0.3750 MB /   0.50 sec =    6.2915 Mbps     0 retrans    779 KB-cwnd
[2024-11-05T14:43:46.476013-0600]     0.4375 MB /   0.50 sec =    7.3401 Mbps     0 retrans    779 KB-cwnd
[2024-11-05T14:43:46.476125-0600]     0.4375 MB /   0.50 sec =    7.3399 Mbps     0 retrans    779 KB-cwnd
[2024-11-05T14:43:46.476228-0600]     0.5000 MB /   0.50 sec =    8.3888 Mbps     0 retrans    779 KB-cwnd
[2024-11-05T14:43:46.476327-0600]     0.5625 MB /   0.50 sec =    9.4370 Mbps     0 retrans    779 KB-cwnd
[2024-11-05T14:43:49.504992-0600]     0.6250 MB /   0.50 sec =   10.4859 Mbps    26 retrans    497 KB-cwnd
[2024-11-05T14:43:49.505462-0600]     0.5625 MB /   0.50 sec =    9.4372 Mbps     0 retrans    497 KB-cwnd
[2024-11-05T14:43:49.505618-0600]     0.5000 MB /   0.50 sec =    8.3886 Mbps     0 retrans    497 KB-cwnd
[2024-11-05T14:43:49.505735-0600]     0.0625 MB /   0.50 sec =    1.0482 Mbps     0 retrans    497 KB-cwnd
[2024-11-05T14:43:49.505841-0600]     0.0000 MB /   0.50 sec =    0.0000 Mbps     0 retrans    497 KB-cwnd
[2024-11-05T14:43:49.505941-0600]     0.3125 MB /   0.50 sec =    5.2425 Mbps     0 retrans    497 KB-cwnd
[2024-11-05T14:43:50.263516-0600]     2.2500 MB /   0.50 sec =   37.7505 Mbps     0 retrans    552 KB-cwnd
[2024-11-05T14:43:50.926494-0600]     1.7500 MB /   0.50 sec =   29.3608 Mbps     0 retrans    559 KB-cwnd
[2024-11-05T14:43:50.926884-0600]     2.0625 MB /   0.50 sec =   34.6018 Mbps     0 retrans    559 KB-cwnd
[2024-11-05T14:43:51.947340-0600]     1.6875 MB /   0.50 sec =   28.3093 Mbps     0 retrans    567 KB-cwnd
[2024-11-05T14:43:51.947797-0600]     0.7500 MB /   0.50 sec =   12.5842 Mbps     0 retrans    567 KB-cwnd
[2024-11-05T14:43:52.627249-0600]     2.1875 MB /   0.50 sec =   36.7000 Mbps     0 retrans    853 KB-cwnd
[2024-11-05T14:43:53.390011-0600]     1.8125 MB /   0.50 sec =   30.4065 Mbps     0 retrans    971 KB-cwnd
[2024-11-05T14:43:53.390500-0600]     1.6250 MB /   0.50 sec =   27.2654 Mbps     0 retrans    971 KB-cwnd
[2024-11-05T14:43:54.149988-0600]     1.3750 MB /   0.50 sec =   23.0681 Mbps     0 retrans   1132 KB-cwnd
[2024-11-05T14:43:54.850694-0600]     2.1875 MB /   0.50 sec =   36.7004 Mbps     0 retrans   1132 KB-cwnd
[2024-11-05T14:43:55.447239-0600]     2.0000 MB /   0.50 sec =   33.5536 Mbps     0 retrans   1132 KB-cwnd
[2024-11-05T14:43:55.447668-0600]     2.1250 MB /   0.50 sec =   35.6512 Mbps     0 retrans   1132 KB-cwnd
[2024-11-05T14:43:56.037375-0600]     2.3125 MB /   0.50 sec =   38.7944 Mbps     0 retrans   1132 KB-cwnd
[2024-11-05T14:43:56.669792-0600]     2.0625 MB /   0.50 sec =   34.6066 Mbps     0 retrans   1132 KB-cwnd
[2024-11-05T14:43:57.386919-0600]     2.1250 MB /   0.50 sec =   35.6520 Mbps     0 retrans   1132 KB-cwnd
[2024-11-05T14:43:57.387327-0600]     1.9375 MB /   0.50 sec =   32.5055 Mbps     0 retrans   1132 KB-cwnd
[2024-11-05T14:43:58.408398-0600]     1.3750 MB /   0.50 sec =   23.0691 Mbps     0 retrans   1463 KB-cwnd
[2024-11-05T14:43:58.409008-0600]     0.6250 MB /   0.50 sec =   10.4855 Mbps     0 retrans   1463 KB-cwnd
[2024-11-05T14:43:59.517230-0600]     2.1250 MB /   0.50 sec =   35.6499 Mbps     0 retrans   1518 KB-cwnd
[2024-11-05T14:43:59.517612-0600]     1.0000 MB /   0.50 sec =   16.7784 Mbps     0 retrans   1518 KB-cwnd
[2024-11-05T14:44:00.387729-0600]     1.2500 MB /   0.50 sec =   20.9693 Mbps     0 retrans   1518 KB-cwnd
[2024-11-05T14:44:00.388236-0600]     1.6250 MB /   0.50 sec =   27.2660 Mbps     0 retrans   1518 KB-cwnd
[2024-11-05T14:44:01.221551-0600]     1.7500 MB /   0.50 sec =   29.3592 Mbps     0 retrans   1518 KB-cwnd
[2024-11-05T14:44:02.041240-0600]     1.4375 MB /   0.50 sec =   24.1170 Mbps     0 retrans   1518 KB-cwnd
[2024-11-05T14:44:02.041630-0600]     1.7500 MB /   0.50 sec =   29.3611 Mbps     0 retrans   1518 KB-cwnd
[2024-11-05T14:44:02.921599-0600]     1.5000 MB /   0.50 sec =   25.1656 Mbps     0 retrans   1518 KB-cwnd
[2024-11-05T14:44:02.921958-0600]     1.5000 MB /   0.50 sec =   25.1663 Mbps     0 retrans   1518 KB-cwnd
[2024-11-05T14:44:03.828940-0600]     0.8125 MB /   0.50 sec =   13.6313 Mbps   286 retrans   1226 KB-cwnd
[2024-11-05T14:44:04.646501-0600]     2.0625 MB /   0.50 sec =   34.6022 Mbps     0 retrans   1226 KB-cwnd
[2024-11-05T14:44:04.646903-0600]     1.6875 MB /   0.50 sec =   28.3109 Mbps     0 retrans   1226 KB-cwnd
[2024-11-05T14:44:05.714081-0600]     1.4375 MB /   0.50 sec =   24.1182 Mbps     0 retrans   1226 KB-cwnd
[2024-11-05T14:44:05.717333-0600]     1.3125 MB /   0.50 sec =   21.9705 Mbps     0 retrans   1226 KB-cwnd
[2024-11-05T14:44:06.399885-0600]     1.3125 MB /   0.50 sec =   22.0702 Mbps     0 retrans   1226 KB-cwnd
[2024-11-05T14:44:06.400412-0600]     2.0000 MB /   0.50 sec =   33.5546 Mbps     0 retrans   1226 KB-cwnd
[2024-11-05T14:44:06.933641-0600]     2.5625 MB /   0.50 sec =   42.9920 Mbps     0 retrans   1226 KB-cwnd
[2024-11-05T14:44:07.457423-0600]     2.3750 MB /   0.50 sec =   39.8437 Mbps     0 retrans   1406 KB-cwnd
[2024-11-05T14:44:08.023310-0600]     2.4375 MB /   0.50 sec =   40.8930 Mbps     0 retrans   1406 KB-cwnd
[2024-11-05T14:44:08.667405-0600]     2.1875 MB /   0.50 sec =   36.7020 Mbps     0 retrans   1406 KB-cwnd
[2024-11-05T14:44:09.379509-0600]     2.0625 MB /   0.50 sec =   34.6026 Mbps     0 retrans   1406 KB-cwnd
[2024-11-05T14:44:09.380075-0600]     1.7500 MB /   0.50 sec =   29.3607 Mbps     0 retrans   1406 KB-cwnd
[2024-11-05T14:44:10.121346-0600]     2.0000 MB /   0.50 sec =   33.5548 Mbps     0 retrans   1406 KB-cwnd
[2024-11-05T14:44:10.795889-0600]     1.9375 MB /   0.50 sec =   32.5060 Mbps     0 retrans   1406 KB-cwnd
[2024-11-05T14:44:11.621350-0600]     1.6875 MB /   0.50 sec =   28.3100 Mbps     0 retrans   1406 KB-cwnd
[2024-11-05T14:44:11.621822-0600]     1.7500 MB /   0.50 sec =   29.3608 Mbps     0 retrans   1406 KB-cwnd
[2024-11-05T14:44:12.679628-0600]     1.1875 MB /   0.50 sec =   19.9237 Mbps     0 retrans   1406 KB-cwnd
[2024-11-05T14:44:12.680202-0600]     1.2500 MB /   0.50 sec =   20.9709 Mbps     0 retrans   1406 KB-cwnd
[2024-11-05T14:44:13.381297-0600]     1.5625 MB /   0.50 sec =   26.2146 Mbps     0 retrans   1406 KB-cwnd
[2024-11-05T14:44:13.381448-0600]     1.9375 MB /   0.50 sec =   32.5048 Mbps     0 retrans   1406 KB-cwnd
[2024-11-05T14:44:14.180556-0600]     1.9375 MB /   0.50 sec =   32.5068 Mbps     0 retrans   1406 KB-cwnd
[2024-11-05T14:44:15.299104-0600]     1.1875 MB /   0.50 sec =   19.9237 Mbps     1 retrans   1722 KB-cwnd
[2024-11-05T14:44:15.299755-0600]     1.3750 MB /   0.50 sec =   23.0673 Mbps     0 retrans   1722 KB-cwnd
[2024-11-05T14:44:16.193773-0600]     1.1250 MB /   0.50 sec =   18.8753 Mbps     0 retrans   1783 KB-cwnd
[2024-11-05T14:44:16.194227-0600]     1.5625 MB /   0.50 sec =   26.2136 Mbps     0 retrans   1783 KB-cwnd
[2024-11-05T14:44:16.847280-0600]     1.5000 MB /   0.50 sec =   25.1663 Mbps     0 retrans   1783 KB-cwnd
[2024-11-05T14:44:17.883694-0600]     2.0625 MB /   0.50 sec =   34.6031 Mbps    15 retrans   1427 KB-cwnd
[2024-11-05T14:44:17.884193-0600]     1.8750 MB /   0.50 sec =   31.4565 Mbps     0 retrans   1427 KB-cwnd
[2024-11-05T14:44:17.884423-0600]     0.4375 MB /   0.50 sec =    7.3401 Mbps     0 retrans   1427 KB-cwnd
[2024-11-05T14:44:18.489393-0600]     3.4375 MB /   0.50 sec =   57.6712 Mbps     0 retrans   1478 KB-cwnd
[2024-11-05T14:44:19.089154-0600]     2.3125 MB /   0.50 sec =   38.7982 Mbps     0 retrans   1478 KB-cwnd
[2024-11-05T14:44:19.662488-0600]     2.3125 MB /   0.50 sec =   38.7978 Mbps     0 retrans   1478 KB-cwnd
[2024-11-05T14:44:20.199839-0600]     2.3750 MB /   0.50 sec =   39.7891 Mbps     0 retrans   1478 KB-cwnd
[2024-11-05T14:44:20.755747-0600]     2.5000 MB /   0.50 sec =   42.0012 Mbps     0 retrans   1478 KB-cwnd
[2024-11-05T14:44:21.331816-0600]     2.3750 MB /   0.50 sec =   39.8453 Mbps     0 retrans   1783 KB-cwnd
[2024-11-05T14:44:21.783331-0600]     2.1250 MB /   0.50 sec =   35.6442 Mbps     0 retrans   1783 KB-cwnd
[2024-11-05T14:44:22.229423-0600]     3.1875 MB /   0.50 sec =   53.4872 Mbps     0 retrans   1783 KB-cwnd
[2024-11-05T14:44:22.740006-0600]     2.9375 MB /   0.50 sec =   49.2843 Mbps     0 retrans   1783 KB-cwnd
[2024-11-05T14:44:23.273591-0600]     2.4375 MB /   0.50 sec =   40.8909 Mbps     0 retrans   1783 KB-cwnd
[2024-11-05T14:44:23.809441-0600]     2.5625 MB /   0.50 sec =   42.9951 Mbps     0 retrans   1783 KB-cwnd
[2024-11-05T14:44:24.270943-0600]     2.5000 MB /   0.50 sec =   41.9423 Mbps     0 retrans   1783 KB-cwnd
[2024-11-05T14:44:24.673487-0600]     3.0000 MB /   0.50 sec =   50.3152 Mbps     0 retrans   1783 KB-cwnd
[2024-11-05T14:44:25.055322-0600]     3.4375 MB /   0.50 sec =   57.6958 Mbps     0 retrans   1783 KB-cwnd
[2024-11-05T14:44:25.469232-0600]     3.1250 MB /   0.50 sec =   52.4276 Mbps     0 retrans   1783 KB-cwnd
[2024-11-05T14:44:25.877365-0600]     3.3750 MB /   0.50 sec =   56.6213 Mbps     0 retrans   1783 KB-cwnd
[2024-11-05T14:44:26.672883-0600]     3.4375 MB /   0.50 sec =   57.6734 Mbps     0 retrans   1783 KB-cwnd
[2024-11-05T14:44:27.120731-0600]     3.2500 MB /   0.50 sec =   54.5251 Mbps     0 retrans   1783 KB-cwnd
[2024-11-05T14:44:27.927315-0600]     2.6250 MB /   0.50 sec =   44.0398 Mbps     1 retrans   1824 KB-cwnd
[2024-11-05T14:44:27.927502-0600]     1.3750 MB /   0.50 sec =   23.0690 Mbps     0 retrans   1875 KB-cwnd
[2024-11-05T14:44:28.393480-0600]     3.0000 MB /   0.50 sec =   50.3327 Mbps     0 retrans   2640 KB-cwnd
[2024-11-05T14:44:29.118246-0600]     1.8125 MB /   0.50 sec =   30.4085 Mbps     0 retrans   2640 KB-cwnd
[2024-11-05T14:44:30.353456-0600]     1.3750 MB /   0.50 sec =   23.0680 Mbps     0 retrans   2640 KB-cwnd
[2024-11-05T14:44:30.354011-0600]     1.0625 MB /   0.50 sec =   17.8247 Mbps     0 retrans   2640 KB-cwnd
[2024-11-05T14:44:31.369812-0600]     1.1875 MB /   0.50 sec =   19.9221 Mbps     0 retrans   2640 KB-cwnd
[2024-11-05T14:44:31.370298-0600]     1.3125 MB /   0.50 sec =   22.0234 Mbps     0 retrans   2640 KB-cwnd
[2024-11-05T14:44:31.370447-0600]     1.3125 MB /   0.50 sec =   22.0176 Mbps     0 retrans   2640 KB-cwnd
[2024-11-05T14:44:32.349276-0600]     1.3750 MB /   0.50 sec =   23.0656 Mbps     0 retrans   2640 KB-cwnd
[2024-11-05T14:44:33.163726-0600]     1.3750 MB /   0.50 sec =   23.0734 Mbps     0 retrans   2640 KB-cwnd
[2024-11-05T14:44:33.164148-0600]     1.5000 MB /   0.50 sec =   25.1654 Mbps     0 retrans   2640 KB-cwnd
[2024-11-05T14:44:33.903234-0600]     1.7500 MB /   0.50 sec =   29.3553 Mbps     0 retrans   2640 KB-cwnd
[2024-11-05T14:44:33.903803-0600]     1.8750 MB /   0.50 sec =   31.4606 Mbps     0 retrans   2640 KB-cwnd
[2024-11-05T14:44:34.767903-0600]     1.5625 MB /   0.50 sec =   26.2166 Mbps     0 retrans   2640 KB-cwnd
[2024-11-05T14:44:35.611274-0600]     1.5000 MB /   0.50 sec =   25.1667 Mbps     0 retrans   2640 KB-cwnd
[2024-11-05T14:44:35.611658-0600]     1.6250 MB /   0.50 sec =   27.2628 Mbps     0 retrans   2640 KB-cwnd
[2024-11-05T14:44:36.607679-0600]     1.4375 MB /   0.50 sec =   24.1170 Mbps     0 retrans   2640 KB-cwnd
[2024-11-05T14:44:36.608073-0600]     1.3125 MB /   0.50 sec =   22.0208 Mbps     0 retrans   2640 KB-cwnd
[2024-11-05T14:44:37.535404-0600]     1.3125 MB /   0.50 sec =   22.0191 Mbps     0 retrans   2640 KB-cwnd
[2024-11-05T14:44:37.535931-0600]     1.4375 MB /   0.50 sec =   24.1181 Mbps     0 retrans   2640 KB-cwnd
[2024-11-05T14:44:38.463965-0600]     1.4375 MB /   0.50 sec =   24.1173 Mbps     0 retrans   2640 KB-cwnd
[2024-11-05T14:44:38.464425-0600]     1.5000 MB /   0.50 sec =   25.1651 Mbps     0 retrans   2640 KB-cwnd
[2024-11-05T14:44:39.431553-0600]     1.3750 MB /   0.50 sec =   23.0691 Mbps     0 retrans   2640 KB-cwnd
[2024-11-05T14:44:39.432140-0600]     1.3750 MB /   0.50 sec =   23.0687 Mbps     0 retrans   2640 KB-cwnd
[2024-11-05T14:44:40.225660-0600]     1.7500 MB /   0.50 sec =   29.3595 Mbps     0 retrans   2640 KB-cwnd
[2024-11-05T14:44:40.783097-0600]     1.5625 MB /   0.50 sec =   26.2147 Mbps     0 retrans   2640 KB-cwnd
[2024-11-05T14:44:40.866868-0600]     1.6250 MB /   0.50 sec =   27.2618 Mbps     0 retrans   2640 KB-cwnd
End time: 1730839481405
