Start time: 1730765747438
[2024-11-04T18:15:48.609258-0600] nuttcp-r: v8.1.4: socket
[2024-11-04T18:15:48.610133-0600] nuttcp-r: buflen=65536, nstream=1, port=5102 tcp
[2024-11-04T18:15:48.610220-0600] nuttcp-r: interval reporting every 0.50 seconds
[2024-11-04T18:15:48.610290-0600] nuttcp-r: connect to 54.176.53.206 with RTT=92.089 ms af=inet
[2024-11-04T18:15:48.610355-0600] nuttcp-r: send window size = 2097152, receive window size = 6291456
[2024-11-04T18:15:48.610418-0600] nuttcp-r: available send window = 1572864, available receive window = 4718592
[2024-11-04T18:15:48.610480-0600]     0.1875 MB /   0.50 sec =    3.1453 Mbps     0 retrans
[2024-11-04T18:15:49.109031-0600]     1.8125 MB /   0.50 sec =   30.4051 Mbps     0 retrans
[2024-11-04T18:15:49.609340-0600]     2.8125 MB /   0.50 sec =   47.1839 Mbps     0 retrans
[2024-11-04T18:15:50.109631-0600]     1.5000 MB /   0.50 sec =   25.1546 Mbps     0 retrans
[2024-11-04T18:15:50.609275-0600]     5.1250 MB /   0.50 sec =   85.9812 Mbps     0 retrans
[2024-11-04T18:15:51.109278-0600]     2.0625 MB /   0.50 sec =   34.6101 Mbps     0 retrans
[2024-11-04T18:15:51.609447-0600]     0.4375 MB /   0.50 sec =    7.3363 Mbps     0 retrans
[2024-11-04T18:15:52.108943-0600]     0.5625 MB /   0.50 sec =    9.4459 Mbps     0 retrans
[2024-11-04T18:15:52.609220-0600]     3.5625 MB /   0.50 sec =   59.7563 Mbps     0 retrans
[2024-11-04T18:15:53.109059-0600]     0.6875 MB /   0.50 sec =   11.5352 Mbps     0 retrans
[2024-11-04T18:15:53.609120-0600]     1.6250 MB /   0.50 sec =   27.2595 Mbps     0 retrans
[2024-11-04T18:15:54.109005-0600]     0.9375 MB /   0.50 sec =   15.7309 Mbps     0 retrans
[2024-11-04T18:15:54.609112-0600]     2.0000 MB /   0.50 sec =   33.5499 Mbps     0 retrans
[2024-11-04T18:15:55.108944-0600]     2.2500 MB /   0.50 sec =   37.7585 Mbps     0 retrans
[2024-11-04T18:15:55.609080-0600]     2.3125 MB /   0.50 sec =   38.7882 Mbps     0 retrans
[2024-11-04T18:15:56.108933-0600]     2.4375 MB /   0.50 sec =   40.9052 Mbps     0 retrans
[2024-11-04T18:15:56.608850-0600]     2.4375 MB /   0.50 sec =   40.8966 Mbps     0 retrans
[2024-11-04T18:15:57.109060-0600]     2.3125 MB /   0.50 sec =   38.7868 Mbps     0 retrans
[2024-11-04T18:15:57.609008-0600]     2.5000 MB /   0.50 sec =   41.9462 Mbps     0 retrans
[2024-11-04T18:15:58.109026-0600]     1.7500 MB /   0.50 sec =   29.3601 Mbps     0 retrans
[2024-11-04T18:15:58.608950-0600]     2.6250 MB /   0.50 sec =   44.0455 Mbps     0 retrans
[2024-11-04T18:15:59.108955-0600]     2.5625 MB /   0.50 sec =   42.9921 Mbps     0 retrans
[2024-11-04T18:15:59.609050-0600]     2.2500 MB /   0.50 sec =   37.7407 Mbps     0 retrans
[2024-11-04T18:16:00.108970-0600]     3.1250 MB /   0.50 sec =   52.4399 Mbps     0 retrans
[2024-11-04T18:16:00.608955-0600]     3.0625 MB /   0.50 sec =   51.3792 Mbps     0 retrans
[2024-11-04T18:16:01.108967-0600]     2.6875 MB /   0.50 sec =   45.0895 Mbps     0 retrans
[2024-11-04T18:16:01.608954-0600]     1.3750 MB /   0.50 sec =   23.0681 Mbps     0 retrans
[2024-11-04T18:16:02.108956-0600]     4.1250 MB /   0.50 sec =   69.2080 Mbps     0 retrans
[2024-11-04T18:16:02.609067-0600]     3.0625 MB /   0.50 sec =   51.3806 Mbps     0 retrans
[2024-11-04T18:16:03.109069-0600]     1.7500 MB /   0.50 sec =   29.3536 Mbps     0 retrans
[2024-11-04T18:16:03.609043-0600]     1.5625 MB /   0.50 sec =   26.2147 Mbps     0 retrans
[2024-11-04T18:16:04.108918-0600]     2.5000 MB /   0.50 sec =   41.9520 Mbps     0 retrans
[2024-11-04T18:16:04.608951-0600]     4.4375 MB /   0.50 sec =   74.4464 Mbps     0 retrans
[2024-11-04T18:16:05.108928-0600]     3.8125 MB /   0.50 sec =   63.9654 Mbps     0 retrans
[2024-11-04T18:16:05.608933-0600]     3.5625 MB /   0.50 sec =   59.7682 Mbps     0 retrans
[2024-11-04T18:16:06.109115-0600]     4.3125 MB /   0.50 sec =   72.3517 Mbps     0 retrans
[2024-11-04T18:16:06.609000-0600]     4.6250 MB /   0.50 sec =   77.5842 Mbps     0 retrans
[2024-11-04T18:16:07.108962-0600]     5.3750 MB /   0.50 sec =   90.1893 Mbps     0 retrans
[2024-11-04T18:16:07.608956-0600]     4.0000 MB /   0.50 sec =   67.1086 Mbps     0 retrans
[2024-11-04T18:16:08.109081-0600]     2.1875 MB /   0.50 sec =   36.6927 Mbps     0 retrans
[2024-11-04T18:16:08.608955-0600]     2.7500 MB /   0.50 sec =   46.1418 Mbps     0 retrans
[2024-11-04T18:16:09.109107-0600]     1.6250 MB /   0.50 sec =   27.2610 Mbps     0 retrans
[2024-11-04T18:16:09.608951-0600]     4.4375 MB /   0.50 sec =   74.4608 Mbps     0 retrans
[2024-11-04T18:16:10.108964-0600]     5.0000 MB /   0.50 sec =   83.8876 Mbps     0 retrans
[2024-11-04T18:16:10.608979-0600]     3.6250 MB /   0.50 sec =   60.8178 Mbps     0 retrans
[2024-11-04T18:16:11.108943-0600]     4.1875 MB /   0.50 sec =   70.2547 Mbps     0 retrans
[2024-11-04T18:16:11.608943-0600]     4.0000 MB /   0.50 sec =   67.1082 Mbps     0 retrans
[2024-11-04T18:16:12.109126-0600]     1.3125 MB /   0.50 sec =   22.0156 Mbps     0 retrans
[2024-11-04T18:16:12.609071-0600]     2.0000 MB /   0.50 sec =   33.5539 Mbps     0 retrans
[2024-11-04T18:16:13.109030-0600]     5.3750 MB /   0.50 sec =   90.1860 Mbps     0 retrans
[2024-11-04T18:16:13.609171-0600]     4.8750 MB /   0.50 sec =   81.7987 Mbps     0 retrans
[2024-11-04T18:16:14.108890-0600]     4.1875 MB /   0.50 sec =   70.2589 Mbps     0 retrans
[2024-11-04T18:16:14.608946-0600]     4.5000 MB /   0.50 sec =   75.4938 Mbps     0 retrans
[2024-11-04T18:16:15.108840-0600]     5.8750 MB /   0.50 sec =   98.5742 Mbps     0 retrans
[2024-11-04T18:16:15.609017-0600]     5.5625 MB /   0.50 sec =   93.3027 Mbps     0 retrans
[2024-11-04T18:16:16.109025-0600]     3.1250 MB /   0.50 sec =   52.4287 Mbps     0 retrans
[2024-11-04T18:16:16.608882-0600]     5.0625 MB /   0.50 sec =   84.9479 Mbps     0 retrans
[2024-11-04T18:16:17.109067-0600]     4.1875 MB /   0.50 sec =   70.2412 Mbps     0 retrans
[2024-11-04T18:16:17.608938-0600]     4.9375 MB /   0.50 sec =   82.8524 Mbps     0 retrans
[2024-11-04T18:16:18.108920-0600]     4.1875 MB /   0.50 sec =   70.2550 Mbps     0 retrans
[2024-11-04T18:16:18.609005-0600]     1.6250 MB /   0.50 sec =   27.2589 Mbps     0 retrans
[2024-11-04T18:16:19.109029-0600]     3.6875 MB /   0.50 sec =   61.8657 Mbps     0 retrans
[2024-11-04T18:16:19.608910-0600]     4.2500 MB /   0.50 sec =   71.3093 Mbps     0 retrans
[2024-11-04T18:16:20.108948-0600]     6.1875 MB /   0.50 sec =  103.8155 Mbps     0 retrans
[2024-11-04T18:16:20.608882-0600]     3.7500 MB /   0.50 sec =   62.9147 Mbps     0 retrans
[2024-11-04T18:16:21.108956-0600]     5.3125 MB /   0.50 sec =   89.1263 Mbps     0 retrans
[2024-11-04T18:16:21.608925-0600]     4.4375 MB /   0.50 sec =   74.4505 Mbps     0 retrans
[2024-11-04T18:16:22.108924-0600]     5.2500 MB /   0.50 sec =   88.0807 Mbps     0 retrans
[2024-11-04T18:16:22.608921-0600]     5.5000 MB /   0.50 sec =   92.2760 Mbps     0 retrans
[2024-11-04T18:16:23.108999-0600]     5.0000 MB /   0.50 sec =   83.8742 Mbps     0 retrans
[2024-11-04T18:16:23.609047-0600]     2.9375 MB /   0.50 sec =   49.2786 Mbps     0 retrans
[2024-11-04T18:16:24.109113-0600]     3.3750 MB /   0.50 sec =   56.6187 Mbps     0 retrans
[2024-11-04T18:16:24.609170-0600]     1.8125 MB /   0.50 sec =   30.4120 Mbps     0 retrans
[2024-11-04T18:16:25.108914-0600]     4.7500 MB /   0.50 sec =   79.7002 Mbps     0 retrans
[2024-11-04T18:16:25.609145-0600]     5.0000 MB /   0.50 sec =   83.8676 Mbps     0 retrans
[2024-11-04T18:16:26.108953-0600]     5.6875 MB /   0.50 sec =   95.4368 Mbps     0 retrans
[2024-11-04T18:16:26.608944-0600]     2.3125 MB /   0.50 sec =   38.8017 Mbps     0 retrans
[2024-11-04T18:16:27.108931-0600]     4.6250 MB /   0.50 sec =   77.5960 Mbps     0 retrans
[2024-11-04T18:16:27.608919-0600]     4.3125 MB /   0.50 sec =   72.3523 Mbps     0 retrans
[2024-11-04T18:16:28.109028-0600]     1.3750 MB /   0.50 sec =   23.0652 Mbps     0 retrans
[2024-11-04T18:16:28.609071-0600]     1.1875 MB /   0.50 sec =   19.9210 Mbps     0 retrans
[2024-11-04T18:16:29.109028-0600]     2.9375 MB /   0.50 sec =   49.2887 Mbps     0 retrans
[2024-11-04T18:16:29.609055-0600]     1.8125 MB /   0.50 sec =   30.4052 Mbps     0 retrans
[2024-11-04T18:16:30.108950-0600]     3.6875 MB /   0.50 sec =   61.8789 Mbps     0 retrans
[2024-11-04T18:16:30.608930-0600]     3.3750 MB /   0.50 sec =   56.6210 Mbps     0 retrans
[2024-11-04T18:16:31.108964-0600]     2.2500 MB /   0.50 sec =   37.7497 Mbps     0 retrans
[2024-11-04T18:16:31.609044-0600]     3.5625 MB /   0.50 sec =   59.7725 Mbps     0 retrans
[2024-11-04T18:16:32.108947-0600]     1.1875 MB /   0.50 sec =   19.9221 Mbps     0 retrans
[2024-11-04T18:16:32.608917-0600]     4.5000 MB /   0.50 sec =   75.5006 Mbps     0 retrans
[2024-11-04T18:16:33.108933-0600]     2.7500 MB /   0.50 sec =   46.1372 Mbps     0 retrans
[2024-11-04T18:16:33.609029-0600]     1.5000 MB /   0.50 sec =   25.1608 Mbps     0 retrans
[2024-11-04T18:16:34.109109-0600]     1.7500 MB /   0.50 sec =   29.3573 Mbps     0 retrans
[2024-11-04T18:16:34.609028-0600]     3.2500 MB /   0.50 sec =   54.5311 Mbps     0 retrans
[2024-11-04T18:16:35.109009-0600]     1.0000 MB /   0.50 sec =   16.7779 Mbps     0 retrans
[2024-11-04T18:16:35.609063-0600]     1.3125 MB /   0.50 sec =   22.0190 Mbps     0 retrans
[2024-11-04T18:16:36.108971-0600]     0.7500 MB /   0.50 sec =   12.5838 Mbps     0 retrans
[2024-11-04T18:16:36.609082-0600]     1.5625 MB /   0.50 sec =   26.2106 Mbps     0 retrans
[2024-11-04T18:16:37.108925-0600]     3.9375 MB /   0.50 sec =   66.0791 Mbps     0 retrans
[2024-11-04T18:16:37.608917-0600]     1.8750 MB /   0.50 sec =   31.4573 Mbps     0 retrans
[2024-11-04T18:16:38.108971-0600]     0.6250 MB /   0.50 sec =   10.4856 Mbps     0 retrans
[2024-11-04T18:16:38.609022-0600]     1.3125 MB /   0.50 sec =   22.0172 Mbps     0 retrans
[2024-11-04T18:16:39.108932-0600]     0.5000 MB /   0.50 sec =    8.3894 Mbps     0 retrans
[2024-11-04T18:16:39.609143-0600]     2.0625 MB /   0.50 sec =   34.5932 Mbps     0 retrans
[2024-11-04T18:16:40.109153-0600]     0.9375 MB /   0.50 sec =   15.7287 Mbps     0 retrans
[2024-11-04T18:16:40.609040-0600]     0.7500 MB /   0.50 sec =   12.5843 Mbps     0 retrans
[2024-11-04T18:16:41.108962-0600]     2.3125 MB /   0.50 sec =   38.8052 Mbps     0 retrans
[2024-11-04T18:16:41.608935-0600]     1.8750 MB /   0.50 sec =   31.4578 Mbps     0 retrans
[2024-11-04T18:16:42.108930-0600]     1.6250 MB /   0.50 sec =   27.2628 Mbps     0 retrans
[2024-11-04T18:16:42.608993-0600]     1.4375 MB /   0.50 sec =   24.1141 Mbps     0 retrans
[2024-11-04T18:16:43.109033-0600]     0.7500 MB /   0.50 sec =   12.5827 Mbps     0 retrans
[2024-11-04T18:16:43.609097-0600]     1.0000 MB /   0.50 sec =   16.7752 Mbps     0 retrans
[2024-11-04T18:16:44.109118-0600]     0.3125 MB /   0.50 sec =    5.2427 Mbps     0 retrans
[2024-11-04T18:16:44.608863-0600]     2.0000 MB /   0.50 sec =   33.5661 Mbps     0 retrans
[2024-11-04T18:16:45.109048-0600]     0.6250 MB /   0.50 sec =   10.4837 Mbps     0 retrans
[2024-11-04T18:16:45.609033-0600]     1.1875 MB /   0.50 sec =   19.9225 Mbps     0 retrans
[2024-11-04T18:16:46.108927-0600]     2.2500 MB /   0.50 sec =   37.7551 Mbps     0 retrans
[2024-11-04T18:16:46.608937-0600]     1.3750 MB /   0.50 sec =   23.0685 Mbps     0 retrans
[2024-11-04T18:16:47.109231-0600]     1.6875 MB /   0.50 sec =   28.3071 Mbps     0 retrans
[2024-11-04T18:16:47.608927-0600]     1.3750 MB /   0.50 sec =   23.0725 Mbps     0 retrans
[2024-11-04T18:16:48.109033-0600]     0.5000 MB /   0.50 sec =    8.3872 Mbps     0 retrans
[2024-11-04T18:16:48.609049-0600]     0.8750 MB /   0.50 sec =   14.6798 Mbps     0 retrans
[2024-11-04T18:16:49.108943-0600]     0.9375 MB /   0.50 sec =   15.7312 Mbps     0 retrans
[2024-11-04T18:16:49.608933-0600]     1.7500 MB /   0.50 sec =   29.3607 Mbps     0 retrans
[2024-11-04T18:16:50.108852-0600]     1.3750 MB /   0.50 sec =   23.0702 Mbps     0 retrans
[2024-11-04T18:16:50.609032-0600]     1.6875 MB /   0.50 sec =   28.3048 Mbps     0 retrans
[2024-11-04T18:16:51.109017-0600]     1.6250 MB /   0.50 sec =   27.2637 Mbps     0 retrans
[2024-11-04T18:16:51.608917-0600]     1.5000 MB /   0.50 sec =   25.1699 Mbps     0 retrans
[2024-11-04T18:16:52.109029-0600]     0.0625 MB /   0.50 sec =    1.0484 Mbps     0 retrans
[2024-11-04T18:16:52.608928-0600]     1.5000 MB /   0.50 sec =   25.1696 Mbps     0 retrans
[2024-11-04T18:16:53.108944-0600]     1.6875 MB /   0.50 sec =   28.3116 Mbps     0 retrans
[2024-11-04T18:16:53.609005-0600]     1.4375 MB /   0.50 sec =   24.1139 Mbps     0 retrans
[2024-11-04T18:16:54.109021-0600]     0.0625 MB /   0.50 sec =    1.0486 Mbps     0 retrans
[2024-11-04T18:16:54.609025-0600]     0.9375 MB /   0.50 sec =   15.7277 Mbps     0 retrans
[2024-11-04T18:16:55.109030-0600]     0.3125 MB /   0.50 sec =    5.2432 Mbps     0 retrans
[2024-11-04T18:16:55.609004-0600]     0.3125 MB /   0.50 sec =    5.2429 Mbps     0 retrans
[2024-11-04T18:16:56.109049-0600]     2.8750 MB /   0.50 sec =   48.2307 Mbps     0 retrans
[2024-11-04T18:16:56.608870-0600]     2.0625 MB /   0.50 sec =   34.6110 Mbps     0 retrans
[2024-11-04T18:16:57.109139-0600]     2.0000 MB /   0.50 sec =   33.5491 Mbps     0 retrans
[2024-11-04T18:16:57.608934-0600]     1.3125 MB /   0.50 sec =   22.0230 Mbps     0 retrans
[2024-11-04T18:16:58.109028-0600]     0.5000 MB /   0.50 sec =    8.3875 Mbps     0 retrans
[2024-11-04T18:16:58.609015-0600]     0.5625 MB /   0.50 sec =    9.4372 Mbps     0 retrans
[2024-11-04T18:16:59.109048-0600]     0.6875 MB /   0.50 sec =   11.5340 Mbps     0 retrans
[2024-11-04T18:16:59.609007-0600]     0.0625 MB /   0.50 sec =    1.0486 Mbps     0 retrans
[2024-11-04T18:17:00.108959-0600]     2.1875 MB /   0.50 sec =   36.7023 Mbps     0 retrans
[2024-11-04T18:17:00.608934-0600]     2.1875 MB /   0.50 sec =   36.7017 Mbps     0 retrans
[2024-11-04T18:17:01.108931-0600]     1.3750 MB /   0.50 sec =   23.0688 Mbps     0 retrans
[2024-11-04T18:17:01.608933-0600]     1.6875 MB /   0.50 sec =   28.3111 Mbps     0 retrans
[2024-11-04T18:17:02.108875-0600]     1.3125 MB /   0.50 sec =   22.0213 Mbps     0 retrans
[2024-11-04T18:17:02.608941-0600]     1.3125 MB /   0.50 sec =   22.0187 Mbps     0 retrans
[2024-11-04T18:17:03.109183-0600]     1.0000 MB /   0.50 sec =   16.7745 Mbps     0 retrans
[2024-11-04T18:17:03.609029-0600]     1.4375 MB /   0.50 sec =   24.1180 Mbps     0 retrans
[2024-11-04T18:17:04.109002-0600]     1.3750 MB /   0.50 sec =   23.0693 Mbps     0 retrans
[2024-11-04T18:17:04.609131-0600]     1.7500 MB /   0.50 sec =   29.3641 Mbps     0 retrans
[2024-11-04T18:17:05.108992-0600]     1.6875 MB /   0.50 sec =   28.3105 Mbps     0 retrans
[2024-11-04T18:17:05.608949-0600]     2.2500 MB /   0.50 sec =   37.7496 Mbps     0 retrans
[2024-11-04T18:17:06.108930-0600]     2.3125 MB /   0.50 sec =   38.7976 Mbps     0 retrans
[2024-11-04T18:17:06.608948-0600]     2.6250 MB /   0.50 sec =   44.0398 Mbps     0 retrans
[2024-11-04T18:17:07.108936-0600]     2.9375 MB /   0.50 sec =   49.2840 Mbps     0 retrans
[2024-11-04T18:17:07.608933-0600]     3.3125 MB /   0.50 sec =   55.5735 Mbps     0 retrans
[2024-11-04T18:17:08.108940-0600]     2.9375 MB /   0.50 sec =   49.2827 Mbps     0 retrans
[2024-11-04T18:17:08.608887-0600]     1.3750 MB /   0.50 sec =   23.0686 Mbps     0 retrans
[2024-11-04T18:17:09.109042-0600]     2.1875 MB /   0.50 sec =   36.6957 Mbps     0 retrans
[2024-11-04T18:17:09.608942-0600]     3.8750 MB /   0.50 sec =   65.0204 Mbps     0 retrans
[2024-11-04T18:17:10.108922-0600]     2.5625 MB /   0.50 sec =   42.9920 Mbps     0 retrans
[2024-11-04T18:17:10.608953-0600]     2.8125 MB /   0.50 sec =   47.1846 Mbps     0 retrans
[2024-11-04T18:17:11.109149-0600]     2.5625 MB /   0.50 sec =   42.9786 Mbps     0 retrans
[2024-11-04T18:17:11.608931-0600]     0.6250 MB /   0.50 sec =   10.4890 Mbps     0 retrans
[2024-11-04T18:17:12.109098-0600]     2.7500 MB /   0.50 sec =   46.1383 Mbps     0 retrans
[2024-11-04T18:17:12.609044-0600]     0.1875 MB /   0.50 sec =    3.1454 Mbps     0 retrans
[2024-11-04T18:17:13.108956-0600]     0.0000 MB /   0.50 sec =    0.0000 Mbps     0 retrans
[2024-11-04T18:17:13.609097-0600]     1.2500 MB /   0.50 sec =   20.9691 Mbps     0 retrans
[2024-11-04T18:17:14.108945-0600]     0.8125 MB /   0.50 sec =   13.6339 Mbps     0 retrans
[2024-11-04T18:17:14.609079-0600]     1.2500 MB /   0.50 sec =   20.9683 Mbps     0 retrans
[2024-11-04T18:17:15.109079-0600]     2.3750 MB /   0.50 sec =   39.8462 Mbps     0 retrans
[2024-11-04T18:17:15.609003-0600]     0.0000 MB /   0.50 sec =    0.0000 Mbps     0 retrans
[2024-11-04T18:17:16.109035-0600]     0.0000 MB /   0.50 sec =    0.0000 Mbps     0 retrans
[2024-11-04T18:17:16.609052-0600]     1.3125 MB /   0.50 sec =   22.0185 Mbps     0 retrans
[2024-11-04T18:17:17.109053-0600]     2.4375 MB /   0.50 sec =   40.8957 Mbps     0 retrans
[2024-11-04T18:17:17.609149-0600]     0.0000 MB /   0.50 sec =    0.0000 Mbps     0 retrans
[2024-11-04T18:17:18.109110-0600]     0.0625 MB /   0.50 sec =    1.0485 Mbps     0 retrans
[2024-11-04T18:17:18.608943-0600]     0.0000 MB /   0.50 sec =    0.0000 Mbps     0 retrans
[2024-11-04T18:17:19.109132-0600]     0.3750 MB /   0.50 sec =    6.2905 Mbps     0 retrans
[2024-11-04T18:17:19.608920-0600]     0.0625 MB /   0.50 sec =    1.0488 Mbps     0 retrans
[2024-11-04T18:17:20.109260-0600]     0.6875 MB /   0.50 sec =   11.5327 Mbps     0 retrans
[2024-11-04T18:17:20.609132-0600]     0.0000 MB /   0.50 sec =    0.0000 Mbps     0 retrans
[2024-11-04T18:17:21.108961-0600]     1.9375 MB /   0.50 sec =   32.5146 Mbps     0 retrans
[2024-11-04T18:17:21.608939-0600]     0.6250 MB /   0.50 sec =   10.4857 Mbps     0 retrans
[2024-11-04T18:17:22.109068-0600]     0.1875 MB /   0.50 sec =    3.1453 Mbps     0 retrans
[2024-11-04T18:17:22.609019-0600]     0.1875 MB /   0.50 sec =    3.1458 Mbps     0 retrans
[2024-11-04T18:17:23.108942-0600]     1.2500 MB /   0.50 sec =   20.9743 Mbps     0 retrans
[2024-11-04T18:17:23.608943-0600]     0.8750 MB /   0.50 sec =   14.6802 Mbps     0 retrans
[2024-11-04T18:17:24.108890-0600]     1.0000 MB /   0.50 sec =   16.7770 Mbps     0 retrans
[2024-11-04T18:17:24.608974-0600]     1.1250 MB /   0.50 sec =   18.8735 Mbps     0 retrans
[2024-11-04T18:17:25.109015-0600]     1.2500 MB /   0.50 sec =   20.9698 Mbps     0 retrans
[2024-11-04T18:17:25.608941-0600]     1.4375 MB /   0.50 sec =   24.1200 Mbps     0 retrans
[2024-11-04T18:17:26.108964-0600]     1.1875 MB /   0.50 sec =   19.9229 Mbps     0 retrans
[2024-11-04T18:17:26.609048-0600]     0.1875 MB /   0.50 sec =    3.1453 Mbps     0 retrans
[2024-11-04T18:17:27.109047-0600]     0.1875 MB /   0.50 sec =    3.1456 Mbps     0 retrans
[2024-11-04T18:17:27.608994-0600]     1.1875 MB /   0.50 sec =   19.9245 Mbps     0 retrans
[2024-11-04T18:17:28.109004-0600]     1.5625 MB /   0.50 sec =   26.2134 Mbps     0 retrans
[2024-11-04T18:17:28.608938-0600]     1.3125 MB /   0.50 sec =   22.0229 Mbps     0 retrans
[2024-11-04T18:17:29.108862-0600]     1.3750 MB /   0.50 sec =   23.0693 Mbps     0 retrans
[2024-11-04T18:17:29.608978-0600]     0.6250 MB /   0.50 sec =   10.4849 Mbps     0 retrans
[2024-11-04T18:17:30.109343-0600]     0.5000 MB /   0.50 sec =    8.3862 Mbps     0 retrans
[2024-11-04T18:17:30.608958-0600]     0.9375 MB /   0.50 sec =   15.7333 Mbps     0 retrans
[2024-11-04T18:17:31.108969-0600]     3.0625 MB /   0.50 sec =   51.3820 Mbps     0 retrans
[2024-11-04T18:17:31.608908-0600]     1.7500 MB /   0.50 sec =   29.3624 Mbps     0 retrans
[2024-11-04T18:17:32.108965-0600]     1.3125 MB /   0.50 sec =   22.0182 Mbps     0 retrans
[2024-11-04T18:17:32.609046-0600]     0.0000 MB /   0.50 sec =    0.0000 Mbps     0 retrans
[2024-11-04T18:17:33.109099-0600]     0.0000 MB /   0.50 sec =    0.0000 Mbps     0 retrans
[2024-11-04T18:17:33.609026-0600]     0.0000 MB /   0.50 sec =    0.0000 Mbps     0 retrans
[2024-11-04T18:17:34.108937-0600]     1.0000 MB /   0.50 sec =   16.7789 Mbps     0 retrans
[2024-11-04T18:17:34.609034-0600]     0.0625 MB /   0.50 sec =    1.0484 Mbps     0 retrans
[2024-11-04T18:17:35.108944-0600]     1.9375 MB /   0.50 sec =   32.5114 Mbps     0 retrans
[2024-11-04T18:17:35.608932-0600]     1.6875 MB /   0.50 sec =   28.3116 Mbps     0 retrans
[2024-11-04T18:17:36.108937-0600]     1.6875 MB /   0.50 sec =   28.3114 Mbps     0 retrans
[2024-11-04T18:17:36.609059-0600]     0.5000 MB /   0.50 sec =    8.3871 Mbps     0 retrans
[2024-11-04T18:17:37.109233-0600]     0.8125 MB /   0.50 sec =   13.6305 Mbps     0 retrans
[2024-11-04T18:17:37.609048-0600]     0.5000 MB /   0.50 sec =    8.3896 Mbps     0 retrans
[2024-11-04T18:17:38.109067-0600]     0.0000 MB /   0.50 sec =    0.0000 Mbps     0 retrans
[2024-11-04T18:17:38.609025-0600]     1.0625 MB /   0.50 sec =   17.8264 Mbps     0 retrans
[2024-11-04T18:17:39.109024-0600]     2.9375 MB /   0.50 sec =   49.2836 Mbps     0 retrans
[2024-11-04T18:17:39.609000-0600]     0.1875 MB /   0.50 sec =    3.1459 Mbps     0 retrans
[2024-11-04T18:17:40.109073-0600]     0.8750 MB /   0.50 sec =   14.6780 Mbps     0 retrans
[2024-11-04T18:17:40.609029-0600]     0.0000 MB /   0.50 sec =    0.0000 Mbps     0 retrans
[2024-11-04T18:17:41.109067-0600]     0.6250 MB /   0.50 sec =   10.4851 Mbps     0 retrans
[2024-11-04T18:17:41.609028-0600]     0.0000 MB /   0.50 sec =    0.0000 Mbps     0 retrans
[2024-11-04T18:17:42.108974-0600]     1.2500 MB /   0.50 sec =   20.9734 Mbps     0 retrans
[2024-11-04T18:17:42.608937-0600]     1.0000 MB /   0.50 sec =   16.7779 Mbps     0 retrans
[2024-11-04T18:17:43.109037-0600]     0.3125 MB /   0.50 sec =    5.2418 Mbps     0 retrans
[2024-11-04T18:17:43.608884-0600]     0.8750 MB /   0.50 sec =   14.6832 Mbps     0 retrans
[2024-11-04T18:17:44.108990-0600]     0.8750 MB /   0.50 sec =   14.6793 Mbps     0 retrans
[2024-11-04T18:17:44.608957-0600]     0.8750 MB /   0.50 sec =   14.6806 Mbps     0 retrans
[2024-11-04T18:17:45.108968-0600]     0.7500 MB /   0.50 sec =   12.5828 Mbps     0 retrans
[2024-11-04T18:17:45.609006-0600]     0.8125 MB /   0.50 sec =   13.6300 Mbps     0 retrans
[2024-11-04T18:17:46.109029-0600]     0.5000 MB /   0.50 sec =    8.3884 Mbps     0 retrans
[2024-11-04T18:17:46.609011-0600]     0.3125 MB /   0.50 sec =    5.2429 Mbps     0 retrans
[2024-11-04T18:17:47.109123-0600]     0.3125 MB /   0.50 sec =    5.2421 Mbps     0 retrans
[2024-11-04T18:17:47.608920-0600]     1.5625 MB /   0.50 sec =   26.2226 Mbps     0 retrans
[2024-11-04T18:17:48.109269-0600]     0.7500 MB /   0.50 sec =   12.5808 Mbps     0 retrans
End time: 1730765868568
