Start time: 1730928928855
[2024-11-06T16:35:29.721181-0500] nuttcp-r: v8.1.4: socket
[2024-11-06T16:35:29.721948-0500] nuttcp-r: buflen=65536, nstream=1, port=5102 tcp
[2024-11-06T16:35:29.722043-0500] nuttcp-r: interval reporting every 0.50 seconds
[2024-11-06T16:35:29.722118-0500] nuttcp-r: connect to 54.197.223.49 with RTT=40.033 ms af=inet
[2024-11-06T16:35:29.722188-0500] nuttcp-r: send window size = 2097152, receive window size = 6291456
[2024-11-06T16:35:29.722258-0500] nuttcp-r: available send window = 1572864, available receive window = 4718592
[2024-11-06T16:35:29.722327-0500]     1.1875 MB /   0.50 sec =   19.9200 Mbps     0 retrans     13 KB-cwnd
[2024-11-06T16:35:30.221033-0500]     1.1250 MB /   0.50 sec =   18.8744 Mbps     0 retrans     13 KB-cwnd
[2024-11-06T16:35:30.721715-0500]     3.7500 MB /   0.50 sec =   62.9112 Mbps     0 retrans     13 KB-cwnd
[2024-11-06T16:35:31.221939-0500]     2.6875 MB /   0.50 sec =   45.0544 Mbps     0 retrans     13 KB-cwnd
[2024-11-06T16:35:31.721616-0500]     1.0625 MB /   0.50 sec =   17.8391 Mbps     0 retrans     13 KB-cwnd
[2024-11-06T16:35:32.221346-0500]     0.9375 MB /   0.50 sec =   15.7287 Mbps     0 retrans     13 KB-cwnd
[2024-11-06T16:35:32.721340-0500]     0.6250 MB /   0.50 sec =   10.4857 Mbps     0 retrans     13 KB-cwnd
[2024-11-06T16:35:33.221507-0500]     1.5625 MB /   0.50 sec =   26.2054 Mbps     0 retrans     13 KB-cwnd
[2024-11-06T16:35:33.721227-0500]     1.0625 MB /   0.50 sec =   17.8327 Mbps     0 retrans     13 KB-cwnd
[2024-11-06T16:35:34.221102-0500]     2.6250 MB /   0.50 sec =   44.0415 Mbps     0 retrans     13 KB-cwnd
[2024-11-06T16:35:34.721159-0500]     2.5625 MB /   0.50 sec =   42.9972 Mbps     0 retrans     13 KB-cwnd
[2024-11-06T16:35:35.221320-0500]     1.5625 MB /   0.50 sec =   26.2023 Mbps     0 retrans     13 KB-cwnd
[2024-11-06T16:35:35.721251-0500]     1.3125 MB /   0.50 sec =   22.0219 Mbps     0 retrans     13 KB-cwnd
[2024-11-06T16:35:36.221427-0500]     0.7500 MB /   0.50 sec =   12.5792 Mbps     0 retrans     13 KB-cwnd
[2024-11-06T16:35:36.721466-0500]     0.8125 MB /   0.50 sec =   13.6305 Mbps     0 retrans     13 KB-cwnd
[2024-11-06T16:35:37.221280-0500]     1.3125 MB /   0.50 sec =   22.0271 Mbps     0 retrans     13 KB-cwnd
[2024-11-06T16:35:37.721151-0500]     1.3750 MB /   0.50 sec =   23.0755 Mbps     0 retrans     13 KB-cwnd
[2024-11-06T16:35:38.221314-0500]     1.1875 MB /   0.50 sec =   19.9216 Mbps     0 retrans     13 KB-cwnd
[2024-11-06T16:35:38.721195-0500]     0.7500 MB /   0.50 sec =   12.5833 Mbps     0 retrans     13 KB-cwnd
[2024-11-06T16:35:39.221381-0500]     0.3750 MB /   0.50 sec =    6.2900 Mbps     0 retrans     13 KB-cwnd
[2024-11-06T16:35:39.721225-0500]     0.8125 MB /   0.50 sec =   13.6322 Mbps     0 retrans     13 KB-cwnd
[2024-11-06T16:35:40.221072-0500]     1.1875 MB /   0.50 sec =   19.9284 Mbps     0 retrans     13 KB-cwnd
[2024-11-06T16:35:40.721154-0500]     1.9375 MB /   0.50 sec =   32.5019 Mbps     0 retrans     13 KB-cwnd
[2024-11-06T16:35:41.221092-0500]     2.3125 MB /   0.50 sec =   38.8003 Mbps     0 retrans     13 KB-cwnd
[2024-11-06T16:35:41.721360-0500]     3.3750 MB /   0.50 sec =   56.6214 Mbps     0 retrans     13 KB-cwnd
[2024-11-06T16:35:42.221122-0500]     4.0625 MB /   0.50 sec =   68.1561 Mbps     0 retrans     13 KB-cwnd
[2024-11-06T16:35:42.721534-0500]     4.1250 MB /   0.50 sec =   69.1532 Mbps     0 retrans     13 KB-cwnd
[2024-11-06T16:35:43.221160-0500]     5.3125 MB /   0.50 sec =   89.1944 Mbps     0 retrans     13 KB-cwnd
[2024-11-06T16:35:43.720999-0500]     4.1250 MB /   0.50 sec =   69.2134 Mbps     0 retrans     13 KB-cwnd
[2024-11-06T16:35:44.221526-0500]     1.5000 MB /   0.50 sec =   25.1451 Mbps     0 retrans     13 KB-cwnd
[2024-11-06T16:35:44.721171-0500]     5.4375 MB /   0.50 sec =   91.3028 Mbps     0 retrans     13 KB-cwnd
[2024-11-06T16:35:45.221077-0500]     4.6875 MB /   0.50 sec =   78.6408 Mbps     0 retrans     13 KB-cwnd
[2024-11-06T16:35:45.721060-0500]     5.1875 MB /   0.50 sec =   87.0349 Mbps     0 retrans     13 KB-cwnd
[2024-11-06T16:35:46.221141-0500]     4.8125 MB /   0.50 sec =   80.7295 Mbps     0 retrans     13 KB-cwnd
[2024-11-06T16:35:46.721091-0500]     5.0625 MB /   0.50 sec =   84.9447 Mbps     0 retrans     13 KB-cwnd
[2024-11-06T16:35:47.221260-0500]     3.8125 MB /   0.50 sec =   63.9440 Mbps     0 retrans     13 KB-cwnd
[2024-11-06T16:35:47.721002-0500]     3.4375 MB /   0.50 sec =   57.6911 Mbps     0 retrans     13 KB-cwnd
[2024-11-06T16:35:48.222436-0500]     4.5000 MB /   0.50 sec =   75.2975 Mbps     0 retrans     26 KB-cwnd
[2024-11-06T16:35:48.721077-0500]     5.6250 MB /   0.50 sec =   94.6209 Mbps     0 retrans     26 KB-cwnd
[2024-11-06T16:35:49.221185-0500]     4.2500 MB /   0.50 sec =   71.2923 Mbps     0 retrans     26 KB-cwnd
[2024-11-06T16:35:49.721061-0500]     3.0000 MB /   0.50 sec =   50.3396 Mbps     0 retrans     26 KB-cwnd
[2024-11-06T16:35:50.221095-0500]     4.0625 MB /   0.50 sec =   68.1555 Mbps     0 retrans     26 KB-cwnd
[2024-11-06T16:35:50.721087-0500]     3.6875 MB /   0.50 sec =   61.8628 Mbps     0 retrans     26 KB-cwnd
[2024-11-06T16:35:51.222183-0500]     2.7500 MB /   0.50 sec =   46.0535 Mbps     0 retrans     26 KB-cwnd
[2024-11-06T16:35:51.721149-0500]     1.7500 MB /   0.50 sec =   29.4134 Mbps     0 retrans     26 KB-cwnd
[2024-11-06T16:35:52.221150-0500]     2.5000 MB /   0.50 sec =   41.9384 Mbps     0 retrans     26 KB-cwnd
[2024-11-06T16:35:52.721058-0500]     3.1250 MB /   0.50 sec =   52.4395 Mbps     0 retrans     26 KB-cwnd
[2024-11-06T16:35:53.220986-0500]     3.5000 MB /   0.50 sec =   58.7231 Mbps     0 retrans     26 KB-cwnd
[2024-11-06T16:35:53.721486-0500]     4.0000 MB /   0.50 sec =   67.0496 Mbps     0 retrans     26 KB-cwnd
[2024-11-06T16:35:54.221070-0500]     4.7500 MB /   0.50 sec =   79.7623 Mbps     0 retrans     26 KB-cwnd
[2024-11-06T16:35:54.721390-0500]     5.9375 MB /   0.50 sec =   99.5448 Mbps     0 retrans     26 KB-cwnd
[2024-11-06T16:35:55.221231-0500]     5.3750 MB /   0.50 sec =   90.2082 Mbps     0 retrans     26 KB-cwnd
[2024-11-06T16:35:55.721077-0500]     8.3125 MB /   0.50 sec =  139.5013 Mbps     0 retrans     26 KB-cwnd
[2024-11-06T16:35:56.221058-0500]     6.6875 MB /   0.50 sec =  112.1994 Mbps     0 retrans     26 KB-cwnd
[2024-11-06T16:35:56.721121-0500]     9.1250 MB /   0.50 sec =  153.0734 Mbps     0 retrans     26 KB-cwnd
[2024-11-06T16:35:57.221108-0500]    10.0000 MB /   0.50 sec =  167.7799 Mbps     0 retrans     33 KB-cwnd
[2024-11-06T16:35:57.721134-0500]     5.7500 MB /   0.50 sec =   96.4686 Mbps     0 retrans     33 KB-cwnd
[2024-11-06T16:35:58.221062-0500]    10.5000 MB /   0.50 sec =  176.1745 Mbps     0 retrans     33 KB-cwnd
[2024-11-06T16:35:58.721140-0500]     9.0000 MB /   0.50 sec =  150.9850 Mbps     0 retrans     45 KB-cwnd
[2024-11-06T16:35:59.222375-0500]     9.0625 MB /   0.50 sec =  151.6671 Mbps     0 retrans     51 KB-cwnd
[2024-11-06T16:35:59.721068-0500]     9.4375 MB /   0.50 sec =  158.7394 Mbps     0 retrans     51 KB-cwnd
[2024-11-06T16:36:00.221056-0500]     8.5000 MB /   0.50 sec =  142.6061 Mbps     0 retrans     51 KB-cwnd
[2024-11-06T16:36:00.721093-0500]     8.4375 MB /   0.50 sec =  141.5640 Mbps     0 retrans     51 KB-cwnd
[2024-11-06T16:36:01.222525-0500]     5.1875 MB /   0.50 sec =   86.7871 Mbps     0 retrans     51 KB-cwnd
[2024-11-06T16:36:01.721200-0500]     3.0625 MB /   0.50 sec =   51.5112 Mbps     0 retrans     51 KB-cwnd
[2024-11-06T16:36:02.221255-0500]     4.3750 MB /   0.50 sec =   73.3956 Mbps     0 retrans     51 KB-cwnd
[2024-11-06T16:36:02.721094-0500]     6.9375 MB /   0.50 sec =  116.4203 Mbps     0 retrans     51 KB-cwnd
[2024-11-06T16:36:03.221062-0500]     7.3125 MB /   0.50 sec =  122.6900 Mbps     0 retrans     51 KB-cwnd
[2024-11-06T16:36:03.721068-0500]     8.7500 MB /   0.50 sec =  146.8015 Mbps     0 retrans     56 KB-cwnd
[2024-11-06T16:36:04.221057-0500]     8.1875 MB /   0.50 sec =  137.3637 Mbps     0 retrans     56 KB-cwnd
[2024-11-06T16:36:04.721112-0500]     4.7500 MB /   0.50 sec =   79.6867 Mbps     0 retrans     56 KB-cwnd
[2024-11-06T16:36:05.221111-0500]     5.3125 MB /   0.50 sec =   89.1247 Mbps     0 retrans     56 KB-cwnd
[2024-11-06T16:36:05.721309-0500]     6.1250 MB /   0.50 sec =  102.7639 Mbps   392 retrans   3380 KB-cwnd
[2024-11-06T16:36:06.221396-0500]     7.6250 MB /   0.50 sec =  127.8733 Mbps     0 retrans   3380 KB-cwnd
[2024-11-06T16:36:06.721189-0500]     6.0000 MB /   0.50 sec =  100.6965 Mbps     0 retrans   3380 KB-cwnd
[2024-11-06T16:36:07.221103-0500]    10.0625 MB /   0.50 sec =  168.8305 Mbps     0 retrans   3380 KB-cwnd
[2024-11-06T16:36:07.721122-0500]     8.1875 MB /   0.50 sec =  137.3717 Mbps     0 retrans   3380 KB-cwnd
[2024-11-06T16:36:08.221065-0500]     9.0625 MB /   0.50 sec =  152.0484 Mbps     0 retrans   3380 KB-cwnd
[2024-11-06T16:36:08.721098-0500]     8.5625 MB /   0.50 sec =  143.6466 Mbps     0 retrans   3380 KB-cwnd
[2024-11-06T16:36:09.221128-0500]     9.0625 MB /   0.50 sec =  152.0423 Mbps     7 retrans   3584 KB-cwnd
[2024-11-06T16:36:09.721081-0500]     8.8750 MB /   0.50 sec =  148.9064 Mbps     0 retrans   3584 KB-cwnd
[2024-11-06T16:36:10.221050-0500]     9.0625 MB /   0.50 sec =  152.0484 Mbps     0 retrans   3584 KB-cwnd
[2024-11-06T16:36:10.721249-0500]     6.5625 MB /   0.50 sec =  110.0901 Mbps     0 retrans   3584 KB-cwnd
[2024-11-06T16:36:11.221152-0500]     8.2500 MB /   0.50 sec =  138.4015 Mbps     0 retrans   3584 KB-cwnd
[2024-11-06T16:36:11.721167-0500]     3.6250 MB /   0.50 sec =   60.8226 Mbps     0 retrans   3584 KB-cwnd
[2024-11-06T16:36:12.221225-0500]     3.0625 MB /   0.50 sec =   51.3710 Mbps     0 retrans   3584 KB-cwnd
[2024-11-06T16:36:12.721110-0500]     2.4375 MB /   0.50 sec =   40.9026 Mbps     0 retrans   3584 KB-cwnd
[2024-11-06T16:36:13.221263-0500]     3.5625 MB /   0.50 sec =   59.7522 Mbps   167 retrans   2468 KB-cwnd
[2024-11-06T16:36:13.721128-0500]     1.1250 MB /   0.50 sec =   18.8792 Mbps     0 retrans   2468 KB-cwnd
[2024-11-06T16:36:14.221237-0500]     1.8125 MB /   0.50 sec =   30.4115 Mbps     0 retrans   2468 KB-cwnd
[2024-11-06T16:36:14.721191-0500]     4.0000 MB /   0.50 sec =   67.1097 Mbps     0 retrans   2468 KB-cwnd
[2024-11-06T16:36:15.221150-0500]     3.4375 MB /   0.50 sec =   57.6615 Mbps     0 retrans   2468 KB-cwnd
[2024-11-06T16:36:15.721056-0500]     4.0000 MB /   0.50 sec =   67.1195 Mbps     0 retrans   2468 KB-cwnd
[2024-11-06T16:36:16.221056-0500]     5.1875 MB /   0.50 sec =   87.0313 Mbps     0 retrans   2468 KB-cwnd
[2024-11-06T16:36:16.721087-0500]     5.5000 MB /   0.50 sec =   92.2712 Mbps     0 retrans   2468 KB-cwnd
[2024-11-06T16:36:17.221230-0500]     5.1250 MB /   0.50 sec =   85.9607 Mbps     0 retrans   2468 KB-cwnd
[2024-11-06T16:36:17.721118-0500]     6.8125 MB /   0.50 sec =  114.3250 Mbps     0 retrans   2468 KB-cwnd
[2024-11-06T16:36:18.222188-0500]     4.3750 MB /   0.50 sec =   73.2627 Mbps     0 retrans   2468 KB-cwnd
[2024-11-06T16:36:18.721084-0500]     6.8750 MB /   0.50 sec =  115.5636 Mbps     0 retrans   2468 KB-cwnd
[2024-11-06T16:36:19.221492-0500]     5.3750 MB /   0.50 sec =   90.1298 Mbps     5 retrans   2912 KB-cwnd
[2024-11-06T16:36:19.721609-0500]     4.8125 MB /   0.50 sec =   80.7219 Mbps     0 retrans   2912 KB-cwnd
[2024-11-06T16:36:20.221065-0500]     5.5000 MB /   0.50 sec =   92.3432 Mbps     0 retrans   2912 KB-cwnd
[2024-11-06T16:36:20.721120-0500]     3.8125 MB /   0.50 sec =   63.9608 Mbps     0 retrans   2912 KB-cwnd
[2024-11-06T16:36:21.221224-0500]     3.6250 MB /   0.50 sec =   60.8026 Mbps     0 retrans   2912 KB-cwnd
[2024-11-06T16:36:21.721078-0500]     6.7500 MB /   0.50 sec =  113.2802 Mbps     0 retrans   2912 KB-cwnd
[2024-11-06T16:36:22.221377-0500]     4.8750 MB /   0.50 sec =   81.7528 Mbps     0 retrans   2912 KB-cwnd
[2024-11-06T16:36:22.721058-0500]     4.3750 MB /   0.50 sec =   73.4328 Mbps     0 retrans   2912 KB-cwnd
[2024-11-06T16:36:23.221165-0500]     3.5000 MB /   0.50 sec =   58.7086 Mbps     0 retrans   2912 KB-cwnd
[2024-11-06T16:36:23.721137-0500]     1.3125 MB /   0.50 sec =   22.0228 Mbps     0 retrans   2912 KB-cwnd
[2024-11-06T16:36:24.221232-0500]     2.0625 MB /   0.50 sec =   34.5953 Mbps     0 retrans   2912 KB-cwnd
[2024-11-06T16:36:24.721176-0500]     1.8750 MB /   0.50 sec =   31.4567 Mbps     0 retrans   2912 KB-cwnd
[2024-11-06T16:36:25.221358-0500]     5.0625 MB /   0.50 sec =   84.9195 Mbps     0 retrans   2912 KB-cwnd
[2024-11-06T16:36:25.721206-0500]     5.2500 MB /   0.50 sec =   88.1248 Mbps    12 retrans   1902 KB-cwnd
[2024-11-06T16:36:26.221123-0500]     3.6875 MB /   0.50 sec =   61.8582 Mbps     0 retrans   1902 KB-cwnd
[2024-11-06T16:36:26.721160-0500]     1.0625 MB /   0.50 sec =   17.8276 Mbps     0 retrans   1902 KB-cwnd
[2024-11-06T16:36:27.222034-0500]     1.7500 MB /   0.50 sec =   29.3048 Mbps     0 retrans   1902 KB-cwnd
[2024-11-06T16:36:27.721221-0500]     1.0625 MB /   0.50 sec =   17.8549 Mbps     0 retrans   1902 KB-cwnd
[2024-11-06T16:36:28.221385-0500]     1.8125 MB /   0.50 sec =   30.4087 Mbps     0 retrans   1477 KB-cwnd
[2024-11-06T16:36:28.721070-0500]     2.9375 MB /   0.50 sec =   49.2961 Mbps     1 retrans   1477 KB-cwnd
[2024-11-06T16:36:29.221188-0500]     3.1250 MB /   0.50 sec =   52.4326 Mbps     0 retrans   1477 KB-cwnd
[2024-11-06T16:36:29.721093-0500]     2.0000 MB /   0.50 sec =   33.5511 Mbps     0 retrans   1477 KB-cwnd
[2024-11-06T16:36:30.221034-0500]     1.5000 MB /   0.50 sec =   25.1671 Mbps     0 retrans   1477 KB-cwnd
[2024-11-06T16:36:30.721036-0500]     1.1875 MB /   0.50 sec =   19.9221 Mbps     0 retrans   1477 KB-cwnd
[2024-11-06T16:36:31.221078-0500]     2.9375 MB /   0.50 sec =   49.2857 Mbps     0 retrans   1477 KB-cwnd
[2024-11-06T16:36:31.721422-0500]     4.5625 MB /   0.50 sec =   76.4916 Mbps     0 retrans   1477 KB-cwnd
[2024-11-06T16:36:32.221069-0500]     5.1250 MB /   0.50 sec =   86.0417 Mbps     0 retrans   1477 KB-cwnd
[2024-11-06T16:36:32.721132-0500]     4.0000 MB /   0.50 sec =   67.1042 Mbps     0 retrans   1477 KB-cwnd
[2024-11-06T16:36:33.221379-0500]     2.7500 MB /   0.50 sec =   46.1259 Mbps     0 retrans   1477 KB-cwnd
[2024-11-06T16:36:33.721088-0500]     8.0000 MB /   0.50 sec =  134.2575 Mbps     0 retrans   1477 KB-cwnd
[2024-11-06T16:36:34.221296-0500]     2.6250 MB /   0.50 sec =   44.0251 Mbps     9 retrans   1908 KB-cwnd
[2024-11-06T16:36:34.721146-0500]     3.1250 MB /   0.50 sec =   52.4436 Mbps     0 retrans   1908 KB-cwnd
[2024-11-06T16:36:35.221079-0500]     6.8125 MB /   0.50 sec =  114.3014 Mbps     0 retrans   1908 KB-cwnd
[2024-11-06T16:36:35.721156-0500]     0.3750 MB /   0.50 sec =    6.2910 Mbps     0 retrans   1908 KB-cwnd
[2024-11-06T16:36:36.221100-0500]     3.3125 MB /   0.50 sec =   55.5772 Mbps     0 retrans   1908 KB-cwnd
[2024-11-06T16:36:36.721091-0500]     1.9375 MB /   0.50 sec =   32.5054 Mbps     0 retrans   1908 KB-cwnd
[2024-11-06T16:36:37.222585-0500]     0.8750 MB /   0.50 sec =   14.6399 Mbps     0 retrans   1908 KB-cwnd
[2024-11-06T16:36:37.720983-0500]     1.8750 MB /   0.50 sec =   31.5479 Mbps     0 retrans   1908 KB-cwnd
[2024-11-06T16:36:38.220995-0500]     2.3750 MB /   0.50 sec =   39.8458 Mbps     0 retrans   1908 KB-cwnd
[2024-11-06T16:36:38.721233-0500]     3.1875 MB /   0.50 sec =   53.4738 Mbps     0 retrans   1908 KB-cwnd
[2024-11-06T16:36:39.221147-0500]     3.3750 MB /   0.50 sec =   56.6174 Mbps     0 retrans   1908 KB-cwnd
[2024-11-06T16:36:39.721129-0500]     0.8750 MB /   0.50 sec =   14.6807 Mbps     0 retrans   1908 KB-cwnd
[2024-11-06T16:36:40.221327-0500]     2.3125 MB /   0.50 sec =   38.7844 Mbps     0 retrans   1908 KB-cwnd
[2024-11-06T16:36:40.721152-0500]     3.5625 MB /   0.50 sec =   59.7869 Mbps     0 retrans   1908 KB-cwnd
[2024-11-06T16:36:41.221062-0500]     2.5625 MB /   0.50 sec =   42.9957 Mbps     0 retrans   1908 KB-cwnd
[2024-11-06T16:36:41.721101-0500]     2.3125 MB /   0.50 sec =   38.7959 Mbps     0 retrans   1908 KB-cwnd
[2024-11-06T16:36:42.221180-0500]     2.8125 MB /   0.50 sec =   47.1821 Mbps     0 retrans   1908 KB-cwnd
[2024-11-06T16:36:42.721533-0500]     3.3125 MB /   0.50 sec =   55.5313 Mbps     0 retrans   1908 KB-cwnd
[2024-11-06T16:36:43.221134-0500]     4.1250 MB /   0.50 sec =   69.2623 Mbps    22 retrans   1614 KB-cwnd
[2024-11-06T16:36:43.721065-0500]     5.5625 MB /   0.50 sec =   93.3317 Mbps     0 retrans   1614 KB-cwnd
[2024-11-06T16:36:44.221086-0500]     6.0625 MB /   0.50 sec =  101.7088 Mbps     0 retrans   1617 KB-cwnd
[2024-11-06T16:36:44.721075-0500]     6.2500 MB /   0.50 sec =  104.8593 Mbps     0 retrans   1617 KB-cwnd
[2024-11-06T16:36:45.221078-0500]     6.0625 MB /   0.50 sec =  101.7117 Mbps     0 retrans   1639 KB-cwnd
[2024-11-06T16:36:45.721250-0500]     5.3750 MB /   0.50 sec =   90.1772 Mbps     0 retrans   1639 KB-cwnd
[2024-11-06T16:36:46.221133-0500]     5.6250 MB /   0.50 sec =   94.3628 Mbps     0 retrans   1639 KB-cwnd
[2024-11-06T16:36:46.721211-0500]     4.8750 MB /   0.50 sec =   81.7965 Mbps     0 retrans   1639 KB-cwnd
[2024-11-06T16:36:47.221348-0500]     3.0625 MB /   0.50 sec =   51.3587 Mbps     0 retrans   1639 KB-cwnd
[2024-11-06T16:36:47.721116-0500]     5.3125 MB /   0.50 sec =   89.1619 Mbps     0 retrans   1639 KB-cwnd
[2024-11-06T16:36:48.221058-0500]     2.5000 MB /   0.50 sec =   41.9460 Mbps     0 retrans   1639 KB-cwnd
[2024-11-06T16:36:48.721077-0500]     4.6875 MB /   0.50 sec =   78.6430 Mbps    10 retrans   1832 KB-cwnd
[2024-11-06T16:36:49.221164-0500]     4.5000 MB /   0.50 sec =   75.4834 Mbps     0 retrans   1832 KB-cwnd
[2024-11-06T16:36:49.721066-0500]     4.0625 MB /   0.50 sec =   68.1701 Mbps     0 retrans   1832 KB-cwnd
[2024-11-06T16:36:50.221091-0500]     4.6250 MB /   0.50 sec =   77.5937 Mbps     0 retrans   1832 KB-cwnd
[2024-11-06T16:36:50.721079-0500]     4.1875 MB /   0.50 sec =   70.2554 Mbps     0 retrans   1832 KB-cwnd
[2024-11-06T16:36:51.221128-0500]     4.2500 MB /   0.50 sec =   71.3010 Mbps     0 retrans   1832 KB-cwnd
[2024-11-06T16:36:51.721097-0500]     3.6250 MB /   0.50 sec =   60.8181 Mbps     0 retrans   1832 KB-cwnd
[2024-11-06T16:36:52.221116-0500]     3.8125 MB /   0.50 sec =   63.9644 Mbps     0 retrans   1832 KB-cwnd
[2024-11-06T16:36:52.721083-0500]     3.5000 MB /   0.50 sec =   58.7204 Mbps     0 retrans   1832 KB-cwnd
[2024-11-06T16:36:53.221080-0500]     3.0625 MB /   0.50 sec =   51.3795 Mbps     0 retrans   1832 KB-cwnd
[2024-11-06T16:36:53.721068-0500]     2.9375 MB /   0.50 sec =   49.2837 Mbps     0 retrans   1832 KB-cwnd
[2024-11-06T16:36:54.221070-0500]     3.0000 MB /   0.50 sec =   50.3344 Mbps     0 retrans   1832 KB-cwnd
[2024-11-06T16:36:54.721618-0500]     2.3125 MB /   0.50 sec =   38.7579 Mbps     0 retrans   1832 KB-cwnd
[2024-11-06T16:36:55.221406-0500]     0.2500 MB /   0.50 sec =    4.1969 Mbps     0 retrans   1832 KB-cwnd
[2024-11-06T16:36:55.721166-0500]     1.5000 MB /   0.50 sec =   25.1724 Mbps     0 retrans   1832 KB-cwnd
[2024-11-06T16:36:56.221306-0500]     1.8125 MB /   0.50 sec =   30.4004 Mbps   499 retrans   1248 KB-cwnd
[2024-11-06T16:36:56.721050-0500]     3.0625 MB /   0.50 sec =   51.3998 Mbps     0 retrans   1378 KB-cwnd
[2024-11-06T16:36:57.221155-0500]     2.1250 MB /   0.50 sec =   35.6474 Mbps     0 retrans   1378 KB-cwnd
[2024-11-06T16:36:57.721094-0500]     2.3125 MB /   0.50 sec =   38.7990 Mbps     0 retrans   1378 KB-cwnd
[2024-11-06T16:36:58.221119-0500]     1.9375 MB /   0.50 sec =   32.5054 Mbps     0 retrans   1378 KB-cwnd
[2024-11-06T16:36:58.721086-0500]     1.3750 MB /   0.50 sec =   23.0702 Mbps     0 retrans   1378 KB-cwnd
[2024-11-06T16:36:59.221118-0500]     2.9375 MB /   0.50 sec =   49.2785 Mbps     0 retrans   1378 KB-cwnd
[2024-11-06T16:36:59.720992-0500]     2.8125 MB /   0.50 sec =   47.1930 Mbps     0 retrans   1378 KB-cwnd
[2024-11-06T16:37:00.221147-0500]     3.5625 MB /   0.50 sec =   59.7563 Mbps     0 retrans   1378 KB-cwnd
[2024-11-06T16:37:00.721066-0500]     3.5000 MB /   0.50 sec =   58.7291 Mbps     0 retrans   1378 KB-cwnd
[2024-11-06T16:37:01.221069-0500]     4.1875 MB /   0.50 sec =   70.2549 Mbps     0 retrans   1378 KB-cwnd
[2024-11-06T16:37:01.721220-0500]     4.6875 MB /   0.50 sec =   78.6424 Mbps     0 retrans   1412 KB-cwnd
[2024-11-06T16:37:02.221068-0500]     4.6875 MB /   0.50 sec =   78.6434 Mbps     0 retrans   1489 KB-cwnd
[2024-11-06T16:37:02.721120-0500]     5.1875 MB /   0.50 sec =   87.0241 Mbps     0 retrans   1489 KB-cwnd
[2024-11-06T16:37:03.221185-0500]     4.7500 MB /   0.50 sec =   79.6854 Mbps     0 retrans   1489 KB-cwnd
[2024-11-06T16:37:03.721101-0500]     3.0000 MB /   0.50 sec =   50.3389 Mbps     0 retrans   1489 KB-cwnd
[2024-11-06T16:37:04.221079-0500]     5.7500 MB /   0.50 sec =   96.4721 Mbps     2 retrans   1248 KB-cwnd
[2024-11-06T16:37:04.721102-0500]     5.6250 MB /   0.50 sec =   94.3718 Mbps     0 retrans   1248 KB-cwnd
[2024-11-06T16:37:05.220999-0500]     6.1875 MB /   0.50 sec =  103.8140 Mbps     0 retrans   1248 KB-cwnd
[2024-11-06T16:37:05.721511-0500]     3.4375 MB /   0.50 sec =   57.6224 Mbps     0 retrans   1248 KB-cwnd
[2024-11-06T16:37:06.221082-0500]     8.8125 MB /   0.50 sec =  147.9667 Mbps     0 retrans   1248 KB-cwnd
[2024-11-06T16:37:06.721205-0500]     6.0000 MB /   0.50 sec =  100.6651 Mbps     0 retrans   1248 KB-cwnd
[2024-11-06T16:37:07.221100-0500]     5.3125 MB /   0.50 sec =   89.1241 Mbps     0 retrans   1248 KB-cwnd
[2024-11-06T16:37:07.721326-0500]     3.3750 MB /   0.50 sec =   56.6198 Mbps     0 retrans   1248 KB-cwnd
[2024-11-06T16:37:08.221276-0500]     4.6875 MB /   0.50 sec =   78.6245 Mbps     0 retrans   1248 KB-cwnd
[2024-11-06T16:37:08.721179-0500]     2.9375 MB /   0.50 sec =   49.2918 Mbps    10 retrans    662 KB-cwnd
[2024-11-06T16:37:09.221081-0500]     1.1250 MB /   0.50 sec =   18.8774 Mbps     0 retrans    662 KB-cwnd
[2024-11-06T16:37:09.721164-0500]     0.9375 MB /   0.50 sec =   15.7271 Mbps     0 retrans    662 KB-cwnd
[2024-11-06T16:37:10.222188-0500]     3.5625 MB /   0.50 sec =   59.6489 Mbps     0 retrans    662 KB-cwnd
[2024-11-06T16:37:10.721342-0500]     2.3125 MB /   0.50 sec =   38.8813 Mbps     0 retrans    662 KB-cwnd
[2024-11-06T16:37:11.221106-0500]     2.7500 MB /   0.50 sec =   46.1345 Mbps     0 retrans    662 KB-cwnd
[2024-11-06T16:37:11.721142-0500]     0.7500 MB /   0.50 sec =   12.5822 Mbps     0 retrans    662 KB-cwnd
[2024-11-06T16:37:12.221260-0500]     1.5625 MB /   0.50 sec =   26.2078 Mbps     0 retrans    662 KB-cwnd
[2024-11-06T16:37:12.721130-0500]     0.4375 MB /   0.50 sec =    7.3419 Mbps     0 retrans    662 KB-cwnd
[2024-11-06T16:37:13.221161-0500]     3.1250 MB /   0.50 sec =   52.4262 Mbps     0 retrans    662 KB-cwnd
[2024-11-06T16:37:13.721046-0500]     2.9375 MB /   0.50 sec =   49.2896 Mbps     0 retrans    662 KB-cwnd
[2024-11-06T16:37:14.221091-0500]     3.4375 MB /   0.50 sec =   57.6699 Mbps     0 retrans    662 KB-cwnd
[2024-11-06T16:37:14.721083-0500]     4.6250 MB /   0.50 sec =   77.5954 Mbps     0 retrans    662 KB-cwnd
[2024-11-06T16:37:15.221123-0500]     5.4375 MB /   0.50 sec =   91.2194 Mbps     0 retrans    662 KB-cwnd
[2024-11-06T16:37:15.721094-0500]     6.9375 MB /   0.50 sec =  116.4010 Mbps     0 retrans    662 KB-cwnd
[2024-11-06T16:37:16.221073-0500]     7.8125 MB /   0.50 sec =  131.0749 Mbps     0 retrans    662 KB-cwnd
[2024-11-06T16:37:16.721152-0500]     9.1250 MB /   0.50 sec =  153.0716 Mbps     2 retrans   1437 KB-cwnd
[2024-11-06T16:37:17.221124-0500]     8.7500 MB /   0.50 sec =  146.8062 Mbps     0 retrans   1437 KB-cwnd
[2024-11-06T16:37:17.721213-0500]     9.3750 MB /   0.50 sec =  157.2980 Mbps     0 retrans   1437 KB-cwnd
[2024-11-06T16:37:18.221051-0500]     7.3125 MB /   0.50 sec =  122.6841 Mbps     0 retrans   1437 KB-cwnd
[2024-11-06T16:37:18.721094-0500]     8.9375 MB /   0.50 sec =  149.9428 Mbps     0 retrans   1437 KB-cwnd
[2024-11-06T16:37:19.221394-0500]     4.0000 MB /   0.50 sec =   67.0886 Mbps     0 retrans   1437 KB-cwnd
[2024-11-06T16:37:19.721165-0500]     8.8125 MB /   0.50 sec =  147.8853 Mbps     7 retrans   1170 KB-cwnd
[2024-11-06T16:37:20.221295-0500]     5.9375 MB /   0.50 sec =   99.5697 Mbps     0 retrans   1180 KB-cwnd
[2024-11-06T16:37:20.721118-0500]    11.3750 MB /   0.50 sec =  190.9325 Mbps     0 retrans   1189 KB-cwnd
[2024-11-06T16:37:21.221339-0500]     5.3125 MB /   0.50 sec =   89.0947 Mbps     0 retrans   1189 KB-cwnd
[2024-11-06T16:37:21.721181-0500]     5.5000 MB /   0.50 sec =   92.2994 Mbps     0 retrans   1189 KB-cwnd
[2024-11-06T16:37:22.221249-0500]     5.1250 MB /   0.50 sec =   85.9679 Mbps     0 retrans   1204 KB-cwnd
[2024-11-06T16:37:22.721161-0500]     4.3125 MB /   0.50 sec =   72.3695 Mbps     0 retrans   1240 KB-cwnd
[2024-11-06T16:37:23.221074-0500]     6.8750 MB /   0.50 sec =  115.3521 Mbps     0 retrans   1240 KB-cwnd
[2024-11-06T16:37:23.721308-0500]     5.0000 MB /   0.50 sec =   83.8861 Mbps     0 retrans   1240 KB-cwnd
[2024-11-06T16:37:24.222119-0500]     2.6250 MB /   0.50 sec =   43.9531 Mbps   169 retrans   2721 KB-cwnd
[2024-11-06T16:37:24.721167-0500]     3.7500 MB /   0.50 sec =   63.0326 Mbps     0 retrans   2721 KB-cwnd
[2024-11-06T16:37:25.221504-0500]     5.4375 MB /   0.50 sec =   91.1652 Mbps     0 retrans   2721 KB-cwnd
[2024-11-06T16:37:25.721074-0500]     4.3125 MB /   0.50 sec =   72.4094 Mbps     0 retrans   2721 KB-cwnd
[2024-11-06T16:37:26.221282-0500]     1.3125 MB /   0.50 sec =   22.0127 Mbps     0 retrans   2721 KB-cwnd
[2024-11-06T16:37:26.721097-0500]     2.8125 MB /   0.50 sec =   47.2032 Mbps     0 retrans   2721 KB-cwnd
[2024-11-06T16:37:27.221063-0500]     3.6250 MB /   0.50 sec =   60.8153 Mbps     0 retrans   2721 KB-cwnd
[2024-11-06T16:37:27.721118-0500]     3.1250 MB /   0.50 sec =   52.4262 Mbps     0 retrans   2721 KB-cwnd
[2024-11-06T16:37:28.221470-0500]     2.0000 MB /   0.50 sec =   33.5402 Mbps     0 retrans   2721 KB-cwnd
[2024-11-06T16:37:28.721027-0500]     4.6250 MB /   0.50 sec =   77.6294 Mbps     0 retrans   2726 KB-cwnd
[2024-11-06T16:37:29.221522-0500]     3.3125 MB /   0.50 sec =   55.5334 Mbps     0 retrans   2726 KB-cwnd
[2024-11-06T16:37:29.721079-0500]     3.4375 MB /   0.50 sec =   57.7155 Mbps     0 retrans   2726 KB-cwnd
End time: 1730929050018
