Start time: 1731107928685
[2024-11-08T18:18:49.812697-0500] nuttcp-t: v8.1.4: socket
[2024-11-08T18:18:49.813790-0500] nuttcp-t: buflen=65536, nstream=1, port=5102 tcp -> 54.197.223.49
[2024-11-08T18:18:49.813937-0500] nuttcp-t: time limit = 120.00 seconds
[2024-11-08T18:18:49.814052-0500] nuttcp-t: connect to 54.197.223.49 with mss=1378, RTT=54.091 ms af=inet
[2024-11-08T18:18:49.814160-0500] nuttcp-t: send window size = 2097152, receive window size = 6291456
[2024-11-08T18:18:49.814267-0500] nuttcp-t: available send window = 1572864, available receive window = 4718592
[2024-11-08T18:18:49.814369-0500] nuttcp-t: initial congestion window = 13 KB (10 packets)
[2024-11-08T18:18:49.814476-0500] nuttcp-r: v8.1.4: socket
[2024-11-08T18:18:49.814594-0500] nuttcp-r: buflen=65536, nstream=1, port=5102 tcp
[2024-11-08T18:18:49.814700-0500] nuttcp-r: interval reporting every 0.50 seconds
[2024-11-08T18:18:49.814804-0500] nuttcp-r: accept from 166.194.191.34 with af=inet
[2024-11-08T18:18:49.814906-0500] nuttcp-r: send window size = 450000000, receive window size = 450000000
[2024-11-08T18:18:49.815007-0500] nuttcp-r: available send window = 225000000, available receive window = 225000000
[2024-11-08T18:18:49.815109-0500]     1.9375 MB /   0.50 sec =   32.5044 Mbps     0 retrans   3235 KB-cwnd
[2024-11-08T18:18:50.118726-0500]     4.1250 MB /   0.50 sec =   69.2070 Mbps     0 retrans   3235 KB-cwnd
[2024-11-08T18:18:50.832894-0500]     3.8125 MB /   0.50 sec =   63.9634 Mbps     1 retrans   2616 KB-cwnd
[2024-11-08T18:18:51.193080-0500]     3.6875 MB /   0.50 sec =   61.8007 Mbps     0 retrans   2616 KB-cwnd
[2024-11-08T18:18:51.927884-0500]     3.6875 MB /   0.50 sec =   61.9300 Mbps     0 retrans   2616 KB-cwnd
[2024-11-08T18:18:52.316320-0500]     3.4375 MB /   0.50 sec =   57.6721 Mbps     0 retrans   2616 KB-cwnd
[2024-11-08T18:18:52.694826-0500]     3.5000 MB /   0.50 sec =   58.7207 Mbps     0 retrans   2616 KB-cwnd
[2024-11-08T18:18:53.086090-0500]     3.5000 MB /   0.50 sec =   58.7181 Mbps     0 retrans   2616 KB-cwnd
[2024-11-08T18:18:53.845940-0500]     3.4375 MB /   0.50 sec =   57.6746 Mbps     0 retrans   2616 KB-cwnd
[2024-11-08T18:18:54.170681-0500]     3.8750 MB /   0.50 sec =   65.0115 Mbps     0 retrans   2616 KB-cwnd
[2024-11-08T18:18:54.818615-0500]     4.1250 MB /   0.50 sec =   69.2055 Mbps     0 retrans   2616 KB-cwnd
[2024-11-08T18:18:55.128919-0500]     4.2500 MB /   0.50 sec =   71.3036 Mbps     0 retrans   2616 KB-cwnd
[2024-11-08T18:18:55.758798-0500]     4.3750 MB /   0.50 sec =   73.4006 Mbps     0 retrans   2616 KB-cwnd
[2024-11-08T18:18:56.096576-0500]     3.8750 MB /   0.50 sec =   65.0116 Mbps     0 retrans   2616 KB-cwnd
[2024-11-08T18:18:56.851218-0500]     3.8125 MB /   0.50 sec =   63.9590 Mbps     0 retrans   2616 KB-cwnd
[2024-11-08T18:18:57.210624-0500]     3.5625 MB /   0.50 sec =   59.7617 Mbps     0 retrans   2616 KB-cwnd
[2024-11-08T18:18:57.588538-0500]     3.6250 MB /   0.50 sec =   60.8277 Mbps     0 retrans   2616 KB-cwnd
[2024-11-08T18:18:58.318542-0500]     3.5625 MB /   0.50 sec =   59.7687 Mbps     0 retrans   2616 KB-cwnd
[2024-11-08T18:18:58.672805-0500]     3.8125 MB /   0.50 sec =   63.9639 Mbps     0 retrans   2616 KB-cwnd
[2024-11-08T18:18:59.418716-0500]     3.6250 MB /   0.50 sec =   60.8066 Mbps     0 retrans   2616 KB-cwnd
[2024-11-08T18:18:59.808651-0500]     3.5000 MB /   0.50 sec =   58.7299 Mbps     0 retrans   2616 KB-cwnd
[2024-11-08T18:19:00.242623-0500]     3.3125 MB /   0.50 sec =   55.5750 Mbps     0 retrans   2616 KB-cwnd
[2024-11-08T18:19:00.693943-0500]     2.9375 MB /   0.50 sec =   49.2839 Mbps     0 retrans   2616 KB-cwnd
[2024-11-08T18:19:01.102655-0500]     3.1875 MB /   0.50 sec =   53.4773 Mbps     0 retrans   2616 KB-cwnd
[2024-11-08T18:19:01.870574-0500]     3.3750 MB /   0.50 sec =   56.6228 Mbps     0 retrans   2616 KB-cwnd
[2024-11-08T18:19:02.289345-0500]     3.5625 MB /   0.50 sec =   59.7641 Mbps     1 retrans   2092 KB-cwnd
[2024-11-08T18:19:02.634625-0500]     3.8125 MB /   0.50 sec =   63.9674 Mbps     0 retrans   2150 KB-cwnd
[2024-11-08T18:19:03.422649-0500]     3.5000 MB /   0.50 sec =   58.7194 Mbps     0 retrans   2150 KB-cwnd
[2024-11-08T18:19:03.882473-0500]     3.1875 MB /   0.50 sec =   53.4783 Mbps     0 retrans   2150 KB-cwnd
[2024-11-08T18:19:04.358753-0500]     3.0000 MB /   0.50 sec =   50.3167 Mbps     0 retrans   2150 KB-cwnd
[2024-11-08T18:19:04.794699-0500]     2.6875 MB /   0.50 sec =   45.1029 Mbps     0 retrans   2150 KB-cwnd
[2024-11-08T18:19:05.166370-0500]     3.5000 MB /   0.50 sec =   58.7187 Mbps     0 retrans   2150 KB-cwnd
[2024-11-08T18:19:05.578659-0500]     3.3125 MB /   0.50 sec =   55.5750 Mbps     0 retrans   2150 KB-cwnd
[2024-11-08T18:19:06.396978-0500]     3.2500 MB /   0.50 sec =   54.5263 Mbps     0 retrans   2150 KB-cwnd
[2024-11-08T18:19:06.798607-0500]     3.1875 MB /   0.50 sec =   53.4774 Mbps     0 retrans   2150 KB-cwnd
[2024-11-08T18:19:07.246763-0500]     3.1875 MB /   0.50 sec =   53.4771 Mbps     0 retrans   2150 KB-cwnd
[2024-11-08T18:19:07.660774-0500]     3.1875 MB /   0.50 sec =   53.4102 Mbps     0 retrans   2150 KB-cwnd
[2024-11-08T18:19:08.498912-0500]     3.3125 MB /   0.50 sec =   55.6294 Mbps     0 retrans   2150 KB-cwnd
[2024-11-08T18:19:08.926626-0500]     3.0000 MB /   0.50 sec =   50.3457 Mbps     0 retrans   2150 KB-cwnd
[2024-11-08T18:19:09.330700-0500]     3.3125 MB /   0.50 sec =   55.5744 Mbps     0 retrans   2150 KB-cwnd
[2024-11-08T18:19:09.750777-0500]     3.1875 MB /   0.50 sec =   53.4781 Mbps     0 retrans   2150 KB-cwnd
[2024-11-08T18:19:10.217780-0500]     2.8125 MB /   0.50 sec =   47.1854 Mbps     0 retrans   2150 KB-cwnd
[2024-11-08T18:19:10.612599-0500]     3.3125 MB /   0.50 sec =   55.5672 Mbps     0 retrans   2150 KB-cwnd
[2024-11-08T18:19:11.478233-0500]     3.3750 MB /   0.50 sec =   56.6257 Mbps     0 retrans   2150 KB-cwnd
[2024-11-08T18:19:11.950680-0500]     2.8750 MB /   0.50 sec =   48.2381 Mbps     0 retrans   2150 KB-cwnd
[2024-11-08T18:19:12.345008-0500]     2.9375 MB /   0.50 sec =   49.2400 Mbps     0 retrans   2150 KB-cwnd
[2024-11-08T18:19:12.712609-0500]     3.3750 MB /   0.50 sec =   56.6731 Mbps     0 retrans   2150 KB-cwnd
[2024-11-08T18:19:13.067544-0500]     3.8125 MB /   0.50 sec =   63.9631 Mbps     0 retrans   2150 KB-cwnd
[2024-11-08T18:19:13.728416-0500]     4.0625 MB /   0.50 sec =   68.1531 Mbps     0 retrans   2150 KB-cwnd
[2024-11-08T18:19:14.070586-0500]     4.0625 MB /   0.50 sec =   68.1632 Mbps     0 retrans   2150 KB-cwnd
[2024-11-08T18:19:14.690754-0500]     4.2500 MB /   0.50 sec =   71.3009 Mbps     0 retrans   2150 KB-cwnd
[2024-11-08T18:19:15.281173-0500]     4.6250 MB /   0.50 sec =   77.5960 Mbps     1 retrans   1799 KB-cwnd
[2024-11-08T18:19:15.580504-0500]     4.7500 MB /   0.50 sec =   79.6919 Mbps     0 retrans   1799 KB-cwnd
[2024-11-08T18:19:16.287363-0500]     4.0000 MB /   0.50 sec =   67.1044 Mbps     0 retrans   1799 KB-cwnd
[2024-11-08T18:19:16.712514-0500]     3.2500 MB /   0.50 sec =   54.5280 Mbps     0 retrans   1799 KB-cwnd
[2024-11-08T18:19:17.198750-0500]     2.9375 MB /   0.50 sec =   49.2794 Mbps     0 retrans   1799 KB-cwnd
[2024-11-08T18:19:17.644651-0500]     2.8125 MB /   0.50 sec =   47.1897 Mbps     0 retrans   1799 KB-cwnd
[2024-11-08T18:19:18.111115-0500]     3.0625 MB /   0.50 sec =   51.3814 Mbps     0 retrans   1799 KB-cwnd
[2024-11-08T18:19:18.572556-0500]     2.7500 MB /   0.50 sec =   46.1361 Mbps     0 retrans   1799 KB-cwnd
[2024-11-08T18:19:19.460790-0500]     3.0000 MB /   0.50 sec =   50.3300 Mbps     0 retrans   1799 KB-cwnd
[2024-11-08T18:19:19.876900-0500]     3.1875 MB /   0.50 sec =   53.4809 Mbps     0 retrans   1799 KB-cwnd
[2024-11-08T18:19:20.296910-0500]     3.1250 MB /   0.50 sec =   52.4223 Mbps     0 retrans   1799 KB-cwnd
[2024-11-08T18:19:20.819049-0500]     2.8750 MB /   0.50 sec =   48.2395 Mbps     0 retrans   1799 KB-cwnd
[2024-11-08T18:19:21.394651-0500]     2.4375 MB /   0.50 sec =   40.8945 Mbps     0 retrans   1799 KB-cwnd
[2024-11-08T18:19:21.914810-0500]     2.2500 MB /   0.50 sec =   37.7478 Mbps     0 retrans   1799 KB-cwnd
[2024-11-08T18:19:22.442666-0500]     2.7500 MB /   0.50 sec =   46.1388 Mbps     0 retrans   1799 KB-cwnd
[2024-11-08T18:19:22.990826-0500]     2.5000 MB /   0.50 sec =   41.9411 Mbps     0 retrans   1799 KB-cwnd
[2024-11-08T18:19:23.446782-0500]     2.3125 MB /   0.50 sec =   38.7931 Mbps     0 retrans   1799 KB-cwnd
[2024-11-08T18:19:23.871986-0500]     3.0625 MB /   0.50 sec =   51.3879 Mbps     0 retrans   1799 KB-cwnd
[2024-11-08T18:19:24.280731-0500]     3.0625 MB /   0.50 sec =   51.3801 Mbps     0 retrans   1799 KB-cwnd
[2024-11-08T18:19:24.678659-0500]     3.5000 MB /   0.50 sec =   58.7204 Mbps     0 retrans   1799 KB-cwnd
[2024-11-08T18:19:25.180843-0500]     3.1875 MB /   0.50 sec =   53.4776 Mbps     0 retrans   1799 KB-cwnd
[2024-11-08T18:19:25.696814-0500]     2.7500 MB /   0.50 sec =   46.1374 Mbps     0 retrans   1799 KB-cwnd
[2024-11-08T18:19:26.229765-0500]     2.3750 MB /   0.50 sec =   39.8456 Mbps     0 retrans   1799 KB-cwnd
[2024-11-08T18:19:26.757285-0500]     2.5000 MB /   0.50 sec =   41.9425 Mbps     0 retrans   1799 KB-cwnd
[2024-11-08T18:19:27.188551-0500]     2.6875 MB /   0.50 sec =   45.0882 Mbps     0 retrans   1799 KB-cwnd
[2024-11-08T18:19:27.618579-0500]     3.3125 MB /   0.50 sec =   55.5763 Mbps     0 retrans   1799 KB-cwnd
[2024-11-08T18:19:28.118679-0500]     2.6875 MB /   0.50 sec =   45.0868 Mbps     0 retrans   1799 KB-cwnd
[2024-11-08T18:19:28.664595-0500]     2.4375 MB /   0.50 sec =   40.8963 Mbps     0 retrans   1799 KB-cwnd
[2024-11-08T18:19:29.162556-0500]     2.6250 MB /   0.50 sec =   44.0400 Mbps     0 retrans   1799 KB-cwnd
[2024-11-08T18:19:29.765089-0500]     2.5625 MB /   0.50 sec =   42.9919 Mbps     1 retrans   1438 KB-cwnd
[2024-11-08T18:19:30.366966-0500]     2.3750 MB /   0.50 sec =   39.8456 Mbps     0 retrans   1487 KB-cwnd
[2024-11-08T18:19:30.934910-0500]     2.2500 MB /   0.50 sec =   37.7488 Mbps     0 retrans   1487 KB-cwnd
[2024-11-08T18:19:31.460829-0500]     2.3750 MB /   0.50 sec =   39.8451 Mbps     0 retrans   1487 KB-cwnd
[2024-11-08T18:19:32.057839-0500]     2.5000 MB /   0.50 sec =   41.9435 Mbps     0 retrans   1487 KB-cwnd
[2024-11-08T18:19:32.674742-0500]     2.1250 MB /   0.50 sec =   35.6514 Mbps     0 retrans   1487 KB-cwnd
[2024-11-08T18:19:32.675367-0500]     2.1875 MB /   0.50 sec =   36.7007 Mbps     0 retrans   1487 KB-cwnd
[2024-11-08T18:19:33.269314-0500]     2.1250 MB /   0.50 sec =   35.6510 Mbps     0 retrans   1487 KB-cwnd
[2024-11-08T18:19:33.846545-0500]     2.4375 MB /   0.50 sec =   40.8951 Mbps     0 retrans   1487 KB-cwnd
[2024-11-08T18:19:34.390568-0500]     2.3125 MB /   0.50 sec =   38.7944 Mbps     0 retrans   1487 KB-cwnd
[2024-11-08T18:19:35.130861-0500]     2.5000 MB /   0.50 sec =   41.9212 Mbps     5 retrans   1188 KB-cwnd
[2024-11-08T18:19:35.131243-0500]     0.3750 MB /   0.50 sec =    6.2951 Mbps     0 retrans   1188 KB-cwnd
[2024-11-08T18:19:35.980568-0500]     2.3125 MB /   0.50 sec =   38.7980 Mbps     0 retrans   1406 KB-cwnd
[2024-11-08T18:19:38.060217-0500]     2.0000 MB /   0.50 sec =   33.5542 Mbps   117 retrans   1142 KB-cwnd
[2024-11-08T18:19:38.060770-0500]     0.0625 MB /   0.50 sec =    1.0486 Mbps     0 retrans   1142 KB-cwnd
[2024-11-08T18:19:38.061036-0500]     1.4375 MB /   0.50 sec =   24.1172 Mbps     0 retrans   1142 KB-cwnd
[2024-11-08T18:19:38.061253-0500]     0.8125 MB /   0.50 sec =   13.6314 Mbps     0 retrans   1142 KB-cwnd
[2024-11-08T18:19:39.330328-0500]     0.6875 MB /   0.50 sec =   11.5346 Mbps     2 retrans   1197 KB-cwnd
[2024-11-08T18:19:39.330729-0500]     1.0625 MB /   0.50 sec =   17.8255 Mbps     0 retrans   1197 KB-cwnd
[2024-11-08T18:19:39.330874-0500]     1.1875 MB /   0.50 sec =   19.9228 Mbps     0 retrans   1197 KB-cwnd
[2024-11-08T18:19:40.821638-0500]     0.5000 MB /   0.50 sec =    8.3886 Mbps     4 retrans   1197 KB-cwnd
[2024-11-08T18:19:40.822172-0500]     1.3750 MB /   0.50 sec =   23.0684 Mbps     0 retrans   1197 KB-cwnd
[2024-11-08T18:19:40.822411-0500]     0.7500 MB /   0.50 sec =   12.5830 Mbps     0 retrans   1197 KB-cwnd
[2024-11-08T18:19:41.739629-0500]     1.3750 MB /   0.50 sec =   23.0689 Mbps     0 retrans   1199 KB-cwnd
[2024-11-08T18:19:41.739809-0500]     1.3750 MB /   0.50 sec =   23.0689 Mbps     0 retrans   1199 KB-cwnd
[2024-11-08T18:19:43.077753-0500]     1.3125 MB /   0.50 sec =   22.0151 Mbps    72 retrans    958 KB-cwnd
[2024-11-08T18:19:43.078199-0500]     1.0000 MB /   0.50 sec =   16.7810 Mbps     0 retrans    958 KB-cwnd
[2024-11-08T18:19:43.078332-0500]     0.4375 MB /   0.50 sec =    7.3396 Mbps     0 retrans    958 KB-cwnd
[2024-11-08T18:19:43.895900-0500]     2.2500 MB /   0.50 sec =   37.4879 Mbps     0 retrans   1028 KB-cwnd
[2024-11-08T18:19:44.801536-0500]     1.6875 MB /   0.50 sec =   28.5111 Mbps     0 retrans   1028 KB-cwnd
[2024-11-08T18:19:44.802116-0500]     1.3750 MB /   0.50 sec =   23.0687 Mbps     0 retrans   1028 KB-cwnd
[2024-11-08T18:19:45.737498-0500]     1.4375 MB /   0.50 sec =   24.0920 Mbps     0 retrans   1028 KB-cwnd
[2024-11-08T18:19:45.738088-0500]     1.5000 MB /   0.50 sec =   25.1921 Mbps     0 retrans   1028 KB-cwnd
[2024-11-08T18:19:46.713619-0500]     1.1875 MB /   0.50 sec =   19.9232 Mbps     0 retrans   1028 KB-cwnd
[2024-11-08T18:19:46.714048-0500]     1.4375 MB /   0.50 sec =   24.1165 Mbps     0 retrans   1028 KB-cwnd
[2024-11-08T18:19:47.518616-0500]     1.6875 MB /   0.50 sec =   28.3122 Mbps     0 retrans   1142 KB-cwnd
[2024-11-08T18:19:48.414993-0500]     1.5000 MB /   0.50 sec =   25.1662 Mbps     0 retrans   1145 KB-cwnd
[2024-11-08T18:19:48.415629-0500]     1.8125 MB /   0.50 sec =   30.4084 Mbps     0 retrans   1145 KB-cwnd
[2024-11-08T18:19:49.078655-0500]     1.3750 MB /   0.50 sec =   23.0687 Mbps     0 retrans   1145 KB-cwnd
[2024-11-08T18:19:49.079167-0500]     2.0625 MB /   0.50 sec =   34.6030 Mbps     0 retrans   1145 KB-cwnd
[2024-11-08T18:19:50.013148-0500]     1.6875 MB /   0.50 sec =   28.3114 Mbps     0 retrans   1189 KB-cwnd
[2024-11-08T18:19:50.776193-0500]     1.7500 MB /   0.50 sec =   29.3545 Mbps     0 retrans   1193 KB-cwnd
[2024-11-08T18:19:50.776687-0500]     1.6250 MB /   0.50 sec =   27.2680 Mbps     0 retrans   1193 KB-cwnd
[2024-11-08T18:19:52.123667-0500]     0.9375 MB /   0.50 sec =   15.7287 Mbps    77 retrans    968 KB-cwnd
[2024-11-08T18:19:52.124237-0500]     1.6875 MB /   0.50 sec =   28.3120 Mbps     0 retrans    968 KB-cwnd
[2024-11-08T18:19:52.124506-0500]     0.0000 MB /   0.50 sec =    0.0000 Mbps     0 retrans    968 KB-cwnd
[2024-11-08T18:19:52.869615-0500]     3.2500 MB /   0.50 sec =   54.5215 Mbps     0 retrans   1200 KB-cwnd
[2024-11-08T18:19:53.458147-0500]     2.0000 MB /   0.50 sec =   33.5561 Mbps     0 retrans   1200 KB-cwnd
[2024-11-08T18:19:54.207846-0500]     2.6250 MB /   0.50 sec =   44.0405 Mbps     0 retrans   1200 KB-cwnd
[2024-11-08T18:19:54.208260-0500]     1.9375 MB /   0.50 sec =   32.5052 Mbps     0 retrans   1200 KB-cwnd
[2024-11-08T18:19:54.815320-0500]     1.8750 MB /   0.50 sec =   31.4585 Mbps     0 retrans   1203 KB-cwnd
[2024-11-08T18:19:55.660516-0500]     2.6875 MB /   0.50 sec =   45.0706 Mbps     0 retrans   1207 KB-cwnd
[2024-11-08T18:19:55.661066-0500]     1.4375 MB /   0.50 sec =   24.1269 Mbps     0 retrans   1207 KB-cwnd
[2024-11-08T18:19:57.154732-0500]     0.8125 MB /   0.50 sec =   13.6313 Mbps    44 retrans    775 KB-cwnd
[2024-11-08T18:19:57.155151-0500]     0.8750 MB /   0.50 sec =   14.6802 Mbps     0 retrans    775 KB-cwnd
[2024-11-08T18:19:57.155368-0500]     0.7500 MB /   0.50 sec =   12.5829 Mbps     0 retrans    775 KB-cwnd
[2024-11-08T18:19:58.038522-0500]     2.1875 MB /   0.50 sec =   36.6999 Mbps     0 retrans    862 KB-cwnd
[2024-11-08T18:19:58.727989-0500]     1.5625 MB /   0.50 sec =   26.2148 Mbps     0 retrans    866 KB-cwnd
[2024-11-08T18:19:58.728550-0500]     1.5625 MB /   0.50 sec =   26.2140 Mbps     0 retrans    866 KB-cwnd
[2024-11-08T18:19:59.872386-0500]     1.5000 MB /   0.50 sec =   25.1655 Mbps     1 retrans    740 KB-cwnd
[2024-11-08T18:19:59.873058-0500]     1.6250 MB /   0.50 sec =   27.0694 Mbps     0 retrans    740 KB-cwnd
[2024-11-08T18:20:00.848326-0500]     0.9375 MB /   0.50 sec =   15.8423 Mbps    11 retrans    655 KB-cwnd
[2024-11-08T18:20:00.848863-0500]     1.2500 MB /   0.50 sec =   20.9692 Mbps     0 retrans    655 KB-cwnd
[2024-11-08T18:20:01.562034-0500]     2.1250 MB /   0.50 sec =   35.6560 Mbps     0 retrans    660 KB-cwnd
[2024-11-08T18:20:02.631917-0500]     1.6875 MB /   0.50 sec =   28.3054 Mbps     0 retrans    861 KB-cwnd
[2024-11-08T18:20:02.632080-0500]     1.3750 MB /   0.50 sec =   23.0733 Mbps     0 retrans    861 KB-cwnd
[2024-11-08T18:20:02.632111-0500]     0.7500 MB /   0.50 sec =   12.5693 Mbps     0 retrans    861 KB-cwnd
[2024-11-08T18:20:03.373469-0500]     1.9375 MB /   0.50 sec =   32.5400 Mbps     0 retrans   1283 KB-cwnd
[2024-11-08T18:20:04.192181-0500]     1.8750 MB /   0.50 sec =   31.4585 Mbps     0 retrans   1706 KB-cwnd
[2024-11-08T18:20:04.729185-0500]     2.6875 MB /   0.50 sec =   45.0569 Mbps   455 retrans   1512 KB-cwnd
[2024-11-08T18:20:04.729424-0500]     1.3750 MB /   0.50 sec =   23.0849 Mbps     0 retrans   1512 KB-cwnd
[2024-11-08T18:20:05.218993-0500]     2.8125 MB /   0.50 sec =   47.1879 Mbps     0 retrans   1544 KB-cwnd
[2024-11-08T18:20:05.749479-0500]     2.5625 MB /   0.50 sec =   42.9914 Mbps     0 retrans   1544 KB-cwnd
[2024-11-08T18:20:06.239313-0500]     2.6875 MB /   0.50 sec =   45.0875 Mbps     0 retrans   1544 KB-cwnd
[2024-11-08T18:20:06.805078-0500]     2.6250 MB /   0.50 sec =   44.0405 Mbps     0 retrans   1544 KB-cwnd
[2024-11-08T18:20:07.282740-0500]     2.7500 MB /   0.50 sec =   46.1364 Mbps     0 retrans   1544 KB-cwnd
[2024-11-08T18:20:07.775013-0500]     2.6875 MB /   0.50 sec =   45.0891 Mbps     0 retrans   1544 KB-cwnd
[2024-11-08T18:20:08.232746-0500]     2.9375 MB /   0.50 sec =   49.2826 Mbps     0 retrans   1544 KB-cwnd
[2024-11-08T18:20:08.885045-0500]     2.1875 MB /   0.50 sec =   36.7001 Mbps     0 retrans   1544 KB-cwnd
[2024-11-08T18:20:09.483747-0500]     2.1875 MB /   0.50 sec =   36.7004 Mbps     0 retrans   1544 KB-cwnd
[2024-11-08T18:20:10.051540-0500]     2.3750 MB /   0.50 sec =   39.8436 Mbps     0 retrans   1544 KB-cwnd
[2024-11-08T18:20:10.623676-0500]     2.3125 MB /   0.50 sec =   38.7992 Mbps     0 retrans   1544 KB-cwnd
[2024-11-08T18:20:10.624403-0500]     2.5000 MB /   0.50 sec =   41.9440 Mbps     0 retrans   1544 KB-cwnd
[2024-11-08T18:20:11.108670-0500]     2.6875 MB /   0.50 sec =   45.0795 Mbps     0 retrans   1544 KB-cwnd
[2024-11-08T18:20:11.631154-0500]     2.7500 MB /   0.50 sec =   46.1479 Mbps     0 retrans   1544 KB-cwnd
[2024-11-08T18:20:12.482821-0500]     3.0625 MB /   0.50 sec =   51.3785 Mbps     0 retrans   1544 KB-cwnd
[2024-11-08T18:20:12.930920-0500]     3.0000 MB /   0.50 sec =   50.3325 Mbps     0 retrans   1544 KB-cwnd
[2024-11-08T18:20:13.442879-0500]     2.9375 MB /   0.50 sec =   49.2833 Mbps     0 retrans   1544 KB-cwnd
[2024-11-08T18:20:13.981369-0500]     2.6250 MB /   0.50 sec =   44.0408 Mbps     0 retrans   1544 KB-cwnd
[2024-11-08T18:20:14.462892-0500]     2.7500 MB /   0.50 sec =   46.1364 Mbps     0 retrans   1544 KB-cwnd
[2024-11-08T18:20:15.073403-0500]     2.3125 MB /   0.50 sec =   38.7946 Mbps     0 retrans   1544 KB-cwnd
[2024-11-08T18:20:15.074048-0500]     2.1250 MB /   0.50 sec =   35.6539 Mbps     0 retrans   1544 KB-cwnd
[2024-11-08T18:20:15.966954-0500]     2.2500 MB /   0.50 sec =   37.7487 Mbps    40 retrans   1267 KB-cwnd
[2024-11-08T18:20:16.516043-0500]     2.1875 MB /   0.50 sec =   36.6732 Mbps     1 retrans   1014 KB-cwnd
[2024-11-08T18:20:16.997082-0500]     2.5625 MB /   0.50 sec =   43.0241 Mbps     0 retrans   1069 KB-cwnd
[2024-11-08T18:20:17.506711-0500]     2.5000 MB /   0.50 sec =   41.9430 Mbps     0 retrans   1110 KB-cwnd
[2024-11-08T18:20:17.990925-0500]     2.6250 MB /   0.50 sec =   44.0395 Mbps     0 retrans   1130 KB-cwnd
[2024-11-08T18:20:18.471877-0500]     2.9375 MB /   0.50 sec =   49.2840 Mbps     0 retrans   1130 KB-cwnd
[2024-11-08T18:20:19.022839-0500]     2.6875 MB /   0.50 sec =   45.0885 Mbps     0 retrans   1130 KB-cwnd
[2024-11-08T18:20:19.483607-0500]     2.5000 MB /   0.50 sec =   41.9425 Mbps     0 retrans   1133 KB-cwnd
[2024-11-08T18:20:19.984944-0500]     2.8125 MB /   0.50 sec =   47.1862 Mbps     0 retrans   1133 KB-cwnd
[2024-11-08T18:20:20.523415-0500]     2.5000 MB /   0.50 sec =   41.9432 Mbps     0 retrans   1133 KB-cwnd
[2024-11-08T18:20:20.983145-0500]     2.6875 MB /   0.50 sec =   45.0874 Mbps     0 retrans   1133 KB-cwnd
[2024-11-08T18:20:21.477054-0500]     2.9375 MB /   0.50 sec =   49.2852 Mbps     0 retrans   1133 KB-cwnd
[2024-11-08T18:20:21.974812-0500]     2.5625 MB /   0.50 sec =   42.9897 Mbps     0 retrans   1134 KB-cwnd
[2024-11-08T18:20:22.527001-0500]     2.7500 MB /   0.50 sec =   46.1378 Mbps     0 retrans   1134 KB-cwnd
[2024-11-08T18:20:23.011135-0500]     2.3750 MB /   0.50 sec =   39.8462 Mbps     0 retrans   1134 KB-cwnd
[2024-11-08T18:20:23.468834-0500]     2.8125 MB /   0.50 sec =   47.1863 Mbps     0 retrans   1137 KB-cwnd
[2024-11-08T18:20:23.983224-0500]     3.0000 MB /   0.50 sec =   50.3326 Mbps     0 retrans   1137 KB-cwnd
[2024-11-08T18:20:24.464815-0500]     2.6250 MB /   0.50 sec =   44.0389 Mbps     0 retrans   1137 KB-cwnd
[2024-11-08T18:20:24.936948-0500]     2.6875 MB /   0.50 sec =   45.0876 Mbps     0 retrans   1137 KB-cwnd
[2024-11-08T18:20:25.387169-0500]     2.8750 MB /   0.50 sec =   48.2358 Mbps     0 retrans   1137 KB-cwnd
[2024-11-08T18:20:25.856540-0500]     3.0000 MB /   0.50 sec =   50.3277 Mbps     0 retrans   1137 KB-cwnd
[2024-11-08T18:20:26.352828-0500]     2.8750 MB /   0.50 sec =   48.2398 Mbps     0 retrans   1137 KB-cwnd
[2024-11-08T18:20:26.797578-0500]     2.6875 MB /   0.50 sec =   45.0867 Mbps     0 retrans   1139 KB-cwnd
[2024-11-08T18:20:27.308993-0500]     3.0000 MB /   0.50 sec =   50.3309 Mbps     0 retrans   1139 KB-cwnd
[2024-11-08T18:20:27.755494-0500]     2.6250 MB /   0.50 sec =   44.0410 Mbps     0 retrans   1139 KB-cwnd
[2024-11-08T18:20:28.243320-0500]     2.6875 MB /   0.50 sec =   45.0875 Mbps     0 retrans   1139 KB-cwnd
[2024-11-08T18:20:28.767365-0500]     2.6250 MB /   0.50 sec =   44.0415 Mbps     0 retrans   1139 KB-cwnd
[2024-11-08T18:20:29.353027-0500]     2.8750 MB /   0.50 sec =   48.2347 Mbps     0 retrans   1141 KB-cwnd
[2024-11-08T18:20:29.931379-0500]     2.4375 MB /   0.50 sec =   40.8941 Mbps     0 retrans   1142 KB-cwnd
[2024-11-08T18:20:30.491626-0500]     2.4375 MB /   0.50 sec =   40.8953 Mbps     0 retrans   1142 KB-cwnd
[2024-11-08T18:20:31.013448-0500]     2.1875 MB /   0.50 sec =   36.7005 Mbps     0 retrans   1142 KB-cwnd
[2024-11-08T18:20:31.595128-0500]     2.9375 MB /   0.50 sec =   49.2831 Mbps     0 retrans   1145 KB-cwnd
[2024-11-08T18:20:31.595643-0500]     2.2500 MB /   0.50 sec =   37.7483 Mbps     0 retrans   1145 KB-cwnd
[2024-11-08T18:20:32.322952-0500]     2.0000 MB /   0.50 sec =   33.5544 Mbps     0 retrans   1145 KB-cwnd
[2024-11-08T18:20:32.854656-0500]     2.0000 MB /   0.50 sec =   33.5551 Mbps     1 retrans    963 KB-cwnd
[2024-11-08T18:20:33.403689-0500]     2.5000 MB /   0.50 sec =   41.9418 Mbps     0 retrans   1131 KB-cwnd
[2024-11-08T18:20:33.933521-0500]     2.4375 MB /   0.50 sec =   40.8954 Mbps     0 retrans   1134 KB-cwnd
[2024-11-08T18:20:34.475443-0500]     2.6250 MB /   0.50 sec =   44.0396 Mbps     0 retrans   1134 KB-cwnd
[2024-11-08T18:20:35.017985-0500]     2.6875 MB /   0.50 sec =   45.0884 Mbps     0 retrans   1134 KB-cwnd
[2024-11-08T18:20:35.557535-0500]     2.4375 MB /   0.50 sec =   40.8945 Mbps     0 retrans   1137 KB-cwnd
[2024-11-08T18:20:36.108832-0500]     2.6875 MB /   0.50 sec =   45.0847 Mbps     0 retrans   1138 KB-cwnd
[2024-11-08T18:20:36.109357-0500]     2.5625 MB /   0.50 sec =   42.9837 Mbps     0 retrans   1138 KB-cwnd
[2024-11-08T18:20:36.603511-0500]     2.7500 MB /   0.50 sec =   46.1503 Mbps     0 retrans   1138 KB-cwnd
[2024-11-08T18:20:37.157105-0500]     2.5000 MB /   0.50 sec =   41.9283 Mbps     0 retrans   1138 KB-cwnd
[2024-11-08T18:20:37.611029-0500]     2.9375 MB /   0.50 sec =   49.2926 Mbps     0 retrans   1138 KB-cwnd
[2024-11-08T18:20:38.153023-0500]     2.4375 MB /   0.50 sec =   40.9002 Mbps     0 retrans   1138 KB-cwnd
[2024-11-08T18:20:38.687197-0500]     2.4375 MB /   0.50 sec =   40.8954 Mbps     0 retrans   1139 KB-cwnd
[2024-11-08T18:20:39.133595-0500]     3.1250 MB /   0.50 sec =   52.4191 Mbps     0 retrans   1142 KB-cwnd
[2024-11-08T18:20:39.607106-0500]     2.9375 MB /   0.50 sec =   49.2820 Mbps     0 retrans   1142 KB-cwnd
[2024-11-08T18:20:40.533947-0500]     3.0000 MB /   0.50 sec =   50.3302 Mbps     0 retrans   1143 KB-cwnd
[2024-11-08T18:20:40.962638-0500]     2.8125 MB /   0.50 sec =   47.1952 Mbps     0 retrans   1143 KB-cwnd
[2024-11-08T18:20:41.429527-0500]     3.0625 MB /   0.50 sec =   51.3767 Mbps     0 retrans   1143 KB-cwnd
[2024-11-08T18:20:42.003741-0500]     2.6875 MB /   0.50 sec =   45.0931 Mbps     0 retrans   1143 KB-cwnd
[2024-11-08T18:20:42.797580-0500]     2.4375 MB /   0.50 sec =   40.8946 Mbps     0 retrans   1143 KB-cwnd
[2024-11-08T18:20:42.798244-0500]     1.6875 MB /   0.50 sec =   28.3114 Mbps     0 retrans   1143 KB-cwnd
[2024-11-08T18:20:43.335380-0500]     2.1875 MB /   0.50 sec =   36.7000 Mbps     0 retrans   1143 KB-cwnd
[2024-11-08T18:20:43.815445-0500]     3.0000 MB /   0.50 sec =   50.3319 Mbps     0 retrans   1143 KB-cwnd
[2024-11-08T18:20:44.319438-0500]     2.6250 MB /   0.50 sec =   44.0321 Mbps     0 retrans   1143 KB-cwnd
[2024-11-08T18:20:44.838878-0500]     2.3125 MB /   0.50 sec =   38.8049 Mbps     0 retrans   1143 KB-cwnd
[2024-11-08T18:20:45.365839-0500]     2.7500 MB /   0.50 sec =   46.1389 Mbps     0 retrans   1143 KB-cwnd
[2024-11-08T18:20:46.046354-0500]     2.7500 MB /   0.50 sec =   46.1360 Mbps     0 retrans   1145 KB-cwnd
[2024-11-08T18:20:46.521819-0500]     2.5625 MB /   0.50 sec =   42.9677 Mbps     0 retrans   1146 KB-cwnd
[2024-11-08T18:20:47.033538-0500]     2.2500 MB /   0.50 sec =   37.7688 Mbps     0 retrans   1146 KB-cwnd
[2024-11-08T18:20:47.576972-0500]     2.6875 MB /   0.50 sec =   45.0900 Mbps     0 retrans   1146 KB-cwnd
[2024-11-08T18:20:47.577124-0500]     2.4375 MB /   0.50 sec =   40.8944 Mbps     0 retrans   1146 KB-cwnd
[2024-11-08T18:20:48.099233-0500]     2.6875 MB /   0.50 sec =   45.0867 Mbps     0 retrans   1146 KB-cwnd
[2024-11-08T18:20:48.684510-0500]     2.6250 MB /   0.50 sec =   44.0408 Mbps     0 retrans   1147 KB-cwnd
[2024-11-08T18:20:49.065915-0500]     2.3125 MB /   0.50 sec =   38.7995 Mbps     0 retrans   1154 KB-cwnd
[2024-11-08T18:20:49.614120-0500]     2.3750 MB /   0.50 sec =   39.8446 Mbps     1 retrans   1053 KB-cwnd
End time: 1731108049795
