Start time: 1730583581029
[2024-11-02T15:39:41.923674-0600] nuttcp-r: v8.1.4: socket
[2024-11-02T15:39:41.924701-0600] nuttcp-r: buflen=65536, nstream=1, port=5103 tcp
[2024-11-02T15:39:41.924821-0600] nuttcp-r: interval reporting every 0.50 seconds
[2024-11-02T15:39:41.924910-0600] nuttcp-r: connect to 54.176.53.206 with RTT=46.703 ms af=inet
[2024-11-02T15:39:41.924994-0600] nuttcp-r: send window size = 1048576, receive window size = 1048576
[2024-11-02T15:39:41.925075-0600] nuttcp-r: available send window = 786432, available receive window = 786432
[2024-11-02T15:39:41.925156-0600]     3.2500 MB /   0.50 sec =   54.5157 Mbps     0 retrans
[2024-11-02T15:39:42.423208-0600]     5.8750 MB /   0.50 sec =   98.5723 Mbps     0 retrans
[2024-11-02T15:39:42.922914-0600]    11.5000 MB /   0.50 sec =  192.8975 Mbps     0 retrans
[2024-11-02T15:39:43.422798-0600]    12.8125 MB /   0.50 sec =  215.0071 Mbps     0 retrans
[2024-11-02T15:39:43.922820-0600]    16.0000 MB /   0.50 sec =  268.4328 Mbps     0 retrans
[2024-11-02T15:39:44.422694-0600]    19.3750 MB /   0.50 sec =  325.0774 Mbps     0 retrans
[2024-11-02T15:39:44.924822-0600]    15.3750 MB /   0.50 sec =  257.1612 Mbps     0 retrans
[2024-11-02T15:39:45.422828-0600]     9.5625 MB /   0.50 sec =  160.8916 Mbps     0 retrans
[2024-11-02T15:39:45.922840-0600]    10.5625 MB /   0.50 sec =  177.2271 Mbps     0 retrans
[2024-11-02T15:39:46.422906-0600]     8.5000 MB /   0.50 sec =  142.6029 Mbps     0 retrans
[2024-11-02T15:39:46.923143-0600]    10.7500 MB /   0.50 sec =  180.2394 Mbps     0 retrans
[2024-11-02T15:39:47.422774-0600]    12.0625 MB /   0.50 sec =  202.5153 Mbps     0 retrans
[2024-11-02T15:39:47.922683-0600]    13.3125 MB /   0.50 sec =  223.3677 Mbps     0 retrans
[2024-11-02T15:39:48.422748-0600]    11.7500 MB /   0.50 sec =  197.1240 Mbps     0 retrans
[2024-11-02T15:39:48.923360-0600]    13.5625 MB /   0.50 sec =  227.3187 Mbps     0 retrans
[2024-11-02T15:39:49.422839-0600]    13.8125 MB /   0.50 sec =  231.9468 Mbps     0 retrans
[2024-11-02T15:39:49.923724-0600]    11.7500 MB /   0.50 sec =  197.0066 Mbps     0 retrans
[2024-11-02T15:39:50.422857-0600]    13.5000 MB /   0.50 sec =  226.6370 Mbps     0 retrans
[2024-11-02T15:39:50.922852-0600]    12.5000 MB /   0.50 sec =  209.7139 Mbps     0 retrans
[2024-11-02T15:39:51.422867-0600]    12.7500 MB /   0.50 sec =  213.9074 Mbps     0 retrans
[2024-11-02T15:39:51.923483-0600]    12.0000 MB /   0.50 sec =  201.3169 Mbps     0 retrans
[2024-11-02T15:39:52.422886-0600]     4.7500 MB /   0.50 sec =   79.6961 Mbps     0 retrans
[2024-11-02T15:39:52.923192-0600]    14.2500 MB /   0.50 sec =  239.0849 Mbps     0 retrans
[2024-11-02T15:39:53.422845-0600]    14.6250 MB /   0.50 sec =  245.3638 Mbps     0 retrans
[2024-11-02T15:39:53.923085-0600]    16.6875 MB /   0.50 sec =  279.8450 Mbps     0 retrans
[2024-11-02T15:39:54.423864-0600]    13.8750 MB /   0.50 sec =  232.6680 Mbps     0 retrans
[2024-11-02T15:39:54.922859-0600]    15.6875 MB /   0.50 sec =  263.4228 Mbps     0 retrans
[2024-11-02T15:39:55.422938-0600]    15.8125 MB /   0.50 sec =  265.2674 Mbps     0 retrans
[2024-11-02T15:39:55.924653-0600]     7.9375 MB /   0.50 sec =  132.8572 Mbps     0 retrans
[2024-11-02T15:39:56.424281-0600]    12.2500 MB /   0.50 sec =  205.6793 Mbps     0 retrans
[2024-11-02T15:39:56.922858-0600]    12.7500 MB /   0.50 sec =  214.2742 Mbps     0 retrans
[2024-11-02T15:39:57.422959-0600]     2.5625 MB /   0.50 sec =   42.9823 Mbps     0 retrans
[2024-11-02T15:39:57.922877-0600]     6.4375 MB /   0.50 sec =  108.0306 Mbps     0 retrans
[2024-11-02T15:39:58.422994-0600]     5.0625 MB /   0.50 sec =   84.9265 Mbps     0 retrans
[2024-11-02T15:39:58.923243-0600]     4.9375 MB /   0.50 sec =   82.8286 Mbps     0 retrans
[2024-11-02T15:39:59.422782-0600]     7.8125 MB /   0.50 sec =  131.0959 Mbps     0 retrans
[2024-11-02T15:39:59.922873-0600]     6.3125 MB /   0.50 sec =  105.9002 Mbps     0 retrans
[2024-11-02T15:40:00.422927-0600]     0.0000 MB /   0.50 sec =    0.0000 Mbps     0 retrans
[2024-11-02T15:40:00.924246-0600]     0.0000 MB /   0.50 sec =    0.0000 Mbps     0 retrans
[2024-11-02T15:40:01.422887-0600]     0.0000 MB /   0.50 sec =    0.0000 Mbps     0 retrans
[2024-11-02T15:40:01.924206-0600]     0.0000 MB /   0.50 sec =    0.0000 Mbps     0 retrans
[2024-11-02T15:40:02.423091-0600]     0.0000 MB /   0.50 sec =    0.0000 Mbps     0 retrans
[2024-11-02T15:40:02.924845-0600]     0.0000 MB /   0.50 sec =    0.0000 Mbps     0 retrans
[2024-11-02T15:40:03.423285-0600]     1.5625 MB /   0.50 sec =   26.3150 Mbps     0 retrans
[2024-11-02T15:40:03.922827-0600]     4.1250 MB /   0.50 sec =   69.2041 Mbps     0 retrans
[2024-11-02T15:40:04.423682-0600]     4.3750 MB /   0.50 sec =   73.4031 Mbps     0 retrans
[2024-11-02T15:40:04.922797-0600]     5.3125 MB /   0.50 sec =   89.1309 Mbps     0 retrans
[2024-11-02T15:40:05.423987-0600]     2.5625 MB /   0.50 sec =   42.9453 Mbps     0 retrans
[2024-11-02T15:40:05.922733-0600]     6.3750 MB /   0.50 sec =  107.0697 Mbps     0 retrans
[2024-11-02T15:40:06.423836-0600]     6.3750 MB /   0.50 sec =  106.8460 Mbps     0 retrans
[2024-11-02T15:40:06.923254-0600]     8.3750 MB /   0.50 sec =  140.5398 Mbps     0 retrans
[2024-11-02T15:40:07.422828-0600]     6.7500 MB /   0.50 sec =  113.3332 Mbps     0 retrans
[2024-11-02T15:40:07.922816-0600]     9.2500 MB /   0.50 sec =  155.1896 Mbps     0 retrans
[2024-11-02T15:40:08.422772-0600]    10.0625 MB /   0.50 sec =  168.8187 Mbps     0 retrans
[2024-11-02T15:40:08.923450-0600]     9.3750 MB /   0.50 sec =  157.1133 Mbps     0 retrans
[2024-11-02T15:40:09.423739-0600]     7.8750 MB /   0.50 sec =  132.0421 Mbps     0 retrans
[2024-11-02T15:40:09.922897-0600]     8.1875 MB /   0.50 sec =  137.5786 Mbps     0 retrans
[2024-11-02T15:40:10.422993-0600]     3.8750 MB /   0.50 sec =   65.0025 Mbps     0 retrans
[2024-11-02T15:40:10.922877-0600]     6.8750 MB /   0.50 sec =  115.3669 Mbps     0 retrans
[2024-11-02T15:40:11.422802-0600]    11.0000 MB /   0.50 sec =  184.5571 Mbps     0 retrans
[2024-11-02T15:40:11.922867-0600]     8.3125 MB /   0.50 sec =  139.4564 Mbps     0 retrans
[2024-11-02T15:40:12.422960-0600]     5.1875 MB /   0.50 sec =   87.0356 Mbps     0 retrans
[2024-11-02T15:40:12.922883-0600]     8.3125 MB /   0.50 sec =  139.4525 Mbps     0 retrans
[2024-11-02T15:40:13.422864-0600]     8.1875 MB /   0.50 sec =  137.3681 Mbps     0 retrans
[2024-11-02T15:40:13.923843-0600]     6.1250 MB /   0.50 sec =  102.6613 Mbps     0 retrans
[2024-11-02T15:40:14.422836-0600]     0.3750 MB /   0.50 sec =    6.2976 Mbps     0 retrans
[2024-11-02T15:40:14.924632-0600]     2.9375 MB /   0.50 sec =   49.1667 Mbps     0 retrans
[2024-11-02T15:40:15.422861-0600]     2.0625 MB /   0.50 sec =   34.6854 Mbps     0 retrans
[2024-11-02T15:40:15.922858-0600]     4.3125 MB /   0.50 sec =   72.3526 Mbps     0 retrans
[2024-11-02T15:40:16.423271-0600]     2.1250 MB /   0.50 sec =   35.6506 Mbps     0 retrans
[2024-11-02T15:40:16.924561-0600]     4.0625 MB /   0.50 sec =   67.9372 Mbps     0 retrans
[2024-11-02T15:40:17.423356-0600]     4.5625 MB /   0.50 sec =   76.7262 Mbps     0 retrans
[2024-11-02T15:40:17.923242-0600]     3.8750 MB /   0.50 sec =   65.0196 Mbps     0 retrans
[2024-11-02T15:40:18.422838-0600]     4.6875 MB /   0.50 sec =   78.7052 Mbps     0 retrans
[2024-11-02T15:40:18.923305-0600]     5.5625 MB /   0.50 sec =   93.2438 Mbps     0 retrans
[2024-11-02T15:40:19.423094-0600]     6.4375 MB /   0.50 sec =  108.1026 Mbps     0 retrans
[2024-11-02T15:40:19.925231-0600]     4.1250 MB /   0.50 sec =   68.9578 Mbps     0 retrans
[2024-11-02T15:40:20.423406-0600]     5.4375 MB /   0.50 sec =   91.5482 Mbps     0 retrans
[2024-11-02T15:40:20.922809-0600]     6.8750 MB /   0.50 sec =  115.3510 Mbps     0 retrans
[2024-11-02T15:40:21.422699-0600]     6.8125 MB /   0.50 sec =  114.2994 Mbps     0 retrans
[2024-11-02T15:40:21.924219-0600]     1.0625 MB /   0.50 sec =   17.7776 Mbps     0 retrans
[2024-11-02T15:40:22.423835-0600]     5.7500 MB /   0.50 sec =   96.7086 Mbps     0 retrans
[2024-11-02T15:40:22.922886-0600]     3.3750 MB /   0.50 sec =   56.6254 Mbps     0 retrans
[2024-11-02T15:40:23.423283-0600]     6.1875 MB /   0.50 sec =  103.7302 Mbps     0 retrans
[2024-11-02T15:40:23.922814-0600]     5.9375 MB /   0.50 sec =   99.7025 Mbps     0 retrans
[2024-11-02T15:40:24.423141-0600]     3.2500 MB /   0.50 sec =   54.5240 Mbps     0 retrans
[2024-11-02T15:40:24.922904-0600]     4.7500 MB /   0.50 sec =   79.6774 Mbps     0 retrans
[2024-11-02T15:40:25.422830-0600]     6.1875 MB /   0.50 sec =  103.8350 Mbps     0 retrans
[2024-11-02T15:40:25.923552-0600]     6.3750 MB /   0.50 sec =  106.9518 Mbps     0 retrans
[2024-11-02T15:40:26.422705-0600]     3.1875 MB /   0.50 sec =   53.4807 Mbps     0 retrans
[2024-11-02T15:40:26.923261-0600]     4.5625 MB /   0.50 sec =   76.4777 Mbps     0 retrans
[2024-11-02T15:40:27.423112-0600]     1.7500 MB /   0.50 sec =   29.3842 Mbps     0 retrans
[2024-11-02T15:40:27.922882-0600]     8.2500 MB /   0.50 sec =  138.4054 Mbps     0 retrans
[2024-11-02T15:40:28.423102-0600]     7.5000 MB /   0.50 sec =  125.7670 Mbps     0 retrans
[2024-11-02T15:40:28.923772-0600]     9.1875 MB /   0.50 sec =  154.0849 Mbps     0 retrans
[2024-11-02T15:40:29.422765-0600]     4.6250 MB /   0.50 sec =   77.6692 Mbps     0 retrans
[2024-11-02T15:40:29.923116-0600]     8.8125 MB /   0.50 sec =  147.8471 Mbps     0 retrans
[2024-11-02T15:40:30.422846-0600]    12.5625 MB /   0.50 sec =  210.7528 Mbps     0 retrans
[2024-11-02T15:40:30.925022-0600]     7.3125 MB /   0.50 sec =  122.2757 Mbps     0 retrans
[2024-11-02T15:40:31.422947-0600]     7.8125 MB /   0.50 sec =  131.4991 Mbps     0 retrans
[2024-11-02T15:40:31.923817-0600]    10.5625 MB /   0.50 sec =  177.0581 Mbps     0 retrans
[2024-11-02T15:40:32.423007-0600]    10.0625 MB /   0.50 sec =  168.8988 Mbps     0 retrans
[2024-11-02T15:40:32.922867-0600]    10.6875 MB /   0.50 sec =  179.3926 Mbps     0 retrans
[2024-11-02T15:40:33.423212-0600]    11.0000 MB /   0.50 sec =  184.5553 Mbps     0 retrans
[2024-11-02T15:40:33.923313-0600]     9.3750 MB /   0.50 sec =  157.1437 Mbps     0 retrans
[2024-11-02T15:40:34.423162-0600]    11.5000 MB /   0.50 sec =  193.1176 Mbps     0 retrans
[2024-11-02T15:40:34.923287-0600]     8.8125 MB /   0.50 sec =  147.6971 Mbps     0 retrans
[2024-11-02T15:40:35.422794-0600]     8.5625 MB /   0.50 sec =  143.8002 Mbps     0 retrans
[2024-11-02T15:40:35.922844-0600]     8.1250 MB /   0.50 sec =  136.3111 Mbps     0 retrans
[2024-11-02T15:40:36.422871-0600]    11.9375 MB /   0.50 sec =  200.2564 Mbps     0 retrans
[2024-11-02T15:40:36.922800-0600]     9.0625 MB /   0.50 sec =  152.0593 Mbps     0 retrans
[2024-11-02T15:40:37.422869-0600]    11.5000 MB /   0.50 sec =  192.9357 Mbps     0 retrans
[2024-11-02T15:40:37.922812-0600]    12.5000 MB /   0.50 sec =  209.7240 Mbps     0 retrans
[2024-11-02T15:40:38.423053-0600]     9.4375 MB /   0.50 sec =  158.3293 Mbps     0 retrans
[2024-11-02T15:40:38.923408-0600]    10.0000 MB /   0.50 sec =  167.6042 Mbps     0 retrans
[2024-11-02T15:40:39.423736-0600]     5.8125 MB /   0.50 sec =   97.4538 Mbps     0 retrans
[2024-11-02T15:40:39.922879-0600]    10.1875 MB /   0.50 sec =  171.1942 Mbps     0 retrans
[2024-11-02T15:40:40.422838-0600]    12.3125 MB /   0.50 sec =  206.5872 Mbps     0 retrans
[2024-11-02T15:40:40.923810-0600]    12.7500 MB /   0.50 sec =  213.5490 Mbps     0 retrans
[2024-11-02T15:40:41.422795-0600]    11.4375 MB /   0.50 sec =  192.2193 Mbps     0 retrans
[2024-11-02T15:40:41.922910-0600]    10.4375 MB /   0.50 sec =  175.0744 Mbps     0 retrans
[2024-11-02T15:40:42.423389-0600]     6.1250 MB /   0.50 sec =  102.7771 Mbps     0 retrans
[2024-11-02T15:40:42.925642-0600]     9.3125 MB /   0.50 sec =  155.5444 Mbps     0 retrans
[2024-11-02T15:40:43.423877-0600]     7.8750 MB /   0.50 sec =  132.5870 Mbps     0 retrans
[2024-11-02T15:40:43.923262-0600]     5.8750 MB /   0.50 sec =   98.5748 Mbps     0 retrans
[2024-11-02T15:40:44.424274-0600]     3.5625 MB /   0.50 sec =   59.6523 Mbps     0 retrans
[2024-11-02T15:40:44.924265-0600]     5.4375 MB /   0.50 sec =   91.2405 Mbps     0 retrans
[2024-11-02T15:40:45.423732-0600]     4.7500 MB /   0.50 sec =   79.8953 Mbps     0 retrans
[2024-11-02T15:40:45.922791-0600]     6.1250 MB /   0.50 sec =  102.7773 Mbps     0 retrans
[2024-11-02T15:40:46.423303-0600]     9.3125 MB /   0.50 sec =  156.2294 Mbps     0 retrans
[2024-11-02T15:40:46.922904-0600]     9.3125 MB /   0.50 sec =  156.2278 Mbps     0 retrans
[2024-11-02T15:40:47.422818-0600]    10.2500 MB /   0.50 sec =  171.9737 Mbps     0 retrans
[2024-11-02T15:40:47.922783-0600]    10.1875 MB /   0.50 sec =  170.9268 Mbps     0 retrans
[2024-11-02T15:40:48.422784-0600]    11.3125 MB /   0.50 sec =  189.7915 Mbps     0 retrans
[2024-11-02T15:40:48.922855-0600]     7.5625 MB /   0.50 sec =  126.8658 Mbps     0 retrans
[2024-11-02T15:40:49.424640-0600]     4.7500 MB /   0.50 sec =   79.5038 Mbps     0 retrans
[2024-11-02T15:40:49.923922-0600]     2.8750 MB /   0.50 sec =   48.2983 Mbps     0 retrans
[2024-11-02T15:40:50.424957-0600]    10.8125 MB /   0.50 sec =  181.0336 Mbps     0 retrans
[2024-11-02T15:40:50.923719-0600]    11.1875 MB /   0.50 sec =  188.1304 Mbps     0 retrans
[2024-11-02T15:40:51.425169-0600]    10.0625 MB /   0.50 sec =  168.4733 Mbps     0 retrans
[2024-11-02T15:40:51.922779-0600]    10.3125 MB /   0.50 sec =  173.5203 Mbps     0 retrans
[2024-11-02T15:40:52.423493-0600]    10.5000 MB /   0.50 sec =  176.0470 Mbps     0 retrans
[2024-11-02T15:40:52.923007-0600]    11.4375 MB /   0.50 sec =  191.9597 Mbps     0 retrans
[2024-11-02T15:40:53.422834-0600]     8.4375 MB /   0.50 sec =  141.5946 Mbps     0 retrans
[2024-11-02T15:40:53.923894-0600]     8.7500 MB /   0.50 sec =  146.5082 Mbps     0 retrans
[2024-11-02T15:40:54.423172-0600]    11.9375 MB /   0.50 sec =  200.6850 Mbps     0 retrans
[2024-11-02T15:40:54.922864-0600]    10.9375 MB /   0.50 sec =  183.4854 Mbps     0 retrans
[2024-11-02T15:40:55.422873-0600]    10.8750 MB /   0.50 sec =  182.4584 Mbps     0 retrans
[2024-11-02T15:40:55.923274-0600]    12.4375 MB /   0.50 sec =  208.6716 Mbps     0 retrans
[2024-11-02T15:40:56.422964-0600]    11.6250 MB /   0.50 sec =  194.9525 Mbps     0 retrans
[2024-11-02T15:40:56.923225-0600]    10.2500 MB /   0.50 sec =  172.0205 Mbps     0 retrans
[2024-11-02T15:40:57.423577-0600]     6.6250 MB /   0.50 sec =  111.0786 Mbps     0 retrans
[2024-11-02T15:40:57.922761-0600]    10.5625 MB /   0.50 sec =  177.3502 Mbps     0 retrans
[2024-11-02T15:40:58.423595-0600]     8.5000 MB /   0.50 sec =  142.4923 Mbps     0 retrans
[2024-11-02T15:40:58.922824-0600]     9.8750 MB /   0.50 sec =  165.7994 Mbps     0 retrans
[2024-11-02T15:40:59.423517-0600]     9.9375 MB /   0.50 sec =  166.6023 Mbps     0 retrans
[2024-11-02T15:40:59.922809-0600]    13.1875 MB /   0.50 sec =  221.4121 Mbps     0 retrans
[2024-11-02T15:41:00.423256-0600]    10.6250 MB /   0.50 sec =  178.1104 Mbps     0 retrans
[2024-11-02T15:41:00.922854-0600]     6.4375 MB /   0.50 sec =  108.0917 Mbps     0 retrans
[2024-11-02T15:41:01.422865-0600]    11.6250 MB /   0.50 sec =  195.0316 Mbps     0 retrans
[2024-11-02T15:41:01.924565-0600]     7.5625 MB /   0.50 sec =  126.5926 Mbps     0 retrans
[2024-11-02T15:41:02.423832-0600]    10.1875 MB /   0.50 sec =  171.1277 Mbps     0 retrans
[2024-11-02T15:41:02.923882-0600]     8.8750 MB /   0.50 sec =  148.9121 Mbps     0 retrans
[2024-11-02T15:41:03.422860-0600]     9.4375 MB /   0.50 sec =  158.4824 Mbps     0 retrans
[2024-11-02T15:41:03.924132-0600]     8.1875 MB /   0.50 sec =  137.0318 Mbps     0 retrans
[2024-11-02T15:41:04.422855-0600]     3.0625 MB /   0.50 sec =   51.5041 Mbps     0 retrans
[2024-11-02T15:41:04.922746-0600]     8.7500 MB /   0.50 sec =  146.8112 Mbps     0 retrans
[2024-11-02T15:41:05.423444-0600]     9.4375 MB /   0.50 sec =  158.1638 Mbps     0 retrans
[2024-11-02T15:41:05.922866-0600]    10.8750 MB /   0.50 sec =  182.6403 Mbps     0 retrans
[2024-11-02T15:41:06.423355-0600]     8.5000 MB /   0.50 sec =  142.5955 Mbps     0 retrans
[2024-11-02T15:41:06.923288-0600]     9.0000 MB /   0.50 sec =  151.0013 Mbps     0 retrans
[2024-11-02T15:41:07.422966-0600]     9.2500 MB /   0.50 sec =  155.1986 Mbps     0 retrans
[2024-11-02T15:41:07.924146-0600]     8.9375 MB /   0.50 sec =  149.8041 Mbps     0 retrans
[2024-11-02T15:41:08.422818-0600]    10.0000 MB /   0.50 sec =  167.9337 Mbps     0 retrans
[2024-11-02T15:41:08.923063-0600]     5.5000 MB /   0.50 sec =   92.2199 Mbps     0 retrans
[2024-11-02T15:41:09.423085-0600]     6.8125 MB /   0.50 sec =  114.3048 Mbps     0 retrans
[2024-11-02T15:41:09.922867-0600]     8.5000 MB /   0.50 sec =  142.6711 Mbps     0 retrans
[2024-11-02T15:41:10.422901-0600]     6.1250 MB /   0.50 sec =  102.7541 Mbps     0 retrans
[2024-11-02T15:41:10.922878-0600]     4.5625 MB /   0.50 sec =   76.5464 Mbps     0 retrans
[2024-11-02T15:41:11.422963-0600]     6.2500 MB /   0.50 sec =  104.8482 Mbps     0 retrans
[2024-11-02T15:41:11.923992-0600]     8.2500 MB /   0.50 sec =  138.2801 Mbps     0 retrans
[2024-11-02T15:41:12.422948-0600]     8.6875 MB /   0.50 sec =  145.9243 Mbps     0 retrans
[2024-11-02T15:41:12.922902-0600]    11.3125 MB /   0.50 sec =  189.7653 Mbps     0 retrans
[2024-11-02T15:41:13.423378-0600]    10.9375 MB /   0.50 sec =  183.5136 Mbps     0 retrans
[2024-11-02T15:41:13.922829-0600]    12.3125 MB /   0.50 sec =  206.5447 Mbps     0 retrans
[2024-11-02T15:41:14.423308-0600]    11.2500 MB /   0.50 sec =  188.7705 Mbps     0 retrans
[2024-11-02T15:41:14.923748-0600]    10.7500 MB /   0.50 sec =  180.2008 Mbps     0 retrans
[2024-11-02T15:41:15.423341-0600]    12.1875 MB /   0.50 sec =  204.4646 Mbps     0 retrans
[2024-11-02T15:41:15.923420-0600]     7.3750 MB /   0.50 sec =  123.6968 Mbps     0 retrans
[2024-11-02T15:41:16.422906-0600]     6.7500 MB /   0.50 sec =  113.3693 Mbps     0 retrans
[2024-11-02T15:41:16.922951-0600]    12.5000 MB /   0.50 sec =  209.7198 Mbps     0 retrans
[2024-11-02T15:41:17.423726-0600]    13.5625 MB /   0.50 sec =  227.5524 Mbps     0 retrans
[2024-11-02T15:41:17.922987-0600]    13.0000 MB /   0.50 sec =  218.1008 Mbps     0 retrans
[2024-11-02T15:41:18.423261-0600]    11.2500 MB /   0.50 sec =  188.6373 Mbps     0 retrans
[2024-11-02T15:41:18.923341-0600]    12.3750 MB /   0.50 sec =  207.7427 Mbps     0 retrans
[2024-11-02T15:41:19.422868-0600]    11.0000 MB /   0.50 sec =  184.5420 Mbps     0 retrans
[2024-11-02T15:41:19.923182-0600]     7.8750 MB /   0.50 sec =  132.0361 Mbps     0 retrans
[2024-11-02T15:41:20.423468-0600]     9.4375 MB /   0.50 sec =  158.3397 Mbps     0 retrans
[2024-11-02T15:41:20.923269-0600]     8.3750 MB /   0.50 sec =  140.5913 Mbps     0 retrans
[2024-11-02T15:41:21.423327-0600]     9.0000 MB /   0.50 sec =  150.8583 Mbps     0 retrans
[2024-11-02T15:41:21.922875-0600]     8.0625 MB /   0.50 sec =  135.3757 Mbps     0 retrans
[2024-11-02T15:41:22.422735-0600]    10.3750 MB /   0.50 sec =  174.0995 Mbps     0 retrans
[2024-11-02T15:41:22.923773-0600]    14.4375 MB /   0.50 sec =  241.7781 Mbps     0 retrans
[2024-11-02T15:41:23.423324-0600]    12.1250 MB /   0.50 sec =  203.7726 Mbps     0 retrans
[2024-11-02T15:41:23.922881-0600]    13.0000 MB /   0.50 sec =  218.1182 Mbps     0 retrans
[2024-11-02T15:41:24.422855-0600]    13.0625 MB /   0.50 sec =  219.1160 Mbps     0 retrans
[2024-11-02T15:41:24.923235-0600]    12.1250 MB /   0.50 sec =  203.4608 Mbps     0 retrans
[2024-11-02T15:41:25.422778-0600]    15.5625 MB /   0.50 sec =  261.1033 Mbps     0 retrans
[2024-11-02T15:41:25.922782-0600]    10.3125 MB /   0.50 sec =  173.0123 Mbps     0 retrans
[2024-11-02T15:41:26.422940-0600]    11.6250 MB /   0.50 sec =  194.9985 Mbps     0 retrans
[2024-11-02T15:41:26.923150-0600]    14.0625 MB /   0.50 sec =  235.9820 Mbps     0 retrans
[2024-11-02T15:41:27.422811-0600]     7.6875 MB /   0.50 sec =  128.9694 Mbps     0 retrans
[2024-11-02T15:41:27.924944-0600]    14.3125 MB /   0.50 sec =  239.3384 Mbps     0 retrans
[2024-11-02T15:41:28.424383-0600]    13.5625 MB /   0.50 sec =  227.9974 Mbps     0 retrans
[2024-11-02T15:41:28.922883-0600]    11.7500 MB /   0.50 sec =  197.3672 Mbps     0 retrans
[2024-11-02T15:41:29.423338-0600]     7.8750 MB /   0.50 sec =  132.1230 Mbps     0 retrans
[2024-11-02T15:41:29.923399-0600]    11.9375 MB /   0.50 sec =  200.0739 Mbps     0 retrans
[2024-11-02T15:41:30.423883-0600]    15.2500 MB /   0.50 sec =  255.8879 Mbps     0 retrans
[2024-11-02T15:41:30.923196-0600]    15.3125 MB /   0.50 sec =  256.9505 Mbps     0 retrans
[2024-11-02T15:41:31.424369-0600]     5.5625 MB /   0.50 sec =   93.1253 Mbps     0 retrans
[2024-11-02T15:41:31.922761-0600]     1.8750 MB /   0.50 sec =   31.5504 Mbps     0 retrans
[2024-11-02T15:41:32.423759-0600]     4.9375 MB /   0.50 sec =   82.7602 Mbps     0 retrans
[2024-11-02T15:41:32.923884-0600]     6.1250 MB /   0.50 sec =  102.7598 Mbps     0 retrans
[2024-11-02T15:41:33.424336-0600]     7.4375 MB /   0.50 sec =  124.7601 Mbps     0 retrans
[2024-11-02T15:41:33.922759-0600]     8.8750 MB /   0.50 sec =  149.0555 Mbps     0 retrans
[2024-11-02T15:41:34.423322-0600]    10.8750 MB /   0.50 sec =  182.4391 Mbps     0 retrans
[2024-11-02T15:41:34.923911-0600]    13.3125 MB /   0.50 sec =  223.1151 Mbps     0 retrans
[2024-11-02T15:41:35.423179-0600]    11.5625 MB /   0.50 sec =  194.1932 Mbps     0 retrans
[2024-11-02T15:41:35.923824-0600]    12.0625 MB /   0.50 sec =  202.3408 Mbps     0 retrans
[2024-11-02T15:41:36.422803-0600]    15.1250 MB /   0.50 sec =  253.7782 Mbps     0 retrans
[2024-11-02T15:41:36.925639-0600]    13.5625 MB /   0.50 sec =  226.7478 Mbps     0 retrans
[2024-11-02T15:41:37.422866-0600]    12.6875 MB /   0.50 sec =  213.6249 Mbps     0 retrans
[2024-11-02T15:41:37.922890-0600]    14.6875 MB /   0.50 sec =  246.4030 Mbps     0 retrans
[2024-11-02T15:41:38.422895-0600]    12.2500 MB /   0.50 sec =  205.5131 Mbps     0 retrans
[2024-11-02T15:41:38.922776-0600]    12.4375 MB /   0.50 sec =  208.6933 Mbps     0 retrans
[2024-11-02T15:41:39.423613-0600]    12.6875 MB /   0.50 sec =  212.7137 Mbps     0 retrans
[2024-11-02T15:41:39.923648-0600]    15.1875 MB /   0.50 sec =  254.7872 Mbps     0 retrans
[2024-11-02T15:41:40.423235-0600]    12.7500 MB /   0.50 sec =  214.0516 Mbps     0 retrans
[2024-11-02T15:41:40.923429-0600]    13.1250 MB /   0.50 sec =  220.0751 Mbps     0 retrans
[2024-11-02T15:41:41.422853-0600]    15.0625 MB /   0.50 sec =  252.8631 Mbps     0 retrans
[2024-11-02T15:41:41.924872-0600]    12.0625 MB /   0.50 sec =  201.6167 Mbps     0 retrans
End time: 1730583702151
