Start time: 1730755082885
[2024-11-04T15:18:03.746366-0600] nuttcp-r: v8.1.4: socket
[2024-11-04T15:18:03.746900-0600] nuttcp-r: buflen=65536, nstream=1, port=5103 tcp
[2024-11-04T15:18:03.746952-0600] nuttcp-r: interval reporting every 0.50 seconds
[2024-11-04T15:18:03.746992-0600] nuttcp-r: connect to 54.176.53.206 with RTT=53.195 ms af=inet
[2024-11-04T15:18:03.747027-0600] nuttcp-r: send window size = 1048576, receive window size = 1048576
[2024-11-04T15:18:03.747060-0600] nuttcp-r: available send window = 786432, available receive window = 786432
[2024-11-04T15:18:03.747096-0600]     2.6875 MB /   0.50 sec =   45.0851 Mbps     0 retrans
[2024-11-04T15:18:04.246460-0600]    11.5625 MB /   0.50 sec =  193.9753 Mbps     0 retrans
[2024-11-04T15:18:04.747066-0600]    12.8125 MB /   0.50 sec =  214.9374 Mbps     0 retrans
[2024-11-04T15:18:05.246445-0600]    10.9375 MB /   0.50 sec =  183.5247 Mbps     0 retrans
[2024-11-04T15:18:05.746441-0600]    12.0625 MB /   0.50 sec =  202.3622 Mbps     0 retrans
[2024-11-04T15:18:06.246896-0600]    12.7500 MB /   0.50 sec =  213.9223 Mbps     0 retrans
[2024-11-04T15:18:06.746506-0600]    12.3750 MB /   0.50 sec =  207.5940 Mbps     0 retrans
[2024-11-04T15:18:07.246420-0600]    12.2500 MB /   0.50 sec =  205.5554 Mbps     0 retrans
[2024-11-04T15:18:07.746675-0600]    14.4375 MB /   0.50 sec =  242.0860 Mbps     0 retrans
[2024-11-04T15:18:08.247000-0600]    15.6875 MB /   0.50 sec =  263.3069 Mbps     0 retrans
[2024-11-04T15:18:08.746736-0600]    14.8750 MB /   0.50 sec =  249.5865 Mbps     0 retrans
[2024-11-04T15:18:09.247008-0600]    14.1875 MB /   0.50 sec =  237.7795 Mbps     0 retrans
[2024-11-04T15:18:09.746557-0600]    13.7500 MB /   0.50 sec =  230.9236 Mbps     0 retrans
[2024-11-04T15:18:10.246385-0600]    15.3125 MB /   0.50 sec =  256.8960 Mbps     0 retrans
[2024-11-04T15:18:10.747007-0600]    15.1250 MB /   0.50 sec =  253.4953 Mbps     0 retrans
[2024-11-04T15:18:11.246974-0600]    15.0000 MB /   0.50 sec =  251.8991 Mbps     0 retrans
[2024-11-04T15:18:11.746849-0600]    15.0625 MB /   0.50 sec =  252.5134 Mbps     0 retrans
[2024-11-04T15:18:12.248421-0600]     6.3125 MB /   0.50 sec =  105.5964 Mbps     0 retrans
[2024-11-04T15:18:12.747037-0600]     9.5000 MB /   0.50 sec =  159.9742 Mbps     0 retrans
[2024-11-04T15:18:13.246526-0600]     9.0000 MB /   0.50 sec =  150.9983 Mbps     0 retrans
[2024-11-04T15:18:13.746468-0600]     8.8750 MB /   0.50 sec =  148.8978 Mbps     0 retrans
[2024-11-04T15:18:14.246467-0600]     8.6250 MB /   0.50 sec =  144.7035 Mbps     0 retrans
[2024-11-04T15:18:14.746443-0600]     9.5000 MB /   0.50 sec =  159.3887 Mbps     0 retrans
[2024-11-04T15:18:15.246412-0600]     6.6250 MB /   0.50 sec =  111.1497 Mbps     0 retrans
[2024-11-04T15:18:15.746519-0600]     7.6875 MB /   0.50 sec =  128.9648 Mbps     0 retrans
[2024-11-04T15:18:16.247012-0600]     6.0625 MB /   0.50 sec =  101.6129 Mbps     0 retrans
[2024-11-04T15:18:16.746411-0600]     7.3750 MB /   0.50 sec =  123.8677 Mbps     0 retrans
[2024-11-04T15:18:17.246527-0600]     6.5625 MB /   0.50 sec =  110.0868 Mbps     0 retrans
[2024-11-04T15:18:17.746451-0600]     6.8750 MB /   0.50 sec =  115.3496 Mbps     0 retrans
[2024-11-04T15:18:18.246792-0600]     7.1875 MB /   0.50 sec =  120.5718 Mbps     0 retrans
[2024-11-04T15:18:18.746529-0600]     7.9375 MB /   0.50 sec =  133.1700 Mbps     0 retrans
[2024-11-04T15:18:19.246400-0600]     7.2500 MB /   0.50 sec =  121.6501 Mbps     0 retrans
[2024-11-04T15:18:19.746631-0600]     8.2500 MB /   0.50 sec =  138.4142 Mbps     0 retrans
[2024-11-04T15:18:20.246955-0600]     7.5625 MB /   0.50 sec =  126.8648 Mbps     0 retrans
[2024-11-04T15:18:20.746480-0600]     6.0000 MB /   0.50 sec =  100.6720 Mbps     0 retrans
[2024-11-04T15:18:21.246493-0600]     8.0625 MB /   0.50 sec =  135.2574 Mbps     0 retrans
[2024-11-04T15:18:21.746393-0600]     8.1875 MB /   0.50 sec =  137.3819 Mbps     0 retrans
[2024-11-04T15:18:22.247733-0600]     1.4375 MB /   0.50 sec =   24.0590 Mbps     0 retrans
[2024-11-04T15:18:22.746978-0600]     6.5000 MB /   0.50 sec =  109.2098 Mbps     0 retrans
[2024-11-04T15:18:23.246473-0600]     8.0625 MB /   0.50 sec =  135.3860 Mbps     0 retrans
[2024-11-04T15:18:23.746468-0600]     8.1875 MB /   0.50 sec =  137.3651 Mbps     0 retrans
[2024-11-04T15:18:24.246472-0600]     6.3750 MB /   0.50 sec =  106.9522 Mbps     0 retrans
[2024-11-04T15:18:24.748847-0600]     8.7500 MB /   0.50 sec =  146.2484 Mbps     0 retrans
[2024-11-04T15:18:25.246497-0600]     6.6875 MB /   0.50 sec =  112.6231 Mbps     0 retrans
[2024-11-04T15:18:25.746584-0600]     0.7500 MB /   0.50 sec =   12.5803 Mbps     0 retrans
[2024-11-04T15:18:26.246462-0600]     6.8125 MB /   0.50 sec =  114.3190 Mbps     0 retrans
[2024-11-04T15:18:26.746441-0600]     7.9375 MB /   0.50 sec =  133.1753 Mbps     0 retrans
[2024-11-04T15:18:27.247489-0600]     6.8125 MB /   0.50 sec =  114.1838 Mbps     0 retrans
[2024-11-04T15:18:27.746822-0600]     9.0000 MB /   0.50 sec =  151.1452 Mbps     0 retrans
[2024-11-04T15:18:28.247161-0600]    10.8750 MB /   0.50 sec =  182.2325 Mbps     0 retrans
[2024-11-04T15:18:28.746996-0600]    12.3125 MB /   0.50 sec =  206.6120 Mbps     0 retrans
[2024-11-04T15:18:29.246466-0600]    11.6250 MB /   0.50 sec =  195.2257 Mbps     0 retrans
[2024-11-04T15:18:29.747024-0600]    13.8125 MB /   0.50 sec =  231.5010 Mbps     0 retrans
[2024-11-04T15:18:30.247444-0600]    12.0000 MB /   0.50 sec =  201.3262 Mbps     0 retrans
[2024-11-04T15:18:30.746746-0600]    12.3750 MB /   0.50 sec =  207.8309 Mbps     0 retrans
[2024-11-04T15:18:31.246446-0600]    10.2500 MB /   0.50 sec =  171.9582 Mbps     0 retrans
[2024-11-04T15:18:31.746539-0600]    14.3750 MB /   0.50 sec =  241.1628 Mbps     0 retrans
[2024-11-04T15:18:32.247957-0600]    13.0000 MB /   0.50 sec =  217.4805 Mbps     0 retrans
[2024-11-04T15:18:32.746468-0600]    13.1250 MB /   0.50 sec =  220.8418 Mbps     0 retrans
[2024-11-04T15:18:33.247374-0600]    11.4375 MB /   0.50 sec =  191.7349 Mbps     0 retrans
[2024-11-04T15:18:33.746532-0600]     1.1875 MB /   0.50 sec =   19.9369 Mbps     0 retrans
[2024-11-04T15:18:34.246333-0600]     0.0625 MB /   0.50 sec =    1.0488 Mbps     0 retrans
[2024-11-04T15:18:34.746894-0600]     0.5000 MB /   0.50 sec =    8.3810 Mbps     0 retrans
[2024-11-04T15:18:35.246453-0600]     0.8125 MB /   0.50 sec =   13.6432 Mbps     0 retrans
[2024-11-04T15:18:35.746444-0600]     1.0000 MB /   0.50 sec =   16.7775 Mbps     0 retrans
[2024-11-04T15:18:36.246429-0600]     1.1250 MB /   0.50 sec =   18.8747 Mbps     0 retrans
[2024-11-04T15:18:36.746466-0600]     1.1875 MB /   0.50 sec =   19.9221 Mbps     0 retrans
[2024-11-04T15:18:37.246411-0600]     1.3750 MB /   0.50 sec =   23.0704 Mbps     0 retrans
[2024-11-04T15:18:37.747004-0600]     1.4375 MB /   0.50 sec =   24.0885 Mbps     0 retrans
[2024-11-04T15:18:38.246488-0600]     1.7500 MB /   0.50 sec =   29.3902 Mbps     0 retrans
[2024-11-04T15:18:38.746500-0600]     1.9375 MB /   0.50 sec =   32.5065 Mbps     0 retrans
[2024-11-04T15:18:39.246458-0600]     2.1875 MB /   0.50 sec =   36.7014 Mbps     0 retrans
[2024-11-04T15:18:39.746429-0600]     2.3750 MB /   0.50 sec =   39.8495 Mbps     0 retrans
[2024-11-04T15:18:40.247700-0600]     2.4375 MB /   0.50 sec =   40.8442 Mbps     0 retrans
[2024-11-04T15:18:40.746536-0600]     2.7500 MB /   0.50 sec =   46.1872 Mbps     0 retrans
[2024-11-04T15:18:41.246470-0600]     3.1250 MB /   0.50 sec =   52.4330 Mbps     0 retrans
[2024-11-04T15:18:41.746474-0600]     3.5000 MB /   0.50 sec =   58.7119 Mbps     0 retrans
[2024-11-04T15:18:42.246828-0600]     2.8125 MB /   0.50 sec =   47.1975 Mbps     0 retrans
[2024-11-04T15:18:42.746471-0600]     4.8125 MB /   0.50 sec =   80.7374 Mbps     0 retrans
[2024-11-04T15:18:43.246893-0600]     6.1250 MB /   0.50 sec =  102.6672 Mbps     0 retrans
[2024-11-04T15:18:43.746439-0600]     7.4375 MB /   0.50 sec =  124.8897 Mbps     0 retrans
[2024-11-04T15:18:44.246886-0600]     9.3750 MB /   0.50 sec =  157.2864 Mbps     0 retrans
[2024-11-04T15:18:44.746487-0600]    10.7500 MB /   0.50 sec =  180.3533 Mbps     0 retrans
[2024-11-04T15:18:45.246553-0600]    13.1875 MB /   0.50 sec =  221.2327 Mbps     0 retrans
[2024-11-04T15:18:45.746737-0600]    13.6875 MB /   0.50 sec =  229.6666 Mbps     0 retrans
[2024-11-04T15:18:46.247100-0600]     9.3750 MB /   0.50 sec =  157.1990 Mbps     0 retrans
[2024-11-04T15:18:46.747177-0600]    10.6875 MB /   0.50 sec =  179.2208 Mbps     0 retrans
[2024-11-04T15:18:47.246525-0600]    13.8750 MB /   0.50 sec =  233.0104 Mbps     0 retrans
[2024-11-04T15:18:47.747158-0600]    11.5625 MB /   0.50 sec =  193.9032 Mbps     0 retrans
[2024-11-04T15:18:48.246458-0600]    13.7500 MB /   0.50 sec =  230.7836 Mbps     0 retrans
[2024-11-04T15:18:48.746650-0600]    11.8750 MB /   0.50 sec =  199.1362 Mbps     0 retrans
[2024-11-04T15:18:49.246435-0600]    14.0000 MB /   0.50 sec =  234.9684 Mbps     0 retrans
[2024-11-04T15:18:49.747503-0600]    11.9375 MB /   0.50 sec =  200.2788 Mbps     0 retrans
[2024-11-04T15:18:50.247184-0600]    10.3125 MB /   0.50 sec =  173.0379 Mbps     0 retrans
[2024-11-04T15:18:50.746411-0600]     9.4375 MB /   0.50 sec =  158.3407 Mbps     0 retrans
[2024-11-04T15:18:51.246488-0600]    12.6875 MB /   0.50 sec =  212.8456 Mbps     0 retrans
[2024-11-04T15:18:51.746867-0600]    11.1250 MB /   0.50 sec =  186.4936 Mbps     0 retrans
[2024-11-04T15:18:52.246333-0600]    10.1250 MB /   0.50 sec =  170.0257 Mbps     0 retrans
[2024-11-04T15:18:52.747358-0600]    14.6250 MB /   0.50 sec =  245.3555 Mbps     0 retrans
[2024-11-04T15:18:53.248757-0600]     0.7500 MB /   0.50 sec =   12.5712 Mbps     0 retrans
[2024-11-04T15:18:53.746373-0600]    14.1250 MB /   0.50 sec =  237.2111 Mbps     0 retrans
[2024-11-04T15:18:54.247374-0600]    12.0625 MB /   0.50 sec =  202.1887 Mbps     0 retrans
[2024-11-04T15:18:54.746442-0600]    15.0000 MB /   0.50 sec =  251.8809 Mbps     0 retrans
[2024-11-04T15:18:55.246929-0600]    12.6250 MB /   0.50 sec =  211.6358 Mbps     0 retrans
[2024-11-04T15:18:55.746956-0600]    13.2500 MB /   0.50 sec =  222.2732 Mbps     0 retrans
[2024-11-04T15:18:56.246451-0600]    14.8125 MB /   0.50 sec =  248.7394 Mbps     0 retrans
[2024-11-04T15:18:56.746541-0600]    13.8125 MB /   0.50 sec =  231.7214 Mbps     0 retrans
[2024-11-04T15:18:57.246345-0600]     9.6250 MB /   0.50 sec =  161.5020 Mbps     0 retrans
[2024-11-04T15:18:57.747939-0600]    11.8125 MB /   0.50 sec =  197.7679 Mbps     0 retrans
[2024-11-04T15:18:58.246921-0600]     8.3750 MB /   0.50 sec =  140.6591 Mbps     0 retrans
[2024-11-04T15:18:58.746475-0600]    13.6250 MB /   0.50 sec =  228.8010 Mbps     0 retrans
[2024-11-04T15:18:59.246467-0600]    13.1250 MB /   0.50 sec =  220.2023 Mbps     0 retrans
[2024-11-04T15:18:59.747990-0600]    12.1250 MB /   0.50 sec =  202.9938 Mbps     0 retrans
[2024-11-04T15:19:00.246482-0600]    13.0000 MB /   0.50 sec =  218.5457 Mbps     0 retrans
[2024-11-04T15:19:00.746832-0600]    15.1250 MB /   0.50 sec =  253.7884 Mbps     0 retrans
[2024-11-04T15:19:01.247761-0600]     7.6250 MB /   0.50 sec =  127.5915 Mbps     0 retrans
[2024-11-04T15:19:01.746694-0600]    14.0625 MB /   0.50 sec =  236.4114 Mbps     0 retrans
[2024-11-04T15:19:02.248116-0600]    10.5625 MB /   0.50 sec =  176.8814 Mbps     0 retrans
[2024-11-04T15:19:02.746787-0600]    11.8125 MB /   0.50 sec =  198.6676 Mbps     0 retrans
[2024-11-04T15:19:03.247245-0600]    13.0625 MB /   0.50 sec =  218.9811 Mbps     0 retrans
[2024-11-04T15:19:03.746876-0600]    12.5625 MB /   0.50 sec =  210.7271 Mbps     0 retrans
[2024-11-04T15:19:04.246492-0600]    11.1875 MB /   0.50 sec =  187.8345 Mbps     0 retrans
[2024-11-04T15:19:04.747739-0600]    13.1250 MB /   0.50 sec =  219.8742 Mbps     0 retrans
[2024-11-04T15:19:05.246449-0600]    13.2500 MB /   0.50 sec =  222.6499 Mbps     0 retrans
[2024-11-04T15:19:05.747365-0600]    12.1250 MB /   0.50 sec =  203.2498 Mbps     0 retrans
[2024-11-04T15:19:06.248963-0600]    14.1875 MB /   0.50 sec =  237.5787 Mbps     0 retrans
[2024-11-04T15:19:06.746437-0600]    12.6250 MB /   0.50 sec =  212.4220 Mbps     0 retrans
[2024-11-04T15:19:07.246369-0600]    11.2500 MB /   0.50 sec =  188.7407 Mbps     0 retrans
[2024-11-04T15:19:07.746871-0600]    14.5625 MB /   0.50 sec =  244.3177 Mbps     0 retrans
[2024-11-04T15:19:08.246504-0600]    16.1250 MB /   0.50 sec =  270.5120 Mbps     0 retrans
[2024-11-04T15:19:08.746444-0600]    11.6875 MB /   0.50 sec =  196.1002 Mbps     0 retrans
[2024-11-04T15:19:09.246810-0600]    12.0625 MB /   0.50 sec =  202.3752 Mbps     0 retrans
[2024-11-04T15:19:09.746923-0600]    12.4375 MB /   0.50 sec =  208.4727 Mbps     0 retrans
[2024-11-04T15:19:10.246480-0600]    14.5625 MB /   0.50 sec =  244.5383 Mbps     0 retrans
[2024-11-04T15:19:10.746396-0600]    17.5625 MB /   0.50 sec =  294.6646 Mbps     0 retrans
[2024-11-04T15:19:11.246757-0600]    14.1250 MB /   0.50 sec =  236.8328 Mbps     0 retrans
[2024-11-04T15:19:11.747031-0600]    13.6250 MB /   0.50 sec =  228.4858 Mbps     0 retrans
[2024-11-04T15:19:12.248513-0600]     4.6875 MB /   0.50 sec =   78.4227 Mbps     0 retrans
[2024-11-04T15:19:12.746550-0600]     1.6875 MB /   0.50 sec =   28.4183 Mbps     0 retrans
[2024-11-04T15:19:13.246753-0600]     5.8750 MB /   0.50 sec =   98.5348 Mbps     0 retrans
[2024-11-04T15:19:13.746547-0600]     6.6875 MB /   0.50 sec =  112.2513 Mbps     0 retrans
[2024-11-04T15:19:14.246484-0600]     7.1875 MB /   0.50 sec =  120.5771 Mbps     0 retrans
[2024-11-04T15:19:14.746943-0600]     8.0625 MB /   0.50 sec =  135.1368 Mbps     0 retrans
[2024-11-04T15:19:15.246549-0600]     9.4375 MB /   0.50 sec =  158.4678 Mbps     0 retrans
[2024-11-04T15:19:15.746573-0600]     8.2500 MB /   0.50 sec =  138.4115 Mbps     0 retrans
[2024-11-04T15:19:16.246436-0600]    10.2500 MB /   0.50 sec =  171.9857 Mbps     0 retrans
[2024-11-04T15:19:16.746499-0600]    11.6250 MB /   0.50 sec =  195.0176 Mbps     0 retrans
[2024-11-04T15:19:17.246673-0600]     4.0625 MB /   0.50 sec =   68.1543 Mbps     0 retrans
[2024-11-04T15:19:17.746417-0600]     6.8125 MB /   0.50 sec =  114.3176 Mbps     0 retrans
[2024-11-04T15:19:18.246423-0600]     8.0000 MB /   0.50 sec =  134.2148 Mbps     0 retrans
[2024-11-04T15:19:18.746422-0600]     6.5625 MB /   0.50 sec =  110.0967 Mbps     0 retrans
[2024-11-04T15:19:19.246731-0600]     8.4375 MB /   0.50 sec =  141.5668 Mbps     0 retrans
[2024-11-04T15:19:19.746352-0600]    10.7500 MB /   0.50 sec =  180.3583 Mbps     0 retrans
[2024-11-04T15:19:20.246902-0600]    10.6875 MB /   0.50 sec =  179.1335 Mbps     0 retrans
[2024-11-04T15:19:20.746434-0600]     9.3125 MB /   0.50 sec =  156.3804 Mbps     0 retrans
[2024-11-04T15:19:21.246425-0600]    11.5625 MB /   0.50 sec =  193.9869 Mbps     0 retrans
[2024-11-04T15:19:21.746525-0600]    10.8125 MB /   0.50 sec =  181.3942 Mbps     0 retrans
[2024-11-04T15:19:22.247038-0600]    12.7500 MB /   0.50 sec =  213.9112 Mbps     0 retrans
[2024-11-04T15:19:22.746903-0600]    10.7500 MB /   0.50 sec =  180.1987 Mbps     0 retrans
[2024-11-04T15:19:23.246565-0600]     8.3750 MB /   0.50 sec =  140.6172 Mbps     0 retrans
[2024-11-04T15:19:23.746430-0600]    10.1875 MB /   0.50 sec =  170.9411 Mbps     0 retrans
[2024-11-04T15:19:24.246480-0600]     4.8125 MB /   0.50 sec =   80.7320 Mbps     0 retrans
[2024-11-04T15:19:24.746422-0600]     5.6875 MB /   0.50 sec =   95.4263 Mbps     0 retrans
[2024-11-04T15:19:25.246955-0600]     5.0625 MB /   0.50 sec =   84.9428 Mbps     0 retrans
[2024-11-04T15:19:25.746494-0600]     9.2500 MB /   0.50 sec =  155.1681 Mbps     0 retrans
[2024-11-04T15:19:26.246900-0600]     9.0625 MB /   0.50 sec =  152.0542 Mbps     0 retrans
[2024-11-04T15:19:26.746449-0600]     9.5625 MB /   0.50 sec =  160.4328 Mbps     0 retrans
[2024-11-04T15:19:27.247388-0600]     8.2500 MB /   0.50 sec =  138.2950 Mbps     0 retrans
[2024-11-04T15:19:27.746546-0600]    10.0000 MB /   0.50 sec =  167.8947 Mbps     0 retrans
[2024-11-04T15:19:28.247573-0600]    11.3125 MB /   0.50 sec =  189.4051 Mbps     0 retrans
[2024-11-04T15:19:28.746472-0600]    12.3125 MB /   0.50 sec =  207.0212 Mbps     0 retrans
[2024-11-04T15:19:29.246491-0600]    11.3125 MB /   0.50 sec =  189.7831 Mbps     0 retrans
[2024-11-04T15:19:29.746490-0600]    11.2500 MB /   0.50 sec =  188.7403 Mbps     0 retrans
[2024-11-04T15:19:30.246924-0600]    10.8125 MB /   0.50 sec =  181.4113 Mbps     0 retrans
[2024-11-04T15:19:30.746434-0600]    12.4375 MB /   0.50 sec =  208.6695 Mbps     0 retrans
[2024-11-04T15:19:31.248315-0600]    10.2500 MB /   0.50 sec =  171.5085 Mbps     0 retrans
[2024-11-04T15:19:31.748122-0600]    10.0000 MB /   0.50 sec =  167.6662 Mbps     0 retrans
[2024-11-04T15:19:32.246504-0600]     9.5625 MB /   0.50 sec =  160.9717 Mbps     0 retrans
[2024-11-04T15:19:32.746512-0600]    12.6875 MB /   0.50 sec =  212.8362 Mbps     0 retrans
[2024-11-04T15:19:33.246906-0600]     5.8750 MB /   0.50 sec =   98.5699 Mbps     0 retrans
[2024-11-04T15:19:33.746718-0600]     3.8750 MB /   0.50 sec =   65.0167 Mbps     0 retrans
[2024-11-04T15:19:34.246454-0600]     7.3750 MB /   0.50 sec =  123.7258 Mbps     0 retrans
[2024-11-04T15:19:34.746455-0600]    11.3750 MB /   0.50 sec =  190.8343 Mbps     0 retrans
[2024-11-04T15:19:35.246652-0600]    10.4375 MB /   0.50 sec =  175.0730 Mbps     0 retrans
[2024-11-04T15:19:35.746504-0600]    10.4375 MB /   0.50 sec =  175.1465 Mbps     0 retrans
[2024-11-04T15:19:36.246389-0600]    12.3750 MB /   0.50 sec =  207.6430 Mbps     0 retrans
[2024-11-04T15:19:36.746512-0600]    13.3125 MB /   0.50 sec =  223.3163 Mbps     0 retrans
[2024-11-04T15:19:37.246513-0600]    11.2500 MB /   0.50 sec =  188.7467 Mbps     0 retrans
[2024-11-04T15:19:37.746470-0600]     9.5625 MB /   0.50 sec =  160.4414 Mbps     0 retrans
[2024-11-04T15:19:38.246569-0600]    11.7500 MB /   0.50 sec =  197.0980 Mbps     0 retrans
[2024-11-04T15:19:38.746506-0600]    11.0625 MB /   0.50 sec =  185.6210 Mbps     0 retrans
[2024-11-04T15:19:39.246373-0600]    11.8125 MB /   0.50 sec =  198.1983 Mbps     0 retrans
[2024-11-04T15:19:39.746443-0600]    10.5000 MB /   0.50 sec =  176.1530 Mbps     0 retrans
[2024-11-04T15:19:40.247978-0600]     6.2500 MB /   0.50 sec =  104.6383 Mbps     0 retrans
[2024-11-04T15:19:40.746931-0600]     8.3750 MB /   0.50 sec =  140.6811 Mbps     0 retrans
[2024-11-04T15:19:41.247061-0600]    10.5625 MB /   0.50 sec =  177.1675 Mbps     0 retrans
[2024-11-04T15:19:41.746544-0600]    11.4375 MB /   0.50 sec =  192.0896 Mbps     0 retrans
[2024-11-04T15:19:42.248397-0600]     8.0625 MB /   0.50 sec =  134.7744 Mbps     0 retrans
[2024-11-04T15:19:42.746413-0600]     8.1250 MB /   0.50 sec =  136.8283 Mbps     0 retrans
[2024-11-04T15:19:43.246382-0600]     8.1875 MB /   0.50 sec =  137.3687 Mbps     0 retrans
[2024-11-04T15:19:43.747482-0600]    10.2500 MB /   0.50 sec =  171.7768 Mbps     0 retrans
[2024-11-04T15:19:44.246381-0600]    11.6875 MB /   0.50 sec =  196.2922 Mbps     0 retrans
[2024-11-04T15:19:44.746919-0600]    11.3750 MB /   0.50 sec =  190.8393 Mbps     0 retrans
[2024-11-04T15:19:45.248114-0600]     9.7500 MB /   0.50 sec =  163.2110 Mbps     0 retrans
[2024-11-04T15:19:45.746462-0600]    10.2500 MB /   0.50 sec =  172.3508 Mbps     0 retrans
[2024-11-04T15:19:46.246945-0600]    10.8750 MB /   0.50 sec =  182.2954 Mbps     0 retrans
[2024-11-04T15:19:46.746366-0600]    11.8750 MB /   0.50 sec =  199.4145 Mbps     0 retrans
[2024-11-04T15:19:47.248178-0600]    12.3125 MB /   0.50 sec =  205.8753 Mbps     0 retrans
[2024-11-04T15:19:47.746510-0600]     8.3750 MB /   0.50 sec =  140.9605 Mbps     0 retrans
[2024-11-04T15:19:48.246475-0600]     8.9375 MB /   0.50 sec =  149.9623 Mbps     0 retrans
[2024-11-04T15:19:48.746470-0600]    14.5000 MB /   0.50 sec =  243.2584 Mbps     0 retrans
[2024-11-04T15:19:49.247818-0600]     8.7500 MB /   0.50 sec =  146.4188 Mbps     0 retrans
[2024-11-04T15:19:49.746496-0600]     9.5625 MB /   0.50 sec =  160.8432 Mbps     0 retrans
[2024-11-04T15:19:50.246488-0600]     9.8125 MB /   0.50 sec =  164.6363 Mbps     0 retrans
[2024-11-04T15:19:50.746736-0600]    15.2500 MB /   0.50 sec =  255.7891 Mbps     0 retrans
[2024-11-04T15:19:51.246375-0600]    12.8750 MB /   0.50 sec =  216.0788 Mbps     0 retrans
[2024-11-04T15:19:51.747650-0600]    10.7500 MB /   0.50 sec =  180.1468 Mbps     0 retrans
[2024-11-04T15:19:52.248162-0600]    13.6250 MB /   0.50 sec =  228.0955 Mbps     0 retrans
[2024-11-04T15:19:52.746484-0600]     8.1875 MB /   0.50 sec =  137.8113 Mbps     0 retrans
[2024-11-04T15:19:53.246965-0600]     8.4375 MB /   0.50 sec =  141.4237 Mbps     0 retrans
[2024-11-04T15:19:53.746647-0600]    14.9375 MB /   0.50 sec =  250.7948 Mbps     0 retrans
[2024-11-04T15:19:54.246842-0600]    15.6875 MB /   0.50 sec =  263.2616 Mbps     0 retrans
[2024-11-04T15:19:54.746471-0600]     8.6875 MB /   0.50 sec =  145.7439 Mbps     0 retrans
[2024-11-04T15:19:55.247040-0600]    14.1250 MB /   0.50 sec =  236.9810 Mbps     0 retrans
[2024-11-04T15:19:55.746452-0600]    14.5625 MB /   0.50 sec =  244.3158 Mbps     0 retrans
[2024-11-04T15:19:56.246558-0600]     8.1250 MB /   0.50 sec =  136.2936 Mbps     0 retrans
[2024-11-04T15:19:56.746506-0600]     6.3125 MB /   0.50 sec =  105.9204 Mbps     0 retrans
[2024-11-04T15:19:57.246418-0600]     7.1250 MB /   0.50 sec =  119.5405 Mbps     0 retrans
[2024-11-04T15:19:57.746964-0600]     7.6875 MB /   0.50 sec =  128.9346 Mbps     0 retrans
[2024-11-04T15:19:58.246973-0600]     6.9375 MB /   0.50 sec =  116.4322 Mbps     0 retrans
[2024-11-04T15:19:58.746420-0600]     8.0000 MB /   0.50 sec =  134.2201 Mbps     0 retrans
[2024-11-04T15:19:59.246426-0600]     6.7500 MB /   0.50 sec =  113.2439 Mbps     0 retrans
[2024-11-04T15:19:59.746404-0600]     7.3750 MB /   0.50 sec =  123.7362 Mbps     0 retrans
[2024-11-04T15:20:00.246464-0600]     5.2500 MB /   0.50 sec =   88.0755 Mbps     0 retrans
[2024-11-04T15:20:00.746431-0600]     7.3125 MB /   0.50 sec =  122.6827 Mbps     0 retrans
[2024-11-04T15:20:01.246930-0600]     8.5000 MB /   0.50 sec =  142.4764 Mbps     0 retrans
[2024-11-04T15:20:01.746395-0600]     9.5000 MB /   0.50 sec =  159.5399 Mbps     0 retrans
[2024-11-04T15:20:02.247039-0600]     8.2500 MB /   0.50 sec =  138.3943 Mbps     0 retrans
[2024-11-04T15:20:02.746433-0600]    11.3750 MB /   0.50 sec =  190.8572 Mbps     0 retrans
[2024-11-04T15:20:03.246428-0600]    13.3750 MB /   0.50 sec =  224.3998 Mbps     0 retrans
[2024-11-04T15:20:03.746486-0600]    10.8750 MB /   0.50 sec =  182.4395 Mbps     0 retrans
End time: 1730755204000
