Start time: 1730757179570
[2024-11-04T15:53:00.587157-0600] nuttcp-r: v8.1.4: socket
[2024-11-04T15:53:00.587736-0600] nuttcp-r: buflen=65536, nstream=1, port=5101 tcp
[2024-11-04T15:53:00.587782-0600] nuttcp-r: interval reporting every 0.50 seconds
[2024-11-04T15:53:00.587819-0600] nuttcp-r: connect to 54.176.53.206 with RTT=104.303 ms af=inet
[2024-11-04T15:53:00.587853-0600] nuttcp-r: send window size = 1048576, receive window size = 4194304
[2024-11-04T15:53:00.587949-0600] nuttcp-r: available send window = 786432, available receive window = 3145728
[2024-11-04T15:53:00.587990-0600]     0.1250 MB /   0.50 sec =    2.0969 Mbps     0 retrans
[2024-11-04T15:53:01.086714-0600]     1.7500 MB /   0.50 sec =   29.3617 Mbps     0 retrans
[2024-11-04T15:53:01.586845-0600]     3.6250 MB /   0.50 sec =   60.8149 Mbps     0 retrans
[2024-11-04T15:53:02.086916-0600]     3.4375 MB /   0.50 sec =   57.6748 Mbps     0 retrans
[2024-11-04T15:53:02.587167-0600]     2.6875 MB /   0.50 sec =   45.0862 Mbps     0 retrans
[2024-11-04T15:53:03.087203-0600]     2.6250 MB /   0.50 sec =   44.0053 Mbps     0 retrans
[2024-11-04T15:53:03.586700-0600]     3.3750 MB /   0.50 sec =   56.6704 Mbps     0 retrans
[2024-11-04T15:53:04.086928-0600]     4.1250 MB /   0.50 sec =   69.2024 Mbps     0 retrans
[2024-11-04T15:53:04.586724-0600]     4.0000 MB /   0.50 sec =   67.1087 Mbps     0 retrans
[2024-11-04T15:53:05.086778-0600]     4.1875 MB /   0.50 sec =   70.2543 Mbps     0 retrans
[2024-11-04T15:53:05.586763-0600]     4.0625 MB /   0.50 sec =   68.1591 Mbps     0 retrans
[2024-11-04T15:53:06.086767-0600]     3.8125 MB /   0.50 sec =   63.9621 Mbps     0 retrans
[2024-11-04T15:53:06.586784-0600]     3.6250 MB /   0.50 sec =   60.8167 Mbps     0 retrans
[2024-11-04T15:53:07.086744-0600]     3.3125 MB /   0.50 sec =   55.5750 Mbps     0 retrans
[2024-11-04T15:53:07.586769-0600]     3.1250 MB /   0.50 sec =   52.4292 Mbps     0 retrans
[2024-11-04T15:53:08.086689-0600]     3.2500 MB /   0.50 sec =   54.5288 Mbps     0 retrans
[2024-11-04T15:53:08.586800-0600]     3.3750 MB /   0.50 sec =   56.6171 Mbps     0 retrans
[2024-11-04T15:53:09.086790-0600]     2.8750 MB /   0.50 sec =   48.2368 Mbps     0 retrans
[2024-11-04T15:53:09.586771-0600]     3.0625 MB /   0.50 sec =   51.3802 Mbps     0 retrans
[2024-11-04T15:53:10.086741-0600]     3.1250 MB /   0.50 sec =   52.4296 Mbps     0 retrans
[2024-11-04T15:53:10.586865-0600]     3.0625 MB /   0.50 sec =   51.3716 Mbps     0 retrans
[2024-11-04T15:53:11.086773-0600]     1.0625 MB /   0.50 sec =   17.8297 Mbps     0 retrans
[2024-11-04T15:53:11.586804-0600]     2.8125 MB /   0.50 sec =   47.1814 Mbps     0 retrans
[2024-11-04T15:53:12.086734-0600]     2.8125 MB /   0.50 sec =   47.1878 Mbps     0 retrans
[2024-11-04T15:53:12.586797-0600]     2.4375 MB /   0.50 sec =   40.8921 Mbps     0 retrans
[2024-11-04T15:53:13.086840-0600]     2.1875 MB /   0.50 sec =   36.6991 Mbps     0 retrans
[2024-11-04T15:53:13.586773-0600]     2.3750 MB /   0.50 sec =   39.8490 Mbps     0 retrans
[2024-11-04T15:53:14.086780-0600]     2.3750 MB /   0.50 sec =   39.8460 Mbps     0 retrans
[2024-11-04T15:53:14.586778-0600]     1.8125 MB /   0.50 sec =   30.4086 Mbps     0 retrans
[2024-11-04T15:53:15.086768-0600]     1.8125 MB /   0.50 sec =   30.4086 Mbps     0 retrans
[2024-11-04T15:53:15.586792-0600]     1.3750 MB /   0.50 sec =   23.0678 Mbps     0 retrans
[2024-11-04T15:53:16.086826-0600]     1.3750 MB /   0.50 sec =   23.0668 Mbps     0 retrans
[2024-11-04T15:53:16.586711-0600]     2.0625 MB /   0.50 sec =   34.6078 Mbps     0 retrans
[2024-11-04T15:53:17.086746-0600]     1.5625 MB /   0.50 sec =   26.2126 Mbps     0 retrans
[2024-11-04T15:53:17.586821-0600]     1.6875 MB /   0.50 sec =   28.3113 Mbps     0 retrans
[2024-11-04T15:53:18.086778-0600]     2.2500 MB /   0.50 sec =   37.7532 Mbps     0 retrans
[2024-11-04T15:53:18.586780-0600]     2.2500 MB /   0.50 sec =   37.7460 Mbps     0 retrans
[2024-11-04T15:53:19.086754-0600]     2.9375 MB /   0.50 sec =   49.2842 Mbps     0 retrans
[2024-11-04T15:53:19.586762-0600]     2.5000 MB /   0.50 sec =   41.9434 Mbps     0 retrans
[2024-11-04T15:53:20.086778-0600]     2.8125 MB /   0.50 sec =   47.1850 Mbps     0 retrans
[2024-11-04T15:53:20.586770-0600]     2.6250 MB /   0.50 sec =   44.0405 Mbps     0 retrans
[2024-11-04T15:53:21.086753-0600]     2.5625 MB /   0.50 sec =   42.9923 Mbps     0 retrans
[2024-11-04T15:53:21.586752-0600]     3.6875 MB /   0.50 sec =   61.8662 Mbps     0 retrans
[2024-11-04T15:53:22.086725-0600]     2.7500 MB /   0.50 sec =   46.1349 Mbps     0 retrans
[2024-11-04T15:53:22.586855-0600]     3.7500 MB /   0.50 sec =   62.9069 Mbps     0 retrans
[2024-11-04T15:53:23.086785-0600]     3.5000 MB /   0.50 sec =   58.7271 Mbps     0 retrans
[2024-11-04T15:53:23.586766-0600]     3.6875 MB /   0.50 sec =   61.8683 Mbps     0 retrans
[2024-11-04T15:53:24.086766-0600]     3.9375 MB /   0.50 sec =   66.0603 Mbps     0 retrans
[2024-11-04T15:53:24.586771-0600]     4.6875 MB /   0.50 sec =   78.6437 Mbps     0 retrans
[2024-11-04T15:53:25.086766-0600]     4.5000 MB /   0.50 sec =   75.4976 Mbps     0 retrans
[2024-11-04T15:53:25.586752-0600]     4.2500 MB /   0.50 sec =   71.3040 Mbps     0 retrans
[2024-11-04T15:53:26.086731-0600]     4.3125 MB /   0.50 sec =   72.3533 Mbps     0 retrans
[2024-11-04T15:53:26.586770-0600]     4.7500 MB /   0.50 sec =   79.6886 Mbps     0 retrans
[2024-11-04T15:53:27.086762-0600]     4.5625 MB /   0.50 sec =   76.5454 Mbps     0 retrans
[2024-11-04T15:53:27.586830-0600]     4.2500 MB /   0.50 sec =   71.2987 Mbps     0 retrans
[2024-11-04T15:53:28.086922-0600]     4.1875 MB /   0.50 sec =   70.2429 Mbps     0 retrans
[2024-11-04T15:53:28.586837-0600]     4.5625 MB /   0.50 sec =   76.5543 Mbps     0 retrans
[2024-11-04T15:53:29.086792-0600]     4.4375 MB /   0.50 sec =   74.4568 Mbps     0 retrans
[2024-11-04T15:53:29.586763-0600]     4.1250 MB /   0.50 sec =   69.2085 Mbps     0 retrans
[2024-11-04T15:53:30.086725-0600]     4.1875 MB /   0.50 sec =   70.2547 Mbps     0 retrans
[2024-11-04T15:53:30.586778-0600]     4.8125 MB /   0.50 sec =   80.7374 Mbps     0 retrans
[2024-11-04T15:53:31.086731-0600]     4.8750 MB /   0.50 sec =   81.7940 Mbps     0 retrans
[2024-11-04T15:53:31.586777-0600]     5.0000 MB /   0.50 sec =   83.8832 Mbps     0 retrans
[2024-11-04T15:53:32.086763-0600]     4.5625 MB /   0.50 sec =   76.5453 Mbps     0 retrans
[2024-11-04T15:53:32.586837-0600]     3.6875 MB /   0.50 sec =   61.8582 Mbps     0 retrans
[2024-11-04T15:53:33.086701-0600]     3.7500 MB /   0.50 sec =   62.9235 Mbps     0 retrans
[2024-11-04T15:53:33.586846-0600]     4.0625 MB /   0.50 sec =   68.1475 Mbps     0 retrans
[2024-11-04T15:53:34.086821-0600]     4.3750 MB /   0.50 sec =   73.4012 Mbps     0 retrans
[2024-11-04T15:53:34.586762-0600]     1.2500 MB /   0.50 sec =   20.9740 Mbps     0 retrans
[2024-11-04T15:53:35.086760-0600]     4.7500 MB /   0.50 sec =   79.6911 Mbps     0 retrans
[2024-11-04T15:53:35.586912-0600]     4.8750 MB /   0.50 sec =   81.7879 Mbps     0 retrans
[2024-11-04T15:53:36.086719-0600]     4.4375 MB /   0.50 sec =   74.4528 Mbps     0 retrans
[2024-11-04T15:53:36.586790-0600]     4.0000 MB /   0.50 sec =   67.1046 Mbps     0 retrans
[2024-11-04T15:53:37.086822-0600]     5.1250 MB /   0.50 sec =   85.9757 Mbps     0 retrans
[2024-11-04T15:53:37.586801-0600]     4.8125 MB /   0.50 sec =   80.7473 Mbps     0 retrans
[2024-11-04T15:53:38.086815-0600]     5.8750 MB /   0.50 sec =   98.5659 Mbps     0 retrans
[2024-11-04T15:53:38.586685-0600]     5.4375 MB /   0.50 sec =   91.2354 Mbps     0 retrans
[2024-11-04T15:53:39.086802-0600]     4.0625 MB /   0.50 sec =   68.1493 Mbps     0 retrans
[2024-11-04T15:53:39.586992-0600]     2.7500 MB /   0.50 sec =   46.1393 Mbps     0 retrans
[2024-11-04T15:53:40.086766-0600]     4.3750 MB /   0.50 sec =   73.4012 Mbps     0 retrans
[2024-11-04T15:53:40.586908-0600]     3.8125 MB /   0.50 sec =   63.9509 Mbps     0 retrans
[2024-11-04T15:53:41.086805-0600]     4.5000 MB /   0.50 sec =   75.5079 Mbps     0 retrans
[2024-11-04T15:53:41.586766-0600]     4.0625 MB /   0.50 sec =   68.1611 Mbps     0 retrans
[2024-11-04T15:53:42.086826-0600]     3.5625 MB /   0.50 sec =   59.7646 Mbps     0 retrans
[2024-11-04T15:53:42.586827-0600]     4.3125 MB /   0.50 sec =   72.3487 Mbps     0 retrans
[2024-11-04T15:53:43.086689-0600]     4.8125 MB /   0.50 sec =   80.7533 Mbps     0 retrans
[2024-11-04T15:53:43.586785-0600]     4.7500 MB /   0.50 sec =   79.6849 Mbps     0 retrans
[2024-11-04T15:53:44.086684-0600]     4.5000 MB /   0.50 sec =   75.5053 Mbps     0 retrans
[2024-11-04T15:53:44.586763-0600]     4.5625 MB /   0.50 sec =   76.5418 Mbps     0 retrans
[2024-11-04T15:53:45.086805-0600]     3.8125 MB /   0.50 sec =   63.9588 Mbps     0 retrans
[2024-11-04T15:53:45.586834-0600]     4.1875 MB /   0.50 sec =   70.2554 Mbps     0 retrans
[2024-11-04T15:53:46.086772-0600]     2.0000 MB /   0.50 sec =   33.5555 Mbps     0 retrans
[2024-11-04T15:53:46.586776-0600]     4.5000 MB /   0.50 sec =   75.4982 Mbps     0 retrans
[2024-11-04T15:53:47.086764-0600]     4.3125 MB /   0.50 sec =   72.3528 Mbps     0 retrans
[2024-11-04T15:53:47.586982-0600]     2.8750 MB /   0.50 sec =   48.2266 Mbps     0 retrans
[2024-11-04T15:53:48.086785-0600]     2.3125 MB /   0.50 sec =   38.8026 Mbps     0 retrans
[2024-11-04T15:53:48.586820-0600]     0.0000 MB /   0.50 sec =    0.0000 Mbps     0 retrans
[2024-11-04T15:53:49.086832-0600]     0.0000 MB /   0.50 sec =    0.0000 Mbps     0 retrans
[2024-11-04T15:53:49.586704-0600]     0.0000 MB /   0.50 sec =    0.0000 Mbps     0 retrans
[2024-11-04T15:53:50.086792-0600]     0.0000 MB /   0.50 sec =    0.0000 Mbps     0 retrans
[2024-11-04T15:53:50.586923-0600]     0.3750 MB /   0.50 sec =    6.2900 Mbps     0 retrans
[2024-11-04T15:53:51.086905-0600]     0.6250 MB /   0.50 sec =   10.4858 Mbps     0 retrans
[2024-11-04T15:53:51.587085-0600]     0.0000 MB /   0.50 sec =    0.0000 Mbps     0 retrans
[2024-11-04T15:53:52.086871-0600]     3.0000 MB /   0.50 sec =   50.3342 Mbps     0 retrans
[2024-11-04T15:53:52.586901-0600]     0.0000 MB /   0.50 sec =    0.0000 Mbps     0 retrans
[2024-11-04T15:53:53.086902-0600]     0.0000 MB /   0.50 sec =    0.0000 Mbps     0 retrans
[2024-11-04T15:53:53.586813-0600]     4.2500 MB /   0.50 sec =   71.3151 Mbps     0 retrans
[2024-11-04T15:53:54.086769-0600]     0.2500 MB /   0.50 sec =    4.1941 Mbps     0 retrans
[2024-11-04T15:53:54.586875-0600]     1.5000 MB /   0.50 sec =   25.1644 Mbps     0 retrans
[2024-11-04T15:53:55.086797-0600]     4.2500 MB /   0.50 sec =   71.3129 Mbps     0 retrans
[2024-11-04T15:53:55.586772-0600]     2.8125 MB /   0.50 sec =   47.1872 Mbps     0 retrans
[2024-11-04T15:53:56.086688-0600]     2.1875 MB /   0.50 sec =   36.7024 Mbps     0 retrans
[2024-11-04T15:53:56.586892-0600]     1.1250 MB /   0.50 sec =   18.8710 Mbps     0 retrans
[2024-11-04T15:53:57.086798-0600]     0.4375 MB /   0.50 sec =    7.3407 Mbps     0 retrans
[2024-11-04T15:53:57.586967-0600]     0.3750 MB /   0.50 sec =    6.2898 Mbps     0 retrans
[2024-11-04T15:53:58.087022-0600]     0.0000 MB /   0.50 sec =    0.0000 Mbps     0 retrans
[2024-11-04T15:53:58.586946-0600]     0.4375 MB /   0.50 sec =    7.3399 Mbps     0 retrans
[2024-11-04T15:53:59.086866-0600]     0.1875 MB /   0.50 sec =    3.1460 Mbps     0 retrans
[2024-11-04T15:53:59.586792-0600]     4.4375 MB /   0.50 sec =   74.4601 Mbps     0 retrans
[2024-11-04T15:54:00.086727-0600]     3.3750 MB /   0.50 sec =   56.6228 Mbps     0 retrans
[2024-11-04T15:54:00.586830-0600]     3.4375 MB /   0.50 sec =   57.6682 Mbps     0 retrans
[2024-11-04T15:54:01.086781-0600]     0.3125 MB /   0.50 sec =    5.2433 Mbps     0 retrans
[2024-11-04T15:54:01.586850-0600]     1.6250 MB /   0.50 sec =   27.2593 Mbps     0 retrans
[2024-11-04T15:54:02.086920-0600]     4.6875 MB /   0.50 sec =   78.6363 Mbps     0 retrans
[2024-11-04T15:54:02.586775-0600]     5.8125 MB /   0.50 sec =   97.5418 Mbps     0 retrans
[2024-11-04T15:54:03.086856-0600]     4.4375 MB /   0.50 sec =   74.4362 Mbps     0 retrans
[2024-11-04T15:54:03.586773-0600]     4.5625 MB /   0.50 sec =   76.5591 Mbps     0 retrans
[2024-11-04T15:54:04.086693-0600]     4.7500 MB /   0.50 sec =   79.6966 Mbps     0 retrans
[2024-11-04T15:54:04.586795-0600]     5.4375 MB /   0.50 sec =   91.2184 Mbps     0 retrans
[2024-11-04T15:54:05.086926-0600]     3.8125 MB /   0.50 sec =   63.9497 Mbps     0 retrans
[2024-11-04T15:54:05.586916-0600]     3.1250 MB /   0.50 sec =   52.4280 Mbps     0 retrans
[2024-11-04T15:54:06.086806-0600]     5.2500 MB /   0.50 sec =   88.1065 Mbps     0 retrans
[2024-11-04T15:54:06.586794-0600]     3.5625 MB /   0.50 sec =   59.7637 Mbps     0 retrans
[2024-11-04T15:54:07.086781-0600]     3.6875 MB /   0.50 sec =   61.8672 Mbps     0 retrans
[2024-11-04T15:54:07.586888-0600]     4.3125 MB /   0.50 sec =   72.3376 Mbps     0 retrans
[2024-11-04T15:54:08.086723-0600]     4.6250 MB /   0.50 sec =   77.6143 Mbps     0 retrans
[2024-11-04T15:54:08.586779-0600]     4.5000 MB /   0.50 sec =   75.4926 Mbps     0 retrans
[2024-11-04T15:54:09.086757-0600]     2.9375 MB /   0.50 sec =   49.2848 Mbps     0 retrans
[2024-11-04T15:54:09.586700-0600]     4.1250 MB /   0.50 sec =   69.2078 Mbps     0 retrans
[2024-11-04T15:54:10.087013-0600]     3.0625 MB /   0.50 sec =   51.3598 Mbps     0 retrans
[2024-11-04T15:54:10.586774-0600]     1.8750 MB /   0.50 sec =   31.4689 Mbps     0 retrans
[2024-11-04T15:54:11.086758-0600]     4.2500 MB /   0.50 sec =   71.3035 Mbps     0 retrans
[2024-11-04T15:54:11.586772-0600]     4.6250 MB /   0.50 sec =   77.5943 Mbps     0 retrans
[2024-11-04T15:54:12.086816-0600]     4.6875 MB /   0.50 sec =   78.6374 Mbps     0 retrans
[2024-11-04T15:54:12.586801-0600]     4.1875 MB /   0.50 sec =   70.2546 Mbps     0 retrans
[2024-11-04T15:54:13.086775-0600]     5.8750 MB /   0.50 sec =   98.5713 Mbps     0 retrans
[2024-11-04T15:54:13.586788-0600]     6.0000 MB /   0.50 sec =  100.6651 Mbps     0 retrans
[2024-11-04T15:54:14.087317-0600]     4.9375 MB /   0.50 sec =   82.7425 Mbps     0 retrans
[2024-11-04T15:54:14.586771-0600]     3.9375 MB /   0.50 sec =   66.1369 Mbps     0 retrans
[2024-11-04T15:54:15.086724-0600]     4.1250 MB /   0.50 sec =   69.2037 Mbps     0 retrans
[2024-11-04T15:54:15.586783-0600]     4.8125 MB /   0.50 sec =   80.7404 Mbps     0 retrans
[2024-11-04T15:54:16.086838-0600]     5.1250 MB /   0.50 sec =   85.9746 Mbps     0 retrans
[2024-11-04T15:54:16.587027-0600]     4.8125 MB /   0.50 sec =   80.7452 Mbps     0 retrans
[2024-11-04T15:54:17.086918-0600]     4.1875 MB /   0.50 sec =   70.2502 Mbps     0 retrans
[2024-11-04T15:54:17.586829-0600]     4.3750 MB /   0.50 sec =   73.4034 Mbps     0 retrans
[2024-11-04T15:54:18.086698-0600]     3.7500 MB /   0.50 sec =   62.9225 Mbps     0 retrans
[2024-11-04T15:54:18.586729-0600]     2.8125 MB /   0.50 sec =   47.1833 Mbps     0 retrans
[2024-11-04T15:54:19.086809-0600]     2.6250 MB /   0.50 sec =   44.0380 Mbps     0 retrans
[2024-11-04T15:54:19.586767-0600]     1.7500 MB /   0.50 sec =   29.3621 Mbps     0 retrans
[2024-11-04T15:54:20.086755-0600]     2.7500 MB /   0.50 sec =   46.1393 Mbps     0 retrans
[2024-11-04T15:54:20.586858-0600]     2.4375 MB /   0.50 sec =   40.8872 Mbps     0 retrans
[2024-11-04T15:54:21.086762-0600]     2.3750 MB /   0.50 sec =   39.8531 Mbps     0 retrans
[2024-11-04T15:54:21.586902-0600]     1.0000 MB /   0.50 sec =   16.7730 Mbps     0 retrans
[2024-11-04T15:54:22.086887-0600]     0.5000 MB /   0.50 sec =    8.3888 Mbps     0 retrans
[2024-11-04T15:54:22.586787-0600]     5.1250 MB /   0.50 sec =   85.9994 Mbps     0 retrans
[2024-11-04T15:54:23.086782-0600]     1.1250 MB /   0.50 sec =   18.8726 Mbps     0 retrans
[2024-11-04T15:54:23.586908-0600]     0.0000 MB /   0.50 sec =    0.0000 Mbps     0 retrans
[2024-11-04T15:54:24.086879-0600]     0.0000 MB /   0.50 sec =    0.0000 Mbps     0 retrans
[2024-11-04T15:54:24.586895-0600]     0.6875 MB /   0.50 sec =   11.5350 Mbps     0 retrans
[2024-11-04T15:54:25.086779-0600]     0.1875 MB /   0.50 sec =    3.1461 Mbps     0 retrans
[2024-11-04T15:54:25.586802-0600]     0.3125 MB /   0.50 sec =    5.2432 Mbps     0 retrans
[2024-11-04T15:54:26.086771-0600]     1.7500 MB /   0.50 sec =   29.3602 Mbps     0 retrans
[2024-11-04T15:54:26.586898-0600]     0.2500 MB /   0.50 sec =    4.1934 Mbps     0 retrans
[2024-11-04T15:54:27.086725-0600]     0.0000 MB /   0.50 sec =    0.0000 Mbps     0 retrans
[2024-11-04T15:54:27.586869-0600]     0.7500 MB /   0.50 sec =   12.5817 Mbps     0 retrans
[2024-11-04T15:54:28.086903-0600]     0.1250 MB /   0.50 sec =    2.0970 Mbps     0 retrans
[2024-11-04T15:54:28.586878-0600]     1.9375 MB /   0.50 sec =   32.5084 Mbps     0 retrans
[2024-11-04T15:54:29.086894-0600]     2.5000 MB /   0.50 sec =   41.9404 Mbps     0 retrans
[2024-11-04T15:54:29.586770-0600]     1.1875 MB /   0.50 sec =   19.9275 Mbps     0 retrans
[2024-11-04T15:54:30.087045-0600]     0.1250 MB /   0.50 sec =    2.0966 Mbps     0 retrans
[2024-11-04T15:54:30.586875-0600]     1.2500 MB /   0.50 sec =   20.9724 Mbps     0 retrans
[2024-11-04T15:54:31.086899-0600]     0.7500 MB /   0.50 sec =   12.5827 Mbps     0 retrans
[2024-11-04T15:54:31.586931-0600]     0.0000 MB /   0.50 sec =    0.0000 Mbps     0 retrans
[2024-11-04T15:54:32.086908-0600]     0.5625 MB /   0.50 sec =    9.4375 Mbps     0 retrans
[2024-11-04T15:54:32.586749-0600]     0.0000 MB /   0.50 sec =    0.0000 Mbps     0 retrans
[2024-11-04T15:54:33.086823-0600]     0.0000 MB /   0.50 sec =    0.0000 Mbps     0 retrans
[2024-11-04T15:54:33.586771-0600]     0.8125 MB /   0.50 sec =   13.6331 Mbps     0 retrans
[2024-11-04T15:54:34.086857-0600]     2.3125 MB /   0.50 sec =   38.7949 Mbps     0 retrans
[2024-11-04T15:54:34.586920-0600]     0.3125 MB /   0.50 sec =    5.2423 Mbps     0 retrans
[2024-11-04T15:54:35.086943-0600]     0.2500 MB /   0.50 sec =    4.1942 Mbps     0 retrans
[2024-11-04T15:54:35.586875-0600]     0.0625 MB /   0.50 sec =    1.0487 Mbps     0 retrans
[2024-11-04T15:54:36.086744-0600]     0.2500 MB /   0.50 sec =    4.1946 Mbps     0 retrans
[2024-11-04T15:54:36.586791-0600]     0.9375 MB /   0.50 sec =   15.7294 Mbps     0 retrans
[2024-11-04T15:54:37.086778-0600]     1.0000 MB /   0.50 sec =   16.7759 Mbps     0 retrans
[2024-11-04T15:54:37.586787-0600]     1.3125 MB /   0.50 sec =   22.0223 Mbps     0 retrans
[2024-11-04T15:54:38.086973-0600]     1.1875 MB /   0.50 sec =   19.9195 Mbps     0 retrans
[2024-11-04T15:54:38.586787-0600]     0.3125 MB /   0.50 sec =    5.2436 Mbps     0 retrans
[2024-11-04T15:54:39.086676-0600]     0.1250 MB /   0.50 sec =    2.0974 Mbps     0 retrans
[2024-11-04T15:54:39.586846-0600]     2.4375 MB /   0.50 sec =   40.8874 Mbps     0 retrans
[2024-11-04T15:54:40.086772-0600]     1.7500 MB /   0.50 sec =   29.3627 Mbps     0 retrans
[2024-11-04T15:54:40.586759-0600]     1.7500 MB /   0.50 sec =   29.3611 Mbps     0 retrans
[2024-11-04T15:54:41.086714-0600]     1.4375 MB /   0.50 sec =   24.1166 Mbps     0 retrans
[2024-11-04T15:54:41.586828-0600]     1.5625 MB /   0.50 sec =   26.2127 Mbps     0 retrans
[2024-11-04T15:54:42.086981-0600]     2.0000 MB /   0.50 sec =   33.5559 Mbps     0 retrans
[2024-11-04T15:54:42.586787-0600]     1.8750 MB /   0.50 sec =   31.4587 Mbps     0 retrans
[2024-11-04T15:54:43.086831-0600]     0.9375 MB /   0.50 sec =   15.7277 Mbps     0 retrans
[2024-11-04T15:54:43.586832-0600]     1.0000 MB /   0.50 sec =   16.7771 Mbps     0 retrans
[2024-11-04T15:54:44.086859-0600]     0.1250 MB /   0.50 sec =    2.0969 Mbps     0 retrans
[2024-11-04T15:54:44.586987-0600]     0.0000 MB /   0.50 sec =    0.0000 Mbps     0 retrans
[2024-11-04T15:54:45.086893-0600]     0.0000 MB /   0.50 sec =    0.0000 Mbps     0 retrans
[2024-11-04T15:54:45.586772-0600]     0.1250 MB /   0.50 sec =    2.0976 Mbps     0 retrans
[2024-11-04T15:54:46.086764-0600]     1.3750 MB /   0.50 sec =   23.0686 Mbps     0 retrans
[2024-11-04T15:54:46.586812-0600]     1.0000 MB /   0.50 sec =   16.7769 Mbps     0 retrans
[2024-11-04T15:54:47.086742-0600]     0.1250 MB /   0.50 sec =    2.0971 Mbps     0 retrans
[2024-11-04T15:54:47.586696-0600]     3.0000 MB /   0.50 sec =   50.3371 Mbps     0 retrans
[2024-11-04T15:54:48.086835-0600]     2.6875 MB /   0.50 sec =   45.0874 Mbps     0 retrans
[2024-11-04T15:54:48.586712-0600]     2.0625 MB /   0.50 sec =   34.6038 Mbps     0 retrans
[2024-11-04T15:54:49.086686-0600]     2.2500 MB /   0.50 sec =   37.7484 Mbps     0 retrans
[2024-11-04T15:54:49.586837-0600]     3.1250 MB /   0.50 sec =   52.4230 Mbps     0 retrans
[2024-11-04T15:54:50.086794-0600]     2.4375 MB /   0.50 sec =   40.8966 Mbps     0 retrans
[2024-11-04T15:54:50.586673-0600]     2.5000 MB /   0.50 sec =   41.9464 Mbps     0 retrans
[2024-11-04T15:54:51.086776-0600]     2.6875 MB /   0.50 sec =   45.0889 Mbps     0 retrans
[2024-11-04T15:54:51.586778-0600]     3.8750 MB /   0.50 sec =   65.0070 Mbps     0 retrans
[2024-11-04T15:54:52.086873-0600]     2.1875 MB /   0.50 sec =   36.6930 Mbps     0 retrans
[2024-11-04T15:54:52.586797-0600]     1.9375 MB /   0.50 sec =   32.5121 Mbps     0 retrans
[2024-11-04T15:54:53.086824-0600]     3.4375 MB /   0.50 sec =   57.6686 Mbps     0 retrans
[2024-11-04T15:54:53.586877-0600]     1.1875 MB /   0.50 sec =   19.9205 Mbps     0 retrans
[2024-11-04T15:54:54.086748-0600]     3.3750 MB /   0.50 sec =   56.6347 Mbps     0 retrans
[2024-11-04T15:54:54.586766-0600]     3.0000 MB /   0.50 sec =   50.3313 Mbps     0 retrans
[2024-11-04T15:54:55.086862-0600]     0.5625 MB /   0.50 sec =    9.4354 Mbps     0 retrans
[2024-11-04T15:54:55.586877-0600]     0.0625 MB /   0.50 sec =    1.0486 Mbps     0 retrans
[2024-11-04T15:54:56.086885-0600]     1.8125 MB /   0.50 sec =   30.4122 Mbps     0 retrans
[2024-11-04T15:54:56.586854-0600]     4.2500 MB /   0.50 sec =   71.2972 Mbps     0 retrans
[2024-11-04T15:54:57.086797-0600]     2.5625 MB /   0.50 sec =   42.9966 Mbps     0 retrans
[2024-11-04T15:54:57.586764-0600]     3.5625 MB /   0.50 sec =   59.7706 Mbps     0 retrans
[2024-11-04T15:54:58.086794-0600]     3.7500 MB /   0.50 sec =   62.9124 Mbps     0 retrans
[2024-11-04T15:54:58.586778-0600]     3.7500 MB /   0.50 sec =   62.9163 Mbps     0 retrans
[2024-11-04T15:54:59.086765-0600]     3.7500 MB /   0.50 sec =   62.9149 Mbps     0 retrans
[2024-11-04T15:54:59.586766-0600]     4.1875 MB /   0.50 sec =   70.2542 Mbps     0 retrans
[2024-11-04T15:55:00.086811-0600]     4.4375 MB /   0.50 sec =   74.4517 Mbps     0 retrans
[2024-11-04T15:55:00.586845-0600]     4.5625 MB /   0.50 sec =   76.5336 Mbps     0 retrans
End time: 1730757300694
