Start time: 1730997683036
[2024-11-07T11:41:24.036397-0500] nuttcp-r: v8.1.4: socket
[2024-11-07T11:41:24.037431-0500] nuttcp-r: buflen=65536, nstream=1, port=5101 tcp
[2024-11-07T11:41:24.037532-0500] nuttcp-r: interval reporting every 0.50 seconds
[2024-11-07T11:41:24.037607-0500] nuttcp-r: connect to 54.197.223.49 with RTT=72.045 ms af=inet
[2024-11-07T11:41:24.037675-0500] nuttcp-r: send window size = 2097152, receive window size = 6291456
[2024-11-07T11:41:24.037744-0500] nuttcp-r: available send window = 1572864, available receive window = 4718592
[2024-11-07T11:41:24.037813-0500]     0.1875 MB /   0.50 sec =    3.1452 Mbps     0 retrans     13 KB-cwnd
[2024-11-07T11:41:24.536083-0500]     1.7500 MB /   0.50 sec =   29.3602 Mbps     0 retrans     13 KB-cwnd
[2024-11-07T11:41:25.035990-0500]     3.6250 MB /   0.50 sec =   60.8230 Mbps     0 retrans     13 KB-cwnd
[2024-11-07T11:41:25.536119-0500]     4.2500 MB /   0.50 sec =   71.2942 Mbps     0 retrans     13 KB-cwnd
[2024-11-07T11:41:26.035997-0500]     5.3750 MB /   0.50 sec =   90.1900 Mbps     0 retrans     13 KB-cwnd
[2024-11-07T11:41:26.536250-0500]     6.1875 MB /   0.50 sec =  103.7955 Mbps     0 retrans     13 KB-cwnd
[2024-11-07T11:41:27.036191-0500]     6.6875 MB /   0.50 sec =  112.1900 Mbps     0 retrans     13 KB-cwnd
[2024-11-07T11:41:27.536020-0500]     5.6875 MB /   0.50 sec =   95.4321 Mbps     0 retrans     13 KB-cwnd
[2024-11-07T11:41:28.036116-0500]     8.0000 MB /   0.50 sec =  134.2046 Mbps     0 retrans     13 KB-cwnd
[2024-11-07T11:41:28.536014-0500]     8.8125 MB /   0.50 sec =  147.8729 Mbps     0 retrans     13 KB-cwnd
[2024-11-07T11:41:29.036142-0500]     9.7500 MB /   0.50 sec =  163.5556 Mbps     0 retrans     13 KB-cwnd
[2024-11-07T11:41:29.536083-0500]     7.6875 MB /   0.50 sec =  128.9792 Mbps     0 retrans     13 KB-cwnd
[2024-11-07T11:41:30.036016-0500]    11.5000 MB /   0.50 sec =  192.9600 Mbps     0 retrans     13 KB-cwnd
[2024-11-07T11:41:30.536092-0500]    11.4375 MB /   0.50 sec =  191.8629 Mbps     0 retrans     13 KB-cwnd
[2024-11-07T11:41:31.035982-0500]    13.4375 MB /   0.50 sec =  225.4750 Mbps     0 retrans     13 KB-cwnd
[2024-11-07T11:41:31.536286-0500]    14.3750 MB /   0.50 sec =  241.1267 Mbps     0 retrans     13 KB-cwnd
[2024-11-07T11:41:32.036226-0500]    19.3750 MB /   0.50 sec =  325.0859 Mbps     0 retrans     17 KB-cwnd
[2024-11-07T11:41:32.536142-0500]    16.3125 MB /   0.50 sec =  273.6526 Mbps     0 retrans     17 KB-cwnd
[2024-11-07T11:41:33.036148-0500]     0.0000 MB /   0.50 sec =    0.0000 Mbps     0 retrans     17 KB-cwnd
[2024-11-07T11:41:33.536140-0500]     4.2500 MB /   0.50 sec =   71.3005 Mbps     0 retrans     17 KB-cwnd
[2024-11-07T11:41:34.036070-0500]    12.0000 MB /   0.50 sec =  201.3524 Mbps     0 retrans     17 KB-cwnd
[2024-11-07T11:41:34.536171-0500]     5.3125 MB /   0.50 sec =   89.1241 Mbps     0 retrans     17 KB-cwnd
[2024-11-07T11:41:35.036284-0500]    11.0625 MB /   0.50 sec =  185.5764 Mbps     0 retrans     17 KB-cwnd
[2024-11-07T11:41:35.536191-0500]    14.1250 MB /   0.50 sec =  236.9673 Mbps     0 retrans     17 KB-cwnd
[2024-11-07T11:41:36.036196-0500]     6.6250 MB /   0.50 sec =  111.1622 Mbps     0 retrans     17 KB-cwnd
[2024-11-07T11:41:36.536149-0500]     9.3750 MB /   0.50 sec =  157.2864 Mbps     0 retrans     17 KB-cwnd
[2024-11-07T11:41:37.036150-0500]    13.4375 MB /   0.50 sec =  225.4344 Mbps     0 retrans     17 KB-cwnd
[2024-11-07T11:41:37.536124-0500]     0.0000 MB /   0.50 sec =    0.0000 Mbps     0 retrans     17 KB-cwnd
[2024-11-07T11:41:38.036468-0500]     0.0000 MB /   0.50 sec =    0.0000 Mbps     0 retrans     17 KB-cwnd
[2024-11-07T11:41:38.536106-0500]     5.1250 MB /   0.50 sec =   86.0078 Mbps     0 retrans     17 KB-cwnd
[2024-11-07T11:41:39.036182-0500]     6.6875 MB /   0.50 sec =  112.1873 Mbps     0 retrans     17 KB-cwnd
[2024-11-07T11:41:39.536108-0500]     0.0000 MB /   0.50 sec =    0.0000 Mbps     0 retrans     17 KB-cwnd
[2024-11-07T11:41:40.036124-0500]    16.0000 MB /   0.50 sec =  268.4355 Mbps     0 retrans     17 KB-cwnd
[2024-11-07T11:41:40.536085-0500]     6.6875 MB /   0.50 sec =  112.2118 Mbps     0 retrans     17 KB-cwnd
[2024-11-07T11:41:41.036121-0500]     0.0000 MB /   0.50 sec =    0.0000 Mbps     0 retrans     17 KB-cwnd
[2024-11-07T11:41:41.536032-0500]    11.8750 MB /   0.50 sec =  199.2526 Mbps     0 retrans     17 KB-cwnd
[2024-11-07T11:41:42.036157-0500]     8.6250 MB /   0.50 sec =  144.6809 Mbps     0 retrans     17 KB-cwnd
[2024-11-07T11:41:42.536166-0500]     0.0000 MB /   0.50 sec =    0.0000 Mbps     0 retrans     17 KB-cwnd
[2024-11-07T11:41:43.036095-0500]     9.6250 MB /   0.50 sec =  161.4885 Mbps     0 retrans     17 KB-cwnd
[2024-11-07T11:41:43.536130-0500]    17.8750 MB /   0.50 sec =  299.8861 Mbps     0 retrans     17 KB-cwnd
[2024-11-07T11:41:44.036195-0500]    16.5625 MB /   0.50 sec =  277.9138 Mbps     0 retrans     17 KB-cwnd
[2024-11-07T11:41:44.536255-0500]     4.6250 MB /   0.50 sec =   77.5793 Mbps     0 retrans     17 KB-cwnd
[2024-11-07T11:41:45.036115-0500]    17.8750 MB /   0.50 sec =  299.9095 Mbps     0 retrans     18 KB-cwnd
[2024-11-07T11:41:45.536019-0500]     3.6875 MB /   0.50 sec =   61.8703 Mbps     0 retrans     18 KB-cwnd
[2024-11-07T11:41:46.036172-0500]     0.0000 MB /   0.50 sec =    0.0000 Mbps     0 retrans     18 KB-cwnd
[2024-11-07T11:41:46.536214-0500]    14.2500 MB /   0.50 sec =  239.0347 Mbps     0 retrans     20 KB-cwnd
[2024-11-07T11:41:47.036126-0500]    15.5000 MB /   0.50 sec =  260.0916 Mbps     0 retrans     22 KB-cwnd
[2024-11-07T11:41:47.536069-0500]    20.0625 MB /   0.50 sec =  336.6070 Mbps     0 retrans     24 KB-cwnd
[2024-11-07T11:41:48.036183-0500]    12.3125 MB /   0.50 sec =  206.5451 Mbps     0 retrans   5291 KB-cwnd
[2024-11-07T11:41:48.536148-0500]     0.0000 MB /   0.50 sec =    0.0000 Mbps     0 retrans   5291 KB-cwnd
[2024-11-07T11:41:49.036077-0500]     9.1875 MB /   0.50 sec =  154.1462 Mbps     0 retrans   5291 KB-cwnd
[2024-11-07T11:41:49.536009-0500]    12.8750 MB /   0.50 sec =  216.0257 Mbps     0 retrans   5291 KB-cwnd
[2024-11-07T11:41:50.036377-0500]     3.6875 MB /   0.50 sec =   61.8544 Mbps     0 retrans   5291 KB-cwnd
[2024-11-07T11:41:50.536236-0500]     0.0000 MB /   0.50 sec =    0.0000 Mbps     0 retrans   5291 KB-cwnd
[2024-11-07T11:41:51.036097-0500]    17.5625 MB /   0.50 sec =  294.7365 Mbps     0 retrans   5291 KB-cwnd
[2024-11-07T11:41:51.536099-0500]    20.3750 MB /   0.50 sec =  341.7941 Mbps     0 retrans   5291 KB-cwnd
[2024-11-07T11:41:52.036022-0500]     2.2500 MB /   0.50 sec =   37.7503 Mbps     0 retrans   5224 KB-cwnd
[2024-11-07T11:41:52.536178-0500]     0.0000 MB /   0.50 sec =    0.0000 Mbps     0 retrans   5224 KB-cwnd
[2024-11-07T11:41:53.036120-0500]    12.0000 MB /   0.50 sec =  201.3463 Mbps     0 retrans   5224 KB-cwnd
[2024-11-07T11:41:53.536158-0500]     7.1250 MB /   0.50 sec =  119.5291 Mbps     0 retrans   5224 KB-cwnd
[2024-11-07T11:41:54.036250-0500]     0.0000 MB /   0.50 sec =    0.0000 Mbps     0 retrans   5224 KB-cwnd
[2024-11-07T11:41:54.536297-0500]     0.0000 MB /   0.50 sec =    0.0000 Mbps     0 retrans   5224 KB-cwnd
[2024-11-07T11:41:55.036173-0500]     9.5000 MB /   0.50 sec =  159.3797 Mbps     0 retrans   5224 KB-cwnd
[2024-11-07T11:41:55.536375-0500]     0.5000 MB /   0.50 sec =    8.3888 Mbps     0 retrans   5224 KB-cwnd
[2024-11-07T11:41:56.036016-0500]     0.0000 MB /   0.50 sec =    0.0000 Mbps     0 retrans   5224 KB-cwnd
[2024-11-07T11:41:56.536052-0500]    12.3125 MB /   0.50 sec =  206.5637 Mbps     0 retrans   5224 KB-cwnd
[2024-11-07T11:41:57.036181-0500]     6.6250 MB /   0.50 sec =  111.1317 Mbps     0 retrans   5224 KB-cwnd
[2024-11-07T11:41:57.536073-0500]     7.7500 MB /   0.50 sec =  130.0466 Mbps     0 retrans   5224 KB-cwnd
[2024-11-07T11:41:58.036112-0500]    16.5625 MB /   0.50 sec =  277.8654 Mbps  1677 retrans   7081 KB-cwnd
[2024-11-07T11:41:58.536073-0500]     2.9375 MB /   0.50 sec =   49.2819 Mbps     0 retrans   7081 KB-cwnd
[2024-11-07T11:41:59.036334-0500]     0.0000 MB /   0.50 sec =    0.0000 Mbps     0 retrans   7081 KB-cwnd
[2024-11-07T11:41:59.536127-0500]    13.3750 MB /   0.50 sec =  224.4581 Mbps     0 retrans   7081 KB-cwnd
[2024-11-07T11:42:00.036028-0500]     0.0000 MB /   0.50 sec =    0.0000 Mbps     0 retrans   7081 KB-cwnd
[2024-11-07T11:42:00.536073-0500]    10.2500 MB /   0.50 sec =  171.9641 Mbps     0 retrans   7081 KB-cwnd
[2024-11-07T11:42:01.036037-0500]     2.5625 MB /   0.50 sec =   42.9913 Mbps     0 retrans   7081 KB-cwnd
[2024-11-07T11:42:01.536211-0500]     0.0000 MB /   0.50 sec =    0.0000 Mbps     0 retrans   7081 KB-cwnd
[2024-11-07T11:42:02.035985-0500]    14.3125 MB /   0.50 sec =  240.1955 Mbps     0 retrans   7081 KB-cwnd
[2024-11-07T11:42:02.536166-0500]     0.0000 MB /   0.50 sec =    0.0000 Mbps     0 retrans   7081 KB-cwnd
[2024-11-07T11:42:03.036150-0500]     0.5000 MB /   0.50 sec =    8.3890 Mbps     0 retrans   7081 KB-cwnd
[2024-11-07T11:42:03.536332-0500]    10.3750 MB /   0.50 sec =  174.0605 Mbps     0 retrans   7113 KB-cwnd
[2024-11-07T11:42:04.036249-0500]     0.0000 MB /   0.50 sec =    0.0000 Mbps     0 retrans   7113 KB-cwnd
[2024-11-07T11:42:04.536080-0500]    11.2500 MB /   0.50 sec =  188.7803 Mbps     0 retrans   7113 KB-cwnd
[2024-11-07T11:42:05.036247-0500]     0.0000 MB /   0.50 sec =    0.0000 Mbps     0 retrans   7113 KB-cwnd
[2024-11-07T11:42:05.536120-0500]     0.5625 MB /   0.50 sec =    9.4387 Mbps     0 retrans   7113 KB-cwnd
[2024-11-07T11:42:06.036160-0500]    10.2500 MB /   0.50 sec =  171.9555 Mbps     0 retrans   7113 KB-cwnd
[2024-11-07T11:42:06.536008-0500]     0.0000 MB /   0.50 sec =    0.0000 Mbps     0 retrans   7113 KB-cwnd
[2024-11-07T11:42:07.036155-0500]    10.1250 MB /   0.50 sec =  169.8513 Mbps     0 retrans   7113 KB-cwnd
[2024-11-07T11:42:07.536193-0500]     0.0000 MB /   0.50 sec =    0.0000 Mbps     0 retrans   7113 KB-cwnd
[2024-11-07T11:42:08.038024-0500]     0.0000 MB /   0.50 sec =    0.0000 Mbps     0 retrans   7113 KB-cwnd
[2024-11-07T11:42:08.536116-0500]     8.1250 MB /   0.50 sec =  136.3329 Mbps     0 retrans   7113 KB-cwnd
[2024-11-07T11:42:09.036358-0500]     0.0000 MB /   0.50 sec =    0.0000 Mbps     0 retrans   7113 KB-cwnd
[2024-11-07T11:42:09.536185-0500]     1.1875 MB /   0.50 sec =   19.9249 Mbps     0 retrans   7113 KB-cwnd
[2024-11-07T11:42:10.036302-0500]    10.5625 MB /   0.50 sec =  177.2207 Mbps     0 retrans   7113 KB-cwnd
[2024-11-07T11:42:10.536159-0500]     0.0000 MB /   0.50 sec =    0.0000 Mbps     0 retrans   7113 KB-cwnd
[2024-11-07T11:42:11.036146-0500]     8.5625 MB /   0.50 sec =  143.6592 Mbps     0 retrans   7113 KB-cwnd
[2024-11-07T11:42:11.536164-0500]     1.7500 MB /   0.50 sec =   29.3595 Mbps     0 retrans   7113 KB-cwnd
[2024-11-07T11:42:12.036108-0500]     0.0000 MB /   0.50 sec =    0.0000 Mbps     0 retrans   7113 KB-cwnd
[2024-11-07T11:42:12.536080-0500]    10.5625 MB /   0.50 sec =  177.2260 Mbps     0 retrans   7113 KB-cwnd
[2024-11-07T11:42:13.036209-0500]     0.0000 MB /   0.50 sec =    0.0000 Mbps     0 retrans   7113 KB-cwnd
[2024-11-07T11:42:13.536231-0500]     4.7500 MB /   0.50 sec =   79.7127 Mbps     0 retrans   7113 KB-cwnd
[2024-11-07T11:42:14.036048-0500]     3.2500 MB /   0.50 sec =   54.5205 Mbps     0 retrans   7113 KB-cwnd
[2024-11-07T11:42:14.536310-0500]     0.0000 MB /   0.50 sec =    0.0000 Mbps     0 retrans   7113 KB-cwnd
[2024-11-07T11:42:15.036147-0500]     7.9375 MB /   0.50 sec =  133.2088 Mbps   429 retrans   8422 KB-cwnd
[2024-11-07T11:42:15.536175-0500]     0.0000 MB /   0.50 sec =    0.0000 Mbps     0 retrans   8422 KB-cwnd
[2024-11-07T11:42:16.036093-0500]     5.7500 MB /   0.50 sec =   96.4769 Mbps     0 retrans   8422 KB-cwnd
[2024-11-07T11:42:16.536364-0500]     2.3750 MB /   0.50 sec =   39.8392 Mbps     0 retrans   8422 KB-cwnd
[2024-11-07T11:42:17.036244-0500]     0.0000 MB /   0.50 sec =    0.0000 Mbps     0 retrans   8422 KB-cwnd
[2024-11-07T11:42:17.536315-0500]    10.9375 MB /   0.50 sec =  183.4417 Mbps     0 retrans   8422 KB-cwnd
[2024-11-07T11:42:18.036172-0500]    13.7500 MB /   0.50 sec =  230.7726 Mbps     0 retrans   8422 KB-cwnd
[2024-11-07T11:42:18.536232-0500]     8.9375 MB /   0.50 sec =  149.9377 Mbps     0 retrans   8422 KB-cwnd
[2024-11-07T11:42:19.036106-0500]     5.1875 MB /   0.50 sec =   87.0527 Mbps     0 retrans   8422 KB-cwnd
[2024-11-07T11:42:19.536045-0500]     6.8750 MB /   0.50 sec =  115.3302 Mbps     0 retrans   8422 KB-cwnd
[2024-11-07T11:42:20.036289-0500]     0.0000 MB /   0.50 sec =    0.0000 Mbps     0 retrans   8422 KB-cwnd
[2024-11-07T11:42:20.536227-0500]     0.0000 MB /   0.50 sec =    0.0000 Mbps     0 retrans   8422 KB-cwnd
[2024-11-07T11:42:21.036382-0500]     0.0000 MB /   0.50 sec =    0.0000 Mbps     0 retrans   8422 KB-cwnd
[2024-11-07T11:42:21.536130-0500]     4.0000 MB /   0.50 sec =   67.1165 Mbps     0 retrans   8422 KB-cwnd
[2024-11-07T11:42:22.036088-0500]     5.2500 MB /   0.50 sec =   88.0906 Mbps     0 retrans   8422 KB-cwnd
[2024-11-07T11:42:22.536169-0500]    12.4375 MB /   0.50 sec =  208.6349 Mbps     0 retrans   8422 KB-cwnd
[2024-11-07T11:42:23.036067-0500]     1.7500 MB /   0.50 sec =   29.3653 Mbps     0 retrans   8422 KB-cwnd
[2024-11-07T11:42:23.536093-0500]     7.5625 MB /   0.50 sec =  126.8863 Mbps     0 retrans   8422 KB-cwnd
[2024-11-07T11:42:24.036435-0500]     8.4375 MB /   0.50 sec =  141.5102 Mbps     0 retrans   8422 KB-cwnd
[2024-11-07T11:42:24.536143-0500]     0.0000 MB /   0.50 sec =    0.0000 Mbps     0 retrans   8422 KB-cwnd
[2024-11-07T11:42:25.036242-0500]     1.1250 MB /   0.50 sec =   18.8715 Mbps     0 retrans   8422 KB-cwnd
[2024-11-07T11:42:25.536076-0500]     6.2500 MB /   0.50 sec =  104.8897 Mbps     0 retrans   8422 KB-cwnd
[2024-11-07T11:42:26.036388-0500]     0.1250 MB /   0.50 sec =    2.0954 Mbps     0 retrans   8422 KB-cwnd
[2024-11-07T11:42:26.536105-0500]     0.8750 MB /   0.50 sec =   14.6904 Mbps     0 retrans   8422 KB-cwnd
[2024-11-07T11:42:27.036175-0500]     8.5000 MB /   0.50 sec =  142.5872 Mbps     0 retrans   8355 KB-cwnd
[2024-11-07T11:42:27.536274-0500]     0.0000 MB /   0.50 sec =    0.0000 Mbps     0 retrans   8355 KB-cwnd
[2024-11-07T11:42:28.036125-0500]     1.9375 MB /   0.50 sec =   32.5085 Mbps     0 retrans   8355 KB-cwnd
[2024-11-07T11:42:28.536090-0500]    11.0625 MB /   0.50 sec =  185.5898 Mbps     0 retrans   8355 KB-cwnd
[2024-11-07T11:42:29.036255-0500]     6.0625 MB /   0.50 sec =  101.6942 Mbps     0 retrans   8355 KB-cwnd
[2024-11-07T11:42:29.536147-0500]     0.0000 MB /   0.50 sec =    0.0000 Mbps     0 retrans   8355 KB-cwnd
[2024-11-07T11:42:30.036097-0500]     5.5625 MB /   0.50 sec =   93.3240 Mbps     0 retrans   8355 KB-cwnd
[2024-11-07T11:42:30.536009-0500]     5.1250 MB /   0.50 sec =   85.9865 Mbps  1202 retrans   7042 KB-cwnd
[2024-11-07T11:42:31.036156-0500]    11.1250 MB /   0.50 sec =  186.6368 Mbps     0 retrans   7042 KB-cwnd
[2024-11-07T11:42:31.536145-0500]     4.0000 MB /   0.50 sec =   67.1035 Mbps     0 retrans   7042 KB-cwnd
[2024-11-07T11:42:32.036277-0500]     0.0000 MB /   0.50 sec =    0.0000 Mbps     0 retrans   7042 KB-cwnd
[2024-11-07T11:42:32.536246-0500]    10.0625 MB /   0.50 sec =  168.8481 Mbps     0 retrans   7042 KB-cwnd
[2024-11-07T11:42:33.036218-0500]     0.0000 MB /   0.50 sec =    0.0000 Mbps     0 retrans   7042 KB-cwnd
[2024-11-07T11:42:33.536113-0500]     1.1875 MB /   0.50 sec =   19.9251 Mbps     0 retrans   7042 KB-cwnd
[2024-11-07T11:42:34.036207-0500]     9.3750 MB /   0.50 sec =  157.2581 Mbps     0 retrans   7042 KB-cwnd
[2024-11-07T11:42:34.536224-0500]     0.0000 MB /   0.50 sec =    0.0000 Mbps     0 retrans   7042 KB-cwnd
[2024-11-07T11:42:35.036125-0500]     9.0625 MB /   0.50 sec =  152.0679 Mbps     0 retrans   7042 KB-cwnd
[2024-11-07T11:42:35.536202-0500]     0.0000 MB /   0.50 sec =    0.0000 Mbps     0 retrans   7042 KB-cwnd
[2024-11-07T11:42:36.036043-0500]     0.0000 MB /   0.50 sec =    0.0000 Mbps     0 retrans   7042 KB-cwnd
[2024-11-07T11:42:36.536237-0500]     8.5625 MB /   0.50 sec =  143.6512 Mbps     0 retrans   7042 KB-cwnd
[2024-11-07T11:42:37.035976-0500]     0.0000 MB /   0.50 sec =    0.0000 Mbps     0 retrans   7042 KB-cwnd
[2024-11-07T11:42:37.536093-0500]     7.5000 MB /   0.50 sec =  125.8160 Mbps     0 retrans   7042 KB-cwnd
[2024-11-07T11:42:38.036220-0500]     4.3750 MB /   0.50 sec =   73.3887 Mbps     0 retrans   7042 KB-cwnd
[2024-11-07T11:42:38.536074-0500]     0.1250 MB /   0.50 sec =    2.0975 Mbps     0 retrans   7042 KB-cwnd
[2024-11-07T11:42:39.036231-0500]     8.8750 MB /   0.50 sec =  148.8725 Mbps     0 retrans   7042 KB-cwnd
[2024-11-07T11:42:39.536173-0500]     0.0000 MB /   0.50 sec =    0.0000 Mbps     0 retrans   7042 KB-cwnd
[2024-11-07T11:42:40.036124-0500]     6.1250 MB /   0.50 sec =  102.7709 Mbps     0 retrans   7042 KB-cwnd
[2024-11-07T11:42:40.536332-0500]     5.3125 MB /   0.50 sec =   89.1188 Mbps     0 retrans   7154 KB-cwnd
[2024-11-07T11:42:41.036188-0500]     0.0000 MB /   0.50 sec =    0.0000 Mbps     0 retrans   7154 KB-cwnd
[2024-11-07T11:42:41.535989-0500]     6.8750 MB /   0.50 sec =  115.3768 Mbps     0 retrans   7154 KB-cwnd
[2024-11-07T11:42:42.036128-0500]     9.6875 MB /   0.50 sec =  162.5069 Mbps     0 retrans   7154 KB-cwnd
[2024-11-07T11:42:42.536184-0500]     3.6250 MB /   0.50 sec =   60.8105 Mbps     0 retrans   7154 KB-cwnd
[2024-11-07T11:42:43.036279-0500]     0.0000 MB /   0.50 sec =    0.0000 Mbps     0 retrans   7154 KB-cwnd
[2024-11-07T11:42:43.536140-0500]     9.0625 MB /   0.50 sec =  152.0709 Mbps     0 retrans   7154 KB-cwnd
[2024-11-07T11:42:44.036251-0500]     0.3750 MB /   0.50 sec =    6.2907 Mbps     0 retrans   7154 KB-cwnd
[2024-11-07T11:42:44.536171-0500]     0.0000 MB /   0.50 sec =    0.0000 Mbps     0 retrans   7154 KB-cwnd
[2024-11-07T11:42:45.036126-0500]     7.0625 MB /   0.50 sec =  118.5005 Mbps     0 retrans   7154 KB-cwnd
[2024-11-07T11:42:45.536187-0500]     7.2500 MB /   0.50 sec =  121.6236 Mbps     0 retrans   7154 KB-cwnd
[2024-11-07T11:42:46.036305-0500]     0.0000 MB /   0.50 sec =    0.0000 Mbps     0 retrans   7154 KB-cwnd
[2024-11-07T11:42:46.536139-0500]     5.6875 MB /   0.50 sec =   95.4441 Mbps     0 retrans   7154 KB-cwnd
[2024-11-07T11:42:47.036039-0500]     1.1250 MB /   0.50 sec =   18.8747 Mbps     0 retrans   7154 KB-cwnd
[2024-11-07T11:42:47.536174-0500]     0.0000 MB /   0.50 sec =    0.0000 Mbps     0 retrans   7154 KB-cwnd
[2024-11-07T11:42:48.036008-0500]     9.6875 MB /   0.50 sec =  162.5585 Mbps  9558 retrans   5287 KB-cwnd
[2024-11-07T11:42:48.536273-0500]     0.1250 MB /   0.50 sec =    2.0968 Mbps     0 retrans   5287 KB-cwnd
[2024-11-07T11:42:49.036171-0500]     0.6875 MB /   0.50 sec =   11.5343 Mbps     0 retrans   5287 KB-cwnd
[2024-11-07T11:42:49.536057-0500]    10.1875 MB /   0.50 sec =  170.9240 Mbps     0 retrans   5287 KB-cwnd
[2024-11-07T11:42:50.036207-0500]     0.0000 MB /   0.50 sec =    0.0000 Mbps     0 retrans   5287 KB-cwnd
[2024-11-07T11:42:50.537140-0500]     1.1250 MB /   0.50 sec =   18.8535 Mbps     0 retrans   5287 KB-cwnd
[2024-11-07T11:42:51.036284-0500]    10.3750 MB /   0.50 sec =  174.2392 Mbps     0 retrans   5332 KB-cwnd
[2024-11-07T11:42:51.536513-0500]     0.1875 MB /   0.50 sec =    3.1439 Mbps     0 retrans   5332 KB-cwnd
[2024-11-07T11:42:52.036251-0500]     0.0000 MB /   0.50 sec =    0.0000 Mbps     0 retrans   5332 KB-cwnd
[2024-11-07T11:42:52.536086-0500]     5.3125 MB /   0.50 sec =   89.1505 Mbps     0 retrans   5332 KB-cwnd
[2024-11-07T11:42:53.036261-0500]     8.8750 MB /   0.50 sec =  148.8817 Mbps     0 retrans   5461 KB-cwnd
[2024-11-07T11:42:53.536048-0500]     0.2500 MB /   0.50 sec =    4.1946 Mbps     0 retrans   5461 KB-cwnd
[2024-11-07T11:42:54.036398-0500]     0.0000 MB /   0.50 sec =    0.0000 Mbps     0 retrans   5461 KB-cwnd
[2024-11-07T11:42:54.536113-0500]    14.8750 MB /   0.50 sec =  249.5845 Mbps     0 retrans   5461 KB-cwnd
[2024-11-07T11:42:55.036268-0500]     4.0000 MB /   0.50 sec =   67.0941 Mbps     0 retrans   5461 KB-cwnd
[2024-11-07T11:42:55.536150-0500]     0.0000 MB /   0.50 sec =    0.0000 Mbps     0 retrans   5461 KB-cwnd
[2024-11-07T11:42:56.036095-0500]     6.6875 MB /   0.50 sec =  112.2030 Mbps     0 retrans   5461 KB-cwnd
[2024-11-07T11:42:56.536213-0500]     3.6250 MB /   0.50 sec =   60.8059 Mbps     0 retrans   5461 KB-cwnd
[2024-11-07T11:42:57.036179-0500]     5.2500 MB /   0.50 sec =   88.0858 Mbps  1462 retrans   5001 KB-cwnd
[2024-11-07T11:42:57.536138-0500]     7.6250 MB /   0.50 sec =  127.9327 Mbps     0 retrans   5001 KB-cwnd
[2024-11-07T11:42:58.036049-0500]     0.0000 MB /   0.50 sec =    0.0000 Mbps     0 retrans   5001 KB-cwnd
[2024-11-07T11:42:58.536189-0500]     4.8125 MB /   0.50 sec =   80.7402 Mbps     0 retrans   5001 KB-cwnd
[2024-11-07T11:42:59.036242-0500]     1.6250 MB /   0.50 sec =   27.2581 Mbps     0 retrans   5001 KB-cwnd
[2024-11-07T11:42:59.536237-0500]     0.0000 MB /   0.50 sec =    0.0000 Mbps     0 retrans   5001 KB-cwnd
[2024-11-07T11:43:00.036017-0500]     7.4375 MB /   0.50 sec =  124.8063 Mbps     0 retrans   5001 KB-cwnd
[2024-11-07T11:43:00.536253-0500]     0.0000 MB /   0.50 sec =    0.0000 Mbps     0 retrans   5001 KB-cwnd
[2024-11-07T11:43:01.036146-0500]     0.1875 MB /   0.50 sec =    3.1457 Mbps     0 retrans   5001 KB-cwnd
[2024-11-07T11:43:01.536147-0500]     7.2500 MB /   0.50 sec =  121.6324 Mbps     0 retrans   5001 KB-cwnd
[2024-11-07T11:43:02.036227-0500]     0.0000 MB /   0.50 sec =    0.0000 Mbps     0 retrans   5001 KB-cwnd
[2024-11-07T11:43:02.536207-0500]     7.6250 MB /   0.50 sec =  127.9291 Mbps     0 retrans   5001 KB-cwnd
[2024-11-07T11:43:03.036221-0500]     0.0000 MB /   0.50 sec =    0.0000 Mbps     0 retrans   5001 KB-cwnd
[2024-11-07T11:43:03.536084-0500]     6.0625 MB /   0.50 sec =  101.7310 Mbps     0 retrans   5001 KB-cwnd
[2024-11-07T11:43:04.036277-0500]     2.7500 MB /   0.50 sec =   46.1252 Mbps     0 retrans   5001 KB-cwnd
[2024-11-07T11:43:04.536260-0500]     0.0000 MB /   0.50 sec =    0.0000 Mbps     0 retrans   5001 KB-cwnd
[2024-11-07T11:43:05.036132-0500]     6.5000 MB /   0.50 sec =  109.0755 Mbps     0 retrans   5001 KB-cwnd
[2024-11-07T11:43:05.536160-0500]     0.0000 MB /   0.50 sec =    0.0000 Mbps     0 retrans   5001 KB-cwnd
[2024-11-07T11:43:06.036215-0500]     0.4375 MB /   0.50 sec =    7.3395 Mbps     0 retrans   5001 KB-cwnd
[2024-11-07T11:43:06.536169-0500]     5.5000 MB /   0.50 sec =   92.2810 Mbps     0 retrans   5001 KB-cwnd
[2024-11-07T11:43:07.036178-0500]     0.0000 MB /   0.50 sec =    0.0000 Mbps     0 retrans   5001 KB-cwnd
[2024-11-07T11:43:07.536088-0500]     4.2500 MB /   0.50 sec =   71.3129 Mbps     0 retrans   5001 KB-cwnd
[2024-11-07T11:43:08.036236-0500]    13.3750 MB /   0.50 sec =  224.3728 Mbps  1577 retrans   4730 KB-cwnd
[2024-11-07T11:43:08.536137-0500]     6.6875 MB /   0.50 sec =  112.2014 Mbps     0 retrans   4730 KB-cwnd
[2024-11-07T11:43:09.036304-0500]     0.0000 MB /   0.50 sec =    0.0000 Mbps     0 retrans   4730 KB-cwnd
[2024-11-07T11:43:09.536082-0500]     6.0000 MB /   0.50 sec =  100.6931 Mbps     0 retrans   4730 KB-cwnd
[2024-11-07T11:43:10.036084-0500]     2.3750 MB /   0.50 sec =   39.8469 Mbps     0 retrans   4730 KB-cwnd
[2024-11-07T11:43:10.536291-0500]     0.0000 MB /   0.50 sec =    0.0000 Mbps     0 retrans   4730 KB-cwnd
[2024-11-07T11:43:11.036133-0500]     9.0625 MB /   0.50 sec =  152.0697 Mbps     0 retrans   4730 KB-cwnd
[2024-11-07T11:43:11.536050-0500]     0.0000 MB /   0.50 sec =    0.0000 Mbps     0 retrans   4730 KB-cwnd
[2024-11-07T11:43:12.036504-0500]     1.0625 MB /   0.50 sec =   17.8224 Mbps     0 retrans   4730 KB-cwnd
[2024-11-07T11:43:12.536146-0500]     7.5625 MB /   0.50 sec =  126.8975 Mbps     0 retrans   4730 KB-cwnd
[2024-11-07T11:43:13.036291-0500]     0.0000 MB /   0.50 sec =    0.0000 Mbps     0 retrans   4730 KB-cwnd
[2024-11-07T11:43:13.536166-0500]     5.5625 MB /   0.50 sec =   93.3345 Mbps     0 retrans   4730 KB-cwnd
[2024-11-07T11:43:14.036547-0500]     0.0000 MB /   0.50 sec =    0.0000 Mbps     0 retrans   4730 KB-cwnd
[2024-11-07T11:43:14.536020-0500]     1.5625 MB /   0.50 sec =   26.2208 Mbps     0 retrans   4730 KB-cwnd
[2024-11-07T11:43:15.036201-0500]     6.0625 MB /   0.50 sec =  101.6938 Mbps     0 retrans   4730 KB-cwnd
[2024-11-07T11:43:15.536040-0500]     0.0000 MB /   0.50 sec =    0.0000 Mbps     0 retrans   4730 KB-cwnd
[2024-11-07T11:43:16.036099-0500]     8.3125 MB /   0.50 sec =  139.4614 Mbps     0 retrans   4730 KB-cwnd
[2024-11-07T11:43:16.536256-0500]     0.0000 MB /   0.50 sec =    0.0000 Mbps     0 retrans   4730 KB-cwnd
[2024-11-07T11:43:17.036260-0500]     0.0000 MB /   0.50 sec =    0.0000 Mbps     0 retrans   4730 KB-cwnd
[2024-11-07T11:43:17.536121-0500]    11.1875 MB /   0.50 sec =  187.7191 Mbps     0 retrans   4730 KB-cwnd
[2024-11-07T11:43:18.036159-0500]     0.0000 MB /   0.50 sec =    0.0000 Mbps     0 retrans   4730 KB-cwnd
[2024-11-07T11:43:18.536192-0500]     0.0000 MB /   0.50 sec =    0.0000 Mbps     0 retrans   4730 KB-cwnd
[2024-11-07T11:43:19.036195-0500]     3.2500 MB /   0.50 sec =   54.5248 Mbps     0 retrans   4730 KB-cwnd
[2024-11-07T11:43:19.536209-0500]     0.0000 MB /   0.50 sec =    0.0000 Mbps     0 retrans   4730 KB-cwnd
[2024-11-07T11:43:20.036107-0500]     8.3125 MB /   0.50 sec =  139.4799 Mbps   611 retrans   3574 KB-cwnd
[2024-11-07T11:43:20.536431-0500]     0.4375 MB /   0.50 sec =    7.3392 Mbps     0 retrans   3574 KB-cwnd
[2024-11-07T11:43:21.036154-0500]     0.0000 MB /   0.50 sec =    0.0000 Mbps     0 retrans   3574 KB-cwnd
[2024-11-07T11:43:21.536176-0500]     7.8750 MB /   0.50 sec =  132.1319 Mbps     0 retrans   3574 KB-cwnd
[2024-11-07T11:43:22.036370-0500]     0.0000 MB /   0.50 sec =    0.0000 Mbps     0 retrans   3574 KB-cwnd
[2024-11-07T11:43:22.536082-0500]     7.4375 MB /   0.50 sec =  124.8247 Mbps     0 retrans   3574 KB-cwnd
[2024-11-07T11:43:23.036200-0500]     1.3750 MB /   0.50 sec =   23.0659 Mbps     0 retrans   3574 KB-cwnd
[2024-11-07T11:43:23.536176-0500]     0.0000 MB /   0.50 sec =    0.0000 Mbps     0 retrans   3574 KB-cwnd
[2024-11-07T11:43:24.036323-0500]     0.8125 MB /   0.50 sec =   13.6289 Mbps     0 retrans   3574 KB-cwnd
End time: 1730997804152
