Start time: 1730673300960
[2024-11-03T15:35:05.684817-0700] nuttcp-t: v8.1.4: socket
[2024-11-03T15:35:05.685881-0700] nuttcp-t: buflen=65536, nstream=1, port=5101 tcp -> 54.176.53.206
[2024-11-03T15:35:05.685966-0700] nuttcp-t: time limit = 120.00 seconds
[2024-11-03T15:35:05.686024-0700] nuttcp-t: connect to 54.176.53.206 with mss=1376, RTT=90.425 ms af=inet
[2024-11-03T15:35:05.686078-0700] nuttcp-t: send window size = 1048576, receive window size = 4194304
[2024-11-03T15:35:05.686130-0700] nuttcp-t: available send window = 786432, available receive window = 3145728
[2024-11-03T15:35:05.686180-0700] nuttcp-t: initial congestion window = 13 KB (10 packets)
[2024-11-03T15:35:05.686230-0700] nuttcp-r: v6.1.2: socket
[2024-11-03T15:35:05.686278-0700] nuttcp-r: buflen=65536, nstream=1, port=5101 tcp
[2024-11-03T15:35:05.686328-0700] nuttcp-r: interval reporting every 0.50 seconds
[2024-11-03T15:35:05.686378-0700] nuttcp-r: accept from 174.201.54.66
[2024-11-03T15:35:05.686428-0700] nuttcp-r: send window size = 450000000, receive window size = 450000000
[2024-11-03T15:35:05.686487-0700] nuttcp-r: available send window = 225000000, available receive window = 225000000
[2024-11-03T15:35:05.686541-0700]     0.0000 MB /   0.50 sec =    0.0000 Mbps     2 retrans     28 KB-cwnd
[2024-11-03T15:35:05.686594-0700]     0.0000 MB /   0.50 sec =    0.0000 Mbps     0 retrans     28 KB-cwnd
[2024-11-03T15:35:05.686646-0700]     0.0000 MB /   0.50 sec =    0.0000 Mbps     0 retrans     28 KB-cwnd
[2024-11-03T15:35:05.686697-0700]     0.0625 MB /   0.50 sec =    1.0486 Mbps     0 retrans     28 KB-cwnd
[2024-11-03T15:35:05.686746-0700]     0.1250 MB /   0.50 sec =    2.0971 Mbps     0 retrans     28 KB-cwnd
[2024-11-03T15:35:06.713668-0700]     0.1250 MB /   0.50 sec =    2.0971 Mbps     0 retrans     33 KB-cwnd
[2024-11-03T15:35:06.714121-0700]     0.1875 MB /   0.50 sec =    3.1459 Mbps     0 retrans     33 KB-cwnd
[2024-11-03T15:35:07.341799-0700]     0.1875 MB /   0.50 sec =    3.1457 Mbps     0 retrans    177 KB-cwnd
[2024-11-03T15:35:07.342232-0700]     0.1875 MB /   0.50 sec =    3.1457 Mbps     0 retrans    177 KB-cwnd
[2024-11-03T15:35:07.735734-0700]     0.5000 MB /   0.50 sec =    8.3887 Mbps     0 retrans    294 KB-cwnd
[2024-11-03T15:35:08.469652-0700]     0.5625 MB /   0.50 sec =    9.4371 Mbps     0 retrans    446 KB-cwnd
[2024-11-03T15:35:08.812087-0700]     0.5000 MB /   0.50 sec =    8.3885 Mbps     0 retrans    502 KB-cwnd
[2024-11-03T15:35:09.367922-0700]     0.6250 MB /   0.50 sec =   10.4855 Mbps     0 retrans    600 KB-cwnd
[2024-11-03T15:35:10.308388-0700]     0.5625 MB /   0.50 sec =    9.4375 Mbps     0 retrans    657 KB-cwnd
[2024-11-03T15:35:10.308541-0700]     0.6250 MB /   0.50 sec =   10.4858 Mbps     0 retrans    657 KB-cwnd
[2024-11-03T15:35:10.936346-0700]     0.5625 MB /   0.50 sec =    9.4371 Mbps     0 retrans    657 KB-cwnd
[2024-11-03T15:35:11.408253-0700]     0.6875 MB /   0.50 sec =   11.5344 Mbps     0 retrans    657 KB-cwnd
[2024-11-03T15:35:11.767928-0700]     0.6250 MB /   0.50 sec =   10.4854 Mbps     0 retrans    657 KB-cwnd
[2024-11-03T15:35:12.250436-0700]     0.6875 MB /   0.50 sec =   11.5346 Mbps     0 retrans    657 KB-cwnd
[2024-11-03T15:35:12.728415-0700]     0.7500 MB /   0.50 sec =   12.5831 Mbps     0 retrans    657 KB-cwnd
[2024-11-03T15:35:13.313555-0700]     0.6875 MB /   0.50 sec =   11.5340 Mbps     0 retrans    657 KB-cwnd
[2024-11-03T15:35:13.740658-0700]     0.7500 MB /   0.50 sec =   12.5832 Mbps     0 retrans    657 KB-cwnd
[2024-11-03T15:35:14.765742-0700]     0.7500 MB /   0.50 sec =   12.5829 Mbps     0 retrans    759 KB-cwnd
[2024-11-03T15:35:14.951844-0700]     0.7500 MB /   0.50 sec =   12.5811 Mbps     0 retrans    759 KB-cwnd
[2024-11-03T15:35:15.392065-0700]     0.8125 MB /   0.50 sec =   13.6334 Mbps     0 retrans    759 KB-cwnd
[2024-11-03T15:35:15.840362-0700]     0.8125 MB /   0.50 sec =   13.6314 Mbps     0 retrans    759 KB-cwnd
[2024-11-03T15:35:16.301989-0700]     0.8750 MB /   0.50 sec =   14.6802 Mbps     0 retrans    759 KB-cwnd
[2024-11-03T15:35:16.837957-0700]     0.8750 MB /   0.50 sec =   14.6800 Mbps     0 retrans    759 KB-cwnd
[2024-11-03T15:35:17.388819-0700]     0.9375 MB /   0.50 sec =   15.7288 Mbps     0 retrans    759 KB-cwnd
[2024-11-03T15:35:18.189582-0700]     0.9375 MB /   0.50 sec =   15.7286 Mbps     0 retrans    759 KB-cwnd
[2024-11-03T15:35:18.423848-0700]     0.8750 MB /   0.50 sec =   14.6799 Mbps     0 retrans    759 KB-cwnd
[2024-11-03T15:35:19.324615-0700]     0.9375 MB /   0.50 sec =   15.7290 Mbps     0 retrans    905 KB-cwnd
[2024-11-03T15:35:19.403733-0700]     0.8750 MB /   0.50 sec =   14.6794 Mbps     0 retrans    905 KB-cwnd
[2024-11-03T15:35:20.329935-0700]     0.9375 MB /   0.50 sec =   15.7285 Mbps     0 retrans    905 KB-cwnd
[2024-11-03T15:35:20.531673-0700]     0.9375 MB /   0.50 sec =   15.7289 Mbps     0 retrans    905 KB-cwnd
[2024-11-03T15:35:20.749629-0700]     0.9375 MB /   0.50 sec =   15.7290 Mbps     0 retrans    905 KB-cwnd
[2024-11-03T15:35:21.325927-0700]     0.9375 MB /   0.50 sec =   15.7288 Mbps     0 retrans    905 KB-cwnd
[2024-11-03T15:35:21.903739-0700]     0.9375 MB /   0.50 sec =   15.7285 Mbps     0 retrans    905 KB-cwnd
[2024-11-03T15:35:22.343537-0700]     0.8750 MB /   0.50 sec =   14.6802 Mbps     0 retrans    905 KB-cwnd
[2024-11-03T15:35:22.765841-0700]     0.8125 MB /   0.50 sec =   13.6306 Mbps     0 retrans    905 KB-cwnd
[2024-11-03T15:35:23.439609-0700]     0.8125 MB /   0.50 sec =   13.6322 Mbps     0 retrans    905 KB-cwnd
[2024-11-03T15:35:24.324097-0700]     0.8125 MB /   0.50 sec =   13.6311 Mbps     0 retrans    905 KB-cwnd
[2024-11-03T15:35:24.581866-0700]     0.5000 MB /   0.50 sec =    8.3888 Mbps     0 retrans    905 KB-cwnd
[2024-11-03T15:35:24.793545-0700]     0.6875 MB /   0.50 sec =   11.5343 Mbps     0 retrans    905 KB-cwnd
[2024-11-03T15:35:25.344738-0700]     0.7500 MB /   0.50 sec =   12.5829 Mbps     0 retrans    905 KB-cwnd
[2024-11-03T15:35:25.877878-0700]     0.3750 MB /   0.50 sec =    6.2915 Mbps     0 retrans    905 KB-cwnd
[2024-11-03T15:35:26.909676-0700]     0.5000 MB /   0.50 sec =    8.3885 Mbps     0 retrans    905 KB-cwnd
[2024-11-03T15:35:27.241364-0700]     0.5625 MB /   0.50 sec =    9.4374 Mbps     0 retrans    905 KB-cwnd
[2024-11-03T15:35:27.605741-0700]     0.5000 MB /   0.50 sec =    8.3887 Mbps     0 retrans    905 KB-cwnd
[2024-11-03T15:35:28.089635-0700]     0.5000 MB /   0.50 sec =    8.3883 Mbps     0 retrans    905 KB-cwnd
[2024-11-03T15:35:28.564596-0700]     0.3750 MB /   0.50 sec =    6.2916 Mbps     0 retrans    905 KB-cwnd
[2024-11-03T15:35:29.743630-0700]     0.4375 MB /   0.50 sec =    7.3401 Mbps     0 retrans    905 KB-cwnd
[2024-11-03T15:35:29.743814-0700]     0.3750 MB /   0.50 sec =    6.2915 Mbps     0 retrans    905 KB-cwnd
[2024-11-03T15:35:29.743848-0700]     0.2500 MB /   0.50 sec =    4.1943 Mbps     0 retrans    905 KB-cwnd
[2024-11-03T15:35:30.373776-0700]     0.3750 MB /   0.50 sec =    6.2914 Mbps     0 retrans    905 KB-cwnd
[2024-11-03T15:35:31.209831-0700]     0.2500 MB /   0.50 sec =    4.1943 Mbps     0 retrans    905 KB-cwnd
[2024-11-03T15:35:31.553772-0700]     0.5000 MB /   0.50 sec =    8.3884 Mbps     0 retrans    905 KB-cwnd
[2024-11-03T15:35:32.027568-0700]     0.3750 MB /   0.50 sec =    6.2915 Mbps     0 retrans    905 KB-cwnd
[2024-11-03T15:35:32.380088-0700]     0.4375 MB /   0.50 sec =    7.3401 Mbps     0 retrans    905 KB-cwnd
[2024-11-03T15:35:32.911582-0700]     0.5000 MB /   0.50 sec =    8.3886 Mbps     0 retrans    905 KB-cwnd
[2024-11-03T15:35:34.131866-0700]     0.3750 MB /   0.50 sec =    6.2915 Mbps     0 retrans    905 KB-cwnd
[2024-11-03T15:35:34.478241-0700]     0.5625 MB /   0.50 sec =    9.4374 Mbps     0 retrans    905 KB-cwnd
[2024-11-03T15:35:34.478754-0700]     0.5625 MB /   0.50 sec =    9.4362 Mbps     0 retrans    905 KB-cwnd
[2024-11-03T15:35:34.801503-0700]     0.6250 MB /   0.50 sec =   10.4868 Mbps     0 retrans    905 KB-cwnd
[2024-11-03T15:35:37.427894-0700]     0.5625 MB /   0.50 sec =    9.4372 Mbps     0 retrans    905 KB-cwnd
[2024-11-03T15:35:37.933714-0700]     0.5000 MB /   0.50 sec =    8.3884 Mbps     0 retrans   1277 KB-cwnd
[2024-11-03T15:35:37.933972-0700]     0.5000 MB /   0.50 sec =    8.3887 Mbps     0 retrans   1277 KB-cwnd
[2024-11-03T15:35:37.934016-0700]     0.4375 MB /   0.50 sec =    7.3401 Mbps     0 retrans   1277 KB-cwnd
[2024-11-03T15:35:37.934047-0700]     0.2500 MB /   0.50 sec =    4.1943 Mbps     0 retrans   1277 KB-cwnd
[2024-11-03T15:35:37.934081-0700]     0.4375 MB /   0.50 sec =    7.3400 Mbps     0 retrans   1277 KB-cwnd
[2024-11-03T15:35:38.473657-0700]     0.6250 MB /   0.50 sec =   10.4859 Mbps     0 retrans   1294 KB-cwnd
[2024-11-03T15:35:39.081457-0700]     0.5625 MB /   0.50 sec =    9.4366 Mbps     0 retrans   1392 KB-cwnd
[2024-11-03T15:35:39.715731-0700]     0.5625 MB /   0.50 sec =    9.4377 Mbps     0 retrans   1392 KB-cwnd
[2024-11-03T15:35:40.215611-0700]     0.5625 MB /   0.50 sec =    9.4368 Mbps     0 retrans   1444 KB-cwnd
[2024-11-03T15:35:40.607559-0700]     0.6875 MB /   0.50 sec =   11.5345 Mbps     0 retrans   1444 KB-cwnd
[2024-11-03T15:35:41.077802-0700]     0.7500 MB /   0.50 sec =   12.5830 Mbps     0 retrans   1444 KB-cwnd
[2024-11-03T15:35:41.558062-0700]     0.7500 MB /   0.50 sec =   12.5827 Mbps     0 retrans   1515 KB-cwnd
[2024-11-03T15:35:41.971607-0700]     0.8125 MB /   0.50 sec =   13.6318 Mbps     0 retrans   1515 KB-cwnd
[2024-11-03T15:35:42.424968-0700]     0.8125 MB /   0.50 sec =   13.6315 Mbps     0 retrans   1515 KB-cwnd
[2024-11-03T15:35:42.850009-0700]     0.8125 MB /   0.50 sec =   13.6315 Mbps     0 retrans   1515 KB-cwnd
[2024-11-03T15:35:43.597688-0700]     0.8750 MB /   0.50 sec =   14.6796 Mbps     0 retrans   1591 KB-cwnd
[2024-11-03T15:35:43.967689-0700]     0.8125 MB /   0.50 sec =   13.6247 Mbps     0 retrans   1591 KB-cwnd
[2024-11-03T15:35:44.341550-0700]     1.0625 MB /   0.50 sec =   17.8354 Mbps     0 retrans   1591 KB-cwnd
[2024-11-03T15:35:44.958228-0700]     0.9375 MB /   0.50 sec =   15.7280 Mbps     0 retrans   1591 KB-cwnd
[2024-11-03T15:35:45.279829-0700]     1.0625 MB /   0.50 sec =   17.8256 Mbps     0 retrans   1591 KB-cwnd
[2024-11-03T15:35:45.883719-0700]     1.0625 MB /   0.50 sec =   17.8270 Mbps     0 retrans   1591 KB-cwnd
[2024-11-03T15:35:46.434068-0700]     1.1875 MB /   0.50 sec =   19.9221 Mbps     0 retrans   1652 KB-cwnd
[2024-11-03T15:35:47.033575-0700]     1.2500 MB /   0.50 sec =   20.9713 Mbps     0 retrans   1687 KB-cwnd
[2024-11-03T15:35:47.863830-0700]     1.2500 MB /   0.50 sec =   20.9723 Mbps     0 retrans   1733 KB-cwnd
[2024-11-03T15:35:48.145165-0700]     1.3125 MB /   0.50 sec =   22.0202 Mbps     0 retrans   1750 KB-cwnd
[2024-11-03T15:35:48.361796-0700]     1.3125 MB /   0.50 sec =   22.0190 Mbps     0 retrans   1750 KB-cwnd
[2024-11-03T15:35:48.911550-0700]     1.2500 MB /   0.50 sec =   20.9690 Mbps     0 retrans   1750 KB-cwnd
[2024-11-03T15:35:49.451667-0700]     1.1875 MB /   0.50 sec =   19.9259 Mbps     0 retrans   1750 KB-cwnd
[2024-11-03T15:35:49.749549-0700]     1.2500 MB /   0.50 sec =   20.9720 Mbps     0 retrans   1750 KB-cwnd
[2024-11-03T15:35:50.345692-0700]     1.1250 MB /   0.50 sec =   18.8740 Mbps     0 retrans   1750 KB-cwnd
[2024-11-03T15:35:50.887810-0700]     1.3125 MB /   0.50 sec =   22.0198 Mbps     0 retrans   1840 KB-cwnd
[2024-11-03T15:35:51.427856-0700]     1.1875 MB /   0.50 sec =   19.9234 Mbps     0 retrans   1840 KB-cwnd
[2024-11-03T15:35:51.927766-0700]     1.2500 MB /   0.50 sec =   20.9716 Mbps     0 retrans   1840 KB-cwnd
[2024-11-03T15:35:52.457795-0700]     1.2500 MB /   0.50 sec =   20.9711 Mbps     0 retrans   1840 KB-cwnd
[2024-11-03T15:35:52.745645-0700]     1.2500 MB /   0.50 sec =   20.9722 Mbps     0 retrans   1840 KB-cwnd
[2024-11-03T15:35:53.301504-0700]     1.2500 MB /   0.50 sec =   20.9706 Mbps     0 retrans   1840 KB-cwnd
[2024-11-03T15:35:53.841658-0700]     1.1875 MB /   0.50 sec =   19.9227 Mbps     0 retrans   1840 KB-cwnd
[2024-11-03T15:35:54.435895-0700]     1.2500 MB /   0.50 sec =   20.9716 Mbps     0 retrans   1924 KB-cwnd
[2024-11-03T15:35:55.003664-0700]     1.2500 MB /   0.50 sec =   20.9719 Mbps     0 retrans   1924 KB-cwnd
[2024-11-03T15:35:55.277242-0700]     1.1875 MB /   0.50 sec =   19.9232 Mbps     0 retrans   1924 KB-cwnd
[2024-11-03T15:35:56.224144-0700]     1.1250 MB /   0.50 sec =   18.8743 Mbps     0 retrans   1941 KB-cwnd
[2024-11-03T15:35:56.475645-0700]     1.2500 MB /   0.50 sec =   20.9709 Mbps     0 retrans   1941 KB-cwnd
[2024-11-03T15:35:56.745827-0700]     1.2500 MB /   0.50 sec =   20.9719 Mbps     0 retrans   1941 KB-cwnd
[2024-11-03T15:35:57.271758-0700]     1.1875 MB /   0.50 sec =   19.9239 Mbps     0 retrans   1941 KB-cwnd
[2024-11-03T15:35:57.843770-0700]     1.2500 MB /   0.50 sec =   20.9697 Mbps     0 retrans   1941 KB-cwnd
[2024-11-03T15:35:58.343059-0700]     1.3125 MB /   0.50 sec =   22.0219 Mbps     0 retrans   1941 KB-cwnd
[2024-11-03T15:35:58.897187-0700]     1.3125 MB /   0.50 sec =   22.0194 Mbps     0 retrans   1941 KB-cwnd
[2024-11-03T15:35:59.725080-0700]     1.3125 MB /   0.50 sec =   22.0208 Mbps     0 retrans   1941 KB-cwnd
[2024-11-03T15:36:00.003870-0700]     1.3125 MB /   0.50 sec =   22.0197 Mbps     0 retrans   1941 KB-cwnd
[2024-11-03T15:36:00.385050-0700]     1.1250 MB /   0.50 sec =   18.8743 Mbps     0 retrans   1941 KB-cwnd
[2024-11-03T15:36:00.807547-0700]     0.8750 MB /   0.50 sec =   14.6793 Mbps     0 retrans   1941 KB-cwnd
[2024-11-03T15:36:01.447509-0700]     0.4375 MB /   0.50 sec =    7.3405 Mbps     0 retrans   1941 KB-cwnd
[2024-11-03T15:36:01.981472-0700]     0.5625 MB /   0.50 sec =    9.4369 Mbps     0 retrans   2231 KB-cwnd
[2024-11-03T15:36:02.505682-0700]     2.0000 MB /   0.50 sec =   33.5541 Mbps     0 retrans   3325 KB-cwnd
[2024-11-03T15:36:03.411676-0700]     2.5625 MB /   0.50 sec =   42.9902 Mbps     0 retrans   3890 KB-cwnd
[2024-11-03T15:36:03.412315-0700]     2.6250 MB /   0.50 sec =   44.0405 Mbps     0 retrans   3890 KB-cwnd
[2024-11-03T15:36:03.890674-0700]     2.7500 MB /   0.50 sec =   46.1381 Mbps     0 retrans   3890 KB-cwnd
[2024-11-03T15:36:04.331642-0700]     2.1250 MB /   0.50 sec =   35.6533 Mbps     0 retrans   3890 KB-cwnd
[2024-11-03T15:36:04.835595-0700]     2.9375 MB /   0.50 sec =   49.2828 Mbps     0 retrans   3890 KB-cwnd
[2024-11-03T15:36:05.360593-0700]     2.8750 MB /   0.50 sec =   48.2350 Mbps     0 retrans   3890 KB-cwnd
[2024-11-03T15:36:05.797320-0700]     3.0000 MB /   0.50 sec =   50.3323 Mbps     0 retrans   3890 KB-cwnd
[2024-11-03T15:36:06.311647-0700]     3.2500 MB /   0.50 sec =   54.5260 Mbps     0 retrans   3890 KB-cwnd
[2024-11-03T15:36:06.821918-0700]     3.1875 MB /   0.50 sec =   53.4776 Mbps     0 retrans   3890 KB-cwnd
[2024-11-03T15:36:07.313700-0700]     3.3750 MB /   0.50 sec =   56.6214 Mbps     0 retrans   3890 KB-cwnd
[2024-11-03T15:36:07.785569-0700]     3.2500 MB /   0.50 sec =   54.5276 Mbps     0 retrans   3890 KB-cwnd
[2024-11-03T15:36:08.259966-0700]     3.0625 MB /   0.50 sec =   51.3773 Mbps     0 retrans   3890 KB-cwnd
[2024-11-03T15:36:08.773611-0700]     3.1250 MB /   0.50 sec =   52.4293 Mbps     0 retrans   3890 KB-cwnd
[2024-11-03T15:36:09.303771-0700]     2.9375 MB /   0.50 sec =   49.2853 Mbps     0 retrans   3890 KB-cwnd
[2024-11-03T15:36:09.855670-0700]     2.3750 MB /   0.50 sec =   39.8437 Mbps     0 retrans   3890 KB-cwnd
[2024-11-03T15:36:10.299587-0700]     2.2500 MB /   0.50 sec =   37.7502 Mbps     0 retrans   3890 KB-cwnd
[2024-11-03T15:36:10.797712-0700]     2.2500 MB /   0.50 sec =   37.7489 Mbps     0 retrans   3890 KB-cwnd
[2024-11-03T15:36:11.313689-0700]     2.0000 MB /   0.50 sec =   33.5534 Mbps     0 retrans   3890 KB-cwnd
[2024-11-03T15:36:11.945812-0700]     1.7500 MB /   0.50 sec =   29.3609 Mbps     0 retrans   3890 KB-cwnd
[2024-11-03T15:36:12.415933-0700]     1.5625 MB /   0.50 sec =   26.2140 Mbps     0 retrans   3890 KB-cwnd
[2024-11-03T15:36:13.005622-0700]     1.3125 MB /   0.50 sec =   22.0201 Mbps     0 retrans   3890 KB-cwnd
[2024-11-03T15:36:13.451658-0700]     0.8750 MB /   0.50 sec =   14.6804 Mbps     0 retrans   3890 KB-cwnd
[2024-11-03T15:36:13.885721-0700]     0.7500 MB /   0.50 sec =   12.5829 Mbps     0 retrans   3890 KB-cwnd
[2024-11-03T15:36:14.517759-0700]     1.0625 MB /   0.50 sec =   17.8252 Mbps     0 retrans   3890 KB-cwnd
[2024-11-03T15:36:14.943954-0700]     0.9375 MB /   0.50 sec =   15.7288 Mbps     0 retrans   3890 KB-cwnd
[2024-11-03T15:36:15.295607-0700]     0.8750 MB /   0.50 sec =   14.6804 Mbps     0 retrans   3890 KB-cwnd
[2024-11-03T15:36:15.724277-0700]     0.8125 MB /   0.50 sec =   13.6315 Mbps     0 retrans   3890 KB-cwnd
[2024-11-03T15:36:16.414700-0700]     0.9375 MB /   0.50 sec =   15.7286 Mbps     0 retrans   3890 KB-cwnd
[2024-11-03T15:36:16.765811-0700]     1.0000 MB /   0.50 sec =   16.7772 Mbps     0 retrans   3890 KB-cwnd
[2024-11-03T15:36:17.435594-0700]     1.0000 MB /   0.50 sec =   16.7776 Mbps     0 retrans   3890 KB-cwnd
[2024-11-03T15:36:17.755483-0700]     1.0625 MB /   0.50 sec =   17.8250 Mbps     0 retrans   3890 KB-cwnd
[2024-11-03T15:36:18.303748-0700]     1.1875 MB /   0.50 sec =   19.9233 Mbps     0 retrans   3890 KB-cwnd
[2024-11-03T15:36:18.893642-0700]     1.6250 MB /   0.50 sec =   27.2623 Mbps     0 retrans   3890 KB-cwnd
[2024-11-03T15:36:19.263743-0700]     1.8750 MB /   0.50 sec =   31.4580 Mbps     0 retrans   3890 KB-cwnd
[2024-11-03T15:36:19.767764-0700]     2.6250 MB /   0.50 sec =   44.0405 Mbps     0 retrans   3890 KB-cwnd
[2024-11-03T15:36:20.249579-0700]     3.0625 MB /   0.50 sec =   51.3805 Mbps     0 retrans   3890 KB-cwnd
[2024-11-03T15:36:20.783177-0700]     3.1875 MB /   0.50 sec =   53.4773 Mbps     0 retrans   3890 KB-cwnd
[2024-11-03T15:36:21.277644-0700]     3.5625 MB /   0.50 sec =   59.7679 Mbps     0 retrans   3890 KB-cwnd
[2024-11-03T15:36:21.751601-0700]     3.6875 MB /   0.50 sec =   61.8657 Mbps     0 retrans   3890 KB-cwnd
[2024-11-03T15:36:22.323630-0700]     3.7500 MB /   0.50 sec =   62.9158 Mbps     0 retrans   3890 KB-cwnd
[2024-11-03T15:36:22.791982-0700]     3.7500 MB /   0.50 sec =   62.9117 Mbps     0 retrans   3890 KB-cwnd
[2024-11-03T15:36:23.327708-0700]     3.3125 MB /   0.50 sec =   55.5745 Mbps     0 retrans   3890 KB-cwnd
[2024-11-03T15:36:23.805733-0700]     3.0625 MB /   0.50 sec =   51.3822 Mbps     0 retrans   3890 KB-cwnd
[2024-11-03T15:36:24.271591-0700]     3.8125 MB /   0.50 sec =   63.9640 Mbps     0 retrans   3890 KB-cwnd
[2024-11-03T15:36:24.824045-0700]     3.8750 MB /   0.50 sec =   65.0091 Mbps     0 retrans   3890 KB-cwnd
[2024-11-03T15:36:25.629318-0700]     3.8125 MB /   0.50 sec =   63.9638 Mbps     0 retrans   3890 KB-cwnd
[2024-11-03T15:36:25.805557-0700]     4.0000 MB /   0.50 sec =   67.1090 Mbps     0 retrans   3890 KB-cwnd
[2024-11-03T15:36:26.249589-0700]     4.2500 MB /   0.50 sec =   71.3052 Mbps     0 retrans   3890 KB-cwnd
[2024-11-03T15:36:26.757691-0700]     4.0000 MB /   0.50 sec =   67.1074 Mbps     0 retrans   3890 KB-cwnd
[2024-11-03T15:36:27.287584-0700]     3.8125 MB /   0.50 sec =   63.9642 Mbps     0 retrans   3890 KB-cwnd
[2024-11-03T15:36:27.750428-0700]     3.9375 MB /   0.50 sec =   66.0607 Mbps     0 retrans   3890 KB-cwnd
[2024-11-03T15:36:28.241764-0700]     3.7500 MB /   0.50 sec =   62.9127 Mbps     0 retrans   3890 KB-cwnd
[2024-11-03T15:36:28.747196-0700]     3.6250 MB /   0.50 sec =   60.8198 Mbps     0 retrans   3890 KB-cwnd
[2024-11-03T15:36:29.303588-0700]     3.6875 MB /   0.50 sec =   61.8650 Mbps     0 retrans   3890 KB-cwnd
[2024-11-03T15:36:29.803553-0700]     3.4375 MB /   0.50 sec =   57.6701 Mbps     0 retrans   3890 KB-cwnd
[2024-11-03T15:36:30.594399-0700]     3.8750 MB /   0.50 sec =   65.0118 Mbps     0 retrans   3890 KB-cwnd
[2024-11-03T15:36:30.751849-0700]     4.0000 MB /   0.50 sec =   67.1075 Mbps     0 retrans   3890 KB-cwnd
[2024-11-03T15:36:31.225820-0700]     4.1250 MB /   0.50 sec =   69.2086 Mbps     0 retrans   3890 KB-cwnd
[2024-11-03T15:36:31.736003-0700]     4.1250 MB /   0.50 sec =   69.2062 Mbps     0 retrans   3890 KB-cwnd
[2024-11-03T15:36:32.223875-0700]     3.8750 MB /   0.50 sec =   65.0100 Mbps     0 retrans   3890 KB-cwnd
[2024-11-03T15:36:32.757370-0700]     3.9375 MB /   0.50 sec =   66.0625 Mbps     0 retrans   3890 KB-cwnd
[2024-11-03T15:36:33.239812-0700]     4.5000 MB /   0.50 sec =   75.4978 Mbps     0 retrans   3890 KB-cwnd
[2024-11-03T15:36:33.741948-0700]     4.3750 MB /   0.50 sec =   73.4005 Mbps     0 retrans   3890 KB-cwnd
[2024-11-03T15:36:34.624097-0700]     4.0625 MB /   0.50 sec =   68.1572 Mbps     0 retrans   3890 KB-cwnd
[2024-11-03T15:36:34.821834-0700]     4.0625 MB /   0.50 sec =   68.1569 Mbps     0 retrans   3890 KB-cwnd
[2024-11-03T15:36:35.333544-0700]     4.3750 MB /   0.50 sec =   73.2749 Mbps     0 retrans   3890 KB-cwnd
[2024-11-03T15:36:35.767817-0700]     3.8750 MB /   0.50 sec =   65.1193 Mbps     0 retrans   3930 KB-cwnd
[2024-11-03T15:36:36.229619-0700]     4.5625 MB /   0.50 sec =   76.5511 Mbps     0 retrans   3930 KB-cwnd
[2024-11-03T15:36:36.796431-0700]     4.0625 MB /   0.50 sec =   68.1570 Mbps     1 retrans   3187 KB-cwnd
[2024-11-03T15:36:37.237860-0700]     4.0000 MB /   0.50 sec =   67.1074 Mbps     0 retrans   3187 KB-cwnd
[2024-11-03T15:36:37.754962-0700]     4.0000 MB /   0.50 sec =   67.1089 Mbps     0 retrans   3187 KB-cwnd
[2024-11-03T15:36:38.297201-0700]     4.3750 MB /   0.50 sec =   73.4003 Mbps     0 retrans   3187 KB-cwnd
[2024-11-03T15:36:38.771644-0700]     4.1875 MB /   0.50 sec =   70.2566 Mbps     0 retrans   3187 KB-cwnd
[2024-11-03T15:36:39.269449-0700]     4.1875 MB /   0.50 sec =   70.2556 Mbps     0 retrans   3187 KB-cwnd
[2024-11-03T15:36:39.717909-0700]     3.9375 MB /   0.50 sec =   66.0571 Mbps     0 retrans   3187 KB-cwnd
[2024-11-03T15:36:40.257772-0700]     4.0000 MB /   0.50 sec =   67.1118 Mbps     0 retrans   3187 KB-cwnd
[2024-11-03T15:36:40.719746-0700]     3.7500 MB /   0.50 sec =   62.9132 Mbps     0 retrans   3187 KB-cwnd
[2024-11-03T15:36:41.239757-0700]     4.0000 MB /   0.50 sec =   67.1087 Mbps     0 retrans   3187 KB-cwnd
[2024-11-03T15:36:41.769568-0700]     4.1250 MB /   0.50 sec =   69.2070 Mbps     0 retrans   3187 KB-cwnd
[2024-11-03T15:36:42.225936-0700]     4.0625 MB /   0.50 sec =   68.1555 Mbps     0 retrans   3187 KB-cwnd
[2024-11-03T15:36:42.777744-0700]     3.8750 MB /   0.50 sec =   65.0144 Mbps     0 retrans   3187 KB-cwnd
[2024-11-03T15:36:43.307441-0700]     4.0000 MB /   0.50 sec =   67.1056 Mbps     0 retrans   3187 KB-cwnd
[2024-11-03T15:36:43.809939-0700]     4.2500 MB /   0.50 sec =   71.3060 Mbps     0 retrans   3187 KB-cwnd
[2024-11-03T15:36:44.309826-0700]     4.1250 MB /   0.50 sec =   69.2056 Mbps     0 retrans   3187 KB-cwnd
[2024-11-03T15:36:44.769604-0700]     4.0625 MB /   0.50 sec =   68.1573 Mbps     0 retrans   3187 KB-cwnd
[2024-11-03T15:36:45.277566-0700]     3.9375 MB /   0.50 sec =   66.0611 Mbps     0 retrans   3187 KB-cwnd
[2024-11-03T15:36:45.771416-0700]     4.1250 MB /   0.50 sec =   69.1992 Mbps     0 retrans   3187 KB-cwnd
[2024-11-03T15:36:46.253514-0700]     4.3750 MB /   0.50 sec =   73.4063 Mbps     0 retrans   3187 KB-cwnd
[2024-11-03T15:36:46.825517-0700]     3.9375 MB /   0.50 sec =   66.0608 Mbps     0 retrans   3187 KB-cwnd
[2024-11-03T15:36:47.336153-0700]     3.6250 MB /   0.50 sec =   60.8173 Mbps     0 retrans   3187 KB-cwnd
[2024-11-03T15:36:47.746762-0700]     3.8750 MB /   0.50 sec =   65.0108 Mbps     0 retrans   3187 KB-cwnd
[2024-11-03T15:36:48.238075-0700]     3.8750 MB /   0.50 sec =   65.0089 Mbps     0 retrans   3187 KB-cwnd
[2024-11-03T15:36:48.843689-0700]     3.0625 MB /   0.50 sec =   51.3811 Mbps     0 retrans   3187 KB-cwnd
[2024-11-03T15:36:49.329811-0700]     2.8750 MB /   0.50 sec =   48.2350 Mbps     0 retrans   3187 KB-cwnd
[2024-11-03T15:36:49.719588-0700]     3.3750 MB /   0.50 sec =   56.5035 Mbps     0 retrans   3187 KB-cwnd
[2024-11-03T15:36:50.289607-0700]     3.6250 MB /   0.50 sec =   60.9454 Mbps     0 retrans   3187 KB-cwnd
[2024-11-03T15:36:50.807636-0700]     3.5000 MB /   0.50 sec =   58.7223 Mbps     0 retrans   3187 KB-cwnd
[2024-11-03T15:36:51.265384-0700]     3.8125 MB /   0.50 sec =   63.9643 Mbps     0 retrans   3187 KB-cwnd
[2024-11-03T15:36:51.759957-0700]     3.8125 MB /   0.50 sec =   63.9606 Mbps     0 retrans   3187 KB-cwnd
[2024-11-03T15:36:52.275665-0700]     4.0625 MB /   0.50 sec =   68.1568 Mbps     0 retrans   3187 KB-cwnd
[2024-11-03T15:36:52.781417-0700]     4.1250 MB /   0.50 sec =   69.2093 Mbps     0 retrans   3187 KB-cwnd
[2024-11-03T15:36:53.294099-0700]     4.1250 MB /   0.50 sec =   69.2052 Mbps     0 retrans   3187 KB-cwnd
[2024-11-03T15:36:53.791434-0700]     4.1250 MB /   0.50 sec =   69.2073 Mbps     0 retrans   3187 KB-cwnd
[2024-11-03T15:36:54.243726-0700]     4.0625 MB /   0.50 sec =   68.1517 Mbps     0 retrans   3187 KB-cwnd
[2024-11-03T15:36:54.825919-0700]     3.0000 MB /   0.50 sec =   50.3351 Mbps     0 retrans   3187 KB-cwnd
[2024-11-03T15:36:55.287770-0700]     3.5625 MB /   0.50 sec =   59.7692 Mbps     0 retrans   3187 KB-cwnd
[2024-11-03T15:36:55.745949-0700]     4.0000 MB /   0.50 sec =   67.0952 Mbps     0 retrans   3187 KB-cwnd
[2024-11-03T15:36:56.323488-0700]     4.3750 MB /   0.50 sec =   73.4147 Mbps     0 retrans   3187 KB-cwnd
[2024-11-03T15:36:56.731935-0700]     4.3750 MB /   0.50 sec =   73.4012 Mbps     0 retrans   3187 KB-cwnd
[2024-11-03T15:36:57.254242-0700]     4.1875 MB /   0.50 sec =   70.2537 Mbps     0 retrans   3187 KB-cwnd
[2024-11-03T15:36:57.791564-0700]     4.0000 MB /   0.50 sec =   67.1095 Mbps     0 retrans   3187 KB-cwnd
[2024-11-03T15:36:58.233795-0700]     4.0625 MB /   0.50 sec =   68.1534 Mbps     0 retrans   3187 KB-cwnd
[2024-11-03T15:36:58.797406-0700]     3.8750 MB /   0.50 sec =   65.0152 Mbps     0 retrans   3187 KB-cwnd
[2024-11-03T15:36:59.293432-0700]     3.5625 MB /   0.50 sec =   59.7691 Mbps     0 retrans   3187 KB-cwnd
[2024-11-03T15:36:59.763699-0700]     3.6875 MB /   0.50 sec =   61.8630 Mbps     0 retrans   3187 KB-cwnd
[2024-11-03T15:37:00.663796-0700]     3.6875 MB /   0.50 sec =   61.8692 Mbps     0 retrans   3187 KB-cwnd
[2024-11-03T15:37:00.756247-0700]     3.5625 MB /   0.50 sec =   59.7646 Mbps     0 retrans   3187 KB-cwnd
[2024-11-03T15:37:01.703745-0700]     3.6250 MB /   0.50 sec =   60.8190 Mbps     0 retrans   3187 KB-cwnd
[2024-11-03T15:37:01.823846-0700]     4.1875 MB /   0.50 sec =   70.2564 Mbps     0 retrans   3187 KB-cwnd
End time: 1730673422067
