Start time: 1731095882122
[2024-11-08T14:58:02.980587-0500] nuttcp-t: v8.1.4: socket
[2024-11-08T14:58:02.981926-0500] nuttcp-t: buflen=65536, nstream=1, port=5103 tcp -> 54.197.223.49
[2024-11-08T14:58:02.982082-0500] nuttcp-t: time limit = 120.00 seconds
[2024-11-08T14:58:02.982217-0500] nuttcp-t: connect to 54.197.223.49 with mss=1448, RTT=35.641 ms af=inet
[2024-11-08T14:58:02.982354-0500] nuttcp-t: send window size = 1048576, receive window size = 1048576
[2024-11-08T14:58:02.982469-0500] nuttcp-t: available send window = 786432, available receive window = 786432
[2024-11-08T14:58:02.982585-0500] nuttcp-t: initial congestion window = 14 KB (10 packets)
[2024-11-08T14:58:02.982698-0500] nuttcp-r: v8.1.4: socket
[2024-11-08T14:58:02.982809-0500] nuttcp-r: buflen=65536, nstream=1, port=5103 tcp
[2024-11-08T14:58:02.982924-0500] nuttcp-r: interval reporting every 0.50 seconds
[2024-11-08T14:58:02.983038-0500] nuttcp-r: accept from 98.97.21.159 with af=inet
[2024-11-08T14:58:02.983156-0500] nuttcp-r: send window size = 450000000, receive window size = 450000000
[2024-11-08T14:58:02.983278-0500] nuttcp-r: available send window = 225000000, available receive window = 225000000
[2024-11-08T14:58:02.983419-0500]     0.8750 MB /   0.50 sec =   14.6793 Mbps    15 retrans    131 KB-cwnd
[2024-11-08T14:58:03.575023-0500]     1.1875 MB /   0.50 sec =   19.9233 Mbps     8 retrans     41 KB-cwnd
[2024-11-08T14:58:04.142480-0500]     0.5000 MB /   0.50 sec =    8.3884 Mbps     1 retrans     36 KB-cwnd
[2024-11-08T14:58:04.728784-0500]     0.4375 MB /   0.50 sec =    7.3402 Mbps     1 retrans     52 KB-cwnd
[2024-11-08T14:58:05.312800-0500]     0.5000 MB /   0.50 sec =    8.3872 Mbps     2 retrans     36 KB-cwnd
[2024-11-08T14:58:05.943523-0500]     0.4375 MB /   0.50 sec =    7.3414 Mbps     0 retrans    100 KB-cwnd
[2024-11-08T14:58:05.943763-0500]     0.5000 MB /   0.50 sec =    8.3886 Mbps     0 retrans    100 KB-cwnd
[2024-11-08T14:58:06.569415-0500]     0.8750 MB /   0.50 sec =   14.5406 Mbps     5 retrans     53 KB-cwnd
[2024-11-08T14:58:07.102935-0500]     0.5625 MB /   0.50 sec =    9.5285 Mbps     1 retrans     48 KB-cwnd
[2024-11-08T14:58:07.599764-0500]     0.5625 MB /   0.50 sec =    9.4369 Mbps     0 retrans     60 KB-cwnd
[2024-11-08T14:58:07.987624-0500]     0.6250 MB /   0.50 sec =   10.4858 Mbps     2 retrans     55 KB-cwnd
[2024-11-08T14:58:09.027693-0500]     0.6250 MB /   0.50 sec =   10.4858 Mbps     2 retrans     42 KB-cwnd
[2024-11-08T14:58:09.028206-0500]     0.4375 MB /   0.50 sec =    7.3402 Mbps     0 retrans     42 KB-cwnd
[2024-11-08T14:58:09.642545-0500]     0.5000 MB /   0.50 sec =    8.3887 Mbps     1 retrans     39 KB-cwnd
[2024-11-08T14:58:10.439015-0500]     0.3750 MB /   0.50 sec =    6.2916 Mbps     2 retrans     31 KB-cwnd
[2024-11-08T14:58:10.439498-0500]     0.3125 MB /   0.50 sec =    5.2428 Mbps     0 retrans     31 KB-cwnd
[2024-11-08T14:58:11.167098-0500]     0.3750 MB /   0.50 sec =    6.2881 Mbps     0 retrans     39 KB-cwnd
[2024-11-08T14:58:11.713746-0500]     0.4375 MB /   0.50 sec =    7.3438 Mbps     3 retrans     46 KB-cwnd
[2024-11-08T14:58:12.342593-0500]     0.5625 MB /   0.50 sec =    9.4372 Mbps     0 retrans     52 KB-cwnd
[2024-11-08T14:58:12.990515-0500]     0.4375 MB /   0.50 sec =    7.3401 Mbps     3 retrans     38 KB-cwnd
[2024-11-08T14:58:12.990985-0500]     0.4375 MB /   0.50 sec =    7.3398 Mbps     0 retrans     38 KB-cwnd
[2024-11-08T14:58:14.211805-0500]     0.2500 MB /   0.50 sec =    4.1944 Mbps     3 retrans     26 KB-cwnd
[2024-11-08T14:58:14.212253-0500]     0.1875 MB /   0.50 sec =    3.1457 Mbps     0 retrans     26 KB-cwnd
[2024-11-08T14:58:14.757020-0500]     0.2500 MB /   0.50 sec =    4.1944 Mbps     3 retrans     91 KB-cwnd
[2024-11-08T14:58:15.149578-0500]     0.7500 MB /   0.50 sec =   12.5828 Mbps    15 retrans     73 KB-cwnd
[2024-11-08T14:58:15.550890-0500]     0.6875 MB /   0.50 sec =   11.5343 Mbps     0 retrans     77 KB-cwnd
[2024-11-08T14:58:16.074340-0500]     0.5625 MB /   0.50 sec =    9.4372 Mbps     1 retrans     65 KB-cwnd
[2024-11-08T14:58:16.454379-0500]     0.6250 MB /   0.50 sec =   10.4857 Mbps     1 retrans     55 KB-cwnd
[2024-11-08T14:58:17.329097-0500]     0.6875 MB /   0.50 sec =   11.5340 Mbps     2 retrans     43 KB-cwnd
[2024-11-08T14:58:17.834233-0500]     0.6250 MB /   0.50 sec =   10.4858 Mbps     0 retrans     50 KB-cwnd
[2024-11-08T14:58:18.244766-0500]     0.5625 MB /   0.50 sec =    9.4373 Mbps     3 retrans     67 KB-cwnd
[2024-11-08T14:58:18.648954-0500]     0.8125 MB /   0.50 sec =   13.6317 Mbps     2 retrans     43 KB-cwnd
[2024-11-08T14:58:19.161342-0500]     0.5625 MB /   0.50 sec =    9.4369 Mbps     1 retrans     39 KB-cwnd
[2024-11-08T14:58:19.819902-0500]     0.4375 MB /   0.50 sec =    7.3401 Mbps     2 retrans     38 KB-cwnd
[2024-11-08T14:58:20.540865-0500]     0.3750 MB /   0.50 sec =    6.2914 Mbps     3 retrans     38 KB-cwnd
[2024-11-08T14:58:20.541260-0500]     0.4375 MB /   0.50 sec =    7.3401 Mbps     0 retrans     38 KB-cwnd
[2024-11-08T14:58:21.200646-0500]     0.4375 MB /   0.50 sec =    7.3401 Mbps     2 retrans     35 KB-cwnd
[2024-11-08T14:58:21.795664-0500]     0.4375 MB /   0.50 sec =    7.3401 Mbps     0 retrans     42 KB-cwnd
[2024-11-08T14:58:22.320142-0500]     0.5000 MB /   0.50 sec =    8.3885 Mbps     1 retrans     90 KB-cwnd
[2024-11-08T14:58:22.626015-0500]     0.7500 MB /   0.50 sec =   12.5830 Mbps     2 retrans     62 KB-cwnd
[2024-11-08T14:58:22.963230-0500]     0.8750 MB /   0.50 sec =   14.6799 Mbps     0 retrans     66 KB-cwnd
[2024-11-08T14:58:23.653301-0500]     0.8125 MB /   0.50 sec =   13.6317 Mbps     1 retrans     65 KB-cwnd
[2024-11-08T14:58:23.990103-0500]     0.7500 MB /   0.50 sec =   12.5829 Mbps     0 retrans     69 KB-cwnd
[2024-11-08T14:58:24.550981-0500]     0.5000 MB /   0.50 sec =    8.3886 Mbps     0 retrans     73 KB-cwnd
[2024-11-08T14:58:24.992883-0500]     0.6875 MB /   0.50 sec =   11.5342 Mbps     3 retrans     52 KB-cwnd
[2024-11-08T14:58:25.622576-0500]     0.4375 MB /   0.50 sec =    7.3401 Mbps     1 retrans     43 KB-cwnd
[2024-11-08T14:58:26.263660-0500]     0.4375 MB /   0.50 sec =    7.3398 Mbps     0 retrans     50 KB-cwnd
[2024-11-08T14:58:26.805014-0500]     0.4375 MB /   0.50 sec =    7.3405 Mbps     0 retrans    120 KB-cwnd
[2024-11-08T14:58:27.555812-0500]     0.6875 MB /   0.50 sec =   11.5343 Mbps    13 retrans     93 KB-cwnd
[2024-11-08T14:58:27.556259-0500]     0.2500 MB /   0.50 sec =    4.1941 Mbps     0 retrans     93 KB-cwnd
[2024-11-08T14:58:28.249375-0500]     0.3750 MB /   0.50 sec =    6.2916 Mbps    14 retrans     35 KB-cwnd
[2024-11-08T14:58:29.243619-0500]     0.3750 MB /   0.50 sec =    6.2899 Mbps     2 retrans     35 KB-cwnd
[2024-11-08T14:58:29.244005-0500]     0.2500 MB /   0.50 sec =    4.1954 Mbps     0 retrans     35 KB-cwnd
[2024-11-08T14:58:29.756460-0500]     0.3125 MB /   0.50 sec =    5.2427 Mbps    11 retrans     69 KB-cwnd
[2024-11-08T14:58:30.401927-0500]     0.6875 MB /   0.50 sec =   11.5350 Mbps     2 retrans     50 KB-cwnd
[2024-11-08T14:58:30.890624-0500]     0.3750 MB /   0.50 sec =    6.2786 Mbps     0 retrans     56 KB-cwnd
[2024-11-08T14:58:31.528091-0500]     0.5625 MB /   0.50 sec =    9.4514 Mbps    11 retrans     39 KB-cwnd
[2024-11-08T14:58:31.528541-0500]     0.3750 MB /   0.50 sec =    6.2948 Mbps     0 retrans     39 KB-cwnd
[2024-11-08T14:58:32.208411-0500]     0.4375 MB /   0.50 sec =    7.3402 Mbps     2 retrans     36 KB-cwnd
[2024-11-08T14:58:32.899963-0500]     0.3750 MB /   0.50 sec =    6.2915 Mbps     0 retrans     43 KB-cwnd
[2024-11-08T14:58:33.471054-0500]     0.4375 MB /   0.50 sec =    7.3392 Mbps     0 retrans     50 KB-cwnd
[2024-11-08T14:58:33.471538-0500]     0.5000 MB /   0.50 sec =    8.3894 Mbps     0 retrans     50 KB-cwnd
[2024-11-08T14:58:34.285407-0500]     0.6250 MB /   0.50 sec =   10.4858 Mbps     6 retrans     50 KB-cwnd
[2024-11-08T14:58:34.759677-0500]     0.6250 MB /   0.50 sec =   10.4861 Mbps     0 retrans     56 KB-cwnd
[2024-11-08T14:58:35.233521-0500]     0.5625 MB /   0.50 sec =    9.4370 Mbps     0 retrans     62 KB-cwnd
[2024-11-08T14:58:36.009786-0500]     0.6250 MB /   0.50 sec =   10.4858 Mbps     5 retrans     43 KB-cwnd
[2024-11-08T14:58:36.010360-0500]     0.2500 MB /   0.50 sec =    4.1944 Mbps     0 retrans     43 KB-cwnd
[2024-11-08T14:58:36.873779-0500]     0.3125 MB /   0.50 sec =    5.2428 Mbps     2 retrans     39 KB-cwnd
[2024-11-08T14:58:37.685132-0500]     0.3750 MB /   0.50 sec =    6.2914 Mbps     1 retrans     36 KB-cwnd
[2024-11-08T14:58:37.685503-0500]     0.3125 MB /   0.50 sec =    5.2430 Mbps     0 retrans     36 KB-cwnd
[2024-11-08T14:58:38.317940-0500]     0.3750 MB /   0.50 sec =    6.2912 Mbps     0 retrans     46 KB-cwnd
[2024-11-08T14:58:38.773462-0500]     0.5000 MB /   0.50 sec =    8.3889 Mbps     4 retrans     66 KB-cwnd
[2024-11-08T14:58:39.376341-0500]     0.6250 MB /   0.50 sec =   10.4857 Mbps     2 retrans     45 KB-cwnd
[2024-11-08T14:58:40.440482-0500]     0.4375 MB /   0.50 sec =    7.3401 Mbps     4 retrans     32 KB-cwnd
[2024-11-08T14:58:40.440957-0500]     0.2500 MB /   0.50 sec =    4.1943 Mbps     0 retrans     32 KB-cwnd
[2024-11-08T14:58:40.441102-0500]     0.2500 MB /   0.50 sec =    4.1910 Mbps     0 retrans     32 KB-cwnd
[2024-11-08T14:58:41.367288-0500]     0.2500 MB /   0.50 sec =    4.1975 Mbps     0 retrans     41 KB-cwnd
[2024-11-08T14:58:42.185917-0500]     0.3750 MB /   0.50 sec =    6.2915 Mbps     4 retrans     46 KB-cwnd
[2024-11-08T14:58:42.186430-0500]     0.3125 MB /   0.50 sec =    5.2430 Mbps     0 retrans     46 KB-cwnd
[2024-11-08T14:58:42.621519-0500]     0.5000 MB /   0.50 sec =    8.3885 Mbps     0 retrans     52 KB-cwnd
[2024-11-08T14:58:43.113469-0500]     0.6250 MB /   0.50 sec =   10.4854 Mbps     2 retrans     46 KB-cwnd
[2024-11-08T14:58:43.554258-0500]     0.5625 MB /   0.50 sec =    9.4375 Mbps     0 retrans     52 KB-cwnd
[2024-11-08T14:58:43.945507-0500]     0.6875 MB /   0.50 sec =   11.5342 Mbps     0 retrans     57 KB-cwnd
[2024-11-08T14:58:44.792902-0500]     0.6875 MB /   0.50 sec =   11.5344 Mbps    16 retrans     45 KB-cwnd
[2024-11-08T14:58:45.375435-0500]     0.6250 MB /   0.50 sec =   10.4853 Mbps     0 retrans     52 KB-cwnd
[2024-11-08T14:58:45.920906-0500]     0.4375 MB /   0.50 sec =    7.3404 Mbps     3 retrans     59 KB-cwnd
[2024-11-08T14:58:46.325995-0500]     0.5625 MB /   0.50 sec =    9.4327 Mbps     0 retrans     52 KB-cwnd
[2024-11-08T14:58:46.719235-0500]     0.6875 MB /   0.50 sec =   11.5398 Mbps     0 retrans     57 KB-cwnd
[2024-11-08T14:58:47.105992-0500]     0.6250 MB /   0.50 sec =   10.4858 Mbps     7 retrans     41 KB-cwnd
[2024-11-08T14:58:47.586808-0500]     0.6250 MB /   0.50 sec =   10.4856 Mbps     0 retrans     48 KB-cwnd
[2024-11-08T14:58:48.067647-0500]     0.6250 MB /   0.50 sec =   10.4860 Mbps     3 retrans     55 KB-cwnd
[2024-11-08T14:58:48.608573-0500]     0.5000 MB /   0.50 sec =    8.3884 Mbps     1 retrans     48 KB-cwnd
[2024-11-08T14:58:49.273745-0500]     0.5000 MB /   0.50 sec =    8.3865 Mbps     3 retrans     33 KB-cwnd
[2024-11-08T14:58:49.966796-0500]     0.3750 MB /   0.50 sec =    6.2929 Mbps     0 retrans     42 KB-cwnd
[2024-11-08T14:58:49.967235-0500]     0.4375 MB /   0.50 sec =    7.3402 Mbps     0 retrans     42 KB-cwnd
[2024-11-08T14:58:50.645710-0500]     0.4375 MB /   0.50 sec =    7.3401 Mbps     4 retrans     29 KB-cwnd
[2024-11-08T14:58:51.493220-0500]     0.3125 MB /   0.50 sec =    5.2428 Mbps     4 retrans     65 KB-cwnd
[2024-11-08T14:58:51.493586-0500]     0.3750 MB /   0.50 sec =    6.2906 Mbps     0 retrans     65 KB-cwnd
[2024-11-08T14:58:52.325824-0500]     0.6875 MB /   0.50 sec =   11.5360 Mbps     3 retrans     49 KB-cwnd
[2024-11-08T14:58:52.834560-0500]     0.5625 MB /   0.50 sec =    9.4371 Mbps     0 retrans     62 KB-cwnd
[2024-11-08T14:58:53.393533-0500]     0.5000 MB /   0.50 sec =    8.3888 Mbps    12 retrans     42 KB-cwnd
[2024-11-08T14:58:53.969460-0500]     0.5000 MB /   0.50 sec =    8.3887 Mbps     0 retrans     49 KB-cwnd
[2024-11-08T14:58:53.969991-0500]     0.5000 MB /   0.50 sec =    8.3886 Mbps     0 retrans     49 KB-cwnd
[2024-11-08T14:58:54.579865-0500]     0.4375 MB /   0.50 sec =    7.3398 Mbps     6 retrans     46 KB-cwnd
[2024-11-08T14:58:55.033812-0500]     0.5625 MB /   0.50 sec =    9.4375 Mbps     5 retrans     41 KB-cwnd
[2024-11-08T14:58:55.591863-0500]     0.5000 MB /   0.50 sec =    8.3885 Mbps     0 retrans     49 KB-cwnd
[2024-11-08T14:58:56.053376-0500]     0.6250 MB /   0.50 sec =   10.4859 Mbps     3 retrans     70 KB-cwnd
[2024-11-08T14:58:56.439841-0500]     0.6875 MB /   0.50 sec =   11.5341 Mbps     3 retrans     48 KB-cwnd
[2024-11-08T14:58:57.008840-0500]     0.5625 MB /   0.50 sec =    9.4374 Mbps     0 retrans     56 KB-cwnd
[2024-11-08T14:58:57.594342-0500]     0.6250 MB /   0.50 sec =   10.4853 Mbps    11 retrans    158 KB-cwnd
[2024-11-08T14:58:57.996872-0500]     1.4375 MB /   0.50 sec =   24.1170 Mbps     2 retrans    110 KB-cwnd
[2024-11-08T14:58:58.508089-0500]     1.1875 MB /   0.50 sec =   19.8805 Mbps     5 retrans     94 KB-cwnd
[2024-11-08T14:58:59.222529-0500]     0.8125 MB /   0.50 sec =   13.6613 Mbps     0 retrans    104 KB-cwnd
[2024-11-08T14:58:59.521243-0500]     0.8125 MB /   0.50 sec =   13.6315 Mbps     3 retrans     74 KB-cwnd
[2024-11-08T14:59:00.252964-0500]     0.8125 MB /   0.50 sec =   13.6315 Mbps     2 retrans     72 KB-cwnd
[2024-11-08T14:59:00.666864-0500]     0.7500 MB /   0.50 sec =   12.5827 Mbps     3 retrans     52 KB-cwnd
[2024-11-08T14:59:01.206627-0500]     0.5625 MB /   0.50 sec =    9.4373 Mbps     0 retrans     60 KB-cwnd
[2024-11-08T14:59:01.649503-0500]     0.5000 MB /   0.50 sec =    8.3886 Mbps     2 retrans    111 KB-cwnd
[2024-11-08T14:59:02.145989-0500]     0.9375 MB /   0.50 sec =   15.7285 Mbps     0 retrans    127 KB-cwnd
[2024-11-08T14:59:02.643482-0500]     1.2500 MB /   0.50 sec =   20.9721 Mbps     2 retrans    107 KB-cwnd
[2024-11-08T14:59:03.231499-0500]     1.1250 MB /   0.50 sec =   18.8738 Mbps     0 retrans    130 KB-cwnd
[2024-11-08T14:59:03.640202-0500]     0.6875 MB /   0.50 sec =   11.5265 Mbps     3 retrans    104 KB-cwnd
[2024-11-08T14:59:04.025983-0500]     0.7500 MB /   0.50 sec =   12.5919 Mbps     2 retrans     91 KB-cwnd
[2024-11-08T14:59:04.487037-0500]     0.6250 MB /   0.50 sec =   10.4854 Mbps     2 retrans     76 KB-cwnd
[2024-11-08T14:59:05.345481-0500]     0.7500 MB /   0.50 sec =   12.5832 Mbps     5 retrans     55 KB-cwnd
[2024-11-08T14:59:05.811676-0500]     0.5000 MB /   0.50 sec =    8.3885 Mbps     0 retrans     76 KB-cwnd
[2024-11-08T14:59:06.032966-0500]     0.6875 MB /   0.50 sec =   11.5345 Mbps     6 retrans    127 KB-cwnd
[2024-11-08T14:59:06.523492-0500]     1.3750 MB /   0.50 sec =   23.0681 Mbps     5 retrans     91 KB-cwnd
[2024-11-08T14:59:07.038485-0500]     1.0625 MB /   0.50 sec =   17.8186 Mbps     0 retrans    101 KB-cwnd
[2024-11-08T14:59:07.752934-0500]     0.8125 MB /   0.50 sec =   13.6376 Mbps     4 retrans    104 KB-cwnd
[2024-11-08T14:59:08.052556-0500]     0.8125 MB /   0.50 sec =   13.6314 Mbps     0 retrans    108 KB-cwnd
[2024-11-08T14:59:08.792729-0500]     0.9375 MB /   0.50 sec =   15.7285 Mbps     6 retrans     77 KB-cwnd
[2024-11-08T14:59:09.187265-0500]     0.7500 MB /   0.50 sec =   12.5830 Mbps     2 retrans     69 KB-cwnd
[2024-11-08T14:59:09.542367-0500]     0.7500 MB /   0.50 sec =   12.5798 Mbps     0 retrans     79 KB-cwnd
[2024-11-08T14:59:10.391918-0500]     0.7500 MB /   0.50 sec =   12.5833 Mbps     3 retrans     79 KB-cwnd
[2024-11-08T14:59:10.748733-0500]     0.5625 MB /   0.50 sec =    9.4392 Mbps     2 retrans     66 KB-cwnd
[2024-11-08T14:59:11.197068-0500]     0.7500 MB /   0.50 sec =   12.5827 Mbps     1 retrans     57 KB-cwnd
[2024-11-08T14:59:11.597358-0500]     0.6250 MB /   0.50 sec =   10.4853 Mbps     0 retrans     66 KB-cwnd
[2024-11-08T14:59:12.081854-0500]     1.0000 MB /   0.50 sec =   16.7765 Mbps     1 retrans    186 KB-cwnd
[2024-11-08T14:59:12.583843-0500]     1.6875 MB /   0.50 sec =   28.2815 Mbps    10 retrans     94 KB-cwnd
[2024-11-08T14:59:13.222388-0500]     1.0625 MB /   0.50 sec =   17.8465 Mbps     2 retrans     84 KB-cwnd
[2024-11-08T14:59:13.576242-0500]     0.7500 MB /   0.50 sec =   12.5827 Mbps     2 retrans     77 KB-cwnd
[2024-11-08T14:59:14.266312-0500]     0.8125 MB /   0.50 sec =   13.6313 Mbps     0 retrans     89 KB-cwnd
[2024-11-08T14:59:14.606871-0500]     0.8125 MB /   0.50 sec =   13.6309 Mbps     0 retrans    166 KB-cwnd
[2024-11-08T14:59:15.105436-0500]     1.1250 MB /   0.50 sec =   18.8747 Mbps     7 retrans    111 KB-cwnd
[2024-11-08T14:59:15.625732-0500]     1.0625 MB /   0.50 sec =   17.8267 Mbps     0 retrans    120 KB-cwnd
[2024-11-08T14:59:16.180500-0500]     1.0625 MB /   0.50 sec =   17.8258 Mbps     3 retrans    110 KB-cwnd
[2024-11-08T14:59:16.440787-0500]     1.1250 MB /   0.50 sec =   18.8746 Mbps     0 retrans    114 KB-cwnd
[2024-11-08T14:59:17.193392-0500]     1.1875 MB /   0.50 sec =   19.9231 Mbps     3 retrans     82 KB-cwnd
[2024-11-08T14:59:17.489259-0500]     0.9375 MB /   0.50 sec =   15.7283 Mbps     0 retrans     87 KB-cwnd
[2024-11-08T14:59:18.017530-0500]     0.9375 MB /   0.50 sec =   15.7284 Mbps     3 retrans    110 KB-cwnd
[2024-11-08T14:59:18.544325-0500]     1.2500 MB /   0.50 sec =   20.9698 Mbps     2 retrans     97 KB-cwnd
[2024-11-08T14:59:19.065698-0500]     1.0625 MB /   0.50 sec =   17.8276 Mbps     2 retrans     94 KB-cwnd
[2024-11-08T14:59:19.433361-0500]     0.8125 MB /   0.50 sec =   13.6316 Mbps     5 retrans     62 KB-cwnd
[2024-11-08T14:59:20.320432-0500]     0.6875 MB /   0.50 sec =   11.5342 Mbps     2 retrans    164 KB-cwnd
[2024-11-08T14:59:20.586457-0500]     1.0000 MB /   0.50 sec =   16.7768 Mbps     3 retrans    113 KB-cwnd
[2024-11-08T14:59:21.107336-0500]     1.0625 MB /   0.50 sec =   17.8261 Mbps     1 retrans     98 KB-cwnd
[2024-11-08T14:59:21.616186-0500]     1.1875 MB /   0.50 sec =   19.9207 Mbps     2 retrans     97 KB-cwnd
[2024-11-08T14:59:22.091621-0500]     1.1250 MB /   0.50 sec =   18.8761 Mbps     1 retrans     94 KB-cwnd
[2024-11-08T14:59:22.585822-0500]     1.1250 MB /   0.50 sec =   18.8742 Mbps     0 retrans    104 KB-cwnd
[2024-11-08T14:59:23.025756-0500]     1.1250 MB /   0.50 sec =   18.8748 Mbps     2 retrans    118 KB-cwnd
[2024-11-08T14:59:23.471827-0500]     1.3125 MB /   0.50 sec =   22.0203 Mbps     1 retrans    110 KB-cwnd
[2024-11-08T14:59:23.980799-0500]     1.1250 MB /   0.50 sec =   18.8742 Mbps     1 retrans     98 KB-cwnd
[2024-11-08T14:59:24.468240-0500]     1.1250 MB /   0.50 sec =   18.8741 Mbps     1 retrans    114 KB-cwnd
[2024-11-08T14:59:25.023009-0500]     1.0625 MB /   0.50 sec =   17.8257 Mbps     2 retrans     84 KB-cwnd
[2024-11-08T14:59:25.691973-0500]     0.8750 MB /   0.50 sec =   14.6805 Mbps     2 retrans    137 KB-cwnd
[2024-11-08T14:59:25.945579-0500]     1.0000 MB /   0.50 sec =   16.7768 Mbps     2 retrans    114 KB-cwnd
[2024-11-08T14:59:26.480782-0500]     1.1250 MB /   0.50 sec =   18.8743 Mbps     2 retrans     98 KB-cwnd
[2024-11-08T14:59:27.321083-0500]     0.8125 MB /   0.50 sec =   13.6319 Mbps     2 retrans     86 KB-cwnd
[2024-11-08T14:59:28.008525-0500]     0.4375 MB /   0.50 sec =    7.3396 Mbps    14 retrans     36 KB-cwnd
[2024-11-08T14:59:28.009019-0500]     0.4375 MB /   0.50 sec =    7.3279 Mbps     0 retrans     36 KB-cwnd
[2024-11-08T14:59:28.909478-0500]     0.3125 MB /   0.50 sec =    5.2519 Mbps     4 retrans     38 KB-cwnd
[2024-11-08T14:59:29.684115-0500]     0.3125 MB /   0.50 sec =    5.2427 Mbps     2 retrans     38 KB-cwnd
[2024-11-08T14:59:29.684627-0500]     0.3750 MB /   0.50 sec =    6.2915 Mbps     0 retrans     38 KB-cwnd
[2024-11-08T14:59:30.518805-0500]     0.3125 MB /   0.50 sec =    5.2430 Mbps     1 retrans     41 KB-cwnd
[2024-11-08T14:59:30.519126-0500]     0.3750 MB /   0.50 sec =    6.2915 Mbps     0 retrans     41 KB-cwnd
[2024-11-08T14:59:31.543834-0500]     0.2500 MB /   0.50 sec =    4.1943 Mbps     9 retrans     63 KB-cwnd
[2024-11-08T14:59:31.544415-0500]     0.2500 MB /   0.50 sec =    4.1941 Mbps     0 retrans     63 KB-cwnd
[2024-11-08T14:59:32.287524-0500]     0.4375 MB /   0.50 sec =    7.3403 Mbps     4 retrans     33 KB-cwnd
[2024-11-08T14:59:33.031477-0500]     0.3125 MB /   0.50 sec =    5.2428 Mbps     1 retrans     39 KB-cwnd
[2024-11-08T14:59:33.031886-0500]     0.3750 MB /   0.50 sec =    6.2912 Mbps     0 retrans     39 KB-cwnd
[2024-11-08T14:59:34.119536-0500]     0.3125 MB /   0.50 sec =    5.2430 Mbps     6 retrans     33 KB-cwnd
[2024-11-08T14:59:34.120082-0500]     0.1875 MB /   0.50 sec =    3.1459 Mbps     0 retrans     33 KB-cwnd
[2024-11-08T14:59:34.626007-0500]     0.3750 MB /   0.50 sec =    6.2582 Mbps     8 retrans     86 KB-cwnd
[2024-11-08T14:59:35.021008-0500]     0.7500 MB /   0.50 sec =   12.6494 Mbps     5 retrans     59 KB-cwnd
[2024-11-08T14:59:35.465004-0500]     0.6875 MB /   0.50 sec =   11.5341 Mbps     0 retrans     67 KB-cwnd
[2024-11-08T14:59:36.012317-0500]     0.5000 MB /   0.50 sec =    8.3891 Mbps     4 retrans     38 KB-cwnd
[2024-11-08T14:59:36.757510-0500]     0.4375 MB /   0.50 sec =    7.3400 Mbps     1 retrans     38 KB-cwnd
[2024-11-08T14:59:37.570236-0500]     0.3125 MB /   0.50 sec =    5.2424 Mbps     4 retrans     29 KB-cwnd
[2024-11-08T14:59:37.570860-0500]     0.3750 MB /   0.50 sec =    6.2921 Mbps     0 retrans     29 KB-cwnd
[2024-11-08T14:59:38.370917-0500]     0.3125 MB /   0.50 sec =    5.2429 Mbps     3 retrans     32 KB-cwnd
[2024-11-08T14:59:39.084442-0500]     0.3125 MB /   0.50 sec =    5.2429 Mbps    10 retrans     52 KB-cwnd
[2024-11-08T14:59:39.084987-0500]     0.3750 MB /   0.50 sec =    6.2916 Mbps     0 retrans     52 KB-cwnd
[2024-11-08T14:59:39.915792-0500]     0.3750 MB /   0.50 sec =    6.2913 Mbps     9 retrans     41 KB-cwnd
[2024-11-08T14:59:40.629094-0500]     0.3750 MB /   0.50 sec =    6.2915 Mbps     2 retrans     46 KB-cwnd
[2024-11-08T14:59:40.629590-0500]     0.3750 MB /   0.50 sec =    6.2915 Mbps     0 retrans     46 KB-cwnd
[2024-11-08T14:59:41.300466-0500]     0.3750 MB /   0.50 sec =    6.2912 Mbps     7 retrans     35 KB-cwnd
[2024-11-08T14:59:42.179859-0500]     0.3750 MB /   0.50 sec =    6.2916 Mbps     2 retrans     38 KB-cwnd
[2024-11-08T14:59:42.180419-0500]     0.3125 MB /   0.50 sec =    5.2429 Mbps     0 retrans     38 KB-cwnd
[2024-11-08T14:59:42.743738-0500]     0.3750 MB /   0.50 sec =    6.2914 Mbps     2 retrans    124 KB-cwnd
[2024-11-08T14:59:43.015142-0500]     0.8750 MB /   0.50 sec =   14.6800 Mbps     2 retrans     89 KB-cwnd
[2024-11-08T14:59:43.582624-0500]     1.0000 MB /   0.50 sec =   16.7764 Mbps     0 retrans     98 KB-cwnd
[2024-11-08T14:59:44.113173-0500]     1.0000 MB /   0.50 sec =   16.7779 Mbps     1 retrans     97 KB-cwnd
[2024-11-08T14:59:44.570854-0500]     1.1875 MB /   0.50 sec =   19.9226 Mbps     0 retrans    107 KB-cwnd
[2024-11-08T14:59:45.060057-0500]     1.1875 MB /   0.50 sec =   19.9233 Mbps     1 retrans    104 KB-cwnd
[2024-11-08T14:59:45.615938-0500]     1.0000 MB /   0.50 sec =   16.7770 Mbps     1 retrans     91 KB-cwnd
[2024-11-08T14:59:46.154994-0500]     1.1250 MB /   0.50 sec =   18.8749 Mbps     2 retrans    108 KB-cwnd
[2024-11-08T14:59:46.602993-0500]     1.1250 MB /   0.50 sec =   18.8744 Mbps     1 retrans    107 KB-cwnd
[2024-11-08T14:59:47.104407-0500]     1.1250 MB /   0.50 sec =   18.8741 Mbps     1 retrans     94 KB-cwnd
[2024-11-08T14:59:47.627219-0500]     1.0625 MB /   0.50 sec =   17.8259 Mbps     0 retrans    107 KB-cwnd
[2024-11-08T14:59:47.998329-0500]     1.4375 MB /   0.50 sec =   24.1174 Mbps     5 retrans    107 KB-cwnd
[2024-11-08T14:59:48.547187-0500]     1.1875 MB /   0.50 sec =   19.9225 Mbps     1 retrans     96 KB-cwnd
[2024-11-08T14:59:49.066646-0500]     1.1250 MB /   0.50 sec =   18.8753 Mbps     0 retrans    106 KB-cwnd
[2024-11-08T14:59:49.444849-0500]     1.2500 MB /   0.50 sec =   20.9703 Mbps     4 retrans    103 KB-cwnd
[2024-11-08T14:59:50.152073-0500]     1.2500 MB /   0.50 sec =   20.9700 Mbps     1 retrans     93 KB-cwnd
[2024-11-08T14:59:50.642760-0500]     1.1875 MB /   0.50 sec =   19.9253 Mbps     0 retrans    103 KB-cwnd
[2024-11-08T14:59:51.201610-0500]     1.1250 MB /   0.50 sec =   18.8741 Mbps     2 retrans     84 KB-cwnd
[2024-11-08T14:59:51.474870-0500]     0.9375 MB /   0.50 sec =   15.7285 Mbps     0 retrans     90 KB-cwnd
[2024-11-08T14:59:51.999877-0500]     0.9375 MB /   0.50 sec =   15.7283 Mbps     2 retrans    110 KB-cwnd
[2024-11-08T14:59:52.586091-0500]     1.0625 MB /   0.50 sec =   17.8261 Mbps     1 retrans     96 KB-cwnd
[2024-11-08T14:59:53.181885-0500]     0.8750 MB /   0.50 sec =   14.6804 Mbps     0 retrans    107 KB-cwnd
[2024-11-08T14:59:53.433990-0500]     1.1875 MB /   0.50 sec =   19.9231 Mbps     2 retrans    185 KB-cwnd
[2024-11-08T14:59:53.982651-0500]     1.0000 MB /   0.50 sec =   16.7763 Mbps     7 retrans    107 KB-cwnd
[2024-11-08T14:59:54.576157-0500]     1.0000 MB /   0.50 sec =   16.7778 Mbps     0 retrans    115 KB-cwnd
[2024-11-08T14:59:55.174848-0500]     0.9375 MB /   0.50 sec =   15.7286 Mbps     3 retrans    100 KB-cwnd
[2024-11-08T14:59:55.463896-0500]     0.9375 MB /   0.50 sec =   15.7282 Mbps     1 retrans     83 KB-cwnd
[2024-11-08T14:59:56.043915-0500]     1.0625 MB /   0.50 sec =   17.8259 Mbps     0 retrans     94 KB-cwnd
[2024-11-08T14:59:56.520212-0500]     1.1250 MB /   0.50 sec =   18.8751 Mbps     1 retrans    110 KB-cwnd
[2024-11-08T14:59:57.064099-0500]     1.1250 MB /   0.50 sec =   18.8742 Mbps     1 retrans     94 KB-cwnd
[2024-11-08T14:59:57.625785-0500]     1.0000 MB /   0.50 sec =   16.7771 Mbps     0 retrans    104 KB-cwnd
[2024-11-08T14:59:58.244455-0500]     0.9375 MB /   0.50 sec =   15.7285 Mbps     1 retrans    103 KB-cwnd
[2024-11-08T14:59:58.590167-0500]     0.8125 MB /   0.50 sec =   13.6317 Mbps     0 retrans    107 KB-cwnd
[2024-11-08T14:59:59.044071-0500]     0.6875 MB /   0.50 sec =   11.5341 Mbps     2 retrans     90 KB-cwnd
[2024-11-08T14:59:59.475878-0500]     0.6250 MB /   0.50 sec =   10.4861 Mbps     0 retrans    103 KB-cwnd
[2024-11-08T15:00:00.379361-0500]     0.6250 MB /   0.50 sec =   10.4856 Mbps     2 retrans     90 KB-cwnd
[2024-11-08T15:00:00.824544-0500]     0.6250 MB /   0.50 sec =   10.4812 Mbps     1 retrans     74 KB-cwnd
[2024-11-08T15:00:01.274452-0500]     0.6250 MB /   0.50 sec =   10.4905 Mbps     0 retrans     80 KB-cwnd
[2024-11-08T15:00:01.642453-0500]     0.6875 MB /   0.50 sec =   11.5341 Mbps     0 retrans     86 KB-cwnd
[2024-11-08T15:00:01.960279-0500]     0.7500 MB /   0.50 sec =   12.5824 Mbps     2 retrans    117 KB-cwnd
[2024-11-08T15:00:02.442040-0500]     1.0625 MB /   0.50 sec =   17.8266 Mbps     1 retrans    104 KB-cwnd
[2024-11-08T15:00:02.930066-0500]     0.6875 MB /   0.50 sec =   11.5345 Mbps     2 retrans     70 KB-cwnd
End time: 1731096003254
