Start time: 1731019526198
[2024-11-07T17:45:27.034960-0500] nuttcp-r: v8.1.4: socket
[2024-11-07T17:45:27.035512-0500] nuttcp-r: buflen=65536, nstream=1, port=5101 tcp
[2024-11-07T17:45:27.035569-0500] nuttcp-r: interval reporting every 0.50 seconds
[2024-11-07T17:45:27.035614-0500] nuttcp-r: connect to 54.197.223.49 with RTT=49.935 ms af=inet
[2024-11-07T17:45:27.035657-0500] nuttcp-r: send window size = 2097152, receive window size = 6291456
[2024-11-07T17:45:27.035698-0500] nuttcp-r: available send window = 1572864, available receive window = 4718592
[2024-11-07T17:45:27.035799-0500]     0.6875 MB /   0.50 sec =   11.5338 Mbps     0 retrans     13 KB-cwnd
[2024-11-07T17:45:27.535068-0500]     1.8750 MB /   0.50 sec =   31.4541 Mbps     0 retrans     13 KB-cwnd
[2024-11-07T17:45:28.035020-0500]     2.6875 MB /   0.50 sec =   45.0916 Mbps     0 retrans     13 KB-cwnd
[2024-11-07T17:45:28.535155-0500]     0.1250 MB /   0.50 sec =    2.0971 Mbps     0 retrans     13 KB-cwnd
[2024-11-07T17:45:29.035030-0500]     0.0625 MB /   0.50 sec =    1.0485 Mbps     0 retrans     13 KB-cwnd
[2024-11-07T17:45:29.535055-0500]     0.0000 MB /   0.50 sec =    0.0000 Mbps     0 retrans     13 KB-cwnd
[2024-11-07T17:45:30.035018-0500]     1.3125 MB /   0.50 sec =   22.0224 Mbps     0 retrans     13 KB-cwnd
[2024-11-07T17:45:30.535055-0500]     0.5000 MB /   0.50 sec =    8.3880 Mbps     0 retrans     13 KB-cwnd
[2024-11-07T17:45:31.034939-0500]     1.8125 MB /   0.50 sec =   30.4129 Mbps     0 retrans     13 KB-cwnd
[2024-11-07T17:45:31.535071-0500]     3.1875 MB /   0.50 sec =   53.4692 Mbps     0 retrans     13 KB-cwnd
[2024-11-07T17:45:32.035004-0500]     5.1250 MB /   0.50 sec =   85.9925 Mbps     0 retrans     13 KB-cwnd
[2024-11-07T17:45:32.534998-0500]     6.8750 MB /   0.50 sec =  115.3445 Mbps     0 retrans     13 KB-cwnd
[2024-11-07T17:45:33.034988-0500]     6.8750 MB /   0.50 sec =  115.3378 Mbps     0 retrans     13 KB-cwnd
[2024-11-07T17:45:33.535044-0500]     8.1875 MB /   0.50 sec =  137.3637 Mbps     0 retrans     13 KB-cwnd
[2024-11-07T17:45:34.034918-0500]    11.2500 MB /   0.50 sec =  188.7648 Mbps     0 retrans     13 KB-cwnd
[2024-11-07T17:45:34.535028-0500]    13.9375 MB /   0.50 sec =  233.8086 Mbps     0 retrans     13 KB-cwnd
[2024-11-07T17:45:35.034943-0500]    15.6875 MB /   0.50 sec =  263.2121 Mbps     0 retrans     13 KB-cwnd
[2024-11-07T17:45:35.534999-0500]    17.9375 MB /   0.50 sec =  300.9299 Mbps     0 retrans     13 KB-cwnd
[2024-11-07T17:45:36.034998-0500]    22.1875 MB /   0.50 sec =  372.2445 Mbps     0 retrans     13 KB-cwnd
[2024-11-07T17:45:36.535143-0500]    19.2500 MB /   0.50 sec =  322.9491 Mbps     0 retrans     13 KB-cwnd
[2024-11-07T17:45:37.034975-0500]    19.8750 MB /   0.50 sec =  333.4592 Mbps     0 retrans     22 KB-cwnd
[2024-11-07T17:45:37.535038-0500]    16.5625 MB /   0.50 sec =  277.8571 Mbps     0 retrans     25 KB-cwnd
[2024-11-07T17:45:38.035042-0500]    11.6875 MB /   0.50 sec =  196.0868 Mbps     0 retrans     26 KB-cwnd
[2024-11-07T17:45:38.535014-0500]    21.6250 MB /   0.50 sec =  362.8153 Mbps     0 retrans     26 KB-cwnd
[2024-11-07T17:45:39.035010-0500]    18.6875 MB /   0.50 sec =  313.5267 Mbps     0 retrans     26 KB-cwnd
[2024-11-07T17:45:39.534990-0500]    17.1875 MB /   0.50 sec =  288.3624 Mbps     0 retrans     26 KB-cwnd
[2024-11-07T17:45:40.035004-0500]    17.7500 MB /   0.50 sec =  297.7938 Mbps     0 retrans     29 KB-cwnd
[2024-11-07T17:45:40.535035-0500]    15.5625 MB /   0.50 sec =  261.0918 Mbps     0 retrans     29 KB-cwnd
[2024-11-07T17:45:41.035002-0500]    11.1875 MB /   0.50 sec =  187.6992 Mbps     0 retrans     29 KB-cwnd
[2024-11-07T17:45:41.535021-0500]     8.3125 MB /   0.50 sec =  139.4578 Mbps     0 retrans     38 KB-cwnd
[2024-11-07T17:45:42.035054-0500]     6.8125 MB /   0.50 sec =  114.2792 Mbps     0 retrans     38 KB-cwnd
[2024-11-07T17:45:42.535016-0500]     6.9375 MB /   0.50 sec =  116.4085 Mbps     0 retrans     40 KB-cwnd
[2024-11-07T17:45:43.035119-0500]     8.6250 MB /   0.50 sec =  144.7055 Mbps     0 retrans     45 KB-cwnd
[2024-11-07T17:45:43.535046-0500]     8.8125 MB /   0.50 sec =  147.8433 Mbps     0 retrans     45 KB-cwnd
[2024-11-07T17:45:44.035013-0500]     6.5625 MB /   0.50 sec =  110.1033 Mbps     0 retrans     45 KB-cwnd
[2024-11-07T17:45:44.534991-0500]     4.5625 MB /   0.50 sec =   76.5470 Mbps     0 retrans     47 KB-cwnd
[2024-11-07T17:45:45.034980-0500]     4.8125 MB /   0.50 sec =   80.7408 Mbps     0 retrans     47 KB-cwnd
[2024-11-07T17:45:45.535061-0500]     1.7500 MB /   0.50 sec =   29.3582 Mbps     0 retrans     47 KB-cwnd
[2024-11-07T17:45:46.035042-0500]     2.5625 MB /   0.50 sec =   42.9938 Mbps     0 retrans     47 KB-cwnd
[2024-11-07T17:45:46.535085-0500]     1.3750 MB /   0.50 sec =   23.0659 Mbps     0 retrans     47 KB-cwnd
[2024-11-07T17:45:47.035130-0500]     1.1875 MB /   0.50 sec =   19.9211 Mbps     0 retrans     47 KB-cwnd
[2024-11-07T17:45:47.534992-0500]     2.5625 MB /   0.50 sec =   43.0013 Mbps     0 retrans     47 KB-cwnd
[2024-11-07T17:45:48.035066-0500]     3.6875 MB /   0.50 sec =   61.8591 Mbps     0 retrans     47 KB-cwnd
[2024-11-07T17:45:48.535021-0500]     4.6250 MB /   0.50 sec =   77.6027 Mbps     0 retrans     47 KB-cwnd
[2024-11-07T17:45:49.035213-0500]     3.5625 MB /   0.50 sec =   59.7600 Mbps     0 retrans     47 KB-cwnd
[2024-11-07T17:45:49.535118-0500]     1.5625 MB /   0.50 sec =   26.2140 Mbps     0 retrans     53 KB-cwnd
[2024-11-07T17:45:50.034998-0500]     2.3750 MB /   0.50 sec =   39.8528 Mbps     0 retrans     53 KB-cwnd
[2024-11-07T17:45:50.535012-0500]     3.0000 MB /   0.50 sec =   50.3310 Mbps     0 retrans     53 KB-cwnd
[2024-11-07T17:45:51.034959-0500]     4.5625 MB /   0.50 sec =   76.5500 Mbps     0 retrans     53 KB-cwnd
[2024-11-07T17:45:51.534902-0500]     4.3125 MB /   0.50 sec =   72.3532 Mbps     0 retrans     55 KB-cwnd
[2024-11-07T17:45:52.034998-0500]     5.0625 MB /   0.50 sec =   84.9289 Mbps     0 retrans     55 KB-cwnd
[2024-11-07T17:45:52.535009-0500]     4.0000 MB /   0.50 sec =   67.1095 Mbps     0 retrans     55 KB-cwnd
[2024-11-07T17:45:53.035041-0500]     4.6250 MB /   0.50 sec =   77.5862 Mbps     0 retrans     55 KB-cwnd
[2024-11-07T17:45:53.534997-0500]     5.3750 MB /   0.50 sec =   90.1864 Mbps     0 retrans     55 KB-cwnd
[2024-11-07T17:45:54.035016-0500]     1.9375 MB /   0.50 sec =   32.5047 Mbps     0 retrans     55 KB-cwnd
[2024-11-07T17:45:54.535036-0500]     2.9375 MB /   0.50 sec =   49.2843 Mbps     0 retrans     55 KB-cwnd
[2024-11-07T17:45:55.034977-0500]     2.6875 MB /   0.50 sec =   45.0901 Mbps     0 retrans     57 KB-cwnd
[2024-11-07T17:45:55.535060-0500]     4.6250 MB /   0.50 sec =   77.5904 Mbps     0 retrans     57 KB-cwnd
[2024-11-07T17:45:56.035003-0500]     4.9375 MB /   0.50 sec =   82.8408 Mbps   258 retrans   5221 KB-cwnd
[2024-11-07T17:45:56.535153-0500]     5.2500 MB /   0.50 sec =   88.0804 Mbps     0 retrans   5221 KB-cwnd
[2024-11-07T17:45:57.034922-0500]     7.0625 MB /   0.50 sec =  118.4969 Mbps     0 retrans   5221 KB-cwnd
[2024-11-07T17:45:57.535023-0500]     6.1875 MB /   0.50 sec =  103.7997 Mbps     0 retrans   5221 KB-cwnd
[2024-11-07T17:45:58.034940-0500]     5.6250 MB /   0.50 sec =   94.3773 Mbps     0 retrans   5221 KB-cwnd
[2024-11-07T17:45:58.535001-0500]     3.1250 MB /   0.50 sec =   52.4273 Mbps     0 retrans   5221 KB-cwnd
[2024-11-07T17:45:59.035112-0500]     5.5000 MB /   0.50 sec =   92.2601 Mbps     0 retrans   5221 KB-cwnd
[2024-11-07T17:45:59.535116-0500]     5.5625 MB /   0.50 sec =   93.3205 Mbps     0 retrans   5221 KB-cwnd
[2024-11-07T17:46:00.035043-0500]     3.3750 MB /   0.50 sec =   56.6301 Mbps     0 retrans   5221 KB-cwnd
[2024-11-07T17:46:00.535010-0500]     3.5000 MB /   0.50 sec =   58.7232 Mbps     0 retrans   5221 KB-cwnd
[2024-11-07T17:46:01.035033-0500]     7.4375 MB /   0.50 sec =  124.7741 Mbps     0 retrans   5221 KB-cwnd
[2024-11-07T17:46:01.535022-0500]    10.3125 MB /   0.50 sec =  173.0227 Mbps     0 retrans   5221 KB-cwnd
[2024-11-07T17:46:02.034924-0500]     8.4375 MB /   0.50 sec =  141.5677 Mbps     0 retrans   5221 KB-cwnd
[2024-11-07T17:46:02.535162-0500]     8.5625 MB /   0.50 sec =  143.6449 Mbps     0 retrans   5221 KB-cwnd
[2024-11-07T17:46:03.035074-0500]     7.3750 MB /   0.50 sec =  123.7181 Mbps     0 retrans   5221 KB-cwnd
[2024-11-07T17:46:03.535111-0500]    10.8750 MB /   0.50 sec =  182.4482 Mbps     0 retrans   5221 KB-cwnd
[2024-11-07T17:46:04.035054-0500]    10.6875 MB /   0.50 sec =  179.3147 Mbps     0 retrans   5221 KB-cwnd
[2024-11-07T17:46:04.535118-0500]    11.5625 MB /   0.50 sec =  193.9718 Mbps     0 retrans   5221 KB-cwnd
[2024-11-07T17:46:05.035020-0500]    10.6250 MB /   0.50 sec =  178.2836 Mbps     0 retrans   5221 KB-cwnd
[2024-11-07T17:46:05.535046-0500]    12.5625 MB /   0.50 sec =  210.7612 Mbps     0 retrans   1142 KB-cwnd
[2024-11-07T17:46:06.035024-0500]    11.0625 MB /   0.50 sec =  185.6006 Mbps     0 retrans   1142 KB-cwnd
[2024-11-07T17:46:06.535025-0500]    11.0000 MB /   0.50 sec =  184.5494 Mbps     0 retrans   1142 KB-cwnd
[2024-11-07T17:46:07.034911-0500]    12.8125 MB /   0.50 sec =  214.9757 Mbps     0 retrans   1142 KB-cwnd
[2024-11-07T17:46:07.535061-0500]    13.2500 MB /   0.50 sec =  222.2759 Mbps     0 retrans   1142 KB-cwnd
[2024-11-07T17:46:08.034940-0500]    17.1250 MB /   0.50 sec =  287.3363 Mbps     0 retrans   1142 KB-cwnd
[2024-11-07T17:46:08.535083-0500]    19.2500 MB /   0.50 sec =  322.9285 Mbps     0 retrans   3114 KB-cwnd
[2024-11-07T17:46:09.035075-0500]    19.0625 MB /   0.50 sec =  319.8003 Mbps     0 retrans   3114 KB-cwnd
[2024-11-07T17:46:09.535018-0500]    22.7500 MB /   0.50 sec =  381.7175 Mbps     0 retrans   3114 KB-cwnd
[2024-11-07T17:46:10.034942-0500]    20.8125 MB /   0.50 sec =  349.1912 Mbps     0 retrans   4235 KB-cwnd
[2024-11-07T17:46:10.535229-0500]    14.5000 MB /   0.50 sec =  243.2487 Mbps     0 retrans   4235 KB-cwnd
[2024-11-07T17:46:11.034957-0500]    17.3750 MB /   0.50 sec =  291.5275 Mbps     0 retrans   4235 KB-cwnd
[2024-11-07T17:46:11.535222-0500]    16.5625 MB /   0.50 sec =  277.8621 Mbps     0 retrans   4235 KB-cwnd
[2024-11-07T17:46:12.034980-0500]    16.8125 MB /   0.50 sec =  282.0726 Mbps     0 retrans   6369 KB-cwnd
[2024-11-07T17:46:12.534953-0500]    14.8125 MB /   0.50 sec =  248.5061 Mbps     0 retrans   6369 KB-cwnd
[2024-11-07T17:46:13.034935-0500]    14.7500 MB /   0.50 sec =  247.4837 Mbps     0 retrans   6404 KB-cwnd
[2024-11-07T17:46:13.534922-0500]    15.0625 MB /   0.50 sec =  252.7058 Mbps     0 retrans   6404 KB-cwnd
[2024-11-07T17:46:14.034993-0500]    12.3750 MB /   0.50 sec =  207.5940 Mbps     0 retrans   6404 KB-cwnd
[2024-11-07T17:46:14.535136-0500]     5.4375 MB /   0.50 sec =   91.2148 Mbps     0 retrans   6404 KB-cwnd
[2024-11-07T17:46:15.034966-0500]     5.6250 MB /   0.50 sec =   94.3902 Mbps     0 retrans   6404 KB-cwnd
[2024-11-07T17:46:15.535044-0500]     8.3125 MB /   0.50 sec =  139.4556 Mbps     0 retrans   5517 KB-cwnd
[2024-11-07T17:46:16.035024-0500]     8.6875 MB /   0.50 sec =  145.7550 Mbps     0 retrans   5517 KB-cwnd
[2024-11-07T17:46:16.534992-0500]     7.4375 MB /   0.50 sec =  124.7823 Mbps     0 retrans   5517 KB-cwnd
[2024-11-07T17:46:17.035032-0500]     7.6875 MB /   0.50 sec =  128.9676 Mbps     0 retrans   5517 KB-cwnd
[2024-11-07T17:46:17.535030-0500]     7.0625 MB /   0.50 sec =  118.4924 Mbps     0 retrans   5517 KB-cwnd
[2024-11-07T17:46:18.035000-0500]     4.6250 MB /   0.50 sec =   77.5873 Mbps     0 retrans   5517 KB-cwnd
[2024-11-07T17:46:18.535026-0500]     2.8750 MB /   0.50 sec =   48.2389 Mbps     0 retrans   5517 KB-cwnd
[2024-11-07T17:46:19.035004-0500]     1.0625 MB /   0.50 sec =   17.8263 Mbps     0 retrans   5517 KB-cwnd
[2024-11-07T17:46:19.534997-0500]     0.9375 MB /   0.50 sec =   15.7285 Mbps     0 retrans   5517 KB-cwnd
[2024-11-07T17:46:20.035022-0500]     0.6875 MB /   0.50 sec =   11.5339 Mbps     0 retrans   5517 KB-cwnd
[2024-11-07T17:46:20.535122-0500]     0.8750 MB /   0.50 sec =   14.6809 Mbps     0 retrans   5517 KB-cwnd
[2024-11-07T17:46:21.034972-0500]     1.3750 MB /   0.50 sec =   23.0688 Mbps     0 retrans   5517 KB-cwnd
[2024-11-07T17:46:21.535036-0500]     3.2500 MB /   0.50 sec =   54.5206 Mbps     0 retrans   5517 KB-cwnd
[2024-11-07T17:46:22.035003-0500]     2.8750 MB /   0.50 sec =   48.2376 Mbps     0 retrans   5517 KB-cwnd
[2024-11-07T17:46:22.534992-0500]     3.0000 MB /   0.50 sec =   50.3325 Mbps     0 retrans   5517 KB-cwnd
[2024-11-07T17:46:23.034942-0500]     2.9375 MB /   0.50 sec =   49.2849 Mbps     0 retrans   5517 KB-cwnd
[2024-11-07T17:46:23.534929-0500]     3.8750 MB /   0.50 sec =   65.0126 Mbps     0 retrans   5517 KB-cwnd
[2024-11-07T17:46:24.034995-0500]     4.8750 MB /   0.50 sec =   81.7857 Mbps     0 retrans   5517 KB-cwnd
[2024-11-07T17:46:24.535003-0500]     5.1875 MB /   0.50 sec =   87.0273 Mbps     0 retrans   5477 KB-cwnd
[2024-11-07T17:46:25.034979-0500]     3.1250 MB /   0.50 sec =   52.4287 Mbps     0 retrans   5477 KB-cwnd
[2024-11-07T17:46:25.535102-0500]     4.5000 MB /   0.50 sec =   75.4901 Mbps     0 retrans   5477 KB-cwnd
[2024-11-07T17:46:26.035014-0500]     4.8750 MB /   0.50 sec =   81.8001 Mbps     0 retrans   5477 KB-cwnd
[2024-11-07T17:46:26.535205-0500]     7.1875 MB /   0.50 sec =  120.5684 Mbps     0 retrans   5477 KB-cwnd
[2024-11-07T17:46:27.035023-0500]     9.4375 MB /   0.50 sec =  158.3556 Mbps     0 retrans   5477 KB-cwnd
[2024-11-07T17:46:27.535076-0500]     9.5000 MB /   0.50 sec =  159.3695 Mbps     0 retrans   5477 KB-cwnd
[2024-11-07T17:46:28.035004-0500]    13.6875 MB /   0.50 sec =  229.6643 Mbps     0 retrans   5477 KB-cwnd
[2024-11-07T17:46:28.534935-0500]     9.2500 MB /   0.50 sec =  155.1902 Mbps     0 retrans   5477 KB-cwnd
[2024-11-07T17:46:29.035100-0500]     3.0000 MB /   0.50 sec =   50.3225 Mbps     0 retrans   5477 KB-cwnd
[2024-11-07T17:46:29.535010-0500]     3.5000 MB /   0.50 sec =   58.7306 Mbps     0 retrans   5477 KB-cwnd
[2024-11-07T17:46:30.035060-0500]     9.6875 MB /   0.50 sec =  162.5114 Mbps     0 retrans   3864 KB-cwnd
[2024-11-07T17:46:30.535076-0500]    12.3750 MB /   0.50 sec =  207.6205 Mbps     0 retrans   3813 KB-cwnd
[2024-11-07T17:46:31.035066-0500]    11.6875 MB /   0.50 sec =  196.0814 Mbps     0 retrans   3813 KB-cwnd
[2024-11-07T17:46:31.535060-0500]    13.1875 MB /   0.50 sec =  221.2641 Mbps     0 retrans   3813 KB-cwnd
[2024-11-07T17:46:32.035063-0500]    18.4375 MB /   0.50 sec =  309.3064 Mbps     0 retrans   3837 KB-cwnd
[2024-11-07T17:46:32.535051-0500]    22.0625 MB /   0.50 sec =  370.1710 Mbps     0 retrans   1674 KB-cwnd
[2024-11-07T17:46:33.035063-0500]    21.8125 MB /   0.50 sec =  365.9296 Mbps     0 retrans   1674 KB-cwnd
[2024-11-07T17:46:33.534914-0500]    18.3125 MB /   0.50 sec =  307.2869 Mbps     0 retrans   1674 KB-cwnd
[2024-11-07T17:46:34.035048-0500]    16.3125 MB /   0.50 sec =  273.6477 Mbps     0 retrans   3434 KB-cwnd
[2024-11-07T17:46:34.534970-0500]    14.5625 MB /   0.50 sec =  244.3294 Mbps     0 retrans   3434 KB-cwnd
[2024-11-07T17:46:35.035017-0500]    10.8750 MB /   0.50 sec =  182.4508 Mbps     0 retrans   3434 KB-cwnd
[2024-11-07T17:46:35.535197-0500]     4.1875 MB /   0.50 sec =   70.2431 Mbps     0 retrans   3434 KB-cwnd
[2024-11-07T17:46:36.034989-0500]     3.3750 MB /   0.50 sec =   56.6338 Mbps     0 retrans   3434 KB-cwnd
[2024-11-07T17:46:36.535001-0500]    11.9375 MB /   0.50 sec =  200.2764 Mbps     0 retrans   3434 KB-cwnd
[2024-11-07T17:46:37.034949-0500]     7.0000 MB /   0.50 sec =  117.4445 Mbps     0 retrans   3434 KB-cwnd
[2024-11-07T17:46:37.535028-0500]    12.4375 MB /   0.50 sec =  208.6533 Mbps     0 retrans   3434 KB-cwnd
[2024-11-07T17:46:38.034911-0500]     9.0000 MB /   0.50 sec =  151.0091 Mbps     0 retrans   4240 KB-cwnd
[2024-11-07T17:46:38.534995-0500]     6.1875 MB /   0.50 sec =  103.8065 Mbps     0 retrans   4240 KB-cwnd
[2024-11-07T17:46:39.035035-0500]     6.0625 MB /   0.50 sec =  101.7039 Mbps     0 retrans   4240 KB-cwnd
[2024-11-07T17:46:39.534995-0500]     9.4375 MB /   0.50 sec =  158.3416 Mbps     0 retrans   4240 KB-cwnd
[2024-11-07T17:46:40.034933-0500]     9.5625 MB /   0.50 sec =  160.4382 Mbps     0 retrans   4240 KB-cwnd
[2024-11-07T17:46:40.535087-0500]     8.1875 MB /   0.50 sec =  137.3472 Mbps     0 retrans   4240 KB-cwnd
[2024-11-07T17:46:41.034948-0500]     6.2500 MB /   0.50 sec =  104.8708 Mbps     0 retrans   4240 KB-cwnd
[2024-11-07T17:46:41.535018-0500]     5.6250 MB /   0.50 sec =   94.3671 Mbps     0 retrans   4240 KB-cwnd
[2024-11-07T17:46:42.035054-0500]     5.2500 MB /   0.50 sec =   88.0710 Mbps     0 retrans   4240 KB-cwnd
[2024-11-07T17:46:42.535272-0500]     2.3750 MB /   0.50 sec =   39.8440 Mbps     0 retrans   4240 KB-cwnd
[2024-11-07T17:46:43.034991-0500]     3.4375 MB /   0.50 sec =   57.6807 Mbps     0 retrans   4240 KB-cwnd
[2024-11-07T17:46:43.535008-0500]     5.5000 MB /   0.50 sec =   92.2738 Mbps     0 retrans   4033 KB-cwnd
[2024-11-07T17:46:44.035018-0500]     6.5625 MB /   0.50 sec =  110.0983 Mbps     0 retrans   7412 KB-cwnd
[2024-11-07T17:46:44.535070-0500]     3.3750 MB /   0.50 sec =   56.6188 Mbps     0 retrans   7412 KB-cwnd
[2024-11-07T17:46:45.035071-0500]     1.6875 MB /   0.50 sec =   28.3102 Mbps     0 retrans   7412 KB-cwnd
[2024-11-07T17:46:45.534991-0500]     1.0625 MB /   0.50 sec =   17.8274 Mbps     0 retrans   7412 KB-cwnd
[2024-11-07T17:46:46.035035-0500]     3.0000 MB /   0.50 sec =   50.3328 Mbps     0 retrans   7412 KB-cwnd
[2024-11-07T17:46:46.534999-0500]     2.0000 MB /   0.50 sec =   33.5556 Mbps     0 retrans   7412 KB-cwnd
[2024-11-07T17:46:47.035026-0500]     6.3125 MB /   0.50 sec =  105.9015 Mbps     0 retrans   7412 KB-cwnd
[2024-11-07T17:46:47.535067-0500]     8.3125 MB /   0.50 sec =  139.4617 Mbps     0 retrans   7412 KB-cwnd
[2024-11-07T17:46:48.035003-0500]     8.5625 MB /   0.50 sec =  143.6609 Mbps     0 retrans   7412 KB-cwnd
[2024-11-07T17:46:48.535224-0500]    10.3750 MB /   0.50 sec =  174.0573 Mbps     0 retrans   7412 KB-cwnd
[2024-11-07T17:46:49.034975-0500]    12.3750 MB /   0.50 sec =  207.6276 Mbps     0 retrans   7412 KB-cwnd
[2024-11-07T17:46:49.535060-0500]     8.6250 MB /   0.50 sec =  144.6876 Mbps     0 retrans   4267 KB-cwnd
[2024-11-07T17:46:50.035018-0500]     4.0625 MB /   0.50 sec =   68.1618 Mbps     0 retrans   4267 KB-cwnd
[2024-11-07T17:46:50.535086-0500]     1.4375 MB /   0.50 sec =   24.1142 Mbps     0 retrans   4267 KB-cwnd
[2024-11-07T17:46:51.034947-0500]     0.0000 MB /   0.50 sec =    0.0000 Mbps     0 retrans   4267 KB-cwnd
[2024-11-07T17:46:51.535127-0500]     4.0000 MB /   0.50 sec =   67.0987 Mbps     0 retrans   4267 KB-cwnd
[2024-11-07T17:46:52.035068-0500]     3.8125 MB /   0.50 sec =   63.9643 Mbps     0 retrans   4267 KB-cwnd
[2024-11-07T17:46:52.534963-0500]     4.5625 MB /   0.50 sec =   76.5545 Mbps     0 retrans   4267 KB-cwnd
[2024-11-07T17:46:53.035009-0500]     9.4375 MB /   0.50 sec =  158.3394 Mbps     0 retrans   4267 KB-cwnd
[2024-11-07T17:46:53.535136-0500]     2.9375 MB /   0.50 sec =   49.2826 Mbps     0 retrans   4267 KB-cwnd
[2024-11-07T17:46:54.035023-0500]     5.6250 MB /   0.50 sec =   94.3686 Mbps     0 retrans   4267 KB-cwnd
[2024-11-07T17:46:54.535034-0500]     4.6250 MB /   0.50 sec =   77.5963 Mbps     0 retrans   4267 KB-cwnd
[2024-11-07T17:46:55.035011-0500]     5.8125 MB /   0.50 sec =   97.5170 Mbps     0 retrans   4267 KB-cwnd
[2024-11-07T17:46:55.535086-0500]     6.5000 MB /   0.50 sec =  109.0406 Mbps     0 retrans   4267 KB-cwnd
[2024-11-07T17:46:56.035003-0500]     8.0625 MB /   0.50 sec =  135.2831 Mbps     0 retrans   4283 KB-cwnd
[2024-11-07T17:46:56.534936-0500]     8.6250 MB /   0.50 sec =  144.7087 Mbps     0 retrans   4283 KB-cwnd
[2024-11-07T17:46:57.034962-0500]     4.5000 MB /   0.50 sec =   75.4976 Mbps     0 retrans   1969 KB-cwnd
[2024-11-07T17:46:57.534954-0500]     3.5000 MB /   0.50 sec =   58.7173 Mbps     0 retrans   1969 KB-cwnd
[2024-11-07T17:46:58.035040-0500]    10.1250 MB /   0.50 sec =  169.8659 Mbps     0 retrans   1969 KB-cwnd
[2024-11-07T17:46:58.535076-0500]    14.5625 MB /   0.50 sec =  244.3123 Mbps     0 retrans   1969 KB-cwnd
[2024-11-07T17:46:59.035065-0500]    14.0625 MB /   0.50 sec =  235.9258 Mbps     0 retrans   1969 KB-cwnd
[2024-11-07T17:46:59.535050-0500]     7.6250 MB /   0.50 sec =  127.9283 Mbps     0 retrans   1969 KB-cwnd
[2024-11-07T17:47:00.035054-0500]     4.6875 MB /   0.50 sec =   78.6386 Mbps     0 retrans   1969 KB-cwnd
[2024-11-07T17:47:00.535038-0500]    17.1250 MB /   0.50 sec =  287.3368 Mbps     2 retrans   3571 KB-cwnd
[2024-11-07T17:47:01.035007-0500]    21.8750 MB /   0.50 sec =  367.0082 Mbps     0 retrans   3571 KB-cwnd
[2024-11-07T17:47:01.535057-0500]    21.4375 MB /   0.50 sec =  359.6537 Mbps     0 retrans   3571 KB-cwnd
[2024-11-07T17:47:02.034999-0500]    15.9375 MB /   0.50 sec =  267.3976 Mbps     0 retrans   3571 KB-cwnd
[2024-11-07T17:47:02.534992-0500]     9.0000 MB /   0.50 sec =  150.9937 Mbps     1 retrans   2829 KB-cwnd
[2024-11-07T17:47:03.035122-0500]    16.6250 MB /   0.50 sec =  278.8744 Mbps     0 retrans   2829 KB-cwnd
[2024-11-07T17:47:03.535046-0500]    19.2500 MB /   0.50 sec =  322.9717 Mbps     0 retrans   2829 KB-cwnd
[2024-11-07T17:47:04.034963-0500]     8.7500 MB /   0.50 sec =  146.8221 Mbps     0 retrans   2829 KB-cwnd
[2024-11-07T17:47:04.534954-0500]    26.7500 MB /   0.50 sec =  448.7887 Mbps     0 retrans   6501 KB-cwnd
[2024-11-07T17:47:05.035000-0500]    27.9375 MB /   0.50 sec =  468.6919 Mbps     0 retrans   6436 KB-cwnd
[2024-11-07T17:47:05.534909-0500]     7.5000 MB /   0.50 sec =  125.8415 Mbps     0 retrans   6436 KB-cwnd
[2024-11-07T17:47:06.034932-0500]     6.1875 MB /   0.50 sec =  103.8034 Mbps     0 retrans   6436 KB-cwnd
[2024-11-07T17:47:06.535093-0500]     7.3750 MB /   0.50 sec =  123.7191 Mbps     0 retrans   6436 KB-cwnd
[2024-11-07T17:47:07.034957-0500]    12.4375 MB /   0.50 sec =  208.6904 Mbps     0 retrans   6468 KB-cwnd
[2024-11-07T17:47:07.535033-0500]    19.1875 MB /   0.50 sec =  321.9141 Mbps     0 retrans   4305 KB-cwnd
[2024-11-07T17:47:08.035002-0500]    25.3750 MB /   0.50 sec =  425.7091 Mbps     0 retrans   4305 KB-cwnd
[2024-11-07T17:47:08.535009-0500]    33.6875 MB /   0.50 sec =  565.1802 Mbps     0 retrans   8379 KB-cwnd
[2024-11-07T17:47:09.035029-0500]    32.6250 MB /   0.50 sec =  547.3403 Mbps     0 retrans   8417 KB-cwnd
[2024-11-07T17:47:09.535061-0500]    25.5000 MB /   0.50 sec =  427.8147 Mbps     0 retrans   8417 KB-cwnd
[2024-11-07T17:47:10.034973-0500]    24.8125 MB /   0.50 sec =  416.3130 Mbps     0 retrans   3418 KB-cwnd
[2024-11-07T17:47:10.535479-0500]    28.3750 MB /   0.50 sec =  475.9907 Mbps     0 retrans   3453 KB-cwnd
[2024-11-07T17:47:11.034914-0500]    32.6875 MB /   0.50 sec =  548.5018 Mbps     0 retrans   3528 KB-cwnd
[2024-11-07T17:47:11.535041-0500]    35.5625 MB /   0.50 sec =  596.5896 Mbps     0 retrans   7127 KB-cwnd
[2024-11-07T17:47:12.035027-0500]    34.2500 MB /   0.50 sec =  574.6219 Mbps     0 retrans   7127 KB-cwnd
[2024-11-07T17:47:12.535013-0500]    30.6250 MB /   0.50 sec =  513.8064 Mbps     0 retrans   6871 KB-cwnd
[2024-11-07T17:47:13.034995-0500]    19.6875 MB /   0.50 sec =  330.2803 Mbps     0 retrans   6436 KB-cwnd
[2024-11-07T17:47:13.535159-0500]     7.8125 MB /   0.50 sec =  131.0770 Mbps     0 retrans   6436 KB-cwnd
[2024-11-07T17:47:14.034994-0500]    21.2500 MB /   0.50 sec =  356.5272 Mbps     0 retrans   6157 KB-cwnd
[2024-11-07T17:47:14.535040-0500]    15.1250 MB /   0.50 sec =  253.7523 Mbps     0 retrans   6291 KB-cwnd
[2024-11-07T17:47:15.035010-0500]     8.2500 MB /   0.50 sec =  138.4137 Mbps     0 retrans   6294 KB-cwnd
[2024-11-07T17:47:15.535045-0500]     5.5625 MB /   0.50 sec =   93.3173 Mbps     0 retrans   6294 KB-cwnd
[2024-11-07T17:47:16.034999-0500]    10.6250 MB /   0.50 sec =  178.2697 Mbps     0 retrans   6294 KB-cwnd
[2024-11-07T17:47:16.535045-0500]     3.1875 MB /   0.50 sec =   53.4766 Mbps     0 retrans   6294 KB-cwnd
[2024-11-07T17:47:17.035011-0500]     1.2500 MB /   0.50 sec =   20.9711 Mbps     0 retrans   6380 KB-cwnd
[2024-11-07T17:47:17.535130-0500]     0.3750 MB /   0.50 sec =    6.2908 Mbps     0 retrans   6380 KB-cwnd
[2024-11-07T17:47:18.035100-0500]     0.0000 MB /   0.50 sec =    0.0000 Mbps     0 retrans   6380 KB-cwnd
[2024-11-07T17:47:18.534991-0500]     0.0000 MB /   0.50 sec =    0.0000 Mbps     0 retrans   6380 KB-cwnd
[2024-11-07T17:47:19.035031-0500]     0.0000 MB /   0.50 sec =    0.0000 Mbps     0 retrans   6380 KB-cwnd
[2024-11-07T17:47:19.535082-0500]     6.8125 MB /   0.50 sec =  114.2872 Mbps     0 retrans   6380 KB-cwnd
[2024-11-07T17:47:20.035103-0500]     3.9375 MB /   0.50 sec =   66.0590 Mbps     0 retrans   6380 KB-cwnd
[2024-11-07T17:47:20.535069-0500]     0.0000 MB /   0.50 sec =    0.0000 Mbps     0 retrans   6380 KB-cwnd
[2024-11-07T17:47:21.035020-0500]     8.5625 MB /   0.50 sec =  143.6575 Mbps     0 retrans   6380 KB-cwnd
[2024-11-07T17:47:21.535038-0500]     5.0000 MB /   0.50 sec =   83.8921 Mbps     0 retrans   6380 KB-cwnd
[2024-11-07T17:47:22.035013-0500]     2.6250 MB /   0.50 sec =   44.0404 Mbps     0 retrans   6380 KB-cwnd
[2024-11-07T17:47:22.535010-0500]     2.1875 MB /   0.50 sec =   36.7002 Mbps     0 retrans   6401 KB-cwnd
[2024-11-07T17:47:23.035240-0500]     3.2500 MB /   0.50 sec =   54.5169 Mbps     0 retrans   6476 KB-cwnd
[2024-11-07T17:47:23.535034-0500]     4.9375 MB /   0.50 sec =   82.8508 Mbps     0 retrans   6476 KB-cwnd
[2024-11-07T17:47:24.034963-0500]     4.5625 MB /   0.50 sec =   76.5471 Mbps     0 retrans   6476 KB-cwnd
[2024-11-07T17:47:24.535032-0500]     5.2500 MB /   0.50 sec =   88.0769 Mbps     0 retrans   6476 KB-cwnd
[2024-11-07T17:47:25.035093-0500]     6.8750 MB /   0.50 sec =  115.3364 Mbps     0 retrans   6495 KB-cwnd
[2024-11-07T17:47:25.535074-0500]     3.6250 MB /   0.50 sec =   60.8155 Mbps     0 retrans   6495 KB-cwnd
[2024-11-07T17:47:26.035006-0500]     4.0625 MB /   0.50 sec =   68.1662 Mbps     0 retrans   6495 KB-cwnd
[2024-11-07T17:47:26.534995-0500]     5.5625 MB /   0.50 sec =   93.3236 Mbps     0 retrans   6495 KB-cwnd
[2024-11-07T17:47:27.034928-0500]     6.0625 MB /   0.50 sec =  101.7172 Mbps     0 retrans   6495 KB-cwnd
End time: 1731019647336
