Start time: 1730580217819
[2024-11-02T13:43:38.786443-0700] nuttcp-t: v8.1.4: socket
[2024-11-02T13:43:38.787112-0700] nuttcp-t: buflen=65536, nstream=1, port=5102 tcp -> 54.176.53.206
[2024-11-02T13:43:38.787174-0700] nuttcp-t: time limit = 120.00 seconds
[2024-11-02T13:43:38.787204-0700] nuttcp-t: connect to 54.176.53.206 with mss=1378, RTT=64.363 ms af=inet
[2024-11-02T13:43:38.787234-0700] nuttcp-t: send window size = 2097152, receive window size = 6291456
[2024-11-02T13:43:38.787261-0700] nuttcp-t: available send window = 1572864, available receive window = 4718592
[2024-11-02T13:43:38.787287-0700] nuttcp-t: initial congestion window = 13 KB (10 packets)
[2024-11-02T13:43:38.787313-0700] nuttcp-r: v6.1.2: socket
[2024-11-02T13:43:38.787338-0700] nuttcp-r: buflen=65536, nstream=1, port=5102 tcp
[2024-11-02T13:43:38.787430-0700] nuttcp-r: interval reporting every 0.50 seconds
[2024-11-02T13:43:38.787457-0700] nuttcp-r: accept from 107.115.44.161
[2024-11-02T13:43:38.787490-0700] nuttcp-r: send window size = 450000000, receive window size = 450000000
[2024-11-02T13:43:38.787517-0700] nuttcp-r: available send window = 225000000, available receive window = 225000000
[2024-11-02T13:43:38.787543-0700]     0.7500 MB /   0.50 sec =   12.5819 Mbps     0 retrans    823 KB-cwnd
[2024-11-02T13:43:39.390441-0700]     1.4375 MB /   0.50 sec =   24.1183 Mbps     0 retrans   1651 KB-cwnd
[2024-11-02T13:43:40.036753-0700]     2.2500 MB /   0.50 sec =   37.7490 Mbps     0 retrans   1757 KB-cwnd
[2024-11-02T13:43:40.424630-0700]     2.6250 MB /   0.50 sec =   44.0407 Mbps     0 retrans   2274 KB-cwnd
[2024-11-02T13:43:41.049677-0700]     4.1250 MB /   0.50 sec =   69.2049 Mbps     0 retrans   2274 KB-cwnd
[2024-11-02T13:43:41.434720-0700]     3.8750 MB /   0.50 sec =   65.0125 Mbps     0 retrans   2591 KB-cwnd
[2024-11-02T13:43:41.818287-0700]     3.4375 MB /   0.50 sec =   57.6719 Mbps     0 retrans   2591 KB-cwnd
[2024-11-02T13:43:42.552366-0700]     3.6250 MB /   0.50 sec =   60.8134 Mbps     0 retrans   2591 KB-cwnd
[2024-11-02T13:43:42.945415-0700]     3.6250 MB /   0.50 sec =   60.8198 Mbps     0 retrans   2591 KB-cwnd
[2024-11-02T13:43:43.360399-0700]     3.2500 MB /   0.50 sec =   54.5205 Mbps     0 retrans   2591 KB-cwnd
[2024-11-02T13:43:43.778302-0700]     3.1250 MB /   0.50 sec =   52.4349 Mbps     0 retrans   2591 KB-cwnd
[2024-11-02T13:43:44.635560-0700]     3.1250 MB /   0.50 sec =   52.4149 Mbps     0 retrans   2591 KB-cwnd
[2024-11-02T13:43:45.061999-0700]     3.1250 MB /   0.50 sec =   52.4426 Mbps     0 retrans   2591 KB-cwnd
[2024-11-02T13:43:45.501284-0700]     3.1250 MB /   0.50 sec =   52.4264 Mbps     0 retrans   2591 KB-cwnd
[2024-11-02T13:43:45.905511-0700]     3.0000 MB /   0.50 sec =   50.3333 Mbps     0 retrans   2591 KB-cwnd
[2024-11-02T13:43:46.284818-0700]     3.5625 MB /   0.50 sec =   59.7675 Mbps     0 retrans   2591 KB-cwnd
[2024-11-02T13:43:47.042324-0700]     3.5625 MB /   0.50 sec =   59.7719 Mbps     0 retrans   2591 KB-cwnd
[2024-11-02T13:43:47.436175-0700]     3.4375 MB /   0.50 sec =   57.6705 Mbps     0 retrans   2591 KB-cwnd
[2024-11-02T13:43:47.816434-0700]     3.3750 MB /   0.50 sec =   56.6220 Mbps     0 retrans   2591 KB-cwnd
[2024-11-02T13:43:48.618712-0700]     3.4375 MB /   0.50 sec =   57.6720 Mbps     0 retrans   2591 KB-cwnd
[2024-11-02T13:43:49.066375-0700]     3.1875 MB /   0.50 sec =   53.4774 Mbps     0 retrans   2591 KB-cwnd
[2024-11-02T13:43:49.480486-0700]     3.0000 MB /   0.50 sec =   50.3107 Mbps     0 retrans   2591 KB-cwnd
[2024-11-02T13:43:50.054377-0700]     2.8750 MB /   0.50 sec =   48.2555 Mbps     0 retrans   2696 KB-cwnd
[2024-11-02T13:43:50.565016-0700]     2.4375 MB /   0.50 sec =   40.8948 Mbps     0 retrans   2696 KB-cwnd
[2024-11-02T13:43:51.108328-0700]     2.3750 MB /   0.50 sec =   39.8457 Mbps     0 retrans   2696 KB-cwnd
[2024-11-02T13:43:51.606432-0700]     2.5000 MB /   0.50 sec =   41.9414 Mbps     0 retrans   2696 KB-cwnd
[2024-11-02T13:43:52.100435-0700]     2.7500 MB /   0.50 sec =   46.1321 Mbps     0 retrans   2696 KB-cwnd
[2024-11-02T13:43:52.684649-0700]     2.8750 MB /   0.50 sec =   48.2385 Mbps     0 retrans   2696 KB-cwnd
[2024-11-02T13:43:53.244142-0700]     2.1250 MB /   0.50 sec =   35.6532 Mbps     0 retrans   2696 KB-cwnd
[2024-11-02T13:43:53.755864-0700]     2.2500 MB /   0.50 sec =   37.7498 Mbps     0 retrans   2696 KB-cwnd
[2024-11-02T13:43:53.756082-0700]     2.5625 MB /   0.50 sec =   42.9853 Mbps     0 retrans   2696 KB-cwnd
[2024-11-02T13:43:54.644453-0700]     2.9375 MB /   0.50 sec =   49.2897 Mbps     0 retrans   2696 KB-cwnd
[2024-11-02T13:43:55.124605-0700]     3.0625 MB /   0.50 sec =   51.3756 Mbps     0 retrans   2696 KB-cwnd
[2024-11-02T13:43:55.598391-0700]     2.7500 MB /   0.50 sec =   46.1419 Mbps     0 retrans   2696 KB-cwnd
[2024-11-02T13:43:56.056181-0700]     2.8750 MB /   0.50 sec =   48.2314 Mbps     0 retrans   2696 KB-cwnd
[2024-11-02T13:43:56.499044-0700]     3.0000 MB /   0.50 sec =   50.3336 Mbps     0 retrans   2696 KB-cwnd
[2024-11-02T13:43:56.951977-0700]     2.9375 MB /   0.50 sec =   49.2847 Mbps     0 retrans   2696 KB-cwnd
[2024-11-02T13:43:57.440159-0700]     2.8750 MB /   0.50 sec =   48.2334 Mbps     0 retrans   2696 KB-cwnd
[2024-11-02T13:43:57.956019-0700]     2.5000 MB /   0.50 sec =   41.9433 Mbps     0 retrans   2696 KB-cwnd
[2024-11-02T13:43:58.522459-0700]     2.5625 MB /   0.50 sec =   42.9920 Mbps     0 retrans   2696 KB-cwnd
[2024-11-02T13:43:59.325332-0700]     2.3125 MB /   0.50 sec =   38.7979 Mbps     0 retrans   2696 KB-cwnd
[2024-11-02T13:43:59.326017-0700]     1.5000 MB /   0.50 sec =   25.1657 Mbps     0 retrans   2696 KB-cwnd
[2024-11-02T13:44:00.060054-0700]     1.6250 MB /   0.50 sec =   27.2626 Mbps     0 retrans   2696 KB-cwnd
[2024-11-02T13:44:00.672679-0700]     1.8125 MB /   0.50 sec =   30.4087 Mbps     0 retrans   2696 KB-cwnd
[2024-11-02T13:44:01.177282-0700]     2.3750 MB /   0.50 sec =   39.8457 Mbps     0 retrans   2696 KB-cwnd
[2024-11-02T13:44:01.724288-0700]     2.6250 MB /   0.50 sec =   44.0409 Mbps     0 retrans   2696 KB-cwnd
[2024-11-02T13:44:02.286390-0700]     2.3750 MB /   0.50 sec =   39.8440 Mbps     0 retrans   2696 KB-cwnd
[2024-11-02T13:44:02.286895-0700]     2.3750 MB /   0.50 sec =   39.8460 Mbps     0 retrans   2696 KB-cwnd
[2024-11-02T13:44:02.796232-0700]     2.6250 MB /   0.50 sec =   44.0416 Mbps     0 retrans   2696 KB-cwnd
[2024-11-02T13:44:03.268401-0700]     2.8125 MB /   0.50 sec =   47.1844 Mbps     0 retrans   2696 KB-cwnd
[2024-11-02T13:44:04.221117-0700]     2.7500 MB /   0.50 sec =   46.1383 Mbps     0 retrans   2696 KB-cwnd
[2024-11-02T13:44:04.672439-0700]     2.8750 MB /   0.50 sec =   48.2343 Mbps     0 retrans   2696 KB-cwnd
[2024-11-02T13:44:05.115478-0700]     2.9375 MB /   0.50 sec =   49.2845 Mbps     0 retrans   2696 KB-cwnd
[2024-11-02T13:44:05.560484-0700]     3.0000 MB /   0.50 sec =   50.3304 Mbps     0 retrans   2696 KB-cwnd
[2024-11-02T13:44:06.116250-0700]     2.9375 MB /   0.50 sec =   49.2832 Mbps     0 retrans   2696 KB-cwnd
[2024-11-02T13:44:06.514291-0700]     2.3750 MB /   0.50 sec =   39.8470 Mbps     0 retrans   2696 KB-cwnd
[2024-11-02T13:44:06.942266-0700]     3.3750 MB /   0.50 sec =   56.6219 Mbps     0 retrans   2696 KB-cwnd
[2024-11-02T13:44:07.342162-0700]     3.2500 MB /   0.50 sec =   54.5262 Mbps     0 retrans   2696 KB-cwnd
[2024-11-02T13:44:07.762332-0700]     3.1875 MB /   0.50 sec =   53.4775 Mbps     0 retrans   2696 KB-cwnd
[2024-11-02T13:44:08.688766-0700]     2.8750 MB /   0.50 sec =   48.2341 Mbps     0 retrans   2696 KB-cwnd
[2024-11-02T13:44:09.128676-0700]     2.8750 MB /   0.50 sec =   48.2342 Mbps     0 retrans   2696 KB-cwnd
[2024-11-02T13:44:09.526277-0700]     3.1250 MB /   0.50 sec =   52.4301 Mbps     0 retrans   2696 KB-cwnd
[2024-11-02T13:44:09.942120-0700]     3.3125 MB /   0.50 sec =   55.5730 Mbps     0 retrans   2696 KB-cwnd
[2024-11-02T13:44:10.393312-0700]     3.0000 MB /   0.50 sec =   50.3335 Mbps     0 retrans   2696 KB-cwnd
[2024-11-02T13:44:10.812278-0700]     3.1250 MB /   0.50 sec =   52.4054 Mbps     0 retrans   2696 KB-cwnd
[2024-11-02T13:44:11.705002-0700]     3.1250 MB /   0.50 sec =   52.4501 Mbps     0 retrans   2696 KB-cwnd
[2024-11-02T13:44:12.067341-0700]     3.1250 MB /   0.50 sec =   52.4290 Mbps     0 retrans   2718 KB-cwnd
[2024-11-02T13:44:12.572440-0700]     3.2500 MB /   0.50 sec =   54.5263 Mbps     0 retrans   2718 KB-cwnd
[2024-11-02T13:44:13.012153-0700]     2.6875 MB /   0.50 sec =   45.0878 Mbps     0 retrans   2718 KB-cwnd
[2024-11-02T13:44:13.492390-0700]     2.8750 MB /   0.50 sec =   48.2348 Mbps     0 retrans   2718 KB-cwnd
[2024-11-02T13:44:13.940657-0700]     2.9375 MB /   0.50 sec =   49.2851 Mbps     0 retrans   2718 KB-cwnd
[2024-11-02T13:44:14.424195-0700]     2.6875 MB /   0.50 sec =   45.0870 Mbps     0 retrans   2718 KB-cwnd
[2024-11-02T13:44:14.950400-0700]     2.6875 MB /   0.50 sec =   45.0908 Mbps     0 retrans   2718 KB-cwnd
[2024-11-02T13:44:15.484546-0700]     2.4375 MB /   0.50 sec =   40.8932 Mbps     0 retrans   2718 KB-cwnd
[2024-11-02T13:44:16.028469-0700]     2.5625 MB /   0.50 sec =   42.9926 Mbps     0 retrans   2718 KB-cwnd
[2024-11-02T13:44:16.596216-0700]     2.1875 MB /   0.50 sec =   36.6996 Mbps     0 retrans   2718 KB-cwnd
[2024-11-02T13:44:17.128205-0700]     2.5625 MB /   0.50 sec =   42.9920 Mbps     0 retrans   2718 KB-cwnd
[2024-11-02T13:44:17.612163-0700]     2.5625 MB /   0.50 sec =   42.9914 Mbps     0 retrans   2718 KB-cwnd
[2024-11-02T13:44:18.124835-0700]     2.6250 MB /   0.50 sec =   44.0397 Mbps     0 retrans   2718 KB-cwnd
[2024-11-02T13:44:18.684379-0700]     2.6875 MB /   0.50 sec =   45.0887 Mbps     0 retrans   2718 KB-cwnd
[2024-11-02T13:44:19.188435-0700]     2.3750 MB /   0.50 sec =   39.8460 Mbps     0 retrans   2718 KB-cwnd
[2024-11-02T13:44:19.710395-0700]     2.6250 MB /   0.50 sec =   44.0403 Mbps     0 retrans   2718 KB-cwnd
[2024-11-02T13:44:20.250261-0700]     2.5000 MB /   0.50 sec =   41.9373 Mbps     0 retrans   2718 KB-cwnd
[2024-11-02T13:44:20.763215-0700]     2.5000 MB /   0.50 sec =   41.9490 Mbps     0 retrans   2718 KB-cwnd
[2024-11-02T13:44:20.764015-0700]     2.5625 MB /   0.50 sec =   42.9920 Mbps     0 retrans   2718 KB-cwnd
[2024-11-02T13:44:21.325061-0700]     2.3750 MB /   0.50 sec =   39.8453 Mbps     0 retrans   2718 KB-cwnd
[2024-11-02T13:44:21.850526-0700]     2.5000 MB /   0.50 sec =   41.9430 Mbps     0 retrans   2718 KB-cwnd
[2024-11-02T13:44:22.475240-0700]     2.6250 MB /   0.50 sec =   44.0407 Mbps     0 retrans   3025 KB-cwnd
[2024-11-02T13:44:22.938701-0700]     2.6875 MB /   0.50 sec =   45.0884 Mbps     0 retrans   3096 KB-cwnd
[2024-11-02T13:44:23.456661-0700]     2.8125 MB /   0.50 sec =   47.1864 Mbps     0 retrans   3096 KB-cwnd
[2024-11-02T13:44:23.794406-0700]     3.2500 MB /   0.50 sec =   54.5263 Mbps     0 retrans   3096 KB-cwnd
[2024-11-02T13:44:24.568395-0700]     3.4375 MB /   0.50 sec =   57.6691 Mbps     0 retrans   3096 KB-cwnd
[2024-11-02T13:44:24.974156-0700]     3.3750 MB /   0.50 sec =   56.6240 Mbps     0 retrans   3096 KB-cwnd
[2024-11-02T13:44:25.412341-0700]     3.0625 MB /   0.50 sec =   51.3817 Mbps     0 retrans   3096 KB-cwnd
[2024-11-02T13:44:25.790257-0700]     3.5000 MB /   0.50 sec =   58.7207 Mbps     0 retrans   3096 KB-cwnd
[2024-11-02T13:44:26.284193-0700]     2.8125 MB /   0.50 sec =   47.1842 Mbps     0 retrans   3096 KB-cwnd
[2024-11-02T13:44:26.806850-0700]     2.5000 MB /   0.50 sec =   41.9440 Mbps     0 retrans   3096 KB-cwnd
[2024-11-02T13:44:27.344352-0700]     2.3750 MB /   0.50 sec =   39.8457 Mbps     0 retrans   3096 KB-cwnd
[2024-11-02T13:44:27.868396-0700]     2.5625 MB /   0.50 sec =   42.9900 Mbps     0 retrans   3096 KB-cwnd
[2024-11-02T13:44:28.364558-0700]     2.6875 MB /   0.50 sec =   45.0908 Mbps     0 retrans   3096 KB-cwnd
[2024-11-02T13:44:28.848145-0700]     2.8125 MB /   0.50 sec =   47.1843 Mbps     0 retrans   3096 KB-cwnd
[2024-11-02T13:44:29.348747-0700]     2.5625 MB /   0.50 sec =   42.9930 Mbps     0 retrans   3096 KB-cwnd
[2024-11-02T13:44:29.884535-0700]     2.6250 MB /   0.50 sec =   44.0405 Mbps     0 retrans   3096 KB-cwnd
[2024-11-02T13:44:30.438353-0700]     2.5625 MB /   0.50 sec =   42.9903 Mbps     0 retrans   3096 KB-cwnd
[2024-11-02T13:44:30.914649-0700]     2.6250 MB /   0.50 sec =   44.0404 Mbps     0 retrans   3096 KB-cwnd
[2024-11-02T13:44:31.388473-0700]     2.6250 MB /   0.50 sec =   44.0388 Mbps     0 retrans   3096 KB-cwnd
[2024-11-02T13:44:31.949899-0700]     2.4375 MB /   0.50 sec =   40.8963 Mbps     0 retrans   3096 KB-cwnd
[2024-11-02T13:44:32.475540-0700]     2.5000 MB /   0.50 sec =   41.9425 Mbps     0 retrans   3096 KB-cwnd
[2024-11-02T13:44:33.096095-0700]     2.3750 MB /   0.50 sec =   39.8472 Mbps     0 retrans   3096 KB-cwnd
[2024-11-02T13:44:33.792824-0700]     2.1250 MB /   0.50 sec =   35.6509 Mbps     0 retrans   3096 KB-cwnd
[2024-11-02T13:44:33.793370-0700]     1.9375 MB /   0.50 sec =   32.5059 Mbps     0 retrans   3096 KB-cwnd
[2024-11-02T13:44:34.307989-0700]     2.4375 MB /   0.50 sec =   40.8954 Mbps     0 retrans   3096 KB-cwnd
[2024-11-02T13:44:34.875884-0700]     2.4375 MB /   0.50 sec =   40.8940 Mbps     0 retrans   3096 KB-cwnd
[2024-11-02T13:44:35.561500-0700]     2.0625 MB /   0.50 sec =   34.6029 Mbps     0 retrans   3096 KB-cwnd
[2024-11-02T13:44:36.223479-0700]     1.8750 MB /   0.50 sec =   31.4575 Mbps     0 retrans   3096 KB-cwnd
[2024-11-02T13:44:36.922491-0700]     2.0625 MB /   0.50 sec =   34.4185 Mbps     0 retrans   3096 KB-cwnd
[2024-11-02T13:44:36.923027-0700]     1.8125 MB /   0.50 sec =   30.5723 Mbps     0 retrans   3096 KB-cwnd
[2024-11-02T13:44:38.083530-0700]     1.7500 MB /   0.50 sec =   29.3592 Mbps     1 retrans   3096 KB-cwnd
[2024-11-02T13:44:38.084012-0700]     1.0000 MB /   0.50 sec =   16.7768 Mbps     0 retrans   3096 KB-cwnd
[2024-11-02T13:44:39.425931-0700]     1.1250 MB /   0.50 sec =   18.8754 Mbps     0 retrans   3096 KB-cwnd
[2024-11-02T13:44:39.426418-0700]     0.9375 MB /   0.50 sec =   15.7288 Mbps     0 retrans   3096 KB-cwnd
[2024-11-02T13:44:39.426657-0700]     1.0625 MB /   0.50 sec =   17.8254 Mbps     0 retrans   3096 KB-cwnd
[2024-11-02T13:44:41.457820-0700]     0.6875 MB /   0.50 sec =   11.5345 Mbps    13 retrans   2489 KB-cwnd
[2024-11-02T13:44:41.458187-0700]     0.3750 MB /   0.50 sec =    6.2914 Mbps     0 retrans   2489 KB-cwnd
[2024-11-02T13:44:41.458323-0700]     0.7500 MB /   0.50 sec =   12.5831 Mbps     0 retrans   2489 KB-cwnd
[2024-11-02T13:44:41.458445-0700]     0.8125 MB /   0.50 sec =   13.6310 Mbps     0 retrans   2489 KB-cwnd
[2024-11-02T13:44:42.575152-0700]     0.7500 MB /   0.50 sec =   12.5832 Mbps     5 retrans   1990 KB-cwnd
[2024-11-02T13:44:42.575644-0700]     0.2500 MB /   0.50 sec =    4.1942 Mbps     0 retrans   1990 KB-cwnd
[2024-11-02T13:44:43.749131-0700]     2.4375 MB /   0.50 sec =   40.8962 Mbps     4 retrans   1601 KB-cwnd
[2024-11-02T13:44:43.749721-0700]     1.3750 MB /   0.50 sec =   23.0677 Mbps     0 retrans   1601 KB-cwnd
[2024-11-02T13:44:44.873416-0700]     0.8750 MB /   0.50 sec =   14.6803 Mbps   111 retrans   1295 KB-cwnd
[2024-11-02T13:44:44.874167-0700]     1.3125 MB /   0.50 sec =   21.9773 Mbps     0 retrans   1295 KB-cwnd
[2024-11-02T13:44:44.874500-0700]     0.1250 MB /   0.50 sec =    2.1013 Mbps     0 retrans   1295 KB-cwnd
[2024-11-02T13:44:45.733948-0700]     2.6250 MB /   0.50 sec =   44.0324 Mbps     0 retrans   1299 KB-cwnd
[2024-11-02T13:44:46.587395-0700]     1.6250 MB /   0.50 sec =   27.2519 Mbps     0 retrans   1299 KB-cwnd
[2024-11-02T13:44:46.588018-0700]     1.4375 MB /   0.50 sec =   24.1318 Mbps     0 retrans   1299 KB-cwnd
[2024-11-02T13:44:47.255216-0700]     1.6875 MB /   0.50 sec =   28.3101 Mbps     0 retrans   1299 KB-cwnd
[2024-11-02T13:44:47.631921-0700]     2.2500 MB /   0.50 sec =   37.7502 Mbps     0 retrans   1299 KB-cwnd
[2024-11-02T13:44:47.990879-0700]     3.5625 MB /   0.50 sec =   59.7682 Mbps     0 retrans   1299 KB-cwnd
[2024-11-02T13:44:48.363083-0700]     3.6250 MB /   0.50 sec =   60.8172 Mbps     0 retrans   1299 KB-cwnd
[2024-11-02T13:44:48.769867-0700]     3.3750 MB /   0.50 sec =   56.6232 Mbps     0 retrans   1299 KB-cwnd
[2024-11-02T13:44:49.592336-0700]     3.3750 MB /   0.50 sec =   56.6224 Mbps     0 retrans   1299 KB-cwnd
[2024-11-02T13:44:50.000919-0700]     3.0625 MB /   0.50 sec =   51.3821 Mbps     0 retrans   1299 KB-cwnd
[2024-11-02T13:44:50.432933-0700]     3.2500 MB /   0.50 sec =   54.5237 Mbps     0 retrans   1299 KB-cwnd
[2024-11-02T13:44:50.910756-0700]     2.8750 MB /   0.50 sec =   48.2361 Mbps     0 retrans   1299 KB-cwnd
[2024-11-02T13:44:51.384733-0700]     2.8125 MB /   0.50 sec =   47.1853 Mbps     0 retrans   1299 KB-cwnd
[2024-11-02T13:44:51.809861-0700]     3.1250 MB /   0.50 sec =   52.4298 Mbps     0 retrans   1299 KB-cwnd
[2024-11-02T13:44:52.273450-0700]     2.8750 MB /   0.50 sec =   48.2334 Mbps     0 retrans   1299 KB-cwnd
[2024-11-02T13:44:53.141874-0700]     2.7500 MB /   0.50 sec =   46.1373 Mbps     0 retrans   1299 KB-cwnd
[2024-11-02T13:44:53.519382-0700]     3.3125 MB /   0.50 sec =   55.5736 Mbps     0 retrans   1299 KB-cwnd
[2024-11-02T13:44:53.944857-0700]     3.5625 MB /   0.50 sec =   59.7700 Mbps     0 retrans   1299 KB-cwnd
[2024-11-02T13:44:54.347192-0700]     3.1875 MB /   0.50 sec =   53.4767 Mbps     0 retrans   1299 KB-cwnd
[2024-11-02T13:44:55.190155-0700]     3.3125 MB /   0.50 sec =   55.5750 Mbps     0 retrans   1415 KB-cwnd
[2024-11-02T13:44:55.637751-0700]     3.0000 MB /   0.50 sec =   50.2244 Mbps     0 retrans   1415 KB-cwnd
[2024-11-02T13:44:56.017024-0700]     3.3125 MB /   0.50 sec =   55.6940 Mbps     0 retrans   1415 KB-cwnd
[2024-11-02T13:44:56.373172-0700]     3.5000 MB /   0.50 sec =   58.7200 Mbps     0 retrans   1415 KB-cwnd
[2024-11-02T13:44:57.099249-0700]     3.5625 MB /   0.50 sec =   59.7686 Mbps     0 retrans   1415 KB-cwnd
[2024-11-02T13:44:57.482978-0700]     3.7500 MB /   0.50 sec =   62.9148 Mbps     0 retrans   1415 KB-cwnd
[2024-11-02T13:44:57.942840-0700]     3.2500 MB /   0.50 sec =   54.5254 Mbps     0 retrans   1415 KB-cwnd
[2024-11-02T13:44:58.471171-0700]     2.5625 MB /   0.50 sec =   42.9923 Mbps     0 retrans   1415 KB-cwnd
[2024-11-02T13:44:59.063160-0700]     2.1250 MB /   0.50 sec =   35.6516 Mbps     0 retrans   1415 KB-cwnd
[2024-11-02T13:44:59.445069-0700]     2.9375 MB /   0.50 sec =   49.2830 Mbps     0 retrans   1415 KB-cwnd
[2024-11-02T13:44:59.830838-0700]     3.3750 MB /   0.50 sec =   56.6227 Mbps     0 retrans   1415 KB-cwnd
[2024-11-02T13:45:00.645101-0700]     3.3750 MB /   0.50 sec =   56.6238 Mbps     0 retrans   1415 KB-cwnd
[2024-11-02T13:45:00.962734-0700]     3.3750 MB /   0.50 sec =   56.6222 Mbps     0 retrans   1415 KB-cwnd
[2024-11-02T13:45:01.264684-0700]     4.3125 MB /   0.50 sec =   72.3490 Mbps     0 retrans   1415 KB-cwnd
[2024-11-02T13:45:01.890868-0700]     3.7500 MB /   0.50 sec =   62.9141 Mbps     0 retrans   1446 KB-cwnd
[2024-11-02T13:45:02.334871-0700]     3.9375 MB /   0.50 sec =   66.0382 Mbps     0 retrans   1446 KB-cwnd
[2024-11-02T13:45:02.905313-0700]     2.5625 MB /   0.50 sec =   43.0026 Mbps     0 retrans   1446 KB-cwnd
[2024-11-02T13:45:03.974202-0700]     1.8750 MB /   0.50 sec =   31.4617 Mbps    10 retrans   1178 KB-cwnd
[2024-11-02T13:45:03.974683-0700]     0.8750 MB /   0.50 sec =   14.6799 Mbps     0 retrans   1178 KB-cwnd
[2024-11-02T13:45:04.972131-0700]     1.1250 MB /   0.50 sec =   18.8549 Mbps     0 retrans   1178 KB-cwnd
[2024-11-02T13:45:04.972366-0700]     1.4375 MB /   0.50 sec =   24.1401 Mbps     0 retrans   1178 KB-cwnd
[2024-11-02T13:45:05.815138-0700]     1.3750 MB /   0.50 sec =   23.0702 Mbps     0 retrans   1178 KB-cwnd
[2024-11-02T13:45:05.815674-0700]     1.5625 MB /   0.50 sec =   26.2150 Mbps     0 retrans   1178 KB-cwnd
[2024-11-02T13:45:07.059321-0700]     1.2500 MB /   0.50 sec =   20.9716 Mbps     0 retrans   1178 KB-cwnd
[2024-11-02T13:45:07.059888-0700]     0.8750 MB /   0.50 sec =   14.6802 Mbps     0 retrans   1178 KB-cwnd
[2024-11-02T13:45:08.034958-0700]     1.3125 MB /   0.50 sec =   22.0197 Mbps     0 retrans   1178 KB-cwnd
[2024-11-02T13:45:08.035315-0700]     1.3125 MB /   0.50 sec =   22.0201 Mbps     0 retrans   1178 KB-cwnd
[2024-11-02T13:45:09.340953-0700]     1.4375 MB /   0.50 sec =   24.1144 Mbps    22 retrans    450 KB-cwnd
[2024-11-02T13:45:09.341107-0700]     1.1875 MB /   0.50 sec =   19.9252 Mbps     0 retrans    450 KB-cwnd
[2024-11-02T13:45:09.341162-0700]     0.5625 MB /   0.50 sec =    9.4372 Mbps     0 retrans    450 KB-cwnd
[2024-11-02T13:45:09.999171-0700]     2.5000 MB /   0.50 sec =   41.9424 Mbps     0 retrans    804 KB-cwnd
[2024-11-02T13:45:11.203862-0700]     1.6875 MB /   0.50 sec =   28.3118 Mbps     1 retrans    663 KB-cwnd
[2024-11-02T13:45:11.204523-0700]     1.1250 MB /   0.50 sec =   18.8746 Mbps     0 retrans    663 KB-cwnd
[2024-11-02T13:45:12.783863-0700]     0.8125 MB /   0.50 sec =   13.6315 Mbps    16 retrans    571 KB-cwnd
[2024-11-02T13:45:12.784424-0700]     0.9375 MB /   0.50 sec =   15.7282 Mbps     0 retrans    571 KB-cwnd
[2024-11-02T13:45:12.784703-0700]     0.8750 MB /   0.50 sec =   14.6805 Mbps     0 retrans    571 KB-cwnd
[2024-11-02T13:45:12.784925-0700]     0.3125 MB /   0.50 sec =    5.2421 Mbps     0 retrans    571 KB-cwnd
[2024-11-02T13:45:13.900706-0700]     1.5000 MB /   0.50 sec =   25.1694 Mbps     0 retrans    632 KB-cwnd
[2024-11-02T13:45:13.900866-0700]     1.3125 MB /   0.50 sec =   22.0202 Mbps     0 retrans    632 KB-cwnd
[2024-11-02T13:45:15.103185-0700]     1.1875 MB /   0.50 sec =   19.9222 Mbps     0 retrans    636 KB-cwnd
[2024-11-02T13:45:15.103693-0700]     1.0625 MB /   0.50 sec =   17.8262 Mbps     0 retrans    636 KB-cwnd
[2024-11-02T13:45:16.513187-0700]     1.1250 MB /   0.50 sec =   18.8746 Mbps     0 retrans    636 KB-cwnd
[2024-11-02T13:45:16.513730-0700]     1.0000 MB /   0.50 sec =   16.7774 Mbps     0 retrans    636 KB-cwnd
[2024-11-02T13:45:16.513960-0700]     0.9375 MB /   0.50 sec =   15.7283 Mbps     0 retrans    636 KB-cwnd
[2024-11-02T13:45:18.569218-0700]     0.8125 MB /   0.50 sec =   13.6316 Mbps     0 retrans    637 KB-cwnd
[2024-11-02T13:45:18.569820-0700]     0.5000 MB /   0.50 sec =    8.3886 Mbps     0 retrans    637 KB-cwnd
[2024-11-02T13:45:18.570071-0700]     0.8125 MB /   0.50 sec =   13.6315 Mbps     0 retrans    637 KB-cwnd
[2024-11-02T13:45:18.570283-0700]     0.5625 MB /   0.50 sec =    9.4369 Mbps     0 retrans    637 KB-cwnd
[2024-11-02T13:45:21.086355-0700]     0.6875 MB /   0.50 sec =   11.5344 Mbps     0 retrans    637 KB-cwnd
[2024-11-02T13:45:21.086867-0700]     0.5000 MB /   0.50 sec =    8.3887 Mbps     0 retrans    637 KB-cwnd
[2024-11-02T13:45:21.087117-0700]     0.4375 MB /   0.50 sec =    7.3399 Mbps     0 retrans    637 KB-cwnd
[2024-11-02T13:45:21.087263-0700]     0.4375 MB /   0.50 sec =    7.3403 Mbps     0 retrans    637 KB-cwnd
[2024-11-02T13:45:21.087382-0700]     0.6250 MB /   0.50 sec =   10.4857 Mbps     0 retrans    637 KB-cwnd
[2024-11-02T13:45:23.399409-0700]     0.5625 MB /   0.50 sec =    9.4371 Mbps     0 retrans    639 KB-cwnd
[2024-11-02T13:45:23.400077-0700]     0.7500 MB /   0.50 sec =   12.5830 Mbps     0 retrans    639 KB-cwnd
[2024-11-02T13:45:23.400355-0700]     0.6250 MB /   0.50 sec =   10.4856 Mbps     0 retrans    639 KB-cwnd
[2024-11-02T13:45:23.400590-0700]     0.3750 MB /   0.50 sec =    6.2916 Mbps     0 retrans    639 KB-cwnd
[2024-11-02T13:45:23.400805-0700]     0.6250 MB /   0.50 sec =   10.4848 Mbps     0 retrans    639 KB-cwnd
[2024-11-02T13:45:26.423527-0700]     0.4375 MB /   0.50 sec =    7.3405 Mbps     0 retrans    640 KB-cwnd
[2024-11-02T13:45:26.424015-0700]     0.5000 MB /   0.50 sec =    8.3886 Mbps     0 retrans    640 KB-cwnd
[2024-11-02T13:45:26.424260-0700]     0.4375 MB /   0.50 sec =    7.3395 Mbps     0 retrans    640 KB-cwnd
[2024-11-02T13:45:26.424459-0700]     0.3750 MB /   0.50 sec =    6.2919 Mbps     0 retrans    640 KB-cwnd
[2024-11-02T13:45:26.424642-0700]     0.5000 MB /   0.50 sec =    8.3888 Mbps     0 retrans    640 KB-cwnd
[2024-11-02T13:45:26.424842-0700]     0.2500 MB /   0.50 sec =    4.1941 Mbps     0 retrans    640 KB-cwnd
[2024-11-02T13:45:29.151263-0700]     0.6875 MB /   0.50 sec =   11.5349 Mbps     0 retrans    641 KB-cwnd
[2024-11-02T13:45:29.151775-0700]     0.4375 MB /   0.50 sec =    7.3399 Mbps     0 retrans    641 KB-cwnd
[2024-11-02T13:45:29.152032-0700]     0.4375 MB /   0.50 sec =    7.3393 Mbps     0 retrans    641 KB-cwnd
[2024-11-02T13:45:29.152301-0700]     0.5000 MB /   0.50 sec =    8.3896 Mbps     0 retrans    641 KB-cwnd
[2024-11-02T13:45:29.152528-0700]     0.5000 MB /   0.50 sec =    8.3881 Mbps     0 retrans    641 KB-cwnd
[2024-11-02T13:45:30.755185-0700]     0.6875 MB /   0.50 sec =   11.5347 Mbps     0 retrans    641 KB-cwnd
[2024-11-02T13:45:30.755565-0700]     1.1875 MB /   0.50 sec =   19.9235 Mbps     0 retrans    641 KB-cwnd
[2024-11-02T13:45:30.755697-0700]     0.7500 MB /   0.50 sec =   12.5799 Mbps     0 retrans    641 KB-cwnd
[2024-11-02T13:45:33.499031-0700]     0.4375 MB /   0.50 sec =    7.3346 Mbps    11 retrans    589 KB-cwnd
[2024-11-02T13:45:33.499452-0700]     0.2500 MB /   0.50 sec =    4.1981 Mbps     0 retrans    589 KB-cwnd
[2024-11-02T13:45:33.499588-0700]     0.6875 MB /   0.50 sec =   11.5349 Mbps     0 retrans    589 KB-cwnd
[2024-11-02T13:45:33.499702-0700]     0.5625 MB /   0.50 sec =    9.4369 Mbps     0 retrans    589 KB-cwnd
[2024-11-02T13:45:33.499806-0700]     0.5625 MB /   0.50 sec =    9.4373 Mbps     0 retrans    589 KB-cwnd
[2024-11-02T13:45:33.499913-0700]     0.5000 MB /   0.50 sec =    8.3886 Mbps     0 retrans    589 KB-cwnd
[2024-11-02T13:45:35.473574-0700]     0.5000 MB /   0.50 sec =    8.3889 Mbps     0 retrans    617 KB-cwnd
[2024-11-02T13:45:35.474083-0700]     0.6250 MB /   0.50 sec =   10.4831 Mbps     0 retrans    617 KB-cwnd
[2024-11-02T13:45:35.474317-0700]     0.6250 MB /   0.50 sec =   10.4880 Mbps     0 retrans    617 KB-cwnd
[2024-11-02T13:45:35.474516-0700]     0.6250 MB /   0.50 sec =   10.4858 Mbps     0 retrans    617 KB-cwnd
[2024-11-02T13:45:38.228828-0700]     0.5625 MB /   0.50 sec =    9.4373 Mbps     1 retrans    711 KB-cwnd
[2024-11-02T13:45:38.229046-0700]     0.1875 MB /   0.50 sec =    3.1456 Mbps     0 retrans    711 KB-cwnd
[2024-11-02T13:45:38.229098-0700]     0.1875 MB /   0.50 sec =    3.1458 Mbps     0 retrans    711 KB-cwnd
[2024-11-02T13:45:38.229134-0700]     0.1875 MB /   0.50 sec =    3.1456 Mbps     0 retrans    711 KB-cwnd
[2024-11-02T13:45:38.229167-0700]     0.2500 MB /   0.50 sec =    4.1944 Mbps     0 retrans    711 KB-cwnd
[2024-11-02T13:45:38.274675-0700]     0.3750 MB /   0.50 sec =    6.2915 Mbps     0 retrans    711 KB-cwnd
[2024-11-02T13:45:38.763129-0700]     0.5625 MB /   0.50 sec =    9.4373 Mbps     0 retrans    711 KB-cwnd
End time: 1730580338987
