Start time: 1731082086043
[2024-11-08T11:08:06.815205-0500] nuttcp-t: v8.1.4: socket
[2024-11-08T11:08:06.816052-0500] nuttcp-t: buflen=65536, nstream=1, port=5103 tcp -> 54.197.223.49
[2024-11-08T11:08:06.816134-0500] nuttcp-t: time limit = 120.00 seconds
[2024-11-08T11:08:06.816197-0500] nuttcp-t: connect to 54.197.223.49 with mss=1448, RTT=30.402 ms af=inet
[2024-11-08T11:08:06.816255-0500] nuttcp-t: send window size = 1048576, receive window size = 1048576
[2024-11-08T11:08:06.816313-0500] nuttcp-t: available send window = 786432, available receive window = 786432
[2024-11-08T11:08:06.816368-0500] nuttcp-t: initial congestion window = 14 KB (10 packets)
[2024-11-08T11:08:06.816420-0500] nuttcp-r: v8.1.4: socket
[2024-11-08T11:08:06.816476-0500] nuttcp-r: buflen=65536, nstream=1, port=5103 tcp
[2024-11-08T11:08:06.816532-0500] nuttcp-r: interval reporting every 0.50 seconds
[2024-11-08T11:08:06.816586-0500] nuttcp-r: accept from 98.97.21.159 with af=inet
[2024-11-08T11:08:06.816637-0500] nuttcp-r: send window size = 450000000, receive window size = 450000000
[2024-11-08T11:08:06.816690-0500] nuttcp-r: available send window = 225000000, available receive window = 225000000
[2024-11-08T11:08:06.816759-0500]     1.0625 MB /   0.50 sec =   17.8256 Mbps    23 retrans    183 KB-cwnd
[2024-11-08T11:08:07.512340-0500]     1.3750 MB /   0.50 sec =   23.0679 Mbps    44 retrans     77 KB-cwnd
[2024-11-08T11:08:07.851136-0500]     1.0000 MB /   0.50 sec =   16.7773 Mbps     0 retrans     82 KB-cwnd
[2024-11-08T11:08:08.519894-0500]     0.9375 MB /   0.50 sec =   15.7289 Mbps    23 retrans     55 KB-cwnd
[2024-11-08T11:08:08.939866-0500]     0.7500 MB /   0.50 sec =   12.5829 Mbps     0 retrans     60 KB-cwnd
[2024-11-08T11:08:09.363969-0500]     0.6875 MB /   0.50 sec =   11.5345 Mbps     0 retrans     65 KB-cwnd
[2024-11-08T11:08:09.989953-0500]     0.9375 MB /   0.50 sec =   15.7159 Mbps     3 retrans     80 KB-cwnd
[2024-11-08T11:08:10.344592-0500]     0.8750 MB /   0.50 sec =   14.6891 Mbps     1 retrans     67 KB-cwnd
[2024-11-08T11:08:11.127393-0500]     0.7500 MB /   0.50 sec =   12.5841 Mbps     0 retrans     77 KB-cwnd
[2024-11-08T11:08:11.389671-0500]     0.9375 MB /   0.50 sec =   15.7296 Mbps     1 retrans     73 KB-cwnd
[2024-11-08T11:08:12.137301-0500]     0.9375 MB /   0.50 sec =   15.7291 Mbps     1 retrans     72 KB-cwnd
[2024-11-08T11:08:12.480329-0500]     0.6875 MB /   0.50 sec =   11.5342 Mbps     0 retrans     76 KB-cwnd
[2024-11-08T11:08:13.240086-0500]     0.9375 MB /   0.50 sec =   15.7290 Mbps     7 retrans     59 KB-cwnd
[2024-11-08T11:08:13.644619-0500]     0.6875 MB /   0.50 sec =   11.5342 Mbps     0 retrans     65 KB-cwnd
[2024-11-08T11:08:14.147602-0500]     0.7500 MB /   0.50 sec =   12.5828 Mbps    22 retrans     46 KB-cwnd
[2024-11-08T11:08:14.768178-0500]     0.5000 MB /   0.50 sec =    8.3886 Mbps     2 retrans     43 KB-cwnd
[2024-11-08T11:08:15.198980-0500]     0.4375 MB /   0.50 sec =    7.3401 Mbps     3 retrans    113 KB-cwnd
[2024-11-08T11:08:15.459728-0500]     0.9375 MB /   0.50 sec =   15.7285 Mbps     1 retrans     73 KB-cwnd
[2024-11-08T11:08:15.944667-0500]     0.7500 MB /   0.50 sec =   12.5825 Mbps    20 retrans     48 KB-cwnd
[2024-11-08T11:08:16.524731-0500]     0.5625 MB /   0.50 sec =    9.4375 Mbps    17 retrans     33 KB-cwnd
[2024-11-08T11:08:17.110948-0500]     0.4375 MB /   0.50 sec =    7.3396 Mbps     0 retrans     42 KB-cwnd
[2024-11-08T11:08:17.518734-0500]     0.5625 MB /   0.50 sec =    9.4374 Mbps     3 retrans     65 KB-cwnd
[2024-11-08T11:08:17.922655-0500]     0.8750 MB /   0.50 sec =   14.6497 Mbps     4 retrans     43 KB-cwnd
[2024-11-08T11:08:18.382499-0500]     0.5625 MB /   0.50 sec =    9.4546 Mbps     0 retrans     50 KB-cwnd
[2024-11-08T11:08:18.834159-0500]     0.6250 MB /   0.50 sec =   10.4887 Mbps     0 retrans     97 KB-cwnd
[2024-11-08T11:08:19.525050-0500]     1.4375 MB /   0.50 sec =   24.1125 Mbps     6 retrans     84 KB-cwnd
[2024-11-08T11:08:19.864981-0500]     0.9375 MB /   0.50 sec =   15.7304 Mbps    16 retrans     53 KB-cwnd
[2024-11-08T11:08:20.841952-0500]     0.7500 MB /   0.50 sec =   12.5830 Mbps    20 retrans     55 KB-cwnd
[2024-11-08T11:08:20.842513-0500]     0.5625 MB /   0.50 sec =    9.4380 Mbps     0 retrans     55 KB-cwnd
[2024-11-08T11:08:21.429094-0500]     0.5000 MB /   0.50 sec =    8.3887 Mbps     0 retrans     60 KB-cwnd
[2024-11-08T11:08:21.926267-0500]     0.6250 MB /   0.50 sec =   10.4849 Mbps     0 retrans     66 KB-cwnd
[2024-11-08T11:08:22.520430-0500]     0.5625 MB /   0.50 sec =    9.4378 Mbps    16 retrans     48 KB-cwnd
[2024-11-08T11:08:23.114416-0500]     0.5000 MB /   0.50 sec =    8.3884 Mbps     0 retrans     55 KB-cwnd
[2024-11-08T11:08:23.717057-0500]     0.5625 MB /   0.50 sec =    9.4365 Mbps    14 retrans     60 KB-cwnd
[2024-11-08T11:08:24.050471-0500]     0.5625 MB /   0.50 sec =    9.4381 Mbps     0 retrans     65 KB-cwnd
[2024-11-08T11:08:24.417362-0500]     0.7500 MB /   0.50 sec =   12.5820 Mbps     0 retrans     69 KB-cwnd
[2024-11-08T11:08:24.823564-0500]     0.8125 MB /   0.50 sec =   13.6316 Mbps    18 retrans     65 KB-cwnd
[2024-11-08T11:08:25.706772-0500]     0.6875 MB /   0.50 sec =   11.5349 Mbps    26 retrans     46 KB-cwnd
[2024-11-08T11:08:26.195670-0500]     0.6250 MB /   0.50 sec =   10.4855 Mbps     0 retrans     53 KB-cwnd
[2024-11-08T11:08:26.605176-0500]     0.6250 MB /   0.50 sec =   10.4861 Mbps     1 retrans     74 KB-cwnd
[2024-11-08T11:08:27.174668-0500]     0.8125 MB /   0.50 sec =   13.6302 Mbps     8 retrans     49 KB-cwnd
[2024-11-08T11:08:27.658308-0500]     0.4375 MB /   0.50 sec =    7.3402 Mbps     0 retrans     55 KB-cwnd
[2024-11-08T11:08:28.122686-0500]     0.6250 MB /   0.50 sec =   10.4861 Mbps     0 retrans     60 KB-cwnd
[2024-11-08T11:08:28.432015-0500]     0.7500 MB /   0.50 sec =   12.5834 Mbps     4 retrans    125 KB-cwnd
[2024-11-08T11:08:28.855121-0500]     1.2500 MB /   0.50 sec =   20.9714 Mbps     1 retrans    108 KB-cwnd
[2024-11-08T11:08:29.405679-0500]     1.1250 MB /   0.50 sec =   18.8738 Mbps     1 retrans     94 KB-cwnd
[2024-11-08T11:08:29.960203-0500]     1.1250 MB /   0.50 sec =   18.8749 Mbps     0 retrans    101 KB-cwnd
[2024-11-08T11:08:30.427915-0500]     1.1875 MB /   0.50 sec =   19.9180 Mbps     3 retrans     90 KB-cwnd
[2024-11-08T11:08:30.967956-0500]     1.1875 MB /   0.50 sec =   19.9281 Mbps     1 retrans     76 KB-cwnd
[2024-11-08T11:08:31.629968-0500]     0.9375 MB /   0.50 sec =   15.7238 Mbps     0 retrans     84 KB-cwnd
[2024-11-08T11:08:31.934778-0500]     0.9375 MB /   0.50 sec =   15.7333 Mbps     0 retrans     89 KB-cwnd
[2024-11-08T11:08:32.468802-0500]     1.0625 MB /   0.50 sec =   17.8261 Mbps     1 retrans    110 KB-cwnd
[2024-11-08T11:08:32.860774-0500]     0.8750 MB /   0.50 sec =   14.6797 Mbps     1 retrans     91 KB-cwnd
[2024-11-08T11:08:33.622922-0500]     0.7500 MB /   0.50 sec =   12.5068 Mbps     0 retrans     98 KB-cwnd
[2024-11-08T11:08:34.009982-0500]     0.7500 MB /   0.50 sec =   12.6602 Mbps     0 retrans    103 KB-cwnd
[2024-11-08T11:08:34.401809-0500]     0.8125 MB /   0.50 sec =   13.6296 Mbps     1 retrans     94 KB-cwnd
[2024-11-08T11:08:35.162048-0500]     0.8125 MB /   0.50 sec =   13.6327 Mbps     0 retrans    101 KB-cwnd
[2024-11-08T11:08:35.527996-0500]     0.7500 MB /   0.50 sec =   12.5814 Mbps     0 retrans    104 KB-cwnd
[2024-11-08T11:08:35.999229-0500]     1.1250 MB /   0.50 sec =   18.8751 Mbps     1 retrans     98 KB-cwnd
[2024-11-08T11:08:36.471262-0500]     1.2500 MB /   0.50 sec =   20.9741 Mbps     0 retrans    110 KB-cwnd
[2024-11-08T11:08:37.005844-0500]     1.2500 MB /   0.50 sec =   20.9714 Mbps     1 retrans     93 KB-cwnd
[2024-11-08T11:08:37.556377-0500]     1.0625 MB /   0.50 sec =   17.8223 Mbps     0 retrans    100 KB-cwnd
[2024-11-08T11:08:37.818978-0500]     1.1875 MB /   0.50 sec =   19.9270 Mbps     0 retrans    104 KB-cwnd
[2024-11-08T11:08:38.332541-0500]     1.2500 MB /   0.50 sec =   20.9703 Mbps     4 retrans     98 KB-cwnd
[2024-11-08T11:08:38.845152-0500]     1.2500 MB /   0.50 sec =   20.9733 Mbps     0 retrans    108 KB-cwnd
[2024-11-08T11:08:39.533144-0500]     1.2500 MB /   0.50 sec =   20.9704 Mbps     1 retrans    113 KB-cwnd
[2024-11-08T11:08:40.071837-0500]     1.1875 MB /   0.50 sec =   19.9237 Mbps     1 retrans     98 KB-cwnd
[2024-11-08T11:08:40.332770-0500]     1.1250 MB /   0.50 sec =   18.8671 Mbps     0 retrans    103 KB-cwnd
[2024-11-08T11:08:41.096635-0500]     1.3125 MB /   0.50 sec =   22.0280 Mbps     7 retrans     96 KB-cwnd
[2024-11-08T11:08:41.381373-0500]     1.0625 MB /   0.50 sec =   17.8261 Mbps     0 retrans    101 KB-cwnd
[2024-11-08T11:08:41.963497-0500]     1.1875 MB /   0.50 sec =   19.9216 Mbps     4 retrans     96 KB-cwnd
[2024-11-08T11:08:42.319163-0500]     0.7500 MB /   0.50 sec =   12.5837 Mbps     0 retrans    101 KB-cwnd
[2024-11-08T11:08:42.871461-0500]     1.0000 MB /   0.50 sec =   16.7772 Mbps     1 retrans     98 KB-cwnd
[2024-11-08T11:08:43.390842-0500]     1.1875 MB /   0.50 sec =   19.9233 Mbps     0 retrans    108 KB-cwnd
[2024-11-08T11:08:43.896141-0500]     1.2500 MB /   0.50 sec =   20.9690 Mbps     2 retrans    111 KB-cwnd
[2024-11-08T11:08:44.370995-0500]     1.2500 MB /   0.50 sec =   20.9735 Mbps     0 retrans    120 KB-cwnd
[2024-11-08T11:08:45.074769-0500]     1.2500 MB /   0.50 sec =   20.9633 Mbps     2 retrans     98 KB-cwnd
[2024-11-08T11:08:45.351986-0500]     1.2500 MB /   0.50 sec =   20.9773 Mbps     1 retrans     90 KB-cwnd
[2024-11-08T11:08:45.943191-0500]     1.0000 MB /   0.50 sec =   16.7711 Mbps     0 retrans    101 KB-cwnd
[2024-11-08T11:08:46.381172-0500]     1.2500 MB /   0.50 sec =   20.9800 Mbps     2 retrans    142 KB-cwnd
[2024-11-08T11:08:47.032135-0500]     1.5625 MB /   0.50 sec =   26.1876 Mbps     2 retrans    108 KB-cwnd
[2024-11-08T11:08:47.538177-0500]     1.3125 MB /   0.50 sec =   22.0445 Mbps     1 retrans     97 KB-cwnd
[2024-11-08T11:08:47.889099-0500]     0.9375 MB /   0.50 sec =   15.7285 Mbps     0 retrans    110 KB-cwnd
[2024-11-08T11:08:48.492208-0500]     1.0000 MB /   0.50 sec =   16.7753 Mbps     0 retrans    120 KB-cwnd
[2024-11-08T11:08:48.883517-0500]     0.9375 MB /   0.50 sec =   15.7305 Mbps     2 retrans    120 KB-cwnd
[2024-11-08T11:08:49.520217-0500]     1.0625 MB /   0.50 sec =   17.8259 Mbps     1 retrans    111 KB-cwnd
[2024-11-08T11:08:49.868184-0500]     0.8750 MB /   0.50 sec =   14.6792 Mbps     3 retrans     93 KB-cwnd
[2024-11-08T11:08:50.634608-0500]     0.8750 MB /   0.50 sec =   14.6759 Mbps     1 retrans     91 KB-cwnd
[2024-11-08T11:08:50.924620-0500]     0.8750 MB /   0.50 sec =   14.6851 Mbps     0 retrans     97 KB-cwnd
[2024-11-08T11:08:51.486082-0500]     1.0000 MB /   0.50 sec =   16.7763 Mbps     1 retrans     96 KB-cwnd
[2024-11-08T11:08:52.044877-0500]     1.0625 MB /   0.50 sec =   17.8273 Mbps     0 retrans    106 KB-cwnd
[2024-11-08T11:08:52.316704-0500]     1.1875 MB /   0.50 sec =   19.9215 Mbps     0 retrans    142 KB-cwnd
[2024-11-08T11:08:53.079864-0500]     1.2500 MB /   0.50 sec =   20.9713 Mbps     3 retrans    110 KB-cwnd
[2024-11-08T11:08:53.421743-0500]     1.0625 MB /   0.50 sec =   17.8271 Mbps     2 retrans     72 KB-cwnd
[2024-11-08T11:08:53.891093-0500]     0.6875 MB /   0.50 sec =   11.5342 Mbps     0 retrans     79 KB-cwnd
[2024-11-08T11:08:54.338131-0500]     0.6875 MB /   0.50 sec =   11.5288 Mbps     0 retrans     86 KB-cwnd
[2024-11-08T11:08:54.940458-0500]     1.0000 MB /   0.50 sec =   16.7843 Mbps     5 retrans    148 KB-cwnd
[2024-11-08T11:08:55.540490-0500]     1.0625 MB /   0.50 sec =   17.8249 Mbps     1 retrans    128 KB-cwnd
[2024-11-08T11:08:55.837200-0500]     1.0000 MB /   0.50 sec =   16.7792 Mbps     2 retrans    107 KB-cwnd
[2024-11-08T11:08:56.610622-0500]     0.9375 MB /   0.50 sec =   15.7286 Mbps     0 retrans    117 KB-cwnd
[2024-11-08T11:08:57.060885-0500]     0.8125 MB /   0.50 sec =   13.6307 Mbps     2 retrans     89 KB-cwnd
[2024-11-08T11:08:57.398943-0500]     0.6875 MB /   0.50 sec =   11.5344 Mbps     0 retrans     93 KB-cwnd
[2024-11-08T11:08:57.892767-0500]     0.6875 MB /   0.50 sec =   11.5349 Mbps     2 retrans     60 KB-cwnd
[2024-11-08T11:08:58.391841-0500]     0.5625 MB /   0.50 sec =    9.4366 Mbps     0 retrans     67 KB-cwnd
[2024-11-08T11:08:58.823241-0500]     0.6250 MB /   0.50 sec =   10.4862 Mbps     0 retrans     80 KB-cwnd
[2024-11-08T11:08:59.501274-0500]     0.8750 MB /   0.50 sec =   14.6791 Mbps     2 retrans     93 KB-cwnd
[2024-11-08T11:08:59.998191-0500]     0.6875 MB /   0.50 sec =   11.5352 Mbps     0 retrans     98 KB-cwnd
[2024-11-08T11:09:00.401093-0500]     0.6875 MB /   0.50 sec =   11.5329 Mbps     0 retrans    117 KB-cwnd
[2024-11-08T11:09:00.838065-0500]     0.6875 MB /   0.50 sec =   11.5349 Mbps     5 retrans     91 KB-cwnd
[2024-11-08T11:09:01.387211-0500]     0.5625 MB /   0.50 sec =    9.4369 Mbps     1 retrans     76 KB-cwnd
[2024-11-08T11:09:01.981652-0500]     0.5000 MB /   0.50 sec =    8.3888 Mbps     0 retrans     83 KB-cwnd
[2024-11-08T11:09:02.582852-0500]     0.5000 MB /   0.50 sec =    8.3893 Mbps     0 retrans    107 KB-cwnd
[2024-11-08T11:09:03.053866-0500]     0.6250 MB /   0.50 sec =   10.4851 Mbps     3 retrans     59 KB-cwnd
[2024-11-08T11:09:03.579874-0500]     0.5625 MB /   0.50 sec =    9.4378 Mbps     1 retrans     56 KB-cwnd
[2024-11-08T11:09:04.118961-0500]     0.5625 MB /   0.50 sec =    9.4366 Mbps     0 retrans     65 KB-cwnd
[2024-11-08T11:09:04.618175-0500]     0.6250 MB /   0.50 sec =   10.4862 Mbps     0 retrans    117 KB-cwnd
[2024-11-08T11:09:04.927685-0500]     0.6875 MB /   0.50 sec =   11.5339 Mbps     4 retrans     93 KB-cwnd
[2024-11-08T11:09:05.381935-0500]     0.8750 MB /   0.50 sec =   14.6799 Mbps     2 retrans     60 KB-cwnd
[2024-11-08T11:09:06.054144-0500]     0.5000 MB /   0.50 sec =    8.3893 Mbps     0 retrans     69 KB-cwnd
[2024-11-08T11:09:06.697601-0500]     0.5000 MB /   0.50 sec =    8.3886 Mbps     3 retrans     49 KB-cwnd
[2024-11-08T11:09:07.494552-0500]     0.4375 MB /   0.50 sec =    7.3393 Mbps     2 retrans     45 KB-cwnd
[2024-11-08T11:09:07.495210-0500]     0.3125 MB /   0.50 sec =    5.2435 Mbps     0 retrans     45 KB-cwnd
[2024-11-08T11:09:08.236781-0500]     0.3750 MB /   0.50 sec =    6.2911 Mbps     0 retrans     59 KB-cwnd
[2024-11-08T11:09:08.671679-0500]     0.4375 MB /   0.50 sec =    7.3403 Mbps     6 retrans     60 KB-cwnd
[2024-11-08T11:09:09.168298-0500]     0.6250 MB /   0.50 sec =   10.4853 Mbps     0 retrans     69 KB-cwnd
[2024-11-08T11:09:09.724474-0500]     0.6875 MB /   0.50 sec =   11.5345 Mbps     2 retrans     49 KB-cwnd
[2024-11-08T11:09:10.331929-0500]     0.4375 MB /   0.50 sec =    7.3401 Mbps     0 retrans     57 KB-cwnd
[2024-11-08T11:09:10.332277-0500]     0.5000 MB /   0.50 sec =    8.3883 Mbps     0 retrans     57 KB-cwnd
[2024-11-08T11:09:11.042361-0500]     0.4375 MB /   0.50 sec =    7.3400 Mbps     1 retrans     56 KB-cwnd
[2024-11-08T11:09:11.668427-0500]     0.5000 MB /   0.50 sec =    8.3886 Mbps     0 retrans     70 KB-cwnd
[2024-11-08T11:09:12.266037-0500]     0.5000 MB /   0.50 sec =    8.3891 Mbps     4 retrans     94 KB-cwnd
[2024-11-08T11:09:12.708854-0500]     0.5000 MB /   0.50 sec =    8.3883 Mbps     1 retrans     79 KB-cwnd
[2024-11-08T11:09:13.210082-0500]     0.6250 MB /   0.50 sec =   10.4858 Mbps     0 retrans     84 KB-cwnd
[2024-11-08T11:09:13.759285-0500]     0.5625 MB /   0.50 sec =    9.4377 Mbps     3 retrans     55 KB-cwnd
[2024-11-08T11:09:14.408740-0500]     0.5625 MB /   0.50 sec =    9.4362 Mbps     0 retrans     63 KB-cwnd
[2024-11-08T11:09:14.409305-0500]     0.5000 MB /   0.50 sec =    8.3892 Mbps     0 retrans     63 KB-cwnd
[2024-11-08T11:09:14.841762-0500]     0.5625 MB /   0.50 sec =    9.4362 Mbps     2 retrans     97 KB-cwnd
[2024-11-08T11:09:15.537348-0500]     1.0000 MB /   0.50 sec =   16.7789 Mbps     4 retrans     74 KB-cwnd
[2024-11-08T11:09:15.944437-0500]     0.6875 MB /   0.50 sec =   11.5349 Mbps     2 retrans     63 KB-cwnd
[2024-11-08T11:09:16.406327-0500]     0.6875 MB /   0.50 sec =   11.5343 Mbps     0 retrans     72 KB-cwnd
[2024-11-08T11:09:17.035297-0500]     0.8750 MB /   0.50 sec =   14.6804 Mbps     3 retrans     90 KB-cwnd
[2024-11-08T11:09:19.915266-0500]     0.5625 MB /   0.50 sec =    9.4370 Mbps    34 retrans    107 KB-cwnd
[2024-11-08T11:09:19.915911-0500]     0.0000 MB /   0.50 sec =    0.0000 Mbps     0 retrans    107 KB-cwnd
[2024-11-08T11:09:19.916064-0500]     0.0000 MB /   0.50 sec =    0.0000 Mbps     0 retrans    107 KB-cwnd
[2024-11-08T11:09:19.916182-0500]     0.0000 MB /   0.50 sec =    0.0000 Mbps     0 retrans    107 KB-cwnd
[2024-11-08T11:09:19.916293-0500]     0.1250 MB /   0.50 sec =    2.0972 Mbps     0 retrans    107 KB-cwnd
[2024-11-08T11:09:19.916402-0500]     0.3125 MB /   0.50 sec =    5.2422 Mbps     0 retrans    107 KB-cwnd
[2024-11-08T11:09:20.719402-0500]     0.3750 MB /   0.50 sec =    6.2922 Mbps     0 retrans    111 KB-cwnd
[2024-11-08T11:09:21.294321-0500]     0.3750 MB /   0.50 sec =    6.2911 Mbps     0 retrans    115 KB-cwnd
[2024-11-08T11:09:22.015664-0500]     0.5000 MB /   0.50 sec =    8.3881 Mbps     0 retrans    125 KB-cwnd
[2024-11-08T11:09:22.016127-0500]     0.4375 MB /   0.50 sec =    7.3406 Mbps     0 retrans    125 KB-cwnd
[2024-11-08T11:09:22.660568-0500]     0.4375 MB /   0.50 sec =    7.3399 Mbps     4 retrans    156 KB-cwnd
[2024-11-08T11:09:23.294933-0500]     0.6250 MB /   0.50 sec =   10.4808 Mbps     2 retrans    135 KB-cwnd
[2024-11-08T11:09:23.800437-0500]     0.4375 MB /   0.50 sec =    7.3435 Mbps     0 retrans    139 KB-cwnd
[2024-11-08T11:09:24.376730-0500]     0.6250 MB /   0.50 sec =   10.4858 Mbps     2 retrans    117 KB-cwnd
[2024-11-08T11:09:24.377008-0500]     0.5625 MB /   0.50 sec =    9.4373 Mbps     0 retrans    117 KB-cwnd
[2024-11-08T11:09:24.999581-0500]     0.5000 MB /   0.50 sec =    8.3882 Mbps     0 retrans    121 KB-cwnd
[2024-11-08T11:09:25.674436-0500]     0.4375 MB /   0.50 sec =    7.3400 Mbps     0 retrans    125 KB-cwnd
[2024-11-08T11:09:26.333165-0500]     0.5000 MB /   0.50 sec =    8.3886 Mbps     0 retrans    132 KB-cwnd
[2024-11-08T11:09:26.333391-0500]     0.5625 MB /   0.50 sec =    9.4371 Mbps     0 retrans    132 KB-cwnd
[2024-11-08T11:09:27.077099-0500]     0.3125 MB /   0.50 sec =    5.2432 Mbps    10 retrans    135 KB-cwnd
[2024-11-08T11:09:27.454074-0500]     1.1250 MB /   0.50 sec =   18.8740 Mbps     4 retrans     76 KB-cwnd
[2024-11-08T11:09:28.173874-0500]     0.9375 MB /   0.50 sec =   15.7283 Mbps     1 retrans     70 KB-cwnd
[2024-11-08T11:09:28.562866-0500]     0.7500 MB /   0.50 sec =   12.5839 Mbps     1 retrans     84 KB-cwnd
[2024-11-08T11:09:28.897252-0500]     0.9375 MB /   0.50 sec =   15.7289 Mbps     1 retrans     79 KB-cwnd
[2024-11-08T11:09:29.542668-0500]     0.8750 MB /   0.50 sec =   14.6783 Mbps     1 retrans     79 KB-cwnd
[2024-11-08T11:09:29.835941-0500]     0.9375 MB /   0.50 sec =   15.7286 Mbps     0 retrans     84 KB-cwnd
[2024-11-08T11:09:30.432427-0500]     1.0000 MB /   0.50 sec =   16.7780 Mbps     2 retrans     91 KB-cwnd
[2024-11-08T11:09:31.086363-0500]     1.1875 MB /   0.50 sec =   19.9243 Mbps     2 retrans     65 KB-cwnd
[2024-11-08T11:09:31.446062-0500]     0.7500 MB /   0.50 sec =   12.5821 Mbps     0 retrans     72 KB-cwnd
[2024-11-08T11:09:32.006894-0500]     0.8125 MB /   0.50 sec =   13.6294 Mbps     3 retrans     89 KB-cwnd
[2024-11-08T11:09:32.564016-0500]     1.2500 MB /   0.50 sec =   20.9757 Mbps     1 retrans     77 KB-cwnd
[2024-11-08T11:09:32.948766-0500]     1.0000 MB /   0.50 sec =   16.7765 Mbps     0 retrans     84 KB-cwnd
[2024-11-08T11:09:33.903199-0500]     0.8750 MB /   0.50 sec =   14.6794 Mbps    13 retrans     52 KB-cwnd
[2024-11-08T11:09:33.903650-0500]     0.5000 MB /   0.50 sec =    8.3873 Mbps     0 retrans     52 KB-cwnd
[2024-11-08T11:09:34.422308-0500]     0.5000 MB /   0.50 sec =    8.3903 Mbps     0 retrans     60 KB-cwnd
[2024-11-08T11:09:34.892109-0500]     1.0625 MB /   0.50 sec =   17.8232 Mbps     5 retrans     94 KB-cwnd
[2024-11-08T11:09:35.528308-0500]     1.1875 MB /   0.50 sec =   19.9256 Mbps     1 retrans     83 KB-cwnd
[2024-11-08T11:09:35.837694-0500]     0.9375 MB /   0.50 sec =   15.7279 Mbps     0 retrans     90 KB-cwnd
[2024-11-08T11:09:36.369772-0500]     1.0625 MB /   0.50 sec =   17.8278 Mbps     1 retrans    101 KB-cwnd
[2024-11-08T11:09:36.951812-0500]     1.0625 MB /   0.50 sec =   17.8257 Mbps     2 retrans     89 KB-cwnd
[2024-11-08T11:09:37.697343-0500]     0.9375 MB /   0.50 sec =   15.7270 Mbps     3 retrans     67 KB-cwnd
[2024-11-08T11:09:38.093294-0500]     0.7500 MB /   0.50 sec =   12.5833 Mbps     1 retrans     90 KB-cwnd
[2024-11-08T11:09:38.373073-0500]     1.0000 MB /   0.50 sec =   16.7769 Mbps     4 retrans     73 KB-cwnd
[2024-11-08T11:09:39.251635-0500]     0.6875 MB /   0.50 sec =   11.5344 Mbps     0 retrans     76 KB-cwnd
[2024-11-08T11:09:39.696913-0500]     0.6875 MB /   0.50 sec =   11.5346 Mbps     8 retrans     77 KB-cwnd
[2024-11-08T11:09:40.088927-0500]     0.7500 MB /   0.50 sec =   12.5827 Mbps     0 retrans     82 KB-cwnd
[2024-11-08T11:09:40.536494-0500]     0.6875 MB /   0.50 sec =   11.5343 Mbps     1 retrans     72 KB-cwnd
[2024-11-08T11:09:41.028328-0500]     0.6875 MB /   0.50 sec =   11.5346 Mbps     0 retrans     83 KB-cwnd
[2024-11-08T11:09:41.483984-0500]     0.6250 MB /   0.50 sec =   10.4854 Mbps     1 retrans     77 KB-cwnd
[2024-11-08T11:09:41.857292-0500]     0.6875 MB /   0.50 sec =   11.5328 Mbps     0 retrans     83 KB-cwnd
[2024-11-08T11:09:42.367051-0500]     0.6875 MB /   0.50 sec =   11.5358 Mbps     0 retrans     90 KB-cwnd
[2024-11-08T11:09:43.346871-0500]     0.5625 MB /   0.50 sec =    9.4346 Mbps     2 retrans     72 KB-cwnd
[2024-11-08T11:09:43.347255-0500]     0.5625 MB /   0.50 sec =    9.4402 Mbps     0 retrans     72 KB-cwnd
[2024-11-08T11:09:44.046897-0500]     0.7500 MB /   0.50 sec =   12.5829 Mbps     5 retrans    110 KB-cwnd
[2024-11-08T11:09:44.371674-0500]     1.0625 MB /   0.50 sec =   17.8218 Mbps     2 retrans     73 KB-cwnd
[2024-11-08T11:09:44.877503-0500]     0.5625 MB /   0.50 sec =    9.4390 Mbps     0 retrans     80 KB-cwnd
[2024-11-08T11:09:45.523065-0500]     0.5000 MB /   0.50 sec =    8.3884 Mbps     2 retrans     57 KB-cwnd
[2024-11-08T11:09:46.367852-0500]     0.3750 MB /   0.50 sec =    6.2920 Mbps    17 retrans     52 KB-cwnd
[2024-11-08T11:09:46.368474-0500]     0.3750 MB /   0.50 sec =    6.2912 Mbps     0 retrans     52 KB-cwnd
[2024-11-08T11:09:46.999688-0500]     0.4375 MB /   0.50 sec =    7.3399 Mbps     2 retrans    125 KB-cwnd
[2024-11-08T11:09:47.443436-0500]     0.6875 MB /   0.50 sec =   11.5343 Mbps     1 retrans    106 KB-cwnd
[2024-11-08T11:09:48.164431-0500]     0.8750 MB /   0.50 sec =   14.6803 Mbps     2 retrans     72 KB-cwnd
[2024-11-08T11:09:48.927137-0500]     0.7500 MB /   0.50 sec =   12.5824 Mbps     4 retrans     38 KB-cwnd
[2024-11-08T11:09:48.927705-0500]     0.3750 MB /   0.50 sec =    6.2917 Mbps     0 retrans     38 KB-cwnd
[2024-11-08T11:09:49.940327-0500]     0.3125 MB /   0.50 sec =    5.2428 Mbps     8 retrans     32 KB-cwnd
[2024-11-08T11:09:49.940816-0500]     0.3125 MB /   0.50 sec =    5.2429 Mbps     0 retrans     32 KB-cwnd
[2024-11-08T11:09:50.851317-0500]     0.2500 MB /   0.50 sec =    4.1942 Mbps     4 retrans    131 KB-cwnd
[2024-11-08T11:09:50.851552-0500]     0.3750 MB /   0.50 sec =    6.2919 Mbps     0 retrans    131 KB-cwnd
[2024-11-08T11:09:51.732002-0500]     0.8750 MB /   0.50 sec =   14.6789 Mbps    12 retrans     55 KB-cwnd
[2024-11-08T11:09:52.399161-0500]     0.5000 MB /   0.50 sec =    8.3894 Mbps     3 retrans     49 KB-cwnd
[2024-11-08T11:09:52.399609-0500]     0.3750 MB /   0.50 sec =    6.2911 Mbps     0 retrans     49 KB-cwnd
[2024-11-08T11:09:52.964765-0500]     0.5000 MB /   0.50 sec =    8.3886 Mbps     0 retrans     84 KB-cwnd
[2024-11-08T11:09:53.464526-0500]     0.6250 MB /   0.50 sec =   10.4859 Mbps    14 retrans     53 KB-cwnd
[2024-11-08T11:09:54.025823-0500]     0.5625 MB /   0.50 sec =    9.4372 Mbps     3 retrans     46 KB-cwnd
[2024-11-08T11:09:54.616533-0500]     0.4375 MB /   0.50 sec =    7.3382 Mbps     0 retrans     56 KB-cwnd
[2024-11-08T11:09:55.380402-0500]     0.4375 MB /   0.50 sec =    7.3418 Mbps     6 retrans     45 KB-cwnd
[2024-11-08T11:09:55.380888-0500]     0.3125 MB /   0.50 sec =    5.2432 Mbps     0 retrans     45 KB-cwnd
[2024-11-08T11:09:55.816614-0500]     0.6875 MB /   0.50 sec =   11.5338 Mbps     5 retrans    103 KB-cwnd
[2024-11-08T11:09:57.326679-0500]     0.6875 MB /   0.50 sec =   11.5344 Mbps     7 retrans     39 KB-cwnd
[2024-11-08T11:09:57.326816-0500]     0.4375 MB /   0.50 sec =    7.3401 Mbps     0 retrans     39 KB-cwnd
[2024-11-08T11:09:57.326849-0500]     0.0625 MB /   0.50 sec =    1.0486 Mbps     0 retrans     39 KB-cwnd
[2024-11-08T11:09:58.301834-0500]     0.3125 MB /   0.50 sec =    5.2432 Mbps     2 retrans     42 KB-cwnd
[2024-11-08T11:09:58.835251-0500]     0.3125 MB /   0.50 sec =    5.2424 Mbps    13 retrans     69 KB-cwnd
[2024-11-08T11:09:58.835426-0500]     0.5625 MB /   0.50 sec =    9.4375 Mbps     0 retrans     69 KB-cwnd
[2024-11-08T11:09:59.451204-0500]     0.5000 MB /   0.50 sec =    8.3883 Mbps     3 retrans     49 KB-cwnd
[2024-11-08T11:10:00.425508-0500]     0.3750 MB /   0.50 sec =    6.2916 Mbps     1 retrans     48 KB-cwnd
[2024-11-08T11:10:00.426126-0500]     0.2500 MB /   0.50 sec =    4.1942 Mbps     0 retrans     48 KB-cwnd
[2024-11-08T11:10:01.411783-0500]     0.3125 MB /   0.50 sec =    5.2422 Mbps     4 retrans    127 KB-cwnd
[2024-11-08T11:10:01.412082-0500]     0.3125 MB /   0.50 sec =    5.2430 Mbps     0 retrans    127 KB-cwnd
[2024-11-08T11:10:01.832849-0500]     0.5625 MB /   0.50 sec =    9.4379 Mbps     7 retrans     65 KB-cwnd
[2024-11-08T11:10:02.522497-0500]     0.5625 MB /   0.50 sec =    9.4376 Mbps     4 retrans     46 KB-cwnd
[2024-11-08T11:10:03.114189-0500]     0.4375 MB /   0.50 sec =    7.3403 Mbps     2 retrans     53 KB-cwnd
[2024-11-08T11:10:04.053916-0500]     0.5000 MB /   0.50 sec =    8.3885 Mbps     8 retrans     25 KB-cwnd
[2024-11-08T11:10:04.054867-0500]     0.2500 MB /   0.50 sec =    4.1940 Mbps     0 retrans     25 KB-cwnd
[2024-11-08T11:10:05.467755-0500]     0.2500 MB /   0.50 sec =    4.1946 Mbps     4 retrans     26 KB-cwnd
[2024-11-08T11:10:05.468128-0500]     0.1875 MB /   0.50 sec =    3.1456 Mbps     0 retrans     26 KB-cwnd
[2024-11-08T11:10:05.468234-0500]     0.1875 MB /   0.50 sec =    3.1460 Mbps     0 retrans     26 KB-cwnd
[2024-11-08T11:10:06.292167-0500]     0.1875 MB /   0.50 sec =    3.1456 Mbps     1 retrans     29 KB-cwnd
[2024-11-08T11:10:06.318851-0500]     0.2500 MB /   0.50 sec =    4.1943 Mbps     0 retrans     31 KB-cwnd
[2024-11-08T11:10:06.819815-0500]     0.2500 MB /   0.50 sec =    4.1943 Mbps     2 retrans     28 KB-cwnd
End time: 1731082207207
