Start time: 1731088575957
[2024-11-08T12:56:16.710770-0500] nuttcp-t: v8.1.4: socket
[2024-11-08T12:56:16.711558-0500] nuttcp-t: buflen=65536, nstream=1, port=5103 tcp -> 54.197.223.49
[2024-11-08T12:56:16.711677-0500] nuttcp-t: time limit = 120.00 seconds
[2024-11-08T12:56:16.711770-0500] nuttcp-t: connect to 54.197.223.49 with mss=1448, RTT=33.510 ms af=inet
[2024-11-08T12:56:16.711855-0500] nuttcp-t: send window size = 1048576, receive window size = 1048576
[2024-11-08T12:56:16.711934-0500] nuttcp-t: available send window = 786432, available receive window = 786432
[2024-11-08T12:56:16.712013-0500] nuttcp-t: initial congestion window = 14 KB (10 packets)
[2024-11-08T12:56:16.712098-0500] nuttcp-r: v8.1.4: socket
[2024-11-08T12:56:16.712176-0500] nuttcp-r: buflen=65536, nstream=1, port=5103 tcp
[2024-11-08T12:56:16.712252-0500] nuttcp-r: interval reporting every 0.50 seconds
[2024-11-08T12:56:16.712332-0500] nuttcp-r: accept from 98.97.21.159 with af=inet
[2024-11-08T12:56:16.712408-0500] nuttcp-r: send window size = 450000000, receive window size = 450000000
[2024-11-08T12:56:16.712504-0500] nuttcp-r: available send window = 225000000, available receive window = 225000000
[2024-11-08T12:56:16.712587-0500]     0.6875 MB /   0.50 sec =   11.5335 Mbps    15 retrans    138 KB-cwnd
[2024-11-08T12:56:17.301438-0500]     0.6875 MB /   0.50 sec =   11.5276 Mbps    16 retrans     43 KB-cwnd
[2024-11-08T12:56:17.877460-0500]     0.4375 MB /   0.50 sec =    7.3447 Mbps     2 retrans     29 KB-cwnd
[2024-11-08T12:56:18.674097-0500]     0.3125 MB /   0.50 sec =    5.2427 Mbps     1 retrans     31 KB-cwnd
[2024-11-08T12:56:19.290131-0500]     0.3125 MB /   0.50 sec =    5.2430 Mbps     3 retrans     32 KB-cwnd
[2024-11-08T12:56:19.290377-0500]     0.3125 MB /   0.50 sec =    5.2428 Mbps     0 retrans     32 KB-cwnd
[2024-11-08T12:56:20.159659-0500]     0.3125 MB /   0.50 sec =    5.2429 Mbps     1 retrans     32 KB-cwnd
[2024-11-08T12:56:21.001129-0500]     0.2500 MB /   0.50 sec =    4.1944 Mbps     2 retrans     36 KB-cwnd
[2024-11-08T12:56:21.001571-0500]     0.2500 MB /   0.50 sec =    4.1942 Mbps     0 retrans     36 KB-cwnd
[2024-11-08T12:56:21.892048-0500]     0.2500 MB /   0.50 sec =    4.1940 Mbps     1 retrans     32 KB-cwnd
[2024-11-08T12:56:21.892562-0500]     0.3125 MB /   0.50 sec =    5.2434 Mbps     0 retrans     32 KB-cwnd
[2024-11-08T12:56:25.128151-0500]     0.1875 MB /   0.50 sec =    3.1452 Mbps    23 retrans     24 KB-cwnd
[2024-11-08T12:56:25.128770-0500]     0.2500 MB /   0.50 sec =    4.1948 Mbps     0 retrans     24 KB-cwnd
[2024-11-08T12:56:25.128918-0500]     0.0625 MB /   0.50 sec =    1.0486 Mbps     0 retrans     24 KB-cwnd
[2024-11-08T12:56:25.129037-0500]     0.0000 MB /   0.50 sec =    0.0000 Mbps     0 retrans     24 KB-cwnd
[2024-11-08T12:56:25.129146-0500]     0.0000 MB /   0.50 sec =    0.0000 Mbps     0 retrans     24 KB-cwnd
[2024-11-08T12:56:25.129252-0500]     0.0000 MB /   0.50 sec =    0.0000 Mbps     0 retrans     24 KB-cwnd
[2024-11-08T12:56:26.853479-0500]     0.0000 MB /   0.50 sec =    0.0000 Mbps     0 retrans     38 KB-cwnd
[2024-11-08T12:56:26.853948-0500]     0.1875 MB /   0.50 sec =    3.1458 Mbps     0 retrans     38 KB-cwnd
[2024-11-08T12:56:26.854098-0500]     0.1250 MB /   0.50 sec =    2.0971 Mbps     0 retrans     38 KB-cwnd
[2024-11-08T12:56:26.854218-0500]     0.1250 MB /   0.50 sec =    2.0971 Mbps     0 retrans     38 KB-cwnd
[2024-11-08T12:56:28.548122-0500]     0.1250 MB /   0.50 sec =    2.0972 Mbps    30 retrans     25 KB-cwnd
[2024-11-08T12:56:28.548621-0500]     0.0625 MB /   0.50 sec =    1.0486 Mbps     0 retrans     25 KB-cwnd
[2024-11-08T12:56:28.548767-0500]     0.1250 MB /   0.50 sec =    2.0972 Mbps     0 retrans     25 KB-cwnd
[2024-11-08T12:56:29.172430-0500]     0.1875 MB /   0.50 sec =    3.1456 Mbps     1 retrans     67 KB-cwnd
[2024-11-08T12:56:29.566407-0500]     0.4375 MB /   0.50 sec =    7.3402 Mbps     1 retrans     56 KB-cwnd
[2024-11-08T12:56:29.990871-0500]     0.5625 MB /   0.50 sec =    9.4374 Mbps     2 retrans     46 KB-cwnd
[2024-11-08T12:56:30.490090-0500]     0.4375 MB /   0.50 sec =    7.3399 Mbps     0 retrans     52 KB-cwnd
[2024-11-08T12:56:31.013562-0500]     0.5000 MB /   0.50 sec =    8.3876 Mbps     1 retrans     45 KB-cwnd
[2024-11-08T12:56:31.509152-0500]     0.4375 MB /   0.50 sec =    7.3409 Mbps     0 retrans     50 KB-cwnd
[2024-11-08T12:56:31.933399-0500]     0.4375 MB /   0.50 sec =    7.3401 Mbps     0 retrans     55 KB-cwnd
[2024-11-08T12:56:32.418896-0500]     0.5000 MB /   0.50 sec =    8.3886 Mbps     1 retrans     49 KB-cwnd
[2024-11-08T12:56:32.859052-0500]     0.5000 MB /   0.50 sec =    8.3875 Mbps     0 retrans     55 KB-cwnd
[2024-11-08T12:56:33.354893-0500]     0.5000 MB /   0.50 sec =    8.3896 Mbps     2 retrans     36 KB-cwnd
[2024-11-08T12:56:33.896878-0500]     0.3750 MB /   0.50 sec =    6.2916 Mbps     0 retrans     43 KB-cwnd
[2024-11-08T12:56:34.292782-0500]     0.4375 MB /   0.50 sec =    7.3400 Mbps     2 retrans    103 KB-cwnd
[2024-11-08T12:56:34.761448-0500]     1.0625 MB /   0.50 sec =   17.8256 Mbps     2 retrans     94 KB-cwnd
[2024-11-08T12:56:35.358133-0500]     0.8750 MB /   0.50 sec =   14.6798 Mbps     5 retrans     63 KB-cwnd
[2024-11-08T12:56:36.032529-0500]     0.6250 MB /   0.50 sec =   10.4862 Mbps     0 retrans     70 KB-cwnd
[2024-11-08T12:56:36.379376-0500]     0.6250 MB /   0.50 sec =   10.4857 Mbps     1 retrans     63 KB-cwnd
[2024-11-08T12:56:36.718452-0500]     0.6250 MB /   0.50 sec =   10.4857 Mbps     0 retrans     67 KB-cwnd
[2024-11-08T12:56:37.545864-0500]     0.6250 MB /   0.50 sec =   10.4858 Mbps     2 retrans     46 KB-cwnd
[2024-11-08T12:56:38.108074-0500]     0.3750 MB /   0.50 sec =    6.2912 Mbps     1 retrans     41 KB-cwnd
[2024-11-08T12:56:38.660713-0500]     0.3750 MB /   0.50 sec =    6.2863 Mbps     2 retrans     36 KB-cwnd
[2024-11-08T12:56:39.357937-0500]     0.4375 MB /   0.50 sec =    7.3460 Mbps     2 retrans     25 KB-cwnd
[2024-11-08T12:56:39.358229-0500]     0.3125 MB /   0.50 sec =    5.2427 Mbps     0 retrans     25 KB-cwnd
[2024-11-08T12:56:40.360389-0500]     0.2500 MB /   0.50 sec =    4.1944 Mbps     4 retrans     21 KB-cwnd
[2024-11-08T12:56:40.360652-0500]     0.1875 MB /   0.50 sec =    3.1454 Mbps     0 retrans     21 KB-cwnd
[2024-11-08T12:56:41.114560-0500]     0.1875 MB /   0.50 sec =    3.1459 Mbps     1 retrans     63 KB-cwnd
[2024-11-08T12:56:41.576338-0500]     0.4375 MB /   0.50 sec =    7.3406 Mbps     4 retrans     53 KB-cwnd
[2024-11-08T12:56:42.111490-0500]     0.5000 MB /   0.50 sec =    8.3885 Mbps     0 retrans     57 KB-cwnd
[2024-11-08T12:56:42.503777-0500]     0.4375 MB /   0.50 sec =    7.3401 Mbps     0 retrans     69 KB-cwnd
[2024-11-08T12:56:42.843773-0500]     0.5625 MB /   0.50 sec =    9.4368 Mbps     3 retrans     89 KB-cwnd
[2024-11-08T12:56:43.215371-0500]     0.6250 MB /   0.50 sec =   10.4863 Mbps     3 retrans     72 KB-cwnd
[2024-11-08T12:56:43.996938-0500]     0.5625 MB /   0.50 sec =    9.4371 Mbps     2 retrans     63 KB-cwnd
[2024-11-08T12:56:44.369630-0500]     0.5625 MB /   0.50 sec =    9.4371 Mbps     0 retrans     67 KB-cwnd
[2024-11-08T12:56:44.743362-0500]     0.5625 MB /   0.50 sec =    9.4370 Mbps     2 retrans     59 KB-cwnd
[2024-11-08T12:56:45.649505-0500]     0.5000 MB /   0.50 sec =    8.3889 Mbps     1 retrans     53 KB-cwnd
[2024-11-08T12:56:46.249854-0500]     0.5000 MB /   0.50 sec =    8.3886 Mbps     4 retrans     46 KB-cwnd
[2024-11-08T12:56:46.250094-0500]     0.3125 MB /   0.50 sec =    5.2428 Mbps     0 retrans     46 KB-cwnd
[2024-11-08T12:56:46.750240-0500]     0.4375 MB /   0.50 sec =    7.3400 Mbps     0 retrans     50 KB-cwnd
[2024-11-08T12:56:47.318527-0500]     0.5000 MB /   0.50 sec =    8.3887 Mbps     2 retrans     79 KB-cwnd
[2024-11-08T12:56:48.110145-0500]     0.6250 MB /   0.50 sec =   10.4859 Mbps     3 retrans     59 KB-cwnd
[2024-11-08T12:56:48.523597-0500]     0.5000 MB /   0.50 sec =    8.3879 Mbps     0 retrans     63 KB-cwnd
[2024-11-08T12:56:48.918881-0500]     0.5625 MB /   0.50 sec =    9.4352 Mbps     0 retrans     69 KB-cwnd
[2024-11-08T12:56:49.396749-0500]     0.5000 MB /   0.50 sec =    8.3909 Mbps     3 retrans     50 KB-cwnd
[2024-11-08T12:56:49.863069-0500]     0.4375 MB /   0.50 sec =    7.3400 Mbps     1 retrans     42 KB-cwnd
[2024-11-08T12:56:50.463896-0500]     0.3750 MB /   0.50 sec =    6.2914 Mbps     0 retrans     49 KB-cwnd
[2024-11-08T12:56:51.152953-0500]     0.4375 MB /   0.50 sec =    7.3402 Mbps     2 retrans     42 KB-cwnd
[2024-11-08T12:56:51.716147-0500]     0.3125 MB /   0.50 sec =    5.2428 Mbps     0 retrans     48 KB-cwnd
[2024-11-08T12:56:51.716826-0500]     0.3750 MB /   0.50 sec =    6.2915 Mbps     0 retrans     48 KB-cwnd
[2024-11-08T12:56:52.221930-0500]     0.4375 MB /   0.50 sec =    7.3401 Mbps     0 retrans     53 KB-cwnd
[2024-11-08T12:56:53.209273-0500]     0.4375 MB /   0.50 sec =    7.3399 Mbps     2 retrans     38 KB-cwnd
[2024-11-08T12:56:53.858832-0500]     0.4375 MB /   0.50 sec =    7.3400 Mbps     0 retrans     45 KB-cwnd
[2024-11-08T12:56:53.859532-0500]     0.3125 MB /   0.50 sec =    5.2431 Mbps     0 retrans     45 KB-cwnd
[2024-11-08T12:56:54.476525-0500]     0.3750 MB /   0.50 sec =    6.2912 Mbps     1 retrans     53 KB-cwnd
[2024-11-08T12:56:54.917294-0500]     0.5000 MB /   0.50 sec =    8.3888 Mbps     0 retrans     59 KB-cwnd
[2024-11-08T12:56:55.349319-0500]     0.5000 MB /   0.50 sec =    8.3884 Mbps     0 retrans     63 KB-cwnd
[2024-11-08T12:56:55.756917-0500]     0.5000 MB /   0.50 sec =    8.3887 Mbps     1 retrans     53 KB-cwnd
[2024-11-08T12:56:56.236090-0500]     0.5000 MB /   0.50 sec =    8.3880 Mbps     0 retrans     62 KB-cwnd
[2024-11-08T12:56:57.179380-0500]     0.5625 MB /   0.50 sec =    9.4378 Mbps     1 retrans     59 KB-cwnd
[2024-11-08T12:56:57.590838-0500]     0.3750 MB /   0.50 sec =    6.2915 Mbps     2 retrans     48 KB-cwnd
[2024-11-08T12:56:58.061057-0500]     0.5000 MB /   0.50 sec =    8.3883 Mbps     1 retrans     41 KB-cwnd
[2024-11-08T12:56:58.801502-0500]     0.4375 MB /   0.50 sec =    7.3403 Mbps     5 retrans     24 KB-cwnd
[2024-11-08T12:56:58.801920-0500]     0.3125 MB /   0.50 sec =    5.2430 Mbps     0 retrans     24 KB-cwnd
[2024-11-08T12:56:59.888426-0500]     0.1875 MB /   0.50 sec =    3.1457 Mbps    10 retrans     15 KB-cwnd
[2024-11-08T12:56:59.888969-0500]     0.1875 MB /   0.50 sec =    3.1457 Mbps     0 retrans     15 KB-cwnd
[2024-11-08T12:57:00.741619-0500]     0.1875 MB /   0.50 sec =    3.1457 Mbps     4 retrans     63 KB-cwnd
[2024-11-08T12:57:00.741999-0500]     0.3125 MB /   0.50 sec =    5.2430 Mbps     0 retrans     63 KB-cwnd
[2024-11-08T12:57:01.665712-0500]     0.5000 MB /   0.50 sec =    8.3883 Mbps     4 retrans     43 KB-cwnd
[2024-11-08T12:57:02.402446-0500]     0.4375 MB /   0.50 sec =    7.3403 Mbps     8 retrans     29 KB-cwnd
[2024-11-08T12:57:02.402804-0500]     0.3125 MB /   0.50 sec =    5.2429 Mbps     0 retrans     29 KB-cwnd
[2024-11-08T12:57:03.601638-0500]     0.1875 MB /   0.50 sec =    3.1457 Mbps     3 retrans     22 KB-cwnd
[2024-11-08T12:57:03.602133-0500]     0.1875 MB /   0.50 sec =    3.1457 Mbps     0 retrans     22 KB-cwnd
[2024-11-08T12:57:04.471300-0500]     0.1875 MB /   0.50 sec =    3.1458 Mbps    10 retrans     33 KB-cwnd
[2024-11-08T12:57:04.471742-0500]     0.2500 MB /   0.50 sec =    4.1944 Mbps     0 retrans     33 KB-cwnd
[2024-11-08T12:57:05.478318-0500]     0.2500 MB /   0.50 sec =    4.1942 Mbps     2 retrans     25 KB-cwnd
[2024-11-08T12:57:05.478798-0500]     0.2500 MB /   0.50 sec =    4.1943 Mbps     0 retrans     25 KB-cwnd
[2024-11-08T12:57:06.341700-0500]     0.2500 MB /   0.50 sec =    4.1943 Mbps     2 retrans     21 KB-cwnd
[2024-11-08T12:57:06.342294-0500]     0.2500 MB /   0.50 sec =    4.1942 Mbps     0 retrans     21 KB-cwnd
[2024-11-08T12:57:07.416575-0500]     0.1875 MB /   0.50 sec =    3.1459 Mbps     0 retrans     93 KB-cwnd
[2024-11-08T12:57:07.417019-0500]     0.2500 MB /   0.50 sec =    4.1942 Mbps     0 retrans     93 KB-cwnd
[2024-11-08T12:57:07.862708-0500]     0.5000 MB /   0.50 sec =    8.3887 Mbps    16 retrans     38 KB-cwnd
[2024-11-08T12:57:08.661039-0500]     0.3125 MB /   0.50 sec =    5.2428 Mbps     6 retrans     26 KB-cwnd
[2024-11-08T12:57:09.556822-0500]     0.3125 MB /   0.50 sec =    5.2431 Mbps     0 retrans     35 KB-cwnd
[2024-11-08T12:57:09.557128-0500]     0.2500 MB /   0.50 sec =    4.1942 Mbps     0 retrans     35 KB-cwnd
[2024-11-08T12:57:10.314420-0500]     0.3125 MB /   0.50 sec =    5.2430 Mbps     4 retrans     24 KB-cwnd
[2024-11-08T12:57:10.314882-0500]     0.2500 MB /   0.50 sec =    4.1943 Mbps     0 retrans     24 KB-cwnd
[2024-11-08T12:57:11.236252-0500]     0.1875 MB /   0.50 sec =    3.1457 Mbps    11 retrans     65 KB-cwnd
[2024-11-08T12:57:11.236592-0500]     0.3125 MB /   0.50 sec =    5.2427 Mbps     0 retrans     65 KB-cwnd
[2024-11-08T12:57:12.252668-0500]     0.5625 MB /   0.50 sec =    9.4375 Mbps     1 retrans     49 KB-cwnd
[2024-11-08T12:57:12.252988-0500]     0.3750 MB /   0.50 sec =    6.2912 Mbps     0 retrans     49 KB-cwnd
[2024-11-08T12:57:12.713933-0500]     0.5000 MB /   0.50 sec =    8.3888 Mbps     0 retrans     53 KB-cwnd
[2024-11-08T12:57:13.348197-0500]     0.6875 MB /   0.50 sec =   11.5334 Mbps     2 retrans     97 KB-cwnd
[2024-11-08T12:57:13.825814-0500]     1.0625 MB /   0.50 sec =   17.8273 Mbps     0 retrans    103 KB-cwnd
[2024-11-08T12:57:14.445782-0500]     1.1250 MB /   0.50 sec =   18.8744 Mbps     0 retrans    111 KB-cwnd
[2024-11-08T12:57:14.804186-0500]     1.0625 MB /   0.50 sec =   17.8248 Mbps     2 retrans    139 KB-cwnd
[2024-11-08T12:57:15.348275-0500]     1.4375 MB /   0.50 sec =   24.1181 Mbps     2 retrans    125 KB-cwnd
[2024-11-08T12:57:15.755787-0500]     1.1875 MB /   0.50 sec =   19.8281 Mbps     1 retrans    106 KB-cwnd
[2024-11-08T12:57:16.232320-0500]     1.0625 MB /   0.50 sec =   17.9113 Mbps     0 retrans    111 KB-cwnd
[2024-11-08T12:57:16.893939-0500]     1.1875 MB /   0.50 sec =   19.9233 Mbps     1 retrans    107 KB-cwnd
[2024-11-08T12:57:17.287828-0500]     1.1250 MB /   0.50 sec =   18.8740 Mbps     0 retrans    111 KB-cwnd
[2024-11-08T12:57:17.872864-0500]     1.1250 MB /   0.50 sec =   18.8748 Mbps     0 retrans    118 KB-cwnd
[2024-11-08T12:57:18.299321-0500]     1.1250 MB /   0.50 sec =   18.8741 Mbps     1 retrans    113 KB-cwnd
[2024-11-08T12:57:18.889030-0500]     1.1875 MB /   0.50 sec =   19.9229 Mbps     1 retrans    107 KB-cwnd
[2024-11-08T12:57:19.301414-0500]     1.1875 MB /   0.50 sec =   19.9227 Mbps     5 retrans     94 KB-cwnd
[2024-11-08T12:57:19.746194-0500]     1.0000 MB /   0.50 sec =   16.7769 Mbps     0 retrans    101 KB-cwnd
[2024-11-08T12:57:20.371666-0500]     1.0000 MB /   0.50 sec =   16.7778 Mbps     2 retrans    130 KB-cwnd
[2024-11-08T12:57:20.939497-0500]     1.3125 MB /   0.50 sec =   22.0203 Mbps     2 retrans     96 KB-cwnd
[2024-11-08T12:57:21.411097-0500]     1.0000 MB /   0.50 sec =   16.7774 Mbps     0 retrans    103 KB-cwnd
[2024-11-08T12:57:21.882857-0500]     1.0000 MB /   0.50 sec =   16.7761 Mbps     2 retrans    168 KB-cwnd
[2024-11-08T12:57:22.239950-0500]     1.3125 MB /   0.50 sec =   22.0216 Mbps     5 retrans    117 KB-cwnd
[2024-11-08T12:57:22.821064-0500]     0.8750 MB /   0.50 sec =   14.6797 Mbps     2 retrans    100 KB-cwnd
[2024-11-08T12:57:23.465769-0500]     0.7500 MB /   0.50 sec =   12.5828 Mbps     0 retrans    108 KB-cwnd
[2024-11-08T12:57:23.764191-0500]     0.8125 MB /   0.50 sec =   13.6318 Mbps     0 retrans    123 KB-cwnd
[2024-11-08T12:57:24.253844-0500]     1.0000 MB /   0.50 sec =   16.7767 Mbps     4 retrans    131 KB-cwnd
[2024-11-08T12:57:24.749881-0500]     0.9375 MB /   0.50 sec =   15.7291 Mbps     0 retrans    137 KB-cwnd
[2024-11-08T12:57:25.266015-0500]     1.0000 MB /   0.50 sec =   16.7770 Mbps     0 retrans    142 KB-cwnd
[2024-11-08T12:57:25.803562-0500]     0.8750 MB /   0.50 sec =   14.6803 Mbps     2 retrans    108 KB-cwnd
[2024-11-08T12:57:26.383374-0500]     0.8750 MB /   0.50 sec =   14.6799 Mbps     3 retrans     74 KB-cwnd
[2024-11-08T12:57:27.042666-0500]     0.8125 MB /   0.50 sec =   13.6314 Mbps     0 retrans     93 KB-cwnd
[2024-11-08T12:57:27.795563-0500]     0.3750 MB /   0.50 sec =    6.2914 Mbps    38 retrans     53 KB-cwnd
[2024-11-08T12:57:27.795881-0500]     0.3125 MB /   0.50 sec =    5.2429 Mbps     0 retrans     53 KB-cwnd
[2024-11-08T12:57:28.413449-0500]     0.3750 MB /   0.50 sec =    6.2915 Mbps     3 retrans     48 KB-cwnd
[2024-11-08T12:57:29.054615-0500]     0.3750 MB /   0.50 sec =    6.2901 Mbps     0 retrans    123 KB-cwnd
[2024-11-08T12:57:29.433629-0500]     0.3750 MB /   0.50 sec =    6.2927 Mbps     7 retrans    115 KB-cwnd
[2024-11-08T12:57:29.926246-0500]     0.6250 MB /   0.50 sec =   10.4861 Mbps     3 retrans     76 KB-cwnd
[2024-11-08T12:57:30.521839-0500]     0.5000 MB /   0.50 sec =    8.3883 Mbps    11 retrans     38 KB-cwnd
[2024-11-08T12:57:32.129750-0500]     0.1875 MB /   0.50 sec =    3.1458 Mbps     9 retrans     21 KB-cwnd
[2024-11-08T12:57:32.130295-0500]     0.1875 MB /   0.50 sec =    3.1456 Mbps     0 retrans     21 KB-cwnd
[2024-11-08T12:57:32.130440-0500]     0.1250 MB /   0.50 sec =    2.0973 Mbps     0 retrans     21 KB-cwnd
[2024-11-08T12:57:33.097891-0500]     0.1250 MB /   0.50 sec =    2.0971 Mbps     5 retrans     45 KB-cwnd
[2024-11-08T12:57:33.098373-0500]     0.1875 MB /   0.50 sec =    3.1457 Mbps     0 retrans     45 KB-cwnd
[2024-11-08T12:57:33.845402-0500]     0.3125 MB /   0.50 sec =    5.2425 Mbps     5 retrans     24 KB-cwnd
[2024-11-08T12:57:33.846049-0500]     0.3125 MB /   0.50 sec =    5.2432 Mbps     0 retrans     24 KB-cwnd
[2024-11-08T12:57:35.093441-0500]     0.1250 MB /   0.50 sec =    2.0972 Mbps     3 retrans     49 KB-cwnd
[2024-11-08T12:57:35.094093-0500]     0.1875 MB /   0.50 sec =    3.1456 Mbps     0 retrans     49 KB-cwnd
[2024-11-08T12:57:36.188284-0500]     0.1875 MB /   0.50 sec =    3.1458 Mbps     2 retrans     46 KB-cwnd
[2024-11-08T12:57:36.188829-0500]     0.2500 MB /   0.50 sec =    4.1932 Mbps     0 retrans     46 KB-cwnd
[2024-11-08T12:57:37.077078-0500]     0.1875 MB /   0.50 sec =    3.1460 Mbps     1 retrans     53 KB-cwnd
[2024-11-08T12:57:37.077659-0500]     0.2500 MB /   0.50 sec =    4.1950 Mbps     0 retrans     53 KB-cwnd
[2024-11-08T12:57:37.738980-0500]     0.3125 MB /   0.50 sec =    5.2427 Mbps     2 retrans     48 KB-cwnd
[2024-11-08T12:57:37.739326-0500]     0.3750 MB /   0.50 sec =    6.2915 Mbps     0 retrans     48 KB-cwnd
[2024-11-08T12:57:39.752680-0500]     0.1250 MB /   0.50 sec =    2.0972 Mbps    20 retrans     43 KB-cwnd
[2024-11-08T12:57:39.752996-0500]     0.0000 MB /   0.50 sec =    0.0000 Mbps     0 retrans     43 KB-cwnd
[2024-11-08T12:57:39.753093-0500]     0.1875 MB /   0.50 sec =    3.1458 Mbps     0 retrans     43 KB-cwnd
[2024-11-08T12:57:39.753179-0500]     0.1875 MB /   0.50 sec =    3.1457 Mbps     0 retrans     43 KB-cwnd
[2024-11-08T12:57:40.921408-0500]     0.1875 MB /   0.50 sec =    3.1457 Mbps     0 retrans     52 KB-cwnd
[2024-11-08T12:57:40.921987-0500]     0.2500 MB /   0.50 sec =    4.1768 Mbps     0 retrans     52 KB-cwnd
[2024-11-08T12:57:41.882227-0500]     0.1250 MB /   0.50 sec =    2.1060 Mbps     8 retrans    117 KB-cwnd
[2024-11-08T12:57:41.882588-0500]     0.2500 MB /   0.50 sec =    4.1943 Mbps     0 retrans    117 KB-cwnd
[2024-11-08T12:57:42.689629-0500]     0.2500 MB /   0.50 sec =    4.1944 Mbps    11 retrans    117 KB-cwnd
[2024-11-08T12:57:42.957671-0500]     0.4375 MB /   0.50 sec =    7.3398 Mbps     7 retrans     60 KB-cwnd
[2024-11-08T12:57:43.592905-0500]     0.6250 MB /   0.50 sec =   10.4857 Mbps     3 retrans     29 KB-cwnd
[2024-11-08T12:57:44.444943-0500]     0.2500 MB /   0.50 sec =    4.1943 Mbps     1 retrans     32 KB-cwnd
[2024-11-08T12:57:44.445498-0500]     0.2500 MB /   0.50 sec =    4.1944 Mbps     0 retrans     32 KB-cwnd
[2024-11-08T12:57:45.178568-0500]     0.3125 MB /   0.50 sec =    5.2428 Mbps     6 retrans     43 KB-cwnd
[2024-11-08T12:57:45.713702-0500]     0.3750 MB /   0.50 sec =    6.2915 Mbps     1 retrans     41 KB-cwnd
[2024-11-08T12:57:45.714057-0500]     0.3750 MB /   0.50 sec =    6.2914 Mbps     0 retrans     41 KB-cwnd
[2024-11-08T12:57:46.523430-0500]     0.3125 MB /   0.50 sec =    5.2427 Mbps     2 retrans     32 KB-cwnd
[2024-11-08T12:57:47.165280-0500]     0.2500 MB /   0.50 sec =    4.1944 Mbps     2 retrans     57 KB-cwnd
[2024-11-08T12:57:47.692470-0500]     0.3750 MB /   0.50 sec =    6.2914 Mbps     2 retrans     50 KB-cwnd
[2024-11-08T12:57:48.186997-0500]     0.5000 MB /   0.50 sec =    8.3888 Mbps     6 retrans     48 KB-cwnd
[2024-11-08T12:57:48.681883-0500]     0.4375 MB /   0.50 sec =    7.3400 Mbps     0 retrans     55 KB-cwnd
[2024-11-08T12:57:49.233548-0500]     0.4375 MB /   0.50 sec =    7.3399 Mbps     4 retrans     39 KB-cwnd
[2024-11-08T12:57:49.233938-0500]     0.3750 MB /   0.50 sec =    6.2917 Mbps     0 retrans     39 KB-cwnd
[2024-11-08T12:57:49.948144-0500]     0.3125 MB /   0.50 sec =    5.2429 Mbps     2 retrans     39 KB-cwnd
[2024-11-08T12:57:50.460718-0500]     0.3125 MB /   0.50 sec =    5.2427 Mbps     4 retrans    138 KB-cwnd
[2024-11-08T12:57:50.988313-0500]     0.8125 MB /   0.50 sec =   13.6320 Mbps     8 retrans     74 KB-cwnd
[2024-11-08T12:57:51.475173-0500]     0.6250 MB /   0.50 sec =   10.4858 Mbps     4 retrans     63 KB-cwnd
[2024-11-08T12:57:51.989606-0500]     0.4375 MB /   0.50 sec =    7.3399 Mbps     3 retrans     53 KB-cwnd
[2024-11-08T12:57:52.530038-0500]     0.4375 MB /   0.50 sec =    7.3401 Mbps     3 retrans     49 KB-cwnd
[2024-11-08T12:57:53.165279-0500]     0.3750 MB /   0.50 sec =    6.2912 Mbps     5 retrans     36 KB-cwnd
[2024-11-08T12:57:53.918385-0500]     0.3750 MB /   0.50 sec =    6.2914 Mbps     2 retrans     38 KB-cwnd
[2024-11-08T12:57:53.918849-0500]     0.2500 MB /   0.50 sec =    4.1944 Mbps     0 retrans     38 KB-cwnd
[2024-11-08T12:57:54.348873-0500]     0.3125 MB /   0.50 sec =    5.2430 Mbps     2 retrans     96 KB-cwnd
[2024-11-08T12:57:55.177335-0500]     0.7500 MB /   0.50 sec =   12.5809 Mbps     4 retrans     50 KB-cwnd
[2024-11-08T12:57:55.926788-0500]     0.4375 MB /   0.50 sec =    7.3414 Mbps     5 retrans     26 KB-cwnd
[2024-11-08T12:57:55.927044-0500]     0.3750 MB /   0.50 sec =    6.2913 Mbps     0 retrans     26 KB-cwnd
[2024-11-08T12:57:56.699747-0500]     0.2500 MB /   0.50 sec =    4.1943 Mbps     0 retrans     53 KB-cwnd
[2024-11-08T12:57:57.384555-0500]     0.3125 MB /   0.50 sec =    5.2427 Mbps     9 retrans     89 KB-cwnd
[2024-11-08T12:57:57.385091-0500]     0.2500 MB /   0.50 sec =    4.1944 Mbps     0 retrans     89 KB-cwnd
[2024-11-08T12:57:57.847720-0500]     0.5625 MB /   0.50 sec =    9.4375 Mbps     6 retrans     45 KB-cwnd
[2024-11-08T12:57:58.713336-0500]     0.2500 MB /   0.50 sec =    4.1942 Mbps     9 retrans     32 KB-cwnd
[2024-11-08T12:57:58.713659-0500]     0.3125 MB /   0.50 sec =    5.2423 Mbps     0 retrans     32 KB-cwnd
[2024-11-08T12:58:00.099471-0500]     0.1875 MB /   0.50 sec =    3.1462 Mbps    18 retrans     24 KB-cwnd
[2024-11-08T12:58:00.099773-0500]     0.1250 MB /   0.50 sec =    2.0964 Mbps     0 retrans     24 KB-cwnd
[2024-11-08T12:58:00.596687-0500]     0.1875 MB /   0.50 sec =    3.1467 Mbps     3 retrans     62 KB-cwnd
[2024-11-08T12:58:01.427788-0500]     0.5000 MB /   0.50 sec =    8.3885 Mbps    13 retrans     25 KB-cwnd
[2024-11-08T12:58:01.428148-0500]     0.2500 MB /   0.50 sec =    4.1936 Mbps     0 retrans     25 KB-cwnd
[2024-11-08T12:58:02.773774-0500]     0.2500 MB /   0.50 sec =    4.1951 Mbps    14 retrans     15 KB-cwnd
[2024-11-08T12:58:02.774327-0500]     0.1250 MB /   0.50 sec =    2.0972 Mbps     0 retrans     15 KB-cwnd
[2024-11-08T12:58:02.774477-0500]     0.1250 MB /   0.50 sec =    2.0972 Mbps     0 retrans     15 KB-cwnd
[2024-11-08T12:58:04.307129-0500]     0.1875 MB /   0.50 sec =    3.1457 Mbps    15 retrans     32 KB-cwnd
[2024-11-08T12:58:04.307714-0500]     0.1250 MB /   0.50 sec =    2.0971 Mbps     0 retrans     32 KB-cwnd
[2024-11-08T12:58:04.307838-0500]     0.1875 MB /   0.50 sec =    3.1458 Mbps     0 retrans     32 KB-cwnd
[2024-11-08T12:58:05.170869-0500]     0.2500 MB /   0.50 sec =    4.1941 Mbps     2 retrans     32 KB-cwnd
[2024-11-08T12:58:06.356269-0500]     0.3125 MB /   0.50 sec =    5.2430 Mbps    14 retrans     24 KB-cwnd
[2024-11-08T12:58:06.356746-0500]     0.1875 MB /   0.50 sec =    3.1458 Mbps     0 retrans     24 KB-cwnd
[2024-11-08T12:58:06.356923-0500]     0.1250 MB /   0.50 sec =    2.0972 Mbps     0 retrans     24 KB-cwnd
[2024-11-08T12:58:07.305029-0500]     0.1875 MB /   0.50 sec =    3.1457 Mbps     8 retrans     35 KB-cwnd
[2024-11-08T12:58:07.305510-0500]     0.3750 MB /   0.50 sec =    6.2914 Mbps     0 retrans     35 KB-cwnd
[2024-11-08T12:58:09.185772-0500]     0.1250 MB /   0.50 sec =    2.0972 Mbps    22 retrans     21 KB-cwnd
[2024-11-08T12:58:09.185924-0500]     0.1250 MB /   0.50 sec =    2.0966 Mbps     0 retrans     21 KB-cwnd
[2024-11-08T12:58:09.185963-0500]     0.0625 MB /   0.50 sec =    1.0489 Mbps     0 retrans     21 KB-cwnd
[2024-11-08T12:58:10.111173-0500]     0.1250 MB /   0.50 sec =    2.0971 Mbps     5 retrans     29 KB-cwnd
[2024-11-08T12:58:10.111861-0500]     0.2500 MB /   0.50 sec =    4.1941 Mbps     0 retrans     29 KB-cwnd
[2024-11-08T12:58:11.841188-0500]     0.2500 MB /   0.50 sec =    4.1944 Mbps     7 retrans     16 KB-cwnd
[2024-11-08T12:58:11.841399-0500]     0.1875 MB /   0.50 sec =    3.1459 Mbps     0 retrans     16 KB-cwnd
[2024-11-08T12:58:11.841437-0500]     0.1250 MB /   0.50 sec =    2.0972 Mbps     0 retrans     16 KB-cwnd
[2024-11-08T12:58:11.841471-0500]     0.0625 MB /   0.50 sec =    1.0486 Mbps     0 retrans     16 KB-cwnd
[2024-11-08T12:58:16.184413-0500]     0.0625 MB /   0.50 sec =    1.0486 Mbps    38 retrans      5 KB-cwnd
[2024-11-08T12:58:16.184806-0500]     0.0000 MB /   0.50 sec =    0.0000 Mbps     0 retrans      5 KB-cwnd
[2024-11-08T12:58:16.184912-0500]     0.0625 MB /   0.50 sec =    1.0486 Mbps     0 retrans      5 KB-cwnd
[2024-11-08T12:58:16.185013-0500]     0.0000 MB /   0.50 sec =    0.0000 Mbps     0 retrans      5 KB-cwnd
[2024-11-08T12:58:16.185102-0500]     0.0625 MB /   0.50 sec =    1.0483 Mbps     0 retrans      5 KB-cwnd
[2024-11-08T12:58:16.185181-0500]     0.0625 MB /   0.50 sec =    1.0488 Mbps     0 retrans      5 KB-cwnd
[2024-11-08T12:58:16.185262-0500]     0.0625 MB /   0.50 sec =    1.0485 Mbps     0 retrans      5 KB-cwnd
[2024-11-08T12:58:16.185341-0500]     0.0625 MB /   0.50 sec =    1.0486 Mbps     0 retrans      5 KB-cwnd
[2024-11-08T12:58:16.216776-0500]     0.0000 MB /   0.50 sec =    0.0000 Mbps     0 retrans      5 KB-cwnd
[2024-11-08T12:58:16.717985-0500]     0.0625 MB /   0.50 sec =    1.0486 Mbps     5 retrans      5 KB-cwnd
End time: 1731088697054
