Start time: 1730763590276
[2024-11-04T17:39:51.416326-0600] nuttcp-r: v8.1.4: socket
[2024-11-04T17:39:51.417282-0600] nuttcp-r: buflen=65536, nstream=1, port=5102 tcp
[2024-11-04T17:39:51.417369-0600] nuttcp-r: interval reporting every 0.50 seconds
[2024-11-04T17:39:51.417437-0600] nuttcp-r: connect to 54.176.53.206 with RTT=85.528 ms af=inet
[2024-11-04T17:39:51.417503-0600] nuttcp-r: send window size = 2097152, receive window size = 6291456
[2024-11-04T17:39:51.417567-0600] nuttcp-r: available send window = 1572864, available receive window = 4718592
[2024-11-04T17:39:51.417632-0600]     0.1250 MB /   0.50 sec =    2.0969 Mbps     0 retrans
[2024-11-04T17:39:51.916221-0600]     0.5000 MB /   0.50 sec =    8.3889 Mbps     0 retrans
[2024-11-04T17:39:52.416383-0600]     1.5000 MB /   0.50 sec =   25.1654 Mbps     0 retrans
[2024-11-04T17:39:52.916567-0600]     2.1875 MB /   0.50 sec =   36.7010 Mbps     0 retrans
[2024-11-04T17:39:53.416270-0600]     2.3750 MB /   0.50 sec =   39.8436 Mbps     0 retrans
[2024-11-04T17:39:53.916659-0600]     2.6250 MB /   0.50 sec =   44.0067 Mbps     0 retrans
[2024-11-04T17:39:54.416533-0600]     3.3125 MB /   0.50 sec =   55.6205 Mbps     0 retrans
[2024-11-04T17:39:54.916160-0600]     3.8125 MB /   0.50 sec =   63.9617 Mbps     0 retrans
[2024-11-04T17:39:55.416646-0600]     4.1875 MB /   0.50 sec =   70.2019 Mbps     0 retrans
[2024-11-04T17:39:55.916322-0600]     2.4375 MB /   0.50 sec =   40.9175 Mbps     0 retrans
[2024-11-04T17:39:56.416416-0600]     0.5000 MB /   0.50 sec =    8.3894 Mbps     0 retrans
[2024-11-04T17:39:56.916407-0600]     1.3125 MB /   0.50 sec =   22.0157 Mbps     0 retrans
[2024-11-04T17:39:57.416534-0600]     2.0000 MB /   0.50 sec =   33.5399 Mbps     0 retrans
[2024-11-04T17:39:57.916400-0600]     2.3125 MB /   0.50 sec =   38.8206 Mbps     0 retrans
[2024-11-04T17:39:58.416593-0600]     2.7500 MB /   0.50 sec =   46.1102 Mbps     0 retrans
[2024-11-04T17:39:58.916318-0600]     1.4375 MB /   0.50 sec =   24.1301 Mbps     0 retrans
[2024-11-04T17:39:59.416435-0600]     5.9375 MB /   0.50 sec =   99.6243 Mbps     0 retrans
[2024-11-04T17:39:59.916205-0600]     2.9375 MB /   0.50 sec =   49.2888 Mbps     0 retrans
[2024-11-04T17:40:00.416248-0600]     3.3125 MB /   0.50 sec =   55.5717 Mbps     0 retrans
[2024-11-04T17:40:00.916215-0600]     3.5625 MB /   0.50 sec =   59.7698 Mbps     0 retrans
[2024-11-04T17:40:01.416228-0600]     4.1875 MB /   0.50 sec =   70.2563 Mbps     0 retrans
[2024-11-04T17:40:01.916121-0600]     3.6250 MB /   0.50 sec =   60.8214 Mbps     0 retrans
[2024-11-04T17:40:02.417598-0600]     1.0625 MB /   0.50 sec =   17.7772 Mbps     0 retrans
[2024-11-04T17:40:02.916194-0600]     5.5625 MB /   0.50 sec =   93.5735 Mbps     0 retrans
[2024-11-04T17:40:03.416231-0600]     5.0000 MB /   0.50 sec =   83.8834 Mbps     0 retrans
[2024-11-04T17:40:03.916191-0600]     5.4375 MB /   0.50 sec =   91.2303 Mbps     0 retrans
[2024-11-04T17:40:04.416162-0600]     5.6875 MB /   0.50 sec =   95.4204 Mbps     0 retrans
[2024-11-04T17:40:04.916640-0600]     6.0625 MB /   0.50 sec =  101.6495 Mbps     0 retrans
[2024-11-04T17:40:05.416225-0600]     6.7500 MB /   0.50 sec =  113.3140 Mbps     0 retrans
[2024-11-04T17:40:05.916188-0600]     5.0000 MB /   0.50 sec =   83.8809 Mbps     0 retrans
[2024-11-04T17:40:06.416392-0600]     1.3750 MB /   0.50 sec =   23.0639 Mbps     0 retrans
[2024-11-04T17:40:06.916413-0600]     6.1875 MB /   0.50 sec =  103.8028 Mbps     0 retrans
[2024-11-04T17:40:07.416755-0600]     1.3125 MB /   0.50 sec =   22.0052 Mbps     0 retrans
[2024-11-04T17:40:07.916213-0600]     7.1250 MB /   0.50 sec =  119.6549 Mbps     0 retrans
[2024-11-04T17:40:08.416204-0600]    10.6875 MB /   0.50 sec =  179.3079 Mbps     0 retrans
[2024-11-04T17:40:08.916216-0600]     7.6250 MB /   0.50 sec =  127.9258 Mbps     0 retrans
[2024-11-04T17:40:09.416148-0600]     7.5000 MB /   0.50 sec =  125.8347 Mbps     0 retrans
[2024-11-04T17:40:09.916181-0600]     8.5625 MB /   0.50 sec =  143.6532 Mbps     0 retrans
[2024-11-04T17:40:10.416234-0600]     7.3750 MB /   0.50 sec =  123.7300 Mbps     0 retrans
[2024-11-04T17:40:10.916204-0600]     4.3125 MB /   0.50 sec =   72.3451 Mbps     0 retrans
[2024-11-04T17:40:11.416406-0600]     1.6875 MB /   0.50 sec =   28.3067 Mbps     0 retrans
[2024-11-04T17:40:11.916257-0600]     7.9375 MB /   0.50 sec =  133.1955 Mbps     0 retrans
[2024-11-04T17:40:12.416338-0600]     4.6875 MB /   0.50 sec =   78.6306 Mbps     0 retrans
[2024-11-04T17:40:12.916235-0600]     5.9375 MB /   0.50 sec =   99.6325 Mbps     0 retrans
[2024-11-04T17:40:13.416208-0600]    11.1250 MB /   0.50 sec =  186.6667 Mbps     0 retrans
[2024-11-04T17:40:13.916121-0600]     3.0000 MB /   0.50 sec =   50.3316 Mbps     0 retrans
[2024-11-04T17:40:14.416132-0600]     7.4375 MB /   0.50 sec =  124.7803 Mbps     0 retrans
[2024-11-04T17:40:14.916131-0600]     7.9375 MB /   0.50 sec =  133.1686 Mbps     0 retrans
[2024-11-04T17:40:15.416313-0600]     8.9375 MB /   0.50 sec =  149.9197 Mbps     0 retrans
[2024-11-04T17:40:15.916259-0600]     5.7500 MB /   0.50 sec =   96.4738 Mbps     0 retrans
[2024-11-04T17:40:16.416363-0600]     1.1875 MB /   0.50 sec =   19.9192 Mbps     0 retrans
[2024-11-04T17:40:16.916303-0600]     1.0000 MB /   0.50 sec =   16.7798 Mbps     0 retrans
[2024-11-04T17:40:17.416159-0600]     9.8125 MB /   0.50 sec =  164.6488 Mbps     0 retrans
[2024-11-04T17:40:17.916261-0600]     2.1250 MB /   0.50 sec =   35.6489 Mbps     0 retrans
[2024-11-04T17:40:18.416251-0600]     2.7500 MB /   0.50 sec =   46.1376 Mbps     0 retrans
[2024-11-04T17:40:18.916363-0600]    10.7500 MB /   0.50 sec =  180.3619 Mbps     0 retrans
[2024-11-04T17:40:19.416232-0600]     6.2500 MB /   0.50 sec =  104.8586 Mbps     0 retrans
[2024-11-04T17:40:19.916238-0600]     5.5625 MB /   0.50 sec =   93.3208 Mbps     0 retrans
[2024-11-04T17:40:20.416208-0600]     6.2500 MB /   0.50 sec =  104.8601 Mbps     0 retrans
[2024-11-04T17:40:20.916233-0600]     3.4375 MB /   0.50 sec =   57.6670 Mbps     0 retrans
[2024-11-04T17:40:21.416286-0600]     3.6250 MB /   0.50 sec =   60.8144 Mbps     0 retrans
[2024-11-04T17:40:21.916297-0600]     3.7500 MB /   0.50 sec =   62.9133 Mbps     0 retrans
[2024-11-04T17:40:22.416263-0600]     5.9375 MB /   0.50 sec =   99.6287 Mbps     0 retrans
[2024-11-04T17:40:22.916200-0600]     6.3125 MB /   0.50 sec =  105.9083 Mbps     0 retrans
[2024-11-04T17:40:23.416237-0600]     6.2500 MB /   0.50 sec =  104.8559 Mbps     0 retrans
[2024-11-04T17:40:23.916212-0600]     6.5000 MB /   0.50 sec =  109.0523 Mbps     0 retrans
[2024-11-04T17:40:24.416271-0600]     6.7500 MB /   0.50 sec =  113.2408 Mbps     0 retrans
[2024-11-04T17:40:24.916237-0600]     6.4375 MB /   0.50 sec =  108.0089 Mbps     0 retrans
[2024-11-04T17:40:25.416221-0600]     7.3125 MB /   0.50 sec =  122.6827 Mbps     0 retrans
[2024-11-04T17:40:25.916133-0600]     6.5625 MB /   0.50 sec =  110.1069 Mbps     0 retrans
[2024-11-04T17:40:26.416209-0600]     1.9375 MB /   0.50 sec =   32.5016 Mbps     0 retrans
[2024-11-04T17:40:26.916376-0600]     6.3125 MB /   0.50 sec =  105.8964 Mbps     0 retrans
[2024-11-04T17:40:27.416250-0600]     6.6250 MB /   0.50 sec =  111.1648 Mbps     0 retrans
[2024-11-04T17:40:27.916267-0600]     3.3125 MB /   0.50 sec =   55.5710 Mbps     0 retrans
[2024-11-04T17:40:28.416311-0600]     4.8750 MB /   0.50 sec =   81.7860 Mbps     0 retrans
[2024-11-04T17:40:28.916275-0600]     6.8125 MB /   0.50 sec =  114.3005 Mbps     0 retrans
[2024-11-04T17:40:29.416195-0600]     2.1875 MB /   0.50 sec =   36.7023 Mbps     0 retrans
[2024-11-04T17:40:29.916224-0600]     4.0625 MB /   0.50 sec =   68.1570 Mbps     0 retrans
[2024-11-04T17:40:30.416442-0600]     0.2500 MB /   0.50 sec =    4.1941 Mbps     0 retrans
[2024-11-04T17:40:30.916347-0600]     1.5000 MB /   0.50 sec =   25.1615 Mbps     0 retrans
[2024-11-04T17:40:31.416319-0600]     1.9375 MB /   0.50 sec =   32.5116 Mbps     0 retrans
[2024-11-04T17:40:31.916166-0600]     2.1250 MB /   0.50 sec =   35.6537 Mbps     0 retrans
[2024-11-04T17:40:32.416242-0600]     2.6250 MB /   0.50 sec =   44.0387 Mbps     0 retrans
[2024-11-04T17:40:32.916265-0600]     3.5625 MB /   0.50 sec =   59.7698 Mbps     0 retrans
[2024-11-04T17:40:33.416211-0600]     6.6250 MB /   0.50 sec =  111.1537 Mbps     0 retrans
[2024-11-04T17:40:33.916197-0600]     2.6250 MB /   0.50 sec =   44.0403 Mbps     0 retrans
[2024-11-04T17:40:34.416203-0600]     2.7500 MB /   0.50 sec =   46.1373 Mbps     0 retrans
[2024-11-04T17:40:34.916357-0600]     2.6875 MB /   0.50 sec =   45.0880 Mbps     0 retrans
[2024-11-04T17:40:35.416217-0600]     2.6250 MB /   0.50 sec =   44.0407 Mbps     0 retrans
[2024-11-04T17:40:35.916243-0600]     2.3750 MB /   0.50 sec =   39.8445 Mbps     0 retrans
[2024-11-04T17:40:36.416213-0600]     2.9375 MB /   0.50 sec =   49.2840 Mbps     0 retrans
[2024-11-04T17:40:36.916264-0600]     2.5625 MB /   0.50 sec =   42.9866 Mbps     0 retrans
[2024-11-04T17:40:37.416239-0600]     2.3125 MB /   0.50 sec =   38.8017 Mbps     0 retrans
[2024-11-04T17:40:37.916111-0600]     2.9375 MB /   0.50 sec =   49.2869 Mbps     0 retrans
[2024-11-04T17:40:38.416216-0600]     2.8125 MB /   0.50 sec =   47.1833 Mbps     0 retrans
[2024-11-04T17:40:38.916221-0600]     2.8125 MB /   0.50 sec =   47.1851 Mbps     0 retrans
[2024-11-04T17:40:39.416246-0600]     2.8125 MB /   0.50 sec =   47.1853 Mbps     0 retrans
[2024-11-04T17:40:39.916225-0600]     3.0000 MB /   0.50 sec =   50.3316 Mbps     0 retrans
[2024-11-04T17:40:40.416284-0600]     3.0625 MB /   0.50 sec =   51.3749 Mbps     0 retrans
[2024-11-04T17:40:40.916269-0600]     3.0625 MB /   0.50 sec =   51.3808 Mbps     0 retrans
[2024-11-04T17:40:41.416239-0600]     3.0000 MB /   0.50 sec =   50.3365 Mbps     0 retrans
[2024-11-04T17:40:41.916206-0600]     3.6250 MB /   0.50 sec =   60.8191 Mbps     0 retrans
[2024-11-04T17:40:42.416138-0600]     4.1875 MB /   0.50 sec =   70.2588 Mbps     0 retrans
[2024-11-04T17:40:42.916241-0600]     4.2500 MB /   0.50 sec =   71.2949 Mbps     0 retrans
[2024-11-04T17:40:43.416230-0600]     5.3125 MB /   0.50 sec =   89.1336 Mbps     0 retrans
[2024-11-04T17:40:43.916120-0600]     5.5000 MB /   0.50 sec =   92.2802 Mbps     0 retrans
[2024-11-04T17:40:44.416405-0600]     4.9375 MB /   0.50 sec =   82.8279 Mbps     0 retrans
[2024-11-04T17:40:44.916135-0600]     4.6250 MB /   0.50 sec =   77.6032 Mbps     0 retrans
[2024-11-04T17:40:45.416214-0600]     4.4375 MB /   0.50 sec =   74.4447 Mbps     0 retrans
[2024-11-04T17:40:45.916261-0600]     1.5000 MB /   0.50 sec =   25.1630 Mbps     0 retrans
[2024-11-04T17:40:46.416275-0600]     0.4375 MB /   0.50 sec =    7.3405 Mbps     0 retrans
[2024-11-04T17:40:46.916236-0600]     3.6250 MB /   0.50 sec =   60.8169 Mbps     0 retrans
[2024-11-04T17:40:47.416184-0600]     1.9375 MB /   0.50 sec =   32.5077 Mbps     0 retrans
[2024-11-04T17:40:47.916244-0600]     3.2500 MB /   0.50 sec =   54.5237 Mbps     0 retrans
[2024-11-04T17:40:48.416265-0600]     0.0000 MB /   0.50 sec =    0.0000 Mbps     0 retrans
[2024-11-04T17:40:48.916195-0600]     8.0000 MB /   0.50 sec =  134.2250 Mbps     0 retrans
[2024-11-04T17:40:49.416207-0600]     3.1875 MB /   0.50 sec =   53.4766 Mbps     0 retrans
[2024-11-04T17:40:49.916218-0600]     3.8125 MB /   0.50 sec =   63.9629 Mbps     0 retrans
[2024-11-04T17:40:50.416224-0600]     3.6875 MB /   0.50 sec =   61.8667 Mbps     0 retrans
[2024-11-04T17:40:50.916190-0600]     3.1875 MB /   0.50 sec =   53.4780 Mbps     0 retrans
[2024-11-04T17:40:51.416356-0600]     1.6250 MB /   0.50 sec =   27.2577 Mbps     0 retrans
[2024-11-04T17:40:51.916338-0600]     1.8125 MB /   0.50 sec =   30.4144 Mbps     0 retrans
[2024-11-04T17:40:52.416222-0600]     3.2500 MB /   0.50 sec =   54.5253 Mbps     0 retrans
[2024-11-04T17:40:52.916209-0600]     1.6875 MB /   0.50 sec =   28.3093 Mbps     0 retrans
[2024-11-04T17:40:53.416257-0600]     5.7500 MB /   0.50 sec =   96.4725 Mbps     0 retrans
[2024-11-04T17:40:53.916220-0600]     4.2500 MB /   0.50 sec =   71.3049 Mbps     0 retrans
[2024-11-04T17:40:54.416319-0600]     4.8750 MB /   0.50 sec =   81.7772 Mbps     0 retrans
[2024-11-04T17:40:54.916218-0600]     5.3750 MB /   0.50 sec =   90.1916 Mbps     0 retrans
[2024-11-04T17:40:55.416281-0600]     4.0625 MB /   0.50 sec =   68.1542 Mbps     0 retrans
[2024-11-04T17:40:55.916245-0600]     2.3750 MB /   0.50 sec =   39.8464 Mbps     0 retrans
[2024-11-04T17:40:56.416325-0600]     2.6875 MB /   0.50 sec =   45.0827 Mbps     0 retrans
[2024-11-04T17:40:56.916240-0600]     3.5000 MB /   0.50 sec =   58.7288 Mbps     0 retrans
[2024-11-04T17:40:57.416267-0600]     5.8750 MB /   0.50 sec =   98.5626 Mbps     0 retrans
[2024-11-04T17:40:57.916417-0600]     1.2500 MB /   0.50 sec =   20.9692 Mbps     0 retrans
[2024-11-04T17:40:58.416211-0600]     5.8750 MB /   0.50 sec =   98.5807 Mbps     0 retrans
[2024-11-04T17:40:58.916241-0600]     4.7500 MB /   0.50 sec =   79.6923 Mbps     0 retrans
[2024-11-04T17:40:59.416220-0600]     5.0000 MB /   0.50 sec =   83.8876 Mbps     0 retrans
[2024-11-04T17:40:59.916210-0600]     3.9375 MB /   0.50 sec =   66.0606 Mbps     0 retrans
[2024-11-04T17:41:00.416218-0600]     6.2500 MB /   0.50 sec =  104.8637 Mbps     0 retrans
[2024-11-04T17:41:00.916236-0600]     4.4375 MB /   0.50 sec =   74.4423 Mbps     0 retrans
[2024-11-04T17:41:01.416245-0600]     1.9375 MB /   0.50 sec =   32.5062 Mbps     0 retrans
[2024-11-04T17:41:01.916353-0600]     3.0000 MB /   0.50 sec =   50.3208 Mbps     0 retrans
[2024-11-04T17:41:02.416440-0600]     1.4375 MB /   0.50 sec =   24.1144 Mbps     0 retrans
[2024-11-04T17:41:02.916329-0600]     0.7500 MB /   0.50 sec =   12.5850 Mbps     0 retrans
[2024-11-04T17:41:03.416311-0600]     3.6250 MB /   0.50 sec =   60.8170 Mbps     0 retrans
[2024-11-04T17:41:03.916314-0600]     5.5000 MB /   0.50 sec =   92.2834 Mbps     0 retrans
[2024-11-04T17:41:04.416234-0600]     4.0000 MB /   0.50 sec =   67.1156 Mbps     0 retrans
[2024-11-04T17:41:04.916293-0600]     2.0625 MB /   0.50 sec =   34.5969 Mbps     0 retrans
[2024-11-04T17:41:05.416168-0600]     1.6875 MB /   0.50 sec =   28.3163 Mbps     0 retrans
[2024-11-04T17:41:05.916358-0600]     0.7500 MB /   0.50 sec =   12.5801 Mbps     0 retrans
[2024-11-04T17:41:06.416342-0600]     1.1875 MB /   0.50 sec =   19.9234 Mbps     0 retrans
[2024-11-04T17:41:06.916372-0600]     3.3750 MB /   0.50 sec =   56.6340 Mbps     0 retrans
[2024-11-04T17:41:07.416366-0600]     4.0000 MB /   0.50 sec =   67.0954 Mbps     0 retrans
[2024-11-04T17:41:07.916300-0600]     0.2500 MB /   0.50 sec =    4.1946 Mbps     0 retrans
[2024-11-04T17:41:08.416237-0600]     4.3125 MB /   0.50 sec =   72.3620 Mbps     0 retrans
[2024-11-04T17:41:08.916241-0600]     2.8125 MB /   0.50 sec =   47.1864 Mbps     0 retrans
[2024-11-04T17:41:09.416227-0600]     2.7500 MB /   0.50 sec =   46.1370 Mbps     0 retrans
[2024-11-04T17:41:09.916286-0600]     1.6875 MB /   0.50 sec =   28.3073 Mbps     0 retrans
[2024-11-04T17:41:10.416240-0600]     1.6250 MB /   0.50 sec =   27.2663 Mbps     0 retrans
[2024-11-04T17:41:10.916320-0600]     1.9375 MB /   0.50 sec =   32.5009 Mbps     0 retrans
[2024-11-04T17:41:11.416167-0600]     1.5000 MB /   0.50 sec =   25.1699 Mbps     0 retrans
[2024-11-04T17:41:11.916319-0600]     2.2500 MB /   0.50 sec =   37.7419 Mbps     0 retrans
[2024-11-04T17:41:12.416268-0600]     1.2500 MB /   0.50 sec =   20.9742 Mbps     0 retrans
[2024-11-04T17:41:12.916280-0600]     2.8750 MB /   0.50 sec =   48.2340 Mbps     0 retrans
[2024-11-04T17:41:13.416196-0600]     3.0000 MB /   0.50 sec =   50.3369 Mbps     0 retrans
[2024-11-04T17:41:13.916198-0600]     2.5625 MB /   0.50 sec =   42.9916 Mbps     0 retrans
[2024-11-04T17:41:14.416353-0600]     1.6875 MB /   0.50 sec =   28.3059 Mbps     0 retrans
[2024-11-04T17:41:14.916357-0600]     2.0625 MB /   0.50 sec =   34.6097 Mbps     0 retrans
[2024-11-04T17:41:15.416220-0600]     3.0625 MB /   0.50 sec =   51.3800 Mbps     0 retrans
[2024-11-04T17:41:15.916202-0600]     3.6250 MB /   0.50 sec =   60.8175 Mbps     0 retrans
[2024-11-04T17:41:16.416204-0600]     3.0000 MB /   0.50 sec =   50.3318 Mbps     0 retrans
[2024-11-04T17:41:16.916346-0600]     1.4375 MB /   0.50 sec =   24.1117 Mbps     0 retrans
[2024-11-04T17:41:17.416271-0600]     4.1875 MB /   0.50 sec =   70.2620 Mbps     0 retrans
[2024-11-04T17:41:17.916202-0600]     1.5625 MB /   0.50 sec =   26.2174 Mbps     0 retrans
[2024-11-04T17:41:18.416309-0600]     3.3750 MB /   0.50 sec =   56.6151 Mbps     0 retrans
[2024-11-04T17:41:18.916214-0600]     6.3125 MB /   0.50 sec =  105.9219 Mbps     0 retrans
[2024-11-04T17:41:19.416240-0600]     4.3125 MB /   0.50 sec =   72.3491 Mbps     0 retrans
[2024-11-04T17:41:19.916211-0600]     5.0000 MB /   0.50 sec =   83.8893 Mbps     0 retrans
[2024-11-04T17:41:20.416243-0600]     5.3750 MB /   0.50 sec =   90.1737 Mbps     0 retrans
[2024-11-04T17:41:20.916204-0600]     4.9375 MB /   0.50 sec =   82.8405 Mbps     0 retrans
[2024-11-04T17:41:21.416292-0600]     2.6875 MB /   0.50 sec =   45.0827 Mbps     0 retrans
[2024-11-04T17:41:21.916349-0600]     0.7500 MB /   0.50 sec =   12.5816 Mbps     0 retrans
[2024-11-04T17:41:22.416320-0600]     0.0000 MB /   0.50 sec =    0.0000 Mbps     0 retrans
[2024-11-04T17:41:22.916341-0600]     0.6875 MB /   0.50 sec =   11.5335 Mbps     0 retrans
[2024-11-04T17:41:23.416552-0600]     0.0000 MB /   0.50 sec =    0.0000 Mbps     0 retrans
[2024-11-04T17:41:23.916413-0600]     4.0000 MB /   0.50 sec =   67.1086 Mbps     0 retrans
[2024-11-04T17:41:24.416166-0600]     2.8750 MB /   0.50 sec =   48.2466 Mbps     0 retrans
[2024-11-04T17:41:24.916297-0600]     4.9375 MB /   0.50 sec =   82.8281 Mbps     0 retrans
[2024-11-04T17:41:25.416234-0600]     6.1875 MB /   0.50 sec =  103.8217 Mbps     0 retrans
[2024-11-04T17:41:25.916200-0600]     3.3750 MB /   0.50 sec =   56.6239 Mbps     0 retrans
[2024-11-04T17:41:26.416243-0600]     2.4375 MB /   0.50 sec =   40.8936 Mbps     0 retrans
[2024-11-04T17:41:26.916253-0600]     0.1250 MB /   0.50 sec =    2.0969 Mbps     0 retrans
[2024-11-04T17:41:27.416364-0600]     1.6250 MB /   0.50 sec =   27.2601 Mbps     0 retrans
[2024-11-04T17:41:27.916319-0600]     1.1875 MB /   0.50 sec =   19.9242 Mbps     0 retrans
[2024-11-04T17:41:28.416260-0600]     1.3125 MB /   0.50 sec =   22.0230 Mbps     0 retrans
[2024-11-04T17:41:28.916344-0600]     3.0000 MB /   0.50 sec =   50.3246 Mbps     0 retrans
[2024-11-04T17:41:29.416320-0600]     2.1250 MB /   0.50 sec =   35.6536 Mbps     0 retrans
[2024-11-04T17:41:29.916222-0600]     3.0625 MB /   0.50 sec =   51.3872 Mbps     0 retrans
[2024-11-04T17:41:30.416221-0600]     2.0625 MB /   0.50 sec =   34.6029 Mbps     0 retrans
[2024-11-04T17:41:30.916273-0600]     1.4375 MB /   0.50 sec =   24.1146 Mbps     0 retrans
[2024-11-04T17:41:31.416395-0600]     0.1250 MB /   0.50 sec =    2.0968 Mbps     0 retrans
[2024-11-04T17:41:31.916345-0600]     1.0625 MB /   0.50 sec =   17.8269 Mbps     0 retrans
[2024-11-04T17:41:32.416210-0600]     2.5000 MB /   0.50 sec =   41.9503 Mbps     0 retrans
[2024-11-04T17:41:32.916289-0600]     2.3750 MB /   0.50 sec =   39.8424 Mbps     0 retrans
[2024-11-04T17:41:33.416282-0600]     2.1250 MB /   0.50 sec =   35.6528 Mbps     0 retrans
[2024-11-04T17:41:33.916207-0600]     2.4375 MB /   0.50 sec =   40.8995 Mbps     0 retrans
[2024-11-04T17:41:34.416217-0600]     2.3750 MB /   0.50 sec =   39.8453 Mbps     0 retrans
[2024-11-04T17:41:34.916361-0600]     2.7500 MB /   0.50 sec =   46.1374 Mbps     0 retrans
[2024-11-04T17:41:35.416208-0600]     2.8750 MB /   0.50 sec =   48.2354 Mbps     0 retrans
[2024-11-04T17:41:35.916219-0600]     3.2500 MB /   0.50 sec =   54.5243 Mbps     0 retrans
[2024-11-04T17:41:36.416296-0600]     2.8125 MB /   0.50 sec =   47.1806 Mbps     0 retrans
[2024-11-04T17:41:36.916224-0600]     3.0625 MB /   0.50 sec =   51.3861 Mbps     0 retrans
[2024-11-04T17:41:37.416362-0600]     2.3125 MB /   0.50 sec =   38.7886 Mbps     0 retrans
[2024-11-04T17:41:37.916146-0600]     2.3750 MB /   0.50 sec =   39.8559 Mbps     0 retrans
[2024-11-04T17:41:38.416334-0600]     0.2500 MB /   0.50 sec =    4.1934 Mbps     0 retrans
[2024-11-04T17:41:38.916229-0600]     6.5625 MB /   0.50 sec =  110.1196 Mbps     0 retrans
[2024-11-04T17:41:39.416321-0600]     3.3750 MB /   0.50 sec =   56.6165 Mbps     0 retrans
[2024-11-04T17:41:39.916223-0600]     3.6250 MB /   0.50 sec =   60.8240 Mbps     0 retrans
[2024-11-04T17:41:40.416225-0600]     4.2500 MB /   0.50 sec =   71.3062 Mbps     0 retrans
[2024-11-04T17:41:40.916267-0600]     4.2500 MB /   0.50 sec =   71.2943 Mbps     0 retrans
[2024-11-04T17:41:41.416227-0600]     3.8125 MB /   0.50 sec =   63.9720 Mbps     0 retrans
[2024-11-04T17:41:41.916304-0600]     2.1875 MB /   0.50 sec =   36.6941 Mbps     0 retrans
[2024-11-04T17:41:42.416349-0600]     1.9375 MB /   0.50 sec =   32.5042 Mbps     0 retrans
[2024-11-04T17:41:42.916346-0600]     1.1875 MB /   0.50 sec =   19.9222 Mbps     0 retrans
[2024-11-04T17:41:43.416213-0600]     2.4375 MB /   0.50 sec =   40.9017 Mbps     0 retrans
[2024-11-04T17:41:43.916319-0600]     6.0625 MB /   0.50 sec =  101.6987 Mbps     0 retrans
[2024-11-04T17:41:44.416327-0600]     1.5000 MB /   0.50 sec =   25.1660 Mbps     0 retrans
[2024-11-04T17:41:44.916257-0600]     2.0000 MB /   0.50 sec =   33.5570 Mbps     0 retrans
[2024-11-04T17:41:45.416405-0600]     6.1875 MB /   0.50 sec =  103.8175 Mbps     0 retrans
[2024-11-04T17:41:45.916210-0600]     4.3125 MB /   0.50 sec =   72.3538 Mbps     0 retrans
[2024-11-04T17:41:46.416255-0600]     1.3125 MB /   0.50 sec =   22.0195 Mbps     0 retrans
[2024-11-04T17:41:46.916237-0600]     3.1250 MB /   0.50 sec =   52.4266 Mbps     0 retrans
[2024-11-04T17:41:47.416292-0600]     3.1250 MB /   0.50 sec =   52.4249 Mbps     0 retrans
[2024-11-04T17:41:47.916232-0600]     4.0000 MB /   0.50 sec =   67.1166 Mbps     0 retrans
[2024-11-04T17:41:48.416207-0600]     4.6250 MB /   0.50 sec =   77.5965 Mbps     0 retrans
[2024-11-04T17:41:48.916118-0600]     4.3750 MB /   0.50 sec =   73.4053 Mbps     0 retrans
[2024-11-04T17:41:49.416232-0600]     4.4375 MB /   0.50 sec =   74.4435 Mbps     0 retrans
[2024-11-04T17:41:49.916269-0600]     5.0625 MB /   0.50 sec =   84.9297 Mbps     0 retrans
[2024-11-04T17:41:50.416240-0600]     5.0000 MB /   0.50 sec =   83.8916 Mbps     0 retrans
[2024-11-04T17:41:50.916201-0600]     5.4375 MB /   0.50 sec =   91.2261 Mbps     0 retrans
End time: 1730763711419
