Start time: 1730581945313
[2024-11-02T14:12:26.249903-0700] nuttcp-r: v8.1.4: socket
[2024-11-02T14:12:26.251111-0700] nuttcp-r: buflen=65536, nstream=1, port=5101 tcp
[2024-11-02T14:12:26.251241-0700] nuttcp-r: interval reporting every 0.50 seconds
[2024-11-02T14:12:26.251344-0700] nuttcp-r: connect to 54.176.53.206 with RTT=42.725 ms af=inet
[2024-11-02T14:12:26.251705-0700] nuttcp-r: send window size = 2097152, receive window size = 6291456
[2024-11-02T14:12:26.251797-0700] nuttcp-r: available send window = 1572864, available receive window = 4718592
[2024-11-02T14:12:26.251892-0700]     1.9375 MB /   0.50 sec =   32.5000 Mbps     0 retrans
[2024-11-02T14:12:26.749370-0700]     4.3750 MB /   0.50 sec =   73.4074 Mbps     0 retrans
[2024-11-02T14:12:27.249340-0700]     6.4375 MB /   0.50 sec =  107.9979 Mbps     0 retrans
[2024-11-02T14:12:27.749868-0700]    11.1875 MB /   0.50 sec =  187.6820 Mbps     0 retrans
[2024-11-02T14:12:28.249933-0700]     9.7500 MB /   0.50 sec =  163.5608 Mbps     0 retrans
[2024-11-02T14:12:28.749604-0700]    11.1875 MB /   0.50 sec =  187.7105 Mbps     0 retrans
[2024-11-02T14:12:29.249426-0700]    11.8125 MB /   0.50 sec =  198.2015 Mbps     0 retrans
[2024-11-02T14:12:29.749477-0700]    11.8125 MB /   0.50 sec =  198.1535 Mbps     0 retrans
[2024-11-02T14:12:30.249477-0700]    15.5000 MB /   0.50 sec =  260.0448 Mbps     0 retrans
[2024-11-02T14:12:30.749392-0700]    15.3750 MB /   0.50 sec =  257.9884 Mbps     0 retrans
[2024-11-02T14:12:31.249428-0700]    15.6250 MB /   0.50 sec =  262.1409 Mbps     0 retrans
[2024-11-02T14:12:31.750390-0700]    14.8125 MB /   0.50 sec =  248.0303 Mbps     0 retrans
[2024-11-02T14:12:32.249453-0700]    12.6875 MB /   0.50 sec =  213.2640 Mbps     0 retrans
[2024-11-02T14:12:32.749514-0700]    16.6875 MB /   0.50 sec =  280.0000 Mbps     0 retrans
[2024-11-02T14:12:33.249838-0700]    19.8125 MB /   0.50 sec =  332.0944 Mbps     0 retrans
[2024-11-02T14:12:33.749383-0700]    22.3750 MB /   0.50 sec =  375.7269 Mbps     0 retrans
[2024-11-02T14:12:34.249407-0700]    22.6250 MB /   0.50 sec =  379.5716 Mbps     0 retrans
[2024-11-02T14:12:34.749486-0700]    21.5000 MB /   0.50 sec =  360.6503 Mbps     0 retrans
[2024-11-02T14:12:35.249701-0700]    24.8125 MB /   0.50 sec =  416.3380 Mbps     0 retrans
[2024-11-02T14:12:35.749402-0700]    27.1875 MB /   0.50 sec =  456.1515 Mbps     0 retrans
[2024-11-02T14:12:36.249496-0700]    15.1875 MB /   0.50 sec =  254.7637 Mbps     0 retrans
[2024-11-02T14:12:36.749441-0700]    18.8750 MB /   0.50 sec =  316.7111 Mbps     0 retrans
[2024-11-02T14:12:37.249476-0700]    13.0000 MB /   0.50 sec =  218.0842 Mbps     0 retrans
[2024-11-02T14:12:37.749421-0700]    14.4375 MB /   0.50 sec =  242.2443 Mbps     0 retrans
[2024-11-02T14:12:38.249423-0700]    16.6250 MB /   0.50 sec =  278.9307 Mbps     0 retrans
[2024-11-02T14:12:38.750434-0700]    13.0000 MB /   0.50 sec =  217.6620 Mbps     0 retrans
[2024-11-02T14:12:39.249572-0700]    18.7500 MB /   0.50 sec =  315.1230 Mbps     0 retrans
[2024-11-02T14:12:39.749590-0700]    17.5000 MB /   0.50 sec =  293.5919 Mbps     0 retrans
[2024-11-02T14:12:40.249587-0700]    27.5000 MB /   0.50 sec =  461.5516 Mbps     0 retrans
[2024-11-02T14:12:40.749567-0700]    26.5625 MB /   0.50 sec =  445.6056 Mbps     0 retrans
[2024-11-02T14:12:41.249403-0700]    24.3750 MB /   0.50 sec =  408.9438 Mbps     0 retrans
[2024-11-02T14:12:41.749383-0700]    29.5000 MB /   0.50 sec =  494.9447 Mbps     0 retrans
[2024-11-02T14:12:42.249931-0700]    19.6250 MB /   0.50 sec =  329.1956 Mbps     0 retrans
[2024-11-02T14:12:42.749598-0700]    24.7500 MB /   0.50 sec =  415.2901 Mbps     0 retrans
[2024-11-02T14:12:43.249396-0700]    25.0000 MB /   0.50 sec =  419.4371 Mbps     0 retrans
[2024-11-02T14:12:43.749476-0700]     8.1875 MB /   0.50 sec =  137.3437 Mbps     0 retrans
[2024-11-02T14:12:44.249512-0700]    13.8125 MB /   0.50 sec =  231.7325 Mbps     0 retrans
[2024-11-02T14:12:44.749408-0700]    24.0625 MB /   0.50 sec =  403.7575 Mbps     0 retrans
[2024-11-02T14:12:45.249543-0700]    24.4375 MB /   0.50 sec =  409.9293 Mbps     0 retrans
[2024-11-02T14:12:45.749781-0700]    22.0000 MB /   0.50 sec =  369.1659 Mbps     0 retrans
[2024-11-02T14:12:46.249792-0700]    23.8750 MB /   0.50 sec =  400.2382 Mbps     0 retrans
[2024-11-02T14:12:46.749594-0700]    18.3125 MB /   0.50 sec =  307.3785 Mbps     0 retrans
[2024-11-02T14:12:47.249879-0700]    25.0000 MB /   0.50 sec =  419.5647 Mbps     0 retrans
[2024-11-02T14:12:47.750452-0700]    18.0625 MB /   0.50 sec =  302.4185 Mbps     0 retrans
[2024-11-02T14:12:48.249539-0700]    24.2500 MB /   0.50 sec =  407.5926 Mbps     0 retrans
[2024-11-02T14:12:48.749576-0700]    18.0000 MB /   0.50 sec =  301.9700 Mbps     0 retrans
[2024-11-02T14:12:49.249547-0700]    13.1250 MB /   0.50 sec =  220.2151 Mbps     0 retrans
[2024-11-02T14:12:49.749441-0700]    12.8125 MB /   0.50 sec =  214.9847 Mbps     0 retrans
[2024-11-02T14:12:50.249385-0700]    15.8750 MB /   0.50 sec =  266.3639 Mbps     0 retrans
[2024-11-02T14:12:50.749395-0700]    16.5625 MB /   0.50 sec =  277.8743 Mbps     0 retrans
[2024-11-02T14:12:51.249304-0700]    14.6250 MB /   0.50 sec =  245.3786 Mbps     0 retrans
[2024-11-02T14:12:51.749708-0700]    16.8750 MB /   0.50 sec =  282.9186 Mbps     0 retrans
[2024-11-02T14:12:52.249559-0700]    16.6875 MB /   0.50 sec =  280.0824 Mbps     0 retrans
[2024-11-02T14:12:52.749703-0700]    18.9375 MB /   0.50 sec =  317.7077 Mbps     0 retrans
[2024-11-02T14:12:53.249402-0700]    20.1250 MB /   0.50 sec =  337.7293 Mbps     0 retrans
[2024-11-02T14:12:53.749403-0700]    23.8750 MB /   0.50 sec =  400.5560 Mbps     0 retrans
[2024-11-02T14:12:54.249435-0700]    21.6250 MB /   0.50 sec =  362.8029 Mbps     0 retrans
[2024-11-02T14:12:54.749844-0700]    23.3125 MB /   0.50 sec =  391.0821 Mbps     0 retrans
[2024-11-02T14:12:55.249538-0700]    21.1875 MB /   0.50 sec =  355.4410 Mbps     0 retrans
[2024-11-02T14:12:55.749857-0700]    22.3750 MB /   0.50 sec =  375.4488 Mbps     0 retrans
[2024-11-02T14:12:56.249695-0700]    18.8125 MB /   0.50 sec =  315.4365 Mbps     0 retrans
[2024-11-02T14:12:56.749413-0700]    18.5625 MB /   0.50 sec =  311.5847 Mbps     0 retrans
[2024-11-02T14:12:57.249423-0700]    21.4375 MB /   0.50 sec =  359.6860 Mbps     0 retrans
[2024-11-02T14:12:57.749412-0700]    16.7500 MB /   0.50 sec =  281.0172 Mbps     0 retrans
[2024-11-02T14:12:58.249582-0700]    18.6875 MB /   0.50 sec =  313.5280 Mbps     0 retrans
[2024-11-02T14:12:58.750424-0700]    13.6250 MB /   0.50 sec =  228.1479 Mbps     0 retrans
[2024-11-02T14:12:59.249383-0700]    18.7500 MB /   0.50 sec =  315.2007 Mbps     0 retrans
[2024-11-02T14:12:59.749431-0700]    10.1875 MB /   0.50 sec =  170.9090 Mbps     0 retrans
[2024-11-02T14:13:00.249527-0700]    13.0000 MB /   0.50 sec =  218.0724 Mbps     0 retrans
[2024-11-02T14:13:00.749402-0700]    18.6250 MB /   0.50 sec =  312.5269 Mbps     0 retrans
[2024-11-02T14:13:01.249508-0700]    15.3750 MB /   0.50 sec =  257.9110 Mbps     0 retrans
[2024-11-02T14:13:01.749396-0700]    21.1875 MB /   0.50 sec =  355.5213 Mbps     0 retrans
[2024-11-02T14:13:02.249410-0700]    15.6875 MB /   0.50 sec =  263.1820 Mbps     0 retrans
[2024-11-02T14:13:02.749774-0700]    21.9375 MB /   0.50 sec =  367.8015 Mbps     0 retrans
[2024-11-02T14:13:03.249427-0700]    21.3750 MB /   0.50 sec =  358.8642 Mbps     0 retrans
[2024-11-02T14:13:03.749413-0700]    23.0625 MB /   0.50 sec =  386.9238 Mbps     0 retrans
[2024-11-02T14:13:04.249545-0700]    23.8750 MB /   0.50 sec =  400.4727 Mbps     0 retrans
[2024-11-02T14:13:04.749395-0700]    20.1875 MB /   0.50 sec =  338.7707 Mbps     0 retrans
[2024-11-02T14:13:05.249471-0700]    22.2500 MB /   0.50 sec =  373.2811 Mbps     0 retrans
[2024-11-02T14:13:05.749398-0700]    21.3750 MB /   0.50 sec =  358.6252 Mbps     0 retrans
[2024-11-02T14:13:06.249364-0700]    17.5625 MB /   0.50 sec =  294.6557 Mbps     0 retrans
[2024-11-02T14:13:06.749598-0700]    22.0625 MB /   0.50 sec =  370.1037 Mbps     0 retrans
[2024-11-02T14:13:07.249428-0700]    20.1875 MB /   0.50 sec =  338.7171 Mbps     0 retrans
[2024-11-02T14:13:07.749638-0700]    20.9375 MB /   0.50 sec =  351.1753 Mbps     0 retrans
[2024-11-02T14:13:08.249805-0700]    22.9375 MB /   0.50 sec =  384.6481 Mbps     0 retrans
[2024-11-02T14:13:08.749302-0700]    22.8750 MB /   0.50 sec =  384.0984 Mbps     0 retrans
[2024-11-02T14:13:09.249430-0700]    14.6875 MB /   0.50 sec =  246.3907 Mbps     0 retrans
[2024-11-02T14:13:09.749419-0700]    20.6875 MB /   0.50 sec =  347.0849 Mbps     0 retrans
[2024-11-02T14:13:10.249486-0700]    18.9375 MB /   0.50 sec =  317.6861 Mbps     0 retrans
[2024-11-02T14:13:10.749516-0700]     8.0000 MB /   0.50 sec =  134.2030 Mbps     0 retrans
[2024-11-02T14:13:11.249986-0700]    17.5000 MB /   0.50 sec =  293.6030 Mbps     0 retrans
[2024-11-02T14:13:11.749407-0700]    21.4375 MB /   0.50 sec =  359.7386 Mbps     0 retrans
[2024-11-02T14:13:12.249482-0700]    23.4375 MB /   0.50 sec =  393.1586 Mbps     0 retrans
[2024-11-02T14:13:12.749410-0700]    18.1875 MB /   0.50 sec =  305.1777 Mbps     0 retrans
[2024-11-02T14:13:13.249535-0700]    18.0000 MB /   0.50 sec =  301.9838 Mbps     0 retrans
[2024-11-02T14:13:13.750361-0700]    23.0000 MB /   0.50 sec =  385.1703 Mbps     0 retrans
[2024-11-02T14:13:14.249545-0700]    22.3125 MB /   0.50 sec =  375.0460 Mbps     0 retrans
[2024-11-02T14:13:14.749383-0700]    16.8750 MB /   0.50 sec =  283.1150 Mbps     0 retrans
[2024-11-02T14:13:15.249392-0700]    19.0625 MB /   0.50 sec =  319.8189 Mbps     0 retrans
[2024-11-02T14:13:15.749395-0700]    19.1875 MB /   0.50 sec =  321.9090 Mbps     0 retrans
[2024-11-02T14:13:16.249416-0700]    17.0000 MB /   0.50 sec =  285.2058 Mbps     0 retrans
[2024-11-02T14:13:16.749559-0700]    15.2500 MB /   0.50 sec =  255.8464 Mbps     0 retrans
[2024-11-02T14:13:17.249533-0700]    13.9375 MB /   0.50 sec =  233.7988 Mbps     0 retrans
[2024-11-02T14:13:17.749510-0700]    19.6250 MB /   0.50 sec =  329.2456 Mbps     0 retrans
[2024-11-02T14:13:18.249441-0700]    18.1250 MB /   0.50 sec =  304.1321 Mbps     0 retrans
[2024-11-02T14:13:18.749760-0700]    19.7500 MB /   0.50 sec =  331.2069 Mbps     0 retrans
[2024-11-02T14:13:19.249405-0700]    15.8750 MB /   0.50 sec =  266.4609 Mbps     0 retrans
[2024-11-02T14:13:19.750445-0700]    18.3750 MB /   0.50 sec =  307.6660 Mbps     0 retrans
[2024-11-02T14:13:20.249457-0700]    20.6250 MB /   0.50 sec =  346.7089 Mbps     0 retrans
[2024-11-02T14:13:20.749485-0700]    17.1250 MB /   0.50 sec =  287.3397 Mbps     0 retrans
[2024-11-02T14:13:21.250689-0700]    10.7500 MB /   0.50 sec =  180.0404 Mbps     0 retrans
[2024-11-02T14:13:21.749402-0700]    19.7500 MB /   0.50 sec =  331.9203 Mbps     0 retrans
[2024-11-02T14:13:22.249403-0700]    12.9375 MB /   0.50 sec =  217.0539 Mbps     0 retrans
[2024-11-02T14:13:22.749421-0700]    13.3125 MB /   0.50 sec =  223.3373 Mbps     0 retrans
[2024-11-02T14:13:23.249437-0700]    21.3125 MB /   0.50 sec =  357.5651 Mbps     0 retrans
[2024-11-02T14:13:23.749390-0700]    14.5000 MB /   0.50 sec =  243.2798 Mbps     0 retrans
[2024-11-02T14:13:24.249650-0700]    18.2500 MB /   0.50 sec =  306.2032 Mbps     0 retrans
[2024-11-02T14:13:24.749464-0700]    15.8750 MB /   0.50 sec =  266.3032 Mbps     0 retrans
[2024-11-02T14:13:25.249503-0700]    18.8750 MB /   0.50 sec =  316.6307 Mbps     0 retrans
[2024-11-02T14:13:25.749390-0700]    24.6875 MB /   0.50 sec =  414.2729 Mbps     0 retrans
[2024-11-02T14:13:26.249521-0700]    14.6875 MB /   0.50 sec =  246.4277 Mbps     0 retrans
[2024-11-02T14:13:26.750391-0700]    21.6875 MB /   0.50 sec =  363.1274 Mbps     0 retrans
[2024-11-02T14:13:27.249420-0700]    19.0000 MB /   0.50 sec =  319.3810 Mbps     0 retrans
[2024-11-02T14:13:27.750462-0700]    22.7500 MB /   0.50 sec =  380.9191 Mbps     0 retrans
[2024-11-02T14:13:28.249489-0700]    22.4375 MB /   0.50 sec =  377.1312 Mbps     0 retrans
[2024-11-02T14:13:28.750407-0700]    16.6875 MB /   0.50 sec =  279.4718 Mbps     0 retrans
[2024-11-02T14:13:29.249945-0700]    19.6875 MB /   0.50 sec =  330.8560 Mbps     0 retrans
[2024-11-02T14:13:29.749730-0700]    20.6250 MB /   0.50 sec =  345.9740 Mbps     0 retrans
[2024-11-02T14:13:30.249442-0700]    21.2500 MB /   0.50 sec =  356.6713 Mbps     0 retrans
[2024-11-02T14:13:30.749375-0700]    25.8125 MB /   0.50 sec =  433.0783 Mbps     0 retrans
[2024-11-02T14:13:31.249400-0700]     9.1250 MB /   0.50 sec =  153.0884 Mbps     0 retrans
[2024-11-02T14:13:31.749531-0700]    16.1875 MB /   0.50 sec =  271.5942 Mbps     0 retrans
[2024-11-02T14:13:32.249494-0700]    14.1875 MB /   0.50 sec =  237.9749 Mbps     0 retrans
[2024-11-02T14:13:32.749509-0700]    20.4375 MB /   0.50 sec =  342.8706 Mbps     0 retrans
[2024-11-02T14:13:33.249549-0700]    20.5000 MB /   0.50 sec =  343.9467 Mbps     0 retrans
[2024-11-02T14:13:33.749532-0700]    20.3125 MB /   0.50 sec =  340.8322 Mbps     0 retrans
[2024-11-02T14:13:34.249423-0700]    24.1875 MB /   0.50 sec =  405.8070 Mbps     0 retrans
[2024-11-02T14:13:34.749438-0700]    21.9375 MB /   0.50 sec =  368.0259 Mbps     0 retrans
[2024-11-02T14:13:35.250201-0700]    22.5625 MB /   0.50 sec =  378.2409 Mbps     0 retrans
[2024-11-02T14:13:35.751126-0700]    14.6875 MB /   0.50 sec =  245.9996 Mbps     0 retrans
[2024-11-02T14:13:36.249427-0700]    24.0000 MB /   0.50 sec =  403.6834 Mbps     0 retrans
[2024-11-02T14:13:36.750194-0700]    17.4375 MB /   0.50 sec =  292.3019 Mbps     0 retrans
[2024-11-02T14:13:37.250036-0700]    21.0000 MB /   0.50 sec =  352.1905 Mbps     0 retrans
[2024-11-02T14:13:37.749457-0700]    21.4375 MB /   0.50 sec =  360.0713 Mbps     0 retrans
[2024-11-02T14:13:38.249490-0700]    17.1875 MB /   0.50 sec =  288.3405 Mbps     0 retrans
[2024-11-02T14:13:38.749439-0700]    21.0625 MB /   0.50 sec =  353.4026 Mbps     0 retrans
[2024-11-02T14:13:39.249655-0700]    24.2500 MB /   0.50 sec =  406.8068 Mbps     0 retrans
[2024-11-02T14:13:39.749372-0700]    22.9375 MB /   0.50 sec =  384.9021 Mbps     0 retrans
[2024-11-02T14:13:40.249394-0700]    19.6875 MB /   0.50 sec =  330.3034 Mbps     0 retrans
[2024-11-02T14:13:40.750181-0700]    23.4375 MB /   0.50 sec =  392.9260 Mbps     0 retrans
[2024-11-02T14:13:41.249659-0700]    19.2500 MB /   0.50 sec =  323.1243 Mbps     0 retrans
[2024-11-02T14:13:41.749430-0700]    17.7500 MB /   0.50 sec =  297.8397 Mbps     0 retrans
[2024-11-02T14:13:42.249512-0700]    23.1250 MB /   0.50 sec =  387.9312 Mbps     0 retrans
[2024-11-02T14:13:42.749891-0700]    19.2500 MB /   0.50 sec =  322.9246 Mbps     0 retrans
[2024-11-02T14:13:43.249430-0700]    29.1250 MB /   0.50 sec =  488.7645 Mbps     0 retrans
[2024-11-02T14:13:43.749610-0700]    21.6250 MB /   0.50 sec =  362.8116 Mbps     0 retrans
[2024-11-02T14:13:44.249612-0700]    21.9375 MB /   0.50 sec =  367.9207 Mbps     0 retrans
[2024-11-02T14:13:44.749458-0700]    23.5625 MB /   0.50 sec =  395.4239 Mbps     0 retrans
[2024-11-02T14:13:45.249697-0700]    19.9375 MB /   0.50 sec =  334.4590 Mbps     0 retrans
[2024-11-02T14:13:45.749403-0700]    20.8750 MB /   0.50 sec =  350.2769 Mbps     0 retrans
[2024-11-02T14:13:46.249549-0700]    10.5000 MB /   0.50 sec =  176.1351 Mbps     0 retrans
[2024-11-02T14:13:46.750466-0700]    20.0625 MB /   0.50 sec =  335.9693 Mbps     0 retrans
[2024-11-02T14:13:47.249532-0700]    10.3125 MB /   0.50 sec =  173.3305 Mbps     0 retrans
[2024-11-02T14:13:47.749447-0700]    22.1875 MB /   0.50 sec =  372.2892 Mbps     0 retrans
[2024-11-02T14:13:48.249488-0700]    10.1875 MB /   0.50 sec =  170.9104 Mbps     0 retrans
[2024-11-02T14:13:48.749594-0700]    13.7500 MB /   0.50 sec =  230.6461 Mbps     0 retrans
[2024-11-02T14:13:49.249461-0700]    11.7500 MB /   0.50 sec =  197.1713 Mbps     0 retrans
[2024-11-02T14:13:49.750694-0700]    10.4375 MB /   0.50 sec =  174.8105 Mbps     0 retrans
[2024-11-02T14:13:50.249649-0700]     9.6250 MB /   0.50 sec =  161.7113 Mbps     0 retrans
[2024-11-02T14:13:50.750465-0700]    12.2500 MB /   0.50 sec =  205.1852 Mbps     0 retrans
[2024-11-02T14:13:51.249494-0700]    18.0625 MB /   0.50 sec =  303.6184 Mbps     0 retrans
[2024-11-02T14:13:51.750439-0700]    14.6875 MB /   0.50 sec =  245.9574 Mbps     0 retrans
[2024-11-02T14:13:52.249556-0700]    12.4375 MB /   0.50 sec =  209.0412 Mbps     0 retrans
[2024-11-02T14:13:52.750437-0700]    17.1875 MB /   0.50 sec =  287.8345 Mbps     0 retrans
[2024-11-02T14:13:53.249415-0700]    19.1875 MB /   0.50 sec =  322.5702 Mbps     0 retrans
[2024-11-02T14:13:53.749428-0700]    19.8750 MB /   0.50 sec =  333.4338 Mbps     0 retrans
[2024-11-02T14:13:54.249645-0700]    19.6875 MB /   0.50 sec =  330.2618 Mbps     0 retrans
[2024-11-02T14:13:54.749988-0700]    20.4375 MB /   0.50 sec =  342.6911 Mbps     0 retrans
[2024-11-02T14:13:55.249903-0700]    18.9375 MB /   0.50 sec =  317.6518 Mbps     0 retrans
[2024-11-02T14:13:55.749426-0700]    24.5000 MB /   0.50 sec =  411.3808 Mbps     0 retrans
[2024-11-02T14:13:56.249894-0700]    17.6875 MB /   0.50 sec =  296.5193 Mbps     0 retrans
[2024-11-02T14:13:56.750448-0700]     6.1250 MB /   0.50 sec =  102.6410 Mbps     0 retrans
[2024-11-02T14:13:57.249380-0700]    11.6250 MB /   0.50 sec =  195.4385 Mbps     0 retrans
[2024-11-02T14:13:57.749430-0700]     9.9375 MB /   0.50 sec =  166.7206 Mbps     0 retrans
[2024-11-02T14:13:58.249426-0700]    10.3750 MB /   0.50 sec =  174.0608 Mbps     0 retrans
[2024-11-02T14:13:58.749399-0700]     9.3750 MB /   0.50 sec =  157.2861 Mbps     0 retrans
[2024-11-02T14:13:59.249467-0700]    11.0000 MB /   0.50 sec =  184.5413 Mbps     0 retrans
[2024-11-02T14:13:59.750982-0700]    11.1250 MB /   0.50 sec =  186.1250 Mbps     0 retrans
[2024-11-02T14:14:00.249593-0700]    16.8125 MB /   0.50 sec =  282.8964 Mbps     0 retrans
[2024-11-02T14:14:00.750507-0700]    12.4375 MB /   0.50 sec =  208.2140 Mbps     0 retrans
[2024-11-02T14:14:01.249410-0700]    19.5625 MB /   0.50 sec =  328.8956 Mbps     0 retrans
[2024-11-02T14:14:01.749520-0700]    16.6250 MB /   0.50 sec =  278.8610 Mbps     0 retrans
[2024-11-02T14:14:02.249558-0700]    21.6875 MB /   0.50 sec =  363.8384 Mbps     0 retrans
[2024-11-02T14:14:02.749569-0700]    22.8750 MB /   0.50 sec =  383.8709 Mbps     0 retrans
[2024-11-02T14:14:03.249424-0700]    26.3750 MB /   0.50 sec =  442.4893 Mbps     0 retrans
[2024-11-02T14:14:03.749582-0700]    18.8750 MB /   0.50 sec =  316.5921 Mbps     0 retrans
[2024-11-02T14:14:04.249442-0700]    25.6250 MB /   0.50 sec =  430.0443 Mbps     0 retrans
[2024-11-02T14:14:04.749389-0700]    18.6875 MB /   0.50 sec =  313.5343 Mbps     0 retrans
[2024-11-02T14:14:05.249439-0700]    24.6250 MB /   0.50 sec =  413.1175 Mbps     0 retrans
[2024-11-02T14:14:05.749538-0700]    19.9375 MB /   0.50 sec =  334.4991 Mbps     0 retrans
[2024-11-02T14:14:06.250152-0700]    22.1875 MB /   0.50 sec =  371.9544 Mbps     0 retrans
[2024-11-02T14:14:06.749430-0700]    26.4375 MB /   0.50 sec =  443.8912 Mbps     0 retrans
[2024-11-02T14:14:07.250476-0700]    21.0000 MB /   0.50 sec =  351.8950 Mbps     0 retrans
[2024-11-02T14:14:07.750445-0700]    24.1250 MB /   0.50 sec =  404.4260 Mbps     0 retrans
[2024-11-02T14:14:08.249534-0700]    17.4375 MB /   0.50 sec =  293.1008 Mbps     0 retrans
[2024-11-02T14:14:08.749473-0700]    22.8125 MB /   0.50 sec =  382.8152 Mbps     0 retrans
[2024-11-02T14:14:09.249581-0700]    26.9375 MB /   0.50 sec =  451.8983 Mbps     0 retrans
[2024-11-02T14:14:09.750750-0700]    24.1875 MB /   0.50 sec =  405.0835 Mbps     0 retrans
[2024-11-02T14:14:10.249511-0700]    18.6250 MB /   0.50 sec =  312.9802 Mbps     0 retrans
[2024-11-02T14:14:10.749868-0700]    21.6250 MB /   0.50 sec =  362.8603 Mbps     0 retrans
[2024-11-02T14:14:11.249726-0700]    12.5000 MB /   0.50 sec =  209.6456 Mbps     0 retrans
[2024-11-02T14:14:11.750803-0700]    13.8125 MB /   0.50 sec =  231.1842 Mbps     0 retrans
[2024-11-02T14:14:12.249583-0700]     8.4375 MB /   0.50 sec =  141.9077 Mbps     0 retrans
[2024-11-02T14:14:12.749513-0700]     4.6875 MB /   0.50 sec =   78.6519 Mbps     0 retrans
[2024-11-02T14:14:13.249412-0700]    20.8125 MB /   0.50 sec =  349.2324 Mbps     0 retrans
[2024-11-02T14:14:13.749554-0700]    16.4375 MB /   0.50 sec =  275.7066 Mbps     0 retrans
[2024-11-02T14:14:14.249516-0700]    21.5000 MB /   0.50 sec =  360.7462 Mbps     0 retrans
[2024-11-02T14:14:14.749554-0700]     7.3750 MB /   0.50 sec =  123.7174 Mbps     0 retrans
[2024-11-02T14:14:15.249449-0700]    14.5000 MB /   0.50 sec =  243.3246 Mbps     0 retrans
[2024-11-02T14:14:15.749437-0700]    15.4375 MB /   0.50 sec =  259.0040 Mbps     0 retrans
[2024-11-02T14:14:16.249455-0700]    15.0625 MB /   0.50 sec =  252.6841 Mbps     0 retrans
[2024-11-02T14:14:16.749810-0700]    16.0000 MB /   0.50 sec =  268.2697 Mbps     0 retrans
[2024-11-02T14:14:17.249572-0700]    16.8125 MB /   0.50 sec =  282.2086 Mbps     0 retrans
[2024-11-02T14:14:17.749536-0700]    16.8750 MB /   0.50 sec =  283.1172 Mbps     0 retrans
[2024-11-02T14:14:18.249685-0700]    21.6875 MB /   0.50 sec =  363.8661 Mbps     0 retrans
[2024-11-02T14:14:18.749448-0700]    21.8750 MB /   0.50 sec =  367.0545 Mbps     0 retrans
[2024-11-02T14:14:19.249460-0700]    23.5000 MB /   0.50 sec =  394.2401 Mbps     0 retrans
[2024-11-02T14:14:19.749499-0700]    23.0000 MB /   0.50 sec =  385.8621 Mbps     0 retrans
[2024-11-02T14:14:20.249545-0700]    15.5625 MB /   0.50 sec =  261.0751 Mbps     0 retrans
[2024-11-02T14:14:20.750377-0700]    26.1875 MB /   0.50 sec =  438.6279 Mbps     0 retrans
[2024-11-02T14:14:21.250134-0700]    20.8750 MB /   0.50 sec =  350.3793 Mbps     0 retrans
[2024-11-02T14:14:21.749833-0700]    21.5000 MB /   0.50 sec =  361.2347 Mbps     0 retrans
[2024-11-02T14:14:22.249585-0700]    23.1250 MB /   0.50 sec =  387.9956 Mbps     0 retrans
[2024-11-02T14:14:22.749427-0700]    22.8125 MB /   0.50 sec =  382.7004 Mbps     0 retrans
[2024-11-02T14:14:23.249420-0700]    15.8750 MB /   0.50 sec =  266.3388 Mbps     0 retrans
[2024-11-02T14:14:23.749390-0700]    16.9375 MB /   0.50 sec =  284.1681 Mbps     0 retrans
[2024-11-02T14:14:24.249500-0700]    21.5000 MB /   0.50 sec =  360.6575 Mbps     0 retrans
[2024-11-02T14:14:24.749428-0700]    19.8125 MB /   0.50 sec =  332.4378 Mbps     0 retrans
[2024-11-02T14:14:25.249420-0700]    25.8750 MB /   0.50 sec =  434.0983 Mbps     0 retrans
[2024-11-02T14:14:25.749388-0700]    22.8750 MB /   0.50 sec =  383.7957 Mbps     0 retrans
[2024-11-02T14:14:26.249429-0700]    24.0000 MB /   0.50 sec =  402.6532 Mbps     0 retrans
End time: 1730582066464
