Start time: 1730844844048
[2024-11-05T16:14:04.895183-0600] nuttcp-r: v8.1.4: socket
[2024-11-05T16:14:04.896266-0600] nuttcp-r: buflen=65536, nstream=1, port=5103 tcp
[2024-11-05T16:14:04.896384-0600] nuttcp-r: interval reporting every 0.50 seconds
[2024-11-05T16:14:04.896472-0600] nuttcp-r: connect to 54.197.223.49 with RTT=51.214 ms af=inet
[2024-11-05T16:14:04.896559-0600] nuttcp-r: send window size = 1048576, receive window size = 1048576
[2024-11-05T16:14:04.896644-0600] nuttcp-r: available send window = 786432, available receive window = 786432
[2024-11-05T16:14:04.896726-0600]     1.4375 MB /   0.50 sec =   24.0936 Mbps     0 retrans     14 KB-cwnd
[2024-11-05T16:14:05.394780-0600]     6.5000 MB /   0.50 sec =  109.1303 Mbps     0 retrans     14 KB-cwnd
[2024-11-05T16:14:05.894165-0600]     6.8750 MB /   0.50 sec =  115.3530 Mbps     0 retrans     14 KB-cwnd
[2024-11-05T16:14:06.396847-0600]     5.8125 MB /   0.50 sec =   97.1842 Mbps     0 retrans     14 KB-cwnd
[2024-11-05T16:14:06.894159-0600]     3.9375 MB /   0.50 sec =   66.2936 Mbps     0 retrans     14 KB-cwnd
[2024-11-05T16:14:07.394168-0600]     5.4375 MB /   0.50 sec =   91.2217 Mbps     0 retrans     14 KB-cwnd
[2024-11-05T16:14:07.894291-0600]     8.8750 MB /   0.50 sec =  148.8856 Mbps     0 retrans     14 KB-cwnd
[2024-11-05T16:14:08.394720-0600]     5.6250 MB /   0.50 sec =   94.3690 Mbps     0 retrans     14 KB-cwnd
[2024-11-05T16:14:08.894808-0600]     9.0000 MB /   0.50 sec =  150.8510 Mbps     0 retrans     14 KB-cwnd
[2024-11-05T16:14:09.395148-0600]    11.5000 MB /   0.50 sec =  192.9716 Mbps     0 retrans     14 KB-cwnd
[2024-11-05T16:14:09.895733-0600]     2.0000 MB /   0.50 sec =   33.4907 Mbps     0 retrans     14 KB-cwnd
[2024-11-05T16:14:10.394203-0600]     2.9375 MB /   0.50 sec =   49.4185 Mbps     0 retrans     14 KB-cwnd
[2024-11-05T16:14:10.894255-0600]     3.1250 MB /   0.50 sec =   52.4233 Mbps     0 retrans     14 KB-cwnd
[2024-11-05T16:14:11.395140-0600]     2.6875 MB /   0.50 sec =   45.0600 Mbps     0 retrans     14 KB-cwnd
[2024-11-05T16:14:11.894269-0600]     4.9375 MB /   0.50 sec =   82.8942 Mbps     0 retrans     14 KB-cwnd
[2024-11-05T16:14:12.394080-0600]     0.2500 MB /   0.50 sec =    4.1951 Mbps     0 retrans     14 KB-cwnd
[2024-11-05T16:14:12.896353-0600]     0.1250 MB /   0.50 sec =    2.0884 Mbps     0 retrans     14 KB-cwnd
[2024-11-05T16:14:13.394233-0600]     0.4375 MB /   0.50 sec =    7.3702 Mbps     0 retrans     14 KB-cwnd
[2024-11-05T16:14:13.894297-0600]     2.3125 MB /   0.50 sec =   38.7931 Mbps     0 retrans     24 KB-cwnd
[2024-11-05T16:14:14.394228-0600]     4.5000 MB /   0.50 sec =   75.5053 Mbps     0 retrans     28 KB-cwnd
[2024-11-05T16:14:14.894320-0600]     1.2500 MB /   0.50 sec =   20.9680 Mbps     0 retrans     28 KB-cwnd
[2024-11-05T16:14:15.394576-0600]     0.4375 MB /   0.50 sec =    7.3380 Mbps     0 retrans     28 KB-cwnd
[2024-11-05T16:14:15.896048-0600]     2.7500 MB /   0.50 sec =   46.0387 Mbps     0 retrans     28 KB-cwnd
[2024-11-05T16:14:16.394662-0600]     1.5625 MB /   0.50 sec =   26.2793 Mbps     0 retrans     28 KB-cwnd
[2024-11-05T16:14:16.894812-0600]     2.2500 MB /   0.50 sec =   37.7116 Mbps     0 retrans     28 KB-cwnd
[2024-11-05T16:14:17.394767-0600]     1.9375 MB /   0.50 sec =   32.5438 Mbps     0 retrans     28 KB-cwnd
[2024-11-05T16:14:17.894235-0600]     1.5625 MB /   0.50 sec =   26.2127 Mbps     0 retrans     28 KB-cwnd
[2024-11-05T16:14:18.394545-0600]     1.3125 MB /   0.50 sec =   22.0222 Mbps     0 retrans     28 KB-cwnd
[2024-11-05T16:14:18.894834-0600]     1.0625 MB /   0.50 sec =   17.8178 Mbps     0 retrans     28 KB-cwnd
[2024-11-05T16:14:19.394773-0600]     0.8125 MB /   0.50 sec =   13.6232 Mbps     0 retrans     28 KB-cwnd
[2024-11-05T16:14:19.894316-0600]     1.1875 MB /   0.50 sec =   19.9392 Mbps     0 retrans     28 KB-cwnd
[2024-11-05T16:14:20.394202-0600]     0.9375 MB /   0.50 sec =   15.7314 Mbps     0 retrans     28 KB-cwnd
[2024-11-05T16:14:20.894301-0600]     1.7500 MB /   0.50 sec =   29.3610 Mbps     0 retrans     28 KB-cwnd
[2024-11-05T16:14:21.394252-0600]     1.6250 MB /   0.50 sec =   27.2610 Mbps     0 retrans     28 KB-cwnd
[2024-11-05T16:14:21.894364-0600]     1.6875 MB /   0.50 sec =   28.3025 Mbps     0 retrans     28 KB-cwnd
[2024-11-05T16:14:22.394186-0600]     1.6250 MB /   0.50 sec =   27.2734 Mbps     0 retrans     28 KB-cwnd
[2024-11-05T16:14:22.894276-0600]     1.5000 MB /   0.50 sec =   25.1643 Mbps     0 retrans     28 KB-cwnd
[2024-11-05T16:14:23.394653-0600]     1.1875 MB /   0.50 sec =   19.9081 Mbps     0 retrans     28 KB-cwnd
[2024-11-05T16:14:23.894212-0600]     1.6250 MB /   0.50 sec =   27.2844 Mbps     0 retrans     28 KB-cwnd
[2024-11-05T16:14:24.394285-0600]     1.8125 MB /   0.50 sec =   30.4052 Mbps     0 retrans     28 KB-cwnd
[2024-11-05T16:14:24.894634-0600]     1.6875 MB /   0.50 sec =   28.3145 Mbps     0 retrans     28 KB-cwnd
[2024-11-05T16:14:25.394849-0600]     1.8125 MB /   0.50 sec =   30.4102 Mbps     0 retrans     28 KB-cwnd
[2024-11-05T16:14:25.896807-0600]     1.3125 MB /   0.50 sec =   21.9108 Mbps     0 retrans     28 KB-cwnd
[2024-11-05T16:14:26.394488-0600]     1.3750 MB /   0.50 sec =   23.1808 Mbps     0 retrans     28 KB-cwnd
[2024-11-05T16:14:26.894251-0600]     2.6250 MB /   0.50 sec =   44.0410 Mbps     0 retrans     28 KB-cwnd
[2024-11-05T16:14:27.394194-0600]     2.8125 MB /   0.50 sec =   47.1906 Mbps     0 retrans     31 KB-cwnd
[2024-11-05T16:14:27.895653-0600]     3.2500 MB /   0.50 sec =   54.4116 Mbps     0 retrans     31 KB-cwnd
[2024-11-05T16:14:28.394220-0600]     3.4375 MB /   0.50 sec =   57.7929 Mbps     0 retrans     31 KB-cwnd
[2024-11-05T16:14:28.894158-0600]     4.4375 MB /   0.50 sec =   74.4482 Mbps     0 retrans     31 KB-cwnd
[2024-11-05T16:14:29.394613-0600]     5.5625 MB /   0.50 sec =   93.3182 Mbps     0 retrans     31 KB-cwnd
[2024-11-05T16:14:29.894503-0600]     7.1875 MB /   0.50 sec =  120.5151 Mbps     0 retrans     39 KB-cwnd
[2024-11-05T16:14:30.394251-0600]     7.8125 MB /   0.50 sec =  131.1554 Mbps     0 retrans     43 KB-cwnd
[2024-11-05T16:14:30.894263-0600]    10.1875 MB /   0.50 sec =  170.9141 Mbps     0 retrans     49 KB-cwnd
[2024-11-05T16:14:31.394586-0600]     8.8125 MB /   0.50 sec =  147.8551 Mbps     0 retrans     53 KB-cwnd
[2024-11-05T16:14:31.894136-0600]     9.7500 MB /   0.50 sec =  163.5906 Mbps     0 retrans     53 KB-cwnd
[2024-11-05T16:14:32.394293-0600]    13.5000 MB /   0.50 sec =  226.4920 Mbps     0 retrans     53 KB-cwnd
[2024-11-05T16:14:32.894610-0600]     7.0625 MB /   0.50 sec =  118.3818 Mbps     0 retrans     53 KB-cwnd
[2024-11-05T16:14:33.395174-0600]     8.1250 MB /   0.50 sec =  136.3100 Mbps     0 retrans     56 KB-cwnd
[2024-11-05T16:14:33.896667-0600]     8.7500 MB /   0.50 sec =  146.4173 Mbps     0 retrans     59 KB-cwnd
[2024-11-05T16:14:34.394710-0600]     7.7500 MB /   0.50 sec =  130.4613 Mbps     0 retrans     63 KB-cwnd
[2024-11-05T16:14:34.896467-0600]     8.5625 MB /   0.50 sec =  143.1910 Mbps     0 retrans     73 KB-cwnd
[2024-11-05T16:14:35.394867-0600]     8.6250 MB /   0.50 sec =  145.0048 Mbps     0 retrans     73 KB-cwnd
[2024-11-05T16:14:35.894612-0600]     7.1250 MB /   0.50 sec =  119.6794 Mbps     0 retrans     82 KB-cwnd
[2024-11-05T16:14:36.395218-0600]     7.6250 MB /   0.50 sec =  127.8355 Mbps     0 retrans     82 KB-cwnd
[2024-11-05T16:14:36.894317-0600]    10.0000 MB /   0.50 sec =  167.9008 Mbps     0 retrans     82 KB-cwnd
[2024-11-05T16:14:37.394351-0600]     7.8750 MB /   0.50 sec =  132.1021 Mbps     0 retrans     82 KB-cwnd
[2024-11-05T16:14:37.894154-0600]    10.0000 MB /   0.50 sec =  167.8104 Mbps     0 retrans     83 KB-cwnd
[2024-11-05T16:14:38.394218-0600]     6.5000 MB /   0.50 sec =  109.0456 Mbps     0 retrans     84 KB-cwnd
[2024-11-05T16:14:38.895256-0600]     2.8750 MB /   0.50 sec =   48.1399 Mbps     0 retrans     84 KB-cwnd
[2024-11-05T16:14:39.395099-0600]     4.0625 MB /   0.50 sec =   68.2315 Mbps     0 retrans     84 KB-cwnd
[2024-11-05T16:14:39.895028-0600]     2.2500 MB /   0.50 sec =   37.7541 Mbps     0 retrans     86 KB-cwnd
[2024-11-05T16:14:40.394323-0600]     3.6875 MB /   0.50 sec =   61.8993 Mbps     0 retrans     86 KB-cwnd
[2024-11-05T16:14:40.894565-0600]     3.5625 MB /   0.50 sec =   59.7838 Mbps     0 retrans     86 KB-cwnd
[2024-11-05T16:14:41.394654-0600]     3.5625 MB /   0.50 sec =   59.7672 Mbps     0 retrans     86 KB-cwnd
[2024-11-05T16:14:41.895150-0600]     3.6250 MB /   0.50 sec =   60.7681 Mbps     0 retrans    107 KB-cwnd
[2024-11-05T16:14:42.394973-0600]     2.2500 MB /   0.50 sec =   37.7241 Mbps     0 retrans    107 KB-cwnd
[2024-11-05T16:14:42.894233-0600]     3.6250 MB /   0.50 sec =   60.9051 Mbps     0 retrans    107 KB-cwnd
[2024-11-05T16:14:43.394250-0600]     3.2500 MB /   0.50 sec =   54.5234 Mbps     0 retrans    110 KB-cwnd
[2024-11-05T16:14:43.894258-0600]     4.0000 MB /   0.50 sec =   67.1109 Mbps     0 retrans    110 KB-cwnd
[2024-11-05T16:14:44.395254-0600]     4.4375 MB /   0.50 sec =   74.3828 Mbps     0 retrans    110 KB-cwnd
[2024-11-05T16:14:44.894222-0600]     5.3750 MB /   0.50 sec =   90.2600 Mbps     0 retrans    110 KB-cwnd
[2024-11-05T16:14:45.394114-0600]     6.4375 MB /   0.50 sec =  108.0128 Mbps     0 retrans    110 KB-cwnd
[2024-11-05T16:14:45.895134-0600]     8.0625 MB /   0.50 sec =  135.1358 Mbps     0 retrans    115 KB-cwnd
[2024-11-05T16:14:46.394148-0600]    10.1250 MB /   0.50 sec =  170.0308 Mbps     0 retrans    115 KB-cwnd
[2024-11-05T16:14:46.894229-0600]     9.8750 MB /   0.50 sec =  165.6654 Mbps     0 retrans    121 KB-cwnd
[2024-11-05T16:14:47.394277-0600]     9.5625 MB /   0.50 sec =  160.4228 Mbps     0 retrans    132 KB-cwnd
[2024-11-05T16:14:47.894246-0600]    11.9375 MB /   0.50 sec =  200.2788 Mbps     0 retrans    138 KB-cwnd
[2024-11-05T16:14:48.394550-0600]    10.8750 MB /   0.50 sec =  182.4588 Mbps     0 retrans    142 KB-cwnd
[2024-11-05T16:14:48.894592-0600]    11.5000 MB /   0.50 sec =  192.9534 Mbps  6861 retrans   1040 KB-cwnd
[2024-11-05T16:14:49.395181-0600]    10.8750 MB /   0.50 sec =  182.2663 Mbps     0 retrans   1040 KB-cwnd
[2024-11-05T16:14:49.894314-0600]     9.4375 MB /   0.50 sec =  158.4935 Mbps     0 retrans   1026 KB-cwnd
[2024-11-05T16:14:50.394148-0600]     6.6250 MB /   0.50 sec =  111.1468 Mbps     0 retrans   1026 KB-cwnd
[2024-11-05T16:14:50.894864-0600]    12.6875 MB /   0.50 sec =  212.7486 Mbps     0 retrans   1026 KB-cwnd
[2024-11-05T16:14:51.394500-0600]    12.0625 MB /   0.50 sec =  202.3566 Mbps     0 retrans   1026 KB-cwnd
[2024-11-05T16:14:51.894793-0600]    10.0000 MB /   0.50 sec =  167.6994 Mbps     0 retrans   1026 KB-cwnd
[2024-11-05T16:14:52.394822-0600]     8.3750 MB /   0.50 sec =  140.6538 Mbps     0 retrans   1026 KB-cwnd
[2024-11-05T16:14:52.894263-0600]     8.6250 MB /   0.50 sec =  144.6989 Mbps     0 retrans   1074 KB-cwnd
[2024-11-05T16:14:53.394836-0600]     7.3125 MB /   0.50 sec =  122.6743 Mbps     0 retrans   1074 KB-cwnd
[2024-11-05T16:14:53.894191-0600]    10.4375 MB /   0.50 sec =  175.1353 Mbps     0 retrans   1122 KB-cwnd
[2024-11-05T16:14:54.394213-0600]     9.3750 MB /   0.50 sec =  157.2839 Mbps     0 retrans   1168 KB-cwnd
[2024-11-05T16:14:54.894233-0600]    11.6250 MB /   0.50 sec =  195.0320 Mbps     0 retrans   1168 KB-cwnd
[2024-11-05T16:14:55.395687-0600]     7.5625 MB /   0.50 sec =  126.5090 Mbps     0 retrans   1168 KB-cwnd
[2024-11-05T16:14:55.895205-0600]     3.0000 MB /   0.50 sec =   50.4496 Mbps     0 retrans   1168 KB-cwnd
[2024-11-05T16:14:56.394503-0600]     7.3750 MB /   0.50 sec =  123.7438 Mbps  3036 retrans   4355 KB-cwnd
[2024-11-05T16:14:56.894288-0600]     8.5625 MB /   0.50 sec =  143.7248 Mbps     0 retrans   4355 KB-cwnd
[2024-11-05T16:14:57.395612-0600]     0.1250 MB /   0.50 sec =    2.0933 Mbps     0 retrans   4355 KB-cwnd
[2024-11-05T16:14:57.894100-0600]     5.5000 MB /   0.50 sec =   92.4528 Mbps     0 retrans   4355 KB-cwnd
[2024-11-05T16:14:58.394253-0600]     2.3125 MB /   0.50 sec =   38.7903 Mbps     0 retrans   4355 KB-cwnd
[2024-11-05T16:14:58.894251-0600]     3.7500 MB /   0.50 sec =   62.9215 Mbps     0 retrans   4355 KB-cwnd
[2024-11-05T16:14:59.396447-0600]     6.8750 MB /   0.50 sec =  114.9635 Mbps     0 retrans   4355 KB-cwnd
[2024-11-05T16:14:59.894901-0600]     8.2500 MB /   0.50 sec =  138.8672 Mbps     0 retrans   4355 KB-cwnd
[2024-11-05T16:15:00.394708-0600]     7.8750 MB /   0.50 sec =  132.1047 Mbps     0 retrans   4355 KB-cwnd
[2024-11-05T16:15:00.895047-0600]     6.0625 MB /   0.50 sec =  101.5662 Mbps     0 retrans   4355 KB-cwnd
[2024-11-05T16:15:01.395096-0600]     8.3750 MB /   0.50 sec =  140.7287 Mbps     0 retrans   4355 KB-cwnd
[2024-11-05T16:15:01.894221-0600]     7.8125 MB /   0.50 sec =  131.0720 Mbps     0 retrans   4355 KB-cwnd
[2024-11-05T16:15:02.394199-0600]     9.0625 MB /   0.50 sec =  152.0481 Mbps    46 retrans   3450 KB-cwnd
[2024-11-05T16:15:02.894215-0600]     9.8125 MB /   0.50 sec =  164.6241 Mbps     0 retrans   3450 KB-cwnd
[2024-11-05T16:15:03.394784-0600]     6.3125 MB /   0.50 sec =  105.7997 Mbps     0 retrans   3450 KB-cwnd
[2024-11-05T16:15:03.894370-0600]     8.3125 MB /   0.50 sec =  139.5826 Mbps     0 retrans   3450 KB-cwnd
[2024-11-05T16:15:04.394452-0600]     3.0000 MB /   0.50 sec =   50.3252 Mbps     0 retrans   3450 KB-cwnd
[2024-11-05T16:15:04.895654-0600]     5.5000 MB /   0.50 sec =   92.0920 Mbps     0 retrans   3450 KB-cwnd
[2024-11-05T16:15:05.394500-0600]     3.4375 MB /   0.50 sec =   57.8034 Mbps     0 retrans   3450 KB-cwnd
[2024-11-05T16:15:05.894818-0600]     1.8125 MB /   0.50 sec =   30.3903 Mbps     0 retrans   3450 KB-cwnd
[2024-11-05T16:15:06.395645-0600]     2.5625 MB /   0.50 sec =   42.9031 Mbps     0 retrans   3450 KB-cwnd
[2024-11-05T16:15:06.894758-0600]     7.9375 MB /   0.50 sec =  133.3903 Mbps     0 retrans   3450 KB-cwnd
[2024-11-05T16:15:07.394262-0600]     1.6875 MB /   0.50 sec =   28.3365 Mbps     0 retrans   3450 KB-cwnd
[2024-11-05T16:15:07.894138-0600]     7.6250 MB /   0.50 sec =  127.9470 Mbps     0 retrans   3450 KB-cwnd
[2024-11-05T16:15:08.394339-0600]     3.8750 MB /   0.50 sec =   65.0018 Mbps     0 retrans   3450 KB-cwnd
[2024-11-05T16:15:08.894242-0600]     7.9375 MB /   0.50 sec =  133.1777 Mbps   159 retrans   3984 KB-cwnd
[2024-11-05T16:15:09.394769-0600]     8.3750 MB /   0.50 sec =  140.5092 Mbps     0 retrans   3984 KB-cwnd
[2024-11-05T16:15:09.894235-0600]     8.2500 MB /   0.50 sec =  138.4057 Mbps     0 retrans   3984 KB-cwnd
[2024-11-05T16:15:10.394783-0600]     8.4375 MB /   0.50 sec =  141.5043 Mbps     0 retrans   3984 KB-cwnd
[2024-11-05T16:15:10.894233-0600]     4.5000 MB /   0.50 sec =   75.5306 Mbps     0 retrans   3984 KB-cwnd
[2024-11-05T16:15:11.394723-0600]     5.9375 MB /   0.50 sec =   99.6145 Mbps     0 retrans   3984 KB-cwnd
[2024-11-05T16:15:11.894820-0600]     6.3125 MB /   0.50 sec =  105.8994 Mbps     0 retrans   3984 KB-cwnd
[2024-11-05T16:15:12.396314-0600]     5.7500 MB /   0.50 sec =   96.1515 Mbps     0 retrans   3984 KB-cwnd
[2024-11-05T16:15:12.894222-0600]    10.1250 MB /   0.50 sec =  170.4454 Mbps     0 retrans   3984 KB-cwnd
[2024-11-05T16:15:13.395110-0600]    11.5000 MB /   0.50 sec =  192.9137 Mbps  1346 retrans   2927 KB-cwnd
[2024-11-05T16:15:13.894460-0600]     9.1875 MB /   0.50 sec =  154.0938 Mbps     0 retrans   2969 KB-cwnd
[2024-11-05T16:15:14.395612-0600]     9.5625 MB /   0.50 sec =  160.0867 Mbps     0 retrans   2969 KB-cwnd
[2024-11-05T16:15:14.895058-0600]     9.3750 MB /   0.50 sec =  157.6888 Mbps     0 retrans   2969 KB-cwnd
[2024-11-05T16:15:15.394251-0600]    10.6875 MB /   0.50 sec =  179.3043 Mbps     0 retrans   3259 KB-cwnd
[2024-11-05T16:15:15.895997-0600]    11.1250 MB /   0.50 sec =  186.2283 Mbps     0 retrans   3259 KB-cwnd
[2024-11-05T16:15:16.394184-0600]     9.8750 MB /   0.50 sec =  166.0533 Mbps     0 retrans   3259 KB-cwnd
[2024-11-05T16:15:16.894220-0600]    12.8125 MB /   0.50 sec =  214.9546 Mbps  3366 retrans   2607 KB-cwnd
[2024-11-05T16:15:17.396553-0600]     8.5625 MB /   0.50 sec =  143.2898 Mbps     0 retrans   2129 KB-cwnd
[2024-11-05T16:15:17.896021-0600]    10.6250 MB /   0.50 sec =  178.1183 Mbps     0 retrans   2129 KB-cwnd
[2024-11-05T16:15:18.394596-0600]    11.6875 MB /   0.50 sec =  196.7444 Mbps     0 retrans   2129 KB-cwnd
[2024-11-05T16:15:18.896343-0600]    11.5625 MB /   0.50 sec =  193.3593 Mbps     0 retrans   2129 KB-cwnd
[2024-11-05T16:15:19.394308-0600]    11.5000 MB /   0.50 sec =  193.5457 Mbps     0 retrans   2129 KB-cwnd
[2024-11-05T16:15:19.895120-0600]    10.5625 MB /   0.50 sec =  177.0719 Mbps     0 retrans   2129 KB-cwnd
[2024-11-05T16:15:20.395164-0600]     9.5625 MB /   0.50 sec =  160.4318 Mbps   481 retrans   3371 KB-cwnd
[2024-11-05T16:15:20.894151-0600]    10.3750 MB /   0.50 sec =  174.2243 Mbps     0 retrans   3371 KB-cwnd
[2024-11-05T16:15:21.394123-0600]    14.8125 MB /   0.50 sec =  248.5239 Mbps     0 retrans   3371 KB-cwnd
[2024-11-05T16:15:21.894282-0600]    11.0000 MB /   0.50 sec =  184.5199 Mbps     0 retrans   3371 KB-cwnd
[2024-11-05T16:15:22.395791-0600]    10.5625 MB /   0.50 sec =  176.9825 Mbps     0 retrans   3371 KB-cwnd
[2024-11-05T16:15:22.895467-0600]     8.5625 MB /   0.50 sec =  143.4919 Mbps     0 retrans   3371 KB-cwnd
[2024-11-05T16:15:23.394168-0600]    10.0625 MB /   0.50 sec =  169.2435 Mbps   420 retrans   4208 KB-cwnd
[2024-11-05T16:15:23.894134-0600]    10.9375 MB /   0.50 sec =  183.5114 Mbps     0 retrans   4208 KB-cwnd
[2024-11-05T16:15:24.394730-0600]    10.9375 MB /   0.50 sec =  183.4619 Mbps     0 retrans   4208 KB-cwnd
[2024-11-05T16:15:24.894326-0600]    10.3750 MB /   0.50 sec =  174.0605 Mbps     0 retrans   4208 KB-cwnd
[2024-11-05T16:15:25.395181-0600]     7.1250 MB /   0.50 sec =  119.5393 Mbps     0 retrans   4208 KB-cwnd
[2024-11-05T16:15:25.894686-0600]    12.6875 MB /   0.50 sec =  212.8963 Mbps     0 retrans   4208 KB-cwnd
[2024-11-05T16:15:26.394983-0600]    14.0000 MB /   0.50 sec =  234.8730 Mbps     0 retrans   4208 KB-cwnd
[2024-11-05T16:15:26.895415-0600]    10.2500 MB /   0.50 sec =  171.5855 Mbps   127 retrans   1716 KB-cwnd
[2024-11-05T16:15:27.394242-0600]     3.2500 MB /   0.50 sec =   54.6451 Mbps     0 retrans   1716 KB-cwnd
[2024-11-05T16:15:27.894292-0600]    10.3125 MB /   0.50 sec =  173.0130 Mbps     0 retrans   1716 KB-cwnd
[2024-11-05T16:15:28.396659-0600]     5.2500 MB /   0.50 sec =   87.7744 Mbps     0 retrans   1716 KB-cwnd
[2024-11-05T16:15:28.894305-0600]     2.0625 MB /   0.50 sec =   34.7232 Mbps     0 retrans   1716 KB-cwnd
[2024-11-05T16:15:29.396669-0600]     0.0000 MB /   0.50 sec =    0.0000 Mbps     0 retrans   1716 KB-cwnd
[2024-11-05T16:15:29.895707-0600]     1.0000 MB /   0.50 sec =   16.7889 Mbps     0 retrans   1716 KB-cwnd
[2024-11-05T16:15:30.394149-0600]     0.0000 MB /   0.50 sec =    0.0000 Mbps     0 retrans   1716 KB-cwnd
[2024-11-05T16:15:30.894250-0600]     1.0625 MB /   0.50 sec =   17.8247 Mbps     0 retrans   1716 KB-cwnd
[2024-11-05T16:15:31.394826-0600]     0.2500 MB /   0.50 sec =    4.1899 Mbps     0 retrans   1716 KB-cwnd
[2024-11-05T16:15:31.894249-0600]     0.4375 MB /   0.50 sec =    7.3477 Mbps     0 retrans   1716 KB-cwnd
[2024-11-05T16:15:32.396207-0600]     0.3750 MB /   0.50 sec =    6.2690 Mbps     0 retrans   1716 KB-cwnd
[2024-11-05T16:15:32.894205-0600]     0.4375 MB /   0.50 sec =    7.3668 Mbps     0 retrans   1716 KB-cwnd
[2024-11-05T16:15:33.395277-0600]     0.2500 MB /   0.50 sec =    4.1936 Mbps     0 retrans   3702 KB-cwnd
[2024-11-05T16:15:33.894854-0600]     0.5000 MB /   0.50 sec =    8.3814 Mbps     0 retrans   3702 KB-cwnd
[2024-11-05T16:15:34.395704-0600]     0.1250 MB /   0.50 sec =    2.0936 Mbps     0 retrans   3702 KB-cwnd
[2024-11-05T16:15:34.895575-0600]     0.3125 MB /   0.50 sec =    5.2443 Mbps     0 retrans   3702 KB-cwnd
[2024-11-05T16:15:35.395525-0600]     0.3750 MB /   0.50 sec =    6.2917 Mbps     0 retrans   3702 KB-cwnd
[2024-11-05T16:15:35.894210-0600]     0.3750 MB /   0.50 sec =    6.3068 Mbps     0 retrans   3702 KB-cwnd
[2024-11-05T16:15:36.394617-0600]     0.3750 MB /   0.50 sec =    6.2915 Mbps     0 retrans   3702 KB-cwnd
[2024-11-05T16:15:36.894366-0600]     0.4375 MB /   0.50 sec =    7.3397 Mbps     0 retrans   3702 KB-cwnd
[2024-11-05T16:15:37.394252-0600]     0.4375 MB /   0.50 sec =    7.3401 Mbps     0 retrans   3702 KB-cwnd
[2024-11-05T16:15:37.894687-0600]     0.3750 MB /   0.50 sec =    6.2860 Mbps     0 retrans   3702 KB-cwnd
[2024-11-05T16:15:38.394232-0600]     0.6250 MB /   0.50 sec =   10.4950 Mbps     0 retrans   3702 KB-cwnd
[2024-11-05T16:15:38.894561-0600]     0.3750 MB /   0.50 sec =    6.2917 Mbps     0 retrans   3702 KB-cwnd
[2024-11-05T16:15:39.394247-0600]     0.5625 MB /   0.50 sec =    9.4360 Mbps     0 retrans   3702 KB-cwnd
[2024-11-05T16:15:39.894236-0600]     0.5625 MB /   0.50 sec =    9.4378 Mbps     0 retrans   3702 KB-cwnd
[2024-11-05T16:15:40.394734-0600]     0.6250 MB /   0.50 sec =   10.4866 Mbps     0 retrans   3702 KB-cwnd
[2024-11-05T16:15:40.894884-0600]     0.7500 MB /   0.50 sec =   12.5738 Mbps     0 retrans   3702 KB-cwnd
[2024-11-05T16:15:41.394247-0600]     1.1875 MB /   0.50 sec =   19.9352 Mbps     0 retrans   3702 KB-cwnd
[2024-11-05T16:15:41.894226-0600]     1.1250 MB /   0.50 sec =   18.8755 Mbps     0 retrans   3702 KB-cwnd
[2024-11-05T16:15:42.394236-0600]     1.0000 MB /   0.50 sec =   16.7765 Mbps     0 retrans   3702 KB-cwnd
[2024-11-05T16:15:42.894222-0600]     1.2500 MB /   0.50 sec =   20.9719 Mbps     0 retrans   3702 KB-cwnd
[2024-11-05T16:15:43.394710-0600]     0.2500 MB /   0.50 sec =    4.1906 Mbps     0 retrans   3702 KB-cwnd
[2024-11-05T16:15:43.894253-0600]     1.3750 MB /   0.50 sec =   23.0879 Mbps     0 retrans   3702 KB-cwnd
[2024-11-05T16:15:44.395823-0600]     0.8125 MB /   0.50 sec =   13.5990 Mbps     0 retrans   3702 KB-cwnd
[2024-11-05T16:15:44.894458-0600]     1.7500 MB /   0.50 sec =   29.4327 Mbps     0 retrans   3702 KB-cwnd
[2024-11-05T16:15:45.394939-0600]     1.6250 MB /   0.50 sec =   27.2446 Mbps     0 retrans   3702 KB-cwnd
[2024-11-05T16:15:45.895955-0600]     1.1250 MB /   0.50 sec =   18.8278 Mbps     0 retrans   3702 KB-cwnd
[2024-11-05T16:15:46.394295-0600]     2.5625 MB /   0.50 sec =   43.1233 Mbps     0 retrans   3702 KB-cwnd
[2024-11-05T16:15:46.895692-0600]     1.8750 MB /   0.50 sec =   31.3726 Mbps     0 retrans   3702 KB-cwnd
[2024-11-05T16:15:47.394677-0600]     3.3125 MB /   0.50 sec =   55.7244 Mbps     0 retrans   3702 KB-cwnd
[2024-11-05T16:15:47.895154-0600]     3.5625 MB /   0.50 sec =   59.7215 Mbps     0 retrans   3702 KB-cwnd
[2024-11-05T16:15:48.394127-0600]     4.0000 MB /   0.50 sec =   67.1731 Mbps     0 retrans   3702 KB-cwnd
[2024-11-05T16:15:48.894206-0600]     4.0625 MB /   0.50 sec =   68.1529 Mbps     0 retrans   3702 KB-cwnd
[2024-11-05T16:15:49.394245-0600]     0.8125 MB /   0.50 sec =   13.6316 Mbps     0 retrans   3702 KB-cwnd
[2024-11-05T16:15:49.894262-0600]     3.5000 MB /   0.50 sec =   58.7179 Mbps   125 retrans   3040 KB-cwnd
[2024-11-05T16:15:50.394288-0600]     1.5000 MB /   0.50 sec =   25.1652 Mbps     0 retrans   3040 KB-cwnd
[2024-11-05T16:15:50.894129-0600]     2.6250 MB /   0.50 sec =   44.0460 Mbps     0 retrans   3040 KB-cwnd
[2024-11-05T16:15:51.394122-0600]     0.3750 MB /   0.50 sec =    6.2914 Mbps     0 retrans   3040 KB-cwnd
[2024-11-05T16:15:51.896446-0600]     1.6250 MB /   0.50 sec =   27.1715 Mbps     0 retrans   3040 KB-cwnd
[2024-11-05T16:15:52.394217-0600]     1.5625 MB /   0.50 sec =   26.2998 Mbps     0 retrans   3040 KB-cwnd
[2024-11-05T16:15:52.895132-0600]     3.5000 MB /   0.50 sec =   58.7225 Mbps     0 retrans   3040 KB-cwnd
[2024-11-05T16:15:53.395276-0600]     3.1875 MB /   0.50 sec =   53.4746 Mbps     0 retrans   3040 KB-cwnd
[2024-11-05T16:15:53.894238-0600]     2.8750 MB /   0.50 sec =   48.2372 Mbps     0 retrans   3040 KB-cwnd
[2024-11-05T16:15:54.394235-0600]     2.8750 MB /   0.50 sec =   48.2344 Mbps     0 retrans   3040 KB-cwnd
[2024-11-05T16:15:54.894690-0600]     3.8125 MB /   0.50 sec =   63.9638 Mbps     0 retrans   3040 KB-cwnd
[2024-11-05T16:15:55.394246-0600]     3.6875 MB /   0.50 sec =   61.8645 Mbps     0 retrans   3040 KB-cwnd
[2024-11-05T16:15:55.894759-0600]     3.3125 MB /   0.50 sec =   55.5776 Mbps     0 retrans   3040 KB-cwnd
[2024-11-05T16:15:56.394203-0600]     0.6875 MB /   0.50 sec =   11.5342 Mbps     0 retrans   3040 KB-cwnd
[2024-11-05T16:15:56.894304-0600]     2.0625 MB /   0.50 sec =   34.6018 Mbps     0 retrans   3040 KB-cwnd
[2024-11-05T16:15:57.396688-0600]     0.6875 MB /   0.50 sec =   11.5030 Mbps     0 retrans   3040 KB-cwnd
[2024-11-05T16:15:57.894467-0600]     3.4375 MB /   0.50 sec =   57.8130 Mbps     0 retrans   3040 KB-cwnd
[2024-11-05T16:15:58.395668-0600]     2.8125 MB /   0.50 sec =   47.1462 Mbps     0 retrans   3040 KB-cwnd
[2024-11-05T16:15:58.894695-0600]     2.3125 MB /   0.50 sec =   38.8416 Mbps     0 retrans   3040 KB-cwnd
[2024-11-05T16:15:59.394704-0600]     0.5625 MB /   0.50 sec =    9.4311 Mbps     0 retrans   3040 KB-cwnd
[2024-11-05T16:15:59.894297-0600]     0.6250 MB /   0.50 sec =   10.4920 Mbps     0 retrans   3040 KB-cwnd
[2024-11-05T16:16:00.394295-0600]     1.1250 MB /   0.50 sec =   18.8736 Mbps     0 retrans   3040 KB-cwnd
[2024-11-05T16:16:00.894254-0600]     2.0000 MB /   0.50 sec =   33.5554 Mbps     0 retrans   3040 KB-cwnd
[2024-11-05T16:16:01.396029-0600]     0.5000 MB /   0.50 sec =    8.3649 Mbps     0 retrans   3040 KB-cwnd
[2024-11-05T16:16:01.894260-0600]     1.3750 MB /   0.50 sec =   23.1352 Mbps     0 retrans   3040 KB-cwnd
[2024-11-05T16:16:02.394194-0600]     0.5625 MB /   0.50 sec =    9.4372 Mbps     0 retrans   3040 KB-cwnd
[2024-11-05T16:16:02.894245-0600]     0.5625 MB /   0.50 sec =    9.4371 Mbps     0 retrans   3040 KB-cwnd
[2024-11-05T16:16:03.394792-0600]     1.0625 MB /   0.50 sec =   17.8228 Mbps     0 retrans   3040 KB-cwnd
[2024-11-05T16:16:03.894268-0600]     1.5625 MB /   0.50 sec =   26.2172 Mbps     0 retrans   3040 KB-cwnd
[2024-11-05T16:16:04.394131-0600]     0.9375 MB /   0.50 sec =   15.7308 Mbps     0 retrans   3040 KB-cwnd
[2024-11-05T16:16:04.894225-0600]     1.6875 MB /   0.50 sec =   28.3101 Mbps     0 retrans   3040 KB-cwnd
End time: 1730844965158
