Start time: 1730578696439
[2024-11-02T13:18:17.283914-0700] nuttcp-r: v8.1.4: socket
[2024-11-02T13:18:17.285144-0700] nuttcp-r: buflen=65536, nstream=1, port=5103 tcp
[2024-11-02T13:18:17.285271-0700] nuttcp-r: interval reporting every 0.50 seconds
[2024-11-02T13:18:17.285360-0700] nuttcp-r: connect to 54.176.53.206 with RTT=50.380 ms af=inet
[2024-11-02T13:18:17.285533-0700] nuttcp-r: send window size = 1048576, receive window size = 1048576
[2024-11-02T13:18:17.285626-0700] nuttcp-r: available send window = 786432, available receive window = 786432
[2024-11-02T13:18:17.285716-0700]     0.5625 MB /   0.50 sec =    9.4361 Mbps     0 retrans
[2024-11-02T13:18:17.784394-0700]     5.8750 MB /   0.50 sec =   98.4781 Mbps     0 retrans
[2024-11-02T13:18:18.285916-0700]     8.3125 MB /   0.50 sec =  139.1675 Mbps     0 retrans
[2024-11-02T13:18:18.784270-0700]     8.2500 MB /   0.50 sec =  138.8213 Mbps     0 retrans
[2024-11-02T13:18:19.283855-0700]     8.5000 MB /   0.50 sec =  142.6163 Mbps     0 retrans
[2024-11-02T13:18:19.784335-0700]    10.3750 MB /   0.50 sec =  174.0535 Mbps     0 retrans
[2024-11-02T13:18:20.283869-0700]    10.1875 MB /   0.50 sec =  170.9258 Mbps     0 retrans
[2024-11-02T13:18:20.783958-0700]    10.5000 MB /   0.50 sec =  176.1682 Mbps     0 retrans
[2024-11-02T13:18:21.284206-0700]    11.8750 MB /   0.50 sec =  199.2227 Mbps     0 retrans
[2024-11-02T13:18:21.784319-0700]     6.8125 MB /   0.50 sec =  114.1943 Mbps     0 retrans
[2024-11-02T13:18:22.284561-0700]     4.4375 MB /   0.50 sec =   74.4162 Mbps     0 retrans
[2024-11-02T13:18:22.783896-0700]    10.5625 MB /   0.50 sec =  177.4400 Mbps     0 retrans
[2024-11-02T13:18:23.284419-0700]     9.5625 MB /   0.50 sec =  160.4167 Mbps     0 retrans
[2024-11-02T13:18:23.784754-0700]    11.2500 MB /   0.50 sec =  188.6068 Mbps     0 retrans
[2024-11-02T13:18:24.284402-0700]     9.3125 MB /   0.50 sec =  156.3651 Mbps     0 retrans
[2024-11-02T13:18:24.784295-0700]     7.6875 MB /   0.50 sec =  128.8851 Mbps     0 retrans
[2024-11-02T13:18:25.284278-0700]    11.0000 MB /   0.50 sec =  184.5180 Mbps     0 retrans
[2024-11-02T13:18:25.784491-0700]     8.6875 MB /   0.50 sec =  145.8807 Mbps     0 retrans
[2024-11-02T13:18:26.283864-0700]     8.1875 MB /   0.50 sec =  137.3635 Mbps     0 retrans
[2024-11-02T13:18:26.784450-0700]    10.1250 MB /   0.50 sec =  169.8401 Mbps     0 retrans
[2024-11-02T13:18:27.283887-0700]     4.4375 MB /   0.50 sec =   74.4645 Mbps     0 retrans
[2024-11-02T13:18:27.786154-0700]     3.1250 MB /   0.50 sec =   52.1970 Mbps     0 retrans
[2024-11-02T13:18:28.283882-0700]     7.1250 MB /   0.50 sec =  120.0628 Mbps     0 retrans
[2024-11-02T13:18:28.784786-0700]     5.6875 MB /   0.50 sec =   95.4061 Mbps     0 retrans
[2024-11-02T13:18:29.285387-0700]     5.9375 MB /   0.50 sec =   99.3536 Mbps     0 retrans
[2024-11-02T13:18:29.783894-0700]     6.8750 MB /   0.50 sec =  115.6640 Mbps     0 retrans
[2024-11-02T13:18:30.284949-0700]     7.7500 MB /   0.50 sec =  129.7553 Mbps     0 retrans
[2024-11-02T13:18:30.785721-0700]     6.6875 MB /   0.50 sec =  112.1499 Mbps     0 retrans
[2024-11-02T13:18:31.283848-0700]     9.6875 MB /   0.50 sec =  162.9448 Mbps     0 retrans
[2024-11-02T13:18:31.784239-0700]     7.6875 MB /   0.50 sec =  128.9782 Mbps     0 retrans
[2024-11-02T13:18:32.284630-0700]    11.6875 MB /   0.50 sec =  196.0665 Mbps     0 retrans
[2024-11-02T13:18:32.784318-0700]    10.1250 MB /   0.50 sec =  169.7227 Mbps     0 retrans
[2024-11-02T13:18:33.284815-0700]     8.2500 MB /   0.50 sec =  138.5326 Mbps     0 retrans
[2024-11-02T13:18:33.783791-0700]    11.9375 MB /   0.50 sec =  200.2936 Mbps     0 retrans
[2024-11-02T13:18:34.284423-0700]     8.2500 MB /   0.50 sec =  138.3902 Mbps     0 retrans
[2024-11-02T13:18:34.784193-0700]     6.6875 MB /   0.50 sec =  112.2075 Mbps     0 retrans
[2024-11-02T13:18:35.283814-0700]    10.2500 MB /   0.50 sec =  171.9733 Mbps     0 retrans
[2024-11-02T13:18:35.783900-0700]    10.3750 MB /   0.50 sec =  174.0584 Mbps     0 retrans
[2024-11-02T13:18:36.284328-0700]     9.5000 MB /   0.50 sec =  159.3539 Mbps     0 retrans
[2024-11-02T13:18:36.783801-0700]    11.5000 MB /   0.50 sec =  192.9851 Mbps     0 retrans
[2024-11-02T13:18:37.284283-0700]     9.6875 MB /   0.50 sec =  162.5140 Mbps     0 retrans
[2024-11-02T13:18:37.784243-0700]    13.2500 MB /   0.50 sec =  222.3070 Mbps     0 retrans
[2024-11-02T13:18:38.284505-0700]     7.0625 MB /   0.50 sec =  118.3636 Mbps     0 retrans
[2024-11-02T13:18:38.784209-0700]     6.5625 MB /   0.50 sec =  110.2069 Mbps     0 retrans
[2024-11-02T13:18:39.283776-0700]     7.1250 MB /   0.50 sec =  119.5544 Mbps     0 retrans
[2024-11-02T13:18:39.784344-0700]     7.6875 MB /   0.50 sec =  128.8522 Mbps     0 retrans
[2024-11-02T13:18:40.284916-0700]    10.0625 MB /   0.50 sec =  168.7995 Mbps     0 retrans
[2024-11-02T13:18:40.784358-0700]     4.5000 MB /   0.50 sec =   75.5071 Mbps     0 retrans
[2024-11-02T13:18:41.283990-0700]     3.7500 MB /   0.50 sec =   62.9572 Mbps     0 retrans
[2024-11-02T13:18:41.784346-0700]     5.0625 MB /   0.50 sec =   84.9547 Mbps     0 retrans
[2024-11-02T13:18:42.283838-0700]     3.7500 MB /   0.50 sec =   62.9147 Mbps     0 retrans
[2024-11-02T13:18:42.784492-0700]     5.0000 MB /   0.50 sec =   83.7934 Mbps     0 retrans
[2024-11-02T13:18:43.284341-0700]     5.4375 MB /   0.50 sec =   91.3262 Mbps     0 retrans
[2024-11-02T13:18:43.783810-0700]     4.8750 MB /   0.50 sec =   81.7907 Mbps     0 retrans
[2024-11-02T13:18:44.284315-0700]     5.6250 MB /   0.50 sec =   94.2883 Mbps     0 retrans
[2024-11-02T13:18:44.783923-0700]     7.0000 MB /   0.50 sec =  117.5254 Mbps     0 retrans
[2024-11-02T13:18:45.283885-0700]     7.4375 MB /   0.50 sec =  124.7953 Mbps     0 retrans
[2024-11-02T13:18:45.783843-0700]     7.5625 MB /   0.50 sec =  126.8840 Mbps     0 retrans
[2024-11-02T13:18:46.283888-0700]     8.3125 MB /   0.50 sec =  139.4481 Mbps     0 retrans
[2024-11-02T13:18:46.783918-0700]     7.5625 MB /   0.50 sec =  126.8714 Mbps     0 retrans
[2024-11-02T13:18:47.284031-0700]     8.0625 MB /   0.50 sec =  135.2528 Mbps     0 retrans
[2024-11-02T13:18:47.784317-0700]     6.8125 MB /   0.50 sec =  114.3154 Mbps     0 retrans
[2024-11-02T13:18:48.283856-0700]     8.0000 MB /   0.50 sec =  134.2228 Mbps     0 retrans
[2024-11-02T13:18:48.784032-0700]     6.2500 MB /   0.50 sec =  104.8282 Mbps     0 retrans
[2024-11-02T13:18:49.284794-0700]     3.9375 MB /   0.50 sec =   66.0196 Mbps     0 retrans
[2024-11-02T13:18:49.785568-0700]     5.5000 MB /   0.50 sec =   92.0699 Mbps     0 retrans
[2024-11-02T13:18:50.286076-0700]     3.1250 MB /   0.50 sec =   52.3719 Mbps     0 retrans
[2024-11-02T13:18:50.784353-0700]     2.3125 MB /   0.50 sec =   38.9531 Mbps     0 retrans
[2024-11-02T13:18:51.284078-0700]     0.3750 MB /   0.50 sec =    6.2916 Mbps     0 retrans
[2024-11-02T13:18:51.783881-0700]     3.2500 MB /   0.50 sec =   54.5348 Mbps     0 retrans
[2024-11-02T13:18:52.285828-0700]     0.2500 MB /   0.50 sec =    4.1834 Mbps     0 retrans
[2024-11-02T13:18:52.785280-0700]     1.0625 MB /   0.50 sec =   17.8252 Mbps     0 retrans
[2024-11-02T13:18:53.285289-0700]     1.0000 MB /   0.50 sec =   16.7783 Mbps     0 retrans
[2024-11-02T13:18:53.785490-0700]     1.4375 MB /   0.50 sec =   24.1322 Mbps     0 retrans
[2024-11-02T13:18:54.283898-0700]     1.7500 MB /   0.50 sec =   29.4185 Mbps     0 retrans
[2024-11-02T13:18:54.784408-0700]     1.8750 MB /   0.50 sec =   31.4267 Mbps     0 retrans
[2024-11-02T13:18:55.283852-0700]     1.6875 MB /   0.50 sec =   28.3395 Mbps     0 retrans
[2024-11-02T13:18:55.785006-0700]     1.5625 MB /   0.50 sec =   26.1556 Mbps     0 retrans
[2024-11-02T13:18:56.283851-0700]     1.6875 MB /   0.50 sec =   28.3759 Mbps     0 retrans
[2024-11-02T13:18:56.784355-0700]     1.9375 MB /   0.50 sec =   32.4737 Mbps     0 retrans
[2024-11-02T13:18:57.285203-0700]     1.6250 MB /   0.50 sec =   27.2207 Mbps     0 retrans
[2024-11-02T13:18:57.783870-0700]     2.4375 MB /   0.50 sec =   40.9984 Mbps     0 retrans
[2024-11-02T13:18:58.285159-0700]     2.5000 MB /   0.50 sec =   41.8998 Mbps     0 retrans
[2024-11-02T13:18:58.784023-0700]     3.0625 MB /   0.50 sec =   51.4131 Mbps     0 retrans
[2024-11-02T13:18:59.283777-0700]     4.2500 MB /   0.50 sec =   71.3337 Mbps     0 retrans
[2024-11-02T13:18:59.784885-0700]     5.3125 MB /   0.50 sec =   88.9516 Mbps     0 retrans
[2024-11-02T13:19:00.284765-0700]     7.6875 MB /   0.50 sec =  129.1632 Mbps     0 retrans
[2024-11-02T13:19:00.784349-0700]     8.7500 MB /   0.50 sec =  146.7422 Mbps     0 retrans
[2024-11-02T13:19:01.285038-0700]     8.1250 MB /   0.50 sec =  136.2642 Mbps     0 retrans
[2024-11-02T13:19:01.783931-0700]     8.8750 MB /   0.50 sec =  149.0701 Mbps     0 retrans
[2024-11-02T13:19:02.283847-0700]     9.0000 MB /   0.50 sec =  151.0067 Mbps     0 retrans
[2024-11-02T13:19:02.785065-0700]     9.8750 MB /   0.50 sec =  165.4936 Mbps     0 retrans
[2024-11-02T13:19:03.285490-0700]     7.3750 MB /   0.50 sec =  123.5126 Mbps     0 retrans
[2024-11-02T13:19:03.783904-0700]     9.8750 MB /   0.50 sec =  166.1502 Mbps     0 retrans
[2024-11-02T13:19:04.283847-0700]     8.7500 MB /   0.50 sec =  146.7986 Mbps     0 retrans
[2024-11-02T13:19:04.784855-0700]     9.6875 MB /   0.50 sec =  162.3958 Mbps     0 retrans
[2024-11-02T13:19:05.283926-0700]     8.1875 MB /   0.50 sec =  137.4723 Mbps     0 retrans
[2024-11-02T13:19:05.783898-0700]     9.5625 MB /   0.50 sec =  160.4395 Mbps     0 retrans
[2024-11-02T13:19:06.284317-0700]    10.2500 MB /   0.50 sec =  171.8108 Mbps     0 retrans
[2024-11-02T13:19:06.785318-0700]    10.5625 MB /   0.50 sec =  177.2047 Mbps     0 retrans
[2024-11-02T13:19:07.284895-0700]     7.7500 MB /   0.50 sec =  130.0104 Mbps     0 retrans
[2024-11-02T13:19:07.784426-0700]     9.1250 MB /   0.50 sec =  153.0930 Mbps     0 retrans
[2024-11-02T13:19:08.283764-0700]    11.0625 MB /   0.50 sec =  185.8053 Mbps     0 retrans
[2024-11-02T13:19:08.786227-0700]     8.6875 MB /   0.50 sec =  145.2646 Mbps     0 retrans
[2024-11-02T13:19:09.285723-0700]     3.8750 MB /   0.50 sec =   65.0116 Mbps     0 retrans
[2024-11-02T13:19:09.783900-0700]     3.0000 MB /   0.50 sec =   50.4955 Mbps     0 retrans
[2024-11-02T13:19:10.283950-0700]     5.0000 MB /   0.50 sec =   83.8816 Mbps     0 retrans
[2024-11-02T13:19:10.784018-0700]     6.1875 MB /   0.50 sec =  103.7920 Mbps     0 retrans
[2024-11-02T13:19:11.284207-0700]     6.3750 MB /   0.50 sec =  106.9862 Mbps     0 retrans
[2024-11-02T13:19:11.784223-0700]     7.9375 MB /   0.50 sec =  133.1715 Mbps     0 retrans
[2024-11-02T13:19:12.284197-0700]     3.0625 MB /   0.50 sec =   51.3418 Mbps     0 retrans
[2024-11-02T13:19:12.783924-0700]     5.3125 MB /   0.50 sec =   89.1814 Mbps     0 retrans
[2024-11-02T13:19:13.283842-0700]     5.2500 MB /   0.50 sec =   88.0910 Mbps     0 retrans
[2024-11-02T13:19:13.785229-0700]     6.8750 MB /   0.50 sec =  115.0587 Mbps     0 retrans
[2024-11-02T13:19:14.283890-0700]     8.2500 MB /   0.50 sec =  138.7531 Mbps     0 retrans
[2024-11-02T13:19:14.785124-0700]     6.7500 MB /   0.50 sec =  112.9866 Mbps     0 retrans
[2024-11-02T13:19:15.283816-0700]     6.0000 MB /   0.50 sec =  100.9012 Mbps     0 retrans
[2024-11-02T13:19:15.783843-0700]     9.8750 MB /   0.50 sec =  165.6624 Mbps     0 retrans
[2024-11-02T13:19:16.284185-0700]    10.6250 MB /   0.50 sec =  178.2536 Mbps     0 retrans
[2024-11-02T13:19:16.784723-0700]     9.1875 MB /   0.50 sec =  154.0325 Mbps     0 retrans
[2024-11-02T13:19:17.284457-0700]     8.1875 MB /   0.50 sec =  137.3250 Mbps     0 retrans
[2024-11-02T13:19:17.783817-0700]     7.5625 MB /   0.50 sec =  127.0151 Mbps     0 retrans
[2024-11-02T13:19:18.283925-0700]     5.6875 MB /   0.50 sec =   95.4118 Mbps     0 retrans
[2024-11-02T13:19:18.784395-0700]     6.7500 MB /   0.50 sec =  113.1378 Mbps     0 retrans
[2024-11-02T13:19:19.283893-0700]     8.1250 MB /   0.50 sec =  136.4456 Mbps     0 retrans
[2024-11-02T13:19:19.783890-0700]     8.6250 MB /   0.50 sec =  144.7038 Mbps     0 retrans
[2024-11-02T13:19:20.283961-0700]     9.6250 MB /   0.50 sec =  161.4678 Mbps     0 retrans
[2024-11-02T13:19:20.784368-0700]     9.6875 MB /   0.50 sec =  162.5413 Mbps     0 retrans
[2024-11-02T13:19:21.283925-0700]     0.9375 MB /   0.50 sec =   15.7291 Mbps     0 retrans
[2024-11-02T13:19:21.784230-0700]     6.6875 MB /   0.50 sec =  112.2080 Mbps     0 retrans
[2024-11-02T13:19:22.283891-0700]     5.8750 MB /   0.50 sec =   98.5484 Mbps     0 retrans
[2024-11-02T13:19:22.783919-0700]     7.3125 MB /   0.50 sec =  122.6858 Mbps     0 retrans
[2024-11-02T13:19:23.284360-0700]     6.5625 MB /   0.50 sec =  110.0057 Mbps     0 retrans
[2024-11-02T13:19:23.786338-0700]     7.1875 MB /   0.50 sec =  120.2534 Mbps     0 retrans
[2024-11-02T13:19:24.284490-0700]     7.1875 MB /   0.50 sec =  120.9069 Mbps     0 retrans
[2024-11-02T13:19:24.783941-0700]     7.8125 MB /   0.50 sec =  131.1922 Mbps     0 retrans
[2024-11-02T13:19:25.283891-0700]    10.0000 MB /   0.50 sec =  167.7960 Mbps     0 retrans
[2024-11-02T13:19:25.783881-0700]     9.8750 MB /   0.50 sec =  165.6727 Mbps     0 retrans
[2024-11-02T13:19:26.283955-0700]     7.7500 MB /   0.50 sec =  130.0128 Mbps     0 retrans
[2024-11-02T13:19:26.785664-0700]     7.3750 MB /   0.50 sec =  123.3661 Mbps     0 retrans
[2024-11-02T13:19:27.283973-0700]     4.1875 MB /   0.50 sec =   70.4577 Mbps     0 retrans
[2024-11-02T13:19:27.784883-0700]     6.1875 MB /   0.50 sec =  103.7242 Mbps     0 retrans
[2024-11-02T13:19:28.284427-0700]     7.1875 MB /   0.50 sec =  120.5841 Mbps     0 retrans
[2024-11-02T13:19:28.784374-0700]     9.4375 MB /   0.50 sec =  158.4957 Mbps     0 retrans
[2024-11-02T13:19:29.285181-0700]     9.0625 MB /   0.50 sec =  151.6647 Mbps     0 retrans
[2024-11-02T13:19:29.783875-0700]     8.1250 MB /   0.50 sec =  136.6557 Mbps     0 retrans
[2024-11-02T13:19:30.284324-0700]    10.7500 MB /   0.50 sec =  180.3619 Mbps     0 retrans
[2024-11-02T13:19:30.783968-0700]     5.8750 MB /   0.50 sec =   98.5456 Mbps     0 retrans
[2024-11-02T13:19:31.285007-0700]     7.6250 MB /   0.50 sec =  127.8166 Mbps     0 retrans
[2024-11-02T13:19:31.784797-0700]     3.2500 MB /   0.50 sec =   54.5261 Mbps     0 retrans
[2024-11-02T13:19:32.284000-0700]     5.6875 MB /   0.50 sec =   95.5045 Mbps     0 retrans
[2024-11-02T13:19:32.784142-0700]     9.0000 MB /   0.50 sec =  151.0025 Mbps     0 retrans
[2024-11-02T13:19:33.283934-0700]     6.9375 MB /   0.50 sec =  116.4031 Mbps     0 retrans
[2024-11-02T13:19:33.784266-0700]    11.3750 MB /   0.50 sec =  190.8385 Mbps     0 retrans
[2024-11-02T13:19:34.284313-0700]     7.9375 MB /   0.50 sec =  133.1766 Mbps     0 retrans
[2024-11-02T13:19:34.784839-0700]     5.6875 MB /   0.50 sec =   95.4004 Mbps     0 retrans
[2024-11-02T13:19:35.285139-0700]     9.1250 MB /   0.50 sec =  152.9795 Mbps     0 retrans
[2024-11-02T13:19:35.783809-0700]    10.0625 MB /   0.50 sec =  168.9863 Mbps     0 retrans
[2024-11-02T13:19:36.285315-0700]    10.3750 MB /   0.50 sec =  173.6954 Mbps     0 retrans
[2024-11-02T13:19:36.783952-0700]    12.5000 MB /   0.50 sec =  210.1127 Mbps     0 retrans
[2024-11-02T13:19:37.283915-0700]     8.6875 MB /   0.50 sec =  145.7617 Mbps     0 retrans
[2024-11-02T13:19:37.784894-0700]    12.3750 MB /   0.50 sec =  207.4367 Mbps     0 retrans
[2024-11-02T13:19:38.284367-0700]    12.0000 MB /   0.50 sec =  201.3197 Mbps     0 retrans
[2024-11-02T13:19:38.784479-0700]    13.2500 MB /   0.50 sec =  222.4881 Mbps     0 retrans
[2024-11-02T13:19:39.283890-0700]     7.0000 MB /   0.50 sec =  117.4570 Mbps     0 retrans
[2024-11-02T13:19:39.785057-0700]     8.6250 MB /   0.50 sec =  144.3807 Mbps     0 retrans
[2024-11-02T13:19:40.283868-0700]     5.6250 MB /   0.50 sec =   94.5845 Mbps     0 retrans
[2024-11-02T13:19:40.785276-0700]    10.8750 MB /   0.50 sec =  181.9780 Mbps     0 retrans
[2024-11-02T13:19:41.283879-0700]     3.8125 MB /   0.50 sec =   64.1304 Mbps     0 retrans
[2024-11-02T13:19:41.783866-0700]     6.1250 MB /   0.50 sec =  102.7598 Mbps     0 retrans
[2024-11-02T13:19:42.284770-0700]     6.8125 MB /   0.50 sec =  114.1943 Mbps     0 retrans
[2024-11-02T13:19:42.784369-0700]     8.1250 MB /   0.50 sec =  136.3012 Mbps     0 retrans
[2024-11-02T13:19:43.285068-0700]    10.0000 MB /   0.50 sec =  167.7534 Mbps     0 retrans
[2024-11-02T13:19:43.784048-0700]    11.4375 MB /   0.50 sec =  192.0746 Mbps     0 retrans
[2024-11-02T13:19:44.283890-0700]    13.4375 MB /   0.50 sec =  225.4682 Mbps     0 retrans
[2024-11-02T13:19:44.784862-0700]    16.0000 MB /   0.50 sec =  268.2086 Mbps     0 retrans
[2024-11-02T13:19:45.284244-0700]    16.5625 MB /   0.50 sec =  277.8999 Mbps     0 retrans
[2024-11-02T13:19:45.783852-0700]    16.6875 MB /   0.50 sec =  280.1844 Mbps     0 retrans
[2024-11-02T13:19:46.284443-0700]    16.7500 MB /   0.50 sec =  281.0319 Mbps     0 retrans
[2024-11-02T13:19:46.784651-0700]     5.8750 MB /   0.50 sec =   98.4287 Mbps     0 retrans
[2024-11-02T13:19:47.284895-0700]    10.7500 MB /   0.50 sec =  180.4204 Mbps     0 retrans
[2024-11-02T13:19:47.784362-0700]    12.1250 MB /   0.50 sec =  203.6013 Mbps     0 retrans
[2024-11-02T13:19:48.284336-0700]    10.5625 MB /   0.50 sec =  177.2306 Mbps     0 retrans
[2024-11-02T13:19:48.785068-0700]    11.4375 MB /   0.50 sec =  191.6414 Mbps     0 retrans
[2024-11-02T13:19:49.283951-0700]     5.0000 MB /   0.50 sec =   83.9869 Mbps     0 retrans
[2024-11-02T13:19:49.783880-0700]     4.1250 MB /   0.50 sec =   69.2114 Mbps     0 retrans
[2024-11-02T13:19:50.283852-0700]     4.3125 MB /   0.50 sec =   72.3517 Mbps     0 retrans
[2024-11-02T13:19:50.784040-0700]     4.2500 MB /   0.50 sec =   71.2819 Mbps     0 retrans
[2024-11-02T13:19:51.283880-0700]     4.5000 MB /   0.50 sec =   75.5186 Mbps     0 retrans
[2024-11-02T13:19:51.784276-0700]     4.5625 MB /   0.50 sec =   76.5540 Mbps     0 retrans
[2024-11-02T13:19:52.283895-0700]     4.6250 MB /   0.50 sec =   77.5864 Mbps     0 retrans
[2024-11-02T13:19:52.784363-0700]     6.0000 MB /   0.50 sec =  100.6337 Mbps     0 retrans
[2024-11-02T13:19:53.284780-0700]     8.0625 MB /   0.50 sec =  135.1801 Mbps     0 retrans
[2024-11-02T13:19:53.784334-0700]     9.9375 MB /   0.50 sec =  166.7453 Mbps     0 retrans
[2024-11-02T13:19:54.283938-0700]    12.2500 MB /   0.50 sec =  205.6533 Mbps     0 retrans
[2024-11-02T13:19:54.784345-0700]    14.5000 MB /   0.50 sec =  243.1869 Mbps     0 retrans
[2024-11-02T13:19:55.283771-0700]    12.6250 MB /   0.50 sec =  211.9395 Mbps     0 retrans
[2024-11-02T13:19:55.784272-0700]    13.0625 MB /   0.50 sec =  218.9492 Mbps     0 retrans
[2024-11-02T13:19:56.283749-0700]    12.8125 MB /   0.50 sec =  215.1573 Mbps     0 retrans
[2024-11-02T13:19:56.783808-0700]    14.5000 MB /   0.50 sec =  243.2643 Mbps     0 retrans
[2024-11-02T13:19:57.283907-0700]     3.1875 MB /   0.50 sec =   53.4698 Mbps     0 retrans
[2024-11-02T13:19:57.785577-0700]     2.7500 MB /   0.50 sec =   46.0026 Mbps     0 retrans
[2024-11-02T13:19:58.284371-0700]     6.1250 MB /   0.50 sec =  103.0531 Mbps     0 retrans
[2024-11-02T13:19:58.784170-0700]     5.7500 MB /   0.50 sec =   96.4214 Mbps     0 retrans
[2024-11-02T13:19:59.284026-0700]     6.1250 MB /   0.50 sec =  102.8086 Mbps     0 retrans
[2024-11-02T13:19:59.784245-0700]     6.5000 MB /   0.50 sec =  108.9917 Mbps     0 retrans
[2024-11-02T13:20:00.284321-0700]     5.6875 MB /   0.50 sec =   95.4074 Mbps     0 retrans
[2024-11-02T13:20:00.784037-0700]     5.6875 MB /   0.50 sec =   95.4691 Mbps     0 retrans
[2024-11-02T13:20:01.283996-0700]     6.0000 MB /   0.50 sec =  100.6871 Mbps     0 retrans
[2024-11-02T13:20:01.783830-0700]     7.1250 MB /   0.50 sec =  119.5573 Mbps     0 retrans
[2024-11-02T13:20:02.283942-0700]     7.6875 MB /   0.50 sec =  128.9578 Mbps     0 retrans
[2024-11-02T13:20:02.784276-0700]     7.3750 MB /   0.50 sec =  123.6467 Mbps     0 retrans
[2024-11-02T13:20:03.283886-0700]     7.0000 MB /   0.50 sec =  117.5355 Mbps     0 retrans
[2024-11-02T13:20:03.783983-0700]     9.0625 MB /   0.50 sec =  152.0174 Mbps     0 retrans
[2024-11-02T13:20:04.283714-0700]     9.2500 MB /   0.50 sec =  155.2302 Mbps     0 retrans
[2024-11-02T13:20:04.784309-0700]     7.7500 MB /   0.50 sec =  129.9953 Mbps     0 retrans
[2024-11-02T13:20:05.284391-0700]     8.1875 MB /   0.50 sec =  137.3843 Mbps     0 retrans
[2024-11-02T13:20:05.784666-0700]     7.5625 MB /   0.50 sec =  126.6758 Mbps     0 retrans
[2024-11-02T13:20:06.283928-0700]     6.6875 MB /   0.50 sec =  112.3669 Mbps     0 retrans
[2024-11-02T13:20:06.784335-0700]     6.1250 MB /   0.50 sec =  102.7413 Mbps     0 retrans
[2024-11-02T13:20:07.284625-0700]     6.4375 MB /   0.50 sec =  107.8870 Mbps     0 retrans
[2024-11-02T13:20:07.784884-0700]     6.9375 MB /   0.50 sec =  116.4276 Mbps     0 retrans
[2024-11-02T13:20:08.283874-0700]     7.9375 MB /   0.50 sec =  133.2819 Mbps     0 retrans
[2024-11-02T13:20:08.784037-0700]     7.5625 MB /   0.50 sec =  126.8881 Mbps     0 retrans
[2024-11-02T13:20:09.284883-0700]     8.1875 MB /   0.50 sec =  137.2372 Mbps     0 retrans
[2024-11-02T13:20:09.783906-0700]     7.8750 MB /   0.50 sec =  132.2425 Mbps     0 retrans
[2024-11-02T13:20:10.283847-0700]     6.8750 MB /   0.50 sec =  115.3554 Mbps     0 retrans
[2024-11-02T13:20:10.784847-0700]     5.6250 MB /   0.50 sec =   94.2853 Mbps     0 retrans
[2024-11-02T13:20:11.284271-0700]     4.1875 MB /   0.50 sec =   70.2708 Mbps     0 retrans
[2024-11-02T13:20:11.783948-0700]     5.5625 MB /   0.50 sec =   93.3716 Mbps     0 retrans
[2024-11-02T13:20:12.283893-0700]     3.4375 MB /   0.50 sec =   57.6788 Mbps     0 retrans
[2024-11-02T13:20:12.784045-0700]     3.8125 MB /   0.50 sec =   63.9528 Mbps     0 retrans
[2024-11-02T13:20:13.283943-0700]     4.1875 MB /   0.50 sec =   70.2715 Mbps     0 retrans
[2024-11-02T13:20:13.784821-0700]     5.8125 MB /   0.50 sec =   97.4918 Mbps     0 retrans
[2024-11-02T13:20:14.284391-0700]     6.5625 MB /   0.50 sec =  110.1251 Mbps     0 retrans
[2024-11-02T13:20:14.784168-0700]     6.2500 MB /   0.50 sec =  104.8542 Mbps     0 retrans
[2024-11-02T13:20:15.283786-0700]     5.8125 MB /   0.50 sec =   97.5248 Mbps     0 retrans
[2024-11-02T13:20:15.786341-0700]     6.6875 MB /   0.50 sec =  111.7691 Mbps     0 retrans
[2024-11-02T13:20:16.283728-0700]     5.5000 MB /   0.50 sec =   92.6339 Mbps     0 retrans
[2024-11-02T13:20:16.783826-0700]     6.9375 MB /   0.50 sec =  116.3812 Mbps     0 retrans
[2024-11-02T13:20:17.284485-0700]     7.2500 MB /   0.50 sec =  121.5021 Mbps     0 retrans
End time: 1730578817537
