Start time: 1730933814328
[2024-11-06T17:56:55.145321-0500] nuttcp-t: v8.1.4: socket
[2024-11-06T17:56:55.146485-0500] nuttcp-t: buflen=65536, nstream=1, port=5101 tcp -> 54.197.223.49
[2024-11-06T17:56:55.146638-0500] nuttcp-t: time limit = 120.00 seconds
[2024-11-06T17:56:55.146754-0500] nuttcp-t: connect to 54.197.223.49 with mss=1376, RTT=39.670 ms af=inet
[2024-11-06T17:56:55.146864-0500] nuttcp-t: send window size = 2097152, receive window size = 6291456
[2024-11-06T17:56:55.146970-0500] nuttcp-t: available send window = 1572864, available receive window = 4718592
[2024-11-06T17:56:55.147076-0500] nuttcp-t: initial congestion window = 13 KB (10 packets)
[2024-11-06T17:56:55.147182-0500] nuttcp-r: v8.1.4: socket
[2024-11-06T17:56:55.147284-0500] nuttcp-r: buflen=65536, nstream=1, port=5101 tcp
[2024-11-06T17:56:55.147387-0500] nuttcp-r: interval reporting every 0.50 seconds
[2024-11-06T17:56:55.147489-0500] nuttcp-r: accept from 174.219.213.129 with af=inet
[2024-11-06T17:56:55.147597-0500] nuttcp-r: send window size = 450000000, receive window size = 450000000
[2024-11-06T17:56:55.147715-0500] nuttcp-r: available send window = 225000000, available receive window = 225000000
[2024-11-06T17:56:55.147827-0500]     1.1250 MB /   0.50 sec =   18.8731 Mbps     0 retrans   1178 KB-cwnd
[2024-11-06T17:56:56.127408-0500]     2.0625 MB /   0.50 sec =   34.6045 Mbps     0 retrans   2773 KB-cwnd
[2024-11-06T17:56:56.561679-0500]     2.6250 MB /   0.50 sec =   44.0322 Mbps     0 retrans   2773 KB-cwnd
[2024-11-06T17:56:57.023676-0500]     3.1250 MB /   0.50 sec =   52.4378 Mbps     0 retrans   2773 KB-cwnd
[2024-11-06T17:56:57.528429-0500]     3.1250 MB /   0.50 sec =   52.4287 Mbps     0 retrans   2929 KB-cwnd
[2024-11-06T17:56:57.956767-0500]     3.0625 MB /   0.50 sec =   51.3813 Mbps     0 retrans   2929 KB-cwnd
[2024-11-06T17:56:58.542059-0500]     2.6875 MB /   0.50 sec =   45.0879 Mbps     0 retrans   2929 KB-cwnd
[2024-11-06T17:56:59.071369-0500]     2.9375 MB /   0.50 sec =   49.2837 Mbps     0 retrans   2929 KB-cwnd
[2024-11-06T17:56:59.477662-0500]     2.6250 MB /   0.50 sec =   44.0393 Mbps     0 retrans   2929 KB-cwnd
[2024-11-06T17:56:59.935594-0500]     3.0000 MB /   0.50 sec =   50.3315 Mbps     0 retrans   2929 KB-cwnd
[2024-11-06T17:57:00.390893-0500]     2.9375 MB /   0.50 sec =   49.2843 Mbps     0 retrans   2929 KB-cwnd
[2024-11-06T17:57:00.867281-0500]     3.0000 MB /   0.50 sec =   50.3296 Mbps     0 retrans   2929 KB-cwnd
[2024-11-06T17:57:01.445752-0500]     2.8125 MB /   0.50 sec =   47.1875 Mbps     0 retrans   2929 KB-cwnd
[2024-11-06T17:57:01.971517-0500]     2.1250 MB /   0.50 sec =   35.6514 Mbps     0 retrans   3642 KB-cwnd
[2024-11-06T17:57:02.404205-0500]     3.0000 MB /   0.50 sec =   50.3314 Mbps     0 retrans   3642 KB-cwnd
[2024-11-06T17:57:03.704370-0500]     2.9375 MB /   0.51 sec =   48.6992 Mbps    56 retrans   2914 KB-cwnd
[2024-11-06T17:57:03.704573-0500]     0.8125 MB /   0.49 sec =   13.7913 Mbps     0 retrans   2914 KB-cwnd
[2024-11-06T17:57:03.704620-0500]     0.0000 MB /   0.50 sec =    0.0000 Mbps     0 retrans   2914 KB-cwnd
[2024-11-06T17:57:04.199310-0500]     3.9375 MB /   0.50 sec =   66.0606 Mbps     0 retrans   2914 KB-cwnd
[2024-11-06T17:57:04.841384-0500]     2.6250 MB /   0.50 sec =   44.0412 Mbps     0 retrans   2914 KB-cwnd
[2024-11-06T17:57:05.461279-0500]     2.0625 MB /   0.50 sec =   34.5872 Mbps     3 retrans   2331 KB-cwnd
[2024-11-06T17:57:06.162389-0500]     2.4375 MB /   0.50 sec =   40.9130 Mbps     8 retrans   1866 KB-cwnd
[2024-11-06T17:57:06.162750-0500]     2.1875 MB /   0.50 sec =   36.6997 Mbps     0 retrans   1866 KB-cwnd
[2024-11-06T17:57:06.797815-0500]     3.8750 MB /   0.50 sec =   65.0118 Mbps     0 retrans   2094 KB-cwnd
[2024-11-06T17:57:07.306389-0500]     1.8750 MB /   0.50 sec =   31.4558 Mbps    41 retrans   1717 KB-cwnd
[2024-11-06T17:57:07.836427-0500]     4.5000 MB /   0.50 sec =   75.5012 Mbps     0 retrans   1717 KB-cwnd
[2024-11-06T17:57:08.208363-0500]     3.0625 MB /   0.50 sec =   51.3792 Mbps     0 retrans   1717 KB-cwnd
[2024-11-06T17:57:09.068553-0500]     3.0625 MB /   0.50 sec =   51.3810 Mbps     0 retrans   1717 KB-cwnd
[2024-11-06T17:57:09.558225-0500]     3.0000 MB /   0.50 sec =   50.3314 Mbps     0 retrans   1717 KB-cwnd
[2024-11-06T17:57:10.146506-0500]     2.4375 MB /   0.50 sec =   40.8936 Mbps     0 retrans   1717 KB-cwnd
[2024-11-06T17:57:10.147169-0500]     2.5000 MB /   0.50 sec =   41.9444 Mbps     0 retrans   1717 KB-cwnd
[2024-11-06T17:57:10.870194-0500]     1.9375 MB /   0.50 sec =   32.5055 Mbps     0 retrans   1717 KB-cwnd
[2024-11-06T17:57:11.281382-0500]     2.6250 MB /   0.50 sec =   44.0403 Mbps     0 retrans   1717 KB-cwnd
[2024-11-06T17:57:12.078461-0500]     3.1250 MB /   0.50 sec =   52.4276 Mbps     1 retrans   2264 KB-cwnd
[2024-11-06T17:57:12.870164-0500]     0.7500 MB /   0.50 sec =   12.5831 Mbps     0 retrans   3069 KB-cwnd
[2024-11-06T17:57:12.870339-0500]     2.4375 MB /   0.50 sec =   40.8942 Mbps     0 retrans   3081 KB-cwnd
[2024-11-06T17:57:14.124408-0500]     2.0000 MB /   0.50 sec =   33.5549 Mbps     1 retrans   3640 KB-cwnd
[2024-11-06T17:57:14.124712-0500]     1.6875 MB /   0.50 sec =   28.3111 Mbps     0 retrans   3646 KB-cwnd
[2024-11-06T17:57:14.678634-0500]     1.0000 MB /   0.50 sec =   16.7771 Mbps     3 retrans   4566 KB-cwnd
[2024-11-06T17:57:14.679028-0500]     1.6875 MB /   0.50 sec =   28.3120 Mbps     0 retrans   4566 KB-cwnd
[2024-11-06T17:57:15.154191-0500]     2.5000 MB /   0.50 sec =   41.9429 Mbps     7 retrans   3650 KB-cwnd
[2024-11-06T17:57:15.750833-0500]     3.5000 MB /   0.50 sec =   58.7205 Mbps     9 retrans   2919 KB-cwnd
[2024-11-06T17:57:16.250122-0500]     4.1875 MB /   0.50 sec =   70.2530 Mbps     0 retrans   2919 KB-cwnd
[2024-11-06T17:57:16.746762-0500]     3.5000 MB /   0.50 sec =   58.7220 Mbps     0 retrans   2919 KB-cwnd
[2024-11-06T17:57:17.288065-0500]     1.1250 MB /   0.50 sec =   18.8743 Mbps     2 retrans   2334 KB-cwnd
[2024-11-06T17:57:18.157279-0500]     5.6875 MB /   0.50 sec =   95.4048 Mbps     0 retrans   2334 KB-cwnd
[2024-11-06T17:57:18.157861-0500]     2.1875 MB /   0.50 sec =   36.7062 Mbps     0 retrans   2334 KB-cwnd
[2024-11-06T17:57:18.686054-0500]     2.8750 MB /   0.50 sec =   48.2350 Mbps     0 retrans   2334 KB-cwnd
[2024-11-06T17:57:19.531461-0500]     2.7500 MB /   0.50 sec =   46.1363 Mbps     6 retrans   1866 KB-cwnd
[2024-11-06T17:57:20.290160-0500]     2.9375 MB /   0.50 sec =   49.2842 Mbps     5 retrans   1515 KB-cwnd
[2024-11-06T17:57:20.290653-0500]     1.6250 MB /   0.50 sec =   27.2017 Mbps     0 retrans   1515 KB-cwnd
[2024-11-06T17:57:20.884367-0500]     3.1250 MB /   0.50 sec =   52.5451 Mbps   200 retrans   1335 KB-cwnd
[2024-11-06T17:57:21.388243-0500]     2.5000 MB /   0.50 sec =   41.9426 Mbps     6 retrans   1185 KB-cwnd
[2024-11-06T17:57:21.896050-0500]     2.8125 MB /   0.50 sec =   47.1878 Mbps     0 retrans   1310 KB-cwnd
[2024-11-06T17:57:22.451886-0500]     3.0000 MB /   0.50 sec =   50.3328 Mbps     0 retrans   1318 KB-cwnd
[2024-11-06T17:57:23.023941-0500]     2.1875 MB /   0.50 sec =   36.6988 Mbps     0 retrans   1361 KB-cwnd
[2024-11-06T17:57:23.514435-0500]     2.8750 MB /   0.50 sec =   48.2333 Mbps     0 retrans   1828 KB-cwnd
[2024-11-06T17:57:24.170028-0500]     3.1875 MB /   0.50 sec =   53.4777 Mbps     0 retrans   1828 KB-cwnd
[2024-11-06T17:57:24.170398-0500]     1.8125 MB /   0.50 sec =   30.4097 Mbps     0 retrans   1828 KB-cwnd
[2024-11-06T17:57:24.976042-0500]     3.2500 MB /   0.50 sec =   54.5268 Mbps     0 retrans   1828 KB-cwnd
[2024-11-06T17:57:25.732997-0500]     1.7500 MB /   0.50 sec =   29.3604 Mbps     2 retrans   1467 KB-cwnd
[2024-11-06T17:57:25.733454-0500]     1.5000 MB /   0.50 sec =   25.1656 Mbps     0 retrans   1467 KB-cwnd
[2024-11-06T17:57:26.230808-0500]     3.7500 MB /   0.50 sec =   62.8679 Mbps     0 retrans   1623 KB-cwnd
[2024-11-06T17:57:26.706389-0500]     2.9375 MB /   0.50 sec =   49.2228 Mbps     0 retrans   1623 KB-cwnd
[2024-11-06T17:57:27.270872-0500]     2.8125 MB /   0.50 sec =   47.2773 Mbps     0 retrans   1623 KB-cwnd
[2024-11-06T17:57:27.828468-0500]     2.5625 MB /   0.50 sec =   42.9923 Mbps     0 retrans   1623 KB-cwnd
[2024-11-06T17:57:28.305271-0500]     2.6875 MB /   0.50 sec =   45.0898 Mbps     0 retrans   1819 KB-cwnd
[2024-11-06T17:57:28.974419-0500]     2.3125 MB /   0.50 sec =   38.7965 Mbps     0 retrans   1820 KB-cwnd
[2024-11-06T17:57:29.623114-0500]     2.8750 MB /   0.50 sec =   48.2289 Mbps     0 retrans   1820 KB-cwnd
[2024-11-06T17:57:30.202612-0500]     3.0000 MB /   0.50 sec =   50.0678 Mbps     0 retrans   1820 KB-cwnd
[2024-11-06T17:57:30.203168-0500]     1.7500 MB /   0.50 sec =   29.5182 Mbps     0 retrans   1820 KB-cwnd
[2024-11-06T17:57:31.714408-0500]     2.1875 MB /   0.50 sec =   36.7011 Mbps     2 retrans   1464 KB-cwnd
[2024-11-06T17:57:31.714700-0500]     0.0000 MB /   0.50 sec =    0.0000 Mbps     0 retrans   1464 KB-cwnd
[2024-11-06T17:57:31.714751-0500]     1.3750 MB /   0.50 sec =   23.0686 Mbps     0 retrans   1464 KB-cwnd
[2024-11-06T17:57:32.200209-0500]     2.5000 MB /   0.50 sec =   41.9426 Mbps     0 retrans   1464 KB-cwnd
[2024-11-06T17:57:32.840431-0500]     2.3125 MB /   0.50 sec =   38.7958 Mbps     0 retrans   1464 KB-cwnd
[2024-11-06T17:57:33.467415-0500]     2.3750 MB /   0.50 sec =   39.8288 Mbps     0 retrans   1569 KB-cwnd
[2024-11-06T17:57:34.128068-0500]     3.6250 MB /   0.50 sec =   60.8466 Mbps     0 retrans   1629 KB-cwnd
[2024-11-06T17:57:34.514780-0500]     2.5000 MB /   0.50 sec =   41.9428 Mbps     0 retrans   1629 KB-cwnd
[2024-11-06T17:57:35.015840-0500]     2.1875 MB /   0.50 sec =   36.6996 Mbps     0 retrans   1631 KB-cwnd
[2024-11-06T17:57:35.470686-0500]     2.6250 MB /   0.50 sec =   44.0406 Mbps     0 retrans   1639 KB-cwnd
[2024-11-06T17:57:35.955434-0500]     4.1875 MB /   0.50 sec =   70.2552 Mbps     0 retrans   1948 KB-cwnd
[2024-11-06T17:57:36.466264-0500]     3.3125 MB /   0.50 sec =   55.5751 Mbps     0 retrans   2074 KB-cwnd
[2024-11-06T17:57:37.157949-0500]     3.0625 MB /   0.50 sec =   51.3796 Mbps     0 retrans   2074 KB-cwnd
[2024-11-06T17:57:37.158614-0500]     1.5625 MB /   0.50 sec =   26.2145 Mbps     0 retrans   2074 KB-cwnd
[2024-11-06T17:57:37.781112-0500]     2.0000 MB /   0.50 sec =   33.5548 Mbps     0 retrans   2074 KB-cwnd
[2024-11-06T17:57:38.406402-0500]     2.5000 MB /   0.50 sec =   41.9419 Mbps     0 retrans   2074 KB-cwnd
[2024-11-06T17:57:38.874506-0500]     2.6250 MB /   0.50 sec =   44.0393 Mbps     0 retrans   2074 KB-cwnd
[2024-11-06T17:57:39.351232-0500]     2.4375 MB /   0.50 sec =   40.8951 Mbps     0 retrans   2074 KB-cwnd
[2024-11-06T17:57:40.032532-0500]     2.6250 MB /   0.50 sec =   44.0316 Mbps     0 retrans   2074 KB-cwnd
[2024-11-06T17:57:40.670103-0500]     1.6875 MB /   0.50 sec =   28.3165 Mbps     0 retrans   2074 KB-cwnd
[2024-11-06T17:57:40.670541-0500]     2.1875 MB /   0.50 sec =   36.7014 Mbps     0 retrans   2074 KB-cwnd
[2024-11-06T17:57:41.871482-0500]     1.5000 MB /   0.50 sec =   25.1651 Mbps     0 retrans   2074 KB-cwnd
[2024-11-06T17:57:41.872143-0500]     1.0625 MB /   0.50 sec =   17.8264 Mbps     0 retrans   2074 KB-cwnd
[2024-11-06T17:57:43.015327-0500]     1.6250 MB /   0.50 sec =   27.2591 Mbps    13 retrans   1436 KB-cwnd
[2024-11-06T17:57:43.015551-0500]     0.7500 MB /   0.50 sec =   12.5849 Mbps     0 retrans   1436 KB-cwnd
[2024-11-06T17:57:43.898066-0500]     1.2500 MB /   0.50 sec =   20.9714 Mbps     8 retrans   1065 KB-cwnd
[2024-11-06T17:57:43.898587-0500]     2.5625 MB /   0.50 sec =   42.9910 Mbps     0 retrans   1065 KB-cwnd
[2024-11-06T17:57:45.173206-0500]     1.5625 MB /   0.50 sec =   26.2146 Mbps    17 retrans    560 KB-cwnd
[2024-11-06T17:57:45.173440-0500]     1.1250 MB /   0.50 sec =   18.8740 Mbps     0 retrans    560 KB-cwnd
[2024-11-06T17:57:45.173518-0500]     0.8750 MB /   0.50 sec =   14.6800 Mbps     0 retrans    560 KB-cwnd
[2024-11-06T17:57:47.086444-0500]     1.3125 MB /   0.50 sec =   22.0208 Mbps    25 retrans    327 KB-cwnd
[2024-11-06T17:57:47.086576-0500]     0.0000 MB /   0.50 sec =    0.0000 Mbps     0 retrans    327 KB-cwnd
[2024-11-06T17:57:47.086608-0500]     1.0625 MB /   0.50 sec =   17.8225 Mbps     0 retrans    327 KB-cwnd
[2024-11-06T17:57:51.027150-0500]     1.0625 MB /   0.50 sec =   17.8291 Mbps    31 retrans     53 KB-cwnd
[2024-11-06T17:57:51.027532-0500]     0.3750 MB /   0.50 sec =    6.2914 Mbps     0 retrans     53 KB-cwnd
[2024-11-06T17:57:51.027668-0500]     0.5000 MB /   0.50 sec =    8.3885 Mbps     0 retrans     53 KB-cwnd
[2024-11-06T17:57:51.027815-0500]     0.3125 MB /   0.50 sec =    5.2430 Mbps     0 retrans     53 KB-cwnd
[2024-11-06T17:57:51.027921-0500]     0.2500 MB /   0.50 sec =    4.1943 Mbps     0 retrans     53 KB-cwnd
[2024-11-06T17:57:51.028028-0500]     0.5000 MB /   0.50 sec =    8.3886 Mbps     0 retrans     53 KB-cwnd
[2024-11-06T17:57:51.028131-0500]     0.3750 MB /   0.50 sec =    6.2914 Mbps     0 retrans     53 KB-cwnd
[2024-11-06T17:57:51.028231-0500]     0.1250 MB /   0.50 sec =    2.0972 Mbps     0 retrans     53 KB-cwnd
[2024-11-06T17:58:18.290517-0500]     0.1875 MB /   0.50 sec =    3.1457 Mbps    52 retrans      6 KB-cwnd
[2024-11-06T17:58:18.290974-0500]     0.0625 MB /   0.50 sec =    1.0486 Mbps     0 retrans      6 KB-cwnd
[2024-11-06T17:58:18.291174-0500]     0.0625 MB /   0.50 sec =    1.0486 Mbps     0 retrans      6 KB-cwnd
[2024-11-06T17:58:18.291302-0500]     0.1250 MB /   0.50 sec =    2.0972 Mbps     0 retrans      6 KB-cwnd
[2024-11-06T17:58:18.291416-0500]     0.1250 MB /   0.50 sec =    2.0972 Mbps     0 retrans      6 KB-cwnd
[2024-11-06T17:58:18.291521-0500]     0.0625 MB /   0.50 sec =    1.0486 Mbps     0 retrans      6 KB-cwnd
[2024-11-06T17:58:18.291625-0500]     0.0625 MB /   0.50 sec =    1.0486 Mbps     0 retrans      6 KB-cwnd
[2024-11-06T17:58:18.291726-0500]     0.0625 MB /   0.50 sec =    1.0485 Mbps     0 retrans      6 KB-cwnd
[2024-11-06T17:58:18.291827-0500]     0.0625 MB /   0.50 sec =    1.0487 Mbps     0 retrans      6 KB-cwnd
[2024-11-06T17:58:18.291929-0500]     0.0625 MB /   0.50 sec =    1.0486 Mbps     0 retrans      6 KB-cwnd
[2024-11-06T17:58:18.292031-0500]     0.0000 MB /   0.50 sec =    0.0000 Mbps     0 retrans      6 KB-cwnd
[2024-11-06T17:58:18.292132-0500]     0.1875 MB /   0.50 sec =    3.1456 Mbps     0 retrans      6 KB-cwnd
[2024-11-06T17:58:18.292231-0500]     0.0625 MB /   0.50 sec =    1.0486 Mbps     0 retrans      6 KB-cwnd
[2024-11-06T17:58:18.292335-0500]     0.0625 MB /   0.50 sec =    1.0486 Mbps     0 retrans      6 KB-cwnd
[2024-11-06T17:58:18.292437-0500]     0.0625 MB /   0.50 sec =    1.0486 Mbps     0 retrans      6 KB-cwnd
[2024-11-06T17:58:18.292535-0500]     0.0000 MB /   0.50 sec =    0.0000 Mbps     0 retrans      6 KB-cwnd
[2024-11-06T17:58:18.292634-0500]     0.0625 MB /   0.50 sec =    1.0485 Mbps     0 retrans      6 KB-cwnd
[2024-11-06T17:58:18.293107-0500]     0.0625 MB /   0.50 sec =    1.0487 Mbps     0 retrans      6 KB-cwnd
[2024-11-06T17:58:18.293230-0500]     0.0000 MB /   0.50 sec =    0.0000 Mbps     0 retrans      6 KB-cwnd
[2024-11-06T17:58:18.293334-0500]     0.0625 MB /   0.50 sec =    1.0485 Mbps     0 retrans      6 KB-cwnd
[2024-11-06T17:58:18.293435-0500]     0.0000 MB /   0.50 sec =    0.0000 Mbps     0 retrans      6 KB-cwnd
[2024-11-06T17:58:18.293534-0500]     0.0625 MB /   0.50 sec =    1.0486 Mbps     0 retrans      6 KB-cwnd
[2024-11-06T17:58:18.293636-0500]     0.0000 MB /   0.50 sec =    0.0000 Mbps     0 retrans      6 KB-cwnd
[2024-11-06T17:58:18.293736-0500]     0.0625 MB /   0.50 sec =    1.0486 Mbps     0 retrans      6 KB-cwnd
[2024-11-06T17:58:18.293837-0500]     0.0000 MB /   0.50 sec =    0.0000 Mbps     0 retrans      6 KB-cwnd
[2024-11-06T17:58:18.293935-0500]     0.0625 MB /   0.50 sec =    1.0486 Mbps     0 retrans      6 KB-cwnd
[2024-11-06T17:58:18.294034-0500]     0.0000 MB /   0.50 sec =    0.0000 Mbps     0 retrans      6 KB-cwnd
[2024-11-06T17:58:18.294133-0500]     0.0625 MB /   0.50 sec =    1.0486 Mbps     0 retrans      6 KB-cwnd
[2024-11-06T17:58:18.294231-0500]     0.0625 MB /   0.50 sec =    1.0486 Mbps     0 retrans      6 KB-cwnd
[2024-11-06T17:58:18.294330-0500]     0.0000 MB /   0.50 sec =    0.0000 Mbps     0 retrans      6 KB-cwnd
[2024-11-06T17:58:18.294471-0500]     0.0625 MB /   0.50 sec =    1.0486 Mbps     0 retrans      6 KB-cwnd
[2024-11-06T17:58:18.294577-0500]     0.0000 MB /   0.50 sec =    0.0000 Mbps     0 retrans      6 KB-cwnd
[2024-11-06T17:58:18.294680-0500]     0.0625 MB /   0.50 sec =    1.0486 Mbps     0 retrans      6 KB-cwnd
[2024-11-06T17:58:18.294778-0500]     0.0625 MB /   0.50 sec =    1.0486 Mbps     0 retrans      6 KB-cwnd
[2024-11-06T17:58:18.294876-0500]     0.0000 MB /   0.50 sec =    0.0000 Mbps     0 retrans      6 KB-cwnd
[2024-11-06T17:58:18.294976-0500]     0.0625 MB /   0.50 sec =    1.0486 Mbps     0 retrans      6 KB-cwnd
[2024-11-06T17:58:18.295071-0500]     0.0625 MB /   0.50 sec =    1.0486 Mbps     0 retrans      6 KB-cwnd
[2024-11-06T17:58:18.295170-0500]     0.0000 MB /   0.50 sec =    0.0000 Mbps     0 retrans      6 KB-cwnd
[2024-11-06T17:58:18.295270-0500]     0.0625 MB /   0.50 sec =    1.0486 Mbps     0 retrans      6 KB-cwnd
[2024-11-06T17:58:18.295366-0500]     0.0000 MB /   0.50 sec =    0.0000 Mbps     0 retrans      6 KB-cwnd
[2024-11-06T17:58:18.295464-0500]     0.0625 MB /   0.50 sec =    1.0484 Mbps     0 retrans      6 KB-cwnd
[2024-11-06T17:58:18.295563-0500]     0.0000 MB /   0.50 sec =    0.0000 Mbps     0 retrans      6 KB-cwnd
[2024-11-06T17:58:18.295661-0500]     0.1250 MB /   0.50 sec =    2.0971 Mbps     0 retrans      6 KB-cwnd
[2024-11-06T17:58:18.295758-0500]     0.0000 MB /   0.50 sec =    0.0000 Mbps     0 retrans      6 KB-cwnd
[2024-11-06T17:58:18.295857-0500]     0.0625 MB /   0.50 sec =    1.0486 Mbps     0 retrans      6 KB-cwnd
[2024-11-06T17:58:18.295956-0500]     0.0625 MB /   0.50 sec =    1.0486 Mbps     0 retrans      6 KB-cwnd
[2024-11-06T17:58:18.296056-0500]     0.0000 MB /   0.50 sec =    0.0000 Mbps     0 retrans      6 KB-cwnd
[2024-11-06T17:58:18.296155-0500]     0.0625 MB /   0.50 sec =    1.0496 Mbps     0 retrans      6 KB-cwnd
[2024-11-06T17:58:18.296258-0500]     0.0625 MB /   0.50 sec =    1.0486 Mbps     0 retrans      6 KB-cwnd
[2024-11-06T17:58:18.296358-0500]     0.0000 MB /   0.50 sec =    0.0000 Mbps     0 retrans      6 KB-cwnd
[2024-11-06T17:58:18.296458-0500]     0.0625 MB /   0.50 sec =    1.0486 Mbps     0 retrans      6 KB-cwnd
[2024-11-06T17:58:18.296556-0500]     0.0000 MB /   0.50 sec =    0.0000 Mbps     0 retrans      6 KB-cwnd
[2024-11-06T17:58:18.296740-0500]     0.0625 MB /   0.50 sec =    1.0486 Mbps     0 retrans      6 KB-cwnd
[2024-11-06T17:58:18.296947-0500]     0.0000 MB /   0.50 sec =    0.0000 Mbps     0 retrans      6 KB-cwnd
[2024-11-06T17:58:18.297059-0500]     0.0625 MB /   0.50 sec =    1.0486 Mbps     0 retrans      6 KB-cwnd
[2024-11-06T17:58:35.224084-0500]     0.0000 MB /   0.50 sec =    0.0000 Mbps    42 retrans    413 KB-cwnd
[2024-11-06T17:58:35.224363-0500]     0.0625 MB /   0.50 sec =    1.0486 Mbps     0 retrans    413 KB-cwnd
[2024-11-06T17:58:35.224452-0500]     0.0625 MB /   0.50 sec =    1.0485 Mbps     0 retrans    413 KB-cwnd
[2024-11-06T17:58:35.224535-0500]     0.0625 MB /   0.50 sec =    1.0486 Mbps     0 retrans    413 KB-cwnd
[2024-11-06T17:58:35.224608-0500]     0.0625 MB /   0.50 sec =    1.0486 Mbps     0 retrans    413 KB-cwnd
[2024-11-06T17:58:35.224750-0500]     0.0625 MB /   0.50 sec =    1.0486 Mbps     0 retrans    413 KB-cwnd
[2024-11-06T17:58:35.224823-0500]     0.0625 MB /   0.50 sec =    1.0486 Mbps     0 retrans    413 KB-cwnd
[2024-11-06T17:58:35.224891-0500]     0.0625 MB /   0.50 sec =    1.0486 Mbps     0 retrans    413 KB-cwnd
[2024-11-06T17:58:35.224951-0500]     0.0625 MB /   0.50 sec =    1.0486 Mbps     0 retrans    413 KB-cwnd
[2024-11-06T17:58:35.224992-0500]     0.0000 MB /   0.50 sec =    0.0000 Mbps     0 retrans    413 KB-cwnd
[2024-11-06T17:58:35.225033-0500]     0.0625 MB /   0.50 sec =    1.0486 Mbps     0 retrans    413 KB-cwnd
[2024-11-06T17:58:35.225074-0500]     0.1250 MB /   0.50 sec =    2.0972 Mbps     0 retrans    413 KB-cwnd
[2024-11-06T17:58:35.225115-0500]     0.1250 MB /   0.50 sec =    2.0971 Mbps     0 retrans    413 KB-cwnd
[2024-11-06T17:58:35.225155-0500]     0.0625 MB /   0.50 sec =    1.0484 Mbps     0 retrans    413 KB-cwnd
[2024-11-06T17:58:35.225219-0500]     0.0625 MB /   0.50 sec =    1.0488 Mbps     0 retrans    413 KB-cwnd
[2024-11-06T17:58:35.225261-0500]     0.0625 MB /   0.50 sec =    1.0486 Mbps     0 retrans    413 KB-cwnd
[2024-11-06T17:58:35.225301-0500]     0.0625 MB /   0.50 sec =    1.0483 Mbps     0 retrans    413 KB-cwnd
[2024-11-06T17:58:35.225343-0500]     0.0000 MB /   0.50 sec =    0.0000 Mbps     0 retrans    413 KB-cwnd
[2024-11-06T17:58:35.225382-0500]     0.0625 MB /   0.50 sec =    1.0486 Mbps     0 retrans    413 KB-cwnd
[2024-11-06T17:58:35.225423-0500]     0.0625 MB /   0.50 sec =    1.0486 Mbps     0 retrans    413 KB-cwnd
[2024-11-06T17:58:35.225463-0500]     0.0625 MB /   0.50 sec =    1.0486 Mbps     0 retrans    413 KB-cwnd
[2024-11-06T17:58:35.225502-0500]     0.0625 MB /   0.50 sec =    1.0486 Mbps     0 retrans    413 KB-cwnd
[2024-11-06T17:58:35.225543-0500]     0.0000 MB /   0.50 sec =    0.0000 Mbps     0 retrans    413 KB-cwnd
[2024-11-06T17:58:35.225583-0500]     0.1250 MB /   0.50 sec =    2.0972 Mbps     0 retrans    413 KB-cwnd
[2024-11-06T17:58:35.225622-0500]     0.0625 MB /   0.50 sec =    1.0486 Mbps     0 retrans    413 KB-cwnd
[2024-11-06T17:58:35.225662-0500]     0.0625 MB /   0.50 sec =    1.0486 Mbps     0 retrans    413 KB-cwnd
[2024-11-06T17:58:35.225701-0500]     0.0625 MB /   0.50 sec =    1.0486 Mbps     0 retrans    413 KB-cwnd
[2024-11-06T17:58:35.225741-0500]     0.0000 MB /   0.50 sec =    0.0000 Mbps     0 retrans    413 KB-cwnd
[2024-11-06T17:58:35.225780-0500]     0.0625 MB /   0.50 sec =    1.0486 Mbps     0 retrans    413 KB-cwnd
[2024-11-06T17:58:35.225819-0500]     0.1250 MB /   0.50 sec =    2.0971 Mbps     0 retrans    413 KB-cwnd
[2024-11-06T17:58:35.225860-0500]     0.0625 MB /   0.50 sec =    1.0486 Mbps     0 retrans    413 KB-cwnd
[2024-11-06T17:58:35.225899-0500]     0.0000 MB /   0.50 sec =    0.0000 Mbps     0 retrans    413 KB-cwnd
[2024-11-06T17:58:35.225938-0500]     0.0625 MB /   0.50 sec =    1.0486 Mbps     0 retrans    413 KB-cwnd
[2024-11-06T17:58:35.225977-0500]     0.5000 MB /   0.50 sec =    8.3822 Mbps     0 retrans    413 KB-cwnd
[2024-11-06T17:58:36.046391-0500]     3.1250 MB /   0.50 sec =   52.4690 Mbps     0 retrans   1182 KB-cwnd
[2024-11-06T17:58:36.516326-0500]     3.0000 MB /   0.50 sec =   50.3302 Mbps     0 retrans   1353 KB-cwnd
[2024-11-06T17:58:37.009150-0500]     3.0000 MB /   0.50 sec =   50.3311 Mbps     0 retrans   1353 KB-cwnd
[2024-11-06T17:58:37.590997-0500]     2.5000 MB /   0.50 sec =   41.9439 Mbps     0 retrans   1607 KB-cwnd
[2024-11-06T17:58:38.242945-0500]     2.4375 MB /   0.50 sec =   40.8946 Mbps     0 retrans   1607 KB-cwnd
[2024-11-06T17:58:38.243513-0500]     1.8125 MB /   0.50 sec =   30.3942 Mbps     0 retrans   1607 KB-cwnd
[2024-11-06T17:58:39.056055-0500]     3.5000 MB /   0.50 sec =   58.7355 Mbps     0 retrans   1607 KB-cwnd
[2024-11-06T17:58:39.441210-0500]     3.2500 MB /   0.50 sec =   54.5368 Mbps     0 retrans   1607 KB-cwnd
[2024-11-06T17:58:39.864491-0500]     3.3750 MB /   0.50 sec =   56.6225 Mbps     0 retrans   1607 KB-cwnd
[2024-11-06T17:58:40.248792-0500]     3.2500 MB /   0.50 sec =   54.5269 Mbps     0 retrans   1607 KB-cwnd
[2024-11-06T17:58:40.661158-0500]     3.3125 MB /   0.50 sec =   55.5754 Mbps     0 retrans   1607 KB-cwnd
[2024-11-06T17:58:41.379332-0500]     3.6250 MB /   0.50 sec =   60.8162 Mbps     0 retrans   1607 KB-cwnd
[2024-11-06T17:58:41.749123-0500]     3.7500 MB /   0.50 sec =   62.9152 Mbps     0 retrans   1607 KB-cwnd
[2024-11-06T17:58:42.437488-0500]     3.7500 MB /   0.50 sec =   62.9137 Mbps     0 retrans   1607 KB-cwnd
[2024-11-06T17:58:42.734895-0500]     4.1875 MB /   0.50 sec =   70.2537 Mbps     0 retrans   1607 KB-cwnd
[2024-11-06T17:58:43.349019-0500]     4.3750 MB /   0.50 sec =   73.4021 Mbps     0 retrans   1607 KB-cwnd
[2024-11-06T17:58:43.712777-0500]     3.9375 MB /   0.50 sec =   66.0602 Mbps     0 retrans   1607 KB-cwnd
[2024-11-06T17:58:44.287629-0500]     4.5625 MB /   0.50 sec =   76.5471 Mbps     0 retrans   1607 KB-cwnd
[2024-11-06T17:58:44.832430-0500]     4.8750 MB /   0.50 sec =   81.7701 Mbps     0 retrans   1607 KB-cwnd
[2024-11-06T17:58:45.414763-0500]     4.9375 MB /   0.50 sec =   82.8566 Mbps     0 retrans   1607 KB-cwnd
[2024-11-06T17:58:45.694697-0500]     4.5625 MB /   0.50 sec =   76.5442 Mbps     0 retrans   1607 KB-cwnd
[2024-11-06T17:58:46.280313-0500]     4.6875 MB /   0.50 sec =   78.6452 Mbps     0 retrans   1607 KB-cwnd
[2024-11-06T17:58:46.864374-0500]     4.8750 MB /   0.50 sec =   81.7878 Mbps     0 retrans   1607 KB-cwnd
[2024-11-06T17:58:47.150234-0500]     4.6250 MB /   0.50 sec =   77.5962 Mbps     0 retrans   1607 KB-cwnd
[2024-11-06T17:58:47.734934-0500]     4.5000 MB /   0.50 sec =   75.4969 Mbps     0 retrans   1607 KB-cwnd
[2024-11-06T17:58:48.390984-0500]     4.1875 MB /   0.50 sec =   70.2533 Mbps     0 retrans   1607 KB-cwnd
[2024-11-06T17:58:48.732419-0500]     4.0000 MB /   0.50 sec =   67.1101 Mbps     0 retrans   1607 KB-cwnd
[2024-11-06T17:58:49.534450-0500]     3.4375 MB /   0.50 sec =   57.6716 Mbps     0 retrans   1607 KB-cwnd
[2024-11-06T17:58:49.910982-0500]     3.4375 MB /   0.50 sec =   57.6716 Mbps     0 retrans   1607 KB-cwnd
[2024-11-06T17:58:50.235535-0500]     3.7500 MB /   0.50 sec =   62.9120 Mbps     0 retrans   1607 KB-cwnd
[2024-11-06T17:58:50.855011-0500]     4.3750 MB /   0.50 sec =   73.4015 Mbps     0 retrans   1607 KB-cwnd
[2024-11-06T17:58:51.408275-0500]     4.6250 MB /   0.50 sec =   77.5740 Mbps     0 retrans   1607 KB-cwnd
[2024-11-06T17:58:51.684606-0500]     4.8750 MB /   0.50 sec =   81.8019 Mbps     0 retrans   1607 KB-cwnd
[2024-11-06T17:58:52.216219-0500]     5.0000 MB /   0.50 sec =   83.8963 Mbps     0 retrans   1607 KB-cwnd
[2024-11-06T17:58:52.788447-0500]     4.8750 MB /   0.50 sec =   81.7888 Mbps     0 retrans   1607 KB-cwnd
[2024-11-06T17:58:53.338939-0500]     5.1250 MB /   0.50 sec =   85.9822 Mbps     0 retrans   1836 KB-cwnd
[2024-11-06T17:58:53.824471-0500]     5.6875 MB /   0.50 sec =   95.4191 Mbps     0 retrans   2069 KB-cwnd
[2024-11-06T17:58:54.360770-0500]     5.1875 MB /   0.50 sec =   87.0327 Mbps     0 retrans   2069 KB-cwnd
[2024-11-06T17:58:54.644201-0500]     4.8125 MB /   0.50 sec =   80.7404 Mbps     0 retrans   2069 KB-cwnd
[2024-11-06T17:58:55.149063-0500]     5.0625 MB /   0.50 sec =   84.9357 Mbps     0 retrans   2069 KB-cwnd
[2024-11-06T17:58:55.209578-0500] nuttcp-t: 419.9888 MB in 120.00 real seconds = 3583.90 KB/sec = 29.3593 Mbps
[2024-11-06T17:58:55.209781-0500] nuttcp-t: retrans = 540 cwnd = 2069 KB
[2024-11-06T17:58:55.209815-0500] nuttcp-t: 6720 I/O calls, msec/call = 18.29, calls/sec = 56.00
[2024-11-06T17:58:55.209841-0500] nuttcp-t: 0.0user 0.3sys 2:00real 0% 0i+0d 1310maxrss 0+0pf 147+36csw
[2024-11-06T17:58:55.209886-0500] 
[2024-11-06T17:58:55.209910-0500] nuttcp-r: 419.9888 MB in 120.57 real seconds = 3567.07 KB/sec = 29.2215 Mbps
[2024-11-06T17:58:55.209933-0500] nuttcp-r: 37812 I/O calls, msec/call = 3.27, calls/sec = 313.62
[2024-11-06T17:58:55.209957-0500] nuttcp-r: 0.1user 1.2sys 2:00real 1% 0i+0d 92maxrss 0+15pf 30549+21csw
End time: 1730933935401
