Start time: 1730995996469
[2024-11-07T11:13:17.306343-0500] nuttcp-r: v8.1.4: socket
[2024-11-07T11:13:17.307104-0500] nuttcp-r: buflen=65536, nstream=1, port=5101 tcp
[2024-11-07T11:13:17.307189-0500] nuttcp-r: interval reporting every 0.50 seconds
[2024-11-07T11:13:17.307256-0500] nuttcp-r: connect to 54.197.223.49 with RTT=62.090 ms af=inet
[2024-11-07T11:13:17.307320-0500] nuttcp-r: send window size = 2097152, receive window size = 6291456
[2024-11-07T11:13:17.307380-0500] nuttcp-r: available send window = 1572864, available receive window = 4718592
[2024-11-07T11:13:17.307441-0500]     0.5625 MB /   0.50 sec =    9.4363 Mbps     0 retrans     13 KB-cwnd
[2024-11-07T11:13:17.806128-0500]     5.0625 MB /   0.50 sec =   84.9381 Mbps     0 retrans     13 KB-cwnd
[2024-11-07T11:13:18.306188-0500]     5.6875 MB /   0.50 sec =   95.4235 Mbps     0 retrans     13 KB-cwnd
[2024-11-07T11:13:18.806630-0500]     8.5625 MB /   0.50 sec =  143.6417 Mbps     0 retrans     13 KB-cwnd
[2024-11-07T11:13:19.306137-0500]    11.5625 MB /   0.50 sec =  194.0063 Mbps     0 retrans     13 KB-cwnd
[2024-11-07T11:13:19.806473-0500]    11.5625 MB /   0.50 sec =  193.8470 Mbps     0 retrans     13 KB-cwnd
[2024-11-07T11:13:20.306075-0500]    11.4375 MB /   0.50 sec =  192.0177 Mbps     0 retrans     13 KB-cwnd
[2024-11-07T11:13:20.806263-0500]    10.9375 MB /   0.50 sec =  183.4388 Mbps     0 retrans     13 KB-cwnd
[2024-11-07T11:13:21.306572-0500]    16.6250 MB /   0.50 sec =  278.7835 Mbps     0 retrans     13 KB-cwnd
[2024-11-07T11:13:21.806182-0500]    20.5000 MB /   0.50 sec =  344.2083 Mbps     0 retrans     13 KB-cwnd
[2024-11-07T11:13:22.306256-0500]    24.6875 MB /   0.50 sec =  414.1999 Mbps     0 retrans     13 KB-cwnd
[2024-11-07T11:13:22.806148-0500]    31.2500 MB /   0.50 sec =  524.2849 Mbps     0 retrans     16 KB-cwnd
[2024-11-07T11:13:23.306270-0500]    37.8750 MB /   0.50 sec =  635.3011 Mbps     0 retrans     26 KB-cwnd
[2024-11-07T11:13:23.806154-0500]    38.5625 MB /   0.50 sec =  647.1021 Mbps     0 retrans     26 KB-cwnd
[2024-11-07T11:13:24.306211-0500]    35.4375 MB /   0.50 sec =  594.4962 Mbps     0 retrans     30 KB-cwnd
[2024-11-07T11:13:24.806154-0500]    37.2500 MB /   0.50 sec =  624.9938 Mbps     0 retrans     43 KB-cwnd
[2024-11-07T11:13:25.306313-0500]    33.3125 MB /   0.50 sec =  558.7692 Mbps     0 retrans     45 KB-cwnd
[2024-11-07T11:13:25.806203-0500]    36.7500 MB /   0.50 sec =  616.6466 Mbps     0 retrans     51 KB-cwnd
[2024-11-07T11:13:26.306231-0500]    45.5625 MB /   0.50 sec =  764.5082 Mbps     0 retrans  11088 KB-cwnd
[2024-11-07T11:13:26.806139-0500]    43.1875 MB /   0.50 sec =  724.5530 Mbps     0 retrans  11088 KB-cwnd
[2024-11-07T11:13:27.306132-0500]    41.3750 MB /   0.50 sec =  694.1559 Mbps     0 retrans  12034 KB-cwnd
[2024-11-07T11:13:27.806180-0500]    37.1250 MB /   0.50 sec =  622.8317 Mbps     0 retrans  12034 KB-cwnd
[2024-11-07T11:13:28.306179-0500]    36.5000 MB /   0.50 sec =  612.3488 Mbps     0 retrans  14904 KB-cwnd
[2024-11-07T11:13:28.806212-0500]    36.7500 MB /   0.50 sec =  616.5380 Mbps     0 retrans  13351 KB-cwnd
[2024-11-07T11:13:29.306364-0500]    41.1875 MB /   0.50 sec =  691.0613 Mbps     0 retrans  13510 KB-cwnd
[2024-11-07T11:13:29.806155-0500]    37.9375 MB /   0.50 sec =  636.5047 Mbps     0 retrans  13512 KB-cwnd
[2024-11-07T11:13:30.306156-0500]    37.8750 MB /   0.50 sec =  635.4358 Mbps     0 retrans  12843 KB-cwnd
[2024-11-07T11:13:30.806057-0500]    38.8750 MB /   0.50 sec =  652.2612 Mbps     0 retrans  12945 KB-cwnd
[2024-11-07T11:13:31.306178-0500]    28.5625 MB /   0.50 sec =  479.1542 Mbps     0 retrans  12873 KB-cwnd
[2024-11-07T11:13:31.806158-0500]    15.3125 MB /   0.50 sec =  256.9032 Mbps     0 retrans  12873 KB-cwnd
[2024-11-07T11:13:32.306152-0500]    41.7500 MB /   0.50 sec =  700.4628 Mbps     0 retrans  12862 KB-cwnd
[2024-11-07T11:13:32.806159-0500]    42.8750 MB /   0.50 sec =  719.3188 Mbps     0 retrans  13872 KB-cwnd
[2024-11-07T11:13:33.306186-0500]    50.1875 MB /   0.50 sec =  842.0149 Mbps     0 retrans      5 KB-cwnd
[2024-11-07T11:13:33.806161-0500]    51.7500 MB /   0.50 sec =  868.2036 Mbps     0 retrans      5 KB-cwnd
[2024-11-07T11:13:34.306168-0500]    49.0625 MB /   0.50 sec =  823.1338 Mbps     0 retrans  15719 KB-cwnd
[2024-11-07T11:13:34.806159-0500]    31.4375 MB /   0.50 sec =  527.4379 Mbps     0 retrans  14969 KB-cwnd
[2024-11-07T11:13:35.306092-0500]    26.9375 MB /   0.50 sec =  451.9552 Mbps     0 retrans  14969 KB-cwnd
[2024-11-07T11:13:35.806178-0500]    46.6250 MB /   0.50 sec =  782.1970 Mbps     0 retrans  16767 KB-cwnd
[2024-11-07T11:13:36.306216-0500]    51.3750 MB /   0.50 sec =  861.8709 Mbps     0 retrans  16767 KB-cwnd
[2024-11-07T11:13:36.806263-0500]    51.3125 MB /   0.50 sec =  860.9567 Mbps     0 retrans  16197 KB-cwnd
[2024-11-07T11:13:37.306256-0500]    43.6875 MB /   0.50 sec =  732.8506 Mbps     0 retrans  13760 KB-cwnd
[2024-11-07T11:13:37.806145-0500]    46.0625 MB /   0.50 sec =  772.9118 Mbps     0 retrans  13760 KB-cwnd
[2024-11-07T11:13:38.306165-0500]    41.8125 MB /   0.50 sec =  701.4945 Mbps     0 retrans  15525 KB-cwnd
[2024-11-07T11:13:38.806172-0500]    39.1875 MB /   0.50 sec =  657.4427 Mbps     0 retrans  15525 KB-cwnd
[2024-11-07T11:13:39.306192-0500]    35.2500 MB /   0.50 sec =  591.3969 Mbps     0 retrans  18309 KB-cwnd
[2024-11-07T11:13:39.806374-0500]    35.3125 MB /   0.50 sec =  592.4490 Mbps     0 retrans  18309 KB-cwnd
[2024-11-07T11:13:40.306164-0500]    44.8125 MB /   0.50 sec =  751.8260 Mbps     0 retrans  15893 KB-cwnd
[2024-11-07T11:13:40.806077-0500]    42.0000 MB /   0.50 sec =  704.6938 Mbps     0 retrans  13039 KB-cwnd
[2024-11-07T11:13:41.306157-0500]    48.7500 MB /   0.50 sec =  817.8533 Mbps     0 retrans  13187 KB-cwnd
[2024-11-07T11:13:41.806151-0500]    50.1875 MB /   0.50 sec =  842.0032 Mbps     0 retrans  15243 KB-cwnd
[2024-11-07T11:13:42.306218-0500]    48.7500 MB /   0.50 sec =  817.8713 Mbps     0 retrans  15243 KB-cwnd
[2024-11-07T11:13:42.806196-0500]    37.8750 MB /   0.50 sec =  635.4269 Mbps     0 retrans  15404 KB-cwnd
[2024-11-07T11:13:43.306423-0500]    42.2500 MB /   0.50 sec =  708.8317 Mbps     0 retrans  15404 KB-cwnd
[2024-11-07T11:13:43.806192-0500]    43.5000 MB /   0.50 sec =  729.8381 Mbps     0 retrans  13348 KB-cwnd
[2024-11-07T11:13:44.306264-0500]    51.6875 MB /   0.50 sec =  867.0700 Mbps     0 retrans  14028 KB-cwnd
[2024-11-07T11:13:44.806161-0500]    45.1250 MB /   0.50 sec =  757.1340 Mbps     0 retrans  14028 KB-cwnd
[2024-11-07T11:13:45.306437-0500]    48.8750 MB /   0.50 sec =  819.6307 Mbps     0 retrans  16022 KB-cwnd
[2024-11-07T11:13:45.806270-0500]    51.8125 MB /   0.50 sec =  869.6295 Mbps     0 retrans  18205 KB-cwnd
[2024-11-07T11:13:46.306055-0500]    40.1875 MB /   0.50 sec =  674.3207 Mbps     0 retrans  18205 KB-cwnd
[2024-11-07T11:13:46.806198-0500]    16.8750 MB /   0.50 sec =  283.0855 Mbps     0 retrans  18205 KB-cwnd
[2024-11-07T11:13:47.306130-0500]    40.2500 MB /   0.50 sec =  675.3154 Mbps     0 retrans  15321 KB-cwnd
[2024-11-07T11:13:47.806150-0500]    43.8750 MB /   0.50 sec =  736.0915 Mbps     0 retrans  14082 KB-cwnd
[2024-11-07T11:13:48.306277-0500]    39.1875 MB /   0.50 sec =  657.4177 Mbps     0 retrans  14082 KB-cwnd
[2024-11-07T11:13:48.806193-0500]    40.1250 MB /   0.50 sec =  673.2195 Mbps     0 retrans  11029 KB-cwnd
[2024-11-07T11:13:49.306311-0500]    40.0625 MB /   0.50 sec =  672.1480 Mbps     0 retrans  14285 KB-cwnd
[2024-11-07T11:13:49.806190-0500]    27.9375 MB /   0.50 sec =  468.7013 Mbps     0 retrans  12343 KB-cwnd
[2024-11-07T11:13:50.306162-0500]    37.8125 MB /   0.50 sec =  634.3948 Mbps     0 retrans  12346 KB-cwnd
[2024-11-07T11:13:50.806176-0500]    28.4375 MB /   0.50 sec =  477.0849 Mbps     0 retrans  12346 KB-cwnd
[2024-11-07T11:13:51.306319-0500]    31.7500 MB /   0.50 sec =  532.5754 Mbps     0 retrans  12666 KB-cwnd
[2024-11-07T11:13:51.806055-0500]    24.3125 MB /   0.50 sec =  408.0193 Mbps     0 retrans  12666 KB-cwnd
[2024-11-07T11:13:52.306175-0500]    15.8750 MB /   0.50 sec =  266.3170 Mbps     0 retrans  12666 KB-cwnd
[2024-11-07T11:13:52.806160-0500]    26.5000 MB /   0.50 sec =  444.5962 Mbps     0 retrans  10174 KB-cwnd
[2024-11-07T11:13:53.306167-0500]    30.5625 MB /   0.50 sec =  512.7537 Mbps     0 retrans  10174 KB-cwnd
[2024-11-07T11:13:53.806183-0500]    33.1250 MB /   0.50 sec =  555.7442 Mbps     0 retrans  14077 KB-cwnd
[2024-11-07T11:13:54.306204-0500]    35.4375 MB /   0.50 sec =  594.5248 Mbps     0 retrans  14077 KB-cwnd
[2024-11-07T11:13:54.806332-0500]    33.6250 MB /   0.50 sec =  563.9613 Mbps     0 retrans   8632 KB-cwnd
[2024-11-07T11:13:55.306163-0500]    28.8750 MB /   0.50 sec =  484.6146 Mbps     0 retrans   8632 KB-cwnd
[2024-11-07T11:13:55.806162-0500]    41.7500 MB /   0.50 sec =  700.4600 Mbps     0 retrans  11123 KB-cwnd
[2024-11-07T11:13:56.306133-0500]    32.4375 MB /   0.50 sec =  544.2033 Mbps     0 retrans  11123 KB-cwnd
[2024-11-07T11:13:56.806190-0500]    24.5625 MB /   0.50 sec =  412.0731 Mbps     0 retrans  11163 KB-cwnd
[2024-11-07T11:13:57.306212-0500]    27.1250 MB /   0.50 sec =  455.0911 Mbps     0 retrans   9559 KB-cwnd
[2024-11-07T11:13:57.806139-0500]    40.1250 MB /   0.50 sec =  673.2060 Mbps     0 retrans   9559 KB-cwnd
[2024-11-07T11:13:58.306208-0500]    42.3750 MB /   0.50 sec =  710.9061 Mbps     0 retrans  11851 KB-cwnd
[2024-11-07T11:13:58.806184-0500]    44.1250 MB /   0.50 sec =  740.3095 Mbps     0 retrans  11846 KB-cwnd
[2024-11-07T11:13:59.306265-0500]    42.2500 MB /   0.50 sec =  708.7339 Mbps     0 retrans   8874 KB-cwnd
[2024-11-07T11:13:59.806202-0500]    41.3125 MB /   0.50 sec =  693.2030 Mbps     0 retrans  13155 KB-cwnd
[2024-11-07T11:14:00.306549-0500]    37.8125 MB /   0.50 sec =  634.3821 Mbps     0 retrans  13152 KB-cwnd
[2024-11-07T11:14:00.806145-0500]    40.4375 MB /   0.50 sec =  678.4504 Mbps     0 retrans  13612 KB-cwnd
[2024-11-07T11:14:01.306266-0500]    41.6875 MB /   0.50 sec =  699.3177 Mbps     0 retrans  13612 KB-cwnd
[2024-11-07T11:14:01.806140-0500]    41.2500 MB /   0.50 sec =  692.0892 Mbps     0 retrans  11897 KB-cwnd
[2024-11-07T11:14:02.306216-0500]    44.6250 MB /   0.50 sec =  748.7102 Mbps     0 retrans  11432 KB-cwnd
[2024-11-07T11:14:02.806185-0500]    44.1250 MB /   0.50 sec =  740.3109 Mbps     0 retrans  11432 KB-cwnd
[2024-11-07T11:14:03.306154-0500]    42.8750 MB /   0.50 sec =  719.3332 Mbps     0 retrans  12789 KB-cwnd
[2024-11-07T11:14:03.806175-0500]    41.4375 MB /   0.50 sec =  695.1920 Mbps     0 retrans  12789 KB-cwnd
[2024-11-07T11:14:04.306227-0500]    37.8125 MB /   0.50 sec =  634.3999 Mbps     0 retrans  11760 KB-cwnd
[2024-11-07T11:14:04.806152-0500]    34.9375 MB /   0.50 sec =  586.1552 Mbps     0 retrans  11816 KB-cwnd
[2024-11-07T11:14:05.306141-0500]    41.6875 MB /   0.50 sec =  699.4086 Mbps     0 retrans  11596 KB-cwnd
[2024-11-07T11:14:05.806182-0500]    44.5625 MB /   0.50 sec =  747.5943 Mbps     0 retrans  11596 KB-cwnd
[2024-11-07T11:14:06.306126-0500]    45.2500 MB /   0.50 sec =  759.2100 Mbps     0 retrans  10623 KB-cwnd
[2024-11-07T11:14:06.806163-0500]    39.4375 MB /   0.50 sec =  661.6343 Mbps     0 retrans  10626 KB-cwnd
[2024-11-07T11:14:07.306105-0500]    45.4375 MB /   0.50 sec =  762.3468 Mbps     0 retrans  10943 KB-cwnd
[2024-11-07T11:14:07.806216-0500]    28.8750 MB /   0.50 sec =  484.3714 Mbps     0 retrans  10578 KB-cwnd
[2024-11-07T11:14:08.306079-0500]    28.3125 MB /   0.50 sec =  475.0876 Mbps     0 retrans  11446 KB-cwnd
[2024-11-07T11:14:08.806241-0500]    40.5625 MB /   0.50 sec =  680.4278 Mbps     0 retrans  11446 KB-cwnd
[2024-11-07T11:14:09.306116-0500]    40.5000 MB /   0.50 sec =  679.5547 Mbps     0 retrans  11857 KB-cwnd
[2024-11-07T11:14:09.806292-0500]    42.4375 MB /   0.50 sec =  711.9575 Mbps     0 retrans  11362 KB-cwnd
[2024-11-07T11:14:10.306202-0500]    43.1250 MB /   0.50 sec =  723.5478 Mbps     0 retrans  11362 KB-cwnd
[2024-11-07T11:14:10.806433-0500]    44.4375 MB /   0.50 sec =  745.3080 Mbps     0 retrans  12281 KB-cwnd
[2024-11-07T11:14:11.306130-0500]    45.2500 MB /   0.50 sec =  759.3999 Mbps     0 retrans  11352 KB-cwnd
[2024-11-07T11:14:11.807345-0500]    40.5000 MB /   0.50 sec =  677.8558 Mbps     0 retrans  11147 KB-cwnd
[2024-11-07T11:14:12.306169-0500]    37.1875 MB /   0.50 sec =  625.3974 Mbps     0 retrans  11147 KB-cwnd
[2024-11-07T11:14:12.806066-0500]    45.1875 MB /   0.50 sec =  758.1371 Mbps     0 retrans  11773 KB-cwnd
[2024-11-07T11:14:13.306248-0500]    39.0000 MB /   0.50 sec =  654.2499 Mbps     0 retrans  12599 KB-cwnd
[2024-11-07T11:14:13.806146-0500]    44.7500 MB /   0.50 sec =  750.8450 Mbps     0 retrans  11728 KB-cwnd
[2024-11-07T11:14:14.306175-0500]    40.9375 MB /   0.50 sec =  686.8159 Mbps     0 retrans  15377 KB-cwnd
[2024-11-07T11:14:14.806295-0500]    43.6250 MB /   0.50 sec =  731.8870 Mbps     0 retrans  15377 KB-cwnd
[2024-11-07T11:14:15.306167-0500]    47.4375 MB /   0.50 sec =  795.8119 Mbps     0 retrans  12865 KB-cwnd
[2024-11-07T11:14:15.806192-0500]    45.0000 MB /   0.50 sec =  755.0079 Mbps     0 retrans  12413 KB-cwnd
[2024-11-07T11:14:16.306219-0500]    45.1250 MB /   0.50 sec =  757.0582 Mbps     0 retrans  12260 KB-cwnd
[2024-11-07T11:14:16.806059-0500]    47.3750 MB /   0.50 sec =  794.8921 Mbps     0 retrans  12427 KB-cwnd
[2024-11-07T11:14:17.306491-0500]    48.7500 MB /   0.50 sec =  817.7405 Mbps     0 retrans  12427 KB-cwnd
[2024-11-07T11:14:17.806146-0500]    47.6875 MB /   0.50 sec =  800.1707 Mbps     0 retrans  13233 KB-cwnd
[2024-11-07T11:14:18.306071-0500]    18.1875 MB /   0.50 sec =  305.1503 Mbps     0 retrans  13233 KB-cwnd
[2024-11-07T11:14:18.806223-0500]    35.5000 MB /   0.50 sec =  595.5531 Mbps     0 retrans  13440 KB-cwnd
[2024-11-07T11:14:19.306155-0500]    43.3750 MB /   0.50 sec =  727.7219 Mbps     0 retrans  13440 KB-cwnd
[2024-11-07T11:14:19.806162-0500]    48.1250 MB /   0.50 sec =  807.3938 Mbps     0 retrans  13574 KB-cwnd
[2024-11-07T11:14:20.306382-0500]    39.1250 MB /   0.50 sec =  656.3928 Mbps     0 retrans  10040 KB-cwnd
[2024-11-07T11:14:20.806332-0500]    29.3125 MB /   0.50 sec =  491.6474 Mbps     0 retrans  10043 KB-cwnd
[2024-11-07T11:14:21.306077-0500]    31.7500 MB /   0.50 sec =  532.8695 Mbps     0 retrans  10043 KB-cwnd
[2024-11-07T11:14:21.806256-0500]    31.8750 MB /   0.50 sec =  534.7235 Mbps     0 retrans  13539 KB-cwnd
[2024-11-07T11:14:22.306171-0500]    30.5625 MB /   0.50 sec =  512.7598 Mbps     0 retrans  13539 KB-cwnd
[2024-11-07T11:14:22.806153-0500]    32.1875 MB /   0.50 sec =  540.0318 Mbps     0 retrans  13061 KB-cwnd
[2024-11-07T11:14:23.306170-0500]    36.1875 MB /   0.50 sec =  607.1194 Mbps     0 retrans  13061 KB-cwnd
[2024-11-07T11:14:23.806172-0500]    40.1250 MB /   0.50 sec =  673.1548 Mbps     0 retrans  12418 KB-cwnd
[2024-11-07T11:14:24.306198-0500]    43.5000 MB /   0.50 sec =  729.8191 Mbps     0 retrans  12418 KB-cwnd
[2024-11-07T11:14:24.806176-0500]    45.6875 MB /   0.50 sec =  766.5229 Mbps     0 retrans   9314 KB-cwnd
[2024-11-07T11:14:25.306260-0500]    47.2500 MB /   0.50 sec =  792.7250 Mbps     0 retrans  11096 KB-cwnd
[2024-11-07T11:14:25.806160-0500]    46.3125 MB /   0.50 sec =  777.0508 Mbps     0 retrans  11096 KB-cwnd
[2024-11-07T11:14:26.306137-0500]    50.2500 MB /   0.50 sec =  843.0180 Mbps     0 retrans  12136 KB-cwnd
[2024-11-07T11:14:26.806144-0500]    51.4375 MB /   0.50 sec =  862.9746 Mbps     0 retrans  16517 KB-cwnd
[2024-11-07T11:14:27.306238-0500]    53.1250 MB /   0.50 sec =  891.2415 Mbps     0 retrans  16517 KB-cwnd
[2024-11-07T11:14:27.806234-0500]    49.9375 MB /   0.50 sec =  837.8374 Mbps     0 retrans  12126 KB-cwnd
[2024-11-07T11:14:28.306251-0500]    48.7500 MB /   0.50 sec =  817.7617 Mbps     0 retrans  15539 KB-cwnd
[2024-11-07T11:14:28.806197-0500]    16.8125 MB /   0.50 sec =  282.1076 Mbps     0 retrans  15539 KB-cwnd
[2024-11-07T11:14:29.306398-0500]    47.0625 MB /   0.50 sec =  789.5777 Mbps     0 retrans  14203 KB-cwnd
[2024-11-07T11:14:29.806157-0500]    51.9375 MB /   0.50 sec =  871.3928 Mbps     0 retrans  14203 KB-cwnd
[2024-11-07T11:14:30.306336-0500]    52.4375 MB /   0.50 sec =  879.7113 Mbps     0 retrans      5 KB-cwnd
[2024-11-07T11:14:30.806199-0500]    55.3125 MB /   0.50 sec =  928.0102 Mbps     0 retrans  13074 KB-cwnd
[2024-11-07T11:14:31.306163-0500]    55.9375 MB /   0.50 sec =  938.4830 Mbps     0 retrans  13074 KB-cwnd
[2024-11-07T11:14:31.806214-0500]    53.1250 MB /   0.50 sec =  891.2504 Mbps     0 retrans  13647 KB-cwnd
[2024-11-07T11:14:32.306212-0500]    46.5625 MB /   0.50 sec =  781.2141 Mbps     0 retrans  14947 KB-cwnd
[2024-11-07T11:14:32.806150-0500]    49.0000 MB /   0.50 sec =  822.1181 Mbps     0 retrans  14947 KB-cwnd
[2024-11-07T11:14:33.306254-0500]    52.1250 MB /   0.50 sec =  874.4459 Mbps     0 retrans  13561 KB-cwnd
[2024-11-07T11:14:33.806188-0500]    47.0000 MB /   0.50 sec =  788.5575 Mbps     0 retrans  13300 KB-cwnd
[2024-11-07T11:14:34.306199-0500]    46.1250 MB /   0.50 sec =  773.8599 Mbps     0 retrans  13300 KB-cwnd
[2024-11-07T11:14:34.806207-0500]    41.6875 MB /   0.50 sec =  699.3862 Mbps     0 retrans  13461 KB-cwnd
[2024-11-07T11:14:35.306176-0500]    30.9375 MB /   0.50 sec =  519.0462 Mbps     0 retrans  13459 KB-cwnd
[2024-11-07T11:14:35.806157-0500]    51.0625 MB /   0.50 sec =  856.7329 Mbps     0 retrans  13233 KB-cwnd
[2024-11-07T11:14:36.306222-0500]    45.4375 MB /   0.50 sec =  762.2736 Mbps     0 retrans  12480 KB-cwnd
[2024-11-07T11:14:36.806163-0500]    48.7500 MB /   0.50 sec =  817.9155 Mbps     0 retrans  12478 KB-cwnd
[2024-11-07T11:14:37.306181-0500]    50.0000 MB /   0.50 sec =  838.8692 Mbps     0 retrans  16014 KB-cwnd
[2024-11-07T11:14:37.806205-0500]    47.6875 MB /   0.50 sec =  800.0091 Mbps     0 retrans  15278 KB-cwnd
[2024-11-07T11:14:38.306303-0500]    44.5625 MB /   0.50 sec =  747.6781 Mbps     0 retrans  15278 KB-cwnd
[2024-11-07T11:14:38.806230-0500]    30.6250 MB /   0.50 sec =  513.7396 Mbps     0 retrans  14969 KB-cwnd
[2024-11-07T11:14:39.306469-0500]    26.1875 MB /   0.50 sec =  439.1575 Mbps     0 retrans  14969 KB-cwnd
[2024-11-07T11:14:39.806159-0500]    51.0000 MB /   0.50 sec =  856.1192 Mbps     0 retrans  11497 KB-cwnd
[2024-11-07T11:14:40.306102-0500]    50.7500 MB /   0.50 sec =  851.4863 Mbps     0 retrans  11497 KB-cwnd
[2024-11-07T11:14:40.806206-0500]    45.6875 MB /   0.50 sec =  766.4569 Mbps     0 retrans      5 KB-cwnd
[2024-11-07T11:14:41.306083-0500]    51.0625 MB /   0.50 sec =  856.7500 Mbps     0 retrans  15893 KB-cwnd
[2024-11-07T11:14:41.806192-0500]    58.3750 MB /   0.50 sec =  979.3093 Mbps     0 retrans  13682 KB-cwnd
[2024-11-07T11:14:42.306150-0500]    49.0625 MB /   0.50 sec =  823.1420 Mbps     0 retrans  13682 KB-cwnd
[2024-11-07T11:14:42.806148-0500]    49.4375 MB /   0.50 sec =  829.4286 Mbps     0 retrans  13117 KB-cwnd
[2024-11-07T11:14:43.306169-0500]    44.6875 MB /   0.50 sec =  749.7213 Mbps     0 retrans  15095 KB-cwnd
[2024-11-07T11:14:43.806210-0500]    51.4375 MB /   0.50 sec =  862.9125 Mbps     0 retrans  15095 KB-cwnd
[2024-11-07T11:14:44.306154-0500]    50.0625 MB /   0.50 sec =  839.9715 Mbps     0 retrans  15133 KB-cwnd
[2024-11-07T11:14:44.806132-0500]    52.3750 MB /   0.50 sec =  878.7260 Mbps     0 retrans  12190 KB-cwnd
[2024-11-07T11:14:45.306126-0500]    57.1250 MB /   0.50 sec =  958.4195 Mbps     0 retrans  12190 KB-cwnd
[2024-11-07T11:14:45.806174-0500]    53.8125 MB /   0.50 sec =  902.7698 Mbps     0 retrans  12822 KB-cwnd
[2024-11-07T11:14:46.306158-0500]    51.9375 MB /   0.50 sec =  871.3893 Mbps     0 retrans  13674 KB-cwnd
[2024-11-07T11:14:46.806268-0500]    46.8750 MB /   0.50 sec =  786.4304 Mbps     0 retrans  13674 KB-cwnd
[2024-11-07T11:14:47.306316-0500]    42.8750 MB /   0.50 sec =  719.1419 Mbps     0 retrans  14805 KB-cwnd
[2024-11-07T11:14:47.806218-0500]    42.6875 MB /   0.50 sec =  716.3149 Mbps     0 retrans  14875 KB-cwnd
[2024-11-07T11:14:48.306208-0500]    47.0000 MB /   0.50 sec =  788.5512 Mbps     0 retrans  14448 KB-cwnd
[2024-11-07T11:14:48.806183-0500]    37.8125 MB /   0.50 sec =  634.3720 Mbps     0 retrans  14544 KB-cwnd
[2024-11-07T11:14:49.306230-0500]    16.6875 MB /   0.50 sec =  279.9709 Mbps     0 retrans  14544 KB-cwnd
[2024-11-07T11:14:49.806443-0500]    37.0625 MB /   0.50 sec =  621.8130 Mbps     0 retrans  14544 KB-cwnd
[2024-11-07T11:14:50.306198-0500]    44.0625 MB /   0.50 sec =  739.2180 Mbps     0 retrans  12723 KB-cwnd
[2024-11-07T11:14:50.806198-0500]    50.1875 MB /   0.50 sec =  842.0402 Mbps     0 retrans  13281 KB-cwnd
[2024-11-07T11:14:51.306106-0500]    49.3125 MB /   0.50 sec =  827.3662 Mbps     0 retrans  13281 KB-cwnd
[2024-11-07T11:14:51.806246-0500]    52.5000 MB /   0.50 sec =  880.7510 Mbps     0 retrans  12908 KB-cwnd
[2024-11-07T11:14:52.306190-0500]    55.3125 MB /   0.50 sec =  928.0232 Mbps     0 retrans  14743 KB-cwnd
[2024-11-07T11:14:52.806152-0500]    55.3125 MB /   0.50 sec =  928.0046 Mbps     0 retrans  13515 KB-cwnd
[2024-11-07T11:14:53.306263-0500]    50.7500 MB /   0.50 sec =  851.4063 Mbps     0 retrans  13515 KB-cwnd
[2024-11-07T11:14:53.806200-0500]    47.2500 MB /   0.50 sec =  792.6870 Mbps     0 retrans  14136 KB-cwnd
[2024-11-07T11:14:54.306187-0500]    45.8125 MB /   0.50 sec =  768.6477 Mbps     0 retrans  14136 KB-cwnd
[2024-11-07T11:14:54.806136-0500]    49.5000 MB /   0.50 sec =  830.5071 Mbps     0 retrans  14665 KB-cwnd
[2024-11-07T11:14:55.306193-0500]    48.7500 MB /   0.50 sec =  817.8533 Mbps     0 retrans  14270 KB-cwnd
[2024-11-07T11:14:55.806174-0500]    39.9375 MB /   0.50 sec =  670.0508 Mbps     0 retrans  14270 KB-cwnd
[2024-11-07T11:14:56.306180-0500]    43.3750 MB /   0.50 sec =  727.7088 Mbps     0 retrans  12569 KB-cwnd
[2024-11-07T11:14:56.806280-0500]    49.0625 MB /   0.50 sec =  822.9791 Mbps     0 retrans  14206 KB-cwnd
[2024-11-07T11:14:57.306204-0500]    48.0000 MB /   0.50 sec =  805.4449 Mbps     0 retrans  14206 KB-cwnd
[2024-11-07T11:14:57.806169-0500]    42.1250 MB /   0.50 sec =  706.7529 Mbps     0 retrans  12023 KB-cwnd
[2024-11-07T11:14:58.306155-0500]    52.0625 MB /   0.50 sec =  873.4883 Mbps     0 retrans  13058 KB-cwnd
[2024-11-07T11:14:58.806232-0500]    52.5000 MB /   0.50 sec =  880.7316 Mbps     0 retrans  13058 KB-cwnd
[2024-11-07T11:14:59.306185-0500]    46.1875 MB /   0.50 sec =  774.9256 Mbps     0 retrans  12526 KB-cwnd
[2024-11-07T11:14:59.806229-0500]    51.1875 MB /   0.50 sec =  858.8009 Mbps     0 retrans  14095 KB-cwnd
[2024-11-07T11:15:00.306090-0500]    56.5625 MB /   0.50 sec =  949.0182 Mbps     0 retrans  14095 KB-cwnd
[2024-11-07T11:15:00.806225-0500]    20.8125 MB /   0.50 sec =  349.1346 Mbps     0 retrans  13217 KB-cwnd
[2024-11-07T11:15:01.306220-0500]    44.3125 MB /   0.50 sec =  743.4805 Mbps     0 retrans  13217 KB-cwnd
[2024-11-07T11:15:01.806215-0500]    51.2500 MB /   0.50 sec =  859.8186 Mbps     0 retrans  14434 KB-cwnd
[2024-11-07T11:15:02.306294-0500]    59.3750 MB /   0.50 sec =  995.9799 Mbps     0 retrans  13751 KB-cwnd
[2024-11-07T11:15:02.806216-0500]    53.8750 MB /   0.50 sec =  904.0461 Mbps     0 retrans  13751 KB-cwnd
[2024-11-07T11:15:03.306216-0500]    55.6250 MB /   0.50 sec =  933.2009 Mbps     0 retrans  17105 KB-cwnd
[2024-11-07T11:15:03.806167-0500]    46.1250 MB /   0.50 sec =  773.8692 Mbps     0 retrans  16267 KB-cwnd
[2024-11-07T11:15:04.306182-0500]    62.7500 MB /   0.50 sec = 1052.7787 Mbps     0 retrans  15684 KB-cwnd
[2024-11-07T11:15:04.806256-0500]    61.9375 MB /   0.50 sec = 1039.1430 Mbps     0 retrans  15686 KB-cwnd
[2024-11-07T11:15:05.306221-0500]    57.1250 MB /   0.50 sec =  958.3908 Mbps     0 retrans  17753 KB-cwnd
[2024-11-07T11:15:05.806364-0500]    60.5000 MB /   0.50 sec = 1014.9728 Mbps     0 retrans  17646 KB-cwnd
[2024-11-07T11:15:06.306286-0500]    59.3750 MB /   0.50 sec =  996.0954 Mbps     0 retrans  16082 KB-cwnd
[2024-11-07T11:15:06.806196-0500]    49.5625 MB /   0.50 sec =  831.5773 Mbps     0 retrans  16082 KB-cwnd
[2024-11-07T11:15:07.306182-0500]    48.9375 MB /   0.50 sec =  821.0695 Mbps     0 retrans  15299 KB-cwnd
[2024-11-07T11:15:07.806102-0500]    47.4375 MB /   0.50 sec =  795.8931 Mbps     0 retrans  15654 KB-cwnd
[2024-11-07T11:15:08.306450-0500]    56.1875 MB /   0.50 sec =  942.4493 Mbps     0 retrans  16133 KB-cwnd
[2024-11-07T11:15:08.806181-0500]    56.6875 MB /   0.50 sec =  951.2506 Mbps     0 retrans  15705 KB-cwnd
[2024-11-07T11:15:09.306240-0500]    59.4375 MB /   0.50 sec =  997.1818 Mbps     0 retrans  13582 KB-cwnd
[2024-11-07T11:15:09.806257-0500]    56.1250 MB /   0.50 sec =  941.6062 Mbps     0 retrans  14160 KB-cwnd
[2024-11-07T11:15:10.306189-0500]    55.0000 MB /   0.50 sec =  922.7930 Mbps     0 retrans  14160 KB-cwnd
[2024-11-07T11:15:10.806246-0500]    44.1250 MB /   0.50 sec =  740.2488 Mbps     0 retrans  15805 KB-cwnd
[2024-11-07T11:15:11.306236-0500]    47.1250 MB /   0.50 sec =  790.6532 Mbps     0 retrans  14485 KB-cwnd
[2024-11-07T11:15:11.806172-0500]    44.8125 MB /   0.50 sec =  751.8245 Mbps     0 retrans  14485 KB-cwnd
[2024-11-07T11:15:12.306072-0500]    45.5000 MB /   0.50 sec =  763.4183 Mbps     0 retrans  13061 KB-cwnd
[2024-11-07T11:15:12.806173-0500]    48.9375 MB /   0.50 sec =  820.9857 Mbps     0 retrans  11249 KB-cwnd
[2024-11-07T11:15:13.306266-0500]    54.2500 MB /   0.50 sec =  910.0129 Mbps     0 retrans  11249 KB-cwnd
[2024-11-07T11:15:13.806198-0500]    55.2500 MB /   0.50 sec =  927.0784 Mbps     0 retrans  11830 KB-cwnd
[2024-11-07T11:15:14.306284-0500]    54.6250 MB /   0.50 sec =  916.4609 Mbps     0 retrans  11663 KB-cwnd
[2024-11-07T11:15:14.806164-0500]    54.9375 MB /   0.50 sec =  921.6799 Mbps     0 retrans  12373 KB-cwnd
[2024-11-07T11:15:15.306199-0500]    55.1875 MB /   0.50 sec =  925.9074 Mbps     0 retrans  12373 KB-cwnd
[2024-11-07T11:15:15.806269-0500]    58.1875 MB /   0.50 sec =  976.1266 Mbps     0 retrans  13459 KB-cwnd
[2024-11-07T11:15:16.306195-0500]    60.3750 MB /   0.50 sec = 1013.0115 Mbps     0 retrans  13808 KB-cwnd
[2024-11-07T11:15:16.806203-0500]    60.3125 MB /   0.50 sec = 1011.8617 Mbps     0 retrans  13633 KB-cwnd
[2024-11-07T11:15:17.306217-0500]    58.3125 MB /   0.50 sec =  978.3175 Mbps     0 retrans  13706 KB-cwnd
End time: 1730996117616
