Start time: 1730761495452
[2024-11-04T17:04:57.473446-0600] nuttcp-r: v8.1.4: socket
[2024-11-04T17:04:57.474288-0600] nuttcp-r: buflen=65536, nstream=1, port=5101 tcp
[2024-11-04T17:04:57.474377-0600] nuttcp-r: interval reporting every 0.50 seconds
[2024-11-04T17:04:57.474445-0600] nuttcp-r: connect to 54.176.53.206 with RTT=1110.916 ms af=inet
[2024-11-04T17:04:57.474509-0600] nuttcp-r: send window size = 1048576, receive window size = 4194304
[2024-11-04T17:04:57.474570-0600] nuttcp-r: available send window = 786432, available receive window = 3145728
[2024-11-04T17:04:57.474629-0600]     0.0625 MB /   0.50 sec =    1.0484 Mbps     0 retrans
[2024-11-04T17:04:57.974034-0600]     0.7500 MB /   0.50 sec =   12.5811 Mbps     0 retrans
[2024-11-04T17:04:58.474512-0600]     1.3125 MB /   0.50 sec =   21.9927 Mbps     0 retrans
[2024-11-04T17:04:58.973260-0600]     2.3125 MB /   0.50 sec =   38.8549 Mbps     0 retrans
[2024-11-04T17:04:59.474262-0600]     0.0000 MB /   0.50 sec =    0.0000 Mbps     0 retrans
[2024-11-04T17:04:59.973374-0600]     2.3750 MB /   0.50 sec =   39.8823 Mbps     0 retrans
[2024-11-04T17:05:00.473746-0600]     0.3125 MB /   0.50 sec =    5.2415 Mbps     0 retrans
[2024-11-04T17:05:00.973596-0600]     0.0000 MB /   0.50 sec =    0.0000 Mbps     0 retrans
[2024-11-04T17:05:01.473432-0600]     3.4375 MB /   0.50 sec =   57.6845 Mbps     0 retrans
[2024-11-04T17:05:01.973585-0600]     1.3750 MB /   0.50 sec =   23.0636 Mbps     0 retrans
[2024-11-04T17:05:02.473533-0600]     0.6875 MB /   0.50 sec =   11.5352 Mbps     0 retrans
[2024-11-04T17:05:02.973606-0600]     0.5000 MB /   0.50 sec =    8.3879 Mbps     0 retrans
[2024-11-04T17:05:03.473467-0600]     1.0000 MB /   0.50 sec =   16.7804 Mbps     0 retrans
[2024-11-04T17:05:03.973548-0600]     2.8750 MB /   0.50 sec =   48.2417 Mbps     0 retrans
[2024-11-04T17:05:04.473470-0600]     2.0625 MB /   0.50 sec =   34.5959 Mbps     0 retrans
[2024-11-04T17:05:04.973358-0600]     2.0000 MB /   0.50 sec =   33.5610 Mbps     0 retrans
[2024-11-04T17:05:05.473780-0600]     1.8750 MB /   0.50 sec =   31.4546 Mbps     0 retrans
[2024-11-04T17:05:05.973447-0600]     1.3125 MB /   0.50 sec =   22.0196 Mbps     0 retrans
[2024-11-04T17:05:06.474501-0600]     0.9375 MB /   0.50 sec =   15.6965 Mbps     0 retrans
[2024-11-04T17:05:06.973556-0600]     0.3750 MB /   0.50 sec =    6.3031 Mbps     0 retrans
[2024-11-04T17:05:07.473553-0600]     1.5000 MB /   0.50 sec =   25.1662 Mbps     0 retrans
[2024-11-04T17:05:07.973627-0600]     1.4375 MB /   0.50 sec =   24.1151 Mbps     0 retrans
[2024-11-04T17:05:08.473375-0600]     1.5000 MB /   0.50 sec =   25.1756 Mbps     0 retrans
[2024-11-04T17:05:08.973944-0600]     0.6250 MB /   0.50 sec =   10.4833 Mbps     0 retrans
[2024-11-04T17:05:09.474268-0600]     0.0000 MB /   0.50 sec =    0.0000 Mbps     0 retrans
[2024-11-04T17:05:09.973401-0600]     2.3750 MB /   0.50 sec =   39.9119 Mbps     0 retrans
[2024-11-04T17:05:10.473381-0600]     1.2500 MB /   0.50 sec =   20.9718 Mbps     0 retrans
[2024-11-04T17:05:10.973583-0600]     1.8750 MB /   0.50 sec =   31.4593 Mbps     0 retrans
[2024-11-04T17:05:11.473375-0600]     1.6250 MB /   0.50 sec =   27.2612 Mbps     0 retrans
[2024-11-04T17:05:11.973594-0600]     1.8125 MB /   0.50 sec =   30.3981 Mbps     0 retrans
[2024-11-04T17:05:12.473392-0600]     2.2500 MB /   0.50 sec =   37.7618 Mbps     0 retrans
[2024-11-04T17:05:12.974066-0600]     1.3750 MB /   0.50 sec =   23.0377 Mbps     0 retrans
[2024-11-04T17:05:13.473378-0600]     2.8750 MB /   0.50 sec =   48.2994 Mbps     0 retrans
[2024-11-04T17:05:13.973431-0600]     2.1250 MB /   0.50 sec =   35.6479 Mbps     0 retrans
[2024-11-04T17:05:14.473365-0600]     2.0000 MB /   0.50 sec =   33.5587 Mbps     0 retrans
[2024-11-04T17:05:14.974386-0600]     2.2500 MB /   0.50 sec =   37.6739 Mbps     0 retrans
[2024-11-04T17:05:15.473652-0600]     2.0000 MB /   0.50 sec =   33.6211 Mbps     0 retrans
[2024-11-04T17:05:15.973727-0600]     1.1250 MB /   0.50 sec =   18.8609 Mbps     0 retrans
[2024-11-04T17:05:16.473654-0600]     0.4375 MB /   0.50 sec =    7.3439 Mbps     0 retrans
[2024-11-04T17:05:16.973615-0600]     2.7500 MB /   0.50 sec =   46.1403 Mbps     0 retrans
[2024-11-04T17:05:17.473595-0600]     1.5000 MB /   0.50 sec =   25.1593 Mbps     0 retrans
[2024-11-04T17:05:17.973373-0600]     2.1875 MB /   0.50 sec =   36.7138 Mbps     0 retrans
[2024-11-04T17:05:18.473374-0600]     1.4375 MB /   0.50 sec =   24.1174 Mbps     0 retrans
[2024-11-04T17:05:18.973383-0600]     0.1875 MB /   0.50 sec =    3.1457 Mbps     0 retrans
[2024-11-04T17:05:19.473600-0600]     0.0625 MB /   0.50 sec =    1.0482 Mbps     0 retrans
[2024-11-04T17:05:19.973354-0600]     2.4375 MB /   0.50 sec =   40.9097 Mbps     0 retrans
[2024-11-04T17:05:20.473353-0600]     1.9375 MB /   0.50 sec =   32.5059 Mbps     0 retrans
[2024-11-04T17:05:20.974493-0600]     1.6875 MB /   0.50 sec =   28.2515 Mbps     0 retrans
[2024-11-04T17:05:21.473810-0600]     2.3125 MB /   0.50 sec =   38.8454 Mbps     0 retrans
[2024-11-04T17:05:21.973367-0600]     2.0000 MB /   0.50 sec =   33.5840 Mbps     0 retrans
[2024-11-04T17:05:22.474069-0600]     1.6875 MB /   0.50 sec =   28.2733 Mbps     0 retrans
[2024-11-04T17:05:22.973377-0600]     2.6250 MB /   0.50 sec =   44.0995 Mbps     0 retrans
[2024-11-04T17:05:23.473391-0600]     2.3750 MB /   0.50 sec =   39.8462 Mbps     0 retrans
[2024-11-04T17:05:23.973361-0600]     2.0625 MB /   0.50 sec =   34.6032 Mbps     0 retrans
[2024-11-04T17:05:24.473361-0600]     2.3125 MB /   0.50 sec =   38.7973 Mbps     0 retrans
[2024-11-04T17:05:24.973360-0600]     2.1875 MB /   0.50 sec =   36.6996 Mbps     0 retrans
[2024-11-04T17:05:25.473379-0600]     2.0625 MB /   0.50 sec =   34.6030 Mbps     0 retrans
[2024-11-04T17:05:25.973345-0600]     1.6875 MB /   0.50 sec =   28.3122 Mbps     0 retrans
[2024-11-04T17:05:26.473424-0600]     1.8125 MB /   0.50 sec =   30.4052 Mbps     0 retrans
[2024-11-04T17:05:26.973348-0600]     2.3750 MB /   0.50 sec =   39.8498 Mbps     0 retrans
[2024-11-04T17:05:27.473301-0600]     2.3125 MB /   0.50 sec =   38.7994 Mbps     0 retrans
[2024-11-04T17:05:27.973395-0600]     1.5625 MB /   0.50 sec =   26.2128 Mbps     0 retrans
[2024-11-04T17:05:28.473537-0600]     1.3750 MB /   0.50 sec =   23.0684 Mbps     0 retrans
[2024-11-04T17:05:28.973525-0600]     0.4375 MB /   0.50 sec =    7.3381 Mbps     0 retrans
[2024-11-04T17:05:29.474385-0600]     0.1875 MB /   0.50 sec =    3.1405 Mbps     0 retrans
[2024-11-04T17:05:29.973429-0600]     0.6250 MB /   0.50 sec =   10.5057 Mbps     0 retrans
[2024-11-04T17:05:30.473398-0600]     0.7500 MB /   0.50 sec =   12.5833 Mbps     0 retrans
[2024-11-04T17:05:30.973451-0600]     3.0000 MB /   0.50 sec =   50.3290 Mbps     0 retrans
[2024-11-04T17:05:31.473414-0600]     2.4375 MB /   0.50 sec =   40.8932 Mbps     0 retrans
[2024-11-04T17:05:31.973375-0600]     2.1875 MB /   0.50 sec =   36.7041 Mbps     0 retrans
[2024-11-04T17:05:32.473379-0600]     1.9375 MB /   0.50 sec =   32.5055 Mbps     0 retrans
[2024-11-04T17:05:32.973286-0600]     0.3125 MB /   0.50 sec =    5.2433 Mbps     0 retrans
[2024-11-04T17:05:33.473466-0600]     1.3750 MB /   0.50 sec =   23.0632 Mbps     0 retrans
[2024-11-04T17:05:33.973458-0600]     1.6250 MB /   0.50 sec =   27.2653 Mbps     0 retrans
[2024-11-04T17:05:34.473346-0600]     2.9375 MB /   0.50 sec =   49.2880 Mbps     0 retrans
[2024-11-04T17:05:34.973371-0600]     1.8125 MB /   0.50 sec =   30.4080 Mbps     0 retrans
[2024-11-04T17:05:35.473381-0600]     2.2500 MB /   0.50 sec =   37.7488 Mbps     0 retrans
[2024-11-04T17:05:35.973367-0600]     2.1875 MB /   0.50 sec =   36.6999 Mbps     0 retrans
[2024-11-04T17:05:36.473502-0600]     2.3125 MB /   0.50 sec =   38.7982 Mbps     0 retrans
[2024-11-04T17:05:36.973395-0600]     1.5625 MB /   0.50 sec =   26.2129 Mbps     0 retrans
[2024-11-04T17:05:37.473404-0600]     1.6875 MB /   0.50 sec =   28.3113 Mbps     0 retrans
[2024-11-04T17:05:37.973414-0600]     3.3125 MB /   0.50 sec =   55.5753 Mbps     0 retrans
[2024-11-04T17:05:38.473371-0600]     2.7500 MB /   0.50 sec =   46.1385 Mbps     0 retrans
[2024-11-04T17:05:38.973518-0600]     1.8125 MB /   0.50 sec =   30.4008 Mbps     0 retrans
[2024-11-04T17:05:39.473542-0600]     2.8750 MB /   0.50 sec =   48.2336 Mbps     0 retrans
[2024-11-04T17:05:39.973355-0600]     2.5625 MB /   0.50 sec =   43.0049 Mbps     0 retrans
[2024-11-04T17:05:40.473340-0600]     1.9375 MB /   0.50 sec =   32.5059 Mbps     0 retrans
[2024-11-04T17:05:40.973446-0600]     2.0625 MB /   0.50 sec =   34.5979 Mbps     0 retrans
[2024-11-04T17:05:41.473339-0600]     2.6250 MB /   0.50 sec =   44.0448 Mbps     0 retrans
[2024-11-04T17:05:41.973341-0600]     2.2500 MB /   0.50 sec =   37.7504 Mbps     0 retrans
[2024-11-04T17:05:42.473534-0600]     1.3125 MB /   0.50 sec =   22.0140 Mbps     0 retrans
[2024-11-04T17:05:42.974499-0600]     3.5000 MB /   0.50 sec =   58.6097 Mbps     0 retrans
[2024-11-04T17:05:43.473372-0600]     1.5000 MB /   0.50 sec =   25.2201 Mbps     0 retrans
[2024-11-04T17:05:43.973428-0600]     1.8750 MB /   0.50 sec =   31.4528 Mbps     0 retrans
[2024-11-04T17:05:44.473534-0600]     0.9375 MB /   0.50 sec =   15.7310 Mbps     0 retrans
[2024-11-04T17:05:44.974066-0600]     0.1875 MB /   0.50 sec =    3.1414 Mbps     0 retrans
[2024-11-04T17:05:45.473607-0600]     0.2500 MB /   0.50 sec =    4.1984 Mbps     0 retrans
[2024-11-04T17:05:45.974358-0600]     0.0000 MB /   0.50 sec =    0.0000 Mbps     0 retrans
[2024-11-04T17:05:46.473413-0600]     2.1875 MB /   0.50 sec =   36.7688 Mbps     0 retrans
[2024-11-04T17:05:46.973577-0600]     0.5625 MB /   0.50 sec =    9.4345 Mbps     0 retrans
[2024-11-04T17:05:47.473353-0600]     0.4375 MB /   0.50 sec =    7.3425 Mbps     0 retrans
[2024-11-04T17:05:47.974547-0600]     0.2500 MB /   0.50 sec =    4.1850 Mbps     0 retrans
[2024-11-04T17:05:48.473722-0600]     0.0000 MB /   0.50 sec =    0.0000 Mbps     0 retrans
[2024-11-04T17:05:48.973541-0600]     0.0000 MB /   0.50 sec =    0.0000 Mbps     0 retrans
[2024-11-04T17:05:49.473383-0600]     3.6875 MB /   0.50 sec =   61.8797 Mbps     0 retrans
[2024-11-04T17:05:49.974581-0600]     0.0000 MB /   0.50 sec =    0.0000 Mbps     0 retrans
[2024-11-04T17:05:50.473656-0600]     0.7500 MB /   0.50 sec =   12.6077 Mbps     0 retrans
[2024-11-04T17:05:50.973585-0600]     1.1875 MB /   0.50 sec =   19.9222 Mbps     0 retrans
[2024-11-04T17:05:51.473520-0600]     1.5625 MB /   0.50 sec =   26.2162 Mbps     0 retrans
[2024-11-04T17:05:51.973404-0600]     2.8125 MB /   0.50 sec =   47.1938 Mbps     0 retrans
[2024-11-04T17:05:52.473621-0600]     1.5625 MB /   0.50 sec =   26.2169 Mbps     0 retrans
[2024-11-04T17:05:52.973793-0600]     1.6250 MB /   0.50 sec =   27.2415 Mbps     0 retrans
[2024-11-04T17:05:53.473357-0600]     1.5625 MB /   0.50 sec =   26.2354 Mbps     0 retrans
[2024-11-04T17:05:53.974377-0600]     0.9375 MB /   0.50 sec =   15.6975 Mbps     0 retrans
[2024-11-04T17:05:54.473506-0600]     2.9375 MB /   0.50 sec =   49.3784 Mbps     0 retrans
[2024-11-04T17:05:54.974371-0600]     1.9375 MB /   0.50 sec =   32.4438 Mbps     0 retrans
[2024-11-04T17:05:55.473348-0600]     2.1875 MB /   0.50 sec =   36.7730 Mbps     0 retrans
[2024-11-04T17:05:55.973453-0600]     2.1250 MB /   0.50 sec =   35.6529 Mbps     0 retrans
[2024-11-04T17:05:56.473426-0600]     2.0625 MB /   0.50 sec =   34.5982 Mbps     0 retrans
[2024-11-04T17:05:56.973405-0600]     1.6875 MB /   0.50 sec =   28.3135 Mbps     0 retrans
[2024-11-04T17:05:57.473487-0600]     2.6875 MB /   0.50 sec =   45.0903 Mbps     0 retrans
[2024-11-04T17:05:57.973371-0600]     2.3750 MB /   0.50 sec =   39.8454 Mbps     0 retrans
[2024-11-04T17:05:58.473475-0600]     2.3750 MB /   0.50 sec =   39.8460 Mbps     0 retrans
[2024-11-04T17:05:58.973480-0600]     2.3750 MB /   0.50 sec =   39.8376 Mbps     0 retrans
[2024-11-04T17:05:59.473353-0600]     3.5000 MB /   0.50 sec =   58.7327 Mbps     0 retrans
[2024-11-04T17:05:59.974371-0600]     2.4375 MB /   0.50 sec =   40.8144 Mbps     0 retrans
[2024-11-04T17:06:00.473407-0600]     3.0000 MB /   0.50 sec =   50.4240 Mbps     0 retrans
[2024-11-04T17:06:00.973415-0600]     2.6875 MB /   0.50 sec =   45.0931 Mbps     0 retrans
[2024-11-04T17:06:01.473434-0600]     2.1875 MB /   0.50 sec =   36.7020 Mbps     0 retrans
[2024-11-04T17:06:01.973367-0600]     2.8750 MB /   0.50 sec =   48.2331 Mbps     0 retrans
[2024-11-04T17:06:02.473351-0600]     2.1875 MB /   0.50 sec =   36.7002 Mbps     0 retrans
[2024-11-04T17:06:02.973548-0600]     1.8125 MB /   0.50 sec =   30.3993 Mbps     0 retrans
[2024-11-04T17:06:03.473364-0600]     3.2500 MB /   0.50 sec =   54.5430 Mbps     0 retrans
[2024-11-04T17:06:03.973556-0600]     2.0000 MB /   0.50 sec =   33.5541 Mbps     0 retrans
[2024-11-04T17:06:04.473553-0600]     1.3125 MB /   0.50 sec =   22.0137 Mbps     0 retrans
[2024-11-04T17:06:04.973600-0600]     2.8125 MB /   0.50 sec =   47.1833 Mbps     0 retrans
[2024-11-04T17:06:05.473358-0600]     3.5000 MB /   0.50 sec =   58.7407 Mbps     0 retrans
[2024-11-04T17:06:05.973353-0600]     2.3750 MB /   0.50 sec =   39.8467 Mbps     0 retrans
[2024-11-04T17:06:06.473365-0600]     3.0000 MB /   0.50 sec =   50.3310 Mbps     0 retrans
[2024-11-04T17:06:06.973510-0600]     2.6875 MB /   0.50 sec =   45.0869 Mbps     0 retrans
[2024-11-04T17:06:07.473404-0600]     1.1875 MB /   0.50 sec =   19.9229 Mbps     0 retrans
[2024-11-04T17:06:07.973943-0600]     1.6875 MB /   0.50 sec =   28.2950 Mbps     0 retrans
[2024-11-04T17:06:08.473397-0600]     3.3125 MB /   0.50 sec =   55.6088 Mbps     0 retrans
[2024-11-04T17:06:08.973387-0600]     3.0000 MB /   0.50 sec =   50.3311 Mbps     0 retrans
[2024-11-04T17:06:09.473376-0600]     3.9375 MB /   0.50 sec =   66.0619 Mbps     0 retrans
[2024-11-04T17:06:09.973590-0600]     2.2500 MB /   0.50 sec =   37.7368 Mbps     0 retrans
[2024-11-04T17:06:10.473450-0600]     3.3125 MB /   0.50 sec =   55.5843 Mbps     0 retrans
[2024-11-04T17:06:10.973669-0600]     1.5625 MB /   0.50 sec =   26.2061 Mbps     0 retrans
[2024-11-04T17:06:11.474422-0600]     1.1875 MB /   0.50 sec =   19.8916 Mbps     0 retrans
[2024-11-04T17:06:11.973371-0600]     4.6250 MB /   0.50 sec =   77.7521 Mbps     0 retrans
[2024-11-04T17:06:12.473387-0600]     0.5625 MB /   0.50 sec =    9.4361 Mbps     0 retrans
[2024-11-04T17:06:12.973541-0600]     2.8125 MB /   0.50 sec =   47.1924 Mbps     0 retrans
[2024-11-04T17:06:13.473618-0600]     0.9375 MB /   0.50 sec =   15.7226 Mbps     0 retrans
[2024-11-04T17:06:13.973394-0600]     2.7500 MB /   0.50 sec =   46.1546 Mbps     0 retrans
[2024-11-04T17:06:14.474510-0600]     1.0625 MB /   0.50 sec =   17.7875 Mbps     0 retrans
[2024-11-04T17:06:14.973557-0600]     2.6250 MB /   0.50 sec =   44.1211 Mbps     0 retrans
[2024-11-04T17:06:15.474439-0600]     2.7500 MB /   0.50 sec =   46.0576 Mbps     0 retrans
[2024-11-04T17:06:15.973404-0600]     2.8125 MB /   0.50 sec =   47.2826 Mbps     0 retrans
[2024-11-04T17:06:16.473581-0600]     1.1250 MB /   0.50 sec =   18.8680 Mbps     0 retrans
[2024-11-04T17:06:16.973792-0600]     2.5000 MB /   0.50 sec =   41.9345 Mbps     0 retrans
[2024-11-04T17:06:17.474965-0600]     0.8750 MB /   0.50 sec =   14.6437 Mbps     0 retrans
[2024-11-04T17:06:17.973404-0600]     0.1250 MB /   0.50 sec =    2.1034 Mbps     0 retrans
[2024-11-04T17:06:18.474510-0600]     2.3125 MB /   0.50 sec =   38.7155 Mbps     0 retrans
[2024-11-04T17:06:18.973687-0600]     3.8125 MB /   0.50 sec =   64.0905 Mbps     0 retrans
[2024-11-04T17:06:19.473932-0600]     2.0625 MB /   0.50 sec =   34.5732 Mbps     0 retrans
[2024-11-04T17:06:19.973526-0600]     0.1250 MB /   0.50 sec =    2.0988 Mbps     0 retrans
[2024-11-04T17:06:20.473569-0600]     2.7500 MB /   0.50 sec =   46.1491 Mbps     0 retrans
[2024-11-04T17:06:20.973386-0600]     2.9375 MB /   0.50 sec =   49.2825 Mbps     0 retrans
[2024-11-04T17:06:21.473486-0600]     2.9375 MB /   0.50 sec =   49.2738 Mbps     0 retrans
[2024-11-04T17:06:21.973536-0600]     3.8125 MB /   0.50 sec =   63.9581 Mbps     0 retrans
[2024-11-04T17:06:22.473491-0600]     3.0625 MB /   0.50 sec =   51.3961 Mbps     0 retrans
[2024-11-04T17:06:22.973714-0600]     3.8750 MB /   0.50 sec =   64.9669 Mbps     0 retrans
[2024-11-04T17:06:23.474535-0600]     3.0625 MB /   0.50 sec =   51.2996 Mbps     0 retrans
[2024-11-04T17:06:23.973387-0600]     4.8750 MB /   0.50 sec =   81.9712 Mbps     0 retrans
[2024-11-04T17:06:24.473378-0600]     4.4375 MB /   0.50 sec =   74.4461 Mbps     0 retrans
[2024-11-04T17:06:24.973388-0600]     3.8125 MB /   0.50 sec =   63.9661 Mbps     0 retrans
[2024-11-04T17:06:25.473409-0600]     3.9375 MB /   0.50 sec =   66.0583 Mbps     0 retrans
[2024-11-04T17:06:25.973621-0600]     3.7500 MB /   0.50 sec =   62.8886 Mbps     0 retrans
[2024-11-04T17:06:26.474495-0600]     0.1875 MB /   0.50 sec =    3.1403 Mbps     0 retrans
[2024-11-04T17:06:26.974480-0600]     3.0625 MB /   0.50 sec =   51.3828 Mbps     0 retrans
[2024-11-04T17:06:27.474145-0600]     0.3125 MB /   0.50 sec =    5.2462 Mbps     0 retrans
[2024-11-04T17:06:27.973468-0600]     1.7500 MB /   0.50 sec =   29.3988 Mbps     0 retrans
[2024-11-04T17:06:28.473468-0600]     1.2500 MB /   0.50 sec =   20.9715 Mbps     0 retrans
[2024-11-04T17:06:28.973545-0600]     2.8125 MB /   0.50 sec =   47.1805 Mbps     0 retrans
[2024-11-04T17:06:29.474516-0600]     2.3750 MB /   0.50 sec =   39.7695 Mbps     0 retrans
[2024-11-04T17:06:29.973463-0600]     5.1875 MB /   0.50 sec =   87.2113 Mbps     0 retrans
[2024-11-04T17:06:30.473768-0600]     0.6875 MB /   0.50 sec =   11.5317 Mbps     0 retrans
[2024-11-04T17:06:30.973506-0600]     1.9375 MB /   0.50 sec =   32.5155 Mbps     0 retrans
[2024-11-04T17:06:31.473388-0600]     6.5000 MB /   0.50 sec =  109.0598 Mbps     0 retrans
[2024-11-04T17:06:31.973562-0600]     3.1875 MB /   0.50 sec =   53.4602 Mbps     0 retrans
[2024-11-04T17:06:32.473397-0600]     1.7500 MB /   0.50 sec =   29.3695 Mbps     0 retrans
[2024-11-04T17:06:32.973475-0600]     3.8125 MB /   0.50 sec =   63.9547 Mbps     0 retrans
[2024-11-04T17:06:33.474459-0600]     1.6875 MB /   0.50 sec =   28.2562 Mbps     0 retrans
[2024-11-04T17:06:33.973397-0600]     1.8750 MB /   0.50 sec =   31.5232 Mbps     0 retrans
[2024-11-04T17:06:34.473426-0600]     3.6875 MB /   0.50 sec =   61.8599 Mbps     0 retrans
[2024-11-04T17:06:34.973471-0600]     3.0000 MB /   0.50 sec =   50.3291 Mbps     0 retrans
[2024-11-04T17:06:35.473372-0600]     2.5625 MB /   0.50 sec =   42.9980 Mbps     0 retrans
[2024-11-04T17:06:35.973601-0600]     2.6875 MB /   0.50 sec =   45.0722 Mbps     0 retrans
[2024-11-04T17:06:36.473465-0600]     3.8125 MB /   0.50 sec =   63.9912 Mbps     0 retrans
[2024-11-04T17:06:36.973570-0600]     2.3750 MB /   0.50 sec =   39.8311 Mbps     0 retrans
[2024-11-04T17:06:37.473372-0600]     5.5000 MB /   0.50 sec =   92.3037 Mbps     0 retrans
[2024-11-04T17:06:37.973377-0600]     3.2500 MB /   0.50 sec =   54.5257 Mbps     0 retrans
[2024-11-04T17:06:38.473485-0600]     1.1875 MB /   0.50 sec =   19.9198 Mbps     0 retrans
[2024-11-04T17:06:38.973556-0600]     0.0000 MB /   0.50 sec =    0.0000 Mbps     0 retrans
[2024-11-04T17:06:39.473541-0600]     3.1250 MB /   0.50 sec =   52.4328 Mbps     0 retrans
[2024-11-04T17:06:39.973588-0600]     2.9375 MB /   0.50 sec =   49.2929 Mbps     0 retrans
[2024-11-04T17:06:40.473370-0600]     4.1250 MB /   0.50 sec =   69.2073 Mbps     0 retrans
[2024-11-04T17:06:40.973497-0600]     2.4375 MB /   0.50 sec =   40.8870 Mbps     0 retrans
[2024-11-04T17:06:41.473443-0600]     2.8125 MB /   0.50 sec =   47.1886 Mbps     0 retrans
[2024-11-04T17:06:41.973365-0600]     2.3125 MB /   0.50 sec =   38.8026 Mbps     0 retrans
[2024-11-04T17:06:42.473514-0600]     1.2500 MB /   0.50 sec =   20.9672 Mbps     0 retrans
[2024-11-04T17:06:42.973406-0600]     5.8750 MB /   0.50 sec =   98.5857 Mbps     0 retrans
[2024-11-04T17:06:43.473394-0600]     2.8750 MB /   0.50 sec =   48.2346 Mbps     0 retrans
[2024-11-04T17:06:43.973516-0600]     1.2500 MB /   0.50 sec =   20.9674 Mbps     0 retrans
[2024-11-04T17:06:44.473445-0600]     0.0625 MB /   0.50 sec =    1.0487 Mbps     0 retrans
[2024-11-04T17:06:44.973501-0600]     0.8750 MB /   0.50 sec =   14.6788 Mbps     0 retrans
[2024-11-04T17:06:45.473365-0600]     1.4375 MB /   0.50 sec =   24.1223 Mbps     0 retrans
[2024-11-04T17:06:45.973382-0600]     1.1250 MB /   0.50 sec =   18.8725 Mbps     0 retrans
[2024-11-04T17:06:46.473510-0600]     0.0000 MB /   0.50 sec =    0.0000 Mbps     0 retrans
[2024-11-04T17:06:46.973493-0600]     1.3125 MB /   0.50 sec =   22.0212 Mbps     0 retrans
[2024-11-04T17:06:47.473391-0600]     5.8750 MB /   0.50 sec =   98.5815 Mbps     0 retrans
[2024-11-04T17:06:47.973383-0600]     3.3125 MB /   0.50 sec =   55.5752 Mbps     0 retrans
[2024-11-04T17:06:48.473498-0600]     2.8125 MB /   0.50 sec =   47.1772 Mbps     0 retrans
[2024-11-04T17:06:48.973561-0600]     3.0625 MB /   0.50 sec =   51.3746 Mbps     0 retrans
[2024-11-04T17:06:49.473374-0600]     4.8125 MB /   0.50 sec =   80.7646 Mbps     0 retrans
[2024-11-04T17:06:49.973495-0600]     3.1875 MB /   0.50 sec =   53.4665 Mbps     0 retrans
[2024-11-04T17:06:50.473518-0600]     4.0000 MB /   0.50 sec =   67.1228 Mbps     0 retrans
[2024-11-04T17:06:50.973436-0600]     3.3750 MB /   0.50 sec =   56.6161 Mbps     0 retrans
[2024-11-04T17:06:51.473385-0600]     4.0625 MB /   0.50 sec =   68.1645 Mbps     0 retrans
[2024-11-04T17:06:51.973508-0600]     3.7500 MB /   0.50 sec =   62.9005 Mbps     0 retrans
[2024-11-04T17:06:52.473537-0600]     1.9375 MB /   0.50 sec =   32.5056 Mbps     0 retrans
[2024-11-04T17:06:52.973504-0600]     3.0625 MB /   0.50 sec =   51.3806 Mbps     0 retrans
[2024-11-04T17:06:53.473546-0600]     0.0000 MB /   0.50 sec =    0.0000 Mbps     0 retrans
[2024-11-04T17:06:53.973511-0600]     0.5625 MB /   0.50 sec =    9.4376 Mbps     0 retrans
[2024-11-04T17:06:54.473512-0600]     0.8125 MB /   0.50 sec =   13.6308 Mbps     0 retrans
[2024-11-04T17:06:54.973552-0600]     0.0000 MB /   0.50 sec =    0.0000 Mbps     0 retrans
[2024-11-04T17:06:55.473551-0600]     0.0000 MB /   0.50 sec =    0.0000 Mbps     0 retrans
[2024-11-04T17:06:55.973556-0600]     2.5000 MB /   0.50 sec =   41.9431 Mbps     0 retrans
[2024-11-04T17:06:56.473811-0600]     1.1250 MB /   0.50 sec =   18.8735 Mbps     0 retrans
End time: 1730761616557
