Start time: 1730917667130
[2024-11-06T13:27:47.998722-0500] nuttcp-r: v8.1.4: socket
[2024-11-06T13:27:47.999358-0500] nuttcp-r: buflen=65536, nstream=1, port=5101 tcp
[2024-11-06T13:27:47.999396-0500] nuttcp-r: interval reporting every 0.50 seconds
[2024-11-06T13:27:47.999423-0500] nuttcp-r: connect to 54.197.223.49 with RTT=51.241 ms af=inet
[2024-11-06T13:27:47.999448-0500] nuttcp-r: send window size = 2097152, receive window size = 6291456
[2024-11-06T13:27:47.999473-0500] nuttcp-r: available send window = 1572864, available receive window = 4718592
[2024-11-06T13:27:47.999495-0500]     0.8750 MB /   0.50 sec =   14.6762 Mbps     0 retrans     13 KB-cwnd
[2024-11-06T13:27:48.498505-0500]    13.6875 MB /   0.50 sec =  229.6740 Mbps     0 retrans     13 KB-cwnd
[2024-11-06T13:27:48.999083-0500]    23.8125 MB /   0.50 sec =  399.5027 Mbps     0 retrans     13 KB-cwnd
[2024-11-06T13:27:49.498553-0500]    31.0000 MB /   0.50 sec =  520.0656 Mbps     0 retrans     13 KB-cwnd
[2024-11-06T13:27:49.998495-0500]    32.9375 MB /   0.50 sec =  552.6150 Mbps     0 retrans     26 KB-cwnd
[2024-11-06T13:27:50.498982-0500]    27.4375 MB /   0.50 sec =  459.9312 Mbps     0 retrans     26 KB-cwnd
[2024-11-06T13:27:50.998534-0500]    21.0000 MB /   0.50 sec =  352.5987 Mbps     0 retrans     26 KB-cwnd
[2024-11-06T13:27:51.499186-0500]    29.1875 MB /   0.50 sec =  489.2437 Mbps     0 retrans     26 KB-cwnd
[2024-11-06T13:27:51.998805-0500]    26.7500 MB /   0.50 sec =  449.0932 Mbps     0 retrans     29 KB-cwnd
[2024-11-06T13:27:52.498570-0500]    34.5625 MB /   0.50 sec =  579.9472 Mbps     0 retrans     43 KB-cwnd
[2024-11-06T13:27:52.998589-0500]    22.2500 MB /   0.50 sec =  373.3767 Mbps     0 retrans     45 KB-cwnd
[2024-11-06T13:27:53.498835-0500]    20.6875 MB /   0.50 sec =  346.7984 Mbps     0 retrans     45 KB-cwnd
[2024-11-06T13:27:53.998424-0500]    27.0000 MB /   0.50 sec =  453.3303 Mbps     0 retrans     48 KB-cwnd
[2024-11-06T13:27:54.499324-0500]    32.8750 MB /   0.50 sec =  551.0418 Mbps     0 retrans     48 KB-cwnd
[2024-11-06T13:27:54.999164-0500]    19.3750 MB /   0.50 sec =  325.2049 Mbps     0 retrans     61 KB-cwnd
[2024-11-06T13:27:55.498970-0500]    27.4375 MB /   0.50 sec =  460.0976 Mbps     0 retrans     72 KB-cwnd
[2024-11-06T13:27:55.998426-0500]     9.6250 MB /   0.50 sec =  161.6333 Mbps     0 retrans     72 KB-cwnd
[2024-11-06T13:27:56.498404-0500]    20.0625 MB /   0.50 sec =  336.5915 Mbps   294 retrans  12663 KB-cwnd
[2024-11-06T13:27:56.998432-0500]    30.1250 MB /   0.50 sec =  505.4601 Mbps     0 retrans  12663 KB-cwnd
[2024-11-06T13:27:57.498437-0500]    29.8750 MB /   0.50 sec =  501.2063 Mbps     0 retrans  12663 KB-cwnd
[2024-11-06T13:27:57.998444-0500]    22.3750 MB /   0.50 sec =  375.3970 Mbps     0 retrans  12663 KB-cwnd
[2024-11-06T13:27:58.498370-0500]    33.1875 MB /   0.50 sec =  556.7939 Mbps  3639 retrans  12719 KB-cwnd
[2024-11-06T13:27:58.998435-0500]    23.3125 MB /   0.50 sec =  391.0954 Mbps     0 retrans  12719 KB-cwnd
[2024-11-06T13:27:59.498663-0500]    14.3750 MB /   0.50 sec =  241.0944 Mbps     0 retrans  12719 KB-cwnd
[2024-11-06T13:27:59.998621-0500]     0.0000 MB /   0.50 sec =    0.0000 Mbps     0 retrans  12719 KB-cwnd
[2024-11-06T13:28:00.498569-0500]    15.4375 MB /   0.50 sec =  259.0154 Mbps   182 retrans  13278 KB-cwnd
[2024-11-06T13:28:00.998948-0500]     4.0625 MB /   0.50 sec =   68.1388 Mbps     0 retrans  13278 KB-cwnd
[2024-11-06T13:28:01.499678-0500]     0.0000 MB /   0.50 sec =    0.0000 Mbps     0 retrans  13278 KB-cwnd
[2024-11-06T13:28:01.999452-0500]     0.0000 MB /   0.50 sec =    0.0000 Mbps     0 retrans  13278 KB-cwnd
[2024-11-06T13:28:02.498650-0500]     0.0000 MB /   0.50 sec =    0.0000 Mbps     0 retrans  13278 KB-cwnd
[2024-11-06T13:28:02.998560-0500]    12.0625 MB /   0.50 sec =  202.3974 Mbps     0 retrans  13545 KB-cwnd
[2024-11-06T13:28:03.498607-0500]     3.7500 MB /   0.50 sec =   62.9264 Mbps     0 retrans  13545 KB-cwnd
[2024-11-06T13:28:03.998680-0500]     9.2500 MB /   0.50 sec =  155.1238 Mbps     0 retrans  13663 KB-cwnd
[2024-11-06T13:28:04.498807-0500]     0.0000 MB /   0.50 sec =    0.0000 Mbps     0 retrans  13663 KB-cwnd
[2024-11-06T13:28:04.998427-0500]     8.5000 MB /   0.50 sec =  142.6488 Mbps     0 retrans  13663 KB-cwnd
[2024-11-06T13:28:05.498514-0500]     6.8750 MB /   0.50 sec =  115.3510 Mbps     0 retrans  13663 KB-cwnd
[2024-11-06T13:28:05.998381-0500]    14.1250 MB /   0.50 sec =  236.9654 Mbps     0 retrans  13663 KB-cwnd
[2024-11-06T13:28:06.498714-0500]    15.5000 MB /   0.50 sec =  260.0229 Mbps   438 retrans  12650 KB-cwnd
[2024-11-06T13:28:06.998437-0500]    18.0625 MB /   0.50 sec =  303.0651 Mbps     0 retrans  12655 KB-cwnd
[2024-11-06T13:28:07.498398-0500]    19.8750 MB /   0.50 sec =  333.4438 Mbps     0 retrans  12655 KB-cwnd
[2024-11-06T13:28:07.998465-0500]    21.3750 MB /   0.50 sec =  358.6087 Mbps   352 retrans  11626 KB-cwnd
[2024-11-06T13:28:08.498505-0500]    24.1875 MB /   0.50 sec =  405.7738 Mbps     0 retrans  11626 KB-cwnd
[2024-11-06T13:28:08.998679-0500]    17.6875 MB /   0.50 sec =  296.6349 Mbps     0 retrans  11626 KB-cwnd
[2024-11-06T13:28:09.499146-0500]    16.1250 MB /   0.50 sec =  270.3790 Mbps  4424 retrans   5301 KB-cwnd
[2024-11-06T13:28:09.998572-0500]    14.0000 MB /   0.50 sec =  235.1331 Mbps     0 retrans   5326 KB-cwnd
[2024-11-06T13:28:10.498448-0500]    11.3125 MB /   0.50 sec =  189.7809 Mbps     0 retrans   5326 KB-cwnd
[2024-11-06T13:28:10.998385-0500]    22.0000 MB /   0.50 sec =  369.1172 Mbps     0 retrans   5326 KB-cwnd
[2024-11-06T13:28:11.498591-0500]    10.2500 MB /   0.50 sec =  171.9596 Mbps     0 retrans   5326 KB-cwnd
[2024-11-06T13:28:11.998530-0500]     0.6250 MB /   0.50 sec =   10.4845 Mbps     0 retrans   5326 KB-cwnd
[2024-11-06T13:28:12.498451-0500]    18.1250 MB /   0.50 sec =  304.1138 Mbps     0 retrans   6251 KB-cwnd
[2024-11-06T13:28:12.998551-0500]    16.0625 MB /   0.50 sec =  269.4916 Mbps     0 retrans   6251 KB-cwnd
[2024-11-06T13:28:13.498568-0500]     7.1875 MB /   0.50 sec =  120.5604 Mbps     0 retrans   6251 KB-cwnd
[2024-11-06T13:28:13.998586-0500]     7.0625 MB /   0.50 sec =  118.4798 Mbps     0 retrans   6251 KB-cwnd
[2024-11-06T13:28:14.498606-0500]     6.5625 MB /   0.50 sec =  110.1073 Mbps     0 retrans   6175 KB-cwnd
[2024-11-06T13:28:14.998497-0500]    11.6250 MB /   0.50 sec =  195.0562 Mbps     0 retrans   6175 KB-cwnd
[2024-11-06T13:28:15.498453-0500]    13.5000 MB /   0.50 sec =  226.5182 Mbps     0 retrans   7998 KB-cwnd
[2024-11-06T13:28:15.998446-0500]    13.8750 MB /   0.50 sec =  232.7834 Mbps     0 retrans   7998 KB-cwnd
[2024-11-06T13:28:16.498420-0500]    10.3750 MB /   0.50 sec =  174.0667 Mbps     0 retrans   7998 KB-cwnd
[2024-11-06T13:28:16.998469-0500]    15.3125 MB /   0.50 sec =  256.8960 Mbps     0 retrans   7998 KB-cwnd
[2024-11-06T13:28:17.498465-0500]    21.0625 MB /   0.50 sec =  353.3673 Mbps   437 retrans   8282 KB-cwnd
[2024-11-06T13:28:17.998960-0500]    22.5625 MB /   0.50 sec =  378.5480 Mbps     0 retrans   8282 KB-cwnd
[2024-11-06T13:28:18.498439-0500]    24.4375 MB /   0.50 sec =  409.9850 Mbps     0 retrans   8282 KB-cwnd
[2024-11-06T13:28:18.998525-0500]    19.5000 MB /   0.50 sec =  327.1184 Mbps     2 retrans   4501 KB-cwnd
[2024-11-06T13:28:19.498441-0500]    29.3125 MB /   0.50 sec =  491.8471 Mbps     0 retrans   5487 KB-cwnd
[2024-11-06T13:28:19.998442-0500]    29.1875 MB /   0.50 sec =  489.6801 Mbps     0 retrans   5487 KB-cwnd
[2024-11-06T13:28:20.498656-0500]    26.0000 MB /   0.50 sec =  436.0393 Mbps     0 retrans   6541 KB-cwnd
[2024-11-06T13:28:20.998425-0500]    24.8125 MB /   0.50 sec =  416.4396 Mbps     0 retrans   6541 KB-cwnd
[2024-11-06T13:28:21.498441-0500]    24.1875 MB /   0.50 sec =  405.7932 Mbps   175 retrans   7256 KB-cwnd
[2024-11-06T13:28:21.998578-0500]    19.4375 MB /   0.50 sec =  326.1169 Mbps     0 retrans   7256 KB-cwnd
[2024-11-06T13:28:22.498410-0500]    23.1250 MB /   0.50 sec =  387.9770 Mbps     0 retrans   7256 KB-cwnd
[2024-11-06T13:28:22.998564-0500]    21.6250 MB /   0.50 sec =  362.8211 Mbps   345 retrans   6331 KB-cwnd
[2024-11-06T13:28:23.498481-0500]    14.1875 MB /   0.50 sec =  238.0072 Mbps     0 retrans   6331 KB-cwnd
[2024-11-06T13:28:23.998455-0500]    19.5625 MB /   0.50 sec =  328.2063 Mbps     0 retrans   6291 KB-cwnd
[2024-11-06T13:28:24.498530-0500]    21.3750 MB /   0.50 sec =  358.5822 Mbps     0 retrans   6291 KB-cwnd
[2024-11-06T13:28:24.998406-0500]    13.9375 MB /   0.50 sec =  233.8624 Mbps     0 retrans   8524 KB-cwnd
[2024-11-06T13:28:25.498461-0500]    22.1875 MB /   0.50 sec =  372.2333 Mbps     0 retrans   8524 KB-cwnd
[2024-11-06T13:28:25.998506-0500]     6.5625 MB /   0.50 sec =  110.0888 Mbps     0 retrans   8524 KB-cwnd
[2024-11-06T13:28:26.498460-0500]    16.3125 MB /   0.50 sec =  273.6937 Mbps     0 retrans   8524 KB-cwnd
[2024-11-06T13:28:26.999585-0500]     3.1875 MB /   0.50 sec =   53.3768 Mbps     0 retrans   8524 KB-cwnd
[2024-11-06T13:28:27.498723-0500]     0.0000 MB /   0.50 sec =    0.0000 Mbps     0 retrans   8524 KB-cwnd
[2024-11-06T13:28:27.998624-0500]     0.0000 MB /   0.50 sec =    0.0000 Mbps     0 retrans   8524 KB-cwnd
[2024-11-06T13:28:28.498533-0500]     0.0000 MB /   0.50 sec =    0.0000 Mbps     0 retrans   8524 KB-cwnd
[2024-11-06T13:28:28.998546-0500]     0.0000 MB /   0.50 sec =    0.0000 Mbps     0 retrans   8524 KB-cwnd
[2024-11-06T13:28:29.498453-0500]     7.1250 MB /   0.50 sec =  119.5522 Mbps     0 retrans   9331 KB-cwnd
[2024-11-06T13:28:29.999570-0500]     1.3750 MB /   0.50 sec =   23.0195 Mbps     0 retrans   9331 KB-cwnd
[2024-11-06T13:28:30.498518-0500]     0.0000 MB /   0.50 sec =    0.0000 Mbps     0 retrans   9331 KB-cwnd
[2024-11-06T13:28:30.998585-0500]     0.0000 MB /   0.50 sec =    0.0000 Mbps     0 retrans   9331 KB-cwnd
[2024-11-06T13:28:31.498543-0500]     0.8125 MB /   0.50 sec =   13.6307 Mbps     0 retrans   9331 KB-cwnd
[2024-11-06T13:28:31.998603-0500]     0.6875 MB /   0.50 sec =   11.5322 Mbps     0 retrans   9331 KB-cwnd
[2024-11-06T13:28:32.498555-0500]     0.0000 MB /   0.50 sec =    0.0000 Mbps     0 retrans   9331 KB-cwnd
[2024-11-06T13:28:32.998520-0500]     0.0000 MB /   0.50 sec =    0.0000 Mbps     0 retrans   9331 KB-cwnd
[2024-11-06T13:28:33.498572-0500]     1.1875 MB /   0.50 sec =   19.9218 Mbps     0 retrans   9331 KB-cwnd
[2024-11-06T13:28:33.998478-0500]     0.0000 MB /   0.50 sec =    0.0000 Mbps     0 retrans   9331 KB-cwnd
[2024-11-06T13:28:34.499818-0500]     0.0000 MB /   0.50 sec =    0.0000 Mbps     0 retrans   9331 KB-cwnd
[2024-11-06T13:28:34.999489-0500]     0.0000 MB /   0.50 sec =    0.0000 Mbps     0 retrans   9331 KB-cwnd
[2024-11-06T13:28:35.498451-0500]     4.0000 MB /   0.50 sec =   67.2438 Mbps     0 retrans   9331 KB-cwnd
[2024-11-06T13:28:35.998964-0500]     0.5000 MB /   0.50 sec =    8.3806 Mbps     0 retrans   9331 KB-cwnd
[2024-11-06T13:28:36.498438-0500]     0.5625 MB /   0.50 sec =    9.4460 Mbps     0 retrans   9331 KB-cwnd
[2024-11-06T13:28:36.998513-0500]     1.0000 MB /   0.50 sec =   16.7759 Mbps     0 retrans   9331 KB-cwnd
[2024-11-06T13:28:37.498450-0500]     1.3750 MB /   0.50 sec =   23.0705 Mbps     0 retrans   9331 KB-cwnd
[2024-11-06T13:28:37.998537-0500]     1.2500 MB /   0.50 sec =   20.9735 Mbps     0 retrans   9331 KB-cwnd
[2024-11-06T13:28:38.498471-0500]     0.9375 MB /   0.50 sec =   15.7275 Mbps     0 retrans   9331 KB-cwnd
[2024-11-06T13:28:38.998443-0500]     1.1250 MB /   0.50 sec =   18.8745 Mbps     0 retrans   9331 KB-cwnd
[2024-11-06T13:28:39.498439-0500]     1.1875 MB /   0.50 sec =   19.9227 Mbps     0 retrans   9331 KB-cwnd
[2024-11-06T13:28:39.998511-0500]     1.2500 MB /   0.50 sec =   20.9694 Mbps     0 retrans   9331 KB-cwnd
[2024-11-06T13:28:40.498492-0500]     0.7500 MB /   0.50 sec =   12.5835 Mbps     0 retrans   9331 KB-cwnd
[2024-11-06T13:28:40.998562-0500]     1.0000 MB /   0.50 sec =   16.7789 Mbps     0 retrans   9331 KB-cwnd
[2024-11-06T13:28:41.498802-0500]     1.0000 MB /   0.50 sec =   16.7649 Mbps     0 retrans   9331 KB-cwnd
[2024-11-06T13:28:41.998629-0500]     1.3125 MB /   0.50 sec =   22.0289 Mbps     0 retrans   9331 KB-cwnd
[2024-11-06T13:28:42.498448-0500]     0.6875 MB /   0.50 sec =   11.5375 Mbps     0 retrans   9331 KB-cwnd
[2024-11-06T13:28:42.999831-0500]     1.0000 MB /   0.50 sec =   16.7409 Mbps     0 retrans   9331 KB-cwnd
[2024-11-06T13:28:43.498435-0500]     0.9375 MB /   0.50 sec =   15.7632 Mbps     0 retrans   9331 KB-cwnd
[2024-11-06T13:28:43.998474-0500]     0.9375 MB /   0.50 sec =   15.7284 Mbps     0 retrans   9331 KB-cwnd
[2024-11-06T13:28:44.498464-0500]     0.8750 MB /   0.50 sec =   14.6801 Mbps     0 retrans   9331 KB-cwnd
[2024-11-06T13:28:44.998529-0500]     0.9375 MB /   0.50 sec =   15.7264 Mbps     0 retrans   9331 KB-cwnd
[2024-11-06T13:28:45.498532-0500]     0.6875 MB /   0.50 sec =   11.5340 Mbps     0 retrans   9331 KB-cwnd
[2024-11-06T13:28:45.999604-0500]     0.6875 MB /   0.50 sec =   11.5112 Mbps     0 retrans   9331 KB-cwnd
[2024-11-06T13:28:46.498529-0500]     0.6250 MB /   0.50 sec =   10.5091 Mbps     0 retrans   9331 KB-cwnd
[2024-11-06T13:28:46.998862-0500]     1.3750 MB /   0.50 sec =   23.0495 Mbps     0 retrans   9331 KB-cwnd
[2024-11-06T13:28:47.498452-0500]     1.6875 MB /   0.50 sec =   28.3342 Mbps     0 retrans   9331 KB-cwnd
[2024-11-06T13:28:47.998401-0500]     1.7500 MB /   0.50 sec =   29.3605 Mbps     0 retrans   9331 KB-cwnd
[2024-11-06T13:28:48.498442-0500]     1.6875 MB /   0.50 sec =   28.3110 Mbps     0 retrans   9331 KB-cwnd
[2024-11-06T13:28:48.998590-0500]     1.0625 MB /   0.50 sec =   17.8259 Mbps     0 retrans   9331 KB-cwnd
[2024-11-06T13:28:49.499711-0500]     0.1875 MB /   0.50 sec =    3.1382 Mbps     0 retrans   9331 KB-cwnd
[2024-11-06T13:28:49.998547-0500]     0.8125 MB /   0.50 sec =   13.6625 Mbps     0 retrans   9331 KB-cwnd
[2024-11-06T13:28:50.498533-0500]     2.6250 MB /   0.50 sec =   44.0399 Mbps     0 retrans   9331 KB-cwnd
[2024-11-06T13:28:50.998436-0500]     3.7500 MB /   0.50 sec =   62.9243 Mbps     0 retrans   9331 KB-cwnd
[2024-11-06T13:28:51.498487-0500]     5.4375 MB /   0.50 sec =   91.2241 Mbps     0 retrans   9331 KB-cwnd
[2024-11-06T13:28:51.998361-0500]     6.8750 MB /   0.50 sec =  115.3528 Mbps     0 retrans   9331 KB-cwnd
[2024-11-06T13:28:52.498449-0500]     8.0625 MB /   0.50 sec =  135.2558 Mbps     0 retrans   8481 KB-cwnd
[2024-11-06T13:28:52.998395-0500]    10.2500 MB /   0.50 sec =  171.9716 Mbps     0 retrans   8481 KB-cwnd
[2024-11-06T13:28:53.498717-0500]    11.7500 MB /   0.50 sec =  197.1145 Mbps     0 retrans   8481 KB-cwnd
[2024-11-06T13:28:53.998460-0500]    14.8750 MB /   0.50 sec =  249.5701 Mbps     0 retrans   8481 KB-cwnd
[2024-11-06T13:28:54.498499-0500]    18.2500 MB /   0.50 sec =  306.1634 Mbps     0 retrans   8481 KB-cwnd
[2024-11-06T13:28:54.998485-0500]    21.8750 MB /   0.50 sec =  367.0346 Mbps  4715 retrans   2230 KB-cwnd
[2024-11-06T13:28:55.498439-0500]    24.8125 MB /   0.50 sec =  416.2855 Mbps    11 retrans   2242 KB-cwnd
[2024-11-06T13:28:55.998512-0500]    24.8750 MB /   0.50 sec =  417.3057 Mbps    10 retrans   2249 KB-cwnd
[2024-11-06T13:28:56.498496-0500]    27.5625 MB /   0.50 sec =  462.4414 Mbps  6611 retrans   2287 KB-cwnd
[2024-11-06T13:28:56.998427-0500]    23.6250 MB /   0.50 sec =  396.3720 Mbps     0 retrans   2287 KB-cwnd
[2024-11-06T13:28:57.498574-0500]    22.6875 MB /   0.50 sec =  380.6460 Mbps     0 retrans   6734 KB-cwnd
[2024-11-06T13:28:57.998499-0500]    25.6250 MB /   0.50 sec =  429.8955 Mbps     0 retrans   6734 KB-cwnd
[2024-11-06T13:28:58.498425-0500]    23.9375 MB /   0.50 sec =  401.6191 Mbps     0 retrans   6734 KB-cwnd
[2024-11-06T13:28:58.998425-0500]    14.8750 MB /   0.50 sec =  249.5626 Mbps     0 retrans   7839 KB-cwnd
[2024-11-06T13:28:59.498675-0500]    21.8750 MB /   0.50 sec =  366.9906 Mbps     0 retrans   7839 KB-cwnd
[2024-11-06T13:28:59.998601-0500]    23.2500 MB /   0.50 sec =  389.9626 Mbps     0 retrans   7839 KB-cwnd
[2024-11-06T13:29:00.498470-0500]     9.0000 MB /   0.50 sec =  151.0327 Mbps     0 retrans   7839 KB-cwnd
[2024-11-06T13:29:00.998377-0500]    14.6250 MB /   0.50 sec =  245.3810 Mbps     0 retrans   9884 KB-cwnd
[2024-11-06T13:29:01.498509-0500]    29.2500 MB /   0.50 sec =  490.6982 Mbps     0 retrans   9884 KB-cwnd
[2024-11-06T13:29:01.998477-0500]    29.6250 MB /   0.50 sec =  497.0350 Mbps     0 retrans  10919 KB-cwnd
[2024-11-06T13:29:02.498448-0500]    29.0625 MB /   0.50 sec =  487.5927 Mbps     0 retrans  10919 KB-cwnd
[2024-11-06T13:29:02.998590-0500]    25.1875 MB /   0.50 sec =  422.6082 Mbps     0 retrans  10919 KB-cwnd
[2024-11-06T13:29:03.498762-0500]    27.3750 MB /   0.50 sec =  458.9541 Mbps     1 retrans      5 KB-cwnd
[2024-11-06T13:29:03.998417-0500]    25.6875 MB /   0.50 sec =  431.2554 Mbps     0 retrans      5 KB-cwnd
[2024-11-06T13:29:04.498559-0500]    24.1250 MB /   0.50 sec =  404.7447 Mbps     0 retrans   8360 KB-cwnd
[2024-11-06T13:29:04.998627-0500]     0.0000 MB /   0.50 sec =    0.0000 Mbps     0 retrans   8360 KB-cwnd
[2024-11-06T13:29:05.498525-0500]     2.0625 MB /   0.50 sec =   34.6166 Mbps     0 retrans   8528 KB-cwnd
[2024-11-06T13:29:05.998497-0500]     0.7500 MB /   0.50 sec =   12.5810 Mbps     0 retrans   8528 KB-cwnd
[2024-11-06T13:29:06.498561-0500]     0.0000 MB /   0.50 sec =    0.0000 Mbps     0 retrans   8528 KB-cwnd
[2024-11-06T13:29:06.998429-0500]    29.2500 MB /   0.50 sec =  490.8396 Mbps     0 retrans   8600 KB-cwnd
[2024-11-06T13:29:07.499032-0500]    16.9375 MB /   0.50 sec =  284.0953 Mbps     0 retrans   8669 KB-cwnd
[2024-11-06T13:29:07.998980-0500]    35.0000 MB /   0.50 sec =  586.9877 Mbps     0 retrans  10739 KB-cwnd
[2024-11-06T13:29:08.498955-0500]    31.6250 MB /   0.50 sec =  530.3896 Mbps     0 retrans  10698 KB-cwnd
[2024-11-06T13:29:08.998478-0500]    29.3125 MB /   0.50 sec =  492.2488 Mbps     0 retrans  13553 KB-cwnd
[2024-11-06T13:29:09.498411-0500]    22.3125 MB /   0.50 sec =  374.3297 Mbps     0 retrans  13553 KB-cwnd
[2024-11-06T13:29:09.998612-0500]     7.2500 MB /   0.50 sec =  121.6258 Mbps     0 retrans  13553 KB-cwnd
[2024-11-06T13:29:10.498465-0500]    20.9375 MB /   0.50 sec =  351.3088 Mbps  2423 retrans  13614 KB-cwnd
[2024-11-06T13:29:10.998423-0500]    18.1250 MB /   0.50 sec =  304.0956 Mbps     0 retrans  13614 KB-cwnd
[2024-11-06T13:29:11.498615-0500]    15.3750 MB /   0.50 sec =  257.8703 Mbps     0 retrans  11932 KB-cwnd
[2024-11-06T13:29:11.998445-0500]    25.3750 MB /   0.50 sec =  425.8496 Mbps     0 retrans  11972 KB-cwnd
[2024-11-06T13:29:12.498555-0500]    17.0000 MB /   0.50 sec =  285.2144 Mbps     0 retrans  11972 KB-cwnd
[2024-11-06T13:29:12.998481-0500]    20.1250 MB /   0.50 sec =  337.6043 Mbps     0 retrans  11972 KB-cwnd
[2024-11-06T13:29:13.498570-0500]    18.9375 MB /   0.50 sec =  317.7516 Mbps     0 retrans  11972 KB-cwnd
[2024-11-06T13:29:13.998677-0500]    14.0625 MB /   0.50 sec =  235.8343 Mbps     1 retrans  12539 KB-cwnd
[2024-11-06T13:29:14.498690-0500]     0.8125 MB /   0.50 sec =   13.6320 Mbps     0 retrans  12539 KB-cwnd
[2024-11-06T13:29:14.998604-0500]    12.6875 MB /   0.50 sec =  212.8754 Mbps     0 retrans  12539 KB-cwnd
[2024-11-06T13:29:15.498580-0500]     7.2500 MB /   0.50 sec =  121.6426 Mbps     0 retrans  12539 KB-cwnd
[2024-11-06T13:29:15.998586-0500]     0.0000 MB /   0.50 sec =    0.0000 Mbps     0 retrans  12539 KB-cwnd
[2024-11-06T13:29:16.498548-0500]     0.0000 MB /   0.50 sec =    0.0000 Mbps     0 retrans  12539 KB-cwnd
[2024-11-06T13:29:16.998568-0500]    11.8750 MB /   0.50 sec =  199.2310 Mbps     0 retrans  12539 KB-cwnd
[2024-11-06T13:29:17.498467-0500]     3.8750 MB /   0.50 sec =   65.0241 Mbps     0 retrans  12539 KB-cwnd
[2024-11-06T13:29:17.998450-0500]    10.6875 MB /   0.50 sec =  179.2986 Mbps     0 retrans  12539 KB-cwnd
[2024-11-06T13:29:18.498464-0500]    10.9375 MB /   0.50 sec =  183.5078 Mbps     1 retrans   8927 KB-cwnd
[2024-11-06T13:29:18.998436-0500]     6.8125 MB /   0.50 sec =  114.2962 Mbps     0 retrans   8927 KB-cwnd
[2024-11-06T13:29:19.498607-0500]     0.5625 MB /   0.50 sec =    9.4343 Mbps     0 retrans   8927 KB-cwnd
[2024-11-06T13:29:19.998544-0500]     4.5625 MB /   0.50 sec =   76.5565 Mbps     0 retrans   8927 KB-cwnd
[2024-11-06T13:29:20.498654-0500]    11.5625 MB /   0.50 sec =  194.0126 Mbps     0 retrans   8927 KB-cwnd
[2024-11-06T13:29:20.998442-0500]    12.8750 MB /   0.50 sec =  216.0118 Mbps     0 retrans   8927 KB-cwnd
[2024-11-06T13:29:21.498691-0500]     8.5000 MB /   0.50 sec =  142.6132 Mbps     0 retrans   8927 KB-cwnd
[2024-11-06T13:29:21.998651-0500]     1.0625 MB /   0.50 sec =   17.8231 Mbps     0 retrans   8927 KB-cwnd
[2024-11-06T13:29:22.498540-0500]     0.0000 MB /   0.50 sec =    0.0000 Mbps     0 retrans   8927 KB-cwnd
[2024-11-06T13:29:22.998496-0500]    12.4375 MB /   0.50 sec =  208.6871 Mbps     0 retrans   8927 KB-cwnd
[2024-11-06T13:29:23.498448-0500]    11.0000 MB /   0.50 sec =  184.5656 Mbps     0 retrans   8035 KB-cwnd
[2024-11-06T13:29:23.999408-0500]     6.9375 MB /   0.50 sec =  116.1731 Mbps     0 retrans   8035 KB-cwnd
[2024-11-06T13:29:24.498632-0500]     1.5000 MB /   0.50 sec =   25.2049 Mbps     0 retrans   8035 KB-cwnd
[2024-11-06T13:29:24.998477-0500]    19.8125 MB /   0.50 sec =  332.4791 Mbps     0 retrans   8035 KB-cwnd
[2024-11-06T13:29:25.498472-0500]    12.1875 MB /   0.50 sec =  204.4883 Mbps     0 retrans   8035 KB-cwnd
[2024-11-06T13:29:25.998423-0500]    13.3125 MB /   0.50 sec =  223.3409 Mbps     0 retrans   8035 KB-cwnd
[2024-11-06T13:29:26.498429-0500]    14.9375 MB /   0.50 sec =  250.6252 Mbps  1794 retrans   4689 KB-cwnd
[2024-11-06T13:29:26.998499-0500]    16.4375 MB /   0.50 sec =  275.7424 Mbps     0 retrans   4689 KB-cwnd
[2024-11-06T13:29:27.498694-0500]    13.9375 MB /   0.50 sec =  233.8437 Mbps     0 retrans   4689 KB-cwnd
[2024-11-06T13:29:27.998472-0500]     8.0000 MB /   0.50 sec =  134.2150 Mbps     0 retrans   4689 KB-cwnd
[2024-11-06T13:29:28.498440-0500]     8.2500 MB /   0.50 sec =  138.4217 Mbps     0 retrans   4689 KB-cwnd
[2024-11-06T13:29:28.998792-0500]     9.7500 MB /   0.50 sec =  163.4837 Mbps     0 retrans   4689 KB-cwnd
[2024-11-06T13:29:29.498594-0500]    10.8125 MB /   0.50 sec =  181.4712 Mbps   177 retrans   4684 KB-cwnd
[2024-11-06T13:29:29.998473-0500]    11.7500 MB /   0.50 sec =  197.1607 Mbps     0 retrans   4684 KB-cwnd
[2024-11-06T13:29:30.498475-0500]    15.8750 MB /   0.50 sec =  266.3500 Mbps     0 retrans   4684 KB-cwnd
[2024-11-06T13:29:30.998428-0500]    15.0625 MB /   0.50 sec =  252.7088 Mbps     0 retrans   4684 KB-cwnd
[2024-11-06T13:29:31.498490-0500]    15.7500 MB /   0.50 sec =  264.2131 Mbps     1 retrans   4724 KB-cwnd
[2024-11-06T13:29:31.998430-0500]    12.8125 MB /   0.50 sec =  214.9895 Mbps     0 retrans   4724 KB-cwnd
[2024-11-06T13:29:32.498337-0500]    11.2500 MB /   0.50 sec =  188.7505 Mbps     0 retrans   4724 KB-cwnd
[2024-11-06T13:29:32.998365-0500]    15.3125 MB /   0.50 sec =  256.8878 Mbps     0 retrans   4724 KB-cwnd
[2024-11-06T13:29:33.498639-0500]    19.0625 MB /   0.50 sec =  319.8035 Mbps     0 retrans   4746 KB-cwnd
[2024-11-06T13:29:33.998505-0500]    17.5000 MB /   0.50 sec =  293.5684 Mbps     1 retrans   4418 KB-cwnd
[2024-11-06T13:29:34.498530-0500]    21.1250 MB /   0.50 sec =  354.4265 Mbps     0 retrans   4418 KB-cwnd
[2024-11-06T13:29:34.998453-0500]    20.8125 MB /   0.50 sec =  349.2121 Mbps     0 retrans   4418 KB-cwnd
[2024-11-06T13:29:35.498453-0500]    19.1250 MB /   0.50 sec =  320.8591 Mbps     0 retrans   4111 KB-cwnd
[2024-11-06T13:29:35.998640-0500]    18.3125 MB /   0.50 sec =  307.1597 Mbps     0 retrans   4111 KB-cwnd
[2024-11-06T13:29:36.498574-0500]    17.3125 MB /   0.50 sec =  290.5200 Mbps     0 retrans   4111 KB-cwnd
[2024-11-06T13:29:36.998509-0500]     4.6875 MB /   0.50 sec =   78.6368 Mbps     0 retrans   4111 KB-cwnd
[2024-11-06T13:29:37.498473-0500]    12.6250 MB /   0.50 sec =  211.8335 Mbps     0 retrans   7541 KB-cwnd
[2024-11-06T13:29:37.998366-0500]    14.5625 MB /   0.50 sec =  244.3265 Mbps     0 retrans   7541 KB-cwnd
[2024-11-06T13:29:38.498430-0500]     8.7500 MB /   0.50 sec =  146.7995 Mbps     0 retrans   7541 KB-cwnd
[2024-11-06T13:29:38.998345-0500]     6.1250 MB /   0.50 sec =  102.7668 Mbps     0 retrans   7541 KB-cwnd
[2024-11-06T13:29:39.498608-0500]     0.5625 MB /   0.50 sec =    9.4347 Mbps     0 retrans   7541 KB-cwnd
[2024-11-06T13:29:39.998571-0500]     0.0000 MB /   0.50 sec =    0.0000 Mbps     0 retrans   7541 KB-cwnd
[2024-11-06T13:29:40.498617-0500]     0.0000 MB /   0.50 sec =    0.0000 Mbps     0 retrans   7541 KB-cwnd
[2024-11-06T13:29:40.998439-0500]     0.0000 MB /   0.50 sec =    0.0000 Mbps     0 retrans   7541 KB-cwnd
[2024-11-06T13:29:41.498867-0500]     0.0000 MB /   0.50 sec =    0.0000 Mbps     0 retrans   7541 KB-cwnd
[2024-11-06T13:29:41.998621-0500]     0.9375 MB /   0.50 sec =   15.7280 Mbps     0 retrans   7541 KB-cwnd
[2024-11-06T13:29:42.498581-0500]     0.0000 MB /   0.50 sec =    0.0000 Mbps     0 retrans   7541 KB-cwnd
[2024-11-06T13:29:42.998555-0500]     1.1875 MB /   0.50 sec =   19.9235 Mbps     0 retrans   7541 KB-cwnd
[2024-11-06T13:29:43.498415-0500]     0.0000 MB /   0.50 sec =    0.0000 Mbps     0 retrans   7541 KB-cwnd
[2024-11-06T13:29:43.998547-0500]     0.0000 MB /   0.50 sec =    0.0000 Mbps     0 retrans   7541 KB-cwnd
[2024-11-06T13:29:44.498450-0500]     0.0000 MB /   0.50 sec =    0.0000 Mbps     0 retrans   7541 KB-cwnd
[2024-11-06T13:29:44.998683-0500]     0.0000 MB /   0.50 sec =    0.0000 Mbps     0 retrans   7541 KB-cwnd
[2024-11-06T13:29:45.498566-0500]     0.6250 MB /   0.50 sec =   10.4874 Mbps     0 retrans   7541 KB-cwnd
[2024-11-06T13:29:45.998483-0500]    10.3125 MB /   0.50 sec =  173.0296 Mbps     0 retrans   7541 KB-cwnd
[2024-11-06T13:29:46.498564-0500]     0.9375 MB /   0.50 sec =   15.7267 Mbps     0 retrans   7541 KB-cwnd
[2024-11-06T13:29:46.998598-0500]     0.0000 MB /   0.50 sec =    0.0000 Mbps     0 retrans   7541 KB-cwnd
[2024-11-06T13:29:47.498454-0500]     2.3125 MB /   0.50 sec =   38.8059 Mbps     0 retrans   7541 KB-cwnd
[2024-11-06T13:29:47.998625-0500]     1.6250 MB /   0.50 sec =   27.2630 Mbps     0 retrans   7541 KB-cwnd
End time: 1730917788277
