Start time: 1730828520833
[2024-11-05T11:42:01.759858-0600] nuttcp-r: v8.1.4: socket
[2024-11-05T11:42:01.760697-0600] nuttcp-r: buflen=65536, nstream=1, port=5103 tcp
[2024-11-05T11:42:01.760748-0600] nuttcp-r: interval reporting every 0.50 seconds
[2024-11-05T11:42:01.760780-0600] nuttcp-r: connect to 54.197.223.49 with RTT=98.844 ms af=inet
[2024-11-05T11:42:01.760817-0600] nuttcp-r: send window size = 1048576, receive window size = 1048576
[2024-11-05T11:42:01.760846-0600] nuttcp-r: available send window = 786432, available receive window = 786432
[2024-11-05T11:42:01.760876-0600]     1.6250 MB /   0.50 sec =   27.2569 Mbps     0 retrans     14 KB-cwnd
[2024-11-05T11:42:02.259543-0600]     6.1250 MB /   0.50 sec =  102.7109 Mbps     0 retrans     14 KB-cwnd
[2024-11-05T11:42:02.759057-0600]     8.1250 MB /   0.50 sec =  136.3904 Mbps     0 retrans     14 KB-cwnd
[2024-11-05T11:42:03.259810-0600]     7.8125 MB /   0.50 sec =  130.9855 Mbps     0 retrans     14 KB-cwnd
[2024-11-05T11:42:03.761454-0600]     7.1875 MB /   0.50 sec =  120.2155 Mbps     0 retrans     14 KB-cwnd
[2024-11-05T11:42:04.259693-0600]    10.2500 MB /   0.50 sec =  172.4064 Mbps     0 retrans     14 KB-cwnd
[2024-11-05T11:42:04.761653-0600]     9.1250 MB /   0.50 sec =  152.7688 Mbps     0 retrans     14 KB-cwnd
[2024-11-05T11:42:05.259948-0600]     9.9375 MB /   0.50 sec =  167.1290 Mbps     0 retrans     14 KB-cwnd
[2024-11-05T11:42:05.759136-0600]     8.4375 MB /   0.50 sec =  141.6731 Mbps     0 retrans     14 KB-cwnd
[2024-11-05T11:42:06.259581-0600]    12.5625 MB /   0.50 sec =  210.7743 Mbps     0 retrans     14 KB-cwnd
[2024-11-05T11:42:06.760125-0600]    10.0000 MB /   0.50 sec =  167.6176 Mbps     0 retrans     14 KB-cwnd
[2024-11-05T11:42:07.259080-0600]     7.4375 MB /   0.50 sec =  124.8729 Mbps     0 retrans     14 KB-cwnd
[2024-11-05T11:42:07.759064-0600]     9.4375 MB /   0.50 sec =  158.3663 Mbps     0 retrans     14 KB-cwnd
[2024-11-05T11:42:08.259646-0600]    11.0625 MB /   0.50 sec =  185.3729 Mbps     0 retrans     14 KB-cwnd
[2024-11-05T11:42:08.758979-0600]     9.1875 MB /   0.50 sec =  154.3388 Mbps     0 retrans     14 KB-cwnd
[2024-11-05T11:42:09.259535-0600]     9.8125 MB /   0.50 sec =  164.6169 Mbps     0 retrans     14 KB-cwnd
[2024-11-05T11:42:09.760171-0600]    10.0000 MB /   0.50 sec =  167.4206 Mbps     0 retrans     16 KB-cwnd
[2024-11-05T11:42:10.259633-0600]    10.8750 MB /   0.50 sec =  182.8428 Mbps     0 retrans     28 KB-cwnd
[2024-11-05T11:42:10.759337-0600]    10.0625 MB /   0.50 sec =  168.7128 Mbps     0 retrans     28 KB-cwnd
[2024-11-05T11:42:11.259028-0600]     8.0000 MB /   0.50 sec =  134.3080 Mbps     0 retrans     28 KB-cwnd
[2024-11-05T11:42:11.759052-0600]     9.2500 MB /   0.50 sec =  155.1837 Mbps     0 retrans     28 KB-cwnd
[2024-11-05T11:42:12.258976-0600]     2.6875 MB /   0.50 sec =   45.0868 Mbps     0 retrans     28 KB-cwnd
[2024-11-05T11:42:12.759068-0600]     8.9375 MB /   0.50 sec =  149.9539 Mbps     0 retrans     28 KB-cwnd
[2024-11-05T11:42:13.260696-0600]     7.7500 MB /   0.50 sec =  129.7279 Mbps     0 retrans     28 KB-cwnd
[2024-11-05T11:42:13.759048-0600]    10.1250 MB /   0.50 sec =  170.2476 Mbps     0 retrans     28 KB-cwnd
[2024-11-05T11:42:14.259095-0600]     9.2500 MB /   0.50 sec =  155.1694 Mbps     0 retrans     28 KB-cwnd
[2024-11-05T11:42:14.758894-0600]    11.4375 MB /   0.50 sec =  191.9286 Mbps     0 retrans     28 KB-cwnd
[2024-11-05T11:42:15.260026-0600]     9.6875 MB /   0.50 sec =  162.3572 Mbps     0 retrans     33 KB-cwnd
[2024-11-05T11:42:15.759593-0600]    11.5625 MB /   0.50 sec =  194.1531 Mbps     0 retrans     39 KB-cwnd
[2024-11-05T11:42:16.259006-0600]     7.3125 MB /   0.50 sec =  122.7062 Mbps     0 retrans     39 KB-cwnd
[2024-11-05T11:42:16.759000-0600]     6.8125 MB /   0.50 sec =  114.2943 Mbps     0 retrans     42 KB-cwnd
[2024-11-05T11:42:17.259009-0600]     3.0625 MB /   0.50 sec =   51.3794 Mbps     0 retrans     42 KB-cwnd
[2024-11-05T11:42:17.758880-0600]     8.0000 MB /   0.50 sec =  134.2261 Mbps     0 retrans     42 KB-cwnd
[2024-11-05T11:42:18.261268-0600]     7.0625 MB /   0.50 sec =  118.0815 Mbps     0 retrans     42 KB-cwnd
[2024-11-05T11:42:18.761173-0600]     9.4375 MB /   0.50 sec =  158.3540 Mbps     0 retrans     45 KB-cwnd
[2024-11-05T11:42:19.259521-0600]     7.3750 MB /   0.50 sec =  124.1347 Mbps     0 retrans     48 KB-cwnd
[2024-11-05T11:42:19.760818-0600]     4.7500 MB /   0.50 sec =   79.4194 Mbps     0 retrans     48 KB-cwnd
[2024-11-05T11:42:20.259263-0600]     1.1250 MB /   0.50 sec =   18.9404 Mbps     0 retrans     48 KB-cwnd
[2024-11-05T11:42:20.759340-0600]     0.0000 MB /   0.50 sec =    0.0000 Mbps     0 retrans     48 KB-cwnd
[2024-11-05T11:42:21.261361-0600]     1.4375 MB /   0.50 sec =   24.0351 Mbps     0 retrans     48 KB-cwnd
[2024-11-05T11:42:21.758894-0600]     5.5000 MB /   0.50 sec =   92.6012 Mbps     0 retrans     48 KB-cwnd
[2024-11-05T11:42:22.260261-0600]     5.6875 MB /   0.50 sec =   95.1967 Mbps     0 retrans     48 KB-cwnd
[2024-11-05T11:42:22.759586-0600]     4.1250 MB /   0.50 sec =   69.3582 Mbps     0 retrans     49 KB-cwnd
[2024-11-05T11:42:23.259017-0600]     4.2500 MB /   0.50 sec =   71.3090 Mbps     0 retrans     49 KB-cwnd
[2024-11-05T11:42:23.759002-0600]     8.3125 MB /   0.50 sec =  139.4679 Mbps     0 retrans     59 KB-cwnd
[2024-11-05T11:42:24.260070-0600]     9.1250 MB /   0.50 sec =  152.9346 Mbps     0 retrans     60 KB-cwnd
[2024-11-05T11:42:24.758905-0600]    10.2500 MB /   0.50 sec =  172.1489 Mbps     0 retrans     60 KB-cwnd
[2024-11-05T11:42:25.259029-0600]     9.2500 MB /   0.50 sec =  155.1709 Mbps     0 retrans     63 KB-cwnd
[2024-11-05T11:42:25.759034-0600]     9.7500 MB /   0.50 sec =  163.5798 Mbps     0 retrans     63 KB-cwnd
[2024-11-05T11:42:26.259064-0600]     9.6250 MB /   0.50 sec =  161.4794 Mbps     0 retrans     73 KB-cwnd
[2024-11-05T11:42:26.758942-0600]    10.5625 MB /   0.50 sec =  177.2242 Mbps     0 retrans     73 KB-cwnd
[2024-11-05T11:42:27.259577-0600]     2.5000 MB /   0.50 sec =   41.9373 Mbps     0 retrans     73 KB-cwnd
[2024-11-05T11:42:27.759064-0600]     7.3125 MB /   0.50 sec =  122.6954 Mbps     0 retrans     79 KB-cwnd
[2024-11-05T11:42:28.258876-0600]     9.8125 MB /   0.50 sec =  164.6353 Mbps  1227 retrans   3252 KB-cwnd
[2024-11-05T11:42:28.760225-0600]     6.5000 MB /   0.50 sec =  108.9160 Mbps     0 retrans   3252 KB-cwnd
[2024-11-05T11:42:29.260833-0600]     2.0000 MB /   0.50 sec =   33.4764 Mbps     0 retrans   3252 KB-cwnd
[2024-11-05T11:42:29.759201-0600]     0.0000 MB /   0.50 sec =    0.0000 Mbps     0 retrans   3252 KB-cwnd
[2024-11-05T11:42:30.259102-0600]     1.9375 MB /   0.50 sec =   32.5098 Mbps     0 retrans   3252 KB-cwnd
[2024-11-05T11:42:30.759134-0600]     8.5625 MB /   0.50 sec =  143.6437 Mbps     0 retrans   3252 KB-cwnd
[2024-11-05T11:42:31.261112-0600]     7.8125 MB /   0.50 sec =  130.7128 Mbps     0 retrans   3252 KB-cwnd
[2024-11-05T11:42:31.758931-0600]     4.6875 MB /   0.50 sec =   78.8784 Mbps     0 retrans   3252 KB-cwnd
[2024-11-05T11:42:32.258957-0600]     9.0000 MB /   0.50 sec =  150.9934 Mbps     0 retrans   3252 KB-cwnd
[2024-11-05T11:42:32.759552-0600]     9.6250 MB /   0.50 sec =  161.4649 Mbps     0 retrans   3252 KB-cwnd
[2024-11-05T11:42:33.258988-0600]     9.4375 MB /   0.50 sec =  158.3426 Mbps     0 retrans   3252 KB-cwnd
[2024-11-05T11:42:33.761775-0600]     1.8750 MB /   0.50 sec =   31.2943 Mbps     0 retrans   3252 KB-cwnd
[2024-11-05T11:42:34.260549-0600]     0.0000 MB /   0.50 sec =    0.0000 Mbps     0 retrans   3252 KB-cwnd
[2024-11-05T11:42:34.758922-0600]     0.0000 MB /   0.50 sec =    0.0000 Mbps     0 retrans   3252 KB-cwnd
[2024-11-05T11:42:35.259025-0600]     8.6875 MB /   0.50 sec =  145.7247 Mbps     0 retrans   3252 KB-cwnd
[2024-11-05T11:42:35.759038-0600]    11.0625 MB /   0.50 sec =  185.6239 Mbps     0 retrans   3252 KB-cwnd
[2024-11-05T11:42:36.260389-0600]     1.4375 MB /   0.50 sec =   24.0568 Mbps     0 retrans   3252 KB-cwnd
[2024-11-05T11:42:36.758923-0600]     3.6250 MB /   0.50 sec =   60.9740 Mbps     0 retrans   3252 KB-cwnd
[2024-11-05T11:42:37.259523-0600]     7.0000 MB /   0.50 sec =  117.3302 Mbps     0 retrans   3252 KB-cwnd
[2024-11-05T11:42:37.759818-0600]     8.5000 MB /   0.50 sec =  142.5334 Mbps     0 retrans   3252 KB-cwnd
[2024-11-05T11:42:38.259054-0600]    11.2500 MB /   0.50 sec =  189.0090 Mbps     0 retrans   3252 KB-cwnd
[2024-11-05T11:42:38.758989-0600]     9.0000 MB /   0.50 sec =  150.9871 Mbps     0 retrans   3252 KB-cwnd
[2024-11-05T11:42:39.259518-0600]     8.2500 MB /   0.50 sec =  138.4162 Mbps     0 retrans   3252 KB-cwnd
[2024-11-05T11:42:39.758921-0600]     5.0625 MB /   0.50 sec =   84.9415 Mbps     0 retrans   3252 KB-cwnd
[2024-11-05T11:42:40.260276-0600]     8.0625 MB /   0.50 sec =  135.1468 Mbps  5962 retrans   3272 KB-cwnd
[2024-11-05T11:42:40.759828-0600]     9.5625 MB /   0.50 sec =  160.5631 Mbps     0 retrans   3272 KB-cwnd
[2024-11-05T11:42:41.259015-0600]    10.1250 MB /   0.50 sec =  169.8741 Mbps     0 retrans   3272 KB-cwnd
[2024-11-05T11:42:41.759161-0600]    12.0000 MB /   0.50 sec =  201.2835 Mbps     0 retrans   3291 KB-cwnd
[2024-11-05T11:42:42.259188-0600]     2.4375 MB /   0.50 sec =   40.8892 Mbps     0 retrans   3291 KB-cwnd
[2024-11-05T11:42:42.759033-0600]     9.6875 MB /   0.50 sec =  162.5820 Mbps     0 retrans   3291 KB-cwnd
[2024-11-05T11:42:43.259318-0600]    14.4375 MB /   0.50 sec =  242.2191 Mbps     0 retrans   3291 KB-cwnd
[2024-11-05T11:42:43.759401-0600]    16.6875 MB /   0.50 sec =  279.9765 Mbps  2149 retrans   3091 KB-cwnd
[2024-11-05T11:42:44.258998-0600]    14.6250 MB /   0.50 sec =  245.3580 Mbps     0 retrans   3091 KB-cwnd
[2024-11-05T11:42:44.759514-0600]    13.0625 MB /   0.50 sec =  218.9523 Mbps     0 retrans   3110 KB-cwnd
[2024-11-05T11:42:45.259480-0600]    14.0625 MB /   0.50 sec =  236.1473 Mbps     0 retrans   3110 KB-cwnd
[2024-11-05T11:42:45.758997-0600]    11.8750 MB /   0.50 sec =  199.2330 Mbps     0 retrans   3110 KB-cwnd
[2024-11-05T11:42:46.259521-0600]    13.6875 MB /   0.50 sec =  229.6391 Mbps  1227 retrans   3185 KB-cwnd
[2024-11-05T11:42:46.759574-0600]    10.5000 MB /   0.50 sec =  176.1653 Mbps     0 retrans   3185 KB-cwnd
[2024-11-05T11:42:47.260031-0600]    12.8125 MB /   0.50 sec =  214.7575 Mbps     0 retrans   1035 KB-cwnd
[2024-11-05T11:42:47.759671-0600]     9.8125 MB /   0.50 sec =  164.7728 Mbps     2 retrans   1032 KB-cwnd
[2024-11-05T11:42:48.258936-0600]    12.3125 MB /   0.50 sec =  206.5897 Mbps     1 retrans   1032 KB-cwnd
[2024-11-05T11:42:48.759458-0600]    15.5000 MB /   0.50 sec =  259.9387 Mbps     0 retrans   1032 KB-cwnd
[2024-11-05T11:42:49.259889-0600]    14.5000 MB /   0.50 sec =  243.3558 Mbps    17 retrans   3764 KB-cwnd
[2024-11-05T11:42:49.759104-0600]    11.8750 MB /   0.50 sec =  199.2163 Mbps     0 retrans   3764 KB-cwnd
[2024-11-05T11:42:50.258980-0600]     6.0000 MB /   0.50 sec =  100.6687 Mbps     0 retrans   3764 KB-cwnd
[2024-11-05T11:42:50.759031-0600]     7.4375 MB /   0.50 sec =  124.7691 Mbps     0 retrans   3764 KB-cwnd
[2024-11-05T11:42:51.260050-0600]     9.6875 MB /   0.50 sec =  162.2483 Mbps     0 retrans   3764 KB-cwnd
[2024-11-05T11:42:51.761151-0600]     3.5000 MB /   0.50 sec =   58.6395 Mbps     0 retrans   3764 KB-cwnd
[2024-11-05T11:42:52.259031-0600]     9.5000 MB /   0.50 sec =  159.8968 Mbps     0 retrans   3764 KB-cwnd
[2024-11-05T11:42:52.758977-0600]     8.2500 MB /   0.50 sec =  138.4170 Mbps     0 retrans   3764 KB-cwnd
[2024-11-05T11:42:53.258968-0600]     8.3125 MB /   0.50 sec =  139.4598 Mbps   240 retrans   4151 KB-cwnd
[2024-11-05T11:42:53.759206-0600]     6.4375 MB /   0.50 sec =  107.9699 Mbps     0 retrans   4151 KB-cwnd
[2024-11-05T11:42:54.259519-0600]     4.5625 MB /   0.50 sec =   76.5655 Mbps     0 retrans   4151 KB-cwnd
[2024-11-05T11:42:54.759061-0600]     5.3750 MB /   0.50 sec =   90.1741 Mbps     0 retrans   4151 KB-cwnd
[2024-11-05T11:42:55.259069-0600]     7.1875 MB /   0.50 sec =  120.5877 Mbps     0 retrans   4151 KB-cwnd
[2024-11-05T11:42:55.759452-0600]     7.1250 MB /   0.50 sec =  119.5403 Mbps     0 retrans   4151 KB-cwnd
[2024-11-05T11:42:56.259288-0600]     7.9375 MB /   0.50 sec =  133.1758 Mbps     0 retrans   4151 KB-cwnd
[2024-11-05T11:42:56.759912-0600]     6.0000 MB /   0.50 sec =  100.6516 Mbps     0 retrans   4151 KB-cwnd
[2024-11-05T11:42:57.259110-0600]     4.3125 MB /   0.50 sec =   72.3503 Mbps     0 retrans   4151 KB-cwnd
[2024-11-05T11:42:57.759079-0600]     8.5000 MB /   0.50 sec =  142.6152 Mbps     0 retrans   4151 KB-cwnd
[2024-11-05T11:42:58.259566-0600]     9.0000 MB /   0.50 sec =  150.9910 Mbps     0 retrans   4151 KB-cwnd
[2024-11-05T11:42:58.759143-0600]    10.1250 MB /   0.50 sec =  169.8425 Mbps   358 retrans   4799 KB-cwnd
[2024-11-05T11:42:59.258896-0600]     7.6875 MB /   0.50 sec =  129.0130 Mbps     0 retrans   4799 KB-cwnd
[2024-11-05T11:42:59.759073-0600]    11.0625 MB /   0.50 sec =  185.5646 Mbps     0 retrans   4799 KB-cwnd
[2024-11-05T11:43:00.259040-0600]     8.9375 MB /   0.50 sec =  149.9602 Mbps     0 retrans   4799 KB-cwnd
[2024-11-05T11:43:00.759477-0600]    12.0000 MB /   0.50 sec =  201.3298 Mbps     0 retrans   4799 KB-cwnd
[2024-11-05T11:43:01.259977-0600]     7.4375 MB /   0.50 sec =  124.6738 Mbps     0 retrans   4799 KB-cwnd
[2024-11-05T11:43:01.759518-0600]    12.5000 MB /   0.50 sec =  209.8806 Mbps     0 retrans   4799 KB-cwnd
[2024-11-05T11:43:02.260833-0600]     8.0000 MB /   0.50 sec =  133.8937 Mbps  1371 retrans   3300 KB-cwnd
[2024-11-05T11:43:02.759668-0600]    10.1250 MB /   0.50 sec =  170.2933 Mbps     0 retrans   3300 KB-cwnd
[2024-11-05T11:43:03.259104-0600]     7.9375 MB /   0.50 sec =  133.1577 Mbps     0 retrans   3300 KB-cwnd
[2024-11-05T11:43:03.759517-0600]     9.7500 MB /   0.50 sec =  163.4510 Mbps     0 retrans   3300 KB-cwnd
[2024-11-05T11:43:04.259726-0600]    14.6250 MB /   0.50 sec =  245.4984 Mbps     0 retrans   3300 KB-cwnd
[2024-11-05T11:43:04.759435-0600]    12.1875 MB /   0.50 sec =  204.5378 Mbps     0 retrans   3300 KB-cwnd
[2024-11-05T11:43:05.259574-0600]     9.1250 MB /   0.50 sec =  152.9242 Mbps     0 retrans   3300 KB-cwnd
[2024-11-05T11:43:05.759093-0600]     7.0000 MB /   0.50 sec =  117.5432 Mbps   608 retrans   2797 KB-cwnd
[2024-11-05T11:43:06.258997-0600]     0.0000 MB /   0.50 sec =    0.0000 Mbps     0 retrans   2797 KB-cwnd
[2024-11-05T11:43:06.760740-0600]     0.0000 MB /   0.50 sec =    0.0000 Mbps     0 retrans   2797 KB-cwnd
[2024-11-05T11:43:07.259051-0600]     6.0000 MB /   0.50 sec =  100.9619 Mbps     0 retrans   2797 KB-cwnd
[2024-11-05T11:43:07.760823-0600]     6.4375 MB /   0.50 sec =  107.7364 Mbps     0 retrans   2797 KB-cwnd
[2024-11-05T11:43:08.259045-0600]     4.6250 MB /   0.50 sec =   77.7875 Mbps     0 retrans   2797 KB-cwnd
[2024-11-05T11:43:08.759597-0600]     7.3125 MB /   0.50 sec =  122.6844 Mbps     0 retrans   2797 KB-cwnd
[2024-11-05T11:43:09.260192-0600]     6.8750 MB /   0.50 sec =  115.2189 Mbps     0 retrans   2797 KB-cwnd
[2024-11-05T11:43:09.759087-0600]     8.3750 MB /   0.50 sec =  140.6518 Mbps     0 retrans   2797 KB-cwnd
[2024-11-05T11:43:10.259079-0600]     7.1875 MB /   0.50 sec =  120.5911 Mbps     0 retrans   2797 KB-cwnd
[2024-11-05T11:43:10.759334-0600]     6.8750 MB /   0.50 sec =  115.3376 Mbps     0 retrans   2797 KB-cwnd
[2024-11-05T11:43:11.258929-0600]     6.6875 MB /   0.50 sec =  112.2151 Mbps     0 retrans   2797 KB-cwnd
[2024-11-05T11:43:11.760223-0600]     8.6250 MB /   0.50 sec =  144.5139 Mbps     9 retrans   3591 KB-cwnd
[2024-11-05T11:43:12.259470-0600]     0.0000 MB /   0.50 sec =    0.0000 Mbps     0 retrans   3591 KB-cwnd
[2024-11-05T11:43:12.759484-0600]     0.0000 MB /   0.50 sec =    0.0000 Mbps     0 retrans   3591 KB-cwnd
[2024-11-05T11:43:13.260121-0600]     0.2500 MB /   0.50 sec =    4.1906 Mbps     0 retrans   3591 KB-cwnd
[2024-11-05T11:43:13.759013-0600]     5.0000 MB /   0.50 sec =   83.9722 Mbps     0 retrans   3591 KB-cwnd
[2024-11-05T11:43:14.259591-0600]     9.0625 MB /   0.50 sec =  152.0502 Mbps     0 retrans   3591 KB-cwnd
[2024-11-05T11:43:14.758961-0600]     7.6250 MB /   0.50 sec =  127.9339 Mbps     0 retrans   3591 KB-cwnd
[2024-11-05T11:43:15.262880-0600]     0.1250 MB /   0.50 sec =    2.0834 Mbps     0 retrans   3591 KB-cwnd
[2024-11-05T11:43:15.759465-0600]     0.0000 MB /   0.50 sec =    0.0000 Mbps     0 retrans   3591 KB-cwnd
[2024-11-05T11:43:16.259115-0600]     0.9375 MB /   0.50 sec =   15.7253 Mbps     0 retrans   3591 KB-cwnd
[2024-11-05T11:43:16.760168-0600]     7.5000 MB /   0.50 sec =  125.5845 Mbps     0 retrans   3591 KB-cwnd
[2024-11-05T11:43:17.259041-0600]    10.7500 MB /   0.50 sec =  180.7535 Mbps     0 retrans   3591 KB-cwnd
[2024-11-05T11:43:17.759058-0600]     1.7500 MB /   0.50 sec =   29.3598 Mbps     0 retrans   3591 KB-cwnd
[2024-11-05T11:43:18.259071-0600]     0.0000 MB /   0.50 sec =    0.0000 Mbps     0 retrans   3591 KB-cwnd
[2024-11-05T11:43:18.759241-0600]     0.3125 MB /   0.50 sec =    5.2432 Mbps     0 retrans   3591 KB-cwnd
[2024-11-05T11:43:19.261522-0600]     4.3750 MB /   0.50 sec =   73.1283 Mbps     0 retrans   3591 KB-cwnd
[2024-11-05T11:43:19.759287-0600]     7.6875 MB /   0.50 sec =  129.4473 Mbps     0 retrans   3591 KB-cwnd
[2024-11-05T11:43:20.259612-0600]     8.1250 MB /   0.50 sec =  136.3048 Mbps     0 retrans   3591 KB-cwnd
[2024-11-05T11:43:20.759096-0600]     8.6250 MB /   0.50 sec =  144.7044 Mbps   535 retrans   2623 KB-cwnd
[2024-11-05T11:43:21.259588-0600]     0.9375 MB /   0.50 sec =   15.7301 Mbps     0 retrans   2794 KB-cwnd
[2024-11-05T11:43:21.759098-0600]     3.5000 MB /   0.50 sec =   58.7172 Mbps     0 retrans   2794 KB-cwnd
[2024-11-05T11:43:22.259047-0600]     2.4375 MB /   0.50 sec =   40.8963 Mbps     0 retrans   2794 KB-cwnd
[2024-11-05T11:43:22.759035-0600]     5.2500 MB /   0.50 sec =   88.0839 Mbps     0 retrans   2794 KB-cwnd
[2024-11-05T11:43:23.259058-0600]     4.9375 MB /   0.50 sec =   82.8340 Mbps     0 retrans   2794 KB-cwnd
[2024-11-05T11:43:23.759141-0600]     5.8750 MB /   0.50 sec =   98.5585 Mbps     0 retrans   2794 KB-cwnd
[2024-11-05T11:43:24.259060-0600]     5.6250 MB /   0.50 sec =   94.3798 Mbps     0 retrans   2794 KB-cwnd
[2024-11-05T11:43:24.759026-0600]     5.0000 MB /   0.50 sec =   83.8889 Mbps     0 retrans   2794 KB-cwnd
[2024-11-05T11:43:25.258958-0600]     3.6875 MB /   0.50 sec =   61.8678 Mbps     0 retrans   2794 KB-cwnd
[2024-11-05T11:43:25.759075-0600]     1.6875 MB /   0.50 sec =   28.3110 Mbps     0 retrans   2794 KB-cwnd
[2024-11-05T11:43:26.259465-0600]     0.0000 MB /   0.50 sec =    0.0000 Mbps     0 retrans   2794 KB-cwnd
[2024-11-05T11:43:26.760332-0600]     0.0625 MB /   0.50 sec =    1.0466 Mbps     0 retrans   2794 KB-cwnd
[2024-11-05T11:43:27.259063-0600]     0.4375 MB /   0.50 sec =    7.3570 Mbps     0 retrans   2794 KB-cwnd
[2024-11-05T11:43:27.759005-0600]     0.9375 MB /   0.50 sec =   15.7302 Mbps     0 retrans   2794 KB-cwnd
[2024-11-05T11:43:28.259015-0600]     1.2500 MB /   0.50 sec =   20.9719 Mbps     0 retrans   2794 KB-cwnd
[2024-11-05T11:43:28.760133-0600]     1.8750 MB /   0.50 sec =   31.4208 Mbps     0 retrans   2794 KB-cwnd
[2024-11-05T11:43:29.259476-0600]     2.4375 MB /   0.50 sec =   40.9055 Mbps     0 retrans   2794 KB-cwnd
[2024-11-05T11:43:29.760879-0600]     1.2500 MB /   0.50 sec =   20.9203 Mbps     0 retrans   2794 KB-cwnd
[2024-11-05T11:43:30.260608-0600]     0.0000 MB /   0.50 sec =    0.0000 Mbps     0 retrans   2794 KB-cwnd
[2024-11-05T11:43:30.759259-0600]     0.0000 MB /   0.50 sec =    0.0000 Mbps     0 retrans   2794 KB-cwnd
[2024-11-05T11:43:31.259060-0600]     0.0000 MB /   0.50 sec =    0.0000 Mbps     0 retrans   2794 KB-cwnd
[2024-11-05T11:43:31.759132-0600]     0.0625 MB /   0.50 sec =    1.0485 Mbps     0 retrans   2794 KB-cwnd
[2024-11-05T11:43:32.259333-0600]     1.3125 MB /   0.50 sec =   22.0211 Mbps     0 retrans   2794 KB-cwnd
[2024-11-05T11:43:32.758923-0600]     1.6875 MB /   0.50 sec =   28.3165 Mbps     0 retrans   2794 KB-cwnd
[2024-11-05T11:43:33.261379-0600]     2.9375 MB /   0.50 sec =   49.1594 Mbps     0 retrans   2794 KB-cwnd
[2024-11-05T11:43:33.759078-0600]     4.1875 MB /   0.50 sec =   70.4194 Mbps     0 retrans   2794 KB-cwnd
[2024-11-05T11:43:34.259889-0600]     4.8750 MB /   0.50 sec =   81.7219 Mbps     0 retrans   2794 KB-cwnd
[2024-11-05T11:43:34.759043-0600]     4.7500 MB /   0.50 sec =   79.7473 Mbps    14 retrans   2556 KB-cwnd
[2024-11-05T11:43:35.259298-0600]     4.1875 MB /   0.50 sec =   70.2380 Mbps     0 retrans   2556 KB-cwnd
[2024-11-05T11:43:35.759647-0600]     4.3750 MB /   0.50 sec =   73.3958 Mbps     0 retrans   2556 KB-cwnd
[2024-11-05T11:43:36.259387-0600]     7.7500 MB /   0.50 sec =  130.0937 Mbps     0 retrans   2556 KB-cwnd
[2024-11-05T11:43:36.759641-0600]     8.9375 MB /   0.50 sec =  149.9470 Mbps     0 retrans   2556 KB-cwnd
[2024-11-05T11:43:37.259064-0600]     8.8125 MB /   0.50 sec =  147.8205 Mbps     0 retrans   2556 KB-cwnd
[2024-11-05T11:43:37.758962-0600]    12.5625 MB /   0.50 sec =  210.7950 Mbps     0 retrans   2556 KB-cwnd
[2024-11-05T11:43:38.260144-0600]     6.9375 MB /   0.50 sec =  116.2422 Mbps     0 retrans   2556 KB-cwnd
[2024-11-05T11:43:38.759619-0600]    12.6875 MB /   0.50 sec =  212.9171 Mbps     0 retrans   2556 KB-cwnd
[2024-11-05T11:43:39.258891-0600]    10.5000 MB /   0.50 sec =  176.3625 Mbps  4142 retrans   3229 KB-cwnd
[2024-11-05T11:43:39.759024-0600]    12.5625 MB /   0.50 sec =  210.7486 Mbps     0 retrans   3229 KB-cwnd
[2024-11-05T11:43:40.259241-0600]    12.5625 MB /   0.50 sec =  210.7781 Mbps     0 retrans   3229 KB-cwnd
[2024-11-05T11:43:40.759065-0600]     9.8750 MB /   0.50 sec =  165.6512 Mbps     0 retrans   3229 KB-cwnd
[2024-11-05T11:43:41.258970-0600]    11.3750 MB /   0.50 sec =  190.8374 Mbps     0 retrans   3229 KB-cwnd
[2024-11-05T11:43:41.761391-0600]     7.8125 MB /   0.50 sec =  130.6104 Mbps     0 retrans   3229 KB-cwnd
[2024-11-05T11:43:42.261611-0600]     3.7500 MB /   0.50 sec =   62.9702 Mbps     0 retrans   3229 KB-cwnd
[2024-11-05T11:43:42.759497-0600]     8.1875 MB /   0.50 sec =  137.6216 Mbps  3588 retrans   1599 KB-cwnd
[2024-11-05T11:43:43.259293-0600]    11.1875 MB /   0.50 sec =  187.8300 Mbps     0 retrans   1603 KB-cwnd
[2024-11-05T11:43:43.759101-0600]     9.5000 MB /   0.50 sec =  159.3915 Mbps     0 retrans   1701 KB-cwnd
[2024-11-05T11:43:44.259027-0600]     9.7500 MB /   0.50 sec =  163.5959 Mbps     0 retrans   1713 KB-cwnd
[2024-11-05T11:43:44.759319-0600]     5.3125 MB /   0.50 sec =   89.0632 Mbps     0 retrans   1713 KB-cwnd
[2024-11-05T11:43:45.258907-0600]    10.1875 MB /   0.50 sec =  171.0544 Mbps     0 retrans   1744 KB-cwnd
[2024-11-05T11:43:45.759372-0600]    12.2500 MB /   0.50 sec =  205.3525 Mbps     0 retrans   1756 KB-cwnd
[2024-11-05T11:43:46.259093-0600]     3.1250 MB /   0.50 sec =   52.4649 Mbps     0 retrans   1756 KB-cwnd
[2024-11-05T11:43:46.759041-0600]     5.6875 MB /   0.50 sec =   95.4258 Mbps     0 retrans   1756 KB-cwnd
[2024-11-05T11:43:47.259062-0600]     3.5625 MB /   0.50 sec =   59.7660 Mbps  2228 retrans   3761 KB-cwnd
[2024-11-05T11:43:47.759065-0600]     8.1875 MB /   0.50 sec =  137.3445 Mbps     0 retrans   3761 KB-cwnd
[2024-11-05T11:43:48.259250-0600]    10.1250 MB /   0.50 sec =  169.8883 Mbps     0 retrans   3761 KB-cwnd
[2024-11-05T11:43:48.759066-0600]    11.4375 MB /   0.50 sec =  191.8741 Mbps     0 retrans   3761 KB-cwnd
[2024-11-05T11:43:49.259564-0600]    11.8750 MB /   0.50 sec =  199.2318 Mbps     0 retrans   3761 KB-cwnd
[2024-11-05T11:43:49.759017-0600]    10.8125 MB /   0.50 sec =  181.3993 Mbps     0 retrans   4015 KB-cwnd
[2024-11-05T11:43:50.261384-0600]     9.0625 MB /   0.50 sec =  151.5443 Mbps     0 retrans   4030 KB-cwnd
[2024-11-05T11:43:50.759026-0600]     8.3750 MB /   0.50 sec =  141.0069 Mbps   439 retrans   3011 KB-cwnd
[2024-11-05T11:43:51.259102-0600]    10.2500 MB /   0.50 sec =  171.9359 Mbps     0 retrans   3011 KB-cwnd
[2024-11-05T11:43:51.760364-0600]    10.6250 MB /   0.50 sec =  178.0991 Mbps     0 retrans   1289 KB-cwnd
[2024-11-05T11:43:52.259456-0600]     7.0000 MB /   0.50 sec =  117.4995 Mbps     0 retrans   1289 KB-cwnd
[2024-11-05T11:43:52.760765-0600]     8.5625 MB /   0.50 sec =  143.3739 Mbps     1 retrans   1289 KB-cwnd
[2024-11-05T11:43:53.259022-0600]     0.0000 MB /   0.50 sec =    0.0000 Mbps     0 retrans   1289 KB-cwnd
[2024-11-05T11:43:53.759066-0600]     1.0000 MB /   0.50 sec =   16.7764 Mbps     0 retrans   1289 KB-cwnd
[2024-11-05T11:43:54.259052-0600]     8.4375 MB /   0.50 sec =  141.5589 Mbps     0 retrans   1289 KB-cwnd
[2024-11-05T11:43:54.759029-0600]     7.3750 MB /   0.50 sec =  123.7330 Mbps     0 retrans   1289 KB-cwnd
[2024-11-05T11:43:55.259063-0600]     9.3125 MB /   0.50 sec =  156.2469 Mbps     0 retrans   1289 KB-cwnd
[2024-11-05T11:43:55.761662-0600]    12.6875 MB /   0.50 sec =  212.0332 Mbps  2653 retrans   2932 KB-cwnd
[2024-11-05T11:43:56.258941-0600]    11.1875 MB /   0.50 sec =  188.4285 Mbps     0 retrans   2932 KB-cwnd
[2024-11-05T11:43:56.759240-0600]     9.2500 MB /   0.50 sec =  155.1896 Mbps     0 retrans   2932 KB-cwnd
[2024-11-05T11:43:57.258937-0600]     3.6250 MB /   0.50 sec =   60.8189 Mbps     0 retrans   2932 KB-cwnd
[2024-11-05T11:43:57.761318-0600]     5.7500 MB /   0.50 sec =   96.1289 Mbps     0 retrans   2932 KB-cwnd
[2024-11-05T11:43:58.259416-0600]     0.0000 MB /   0.50 sec =    0.0000 Mbps     0 retrans   2932 KB-cwnd
[2024-11-05T11:43:58.760777-0600]     0.0000 MB /   0.50 sec =    0.0000 Mbps     0 retrans   2932 KB-cwnd
[2024-11-05T11:43:59.259100-0600]     0.0000 MB /   0.50 sec =    0.0000 Mbps     0 retrans   2932 KB-cwnd
[2024-11-05T11:43:59.758919-0600]     4.8125 MB /   0.50 sec =   80.7502 Mbps     0 retrans   2932 KB-cwnd
[2024-11-05T11:44:00.260481-0600]     9.6250 MB /   0.50 sec =  161.3046 Mbps     2 retrans   1548 KB-cwnd
[2024-11-05T11:44:00.759103-0600]     5.7500 MB /   0.50 sec =   96.5681 Mbps     0 retrans   1548 KB-cwnd
[2024-11-05T11:44:01.259067-0600]     8.8750 MB /   0.50 sec =  148.8915 Mbps     0 retrans   1548 KB-cwnd
[2024-11-05T11:44:01.759080-0600]     9.1250 MB /   0.50 sec =  153.0982 Mbps   723 retrans   1947 KB-cwnd
End time: 1730828641957
